status file for recon-all
Fri Mar 13 07:29:15 CET 2026
#@# Tessellate lh Fri Mar 13 07:29:15 CET 2026
#@# Smooth1 lh Fri Mar 13 07:29:19 CET 2026
#@# Inflation1 lh Fri Mar 13 07:29:22 CET 2026
#@# QSphere lh Fri Mar 13 07:29:35 CET 2026
#@# Fix Topology lh Fri Mar 13 07:31:14 CET 2026
#@# Smooth2 lh Fri Mar 13 07:37:11 CET 2026
#@# Inflation2 lh Fri Mar 13 07:37:13 CET 2026
#@# Curv .H and .K lh Fri Mar 13 07:37:28 CET 2026
#@# Sphere lh Fri Mar 13 07:38:15 CET 2026
#@# Surf Reg lh Fri Mar 13 07:40:31 CET 2026
#@# Jacobian white lh Fri Mar 13 07:44:13 CET 2026
#@# AvgCurv lh Fri Mar 13 07:44:14 CET 2026
#@# Cortical Parc lh Fri Mar 13 07:44:15 CET 2026
#@# white curv lh Fri Mar 13 07:50:31 CET 2026
#@# white area lh Fri Mar 13 07:50:33 CET 2026
#@# pial curv lh Fri Mar 13 07:50:34 CET 2026
#@# pial area lh Fri Mar 13 07:50:36 CET 2026
#@# thickness lh Fri Mar 13 07:50:37 CET 2026
#@# area and vertex vol lh Fri Mar 13 07:51:06 CET 2026
#@# Curvature Stats lh Fri Mar 13 07:51:07 CET 2026
#@# Cortical Parc 2 lh Fri Mar 13 07:51:10 CET 2026
#@# Cortical Parc 3 lh Fri Mar 13 07:51:22 CET 2026
#@# WM/GM Contrast lh Fri Mar 13 07:51:32 CET 2026
recon-all -s sub-v2s4x29619_ses-1 finished without error at Fri Mar 13 07:51:35 CET 2026



#New# invocation of recon-all 



status file for recon-all
Fri Mar 13 08:20:03 CET 2026
#@# white curv lh Fri Mar 13 08:20:03 CET 2026
#@# white area lh Fri Mar 13 08:20:03 CET 2026
#@# pial curv lh Fri Mar 13 08:20:03 CET 2026
#@# pial area lh Fri Mar 13 08:20:03 CET 2026
#@# thickness lh Fri Mar 13 08:20:03 CET 2026
#@# area and vertex vol lh Fri Mar 13 08:20:03 CET 2026
#@# Parcellation Stats lh Fri Mar 13 08:20:03 CET 2026
#@# Parcellation Stats 2 lh Fri Mar 13 08:20:20 CET 2026
#@# Parcellation Stats 3 lh Fri Mar 13 08:20:29 CET 2026
#@# BA_exvivo Labels lh Fri Mar 13 08:20:38 CET 2026
recon-all -s sub-v2s4x29619_ses-1 finished without error at Fri Mar 13 08:23:16 CET 2026
