status file for recon-all
Fri Mar 13 07:51:37 CET 2026
#@# Tessellate rh Fri Mar 13 07:51:37 CET 2026
#@# Smooth1 rh Fri Mar 13 07:51:40 CET 2026
#@# Inflation1 rh Fri Mar 13 07:51:43 CET 2026
#@# QSphere rh Fri Mar 13 07:52:00 CET 2026
#@# Fix Topology rh Fri Mar 13 07:53:18 CET 2026
#@# Smooth2 rh Fri Mar 13 07:59:16 CET 2026
#@# Inflation2 rh Fri Mar 13 07:59:19 CET 2026
#@# Curv .H and .K rh Fri Mar 13 07:59:35 CET 2026
#@# Sphere rh Fri Mar 13 08:00:18 CET 2026
#@# Surf Reg rh Fri Mar 13 08:02:55 CET 2026
#@# Jacobian white rh Fri Mar 13 08:07:39 CET 2026
#@# AvgCurv rh Fri Mar 13 08:07:40 CET 2026
#@# Cortical Parc rh Fri Mar 13 08:07:41 CET 2026
#@# white curv rh Fri Mar 13 08:13:55 CET 2026
#@# white area rh Fri Mar 13 08:13:56 CET 2026
#@# pial curv rh Fri Mar 13 08:13:57 CET 2026
#@# pial area rh Fri Mar 13 08:13:59 CET 2026
#@# thickness rh Fri Mar 13 08:14:00 CET 2026
#@# area and vertex vol rh Fri Mar 13 08:14:27 CET 2026
#@# Curvature Stats rh Fri Mar 13 08:14:29 CET 2026
#@# Cortical Parc 2 rh Fri Mar 13 08:14:31 CET 2026
#@# Cortical Parc 3 rh Fri Mar 13 08:14:43 CET 2026
#@# WM/GM Contrast rh Fri Mar 13 08:14:53 CET 2026
recon-all -s sub-v2s4x29619_ses-1 finished without error at Fri Mar 13 08:14:56 CET 2026



#New# invocation of recon-all 



status file for recon-all
Fri Mar 13 08:23:20 CET 2026
#@# white curv rh Fri Mar 13 08:23:20 CET 2026
#@# white area rh Fri Mar 13 08:23:21 CET 2026
#@# pial curv rh Fri Mar 13 08:23:21 CET 2026
#@# pial area rh Fri Mar 13 08:23:21 CET 2026
#@# thickness rh Fri Mar 13 08:23:21 CET 2026
#@# area and vertex vol rh Fri Mar 13 08:23:21 CET 2026
#@# Parcellation Stats rh Fri Mar 13 08:23:21 CET 2026
#@# Parcellation Stats 2 rh Fri Mar 13 08:23:38 CET 2026
#@# Parcellation Stats 3 rh Fri Mar 13 08:23:48 CET 2026
#@# BA_exvivo Labels rh Fri Mar 13 08:23:56 CET 2026
recon-all -s sub-v2s4x29619_ses-1 finished without error at Fri Mar 13 08:26:35 CET 2026
