status file for recon-all
Fri Mar 13 03:34:25 CET 2026
#@# MotionCor Fri Mar 13 03:34:27 CET 2026
#@# Talairach Fri Mar 13 03:34:34 CET 2026
#@# Talairach Failure Detection Fri Mar 13 03:38:59 CET 2026
#@# Nu Intensity Correction Fri Mar 13 03:38:59 CET 2026
#@# Intensity Normalization Fri Mar 13 03:42:13 CET 2026
recon-all -s sub-v2s4x29581_ses-1 finished without error at Fri Mar 13 03:43:48 CET 2026



#New# invocation of recon-all 



status file for recon-all
Fri Mar 13 03:50:56 CET 2026
#@# EM Registration Fri Mar 13 03:50:56 CET 2026
recon-all -s sub-v2s4x29581_ses-1 finished without error at Fri Mar 13 03:52:48 CET 2026



#New# invocation of recon-all 



status file for recon-all
Fri Mar 13 03:52:50 CET 2026
#@# CA Normalize Fri Mar 13 03:52:50 CET 2026
#@# CA Reg Fri Mar 13 03:54:10 CET 2026
#@# SubCort Seg Fri Mar 13 04:36:04 CET 2026
#@# CC Seg Fri Mar 13 05:13:00 CET 2026
#@# Merge ASeg Fri Mar 13 05:13:36 CET 2026
#@# Intensity Normalization2 Fri Mar 13 05:13:36 CET 2026
#@# Mask BFS Fri Mar 13 05:15:59 CET 2026
#@# WM Segmentation Fri Mar 13 05:16:00 CET 2026
#@# Fill Fri Mar 13 05:18:04 CET 2026
recon-all -s sub-v2s4x29581_ses-1 finished without error at Fri Mar 13 05:19:08 CET 2026



#New# invocation of recon-all 



status file for recon-all
Fri Mar 13 05:57:57 CET 2026
#@# white curv lh Fri Mar 13 05:57:57 CET 2026
#@# white area lh Fri Mar 13 05:57:57 CET 2026
#@# pial curv lh Fri Mar 13 05:57:57 CET 2026
#@# pial area lh Fri Mar 13 05:57:57 CET 2026
#@# thickness lh Fri Mar 13 05:57:57 CET 2026
#@# area and vertex vol lh Fri Mar 13 05:57:57 CET 2026
#@# white curv rh Fri Mar 13 05:57:57 CET 2026
#@# white area rh Fri Mar 13 05:57:57 CET 2026
#@# pial curv rh Fri Mar 13 05:57:57 CET 2026
#@# pial area rh Fri Mar 13 05:57:57 CET 2026
#@# thickness rh Fri Mar 13 05:57:57 CET 2026
#@# area and vertex vol rh Fri Mar 13 05:57:57 CET 2026
#@# Cortical ribbon mask Fri Mar 13 05:57:57 CET 2026
recon-all -s sub-v2s4x29581_ses-1 finished without error at Fri Mar 13 06:02:16 CET 2026



#New# invocation of recon-all 



status file for recon-all
Fri Mar 13 06:08:16 CET 2026
#@# white curv lh Fri Mar 13 06:08:16 CET 2026
#@# white area lh Fri Mar 13 06:08:16 CET 2026
#@# pial curv lh Fri Mar 13 06:08:16 CET 2026
#@# pial area lh Fri Mar 13 06:08:16 CET 2026
#@# thickness lh Fri Mar 13 06:08:16 CET 2026
#@# area and vertex vol lh Fri Mar 13 06:08:16 CET 2026
#@# white curv rh Fri Mar 13 06:08:16 CET 2026
#@# white area rh Fri Mar 13 06:08:16 CET 2026
#@# pial curv rh Fri Mar 13 06:08:16 CET 2026
#@# pial area rh Fri Mar 13 06:08:16 CET 2026
#@# thickness rh Fri Mar 13 06:08:16 CET 2026
#@# area and vertex vol rh Fri Mar 13 06:08:16 CET 2026
#@# Curvature Stats lh Fri Mar 13 06:08:16 CET 2026
#@# Curvature Stats rh Fri Mar 13 06:08:18 CET 2026
#@# Relabel Hypointensities Fri Mar 13 06:08:20 CET 2026
#@# APas-to-ASeg Fri Mar 13 06:08:34 CET 2026
#@# AParc-to-ASeg aparc Fri Mar 13 06:08:41 CET 2026
#@# AParc-to-ASeg aparc.a2009s Fri Mar 13 06:09:11 CET 2026
#@# AParc-to-ASeg aparc.DKTatlas Fri Mar 13 06:09:40 CET 2026
#@# WMParc Fri Mar 13 06:10:09 CET 2026
#@# ASeg Stats Fri Mar 13 06:14:19 CET 2026
recon-all -s sub-v2s4x29581_ses-1 finished without error at Fri Mar 13 06:15:00 CET 2026
