status file for recon-all
Fri Mar 13 05:35:38 CET 2026
#@# Tessellate rh Fri Mar 13 05:35:38 CET 2026
#@# Smooth1 rh Fri Mar 13 05:35:41 CET 2026
#@# Inflation1 rh Fri Mar 13 05:35:43 CET 2026
#@# QSphere rh Fri Mar 13 05:36:00 CET 2026
#@# Fix Topology rh Fri Mar 13 05:37:58 CET 2026
#@# Smooth2 rh Fri Mar 13 05:41:41 CET 2026
#@# Inflation2 rh Fri Mar 13 05:41:42 CET 2026
#@# Curv .H and .K rh Fri Mar 13 05:41:58 CET 2026
#@# Sphere rh Fri Mar 13 05:42:31 CET 2026
#@# Surf Reg rh Fri Mar 13 05:45:13 CET 2026
#@# Jacobian white rh Fri Mar 13 05:49:54 CET 2026
#@# AvgCurv rh Fri Mar 13 05:49:54 CET 2026
#@# Cortical Parc rh Fri Mar 13 05:49:55 CET 2026
#@# white curv rh Fri Mar 13 05:54:29 CET 2026
#@# white area rh Fri Mar 13 05:54:31 CET 2026
#@# pial curv rh Fri Mar 13 05:54:32 CET 2026
#@# pial area rh Fri Mar 13 05:54:33 CET 2026
#@# thickness rh Fri Mar 13 05:54:34 CET 2026
#@# area and vertex vol rh Fri Mar 13 05:54:50 CET 2026
#@# Curvature Stats rh Fri Mar 13 05:54:51 CET 2026
#@# Cortical Parc 2 rh Fri Mar 13 05:54:52 CET 2026
#@# Cortical Parc 3 rh Fri Mar 13 05:55:02 CET 2026
#@# WM/GM Contrast rh Fri Mar 13 05:55:08 CET 2026
recon-all -s sub-v2s4x29584_ses-1 finished without error at Fri Mar 13 05:55:11 CET 2026



#New# invocation of recon-all 



status file for recon-all
Fri Mar 13 06:00:59 CET 2026
#@# white curv rh Fri Mar 13 06:00:59 CET 2026
#@# white area rh Fri Mar 13 06:00:59 CET 2026
#@# pial curv rh Fri Mar 13 06:00:59 CET 2026
#@# pial area rh Fri Mar 13 06:00:59 CET 2026
#@# thickness rh Fri Mar 13 06:00:59 CET 2026
#@# area and vertex vol rh Fri Mar 13 06:00:59 CET 2026
#@# Parcellation Stats rh Fri Mar 13 06:00:59 CET 2026
#@# Parcellation Stats 2 rh Fri Mar 13 06:01:12 CET 2026
#@# Parcellation Stats 3 rh Fri Mar 13 06:01:18 CET 2026
#@# BA_exvivo Labels rh Fri Mar 13 06:01:25 CET 2026
recon-all -s sub-v2s4x29584_ses-1 finished without error at Fri Mar 13 06:03:25 CET 2026
