status file for recon-all
Fri Mar 13 05:05:21 CET 2026
#@# Tessellate lh Fri Mar 13 05:05:21 CET 2026
#@# Smooth1 lh Fri Mar 13 05:05:24 CET 2026
#@# Inflation1 lh Fri Mar 13 05:05:26 CET 2026
#@# QSphere lh Fri Mar 13 05:05:38 CET 2026
#@# Fix Topology lh Fri Mar 13 05:06:34 CET 2026
#@# Smooth2 lh Fri Mar 13 05:09:55 CET 2026
#@# Inflation2 lh Fri Mar 13 05:09:58 CET 2026
#@# Curv .H and .K lh Fri Mar 13 05:10:10 CET 2026
#@# Sphere lh Fri Mar 13 05:10:44 CET 2026
#@# Surf Reg lh Fri Mar 13 05:16:56 CET 2026
#@# Jacobian white lh Fri Mar 13 05:30:00 CET 2026
#@# AvgCurv lh Fri Mar 13 05:30:01 CET 2026
#@# Cortical Parc lh Fri Mar 13 05:30:01 CET 2026
#@# white curv lh Fri Mar 13 05:34:52 CET 2026
#@# white area lh Fri Mar 13 05:34:54 CET 2026
#@# pial curv lh Fri Mar 13 05:34:55 CET 2026
#@# pial area lh Fri Mar 13 05:34:56 CET 2026
#@# thickness lh Fri Mar 13 05:34:57 CET 2026
#@# area and vertex vol lh Fri Mar 13 05:35:13 CET 2026
#@# Curvature Stats lh Fri Mar 13 05:35:14 CET 2026
#@# Cortical Parc 2 lh Fri Mar 13 05:35:16 CET 2026
#@# Cortical Parc 3 lh Fri Mar 13 05:35:26 CET 2026
#@# WM/GM Contrast lh Fri Mar 13 05:35:33 CET 2026
recon-all -s sub-v2s4x29584_ses-1 finished without error at Fri Mar 13 05:35:36 CET 2026



#New# invocation of recon-all 



status file for recon-all
Fri Mar 13 05:58:33 CET 2026
#@# white curv lh Fri Mar 13 05:58:33 CET 2026
#@# white area lh Fri Mar 13 05:58:34 CET 2026
#@# pial curv lh Fri Mar 13 05:58:34 CET 2026
#@# pial area lh Fri Mar 13 05:58:34 CET 2026
#@# thickness lh Fri Mar 13 05:58:34 CET 2026
#@# area and vertex vol lh Fri Mar 13 05:58:34 CET 2026
#@# Parcellation Stats lh Fri Mar 13 05:58:34 CET 2026
#@# Parcellation Stats 2 lh Fri Mar 13 05:58:46 CET 2026
#@# Parcellation Stats 3 lh Fri Mar 13 05:58:52 CET 2026
#@# BA_exvivo Labels lh Fri Mar 13 05:58:59 CET 2026
recon-all -s sub-v2s4x29584_ses-1 finished without error at Fri Mar 13 06:00:56 CET 2026
