/out/sourcedata/freesurfer/sub-v2s4x29594_ses-1/mri
/opt/freesurfer/bin/talairach_avi
--i orig_nu.mgz --xfm transforms/talairach.auto.xfm
talairach_avi 7.3.2
Linux dna069 5.14.0-427.37.1.el9_4.x86_64 #1 SMP PREEMPT_DYNAMIC Fri Sep 13 12:41:50 EDT 2024 x86_64 x86_64 x86_64 GNU/Linux
Fri Mar 13 04:01:31 CET 2026
mri_convert orig_nu.mgz talsrcimg.img 
reading from orig_nu.mgz...
TR=0.00, TE=0.00, TI=0.00, flip angle=0.00
i_ras = (-1, -2.2701e-09, 0)
j_ras = (0, 1.86265e-09, -1)
k_ras = (2.91038e-10, 1, 0)
writing to talsrcimg.img...
Analyze Output Matrix
-1.00000   0.00000   0.00000   128.33899;
-0.00000   0.00000   1.00000  -130.04544;
 0.00000  -1.00000   0.00000   141.31850;
 0.00000   0.00000   0.00000   1.00000;
--------------------
INFO: set hdr.hist.orient to -1
mpr2mni305 talsrcimg
Fri Mar 13 04:01:31 CET 2026
/opt/freesurfer/bin/mpr2mni305 talsrcimg
mpr2mni305 7.3.2
target=711-2C_as_mni_average_305

---------------------------------------------------------------------
analyzeto4dfp talsrcimg -O0 -y
---------------------------------------------------------------------

freesurfer ifh2hdr.c
Fri Mar 13 04:01:32 2026
Writing: talsrcimg.4dfp.hdr
freesurfer analyzeto4dfp.c
Reading: talsrcimg.hdr
header size 348 bytes
hdr.dime.datatype	offset=70	value=2
hdr.dime.bitpix		offset=72	value=8
hdr.hist.orient		offset=252	value=-1
dimensionality     4
dimensions       256       256       256         1
Reading: talsrcimg.img
Writing: talsrcimg.4dfp.img
Writing: talsrcimg.4dfp.ifh
ifh2hdr talsrcimg -r0to255
ori=2

---------------------------------------------------------------------
gauss_4dfp talsrcimg 1.1
---------------------------------------------------------------------

freesurfer gauss_4dfp.c
Reading: talsrcimg.4dfp.img
Writing: talsrcimg_g11.4dfp.img
image dimensions 256 256 256 padded to 288 288 288
processing volume 1freesurfer ifh2hdr.c
Fri Mar 13 04:01:33 2026
Writing: talsrcimg_g11.4dfp.hdr

Writing: talsrcimg_g11.4dfp.ifh
including: talsrcimg.4dfp.img.rec in talsrcimg_g11.4dfp.img.rec

---------------------------------------------------------------------
imgreg_4dfp /opt/freesurfer/average/711-2C_as_mni_average_305 none talsrcimg_g11 none talsrcimg_to_711-2C_as_mni_average_305_t4 4355
---------------------------------------------------------------------

freesurfer imgreg_4dfp.c
/opt/freesurfer/average/711-2C_as_mni_average_305.4dfp.img
       256       256       256         1
  1.000000  1.000000  1.000000
orientation T byte_order littleendian
Reading image: /opt/freesurfer/average/711-2C_as_mni_average_305.4dfp.img
dimensions:      256       256       256
mmppix:       1.0000   -1.0000   -1.0000
center:     128.0000 -129.0000 -129.0000
talsrcimg_g11.4dfp.img
       256       256       256         1
  1.000000  1.000000  1.000000
orientation T byte_order littleendian
Reading image: talsrcimg_g11.4dfp.img
dimensions:      256       256       256
mmppix:       1.0000   -1.0000   -1.0000
center:     128.0000 -129.0000 -129.0000
t4_read: open error in t4_sub.f l:  41 t4_file(1:l)talsrcimg_to_711-2C_as_mni_average_305_t4 
t4_read: transform initialized to I4
rotation matrix determinant  1.000000
image alignment mode   4355 decimal     1103 hex
   -7.5000  -45.0000  -45.0000 6550.9204   11.4874
    0.0000  -45.0000  -45.0000 6847.7495   11.4892
    7.5000  -45.0000  -45.0000 6517.4551   11.4840
   -7.5000  -37.5000  -45.0000 7015.7656   11.3010
    0.0000  -37.5000  -45.0000 7359.1465   11.3053
    7.5000  -37.5000  -45.0000 7007.1973   11.3040
   -7.5000  -30.0000  -45.0000 7812.1958   11.2143
    0.0000  -30.0000  -45.0000 8184.0898   11.2203
    7.5000  -30.0000  -45.0000 7796.0391   11.2209
   -7.5000  -22.5000  -45.0000 8708.6377   11.1967
    0.0000  -22.5000  -45.0000 9120.1455   11.2014
    7.5000  -22.5000  -45.0000 8692.5029   11.1999
   -7.5000  -15.0000  -45.0000 9532.8564   11.1862
    0.0000  -15.0000  -45.0000 9986.5371   11.1876
    7.5000  -15.0000  -45.0000 9518.1357   11.1822
   -7.5000   -7.5000  -45.000010278.6221   11.1904
    0.0000   -7.5000  -45.000010751.1045   11.1905
    7.5000   -7.5000  -45.000010245.9824   11.1836
   -7.5000    0.0000  -45.000010964.6182   11.2039
    0.0000    0.0000  -45.000011480.1436   11.2055
    7.5000    0.0000  -45.000010935.6240   11.2005
   -7.5000    7.5000  -45.000010847.0615   11.2140
    0.0000    7.5000  -45.000011371.5762   11.2183
    7.5000    7.5000  -45.000010813.1748   11.2169
   -7.5000   15.0000  -45.000010665.2070   11.2111
    0.0000   15.0000  -45.000011169.6143   11.2171
    7.5000   15.0000  -45.000010627.8301   11.2176
   -7.5000   22.5000  -45.000010430.9531   11.1951
    0.0000   22.5000  -45.000010912.9648   11.1998
    7.5000   22.5000  -45.000010386.3965   11.1983
   -7.5000   30.0000  -45.000010012.4287   11.0371
    0.0000   30.0000  -45.000010482.9697   11.0385
    7.5000   30.0000  -45.0000 9939.9541   11.0332
   -7.5000   37.5000  -45.0000 9698.8838   11.0413
    0.0000   37.5000  -45.000010180.5918   11.0414
    7.5000   37.5000  -45.0000 9655.4248   11.0346
   -7.5000   45.0000  -45.0000 8925.6553   10.7739
    0.0000   45.0000  -45.0000 9381.5742   10.7754
    7.5000   45.0000  -45.0000 8889.3516   10.7706
   -7.5000  -45.0000  -37.5000 6965.1470   11.3628
    0.0000  -45.0000  -37.5000 7296.9111   11.3636
    7.5000  -45.0000  -37.5000 6944.4624   11.3589
   -7.5000  -37.5000  -37.5000 7483.7441   11.1790
    0.0000  -37.5000  -37.5000 7854.2725   11.1830
    7.5000  -37.5000  -37.5000 7483.2534   11.1827
   -7.5000  -30.0000  -37.5000 8360.6133   11.0938
    0.0000  -30.0000  -37.5000 8775.3828   11.1011
    7.5000  -30.0000  -37.5000 8352.4893   11.1019
   -7.5000  -22.5000  -37.5000 9343.7842   11.0770
    0.0000  -22.5000  -37.5000 9783.2070   11.0836
    7.5000  -22.5000  -37.5000 9299.0322   11.0808
   -7.5000  -15.0000  -37.500010246.3535   11.0678
    0.0000  -15.0000  -37.500010731.8672   11.0707
    7.5000  -15.0000  -37.500010187.6055   11.0635
   -7.5000   -7.5000  -37.500011051.8760   11.0727
    0.0000   -7.5000  -37.500011574.7939   11.0729
    7.5000   -7.5000  -37.500010973.4434   11.0652
   -7.5000    0.0000  -37.500011775.1826   11.0856
    0.0000    0.0000  -37.500012345.1514   11.0861
    7.5000    0.0000  -37.500011686.0996   11.0819
   -7.5000    7.5000  -37.500011612.3340   11.0942
    0.0000    7.5000  -37.500012183.4414   11.0982
    7.5000    7.5000  -37.500011549.9082   11.0979
   -7.5000   15.0000  -37.500011377.5410   11.0906
    0.0000   15.0000  -37.500011922.0020   11.0979
    7.5000   15.0000  -37.500011319.4551   11.0987
   -7.5000   22.5000  -37.500011105.0352   11.0754
    0.0000   22.5000  -37.500011641.0508   11.0821
    7.5000   22.5000  -37.500011047.2510   11.0793
   -7.5000   30.0000  -37.500010624.5967   10.9203
    0.0000   30.0000  -37.500011144.3604   10.9232
    7.5000   30.0000  -37.500010554.8506   10.9160
   -7.5000   37.5000  -37.500010280.3799   10.9252
    0.0000   37.5000  -37.500010814.3447   10.9254
    7.5000   37.5000  -37.500010261.3076   10.9178
   -7.5000   45.0000  -37.5000 9438.3350   10.6601
    0.0000   45.0000  -37.5000 9931.7090   10.6606
    7.5000   45.0000  -37.5000 9411.1494   10.6565
   -7.5000  -45.0000  -30.0000 7524.8398   11.7688
    0.0000  -45.0000  -30.0000 7882.5591   11.7690
    7.5000  -45.0000  -30.0000 7496.1313   11.7648
   -7.5000  -37.5000  -30.0000 8110.1040   11.5784
    0.0000  -37.5000  -30.0000 8515.9473   11.5825
    7.5000  -37.5000  -30.0000 8091.7510   11.5830
   -7.5000  -30.0000  -30.0000 9080.5312   11.4899
    0.0000  -30.0000  -30.0000 9535.2432   11.4992
    7.5000  -30.0000  -30.0000 9049.8262   11.5003
   -7.5000  -22.5000  -30.000010150.2119   11.4725
    0.0000  -22.5000  -30.000010646.6357   11.4822
    7.5000  -22.5000  -30.000010092.9629   11.4790
   -7.5000  -15.0000  -30.000011126.5830   11.4635
    0.0000  -15.0000  -30.000011662.0615   11.4692
    7.5000  -15.0000  -30.000011053.6650   11.4612
   -7.5000   -7.5000  -30.000012014.1357   11.4697
    0.0000   -7.5000  -30.000012580.4375   11.4707
    7.5000   -7.5000  -30.000011915.4062   11.4630
   -7.5000    0.0000  -30.000012812.3291   11.4833
    0.0000    0.0000  -30.000013421.0303   11.4833
    7.5000    0.0000  -30.000012685.2578   11.4797
   -7.5000    7.5000  -30.000012634.5332   11.4914
    0.0000    7.5000  -30.000013236.2148   11.4954
    7.5000    7.5000  -30.000012540.1689   11.4959
   -7.5000   15.0000  -30.000012333.5254   11.4867
    0.0000   15.0000  -30.000012923.6328   11.4959
    7.5000   15.0000  -30.000012235.0635   11.4970
   -7.5000   22.5000  -30.000012016.3994   11.4697
    0.0000   22.5000  -30.000012584.4912   11.4794
    7.5000   22.5000  -30.000011914.8848   11.4762
   -7.5000   30.0000  -30.000011466.3203   11.3118
    0.0000   30.0000  -30.000012009.9268   11.3174
    7.5000   30.0000  -30.000011361.1006   11.3095
   -7.5000   37.5000  -30.000011112.3516   11.3179
    0.0000   37.5000  -30.000011661.9004   11.3190
    7.5000   37.5000  -30.000011077.6455   11.3113
   -7.5000   45.0000  -30.000010171.4561   11.0507
    0.0000   45.0000  -30.000010692.1221   11.0506
    7.5000   45.0000  -30.000010147.2471   11.0472
   -7.5000  -45.0000  -22.5000 8125.1719   12.1788
    0.0000  -45.0000  -22.5000 8528.7803   12.1782
    7.5000  -45.0000  -22.5000 8093.3652   12.1733
   -7.5000  -37.5000  -22.5000 8801.1406   11.9826
    0.0000  -37.5000  -22.5000 9232.6816   11.9866
    7.5000  -37.5000  -22.5000 8766.5225   11.9860
   -7.5000  -30.0000  -22.5000 9863.1611   11.8904
    0.0000  -30.0000  -22.500010343.8936   11.8999
    7.5000  -30.0000  -22.5000 9802.9707   11.9004
   -7.5000  -22.5000  -22.500011003.1318   11.8710
    0.0000  -22.5000  -22.500011518.0762   11.8808
    7.5000  -22.5000  -22.500010926.7910   11.8777
   -7.5000  -15.0000  -22.500012060.2451   11.8607
    0.0000  -15.0000  -22.500012624.0596   11.8658
    7.5000  -15.0000  -22.500011969.2275   11.8582
   -7.5000   -7.5000  -22.500013022.5762   11.8674
    0.0000   -7.5000  -22.500013626.2832   11.8675
    7.5000   -7.5000  -22.500012913.8652   11.8597
   -7.5000    0.0000  -22.500013882.4922   11.8829
    0.0000    0.0000  -22.500014517.8535   11.8821
    7.5000    0.0000  -22.500013742.0098   11.8779
   -7.5000    7.5000  -22.500013705.3770   11.8923
    0.0000    7.5000  -22.500014340.9385   11.8961
    7.5000    7.5000  -22.500013569.5879   11.8956
   -7.5000   15.0000  -22.500013345.2061   11.8870
    0.0000   15.0000  -22.500013959.6982   11.8965
    7.5000   15.0000  -22.500013218.5781   11.8970
   -7.5000   22.5000  -22.500012978.3584   11.8674
    0.0000   22.5000  -22.500013585.3828   11.8771
    7.5000   22.5000  -22.500012892.2930   11.8740
   -7.5000   30.0000  -22.500012344.4678   11.7055
    0.0000   30.0000  -22.500012890.9033   11.7106
    7.5000   30.0000  -22.500012234.1670   11.7031
   -7.5000   37.5000  -22.500011959.3857   11.7121
    0.0000   37.5000  -22.500012518.7031   11.7123
    7.5000   37.5000  -22.500011917.2852   11.7046
   -7.5000   45.0000  -22.500010932.5596   11.4439
    0.0000   45.0000  -22.500011452.6660   11.4431
    7.5000   45.0000  -22.500010916.7959   11.4390
   -7.5000  -45.0000  -15.0000 8779.3770   12.4814
    0.0000  -45.0000  -15.0000 9217.7119   12.4803
    7.5000  -45.0000  -15.0000 8757.4600   12.4744
   -7.5000  -37.5000  -15.0000 9513.7607   12.2814
    0.0000  -37.5000  -15.0000 9999.8086   12.2851
    7.5000  -37.5000  -15.0000 9482.5684   12.2831
   -7.5000  -30.0000  -15.000010655.4688   12.1865
    0.0000  -30.0000  -15.000011180.4951   12.1945
    7.5000  -30.0000  -15.000010595.5820   12.1945
   -7.5000  -22.5000  -15.000011863.6455   12.1657
    0.0000  -22.5000  -15.000012436.4727   12.1729
    7.5000  -22.5000  -15.000011796.5410   12.1708
   -7.5000  -15.0000  -15.000013004.4883   12.1541
    0.0000  -15.0000  -15.000013632.5010   12.1565
    7.5000  -15.0000  -15.000012924.2529   12.1501
   -7.5000   -7.5000  -15.000014054.9336   12.1608
    0.0000   -7.5000  -15.000014727.5352   12.1592
    7.5000   -7.5000  -15.000013962.3359   12.1515
   -7.5000    0.0000  -15.000014996.1377   12.1777
    0.0000    0.0000  -15.000015696.2402   12.1765
    7.5000    0.0000  -15.000014847.0879   12.1711
   -7.5000    7.5000  -15.000014799.9961   12.1884
    0.0000    7.5000  -15.000015478.3066   12.1919
    7.5000    7.5000  -15.000014611.0850   12.1900
   -7.5000   15.0000  -15.000014389.2090   12.1830
    0.0000   15.0000  -15.000015046.4922   12.1910
    7.5000   15.0000  -15.000014237.0010   12.1910
   -7.5000   22.5000  -15.000013983.9141   12.1613
    0.0000   22.5000  -15.000014627.4258   12.1686
    7.5000   22.5000  -15.000013885.7031   12.1665
   -7.5000   30.0000  -15.000013250.1396   11.9968
    0.0000   30.0000  -15.000013817.9092   11.9992
    7.5000   30.0000  -15.000013112.5674   11.9929
   -7.5000   37.5000  -15.000012808.9648   12.0034
    0.0000   37.5000  -15.000013379.8975   12.0018
    7.5000   37.5000  -15.000012757.3945   11.9942
   -7.5000   45.0000  -15.000011707.8145   11.7348
    0.0000   45.0000  -15.000012220.9941   11.7337
    7.5000   45.0000  -15.000011685.7012   11.7285
   -7.5000  -45.0000   -7.5000 9481.2627   12.6305
    0.0000  -45.0000   -7.5000 9937.8369   12.6302
    7.5000  -45.0000   -7.5000 9447.7266   12.6236
   -7.5000  -37.5000   -7.500010266.4395   12.4283
    0.0000  -37.5000   -7.500010769.8398   12.4317
    7.5000  -37.5000   -7.500010217.9756   12.4291
   -7.5000  -30.0000   -7.500011463.9453   12.3325
    0.0000  -30.0000   -7.500012017.9482   12.3385
    7.5000  -30.0000   -7.500011399.7432   12.3385
   -7.5000  -22.5000   -7.500012744.6094   12.3119
    0.0000  -22.5000   -7.500013351.7959   12.3165
    7.5000  -22.5000   -7.500012674.2354   12.3150
   -7.5000  -15.0000   -7.500013969.1660   12.3007
    0.0000  -15.0000   -7.500014669.3359   12.3008
    7.5000  -15.0000   -7.500013909.3291   12.2951
   -7.5000   -7.5000   -7.500015171.9180   12.3069
    0.0000   -7.5000   -7.500015905.9023   12.3047
    7.5000   -7.5000   -7.500015083.2129   12.2969
   -7.5000    0.0000   -7.500016210.5771   12.3232
    0.0000    0.0000   -7.500016960.4121   12.3227
    7.5000    0.0000   -7.500016032.0996   12.3165
   -7.5000    7.5000   -7.500015968.7666   12.3339
    0.0000    7.5000   -7.500016697.8789   12.3373
    7.5000    7.5000   -7.500015733.3623   12.3347
   -7.5000   15.0000   -7.500015499.4609   12.3290
    0.0000   15.0000   -7.500016186.7510   12.3350
    7.5000   15.0000   -7.500015327.9648   12.3350
   -7.5000   22.5000   -7.500015049.9600   12.3063
    0.0000   22.5000   -7.500015729.8252   12.3108
    7.5000   22.5000   -7.500014945.7627   12.3093
   -7.5000   30.0000   -7.500014169.4600   12.1411
    0.0000   30.0000   -7.500014787.3594   12.1413
    7.5000   30.0000   -7.500014049.7168   12.1357
   -7.5000   37.5000   -7.500013707.5107   12.1473
    0.0000   37.5000   -7.500014306.8340   12.1451
    7.5000   37.5000   -7.500013662.8955   12.1375
   -7.5000   45.0000   -7.500012563.7471   11.8772
    0.0000   45.0000   -7.500013098.7295   11.8768
    7.5000   45.0000   -7.500012542.6963   11.8708
   -7.5000  -45.0000    0.000010076.5566   12.6489
    0.0000  -45.0000    0.000010567.8545   12.6498
    7.5000  -45.0000    0.000010052.7412   12.6437
   -7.5000  -37.5000    0.000010921.8057   12.4462
    0.0000  -37.5000    0.000011434.8145   12.4502
    7.5000  -37.5000    0.000010862.7344   12.4483
   -7.5000  -30.0000    0.000012203.2910   12.3516
    0.0000  -30.0000    0.000012760.2939   12.3577
    7.5000  -30.0000    0.000012127.8008   12.3578
   -7.5000  -22.5000    0.000013563.1484   12.3327
    0.0000  -22.5000    0.000014176.8633   12.3372
    7.5000  -22.5000    0.000013461.0820   12.3351
   -7.5000  -15.0000    0.000014865.1191   12.3221
    0.0000  -15.0000    0.000015576.8770   12.3227
    7.5000  -15.0000    0.000014776.3359   12.3163
   -7.5000   -7.5000    0.000016169.5752   12.3272
    0.0000   -7.5000    0.000016928.4238   12.3261
    7.5000   -7.5000    0.000016088.5576   12.3181
   -7.5000    0.0000    0.000017361.8535   12.3416
    0.0000    0.0000    0.000018149.8652   12.3422
    7.5000    0.0000    0.000017179.4824   12.3365
   -7.5000    7.5000    0.000017104.0938   12.3519
    0.0000    7.5000    0.000017887.5996   12.3558
    7.5000    7.5000    0.000016852.7207   12.3539
   -7.5000   15.0000    0.000016548.2070   12.3481
    0.0000   15.0000    0.000017291.1562   12.3542
    7.5000   15.0000    0.000016372.1523   12.3543
   -7.5000   22.5000    0.000016068.8809   12.3270
    0.0000   22.5000    0.000016811.3652   12.3315
    7.5000   22.5000    0.000015934.6260   12.3294
   -7.5000   30.0000    0.000015122.4941   12.1626
    0.0000   30.0000    0.000015786.1953   12.1632
    7.5000   30.0000    0.000014962.4385   12.1569
   -7.5000   37.5000    0.000014624.0703   12.1676
    0.0000   37.5000    0.000015285.1611   12.1666
    7.5000   37.5000    0.000014536.6699   12.1587
   -7.5000   45.0000    0.000013422.9131   11.8958
    0.0000   45.0000    0.000014034.9209   11.8965
    7.5000   45.0000    0.000013369.9385   11.8910
   -7.5000  -45.0000    7.5000 9885.9014   12.6385
    0.0000  -45.0000    7.500010360.4111   12.6395
    7.5000  -45.0000    7.5000 9858.2344   12.6346
   -7.5000  -37.5000    7.500010712.2998   12.4349
    0.0000  -37.5000    7.500011213.8184   12.4395
    7.5000  -37.5000    7.500010665.8652   12.4393
   -7.5000  -30.0000    7.500011970.5137   12.3409
    0.0000  -30.0000    7.500012533.6846   12.3491
    7.5000  -30.0000    7.500011913.5176   12.3500
   -7.5000  -22.5000    7.500013284.7979   12.3228
    0.0000  -22.5000    7.500013913.8838   12.3304
    7.5000  -22.5000    7.500013192.9404   12.3274
   -7.5000  -15.0000    7.500014573.0635   12.3130
    0.0000  -15.0000    7.500015257.0166   12.3165
    7.5000  -15.0000    7.500014471.6641   12.3087
   -7.5000   -7.5000    7.500015883.9717   12.3183
    0.0000   -7.5000    7.500016620.9316   12.3187
    7.5000   -7.5000    7.500015808.9053   12.3105
   -7.5000    0.0000    7.500017297.9766   12.3320
    0.0000    0.0000    7.500018131.9609   12.3327
    7.5000    0.0000    7.500017070.4121   12.3282
   -7.5000    7.5000    7.500017146.4121   12.3413
    0.0000    7.5000    7.500018057.1621   12.3457
    7.5000    7.5000    7.500016826.0645   12.3456
   -7.5000   15.0000    7.500016525.0176   12.3374
    0.0000   15.0000    7.500017385.2949   12.3456
    7.5000   15.0000    7.500016287.5830   12.3465
   -7.5000   22.5000    7.500015983.4707   12.3172
    0.0000   22.5000    7.500016813.6660   12.3247
    7.5000   22.5000    7.500015780.4473   12.3217
   -7.5000   30.0000    7.500014954.6348   12.1537
    0.0000   30.0000    7.500015713.1230   12.1571
    7.5000   30.0000    7.500014729.8770   12.1494
   -7.5000   37.5000    7.500014457.7607   12.1589
    0.0000   37.5000    7.500015200.7734   12.1593
    7.5000   37.5000    7.500014247.7334   12.1511
   -7.5000   45.0000    7.500013268.4268   11.8866
    0.0000   45.0000    7.500013959.3799   11.8873
    7.5000   45.0000    7.500013107.0771   11.8830
   -7.5000  -45.0000   15.0000 9577.0938   12.6355
    0.0000  -45.0000   15.000010043.0322   12.6357
    7.5000  -45.0000   15.0000 9565.9258   12.6312
   -7.5000  -37.5000   15.000010379.6406   12.4311
    0.0000  -37.5000   15.000010884.2832   12.4356
    7.5000  -37.5000   15.000010393.5488   12.4360
   -7.5000  -30.0000   15.000011604.7461   12.3362
    0.0000  -30.0000   15.000012156.5283   12.3461
    7.5000  -30.0000   15.000011613.5713   12.3473
   -7.5000  -22.5000   15.000012866.9062   12.3174
    0.0000  -22.5000   15.000013502.6240   12.3278
    7.5000  -22.5000   15.000012852.4346   12.3244
   -7.5000  -15.0000   15.000014114.8047   12.3078
    0.0000  -15.0000   15.000014820.9541   12.3139
    7.5000  -15.0000   15.000014079.2402   12.3053
   -7.5000   -7.5000   15.000015464.6494   12.3144
    0.0000   -7.5000   15.000016308.4375   12.3156
    7.5000   -7.5000   15.000015394.6436   12.3072
   -7.5000    0.0000   15.000016964.2031   12.3291
    0.0000    0.0000   15.000018202.9668   12.3290
    7.5000    0.0000   15.000016635.1230   12.3251
   -7.5000    7.5000   15.000016947.2793   12.3377
    0.0000    7.5000   15.000018276.4043   12.3420
    7.5000    7.5000   15.000016469.7402   12.3425
   -7.5000   15.0000   15.000016396.2988   12.3326
    0.0000   15.0000   15.000017622.8281   12.3426
    7.5000   15.0000   15.000016009.3984   12.3437
   -7.5000   22.5000   15.000015757.7871   12.3117
    0.0000   22.5000   15.000016795.3965   12.3221
    7.5000   22.5000   15.000015442.0264   12.3187
   -7.5000   30.0000   15.000014597.0850   12.1486
    0.0000   30.0000   15.000015419.5332   12.1546
    7.5000   30.0000   15.000014315.8105   12.1461
   -7.5000   37.5000   15.000014014.4482   12.1551
    0.0000   37.5000   15.000014756.1592   12.1562
    7.5000   37.5000   15.000013751.3154   12.1479
   -7.5000   45.0000   15.000012858.7783   11.8838
    0.0000   45.0000   15.000013525.3770   11.8837
    7.5000   45.0000   15.000012641.4902   11.8800
   -7.5000  -45.0000   22.5000 9130.2324   12.6426
    0.0000  -45.0000   22.5000 9596.3516   12.6419
    7.5000  -45.0000   22.5000 9139.3037   12.6369
   -7.5000  -37.5000   22.5000 9916.1826   12.4389
    0.0000  -37.5000   22.500010427.1807   12.4430
    7.5000  -37.5000   22.5000 9956.7080   12.4424
   -7.5000  -30.0000   22.500011100.1006   12.3432
    0.0000  -30.0000   22.500011694.6084   12.3531
    7.5000  -30.0000   22.500011122.1201   12.3535
   -7.5000  -22.5000   22.500012302.7334   12.3231
    0.0000  -22.5000   22.500013015.6094   12.3332
    7.5000  -22.5000   22.500012306.4717   12.3300
   -7.5000  -15.0000   22.500013486.6367   12.3123
    0.0000  -15.0000   22.500014293.5938   12.3177
    7.5000  -15.0000   22.500013459.6846   12.3098
   -7.5000   -7.5000   22.500014721.3877   12.3193
    0.0000   -7.5000   22.500015675.0381   12.3194
    7.5000   -7.5000   22.500014623.2676   12.3113
   -7.5000    0.0000   22.500015929.4717   12.3354
    0.0000    0.0000   22.500017139.8945   12.3346
    7.5000    0.0000   22.500015679.2891   12.3302
   -7.5000    7.5000   22.500015791.2539   12.3451
    0.0000    7.5000   22.500016996.8496   12.3492
    7.5000    7.5000   22.500015468.3564   12.3486
   -7.5000   15.0000   22.500015436.9102   12.3397
    0.0000   15.0000   22.500016645.7754   12.3495
    7.5000   15.0000   22.500015163.5156   12.3500
   -7.5000   22.5000   22.500014954.7432   12.3174
    0.0000   22.5000   22.500016070.8457   12.3275
    7.5000   22.5000   22.500014740.6143   12.3243
   -7.5000   30.0000   22.500013854.4326   12.1530
    0.0000   30.0000   22.500014729.4863   12.1583
    7.5000   30.0000   22.500013658.5186   12.1505
   -7.5000   37.5000   22.500013287.0234   12.1598
    0.0000   37.5000   22.500014028.8008   12.1600
    7.5000   37.5000   22.500013082.7178   12.1520
   -7.5000   45.0000   22.500012238.8828   11.8899
    0.0000   45.0000   22.500012857.7959   11.8891
    7.5000   45.0000   22.500012020.1133   11.8849
   -7.5000  -45.0000   30.0000 8557.3662   12.6529
    0.0000  -45.0000   30.0000 9023.7422   12.6519
    7.5000  -45.0000   30.0000 8553.1133   12.6459
   -7.5000  -37.5000   30.0000 9317.0967   12.4503
    0.0000  -37.5000   30.0000 9793.8105   12.4539
    7.5000  -37.5000   30.0000 9316.3291   12.4519
   -7.5000  -30.0000   30.000010421.2891   12.3540
    0.0000  -30.0000   30.000010935.8301   12.3621
    7.5000  -30.0000   30.000010412.6621   12.3621
   -7.5000  -22.5000   30.000011521.9209   12.3329
    0.0000  -22.5000   30.000012078.9854   12.3402
    7.5000  -22.5000   30.000011514.8096   12.3381
   -7.5000  -15.0000   30.000012615.2939   12.3212
    0.0000  -15.0000   30.000013201.4102   12.3236
    7.5000  -15.0000   30.000012601.2139   12.3171
   -7.5000   -7.5000   30.000013703.2061   12.3280
    0.0000   -7.5000   30.000014407.4668   12.3263
    7.5000   -7.5000   30.000013679.0488   12.3185
   -7.5000    0.0000   30.000014720.2871   12.3450
    0.0000    0.0000   30.000015509.7773   12.3439
    7.5000    0.0000   30.000014636.9609   12.3384
   -7.5000    7.5000   30.000014507.9629   12.3559
    0.0000    7.5000   30.000015234.1006   12.3595
    7.5000    7.5000   30.000014432.5889   12.3575
   -7.5000   15.0000   30.000014215.0781   12.3505
    0.0000   15.0000   30.000014965.6641   12.3586
    7.5000   15.0000   30.000014149.5840   12.3586
   -7.5000   22.5000   30.000013847.9951   12.3272
    0.0000   22.5000   30.000014659.4590   12.3345
    7.5000   22.5000   30.000013800.7402   12.3324
   -7.5000   30.0000   30.000012896.3662   12.1617
    0.0000   30.0000   30.000013647.2959   12.1641
    7.5000   30.0000   30.000012814.3320   12.1577
   -7.5000   37.5000   30.000012399.3789   12.1684
    0.0000   37.5000   30.000013092.6787   12.1668
    7.5000   37.5000   30.000012291.9678   12.1591
   -7.5000   45.0000   30.000011460.3809   11.8992
    0.0000   45.0000   30.000012054.0186   11.8981
    7.5000   45.0000   30.000011310.7988   11.8928
   -7.5000  -45.0000   37.5000 8303.5400   12.7554
    0.0000  -45.0000   37.5000 8703.3877   12.7550
    7.5000  -45.0000   37.5000 8260.7559   12.7485
   -7.5000  -37.5000   37.5000 9010.0312   12.5496
    0.0000  -37.5000   37.5000 9411.9248   12.5530
    7.5000  -37.5000   37.5000 8972.0293   12.5504
   -7.5000  -30.0000   37.500010065.8330   12.4521
    0.0000  -30.0000   37.500010475.8330   12.4580
    7.5000  -30.0000   37.500010009.8359   12.4580
   -7.5000  -22.5000   37.500011138.9473   12.4310
    0.0000  -22.5000   37.500011549.9072   12.4355
    7.5000  -22.5000   37.500011092.8271   12.4340
   -7.5000  -15.0000   37.500012182.8711   12.4196
    0.0000  -15.0000   37.500012643.5752   12.4196
    7.5000  -15.0000   37.500012157.3584   12.4139
   -7.5000   -7.5000   37.500013197.1162   12.4260
    0.0000   -7.5000   37.500013764.2461   12.4237
    7.5000   -7.5000   37.500013202.5781   12.4160
   -7.5000    0.0000   37.500014107.1680   12.4427
    0.0000    0.0000   37.500014706.0195   12.4421
    7.5000    0.0000   37.500014080.8555   12.4360
   -7.5000    7.5000   37.500013914.9180   12.4536
    0.0000    7.5000   37.500014461.2715   12.4569
    7.5000    7.5000   37.500013879.0664   12.4543
   -7.5000   15.0000   37.500013642.5752   12.4485
    0.0000   15.0000   37.500014216.5283   12.4545
    7.5000   15.0000   37.500013605.5400   12.4544
   -7.5000   22.5000   37.500013329.6650   12.4253
    0.0000   22.5000   37.500013958.3730   12.4298
    7.5000   22.5000   37.500013295.9004   12.4283
   -7.5000   30.0000   37.500012430.8994   12.2588
    0.0000   30.0000   37.500013015.3008   12.2589
    7.5000   30.0000   37.500012387.1025   12.2532
   -7.5000   37.5000   37.500011981.2666   12.2652
    0.0000   37.5000   37.500012530.8779   12.2629
    7.5000   37.5000   37.500011915.7988   12.2553
   -7.5000   45.0000   37.500011080.7764   11.9933
    0.0000   45.0000   37.500011600.8203   11.9928
    7.5000   45.0000   37.500010999.9131   11.9869
   -7.5000  -45.0000   45.0000 7691.2002   12.8961
    0.0000  -45.0000   45.0000 8036.8677   12.8978
    7.5000  -45.0000   45.0000 7635.6338   12.8923
   -7.5000  -37.5000   45.0000 8346.0664   12.6833
    0.0000  -37.5000   45.0000 8685.1904   12.6882
    7.5000  -37.5000   45.0000 8291.5957   12.6870
   -7.5000  -30.0000   45.0000 9328.8965   12.5837
    0.0000  -30.0000   45.0000 9674.1396   12.5907
    7.5000  -30.0000   45.0000 9274.5059   12.5915
   -7.5000  -22.5000   45.000010312.6953   12.5642
    0.0000  -22.5000   45.000010671.5449   12.5694
    7.5000  -22.5000   45.000010265.7139   12.5678
   -7.5000  -15.0000   45.000011269.8369   12.5538
    0.0000  -15.0000   45.000011668.7793   12.5550
    7.5000  -15.0000   45.000011239.0322   12.5490
   -7.5000   -7.5000   45.000012176.1514   12.5596
    0.0000   -7.5000   45.000012673.1963   12.5593
    7.5000   -7.5000   45.000012167.1387   12.5517
   -7.5000    0.0000   45.000012970.3203   12.5747
    0.0000    0.0000   45.000013475.2207   12.5762
    7.5000    0.0000   45.000012940.9551   12.5710
   -7.5000    7.5000   45.000012775.0146   12.5848
    0.0000    7.5000   45.000013235.7266   12.5896
    7.5000    7.5000   45.000012738.0068   12.5884
   -7.5000   15.0000   45.000012537.9072   12.5801
    0.0000   15.0000   45.000013008.5078   12.5870
    7.5000   15.0000   45.000012490.1924   12.5878
   -7.5000   22.5000   45.000012283.9268   12.5583
    0.0000   22.5000   45.000012778.1973   12.5636
    7.5000   22.5000   45.000012214.8955   12.5620
   -7.5000   30.0000   45.000011494.9414   12.3902
    0.0000   30.0000   45.000011954.0010   12.3915
    7.5000   30.0000   45.000011417.1465   12.3855
   -7.5000   37.5000   45.000011062.7930   12.3960
    0.0000   37.5000   45.000011518.9922   12.3956
    7.5000   37.5000   45.000010979.1572   12.3882
   -7.5000   45.0000   45.000010223.1084   12.1261
    0.0000   45.0000   45.000010647.7793   12.1275
    7.5000   45.0000   45.000010143.0752   12.1225

---------------------------------------------------------------------
imgreg_4dfp /opt/freesurfer/average/711-2C_as_mni_average_305 /opt/freesurfer/average/711-2B_as_mni_average_305_mask talsrcimg_g11 none talsrcimg_to_711-2C_as_mni_average_305_t4 4355
---------------------------------------------------------------------

freesurfer imgreg_4dfp.c
/opt/freesurfer/average/711-2C_as_mni_average_305.4dfp.img
       256       256       256         1
  1.000000  1.000000  1.000000
orientation T byte_order littleendian
Reading image: /opt/freesurfer/average/711-2C_as_mni_average_305.4dfp.img
dimensions:      256       256       256
mmppix:       1.0000   -1.0000   -1.0000
center:     128.0000 -129.0000 -129.0000
/opt/freesurfer/average/711-2B_as_mni_average_305_mask.4dfp.img
       256       256       256         1
  1.000000  1.000000  1.000000
orientation T byte_order littleendian
Reading mask: /opt/freesurfer/average/711-2B_as_mni_average_305_mask.4dfp.img (2306576 pixels)
talsrcimg_g11.4dfp.img
       256       256       256         1
  1.000000  1.000000  1.000000
orientation T byte_order littleendian
Reading image: talsrcimg_g11.4dfp.img
dimensions:      256       256       256
mmppix:       1.0000   -1.0000   -1.0000
center:     128.0000 -129.0000 -129.0000
rotation matrix determinant  1.000000
image alignment mode   4355 decimal     1103 hex
   -7.5000  -37.5000  -30.0000 2216.5112   14.3767
    0.0000  -37.5000  -30.0000 2221.7849   14.4473
    7.5000  -37.5000  -30.0000 2200.8774   14.4186
   -7.5000  -30.0000  -30.0000 2325.6660   13.1059
    0.0000  -30.0000  -30.0000 2332.6924   13.1316
    7.5000  -30.0000  -30.0000 2308.4216   13.1142
   -7.5000  -22.5000  -30.0000 2426.5823   12.0784
    0.0000  -22.5000  -30.0000 2434.8181   12.0922
    7.5000  -22.5000  -30.0000 2410.2366   12.0860
   -7.5000  -15.0000  -30.0000 2492.0051   11.2947
    0.0000  -15.0000  -30.0000 2500.9958   11.2867
    7.5000  -15.0000  -30.0000 2477.9299   11.3213
   -7.5000   -7.5000  -30.0000 2534.4983   10.7794
    0.0000   -7.5000  -30.0000 2538.3416   10.7418
    7.5000   -7.5000  -30.0000 2515.7852   10.8279
   -7.5000    0.0000  -30.0000 2554.5095   10.4981
    0.0000    0.0000  -30.0000 2562.0095   10.4373
    7.5000    0.0000  -30.0000 2535.1057   10.5297
   -7.5000    7.5000  -30.0000 2553.8201   10.3812
    0.0000    7.5000  -30.0000 2559.9561   10.3206
    7.5000    7.5000  -30.0000 2541.1401   10.4201
   -7.5000   15.0000  -30.0000 2540.6821   10.4462
    0.0000   15.0000  -30.0000 2544.3501   10.4034
    7.5000   15.0000  -30.0000 2523.8831   10.5174
   -7.5000   22.5000  -30.0000 2519.3420   10.6443
    0.0000   22.5000  -30.0000 2528.0461   10.6338
    7.5000   22.5000  -30.0000 2498.0264   10.7751
   -7.5000   30.0000  -30.0000 2486.7805   11.0830
    0.0000   30.0000  -30.0000 2498.4783   11.0797
    7.5000   30.0000  -30.0000 2467.3328   11.2264
   -7.5000   37.5000  -30.0000 2432.8154   11.7355
    0.0000   37.5000  -30.0000 2444.3518   11.7329
    7.5000   37.5000  -30.0000 2413.4395   11.8574
   -7.5000   45.0000  -30.0000 2354.1609   12.6329
    0.0000   45.0000  -30.0000 2367.7620   12.6219
    7.5000   45.0000  -30.0000 2336.2512   12.7788
   -7.5000   52.5000  -30.0000 2234.4736   13.7084
    0.0000   52.5000  -30.0000 2242.7559   13.7176
    7.5000   52.5000  -30.0000 2215.7402   13.8917
   -7.5000  -37.5000  -22.5000 2310.2891   13.7704
    0.0000  -37.5000  -22.5000 2316.3523   13.7952
    7.5000  -37.5000  -22.5000 2286.6692   13.8138
   -7.5000  -30.0000  -22.5000 2423.7556   12.5086
    0.0000  -30.0000  -22.5000 2431.5710   12.4926
    7.5000  -30.0000  -22.5000 2399.0376   12.5161
   -7.5000  -22.5000  -22.5000 2528.8125   11.4996
    0.0000  -22.5000  -22.5000 2533.8962   11.4715
    7.5000  -22.5000  -22.5000 2508.6516   11.5140
   -7.5000  -15.0000  -22.5000 2600.3511   10.7533
    0.0000  -15.0000  -22.5000 2608.0039   10.7000
    7.5000  -15.0000  -22.5000 2583.0867   10.7629
   -7.5000   -7.5000  -22.5000 2645.2463   10.2235
    0.0000   -7.5000  -22.5000 2648.6167   10.1517
    7.5000   -7.5000  -22.5000 2629.2856   10.2426
   -7.5000    0.0000  -22.5000 2674.1992    9.9014
    0.0000    0.0000  -22.5000 2677.5813    9.8273
    7.5000    0.0000  -22.5000 2655.7190    9.9346
   -7.5000    7.5000  -22.5000 2683.6753    9.7562
    0.0000    7.5000  -22.5000 2688.8545    9.6892
    7.5000    7.5000  -22.5000 2668.6797    9.8063
   -7.5000   15.0000  -22.5000 2674.8621    9.7940
    0.0000   15.0000  -22.5000 2678.1013    9.7430
    7.5000   15.0000  -22.5000 2656.0645    9.8808
   -7.5000   22.5000  -22.5000 2654.9814   10.0158
    0.0000   22.5000  -22.5000 2665.6855    9.9792
    7.5000   22.5000  -22.5000 2635.5703   10.1312
   -7.5000   30.0000  -22.5000 2621.4641   10.4608
    0.0000   30.0000  -22.5000 2631.6299   10.4185
    7.5000   30.0000  -22.5000 2598.2544   10.5897
   -7.5000   37.5000  -22.5000 2562.2568   11.1010
    0.0000   37.5000  -22.5000 2573.6606   11.0528
    7.5000   37.5000  -22.5000 2539.0527   11.2112
   -7.5000   45.0000  -22.5000 2475.3132   11.9382
    0.0000   45.0000  -22.5000 2489.4690   11.8949
    7.5000   45.0000  -22.5000 2454.8115   12.0762
   -7.5000   52.5000  -22.5000 2344.6880   12.9673
    0.0000   52.5000  -22.5000 2357.3101   12.9492
    7.5000   52.5000  -22.5000 2328.5913   13.1344
   -7.5000  -37.5000  -15.0000 2368.6052   13.2328
    0.0000  -37.5000  -15.0000 2376.5239   13.1850
    7.5000  -37.5000  -15.0000 2347.6238   13.2639
   -7.5000  -30.0000  -15.0000 2482.2046   11.9436
    0.0000  -30.0000  -15.0000 2490.9187   11.9132
    7.5000  -30.0000  -15.0000 2461.4714   11.9889
   -7.5000  -22.5000  -15.0000 2592.6987   10.9376
    0.0000  -22.5000  -15.0000 2599.0024   10.8935
    7.5000  -22.5000  -15.0000 2572.7273   10.9797
   -7.5000  -15.0000  -15.0000 2671.4119   10.2022
    0.0000  -15.0000  -15.0000 2679.9602   10.1339
    7.5000  -15.0000  -15.0000 2651.4951   10.2267
   -7.5000   -7.5000  -15.0000 2718.8882    9.6999
    0.0000   -7.5000  -15.0000 2727.7571    9.6148
    7.5000   -7.5000  -15.0000 2705.8298    9.7037
   -7.5000    0.0000  -15.0000 2757.2837    9.3446
    0.0000    0.0000  -15.0000 2764.3770    9.2552
    7.5000    0.0000  -15.0000 2743.5920    9.3698
   -7.5000    7.5000  -15.0000 2780.3157    9.1768
    0.0000    7.5000  -15.0000 2788.0847    9.0780
    7.5000    7.5000  -15.0000 2765.3003    9.2166
   -7.5000   15.0000  -15.0000 2778.3809    9.1902
    0.0000   15.0000  -15.0000 2783.8145    9.1154
    7.5000   15.0000  -15.0000 2760.6089    9.2752
   -7.5000   22.5000  -15.0000 2765.2285    9.4428
    0.0000   22.5000  -15.0000 2771.4500    9.3660
    7.5000   22.5000  -15.0000 2745.1389    9.5418
   -7.5000   30.0000  -15.0000 2730.8948    9.8907
    0.0000   30.0000  -15.0000 2739.5994    9.8069
    7.5000   30.0000  -15.0000 2704.6707    9.9838
   -7.5000   37.5000  -15.0000 2660.4363   10.5107
    0.0000   37.5000  -15.0000 2669.8259   10.4270
    7.5000   37.5000  -15.0000 2637.8179   10.5900
   -7.5000   45.0000  -15.0000 2563.3152   11.3243
    0.0000   45.0000  -15.0000 2573.4912   11.2595
    7.5000   45.0000  -15.0000 2542.8748   11.4069
   -7.5000   52.5000  -15.0000 2424.3137   12.3433
    0.0000   52.5000  -15.0000 2437.3323   12.2860
    7.5000   52.5000  -15.0000 2408.6865   12.4393
   -7.5000  -37.5000   -7.5000 2406.5820   12.7111
    0.0000  -37.5000   -7.5000 2415.6121   12.6396
    7.5000  -37.5000   -7.5000 2387.8308   12.7308
   -7.5000  -30.0000   -7.5000 2516.3672   11.4565
    0.0000  -30.0000   -7.5000 2525.8567   11.3793
    7.5000  -30.0000   -7.5000 2502.2407   11.4504
   -7.5000  -22.5000   -7.5000 2628.7722   10.4455
    0.0000  -22.5000   -7.5000 2633.4402   10.3788
    7.5000  -22.5000   -7.5000 2613.1250   10.4585
   -7.5000  -15.0000   -7.5000 2713.2400    9.6852
    0.0000  -15.0000   -7.5000 2728.0886    9.6265
    7.5000  -15.0000   -7.5000 2701.2002    9.7245
   -7.5000   -7.5000   -7.5000 2779.4404    9.1803
    0.0000   -7.5000   -7.5000 2793.0229    9.0940
    7.5000   -7.5000   -7.5000 2768.8179    9.1918
   -7.5000    0.0000   -7.5000 2826.5808    8.8505
    0.0000    0.0000   -7.5000 2834.4119    8.7474
    7.5000    0.0000   -7.5000 2812.0913    8.8618
   -7.5000    7.5000   -7.5000 2860.4321    8.6556
    0.0000    7.5000   -7.5000 2869.1482    8.5328
    7.5000    7.5000   -7.5000 2842.1704    8.6833
   -7.5000   15.0000   -7.5000 2864.4199    8.6626
    0.0000   15.0000   -7.5000 2870.3718    8.5553
    7.5000   15.0000   -7.5000 2847.0410    8.7365
   -7.5000   22.5000   -7.5000 2850.7295    8.9242
    0.0000   22.5000   -7.5000 2860.9663    8.8202
    7.5000   22.5000   -7.5000 2837.0308    9.0133
   -7.5000   30.0000   -7.5000 2812.0442    9.3687
    0.0000   30.0000   -7.5000 2823.7681    9.2626
    7.5000   30.0000   -7.5000 2796.5002    9.4513
   -7.5000   37.5000   -7.5000 2734.9189    9.9796
    0.0000   37.5000   -7.5000 2745.7246    9.8771
    7.5000   37.5000   -7.5000 2723.3464   10.0613
   -7.5000   45.0000   -7.5000 2635.8694   10.7918
    0.0000   45.0000   -7.5000 2642.4607   10.7038
    7.5000   45.0000   -7.5000 2619.8379   10.8705
   -7.5000   52.5000   -7.5000 2488.3462   11.7945
    0.0000   52.5000   -7.5000 2497.3723   11.7025
    7.5000   52.5000   -7.5000 2472.6111   11.8887
   -7.5000  -37.5000    0.0000 2421.8308   12.3560
    0.0000  -37.5000    0.0000 2430.7549   12.2546
    7.5000  -37.5000    0.0000 2405.0312   12.3590
   -7.5000  -30.0000    0.0000 2532.4448   11.1189
    0.0000  -30.0000    0.0000 2542.3013   11.0032
    7.5000  -30.0000    0.0000 2519.2656   11.1021
   -7.5000  -22.5000    0.0000 2643.2546   10.1150
    0.0000  -22.5000    0.0000 2653.7979    9.9986
    7.5000  -22.5000    0.0000 2630.6147   10.1098
   -7.5000  -15.0000    0.0000 2737.1489    9.3361
    0.0000  -15.0000    0.0000 2750.4771    9.2274
    7.5000  -15.0000    0.0000 2725.6560    9.3453
   -7.5000   -7.5000    0.0000 2818.9373    8.7990
    0.0000   -7.5000    0.0000 2831.3059    8.6943
    7.5000   -7.5000    0.0000 2808.3655    8.8037
   -7.5000    0.0000    0.0000 2874.9727    8.4777
    0.0000    0.0000    0.0000 2879.6682    8.3581
    7.5000    0.0000    0.0000 2865.3928    8.4889
   -7.5000    7.5000    0.0000 2921.0398    8.3085
    0.0000    7.5000    0.0000 2929.6960    8.1671
    7.5000    7.5000    0.0000 2901.5867    8.3352
   -7.5000   15.0000    0.0000 2932.0723    8.2973
    0.0000   15.0000    0.0000 2943.4958    8.1619
    7.5000   15.0000    0.0000 2913.8416    8.3864
   -7.5000   22.5000    0.0000 2920.8066    8.5405
    0.0000   22.5000    0.0000 2930.0869    8.4125
    7.5000   22.5000    0.0000 2907.4431    8.6414
   -7.5000   30.0000    0.0000 2875.2756    8.9669
    0.0000   30.0000    0.0000 2888.9136    8.8417
    7.5000   30.0000    0.0000 2862.2378    9.0723
   -7.5000   37.5000    0.0000 2793.8870    9.5791
    0.0000   37.5000    0.0000 2807.3418    9.4544
    7.5000   37.5000    0.0000 2788.3630    9.6872
   -7.5000   45.0000    0.0000 2682.8997   10.3979
    0.0000   45.0000    0.0000 2696.3120   10.2918
    7.5000   45.0000    0.0000 2674.0205   10.5210
   -7.5000   52.5000    0.0000 2530.6143   11.3769
    0.0000   52.5000    0.0000 2544.1453   11.2666
    7.5000   52.5000    0.0000 2518.1997   11.5033
   -7.5000  -37.5000    7.5000 2424.4541   12.1546
    0.0000  -37.5000    7.5000 2427.8689   12.0207
    7.5000  -37.5000    7.5000 2410.4734   12.1762
   -7.5000  -30.0000    7.5000 2535.8955   10.9118
    0.0000  -30.0000    7.5000 2542.3020   10.7826
    7.5000  -30.0000    7.5000 2524.8152   10.9110
   -7.5000  -22.5000    7.5000 2645.2046    9.9101
    0.0000  -22.5000    7.5000 2652.1597    9.8027
    7.5000  -22.5000    7.5000 2634.4661    9.9019
   -7.5000  -15.0000    7.5000 2748.7454    9.1274
    0.0000  -15.0000    7.5000 2756.8181    9.0275
    7.5000  -15.0000    7.5000 2736.5132    9.1312
   -7.5000   -7.5000    7.5000 2835.7454    8.5924
    0.0000   -7.5000    7.5000 2844.0400    8.4860
    7.5000   -7.5000    7.5000 2826.3462    8.6010
   -7.5000    0.0000    7.5000 2916.7156    8.3212
    0.0000    0.0000    7.5000 2918.3750    8.2009
    7.5000    0.0000    7.5000 2903.3784    8.3084
   -7.5000    7.5000    7.5000 2981.0603    8.2000
    0.0000    7.5000    7.5000 2991.4302    8.0881
    7.5000    7.5000    7.5000 2955.7856    8.1774
   -7.5000   15.0000    7.5000 2996.6736    8.1295
    0.0000   15.0000    7.5000 3007.9106    8.0345
    7.5000   15.0000    7.5000 2965.9966    8.1935
   -7.5000   22.5000    7.5000 2975.8362    8.3151
    0.0000   22.5000    7.5000 2983.1970    8.2111
    7.5000   22.5000    7.5000 2950.8293    8.4092
   -7.5000   30.0000    7.5000 2921.5967    8.7033
    0.0000   30.0000    7.5000 2933.5063    8.5928
    7.5000   30.0000    7.5000 2901.1680    8.7965
   -7.5000   37.5000    7.5000 2838.0454    9.3383
    0.0000   37.5000    7.5000 2852.8674    9.2204
    7.5000   37.5000    7.5000 2821.8369    9.3994
   -7.5000   45.0000    7.5000 2717.7627   10.1900
    0.0000   45.0000    7.5000 2732.8850   10.0672
    7.5000   45.0000    7.5000 2706.4451   10.2473
   -7.5000   52.5000    7.5000 2561.9998   11.1556
    0.0000   52.5000    7.5000 2571.9065   11.0332
    7.5000   52.5000    7.5000 2546.2429   11.2248
   -7.5000  -37.5000   15.0000 2415.9426   12.1261
    0.0000  -37.5000   15.0000 2422.0784   12.0009
    7.5000  -37.5000   15.0000 2406.1230   12.1829
   -7.5000  -30.0000   15.0000 2533.3865   10.8457
    0.0000  -30.0000   15.0000 2532.2852   10.7398
    7.5000  -30.0000   15.0000 2524.2300   10.9103
   -7.5000  -22.5000   15.0000 2646.4082    9.8605
    0.0000  -22.5000   15.0000 2640.8926    9.7625
    7.5000  -22.5000   15.0000 2637.4731    9.8809
   -7.5000  -15.0000   15.0000 2755.1589    9.0889
    0.0000  -15.0000   15.0000 2755.1519    9.0319
    7.5000  -15.0000   15.0000 2746.1704    9.0979
   -7.5000   -7.5000   15.0000 2848.9060    8.5769
    0.0000   -7.5000   15.0000 2854.6060    8.5497
    7.5000   -7.5000   15.0000 2837.3564    8.5783
   -7.5000    0.0000   15.0000 2936.5415    8.3447
    0.0000    0.0000   15.0000 2952.9475    8.3343
    7.5000    0.0000   15.0000 2920.9407    8.2888
   -7.5000    7.5000   15.0000 3016.0251    8.2768
    0.0000    7.5000   15.0000 3049.8865    8.2933
    7.5000    7.5000   15.0000 2982.6035    8.1603
   -7.5000   15.0000   15.0000 3033.9695    8.1931
    0.0000   15.0000   15.0000 3070.2329    8.2216
    7.5000   15.0000   15.0000 2996.0046    8.1731
   -7.5000   22.5000   15.0000 3001.4390    8.2930
    0.0000   22.5000   15.0000 3014.5002    8.2535
    7.5000   22.5000   15.0000 2968.7380    8.3495
   -7.5000   30.0000   15.0000 2939.0261    8.6378
    0.0000   30.0000   15.0000 2948.7451    8.5263
    7.5000   30.0000   15.0000 2912.4915    8.7003
   -7.5000   37.5000   15.0000 2847.0100    9.2523
    0.0000   37.5000   15.0000 2858.7468    9.1256
    7.5000   37.5000   15.0000 2829.5513    9.3017
   -7.5000   45.0000   15.0000 2727.0356   10.1010
    0.0000   45.0000   15.0000 2740.1841    9.9645
    7.5000   45.0000   15.0000 2713.0398   10.1447
   -7.5000   52.5000   15.0000 2567.1755   11.0663
    0.0000   52.5000   15.0000 2575.9766   10.9640
    7.5000   52.5000   15.0000 2552.4324   11.1256
   -7.5000  -37.5000   22.5000 2405.5510   12.2700
    0.0000  -37.5000   22.5000 2409.9807   12.1637
    7.5000  -37.5000   22.5000 2397.9690   12.3787
   -7.5000  -30.0000   22.5000 2526.9697   11.0016
    0.0000  -30.0000   22.5000 2528.8621   10.9298
    7.5000  -30.0000   22.5000 2518.5603   11.0897
   -7.5000  -22.5000   22.5000 2639.6577   10.0223
    0.0000  -22.5000   22.5000 2646.4890    9.9988
    7.5000  -22.5000   22.5000 2632.8943   10.0905
   -7.5000  -15.0000   22.5000 2753.6157    9.2500
    0.0000  -15.0000   22.5000 2761.3950    9.2632
    7.5000  -15.0000   22.5000 2737.9583    9.3038
   -7.5000   -7.5000   22.5000 2853.4131    8.7112
    0.0000   -7.5000   22.5000 2863.2327    8.7572
    7.5000   -7.5000   22.5000 2828.5105    8.7574
   -7.5000    0.0000   22.5000 2945.0552    8.4425
    0.0000    0.0000   22.5000 2963.7393    8.5162
    7.5000    0.0000   22.5000 2918.9663    8.4101
   -7.5000    7.5000   22.5000 3003.7749    8.3004
    0.0000    7.5000   22.5000 3040.6658    8.3645
    7.5000    7.5000   22.5000 2971.9985    8.2550
   -7.5000   15.0000   22.5000 3018.0024    8.3037
    0.0000   15.0000   22.5000 3057.0408    8.3147
    7.5000   15.0000   22.5000 2984.7847    8.2923
   -7.5000   22.5000   22.5000 2987.2102    8.5102
    0.0000   22.5000   22.5000 3014.3958    8.4947
    7.5000   22.5000   22.5000 2955.8560    8.5317
   -7.5000   30.0000   22.5000 2922.2334    8.8519
    0.0000   30.0000   22.5000 2935.7419    8.8057
    7.5000   30.0000   22.5000 2894.2695    8.9026
   -7.5000   37.5000   22.5000 2825.4360    9.4214
    0.0000   37.5000   22.5000 2835.5737    9.3305
    7.5000   37.5000   22.5000 2805.6248    9.4777
   -7.5000   45.0000   22.5000 2707.9565   10.2135
    0.0000   45.0000   22.5000 2717.4629   10.0690
    7.5000   45.0000   22.5000 2691.8650   10.2435
   -7.5000   52.5000   22.5000 2552.6191   11.1452
    0.0000   52.5000   22.5000 2560.2808   11.0115
    7.5000   52.5000   22.5000 2538.0718   11.1828
   -7.5000  -37.5000   30.0000 2386.2954   12.6326
    0.0000  -37.5000   30.0000 2390.3882   12.5561
    7.5000  -37.5000   30.0000 2374.4731   12.7843
   -7.5000  -30.0000   30.0000 2511.9026   11.3298
    0.0000  -30.0000   30.0000 2516.4053   11.2290
    7.5000  -30.0000   30.0000 2502.0813   11.4257
   -7.5000  -22.5000   30.0000 2624.7593   10.3058
    0.0000  -22.5000   30.0000 2630.8965   10.2285
    7.5000  -22.5000   30.0000 2618.7473   10.3993
   -7.5000  -15.0000   30.0000 2737.8679    9.5187
    0.0000  -15.0000   30.0000 2736.0120    9.4528
    7.5000  -15.0000   30.0000 2725.8577    9.6043
   -7.5000   -7.5000   30.0000 2837.6382    8.9693
    0.0000   -7.5000   30.0000 2838.9524    8.9435
    7.5000   -7.5000   30.0000 2820.8550    9.0607
   -7.5000    0.0000   30.0000 2921.3586    8.6631
    0.0000    0.0000   30.0000 2932.9966    8.6577
    7.5000    0.0000   30.0000 2902.9629    8.6799
   -7.5000    7.5000   30.0000 2968.9324    8.4641
    0.0000    7.5000   30.0000 2987.9583    8.4174
    7.5000    7.5000   30.0000 2945.9490    8.4889
   -7.5000   15.0000   30.0000 2981.0422    8.4982
    0.0000   15.0000   30.0000 3002.8071    8.4299
    7.5000   15.0000   30.0000 2956.7307    8.5426
   -7.5000   22.5000   30.0000 2943.2280    8.7818
    0.0000   22.5000   30.0000 2969.2109    8.7174
    7.5000   22.5000   30.0000 2923.5835    8.8156
   -7.5000   30.0000   30.0000 2875.7178    9.2103
    0.0000   30.0000   30.0000 2894.1177    9.1327
    7.5000   30.0000   30.0000 2852.7917    9.2323
   -7.5000   37.5000   30.0000 2779.3228    9.7796
    0.0000   37.5000   30.0000 2793.5173    9.7125
    7.5000   37.5000   30.0000 2762.8196    9.8096
   -7.5000   45.0000   30.0000 2665.6892   10.5112
    0.0000   45.0000   30.0000 2674.1929   10.4190
    7.5000   45.0000   30.0000 2649.5779   10.5572
   -7.5000   52.5000   30.0000 2519.5098   11.3791
    0.0000   52.5000   30.0000 2524.9263   11.2806
    7.5000   52.5000   30.0000 2502.1221   11.4289
   -7.5000  -37.5000   37.5000 2356.6641   13.0727
    0.0000  -37.5000   37.5000 2357.4570   12.9160
    7.5000  -37.5000   37.5000 2344.7820   13.2247
   -7.5000  -30.0000   37.5000 2483.2041   11.7116
    0.0000  -30.0000   37.5000 2485.0581   11.5399
    7.5000  -30.0000   37.5000 2470.1331   11.8218
   -7.5000  -22.5000   37.5000 2598.3784   10.6725
    0.0000  -22.5000   37.5000 2597.8972   10.4974
    7.5000  -22.5000   37.5000 2590.7676   10.7681
   -7.5000  -15.0000   37.5000 2708.4932    9.8953
    0.0000  -15.0000   37.5000 2705.5027    9.7520
    7.5000  -15.0000   37.5000 2698.4946    9.9860
   -7.5000   -7.5000   37.5000 2802.4150    9.3283
    0.0000   -7.5000   37.5000 2803.6831    9.2474
    7.5000   -7.5000   37.5000 2791.8042    9.4237
   -7.5000    0.0000   37.5000 2872.6611    8.9734
    0.0000    0.0000   37.5000 2881.1248    8.8895
    7.5000    0.0000   37.5000 2863.3574    9.0417
   -7.5000    7.5000   37.5000 2912.0334    8.7807
    0.0000    7.5000   37.5000 2924.0144    8.6692
    7.5000    7.5000   37.5000 2894.0342    8.8510
   -7.5000   15.0000   37.5000 2916.3096    8.8338
    0.0000   15.0000   37.5000 2929.9351    8.7559
    7.5000   15.0000   37.5000 2901.1133    8.9039
   -7.5000   22.5000   37.5000 2879.2964    9.1440
    0.0000   22.5000   37.5000 2900.4229    9.0675
    7.5000   22.5000   37.5000 2864.5378    9.2034
   -7.5000   30.0000   37.5000 2808.3901    9.5998
    0.0000   30.0000   37.5000 2823.4033    9.5067
    7.5000   30.0000   37.5000 2791.7241    9.6538
   -7.5000   37.5000   37.5000 2721.9912   10.1884
    0.0000   37.5000   37.5000 2732.8071   10.0794
    7.5000   37.5000   37.5000 2705.7959   10.2455
   -7.5000   45.0000   37.5000 2611.5852   10.9588
    0.0000   45.0000   37.5000 2621.6438   10.8631
    7.5000   45.0000   37.5000 2599.3770   11.0337
   -7.5000   52.5000   37.5000 2464.5862   11.8228
    0.0000   52.5000   37.5000 2476.1851   11.7474
    7.5000   52.5000   37.5000 2455.1731   11.8878
   -7.5000  -37.5000   45.0000 2315.0823   13.6266
    0.0000  -37.5000   45.0000 2318.8154   13.3976
    7.5000  -37.5000   45.0000 2305.3218   13.7356
   -7.5000  -30.0000   45.0000 2444.2788   12.2359
    0.0000  -30.0000   45.0000 2446.2158   11.9807
    7.5000  -30.0000   45.0000 2434.7593   12.3242
   -7.5000  -22.5000   45.0000 2559.4702   11.1809
    0.0000  -22.5000   45.0000 2555.5227   10.9344
    7.5000  -22.5000   45.0000 2551.0305   11.2705
   -7.5000  -15.0000   45.0000 2665.1155   10.3793
    0.0000  -15.0000   45.0000 2661.2134   10.1825
    7.5000  -15.0000   45.0000 2654.6416   10.4791
   -7.5000   -7.5000   45.0000 2747.7998    9.7933
    0.0000   -7.5000   45.0000 2752.2771    9.6541
    7.5000   -7.5000   45.0000 2741.7356    9.8912
   -7.5000    0.0000   45.0000 2804.8079    9.4246
    0.0000    0.0000   45.0000 2817.5051    9.2923
    7.5000    0.0000   45.0000 2798.9753    9.5077
   -7.5000    7.5000   45.0000 2838.4263    9.2372
    0.0000    7.5000   45.0000 2844.9495    9.0988
    7.5000    7.5000   45.0000 2825.7998    9.3090
   -7.5000   15.0000   45.0000 2835.3657    9.3141
    0.0000   15.0000   45.0000 2842.7568    9.2045
    7.5000   15.0000   45.0000 2823.7029    9.3805
   -7.5000   22.5000   45.0000 2794.4233    9.6336
    0.0000   22.5000   45.0000 2815.2788    9.5457
    7.5000   22.5000   45.0000 2786.0654    9.6792
   -7.5000   30.0000   45.0000 2729.1519   10.1068
    0.0000   30.0000   45.0000 2739.4355   10.0050
    7.5000   30.0000   45.0000 2716.2732   10.1388
   -7.5000   37.5000   45.0000 2646.3350   10.6877
    0.0000   37.5000   45.0000 2655.5176   10.5740
    7.5000   37.5000   45.0000 2633.6829   10.7450
   -7.5000   45.0000   45.0000 2538.8462   11.4588
    0.0000   45.0000   45.0000 2548.5173   11.3583
    7.5000   45.0000   45.0000 2531.0347   11.5322
   -7.5000   52.5000   45.0000 2394.7639   12.3647
    0.0000   52.5000   45.0000 2405.5801   12.2657
    7.5000   52.5000   45.0000 2388.5959   12.4323
   -7.5000  -37.5000   52.5000 2268.9182   14.3357
    0.0000  -37.5000   52.5000 2278.8521   14.0358
    7.5000  -37.5000   52.5000 2259.1401   14.3668
   -7.5000  -30.0000   52.5000 2394.3994   12.8697
    0.0000  -30.0000   52.5000 2401.8040   12.5860
    7.5000  -30.0000   52.5000 2390.1145   12.9292
   -7.5000  -22.5000   52.5000 2508.2617   11.7801
    0.0000  -22.5000   52.5000 2509.9314   11.5226
    7.5000  -22.5000   52.5000 2502.6353   11.8558
   -7.5000  -15.0000   52.5000 2608.6396   10.9672
    0.0000  -15.0000   52.5000 2608.3730   10.7437
    7.5000  -15.0000   52.5000 2600.3176   11.0684
   -7.5000   -7.5000   52.5000 2683.1165   10.3731
    0.0000   -7.5000   52.5000 2689.1174   10.2034
    7.5000   -7.5000   52.5000 2676.9646   10.4663
   -7.5000    0.0000   52.5000 2729.3528   10.0113
    0.0000    0.0000   52.5000 2740.6028    9.8409
    7.5000    0.0000   52.5000 2721.8179   10.0981
   -7.5000    7.5000   52.5000 2753.4651    9.8310
    0.0000    7.5000   52.5000 2759.8274    9.6761
    7.5000    7.5000   52.5000 2744.6096    9.9009
   -7.5000   15.0000   52.5000 2746.6616    9.8984
    0.0000   15.0000   52.5000 2755.6650    9.7604
    7.5000   15.0000   52.5000 2736.9436    9.9512
   -7.5000   22.5000   52.5000 2708.0315   10.2328
    0.0000   22.5000   52.5000 2722.5762   10.1139
    7.5000   22.5000   52.5000 2697.8960   10.2593
   -7.5000   30.0000   52.5000 2644.2783   10.7076
    0.0000   30.0000   52.5000 2651.3408   10.5854
    7.5000   30.0000   52.5000 2633.6091   10.7314
   -7.5000   37.5000   52.5000 2564.3052   11.2880
    0.0000   37.5000   52.5000 2575.1362   11.1633
    7.5000   37.5000   52.5000 2550.7830   11.3389
   -7.5000   45.0000   52.5000 2459.6575   12.0742
    0.0000   45.0000   52.5000 2468.3909   11.9614
    7.5000   45.0000   52.5000 2448.6511   12.1322
   -7.5000   52.5000   52.5000 2316.2888   13.0135
    0.0000   52.5000   52.5000 2327.5432   12.9142
    7.5000   52.5000   52.5000 2306.7263   13.0831
   -7.5000  -37.5000   60.0000 2194.9404   15.1249
    0.0000  -37.5000   60.0000 2211.6628   14.8438
    7.5000  -37.5000   60.0000 2186.3086   15.0921
   -7.5000  -30.0000   60.0000 2312.3584   13.6024
    0.0000  -30.0000   60.0000 2328.2686   13.3457
    7.5000  -30.0000   60.0000 2308.5999   13.6047
   -7.5000  -22.5000   60.0000 2418.9678   12.4846
    0.0000  -22.5000   60.0000 2433.9414   12.2502
    7.5000  -22.5000   60.0000 2416.6396   12.5375
   -7.5000  -15.0000   60.0000 2513.5483   11.6395
    0.0000  -15.0000   60.0000 2520.6677   11.4419
    7.5000  -15.0000   60.0000 2503.7502   11.7190
   -7.5000   -7.5000   60.0000 2580.0181   11.0471
    0.0000   -7.5000   60.0000 2591.0527   10.8777
    7.5000   -7.5000   60.0000 2572.7109   11.1316
   -7.5000    0.0000   60.0000 2617.0771   10.6693
    0.0000    0.0000   60.0000 2630.6848   10.5194
    7.5000    0.0000   60.0000 2611.0374   10.7676
   -7.5000    7.5000   60.0000 2634.1675   10.4839
    0.0000    7.5000   60.0000 2640.7334   10.3402
    7.5000    7.5000   60.0000 2626.6157   10.5684
   -7.5000   15.0000   60.0000 2621.5847   10.5452
    0.0000   15.0000   60.0000 2635.3254   10.4089
    7.5000   15.0000   60.0000 2617.3547   10.5861
   -7.5000   22.5000   60.0000 2592.7202   10.8566
    0.0000   22.5000   60.0000 2607.3623   10.7194
    7.5000   22.5000   60.0000 2585.6963   10.8921
   -7.5000   30.0000   60.0000 2530.3464   11.3253
    0.0000   30.0000   60.0000 2545.3181   11.2076
    7.5000   30.0000   60.0000 2524.1982   11.3651
   -7.5000   37.5000   60.0000 2455.8706   11.9377
    0.0000   37.5000   60.0000 2467.5417   11.8257
    7.5000   37.5000   60.0000 2444.6831   11.9770
   -7.5000   45.0000   60.0000 2350.3037   12.7599
    0.0000   45.0000   60.0000 2359.9197   12.6503
    7.5000   45.0000   60.0000 2344.4412   12.8125
   -7.5000   52.5000   60.0000 2210.8921   13.7596
    0.0000   52.5000   60.0000 2223.7395   13.6713
    7.5000   52.5000   60.0000 2205.5310   13.8203

---------------------------------------------------------------------
imgreg_4dfp /opt/freesurfer/average/711-2C_as_mni_average_305 /opt/freesurfer/average/711-2B_as_mni_average_305_mask talsrcimg_g11 none talsrcimg_to_711-2C_as_mni_average_305_t4 1283
---------------------------------------------------------------------

freesurfer imgreg_4dfp.c
/opt/freesurfer/average/711-2C_as_mni_average_305.4dfp.img
       256       256       256         1
  1.000000  1.000000  1.000000
orientation T byte_order littleendian
Reading image: /opt/freesurfer/average/711-2C_as_mni_average_305.4dfp.img
dimensions:      256       256       256
mmppix:       1.0000   -1.0000   -1.0000
center:     128.0000 -129.0000 -129.0000
/opt/freesurfer/average/711-2B_as_mni_average_305_mask.4dfp.img
       256       256       256         1
  1.000000  1.000000  1.000000
orientation T byte_order littleendian
Reading mask: /opt/freesurfer/average/711-2B_as_mni_average_305_mask.4dfp.img (2306576 pixels)
talsrcimg_g11.4dfp.img
       256       256       256         1
  1.000000  1.000000  1.000000
orientation T byte_order littleendian
Reading image: talsrcimg_g11.4dfp.img
dimensions:      256       256       256
mmppix:       1.0000   -1.0000   -1.0000
center:     128.0000 -129.0000 -129.0000
rotation matrix determinant  1.000000
fimgreg.f
image alignment mode   1283 decimal      503 hex
parameters
    0.0000   15.0000   15.0000    0.0000    0.0000    0.0000
eta,q 0.96348  8.24779
niter,ni,del,rscale     5    3   12.0000    1.2000
parameter  2  0.548853 ->  0.500000 qaram    1.1500
parameters
   -1.4507   11.5500   17.3801    0.1124   -1.5062    1.8129
eta,q 0.97114  8.28744
  0.0465  0.0336  0.0520  0.0348  0.0356  0.0370
  0.0376  0.0316  0.0444  0.0313  0.0322  0.0344
  0.0333  0.0310  0.0360  0.0300  0.0300  0.0319
  0.0359  0.0330  0.0311  0.0303  0.0303  0.0298
  0.0433  0.0388  0.0304  0.0309  0.0339  0.0288
  0.0513  0.0446  0.0314  0.0317  0.0386  0.0299
  0.0585  0.0497  0.0342  0.0337  0.0453  0.0321
niter,ni,del,rscale     5    3   12.0000    1.2000
parameters
   -1.3712   12.3595   17.4975   -0.8343   -1.7666    1.7271
eta,q 0.97188  8.28092
  0.0507  0.0462  0.0415  0.0316  0.0372  0.0339
  0.0403  0.0357  0.0335  0.0292  0.0330  0.0313
  0.0324  0.0312  0.0290  0.0281  0.0296  0.0293
  0.0289  0.0289  0.0284  0.0284  0.0281  0.0281
  0.0321  0.0285  0.0299  0.0294  0.0299  0.0292
  0.0400  0.0324  0.0338  0.0312  0.0340  0.0317
  0.0493  0.0390  0.0395  0.0344  0.0391  0.0342
niter,ni,del,rscale     4    3   12.0000    1.2000
parameters
   -1.3201   12.6704   17.3493   -0.9099   -1.8444    1.7480
eta,q 0.97208  8.28219
  0.0502  0.0447  0.0402  0.0333  0.0376  0.0340
  0.0399  0.0344  0.0325  0.0301  0.0332  0.0314
  0.0317  0.0306  0.0284  0.0284  0.0296  0.0293
  0.0281  0.0281  0.0280  0.0279  0.0279  0.0279
  0.0315  0.0290  0.0298  0.0289  0.0293  0.0289
  0.0397  0.0341  0.0343  0.0304  0.0334  0.0314
  0.0494  0.0413  0.0404  0.0333  0.0383  0.0340
niter,ni,del,rscale     3    3   12.0000    1.2000
parameters
   -1.2923   12.6896   17.3268   -0.9225   -1.8721    1.7506
eta,q 0.97208  8.28242
  0.0500  0.0433  0.0408  0.0334  0.0377  0.0339
  0.0397  0.0336  0.0329  0.0301  0.0332  0.0314
  0.0314  0.0301  0.0285  0.0284  0.0297  0.0292
  0.0279  0.0279  0.0279  0.0279  0.0279  0.0279
  0.0314  0.0294  0.0296  0.0289  0.0292  0.0289
  0.0396  0.0351  0.0339  0.0303  0.0333  0.0314
  0.0495  0.0423  0.0400  0.0332  0.0382  0.0340
registration optimization eta report
parameter search radius
    6.0000    6.9000    6.0000    6.0000    6.0000    6.0000
100000*second partial in parameter space
       59.       31.       35.       15.       27.       16.
  0.0500  0.0433  0.0408  0.0334  0.0377  0.0339
  0.0397  0.0336  0.0329  0.0301  0.0332  0.0314
  0.0314  0.0301  0.0285  0.0284  0.0297  0.0292
  0.0279  0.0279  0.0279  0.0279  0.0279  0.0279
  0.0314  0.0294  0.0296  0.0289  0.0292  0.0289
  0.0396  0.0351  0.0339  0.0303  0.0333  0.0314
  0.0495  0.0423  0.0400  0.0332  0.0382  0.0340
   -1.2923   12.6896   17.3268   -0.9225   -1.8721    1.7506
eta,q 0.97208  8.28242

---------------------------------------------------------------------
imgreg_4dfp /opt/freesurfer/average/711-2C_as_mni_average_305 /opt/freesurfer/average/711-2B_as_mni_average_305_mask talsrcimg_g11 none talsrcimg_to_711-2C_as_mni_average_305_t4 3335
---------------------------------------------------------------------

freesurfer imgreg_4dfp.c
/opt/freesurfer/average/711-2C_as_mni_average_305.4dfp.img
       256       256       256         1
  1.000000  1.000000  1.000000
orientation T byte_order littleendian
Reading image: /opt/freesurfer/average/711-2C_as_mni_average_305.4dfp.img
dimensions:      256       256       256
mmppix:       1.0000   -1.0000   -1.0000
center:     128.0000 -129.0000 -129.0000
/opt/freesurfer/average/711-2B_as_mni_average_305_mask.4dfp.img
       256       256       256         1
  1.000000  1.000000  1.000000
orientation T byte_order littleendian
Reading mask: /opt/freesurfer/average/711-2B_as_mni_average_305_mask.4dfp.img (2306576 pixels)
talsrcimg_g11.4dfp.img
       256       256       256         1
  1.000000  1.000000  1.000000
orientation T byte_order littleendian
Reading image: talsrcimg_g11.4dfp.img
dimensions:      256       256       256
mmppix:       1.0000   -1.0000   -1.0000
center:     128.0000 -129.0000 -129.0000
fimgreg.f
image alignment mode   3335 decimal      D07 hex
parameters
   -1.2923   12.6896   17.3268   -0.1000   -0.0612   -0.0663
   -3.1071    3.2158    3.0532    1.7090   -3.2669   -1.6091
eta,q 0.97142  8.35289
niter,ni,del,rscale     5    3    5.0000    1.2000
parameter  4  0.519828 ->  0.500000 qaram    1.1500
parameter  5  2.464239 ->  0.500000 qaram    1.1500
parameters
   -1.1993   13.0486   17.1176   -4.2400   -4.2012   -1.8606
   -2.9182    3.5775    3.3074    0.8509   -3.3333   -2.8200
eta,q 0.97610  8.22620
  0.0330  0.0314  0.0305  0.0285  0.0220  0.0257  0.0264  0.0288  0.0259  0.0262  0.0248  0.0248
  0.0307  0.0301  0.0293  0.0276  0.0230  0.0250  0.0251  0.0262  0.0249  0.0250  0.0243  0.0242
  0.0292  0.0291  0.0286  0.0274  0.0250  0.0242  0.0243  0.0245  0.0242  0.0242  0.0240  0.0239
  0.0286  0.0286  0.0285  0.0285  0.0275  0.0235  0.0239  0.0239  0.0239  0.0239  0.0239  0.0239
  0.0290  0.0286  0.0290  0.0313  0.0306  0.0244  0.0242  0.0243  0.0241  0.0244  0.0240  0.0242
  0.0303  0.0292  0.0299  0.0352  0.0336  0.0275  0.0250  0.0256  0.0247  0.0257  0.0243  0.0248
  0.0324  0.0301  0.0312  0.0397  0.0362  0.0321  0.0262  0.0279  0.0257  0.0280  0.0248  0.0257
niter,ni,del,rscale     6    3    5.0000    1.2000
parameters
   -1.0164   12.9091   16.0431   -4.6665   -7.6669   -2.4041
   -3.0245    3.6522    3.6761    1.7759   -2.9876   -2.3564
eta,q 0.97704  8.13505
  0.0269  0.0261  0.0240  0.0264  0.0246  0.0250  0.0252  0.0274  0.0248  0.0259  0.0238  0.0241
  0.0254  0.0248  0.0236  0.0255  0.0234  0.0245  0.0240  0.0250  0.0239  0.0246  0.0233  0.0235
  0.0244  0.0240  0.0236  0.0246  0.0228  0.0239  0.0233  0.0235  0.0234  0.0236  0.0231  0.0232
  0.0239  0.0239  0.0239  0.0236  0.0237  0.0229  0.0231  0.0231  0.0231  0.0231  0.0230  0.0230
  0.0240  0.0243  0.0244  0.0233  0.0258  0.0223  0.0234  0.0235  0.0232  0.0230  0.0231  0.0230
  0.0248  0.0252  0.0253  0.0249  0.0288  0.0240  0.0241  0.0249  0.0236  0.0236  0.0233  0.0233
  0.0262  0.0266  0.0263  0.0284  0.0323  0.0274  0.0253  0.0271  0.0245  0.0249  0.0236  0.0239
niter,ni,del,rscale     5    3    5.0000    1.2000
parameters
   -0.9469   13.3420   16.5155   -3.4002   -8.4825   -2.2974
   -3.1857    3.7434    3.5866    1.6681   -2.8608   -2.7609
eta,q 0.97763  8.15390
  0.0255  0.0263  0.0245  0.0257  0.0260  0.0249  0.0246  0.0270  0.0240  0.0246  0.0233  0.0233
  0.0242  0.0247  0.0237  0.0247  0.0244  0.0241  0.0234  0.0245  0.0231  0.0234  0.0228  0.0228
  0.0233  0.0236  0.0231  0.0240  0.0230  0.0234  0.0226  0.0229  0.0225  0.0227  0.0225  0.0225
  0.0230  0.0230  0.0229  0.0229  0.0223  0.0224  0.0224  0.0224  0.0224  0.0224  0.0224  0.0224
  0.0231  0.0229  0.0229  0.0220  0.0232  0.0216  0.0227  0.0229  0.0225  0.0225  0.0225  0.0225
  0.0239  0.0235  0.0231  0.0226  0.0253  0.0228  0.0235  0.0244  0.0231  0.0233  0.0227  0.0229
  0.0253  0.0246  0.0236  0.0252  0.0281  0.0260  0.0248  0.0268  0.0241  0.0249  0.0233  0.0236
niter,ni,del,rscale     4    3    5.0000    1.2000
parameters
   -0.9629   13.4104   16.8036   -3.4079   -8.7162   -1.9855
   -3.1284    3.7149    3.5484    1.5788   -2.8592   -2.8127
eta,q 0.97775  8.15533
  0.0251  0.0250  0.0239  0.0253  0.0264  0.0249  0.0247  0.0268  0.0240  0.0245  0.0232  0.0233
  0.0236  0.0236  0.0231  0.0244  0.0247  0.0241  0.0234  0.0243  0.0230  0.0233  0.0227  0.0227
  0.0227  0.0227  0.0226  0.0236  0.0233  0.0233  0.0225  0.0228  0.0224  0.0225  0.0224  0.0224
  0.0224  0.0224  0.0224  0.0224  0.0224  0.0224  0.0222  0.0222  0.0222  0.0222  0.0223  0.0223
  0.0227  0.0226  0.0224  0.0219  0.0228  0.0216  0.0225  0.0228  0.0224  0.0224  0.0224  0.0224
  0.0236  0.0234  0.0227  0.0233  0.0247  0.0226  0.0233  0.0244  0.0230  0.0232  0.0227  0.0227
  0.0253  0.0247  0.0233  0.0266  0.0273  0.0256  0.0246  0.0268  0.0240  0.0247  0.0232  0.0234
niter,ni,del,rscale     3    3    5.0000    1.2000
parameters
   -0.9651   13.4009   16.8551   -3.3778   -8.7677   -1.9779
   -3.1103    3.7162    3.5506    1.5472   -2.8331   -2.7706
eta,q 0.97775  8.15446
  0.0251  0.0247  0.0236  0.0253  0.0264  0.0248  0.0246  0.0268  0.0240  0.0245  0.0232  0.0234
  0.0236  0.0234  0.0228  0.0244  0.0247  0.0240  0.0233  0.0243  0.0230  0.0233  0.0227  0.0228
  0.0226  0.0225  0.0224  0.0235  0.0232  0.0232  0.0225  0.0228  0.0225  0.0225  0.0224  0.0224
  0.0223  0.0223  0.0223  0.0223  0.0222  0.0223  0.0223  0.0223  0.0223  0.0222  0.0223  0.0223
  0.0226  0.0225  0.0224  0.0218  0.0225  0.0216  0.0225  0.0228  0.0224  0.0224  0.0223  0.0223
  0.0235  0.0234  0.0228  0.0233  0.0244  0.0228  0.0233  0.0243  0.0230  0.0232  0.0227  0.0227
  0.0251  0.0248  0.0235  0.0265  0.0270  0.0260  0.0246  0.0268  0.0240  0.0247  0.0232  0.0234
niter,ni,del,rscale     2    3    5.0000    1.2000
parameters
   -0.9650   13.3970   16.8745   -3.3682   -8.7837   -1.9673
   -3.1075    3.7164    3.5433    1.5277   -2.8341   -2.7473
eta,q 0.97775  8.15441
  0.0251  0.0247  0.0236  0.0253  0.0264  0.0248  0.0246  0.0268  0.0240  0.0245  0.0232  0.0234
  0.0236  0.0234  0.0228  0.0244  0.0247  0.0240  0.0233  0.0243  0.0230  0.0233  0.0227  0.0228
  0.0226  0.0225  0.0224  0.0235  0.0232  0.0232  0.0225  0.0228  0.0225  0.0225  0.0223  0.0224
  0.0222  0.0222  0.0223  0.0223  0.0222  0.0223  0.0222  0.0222  0.0222  0.0222  0.0222  0.0222
  0.0225  0.0225  0.0224  0.0218  0.0225  0.0216  0.0225  0.0228  0.0224  0.0224  0.0223  0.0223
  0.0235  0.0234  0.0228  0.0233  0.0243  0.0228  0.0233  0.0243  0.0230  0.0232  0.0226  0.0227
  0.0251  0.0248  0.0235  0.0266  0.0269  0.0260  0.0246  0.0268  0.0240  0.0247  0.0232  0.0234
registration optimization eta report
parameter search radius
    2.4000    2.4000    2.4000    8.2800    8.2800    7.2000
    7.2000    7.2000    7.2000    7.2000    7.2000    7.2000
100000*second partial in parameter space
       49.       43.       22.        5.        6.        6.
        5.        9.        3.        5.        2.        2.
  0.0251  0.0247  0.0236  0.0253  0.0264  0.0248  0.0246  0.0268  0.0240  0.0245  0.0232  0.0234
  0.0236  0.0234  0.0228  0.0244  0.0247  0.0240  0.0233  0.0243  0.0230  0.0233  0.0227  0.0228
  0.0226  0.0225  0.0224  0.0235  0.0232  0.0232  0.0225  0.0228  0.0225  0.0225  0.0223  0.0224
  0.0222  0.0222  0.0223  0.0223  0.0222  0.0223  0.0222  0.0222  0.0222  0.0222  0.0222  0.0222
  0.0225  0.0225  0.0224  0.0218  0.0225  0.0216  0.0225  0.0228  0.0224  0.0224  0.0223  0.0223
  0.0235  0.0234  0.0228  0.0233  0.0243  0.0228  0.0233  0.0243  0.0230  0.0232  0.0226  0.0227
  0.0251  0.0248  0.0235  0.0266  0.0269  0.0260  0.0246  0.0268  0.0240  0.0247  0.0232  0.0234
   -0.9650   13.3970   16.8745   -3.3682   -8.7837   -1.9673
   -3.1075    3.7164    3.5433    1.5277   -2.8341   -2.7473
eta,q 0.97775  8.15441

---------------------------------------------------------------------
imgreg_4dfp /opt/freesurfer/average/711-2C_as_mni_average_305 /opt/freesurfer/average/711-2B_as_mni_average_305_mask talsrcimg_g11 none talsrcimg_to_711-2C_as_mni_average_305_t4 2311
---------------------------------------------------------------------

freesurfer imgreg_4dfp.c
/opt/freesurfer/average/711-2C_as_mni_average_305.4dfp.img
       256       256       256         1
  1.000000  1.000000  1.000000
orientation T byte_order littleendian
Reading image: /opt/freesurfer/average/711-2C_as_mni_average_305.4dfp.img
dimensions:      256       256       256
mmppix:       1.0000   -1.0000   -1.0000
center:     128.0000 -129.0000 -129.0000
/opt/freesurfer/average/711-2B_as_mni_average_305_mask.4dfp.img
       256       256       256         1
  1.000000  1.000000  1.000000
orientation T byte_order littleendian
Reading mask: /opt/freesurfer/average/711-2B_as_mni_average_305_mask.4dfp.img (2306576 pixels)
talsrcimg_g11.4dfp.img
       256       256       256         1
  1.000000  1.000000  1.000000
orientation T byte_order littleendian
Reading image: talsrcimg_g11.4dfp.img
dimensions:      256       256       256
mmppix:       1.0000   -1.0000   -1.0000
center:     128.0000 -129.0000 -129.0000
fimgreg.f
image alignment mode   2311 decimal      907 hex
parameters
   -0.9650   13.3970   16.8745   -3.3682   -8.7837   -1.9673
   -3.1075    3.7164    3.5433    1.5277   -2.8341   -2.7473
eta,q 0.97775  8.15441
niter,ni,del,rscale     5    3    5.0000    0.8000
parameters
   -0.9449   13.3983   16.8546   -1.4582   -8.5188   -1.2708
   -3.2235    3.7495    3.4948    1.8580   -3.0769   -2.8574
eta,q 0.97848  8.22317
  0.0236  0.0234  0.0228  0.0242  0.0238  0.0235  0.0229  0.0245  0.0225  0.0229  0.0222  0.0221
  0.0229  0.0228  0.0225  0.0237  0.0230  0.0230  0.0221  0.0229  0.0220  0.0222  0.0218  0.0218
  0.0224  0.0224  0.0223  0.0230  0.0222  0.0224  0.0217  0.0219  0.0216  0.0218  0.0216  0.0216
  0.0222  0.0222  0.0222  0.0222  0.0218  0.0218  0.0215  0.0215  0.0215  0.0215  0.0215  0.0215
  0.0224  0.0224  0.0223  0.0218  0.0218  0.0214  0.0217  0.0219  0.0216  0.0216  0.0216  0.0216
  0.0228  0.0227  0.0225  0.0219  0.0225  0.0218  0.0222  0.0229  0.0220  0.0219  0.0219  0.0218
  0.0235  0.0234  0.0228  0.0227  0.0236  0.0232  0.0230  0.0244  0.0225  0.0226  0.0224  0.0222
niter,ni,del,rscale     4    3    5.0000    0.7000
parameters
   -1.0639   13.2734   17.0956   -1.7507   -8.3998   -0.7872
   -3.1928    3.6298    3.5567    1.7170   -3.2099   -2.8484
eta,q 0.97865  8.23238
  0.0226  0.0223  0.0223  0.0230  0.0231  0.0231  0.0225  0.0236  0.0221  0.0223  0.0219  0.0218
  0.0219  0.0218  0.0219  0.0223  0.0224  0.0226  0.0219  0.0223  0.0217  0.0218  0.0216  0.0216
  0.0216  0.0216  0.0216  0.0217  0.0218  0.0220  0.0215  0.0216  0.0214  0.0215  0.0214  0.0214
  0.0215  0.0215  0.0215  0.0215  0.0215  0.0215  0.0214  0.0214  0.0213  0.0213  0.0213  0.0214
  0.0218  0.0217  0.0215  0.0217  0.0216  0.0212  0.0215  0.0217  0.0214  0.0214  0.0214  0.0214
  0.0223  0.0221  0.0216  0.0225  0.0221  0.0217  0.0218  0.0226  0.0217  0.0218  0.0217  0.0215
  0.0230  0.0226  0.0219  0.0238  0.0231  0.0229  0.0224  0.0238  0.0221  0.0225  0.0220  0.0218
niter,ni,del,rscale     3    3    5.0000    0.6000
parameters
   -1.0937   13.2120   17.1187   -1.7816   -8.3104   -0.5443
   -3.2358    3.5991    3.6016    1.7475   -3.2825   -2.8824
eta,q 0.97872  8.23951
  0.0223  0.0220  0.0219  0.0227  0.0226  0.0228  0.0221  0.0231  0.0219  0.0220  0.0218  0.0216
  0.0217  0.0216  0.0216  0.0221  0.0220  0.0223  0.0216  0.0221  0.0215  0.0217  0.0215  0.0214
  0.0214  0.0214  0.0214  0.0216  0.0216  0.0218  0.0214  0.0215  0.0214  0.0214  0.0213  0.0213
  0.0214  0.0213  0.0213  0.0213  0.0214  0.0213  0.0213  0.0213  0.0213  0.0213  0.0213  0.0213
  0.0215  0.0215  0.0214  0.0215  0.0214  0.0212  0.0214  0.0215  0.0213  0.0213  0.0213  0.0213
  0.0218  0.0217  0.0216  0.0220  0.0218  0.0217  0.0217  0.0222  0.0215  0.0216  0.0215  0.0214
  0.0224  0.0222  0.0218  0.0229  0.0226  0.0228  0.0221  0.0231  0.0218  0.0221  0.0218  0.0217
niter,ni,del,rscale     2    3    5.0000    0.5000
parameters
   -1.1107   13.1878   17.1330   -1.7514   -8.2346   -0.3498
   -3.2642    3.5783    3.6147    1.8108   -3.3100   -2.9747
eta,q 0.97876  8.24593
  0.0220  0.0218  0.0217  0.0223  0.0222  0.0224  0.0218  0.0226  0.0216  0.0218  0.0216  0.0215
  0.0216  0.0215  0.0215  0.0218  0.0218  0.0220  0.0215  0.0218  0.0214  0.0215  0.0214  0.0213
  0.0213  0.0213  0.0213  0.0215  0.0214  0.0216  0.0213  0.0214  0.0213  0.0213  0.0213  0.0213
  0.0213  0.0213  0.0213  0.0213  0.0213  0.0213  0.0212  0.0212  0.0212  0.0212  0.0212  0.0212
  0.0214  0.0214  0.0213  0.0214  0.0213  0.0212  0.0213  0.0214  0.0213  0.0213  0.0213  0.0213
  0.0216  0.0215  0.0214  0.0217  0.0216  0.0216  0.0215  0.0219  0.0214  0.0215  0.0214  0.0214
  0.0220  0.0218  0.0216  0.0223  0.0222  0.0224  0.0218  0.0226  0.0216  0.0218  0.0216  0.0215
niter,ni,del,rscale     1    3    5.0000    0.4000
parameters
   -1.1231   13.1701   17.1494   -1.7388   -8.1649   -0.1781
   -3.2830    3.5536    3.6301    1.8651   -3.3320   -3.0748
eta,q 0.97878  8.25114
  0.0217  0.0216  0.0215  0.0219  0.0219  0.0221  0.0216  0.0221  0.0215  0.0216  0.0215  0.0214
  0.0214  0.0214  0.0214  0.0216  0.0216  0.0217  0.0214  0.0216  0.0213  0.0214  0.0213  0.0213
  0.0213  0.0213  0.0213  0.0213  0.0213  0.0214  0.0213  0.0213  0.0212  0.0213  0.0212  0.0212
  0.0212  0.0212  0.0212  0.0212  0.0212  0.0212  0.0212  0.0212  0.0212  0.0212  0.0212  0.0212
  0.0213  0.0213  0.0213  0.0213  0.0213  0.0212  0.0213  0.0213  0.0212  0.0212  0.0212  0.0212
  0.0215  0.0214  0.0213  0.0215  0.0215  0.0215  0.0214  0.0216  0.0213  0.0214  0.0213  0.0213
  0.0217  0.0216  0.0215  0.0219  0.0218  0.0220  0.0216  0.0221  0.0215  0.0216  0.0215  0.0214
registration optimization eta report
parameter search radius
    0.8000    0.8000    0.8000    2.4000    2.4000    2.4000
    2.4000    2.4000    2.4000    2.4000    2.4000    2.4000
100000*second partial in parameter space
       71.       53.       39.       12.       11.       14.
        7.       16.        5.        6.        4.        3.
  0.0217  0.0216  0.0215  0.0219  0.0219  0.0221  0.0216  0.0221  0.0215  0.0216  0.0215  0.0214
  0.0214  0.0214  0.0214  0.0216  0.0216  0.0217  0.0214  0.0216  0.0213  0.0214  0.0213  0.0213
  0.0213  0.0213  0.0213  0.0213  0.0213  0.0214  0.0213  0.0213  0.0212  0.0213  0.0212  0.0212
  0.0212  0.0212  0.0212  0.0212  0.0212  0.0212  0.0212  0.0212  0.0212  0.0212  0.0212  0.0212
  0.0213  0.0213  0.0213  0.0213  0.0213  0.0212  0.0213  0.0213  0.0212  0.0212  0.0212  0.0212
  0.0215  0.0214  0.0213  0.0215  0.0215  0.0215  0.0214  0.0216  0.0213  0.0214  0.0213  0.0213
  0.0217  0.0216  0.0215  0.0219  0.0218  0.0220  0.0216  0.0221  0.0215  0.0216  0.0215  0.0214
   -1.1231   13.1701   17.1494   -1.7388   -8.1649   -0.1781
   -3.2830    3.5536    3.6301    1.8651   -3.3320   -3.0748
eta,q 0.97878  8.25114

---------------------------------------------------------------------
imgreg_4dfp /opt/freesurfer/average/711-2C_as_mni_average_305 /opt/freesurfer/average/711-2B_as_mni_average_305_mask talsrcimg_g11 none talsrcimg_to_711-2C_as_mni_average_305_t4 2311
---------------------------------------------------------------------

freesurfer imgreg_4dfp.c
/opt/freesurfer/average/711-2C_as_mni_average_305.4dfp.img
       256       256       256         1
  1.000000  1.000000  1.000000
orientation T byte_order littleendian
Reading image: /opt/freesurfer/average/711-2C_as_mni_average_305.4dfp.img
dimensions:      256       256       256
mmppix:       1.0000   -1.0000   -1.0000
center:     128.0000 -129.0000 -129.0000
/opt/freesurfer/average/711-2B_as_mni_average_305_mask.4dfp.img
       256       256       256         1
  1.000000  1.000000  1.000000
orientation T byte_order littleendian
Reading mask: /opt/freesurfer/average/711-2B_as_mni_average_305_mask.4dfp.img (2306576 pixels)
talsrcimg_g11.4dfp.img
       256       256       256         1
  1.000000  1.000000  1.000000
orientation T byte_order littleendian
Reading image: talsrcimg_g11.4dfp.img
dimensions:      256       256       256
mmppix:       1.0000   -1.0000   -1.0000
center:     128.0000 -129.0000 -129.0000
fimgreg.f
image alignment mode   2311 decimal      907 hex
parameters
   -1.1231   13.1701   17.1494   -1.7388   -8.1649   -0.1781
   -3.2830    3.5536    3.6301    1.8651   -3.3320   -3.0748
eta,q 0.97878  8.25114
niter,ni,del,rscale     5    3    5.0000    0.8000
parameters
   -1.1140   13.1607   17.1937   -2.2220   -8.4350   -0.7204
   -3.2333    3.6236    3.6970    1.5832   -3.3184   -2.6968
eta,q 0.97860  8.22488
  0.0230  0.0226  0.0223  0.0230  0.0231  0.0231  0.0228  0.0244  0.0224  0.0225  0.0222  0.0221
  0.0220  0.0218  0.0217  0.0223  0.0222  0.0225  0.0220  0.0228  0.0218  0.0219  0.0217  0.0217
  0.0214  0.0214  0.0213  0.0215  0.0216  0.0218  0.0216  0.0218  0.0215  0.0215  0.0215  0.0215
  0.0212  0.0212  0.0212  0.0212  0.0213  0.0213  0.0214  0.0214  0.0214  0.0214  0.0214  0.0214
  0.0214  0.0214  0.0213  0.0215  0.0215  0.0215  0.0216  0.0217  0.0215  0.0215  0.0215  0.0214
  0.0220  0.0219  0.0217  0.0226  0.0224  0.0228  0.0220  0.0227  0.0218  0.0220  0.0218  0.0216
  0.0230  0.0226  0.0222  0.0244  0.0238  0.0250  0.0227  0.0242  0.0223  0.0229  0.0222  0.0219
niter,ni,del,rscale     4    3    5.0000    0.7000
parameters
   -1.0734   13.2042   17.0837   -1.9638   -8.3790   -0.7527
   -3.2666    3.6639    3.6680    1.6809   -3.3133   -2.7829
eta,q 0.97864  8.23048
  0.0227  0.0224  0.0220  0.0232  0.0229  0.0230  0.0224  0.0238  0.0221  0.0224  0.0220  0.0218
  0.0220  0.0219  0.0216  0.0225  0.0222  0.0225  0.0218  0.0225  0.0217  0.0219  0.0216  0.0216
  0.0216  0.0215  0.0214  0.0218  0.0217  0.0218  0.0215  0.0216  0.0214  0.0215  0.0214  0.0214
  0.0214  0.0214  0.0214  0.0214  0.0214  0.0214  0.0214  0.0214  0.0214  0.0214  0.0214  0.0214
  0.0215  0.0215  0.0215  0.0214  0.0214  0.0213  0.0215  0.0216  0.0214  0.0214  0.0214  0.0214
  0.0219  0.0218  0.0218  0.0219  0.0220  0.0220  0.0219  0.0224  0.0217  0.0217  0.0216  0.0216
  0.0226  0.0223  0.0222  0.0230  0.0230  0.0236  0.0224  0.0237  0.0221  0.0224  0.0220  0.0219
niter,ni,del,rscale     3    3    5.0000    0.6000
parameters
   -1.0834   13.2091   17.0941   -1.8133   -8.3027   -0.5613
   -3.2700    3.6356    3.6373    1.7530   -3.3083   -2.8806
eta,q 0.97871  8.23897
  0.0223  0.0221  0.0219  0.0228  0.0226  0.0228  0.0221  0.0231  0.0218  0.0221  0.0218  0.0216
  0.0218  0.0217  0.0216  0.0222  0.0220  0.0223  0.0217  0.0221  0.0215  0.0217  0.0215  0.0214
  0.0214  0.0214  0.0214  0.0216  0.0216  0.0217  0.0214  0.0215  0.0214  0.0214  0.0213  0.0213
  0.0214  0.0214  0.0214  0.0214  0.0213  0.0213  0.0213  0.0213  0.0213  0.0213  0.0213  0.0213
  0.0215  0.0214  0.0214  0.0214  0.0214  0.0212  0.0214  0.0215  0.0213  0.0213  0.0213  0.0213
  0.0218  0.0217  0.0216  0.0218  0.0218  0.0217  0.0217  0.0222  0.0215  0.0216  0.0215  0.0215
  0.0223  0.0221  0.0218  0.0227  0.0226  0.0228  0.0221  0.0231  0.0219  0.0221  0.0218  0.0217
niter,ni,del,rscale     2    3    5.0000    0.5000
parameters
   -1.1026   13.1862   17.1236   -1.7570   -8.2274   -0.3545
   -3.2728    3.5915    3.6291    1.8063   -3.3193   -2.9643
eta,q 0.97876  8.24590
  0.0220  0.0218  0.0217  0.0223  0.0222  0.0224  0.0218  0.0226  0.0216  0.0218  0.0216  0.0215
  0.0216  0.0215  0.0215  0.0218  0.0218  0.0220  0.0215  0.0218  0.0214  0.0215  0.0214  0.0214
  0.0214  0.0213  0.0213  0.0215  0.0214  0.0216  0.0213  0.0214  0.0213  0.0213  0.0213  0.0213
  0.0213  0.0213  0.0213  0.0213  0.0213  0.0213  0.0212  0.0212  0.0212  0.0212  0.0212  0.0212
  0.0214  0.0214  0.0213  0.0214  0.0213  0.0212  0.0213  0.0214  0.0213  0.0213  0.0213  0.0213
  0.0216  0.0215  0.0214  0.0217  0.0216  0.0216  0.0215  0.0219  0.0214  0.0215  0.0214  0.0214
  0.0220  0.0218  0.0216  0.0223  0.0222  0.0224  0.0218  0.0226  0.0216  0.0218  0.0216  0.0215
niter,ni,del,rscale     1    3    5.0000    0.4000
parameters
   -1.1176   13.1728   17.1444   -1.7429   -8.1710   -0.1815
   -3.2911    3.5614    3.6427    1.8687   -3.3332   -3.0889
eta,q 0.97878  8.25090
  0.0217  0.0216  0.0215  0.0219  0.0219  0.0221  0.0216  0.0221  0.0215  0.0216  0.0214  0.0214
  0.0214  0.0214  0.0214  0.0216  0.0216  0.0217  0.0214  0.0216  0.0213  0.0214  0.0213  0.0213
  0.0213  0.0213  0.0213  0.0213  0.0213  0.0214  0.0213  0.0213  0.0212  0.0213  0.0212  0.0212
  0.0212  0.0212  0.0212  0.0212  0.0212  0.0212  0.0212  0.0212  0.0212  0.0212  0.0212  0.0212
  0.0213  0.0213  0.0213  0.0213  0.0213  0.0212  0.0213  0.0213  0.0212  0.0212  0.0212  0.0212
  0.0215  0.0214  0.0213  0.0215  0.0215  0.0215  0.0214  0.0216  0.0213  0.0214  0.0213  0.0213
  0.0217  0.0216  0.0215  0.0219  0.0218  0.0220  0.0216  0.0221  0.0215  0.0216  0.0215  0.0214
registration optimization eta report
parameter search radius
    0.8000    0.8000    0.8000    2.4000    2.4000    2.4000
    2.4000    2.4000    2.4000    2.4000    2.4000    2.4000
100000*second partial in parameter space
       72.       54.       39.       12.       11.       14.
        7.       15.        5.        7.        4.        3.
  0.0217  0.0216  0.0215  0.0219  0.0219  0.0221  0.0216  0.0221  0.0215  0.0216  0.0214  0.0214
  0.0214  0.0214  0.0214  0.0216  0.0216  0.0217  0.0214  0.0216  0.0213  0.0214  0.0213  0.0213
  0.0213  0.0213  0.0213  0.0213  0.0213  0.0214  0.0213  0.0213  0.0212  0.0213  0.0212  0.0212
  0.0212  0.0212  0.0212  0.0212  0.0212  0.0212  0.0212  0.0212  0.0212  0.0212  0.0212  0.0212
  0.0213  0.0213  0.0213  0.0213  0.0213  0.0212  0.0213  0.0213  0.0212  0.0212  0.0212  0.0212
  0.0215  0.0214  0.0213  0.0215  0.0215  0.0215  0.0214  0.0216  0.0213  0.0214  0.0213  0.0213
  0.0217  0.0216  0.0215  0.0219  0.0218  0.0220  0.0216  0.0221  0.0215  0.0216  0.0215  0.0214
   -1.1176   13.1728   17.1444   -1.7429   -8.1710   -0.1815
   -3.2911    3.5614    3.6427    1.8687   -3.3332   -3.0889
eta,q 0.97878  8.25090

---------------------------------------------------------------------
compute_vox2vox talsrcimg talsrcimg_to_711-2C_as_mni_average_305_t4 /opt/freesurfer/average/711-2C_as_mni_average_305
---------------------------------------------------------------------

freesurfer compute_vox2vox.c
Reading: talsrcimg.4dfp.ifh
Reading: talsrcimg_to_711-2C_as_mni_average_305_t4
Reading: /opt/freesurfer/average/711-2C_as_mni_average_305.4dfp.ifh
Writing: talsrcimg_to_711-2C_as_mni_average_305_t4_vox2vox.txt

start time Fri Mar 13 04:01:31 CET 2026
end		time Fri Mar 13 04:01:45 CET 2026

mpr2mni305 success

avi2talxfm orig_nu.mgz /opt/freesurfer/average/mni305.cor.mgz talsrcimg_to_711-2C_as_mni_average_305_t4_vox2vox.txt transforms/talairach.auto.xfm
avi2talxfm done
mv -f /out/sourcedata/freesurfer/sub-v2s4x29594_ses-1/mri/talsrcimg_to_711-2C_as_mni_average_305_t4_vox2vox.txt /out/sourcedata/freesurfer/sub-v2s4x29594_ses-1/mri/transforms/talsrcimg_to_711-2C_as_mni_average_305_t4_vox2vox.txt
lta_convert --src orig_nu.mgz --trg /opt/freesurfer/average/mni305.cor.mgz --inxfm transforms/talairach.auto.xfm --outlta transforms/talairach.auto.xfm.lta --subject fsaverage
7.3.2

--src: orig_nu.mgz src image (geometry).
--trg: /opt/freesurfer/average/mni305.cor.mgz trg image (geometry).
--inmni: transforms/talairach.auto.xfm input MNI/XFM transform.
--outlta: transforms/talairach.auto.xfm.lta output LTA.
--s: fsaverage subject name
 LTA read, type : 1
 1.01518  -0.03688   0.03514   1.46661;
 0.03263   1.00000   0.03481  -16.92823;
-0.04093  -0.01889   1.08688  -27.49353;
 0.00000   0.00000   0.00000   1.00000;
setting subject to fsaverage
Writing  LTA to file transforms/talairach.auto.xfm.lta...
lta_convert successful.
 
 
Started at Fri Mar 13 04:01:31 CET 2026
Ended   at Fri Mar 13 04:01:45 CET 2026
talairach_avi done
