/out/sourcedata/freesurfer/sub-v2s4x29621_ses-1/mri
/opt/freesurfer/bin/talairach_avi
--i orig_nu.mgz --xfm transforms/talairach.auto.xfm
talairach_avi 7.3.2
Linux dna086 5.14.0-427.37.1.el9_4.x86_64 #1 SMP PREEMPT_DYNAMIC Fri Sep 13 12:41:50 EDT 2024 x86_64 x86_64 x86_64 GNU/Linux
Fri Mar 13 05:38:28 CET 2026
mri_convert orig_nu.mgz talsrcimg.img 
reading from orig_nu.mgz...
TR=0.00, TE=0.00, TI=0.00, flip angle=0.00
i_ras = (-1, 1.72804e-11, 0)
j_ras = (0, -1.16415e-10, -1)
k_ras = (-3.74257e-09, 1, 0)
writing to talsrcimg.img...
Analyze Output Matrix
-1.00000   0.00000  -0.00000   124.01907;
 0.00000  -0.00000   1.00000  -135.59900;
 0.00000  -1.00000   0.00000   134.85443;
 0.00000   0.00000   0.00000   1.00000;
--------------------
INFO: set hdr.hist.orient to -1
mpr2mni305 talsrcimg
Fri Mar 13 05:38:29 CET 2026
/opt/freesurfer/bin/mpr2mni305 talsrcimg
mpr2mni305 7.3.2
target=711-2C_as_mni_average_305

---------------------------------------------------------------------
analyzeto4dfp talsrcimg -O0 -y
---------------------------------------------------------------------

freesurfer ifh2hdr.c
Fri Mar 13 05:38:29 2026
Writing: talsrcimg.4dfp.hdr
freesurfer analyzeto4dfp.c
Reading: talsrcimg.hdr
header size 348 bytes
hdr.dime.datatype	offset=70	value=2
hdr.dime.bitpix		offset=72	value=8
hdr.hist.orient		offset=252	value=-1
dimensionality     4
dimensions       256       256       256         1
Reading: talsrcimg.img
Writing: talsrcimg.4dfp.img
Writing: talsrcimg.4dfp.ifh
ifh2hdr talsrcimg -r0to255
ori=2

---------------------------------------------------------------------
gauss_4dfp talsrcimg 1.1
---------------------------------------------------------------------

freesurfer gauss_4dfp.c
Reading: talsrcimg.4dfp.img
Writing: talsrcimg_g11.4dfp.img
image dimensions 256 256 256 padded to 288 288 288
processing volume 1freesurfer ifh2hdr.c
Fri Mar 13 05:38:30 2026
Writing: talsrcimg_g11.4dfp.hdr

Writing: talsrcimg_g11.4dfp.ifh
including: talsrcimg.4dfp.img.rec in talsrcimg_g11.4dfp.img.rec

---------------------------------------------------------------------
imgreg_4dfp /opt/freesurfer/average/711-2C_as_mni_average_305 none talsrcimg_g11 none talsrcimg_to_711-2C_as_mni_average_305_t4 4355
---------------------------------------------------------------------

freesurfer imgreg_4dfp.c
/opt/freesurfer/average/711-2C_as_mni_average_305.4dfp.img
       256       256       256         1
  1.000000  1.000000  1.000000
orientation T byte_order littleendian
Reading image: /opt/freesurfer/average/711-2C_as_mni_average_305.4dfp.img
dimensions:      256       256       256
mmppix:       1.0000   -1.0000   -1.0000
center:     128.0000 -129.0000 -129.0000
talsrcimg_g11.4dfp.img
       256       256       256         1
  1.000000  1.000000  1.000000
orientation T byte_order littleendian
Reading image: talsrcimg_g11.4dfp.img
dimensions:      256       256       256
mmppix:       1.0000   -1.0000   -1.0000
center:     128.0000 -129.0000 -129.0000
t4_read: open error in t4_sub.f l:  41 t4_file(1:l)talsrcimg_to_711-2C_as_mni_average_305_t4 
t4_read: transform initialized to I4
rotation matrix determinant  1.000000
image alignment mode   4355 decimal     1103 hex
   -7.5000  -45.0000  -45.0000 5784.2280   15.5381
    0.0000  -45.0000  -45.0000 5987.7935   15.5605
    7.5000  -45.0000  -45.0000 5779.4277   15.6018
   -7.5000  -37.5000  -45.0000 6307.5332   15.2626
    0.0000  -37.5000  -45.0000 6547.3223   15.2860
    7.5000  -37.5000  -45.0000 6313.0889   15.3257
   -7.5000  -30.0000  -45.0000 7116.9624   15.0998
    0.0000  -30.0000  -45.0000 7414.4756   15.1285
    7.5000  -30.0000  -45.0000 7136.6235   15.1675
   -7.5000  -22.5000  -45.0000 7948.3330   15.0819
    0.0000  -22.5000  -45.0000 8294.6338   15.1161
    7.5000  -22.5000  -45.0000 7977.2705   15.1536
   -7.5000  -15.0000  -45.0000 8855.7441   15.0969
    0.0000  -15.0000  -45.0000 9246.9209   15.1309
    7.5000  -15.0000  -45.0000 8880.6318   15.1669
   -7.5000   -7.5000  -45.0000 9670.8457   15.1276
    0.0000   -7.5000  -45.000010118.9053   15.1555
    7.5000   -7.5000  -45.0000 9700.4336   15.1924
   -7.5000    0.0000  -45.000010369.7500   15.1466
    0.0000    0.0000  -45.000010830.1709   15.1688
    7.5000    0.0000  -45.000010394.7178   15.2075
   -7.5000    7.5000  -45.000010255.0283   15.1308
    0.0000    7.5000  -45.000010751.0928   15.1538
    7.5000    7.5000  -45.000010262.9678   15.1929
   -7.5000   15.0000  -45.000010101.4492   15.0969
    0.0000   15.0000  -45.000010566.1553   15.1256
    7.5000   15.0000  -45.000010090.3174   15.1645
   -7.5000   22.5000  -45.0000 9849.2705   15.0798
    0.0000   22.5000  -45.000010298.5547   15.1140
    7.5000   22.5000  -45.0000 9831.0967   15.1515
   -7.5000   30.0000  -45.0000 9631.6094   14.8957
    0.0000   30.0000  -45.000010045.5771   14.9293
    7.5000   30.0000  -45.0000 9614.6387   14.9647
   -7.5000   37.5000  -45.0000 9705.0332   14.9260
    0.0000   37.5000  -45.000010123.0801   14.9535
    7.5000   37.5000  -45.0000 9666.6455   14.9899
   -7.5000   45.0000  -45.0000 9214.3066   14.5653
    0.0000   45.0000  -45.0000 9574.2627   14.5866
    7.5000   45.0000  -45.0000 9126.4736   14.6238
   -7.5000  -45.0000  -37.5000 6228.3550   15.5239
    0.0000  -45.0000  -37.5000 6480.6328   15.5373
    7.5000  -45.0000  -37.5000 6244.2363   15.5636
   -7.5000  -37.5000  -37.5000 6778.9326   15.2398
    0.0000  -37.5000  -37.5000 7083.3516   15.2566
    7.5000  -37.5000  -37.5000 6810.9780   15.2820
   -7.5000  -30.0000  -37.5000 7658.9648   15.0655
    0.0000  -30.0000  -37.5000 8026.0571   15.0899
    7.5000  -30.0000  -37.5000 7696.8018   15.1183
   -7.5000  -22.5000  -37.5000 8573.8398   15.0456
    0.0000  -22.5000  -37.5000 8993.0303   15.0760
    7.5000  -22.5000  -37.5000 8610.9541   15.1061
   -7.5000  -15.0000  -37.5000 9554.9883   15.0689
    0.0000  -15.0000  -37.500010007.9951   15.0979
    7.5000  -15.0000  -37.5000 9573.2314   15.1263
   -7.5000   -7.5000  -37.500010424.1104   15.1111
    0.0000   -7.5000  -37.500010916.0605   15.1315
    7.5000   -7.5000  -37.500010426.8594   15.1574
   -7.5000    0.0000  -37.500011160.3604   15.1334
    0.0000    0.0000  -37.500011691.4863   15.1472
    7.5000    0.0000  -37.500011160.4258   15.1716
   -7.5000    7.5000  -37.500011022.6670   15.1082
    0.0000    7.5000  -37.500011590.0215   15.1247
    7.5000    7.5000  -37.500011001.3799   15.1498
   -7.5000   15.0000  -37.500010827.0186   15.0626
    0.0000   15.0000  -37.500011363.3828   15.0870
    7.5000   15.0000  -37.500010800.7822   15.1154
   -7.5000   22.5000  -37.500010547.2627   15.0434
    0.0000   22.5000  -37.500011045.2002   15.0739
    7.5000   22.5000  -37.500010512.6357   15.1040
   -7.5000   30.0000  -37.500010288.6035   14.8681
    0.0000   30.0000  -37.500010765.9648   14.8967
    7.5000   30.0000  -37.500010263.3477   14.9247
   -7.5000   37.5000  -37.500010363.6846   14.9097
    0.0000   37.5000  -37.500010838.3340   14.9299
    7.5000   37.5000  -37.500010294.9805   14.9554
   -7.5000   45.0000  -37.5000 9807.4883   14.5526
    0.0000   45.0000  -37.500010252.9854   14.5658
    7.5000   45.0000  -37.5000 9695.5703   14.5893
   -7.5000  -45.0000  -30.0000 6801.2603   16.1800
    0.0000  -45.0000  -30.0000 7081.8374   16.1788
    7.5000  -45.0000  -30.0000 6813.2432   16.1940
   -7.5000  -37.5000  -30.0000 7393.6138   15.8795
    0.0000  -37.5000  -30.0000 7724.5308   15.8852
    7.5000  -37.5000  -30.0000 7411.3511   15.8981
   -7.5000  -30.0000  -30.0000 8351.4805   15.6901
    0.0000  -30.0000  -30.0000 8731.0908   15.7055
    7.5000  -30.0000  -30.0000 8367.9199   15.7238
   -7.5000  -22.5000  -30.0000 9369.1748   15.6643
    0.0000  -22.5000  -30.0000 9803.9609   15.6851
    7.5000  -22.5000  -30.0000 9368.8262   15.7093
   -7.5000  -15.0000  -30.000010427.2979   15.6920
    0.0000  -15.0000  -30.000010895.4072   15.7091
    7.5000  -15.0000  -30.000010412.8672   15.7336
   -7.5000   -7.5000  -30.000011369.1133   15.7446
    0.0000   -7.5000  -30.000011887.0000   15.7510
    7.5000   -7.5000  -30.000011347.6641   15.7706
   -7.5000    0.0000  -30.000012154.2744   15.7722
    0.0000    0.0000  -30.000012740.7637   15.7724
    7.5000    0.0000  -30.000012135.0576   15.7862
   -7.5000    7.5000  -30.000012017.5664   15.7424
    0.0000    7.5000  -30.000012623.6729   15.7480
    7.5000    7.5000  -30.000011951.8311   15.7608
   -7.5000   15.0000  -30.000011797.2002   15.6871
    0.0000   15.0000  -30.000012410.2598   15.7025
    7.5000   15.0000  -30.000011724.8213   15.7208
   -7.5000   22.5000  -30.000011460.9443   15.6605
    0.0000   22.5000  -30.000012036.9189   15.6813
    7.5000   22.5000  -30.000011395.2188   15.7055
   -7.5000   30.0000  -30.000011138.6670   15.4844
    0.0000   30.0000  -30.000011700.6201   15.5012
    7.5000   30.0000  -30.000011096.7441   15.5254
   -7.5000   37.5000  -30.000011165.7285   15.5363
    0.0000   37.5000  -30.000011712.2549   15.5426
    7.5000   37.5000  -30.000011061.6895   15.5619
   -7.5000   45.0000  -30.000010527.9580   15.1780
    0.0000   45.0000  -30.000011006.1514   15.1782
    7.5000   45.0000  -30.000010380.7031   15.1915
   -7.5000  -45.0000  -22.5000 7392.1328   16.7178
    0.0000  -45.0000  -22.5000 7686.0889   16.7111
    7.5000  -45.0000  -22.5000 7385.1089   16.7313
   -7.5000  -37.5000  -22.5000 8053.8530   16.4160
    0.0000  -37.5000  -22.5000 8405.0537   16.4171
    7.5000  -37.5000  -22.5000 8047.1035   16.4328
   -7.5000  -30.0000  -22.5000 9085.7217   16.2286
    0.0000  -30.0000  -22.5000 9507.8789   16.2383
    7.5000  -30.0000  -22.5000 9082.3525   16.2575
   -7.5000  -22.5000  -22.500010190.8037   16.1986
    0.0000  -22.5000  -22.500010680.0820   16.2119
    7.5000  -22.5000  -22.500010169.3691   16.2374
   -7.5000  -15.0000  -22.500011315.9824   16.2188
    0.0000  -15.0000  -22.500011850.7539   16.2273
    7.5000  -15.0000  -22.500011275.6514   16.2555
   -7.5000   -7.5000  -22.500012339.0830   16.2671
    0.0000   -7.5000  -22.500012916.6895   16.2657
    7.5000   -7.5000  -22.500012275.7314   16.2908
   -7.5000    0.0000  -22.500013202.4297   16.2959
    0.0000    0.0000  -22.500013829.5381   16.2908
    7.5000    0.0000  -22.500013116.6787   16.3094
   -7.5000    7.5000  -22.500013066.4443   16.2746
    0.0000    7.5000  -22.500013716.2217   16.2757
    7.5000    7.5000  -22.500012941.1318   16.2910
   -7.5000   15.0000  -22.500012776.8584   16.2255
    0.0000   15.0000  -22.500013457.3975   16.2352
    7.5000   15.0000  -22.500012645.0703   16.2544
   -7.5000   22.5000  -22.500012388.7900   16.1936
    0.0000   22.5000  -22.500013067.6455   16.2068
    7.5000   22.5000  -22.500012275.5947   16.2323
   -7.5000   30.0000  -22.500012041.2373   16.0067
    0.0000   30.0000  -22.500012680.8193   16.0151
    7.5000   30.0000  -22.500011949.1143   16.0429
   -7.5000   37.5000  -22.500012018.2207   16.0543
    0.0000   37.5000  -22.500012627.2197   16.0530
    7.5000   37.5000  -22.500011842.9463   16.0777
   -7.5000   45.0000  -22.500011267.3164   15.6938
    0.0000   45.0000  -22.500011827.4609   15.6888
    7.5000   45.0000  -22.500011074.9150   15.7067
   -7.5000  -45.0000  -15.0000 7987.6646   17.0971
    0.0000  -45.0000  -15.0000 8317.3350   17.0980
    7.5000  -45.0000  -15.0000 7990.1812   17.1342
   -7.5000  -37.5000  -15.0000 8742.7344   16.7993
    0.0000  -37.5000  -15.0000 9129.5889   16.8064
    7.5000  -37.5000  -15.0000 8729.1055   16.8376
   -7.5000  -30.0000  -15.0000 9880.5107   16.6216
    0.0000  -30.0000  -15.000010336.9590   16.6349
    7.5000  -30.0000  -15.0000 9845.4795   16.6658
   -7.5000  -22.5000  -15.000011044.1846   16.5936
    0.0000  -22.5000  -15.000011566.1211   16.6090
    7.5000  -22.5000  -15.000011004.0410   16.6426
   -7.5000  -15.0000  -15.000012241.0078   16.6048
    0.0000  -15.0000  -15.000012806.2646   16.6161
    7.5000  -15.0000  -15.000012158.9082   16.6522
   -7.5000   -7.5000  -15.000013351.7314   16.6406
    0.0000   -7.5000  -15.000013950.9531   16.6446
    7.5000   -7.5000  -15.000013221.7197   16.6813
   -7.5000    0.0000  -15.000014279.8486   16.6657
    0.0000    0.0000  -15.000014945.1309   16.6676
    7.5000    0.0000  -15.000014118.8242   16.7015
   -7.5000    7.5000  -15.000014138.2002   16.6548
    0.0000    7.5000  -15.000014817.1650   16.6618
    7.5000    7.5000  -15.000013915.1914   16.6924
   -7.5000   15.0000  -15.000013783.9648   16.6184
    0.0000   15.0000  -15.000014455.4014   16.6317
    7.5000   15.0000  -15.000013520.2607   16.6627
   -7.5000   22.5000  -15.000013349.1660   16.5876
    0.0000   22.5000  -15.000014029.0186   16.6031
    7.5000   22.5000  -15.000013147.9023   16.6366
   -7.5000   30.0000  -15.000012927.9414   16.3899
    0.0000   30.0000  -15.000013630.3271   16.4010
    7.5000   30.0000  -15.000012787.0762   16.4367
   -7.5000   37.5000  -15.000012851.5176   16.4253
    0.0000   37.5000  -15.000013526.2861   16.4292
    7.5000   37.5000  -15.000012630.2490   16.4655
   -7.5000   45.0000  -15.000012021.3584   16.0596
    0.0000   45.0000  -15.000012640.6611   16.0614
    7.5000   45.0000  -15.000011762.2422   16.0941
   -7.5000  -45.0000   -7.5000 8661.9756   17.2957
    0.0000  -45.0000   -7.5000 9024.0020   17.3122
    7.5000  -45.0000   -7.5000 8653.3574   17.3610
   -7.5000  -37.5000   -7.5000 9480.5449   16.9959
    0.0000  -37.5000   -7.5000 9885.4834   17.0152
    7.5000  -37.5000   -7.5000 9455.9082   17.0604
   -7.5000  -30.0000   -7.500010703.9561   16.8209
    0.0000  -30.0000   -7.500011162.3633   16.8453
    7.5000  -30.0000   -7.500010665.3643   16.8882
   -7.5000  -22.5000   -7.500011940.4766   16.7981
    0.0000  -22.5000   -7.500012451.7646   16.8263
    7.5000  -22.5000   -7.500011898.4199   16.8680
   -7.5000  -15.0000   -7.500013199.2285   16.8089
    0.0000  -15.0000   -7.500013750.5117   16.8352
    7.5000  -15.0000   -7.500013109.2363   16.8773
   -7.5000   -7.5000   -7.500014365.7314   16.8389
    0.0000   -7.5000   -7.500014941.8945   16.8592
    7.5000   -7.5000   -7.500014232.3555   16.9036
   -7.5000    0.0000   -7.500015376.1963   16.8601
    0.0000    0.0000   -7.500016028.4033   16.8768
    7.5000    0.0000   -7.500015210.9824   16.9225
   -7.5000    7.5000   -7.500015201.3203   16.8497
    0.0000    7.5000   -7.500015901.0977   16.8687
    7.5000    7.5000   -7.500014969.0957   16.9131
   -7.5000   15.0000   -7.500014780.2021   16.8176
    0.0000   15.0000   -7.500015444.2354   16.8421
    7.5000   15.0000   -7.500014492.2520   16.8849
   -7.5000   22.5000   -7.500014276.3486   16.7903
    0.0000   22.5000   -7.500014977.5684   16.8185
    7.5000   22.5000   -7.500014069.2041   16.8602
   -7.5000   30.0000   -7.500013832.8496   16.5909
    0.0000   30.0000   -7.500014526.8193   16.6169
    7.5000   30.0000   -7.500013645.0400   16.6584
   -7.5000   37.5000   -7.500013675.7441   16.6205
    0.0000   37.5000   -7.500014358.7588   16.6405
    7.5000   37.5000   -7.500013401.1953   16.6844
   -7.5000   45.0000   -7.500012767.6045   16.2500
    0.0000   45.0000   -7.500013403.2490   16.2661
    7.5000   45.0000   -7.500012447.2480   16.3101
   -7.5000  -45.0000    0.0000 9245.0537   17.3499
    0.0000  -45.0000    0.0000 9631.9600   17.3748
    7.5000  -45.0000    0.0000 9227.5381   17.4209
   -7.5000  -37.5000    0.000010096.8135   17.0429
    0.0000  -37.5000    0.000010545.4414   17.0688
    7.5000  -37.5000    0.000010083.0820   17.1132
   -7.5000  -30.0000    0.000011405.5479   16.8614
    0.0000  -30.0000    0.000011910.1748   16.8933
    7.5000  -30.0000    0.000011379.4014   16.9368
   -7.5000  -22.5000    0.000012753.9980   16.8414
    0.0000  -22.5000    0.000013296.3223   16.8795
    7.5000  -22.5000    0.000012698.0205   16.9214
   -7.5000  -15.0000    0.000014038.0020   16.8581
    0.0000  -15.0000    0.000014595.4307   16.8960
    7.5000  -15.0000    0.000013950.0801   16.9362
   -7.5000   -7.5000    0.000015239.7002   16.8925
    0.0000   -7.5000    0.000015788.0771   16.9235
    7.5000   -7.5000    0.000015140.6445   16.9648
   -7.5000    0.0000    0.000016303.9990   16.9137
    0.0000    0.0000    0.000016915.5684   16.9384
    7.5000    0.0000    0.000016155.0186   16.9816
   -7.5000    7.5000    0.000016074.4590   16.8960
    0.0000    7.5000    0.000016689.5879   16.9215
    7.5000    7.5000    0.000015831.4775   16.9652
   -7.5000   15.0000    0.000015610.6436   16.8581
    0.0000   15.0000    0.000016180.2783   16.8900
    7.5000   15.0000    0.000015357.1104   16.9336
   -7.5000   22.5000    0.000015122.2051   16.8336
    0.0000   22.5000    0.000015722.3066   16.8716
    7.5000   22.5000    0.000014920.1289   16.9135
   -7.5000   30.0000    0.000014630.5576   16.6400
    0.0000   30.0000    0.000015240.3945   16.6773
    7.5000   30.0000    0.000014447.5186   16.7170
   -7.5000   37.5000    0.000014355.2490   16.6739
    0.0000   37.5000    0.000014977.8154   16.7045
    7.5000   37.5000    0.000014096.1904   16.7452
   -7.5000   45.0000    0.000013365.5977   16.3029
    0.0000   45.0000    0.000013957.7109   16.3266
    7.5000   45.0000    0.000013049.3438   16.3683
   -7.5000  -45.0000    7.5000 9067.9355   17.3713
    0.0000  -45.0000    7.5000 9472.2334   17.3862
    7.5000  -45.0000    7.5000 9036.3691   17.4156
   -7.5000  -37.5000    7.5000 9928.6865   17.0533
    0.0000  -37.5000    7.500010377.4570   17.0721
    7.5000  -37.5000    7.5000 9886.7275   17.1006
   -7.5000  -30.0000    7.500011209.0166   16.8583
    0.0000  -30.0000    7.500011699.6455   16.8856
    7.5000  -30.0000    7.500011174.9727   16.9174
   -7.5000  -22.5000    7.500012497.8125   16.8360
    0.0000  -22.5000    7.500012989.9697   16.8701
    7.5000  -22.5000    7.500012445.5898   16.9037
   -7.5000  -15.0000    7.500013720.1836   16.8621
    0.0000  -15.0000    7.500014214.4004   16.8946
    7.5000  -15.0000    7.500013673.3623   16.9264
   -7.5000   -7.5000    7.500014899.9600   16.9093
    0.0000   -7.5000    7.500015327.8115   16.9322
    7.5000   -7.5000    7.500014840.0664   16.9611
   -7.5000    0.0000    7.500015978.9336   16.9343
    0.0000    0.0000    7.500016476.6582   16.9497
    7.5000    0.0000    7.500015844.6738   16.9770
   -7.5000    7.5000    7.500015648.1963   16.9061
    0.0000    7.5000    7.500016046.9385   16.9246
    7.5000    7.5000    7.500015466.4404   16.9526
   -7.5000   15.0000    7.500015103.7871   16.8551
    0.0000   15.0000    7.500015478.2900   16.8823
    7.5000   15.0000    7.500014973.3555   16.9141
   -7.5000   22.5000    7.500014738.8320   16.8282
    0.0000   22.5000    7.500015177.2686   16.8622
    7.5000   22.5000    7.500014635.9541   16.8959
   -7.5000   30.0000    7.500014310.5000   16.6439
    0.0000   30.0000    7.500014817.7031   16.6759
    7.5000   30.0000    7.500014202.6064   16.7073
   -7.5000   37.5000    7.500013989.2012   16.6905
    0.0000   37.5000    7.500014523.0371   16.7130
    7.5000   37.5000    7.500013799.9570   16.7416
   -7.5000   45.0000    7.500012948.1670   16.3227
    0.0000   45.0000    7.500013479.8086   16.3376
    7.5000   45.0000    7.500012701.8789   16.3639
   -7.5000  -45.0000   15.0000 8784.3555   17.3746
    0.0000  -45.0000   15.0000 9171.5508   17.3734
    7.5000  -45.0000   15.0000 8750.7910   17.3897
   -7.5000  -37.5000   15.0000 9592.5107   17.0519
    0.0000  -37.5000   15.000010048.7695   17.0581
    7.5000  -37.5000   15.0000 9573.2812   17.0720
   -7.5000  -30.0000   15.000010805.5957   16.8486
    0.0000  -30.0000   15.000011325.5752   16.8651
    7.5000  -30.0000   15.000010811.9961   16.8848
   -7.5000  -22.5000   15.000012028.7852   16.8209
    0.0000  -22.5000   15.000012570.2422   16.8432
    7.5000  -22.5000   15.000012042.6436   16.8692
   -7.5000  -15.0000   15.000013217.9707   16.8506
    0.0000  -15.0000   15.000013734.8311   16.8690
    7.5000  -15.0000   15.000013211.9746   16.8953
   -7.5000   -7.5000   15.000014359.3232   16.9072
    0.0000   -7.5000   15.000014808.1523   16.9140
    7.5000   -7.5000   15.000014300.0322   16.9350
   -7.5000    0.0000   15.000015329.2656   16.9367
    0.0000    0.0000   15.000015800.1895   16.9370
    7.5000    0.0000   15.000015288.9268   16.9518
   -7.5000    7.5000   15.000015068.3867   16.9048
    0.0000    7.5000   15.000015281.9834   16.9108
    7.5000    7.5000   15.000015015.5596   16.9245
   -7.5000   15.0000   15.000014526.6494   16.8454
    0.0000   15.0000   15.000014706.0518   16.8619
    7.5000   15.0000   15.000014484.9580   16.8816
   -7.5000   22.5000   15.000014234.2412   16.8131
    0.0000   22.5000   15.000014520.2246   16.8354
    7.5000   22.5000   15.000014155.5869   16.8614
   -7.5000   30.0000   15.000013836.1777   16.6325
    0.0000   30.0000   15.000014287.9912   16.6507
    7.5000   30.0000   15.000013757.9795   16.6766
   -7.5000   37.5000   15.000013476.3916   16.6884
    0.0000   37.5000   15.000013993.8994   16.6951
    7.5000   37.5000   15.000013358.0059   16.7158
   -7.5000   45.0000   15.000012415.9619   16.3250
    0.0000   45.0000   15.000012924.0166   16.3253
    7.5000   45.0000   15.000012246.5039   16.3396
   -7.5000  -45.0000   22.5000 8378.4658   17.3544
    0.0000  -45.0000   22.5000 8779.6045   17.3474
    7.5000  -45.0000   22.5000 8345.0977   17.3684
   -7.5000  -37.5000   22.5000 9170.2539   17.0411
    0.0000  -37.5000   22.5000 9627.9111   17.0422
    7.5000  -37.5000   22.5000 9172.0566   17.0585
   -7.5000  -30.0000   22.500010365.4189   16.8465
    0.0000  -30.0000   22.500010841.8633   16.8566
    7.5000  -30.0000   22.500010360.8887   16.8766
   -7.5000  -22.5000   22.500011532.1143   16.8155
    0.0000  -22.5000   22.500012041.8994   16.8292
    7.5000  -22.5000   22.500011535.9893   16.8557
   -7.5000  -15.0000   22.500012652.5264   16.8365
    0.0000  -15.0000   22.500013150.9727   16.8453
    7.5000  -15.0000   22.500012659.4434   16.8745
   -7.5000   -7.5000   22.500013688.5225   16.8865
    0.0000   -7.5000   22.500014174.9414   16.8851
    7.5000   -7.5000   22.500013694.5586   16.9111
   -7.5000    0.0000   22.500014544.5547   16.9165
    0.0000    0.0000   22.500015090.3633   16.9111
    7.5000    0.0000   22.500014598.8994   16.9304
   -7.5000    7.5000   22.500014340.1582   16.8943
    0.0000    7.5000   22.500014871.3340   16.8954
    7.5000    7.5000   22.500014488.5488   16.9114
   -7.5000   15.0000   22.500014005.9453   16.8433
    0.0000   15.0000   22.500014541.5898   16.8534
    7.5000   15.0000   22.500014148.4404   16.8734
   -7.5000   22.5000   22.500013662.3584   16.8077
    0.0000   22.5000   22.500014213.1504   16.8214
    7.5000   22.5000   22.500013722.0127   16.8479
   -7.5000   30.0000   22.500013220.6816   16.6186
    0.0000   30.0000   22.500013799.7383   16.6273
    7.5000   30.0000   22.500013264.3545   16.6561
   -7.5000   37.5000   22.500012844.0215   16.6680
    0.0000   37.5000   22.500013400.0205   16.6666
    7.5000   37.5000   22.500012836.9414   16.6923
   -7.5000   45.0000   22.500011793.7783   16.3055
    0.0000   45.0000   22.500012285.6182   16.3004
    7.5000   45.0000   22.500011718.4600   16.3190
   -7.5000  -45.0000   30.0000 7902.1440   17.3318
    0.0000  -45.0000   30.0000 8253.4639   17.3327
    7.5000  -45.0000   30.0000 7885.0732   17.3694
   -7.5000  -37.5000   30.0000 8638.3770   17.0299
    0.0000  -37.5000   30.0000 9054.8389   17.0371
    7.5000  -37.5000   30.0000 8634.2617   17.0687
   -7.5000  -30.0000   30.0000 9751.5020   16.8498
    0.0000  -30.0000   30.000010253.7002   16.8632
    7.5000  -30.0000   30.0000 9743.1318   16.8946
   -7.5000  -22.5000   30.000010845.6318   16.8214
    0.0000  -22.5000   30.000011419.6162   16.8370
    7.5000  -22.5000   30.000010849.4580   16.8710
   -7.5000  -15.0000   30.000011894.3066   16.8328
    0.0000  -15.0000   30.000012531.1621   16.8442
    7.5000  -15.0000   30.000011945.5371   16.8808
   -7.5000   -7.5000   30.000012874.9258   16.8691
    0.0000   -7.5000   30.000013550.0518   16.8731
    7.5000   -7.5000   30.000012959.5361   16.9103
   -7.5000    0.0000   30.000013689.0439   16.8945
    0.0000    0.0000   30.000014385.1357   16.8964
    7.5000    0.0000   30.000013809.5068   16.9307
   -7.5000    7.5000   30.000013488.9814   16.8835
    0.0000    7.5000   30.000014152.1904   16.8905
    7.5000    7.5000   30.000013627.8594   16.9216
   -7.5000   15.0000   30.000013192.9209   16.8466
    0.0000   15.0000   30.000013835.3262   16.8600
    7.5000   15.0000   30.000013311.1699   16.8914
   -7.5000   22.5000   30.000012866.8789   16.8135
    0.0000   22.5000   30.000013466.2246   16.8292
    7.5000   22.5000   30.000012924.6172   16.8632
   -7.5000   30.0000   30.000012447.8291   16.6149
    0.0000   30.0000   30.000013000.4639   16.6262
    7.5000   30.0000   30.000012495.6826   16.6623
   -7.5000   37.5000   30.000012088.2812   16.6508
    0.0000   37.5000   30.000012596.7109   16.6547
    7.5000   37.5000   30.000012095.6787   16.6915
   -7.5000   45.0000   30.000011094.3018   16.2844
    0.0000   45.0000   30.000011556.2939   16.2862
    7.5000   45.0000   30.000011049.9072   16.3193
   -7.5000  -45.0000   37.5000 7603.3691   17.3321
    0.0000  -45.0000   37.5000 7975.3296   17.3487
    7.5000  -45.0000   37.5000 7606.5103   17.3976
   -7.5000  -37.5000   37.5000 8331.9961   17.0317
    0.0000  -37.5000   37.5000 8784.5996   17.0510
    7.5000  -37.5000   37.5000 8351.5088   17.0963
   -7.5000  -30.0000   37.5000 9426.8682   16.8563
    0.0000  -30.0000   37.5000 9957.3623   16.8808
    7.5000  -30.0000   37.5000 9445.2197   16.9237
   -7.5000  -22.5000   37.500010504.9561   16.8335
    0.0000  -22.5000   37.500011088.0020   16.8617
    7.5000  -22.5000   37.500010520.3428   16.9035
   -7.5000  -15.0000   37.500011533.2139   16.8442
    0.0000  -15.0000   37.500012132.7002   16.8706
    7.5000  -15.0000   37.500011535.0557   16.9128
   -7.5000   -7.5000   37.500012473.1045   16.8743
    0.0000   -7.5000   37.500013067.1475   16.8946
    7.5000   -7.5000   37.500012476.8799   16.9392
   -7.5000    0.0000   37.500013253.8379   16.8957
    0.0000    0.0000   37.500013823.4268   16.9124
    7.5000    0.0000   37.500013290.3047   16.9582
   -7.5000    7.5000   37.500013050.4580   16.8852
    0.0000    7.5000   37.500013565.4932   16.9042
    7.5000    7.5000   37.500013114.6172   16.9487
   -7.5000   15.0000   37.500012734.5225   16.8530
    0.0000   15.0000   37.500013247.2217   16.8775
    7.5000   15.0000   37.500012818.3203   16.9204
   -7.5000   22.5000   37.500012408.6162   16.8257
    0.0000   22.5000   37.500012925.6924   16.8539
    7.5000   22.5000   37.500012460.9902   16.8957
   -7.5000   30.0000   37.500012051.7715   16.6263
    0.0000   30.0000   37.500012570.3428   16.6523
    7.5000   30.0000   37.500012080.6787   16.6939
   -7.5000   37.5000   37.500011670.6904   16.6559
    0.0000   37.5000   37.500012177.4561   16.6760
    7.5000   37.5000   37.500011677.7900   16.7199
   -7.5000   45.0000   37.500010718.2217   16.2855
    0.0000   45.0000   37.500011170.7715   16.3016
    7.5000   45.0000   37.500010695.6006   16.3457
   -7.5000  -45.0000   45.0000 7003.5083   17.3531
    0.0000  -45.0000   45.0000 7311.9927   17.3778
    7.5000  -45.0000   45.0000 7010.7632   17.4244
   -7.5000  -37.5000   45.0000 7685.2686   17.0444
    0.0000  -37.5000   45.0000 8047.9873   17.0701
    7.5000  -37.5000   45.0000 7682.0386   17.1148
   -7.5000  -30.0000   45.0000 8686.3193   16.8617
    0.0000  -30.0000   45.0000 9123.6572   16.8935
    7.5000  -30.0000   45.0000 8662.6455   16.9372
   -7.5000  -22.5000   45.0000 9684.0762   16.8413
    0.0000  -22.5000   45.000010156.7363   16.8794
    7.5000  -22.5000   45.0000 9646.2764   16.9215
   -7.5000  -15.0000   45.000010605.0479   16.8577
    0.0000  -15.0000   45.000011111.6211   16.8957
    7.5000  -15.0000   45.000010569.0977   16.9362
   -7.5000   -7.5000   45.000011442.7871   16.8923
    0.0000   -7.5000   45.000011962.1348   16.9232
    7.5000   -7.5000   45.000011407.0039   16.9649
   -7.5000    0.0000   45.000012135.8467   16.9139
    0.0000    0.0000   45.000012650.6475   16.9384
    7.5000    0.0000   45.000012133.6426   16.9820
   -7.5000    7.5000   45.000011922.0732   16.8965
    0.0000    7.5000   45.000012399.7803   16.9218
    7.5000    7.5000   45.000011957.3350   16.9658
   -7.5000   15.0000   45.000011635.9229   16.8584
    0.0000   15.0000   45.000012108.6064   16.8902
    7.5000   15.0000   45.000011704.4453   16.9339
   -7.5000   22.5000   45.000011341.5898   16.8334
    0.0000   22.5000   45.000011843.0938   16.8715
    7.5000   22.5000   45.000011407.9814   16.9136
   -7.5000   30.0000   45.000011056.8682   16.6381
    0.0000   30.0000   45.000011542.2080   16.6756
    7.5000   30.0000   45.000011104.1426   16.7155
   -7.5000   37.5000   45.000010734.0820   16.6722
    0.0000   37.5000   45.000011231.9326   16.7027
    7.5000   37.5000   45.000010763.6260   16.7439
   -7.5000   45.0000   45.0000 9859.5918   16.3105
    0.0000   45.0000   45.000010292.2324   16.3341
    7.5000   45.0000   45.0000 9855.6973   16.3761

---------------------------------------------------------------------
imgreg_4dfp /opt/freesurfer/average/711-2C_as_mni_average_305 /opt/freesurfer/average/711-2B_as_mni_average_305_mask talsrcimg_g11 none talsrcimg_to_711-2C_as_mni_average_305_t4 4355
---------------------------------------------------------------------

freesurfer imgreg_4dfp.c
/opt/freesurfer/average/711-2C_as_mni_average_305.4dfp.img
       256       256       256         1
  1.000000  1.000000  1.000000
orientation T byte_order littleendian
Reading image: /opt/freesurfer/average/711-2C_as_mni_average_305.4dfp.img
dimensions:      256       256       256
mmppix:       1.0000   -1.0000   -1.0000
center:     128.0000 -129.0000 -129.0000
/opt/freesurfer/average/711-2B_as_mni_average_305_mask.4dfp.img
       256       256       256         1
  1.000000  1.000000  1.000000
orientation T byte_order littleendian
Reading mask: /opt/freesurfer/average/711-2B_as_mni_average_305_mask.4dfp.img (2306576 pixels)
talsrcimg_g11.4dfp.img
       256       256       256         1
  1.000000  1.000000  1.000000
orientation T byte_order littleendian
Reading image: talsrcimg_g11.4dfp.img
dimensions:      256       256       256
mmppix:       1.0000   -1.0000   -1.0000
center:     128.0000 -129.0000 -129.0000
rotation matrix determinant  1.000000
image alignment mode   4355 decimal     1103 hex
   -7.5000  -45.0000  -45.0000 1674.6187   25.7437
    0.0000  -45.0000  -45.0000 1677.9393   25.6334
    7.5000  -45.0000  -45.0000 1664.1798   25.9181
   -7.5000  -37.5000  -45.0000 1790.7277   22.6546
    0.0000  -37.5000  -45.0000 1792.8613   22.4844
    7.5000  -37.5000  -45.0000 1777.7571   22.7473
   -7.5000  -30.0000  -45.0000 1899.6926   20.1848
    0.0000  -30.0000  -45.0000 1904.9042   20.0843
    7.5000  -30.0000  -45.0000 1892.0996   20.2385
   -7.5000  -22.5000  -45.0000 1987.9189   18.3338
    0.0000  -22.5000  -45.0000 1998.5116   18.2953
    7.5000  -22.5000  -45.0000 1986.8351   18.3863
   -7.5000  -15.0000  -45.0000 2081.1816   17.1215
    0.0000  -15.0000  -45.0000 2092.2405   17.1016
    7.5000  -15.0000  -45.0000 2077.3735   17.1841
   -7.5000   -7.5000  -45.0000 2136.5510   16.3203
    0.0000   -7.5000  -45.0000 2147.6365   16.3224
    7.5000   -7.5000  -45.0000 2133.1389   16.3847
   -7.5000    0.0000  -45.0000 2161.2498   15.7509
    0.0000    0.0000  -45.0000 2166.8552   15.7093
    7.5000    0.0000  -45.0000 2158.3584   15.7993
   -7.5000    7.5000  -45.0000 2173.4558   15.3521
    0.0000    7.5000  -45.0000 2180.2412   15.2349
    7.5000    7.5000  -45.0000 2171.4155   15.3937
   -7.5000   15.0000  -45.0000 2168.4961   15.3118
    0.0000   15.0000  -45.0000 2179.5352   15.2090
    7.5000   15.0000  -45.0000 2166.7576   15.3604
   -7.5000   22.5000  -45.0000 2146.9355   15.5958
    0.0000   22.5000  -45.0000 2160.6660   15.4770
    7.5000   22.5000  -45.0000 2143.2273   15.6405
   -7.5000   30.0000  -45.0000 2115.7402   16.1061
    0.0000   30.0000  -45.0000 2128.1331   15.9714
    7.5000   30.0000  -45.0000 2111.3066   16.1464
   -7.5000   37.5000  -45.0000 2074.4419   16.8900
    0.0000   37.5000  -45.0000 2084.4131   16.7094
    7.5000   37.5000  -45.0000 2071.7729   16.9859
   -7.5000   45.0000  -45.0000 2018.3829   18.0481
    0.0000   45.0000  -45.0000 2027.4395   17.8278
    7.5000   45.0000  -45.0000 2013.9275   18.1424
   -7.5000  -45.0000  -37.5000 1750.9926   23.4800
    0.0000  -45.0000  -37.5000 1757.2113   23.5104
    7.5000  -45.0000  -37.5000 1742.5725   23.7321
   -7.5000  -37.5000  -37.5000 1871.9423   20.6256
    0.0000  -37.5000  -37.5000 1880.3081   20.6441
    7.5000  -37.5000  -37.5000 1862.5583   20.7926
   -7.5000  -30.0000  -37.5000 1986.9917   18.3956
    0.0000  -30.0000  -37.5000 2001.4399   18.4107
    7.5000  -30.0000  -37.5000 1981.0148   18.4641
   -7.5000  -22.5000  -37.5000 2085.1875   16.7034
    0.0000  -22.5000  -37.5000 2099.9590   16.7076
    7.5000  -22.5000  -37.5000 2084.4707   16.7332
   -7.5000  -15.0000  -37.5000 2183.8804   15.5884
    0.0000  -15.0000  -37.5000 2195.9409   15.6047
    7.5000  -15.0000  -37.5000 2177.3774   15.6372
   -7.5000   -7.5000  -37.5000 2239.1409   14.8593
    0.0000   -7.5000  -37.5000 2250.7595   14.8680
    7.5000   -7.5000  -37.5000 2229.2173   14.9012
   -7.5000    0.0000  -37.5000 2262.6592   14.3050
    0.0000    0.0000  -37.5000 2276.7261   14.3097
    7.5000    0.0000  -37.5000 2257.1648   14.3395
   -7.5000    7.5000  -37.5000 2276.4507   13.9458
    0.0000    7.5000  -37.5000 2288.6025   13.9294
    7.5000    7.5000  -37.5000 2270.9570   13.9910
   -7.5000   15.0000  -37.5000 2273.8298   13.9306
    0.0000   15.0000  -37.5000 2286.3481   13.8872
    7.5000   15.0000  -37.5000 2272.0364   13.9622
   -7.5000   22.5000  -37.5000 2253.8120   14.1580
    0.0000   22.5000  -37.5000 2263.5771   14.1217
    7.5000   22.5000  -37.5000 2251.4661   14.2360
   -7.5000   30.0000  -37.5000 2227.2397   14.6483
    0.0000   30.0000  -37.5000 2238.8884   14.5740
    7.5000   30.0000  -37.5000 2225.4851   14.7318
   -7.5000   37.5000  -37.5000 2187.2563   15.3769
    0.0000   37.5000  -37.5000 2196.5081   15.2661
    7.5000   37.5000  -37.5000 2182.2539   15.4776
   -7.5000   45.0000  -37.5000 2123.3201   16.4854
    0.0000   45.0000  -37.5000 2134.6594   16.3266
    7.5000   45.0000  -37.5000 2119.7043   16.5953
   -7.5000  -45.0000  -30.0000 1856.7452   22.2990
    0.0000  -45.0000  -30.0000 1858.2985   22.2829
    7.5000  -45.0000  -30.0000 1845.9355   22.5097
   -7.5000  -37.5000  -30.0000 1980.7302   19.5946
    0.0000  -37.5000  -30.0000 1992.8127   19.5534
    7.5000  -37.5000  -30.0000 1972.2783   19.6632
   -7.5000  -30.0000  -30.0000 2105.4946   17.4392
    0.0000  -30.0000  -30.0000 2120.6228   17.4051
    7.5000  -30.0000  -30.0000 2098.1377   17.4554
   -7.5000  -22.5000  -30.0000 2220.0925   15.8124
    0.0000  -22.5000  -30.0000 2236.4192   15.7979
    7.5000  -22.5000  -30.0000 2215.6582   15.8116
   -7.5000  -15.0000  -30.0000 2324.0198   14.7252
    0.0000  -15.0000  -30.0000 2336.3091   14.7186
    7.5000  -15.0000  -30.0000 2315.4058   14.7036
   -7.5000   -7.5000  -30.0000 2382.1841   14.0283
    0.0000   -7.5000  -30.0000 2396.2878   14.0081
    7.5000   -7.5000  -30.0000 2374.9197   14.0223
   -7.5000    0.0000  -30.0000 2405.4590   13.5145
    0.0000    0.0000  -30.0000 2425.2434   13.5069
    7.5000    0.0000  -30.0000 2406.2280   13.5154
   -7.5000    7.5000  -30.0000 2422.6604   13.1275
    0.0000    7.5000  -30.0000 2441.2085   13.1436
    7.5000    7.5000  -30.0000 2421.7615   13.1937
   -7.5000   15.0000  -30.0000 2431.6697   13.0964
    0.0000   15.0000  -30.0000 2445.8230   13.0790
    7.5000   15.0000  -30.0000 2430.2100   13.1186
   -7.5000   22.5000  -30.0000 2413.4890   13.3269
    0.0000   22.5000  -30.0000 2424.4841   13.3212
    7.5000   22.5000  -30.0000 2412.1553   13.3608
   -7.5000   30.0000  -30.0000 2388.5403   13.8013
    0.0000   30.0000  -30.0000 2401.6514   13.7628
    7.5000   30.0000  -30.0000 2382.5957   13.8692
   -7.5000   37.5000  -30.0000 2339.8345   14.5419
    0.0000   37.5000  -30.0000 2350.9277   14.4818
    7.5000   37.5000  -30.0000 2333.9175   14.6157
   -7.5000   45.0000  -30.0000 2269.6667   15.6279
    0.0000   45.0000  -30.0000 2277.9109   15.5200
    7.5000   45.0000  -30.0000 2257.9941   15.7202
   -7.5000  -45.0000  -22.5000 1937.9010   21.0904
    0.0000  -45.0000  -22.5000 1939.7576   20.9653
    7.5000  -45.0000  -22.5000 1923.8723   21.0959
   -7.5000  -37.5000  -22.5000 2073.7439   18.4875
    0.0000  -37.5000  -22.5000 2080.4998   18.3808
    7.5000  -37.5000  -22.5000 2060.9512   18.4728
   -7.5000  -30.0000  -22.5000 2206.0073   16.4645
    0.0000  -30.0000  -22.5000 2219.8674   16.3882
    7.5000  -30.0000  -22.5000 2198.6318   16.4273
   -7.5000  -22.5000  -22.5000 2323.7056   14.9468
    0.0000  -22.5000  -22.5000 2345.7993   14.9023
    7.5000  -22.5000  -22.5000 2321.4033   14.8934
   -7.5000  -15.0000  -22.5000 2430.8679   13.8276
    0.0000  -15.0000  -22.5000 2454.1802   13.8047
    7.5000  -15.0000  -22.5000 2427.6255   13.7746
   -7.5000   -7.5000  -22.5000 2499.1245   13.0853
    0.0000   -7.5000  -22.5000 2518.7166   13.0582
    7.5000   -7.5000  -22.5000 2494.4304   13.0693
   -7.5000    0.0000  -22.5000 2531.3184   12.5862
    0.0000    0.0000  -22.5000 2549.4248   12.5668
    7.5000    0.0000  -22.5000 2527.9336   12.5940
   -7.5000    7.5000  -22.5000 2554.7642   12.2825
    0.0000    7.5000  -22.5000 2572.9312   12.2428
    7.5000    7.5000  -22.5000 2550.7722   12.2669
   -7.5000   15.0000  -22.5000 2568.1223   12.1924
    0.0000   15.0000  -22.5000 2584.4524   12.1459
    7.5000   15.0000  -22.5000 2562.0229   12.1984
   -7.5000   22.5000  -22.5000 2552.1992   12.4171
    0.0000   22.5000  -22.5000 2572.2632   12.3971
    7.5000   22.5000  -22.5000 2551.9761   12.4501
   -7.5000   30.0000  -22.5000 2525.1731   12.8819
    0.0000   30.0000  -22.5000 2542.8311   12.8694
    7.5000   30.0000  -22.5000 2521.4084   12.9815
   -7.5000   37.5000  -22.5000 2475.7388   13.6212
    0.0000   37.5000  -22.5000 2492.8997   13.5943
    7.5000   37.5000  -22.5000 2468.3674   13.7377
   -7.5000   45.0000  -22.5000 2395.7109   14.6454
    0.0000   45.0000  -22.5000 2407.7998   14.5919
    7.5000   45.0000  -22.5000 2383.9592   14.7571
   -7.5000  -45.0000  -15.0000 1993.7258   19.9709
    0.0000  -45.0000  -15.0000 1993.7646   19.8040
    7.5000  -45.0000  -15.0000 1983.4806   19.9424
   -7.5000  -37.5000  -15.0000 2139.7859   17.5594
    0.0000  -37.5000  -15.0000 2146.3250   17.3914
    7.5000  -37.5000  -15.0000 2127.8757   17.5256
   -7.5000  -30.0000  -15.0000 2275.7058   15.6419
    0.0000  -30.0000  -15.0000 2292.2070   15.4732
    7.5000  -30.0000  -15.0000 2269.5728   15.6238
   -7.5000  -22.5000  -15.0000 2396.0332   14.1201
    0.0000  -22.5000  -15.0000 2420.0103   14.0171
    7.5000  -22.5000  -15.0000 2399.6484   14.0773
   -7.5000  -15.0000  -15.0000 2511.5674   13.0167
    0.0000  -15.0000  -15.0000 2532.8110   12.9687
    7.5000  -15.0000  -15.0000 2508.6287   12.9909
   -7.5000   -7.5000  -15.0000 2587.7126   12.2382
    0.0000   -7.5000  -15.0000 2607.9836   12.1835
    7.5000   -7.5000  -15.0000 2581.9429   12.2176
   -7.5000    0.0000  -15.0000 2637.4402   11.7306
    0.0000    0.0000  -15.0000 2651.2051   11.6536
    7.5000    0.0000  -15.0000 2626.8240   11.7271
   -7.5000    7.5000  -15.0000 2669.5217   11.4240
    0.0000    7.5000  -15.0000 2684.7429   11.3702
    7.5000    7.5000  -15.0000 2655.4939   11.4393
   -7.5000   15.0000  -15.0000 2682.2471   11.2925
    0.0000   15.0000  -15.0000 2699.4680   11.2695
    7.5000   15.0000  -15.0000 2670.7468   11.3614
   -7.5000   22.5000  -15.0000 2670.2039   11.5285
    0.0000   22.5000  -15.0000 2692.7065   11.5148
    7.5000   22.5000  -15.0000 2664.6055   11.6020
   -7.5000   30.0000  -15.0000 2641.8833   12.0150
    0.0000   30.0000  -15.0000 2663.8125   11.9894
    7.5000   30.0000  -15.0000 2635.6438   12.1141
   -7.5000   37.5000  -15.0000 2587.1528   12.7644
    0.0000   37.5000  -15.0000 2607.8479   12.7298
    7.5000   37.5000  -15.0000 2574.1689   12.8828
   -7.5000   45.0000  -15.0000 2497.5400   13.7457
    0.0000   45.0000  -15.0000 2512.7334   13.7114
    7.5000   45.0000  -15.0000 2482.3096   13.8551
   -7.5000  -45.0000   -7.5000 2043.5875   19.0833
    0.0000  -45.0000   -7.5000 2041.9042   18.8718
    7.5000  -45.0000   -7.5000 2033.7206   19.1638
   -7.5000  -37.5000   -7.5000 2192.5757   16.7756
    0.0000  -37.5000   -7.5000 2193.6497   16.5491
    7.5000  -37.5000   -7.5000 2182.6592   16.8035
   -7.5000  -30.0000   -7.5000 2328.2317   14.9015
    0.0000  -30.0000   -7.5000 2338.1729   14.7013
    7.5000  -30.0000   -7.5000 2325.1919   14.9168
   -7.5000  -22.5000   -7.5000 2447.9009   13.4131
    0.0000  -22.5000   -7.5000 2468.5984   13.2565
    7.5000  -22.5000   -7.5000 2457.7307   13.4319
   -7.5000  -15.0000   -7.5000 2566.8955   12.2852
    0.0000  -15.0000   -7.5000 2586.2419   12.1794
    7.5000  -15.0000   -7.5000 2570.3706   12.3159
   -7.5000   -7.5000   -7.5000 2653.6472   11.4813
    0.0000   -7.5000   -7.5000 2670.6887   11.4084
    7.5000   -7.5000   -7.5000 2648.9089   11.5032
   -7.5000    0.0000   -7.5000 2716.1584   10.9388
    0.0000    0.0000   -7.5000 2734.3865   10.8819
    7.5000    0.0000   -7.5000 2708.4976   10.9831
   -7.5000    7.5000   -7.5000 2763.5571   10.6441
    0.0000    7.5000   -7.5000 2784.9712   10.5955
    7.5000    7.5000   -7.5000 2752.9292   10.6904
   -7.5000   15.0000   -7.5000 2785.0933   10.5071
    0.0000   15.0000   -7.5000 2809.6716   10.5107
    7.5000   15.0000   -7.5000 2769.5422   10.6109
   -7.5000   22.5000   -7.5000 2776.2043   10.7563
    0.0000   22.5000   -7.5000 2802.7603   10.7361
    7.5000   22.5000   -7.5000 2774.6858   10.8564
   -7.5000   30.0000   -7.5000 2745.5015   11.2537
    0.0000   30.0000   -7.5000 2765.0354   11.2122
    7.5000   30.0000   -7.5000 2735.7532   11.3770
   -7.5000   37.5000   -7.5000 2679.5491   11.9751
    0.0000   37.5000   -7.5000 2696.4597   11.9450
    7.5000   37.5000   -7.5000 2665.3901   12.1186
   -7.5000   45.0000   -7.5000 2575.2827   12.9555
    0.0000   45.0000   -7.5000 2592.3574   12.9356
    7.5000   45.0000   -7.5000 2562.2815   13.1004
   -7.5000  -45.0000    0.0000 2076.1003   18.5571
    0.0000  -45.0000    0.0000 2073.7944   18.2643
    7.5000  -45.0000    0.0000 2066.5525   18.6121
   -7.5000  -37.5000    0.0000 2220.9182   16.2218
    0.0000  -37.5000    0.0000 2224.5242   15.9607
    7.5000  -37.5000    0.0000 2217.1978   16.2937
   -7.5000  -30.0000    0.0000 2358.9905   14.3773
    0.0000  -30.0000    0.0000 2367.0720   14.1259
    7.5000  -30.0000    0.0000 2362.4382   14.4308
   -7.5000  -22.5000    0.0000 2487.2400   12.8960
    0.0000  -22.5000    0.0000 2496.7920   12.7038
    7.5000  -22.5000    0.0000 2495.9133   12.9737
   -7.5000  -15.0000    0.0000 2604.2322   11.7596
    0.0000  -15.0000    0.0000 2622.5002   11.6112
    7.5000  -15.0000    0.0000 2611.3157   11.8297
   -7.5000   -7.5000    0.0000 2695.1760   10.9511
    0.0000   -7.5000    0.0000 2715.5164   10.7965
    7.5000   -7.5000    0.0000 2699.5435   11.0066
   -7.5000    0.0000    0.0000 2775.2756   10.3911
    0.0000    0.0000    0.0000 2798.1816   10.2508
    7.5000    0.0000    0.0000 2770.4956   10.4525
   -7.5000    7.5000    0.0000 2840.6460   10.0648
    0.0000    7.5000    0.0000 2863.6348    9.9637
    7.5000    7.5000    0.0000 2826.9387   10.1173
   -7.5000   15.0000    0.0000 2877.8499    9.9274
    0.0000   15.0000    0.0000 2901.5437    9.8628
    7.5000   15.0000    0.0000 2857.5579   10.0334
   -7.5000   22.5000    0.0000 2873.6223   10.1839
    0.0000   22.5000    0.0000 2896.6323   10.1266
    7.5000   22.5000    0.0000 2865.8130   10.2867
   -7.5000   30.0000    0.0000 2829.6782   10.6955
    0.0000   30.0000    0.0000 2849.6582   10.6429
    7.5000   30.0000    0.0000 2818.1208   10.8149
   -7.5000   37.5000    0.0000 2745.9731   11.4160
    0.0000   37.5000    0.0000 2763.0608   11.3893
    7.5000   37.5000    0.0000 2733.1558   11.5815
   -7.5000   45.0000    0.0000 2632.8982   12.4452
    0.0000   45.0000    0.0000 2649.5649   12.4070
    7.5000   45.0000    0.0000 2621.8892   12.5857
   -7.5000  -45.0000    7.5000 2085.4321   18.1631
    0.0000  -45.0000    7.5000 2089.3738   17.9152
    7.5000  -45.0000    7.5000 2076.3191   18.2378
   -7.5000  -37.5000    7.5000 2237.6599   15.8836
    0.0000  -37.5000    7.5000 2249.7532   15.6098
    7.5000  -37.5000    7.5000 2234.7732   15.9346
   -7.5000  -30.0000    7.5000 2379.9092   14.0828
    0.0000  -30.0000    7.5000 2396.5354   13.7833
    7.5000  -30.0000    7.5000 2386.8396   14.1164
   -7.5000  -22.5000    7.5000 2506.5293   12.6490
    0.0000  -22.5000    7.5000 2515.0845   12.3519
    7.5000  -22.5000    7.5000 2512.3398   12.6852
   -7.5000  -15.0000    7.5000 2623.7585   11.5076
    0.0000  -15.0000    7.5000 2628.7905   11.2543
    7.5000  -15.0000    7.5000 2626.5632   11.5741
   -7.5000   -7.5000    7.5000 2729.1211   10.6471
    0.0000   -7.5000    7.5000 2733.3850   10.4156
    7.5000   -7.5000    7.5000 2728.1826   10.7282
   -7.5000    0.0000    7.5000 2816.2007   10.0534
    0.0000    0.0000    7.5000 2831.0347    9.8334
    7.5000    0.0000    7.5000 2813.0566   10.1384
   -7.5000    7.5000    7.5000 2894.5889    9.6999
    0.0000    7.5000    7.5000 2919.3728    9.5130
    7.5000    7.5000    7.5000 2883.0774    9.7703
   -7.5000   15.0000    7.5000 2945.4341    9.5434
    0.0000   15.0000    7.5000 2970.7793    9.3533
    7.5000   15.0000    7.5000 2920.1111    9.6213
   -7.5000   22.5000    7.5000 2952.9233    9.8440
    0.0000   22.5000    7.5000 2970.3989    9.7137
    7.5000   22.5000    7.5000 2934.3174    9.9231
   -7.5000   30.0000    7.5000 2893.5144   10.4197
    0.0000   30.0000    7.5000 2912.3857   10.3155
    7.5000   30.0000    7.5000 2880.0684   10.4923
   -7.5000   37.5000    7.5000 2795.3936   11.1810
    0.0000   37.5000    7.5000 2814.0894   11.0656
    7.5000   37.5000    7.5000 2783.9612   11.2620
   -7.5000   45.0000    7.5000 2673.0776   12.1772
    0.0000   45.0000    7.5000 2691.6785   12.0649
    7.5000   45.0000    7.5000 2657.2639   12.2475
   -7.5000  -45.0000   15.0000 2083.2522   18.0842
    0.0000  -45.0000   15.0000 2085.8989   17.8257
    7.5000  -45.0000   15.0000 2075.2124   18.1369
   -7.5000  -37.5000   15.0000 2236.4453   15.7660
    0.0000  -37.5000   15.0000 2247.7908   15.4958
    7.5000  -37.5000   15.0000 2234.7444   15.8019
   -7.5000  -30.0000   15.0000 2378.9265   13.9142
    0.0000  -30.0000   15.0000 2393.2441   13.6708
    7.5000  -30.0000   15.0000 2382.4282   13.9927
   -7.5000  -22.5000   15.0000 2503.8525   12.4866
    0.0000  -22.5000   15.0000 2516.1548   12.2260
    7.5000  -22.5000   15.0000 2506.0959   12.5709
   -7.5000  -15.0000   15.0000 2623.4636   11.3829
    0.0000  -15.0000   15.0000 2630.1697   11.1205
    7.5000  -15.0000   15.0000 2618.6206   11.4651
   -7.5000   -7.5000   15.0000 2733.7368   10.5479
    0.0000   -7.5000   15.0000 2729.6816   10.2697
    7.5000   -7.5000   15.0000 2718.3845   10.6277
   -7.5000    0.0000   15.0000 2827.6453    9.9430
    0.0000    0.0000   15.0000 2824.1301    9.6664
    7.5000    0.0000   15.0000 2811.6855   10.0289
   -7.5000    7.5000   15.0000 2915.3049    9.5822
    0.0000    7.5000   15.0000 2923.5002    9.3458
    7.5000    7.5000   15.0000 2897.5142    9.6451
   -7.5000   15.0000   15.0000 2963.3550    9.4071
    0.0000   15.0000   15.0000 2984.0105    9.1145
    7.5000   15.0000   15.0000 2937.9968    9.4922
   -7.5000   22.5000   15.0000 2979.4827    9.6884
    0.0000   22.5000   15.0000 2999.9177    9.4954
    7.5000   22.5000   15.0000 2946.8411    9.7466
   -7.5000   30.0000   15.0000 2914.0225   10.3179
    0.0000   30.0000   15.0000 2938.6064   10.2031
    7.5000   30.0000   15.0000 2893.6572   10.3552
   -7.5000   37.5000   15.0000 2809.4521   11.0620
    0.0000   37.5000   15.0000 2832.6521   10.9632
    7.5000   37.5000   15.0000 2796.4141   11.0910
   -7.5000   45.0000   15.0000 2679.4375   12.0494
    0.0000   45.0000   15.0000 2698.7554   11.9610
    7.5000   45.0000   15.0000 2666.1863   12.0806
   -7.5000  -45.0000   22.5000 2063.0347   18.1570
    0.0000  -45.0000   22.5000 2066.2725   18.0120
    7.5000  -45.0000   22.5000 2056.5908   18.2843
   -7.5000  -37.5000   22.5000 2217.6421   15.8156
    0.0000  -37.5000   22.5000 2232.2441   15.6592
    7.5000  -37.5000   22.5000 2219.7859   15.9580
   -7.5000  -30.0000   22.5000 2368.4233   13.9971
    0.0000  -30.0000   22.5000 2381.1843   13.7931
    7.5000  -30.0000   22.5000 2365.5845   14.1329
   -7.5000  -22.5000   22.5000 2497.6653   12.5590
    0.0000  -22.5000   22.5000 2507.7795   12.3285
    7.5000  -22.5000   22.5000 2492.7429   12.6876
   -7.5000  -15.0000   22.5000 2618.1890   11.4516
    0.0000  -15.0000   22.5000 2621.2139   11.2049
    7.5000  -15.0000   22.5000 2604.6155   11.5754
   -7.5000   -7.5000   22.5000 2727.0901   10.6421
    0.0000   -7.5000   22.5000 2717.8547   10.3671
    7.5000   -7.5000   22.5000 2704.4490   10.7537
   -7.5000    0.0000   22.5000 2820.9092   10.0463
    0.0000    0.0000   22.5000 2811.8870    9.8161
    7.5000    0.0000   22.5000 2795.7219   10.1726
   -7.5000    7.5000   22.5000 2904.1619    9.6588
    0.0000    7.5000   22.5000 2909.6921    9.4759
    7.5000    7.5000   22.5000 2878.2610    9.8178
   -7.5000   15.0000   22.5000 2950.5918    9.5831
    0.0000   15.0000   22.5000 2973.2231    9.4772
    7.5000   15.0000   22.5000 2920.7446    9.7162
   -7.5000   22.5000   22.5000 2950.5615    9.8210
    0.0000   22.5000   22.5000 2979.7803    9.7301
    7.5000   22.5000   22.5000 2921.3406    9.9373
   -7.5000   30.0000   22.5000 2890.6279   10.3648
    0.0000   30.0000   22.5000 2912.8196   10.2659
    7.5000   30.0000   22.5000 2869.3093   10.4193
   -7.5000   37.5000   22.5000 2794.4895   11.1104
    0.0000   37.5000   22.5000 2813.1658   10.9966
    7.5000   37.5000   22.5000 2780.0747   11.1509
   -7.5000   45.0000   22.5000 2668.2168   12.0782
    0.0000   45.0000   22.5000 2683.1421   11.9639
    7.5000   45.0000   22.5000 2655.0081   12.1267
   -7.5000  -45.0000   30.0000 2034.2388   18.5866
    0.0000  -45.0000   30.0000 2036.2664   18.4193
    7.5000  -45.0000   30.0000 2027.3813   18.7621
   -7.5000  -37.5000   30.0000 2190.3374   16.1661
    0.0000  -37.5000   30.0000 2200.3540   15.9995
    7.5000  -37.5000   30.0000 2187.9143   16.3157
   -7.5000  -30.0000   30.0000 2342.5764   14.2966
    0.0000  -30.0000   30.0000 2360.8418   14.1374
    7.5000  -30.0000   30.0000 2337.7075   14.4404
   -7.5000  -22.5000   30.0000 2473.6567   12.8296
    0.0000  -22.5000   30.0000 2491.9875   12.7173
    7.5000  -22.5000   30.0000 2465.0483   13.0056
   -7.5000  -15.0000   30.0000 2593.8357   11.7323
    0.0000  -15.0000   30.0000 2609.9182   11.6341
    7.5000  -15.0000   30.0000 2579.1265   11.9646
   -7.5000   -7.5000   30.0000 2698.1848   10.9694
    0.0000   -7.5000   30.0000 2703.7944   10.8431
    7.5000   -7.5000   30.0000 2673.8086   11.1872
   -7.5000    0.0000   30.0000 2783.8032   10.3867
    0.0000    0.0000   30.0000 2784.6316   10.2531
    7.5000    0.0000   30.0000 2760.3118   10.6272
   -7.5000    7.5000   30.0000 2856.1736   10.0402
    0.0000    7.5000   30.0000 2862.4854    9.8968
    7.5000    7.5000   30.0000 2831.2107   10.2670
   -7.5000   15.0000   30.0000 2896.0591    9.9535
    0.0000   15.0000   30.0000 2905.4724    9.8674
    7.5000   15.0000   30.0000 2869.5276   10.1532
   -7.5000   22.5000   30.0000 2882.2178   10.1948
    0.0000   22.5000   30.0000 2901.9973   10.1323
    7.5000   22.5000   30.0000 2857.3306   10.3433
   -7.5000   30.0000   30.0000 2827.0737   10.7071
    0.0000   30.0000   30.0000 2842.5142   10.6288
    7.5000   30.0000   30.0000 2805.7466   10.7912
   -7.5000   37.5000   30.0000 2742.9280   11.3970
    0.0000   37.5000   30.0000 2753.1428   11.3355
    7.5000   37.5000   30.0000 2720.2014   11.4975
   -7.5000   45.0000   30.0000 2625.3711   12.3262
    0.0000   45.0000   30.0000 2640.0044   12.2572
    7.5000   45.0000   30.0000 2605.6128   12.4149
   -7.5000  -45.0000   37.5000 1998.9204   19.2670
    0.0000  -45.0000   37.5000 2009.1858   19.1898
    7.5000  -45.0000   37.5000 1994.0704   19.5340
   -7.5000  -37.5000   37.5000 2157.8706   16.8030
    0.0000  -37.5000   37.5000 2175.6155   16.7670
    7.5000  -37.5000   37.5000 2152.5652   17.0683
   -7.5000  -30.0000   37.5000 2304.7773   14.8836
    0.0000  -30.0000   37.5000 2332.3135   14.8606
    7.5000  -30.0000   37.5000 2297.8220   15.1547
   -7.5000  -22.5000   37.5000 2436.6855   13.4037
    0.0000  -22.5000   37.5000 2461.9536   13.3873
    7.5000  -22.5000   37.5000 2426.8203   13.6781
   -7.5000  -15.0000   37.5000 2550.8022   12.3197
    0.0000  -15.0000   37.5000 2570.6501   12.2704
    7.5000  -15.0000   37.5000 2533.1309   12.5584
   -7.5000   -7.5000   37.5000 2653.0374   11.5160
    0.0000   -7.5000   37.5000 2660.2334   11.4245
    7.5000   -7.5000   37.5000 2628.1963   11.7419
   -7.5000    0.0000   37.5000 2730.5588   10.9450
    0.0000    0.0000   37.5000 2732.1470   10.8014
    7.5000    0.0000   37.5000 2708.1370   11.1781
   -7.5000    7.5000   37.5000 2786.4436   10.6166
    0.0000    7.5000   37.5000 2789.8271   10.4805
    7.5000    7.5000   37.5000 2764.0452   10.8383
   -7.5000   15.0000   37.5000 2812.1240   10.5339
    0.0000   15.0000   37.5000 2814.1709   10.4255
    7.5000   15.0000   37.5000 2793.7136   10.7348
   -7.5000   22.5000   37.5000 2796.8174   10.7390
    0.0000   22.5000   37.5000 2811.8850   10.6343
    7.5000   22.5000   37.5000 2776.0222   10.9167
   -7.5000   30.0000   37.5000 2745.6453   11.2381
    0.0000   30.0000   37.5000 2757.4028   11.1527
    7.5000   30.0000   37.5000 2719.3154   11.3651
   -7.5000   37.5000   37.5000 2660.5034   11.9120
    0.0000   37.5000   37.5000 2672.8904   11.8504
    7.5000   37.5000   37.5000 2636.6963   12.0457
   -7.5000   45.0000   37.5000 2551.5596   12.7848
    0.0000   45.0000   37.5000 2565.5171   12.7597
    7.5000   45.0000   37.5000 2535.7659   12.9281
   -7.5000  -45.0000   45.0000 1956.1052   20.1869
    0.0000  -45.0000   45.0000 1964.5754   20.1795
    7.5000  -45.0000   45.0000 1954.3329   20.5503
   -7.5000  -37.5000   45.0000 2112.7493   17.6527
    0.0000  -37.5000   45.0000 2129.2825   17.6666
    7.5000  -37.5000   45.0000 2108.8987   17.9993
   -7.5000  -30.0000   45.0000 2260.5916   15.6696
    0.0000  -30.0000   45.0000 2287.7363   15.6617
    7.5000  -30.0000   45.0000 2251.9285   15.9517
   -7.5000  -22.5000   45.0000 2389.5488   14.1360
    0.0000  -22.5000   45.0000 2414.1719   14.1361
    7.5000  -22.5000   45.0000 2374.7129   14.4031
   -7.5000  -15.0000   45.0000 2497.8040   13.0183
    0.0000  -15.0000   45.0000 2517.4875   12.9730
    7.5000  -15.0000   45.0000 2479.5947   13.2579
   -7.5000   -7.5000   45.0000 2588.8728   12.1941
    0.0000   -7.5000   45.0000 2600.1899   12.1314
    7.5000   -7.5000   45.0000 2563.5154   12.4199
   -7.5000    0.0000   45.0000 2658.3562   11.6471
    0.0000    0.0000   45.0000 2661.3748   11.5205
    7.5000    0.0000   45.0000 2633.7236   11.8709
   -7.5000    7.5000   45.0000 2697.1682   11.3290
    0.0000    7.5000   45.0000 2696.8616   11.2238
    7.5000    7.5000   45.0000 2675.6729   11.5343
   -7.5000   15.0000   45.0000 2705.2874   11.2579
    0.0000   15.0000   45.0000 2709.8000   11.1751
    7.5000   15.0000   45.0000 2692.5183   11.4439
   -7.5000   22.5000   45.0000 2690.4487   11.4231
    0.0000   22.5000   45.0000 2705.0247   11.3579
    7.5000   22.5000   45.0000 2681.3748   11.5833
   -7.5000   30.0000   45.0000 2648.7209   11.9220
    0.0000   30.0000   45.0000 2661.2786   11.8532
    7.5000   30.0000   45.0000 2633.1707   12.0585
   -7.5000   37.5000   45.0000 2574.1992   12.5914
    0.0000   37.5000   45.0000 2586.7241   12.5448
    7.5000   37.5000   45.0000 2556.1350   12.7582
   -7.5000   45.0000   45.0000 2470.9417   13.4344
    0.0000   45.0000   45.0000 2481.9480   13.4130
    7.5000   45.0000   45.0000 2456.6572   13.6185

---------------------------------------------------------------------
imgreg_4dfp /opt/freesurfer/average/711-2C_as_mni_average_305 /opt/freesurfer/average/711-2B_as_mni_average_305_mask talsrcimg_g11 none talsrcimg_to_711-2C_as_mni_average_305_t4 1283
---------------------------------------------------------------------

freesurfer imgreg_4dfp.c
/opt/freesurfer/average/711-2C_as_mni_average_305.4dfp.img
       256       256       256         1
  1.000000  1.000000  1.000000
orientation T byte_order littleendian
Reading image: /opt/freesurfer/average/711-2C_as_mni_average_305.4dfp.img
dimensions:      256       256       256
mmppix:       1.0000   -1.0000   -1.0000
center:     128.0000 -129.0000 -129.0000
/opt/freesurfer/average/711-2B_as_mni_average_305_mask.4dfp.img
       256       256       256         1
  1.000000  1.000000  1.000000
orientation T byte_order littleendian
Reading mask: /opt/freesurfer/average/711-2B_as_mni_average_305_mask.4dfp.img (2306576 pixels)
talsrcimg_g11.4dfp.img
       256       256       256         1
  1.000000  1.000000  1.000000
orientation T byte_order littleendian
Reading image: talsrcimg_g11.4dfp.img
dimensions:      256       256       256
mmppix:       1.0000   -1.0000   -1.0000
center:     128.0000 -129.0000 -129.0000
rotation matrix determinant  1.000000
fimgreg.f
image alignment mode   1283 decimal      503 hex
parameters
    0.0000   22.5000   15.0000    0.0000    0.0000    0.0000
eta,q 0.94221  9.49385
niter,ni,del,rscale     5    3   12.0000    1.2000
parameter  4 -0.509783 -> -0.500000 qaram    1.1500
parameters
   -1.8688   19.5076   15.4128    3.4500    1.0814    2.3238
eta,q 0.94564  9.28066
  0.0644  0.0585  0.0595  0.0641  0.0606  0.0610
  0.0611  0.0567  0.0589  0.0614  0.0582  0.0587
  0.0595  0.0574  0.0584  0.0583  0.0565  0.0569
  0.0604  0.0592  0.0567  0.0560  0.0555  0.0552
  0.0638  0.0608  0.0561  0.0556  0.0554  0.0544
  0.0698  0.0648  0.0572  0.0556  0.0564  0.0547
  0.0762  0.0718  0.0601  0.0564  0.0579  0.0563
niter,ni,del,rscale     5    3   12.0000    1.2000
parameters
   -2.3313   18.2594   16.5739    3.2986    1.7034    2.1683
eta,q 0.94626  9.20071
  0.0630  0.0586  0.0591  0.0612  0.0578  0.0580
  0.0582  0.0559  0.0576  0.0554  0.0555  0.0561
  0.0551  0.0551  0.0564  0.0533  0.0540  0.0543
  0.0544  0.0543  0.0547  0.0537  0.0536  0.0537
  0.0565  0.0557  0.0534  0.0551  0.0541  0.0545
  0.0608  0.0599  0.0547  0.0575  0.0547  0.0562
  0.0654  0.0657  0.0575  0.0602  0.0561  0.0586
niter,ni,del,rscale     4    3   12.0000    1.2000
parameters
   -2.3276   18.5572   16.5176    3.2787    1.6553    2.1649
eta,q 0.94624  9.22059
  0.0632  0.0640  0.0584  0.0612  0.0571  0.0582
  0.0581  0.0567  0.0571  0.0558  0.0551  0.0562
  0.0542  0.0543  0.0553  0.0536  0.0538  0.0545
  0.0537  0.0537  0.0537  0.0538  0.0538  0.0538
  0.0547  0.0545  0.0539  0.0549  0.0543  0.0543
  0.0583  0.0567  0.0560  0.0572  0.0551  0.0560
  0.0629  0.0612  0.0599  0.0600  0.0571  0.0584
niter,ni,del,rscale     3    3   12.0000    1.2000
parameters
   -2.3312   18.5358   16.4999    3.2793    1.6522    2.1622
eta,q 0.94623  9.21877
  0.0633  0.0627  0.0584  0.0613  0.0572  0.0582
  0.0581  0.0561  0.0572  0.0558  0.0551  0.0562
  0.0542  0.0542  0.0554  0.0536  0.0539  0.0545
  0.0538  0.0538  0.0538  0.0538  0.0538  0.0538
  0.0547  0.0546  0.0538  0.0549  0.0543  0.0543
  0.0583  0.0572  0.0559  0.0572  0.0551  0.0560
  0.0630  0.0620  0.0598  0.0600  0.0570  0.0584
registration optimization eta report
parameter search radius
    6.0000    6.0000    6.0000    6.9000    6.0000    6.0000
100000*second partial in parameter space
       27.       25.       14.       15.        9.       12.
  0.0633  0.0627  0.0584  0.0613  0.0572  0.0582
  0.0581  0.0561  0.0572  0.0558  0.0551  0.0562
  0.0542  0.0542  0.0554  0.0536  0.0539  0.0545
  0.0538  0.0538  0.0538  0.0538  0.0538  0.0538
  0.0547  0.0546  0.0538  0.0549  0.0543  0.0543
  0.0583  0.0572  0.0559  0.0572  0.0551  0.0560
  0.0630  0.0620  0.0598  0.0600  0.0570  0.0584
   -2.3312   18.5358   16.4999    3.2793    1.6522    2.1622
eta,q 0.94623  9.21877

---------------------------------------------------------------------
imgreg_4dfp /opt/freesurfer/average/711-2C_as_mni_average_305 /opt/freesurfer/average/711-2B_as_mni_average_305_mask talsrcimg_g11 none talsrcimg_to_711-2C_as_mni_average_305_t4 3335
---------------------------------------------------------------------

freesurfer imgreg_4dfp.c
/opt/freesurfer/average/711-2C_as_mni_average_305.4dfp.img
       256       256       256         1
  1.000000  1.000000  1.000000
orientation T byte_order littleendian
Reading image: /opt/freesurfer/average/711-2C_as_mni_average_305.4dfp.img
dimensions:      256       256       256
mmppix:       1.0000   -1.0000   -1.0000
center:     128.0000 -129.0000 -129.0000
/opt/freesurfer/average/711-2B_as_mni_average_305_mask.4dfp.img
       256       256       256         1
  1.000000  1.000000  1.000000
orientation T byte_order littleendian
Reading mask: /opt/freesurfer/average/711-2B_as_mni_average_305_mask.4dfp.img (2306576 pixels)
talsrcimg_g11.4dfp.img
       256       256       256         1
  1.000000  1.000000  1.000000
orientation T byte_order littleendian
Reading image: talsrcimg_g11.4dfp.img
dimensions:      256       256       256
mmppix:       1.0000   -1.0000   -1.0000
center:     128.0000 -129.0000 -129.0000
fimgreg.f
image alignment mode   3335 decimal      D07 hex
parameters
   -2.3312   18.5358   16.4999   -0.1127   -0.2411   -0.2053
   -3.9315   -2.6607    3.7713   -5.8249    2.8833    5.7180
eta,q 0.94766  9.30387
niter,ni,del,rscale     5    3    5.0000    1.2000
parameter  4  3.662243 ->  0.500000 qaram    1.1500
parameter  5  2.297506 ->  0.500000 qaram    1.1500
parameter  6  1.862160 ->  0.500000 qaram    1.1500
parameters
   -2.5836   19.1795   15.8493   -4.2527   -4.3811   -4.3453
   -4.8578   -4.3540    3.7269   -3.5381    0.4501    6.8982
eta,q 0.96892  9.00583
  0.0538  0.0543  0.0523  0.0404  0.0369  0.0309  0.0349  0.0360  0.0344  0.0377  0.0326  0.0337
  0.0529  0.0536  0.0521  0.0430  0.0389  0.0324  0.0337  0.0333  0.0332  0.0354  0.0315  0.0327
  0.0524  0.0528  0.0521  0.0471  0.0411  0.0349  0.0330  0.0322  0.0324  0.0336  0.0312  0.0317
  0.0523  0.0523  0.0521  0.0521  0.0441  0.0395  0.0329  0.0328  0.0322  0.0322  0.0316  0.0312
  0.0527  0.0521  0.0522  0.0576  0.0478  0.0445  0.0335  0.0347  0.0325  0.0316  0.0327  0.0311
  0.0534  0.0524  0.0523  0.0628  0.0517  0.0493  0.0347  0.0373  0.0332  0.0321  0.0342  0.0316
  0.0544  0.0531  0.0529  0.0676  0.0556  0.0545  0.0362  0.0403  0.0344  0.0337  0.0361  0.0326
niter,ni,del,rscale     7    3    5.0000    1.2000
parameter  4  0.592742 ->  0.500000 qaram    1.3225
parameter  5  1.042967 ->  0.500000 qaram    1.3225
parameters
   -2.2090   18.2194   15.0533   -9.0137   -9.1421   -7.8673
   -3.1687   -3.0035    4.9938   -4.0328    0.7214    7.5432
eta,q 0.97567  8.78601
  0.0363  0.0315  0.0314  0.0294  0.0247  0.0261  0.0278  0.0292  0.0268  0.0266  0.0255  0.0254
  0.0338  0.0307  0.0306  0.0281  0.0248  0.0254  0.0264  0.0268  0.0257  0.0253  0.0250  0.0249
  0.0320  0.0306  0.0304  0.0279  0.0260  0.0246  0.0254  0.0255  0.0249  0.0246  0.0246  0.0246
  0.0311  0.0310  0.0306  0.0304  0.0279  0.0250  0.0248  0.0247  0.0244  0.0244  0.0244  0.0244
  0.0311  0.0318  0.0313  0.0352  0.0308  0.0278  0.0247  0.0244  0.0244  0.0248  0.0244  0.0243
  0.0320  0.0331  0.0328  0.0417  0.0345  0.0334  0.0251  0.0250  0.0248  0.0257  0.0247  0.0246
  0.0339  0.0347  0.0347  0.0481  0.0378  0.0387  0.0259  0.0268  0.0256  0.0274  0.0255  0.0251
niter,ni,del,rscale     7    3    5.0000    1.2000
parameter  2  0.561319 ->  0.500000 qaram    1.1500
parameter  3  0.963966 ->  0.500000 qaram    1.1500
parameters
   -2.0826   16.8394   13.6733   -9.0448  -11.4190   -9.4871
   -3.1165   -2.9858    5.3770   -5.1123    1.6899    8.1394
eta,q 0.97737  8.72882
  0.0270  0.0242  0.0224  0.0276  0.0257  0.0252  0.0250  0.0261  0.0248  0.0247  0.0239  0.0241
  0.0255  0.0237  0.0224  0.0260  0.0235  0.0244  0.0238  0.0244  0.0238  0.0236  0.0234  0.0234
  0.0247  0.0238  0.0229  0.0243  0.0221  0.0233  0.0231  0.0234  0.0230  0.0229  0.0230  0.0229
  0.0243  0.0243  0.0237  0.0225  0.0225  0.0220  0.0228  0.0227  0.0227  0.0227  0.0227  0.0226
  0.0245  0.0253  0.0250  0.0218  0.0242  0.0227  0.0229  0.0228  0.0229  0.0234  0.0226  0.0227
  0.0252  0.0266  0.0265  0.0244  0.0276  0.0264  0.0237  0.0240  0.0235  0.0246  0.0229  0.0231
  0.0265  0.0282  0.0281  0.0296  0.0308  0.0313  0.0250  0.0265  0.0244  0.0265  0.0235  0.0237
niter,ni,del,rscale     7    3    5.0000    1.2000
parameters
   -1.9432   16.7408   13.0258   -8.2683  -11.4705  -10.4492
   -3.4034   -3.0641    5.1928   -5.3733    1.7318    7.8756
eta,q 0.97748  8.72689
  0.0254  0.0256  0.0235  0.0276  0.0275  0.0251  0.0247  0.0263  0.0244  0.0250  0.0236  0.0236
  0.0239  0.0239  0.0228  0.0260  0.0254  0.0242  0.0236  0.0243  0.0234  0.0238  0.0231  0.0230
  0.0230  0.0229  0.0225  0.0243  0.0232  0.0233  0.0228  0.0232  0.0227  0.0229  0.0227  0.0226
  0.0226  0.0226  0.0226  0.0225  0.0220  0.0220  0.0225  0.0225  0.0225  0.0225  0.0225  0.0225
  0.0228  0.0232  0.0231  0.0214  0.0228  0.0217  0.0228  0.0227  0.0228  0.0229  0.0225  0.0227
  0.0235  0.0244  0.0239  0.0233  0.0248  0.0243  0.0237  0.0242  0.0235  0.0239  0.0229  0.0231
  0.0248  0.0259  0.0251  0.0277  0.0282  0.0293  0.0252  0.0268  0.0247  0.0255  0.0238  0.0239
niter,ni,del,rscale     6    3    5.0000    1.2000
parameters
   -1.9075   16.7809   12.9596   -8.0657  -11.3349  -10.5717
   -3.3764   -3.0303    5.1534   -5.3688    1.6719    7.6607
eta,q 0.97754  8.73034
  0.0253  0.0259  0.0240  0.0274  0.0278  0.0254  0.0249  0.0264  0.0245  0.0251  0.0236  0.0236
  0.0237  0.0241  0.0231  0.0260  0.0258  0.0243  0.0237  0.0244  0.0234  0.0238  0.0231  0.0230
  0.0228  0.0229  0.0226  0.0243  0.0237  0.0235  0.0228  0.0232  0.0227  0.0229  0.0227  0.0226
  0.0225  0.0225  0.0225  0.0225  0.0224  0.0224  0.0225  0.0225  0.0224  0.0225  0.0225  0.0225
  0.0228  0.0229  0.0227  0.0218  0.0230  0.0214  0.0227  0.0226  0.0227  0.0227  0.0225  0.0226
  0.0237  0.0240  0.0232  0.0240  0.0249  0.0228  0.0235  0.0241  0.0234  0.0237  0.0229  0.0230
  0.0251  0.0256  0.0240  0.0288  0.0281  0.0275  0.0250  0.0267  0.0246  0.0252  0.0238  0.0238
niter,ni,del,rscale     5    3    5.0000    1.2000
parameters
   -1.9020   16.8029   12.9128   -8.0686  -11.2794  -10.5576
   -3.3378   -3.0230    5.1640   -5.3365    1.6522    7.5316
eta,q 0.97756  8.73182
  0.0252  0.0258  0.0239  0.0274  0.0278  0.0254  0.0249  0.0263  0.0245  0.0251  0.0236  0.0236
  0.0237  0.0240  0.0230  0.0259  0.0258  0.0244  0.0237  0.0244  0.0234  0.0238  0.0231  0.0230
  0.0227  0.0228  0.0226  0.0243  0.0237  0.0235  0.0228  0.0231  0.0227  0.0229  0.0227  0.0226
  0.0225  0.0225  0.0225  0.0225  0.0225  0.0224  0.0224  0.0224  0.0224  0.0224  0.0224  0.0224
  0.0228  0.0229  0.0227  0.0219  0.0231  0.0214  0.0227  0.0226  0.0227  0.0227  0.0225  0.0226
  0.0237  0.0240  0.0232  0.0243  0.0251  0.0226  0.0235  0.0241  0.0234  0.0236  0.0229  0.0230
  0.0252  0.0256  0.0239  0.0292  0.0282  0.0272  0.0249  0.0267  0.0245  0.0252  0.0238  0.0237
niter,ni,del,rscale     4    3    5.0000    1.2000
parameters
   -1.8964   16.8160   12.8860   -8.0761  -11.2594  -10.5500
   -3.3269   -3.0189    5.1693   -5.3193    1.6462    7.4706
eta,q 0.97756  8.73239
  0.0252  0.0257  0.0239  0.0273  0.0278  0.0254  0.0249  0.0263  0.0245  0.0250  0.0236  0.0236
  0.0237  0.0240  0.0230  0.0259  0.0258  0.0243  0.0236  0.0243  0.0234  0.0238  0.0231  0.0230
  0.0227  0.0228  0.0226  0.0243  0.0236  0.0235  0.0228  0.0231  0.0227  0.0229  0.0227  0.0226
  0.0224  0.0224  0.0224  0.0224  0.0224  0.0224  0.0224  0.0224  0.0224  0.0224  0.0224  0.0224
  0.0228  0.0229  0.0226  0.0219  0.0231  0.0214  0.0227  0.0226  0.0227  0.0227  0.0225  0.0226
  0.0237  0.0240  0.0231  0.0243  0.0251  0.0226  0.0235  0.0241  0.0234  0.0236  0.0229  0.0230
  0.0252  0.0256  0.0239  0.0292  0.0283  0.0272  0.0250  0.0267  0.0245  0.0252  0.0238  0.0237
registration optimization eta report
parameter search radius
    2.4000    2.7600    2.7600    9.5220    9.5220    8.2800
    7.2000    7.2000    7.2000    7.2000    7.2000    7.2000
100000*second partial in parameter space
       48.       42.       19.        6.        6.        6.
        5.        8.        4.        5.        2.        2.
  0.0252  0.0257  0.0239  0.0273  0.0278  0.0254  0.0249  0.0263  0.0245  0.0250  0.0236  0.0236
  0.0237  0.0240  0.0230  0.0259  0.0258  0.0243  0.0236  0.0243  0.0234  0.0238  0.0231  0.0230
  0.0227  0.0228  0.0226  0.0243  0.0236  0.0235  0.0228  0.0231  0.0227  0.0229  0.0227  0.0226
  0.0224  0.0224  0.0224  0.0224  0.0224  0.0224  0.0224  0.0224  0.0224  0.0224  0.0224  0.0224
  0.0228  0.0229  0.0226  0.0219  0.0231  0.0214  0.0227  0.0226  0.0227  0.0227  0.0225  0.0226
  0.0237  0.0240  0.0231  0.0243  0.0251  0.0226  0.0235  0.0241  0.0234  0.0236  0.0229  0.0230
  0.0252  0.0256  0.0239  0.0292  0.0283  0.0272  0.0250  0.0267  0.0245  0.0252  0.0238  0.0237
   -1.8964   16.8160   12.8860   -8.0761  -11.2594  -10.5500
   -3.3269   -3.0189    5.1693   -5.3193    1.6462    7.4706
eta,q 0.97756  8.73239

---------------------------------------------------------------------
imgreg_4dfp /opt/freesurfer/average/711-2C_as_mni_average_305 /opt/freesurfer/average/711-2B_as_mni_average_305_mask talsrcimg_g11 none talsrcimg_to_711-2C_as_mni_average_305_t4 2311
---------------------------------------------------------------------

freesurfer imgreg_4dfp.c
/opt/freesurfer/average/711-2C_as_mni_average_305.4dfp.img
       256       256       256         1
  1.000000  1.000000  1.000000
orientation T byte_order littleendian
Reading image: /opt/freesurfer/average/711-2C_as_mni_average_305.4dfp.img
dimensions:      256       256       256
mmppix:       1.0000   -1.0000   -1.0000
center:     128.0000 -129.0000 -129.0000
/opt/freesurfer/average/711-2B_as_mni_average_305_mask.4dfp.img
       256       256       256         1
  1.000000  1.000000  1.000000
orientation T byte_order littleendian
Reading mask: /opt/freesurfer/average/711-2B_as_mni_average_305_mask.4dfp.img (2306576 pixels)
talsrcimg_g11.4dfp.img
       256       256       256         1
  1.000000  1.000000  1.000000
orientation T byte_order littleendian
Reading image: talsrcimg_g11.4dfp.img
dimensions:      256       256       256
mmppix:       1.0000   -1.0000   -1.0000
center:     128.0000 -129.0000 -129.0000
fimgreg.f
image alignment mode   2311 decimal      907 hex
parameters
   -1.8964   16.8160   12.8860   -8.0761  -11.2594  -10.5500
   -3.3269   -3.0189    5.1693   -5.3193    1.6462    7.4706
eta,q 0.97756  8.73239
niter,ni,del,rscale     5    3    5.0000    0.8000
parameters
   -1.9071   16.7841   12.8069   -5.8769  -11.2307   -8.7611
   -3.8881   -3.6140    4.9482   -5.1866    0.4771    6.7559
eta,q 0.97902  8.81365
  0.0237  0.0236  0.0229  0.0251  0.0238  0.0235  0.0224  0.0236  0.0221  0.0228  0.0216  0.0216
  0.0230  0.0229  0.0226  0.0243  0.0228  0.0229  0.0216  0.0220  0.0215  0.0219  0.0212  0.0212
  0.0226  0.0225  0.0225  0.0233  0.0220  0.0224  0.0212  0.0212  0.0212  0.0213  0.0210  0.0210
  0.0224  0.0224  0.0224  0.0224  0.0218  0.0218  0.0212  0.0211  0.0211  0.0211  0.0211  0.0210
  0.0226  0.0226  0.0225  0.0218  0.0220  0.0212  0.0215  0.0219  0.0212  0.0212  0.0214  0.0212
  0.0230  0.0230  0.0227  0.0219  0.0228  0.0212  0.0221  0.0232  0.0217  0.0218  0.0219  0.0215
  0.0237  0.0237  0.0230  0.0228  0.0238  0.0223  0.0231  0.0250  0.0224  0.0227  0.0227  0.0221
niter,ni,del,rscale     4    3    5.0000    0.7000
parameters
   -1.9011   16.8757   12.9385   -6.2021  -11.1284   -8.3994
   -3.5345   -3.3369    5.0537   -4.9579    0.0763    6.5538
eta,q 0.97918  8.81955
  0.0225  0.0221  0.0218  0.0229  0.0228  0.0229  0.0222  0.0237  0.0218  0.0223  0.0215  0.0214
  0.0216  0.0215  0.0214  0.0220  0.0219  0.0224  0.0215  0.0222  0.0213  0.0216  0.0211  0.0211
  0.0211  0.0211  0.0211  0.0213  0.0212  0.0217  0.0211  0.0213  0.0210  0.0211  0.0209  0.0209
  0.0210  0.0210  0.0210  0.0210  0.0210  0.0210  0.0209  0.0208  0.0208  0.0208  0.0208  0.0208
  0.0212  0.0210  0.0210  0.0213  0.0212  0.0207  0.0209  0.0210  0.0209  0.0209  0.0210  0.0209
  0.0217  0.0214  0.0212  0.0223  0.0218  0.0213  0.0212  0.0218  0.0212  0.0213  0.0213  0.0212
  0.0224  0.0219  0.0215  0.0239  0.0226  0.0229  0.0218  0.0231  0.0217  0.0220  0.0219  0.0216
niter,ni,del,rscale     3    3    5.0000    0.6000
parameters
   -1.8806   16.9097   12.9715   -6.2500  -11.1582   -8.0708
   -3.5218   -3.2555    5.1191   -4.9048   -0.0853    6.3772
eta,q 0.97927  8.82428
  0.0219  0.0216  0.0214  0.0225  0.0221  0.0226  0.0216  0.0228  0.0214  0.0218  0.0213  0.0212
  0.0213  0.0212  0.0211  0.0218  0.0214  0.0220  0.0211  0.0217  0.0210  0.0212  0.0210  0.0209
  0.0209  0.0209  0.0209  0.0211  0.0210  0.0214  0.0208  0.0210  0.0208  0.0209  0.0208  0.0208
  0.0208  0.0208  0.0208  0.0208  0.0208  0.0208  0.0207  0.0207  0.0207  0.0207  0.0207  0.0207
  0.0209  0.0209  0.0209  0.0210  0.0210  0.0207  0.0208  0.0209  0.0208  0.0208  0.0208  0.0208
  0.0213  0.0211  0.0211  0.0217  0.0215  0.0211  0.0211  0.0216  0.0210  0.0212  0.0211  0.0210
  0.0218  0.0215  0.0213  0.0228  0.0221  0.0224  0.0216  0.0226  0.0214  0.0217  0.0215  0.0213
niter,ni,del,rscale     2    3    5.0000    0.5000
parameters
   -1.8688   16.9342   13.0398   -6.2369  -11.2201   -7.7708
   -3.5167   -3.2401    5.1422   -4.8776   -0.1608    6.2667
eta,q 0.97934  8.82755
  0.0215  0.0213  0.0212  0.0221  0.0216  0.0222  0.0213  0.0221  0.0211  0.0214  0.0211  0.0210
  0.0211  0.0210  0.0209  0.0214  0.0211  0.0217  0.0209  0.0213  0.0209  0.0210  0.0209  0.0208
  0.0208  0.0208  0.0208  0.0210  0.0208  0.0211  0.0207  0.0208  0.0207  0.0207  0.0207  0.0207
  0.0207  0.0207  0.0207  0.0207  0.0207  0.0207  0.0207  0.0207  0.0207  0.0207  0.0207  0.0207
  0.0208  0.0208  0.0208  0.0208  0.0209  0.0206  0.0207  0.0208  0.0207  0.0207  0.0207  0.0207
  0.0211  0.0210  0.0209  0.0213  0.0212  0.0210  0.0209  0.0213  0.0209  0.0210  0.0209  0.0208
  0.0215  0.0212  0.0211  0.0221  0.0217  0.0219  0.0213  0.0221  0.0211  0.0214  0.0212  0.0211
niter,ni,del,rscale     1    3    5.0000    0.4000
parameters
   -1.8681   16.9430   13.1171   -6.2241  -11.2988   -7.5255
   -3.5218   -3.2442    5.1550   -4.8573   -0.2051    6.2136
eta,q 0.97939  8.82925
  0.0212  0.0210  0.0210  0.0216  0.0213  0.0217  0.0210  0.0216  0.0209  0.0211  0.0209  0.0208
  0.0209  0.0208  0.0208  0.0211  0.0209  0.0213  0.0208  0.0210  0.0207  0.0208  0.0207  0.0207
  0.0207  0.0207  0.0207  0.0208  0.0207  0.0209  0.0207  0.0207  0.0206  0.0207  0.0206  0.0206
  0.0207  0.0207  0.0207  0.0207  0.0207  0.0206  0.0206  0.0206  0.0206  0.0206  0.0206  0.0206
  0.0207  0.0207  0.0207  0.0207  0.0208  0.0206  0.0207  0.0207  0.0206  0.0207  0.0206  0.0206
  0.0209  0.0208  0.0207  0.0211  0.0210  0.0209  0.0208  0.0211  0.0207  0.0208  0.0208  0.0207
  0.0211  0.0210  0.0209  0.0216  0.0213  0.0215  0.0210  0.0216  0.0209  0.0211  0.0209  0.0209
registration optimization eta report
parameter search radius
    0.8000    0.8000    0.8000    2.4000    2.4000    2.4000
    2.4000    2.4000    2.4000    2.4000    2.4000    2.4000
100000*second partial in parameter space
       77.       55.       44.       16.       11.       17.
        7.       17.        5.        9.        6.        4.
  0.0212  0.0210  0.0210  0.0216  0.0213  0.0217  0.0210  0.0216  0.0209  0.0211  0.0209  0.0208
  0.0209  0.0208  0.0208  0.0211  0.0209  0.0213  0.0208  0.0210  0.0207  0.0208  0.0207  0.0207
  0.0207  0.0207  0.0207  0.0208  0.0207  0.0209  0.0207  0.0207  0.0206  0.0207  0.0206  0.0206
  0.0207  0.0207  0.0207  0.0207  0.0207  0.0206  0.0206  0.0206  0.0206  0.0206  0.0206  0.0206
  0.0207  0.0207  0.0207  0.0207  0.0208  0.0206  0.0207  0.0207  0.0206  0.0207  0.0206  0.0206
  0.0209  0.0208  0.0207  0.0211  0.0210  0.0209  0.0208  0.0211  0.0207  0.0208  0.0208  0.0207
  0.0211  0.0210  0.0209  0.0216  0.0213  0.0215  0.0210  0.0216  0.0209  0.0211  0.0209  0.0209
   -1.8681   16.9430   13.1171   -6.2241  -11.2988   -7.5255
   -3.5218   -3.2442    5.1550   -4.8573   -0.2051    6.2136
eta,q 0.97939  8.82925

---------------------------------------------------------------------
imgreg_4dfp /opt/freesurfer/average/711-2C_as_mni_average_305 /opt/freesurfer/average/711-2B_as_mni_average_305_mask talsrcimg_g11 none talsrcimg_to_711-2C_as_mni_average_305_t4 2311
---------------------------------------------------------------------

freesurfer imgreg_4dfp.c
/opt/freesurfer/average/711-2C_as_mni_average_305.4dfp.img
       256       256       256         1
  1.000000  1.000000  1.000000
orientation T byte_order littleendian
Reading image: /opt/freesurfer/average/711-2C_as_mni_average_305.4dfp.img
dimensions:      256       256       256
mmppix:       1.0000   -1.0000   -1.0000
center:     128.0000 -129.0000 -129.0000
/opt/freesurfer/average/711-2B_as_mni_average_305_mask.4dfp.img
       256       256       256         1
  1.000000  1.000000  1.000000
orientation T byte_order littleendian
Reading mask: /opt/freesurfer/average/711-2B_as_mni_average_305_mask.4dfp.img (2306576 pixels)
talsrcimg_g11.4dfp.img
       256       256       256         1
  1.000000  1.000000  1.000000
orientation T byte_order littleendian
Reading image: talsrcimg_g11.4dfp.img
dimensions:      256       256       256
mmppix:       1.0000   -1.0000   -1.0000
center:     128.0000 -129.0000 -129.0000
fimgreg.f
image alignment mode   2311 decimal      907 hex
parameters
   -1.8681   16.9430   13.1171   -6.2241  -11.2988   -7.5255
   -3.5218   -3.2442    5.1550   -4.8573   -0.2051    6.2136
eta,q 0.97939  8.82925
niter,ni,del,rscale     5    3    5.0000    0.8000
parameters
   -1.8358   16.9580   13.2170   -6.6102  -11.2545   -8.1867
   -3.4686   -3.0386    5.2350   -4.7387   -0.0572    6.6746
eta,q 0.97918  8.81621
  0.0227  0.0220  0.0219  0.0231  0.0229  0.0228  0.0223  0.0241  0.0220  0.0225  0.0219  0.0218
  0.0215  0.0212  0.0212  0.0220  0.0218  0.0222  0.0215  0.0224  0.0214  0.0217  0.0213  0.0213
  0.0208  0.0208  0.0208  0.0211  0.0209  0.0213  0.0210  0.0213  0.0210  0.0211  0.0210  0.0210
  0.0206  0.0206  0.0206  0.0206  0.0206  0.0206  0.0208  0.0208  0.0208  0.0208  0.0208  0.0208
  0.0208  0.0208  0.0207  0.0210  0.0209  0.0209  0.0210  0.0211  0.0209  0.0210  0.0209  0.0209
  0.0215  0.0212  0.0210  0.0223  0.0217  0.0226  0.0215  0.0220  0.0213  0.0215  0.0212  0.0211
  0.0224  0.0219  0.0216  0.0244  0.0228  0.0257  0.0222  0.0236  0.0219  0.0224  0.0218  0.0215
niter,ni,del,rscale     4    3    5.0000    0.7000
parameters
   -1.8433   16.8888   13.0691   -6.4473  -11.2290   -8.2940
   -3.5474   -3.1059    5.2068   -4.8685   -0.0644    6.6818
eta,q 0.97919  8.81746
  0.0222  0.0217  0.0214  0.0231  0.0225  0.0227  0.0219  0.0232  0.0217  0.0220  0.0216  0.0215
  0.0214  0.0212  0.0210  0.0222  0.0216  0.0221  0.0213  0.0219  0.0212  0.0214  0.0212  0.0211
  0.0210  0.0209  0.0208  0.0213  0.0210  0.0214  0.0209  0.0211  0.0209  0.0209  0.0209  0.0209
  0.0208  0.0208  0.0208  0.0208  0.0208  0.0208  0.0208  0.0208  0.0208  0.0208  0.0208  0.0208
  0.0210  0.0210  0.0210  0.0209  0.0210  0.0207  0.0210  0.0211  0.0209  0.0210  0.0209  0.0209
  0.0215  0.0214  0.0213  0.0217  0.0216  0.0216  0.0214  0.0220  0.0212  0.0215  0.0212  0.0211
  0.0222  0.0219  0.0217  0.0230  0.0224  0.0237  0.0220  0.0234  0.0217  0.0222  0.0216  0.0215
niter,ni,del,rscale     3    3    5.0000    0.6000
parameters
   -1.8542   16.8907   13.0245   -6.2994  -11.2209   -8.0772
   -3.5587   -3.1739    5.1685   -4.9113   -0.1250    6.5091
eta,q 0.97927  8.82272
  0.0219  0.0216  0.0213  0.0226  0.0221  0.0225  0.0216  0.0226  0.0214  0.0217  0.0214  0.0212
  0.0213  0.0211  0.0210  0.0219  0.0214  0.0220  0.0211  0.0216  0.0210  0.0212  0.0210  0.0209
  0.0209  0.0209  0.0208  0.0212  0.0209  0.0213  0.0208  0.0209  0.0208  0.0208  0.0208  0.0208
  0.0208  0.0208  0.0208  0.0208  0.0208  0.0208  0.0207  0.0207  0.0207  0.0207  0.0207  0.0207
  0.0209  0.0209  0.0209  0.0209  0.0210  0.0207  0.0208  0.0210  0.0208  0.0209  0.0208  0.0208
  0.0213  0.0212  0.0211  0.0215  0.0214  0.0212  0.0211  0.0217  0.0210  0.0212  0.0210  0.0210
  0.0219  0.0216  0.0214  0.0225  0.0221  0.0226  0.0216  0.0228  0.0214  0.0218  0.0214  0.0213
niter,ni,del,rscale     2    3    5.0000    0.5000
parameters
   -1.8610   16.9143   13.0599   -6.2407  -11.2565   -7.7875
   -3.5362   -3.2097    5.1543   -4.9001   -0.1749    6.3407
eta,q 0.97935  8.82668
  0.0215  0.0213  0.0212  0.0221  0.0217  0.0222  0.0213  0.0221  0.0211  0.0214  0.0211  0.0210
  0.0211  0.0210  0.0209  0.0215  0.0211  0.0217  0.0209  0.0213  0.0209  0.0210  0.0209  0.0208
  0.0208  0.0208  0.0208  0.0210  0.0208  0.0211  0.0207  0.0208  0.0207  0.0207  0.0207  0.0207
  0.0207  0.0207  0.0207  0.0207  0.0207  0.0207  0.0207  0.0207  0.0207  0.0207  0.0207  0.0207
  0.0208  0.0208  0.0208  0.0208  0.0209  0.0206  0.0207  0.0208  0.0207  0.0207  0.0207  0.0207
  0.0211  0.0210  0.0209  0.0213  0.0212  0.0210  0.0209  0.0213  0.0209  0.0210  0.0209  0.0208
  0.0215  0.0212  0.0211  0.0221  0.0217  0.0220  0.0213  0.0221  0.0211  0.0214  0.0212  0.0211
niter,ni,del,rscale     1    3    5.0000    0.4000
parameters
   -1.8653   16.9326   13.1297   -6.2177  -11.3139   -7.5351
   -3.5221   -3.2363    5.1559   -4.8772   -0.2076    6.2777
eta,q 0.97939  8.82883
  0.0212  0.0210  0.0210  0.0216  0.0213  0.0217  0.0210  0.0216  0.0209  0.0211  0.0209  0.0208
  0.0209  0.0208  0.0208  0.0211  0.0209  0.0213  0.0208  0.0210  0.0207  0.0208  0.0208  0.0207
  0.0207  0.0207  0.0207  0.0208  0.0207  0.0209  0.0207  0.0207  0.0206  0.0207  0.0206  0.0206
  0.0207  0.0207  0.0207  0.0207  0.0207  0.0207  0.0206  0.0206  0.0206  0.0206  0.0206  0.0206
  0.0207  0.0207  0.0207  0.0207  0.0207  0.0206  0.0207  0.0207  0.0206  0.0207  0.0207  0.0206
  0.0209  0.0208  0.0207  0.0211  0.0210  0.0209  0.0208  0.0211  0.0207  0.0208  0.0208  0.0207
  0.0211  0.0210  0.0209  0.0216  0.0213  0.0215  0.0210  0.0216  0.0209  0.0211  0.0209  0.0209
registration optimization eta report
parameter search radius
    0.8000    0.8000    0.8000    2.4000    2.4000    2.4000
    2.4000    2.4000    2.4000    2.4000    2.4000    2.4000
100000*second partial in parameter space
       77.       55.       44.       16.       11.       17.
        7.       17.        5.        9.        6.        4.
  0.0212  0.0210  0.0210  0.0216  0.0213  0.0217  0.0210  0.0216  0.0209  0.0211  0.0209  0.0208
  0.0209  0.0208  0.0208  0.0211  0.0209  0.0213  0.0208  0.0210  0.0207  0.0208  0.0208  0.0207
  0.0207  0.0207  0.0207  0.0208  0.0207  0.0209  0.0207  0.0207  0.0206  0.0207  0.0206  0.0206
  0.0207  0.0207  0.0207  0.0207  0.0207  0.0207  0.0206  0.0206  0.0206  0.0206  0.0206  0.0206
  0.0207  0.0207  0.0207  0.0207  0.0207  0.0206  0.0207  0.0207  0.0206  0.0207  0.0207  0.0206
  0.0209  0.0208  0.0207  0.0211  0.0210  0.0209  0.0208  0.0211  0.0207  0.0208  0.0208  0.0207
  0.0211  0.0210  0.0209  0.0216  0.0213  0.0215  0.0210  0.0216  0.0209  0.0211  0.0209  0.0209
   -1.8653   16.9326   13.1297   -6.2177  -11.3139   -7.5351
   -3.5221   -3.2363    5.1559   -4.8772   -0.2076    6.2777
eta,q 0.97939  8.82883

---------------------------------------------------------------------
compute_vox2vox talsrcimg talsrcimg_to_711-2C_as_mni_average_305_t4 /opt/freesurfer/average/711-2C_as_mni_average_305
---------------------------------------------------------------------

freesurfer compute_vox2vox.c
Reading: talsrcimg.4dfp.ifh
Reading: talsrcimg_to_711-2C_as_mni_average_305_t4
Reading: /opt/freesurfer/average/711-2C_as_mni_average_305.4dfp.ifh
Writing: talsrcimg_to_711-2C_as_mni_average_305_t4_vox2vox.txt

start time Fri Mar 13 05:38:29 CET 2026
end		time Fri Mar 13 05:38:42 CET 2026

mpr2mni305 success

avi2talxfm orig_nu.mgz /opt/freesurfer/average/mni305.cor.mgz talsrcimg_to_711-2C_as_mni_average_305_t4_vox2vox.txt transforms/talairach.auto.xfm
avi2talxfm done
mv -f /out/sourcedata/freesurfer/sub-v2s4x29621_ses-1/mri/talsrcimg_to_711-2C_as_mni_average_305_t4_vox2vox.txt /out/sourcedata/freesurfer/sub-v2s4x29621_ses-1/mri/transforms/talsrcimg_to_711-2C_as_mni_average_305_t4_vox2vox.txt
lta_convert --src orig_nu.mgz --trg /opt/freesurfer/average/mni305.cor.mgz --inxfm transforms/talairach.auto.xfm --outlta transforms/talairach.auto.xfm.lta --subject fsaverage
7.3.2

--src: orig_nu.mgz src image (geometry).
--trg: /opt/freesurfer/average/mni305.cor.mgz trg image (geometry).
--inmni: transforms/talairach.auto.xfm input MNI/XFM transform.
--outlta: transforms/talairach.auto.xfm.lta output LTA.
--s: fsaverage subject name
 LTA read, type : 1
 1.06422   0.03933   0.03948   6.16875;
 0.00656   1.07771  -0.07603  -5.18312;
-0.06151   0.05698   1.12110  -26.28271;
 0.00000   0.00000   0.00000   1.00000;
setting subject to fsaverage
Writing  LTA to file transforms/talairach.auto.xfm.lta...
lta_convert successful.
 
 
Started at Fri Mar 13 05:38:28 CET 2026
Ended   at Fri Mar 13 05:38:42 CET 2026
talairach_avi done
