status file for recon-all
Fri Mar 13 05:52:46 CET 2026
#@# MotionCor Fri Mar 13 05:52:48 CET 2026
#@# Talairach Fri Mar 13 05:52:56 CET 2026
#@# Talairach Failure Detection Fri Mar 13 05:57:27 CET 2026
#@# Nu Intensity Correction Fri Mar 13 05:57:27 CET 2026
#@# Intensity Normalization Fri Mar 13 06:00:40 CET 2026
recon-all -s sub-v2s4x29628_ses-1 finished without error at Fri Mar 13 06:02:10 CET 2026



#New# invocation of recon-all 



status file for recon-all
Fri Mar 13 06:09:14 CET 2026
#@# EM Registration Fri Mar 13 06:09:14 CET 2026
recon-all -s sub-v2s4x29628_ses-1 finished without error at Fri Mar 13 06:11:48 CET 2026



#New# invocation of recon-all 



status file for recon-all
Fri Mar 13 06:11:50 CET 2026
#@# CA Normalize Fri Mar 13 06:11:50 CET 2026
#@# CA Reg Fri Mar 13 06:13:10 CET 2026
#@# SubCort Seg Fri Mar 13 07:04:04 CET 2026
#@# CC Seg Fri Mar 13 07:37:46 CET 2026
#@# Merge ASeg Fri Mar 13 07:38:26 CET 2026
#@# Intensity Normalization2 Fri Mar 13 07:38:26 CET 2026
#@# Mask BFS Fri Mar 13 07:40:39 CET 2026
#@# WM Segmentation Fri Mar 13 07:40:39 CET 2026
#@# Fill Fri Mar 13 07:42:45 CET 2026
recon-all -s sub-v2s4x29628_ses-1 finished without error at Fri Mar 13 07:43:49 CET 2026



#New# invocation of recon-all 



status file for recon-all
Fri Mar 13 08:49:44 CET 2026
#@# white curv lh Fri Mar 13 08:49:44 CET 2026
#@# white area lh Fri Mar 13 08:49:44 CET 2026
#@# pial curv lh Fri Mar 13 08:49:44 CET 2026
#@# pial area lh Fri Mar 13 08:49:44 CET 2026
#@# thickness lh Fri Mar 13 08:49:44 CET 2026
#@# area and vertex vol lh Fri Mar 13 08:49:44 CET 2026
#@# white curv rh Fri Mar 13 08:49:44 CET 2026
#@# white area rh Fri Mar 13 08:49:44 CET 2026
#@# pial curv rh Fri Mar 13 08:49:44 CET 2026
#@# pial area rh Fri Mar 13 08:49:44 CET 2026
#@# thickness rh Fri Mar 13 08:49:44 CET 2026
#@# area and vertex vol rh Fri Mar 13 08:49:44 CET 2026
#@# Cortical ribbon mask Fri Mar 13 08:49:44 CET 2026
recon-all -s sub-v2s4x29628_ses-1 finished without error at Fri Mar 13 08:52:50 CET 2026



#New# invocation of recon-all 



status file for recon-all
Fri Mar 13 08:58:24 CET 2026
#@# white curv lh Fri Mar 13 08:58:24 CET 2026
#@# white area lh Fri Mar 13 08:58:24 CET 2026
#@# pial curv lh Fri Mar 13 08:58:24 CET 2026
#@# pial area lh Fri Mar 13 08:58:24 CET 2026
#@# thickness lh Fri Mar 13 08:58:24 CET 2026
#@# area and vertex vol lh Fri Mar 13 08:58:24 CET 2026
#@# white curv rh Fri Mar 13 08:58:24 CET 2026
#@# white area rh Fri Mar 13 08:58:24 CET 2026
#@# pial curv rh Fri Mar 13 08:58:24 CET 2026
#@# pial area rh Fri Mar 13 08:58:24 CET 2026
#@# thickness rh Fri Mar 13 08:58:24 CET 2026
#@# area and vertex vol rh Fri Mar 13 08:58:24 CET 2026
#@# Curvature Stats lh Fri Mar 13 08:58:24 CET 2026
#@# Curvature Stats rh Fri Mar 13 08:58:26 CET 2026
#@# Relabel Hypointensities Fri Mar 13 08:58:28 CET 2026
#@# APas-to-ASeg Fri Mar 13 08:58:43 CET 2026
#@# AParc-to-ASeg aparc Fri Mar 13 08:58:50 CET 2026
#@# AParc-to-ASeg aparc.a2009s Fri Mar 13 08:59:11 CET 2026
#@# AParc-to-ASeg aparc.DKTatlas Fri Mar 13 08:59:30 CET 2026
#@# WMParc Fri Mar 13 08:59:52 CET 2026
#@# ASeg Stats Fri Mar 13 09:04:43 CET 2026
recon-all -s sub-v2s4x29628_ses-1 finished without error at Fri Mar 13 09:05:24 CET 2026
