status file for recon-all
Fri Mar 13 05:32:19 CET 2026
#@# Tessellate lh Fri Mar 13 05:32:19 CET 2026
#@# Smooth1 lh Fri Mar 13 05:32:22 CET 2026
#@# Inflation1 lh Fri Mar 13 05:32:24 CET 2026
#@# QSphere lh Fri Mar 13 05:32:35 CET 2026
#@# Fix Topology lh Fri Mar 13 05:33:33 CET 2026
#@# Smooth2 lh Fri Mar 13 05:38:04 CET 2026
#@# Inflation2 lh Fri Mar 13 05:38:07 CET 2026
#@# Curv .H and .K lh Fri Mar 13 05:38:20 CET 2026
#@# Sphere lh Fri Mar 13 05:39:03 CET 2026
#@# Surf Reg lh Fri Mar 13 05:41:09 CET 2026
#@# Jacobian white lh Fri Mar 13 05:44:43 CET 2026
#@# AvgCurv lh Fri Mar 13 05:44:44 CET 2026
#@# Cortical Parc lh Fri Mar 13 05:44:45 CET 2026
#@# white curv lh Fri Mar 13 05:50:19 CET 2026
#@# white area lh Fri Mar 13 05:50:21 CET 2026
#@# pial curv lh Fri Mar 13 05:50:21 CET 2026
#@# pial area lh Fri Mar 13 05:50:23 CET 2026
#@# thickness lh Fri Mar 13 05:50:24 CET 2026
#@# area and vertex vol lh Fri Mar 13 05:50:50 CET 2026
#@# Curvature Stats lh Fri Mar 13 05:50:51 CET 2026
#@# Cortical Parc 2 lh Fri Mar 13 05:50:54 CET 2026
#@# Cortical Parc 3 lh Fri Mar 13 05:51:06 CET 2026
#@# WM/GM Contrast lh Fri Mar 13 05:51:15 CET 2026
recon-all -s sub-v2s4x29586_ses-1 finished without error at Fri Mar 13 05:51:18 CET 2026



#New# invocation of recon-all 



status file for recon-all
Fri Mar 13 06:14:18 CET 2026
#@# white curv lh Fri Mar 13 06:14:18 CET 2026
#@# white area lh Fri Mar 13 06:14:18 CET 2026
#@# pial curv lh Fri Mar 13 06:14:18 CET 2026
#@# pial area lh Fri Mar 13 06:14:18 CET 2026
#@# thickness lh Fri Mar 13 06:14:18 CET 2026
#@# area and vertex vol lh Fri Mar 13 06:14:18 CET 2026
#@# Parcellation Stats lh Fri Mar 13 06:14:18 CET 2026
#@# Parcellation Stats 2 lh Fri Mar 13 06:14:34 CET 2026
#@# Parcellation Stats 3 lh Fri Mar 13 06:14:42 CET 2026
#@# BA_exvivo Labels lh Fri Mar 13 06:14:51 CET 2026
recon-all -s sub-v2s4x29586_ses-1 finished without error at Fri Mar 13 06:17:15 CET 2026
