status file for recon-all
Fri Mar 13 05:51:21 CET 2026
#@# Tessellate rh Fri Mar 13 05:51:21 CET 2026
#@# Smooth1 rh Fri Mar 13 05:51:24 CET 2026
#@# Inflation1 rh Fri Mar 13 05:51:26 CET 2026
#@# QSphere rh Fri Mar 13 05:51:38 CET 2026
#@# Fix Topology rh Fri Mar 13 05:52:48 CET 2026
#@# Smooth2 rh Fri Mar 13 05:57:37 CET 2026
#@# Inflation2 rh Fri Mar 13 05:57:40 CET 2026
#@# Curv .H and .K rh Fri Mar 13 05:57:52 CET 2026
#@# Sphere rh Fri Mar 13 05:58:34 CET 2026
#@# Surf Reg rh Fri Mar 13 06:00:26 CET 2026
#@# Jacobian white rh Fri Mar 13 06:03:48 CET 2026
#@# AvgCurv rh Fri Mar 13 06:03:49 CET 2026
#@# Cortical Parc rh Fri Mar 13 06:03:50 CET 2026
#@# white curv rh Fri Mar 13 06:09:30 CET 2026
#@# white area rh Fri Mar 13 06:09:32 CET 2026
#@# pial curv rh Fri Mar 13 06:09:32 CET 2026
#@# pial area rh Fri Mar 13 06:09:34 CET 2026
#@# thickness rh Fri Mar 13 06:09:35 CET 2026
#@# area and vertex vol rh Fri Mar 13 06:10:01 CET 2026
#@# Curvature Stats rh Fri Mar 13 06:10:02 CET 2026
#@# Cortical Parc 2 rh Fri Mar 13 06:10:04 CET 2026
#@# Cortical Parc 3 rh Fri Mar 13 06:10:16 CET 2026
#@# WM/GM Contrast rh Fri Mar 13 06:10:26 CET 2026
recon-all -s sub-v2s4x29586_ses-1 finished without error at Fri Mar 13 06:10:29 CET 2026



#New# invocation of recon-all 



status file for recon-all
Fri Mar 13 06:17:18 CET 2026
#@# white curv rh Fri Mar 13 06:17:18 CET 2026
#@# white area rh Fri Mar 13 06:17:18 CET 2026
#@# pial curv rh Fri Mar 13 06:17:18 CET 2026
#@# pial area rh Fri Mar 13 06:17:18 CET 2026
#@# thickness rh Fri Mar 13 06:17:18 CET 2026
#@# area and vertex vol rh Fri Mar 13 06:17:18 CET 2026
#@# Parcellation Stats rh Fri Mar 13 06:17:18 CET 2026
#@# Parcellation Stats 2 rh Fri Mar 13 06:17:36 CET 2026
#@# Parcellation Stats 3 rh Fri Mar 13 06:17:44 CET 2026
#@# BA_exvivo Labels rh Fri Mar 13 06:17:51 CET 2026
recon-all -s sub-v2s4x29586_ses-1 finished without error at Fri Mar 13 06:20:16 CET 2026
