status file for recon-all
Fri Mar 13 03:46:51 CET 2026
#@# MotionCor Fri Mar 13 03:46:52 CET 2026
#@# Talairach Fri Mar 13 03:47:00 CET 2026
#@# Talairach Failure Detection Fri Mar 13 03:51:25 CET 2026
#@# Nu Intensity Correction Fri Mar 13 03:51:26 CET 2026
#@# Intensity Normalization Fri Mar 13 03:54:40 CET 2026
recon-all -s sub-v2s4x29586_ses-1 finished without error at Fri Mar 13 03:56:09 CET 2026



#New# invocation of recon-all 



status file for recon-all
Fri Mar 13 04:03:06 CET 2026
#@# EM Registration Fri Mar 13 04:03:06 CET 2026
recon-all -s sub-v2s4x29586_ses-1 finished without error at Fri Mar 13 04:05:17 CET 2026



#New# invocation of recon-all 



status file for recon-all
Fri Mar 13 04:05:18 CET 2026
#@# CA Normalize Fri Mar 13 04:05:18 CET 2026
#@# CA Reg Fri Mar 13 04:06:38 CET 2026
#@# SubCort Seg Fri Mar 13 04:52:08 CET 2026
#@# CC Seg Fri Mar 13 05:26:17 CET 2026
#@# Merge ASeg Fri Mar 13 05:26:57 CET 2026
#@# Intensity Normalization2 Fri Mar 13 05:26:57 CET 2026
#@# Mask BFS Fri Mar 13 05:29:12 CET 2026
#@# WM Segmentation Fri Mar 13 05:29:13 CET 2026
#@# Fill Fri Mar 13 05:31:12 CET 2026
recon-all -s sub-v2s4x29586_ses-1 finished without error at Fri Mar 13 05:32:14 CET 2026



#New# invocation of recon-all 



status file for recon-all
Fri Mar 13 06:10:34 CET 2026
#@# white curv lh Fri Mar 13 06:10:34 CET 2026
#@# white area lh Fri Mar 13 06:10:34 CET 2026
#@# pial curv lh Fri Mar 13 06:10:34 CET 2026
#@# pial area lh Fri Mar 13 06:10:34 CET 2026
#@# thickness lh Fri Mar 13 06:10:34 CET 2026
#@# area and vertex vol lh Fri Mar 13 06:10:34 CET 2026
#@# white curv rh Fri Mar 13 06:10:34 CET 2026
#@# white area rh Fri Mar 13 06:10:34 CET 2026
#@# pial curv rh Fri Mar 13 06:10:34 CET 2026
#@# pial area rh Fri Mar 13 06:10:34 CET 2026
#@# thickness rh Fri Mar 13 06:10:34 CET 2026
#@# area and vertex vol rh Fri Mar 13 06:10:34 CET 2026
#@# Cortical ribbon mask Fri Mar 13 06:10:34 CET 2026
recon-all -s sub-v2s4x29586_ses-1 finished without error at Fri Mar 13 06:14:12 CET 2026



#New# invocation of recon-all 



status file for recon-all
Fri Mar 13 06:20:21 CET 2026
#@# white curv lh Fri Mar 13 06:20:21 CET 2026
#@# white area lh Fri Mar 13 06:20:21 CET 2026
#@# pial curv lh Fri Mar 13 06:20:21 CET 2026
#@# pial area lh Fri Mar 13 06:20:21 CET 2026
#@# thickness lh Fri Mar 13 06:20:21 CET 2026
#@# area and vertex vol lh Fri Mar 13 06:20:21 CET 2026
#@# white curv rh Fri Mar 13 06:20:21 CET 2026
#@# white area rh Fri Mar 13 06:20:21 CET 2026
#@# pial curv rh Fri Mar 13 06:20:21 CET 2026
#@# pial area rh Fri Mar 13 06:20:21 CET 2026
#@# thickness rh Fri Mar 13 06:20:21 CET 2026
#@# area and vertex vol rh Fri Mar 13 06:20:21 CET 2026
#@# Curvature Stats lh Fri Mar 13 06:20:21 CET 2026
#@# Curvature Stats rh Fri Mar 13 06:20:23 CET 2026
#@# Relabel Hypointensities Fri Mar 13 06:20:26 CET 2026
#@# APas-to-ASeg Fri Mar 13 06:20:40 CET 2026
#@# AParc-to-ASeg aparc Fri Mar 13 06:20:47 CET 2026
#@# AParc-to-ASeg aparc.a2009s Fri Mar 13 06:21:12 CET 2026
#@# AParc-to-ASeg aparc.DKTatlas Fri Mar 13 06:21:40 CET 2026
#@# WMParc Fri Mar 13 06:22:06 CET 2026
#@# ASeg Stats Fri Mar 13 06:26:04 CET 2026
recon-all -s sub-v2s4x29586_ses-1 finished without error at Fri Mar 13 06:26:42 CET 2026
