/out/sourcedata/freesurfer/sub-v2s4x29612_ses-1/mri
/opt/freesurfer/bin/talairach_avi
--i orig_nu.mgz --xfm transforms/talairach.auto.xfm
talairach_avi 7.3.2
Linux dna071 5.14.0-427.37.1.el9_4.x86_64 #1 SMP PREEMPT_DYNAMIC Fri Sep 13 12:41:50 EDT 2024 x86_64 x86_64 x86_64 GNU/Linux
Fri Mar 13 05:14:37 CET 2026
mri_convert orig_nu.mgz talsrcimg.img 
reading from orig_nu.mgz...
TR=0.00, TE=0.00, TI=0.00, flip angle=0.00
i_ras = (-1, 0, 0)
j_ras = (0, 0, -1)
k_ras = (-1.86265e-09, 1, 0)
writing to talsrcimg.img...
Analyze Output Matrix
-1.00000   0.00000  -0.00000   126.52901;
 0.00000   0.00000   1.00000  -131.81201;
 0.00000  -1.00000   0.00000   122.24660;
 0.00000   0.00000   0.00000   1.00000;
--------------------
INFO: set hdr.hist.orient to -1
mpr2mni305 talsrcimg
Fri Mar 13 05:14:38 CET 2026
/opt/freesurfer/bin/mpr2mni305 talsrcimg
mpr2mni305 7.3.2
target=711-2C_as_mni_average_305

---------------------------------------------------------------------
analyzeto4dfp talsrcimg -O0 -y
---------------------------------------------------------------------

freesurfer ifh2hdr.c
Fri Mar 13 05:14:38 2026
Writing: talsrcimg.4dfp.hdr
freesurfer analyzeto4dfp.c
Reading: talsrcimg.hdr
header size 348 bytes
hdr.dime.datatype	offset=70	value=2
hdr.dime.bitpix		offset=72	value=8
hdr.hist.orient		offset=252	value=-1
dimensionality     4
dimensions       256       256       256         1
Reading: talsrcimg.img
Writing: talsrcimg.4dfp.img
Writing: talsrcimg.4dfp.ifh
ifh2hdr talsrcimg -r0to255
ori=2

---------------------------------------------------------------------
gauss_4dfp talsrcimg 1.1
---------------------------------------------------------------------

freesurfer gauss_4dfp.c
Reading: talsrcimg.4dfp.img
Writing: talsrcimg_g11.4dfp.img
image dimensions 256 256 256 padded to 288 288 288
processing volume 1freesurfer ifh2hdr.c
Fri Mar 13 05:14:39 2026
Writing: talsrcimg_g11.4dfp.hdr

Writing: talsrcimg_g11.4dfp.ifh
including: talsrcimg.4dfp.img.rec in talsrcimg_g11.4dfp.img.rec

---------------------------------------------------------------------
imgreg_4dfp /opt/freesurfer/average/711-2C_as_mni_average_305 none talsrcimg_g11 none talsrcimg_to_711-2C_as_mni_average_305_t4 4355
---------------------------------------------------------------------

freesurfer imgreg_4dfp.c
/opt/freesurfer/average/711-2C_as_mni_average_305.4dfp.img
       256       256       256         1
  1.000000  1.000000  1.000000
orientation T byte_order littleendian
Reading image: /opt/freesurfer/average/711-2C_as_mni_average_305.4dfp.img
dimensions:      256       256       256
mmppix:       1.0000   -1.0000   -1.0000
center:     128.0000 -129.0000 -129.0000
talsrcimg_g11.4dfp.img
       256       256       256         1
  1.000000  1.000000  1.000000
orientation T byte_order littleendian
Reading image: talsrcimg_g11.4dfp.img
dimensions:      256       256       256
mmppix:       1.0000   -1.0000   -1.0000
center:     128.0000 -129.0000 -129.0000
t4_read: open error in t4_sub.f l:  41 t4_file(1:l)talsrcimg_to_711-2C_as_mni_average_305_t4 
t4_read: transform initialized to I4
rotation matrix determinant  1.000000
image alignment mode   4355 decimal     1103 hex
   -7.5000  -45.0000  -45.0000 4510.5181   16.3244
    0.0000  -45.0000  -45.0000 4711.6177   16.3086
    7.5000  -45.0000  -45.0000 4513.1924   16.2912
   -7.5000  -37.5000  -45.0000 5087.7144   15.6452
    0.0000  -37.5000  -45.0000 5303.7993   15.6295
    7.5000  -37.5000  -45.0000 5083.3652   15.6015
   -7.5000  -30.0000  -45.0000 5926.1177   15.1461
    0.0000  -30.0000  -45.0000 6176.8853   15.1308
    7.5000  -30.0000  -45.0000 5935.9180   15.0992
   -7.5000  -22.5000  -45.0000 6771.1909   14.8251
    0.0000  -22.5000  -45.0000 7070.7515   14.8057
    7.5000  -22.5000  -45.0000 6783.4639   14.7861
   -7.5000  -15.0000  -45.0000 7644.0283   14.7040
    0.0000  -15.0000  -45.0000 8005.5444   14.6802
    7.5000  -15.0000  -45.0000 7673.9004   14.6721
   -7.5000   -7.5000  -45.0000 8533.5156   14.7883
    0.0000   -7.5000  -45.0000 8946.6318   14.7679
    7.5000   -7.5000  -45.0000 8564.7910   14.7628
   -7.5000    0.0000  -45.0000 9427.4092   14.8511
    0.0000    0.0000  -45.0000 9882.0752   14.8368
    7.5000    0.0000  -45.0000 9440.6025   14.8236
   -7.5000    7.5000  -45.0000 9685.9678   14.8188
    0.0000    7.5000  -45.000010150.8252   14.8064
    7.5000    7.5000  -45.0000 9693.0527   14.7804
   -7.5000   15.0000  -45.0000 9675.8154   14.7354
    0.0000   15.0000  -45.000010155.5996   14.7216
    7.5000   15.0000  -45.0000 9685.0293   14.6924
   -7.5000   22.5000  -45.0000 9544.7061   14.6800
    0.0000   22.5000  -45.000010034.7578   14.6609
    7.5000   22.5000  -45.0000 9553.0771   14.6415
   -7.5000   30.0000  -45.0000 9375.1885   14.5069
    0.0000   30.0000  -45.0000 9846.0801   14.4834
    7.5000   30.0000  -45.0000 9378.5361   14.4754
   -7.5000   37.5000  -45.0000 9505.6035   14.5913
    0.0000   37.5000  -45.0000 9972.1855   14.5711
    7.5000   37.5000  -45.0000 9507.7578   14.5660
   -7.5000   45.0000  -45.0000 9262.6309   14.2811
    0.0000   45.0000  -45.0000 9711.6016   14.2674
    7.5000   45.0000  -45.0000 9255.4561   14.2547
   -7.5000  -45.0000  -37.5000 4858.9937   16.1826
    0.0000  -45.0000  -37.5000 5074.4209   16.1691
    7.5000  -45.0000  -37.5000 4864.3652   16.1567
   -7.5000  -37.5000  -37.5000 5458.7007   15.5128
    0.0000  -37.5000  -37.5000 5702.2964   15.4993
    7.5000  -37.5000  -37.5000 5477.6099   15.4801
   -7.5000  -30.0000  -37.5000 6332.7588   15.0244
    0.0000  -30.0000  -37.5000 6609.1582   15.0128
    7.5000  -30.0000  -37.5000 6359.8921   14.9878
   -7.5000  -22.5000  -37.5000 7246.8228   14.7131
    0.0000  -22.5000  -37.5000 7578.7954   14.6988
    7.5000  -22.5000  -37.5000 7272.8066   14.6800
   -7.5000  -15.0000  -37.5000 8183.6006   14.5960
    0.0000  -15.0000  -37.5000 8578.4824   14.5777
    7.5000  -15.0000  -37.5000 8219.9092   14.5675
   -7.5000   -7.5000  -37.5000 9174.0049   14.6752
    0.0000   -7.5000  -37.5000 9631.6016   14.6586
    7.5000   -7.5000  -37.5000 9186.4404   14.6533
   -7.5000    0.0000  -37.500010139.9395   14.7319
    0.0000    0.0000  -37.500010642.1621   14.7196
    7.5000    0.0000  -37.500010115.2686   14.7113
   -7.5000    7.5000  -37.500010409.5312   14.6990
    0.0000    7.5000  -37.500010941.6592   14.6886
    7.5000    7.5000  -37.500010377.8389   14.6710
   -7.5000   15.0000  -37.500010394.7852   14.6198
    0.0000   15.0000  -37.500010935.3496   14.6093
    7.5000   15.0000  -37.500010365.6113   14.5865
   -7.5000   22.5000  -37.500010247.4043   14.5702
    0.0000   22.5000  -37.500010823.3105   14.5561
    7.5000   22.5000  -37.500010229.5859   14.5376
   -7.5000   30.0000  -37.500010030.0078   14.4003
    0.0000   30.0000  -37.500010599.2666   14.3822
    7.5000   30.0000  -37.500010014.3994   14.3722
   -7.5000   37.5000  -37.500010138.2852   14.4796
    0.0000   37.5000  -37.500010682.2832   14.4632
    7.5000   37.5000  -37.500010115.6035   14.4581
   -7.5000   45.0000  -37.5000 9861.6699   14.1665
    0.0000   45.0000  -37.500010386.2227   14.1546
    7.5000   45.0000  -37.5000 9834.8145   14.1467
   -7.5000  -45.0000  -30.0000 5272.9844   16.7627
    0.0000  -45.0000  -30.0000 5508.7461   16.7524
    7.5000  -45.0000  -30.0000 5288.4092   16.7406
   -7.5000  -37.5000  -30.0000 5940.0625   16.0643
    0.0000  -37.5000  -30.0000 6199.3633   16.0547
    7.5000  -37.5000  -30.0000 5945.6748   16.0403
   -7.5000  -30.0000  -30.0000 6893.6343   15.5666
    0.0000  -30.0000  -30.0000 7205.6270   15.5596
    7.5000  -30.0000  -30.0000 6903.8813   15.5380
   -7.5000  -22.5000  -30.0000 7904.3560   15.2543
    0.0000  -22.5000  -30.0000 8273.0918   15.2450
    7.5000  -22.5000  -30.0000 7914.5278   15.2254
   -7.5000  -15.0000  -30.0000 8919.8350   15.1367
    0.0000  -15.0000  -30.0000 9355.8750   15.1236
    7.5000  -15.0000  -30.0000 8938.7617   15.1094
   -7.5000   -7.5000  -30.000010005.5254   15.2121
    0.0000   -7.5000  -30.000010511.1895   15.1993
    7.5000   -7.5000  -30.000010010.7773   15.1909
   -7.5000    0.0000  -30.000011054.2139   15.2619
    0.0000    0.0000  -30.000011611.0176   15.2526
    7.5000    0.0000  -30.000011025.6680   15.2454
   -7.5000    7.5000  -30.000011319.3896   15.2257
    0.0000    7.5000  -30.000011913.0850   15.2190
    7.5000    7.5000  -30.000011264.7041   15.2057
   -7.5000   15.0000  -30.000011310.7793   15.1495
    0.0000   15.0000  -30.000011894.7520   15.1432
    7.5000   15.0000  -30.000011256.4395   15.1237
   -7.5000   22.5000  -30.000011158.9307   15.1054
    0.0000   22.5000  -30.000011785.6709   15.0962
    7.5000   22.5000  -30.000011095.8877   15.0768
   -7.5000   30.0000  -30.000010892.6641   14.9352
    0.0000   30.0000  -30.000011520.1758   14.9222
    7.5000   30.0000  -30.000010841.0381   14.9082
   -7.5000   37.5000  -30.000010968.6953   15.0108
    0.0000   37.5000  -30.000011600.5488   14.9981
    7.5000   37.5000  -30.000010917.4336   14.9899
   -7.5000   45.0000  -30.000010637.0156   14.6869
    0.0000   45.0000  -30.000011250.5947   14.6780
    7.5000   45.0000  -30.000010587.0879   14.6710
   -7.5000  -45.0000  -22.5000 5699.7051   17.3361
    0.0000  -45.0000  -22.5000 5957.7598   17.3259
    7.5000  -45.0000  -22.5000 5722.9888   17.3095
   -7.5000  -37.5000  -22.5000 6440.0640   16.6065
    0.0000  -37.5000  -22.5000 6718.1313   16.5976
    7.5000  -37.5000  -22.5000 6449.6338   16.5785
   -7.5000  -30.0000  -22.5000 7486.0537   16.0948
    0.0000  -30.0000  -22.5000 7816.4053   16.0877
    7.5000  -30.0000  -22.5000 7485.3589   16.0625
   -7.5000  -22.5000  -22.5000 8590.4521   15.7764
    0.0000  -22.5000  -22.5000 8994.0186   15.7666
    7.5000  -22.5000  -22.5000 8597.1260   15.7452
   -7.5000  -15.0000  -22.5000 9717.9639   15.6566
    0.0000  -15.0000  -22.500010175.3232   15.6425
    7.5000  -15.0000  -22.5000 9733.8018   15.6269
   -7.5000   -7.5000  -22.500010886.5781   15.7322
    0.0000   -7.5000  -22.500011396.2256   15.7186
    7.5000   -7.5000  -22.500010895.6025   15.7074
   -7.5000    0.0000  -22.500011993.3682   15.7795
    0.0000    0.0000  -22.500012577.0771   15.7706
    7.5000    0.0000  -22.500011976.8037   15.7592
   -7.5000    7.5000  -22.500012240.6865   15.7403
    0.0000    7.5000  -22.500012880.0732   15.7344
    7.5000    7.5000  -22.500012204.9912   15.7165
   -7.5000   15.0000  -22.500012219.3838   15.6639
    0.0000   15.0000  -22.500012841.6729   15.6576
    7.5000   15.0000  -22.500012174.9385   15.6346
   -7.5000   22.5000  -22.500012068.6445   15.6213
    0.0000   22.5000  -22.500012723.0332   15.6116
    7.5000   22.5000  -22.500012008.0840   15.5905
   -7.5000   30.0000  -22.500011777.5957   15.4505
    0.0000   30.0000  -22.500012445.3252   15.4366
    7.5000   30.0000  -22.500011702.3174   15.4212
   -7.5000   37.5000  -22.500011860.6631   15.5264
    0.0000   37.5000  -22.500012548.7285   15.5130
    7.5000   37.5000  -22.500011767.0498   15.5020
   -7.5000   45.0000  -22.500011462.0234   15.1965
    0.0000   45.0000  -22.500012132.7598   15.1878
    7.5000   45.0000  -22.500011389.7695   15.1769
   -7.5000  -45.0000  -15.0000 6153.1157   17.7788
    0.0000  -45.0000  -15.0000 6426.1675   17.7658
    7.5000  -45.0000  -15.0000 6155.6733   17.7430
   -7.5000  -37.5000  -15.0000 6954.5576   17.0290
    0.0000  -37.5000  -15.0000 7265.6943   17.0174
    7.5000  -37.5000  -15.0000 6956.2764   16.9885
   -7.5000  -30.0000  -15.0000 8091.9307   16.5003
    0.0000  -30.0000  -15.0000 8447.7646   16.4891
    7.5000  -30.0000  -15.0000 8086.7705   16.4566
   -7.5000  -22.5000  -15.0000 9279.3896   16.1699
    0.0000  -22.5000  -15.0000 9706.1631   16.1548
    7.5000  -22.5000  -15.0000 9287.9961   16.1321
   -7.5000  -15.0000  -15.000010495.9297   16.0467
    0.0000  -15.0000  -15.000010989.3418   16.0269
    7.5000  -15.0000  -15.000010504.8164   16.0128
   -7.5000   -7.5000  -15.000011738.9473   16.1287
    0.0000   -7.5000  -15.000012294.0244   16.1111
    7.5000   -7.5000  -15.000011734.3271   16.0991
   -7.5000    0.0000  -15.000012922.7061   16.1814
    0.0000    0.0000  -15.000013547.6982   16.1702
    7.5000    0.0000  -15.000012893.9229   16.1528
   -7.5000    7.5000  -15.000013161.7197   16.1406
    0.0000    7.5000  -15.000013819.0498   16.1323
    7.5000    7.5000  -15.000013125.3486   16.1051
   -7.5000   15.0000  -15.000013150.1113   16.0583
    0.0000   15.0000  -15.000013780.0879   16.0485
    7.5000   15.0000  -15.000013124.1230   16.0185
   -7.5000   22.5000  -15.000013014.5156   16.0101
    0.0000   22.5000  -15.000013662.3711   15.9951
    7.5000   22.5000  -15.000012934.0723   15.9727
   -7.5000   30.0000  -15.000012659.7207   15.8377
    0.0000   30.0000  -15.000013346.5889   15.8182
    7.5000   30.0000  -15.000012585.0850   15.8042
   -7.5000   37.5000  -15.000012735.3857   15.9199
    0.0000   37.5000  -15.000013452.1699   15.9026
    7.5000   37.5000  -15.000012650.3418   15.8907
   -7.5000   45.0000  -15.000012318.5771   15.5929
    0.0000   45.0000  -15.000013025.1133   15.5821
    7.5000   45.0000  -15.000012219.1826   15.5653
   -7.5000  -45.0000   -7.5000 6595.7070   18.0199
    0.0000  -45.0000   -7.5000 6893.1831   18.0040
    7.5000  -45.0000   -7.5000 6585.6343   17.9799
   -7.5000  -37.5000   -7.5000 7462.0347   17.2683
    0.0000  -37.5000   -7.5000 7806.4614   17.2530
    7.5000  -37.5000   -7.5000 7462.4448   17.2185
   -7.5000  -30.0000   -7.5000 8686.2617   16.7243
    0.0000  -30.0000   -7.5000 9086.8086   16.7084
    7.5000  -30.0000   -7.5000 8697.6992   16.6714
   -7.5000  -22.5000   -7.5000 9974.4443   16.3783
    0.0000  -22.5000   -7.500010445.4961   16.3576
    7.5000  -22.5000   -7.500010001.5713   16.3345
   -7.5000  -15.0000   -7.500011275.1611   16.2493
    0.0000  -15.0000   -7.500011805.0264   16.2237
    7.5000  -15.0000   -7.500011302.1924   16.2126
   -7.5000   -7.5000   -7.500012607.1738   16.3405
    0.0000   -7.5000   -7.500013190.1885   16.3190
    7.5000   -7.5000   -7.500012622.8457   16.3095
   -7.5000    0.0000   -7.500013852.3662   16.4050
    0.0000    0.0000   -7.500014495.4482   16.3910
    7.5000    0.0000   -7.500013858.1377   16.3720
   -7.5000    7.5000   -7.500014108.3271   16.3664
    0.0000    7.5000   -7.500014774.4365   16.3545
    7.5000    7.5000   -7.500014107.1797   16.3222
   -7.5000   15.0000   -7.500014154.8086   16.2759
    0.0000   15.0000   -7.500014803.9336   16.2617
    7.5000   15.0000   -7.500014136.8584   16.2274
   -7.5000   22.5000   -7.500013973.4990   16.2145
    0.0000   22.5000   -7.500014619.3340   16.1939
    7.5000   22.5000   -7.500013894.2148   16.1713
   -7.5000   30.0000   -7.500013579.7637   16.0373
    0.0000   30.0000   -7.500014224.8066   16.0120
    7.5000   30.0000   -7.500013480.1660   16.0011
   -7.5000   37.5000   -7.500013657.2002   16.1286
    0.0000   37.5000   -7.500014352.4492   16.1073
    7.5000   37.5000   -7.500013556.4111   16.0980
   -7.5000   45.0000   -7.500013199.1084   15.8114
    0.0000   45.0000   -7.500013913.9287   15.7979
    7.5000   45.0000   -7.500013098.5137   15.7795
   -7.5000  -45.0000    0.0000 6973.0103   18.0633
    0.0000  -45.0000    0.0000 7287.1411   18.0459
    7.5000  -45.0000    0.0000 6980.4062   18.0267
   -7.5000  -37.5000    0.0000 7890.3730   17.3191
    0.0000  -37.5000    0.0000 8246.8701   17.3015
    7.5000  -37.5000    0.0000 7909.3228   17.2704
   -7.5000  -30.0000    0.0000 9219.0850   16.7705
    0.0000  -30.0000    0.0000 9666.6543   16.7532
    7.5000  -30.0000    0.0000 9245.7666   16.7179
   -7.5000  -22.5000    0.000010628.5557   16.4176
    0.0000  -22.5000    0.000011157.8926   16.3959
    7.5000  -22.5000    0.000010656.1807   16.3738
   -7.5000  -15.0000    0.000012028.2910   16.2854
    0.0000  -15.0000    0.000012597.7695   16.2590
    7.5000  -15.0000    0.000012050.8057   16.2498
   -7.5000   -7.5000    0.000013413.9707   16.3795
    0.0000   -7.5000    0.000014016.0830   16.3571
    7.5000   -7.5000    0.000013437.4766   16.3513
   -7.5000    0.0000    0.000014692.4873   16.4496
    0.0000    0.0000    0.000015349.3223   16.4339
    7.5000    0.0000    0.000014728.9297   16.4193
   -7.5000    7.5000    0.000014983.7754   16.4136
    0.0000    7.5000    0.000015619.0693   16.3996
    7.5000    7.5000    0.000015006.3096   16.3708
   -7.5000   15.0000    0.000015113.6309   16.3205
    0.0000   15.0000    0.000015787.8887   16.3048
    7.5000   15.0000    0.000015112.7227   16.2722
   -7.5000   22.5000    0.000014911.1816   16.2534
    0.0000   22.5000    0.000015546.8135   16.2319
    7.5000   22.5000    0.000014825.3506   16.2102
   -7.5000   30.0000    0.000014421.3682   16.0733
    0.0000   30.0000    0.000014975.3164   16.0472
    7.5000   30.0000    0.000014288.2871   16.0381
   -7.5000   37.5000    0.000014463.2910   16.1676
    0.0000   37.5000    0.000015060.4219   16.1454
    7.5000   37.5000    0.000014363.3281   16.1397
   -7.5000   45.0000    0.000014005.7178   15.8556
    0.0000   45.0000    0.000014626.6504   15.8404
    7.5000   45.0000    0.000013909.6250   15.8263
   -7.5000  -45.0000    7.5000 6798.8325   18.0337
    0.0000  -45.0000    7.5000 7121.3916   18.0187
    7.5000  -45.0000    7.5000 6803.4336   18.0049
   -7.5000  -37.5000    7.5000 7739.9463   17.2899
    0.0000  -37.5000    7.5000 8090.2363   17.2750
    7.5000  -37.5000    7.5000 7751.6558   17.2535
   -7.5000  -30.0000    7.5000 9101.9072   16.7472
    0.0000  -30.0000    7.5000 9523.9004   16.7344
    7.5000  -30.0000    7.5000 9102.2295   16.7064
   -7.5000  -22.5000    7.500010466.1924   16.4014
    0.0000  -22.5000    7.500010950.3418   16.3855
    7.5000  -22.5000    7.500010477.5342   16.3645
   -7.5000  -15.0000    7.500011832.6230   16.2716
    0.0000  -15.0000    7.500012367.2520   16.2512
    7.5000  -15.0000    7.500011845.1270   16.2398
   -7.5000   -7.5000    7.500013157.6729   16.3599
    0.0000   -7.5000    7.500013737.8438   16.3415
    7.5000   -7.5000    7.500013174.3838   16.3356
   -7.5000    0.0000    7.500014352.1084   16.4232
    0.0000    0.0000    7.500014962.7441   16.4095
    7.5000    0.0000    7.500014407.0986   16.4003
   -7.5000    7.5000    7.500014628.9580   16.3864
    0.0000    7.5000    7.500015233.1885   16.3749
    7.5000    7.5000    7.500014661.4561   16.3551
   -7.5000   15.0000    7.500014837.1729   16.2980
    0.0000   15.0000    7.500015574.5332   16.2864
    7.5000   15.0000    7.500014847.3975   16.2608
   -7.5000   22.5000    7.500014798.9473   16.2375
    0.0000   22.5000    7.500015323.9688   16.2218
    7.5000   22.5000    7.500014709.5977   16.2011
   -7.5000   30.0000    7.500014297.6416   16.0597
    0.0000   30.0000    7.500014638.5439   16.0396
    7.5000   30.0000    7.500014149.0400   16.0283
   -7.5000   37.5000    7.500014342.3789   16.1482
    0.0000   37.5000    7.500014730.3818   16.1300
    7.5000   37.5000    7.500014205.0762   16.1242
   -7.5000   45.0000    7.500013850.7754   15.8300
    0.0000   45.0000    7.500014354.0000   15.8168
    7.5000   45.0000    7.500013734.2686   15.8080
   -7.5000  -45.0000   15.0000 6540.8169   18.0002
    0.0000  -45.0000   15.0000 6826.9131   17.9892
    7.5000  -45.0000   15.0000 6536.2695   17.9765
   -7.5000  -37.5000   15.0000 7449.7695   17.2502
    0.0000  -37.5000   15.0000 7798.1289   17.2399
    7.5000  -37.5000   15.0000 7446.8857   17.2245
   -7.5000  -30.0000   15.0000 8773.9756   16.7158
    0.0000  -30.0000   15.0000 9204.9502   16.7083
    7.5000  -30.0000   15.0000 8758.0879   16.6852
   -7.5000  -22.5000   15.000010099.9014   16.3805
    0.0000  -22.5000   15.000010601.7979   16.3705
    7.5000  -22.5000   15.000010115.6895   16.3494
   -7.5000  -15.0000   15.000011437.7197   16.2542
    0.0000  -15.0000   15.000011979.1846   16.2401
    7.5000  -15.0000   15.000011466.5381   16.2249
   -7.5000   -7.5000   15.000012747.7197   16.3352
    0.0000   -7.5000   15.000013310.5615   16.3214
    7.5000   -7.5000   15.000012791.2227   16.3124
   -7.5000    0.0000   15.000013961.6084   16.3886
    0.0000    0.0000   15.000014479.0400   16.3787
    7.5000    0.0000   15.000013985.9404   16.3709
   -7.5000    7.5000   15.000014201.4180   16.3497
    0.0000    7.5000   15.000014767.1152   16.3426
    7.5000    7.5000   15.000014229.6992   16.3283
   -7.5000   15.0000   15.000014342.0830   16.2680
    0.0000   15.0000   15.000015083.4297   16.2612
    7.5000   15.0000   15.000014412.3018   16.2402
   -7.5000   22.5000   15.000014388.8262   16.2170
    0.0000   22.5000   15.000014915.9277   16.2071
    7.5000   22.5000   15.000014341.4775   16.1864
   -7.5000   30.0000   15.000014075.5947   16.0425
    0.0000   30.0000   15.000014450.4014   16.0286
    7.5000   30.0000   15.000013912.6035   16.0135
   -7.5000   37.5000   15.000014178.1660   16.1238
    0.0000   37.5000   15.000014611.2363   16.1102
    7.5000   37.5000   15.000013942.5840   16.1012
   -7.5000   45.0000   15.000013584.3838   15.7967
    0.0000   45.0000   15.000014118.1533   15.7871
    7.5000   45.0000   15.000013381.0918   15.7797
   -7.5000  -45.0000   22.5000 6198.7700   17.9963
    0.0000  -45.0000   22.5000 6494.3115   17.9857
    7.5000  -45.0000   22.5000 6195.0210   17.9686
   -7.5000  -37.5000   22.5000 7089.9712   17.2389
    0.0000  -37.5000   22.5000 7432.4448   17.2296
    7.5000  -37.5000   22.5000 7082.8013   17.2099
   -7.5000  -30.0000   22.5000 8346.4229   16.7077
    0.0000  -30.0000   22.5000 8755.8496   16.7004
    7.5000  -30.0000   22.5000 8354.7178   16.6741
   -7.5000  -22.5000   22.5000 9646.2617   16.3772
    0.0000  -22.5000   22.500010107.2256   16.3670
    7.5000  -22.5000   22.5000 9656.8213   16.3448
   -7.5000  -15.0000   22.500010917.4814   16.2528
    0.0000  -15.0000   22.500011442.9961   16.2382
    7.5000  -15.0000   22.500010937.4873   16.2220
   -7.5000   -7.5000   22.500012142.0967   16.3312
    0.0000   -7.5000   22.500012744.9395   16.3172
    7.5000   -7.5000   22.500012170.7246   16.3056
   -7.5000    0.0000   22.500013295.2090   16.3804
    0.0000    0.0000   22.500013944.3955   16.3711
    7.5000    0.0000   22.500013307.4473   16.3593
   -7.5000    7.5000   22.500013527.1299   16.3397
    0.0000    7.5000   22.500014258.2764   16.3335
    7.5000    7.5000   22.500013557.5605   16.3150
   -7.5000   15.0000   22.500013555.1582   16.2603
    0.0000   15.0000   22.500014335.1855   16.2539
    7.5000   15.0000   22.500013638.8145   16.2299
   -7.5000   22.5000   22.500013437.6855   16.2137
    0.0000   22.5000   22.500014061.6230   16.2036
    7.5000   22.5000   22.500013449.1221   16.1817
   -7.5000   30.0000   22.500013170.3096   16.0412
    0.0000   30.0000   22.500013720.8008   16.0267
    7.5000   30.0000   22.500013122.5225   16.0107
   -7.5000   37.5000   22.500013338.5732   16.1199
    0.0000   37.5000   22.500013941.0352   16.1060
    7.5000   37.5000   22.500013228.9023   16.0946
   -7.5000   45.0000   22.500012854.8262   15.7888
    0.0000   45.0000   22.500013470.4209   15.7799
    7.5000   45.0000   22.500012745.9062   15.7685
   -7.5000  -45.0000   30.0000 5810.8438   18.0231
    0.0000  -45.0000   30.0000 6059.7651   18.0100
    7.5000  -45.0000   30.0000 5798.9185   17.9868
   -7.5000  -37.5000   30.0000 6615.6987   17.2630
    0.0000  -37.5000   30.0000 6926.7388   17.2512
    7.5000  -37.5000   30.0000 6605.5200   17.2220
   -7.5000  -30.0000   30.0000 7788.5054   16.7270
    0.0000  -30.0000   30.0000 8201.8066   16.7156
    7.5000  -30.0000   30.0000 7796.8979   16.6827
   -7.5000  -22.5000   30.0000 8983.7861   16.3921
    0.0000  -22.5000   30.0000 9490.7568   16.3767
    7.5000  -22.5000   30.0000 9004.2490   16.3537
   -7.5000  -15.0000   30.000010167.1602   16.2672
    0.0000  -15.0000   30.000010752.5166   16.2471
    7.5000  -15.0000   30.000010192.1895   16.2328
   -7.5000   -7.5000   30.000011336.2197   16.3503
    0.0000   -7.5000   30.000011977.9277   16.3324
    7.5000   -7.5000   30.000011341.4238   16.3203
   -7.5000    0.0000   30.000012448.5010   16.4038
    0.0000    0.0000   30.000013127.8271   16.3924
    7.5000    0.0000   30.000012439.9639   16.3747
   -7.5000    7.5000   30.000012652.7637   16.3624
    0.0000    7.5000   30.000013345.2383   16.3539
    7.5000    7.5000   30.000012674.8115   16.3263
   -7.5000   15.0000   30.000012660.3008   16.2789
    0.0000   15.0000   30.000013290.7129   16.2689
    7.5000   15.0000   30.000012700.5518   16.2386
   -7.5000   22.5000   30.000012491.3574   16.2283
    0.0000   22.5000   30.000012989.7422   16.2131
    7.5000   22.5000   30.000012499.3232   16.1904
   -7.5000   30.0000   30.000012197.7705   16.0553
    0.0000   30.0000   30.000012671.5850   16.0355
    7.5000   30.0000   30.000012216.2861   16.0214
   -7.5000   37.5000   30.000012336.0957   16.1387
    0.0000   37.5000   30.000012835.0918   16.1211
    7.5000   37.5000   30.000012347.0605   16.1091
   -7.5000   45.0000   30.000011956.1338   15.8114
    0.0000   45.0000   30.000012448.8965   15.8004
    7.5000   45.0000   30.000011963.3525   15.7833
   -7.5000  -45.0000   37.5000 5623.3394   18.1736
    0.0000  -45.0000   37.5000 5841.5513   18.1574
    7.5000  -45.0000   37.5000 5610.1895   18.1327
   -7.5000  -37.5000   37.5000 6401.5024   17.4107
    0.0000  -37.5000   37.5000 6670.8296   17.3951
    7.5000  -37.5000   37.5000 6389.4844   17.3599
   -7.5000  -30.0000   37.5000 7527.5010   16.8590
    0.0000  -30.0000   37.5000 7885.4795   16.8428
    7.5000  -30.0000   37.5000 7532.8750   16.8050
   -7.5000  -22.5000   37.5000 8677.5371   16.5084
    0.0000  -22.5000   37.5000 9114.7764   16.4872
    7.5000  -22.5000   37.5000 8707.6504   16.4637
   -7.5000  -15.0000   37.5000 9799.9941   16.3777
    0.0000  -15.0000   37.500010310.1719   16.3516
    7.5000  -15.0000   37.5000 9851.9639   16.3403
   -7.5000   -7.5000   37.500010948.5381   16.4701
    0.0000   -7.5000   37.500011517.8467   16.4482
    7.5000   -7.5000   37.500010963.5332   16.4385
   -7.5000    0.0000   37.500012028.5029   16.5353
    0.0000    0.0000   37.500012651.6924   16.5211
    7.5000    0.0000   37.500012025.8672   16.5016
   -7.5000    7.5000   37.500012208.4404   16.4960
    0.0000    7.5000   37.500012834.1396   16.4838
    7.5000    7.5000   37.500012232.0205   16.4509
   -7.5000   15.0000   37.500012177.6406   16.4043
    0.0000   15.0000   37.500012730.8154   16.3897
    7.5000   15.0000   37.500012210.2822   16.3548
   -7.5000   22.5000   37.500012011.1221   16.3423
    0.0000   22.5000   37.500012497.7910   16.3213
    7.5000   22.5000   37.500012039.3623   16.2982
   -7.5000   30.0000   37.500011723.5928   16.1644
    0.0000   30.0000   37.500012178.6689   16.1387
    7.5000   30.0000   37.500011772.8721   16.1275
   -7.5000   37.5000   37.500011832.4521   16.2569
    0.0000   37.5000   37.500012315.1660   16.2354
    7.5000   37.5000   37.500011879.2090   16.2258
   -7.5000   45.0000   37.500011475.6533   15.9381
    0.0000   45.0000   37.500011932.3125   15.9244
    7.5000   45.0000   37.500011510.5059   15.9057
   -7.5000  -45.0000   45.0000 5198.5864   18.3165
    0.0000  -45.0000   45.0000 5391.8232   18.2987
    7.5000  -45.0000   45.0000 5188.5894   18.2787
   -7.5000  -37.5000   45.0000 5913.6216   17.5466
    0.0000  -37.5000   45.0000 6138.4570   17.5286
    7.5000  -37.5000   45.0000 5901.8833   17.4965
   -7.5000  -30.0000   45.0000 6932.6655   16.9805
    0.0000  -30.0000   45.0000 7222.8364   16.9626
    7.5000  -30.0000   45.0000 6956.1826   16.9261
   -7.5000  -22.5000   45.0000 7986.6978   16.6168
    0.0000  -22.5000   45.0000 8334.2285   16.5944
    7.5000  -22.5000   45.0000 8030.3232   16.5713
   -7.5000  -15.0000   45.0000 9013.4248   16.4806
    0.0000  -15.0000   45.0000 9441.0732   16.4534
    7.5000  -15.0000   45.0000 9064.6240   16.4436
   -7.5000   -7.5000   45.000010057.9717   16.5774
    0.0000   -7.5000   45.000010557.7256   16.5545
    7.5000   -7.5000   45.000010088.8262   16.5483
   -7.5000    0.0000   45.000011031.6514   16.6493
    0.0000    0.0000   45.000011581.6592   16.6333
    7.5000    0.0000   45.000011053.8496   16.6181
   -7.5000    7.5000   45.000011190.1729   16.6120
    0.0000    7.5000   45.000011741.2676   16.5977
    7.5000    7.5000   45.000011220.6797   16.5680
   -7.5000   15.0000   45.000011147.1182   16.5162
    0.0000   15.0000   45.000011658.7734   16.5001
    7.5000   15.0000   45.000011171.6104   16.4664
   -7.5000   22.5000   45.000010985.9707   16.4476
    0.0000   22.5000   45.000011473.1953   16.4254
    7.5000   22.5000   45.000011022.6104   16.4027
   -7.5000   30.0000   45.000010691.0166   16.2646
    0.0000   30.0000   45.000011172.1475   16.2377
    7.5000   30.0000   45.000010766.5283   16.2281
   -7.5000   37.5000   45.000010775.6426   16.3615
    0.0000   37.5000   45.000011268.7646   16.3388
    7.5000   37.5000   45.000010845.3418   16.3327
   -7.5000   45.0000   45.000010486.6914   16.0553
    0.0000   45.0000   45.000010942.1846   16.0399
    7.5000   45.0000   45.000010529.7734   16.0252

---------------------------------------------------------------------
imgreg_4dfp /opt/freesurfer/average/711-2C_as_mni_average_305 /opt/freesurfer/average/711-2B_as_mni_average_305_mask talsrcimg_g11 none talsrcimg_to_711-2C_as_mni_average_305_t4 4355
---------------------------------------------------------------------

freesurfer imgreg_4dfp.c
/opt/freesurfer/average/711-2C_as_mni_average_305.4dfp.img
       256       256       256         1
  1.000000  1.000000  1.000000
orientation T byte_order littleendian
Reading image: /opt/freesurfer/average/711-2C_as_mni_average_305.4dfp.img
dimensions:      256       256       256
mmppix:       1.0000   -1.0000   -1.0000
center:     128.0000 -129.0000 -129.0000
/opt/freesurfer/average/711-2B_as_mni_average_305_mask.4dfp.img
       256       256       256         1
  1.000000  1.000000  1.000000
orientation T byte_order littleendian
Reading mask: /opt/freesurfer/average/711-2B_as_mni_average_305_mask.4dfp.img (2306576 pixels)
talsrcimg_g11.4dfp.img
       256       256       256         1
  1.000000  1.000000  1.000000
orientation T byte_order littleendian
Reading image: talsrcimg_g11.4dfp.img
dimensions:      256       256       256
mmppix:       1.0000   -1.0000   -1.0000
center:     128.0000 -129.0000 -129.0000
rotation matrix determinant  1.000000
image alignment mode   4355 decimal     1103 hex
   -7.5000  -30.0000  -45.0000 1648.2883   26.0985
    0.0000  -30.0000  -45.0000 1657.5519   25.8952
    7.5000  -30.0000  -45.0000 1644.8361   25.9434
   -7.5000  -22.5000  -45.0000 1779.7378   22.5574
    0.0000  -22.5000  -45.0000 1789.3671   22.3063
    7.5000  -22.5000  -45.0000 1775.3813   22.3046
   -7.5000  -15.0000  -45.0000 1898.7905   20.0253
    0.0000  -15.0000  -45.0000 1915.3442   19.8099
    7.5000  -15.0000  -45.0000 1904.9006   19.8405
   -7.5000   -7.5000  -45.0000 1995.7684   18.1381
    0.0000   -7.5000  -45.0000 2010.4214   18.0248
    7.5000   -7.5000  -45.0000 2002.6943   18.0170
   -7.5000    0.0000  -45.0000 2080.8726   16.6853
    0.0000    0.0000  -45.0000 2091.7976   16.6377
    7.5000    0.0000  -45.0000 2087.7913   16.6350
   -7.5000    7.5000  -45.0000 2164.5542   15.5119
    0.0000    7.5000  -45.0000 2173.9795   15.4550
    7.5000    7.5000  -45.0000 2168.7864   15.4834
   -7.5000   15.0000  -45.0000 2204.0029   14.6359
    0.0000   15.0000  -45.0000 2214.9546   14.5569
    7.5000   15.0000  -45.0000 2209.9236   14.5804
   -7.5000   22.5000  -45.0000 2229.0144   14.0706
    0.0000   22.5000  -45.0000 2241.1338   13.9349
    7.5000   22.5000  -45.0000 2232.3782   14.0062
   -7.5000   30.0000  -45.0000 2229.3484   13.9356
    0.0000   30.0000  -45.0000 2248.5212   13.7620
    7.5000   30.0000  -45.0000 2239.8594   13.8503
   -7.5000   37.5000  -45.0000 2223.6443   14.0766
    0.0000   37.5000  -45.0000 2243.7937   13.8784
    7.5000   37.5000  -45.0000 2231.9382   14.0056
   -7.5000   45.0000  -45.0000 2194.1379   14.6596
    0.0000   45.0000  -45.0000 2215.0806   14.4083
    7.5000   45.0000  -45.0000 2200.5461   14.5169
   -7.5000   52.5000  -45.0000 2130.7563   15.3339
    0.0000   52.5000  -45.0000 2149.4636   15.0349
    7.5000   52.5000  -45.0000 2137.9170   15.1874
   -7.5000   60.0000  -45.0000 2024.8373   16.0886
    0.0000   60.0000  -45.0000 2040.1172   15.7658
    7.5000   60.0000  -45.0000 2032.2059   15.9253
   -7.5000  -30.0000  -37.5000 1709.9153   23.9450
    0.0000  -30.0000  -37.5000 1719.7648   23.8274
    7.5000  -30.0000  -37.5000 1709.4912   23.8451
   -7.5000  -22.5000  -37.5000 1848.1163   20.7071
    0.0000  -22.5000  -37.5000 1859.7069   20.5380
    7.5000  -22.5000  -37.5000 1850.5919   20.5254
   -7.5000  -15.0000  -37.5000 1973.8687   18.3923
    0.0000  -15.0000  -37.5000 1991.6440   18.2500
    7.5000  -15.0000  -37.5000 1982.8696   18.1897
   -7.5000   -7.5000  -37.5000 2089.2012   16.6537
    0.0000   -7.5000  -37.5000 2106.7878   16.5929
    7.5000   -7.5000  -37.5000 2094.2593   16.5085
   -7.5000    0.0000  -37.5000 2180.4585   15.3071
    0.0000    0.0000  -37.5000 2194.3550   15.2857
    7.5000    0.0000  -37.5000 2180.9297   15.2112
   -7.5000    7.5000  -37.5000 2268.0791   14.2234
    0.0000    7.5000  -37.5000 2285.3699   14.2395
    7.5000    7.5000  -37.5000 2266.6616   14.1744
   -7.5000   15.0000  -37.5000 2307.3772   13.4304
    0.0000   15.0000  -37.5000 2326.6001   13.4316
    7.5000   15.0000  -37.5000 2308.8984   13.3663
   -7.5000   22.5000  -37.5000 2333.2466   12.9329
    0.0000   22.5000  -37.5000 2354.6702   12.8891
    7.5000   22.5000  -37.5000 2335.6121   12.8846
   -7.5000   30.0000  -37.5000 2336.2095   12.7932
    0.0000   30.0000  -37.5000 2361.2041   12.6973
    7.5000   30.0000  -37.5000 2343.8853   12.7159
   -7.5000   37.5000  -37.5000 2323.9373   12.9070
    0.0000   37.5000  -37.5000 2346.0991   12.7962
    7.5000   37.5000  -37.5000 2334.0037   12.8572
   -7.5000   45.0000  -37.5000 2294.6799   13.3846
    0.0000   45.0000  -37.5000 2320.5657   13.2233
    7.5000   45.0000  -37.5000 2305.9688   13.2843
   -7.5000   52.5000  -37.5000 2229.9966   13.9877
    0.0000   52.5000  -37.5000 2252.6904   13.8028
    7.5000   52.5000  -37.5000 2242.1541   13.8708
   -7.5000   60.0000  -37.5000 2117.5903   14.7041
    0.0000   60.0000  -37.5000 2137.8845   14.4712
    7.5000   60.0000  -37.5000 2127.9651   14.5702
   -7.5000  -30.0000  -30.0000 1802.3828   22.8595
    0.0000  -30.0000  -30.0000 1812.9788   22.6987
    7.5000  -30.0000  -30.0000 1807.6980   22.6434
   -7.5000  -22.5000  -30.0000 1957.1833   19.7754
    0.0000  -22.5000  -30.0000 1967.3376   19.6760
    7.5000  -22.5000  -30.0000 1957.4220   19.5240
   -7.5000  -15.0000  -30.0000 2090.8257   17.5471
    0.0000  -15.0000  -30.0000 2106.6052   17.4950
    7.5000  -15.0000  -30.0000 2096.0142   17.3654
   -7.5000   -7.5000  -30.0000 2210.5496   15.9060
    0.0000   -7.5000  -30.0000 2232.5266   15.8856
    7.5000   -7.5000  -30.0000 2218.0376   15.7655
   -7.5000    0.0000  -30.0000 2306.5684   14.5474
    0.0000    0.0000  -30.0000 2329.6062   14.5304
    7.5000    0.0000  -30.0000 2309.4912   14.4325
   -7.5000    7.5000  -30.0000 2399.0420   13.4969
    0.0000    7.5000  -30.0000 2424.4607   13.4692
    7.5000    7.5000  -30.0000 2400.6274   13.4198
   -7.5000   15.0000  -30.0000 2448.4167   12.7368
    0.0000   15.0000  -30.0000 2471.3032   12.7341
    7.5000   15.0000  -30.0000 2453.2219   12.6727
   -7.5000   22.5000  -30.0000 2484.0222   12.2688
    0.0000   22.5000  -30.0000 2508.7722   12.2721
    7.5000   22.5000  -30.0000 2486.8730   12.2241
   -7.5000   30.0000  -30.0000 2496.3030   12.1219
    0.0000   30.0000  -30.0000 2517.1060   12.0797
    7.5000   30.0000  -30.0000 2499.9561   12.0639
   -7.5000   37.5000  -30.0000 2480.5811   12.2540
    0.0000   37.5000  -30.0000 2504.3645   12.1994
    7.5000   37.5000  -30.0000 2489.7876   12.2117
   -7.5000   45.0000  -30.0000 2446.0388   12.6612
    0.0000   45.0000  -30.0000 2476.1741   12.5661
    7.5000   45.0000  -30.0000 2457.6050   12.5862
   -7.5000   52.5000  -30.0000 2378.1387   13.2417
    0.0000   52.5000  -30.0000 2407.5017   13.1179
    7.5000   52.5000  -30.0000 2388.1860   13.1381
   -7.5000   60.0000  -30.0000 2257.3994   13.9198
    0.0000   60.0000  -30.0000 2281.9114   13.7749
    7.5000   60.0000  -30.0000 2265.8833   13.8362
   -7.5000  -30.0000  -22.5000 1871.4585   21.7746
    0.0000  -30.0000  -22.5000 1884.1272   21.5852
    7.5000  -30.0000  -22.5000 1876.0739   21.6179
   -7.5000  -22.5000  -22.5000 2033.5994   18.8777
    0.0000  -22.5000  -22.5000 2049.8101   18.6933
    7.5000  -22.5000  -22.5000 2036.3634   18.6367
   -7.5000  -15.0000  -22.5000 2179.3491   16.7364
    0.0000  -15.0000  -22.5000 2193.9644   16.5768
    7.5000  -15.0000  -22.5000 2180.8860   16.5399
   -7.5000   -7.5000  -22.5000 2306.1624   15.0771
    0.0000   -7.5000  -22.5000 2323.0291   14.9741
    7.5000   -7.5000  -22.5000 2309.3877   14.9387
   -7.5000    0.0000  -22.5000 2403.7336   13.7665
    0.0000    0.0000  -22.5000 2422.8025   13.7017
    7.5000    0.0000  -22.5000 2406.1016   13.6619
   -7.5000    7.5000  -22.5000 2494.3164   12.7476
    0.0000    7.5000  -22.5000 2522.4963   12.6793
    7.5000    7.5000  -22.5000 2502.3582   12.6420
   -7.5000   15.0000  -22.5000 2554.7202   12.0003
    0.0000   15.0000  -22.5000 2583.2256   11.9516
    7.5000   15.0000  -22.5000 2562.0408   11.9138
   -7.5000   22.5000  -22.5000 2609.1831   11.5494
    0.0000   22.5000  -22.5000 2634.8364   11.5362
    7.5000   22.5000  -22.5000 2611.4507   11.4950
   -7.5000   30.0000  -22.5000 2631.1355   11.3799
    0.0000   30.0000  -22.5000 2653.2800   11.3450
    7.5000   30.0000  -22.5000 2632.8425   11.3264
   -7.5000   37.5000  -22.5000 2619.0886   11.5127
    0.0000   37.5000  -22.5000 2646.0898   11.4862
    7.5000   37.5000  -22.5000 2625.1177   11.4668
   -7.5000   45.0000  -22.5000 2579.2390   11.9103
    0.0000   45.0000  -22.5000 2613.9780   11.8401
    7.5000   45.0000  -22.5000 2591.9934   11.8347
   -7.5000   52.5000  -22.5000 2505.6191   12.4578
    0.0000   52.5000  -22.5000 2538.2729   12.3844
    7.5000   52.5000  -22.5000 2516.9226   12.3669
   -7.5000   60.0000  -22.5000 2371.6895   13.1196
    0.0000   60.0000  -22.5000 2399.0159   13.0045
    7.5000   60.0000  -22.5000 2383.2544   13.0358
   -7.5000  -30.0000  -15.0000 1916.7291   20.8883
    0.0000  -30.0000  -15.0000 1924.0975   20.6209
    7.5000  -30.0000  -15.0000 1916.4756   20.7400
   -7.5000  -22.5000  -15.0000 2080.8357   18.0292
    0.0000  -22.5000  -15.0000 2094.4622   17.7853
    7.5000  -22.5000  -15.0000 2083.8438   17.8412
   -7.5000  -15.0000  -15.0000 2231.6965   15.9463
    0.0000  -15.0000  -15.0000 2248.5542   15.6874
    7.5000  -15.0000  -15.0000 2234.6035   15.7593
   -7.5000   -7.5000  -15.0000 2360.5894   14.3597
    0.0000   -7.5000  -15.0000 2377.2473   14.1522
    7.5000   -7.5000  -15.0000 2361.7905   14.1883
   -7.5000    0.0000  -15.0000 2460.5330   13.0579
    0.0000    0.0000  -15.0000 2483.7043   12.9281
    7.5000    0.0000  -15.0000 2465.2319   12.9208
   -7.5000    7.5000  -15.0000 2558.9866   12.0402
    0.0000    7.5000  -15.0000 2587.8064   11.9493
    7.5000    7.5000  -15.0000 2567.8972   11.9387
   -7.5000   15.0000  -15.0000 2635.9548   11.3146
    0.0000   15.0000  -15.0000 2661.4268   11.2338
    7.5000   15.0000  -15.0000 2646.7620   11.2348
   -7.5000   22.5000  -15.0000 2702.7908   10.8691
    0.0000   22.5000  -15.0000 2731.2422   10.8118
    7.5000   22.5000  -15.0000 2704.4558   10.8099
   -7.5000   30.0000  -15.0000 2729.0947   10.6720
    0.0000   30.0000  -15.0000 2761.4880   10.6290
    7.5000   30.0000  -15.0000 2731.9946   10.6254
   -7.5000   37.5000  -15.0000 2725.5476   10.7959
    0.0000   37.5000  -15.0000 2760.1250   10.7547
    7.5000   37.5000  -15.0000 2733.6724   10.7534
   -7.5000   45.0000  -15.0000 2688.9973   11.2059
    0.0000   45.0000  -15.0000 2723.5447   11.1486
    7.5000   45.0000  -15.0000 2698.4536   11.1349
   -7.5000   52.5000  -15.0000 2606.9216   11.7617
    0.0000   52.5000  -15.0000 2638.0796   11.6755
    7.5000   52.5000  -15.0000 2615.2988   11.6836
   -7.5000   60.0000  -15.0000 2459.9924   12.4042
    0.0000   60.0000  -15.0000 2486.6536   12.2972
    7.5000   60.0000  -15.0000 2472.5928   12.3047
   -7.5000  -30.0000   -7.5000 1939.1812   20.1058
    0.0000  -30.0000   -7.5000 1952.3763   19.8550
    7.5000  -30.0000   -7.5000 1941.0217   20.0112
   -7.5000  -22.5000   -7.5000 2112.4993   17.2971
    0.0000  -22.5000   -7.5000 2128.5024   17.0216
    7.5000  -22.5000   -7.5000 2114.0461   17.1617
   -7.5000  -15.0000   -7.5000 2262.2822   15.2349
    0.0000  -15.0000   -7.5000 2280.6833   14.9632
    7.5000  -15.0000   -7.5000 2268.8440   15.1238
   -7.5000   -7.5000   -7.5000 2390.7268   13.6978
    0.0000   -7.5000   -7.5000 2407.0139   13.4516
    7.5000   -7.5000   -7.5000 2400.3423   13.5858
   -7.5000    0.0000   -7.5000 2494.5254   12.4579
    0.0000    0.0000   -7.5000 2520.2554   12.2662
    7.5000    0.0000   -7.5000 2507.8369   12.3573
   -7.5000    7.5000   -7.5000 2606.0361   11.4496
    0.0000    7.5000   -7.5000 2638.7146   11.2914
    7.5000    7.5000   -7.5000 2621.6948   11.3684
   -7.5000   15.0000   -7.5000 2699.7400   10.7168
    0.0000   15.0000   -7.5000 2734.6685   10.6028
    7.5000   15.0000   -7.5000 2716.7734   10.6442
   -7.5000   22.5000   -7.5000 2776.1687   10.2588
    0.0000   22.5000   -7.5000 2809.2690   10.1596
    7.5000   22.5000   -7.5000 2783.7646   10.1914
   -7.5000   30.0000   -7.5000 2816.5879   10.0407
    0.0000   30.0000   -7.5000 2850.5959    9.9386
    7.5000   30.0000   -7.5000 2820.7522    9.9984
   -7.5000   37.5000   -7.5000 2818.4702   10.1688
    0.0000   37.5000   -7.5000 2850.9709   10.0877
    7.5000   37.5000   -7.5000 2825.7078   10.1180
   -7.5000   45.0000   -7.5000 2775.8174   10.5701
    0.0000   45.0000   -7.5000 2811.8057   10.4872
    7.5000   45.0000   -7.5000 2786.9368   10.5092
   -7.5000   52.5000   -7.5000 2682.0569   11.1585
    0.0000   52.5000   -7.5000 2711.4929   11.0561
    7.5000   52.5000   -7.5000 2689.3447   11.0742
   -7.5000   60.0000   -7.5000 2527.9739   11.7941
    0.0000   60.0000   -7.5000 2552.4360   11.6766
    7.5000   60.0000   -7.5000 2537.7795   11.7029
   -7.5000  -30.0000    0.0000 1951.0786   19.5198
    0.0000  -30.0000    0.0000 1970.7467   19.2512
    7.5000  -30.0000    0.0000 1960.9493   19.5077
   -7.5000  -22.5000    0.0000 2131.0376   16.7614
    0.0000  -22.5000    0.0000 2155.2356   16.5103
    7.5000  -22.5000    0.0000 2140.2097   16.6793
   -7.5000  -15.0000    0.0000 2281.6509   14.7831
    0.0000  -15.0000    0.0000 2305.1057   14.5046
    7.5000  -15.0000    0.0000 2294.6409   14.6870
   -7.5000   -7.5000    0.0000 2410.6375   13.2628
    0.0000   -7.5000    0.0000 2432.4402   12.9838
    7.5000   -7.5000    0.0000 2423.5676   13.1865
   -7.5000    0.0000    0.0000 2513.9270   12.0287
    0.0000    0.0000    0.0000 2542.1543   11.7896
    7.5000    0.0000    0.0000 2532.3594   11.9760
   -7.5000    7.5000    0.0000 2637.0635   11.0452
    0.0000    7.5000    0.0000 2668.6638   10.8196
    7.5000    7.5000    0.0000 2656.0796   10.9783
   -7.5000   15.0000    0.0000 2752.5559   10.3393
    0.0000   15.0000    0.0000 2789.1316   10.1188
    7.5000   15.0000    0.0000 2771.1509   10.2383
   -7.5000   22.5000    0.0000 2838.2852    9.8601
    0.0000   22.5000    0.0000 2878.5725    9.6552
    7.5000   22.5000    0.0000 2853.1794    9.7754
   -7.5000   30.0000    0.0000 2889.6230    9.5940
    0.0000   30.0000    0.0000 2925.6160    9.3826
    7.5000   30.0000    0.0000 2892.5334    9.5240
   -7.5000   37.5000    0.0000 2890.9487    9.7265
    0.0000   37.5000    0.0000 2918.6729    9.5585
    7.5000   37.5000    0.0000 2895.1931    9.6672
   -7.5000   45.0000    0.0000 2844.9290   10.1526
    0.0000   45.0000    0.0000 2875.4268    9.9781
    7.5000   45.0000    0.0000 2855.6396   10.0856
   -7.5000   52.5000    0.0000 2739.8423   10.7257
    0.0000   52.5000    0.0000 2772.0596   10.5537
    7.5000   52.5000    0.0000 2751.7202   10.6432
   -7.5000   60.0000    0.0000 2573.8462   11.3751
    0.0000   60.0000    0.0000 2602.0498   11.1968
    7.5000   60.0000    0.0000 2582.4224   11.2949
   -7.5000  -30.0000    7.5000 1967.6820   19.2746
    0.0000  -30.0000    7.5000 1988.2257   18.9234
    7.5000  -30.0000    7.5000 1976.2393   19.2977
   -7.5000  -22.5000    7.5000 2142.1619   16.5094
    0.0000  -22.5000    7.5000 2164.6079   16.1643
    7.5000  -22.5000    7.5000 2156.3359   16.4418
   -7.5000  -15.0000    7.5000 2291.7686   14.5266
    0.0000  -15.0000    7.5000 2311.8840   14.1689
    7.5000  -15.0000    7.5000 2308.7612   14.4348
   -7.5000   -7.5000    7.5000 2418.9495   13.0074
    0.0000   -7.5000    7.5000 2440.5730   12.6832
    7.5000   -7.5000    7.5000 2433.1392   12.9439
   -7.5000    0.0000    7.5000 2526.6428   11.7572
    0.0000    0.0000    7.5000 2555.7126   11.4738
    7.5000    0.0000    7.5000 2546.1426   11.7312
   -7.5000    7.5000    7.5000 2656.1729   10.7674
    0.0000    7.5000    7.5000 2683.9143   10.4955
    7.5000    7.5000    7.5000 2671.4121   10.7240
   -7.5000   15.0000    7.5000 2780.7900   10.0782
    0.0000   15.0000    7.5000 2810.2080    9.8140
    7.5000   15.0000    7.5000 2793.8555    9.9914
   -7.5000   22.5000    7.5000 2887.5850    9.6461
    0.0000   22.5000    7.5000 2926.2151    9.3821
    7.5000   22.5000    7.5000 2897.5598    9.5480
   -7.5000   30.0000    7.5000 2951.4990    9.4083
    0.0000   30.0000    7.5000 2984.8613    9.0671
    7.5000   30.0000    7.5000 2947.6775    9.3346
   -7.5000   37.5000    7.5000 2955.9023    9.5307
    0.0000   37.5000    7.5000 2977.7783    9.2250
    7.5000   37.5000    7.5000 2952.8169    9.4655
   -7.5000   45.0000    7.5000 2897.1604    9.9301
    0.0000   45.0000    7.5000 2923.5945    9.7054
    7.5000   45.0000    7.5000 2900.8413    9.8604
   -7.5000   52.5000    7.5000 2777.8062   10.4645
    0.0000   52.5000    7.5000 2811.3103   10.2610
    7.5000   52.5000    7.5000 2787.5950   10.3624
   -7.5000   60.0000    7.5000 2602.5603   11.1259
    0.0000   60.0000    7.5000 2631.2649   10.9457
    7.5000   60.0000    7.5000 2608.5142   10.9938
   -7.5000  -30.0000   15.0000 1959.2222   19.3269
    0.0000  -30.0000   15.0000 1981.0663   18.9565
    7.5000  -30.0000   15.0000 1965.4524   19.2997
   -7.5000  -22.5000   15.0000 2137.0376   16.4910
    0.0000  -22.5000   15.0000 2161.4563   16.1522
    7.5000  -22.5000   15.0000 2144.3069   16.4569
   -7.5000  -15.0000   15.0000 2289.5049   14.4867
    0.0000  -15.0000   15.0000 2311.5205   14.1226
    7.5000  -15.0000   15.0000 2300.0293   14.4438
   -7.5000   -7.5000   15.0000 2418.0994   12.9490
    0.0000   -7.5000   15.0000 2440.1460   12.5935
    7.5000   -7.5000   15.0000 2429.7397   12.9238
   -7.5000    0.0000   15.0000 2534.4927   11.7124
    0.0000    0.0000   15.0000 2552.4524   11.3626
    7.5000    0.0000   15.0000 2542.7915   11.6984
   -7.5000    7.5000   15.0000 2662.6970   10.7232
    0.0000    7.5000   15.0000 2680.2358   10.3944
    7.5000    7.5000   15.0000 2673.2229   10.6959
   -7.5000   15.0000   15.0000 2786.2319   10.0320
    0.0000   15.0000   15.0000 2810.1462    9.7674
    7.5000   15.0000   15.0000 2796.5942    9.9772
   -7.5000   22.5000   15.0000 2902.9031    9.6046
    0.0000   22.5000   15.0000 2941.5928    9.3796
    7.5000   22.5000   15.0000 2903.5215    9.5458
   -7.5000   30.0000   15.0000 2969.9414    9.4371
    0.0000   30.0000   15.0000 3010.1165    9.1445
    7.5000   30.0000   15.0000 2958.1736    9.3651
   -7.5000   37.5000   15.0000 2975.5190    9.5510
    0.0000   37.5000   15.0000 3016.0134    9.2981
    7.5000   37.5000   15.0000 2966.8613    9.4793
   -7.5000   45.0000   15.0000 2908.6660    9.8745
    0.0000   45.0000   15.0000 2947.6416    9.6969
    7.5000   45.0000   15.0000 2912.7700    9.8055
   -7.5000   52.5000   15.0000 2784.6724   10.3959
    0.0000   52.5000   15.0000 2816.7253   10.1969
    7.5000   52.5000   15.0000 2794.9436   10.2708
   -7.5000   60.0000   15.0000 2606.9561   11.0426
    0.0000   60.0000   15.0000 2631.1108   10.8421
    7.5000   60.0000   15.0000 2612.5046   10.8978
   -7.5000  -30.0000   22.5000 1937.9468   19.6296
    0.0000  -30.0000   22.5000 1957.6216   19.3492
    7.5000  -30.0000   22.5000 1942.8539   19.6371
   -7.5000  -22.5000   22.5000 2124.6558   16.7138
    0.0000  -22.5000   22.5000 2144.6030   16.3942
    7.5000  -22.5000   22.5000 2127.1658   16.7276
   -7.5000  -15.0000   22.5000 2279.2834   14.6757
    0.0000  -15.0000   22.5000 2303.2217   14.3558
    7.5000  -15.0000   22.5000 2287.3408   14.6514
   -7.5000   -7.5000   22.5000 2407.4714   13.1375
    0.0000   -7.5000   22.5000 2434.7764   12.8470
    7.5000   -7.5000   22.5000 2416.4421   13.0984
   -7.5000    0.0000   22.5000 2524.5857   11.8906
    0.0000    0.0000   22.5000 2547.9868   11.6412
    7.5000    0.0000   22.5000 2528.6924   11.8748
   -7.5000    7.5000   22.5000 2656.9604   10.9067
    0.0000    7.5000   22.5000 2676.8042   10.6928
    7.5000    7.5000   22.5000 2653.7651   10.9047
   -7.5000   15.0000   22.5000 2774.0444   10.1871
    0.0000   15.0000   22.5000 2800.3918   10.0353
    7.5000   15.0000   22.5000 2773.1201   10.1818
   -7.5000   22.5000   22.5000 2881.2383    9.7142
    0.0000   22.5000   22.5000 2913.9182    9.5052
    7.5000   22.5000   22.5000 2877.3489    9.6899
   -7.5000   30.0000   22.5000 2935.6086    9.5438
    0.0000   30.0000   22.5000 2970.8130    9.3292
    7.5000   30.0000   22.5000 2927.6965    9.5018
   -7.5000   37.5000   22.5000 2940.7390    9.6999
    0.0000   37.5000   22.5000 2981.2419    9.5568
    7.5000   37.5000   22.5000 2930.6221    9.6518
   -7.5000   45.0000   22.5000 2875.7947   10.0803
    0.0000   45.0000   22.5000 2917.2258    9.9648
    7.5000   45.0000   22.5000 2876.0740   10.0204
   -7.5000   52.5000   22.5000 2757.6245   10.6091
    0.0000   52.5000   22.5000 2789.8057   10.4674
    7.5000   52.5000   22.5000 2760.4685   10.4998
   -7.5000   60.0000   22.5000 2583.1060   11.2163
    0.0000   60.0000   22.5000 2606.9292   11.0527
    7.5000   60.0000   22.5000 2587.1956   11.0709
   -7.5000  -30.0000   30.0000 1907.2854   20.1501
    0.0000  -30.0000   30.0000 1922.8401   19.9588
    7.5000  -30.0000   30.0000 1913.5148   20.2136
   -7.5000  -22.5000   30.0000 2094.3833   17.1737
    0.0000  -22.5000   30.0000 2112.5742   16.9808
    7.5000  -22.5000   30.0000 2097.1377   17.1964
   -7.5000  -15.0000   30.0000 2255.7964   15.0865
    0.0000  -15.0000   30.0000 2278.6926   14.8997
    7.5000  -15.0000   30.0000 2255.6917   15.0838
   -7.5000   -7.5000   30.0000 2387.8591   13.5055
    0.0000   -7.5000   30.0000 2414.2893   13.3449
    7.5000   -7.5000   30.0000 2383.6575   13.5160
   -7.5000    0.0000   30.0000 2502.9741   12.2673
    0.0000    0.0000   30.0000 2530.3301   12.0995
    7.5000    0.0000   30.0000 2499.5803   12.2859
   -7.5000    7.5000   30.0000 2631.5156   11.3007
    0.0000    7.5000   30.0000 2655.3296   11.1345
    7.5000    7.5000   30.0000 2625.2837   11.3076
   -7.5000   15.0000   30.0000 2745.5872   10.5700
    0.0000   15.0000   30.0000 2770.4131   10.3768
    7.5000   15.0000   30.0000 2740.0010   10.5584
   -7.5000   22.5000   30.0000 2831.9475   10.0963
    0.0000   22.5000   30.0000 2856.1450    9.8048
    7.5000   22.5000   30.0000 2826.5798   10.0369
   -7.5000   30.0000   30.0000 2874.7908    9.8995
    0.0000   30.0000   30.0000 2899.0547    9.6598
    7.5000   30.0000   30.0000 2874.5698    9.8572
   -7.5000   37.5000   30.0000 2870.1814   10.0254
    0.0000   37.5000   30.0000 2907.7751    9.8560
    7.5000   37.5000   30.0000 2870.9392    9.9878
   -7.5000   45.0000   30.0000 2814.4470   10.4239
    0.0000   45.0000   30.0000 2848.3848   10.2914
    7.5000   45.0000   30.0000 2815.9158   10.3788
   -7.5000   52.5000   30.0000 2700.6528   10.9749
    0.0000   52.5000   30.0000 2729.3364   10.8351
    7.5000   52.5000   30.0000 2703.3301   10.8846
   -7.5000   60.0000   30.0000 2532.1001   11.5613
    0.0000   60.0000   30.0000 2559.0603   11.4396
    7.5000   60.0000   30.0000 2536.6187   11.4631
   -7.5000  -30.0000   37.5000 1878.1667   20.8439
    0.0000  -30.0000   37.5000 1892.1420   20.5850
    7.5000  -30.0000   37.5000 1881.5267   20.9513
   -7.5000  -22.5000   37.5000 2063.8779   17.8412
    0.0000  -22.5000   37.5000 2079.5361   17.6469
    7.5000  -22.5000   37.5000 2063.9104   17.8778
   -7.5000  -15.0000   37.5000 2220.3555   15.6772
    0.0000  -15.0000   37.5000 2244.0442   15.4843
    7.5000  -15.0000   37.5000 2222.5178   15.6915
   -7.5000   -7.5000   37.5000 2359.0442   14.0895
    0.0000   -7.5000   37.5000 2385.5627   13.8977
    7.5000   -7.5000   37.5000 2354.5120   14.0959
   -7.5000    0.0000   37.5000 2477.2942   12.8450
    0.0000    0.0000   37.5000 2506.2285   12.6803
    7.5000    0.0000   37.5000 2470.2542   12.8345
   -7.5000    7.5000   37.5000 2599.7319   11.8406
    0.0000    7.5000   37.5000 2627.0315   11.6797
    7.5000    7.5000   37.5000 2594.9854   11.8398
   -7.5000   15.0000   37.5000 2702.1990   11.0816
    0.0000   15.0000   37.5000 2729.2029   10.8275
    7.5000   15.0000   37.5000 2695.5791   11.0503
   -7.5000   22.5000   37.5000 2774.3750   10.6088
    0.0000   22.5000   37.5000 2797.7712   10.3658
    7.5000   22.5000   37.5000 2770.4465   10.5586
   -7.5000   30.0000   37.5000 2802.4578   10.4479
    0.0000   30.0000   37.5000 2822.3962   10.1968
    7.5000   30.0000   37.5000 2804.0195   10.3993
   -7.5000   37.5000   37.5000 2789.8333   10.5379
    0.0000   37.5000   37.5000 2822.1895   10.3513
    7.5000   37.5000   37.5000 2791.0132   10.5039
   -7.5000   45.0000   37.5000 2732.2832   10.9202
    0.0000   45.0000   37.5000 2762.6838   10.7589
    7.5000   45.0000   37.5000 2734.3901   10.8815
   -7.5000   52.5000   37.5000 2626.1765   11.4568
    0.0000   52.5000   37.5000 2652.8555   11.2985
    7.5000   52.5000   37.5000 2631.7600   11.3741
   -7.5000   60.0000   37.5000 2470.6487   12.0156
    0.0000   60.0000   37.5000 2501.7346   11.8768
    7.5000   60.0000   37.5000 2479.6660   11.9225
   -7.5000  -30.0000   45.0000 1849.1885   21.6384
    0.0000  -30.0000   45.0000 1860.3397   21.3788
    7.5000  -30.0000   45.0000 1847.1786   21.7937
   -7.5000  -22.5000   45.0000 2032.1798   18.6001
    0.0000  -22.5000   45.0000 2045.6482   18.3696
    7.5000  -22.5000   45.0000 2028.5371   18.6930
   -7.5000  -15.0000   45.0000 2185.8359   16.4230
    0.0000  -15.0000   45.0000 2207.2612   16.2115
    7.5000  -15.0000   45.0000 2184.1326   16.4503
   -7.5000   -7.5000   45.0000 2321.2966   14.7911
    0.0000   -7.5000   45.0000 2348.1226   14.6291
    7.5000   -7.5000   45.0000 2314.7117   14.7873
   -7.5000    0.0000   45.0000 2435.8689   13.5083
    0.0000    0.0000   45.0000 2463.2861   13.3626
    7.5000    0.0000   45.0000 2427.2180   13.5056
   -7.5000    7.5000   45.0000 2550.5581   12.4775
    0.0000    7.5000   45.0000 2578.4790   12.2995
    7.5000    7.5000   45.0000 2545.1855   12.4751
   -7.5000   15.0000   45.0000 2638.5457   11.7032
    0.0000   15.0000   45.0000 2668.4551   11.4925
    7.5000   15.0000   45.0000 2629.2510   11.6866
   -7.5000   22.5000   45.0000 2699.2642   11.2460
    0.0000   22.5000   45.0000 2723.5178   11.0577
    7.5000   22.5000   45.0000 2694.1064   11.2126
   -7.5000   30.0000   45.0000 2711.4358   11.0915
    0.0000   30.0000   45.0000 2738.4182   10.8930
    7.5000   30.0000   45.0000 2718.5779   11.0539
   -7.5000   37.5000   45.0000 2694.3176   11.1955
    0.0000   37.5000   45.0000 2729.3076   11.0127
    7.5000   37.5000   45.0000 2701.5598   11.1565
   -7.5000   45.0000   45.0000 2640.7878   11.5520
    0.0000   45.0000   45.0000 2672.5571   11.4036
    7.5000   45.0000   45.0000 2645.9590   11.5303
   -7.5000   52.5000   45.0000 2541.1025   12.0619
    0.0000   52.5000   45.0000 2567.9509   11.9232
    7.5000   52.5000   45.0000 2546.3787   12.0071
   -7.5000   60.0000   45.0000 2395.8071   12.5839
    0.0000   60.0000   45.0000 2423.4490   12.4471
    7.5000   60.0000   45.0000 2403.3530   12.5056

---------------------------------------------------------------------
imgreg_4dfp /opt/freesurfer/average/711-2C_as_mni_average_305 /opt/freesurfer/average/711-2B_as_mni_average_305_mask talsrcimg_g11 none talsrcimg_to_711-2C_as_mni_average_305_t4 1283
---------------------------------------------------------------------

freesurfer imgreg_4dfp.c
/opt/freesurfer/average/711-2C_as_mni_average_305.4dfp.img
       256       256       256         1
  1.000000  1.000000  1.000000
orientation T byte_order littleendian
Reading image: /opt/freesurfer/average/711-2C_as_mni_average_305.4dfp.img
dimensions:      256       256       256
mmppix:       1.0000   -1.0000   -1.0000
center:     128.0000 -129.0000 -129.0000
/opt/freesurfer/average/711-2B_as_mni_average_305_mask.4dfp.img
       256       256       256         1
  1.000000  1.000000  1.000000
orientation T byte_order littleendian
Reading mask: /opt/freesurfer/average/711-2B_as_mni_average_305_mask.4dfp.img (2306576 pixels)
talsrcimg_g11.4dfp.img
       256       256       256         1
  1.000000  1.000000  1.000000
orientation T byte_order littleendian
Reading image: talsrcimg_g11.4dfp.img
dimensions:      256       256       256
mmppix:       1.0000   -1.0000   -1.0000
center:     128.0000 -129.0000 -129.0000
rotation matrix determinant  1.000000
fimgreg.f
image alignment mode   1283 decimal      503 hex
parameters
    0.0000   37.5000   15.0000    0.0000    0.0000    0.0000
eta,q 0.94679  9.27735
niter,ni,del,rscale     5    3   12.0000    1.2000
parameter  6  0.547671 ->  0.500000 qaram    1.1500
parameters
   -0.6165   35.3672   14.6079    0.6814    2.1766   -3.4500
eta,q 0.94816  9.22376
  0.0612  0.0573  0.0616  0.0602  0.0614  0.0529
  0.0580  0.0557  0.0566  0.0582  0.0578  0.0520
  0.0562  0.0545  0.0543  0.0565  0.0553  0.0518
  0.0553  0.0550  0.0545  0.0542  0.0539  0.0529
  0.0560  0.0578  0.0558  0.0538  0.0530  0.0551
  0.0600  0.0637  0.0588  0.0556  0.0525  0.0578
  0.0649  0.0714  0.0629  0.0591  0.0553  0.0603
niter,ni,del,rscale     5    3   12.0000    1.2000
parameters
   -0.6322   34.5170   14.7806    0.5629    1.9206   -3.4142
eta,q 0.94789  9.23864
  0.0602  0.0583  0.0615  0.0571  0.0577  0.0577
  0.0565  0.0549  0.0555  0.0550  0.0544  0.0549
  0.0535  0.0526  0.0521  0.0538  0.0525  0.0529
  0.0518  0.0518  0.0520  0.0521  0.0522  0.0521
  0.0525  0.0533  0.0535  0.0520  0.0531  0.0524
  0.0563  0.0578  0.0559  0.0545  0.0554  0.0546
  0.0608  0.0644  0.0592  0.0587  0.0584  0.0578
niter,ni,del,rscale     4    3   12.0000    1.2000
parameters
   -0.5569   34.5014   14.7517    0.5442    1.8839   -3.4278
eta,q 0.94791  9.23886
  0.0603  0.0599  0.0608  0.0573  0.0582  0.0576
  0.0568  0.0565  0.0551  0.0551  0.0547  0.0548
  0.0540  0.0536  0.0520  0.0538  0.0526  0.0529
  0.0521  0.0521  0.0521  0.0521  0.0521  0.0521
  0.0527  0.0524  0.0537  0.0519  0.0529  0.0524
  0.0561  0.0554  0.0562  0.0543  0.0550  0.0547
  0.0606  0.0612  0.0598  0.0585  0.0581  0.0578
niter,ni,del,rscale     3    3   12.0000    1.2000
parameters
   -0.5471   34.4964   14.7446    0.5410    1.8782   -3.4326
eta,q 0.94792  9.23872
  0.0601  0.0599  0.0609  0.0573  0.0582  0.0576
  0.0567  0.0565  0.0552  0.0551  0.0547  0.0548
  0.0539  0.0535  0.0520  0.0538  0.0526  0.0529
  0.0521  0.0521  0.0521  0.0521  0.0521  0.0521
  0.0528  0.0523  0.0537  0.0518  0.0528  0.0524
  0.0562  0.0553  0.0562  0.0543  0.0550  0.0547
  0.0607  0.0611  0.0598  0.0585  0.0580  0.0578
registration optimization eta report
parameter search radius
    6.0000    6.0000    6.0000    6.0000    6.0000    6.9000
100000*second partial in parameter space
       23.       24.       23.       16.       17.       12.
  0.0601  0.0599  0.0609  0.0573  0.0582  0.0576
  0.0567  0.0565  0.0552  0.0551  0.0547  0.0548
  0.0539  0.0535  0.0520  0.0538  0.0526  0.0529
  0.0521  0.0521  0.0521  0.0521  0.0521  0.0521
  0.0528  0.0523  0.0537  0.0518  0.0528  0.0524
  0.0562  0.0553  0.0562  0.0543  0.0550  0.0547
  0.0607  0.0611  0.0598  0.0585  0.0580  0.0578
   -0.5471   34.4964   14.7446    0.5410    1.8782   -3.4326
eta,q 0.94792  9.23872

---------------------------------------------------------------------
imgreg_4dfp /opt/freesurfer/average/711-2C_as_mni_average_305 /opt/freesurfer/average/711-2B_as_mni_average_305_mask talsrcimg_g11 none talsrcimg_to_711-2C_as_mni_average_305_t4 3335
---------------------------------------------------------------------

freesurfer imgreg_4dfp.c
/opt/freesurfer/average/711-2C_as_mni_average_305.4dfp.img
       256       256       256         1
  1.000000  1.000000  1.000000
orientation T byte_order littleendian
Reading image: /opt/freesurfer/average/711-2C_as_mni_average_305.4dfp.img
dimensions:      256       256       256
mmppix:       1.0000   -1.0000   -1.0000
center:     128.0000 -129.0000 -129.0000
/opt/freesurfer/average/711-2B_as_mni_average_305_mask.4dfp.img
       256       256       256         1
  1.000000  1.000000  1.000000
orientation T byte_order littleendian
Reading mask: /opt/freesurfer/average/711-2B_as_mni_average_305_mask.4dfp.img (2306576 pixels)
talsrcimg_g11.4dfp.img
       256       256       256         1
  1.000000  1.000000  1.000000
orientation T byte_order littleendian
Reading image: talsrcimg_g11.4dfp.img
dimensions:      256       256       256
mmppix:       1.0000   -1.0000   -1.0000
center:     128.0000 -129.0000 -129.0000
fimgreg.f
image alignment mode   3335 decimal      D07 hex
parameters
   -0.5471   34.4964   14.7446   -0.2330   -0.1820   -0.0582
    5.9562   -3.3281   -5.9842   -0.7463    3.2775    0.9437
eta,q 0.95046  9.16522
niter,ni,del,rscale     5    3    5.0000    1.2000
parameter  4 14.066158 ->  0.500000 qaram    1.1500
parameter  5  3.565173 ->  0.500000 qaram    1.1500
parameter 12  0.534885 ->  0.500000 qaram    1.1500
parameters
   -0.7820   34.6269   14.8802   -4.3730   -4.3220   -3.5085
    3.1666   -2.0899   -4.3145   -0.4297    2.7034   -3.1963
eta,q 0.96395  8.89670
  0.0508  0.0513  0.0517  0.0381  0.0338  0.0375  0.0375  0.0432  0.0388  0.0397  0.0374  0.0363
  0.0500  0.0505  0.0505  0.0413  0.0366  0.0371  0.0368  0.0402  0.0376  0.0379  0.0368  0.0361
  0.0496  0.0498  0.0498  0.0453  0.0394  0.0369  0.0367  0.0379  0.0369  0.0368  0.0365  0.0361
  0.0495  0.0495  0.0495  0.0495  0.0424  0.0374  0.0370  0.0367  0.0365  0.0364  0.0364  0.0364
  0.0498  0.0496  0.0497  0.0536  0.0460  0.0398  0.0377  0.0366  0.0364  0.0365  0.0366  0.0368
  0.0504  0.0501  0.0503  0.0576  0.0498  0.0441  0.0390  0.0378  0.0367  0.0375  0.0370  0.0375
  0.0514  0.0511  0.0512  0.0617  0.0539  0.0492  0.0404  0.0400  0.0373  0.0393  0.0378  0.0383
niter,ni,del,rscale     7    3    5.0000    1.2000
parameter  2  0.678837 ->  0.500000 qaram    1.1500
parameter  3  0.775550 ->  0.500000 qaram    1.1500
parameter  4  1.055832 ->  0.500000 qaram    1.3225
parameter  5  2.069465 ->  0.500000 qaram    1.3225
parameters
   -0.6614   33.2469   13.5002   -9.1340   -9.0830   -1.7979
    4.2300   -2.1807   -3.9533    0.0706    3.0272   -5.8643
eta,q 0.97663  8.88845
  0.0391  0.0356  0.0346  0.0301  0.0225  0.0273  0.0283  0.0296  0.0267  0.0285  0.0252  0.0245
  0.0375  0.0353  0.0345  0.0298  0.0239  0.0262  0.0262  0.0261  0.0251  0.0259  0.0243  0.0236
  0.0365  0.0355  0.0347  0.0313  0.0266  0.0254  0.0247  0.0242  0.0241  0.0243  0.0239  0.0234
  0.0361  0.0360  0.0353  0.0345  0.0300  0.0245  0.0238  0.0237  0.0237  0.0237  0.0237  0.0237
  0.0363  0.0369  0.0361  0.0388  0.0339  0.0235  0.0238  0.0245  0.0239  0.0240  0.0238  0.0244
  0.0371  0.0381  0.0373  0.0433  0.0379  0.0237  0.0247  0.0265  0.0248  0.0251  0.0242  0.0256
  0.0385  0.0395  0.0387  0.0479  0.0424  0.0261  0.0264  0.0297  0.0262  0.0273  0.0249  0.0270
niter,ni,del,rscale     7    3    5.0000    1.2000
parameter  5  0.564887 ->  0.500000 qaram    1.5209
parameters
   -0.4339   33.0384   13.1366  -11.1317  -14.5582   -0.9898
    4.2920   -2.3498   -4.4312    0.9117    2.9398   -5.7801
eta,q 0.97854  8.72438
  0.0286  0.0268  0.0250  0.0279  0.0229  0.0247  0.0242  0.0262  0.0233  0.0255  0.0225  0.0231
  0.0259  0.0247  0.0238  0.0260  0.0220  0.0237  0.0228  0.0234  0.0222  0.0235  0.0219  0.0222
  0.0241  0.0236  0.0233  0.0240  0.0220  0.0229  0.0219  0.0219  0.0217  0.0222  0.0215  0.0217
  0.0234  0.0233  0.0233  0.0232  0.0234  0.0219  0.0216  0.0216  0.0216  0.0216  0.0215  0.0215
  0.0236  0.0240  0.0238  0.0253  0.0267  0.0213  0.0218  0.0222  0.0219  0.0215  0.0216  0.0216
  0.0248  0.0256  0.0248  0.0299  0.0313  0.0221  0.0227  0.0238  0.0226  0.0224  0.0219  0.0222
  0.0269  0.0280  0.0261  0.0355  0.0362  0.0244  0.0242  0.0265  0.0238  0.0241  0.0225  0.0230
niter,ni,del,rscale     7    3    5.0000    1.2000
parameters
   -0.3463   33.2351   13.9518  -10.7224  -15.5185   -0.5512
    4.3487   -2.3569   -4.4824    0.9898    2.4668   -5.3079
eta,q 0.97899  8.70758
  0.0252  0.0255  0.0249  0.0271  0.0268  0.0244  0.0238  0.0260  0.0231  0.0242  0.0221  0.0228
  0.0232  0.0233  0.0233  0.0251  0.0240  0.0233  0.0223  0.0230  0.0219  0.0225  0.0214  0.0219
  0.0219  0.0219  0.0221  0.0232  0.0219  0.0223  0.0213  0.0214  0.0212  0.0214  0.0211  0.0213
  0.0215  0.0215  0.0215  0.0213  0.0211  0.0212  0.0210  0.0210  0.0210  0.0210  0.0210  0.0210
  0.0218  0.0218  0.0213  0.0209  0.0219  0.0207  0.0213  0.0216  0.0213  0.0213  0.0212  0.0211
  0.0229  0.0228  0.0216  0.0232  0.0251  0.0220  0.0222  0.0232  0.0220  0.0224  0.0217  0.0216
  0.0247  0.0243  0.0223  0.0275  0.0301  0.0246  0.0237  0.0258  0.0231  0.0241  0.0223  0.0225
niter,ni,del,rscale     6    3    5.0000    1.2000
parameters
   -0.3814   33.1681   14.1205  -10.6754  -15.7201   -0.4965
    4.3191   -2.3263   -4.4505    0.8725    2.4199   -5.0538
eta,q 0.97901  8.70089
  0.0246  0.0244  0.0236  0.0267  0.0273  0.0243  0.0237  0.0260  0.0231  0.0240  0.0222  0.0227
  0.0226  0.0223  0.0222  0.0248  0.0244  0.0232  0.0222  0.0230  0.0219  0.0224  0.0215  0.0218
  0.0214  0.0212  0.0213  0.0228  0.0221  0.0221  0.0213  0.0213  0.0212  0.0214  0.0211  0.0212
  0.0210  0.0210  0.0210  0.0210  0.0210  0.0210  0.0210  0.0210  0.0210  0.0210  0.0210  0.0210
  0.0215  0.0216  0.0212  0.0209  0.0212  0.0207  0.0213  0.0216  0.0212  0.0213  0.0211  0.0211
  0.0228  0.0228  0.0219  0.0236  0.0240  0.0223  0.0222  0.0232  0.0219  0.0225  0.0215  0.0216
  0.0247  0.0245  0.0230  0.0280  0.0286  0.0252  0.0237  0.0257  0.0230  0.0243  0.0222  0.0225
niter,ni,del,rscale     5    3    5.0000    1.2000
parameters
   -0.3836   33.1328   14.1704  -10.6609  -15.7572   -0.4825
    4.3062   -2.3204   -4.4543    0.8097    2.4197   -4.9573
eta,q 0.97902  8.69940
  0.0247  0.0244  0.0234  0.0267  0.0274  0.0243  0.0237  0.0260  0.0231  0.0241  0.0222  0.0226
  0.0226  0.0224  0.0221  0.0247  0.0245  0.0232  0.0222  0.0230  0.0219  0.0224  0.0215  0.0218
  0.0214  0.0212  0.0213  0.0228  0.0221  0.0221  0.0213  0.0213  0.0212  0.0214  0.0211  0.0212
  0.0210  0.0210  0.0210  0.0210  0.0210  0.0210  0.0210  0.0210  0.0210  0.0210  0.0210  0.0210
  0.0214  0.0215  0.0212  0.0209  0.0212  0.0207  0.0213  0.0216  0.0212  0.0213  0.0211  0.0212
  0.0227  0.0227  0.0220  0.0236  0.0238  0.0223  0.0222  0.0232  0.0219  0.0224  0.0215  0.0217
  0.0246  0.0244  0.0232  0.0280  0.0283  0.0252  0.0237  0.0257  0.0230  0.0243  0.0222  0.0226
niter,ni,del,rscale     4    3    5.0000    1.2000
parameters
   -0.3848   33.1209   14.1864  -10.6567  -15.7667   -0.4793
    4.2965   -2.3222   -4.4550    0.7887    2.4158   -4.9192
eta,q 0.97903  8.69903
  0.0247  0.0245  0.0233  0.0267  0.0274  0.0242  0.0237  0.0260  0.0231  0.0241  0.0222  0.0226
  0.0226  0.0224  0.0220  0.0247  0.0245  0.0231  0.0222  0.0230  0.0219  0.0224  0.0215  0.0217
  0.0214  0.0213  0.0212  0.0228  0.0221  0.0221  0.0213  0.0213  0.0212  0.0214  0.0211  0.0212
  0.0210  0.0210  0.0210  0.0210  0.0210  0.0210  0.0210  0.0210  0.0210  0.0210  0.0210  0.0210
  0.0214  0.0215  0.0213  0.0209  0.0211  0.0207  0.0213  0.0216  0.0212  0.0213  0.0211  0.0212
  0.0227  0.0227  0.0220  0.0236  0.0238  0.0223  0.0222  0.0232  0.0219  0.0224  0.0215  0.0217
  0.0246  0.0243  0.0232  0.0280  0.0283  0.0252  0.0237  0.0257  0.0230  0.0242  0.0222  0.0226
registration optimization eta report
parameter search radius
    2.4000    2.7600    2.7600    9.5220   10.9503    7.2000
    7.2000    7.2000    7.2000    7.2000    7.2000    8.2800
100000*second partial in parameter space
       64.       45.       30.        7.        6.        7.
        5.        9.        4.        6.        2.        2.
  0.0247  0.0245  0.0233  0.0267  0.0274  0.0242  0.0237  0.0260  0.0231  0.0241  0.0222  0.0226
  0.0226  0.0224  0.0220  0.0247  0.0245  0.0231  0.0222  0.0230  0.0219  0.0224  0.0215  0.0217
  0.0214  0.0213  0.0212  0.0228  0.0221  0.0221  0.0213  0.0213  0.0212  0.0214  0.0211  0.0212
  0.0210  0.0210  0.0210  0.0210  0.0210  0.0210  0.0210  0.0210  0.0210  0.0210  0.0210  0.0210
  0.0214  0.0215  0.0213  0.0209  0.0211  0.0207  0.0213  0.0216  0.0212  0.0213  0.0211  0.0212
  0.0227  0.0227  0.0220  0.0236  0.0238  0.0223  0.0222  0.0232  0.0219  0.0224  0.0215  0.0217
  0.0246  0.0243  0.0232  0.0280  0.0283  0.0252  0.0237  0.0257  0.0230  0.0242  0.0222  0.0226
   -0.3848   33.1209   14.1864  -10.6567  -15.7667   -0.4793
    4.2965   -2.3222   -4.4550    0.7887    2.4158   -4.9192
eta,q 0.97903  8.69903

---------------------------------------------------------------------
imgreg_4dfp /opt/freesurfer/average/711-2C_as_mni_average_305 /opt/freesurfer/average/711-2B_as_mni_average_305_mask talsrcimg_g11 none talsrcimg_to_711-2C_as_mni_average_305_t4 2311
---------------------------------------------------------------------

freesurfer imgreg_4dfp.c
/opt/freesurfer/average/711-2C_as_mni_average_305.4dfp.img
       256       256       256         1
  1.000000  1.000000  1.000000
orientation T byte_order littleendian
Reading image: /opt/freesurfer/average/711-2C_as_mni_average_305.4dfp.img
dimensions:      256       256       256
mmppix:       1.0000   -1.0000   -1.0000
center:     128.0000 -129.0000 -129.0000
/opt/freesurfer/average/711-2B_as_mni_average_305_mask.4dfp.img
       256       256       256         1
  1.000000  1.000000  1.000000
orientation T byte_order littleendian
Reading mask: /opt/freesurfer/average/711-2B_as_mni_average_305_mask.4dfp.img (2306576 pixels)
talsrcimg_g11.4dfp.img
       256       256       256         1
  1.000000  1.000000  1.000000
orientation T byte_order littleendian
Reading image: talsrcimg_g11.4dfp.img
dimensions:      256       256       256
mmppix:       1.0000   -1.0000   -1.0000
center:     128.0000 -129.0000 -129.0000
fimgreg.f
image alignment mode   2311 decimal      907 hex
parameters
   -0.3848   33.1209   14.1864  -10.6567  -15.7667   -0.4793
    4.2965   -2.3222   -4.4550    0.7887    2.4158   -4.9192
eta,q 0.97903  8.69903
niter,ni,del,rscale     5    3    5.0000    0.8000
parameters
   -0.4032   33.0193   14.1597   -9.2625  -14.8315    0.1764
    4.2223   -2.1684   -4.4660    0.7104    2.4883   -4.7904
eta,q 0.97966  8.78671
  0.0226  0.0220  0.0217  0.0238  0.0224  0.0229  0.0217  0.0234  0.0214  0.0219  0.0211  0.0210
  0.0217  0.0214  0.0213  0.0228  0.0216  0.0221  0.0209  0.0217  0.0208  0.0211  0.0207  0.0207
  0.0211  0.0210  0.0210  0.0218  0.0210  0.0213  0.0205  0.0207  0.0204  0.0206  0.0204  0.0204
  0.0210  0.0210  0.0210  0.0210  0.0206  0.0205  0.0203  0.0203  0.0203  0.0203  0.0203  0.0203
  0.0212  0.0212  0.0211  0.0206  0.0205  0.0203  0.0205  0.0206  0.0205  0.0205  0.0204  0.0204
  0.0218  0.0216  0.0213  0.0209  0.0207  0.0208  0.0210  0.0215  0.0208  0.0211  0.0207  0.0206
  0.0227  0.0223  0.0218  0.0220  0.0215  0.0223  0.0218  0.0229  0.0214  0.0222  0.0210  0.0210
niter,ni,del,rscale     4    3    5.0000    0.7000
parameters
   -0.4823   33.0271   14.0952   -9.3392  -14.8044    0.3467
    4.2636   -2.2275   -4.4941    0.7651    2.5734   -4.9092
eta,q 0.97971  8.79230
  0.0217  0.0214  0.0210  0.0223  0.0214  0.0223  0.0214  0.0225  0.0211  0.0216  0.0209  0.0208
  0.0209  0.0208  0.0206  0.0214  0.0209  0.0216  0.0208  0.0212  0.0206  0.0210  0.0206  0.0205
  0.0204  0.0204  0.0204  0.0207  0.0205  0.0209  0.0204  0.0205  0.0204  0.0205  0.0204  0.0204
  0.0203  0.0203  0.0203  0.0203  0.0203  0.0203  0.0203  0.0203  0.0203  0.0203  0.0203  0.0203
  0.0206  0.0204  0.0204  0.0205  0.0204  0.0203  0.0204  0.0206  0.0204  0.0204  0.0204  0.0204
  0.0211  0.0208  0.0207  0.0213  0.0207  0.0210  0.0208  0.0213  0.0207  0.0208  0.0205  0.0206
  0.0220  0.0213  0.0212  0.0227  0.0215  0.0224  0.0214  0.0225  0.0211  0.0216  0.0208  0.0208
niter,ni,del,rscale     3    3    5.0000    0.6000
parameters
   -0.4948   33.0279   14.1015   -9.2859  -14.7107    0.5154
    4.2644   -2.2428   -4.5089    0.8237    2.5862   -4.9701
eta,q 0.97975  8.80142
  0.0214  0.0210  0.0209  0.0219  0.0211  0.0219  0.0211  0.0219  0.0209  0.0213  0.0207  0.0206
  0.0208  0.0206  0.0206  0.0211  0.0207  0.0213  0.0206  0.0210  0.0205  0.0208  0.0204  0.0204
  0.0204  0.0204  0.0204  0.0206  0.0204  0.0207  0.0203  0.0204  0.0203  0.0204  0.0203  0.0203
  0.0203  0.0203  0.0203  0.0203  0.0203  0.0203  0.0203  0.0203  0.0203  0.0203  0.0203  0.0203
  0.0204  0.0204  0.0204  0.0204  0.0203  0.0203  0.0203  0.0205  0.0203  0.0203  0.0203  0.0203
  0.0208  0.0206  0.0205  0.0209  0.0205  0.0208  0.0206  0.0210  0.0205  0.0206  0.0204  0.0204
  0.0214  0.0210  0.0209  0.0220  0.0211  0.0219  0.0211  0.0219  0.0209  0.0213  0.0207  0.0207
niter,ni,del,rscale     2    3    5.0000    0.5000
parameters
   -0.5038   33.0253   14.1082   -9.2428  -14.6311    0.6571
    4.2568   -2.2400   -4.5094    0.8809    2.5942   -5.0191
eta,q 0.97977  8.80908
  0.0210  0.0208  0.0207  0.0214  0.0208  0.0215  0.0208  0.0214  0.0207  0.0210  0.0206  0.0205
  0.0206  0.0205  0.0204  0.0208  0.0205  0.0210  0.0205  0.0208  0.0204  0.0206  0.0204  0.0204
  0.0203  0.0203  0.0203  0.0204  0.0203  0.0205  0.0203  0.0204  0.0203  0.0203  0.0203  0.0203
  0.0202  0.0203  0.0203  0.0203  0.0202  0.0202  0.0202  0.0202  0.0202  0.0202  0.0202  0.0202
  0.0204  0.0203  0.0203  0.0203  0.0203  0.0203  0.0203  0.0204  0.0203  0.0203  0.0203  0.0203
  0.0206  0.0205  0.0204  0.0207  0.0204  0.0207  0.0205  0.0208  0.0204  0.0205  0.0204  0.0204
  0.0210  0.0208  0.0207  0.0214  0.0208  0.0215  0.0208  0.0214  0.0207  0.0210  0.0205  0.0205
niter,ni,del,rscale     1    3    5.0000    0.4000
parameters
   -0.5122   33.0243   14.1123   -9.2122  -14.5645    0.7687
    4.2543   -2.2431   -4.5103    0.9241    2.6170   -5.0494
eta,q 0.97979  8.81503
  0.0207  0.0206  0.0205  0.0210  0.0206  0.0211  0.0206  0.0210  0.0205  0.0207  0.0204  0.0204
  0.0204  0.0204  0.0203  0.0206  0.0204  0.0207  0.0204  0.0206  0.0203  0.0205  0.0203  0.0203
  0.0203  0.0203  0.0203  0.0203  0.0203  0.0204  0.0203  0.0203  0.0202  0.0203  0.0202  0.0202
  0.0202  0.0202  0.0202  0.0202  0.0202  0.0202  0.0202  0.0202  0.0202  0.0202  0.0202  0.0202
  0.0203  0.0203  0.0203  0.0203  0.0202  0.0203  0.0203  0.0203  0.0203  0.0202  0.0202  0.0202
  0.0205  0.0204  0.0203  0.0205  0.0203  0.0205  0.0204  0.0206  0.0203  0.0204  0.0203  0.0203
  0.0207  0.0206  0.0205  0.0210  0.0206  0.0211  0.0206  0.0210  0.0205  0.0207  0.0204  0.0204
registration optimization eta report
parameter search radius
    0.8000    0.8000    0.8000    2.4000    2.4000    2.4000
    2.4000    2.4000    2.4000    2.4000    2.4000    2.4000
100000*second partial in parameter space
       79.       53.       42.       14.        6.       15.
        6.       14.        5.        8.        4.        3.
  0.0207  0.0206  0.0205  0.0210  0.0206  0.0211  0.0206  0.0210  0.0205  0.0207  0.0204  0.0204
  0.0204  0.0204  0.0203  0.0206  0.0204  0.0207  0.0204  0.0206  0.0203  0.0205  0.0203  0.0203
  0.0203  0.0203  0.0203  0.0203  0.0203  0.0204  0.0203  0.0203  0.0202  0.0203  0.0202  0.0202
  0.0202  0.0202  0.0202  0.0202  0.0202  0.0202  0.0202  0.0202  0.0202  0.0202  0.0202  0.0202
  0.0203  0.0203  0.0203  0.0203  0.0202  0.0203  0.0203  0.0203  0.0203  0.0202  0.0202  0.0202
  0.0205  0.0204  0.0203  0.0205  0.0203  0.0205  0.0204  0.0206  0.0203  0.0204  0.0203  0.0203
  0.0207  0.0206  0.0205  0.0210  0.0206  0.0211  0.0206  0.0210  0.0205  0.0207  0.0204  0.0204
   -0.5122   33.0243   14.1123   -9.2122  -14.5645    0.7687
    4.2543   -2.2431   -4.5103    0.9241    2.6170   -5.0494
eta,q 0.97979  8.81503

---------------------------------------------------------------------
imgreg_4dfp /opt/freesurfer/average/711-2C_as_mni_average_305 /opt/freesurfer/average/711-2B_as_mni_average_305_mask talsrcimg_g11 none talsrcimg_to_711-2C_as_mni_average_305_t4 2311
---------------------------------------------------------------------

freesurfer imgreg_4dfp.c
/opt/freesurfer/average/711-2C_as_mni_average_305.4dfp.img
       256       256       256         1
  1.000000  1.000000  1.000000
orientation T byte_order littleendian
Reading image: /opt/freesurfer/average/711-2C_as_mni_average_305.4dfp.img
dimensions:      256       256       256
mmppix:       1.0000   -1.0000   -1.0000
center:     128.0000 -129.0000 -129.0000
/opt/freesurfer/average/711-2B_as_mni_average_305_mask.4dfp.img
       256       256       256         1
  1.000000  1.000000  1.000000
orientation T byte_order littleendian
Reading mask: /opt/freesurfer/average/711-2B_as_mni_average_305_mask.4dfp.img (2306576 pixels)
talsrcimg_g11.4dfp.img
       256       256       256         1
  1.000000  1.000000  1.000000
orientation T byte_order littleendian
Reading image: talsrcimg_g11.4dfp.img
dimensions:      256       256       256
mmppix:       1.0000   -1.0000   -1.0000
center:     128.0000 -129.0000 -129.0000
fimgreg.f
image alignment mode   2311 decimal      907 hex
parameters
   -0.5122   33.0243   14.1123   -9.2122  -14.5644    0.7686
    4.2543   -2.2431   -4.5103    0.9241    2.6170   -5.0494
eta,q 0.97979  8.81504
niter,ni,del,rscale     5    3    5.0000    0.8000
parameters
   -0.5036   33.0454   14.1364   -9.5419  -14.9444    0.3067
    4.2833   -2.2748   -4.4927    0.7611    2.5352   -4.9080
eta,q 0.97967  8.78207
  0.0223  0.0216  0.0213  0.0226  0.0215  0.0223  0.0218  0.0231  0.0214  0.0219  0.0210  0.0210
  0.0211  0.0208  0.0207  0.0215  0.0208  0.0215  0.0210  0.0215  0.0208  0.0211  0.0206  0.0207
  0.0204  0.0204  0.0203  0.0206  0.0204  0.0207  0.0205  0.0206  0.0204  0.0205  0.0204  0.0204
  0.0202  0.0202  0.0202  0.0202  0.0202  0.0203  0.0203  0.0203  0.0203  0.0203  0.0203  0.0203
  0.0204  0.0204  0.0203  0.0206  0.0204  0.0206  0.0205  0.0207  0.0205  0.0205  0.0204  0.0204
  0.0211  0.0208  0.0207  0.0217  0.0210  0.0219  0.0209  0.0216  0.0208  0.0211  0.0207  0.0206
  0.0222  0.0215  0.0213  0.0237  0.0223  0.0238  0.0217  0.0231  0.0213  0.0222  0.0211  0.0209
niter,ni,del,rscale     4    3    5.0000    0.7000
parameters
   -0.4881   33.0276   14.1205   -9.3763  -14.8128    0.3671
    4.2471   -2.2469   -4.4974    0.7747    2.5411   -4.8854
eta,q 0.97971  8.79177
  0.0219  0.0213  0.0211  0.0225  0.0215  0.0222  0.0214  0.0225  0.0211  0.0216  0.0209  0.0208
  0.0210  0.0207  0.0207  0.0215  0.0209  0.0216  0.0208  0.0213  0.0206  0.0209  0.0205  0.0205
  0.0205  0.0204  0.0204  0.0207  0.0205  0.0208  0.0204  0.0205  0.0204  0.0205  0.0204  0.0204
  0.0203  0.0203  0.0203  0.0203  0.0203  0.0203  0.0203  0.0203  0.0203  0.0203  0.0203  0.0203
  0.0205  0.0205  0.0204  0.0204  0.0203  0.0203  0.0204  0.0206  0.0204  0.0204  0.0204  0.0204
  0.0210  0.0208  0.0207  0.0211  0.0206  0.0211  0.0208  0.0213  0.0207  0.0208  0.0206  0.0205
  0.0218  0.0213  0.0211  0.0224  0.0214  0.0225  0.0214  0.0224  0.0211  0.0217  0.0209  0.0208
niter,ni,del,rscale     3    3    5.0000    0.6000
parameters
   -0.4957   33.0262   14.1079   -9.2938  -14.7228    0.5154
    4.2553   -2.2395   -4.5138    0.8252    2.5839   -4.9577
eta,q 0.97975  8.80089
  0.0214  0.0210  0.0209  0.0219  0.0211  0.0219  0.0211  0.0220  0.0209  0.0213  0.0207  0.0206
  0.0208  0.0206  0.0205  0.0212  0.0207  0.0213  0.0206  0.0210  0.0205  0.0208  0.0205  0.0204
  0.0204  0.0204  0.0203  0.0206  0.0204  0.0207  0.0203  0.0204  0.0203  0.0204  0.0203  0.0203
  0.0203  0.0203  0.0203  0.0203  0.0203  0.0203  0.0203  0.0203  0.0203  0.0203  0.0203  0.0203
  0.0204  0.0204  0.0204  0.0204  0.0203  0.0203  0.0203  0.0205  0.0203  0.0203  0.0203  0.0203
  0.0208  0.0206  0.0206  0.0209  0.0205  0.0208  0.0206  0.0210  0.0205  0.0207  0.0204  0.0204
  0.0214  0.0210  0.0209  0.0219  0.0211  0.0219  0.0211  0.0219  0.0209  0.0213  0.0207  0.0207
niter,ni,del,rscale     2    3    5.0000    0.5000
parameters
   -0.5028   33.0269   14.1067   -9.2441  -14.6293    0.6554
    4.2572   -2.2433   -4.5137    0.8762    2.5906   -5.0181
eta,q 0.97977  8.80898
  0.0210  0.0208  0.0207  0.0214  0.0208  0.0215  0.0208  0.0214  0.0207  0.0210  0.0206  0.0205
  0.0206  0.0205  0.0204  0.0209  0.0205  0.0210  0.0205  0.0207  0.0204  0.0206  0.0204  0.0204
  0.0203  0.0203  0.0203  0.0204  0.0203  0.0205  0.0203  0.0203  0.0203  0.0203  0.0203  0.0203
  0.0203  0.0203  0.0203  0.0203  0.0202  0.0202  0.0202  0.0202  0.0202  0.0202  0.0202  0.0202
  0.0204  0.0203  0.0203  0.0203  0.0203  0.0203  0.0203  0.0204  0.0203  0.0203  0.0203  0.0203
  0.0206  0.0205  0.0204  0.0207  0.0204  0.0207  0.0205  0.0208  0.0204  0.0205  0.0204  0.0204
  0.0210  0.0208  0.0207  0.0214  0.0208  0.0215  0.0208  0.0214  0.0207  0.0210  0.0205  0.0205
niter,ni,del,rscale     1    3    5.0000    0.4000
parameters
   -0.5131   33.0220   14.1126   -9.2086  -14.5692    0.7690
    4.2537   -2.2404   -4.5162    0.9304    2.6127   -5.0476
eta,q 0.97979  8.81503
  0.0207  0.0206  0.0205  0.0210  0.0206  0.0211  0.0206  0.0210  0.0205  0.0207  0.0204  0.0204
  0.0204  0.0204  0.0203  0.0206  0.0204  0.0207  0.0204  0.0206  0.0203  0.0205  0.0203  0.0203
  0.0203  0.0203  0.0203  0.0203  0.0203  0.0204  0.0203  0.0203  0.0202  0.0203  0.0202  0.0202
  0.0202  0.0202  0.0202  0.0202  0.0202  0.0202  0.0202  0.0202  0.0202  0.0202  0.0202  0.0202
  0.0203  0.0203  0.0203  0.0203  0.0202  0.0203  0.0203  0.0203  0.0203  0.0202  0.0202  0.0202
  0.0205  0.0204  0.0203  0.0205  0.0203  0.0205  0.0204  0.0206  0.0203  0.0204  0.0203  0.0203
  0.0207  0.0206  0.0205  0.0210  0.0206  0.0211  0.0206  0.0210  0.0205  0.0207  0.0204  0.0204
registration optimization eta report
parameter search radius
    0.8000    0.8000    0.8000    2.4000    2.4000    2.4000
    2.4000    2.4000    2.4000    2.4000    2.4000    2.4000
100000*second partial in parameter space
       79.       53.       43.       14.        6.       15.
        6.       14.        5.        8.        4.        3.
  0.0207  0.0206  0.0205  0.0210  0.0206  0.0211  0.0206  0.0210  0.0205  0.0207  0.0204  0.0204
  0.0204  0.0204  0.0203  0.0206  0.0204  0.0207  0.0204  0.0206  0.0203  0.0205  0.0203  0.0203
  0.0203  0.0203  0.0203  0.0203  0.0203  0.0204  0.0203  0.0203  0.0202  0.0203  0.0202  0.0202
  0.0202  0.0202  0.0202  0.0202  0.0202  0.0202  0.0202  0.0202  0.0202  0.0202  0.0202  0.0202
  0.0203  0.0203  0.0203  0.0203  0.0202  0.0203  0.0203  0.0203  0.0203  0.0202  0.0202  0.0202
  0.0205  0.0204  0.0203  0.0205  0.0203  0.0205  0.0204  0.0206  0.0203  0.0204  0.0203  0.0203
  0.0207  0.0206  0.0205  0.0210  0.0206  0.0211  0.0206  0.0210  0.0205  0.0207  0.0204  0.0204
   -0.5131   33.0220   14.1126   -9.2086  -14.5692    0.7690
    4.2537   -2.2404   -4.5162    0.9304    2.6127   -5.0476
eta,q 0.97979  8.81503

---------------------------------------------------------------------
compute_vox2vox talsrcimg talsrcimg_to_711-2C_as_mni_average_305_t4 /opt/freesurfer/average/711-2C_as_mni_average_305
---------------------------------------------------------------------

freesurfer compute_vox2vox.c
Reading: talsrcimg.4dfp.ifh
Reading: talsrcimg_to_711-2C_as_mni_average_305_t4
Reading: /opt/freesurfer/average/711-2C_as_mni_average_305.4dfp.ifh
Writing: talsrcimg_to_711-2C_as_mni_average_305_t4_vox2vox.txt

start time Fri Mar 13 05:14:38 CET 2026
end		time Fri Mar 13 05:14:51 CET 2026

mpr2mni305 success

avi2talxfm orig_nu.mgz /opt/freesurfer/average/mni305.cor.mgz talsrcimg_to_711-2C_as_mni_average_305_t4_vox2vox.txt transforms/talairach.auto.xfm
avi2talxfm done
mv -f /out/sourcedata/freesurfer/sub-v2s4x29612_ses-1/mri/talsrcimg_to_711-2C_as_mni_average_305_t4_vox2vox.txt /out/sourcedata/freesurfer/sub-v2s4x29612_ses-1/mri/transforms/talsrcimg_to_711-2C_as_mni_average_305_t4_vox2vox.txt
lta_convert --src orig_nu.mgz --trg /opt/freesurfer/average/mni305.cor.mgz --inxfm transforms/talairach.auto.xfm --outlta transforms/talairach.auto.xfm.lta --subject fsaverage
7.3.2

--src: orig_nu.mgz src image (geometry).
--trg: /opt/freesurfer/average/mni305.cor.mgz trg image (geometry).
--inmni: transforms/talairach.auto.xfm input MNI/XFM transform.
--outlta: transforms/talairach.auto.xfm.lta output LTA.
--s: fsaverage subject name
 LTA read, type : 1
 1.09806   0.02490  -0.05320   4.41780;
-0.02555   0.99125   0.05984  -12.85857;
 0.05833  -0.00948   1.16707  -30.38574;
 0.00000   0.00000   0.00000   1.00000;
setting subject to fsaverage
Writing  LTA to file transforms/talairach.auto.xfm.lta...
lta_convert successful.
 
 
Started at Fri Mar 13 05:14:37 CET 2026
Ended   at Fri Mar 13 05:14:52 CET 2026
talairach_avi done
