status file for recon-all
Fri Mar 13 05:33:14 CET 2026
#@# Tessellate rh Fri Mar 13 05:33:14 CET 2026
#@# Smooth1 rh Fri Mar 13 05:33:17 CET 2026
#@# Inflation1 rh Fri Mar 13 05:33:19 CET 2026
#@# QSphere rh Fri Mar 13 05:33:27 CET 2026
#@# Fix Topology rh Fri Mar 13 05:34:12 CET 2026
#@# Smooth2 rh Fri Mar 13 05:38:32 CET 2026
#@# Inflation2 rh Fri Mar 13 05:38:34 CET 2026
#@# Curv .H and .K rh Fri Mar 13 05:38:43 CET 2026
#@# Sphere rh Fri Mar 13 05:39:24 CET 2026
#@# Surf Reg rh Fri Mar 13 05:40:54 CET 2026
#@# Jacobian white rh Fri Mar 13 05:43:53 CET 2026
#@# AvgCurv rh Fri Mar 13 05:43:54 CET 2026
#@# Cortical Parc rh Fri Mar 13 05:43:54 CET 2026
#@# white curv rh Fri Mar 13 05:48:44 CET 2026
#@# white area rh Fri Mar 13 05:48:46 CET 2026
#@# pial curv rh Fri Mar 13 05:48:46 CET 2026
#@# pial area rh Fri Mar 13 05:48:48 CET 2026
#@# thickness rh Fri Mar 13 05:48:48 CET 2026
#@# area and vertex vol rh Fri Mar 13 05:49:10 CET 2026
#@# Curvature Stats rh Fri Mar 13 05:49:11 CET 2026
#@# Cortical Parc 2 rh Fri Mar 13 05:49:13 CET 2026
#@# Cortical Parc 3 rh Fri Mar 13 05:49:23 CET 2026
#@# WM/GM Contrast rh Fri Mar 13 05:49:32 CET 2026
recon-all -s sub-v2s4x29594_ses-1 finished without error at Fri Mar 13 05:49:34 CET 2026



#New# invocation of recon-all 



status file for recon-all
Fri Mar 13 05:56:26 CET 2026
#@# white curv rh Fri Mar 13 05:56:26 CET 2026
#@# white area rh Fri Mar 13 05:56:26 CET 2026
#@# pial curv rh Fri Mar 13 05:56:26 CET 2026
#@# pial area rh Fri Mar 13 05:56:26 CET 2026
#@# thickness rh Fri Mar 13 05:56:26 CET 2026
#@# area and vertex vol rh Fri Mar 13 05:56:26 CET 2026
#@# Parcellation Stats rh Fri Mar 13 05:56:26 CET 2026
#@# Parcellation Stats 2 rh Fri Mar 13 05:56:43 CET 2026
#@# Parcellation Stats 3 rh Fri Mar 13 05:56:51 CET 2026
#@# BA_exvivo Labels rh Fri Mar 13 05:57:00 CET 2026
recon-all -s sub-v2s4x29594_ses-1 finished without error at Fri Mar 13 05:58:57 CET 2026
