status file for recon-all
Fri Mar 13 05:16:56 CET 2026
#@# Tessellate lh Fri Mar 13 05:16:56 CET 2026
#@# Smooth1 lh Fri Mar 13 05:16:59 CET 2026
#@# Inflation1 lh Fri Mar 13 05:17:01 CET 2026
#@# QSphere lh Fri Mar 13 05:17:10 CET 2026
#@# Fix Topology lh Fri Mar 13 05:17:54 CET 2026
#@# Smooth2 lh Fri Mar 13 05:22:01 CET 2026
#@# Inflation2 lh Fri Mar 13 05:22:04 CET 2026
#@# Curv .H and .K lh Fri Mar 13 05:22:13 CET 2026
#@# Sphere lh Fri Mar 13 05:22:55 CET 2026
#@# Surf Reg lh Fri Mar 13 05:24:18 CET 2026
#@# Jacobian white lh Fri Mar 13 05:27:18 CET 2026
#@# AvgCurv lh Fri Mar 13 05:27:18 CET 2026
#@# Cortical Parc lh Fri Mar 13 05:27:19 CET 2026
#@# white curv lh Fri Mar 13 05:32:19 CET 2026
#@# white area lh Fri Mar 13 05:32:21 CET 2026
#@# pial curv lh Fri Mar 13 05:32:21 CET 2026
#@# pial area lh Fri Mar 13 05:32:23 CET 2026
#@# thickness lh Fri Mar 13 05:32:23 CET 2026
#@# area and vertex vol lh Fri Mar 13 05:32:46 CET 2026
#@# Curvature Stats lh Fri Mar 13 05:32:47 CET 2026
#@# Cortical Parc 2 lh Fri Mar 13 05:32:49 CET 2026
#@# Cortical Parc 3 lh Fri Mar 13 05:33:00 CET 2026
#@# WM/GM Contrast lh Fri Mar 13 05:33:08 CET 2026
recon-all -s sub-v2s4x29594_ses-1 finished without error at Fri Mar 13 05:33:10 CET 2026



#New# invocation of recon-all 



status file for recon-all
Fri Mar 13 05:53:47 CET 2026
#@# white curv lh Fri Mar 13 05:53:47 CET 2026
#@# white area lh Fri Mar 13 05:53:47 CET 2026
#@# pial curv lh Fri Mar 13 05:53:47 CET 2026
#@# pial area lh Fri Mar 13 05:53:47 CET 2026
#@# thickness lh Fri Mar 13 05:53:47 CET 2026
#@# area and vertex vol lh Fri Mar 13 05:53:47 CET 2026
#@# Parcellation Stats lh Fri Mar 13 05:53:47 CET 2026
#@# Parcellation Stats 2 lh Fri Mar 13 05:54:04 CET 2026
#@# Parcellation Stats 3 lh Fri Mar 13 05:54:13 CET 2026
#@# BA_exvivo Labels lh Fri Mar 13 05:54:21 CET 2026
recon-all -s sub-v2s4x29594_ses-1 finished without error at Fri Mar 13 05:56:22 CET 2026
