status file for recon-all
Fri Mar 13 03:58:50 CET 2026
#@# MotionCor Fri Mar 13 03:58:51 CET 2026
#@# Talairach Fri Mar 13 03:58:56 CET 2026
#@# Talairach Failure Detection Fri Mar 13 04:01:47 CET 2026
#@# Nu Intensity Correction Fri Mar 13 04:01:47 CET 2026
#@# Intensity Normalization Fri Mar 13 04:04:32 CET 2026
recon-all -s sub-v2s4x29594_ses-1 finished without error at Fri Mar 13 04:05:35 CET 2026



#New# invocation of recon-all 



status file for recon-all
Fri Mar 13 04:11:07 CET 2026
#@# EM Registration Fri Mar 13 04:11:07 CET 2026
recon-all -s sub-v2s4x29594_ses-1 finished without error at Fri Mar 13 04:12:30 CET 2026



#New# invocation of recon-all 



status file for recon-all
Fri Mar 13 04:12:32 CET 2026
#@# CA Normalize Fri Mar 13 04:12:32 CET 2026
#@# CA Reg Fri Mar 13 04:13:25 CET 2026
#@# SubCort Seg Fri Mar 13 04:43:29 CET 2026
#@# CC Seg Fri Mar 13 05:12:34 CET 2026
#@# Merge ASeg Fri Mar 13 05:12:56 CET 2026
#@# Intensity Normalization2 Fri Mar 13 05:12:56 CET 2026
#@# Mask BFS Fri Mar 13 05:14:23 CET 2026
#@# WM Segmentation Fri Mar 13 05:14:24 CET 2026
#@# Fill Fri Mar 13 05:16:13 CET 2026
recon-all -s sub-v2s4x29594_ses-1 finished without error at Fri Mar 13 05:16:52 CET 2026



#New# invocation of recon-all 



status file for recon-all
Fri Mar 13 05:49:39 CET 2026
#@# white curv lh Fri Mar 13 05:49:39 CET 2026
#@# white area lh Fri Mar 13 05:49:39 CET 2026
#@# pial curv lh Fri Mar 13 05:49:39 CET 2026
#@# pial area lh Fri Mar 13 05:49:39 CET 2026
#@# thickness lh Fri Mar 13 05:49:39 CET 2026
#@# area and vertex vol lh Fri Mar 13 05:49:39 CET 2026
#@# white curv rh Fri Mar 13 05:49:39 CET 2026
#@# white area rh Fri Mar 13 05:49:39 CET 2026
#@# pial curv rh Fri Mar 13 05:49:39 CET 2026
#@# pial area rh Fri Mar 13 05:49:39 CET 2026
#@# thickness rh Fri Mar 13 05:49:39 CET 2026
#@# area and vertex vol rh Fri Mar 13 05:49:39 CET 2026
#@# Cortical ribbon mask Fri Mar 13 05:49:39 CET 2026
recon-all -s sub-v2s4x29594_ses-1 finished without error at Fri Mar 13 05:53:43 CET 2026



#New# invocation of recon-all 



status file for recon-all
Fri Mar 13 05:59:01 CET 2026
#@# white curv lh Fri Mar 13 05:59:01 CET 2026
#@# white area lh Fri Mar 13 05:59:01 CET 2026
#@# pial curv lh Fri Mar 13 05:59:01 CET 2026
#@# pial area lh Fri Mar 13 05:59:01 CET 2026
#@# thickness lh Fri Mar 13 05:59:01 CET 2026
#@# area and vertex vol lh Fri Mar 13 05:59:01 CET 2026
#@# white curv rh Fri Mar 13 05:59:01 CET 2026
#@# white area rh Fri Mar 13 05:59:01 CET 2026
#@# pial curv rh Fri Mar 13 05:59:01 CET 2026
#@# pial area rh Fri Mar 13 05:59:01 CET 2026
#@# thickness rh Fri Mar 13 05:59:01 CET 2026
#@# area and vertex vol rh Fri Mar 13 05:59:01 CET 2026
#@# Curvature Stats lh Fri Mar 13 05:59:01 CET 2026
#@# Curvature Stats rh Fri Mar 13 05:59:03 CET 2026
#@# Relabel Hypointensities Fri Mar 13 05:59:04 CET 2026
#@# APas-to-ASeg Fri Mar 13 05:59:15 CET 2026
#@# AParc-to-ASeg aparc Fri Mar 13 05:59:21 CET 2026
#@# AParc-to-ASeg aparc.a2009s Fri Mar 13 05:59:43 CET 2026
#@# AParc-to-ASeg aparc.DKTatlas Fri Mar 13 06:00:06 CET 2026
#@# WMParc Fri Mar 13 06:00:28 CET 2026
#@# ASeg Stats Fri Mar 13 06:02:21 CET 2026
recon-all -s sub-v2s4x29594_ses-1 finished without error at Fri Mar 13 06:02:39 CET 2026
