/out/sourcedata/freesurfer/sub-v2s4x29602_ses-1/mri
/opt/freesurfer/bin/talairach_avi
--i orig_nu.mgz --xfm transforms/talairach.auto.xfm
talairach_avi 7.3.2
Linux dna063 5.14.0-427.37.1.el9_4.x86_64 #1 SMP PREEMPT_DYNAMIC Fri Sep 13 12:41:50 EDT 2024 x86_64 x86_64 x86_64 GNU/Linux
Fri Mar 13 04:32:46 CET 2026
mri_convert orig_nu.mgz talsrcimg.img 
reading from orig_nu.mgz...
TR=0.00, TE=0.00, TI=0.00, flip angle=0.00
i_ras = (-1, 5.60249e-09, 0)
j_ras = (1.86265e-09, 0, -1)
k_ras = (1.86265e-09, 1, 2.32831e-10)
writing to talsrcimg.img...
Analyze Output Matrix
-1.00000   0.00000   0.00000   129.75906;
 0.00000   0.00000   1.00000  -125.82114;
 0.00000  -1.00000   0.00000   128.15129;
 0.00000   0.00000   0.00000   1.00000;
--------------------
INFO: set hdr.hist.orient to -1
mpr2mni305 talsrcimg
Fri Mar 13 04:32:47 CET 2026
/opt/freesurfer/bin/mpr2mni305 talsrcimg
mpr2mni305 7.3.2
target=711-2C_as_mni_average_305

---------------------------------------------------------------------
analyzeto4dfp talsrcimg -O0 -y
---------------------------------------------------------------------

freesurfer ifh2hdr.c
Fri Mar 13 04:32:47 2026
Writing: talsrcimg.4dfp.hdr
freesurfer analyzeto4dfp.c
Reading: talsrcimg.hdr
header size 348 bytes
hdr.dime.datatype	offset=70	value=2
hdr.dime.bitpix		offset=72	value=8
hdr.hist.orient		offset=252	value=-1
dimensionality     4
dimensions       256       256       256         1
Reading: talsrcimg.img
Writing: talsrcimg.4dfp.img
Writing: talsrcimg.4dfp.ifh
ifh2hdr talsrcimg -r0to255
ori=2

---------------------------------------------------------------------
gauss_4dfp talsrcimg 1.1
---------------------------------------------------------------------

freesurfer gauss_4dfp.c
Reading: talsrcimg.4dfp.img
Writing: talsrcimg_g11.4dfp.img
image dimensions 256 256 256 padded to 288 288 288
processing volume 1freesurfer ifh2hdr.c
Fri Mar 13 04:32:48 2026
Writing: talsrcimg_g11.4dfp.hdr

Writing: talsrcimg_g11.4dfp.ifh
including: talsrcimg.4dfp.img.rec in talsrcimg_g11.4dfp.img.rec

---------------------------------------------------------------------
imgreg_4dfp /opt/freesurfer/average/711-2C_as_mni_average_305 none talsrcimg_g11 none talsrcimg_to_711-2C_as_mni_average_305_t4 4355
---------------------------------------------------------------------

freesurfer imgreg_4dfp.c
/opt/freesurfer/average/711-2C_as_mni_average_305.4dfp.img
       256       256       256         1
  1.000000  1.000000  1.000000
orientation T byte_order littleendian
Reading image: /opt/freesurfer/average/711-2C_as_mni_average_305.4dfp.img
dimensions:      256       256       256
mmppix:       1.0000   -1.0000   -1.0000
center:     128.0000 -129.0000 -129.0000
talsrcimg_g11.4dfp.img
       256       256       256         1
  1.000000  1.000000  1.000000
orientation T byte_order littleendian
Reading image: talsrcimg_g11.4dfp.img
dimensions:      256       256       256
mmppix:       1.0000   -1.0000   -1.0000
center:     128.0000 -129.0000 -129.0000
t4_read: open error in t4_sub.f l:  41 t4_file(1:l)talsrcimg_to_711-2C_as_mni_average_305_t4 
t4_read: transform initialized to I4
rotation matrix determinant  1.000000
image alignment mode   4355 decimal     1103 hex
   -7.5000  -45.0000  -45.0000 6177.0806   12.9014
    0.0000  -45.0000  -45.0000 6371.3784   12.8661
    7.5000  -45.0000  -45.0000 6141.7905   12.8602
   -7.5000  -37.5000  -45.0000 6728.3301   12.6117
    0.0000  -37.5000  -45.0000 6948.4976   12.5730
    7.5000  -37.5000  -45.0000 6685.8364   12.5660
   -7.5000  -30.0000  -45.0000 7538.5649   12.4014
    0.0000  -30.0000  -45.0000 7799.5483   12.3616
    7.5000  -30.0000  -45.0000 7474.2983   12.3538
   -7.5000  -22.5000  -45.0000 8439.8818   12.3634
    0.0000  -22.5000  -45.0000 8744.3857   12.3258
    7.5000  -22.5000  -45.0000 8346.8623   12.3203
   -7.5000  -15.0000  -45.0000 9332.9131   12.3607
    0.0000  -15.0000  -45.0000 9703.3320   12.3274
    7.5000  -15.0000  -45.0000 9231.7891   12.3241
   -7.5000   -7.5000  -45.000010217.4873   12.3488
    0.0000   -7.5000  -45.000010640.0283   12.3179
    7.5000   -7.5000  -45.000010133.8945   12.3148
   -7.5000    0.0000  -45.000010977.7871   12.3392
    0.0000    0.0000  -45.000011469.4141   12.3068
    7.5000    0.0000  -45.000010911.2520   12.3021
   -7.5000    7.5000  -45.000010960.4971   12.3425
    0.0000    7.5000  -45.000011454.4902   12.3057
    7.5000    7.5000  -45.000010884.0000   12.2987
   -7.5000   15.0000  -45.000010793.3076   12.3540
    0.0000   15.0000  -45.000011307.8447   12.3146
    7.5000   15.0000  -45.000010732.1953   12.3068
   -7.5000   22.5000  -45.000010597.8145   12.3610
    0.0000   22.5000  -45.000011124.2783   12.3235
    7.5000   22.5000  -45.000010549.8545   12.3179
   -7.5000   30.0000  -45.000010191.6816   12.1960
    0.0000   30.0000  -45.000010702.6973   12.1631
    7.5000   30.0000  -45.000010165.7646   12.1599
   -7.5000   37.5000  -45.000010141.9033   12.1842
    0.0000   37.5000  -45.000010639.8066   12.1538
    7.5000   37.5000  -45.000010068.6934   12.1507
   -7.5000   45.0000  -45.0000 9637.4072   11.8656
    0.0000   45.0000  -45.000010093.7441   11.8345
    7.5000   45.0000  -45.0000 9551.1270   11.8300
   -7.5000  -45.0000  -37.5000 6546.8242   12.8439
    0.0000  -45.0000  -37.5000 6752.4092   12.8093
    7.5000  -45.0000  -37.5000 6477.4375   12.8001
   -7.5000  -37.5000  -37.5000 7129.0454   12.5590
    0.0000  -37.5000  -37.5000 7370.7910   12.5211
    7.5000  -37.5000  -37.5000 7048.7852   12.5103
   -7.5000  -30.0000  -37.5000 7997.9727   12.3451
    0.0000  -30.0000  -37.5000 8284.0850   12.3074
    7.5000  -30.0000  -37.5000 7905.1411   12.2965
   -7.5000  -22.5000  -37.5000 8968.7852   12.2986
    0.0000  -22.5000  -37.5000 9320.9727   12.2642
    7.5000  -22.5000  -37.5000 8854.4043   12.2578
   -7.5000  -15.0000  -37.5000 9934.2471   12.2930
    0.0000  -15.0000  -37.500010344.2129   12.2627
    7.5000  -15.0000  -37.5000 9807.1025   12.2596
   -7.5000   -7.5000  -37.500010875.2490   12.2881
    0.0000   -7.5000  -37.500011332.9941   12.2588
    7.5000   -7.5000  -37.500010745.9736   12.2545
   -7.5000    0.0000  -37.500011693.1436   12.2870
    0.0000    0.0000  -37.500012225.1611   12.2551
    7.5000    0.0000  -37.500011550.1348   12.2475
   -7.5000    7.5000  -37.500011630.4326   12.2921
    0.0000    7.5000  -37.500012146.8613   12.2561
    7.5000    7.5000  -37.500011500.6582   12.2455
   -7.5000   15.0000  -37.500011436.2549   12.2981
    0.0000   15.0000  -37.500011971.8291   12.2607
    7.5000   15.0000  -37.500011341.2793   12.2500
   -7.5000   22.5000  -37.500011252.2119   12.2962
    0.0000   22.5000  -37.500011790.7139   12.2619
    7.5000   22.5000  -37.500011168.1582   12.2554
   -7.5000   30.0000  -37.500010807.6152   12.1292
    0.0000   30.0000  -37.500011339.1465   12.0993
    7.5000   30.0000  -37.500010745.1416   12.0962
   -7.5000   37.5000  -37.500010702.6074   12.1243
    0.0000   37.5000  -37.500011241.1230   12.0954
    7.5000   37.5000  -37.500010601.4170   12.0912
   -7.5000   45.0000  -37.500010189.1055   11.8154
    0.0000   45.0000  -37.500010700.4219   11.7847
    7.5000   45.0000  -37.500010073.3184   11.7774
   -7.5000  -45.0000  -30.0000 7023.0049   13.3913
    0.0000  -45.0000  -30.0000 7274.7100   13.3577
    7.5000  -45.0000  -30.0000 6953.9209   13.3532
   -7.5000  -37.5000  -30.0000 7653.2407   13.0997
    0.0000  -37.5000  -30.0000 7937.8833   13.0633
    7.5000  -37.5000  -30.0000 7578.2788   13.0550
   -7.5000  -30.0000  -30.0000 8616.2178   12.8767
    0.0000  -30.0000  -30.0000 8948.9951   12.8403
    7.5000  -30.0000  -30.0000 8523.7031   12.8303
   -7.5000  -22.5000  -30.0000 9693.0293   12.8215
    0.0000  -22.5000  -30.000010086.8496   12.7884
    7.5000  -22.5000  -30.0000 9572.3213   12.7842
   -7.5000  -15.0000  -30.000010732.1357   12.8098
    0.0000  -15.0000  -30.000011172.2373   12.7807
    7.5000  -15.0000  -30.000010598.2705   12.7825
   -7.5000   -7.5000  -30.000011754.3008   12.8059
    0.0000   -7.5000  -30.000012267.7344   12.7776
    7.5000   -7.5000  -30.000011611.4678   12.7787
   -7.5000    0.0000  -30.000012649.9668   12.8105
    0.0000    0.0000  -30.000013226.7852   12.7797
    7.5000    0.0000  -30.000012498.1074   12.7763
   -7.5000    7.5000  -30.000012563.3281   12.8211
    0.0000    7.5000  -30.000013119.4727   12.7866
    7.5000    7.5000  -30.000012413.9590   12.7784
   -7.5000   15.0000  -30.000012366.8154   12.8276
    0.0000   15.0000  -30.000012930.9238   12.7915
    7.5000   15.0000  -30.000012238.9844   12.7817
   -7.5000   22.5000  -30.000012141.8916   12.8177
    0.0000   22.5000  -30.000012708.1309   12.7846
    7.5000   22.5000  -30.000012028.6660   12.7804
   -7.5000   30.0000  -30.000011657.7031   12.6403
    0.0000   30.0000  -30.000012206.9102   12.6115
    7.5000   30.0000  -30.000011545.3926   12.6133
   -7.5000   37.5000  -30.000011507.0684   12.6365
    0.0000   37.5000  -30.000012051.6045   12.6085
    7.5000   37.5000  -30.000011346.8496   12.6096
   -7.5000   45.0000  -30.000010948.7373   12.3279
    0.0000   45.0000  -30.000011478.7041   12.2983
    7.5000   45.0000  -30.000010793.3359   12.2950
   -7.5000  -45.0000  -22.5000 7504.5742   13.8388
    0.0000  -45.0000  -22.5000 7780.9800   13.8068
    7.5000  -45.0000  -22.5000 7432.1284   13.8114
   -7.5000  -37.5000  -22.5000 8201.8525   13.5412
    0.0000  -37.5000  -22.5000 8519.7461   13.5069
    7.5000  -37.5000  -22.5000 8127.4053   13.5058
   -7.5000  -30.0000  -22.5000 9273.6904   13.3184
    0.0000  -30.0000  -22.5000 9660.3730   13.2826
    7.5000  -30.0000  -22.5000 9178.5020   13.2771
   -7.5000  -22.5000  -22.500010422.8027   13.2659
    0.0000  -22.5000  -22.500010880.3555   13.2317
    7.5000  -22.5000  -22.500010320.6191   13.2308
   -7.5000  -15.0000  -22.500011552.2969   13.2513
    0.0000  -15.0000  -22.500012058.9951   13.2209
    7.5000  -15.0000  -22.500011428.2354   13.2275
   -7.5000   -7.5000  -22.500012654.6865   13.2395
    0.0000   -7.5000  -22.500013229.2266   13.2110
    7.5000   -7.5000  -22.500012503.7822   13.2192
   -7.5000    0.0000  -22.500013657.5469   13.2390
    0.0000    0.0000  -22.500014267.2480   13.2098
    7.5000    0.0000  -22.500013477.3887   13.2147
   -7.5000    7.5000  -22.500013525.4775   13.2533
    0.0000    7.5000  -22.500014132.6250   13.2209
    7.5000    7.5000  -22.500013345.7969   13.2195
   -7.5000   15.0000  -22.500013296.1309   13.2676
    0.0000   15.0000  -22.500013908.9414   13.2321
    7.5000   15.0000  -22.500013123.3760   13.2266
   -7.5000   22.5000  -22.500013004.8691   13.2611
    0.0000   22.5000  -22.500013615.0186   13.2268
    7.5000   22.5000  -22.500012862.4385   13.2260
   -7.5000   30.0000  -22.500012504.9121   13.0780
    0.0000   30.0000  -22.500013105.6553   13.0480
    7.5000   30.0000  -22.500012378.6387   13.0544
   -7.5000   37.5000  -22.500012312.4727   13.0663
    0.0000   37.5000  -22.500012901.7861   13.0382
    7.5000   37.5000  -22.500012154.4570   13.0463
   -7.5000   45.0000  -22.500011677.2305   12.7498
    0.0000   45.0000  -22.500012236.7734   12.7217
    7.5000   45.0000  -22.500011521.6357   12.7264
   -7.5000  -45.0000  -15.0000 7981.9395   14.1493
    0.0000  -45.0000  -15.0000 8301.4619   14.1161
    7.5000  -45.0000  -15.0000 7917.3706   14.1241
   -7.5000  -37.5000  -15.0000 8762.4961   13.8425
    0.0000  -37.5000  -15.0000 9138.6201   13.8078
    7.5000  -37.5000  -15.0000 8692.1221   13.8109
   -7.5000  -30.0000  -15.0000 9913.8076   13.6209
    0.0000  -30.0000  -15.000010361.9639   13.5839
    7.5000  -30.0000  -15.0000 9835.1172   13.5819
   -7.5000  -22.5000  -15.000011159.1465   13.5777
    0.0000  -22.5000  -15.000011673.8027   13.5406
    7.5000  -22.5000  -15.000011063.3594   13.5411
   -7.5000  -15.0000  -15.000012362.3066   13.5668
    0.0000  -15.0000  -15.000012913.8682   13.5329
    7.5000  -15.0000  -15.000012250.2480   13.5394
   -7.5000   -7.5000  -15.000013528.2012   13.5470
    0.0000   -7.5000  -15.000014155.7490   13.5162
    7.5000   -7.5000  -15.000013397.7266   13.5255
   -7.5000    0.0000  -15.000014624.5215   13.5366
    0.0000    0.0000  -15.000015287.4814   13.5064
    7.5000    0.0000  -15.000014465.8848   13.5143
   -7.5000    7.5000  -15.000014466.4980   13.5486
    0.0000    7.5000  -15.000015128.9492   13.5157
    7.5000    7.5000  -15.000014275.9551   13.5183
   -7.5000   15.0000  -15.000014202.3008   13.5691
    0.0000   15.0000  -15.000014859.1719   13.5324
    7.5000   15.0000  -15.000014000.0586   13.5304
   -7.5000   22.5000  -15.000013877.2910   13.5722
    0.0000   22.5000  -15.000014537.8643   13.5350
    7.5000   22.5000  -15.000013725.5098   13.5356
   -7.5000   30.0000  -15.000013342.2090   13.3913
    0.0000   30.0000  -15.000014004.6064   13.3578
    7.5000   30.0000  -15.000013217.6338   13.3642
   -7.5000   37.5000  -15.000013097.8301   13.3717
    0.0000   37.5000  -15.000013761.5352   13.3412
    7.5000   37.5000  -15.000012984.7227   13.3504
   -7.5000   45.0000  -15.000012377.9316   13.0443
    0.0000   45.0000  -15.000012985.7627   13.0152
    7.5000   45.0000  -15.000012253.3408   13.0228
   -7.5000  -45.0000   -7.5000 8521.8232   14.3057
    0.0000  -45.0000   -7.5000 8876.9795   14.2693
    7.5000  -45.0000   -7.5000 8469.9072   14.2716
   -7.5000  -37.5000   -7.5000 9354.9189   13.9896
    0.0000  -37.5000   -7.5000 9762.5635   13.9511
    7.5000  -37.5000   -7.5000 9291.4395   13.9508
   -7.5000  -30.0000   -7.500010574.1084   13.7643
    0.0000  -30.0000   -7.500011037.9238   13.7236
    7.5000  -30.0000   -7.500010493.2393   13.7202
   -7.5000  -22.5000   -7.500011898.0859   13.7263
    0.0000  -22.5000   -7.500012431.5488   13.6859
    7.5000  -22.5000   -7.500011801.6846   13.6840
   -7.5000  -15.0000   -7.500013169.8369   13.7213
    0.0000  -15.0000   -7.500013773.2070   13.6845
    7.5000  -15.0000   -7.500013060.9941   13.6860
   -7.5000   -7.5000   -7.500014372.8311   13.7014
    0.0000   -7.5000   -7.500015059.4062   13.6680
    7.5000   -7.5000   -7.500014285.0859   13.6714
   -7.5000    0.0000   -7.500015551.4326   13.6864
    0.0000    0.0000   -7.500016289.2568   13.6532
    7.5000    0.0000   -7.500015461.1973   13.6559
   -7.5000    7.5000   -7.500015417.4512   13.6928
    0.0000    7.5000   -7.500016165.2148   13.6563
    7.5000    7.5000   -7.500015272.9688   13.6556
   -7.5000   15.0000   -7.500015088.2568   13.7120
    0.0000   15.0000   -7.500015798.9570   13.6717
    7.5000   15.0000   -7.500014912.9170   13.6684
   -7.5000   22.5000   -7.500014760.4414   13.7192
    0.0000   22.5000   -7.500015453.0918   13.6789
    7.5000   22.5000   -7.500014623.2148   13.6770
   -7.5000   30.0000   -7.500014198.9834   13.5434
    0.0000   30.0000   -7.500014900.7617   13.5071
    7.5000   30.0000   -7.500014096.7393   13.5085
   -7.5000   37.5000   -7.500013911.3125   13.5237
    0.0000   37.5000   -7.500014621.2461   13.4907
    7.5000   37.5000   -7.500013836.7012   13.4941
   -7.5000   45.0000   -7.500013092.7285   13.1911
    0.0000   45.0000   -7.500013728.6016   13.1592
    7.5000   45.0000   -7.500012998.9854   13.1617
   -7.5000  -45.0000    0.0000 8995.7920   14.3465
    0.0000  -45.0000    0.0000 9394.1260   14.3076
    7.5000  -45.0000    0.0000 8944.4355   14.3012
   -7.5000  -37.5000    0.0000 9862.0635   14.0262
    0.0000  -37.5000    0.000010294.1787   13.9838
    7.5000  -37.5000    0.0000 9805.4639   13.9761
   -7.5000  -30.0000    0.000011144.6250   13.7940
    0.0000  -30.0000    0.000011631.7471   13.7504
    7.5000  -30.0000    0.000011076.4023   13.7419
   -7.5000  -22.5000    0.000012543.0332   13.7524
    0.0000  -22.5000    0.000013103.1152   13.7112
    7.5000  -22.5000    0.000012470.0762   13.7051
   -7.5000  -15.0000    0.000013865.5762   13.7497
    0.0000  -15.0000    0.000014504.0264   13.7130
    7.5000  -15.0000    0.000013785.1855   13.7094
   -7.5000   -7.5000    0.000015087.5547   13.7361
    0.0000   -7.5000    0.000015819.9961   13.7021
    7.5000   -7.5000    0.000015048.1885   13.6986
   -7.5000    0.0000    0.000016323.5469   13.7250
    0.0000    0.0000    0.000017130.8809   13.6895
    7.5000    0.0000    0.000016315.0508   13.6842
   -7.5000    7.5000    0.000016300.0371   13.7285
    0.0000    7.5000    0.000017160.1074   13.6882
    7.5000    7.5000    0.000016248.6260   13.6806
   -7.5000   15.0000    0.000015922.0635   13.7416
    0.0000   15.0000    0.000016741.0879   13.6984
    7.5000   15.0000    0.000015891.0322   13.6900
   -7.5000   22.5000    0.000015524.8984   13.7453
    0.0000   22.5000    0.000016262.7148   13.7041
    7.5000   22.5000    0.000015513.4863   13.6981
   -7.5000   30.0000    0.000014949.5215   13.5717
    0.0000   30.0000    0.000015668.2158   13.5356
    7.5000   30.0000    0.000014970.0713   13.5319
   -7.5000   37.5000    0.000014692.7109   13.5584
    0.0000   37.5000    0.000015427.4395   13.5248
    7.5000   37.5000    0.000014698.2070   13.5213
   -7.5000   45.0000    0.000013830.1748   13.2293
    0.0000   45.0000    0.000014506.2002   13.1951
    7.5000   45.0000    0.000013741.3584   13.1900
   -7.5000  -45.0000    7.5000 8730.6387   14.3696
    0.0000  -45.0000    7.5000 9122.0166   14.3308
    7.5000  -45.0000    7.5000 8701.6973   14.3205
   -7.5000  -37.5000    7.5000 9577.4746   14.0508
    0.0000  -37.5000    7.500010014.6875   14.0084
    7.5000  -37.5000    7.5000 9543.2393   13.9963
   -7.5000  -30.0000    7.500010823.1445   13.8116
    0.0000  -30.0000    7.500011333.9062   13.7694
    7.5000  -30.0000    7.500010786.8779   13.7572
   -7.5000  -22.5000    7.500012164.2930   13.7596
    0.0000  -22.5000    7.500012753.3828   13.7211
    7.5000  -22.5000    7.500012154.1943   13.7139
   -7.5000  -15.0000    7.500013445.0117   13.7534
    0.0000  -15.0000    7.500014116.6543   13.7194
    7.5000  -15.0000    7.500013453.7861   13.7160
   -7.5000   -7.5000    7.500014607.9512   13.7478
    0.0000   -7.5000    7.500015304.9941   13.7151
    7.5000   -7.5000    7.500014657.4414   13.7103
   -7.5000    0.0000    7.500015807.2549   13.7466
    0.0000    0.0000    7.500016531.2676   13.7109
    7.5000    0.0000    7.500015873.6113   13.7024
   -7.5000    7.5000    7.500015899.0527   13.7523
    0.0000    7.5000    7.500016877.9766   13.7120
    7.5000    7.5000    7.500016015.8193   13.7001
   -7.5000   15.0000    7.500015700.6953   13.7590
    0.0000   15.0000    7.500016672.7969   13.7172
    7.5000   15.0000    7.500015857.0869   13.7052
   -7.5000   22.5000    7.500015351.6553   13.7525
    0.0000   22.5000    7.500016098.0537   13.7140
    7.5000   22.5000    7.500015449.6572   13.7068
   -7.5000   30.0000    7.500014818.5713   13.5754
    0.0000   30.0000    7.500015465.1680   13.5419
    7.5000   30.0000    7.500014803.8809   13.5385
   -7.5000   37.5000    7.500014568.1562   13.5699
    0.0000   37.5000    7.500015255.1152   13.5376
    7.5000   37.5000    7.500014472.5547   13.5329
   -7.5000   45.0000    7.500013630.0889   13.2501
    0.0000   45.0000    7.500014286.2412   13.2157
    7.5000   45.0000    7.500013461.0840   13.2075
   -7.5000  -45.0000   15.0000 8369.5762   14.3801
    0.0000  -45.0000   15.0000 8772.8613   14.3440
    7.5000  -45.0000   15.0000 8348.9141   14.3391
   -7.5000  -37.5000   15.0000 9207.9404   14.0669
    0.0000  -37.5000   15.0000 9658.8125   14.0279
    7.5000  -37.5000   15.0000 9208.7266   14.0189
   -7.5000  -30.0000   15.000010388.4941   13.8274
    0.0000  -30.0000   15.000010899.8818   13.7883
    7.5000  -30.0000   15.000010425.2393   13.7776
   -7.5000  -22.5000   15.000011662.3301   13.7682
    0.0000  -22.5000   15.000012213.2510   13.7327
    7.5000  -22.5000   15.000011738.3223   13.7281
   -7.5000  -15.0000   15.000012853.8975   13.7556
    0.0000  -15.0000   15.000013470.4189   13.7243
    7.5000  -15.0000   15.000012983.2109   13.7263
   -7.5000   -7.5000   15.000013999.3145   13.7515
    0.0000   -7.5000   15.000014622.3340   13.7210
    7.5000   -7.5000   15.000014152.2568   13.7222
   -7.5000    0.0000   15.000015209.0459   13.7564
    0.0000    0.0000   15.000015850.6904   13.7233
    7.5000    0.0000   15.000015320.4248   13.7197
   -7.5000    7.5000   15.000015329.0586   13.7678
    0.0000    7.5000   15.000016313.5420   13.7307
    7.5000    7.5000   15.000015447.4268   13.7219
   -7.5000   15.0000   15.000015245.7617   13.7747
    0.0000   15.0000   15.000016196.8584   13.7359
    7.5000   15.0000   15.000015250.8770   13.7254
   -7.5000   22.5000   15.000015000.0225   13.7611
    0.0000   22.5000   15.000015789.5977   13.7255
    7.5000   22.5000   15.000014870.5840   13.7210
   -7.5000   30.0000   15.000014419.0059   13.5776
    0.0000   30.0000   15.000015137.1611   13.5467
    7.5000   30.0000   15.000014229.6094   13.5486
   -7.5000   37.5000   15.000014061.6934   13.5735
    0.0000   37.5000   15.000014815.2656   13.5434
    7.5000   37.5000   15.000013880.3975   13.5446
   -7.5000   45.0000   15.000013042.0264   13.2596
    0.0000   45.0000   15.000013737.5713   13.2277
    7.5000   45.0000   15.000012882.6318   13.2242
   -7.5000  -45.0000   22.5000 7936.8853   14.3658
    0.0000  -45.0000   22.5000 8312.2109   14.3326
    7.5000  -45.0000   22.5000 7922.7402   14.3374
   -7.5000  -37.5000   22.5000 8727.7549   14.0569
    0.0000  -37.5000   22.5000 9156.8789   14.0213
    7.5000  -37.5000   22.5000 8758.8428   14.0202
   -7.5000  -30.0000   22.5000 9853.9521   13.8256
    0.0000  -30.0000   22.500010340.6035   13.7884
    7.5000  -30.0000   22.5000 9926.8301   13.7827
   -7.5000  -22.5000   22.500011061.7480   13.7711
    0.0000  -22.5000   22.500011608.9355   13.7356
    7.5000  -22.5000   22.500011177.9258   13.7346
   -7.5000  -15.0000   22.500012245.2090   13.7559
    0.0000  -15.0000   22.500012822.9990   13.7244
    7.5000  -15.0000   22.500012361.2783   13.7312
   -7.5000   -7.5000   22.500013424.6572   13.7437
    0.0000   -7.5000   22.500014013.0713   13.7141
    7.5000   -7.5000   22.500013508.5420   13.7226
   -7.5000    0.0000   22.500014613.3164   13.7432
    0.0000    0.0000   22.500015286.7285   13.7129
    7.5000    0.0000   22.500014660.1592   13.7179
   -7.5000    7.5000   22.500014702.9717   13.7581
    0.0000    7.5000   22.500015483.0645   13.7244
    7.5000    7.5000   22.500014689.7061   13.7230
   -7.5000   15.0000   22.500014515.8867   13.7729
    0.0000   15.0000   22.500015123.9355   13.7360
    7.5000   15.0000   22.500014338.3223   13.7304
   -7.5000   22.5000   22.500014227.1855   13.7640
    0.0000   22.5000   22.500014774.7314   13.7285
    7.5000   22.5000   22.500014009.5488   13.7276
   -7.5000   30.0000   22.500013644.5225   13.5779
    0.0000   30.0000   22.500014285.5137   13.5468
    7.5000   30.0000   22.500013509.6455   13.5535
   -7.5000   37.5000   22.500013302.2959   13.5658
    0.0000   37.5000   22.500014010.3984   13.5366
    7.5000   37.5000   22.500013266.7197   13.5450
   -7.5000   45.0000   22.500012320.7207   13.2469
    0.0000   45.0000   22.500012979.1426   13.2176
    7.5000   45.0000   22.500012297.1055   13.2225
   -7.5000  -45.0000   30.0000 7391.0610   14.3519
    0.0000  -45.0000   30.0000 7730.8208   14.3182
    7.5000  -45.0000   30.0000 7399.0620   14.3264
   -7.5000  -37.5000   30.0000 8158.9678   14.0406
    0.0000  -37.5000   30.0000 8556.2383   14.0054
    7.5000  -37.5000   30.0000 8194.3848   14.0084
   -7.5000  -30.0000   30.0000 9253.9180   13.8157
    0.0000  -30.0000   30.0000 9717.7559   13.7781
    7.5000  -30.0000   30.0000 9304.0791   13.7760
   -7.5000  -22.5000   30.000010418.3975   13.7719
    0.0000  -22.5000   30.000010942.0029   13.7341
    7.5000  -22.5000   30.000010451.5635   13.7346
   -7.5000  -15.0000   30.000011538.8750   13.7608
    0.0000  -15.0000   30.000012078.8291   13.7264
    7.5000  -15.0000   30.000011530.3135   13.7329
   -7.5000   -7.5000   30.000012625.7881   13.7407
    0.0000   -7.5000   30.000013184.2588   13.7094
    7.5000   -7.5000   30.000012593.3340   13.7188
   -7.5000    0.0000   30.000013647.5840   13.7301
    0.0000    0.0000   30.000014307.5508   13.6995
    7.5000    0.0000   30.000013666.8555   13.7074
   -7.5000    7.5000   30.000013639.6826   13.7422
    0.0000    7.5000   30.000014296.3848   13.7089
    7.5000    7.5000   30.000013639.4082   13.7115
   -7.5000   15.0000   30.000013412.0703   13.7631
    0.0000   15.0000   30.000013920.5264   13.7258
    7.5000   15.0000   30.000013313.7783   13.7238
   -7.5000   22.5000   30.000013101.5107   13.7648
    0.0000   22.5000   30.000013602.6631   13.7270
    7.5000   22.5000   30.000013013.6719   13.7276
   -7.5000   30.0000   30.000012613.9336   13.5827
    0.0000   30.0000   30.000013143.6416   13.5487
    7.5000   30.0000   30.000012561.4141   13.5552
   -7.5000   37.5000   30.000012369.3770   13.5628
    0.0000   37.5000   30.000012934.9072   13.5320
    7.5000   37.5000   30.000012371.4736   13.5413
   -7.5000   45.0000   30.000011509.6426   13.2342
    0.0000   45.0000   30.000012027.2842   13.2047
    7.5000   45.0000   30.000011516.9893   13.2124
   -7.5000  -45.0000   37.5000 7089.6182   14.4996
    0.0000  -45.0000   37.5000 7426.0801   14.4617
    7.5000  -45.0000   37.5000 7089.4243   14.4634
   -7.5000  -37.5000   37.5000 7853.4077   14.1754
    0.0000  -37.5000   37.5000 8260.2949   14.1352
    7.5000  -37.5000   37.5000 7866.1831   14.1343
   -7.5000  -30.0000   37.5000 8922.6904   13.9446
    0.0000  -30.0000   37.5000 9389.0410   13.9022
    7.5000  -30.0000   37.5000 8928.9883   13.8982
   -7.5000  -22.5000   37.500010039.4395   13.9059
    0.0000  -22.5000   37.500010545.8350   13.8640
    7.5000  -22.5000   37.500010021.0283   13.8617
   -7.5000  -15.0000   37.500011083.2842   13.9010
    0.0000  -15.0000   37.500011613.6709   13.8630
    7.5000  -15.0000   37.500011044.5127   13.8641
   -7.5000   -7.5000   37.500012092.8926   13.8806
    0.0000   -7.5000   37.500012659.1172   13.8460
    7.5000   -7.5000   37.500012060.9434   13.8490
   -7.5000    0.0000   37.500013052.8818   13.8650
    0.0000    0.0000   37.500013712.3320   13.8305
    7.5000    0.0000   37.500013092.9492   13.8326
   -7.5000    7.5000   37.500013029.3721   13.8713
    0.0000    7.5000   37.500013618.7012   13.8332
    7.5000    7.5000   37.500013034.5615   13.8320
   -7.5000   15.0000   37.500012783.8984   13.8910
    0.0000   15.0000   37.500013285.3047   13.8490
    7.5000   15.0000   37.500012741.6230   13.8451
   -7.5000   22.5000   37.500012494.3584   13.8987
    0.0000   22.5000   37.500012980.9863   13.8569
    7.5000   22.5000   37.500012457.3789   13.8545
   -7.5000   30.0000   37.500012075.7998   13.7211
    0.0000   30.0000   37.500012554.6768   13.6836
    7.5000   30.0000   37.500012035.6143   13.6847
   -7.5000   37.5000   37.500011884.8398   13.7010
    0.0000   37.5000   37.500012359.9424   13.6668
    7.5000   37.5000   37.500011856.3428   13.6698
   -7.5000   45.0000   37.500011100.7930   13.3642
    0.0000   45.0000   37.500011550.4678   13.3310
    7.5000   45.0000   37.500011068.5088   13.3331
   -7.5000  -45.0000   45.0000 6426.2720   14.6619
    0.0000  -45.0000   45.0000 6737.2471   14.6200
    7.5000  -45.0000   45.0000 6431.4092   14.6128
   -7.5000  -37.5000   45.0000 7145.4292   14.3261
    0.0000  -37.5000   45.0000 7507.2632   14.2804
    7.5000  -37.5000   45.0000 7152.7827   14.2720
   -7.5000  -30.0000   45.0000 8122.6670   14.0830
    0.0000  -30.0000   45.0000 8535.1426   14.0362
    7.5000  -30.0000   45.0000 8139.6797   14.0272
   -7.5000  -22.5000   45.0000 9118.3125   14.0396
    0.0000  -22.5000   45.0000 9588.2334   13.9951
    7.5000  -22.5000   45.0000 9121.7705   13.9889
   -7.5000  -15.0000   45.000010057.8477   14.0361
    0.0000  -15.0000   45.000010561.3174   13.9964
    7.5000  -15.0000   45.000010055.1475   13.9926
   -7.5000   -7.5000   45.000011000.4453   14.0212
    0.0000   -7.5000   45.000011550.1924   13.9844
    7.5000   -7.5000   45.000010999.3008   13.9805
   -7.5000    0.0000   45.000011896.9648   14.0094
    0.0000    0.0000   45.000012507.1094   13.9710
    7.5000    0.0000   45.000011929.0830   13.9652
   -7.5000    7.5000   45.000011883.6299   14.0137
    0.0000    7.5000   45.000012419.3486   13.9703
    7.5000    7.5000   45.000011886.7393   13.9620
   -7.5000   15.0000   45.000011642.5898   14.0281
    0.0000   15.0000   45.000012127.5859   13.9816
    7.5000   15.0000   45.000011627.3721   13.9727
   -7.5000   22.5000   45.000011343.5732   14.0322
    0.0000   22.5000   45.000011793.0693   13.9878
    7.5000   22.5000   45.000011324.9658   13.9816
   -7.5000   30.0000   45.000010974.9160   13.8533
    0.0000   30.0000   45.000011407.8252   13.8141
    7.5000   30.0000   45.000010943.0596   13.8103
   -7.5000   37.5000   45.000010851.1426   13.8385
    0.0000   37.5000   45.000011270.8193   13.8023
    7.5000   37.5000   45.000010806.3525   13.7984
   -7.5000   45.0000   45.000010151.1875   13.5095
    0.0000   45.0000   45.000010566.3555   13.4726
    7.5000   45.0000   45.000010115.0537   13.4669

---------------------------------------------------------------------
imgreg_4dfp /opt/freesurfer/average/711-2C_as_mni_average_305 /opt/freesurfer/average/711-2B_as_mni_average_305_mask talsrcimg_g11 none talsrcimg_to_711-2C_as_mni_average_305_t4 4355
---------------------------------------------------------------------

freesurfer imgreg_4dfp.c
/opt/freesurfer/average/711-2C_as_mni_average_305.4dfp.img
       256       256       256         1
  1.000000  1.000000  1.000000
orientation T byte_order littleendian
Reading image: /opt/freesurfer/average/711-2C_as_mni_average_305.4dfp.img
dimensions:      256       256       256
mmppix:       1.0000   -1.0000   -1.0000
center:     128.0000 -129.0000 -129.0000
/opt/freesurfer/average/711-2B_as_mni_average_305_mask.4dfp.img
       256       256       256         1
  1.000000  1.000000  1.000000
orientation T byte_order littleendian
Reading mask: /opt/freesurfer/average/711-2B_as_mni_average_305_mask.4dfp.img (2306576 pixels)
talsrcimg_g11.4dfp.img
       256       256       256         1
  1.000000  1.000000  1.000000
orientation T byte_order littleendian
Reading image: talsrcimg_g11.4dfp.img
dimensions:      256       256       256
mmppix:       1.0000   -1.0000   -1.0000
center:     128.0000 -129.0000 -129.0000
rotation matrix determinant  1.000000
image alignment mode   4355 decimal     1103 hex
   -7.5000  -37.5000  -45.0000 1908.5190   18.2044
    0.0000  -37.5000  -45.0000 1902.1516   18.0439
    7.5000  -37.5000  -45.0000 1888.5005   18.1953
   -7.5000  -30.0000  -45.0000 2010.5660   16.2829
    0.0000  -30.0000  -45.0000 2006.3248   16.1822
    7.5000  -30.0000  -45.0000 1986.8708   16.2591
   -7.5000  -22.5000  -45.0000 2111.2222   14.7109
    0.0000  -22.5000  -45.0000 2104.6008   14.6716
    7.5000  -22.5000  -45.0000 2085.3147   14.6969
   -7.5000  -15.0000  -45.0000 2195.9094   13.4872
    0.0000  -15.0000  -45.0000 2193.4788   13.5013
    7.5000  -15.0000  -45.0000 2174.7473   13.5221
   -7.5000   -7.5000  -45.0000 2260.4209   12.6444
    0.0000   -7.5000  -45.0000 2257.2576   12.6513
    7.5000   -7.5000  -45.0000 2243.5469   12.6501
   -7.5000    0.0000  -45.0000 2291.6321   12.0913
    0.0000    0.0000  -45.0000 2293.2109   12.0940
    7.5000    0.0000  -45.0000 2276.0156   12.1242
   -7.5000    7.5000  -45.0000 2320.1165   11.7800
    0.0000    7.5000  -45.0000 2322.6223   11.7996
    7.5000    7.5000  -45.0000 2301.7366   11.8547
   -7.5000   15.0000  -45.0000 2323.2251   11.7828
    0.0000   15.0000  -45.0000 2327.3977   11.7820
    7.5000   15.0000  -45.0000 2306.9285   11.8752
   -7.5000   22.5000  -45.0000 2312.6338   11.9815
    0.0000   22.5000  -45.0000 2323.6316   11.9880
    7.5000   22.5000  -45.0000 2297.8906   12.0845
   -7.5000   30.0000  -45.0000 2290.2375   12.3503
    0.0000   30.0000  -45.0000 2300.9070   12.3731
    7.5000   30.0000  -45.0000 2278.0374   12.4588
   -7.5000   37.5000  -45.0000 2249.3706   12.9159
    0.0000   37.5000  -45.0000 2260.8337   12.9145
    7.5000   37.5000  -45.0000 2237.3525   13.0023
   -7.5000   45.0000  -45.0000 2193.5593   13.6570
    0.0000   45.0000  -45.0000 2199.7383   13.6645
    7.5000   45.0000  -45.0000 2180.5713   13.7377
   -7.5000   52.5000  -45.0000 2100.1006   14.6345
    0.0000   52.5000  -45.0000 2102.6550   14.6336
    7.5000   52.5000  -45.0000 2083.9504   14.6997
   -7.5000  -37.5000  -37.5000 1966.5796   17.0299
    0.0000  -37.5000  -37.5000 1964.5269   16.9419
    7.5000  -37.5000  -37.5000 1948.8658   17.0042
   -7.5000  -30.0000  -37.5000 2079.5049   15.2235
    0.0000  -30.0000  -37.5000 2076.6013   15.1798
    7.5000  -30.0000  -37.5000 2060.4172   15.1839
   -7.5000  -22.5000  -37.5000 2187.8223   13.7679
    0.0000  -22.5000  -37.5000 2188.1038   13.7696
    7.5000  -22.5000  -37.5000 2166.9714   13.7362
   -7.5000  -15.0000  -37.5000 2283.8096   12.5860
    0.0000  -15.0000  -37.5000 2284.6125   12.6041
    7.5000  -15.0000  -37.5000 2264.4170   12.5879
   -7.5000   -7.5000  -37.5000 2357.3528   11.7442
    0.0000   -7.5000  -37.5000 2356.3191   11.7555
    7.5000   -7.5000  -37.5000 2338.7085   11.7556
   -7.5000    0.0000  -37.5000 2392.7852   11.1948
    0.0000    0.0000  -37.5000 2396.5090   11.1962
    7.5000    0.0000  -37.5000 2373.3181   11.2210
   -7.5000    7.5000  -37.5000 2416.7065   10.8839
    0.0000    7.5000  -37.5000 2422.1887   10.8883
    7.5000    7.5000  -37.5000 2399.5623   10.9399
   -7.5000   15.0000  -37.5000 2422.6929   10.8053
    0.0000   15.0000  -37.5000 2429.8533   10.7961
    7.5000   15.0000  -37.5000 2407.3401   10.8811
   -7.5000   22.5000  -37.5000 2422.5061   10.9532
    0.0000   22.5000  -37.5000 2433.2314   10.9279
    7.5000   22.5000  -37.5000 2407.7661   11.0409
   -7.5000   30.0000  -37.5000 2398.6777   11.2954
    0.0000   30.0000  -37.5000 2409.4380   11.2777
    7.5000   30.0000  -37.5000 2387.9583   11.3954
   -7.5000   37.5000  -37.5000 2357.7568   11.8254
    0.0000   37.5000  -37.5000 2370.7800   11.8079
    7.5000   37.5000  -37.5000 2345.1570   11.9122
   -7.5000   45.0000  -37.5000 2294.8176   12.5484
    0.0000   45.0000  -37.5000 2303.6694   12.5463
    7.5000   45.0000  -37.5000 2282.3833   12.6414
   -7.5000   52.5000  -37.5000 2192.0415   13.4660
    0.0000   52.5000  -37.5000 2199.6016   13.4588
    7.5000   52.5000  -37.5000 2178.5559   13.5240
   -7.5000  -37.5000  -30.0000 2056.4673   16.5211
    0.0000  -37.5000  -30.0000 2057.4634   16.5012
    7.5000  -37.5000  -30.0000 2043.7925   16.5692
   -7.5000  -30.0000  -30.0000 2183.1631   14.7440
    0.0000  -30.0000  -30.0000 2182.8892   14.7404
    7.5000  -30.0000  -30.0000 2166.6755   14.7510
   -7.5000  -22.5000  -30.0000 2309.7092   13.3147
    0.0000  -22.5000  -30.0000 2312.7151   13.3499
    7.5000  -22.5000  -30.0000 2290.4524   13.3246
   -7.5000  -15.0000  -30.0000 2412.4033   12.1975
    0.0000  -15.0000  -30.0000 2415.3188   12.1996
    7.5000  -15.0000  -30.0000 2392.4578   12.1920
   -7.5000   -7.5000  -30.0000 2494.4785   11.3391
    0.0000   -7.5000  -30.0000 2500.6426   11.3164
    7.5000   -7.5000  -30.0000 2472.0093   11.3401
   -7.5000    0.0000  -30.0000 2536.0437   10.7568
    0.0000    0.0000  -30.0000 2544.2288   10.7213
    7.5000    0.0000  -30.0000 2518.3821   10.7666
   -7.5000    7.5000  -30.0000 2563.0962   10.4578
    0.0000    7.5000  -30.0000 2572.3616   10.4101
    7.5000    7.5000  -30.0000 2548.1875   10.4917
   -7.5000   15.0000  -30.0000 2572.2476   10.3281
    0.0000   15.0000  -30.0000 2582.8909   10.2860
    7.5000   15.0000  -30.0000 2564.9919   10.4037
   -7.5000   22.5000  -30.0000 2576.5803   10.4500
    0.0000   22.5000  -30.0000 2582.6858   10.3910
    7.5000   22.5000  -30.0000 2568.3037   10.5327
   -7.5000   30.0000  -30.0000 2552.3398   10.7525
    0.0000   30.0000  -30.0000 2560.6575   10.7003
    7.5000   30.0000  -30.0000 2540.6880   10.8482
   -7.5000   37.5000  -30.0000 2509.3413   11.2677
    0.0000   37.5000  -30.0000 2519.8027   11.2261
    7.5000   37.5000  -30.0000 2497.5845   11.3620
   -7.5000   45.0000  -30.0000 2441.4919   11.9823
    0.0000   45.0000  -30.0000 2453.5818   11.9533
    7.5000   45.0000  -30.0000 2428.6516   12.0566
   -7.5000   52.5000  -30.0000 2327.2444   12.8423
    0.0000   52.5000  -30.0000 2340.5359   12.8248
    7.5000   52.5000  -30.0000 2318.4353   12.9123
   -7.5000  -37.5000  -22.5000 2127.8162   15.9371
    0.0000  -37.5000  -22.5000 2128.2585   15.9293
    7.5000  -37.5000  -22.5000 2115.4375   16.0119
   -7.5000  -30.0000  -22.5000 2269.7737   14.2069
    0.0000  -30.0000  -22.5000 2271.0693   14.2083
    7.5000  -30.0000  -22.5000 2250.2654   14.2708
   -7.5000  -22.5000  -22.5000 2399.1379   12.8211
    0.0000  -22.5000  -22.5000 2406.5232   12.8328
    7.5000  -22.5000  -22.5000 2380.7026   12.8857
   -7.5000  -15.0000  -22.5000 2510.6301   11.7011
    0.0000  -15.0000  -22.5000 2517.5181   11.6987
    7.5000  -15.0000  -22.5000 2488.8601   11.7383
   -7.5000   -7.5000  -22.5000 2596.0049   10.8534
    0.0000   -7.5000  -22.5000 2608.2397   10.8176
    7.5000   -7.5000  -22.5000 2575.7422   10.8464
   -7.5000    0.0000  -22.5000 2654.0476   10.2694
    0.0000    0.0000  -22.5000 2663.1646   10.2101
    7.5000    0.0000  -22.5000 2638.1211   10.2516
   -7.5000    7.5000  -22.5000 2684.2612    9.9438
    0.0000    7.5000  -22.5000 2694.6030    9.8690
    7.5000    7.5000  -22.5000 2674.0115    9.9431
   -7.5000   15.0000  -22.5000 2698.8413    9.7940
    0.0000   15.0000  -22.5000 2709.5073    9.7237
    7.5000   15.0000  -22.5000 2692.5415    9.8238
   -7.5000   22.5000  -22.5000 2698.0300    9.8875
    0.0000   22.5000  -22.5000 2707.0977    9.8293
    7.5000   22.5000  -22.5000 2693.4531    9.9622
   -7.5000   30.0000  -22.5000 2677.7842   10.1832
    0.0000   30.0000  -22.5000 2689.2136   10.1176
    7.5000   30.0000  -22.5000 2669.0605   10.2664
   -7.5000   37.5000  -22.5000 2633.7600   10.6675
    0.0000   37.5000  -22.5000 2650.2556   10.5922
    7.5000   37.5000  -22.5000 2626.7983   10.7427
   -7.5000   45.0000  -22.5000 2557.5603   11.3421
    0.0000   45.0000  -22.5000 2574.2017   11.2735
    7.5000   45.0000  -22.5000 2554.6257   11.4186
   -7.5000   52.5000  -22.5000 2436.3428   12.1672
    0.0000   52.5000  -22.5000 2452.7168   12.0892
    7.5000   52.5000  -22.5000 2436.5264   12.2446
   -7.5000  -37.5000  -15.0000 2174.8691   15.4033
    0.0000  -37.5000  -15.0000 2178.4434   15.4214
    7.5000  -37.5000  -15.0000 2160.4946   15.5144
   -7.5000  -30.0000  -15.0000 2318.5046   13.7086
    0.0000  -30.0000  -15.0000 2325.3015   13.7222
    7.5000  -30.0000  -15.0000 2301.0107   13.7842
   -7.5000  -22.5000  -15.0000 2454.1973   12.3254
    0.0000  -22.5000  -15.0000 2464.0149   12.3363
    7.5000  -22.5000  -15.0000 2431.0437   12.4079
   -7.5000  -15.0000  -15.0000 2568.5771   11.2236
    0.0000  -15.0000  -15.0000 2577.7561   11.2070
    7.5000  -15.0000  -15.0000 2548.6028   11.2835
   -7.5000   -7.5000  -15.0000 2659.1033   10.3745
    0.0000   -7.5000  -15.0000 2672.8311   10.3076
    7.5000   -7.5000  -15.0000 2643.3228   10.3971
   -7.5000    0.0000  -15.0000 2729.4412    9.7750
    0.0000    0.0000  -15.0000 2741.9548    9.6977
    7.5000    0.0000  -15.0000 2717.7434    9.7834
   -7.5000    7.5000  -15.0000 2768.0710    9.4242
    0.0000    7.5000  -15.0000 2782.9504    9.3345
    7.5000    7.5000  -15.0000 2760.3276    9.4126
   -7.5000   15.0000  -15.0000 2795.5332    9.2316
    0.0000   15.0000  -15.0000 2808.0945    9.1476
    7.5000   15.0000  -15.0000 2781.0510    9.2472
   -7.5000   22.5000  -15.0000 2794.5188    9.3251
    0.0000   22.5000  -15.0000 2809.4812    9.2609
    7.5000   22.5000  -15.0000 2787.1506    9.3852
   -7.5000   30.0000  -15.0000 2771.5286    9.6381
    0.0000   30.0000  -15.0000 2791.1289    9.5518
    7.5000   30.0000  -15.0000 2771.5789    9.6995
   -7.5000   37.5000  -15.0000 2728.4202   10.1009
    0.0000   37.5000  -15.0000 2746.2158    9.9988
    7.5000   37.5000  -15.0000 2729.5232   10.1594
   -7.5000   45.0000  -15.0000 2650.9404   10.7451
    0.0000   45.0000  -15.0000 2664.3523   10.6275
    7.5000   45.0000  -15.0000 2650.7017   10.7963
   -7.5000   52.5000  -15.0000 2523.2371   11.5350
    0.0000   52.5000  -15.0000 2534.6326   11.4113
    7.5000   52.5000  -15.0000 2522.2651   11.5817
   -7.5000  -37.5000   -7.5000 2202.0464   14.9695
    0.0000  -37.5000   -7.5000 2206.9653   14.9765
    7.5000  -37.5000   -7.5000 2186.5315   15.1231
   -7.5000  -30.0000   -7.5000 2343.8184   13.2571
    0.0000  -30.0000   -7.5000 2348.9587   13.2413
    7.5000  -30.0000   -7.5000 2322.3809   13.3660
   -7.5000  -22.5000   -7.5000 2480.6936   11.8850
    0.0000  -22.5000   -7.5000 2486.7615   11.8606
    7.5000  -22.5000   -7.5000 2456.1423   11.9756
   -7.5000  -15.0000   -7.5000 2599.6074   10.7909
    0.0000  -15.0000   -7.5000 2607.6611   10.7466
    7.5000  -15.0000   -7.5000 2577.5403   10.8670
   -7.5000   -7.5000   -7.5000 2697.1990    9.9220
    0.0000   -7.5000   -7.5000 2708.8381    9.8719
    7.5000   -7.5000   -7.5000 2680.2473    9.9868
   -7.5000    0.0000   -7.5000 2775.0120    9.3192
    0.0000    0.0000   -7.5000 2788.8071    9.2558
    7.5000    0.0000   -7.5000 2762.8691    9.3801
   -7.5000    7.5000   -7.5000 2827.4189    8.9377
    0.0000    7.5000   -7.5000 2846.8259    8.8681
    7.5000    7.5000   -7.5000 2817.4026    8.9632
   -7.5000   15.0000   -7.5000 2864.8682    8.7027
    0.0000   15.0000   -7.5000 2883.7053    8.6152
    7.5000   15.0000   -7.5000 2849.6125    8.7493
   -7.5000   22.5000   -7.5000 2873.9331    8.7981
    0.0000   22.5000   -7.5000 2892.0115    8.7060
    7.5000   22.5000   -7.5000 2868.9360    8.8627
   -7.5000   30.0000   -7.5000 2850.0784    9.1341
    0.0000   30.0000   -7.5000 2870.7290    9.0330
    7.5000   30.0000   -7.5000 2853.3137    9.1924
   -7.5000   37.5000   -7.5000 2803.9512    9.6002
    0.0000   37.5000   -7.5000 2821.2349    9.4859
    7.5000   37.5000   -7.5000 2804.4951    9.6479
   -7.5000   45.0000   -7.5000 2716.0164   10.2336
    0.0000   45.0000   -7.5000 2726.8484   10.0840
    7.5000   45.0000   -7.5000 2717.8652   10.2724
   -7.5000   52.5000   -7.5000 2587.5500   10.9798
    0.0000   52.5000   -7.5000 2596.6128   10.8407
    7.5000   52.5000   -7.5000 2584.8176   11.0145
   -7.5000  -37.5000    0.0000 2209.3896   14.7451
    0.0000  -37.5000    0.0000 2218.6553   14.7349
    7.5000  -37.5000    0.0000 2193.4390   14.9097
   -7.5000  -30.0000    0.0000 2350.3926   13.0032
    0.0000  -30.0000    0.0000 2357.6719   12.9292
    7.5000  -30.0000    0.0000 2329.0105   13.1319
   -7.5000  -22.5000    0.0000 2485.5708   11.6202
    0.0000  -22.5000    0.0000 2492.6489   11.5438
    7.5000  -22.5000    0.0000 2466.4385   11.7370
   -7.5000  -15.0000    0.0000 2604.9070   10.5181
    0.0000  -15.0000    0.0000 2613.3059   10.4566
    7.5000  -15.0000    0.0000 2586.6462   10.6271
   -7.5000   -7.5000    0.0000 2707.0312    9.6555
    0.0000   -7.5000    0.0000 2718.1069    9.5758
    7.5000   -7.5000    0.0000 2694.6055    9.7328
   -7.5000    0.0000    0.0000 2797.5496    9.0446
    0.0000    0.0000    0.0000 2809.8840    8.9546
    7.5000    0.0000    0.0000 2786.7058    9.1112
   -7.5000    7.5000    0.0000 2862.4761    8.6513
    0.0000    7.5000    0.0000 2880.7705    8.5853
    7.5000    7.5000    0.0000 2857.0210    8.6948
   -7.5000   15.0000    0.0000 2908.3806    8.3994
    0.0000   15.0000    0.0000 2932.0222    8.3041
    7.5000   15.0000    0.0000 2903.2217    8.4728
   -7.5000   22.5000    0.0000 2926.7781    8.4464
    0.0000   22.5000    0.0000 2948.4707    8.3034
    7.5000   22.5000    0.0000 2923.1565    8.5372
   -7.5000   30.0000    0.0000 2907.4668    8.7956
    0.0000   30.0000    0.0000 2922.5525    8.6520
    7.5000   30.0000    0.0000 2910.7947    8.8670
   -7.5000   37.5000    0.0000 2858.0198    9.2930
    0.0000   37.5000    0.0000 2870.0916    9.1384
    7.5000   37.5000    0.0000 2861.8831    9.3243
   -7.5000   45.0000    0.0000 2768.6328    9.9037
    0.0000   45.0000    0.0000 2780.2751    9.7274
    7.5000   45.0000    0.0000 2769.4944    9.9093
   -7.5000   52.5000    0.0000 2629.8701   10.6515
    0.0000   52.5000    0.0000 2637.9026   10.4795
    7.5000   52.5000    0.0000 2627.9495   10.6502
   -7.5000  -37.5000    7.5000 2205.5286   14.6868
    0.0000  -37.5000    7.5000 2212.8862   14.5965
    7.5000  -37.5000    7.5000 2194.4270   14.8315
   -7.5000  -30.0000    7.5000 2340.6692   12.9342
    0.0000  -30.0000    7.5000 2349.5750   12.8288
    7.5000  -30.0000    7.5000 2327.2759   13.0469
   -7.5000  -22.5000    7.5000 2472.9009   11.5280
    0.0000  -22.5000    7.5000 2482.1848   11.4387
    7.5000  -22.5000    7.5000 2462.6218   11.6354
   -7.5000  -15.0000    7.5000 2594.5444   10.4144
    0.0000  -15.0000    7.5000 2603.5391   10.3212
    7.5000  -15.0000    7.5000 2583.3584   10.5211
   -7.5000   -7.5000    7.5000 2701.3330    9.5311
    0.0000   -7.5000    7.5000 2710.8562    9.4341
    7.5000   -7.5000    7.5000 2697.0493    9.6259
   -7.5000    0.0000    7.5000 2799.3555    8.8975
    0.0000    0.0000    7.5000 2810.0735    8.7839
    7.5000    0.0000    7.5000 2797.6763    8.9847
   -7.5000    7.5000    7.5000 2875.6206    8.5359
    0.0000    7.5000    7.5000 2890.8276    8.4350
    7.5000    7.5000    7.5000 2882.7620    8.5922
   -7.5000   15.0000    7.5000 2933.8240    8.3745
    0.0000   15.0000    7.5000 2956.6934    8.3037
    7.5000   15.0000    7.5000 2941.1687    8.4292
   -7.5000   22.5000    7.5000 2962.3374    8.4095
    0.0000   22.5000    7.5000 2984.4424    8.2766
    7.5000   22.5000    7.5000 2966.3523    8.4679
   -7.5000   30.0000    7.5000 2948.2007    8.6927
    0.0000   30.0000    7.5000 2965.5503    8.5324
    7.5000   30.0000    7.5000 2949.8091    8.7189
   -7.5000   37.5000    7.5000 2886.5242    9.1428
    0.0000   37.5000    7.5000 2908.4819    8.9770
    7.5000   37.5000    7.5000 2891.2510    9.1162
   -7.5000   45.0000    7.5000 2792.3032    9.7400
    0.0000   45.0000    7.5000 2809.6191    9.5847
    7.5000   45.0000    7.5000 2793.5229    9.6913
   -7.5000   52.5000    7.5000 2648.8262   10.4860
    0.0000   52.5000    7.5000 2665.0227   10.3493
    7.5000   52.5000    7.5000 2651.8274   10.4412
   -7.5000  -37.5000   15.0000 2182.7261   14.8329
    0.0000  -37.5000   15.0000 2193.4631   14.7383
    7.5000  -37.5000   15.0000 2177.1309   15.0084
   -7.5000  -30.0000   15.0000 2314.2642   13.0229
    0.0000  -30.0000   15.0000 2325.5183   12.9006
    7.5000  -30.0000   15.0000 2309.6870   13.1792
   -7.5000  -22.5000   15.0000 2442.9402   11.5692
    0.0000  -22.5000   15.0000 2452.0942   11.4322
    7.5000  -22.5000   15.0000 2444.4883   11.7291
   -7.5000  -15.0000   15.0000 2558.6545   10.4578
    0.0000  -15.0000   15.0000 2567.5293   10.2869
    7.5000  -15.0000   15.0000 2562.5623   10.5887
   -7.5000   -7.5000   15.0000 2671.5852    9.5916
    0.0000   -7.5000   15.0000 2680.6736    9.4255
    7.5000   -7.5000   15.0000 2682.0159    9.7017
   -7.5000    0.0000   15.0000 2778.6016    8.9975
    0.0000    0.0000   15.0000 2785.5417    8.8305
    7.5000    0.0000   15.0000 2785.8711    9.0757
   -7.5000    7.5000   15.0000 2871.7302    8.6762
    0.0000    7.5000   15.0000 2884.1489    8.5367
    7.5000    7.5000   15.0000 2881.0620    8.7089
   -7.5000   15.0000   15.0000 2943.2354    8.5130
    0.0000   15.0000   15.0000 2971.1074    8.4492
    7.5000   15.0000   15.0000 2947.4658    8.5076
   -7.5000   22.5000   15.0000 2971.3499    8.5282
    0.0000   22.5000   15.0000 3004.2610    8.4156
    7.5000   22.5000   15.0000 2973.1714    8.4889
   -7.5000   30.0000   15.0000 2944.0452    8.7646
    0.0000   30.0000   15.0000 2981.6841    8.6108
    7.5000   30.0000   15.0000 2948.5730    8.6880
   -7.5000   37.5000   15.0000 2879.7698    9.1248
    0.0000   37.5000   15.0000 2915.7886    8.9931
    7.5000   37.5000   15.0000 2890.8357    9.0668
   -7.5000   45.0000   15.0000 2784.4624    9.7019
    0.0000   45.0000   15.0000 2806.6230    9.5846
    7.5000   45.0000   15.0000 2787.8801    9.6556
   -7.5000   52.5000   15.0000 2642.0554   10.4607
    0.0000   52.5000   15.0000 2657.7173   10.3400
    7.5000   52.5000   15.0000 2648.6140   10.4116
   -7.5000  -37.5000   22.5000 2156.5522   15.1909
    0.0000  -37.5000   22.5000 2166.0308   15.0338
    7.5000  -37.5000   22.5000 2151.3657   15.3853
   -7.5000  -30.0000   22.5000 2282.7852   13.3225
    0.0000  -30.0000   22.5000 2292.9080   13.1324
    7.5000  -30.0000   22.5000 2286.3650   13.4893
   -7.5000  -22.5000   22.5000 2402.9021   11.9003
    0.0000  -22.5000   22.5000 2414.9629   11.6740
    7.5000  -22.5000   22.5000 2414.4790   12.0392
   -7.5000  -15.0000   22.5000 2522.1428   10.7990
    0.0000  -15.0000   22.5000 2527.9058   10.5810
    7.5000  -15.0000   22.5000 2531.5112   10.9091
   -7.5000   -7.5000   22.5000 2644.4226    9.9586
    0.0000   -7.5000   22.5000 2651.3816    9.7578
    7.5000   -7.5000   22.5000 2651.9209   10.0214
   -7.5000    0.0000   22.5000 2758.2251    9.3549
    0.0000    0.0000   22.5000 2760.1936    9.1496
    7.5000    0.0000   22.5000 2758.8726    9.3712
   -7.5000    7.5000   22.5000 2856.0735    8.9894
    0.0000    7.5000   22.5000 2867.1372    8.8311
    7.5000    7.5000   22.5000 2858.5105    8.9578
   -7.5000   15.0000   22.5000 2926.2603    8.7530
    0.0000   15.0000   22.5000 2949.3223    8.5920
    7.5000   15.0000   22.5000 2921.0896    8.6965
   -7.5000   22.5000   22.5000 2961.4338    8.7464
    0.0000   22.5000   22.5000 2986.4287    8.5287
    7.5000   22.5000   22.5000 2956.9060    8.6622
   -7.5000   30.0000   22.5000 2929.2954    8.9487
    0.0000   30.0000   22.5000 2963.7666    8.7734
    7.5000   30.0000   22.5000 2935.5437    8.8742
   -7.5000   37.5000   22.5000 2856.7666    9.3200
    0.0000   37.5000   22.5000 2888.8047    9.1797
    7.5000   37.5000   22.5000 2870.6072    9.2716
   -7.5000   45.0000   22.5000 2755.5320    9.8993
    0.0000   45.0000   22.5000 2776.4995    9.7894
    7.5000   45.0000   22.5000 2760.0735    9.8873
   -7.5000   52.5000   22.5000 2613.8601   10.6476
    0.0000   52.5000   22.5000 2627.7488   10.5347
    7.5000   52.5000   22.5000 2615.1948   10.6289
   -7.5000  -37.5000   30.0000 2114.2986   15.8695
    0.0000  -37.5000   30.0000 2123.0823   15.6412
    7.5000  -37.5000   30.0000 2112.6331   16.0168
   -7.5000  -30.0000   30.0000 2246.4666   13.9397
    0.0000  -30.0000   30.0000 2256.4468   13.7097
    7.5000  -30.0000   30.0000 2249.8159   14.0542
   -7.5000  -22.5000   30.0000 2370.9609   12.5018
    0.0000  -22.5000   30.0000 2383.2290   12.2835
    7.5000  -22.5000   30.0000 2373.9275   12.5735
   -7.5000  -15.0000   30.0000 2489.9143   11.3636
    0.0000  -15.0000   30.0000 2500.5132   11.1489
    7.5000  -15.0000   30.0000 2489.8992   11.4102
   -7.5000   -7.5000   30.0000 2606.7380   10.4790
    0.0000   -7.5000   30.0000 2619.6697   10.2476
    7.5000   -7.5000   30.0000 2608.9097   10.4939
   -7.5000    0.0000   30.0000 2710.1128    9.7995
    0.0000    0.0000   30.0000 2723.3623    9.5802
    7.5000    0.0000   30.0000 2716.2847    9.7853
   -7.5000    7.5000   30.0000 2806.4614    9.3684
    0.0000    7.5000   30.0000 2824.9470    9.2009
    7.5000    7.5000   30.0000 2816.8569    9.3450
   -7.5000   15.0000   30.0000 2874.1572    9.1103
    0.0000   15.0000   30.0000 2897.5559    8.8852
    7.5000   15.0000   30.0000 2876.8936    9.0434
   -7.5000   22.5000   30.0000 2909.8152    9.0840
    0.0000   22.5000   30.0000 2930.3057    8.8631
    7.5000   22.5000   30.0000 2911.9485    9.0249
   -7.5000   30.0000   30.0000 2877.8188    9.2771
    0.0000   30.0000   30.0000 2905.5930    9.0932
    7.5000   30.0000   30.0000 2884.5071    9.2343
   -7.5000   37.5000   30.0000 2804.5256    9.6772
    0.0000   37.5000   30.0000 2838.9082    9.4970
    7.5000   37.5000   30.0000 2821.5520    9.6350
   -7.5000   45.0000   30.0000 2706.5549   10.2541
    0.0000   45.0000   30.0000 2729.2520   10.0904
    7.5000   45.0000   30.0000 2719.1143   10.2262
   -7.5000   52.5000   30.0000 2563.7837   10.9818
    0.0000   52.5000   30.0000 2577.0703   10.8423
    7.5000   52.5000   30.0000 2569.3364   10.9671
   -7.5000  -37.5000   37.5000 2062.4692   16.8225
    0.0000  -37.5000   37.5000 2075.2842   16.6444
    7.5000  -37.5000   37.5000 2064.6045   16.9124
   -7.5000  -30.0000   37.5000 2200.2456   14.7875
    0.0000  -30.0000   37.5000 2217.4351   14.6078
    7.5000  -30.0000   37.5000 2203.8218   14.8273
   -7.5000  -22.5000   37.5000 2327.2708   13.2519
    0.0000  -22.5000   37.5000 2345.4055   13.0511
    7.5000  -22.5000   37.5000 2327.4961   13.2440
   -7.5000  -15.0000   37.5000 2438.8062   12.0210
    0.0000  -15.0000   37.5000 2459.8027   11.8128
    7.5000  -15.0000   37.5000 2442.9858   12.0085
   -7.5000   -7.5000   37.5000 2552.2727   11.0821
    0.0000   -7.5000   37.5000 2573.1445   10.8398
    7.5000   -7.5000   37.5000 2558.0769   11.0508
   -7.5000    0.0000   37.5000 2655.1873   10.3688
    0.0000    0.0000   37.5000 2674.6729   10.1476
    7.5000    0.0000   37.5000 2667.9507   10.3317
   -7.5000    7.5000   37.5000 2743.6458    9.8980
    0.0000    7.5000   37.5000 2767.3840    9.6553
    7.5000    7.5000   37.5000 2760.1917    9.8459
   -7.5000   15.0000   37.5000 2799.6960    9.6147
    0.0000   15.0000   37.5000 2827.2026    9.3612
    7.5000   15.0000   37.5000 2811.3516    9.5364
   -7.5000   22.5000   37.5000 2830.7771    9.5824
    0.0000   22.5000   37.5000 2848.5532    9.3682
    7.5000   22.5000   37.5000 2837.0039    9.5345
   -7.5000   30.0000   37.5000 2801.7812    9.7795
    0.0000   30.0000   37.5000 2820.1194    9.5896
    7.5000   30.0000   37.5000 2808.3784    9.7359
   -7.5000   37.5000   37.5000 2735.5884   10.1787
    0.0000   37.5000   37.5000 2758.5854   10.0039
    7.5000   37.5000   37.5000 2747.8704   10.1236
   -7.5000   45.0000   37.5000 2640.4773   10.7621
    0.0000   45.0000   37.5000 2662.8225   10.5759
    7.5000   45.0000   37.5000 2653.7080   10.6878
   -7.5000   52.5000   37.5000 2501.6418   11.4664
    0.0000   52.5000   37.5000 2523.3059   11.3003
    7.5000   52.5000   37.5000 2513.1250   11.4233
   -7.5000  -37.5000   45.0000 1996.9846   18.0247
    0.0000  -37.5000   45.0000 2010.6715   17.8545
    7.5000  -37.5000   45.0000 2003.6754   17.9992
   -7.5000  -30.0000   45.0000 2143.1392   15.7564
    0.0000  -30.0000   45.0000 2162.5740   15.5814
    7.5000  -30.0000   45.0000 2150.6111   15.7340
   -7.5000  -22.5000   45.0000 2266.2629   14.0831
    0.0000  -22.5000   45.0000 2293.2898   13.8963
    7.5000  -22.5000   45.0000 2272.4707   14.0428
   -7.5000  -15.0000   45.0000 2377.2749   12.7856
    0.0000  -15.0000   45.0000 2405.2969   12.6001
    7.5000  -15.0000   45.0000 2387.7102   12.7300
   -7.5000   -7.5000   45.0000 2490.2524   11.8081
    0.0000   -7.5000   45.0000 2517.4009   11.5896
    7.5000   -7.5000   45.0000 2500.4668   11.7452
   -7.5000    0.0000   45.0000 2590.3247   11.0480
    0.0000    0.0000   45.0000 2617.6311   10.8337
    7.5000    0.0000   45.0000 2606.2390   10.9933
   -7.5000    7.5000   45.0000 2663.7222   10.5699
    0.0000    7.5000   45.0000 2698.1633   10.3022
    7.5000    7.5000   45.0000 2686.0847   10.4787
   -7.5000   15.0000   45.0000 2711.6931   10.2469
    0.0000   15.0000   45.0000 2742.6863   10.0122
    7.5000   15.0000   45.0000 2730.1072   10.1739
   -7.5000   22.5000   45.0000 2728.7263   10.2296
    0.0000   22.5000   45.0000 2747.7722   10.0168
    7.5000   22.5000   45.0000 2738.8560   10.1655
   -7.5000   30.0000   45.0000 2702.5200   10.4267
    0.0000   30.0000   45.0000 2721.1152   10.2303
    7.5000   30.0000   45.0000 2714.8623   10.3571
   -7.5000   37.5000   45.0000 2645.7856   10.8305
    0.0000   37.5000   45.0000 2665.7378   10.6411
    7.5000   37.5000   45.0000 2655.3999   10.7419
   -7.5000   45.0000   45.0000 2556.8821   11.3846
    0.0000   45.0000   45.0000 2579.1758   11.2137
    7.5000   45.0000   45.0000 2568.9756   11.2938
   -7.5000   52.5000   45.0000 2432.6956   12.0604
    0.0000   52.5000   45.0000 2456.0349   11.9111
    7.5000   52.5000   45.0000 2441.5845   12.0127

---------------------------------------------------------------------
imgreg_4dfp /opt/freesurfer/average/711-2C_as_mni_average_305 /opt/freesurfer/average/711-2B_as_mni_average_305_mask talsrcimg_g11 none talsrcimg_to_711-2C_as_mni_average_305_t4 1283
---------------------------------------------------------------------

freesurfer imgreg_4dfp.c
/opt/freesurfer/average/711-2C_as_mni_average_305.4dfp.img
       256       256       256         1
  1.000000  1.000000  1.000000
orientation T byte_order littleendian
Reading image: /opt/freesurfer/average/711-2C_as_mni_average_305.4dfp.img
dimensions:      256       256       256
mmppix:       1.0000   -1.0000   -1.0000
center:     128.0000 -129.0000 -129.0000
/opt/freesurfer/average/711-2B_as_mni_average_305_mask.4dfp.img
       256       256       256         1
  1.000000  1.000000  1.000000
orientation T byte_order littleendian
Reading mask: /opt/freesurfer/average/711-2B_as_mni_average_305_mask.4dfp.img (2306576 pixels)
talsrcimg_g11.4dfp.img
       256       256       256         1
  1.000000  1.000000  1.000000
orientation T byte_order littleendian
Reading image: talsrcimg_g11.4dfp.img
dimensions:      256       256       256
mmppix:       1.0000   -1.0000   -1.0000
center:     128.0000 -129.0000 -129.0000
rotation matrix determinant  1.000000
fimgreg.f
image alignment mode   1283 decimal      503 hex
parameters
    0.0000   22.5000   15.0000    0.0000    0.0000    0.0000
eta,q 0.94401  8.43764
niter,ni,del,rscale     5    3   12.0000    1.2000
parameter  4  2.113907 ->  0.500000 qaram    1.1500
parameter  5  0.533218 ->  0.500000 qaram    1.1500
parameters
   -0.4025   21.6672   15.1951   -3.4500   -3.4500   -1.5775
eta,q 0.94995  8.30909
  0.0658  0.0603  0.0632  0.0505  0.0518  0.0518
  0.0602  0.0564  0.0586  0.0513  0.0503  0.0506
  0.0578  0.0543  0.0559  0.0530  0.0501  0.0501
  0.0566  0.0564  0.0553  0.0552  0.0517  0.0500
  0.0570  0.0580  0.0566  0.0574  0.0545  0.0510
  0.0621  0.0594  0.0589  0.0596  0.0575  0.0532
  0.0696  0.0614  0.0614  0.0626  0.0613  0.0555
niter,ni,del,rscale     6    3   12.0000    1.2000
parameter  4  1.176987 ->  0.500000 qaram    1.3225
parameters
    0.4615   22.4014   14.9778   -7.4175   -4.3221   -1.3789
eta,q 0.95309  8.30432
  0.0666  0.0585  0.0577  0.0478  0.0520  0.0521
  0.0593  0.0537  0.0532  0.0471  0.0481  0.0496
  0.0527  0.0514  0.0508  0.0482  0.0465  0.0477
  0.0501  0.0502  0.0502  0.0502  0.0473  0.0469
  0.0509  0.0512  0.0512  0.0532  0.0485  0.0473
  0.0537  0.0530  0.0544  0.0555  0.0506  0.0489
  0.0595  0.0545  0.0585  0.0576  0.0546  0.0517
niter,ni,del,rscale     6    3   12.0000    1.2000
parameters
    0.8284   24.0392   14.3962   -9.8967   -4.7237   -1.6132
eta,q 0.95544  8.32307
  0.0625  0.0603  0.0536  0.0499  0.0521  0.0498
  0.0545  0.0535  0.0489  0.0467  0.0478  0.0477
  0.0481  0.0494  0.0467  0.0448  0.0445  0.0457
  0.0469  0.0471  0.0463  0.0462  0.0448  0.0445
  0.0484  0.0463  0.0477  0.0497  0.0471  0.0451
  0.0520  0.0480  0.0517  0.0540  0.0493  0.0478
  0.0588  0.0506  0.0569  0.0563  0.0530  0.0514
niter,ni,del,rscale     5    3   12.0000    1.2000
parameters
    1.0810   25.1165   13.8638  -10.7383   -4.8794   -1.8039
eta,q 0.95561  8.33441
  0.0619  0.0570  0.0532  0.0515  0.0521  0.0491
  0.0531  0.0511  0.0478  0.0486  0.0480  0.0473
  0.0460  0.0466  0.0451  0.0449  0.0446  0.0456
  0.0446  0.0447  0.0448  0.0447  0.0444  0.0443
  0.0465  0.0455  0.0466  0.0468  0.0464  0.0447
  0.0511  0.0479  0.0510  0.0508  0.0485  0.0471
  0.0590  0.0499  0.0559  0.0549  0.0522  0.0505
niter,ni,del,rscale     4    3   12.0000    1.2000
parameters
    1.2411   25.4409   13.6091  -11.0211   -4.9805   -1.9001
eta,q 0.95559  8.34039
  0.0611  0.0541  0.0539  0.0527  0.0520  0.0490
  0.0520  0.0487  0.0482  0.0495  0.0480  0.0473
  0.0455  0.0451  0.0450  0.0455  0.0448  0.0457
  0.0444  0.0445  0.0446  0.0445  0.0444  0.0444
  0.0463  0.0464  0.0462  0.0465  0.0462  0.0446
  0.0507  0.0487  0.0501  0.0498  0.0482  0.0469
  0.0590  0.0511  0.0549  0.0541  0.0520  0.0501
niter,ni,del,rscale     3    3   12.0000    1.2000
parameters
    1.3004   25.4911   13.4984  -11.1332   -5.0370   -1.9499
eta,q 0.95558  8.34342
  0.0604  0.0533  0.0544  0.0530  0.0520  0.0490
  0.0514  0.0480  0.0485  0.0498  0.0480  0.0473
  0.0453  0.0447  0.0451  0.0458  0.0449  0.0458
  0.0444  0.0444  0.0445  0.0444  0.0444  0.0444
  0.0465  0.0467  0.0460  0.0464  0.0461  0.0445
  0.0509  0.0489  0.0496  0.0495  0.0481  0.0468
  0.0594  0.0516  0.0545  0.0538  0.0519  0.0500
niter,ni,del,rscale     2    3   12.0000    1.2000
parameters
    1.3237   25.4946   13.4466  -11.1826   -5.0679   -1.9755
eta,q 0.95558  8.34488
  0.0601  0.0531  0.0546  0.0531  0.0520  0.0490
  0.0511  0.0478  0.0486  0.0499  0.0480  0.0473
  0.0452  0.0447  0.0451  0.0459  0.0449  0.0458
  0.0444  0.0444  0.0444  0.0444  0.0444  0.0444
  0.0465  0.0467  0.0459  0.0463  0.0460  0.0445
  0.0509  0.0490  0.0495  0.0493  0.0480  0.0467
  0.0595  0.0517  0.0543  0.0537  0.0518  0.0500
registration optimization eta report
parameter search radius
    6.0000    6.0000    6.0000    7.9350    6.9000    6.0000
100000*second partial in parameter space
       43.       21.       28.       14.       15.       14.
  0.0601  0.0531  0.0546  0.0531  0.0520  0.0490
  0.0511  0.0478  0.0486  0.0499  0.0480  0.0473
  0.0452  0.0447  0.0451  0.0459  0.0449  0.0458
  0.0444  0.0444  0.0444  0.0444  0.0444  0.0444
  0.0465  0.0467  0.0459  0.0463  0.0460  0.0445
  0.0509  0.0490  0.0495  0.0493  0.0480  0.0467
  0.0595  0.0517  0.0543  0.0537  0.0518  0.0500
    1.3237   25.4946   13.4466  -11.1826   -5.0679   -1.9755
eta,q 0.95558  8.34488

---------------------------------------------------------------------
imgreg_4dfp /opt/freesurfer/average/711-2C_as_mni_average_305 /opt/freesurfer/average/711-2B_as_mni_average_305_mask talsrcimg_g11 none talsrcimg_to_711-2C_as_mni_average_305_t4 3335
---------------------------------------------------------------------

freesurfer imgreg_4dfp.c
/opt/freesurfer/average/711-2C_as_mni_average_305.4dfp.img
       256       256       256         1
  1.000000  1.000000  1.000000
orientation T byte_order littleendian
Reading image: /opt/freesurfer/average/711-2C_as_mni_average_305.4dfp.img
dimensions:      256       256       256
mmppix:       1.0000   -1.0000   -1.0000
center:     128.0000 -129.0000 -129.0000
/opt/freesurfer/average/711-2B_as_mni_average_305_mask.4dfp.img
       256       256       256         1
  1.000000  1.000000  1.000000
orientation T byte_order littleendian
Reading mask: /opt/freesurfer/average/711-2B_as_mni_average_305_mask.4dfp.img (2306576 pixels)
talsrcimg_g11.4dfp.img
       256       256       256         1
  1.000000  1.000000  1.000000
orientation T byte_order littleendian
Reading image: talsrcimg_g11.4dfp.img
dimensions:      256       256       256
mmppix:       1.0000   -1.0000   -1.0000
center:     128.0000 -129.0000 -129.0000
fimgreg.f
image alignment mode   3335 decimal      D07 hex
parameters
    1.3237   25.4946   13.4466   -0.4501   -1.8979   -2.2821
    1.6697    9.3294   -3.4338   19.0835   -8.8337  -19.3179
eta,q 0.95619  8.40812
niter,ni,del,rscale     5    3    5.0000    1.2000
parameter  4  1.694505 ->  0.500000 qaram    1.1500
parameter  5-42.761383 ->  0.500000 qaram    1.1500
parameter  6  0.750765 ->  0.500000 qaram    1.1500
parameter 10  0.611852 ->  0.500000 qaram    1.1500
parameters
    1.5558   26.2232   13.1193   -4.5901   -6.0379   -6.4221
    0.9127    9.7090   -1.7127   14.9435   -9.5966  -22.2861
eta,q 0.97126  8.32067
  0.0470  0.0452  0.0450  0.0376  0.0288  0.0302  0.0327  0.0358  0.0334  0.0299  0.0300  0.0294
  0.0455  0.0444  0.0442  0.0381  0.0318  0.0304  0.0314  0.0333  0.0320  0.0291  0.0294  0.0289
  0.0444  0.0440  0.0437  0.0402  0.0352  0.0312  0.0307  0.0315  0.0311  0.0293  0.0291  0.0287
  0.0438  0.0438  0.0437  0.0437  0.0385  0.0327  0.0306  0.0305  0.0305  0.0304  0.0291  0.0290
  0.0439  0.0437  0.0441  0.0480  0.0415  0.0355  0.0311  0.0308  0.0304  0.0324  0.0293  0.0297
  0.0447  0.0438  0.0449  0.0521  0.0444  0.0396  0.0322  0.0323  0.0307  0.0348  0.0297  0.0306
  0.0461  0.0441  0.0459  0.0556  0.0478  0.0449  0.0338  0.0351  0.0315  0.0373  0.0304  0.0318
niter,ni,del,rscale     7    3    5.0000    1.2000
parameter  5  1.163847 ->  0.500000 qaram    1.3225
parameters
    1.4214   25.3233   12.6727   -7.5751  -10.7989   -8.1593
    0.8547   10.0924   -1.7256   16.1606  -10.4483  -22.8560
eta,q 0.97607  8.13122
  0.0318  0.0293  0.0292  0.0298  0.0241  0.0256  0.0269  0.0279  0.0264  0.0296  0.0246  0.0252
  0.0300  0.0286  0.0287  0.0289  0.0242  0.0247  0.0254  0.0261  0.0252  0.0274  0.0242  0.0245
  0.0289  0.0284  0.0284  0.0282  0.0255  0.0242  0.0245  0.0248  0.0245  0.0255  0.0240  0.0240
  0.0287  0.0287  0.0284  0.0283  0.0282  0.0244  0.0242  0.0242  0.0242  0.0242  0.0240  0.0239
  0.0293  0.0296  0.0287  0.0302  0.0320  0.0248  0.0245  0.0244  0.0245  0.0240  0.0241  0.0242
  0.0306  0.0309  0.0293  0.0339  0.0360  0.0256  0.0255  0.0254  0.0252  0.0251  0.0245  0.0248
  0.0324  0.0325  0.0303  0.0384  0.0395  0.0280  0.0270  0.0274  0.0264  0.0276  0.0250  0.0256
niter,ni,del,rscale     7    3    5.0000    1.2000
parameters
    1.5660   25.2278   12.6345   -7.3743  -14.2686   -6.9000
    0.8039   10.3386   -1.6223   17.1224  -10.4215  -23.5710
eta,q 0.97661  8.07455
  0.0271  0.0264  0.0251  0.0274  0.0255  0.0261  0.0259  0.0274  0.0255  0.0283  0.0242  0.0245
  0.0255  0.0250  0.0245  0.0260  0.0243  0.0249  0.0246  0.0254  0.0245  0.0262  0.0238  0.0239
  0.0244  0.0241  0.0240  0.0248  0.0236  0.0240  0.0239  0.0242  0.0238  0.0246  0.0235  0.0235
  0.0239  0.0239  0.0239  0.0239  0.0238  0.0236  0.0236  0.0236  0.0236  0.0236  0.0234  0.0234
  0.0241  0.0243  0.0241  0.0237  0.0259  0.0236  0.0239  0.0237  0.0237  0.0235  0.0235  0.0237
  0.0250  0.0253  0.0245  0.0249  0.0300  0.0238  0.0247  0.0248  0.0243  0.0247  0.0238  0.0242
  0.0265  0.0268  0.0252  0.0279  0.0347  0.0251  0.0260  0.0271  0.0254  0.0268  0.0242  0.0250
niter,ni,del,rscale     6    3    5.0000    1.2000
parameters
    1.5534   25.3376   12.8725   -6.9390  -15.2153   -6.7393
    0.6587   10.3296   -1.6043   17.5141  -10.5037  -23.5678
eta,q 0.97666  8.06166
  0.0263  0.0260  0.0248  0.0270  0.0271  0.0257  0.0256  0.0271  0.0252  0.0276  0.0242  0.0247
  0.0247  0.0246  0.0241  0.0257  0.0253  0.0246  0.0244  0.0252  0.0242  0.0256  0.0237  0.0240
  0.0237  0.0237  0.0236  0.0244  0.0240  0.0238  0.0236  0.0240  0.0236  0.0242  0.0234  0.0235
  0.0234  0.0234  0.0234  0.0234  0.0233  0.0234  0.0234  0.0234  0.0234  0.0234  0.0233  0.0233
  0.0237  0.0236  0.0234  0.0231  0.0236  0.0234  0.0237  0.0236  0.0236  0.0235  0.0235  0.0235
  0.0247  0.0243  0.0237  0.0243  0.0258  0.0239  0.0245  0.0249  0.0242  0.0249  0.0238  0.0240
  0.0263  0.0255  0.0244  0.0272  0.0302  0.0260  0.0258  0.0274  0.0252  0.0272  0.0242  0.0247
niter,ni,del,rscale     5    3    5.0000    1.2000
parameters
    1.5420   25.3540   12.9173   -6.9542  -15.3594   -6.7129
    0.6099   10.3523   -1.6171   17.5650  -10.5073  -23.5487
eta,q 0.97665  8.05692
  0.0263  0.0256  0.0246  0.0269  0.0276  0.0257  0.0257  0.0272  0.0252  0.0274  0.0242  0.0247
  0.0247  0.0243  0.0239  0.0255  0.0257  0.0246  0.0244  0.0252  0.0242  0.0254  0.0238  0.0240
  0.0237  0.0235  0.0235  0.0243  0.0242  0.0238  0.0236  0.0240  0.0236  0.0241  0.0235  0.0235
  0.0233  0.0233  0.0233  0.0233  0.0233  0.0234  0.0234  0.0234  0.0234  0.0234  0.0234  0.0234
  0.0237  0.0236  0.0234  0.0233  0.0233  0.0233  0.0236  0.0236  0.0236  0.0236  0.0235  0.0235
  0.0247  0.0244  0.0238  0.0247  0.0250  0.0240  0.0245  0.0249  0.0242  0.0251  0.0238  0.0240
  0.0263  0.0255  0.0245  0.0278  0.0289  0.0263  0.0257  0.0274  0.0252  0.0276  0.0242  0.0247
niter,ni,del,rscale     4    3    5.0000    1.2000
parameters
    1.5405   25.3478   12.9295   -6.9620  -15.3777   -6.7145
    0.6107   10.3553   -1.6204   17.5650  -10.5141  -23.5242
eta,q 0.97664  8.05557
  0.0263  0.0256  0.0245  0.0269  0.0277  0.0257  0.0257  0.0272  0.0252  0.0273  0.0242  0.0247
  0.0247  0.0243  0.0239  0.0255  0.0258  0.0246  0.0244  0.0252  0.0242  0.0254  0.0238  0.0240
  0.0237  0.0235  0.0235  0.0243  0.0243  0.0238  0.0236  0.0239  0.0236  0.0241  0.0235  0.0235
  0.0234  0.0234  0.0234  0.0234  0.0234  0.0234  0.0234  0.0234  0.0234  0.0234  0.0234  0.0234
  0.0237  0.0237  0.0235  0.0233  0.0233  0.0233  0.0236  0.0236  0.0236  0.0237  0.0235  0.0235
  0.0247  0.0244  0.0239  0.0247  0.0249  0.0240  0.0245  0.0249  0.0242  0.0251  0.0238  0.0240
  0.0263  0.0255  0.0246  0.0278  0.0287  0.0263  0.0257  0.0274  0.0252  0.0276  0.0242  0.0247
registration optimization eta report
parameter search radius
    2.4000    2.4000    2.4000    8.2800    9.5220    8.2800
    7.2000    7.2000    7.2000    8.2800    7.2000    7.2000
100000*second partial in parameter space
       51.       38.       21.        6.        5.        4.
        5.        8.        4.        6.        2.        3.
  0.0263  0.0256  0.0245  0.0269  0.0277  0.0257  0.0257  0.0272  0.0252  0.0273  0.0242  0.0247
  0.0247  0.0243  0.0239  0.0255  0.0258  0.0246  0.0244  0.0252  0.0242  0.0254  0.0238  0.0240
  0.0237  0.0235  0.0235  0.0243  0.0243  0.0238  0.0236  0.0239  0.0236  0.0241  0.0235  0.0235
  0.0234  0.0234  0.0234  0.0234  0.0234  0.0234  0.0234  0.0234  0.0234  0.0234  0.0234  0.0234
  0.0237  0.0237  0.0235  0.0233  0.0233  0.0233  0.0236  0.0236  0.0236  0.0237  0.0235  0.0235
  0.0247  0.0244  0.0239  0.0247  0.0249  0.0240  0.0245  0.0249  0.0242  0.0251  0.0238  0.0240
  0.0263  0.0255  0.0246  0.0278  0.0287  0.0263  0.0257  0.0274  0.0252  0.0276  0.0242  0.0247
    1.5405   25.3478   12.9295   -6.9620  -15.3777   -6.7145
    0.6107   10.3553   -1.6204   17.5650  -10.5141  -23.5242
eta,q 0.97664  8.05557

---------------------------------------------------------------------
imgreg_4dfp /opt/freesurfer/average/711-2C_as_mni_average_305 /opt/freesurfer/average/711-2B_as_mni_average_305_mask talsrcimg_g11 none talsrcimg_to_711-2C_as_mni_average_305_t4 2311
---------------------------------------------------------------------

freesurfer imgreg_4dfp.c
/opt/freesurfer/average/711-2C_as_mni_average_305.4dfp.img
       256       256       256         1
  1.000000  1.000000  1.000000
orientation T byte_order littleendian
Reading image: /opt/freesurfer/average/711-2C_as_mni_average_305.4dfp.img
dimensions:      256       256       256
mmppix:       1.0000   -1.0000   -1.0000
center:     128.0000 -129.0000 -129.0000
/opt/freesurfer/average/711-2B_as_mni_average_305_mask.4dfp.img
       256       256       256         1
  1.000000  1.000000  1.000000
orientation T byte_order littleendian
Reading mask: /opt/freesurfer/average/711-2B_as_mni_average_305_mask.4dfp.img (2306576 pixels)
talsrcimg_g11.4dfp.img
       256       256       256         1
  1.000000  1.000000  1.000000
orientation T byte_order littleendian
Reading image: talsrcimg_g11.4dfp.img
dimensions:      256       256       256
mmppix:       1.0000   -1.0000   -1.0000
center:     128.0000 -129.0000 -129.0000
fimgreg.f
image alignment mode   2311 decimal      907 hex
parameters
    1.5405   25.3478   12.9295   -6.9620  -15.3777   -6.7145
    0.6107   10.3553   -1.6204   17.5650  -10.5141  -23.5242
eta,q 0.97664  8.05557
niter,ni,del,rscale     5    3    5.0000    0.8000
parameters
    1.5458   25.2882   12.9732   -5.8355  -14.0781   -5.9563
    0.6533   10.5450   -1.5114   17.5834  -10.7084  -23.5238
eta,q 0.97700  8.16690
  0.0247  0.0243  0.0239  0.0252  0.0248  0.0241  0.0242  0.0251  0.0239  0.0247  0.0234  0.0237
  0.0240  0.0237  0.0236  0.0245  0.0241  0.0236  0.0235  0.0240  0.0234  0.0238  0.0232  0.0233
  0.0235  0.0234  0.0234  0.0238  0.0235  0.0232  0.0232  0.0233  0.0231  0.0233  0.0230  0.0231
  0.0234  0.0234  0.0234  0.0233  0.0232  0.0230  0.0230  0.0230  0.0230  0.0230  0.0230  0.0230
  0.0235  0.0235  0.0234  0.0232  0.0230  0.0230  0.0231  0.0231  0.0231  0.0232  0.0231  0.0231
  0.0240  0.0239  0.0236  0.0234  0.0232  0.0232  0.0235  0.0237  0.0233  0.0237  0.0232  0.0233
  0.0247  0.0244  0.0239  0.0242  0.0237  0.0236  0.0241  0.0249  0.0238  0.0247  0.0235  0.0236
niter,ni,del,rscale     4    3    5.0000    0.7000
parameters
    1.5324   25.5499   12.9730   -5.8113  -14.2058   -5.7299
    0.5832   10.6113   -1.4992   17.8151  -10.9143  -23.7809
eta,q 0.97704  8.18133
  0.0241  0.0241  0.0234  0.0243  0.0239  0.0237  0.0238  0.0245  0.0236  0.0244  0.0233  0.0234
  0.0235  0.0236  0.0232  0.0237  0.0235  0.0233  0.0233  0.0237  0.0233  0.0237  0.0231  0.0231
  0.0231  0.0232  0.0230  0.0232  0.0232  0.0231  0.0231  0.0232  0.0230  0.0232  0.0230  0.0230
  0.0230  0.0230  0.0230  0.0230  0.0230  0.0230  0.0230  0.0230  0.0230  0.0230  0.0230  0.0230
  0.0231  0.0230  0.0230  0.0230  0.0230  0.0230  0.0231  0.0231  0.0230  0.0230  0.0230  0.0230
  0.0235  0.0232  0.0232  0.0235  0.0234  0.0232  0.0234  0.0236  0.0232  0.0234  0.0232  0.0232
  0.0242  0.0235  0.0234  0.0245  0.0242  0.0236  0.0239  0.0245  0.0236  0.0241  0.0234  0.0235
niter,ni,del,rscale     3    3    5.0000    0.6000
parameters
    1.5354   25.5792   12.9453   -5.7239  -14.1734   -5.6021
    0.5678   10.6835   -1.5072   17.9149  -11.0410  -23.9451
eta,q 0.97706  8.19243
  0.0238  0.0236  0.0233  0.0240  0.0237  0.0234  0.0236  0.0241  0.0234  0.0240  0.0232  0.0233
  0.0233  0.0232  0.0231  0.0235  0.0233  0.0232  0.0232  0.0235  0.0231  0.0235  0.0231  0.0231
  0.0231  0.0230  0.0230  0.0232  0.0231  0.0230  0.0230  0.0231  0.0230  0.0231  0.0230  0.0230
  0.0230  0.0230  0.0230  0.0230  0.0230  0.0230  0.0230  0.0230  0.0229  0.0229  0.0229  0.0229
  0.0231  0.0230  0.0230  0.0230  0.0230  0.0230  0.0230  0.0230  0.0230  0.0230  0.0230  0.0230
  0.0233  0.0232  0.0231  0.0233  0.0232  0.0231  0.0232  0.0234  0.0231  0.0233  0.0231  0.0231
  0.0238  0.0235  0.0233  0.0240  0.0238  0.0234  0.0236  0.0241  0.0234  0.0239  0.0232  0.0233
niter,ni,del,rscale     2    3    5.0000    0.5000
parameters
    1.5381   25.6125   12.9161   -5.6387  -14.1034   -5.4761
    0.5634   10.7400   -1.5027   17.9754  -11.1700  -24.0895
eta,q 0.97707  8.20425
  0.0235  0.0234  0.0232  0.0237  0.0235  0.0233  0.0234  0.0238  0.0232  0.0236  0.0231  0.0232
  0.0232  0.0231  0.0230  0.0234  0.0232  0.0231  0.0231  0.0233  0.0231  0.0233  0.0230  0.0230
  0.0230  0.0230  0.0230  0.0231  0.0230  0.0230  0.0230  0.0230  0.0230  0.0230  0.0229  0.0229
  0.0229  0.0229  0.0229  0.0229  0.0229  0.0229  0.0229  0.0229  0.0229  0.0229  0.0229  0.0229
  0.0230  0.0230  0.0230  0.0230  0.0230  0.0229  0.0230  0.0230  0.0230  0.0230  0.0230  0.0230
  0.0232  0.0231  0.0231  0.0232  0.0231  0.0230  0.0231  0.0233  0.0231  0.0232  0.0230  0.0231
  0.0235  0.0233  0.0232  0.0237  0.0235  0.0232  0.0234  0.0237  0.0232  0.0236  0.0231  0.0232
niter,ni,del,rscale     1    3    5.0000    0.4000
parameters
    1.5425   25.6489   12.8865   -5.5570  -14.0348   -5.3615
    0.5644   10.7679   -1.4681   18.0210  -11.3144  -24.2486
eta,q 0.97708  8.21544
  0.0233  0.0232  0.0231  0.0235  0.0233  0.0231  0.0232  0.0235  0.0231  0.0234  0.0230  0.0231
  0.0231  0.0231  0.0230  0.0232  0.0231  0.0230  0.0230  0.0232  0.0230  0.0231  0.0230  0.0230
  0.0230  0.0230  0.0229  0.0230  0.0230  0.0230  0.0229  0.0230  0.0229  0.0230  0.0229  0.0229
  0.0229  0.0229  0.0229  0.0229  0.0229  0.0229  0.0229  0.0229  0.0229  0.0229  0.0229  0.0229
  0.0230  0.0229  0.0229  0.0230  0.0229  0.0229  0.0230  0.0230  0.0229  0.0230  0.0229  0.0229
  0.0231  0.0230  0.0230  0.0231  0.0230  0.0230  0.0230  0.0231  0.0230  0.0231  0.0230  0.0230
  0.0233  0.0232  0.0231  0.0234  0.0233  0.0231  0.0232  0.0235  0.0231  0.0234  0.0231  0.0231
registration optimization eta report
parameter search radius
    0.8000    0.8000    0.8000    2.4000    2.4000    2.4000
    2.4000    2.4000    2.4000    2.4000    2.4000    2.4000
100000*second partial in parameter space
       61.       42.       25.        9.        6.        3.
        5.        9.        4.        8.        2.        3.
  0.0233  0.0232  0.0231  0.0235  0.0233  0.0231  0.0232  0.0235  0.0231  0.0234  0.0230  0.0231
  0.0231  0.0231  0.0230  0.0232  0.0231  0.0230  0.0230  0.0232  0.0230  0.0231  0.0230  0.0230
  0.0230  0.0230  0.0229  0.0230  0.0230  0.0230  0.0229  0.0230  0.0229  0.0230  0.0229  0.0229
  0.0229  0.0229  0.0229  0.0229  0.0229  0.0229  0.0229  0.0229  0.0229  0.0229  0.0229  0.0229
  0.0230  0.0229  0.0229  0.0230  0.0229  0.0229  0.0230  0.0230  0.0229  0.0230  0.0229  0.0229
  0.0231  0.0230  0.0230  0.0231  0.0230  0.0230  0.0230  0.0231  0.0230  0.0231  0.0230  0.0230
  0.0233  0.0232  0.0231  0.0234  0.0233  0.0231  0.0232  0.0235  0.0231  0.0234  0.0231  0.0231
    1.5425   25.6489   12.8865   -5.5570  -14.0348   -5.3615
    0.5644   10.7679   -1.4681   18.0210  -11.3144  -24.2486
eta,q 0.97708  8.21544

---------------------------------------------------------------------
imgreg_4dfp /opt/freesurfer/average/711-2C_as_mni_average_305 /opt/freesurfer/average/711-2B_as_mni_average_305_mask talsrcimg_g11 none talsrcimg_to_711-2C_as_mni_average_305_t4 2311
---------------------------------------------------------------------

freesurfer imgreg_4dfp.c
/opt/freesurfer/average/711-2C_as_mni_average_305.4dfp.img
       256       256       256         1
  1.000000  1.000000  1.000000
orientation T byte_order littleendian
Reading image: /opt/freesurfer/average/711-2C_as_mni_average_305.4dfp.img
dimensions:      256       256       256
mmppix:       1.0000   -1.0000   -1.0000
center:     128.0000 -129.0000 -129.0000
/opt/freesurfer/average/711-2B_as_mni_average_305_mask.4dfp.img
       256       256       256         1
  1.000000  1.000000  1.000000
orientation T byte_order littleendian
Reading mask: /opt/freesurfer/average/711-2B_as_mni_average_305_mask.4dfp.img (2306576 pixels)
talsrcimg_g11.4dfp.img
       256       256       256         1
  1.000000  1.000000  1.000000
orientation T byte_order littleendian
Reading image: talsrcimg_g11.4dfp.img
dimensions:      256       256       256
mmppix:       1.0000   -1.0000   -1.0000
center:     128.0000 -129.0000 -129.0000
fimgreg.f
image alignment mode   2311 decimal      907 hex
parameters
    1.5425   25.6489   12.8865   -5.5570  -14.0348   -5.3615
    0.5644   10.7679   -1.4681   18.0210  -11.3144  -24.2486
eta,q 0.97708  8.21544
niter,ni,del,rscale     5    3    5.0000    0.8000
parameters
    1.5491   25.6712   12.8297   -5.9924  -14.4898   -5.6844
    0.5434   10.6527   -1.4253   18.0667  -11.0949  -24.2258
eta,q 0.97702  8.17714
  0.0245  0.0240  0.0235  0.0244  0.0241  0.0237  0.0241  0.0248  0.0238  0.0246  0.0235  0.0236
  0.0236  0.0234  0.0232  0.0237  0.0235  0.0233  0.0235  0.0239  0.0234  0.0238  0.0232  0.0233
  0.0231  0.0230  0.0230  0.0232  0.0231  0.0231  0.0231  0.0232  0.0231  0.0232  0.0230  0.0231
  0.0229  0.0229  0.0229  0.0229  0.0229  0.0230  0.0230  0.0230  0.0230  0.0230  0.0230  0.0230
  0.0231  0.0230  0.0230  0.0231  0.0231  0.0230  0.0231  0.0232  0.0231  0.0231  0.0230  0.0230
  0.0236  0.0234  0.0232  0.0240  0.0237  0.0233  0.0235  0.0239  0.0233  0.0237  0.0232  0.0233
  0.0244  0.0240  0.0236  0.0254  0.0248  0.0242  0.0241  0.0252  0.0238  0.0246  0.0234  0.0236
niter,ni,del,rscale     4    3    5.0000    0.7000
parameters
    1.5484   25.5691   12.8667   -5.8606  -14.3525   -5.5992
    0.5443   10.6670   -1.4503   18.0212  -11.0922  -24.1608
eta,q 0.97704  8.18538
  0.0241  0.0237  0.0235  0.0244  0.0240  0.0236  0.0238  0.0245  0.0236  0.0242  0.0233  0.0235
  0.0235  0.0232  0.0232  0.0238  0.0235  0.0233  0.0233  0.0237  0.0232  0.0236  0.0231  0.0232
  0.0231  0.0230  0.0230  0.0233  0.0232  0.0231  0.0231  0.0232  0.0230  0.0231  0.0230  0.0230
  0.0230  0.0230  0.0230  0.0230  0.0230  0.0230  0.0230  0.0230  0.0230  0.0230  0.0230  0.0230
  0.0231  0.0231  0.0230  0.0230  0.0230  0.0230  0.0230  0.0231  0.0230  0.0231  0.0230  0.0230
  0.0235  0.0234  0.0232  0.0235  0.0233  0.0231  0.0233  0.0236  0.0232  0.0236  0.0231  0.0232
  0.0241  0.0239  0.0234  0.0244  0.0240  0.0236  0.0238  0.0246  0.0236  0.0243  0.0233  0.0234
niter,ni,del,rscale     3    3    5.0000    0.6000
parameters
    1.5431   25.5937   12.8836   -5.7432  -14.2482   -5.4968
    0.5506   10.7041   -1.4631   18.0233  -11.1567  -24.1739
eta,q 0.97706  8.19651
  0.0238  0.0236  0.0233  0.0240  0.0237  0.0234  0.0236  0.0241  0.0234  0.0239  0.0232  0.0233
  0.0233  0.0232  0.0231  0.0235  0.0234  0.0232  0.0232  0.0235  0.0231  0.0234  0.0231  0.0231
  0.0231  0.0230  0.0230  0.0232  0.0231  0.0230  0.0230  0.0231  0.0230  0.0231  0.0230  0.0230
  0.0230  0.0230  0.0230  0.0230  0.0229  0.0229  0.0229  0.0229  0.0229  0.0229  0.0229  0.0229
  0.0231  0.0230  0.0230  0.0230  0.0230  0.0230  0.0230  0.0230  0.0230  0.0230  0.0230  0.0230
  0.0233  0.0232  0.0231  0.0233  0.0232  0.0231  0.0232  0.0234  0.0231  0.0234  0.0231  0.0231
  0.0238  0.0235  0.0233  0.0240  0.0237  0.0234  0.0236  0.0241  0.0234  0.0239  0.0232  0.0233
niter,ni,del,rscale     2    3    5.0000    0.5000
parameters
    1.5461   25.6199   12.8769   -5.6428  -14.1474   -5.4101
    0.5529   10.7479   -1.4651   18.0363  -11.2406  -24.2265
eta,q 0.97708  8.20694
  0.0235  0.0234  0.0232  0.0237  0.0235  0.0232  0.0234  0.0238  0.0232  0.0236  0.0231  0.0232
  0.0232  0.0231  0.0230  0.0234  0.0232  0.0231  0.0231  0.0233  0.0231  0.0233  0.0230  0.0230
  0.0230  0.0230  0.0230  0.0231  0.0230  0.0230  0.0230  0.0230  0.0230  0.0230  0.0229  0.0230
  0.0229  0.0229  0.0229  0.0229  0.0229  0.0229  0.0229  0.0229  0.0229  0.0229  0.0229  0.0229
  0.0230  0.0230  0.0230  0.0230  0.0230  0.0229  0.0230  0.0230  0.0230  0.0230  0.0230  0.0230
  0.0232  0.0231  0.0230  0.0232  0.0231  0.0230  0.0231  0.0233  0.0231  0.0232  0.0230  0.0231
  0.0235  0.0233  0.0232  0.0237  0.0235  0.0232  0.0234  0.0237  0.0232  0.0236  0.0231  0.0232
niter,ni,del,rscale     1    3    5.0000    0.4000
parameters
    1.5460   25.6536   12.8627   -5.5629  -14.0561   -5.3181
    0.5448   10.7794   -1.4567   18.0559  -11.3405  -24.3370
eta,q 0.97708  8.21732
  0.0233  0.0232  0.0231  0.0235  0.0233  0.0231  0.0232  0.0235  0.0231  0.0234  0.0230  0.0231
  0.0231  0.0231  0.0230  0.0232  0.0231  0.0230  0.0230  0.0232  0.0230  0.0231  0.0230  0.0230
  0.0230  0.0230  0.0229  0.0230  0.0230  0.0229  0.0229  0.0230  0.0229  0.0230  0.0229  0.0229
  0.0229  0.0229  0.0229  0.0229  0.0229  0.0229  0.0229  0.0229  0.0229  0.0229  0.0229  0.0229
  0.0230  0.0229  0.0229  0.0229  0.0229  0.0229  0.0230  0.0230  0.0229  0.0230  0.0229  0.0229
  0.0231  0.0230  0.0230  0.0231  0.0230  0.0230  0.0230  0.0231  0.0230  0.0231  0.0230  0.0230
  0.0233  0.0232  0.0231  0.0234  0.0233  0.0231  0.0232  0.0234  0.0231  0.0234  0.0231  0.0231
registration optimization eta report
parameter search radius
    0.8000    0.8000    0.8000    2.4000    2.4000    2.4000
    2.4000    2.4000    2.4000    2.4000    2.4000    2.4000
100000*second partial in parameter space
       61.       42.       24.        9.        6.        3.
        5.        9.        4.        8.        2.        3.
  0.0233  0.0232  0.0231  0.0235  0.0233  0.0231  0.0232  0.0235  0.0231  0.0234  0.0230  0.0231
  0.0231  0.0231  0.0230  0.0232  0.0231  0.0230  0.0230  0.0232  0.0230  0.0231  0.0230  0.0230
  0.0230  0.0230  0.0229  0.0230  0.0230  0.0229  0.0229  0.0230  0.0229  0.0230  0.0229  0.0229
  0.0229  0.0229  0.0229  0.0229  0.0229  0.0229  0.0229  0.0229  0.0229  0.0229  0.0229  0.0229
  0.0230  0.0229  0.0229  0.0229  0.0229  0.0229  0.0230  0.0230  0.0229  0.0230  0.0229  0.0229
  0.0231  0.0230  0.0230  0.0231  0.0230  0.0230  0.0230  0.0231  0.0230  0.0231  0.0230  0.0230
  0.0233  0.0232  0.0231  0.0234  0.0233  0.0231  0.0232  0.0234  0.0231  0.0234  0.0231  0.0231
    1.5460   25.6536   12.8627   -5.5629  -14.0561   -5.3181
    0.5448   10.7794   -1.4567   18.0559  -11.3405  -24.3370
eta,q 0.97708  8.21732

---------------------------------------------------------------------
compute_vox2vox talsrcimg talsrcimg_to_711-2C_as_mni_average_305_t4 /opt/freesurfer/average/711-2C_as_mni_average_305
---------------------------------------------------------------------

freesurfer compute_vox2vox.c
Reading: talsrcimg.4dfp.ifh
Reading: talsrcimg_to_711-2C_as_mni_average_305_t4
Reading: /opt/freesurfer/average/711-2C_as_mni_average_305.4dfp.ifh
Writing: talsrcimg_to_711-2C_as_mni_average_305_t4_vox2vox.txt

start time Fri Mar 13 04:32:47 CET 2026
end		time Fri Mar 13 04:34:13 CET 2026

mpr2mni305 success

avi2talxfm orig_nu.mgz /opt/freesurfer/average/mni305.cor.mgz talsrcimg_to_711-2C_as_mni_average_305_t4_vox2vox.txt transforms/talairach.auto.xfm
avi2talxfm done
mv -f /out/sourcedata/freesurfer/sub-v2s4x29602_ses-1/mri/talsrcimg_to_711-2C_as_mni_average_305_t4_vox2vox.txt /out/sourcedata/freesurfer/sub-v2s4x29602_ses-1/mri/transforms/talsrcimg_to_711-2C_as_mni_average_305_t4_vox2vox.txt
lta_convert --src orig_nu.mgz --trg /opt/freesurfer/average/mni305.cor.mgz --inxfm transforms/talairach.auto.xfm --outlta transforms/talairach.auto.xfm.lta --subject fsaverage
7.3.2

--src: orig_nu.mgz src image (geometry).
--trg: /opt/freesurfer/average/mni305.cor.mgz trg image (geometry).
--inmni: transforms/talairach.auto.xfm input MNI/XFM transform.
--outlta: transforms/talairach.auto.xfm.lta output LTA.
--s: fsaverage subject name
 LTA read, type : 1
 1.04491  -0.11167  -0.03824   0.21973;
 0.12306   0.98891   0.27925  -23.08513;
-0.00814  -0.20965   1.10423  -24.21814;
 0.00000   0.00000   0.00000   1.00000;
setting subject to fsaverage
Writing  LTA to file transforms/talairach.auto.xfm.lta...
lta_convert successful.
 
 
Started at Fri Mar 13 04:32:46 CET 2026
Ended   at Fri Mar 13 04:34:14 CET 2026
talairach_avi done
