status file for recon-all
Fri Mar 13 05:51:22 CET 2026
#@# Tessellate lh Fri Mar 13 05:51:22 CET 2026
#@# Smooth1 lh Fri Mar 13 05:51:25 CET 2026
#@# Inflation1 lh Fri Mar 13 05:51:28 CET 2026
#@# QSphere lh Fri Mar 13 05:51:41 CET 2026
#@# Fix Topology lh Fri Mar 13 05:52:58 CET 2026
#@# Smooth2 lh Fri Mar 13 05:57:40 CET 2026
#@# Inflation2 lh Fri Mar 13 05:57:43 CET 2026
#@# Curv .H and .K lh Fri Mar 13 05:57:56 CET 2026
#@# Sphere lh Fri Mar 13 05:58:40 CET 2026
#@# Surf Reg lh Fri Mar 13 06:02:05 CET 2026
#@# Jacobian white lh Fri Mar 13 06:05:53 CET 2026
#@# AvgCurv lh Fri Mar 13 06:05:54 CET 2026
#@# Cortical Parc lh Fri Mar 13 06:05:55 CET 2026
#@# white curv lh Fri Mar 13 06:11:21 CET 2026
#@# white area lh Fri Mar 13 06:11:23 CET 2026
#@# pial curv lh Fri Mar 13 06:11:23 CET 2026
#@# pial area lh Fri Mar 13 06:11:25 CET 2026
#@# thickness lh Fri Mar 13 06:11:26 CET 2026
#@# area and vertex vol lh Fri Mar 13 06:11:52 CET 2026
#@# Curvature Stats lh Fri Mar 13 06:11:54 CET 2026
#@# Cortical Parc 2 lh Fri Mar 13 06:11:56 CET 2026
#@# Cortical Parc 3 lh Fri Mar 13 06:12:08 CET 2026
#@# WM/GM Contrast lh Fri Mar 13 06:12:17 CET 2026
recon-all -s sub-v2s4x29596_ses-1 finished without error at Fri Mar 13 06:12:20 CET 2026



#New# invocation of recon-all 



status file for recon-all
Fri Mar 13 06:37:48 CET 2026
#@# white curv lh Fri Mar 13 06:37:48 CET 2026
#@# white area lh Fri Mar 13 06:37:48 CET 2026
#@# pial curv lh Fri Mar 13 06:37:49 CET 2026
#@# pial area lh Fri Mar 13 06:37:49 CET 2026
#@# thickness lh Fri Mar 13 06:37:49 CET 2026
#@# area and vertex vol lh Fri Mar 13 06:37:49 CET 2026
#@# Parcellation Stats lh Fri Mar 13 06:37:49 CET 2026
#@# Parcellation Stats 2 lh Fri Mar 13 06:38:05 CET 2026
#@# Parcellation Stats 3 lh Fri Mar 13 06:38:14 CET 2026
#@# BA_exvivo Labels lh Fri Mar 13 06:38:22 CET 2026
recon-all -s sub-v2s4x29596_ses-1 finished without error at Fri Mar 13 06:40:46 CET 2026
