status file for recon-all
Fri Mar 13 04:11:55 CET 2026
#@# MotionCor Fri Mar 13 04:11:56 CET 2026
#@# Talairach Fri Mar 13 04:12:04 CET 2026
#@# Talairach Failure Detection Fri Mar 13 04:16:26 CET 2026
#@# Nu Intensity Correction Fri Mar 13 04:16:26 CET 2026
#@# Intensity Normalization Fri Mar 13 04:19:42 CET 2026
recon-all -s sub-v2s4x29596_ses-1 finished without error at Fri Mar 13 04:21:09 CET 2026



#New# invocation of recon-all 



status file for recon-all
Fri Mar 13 04:27:54 CET 2026
#@# EM Registration Fri Mar 13 04:27:54 CET 2026
recon-all -s sub-v2s4x29596_ses-1 finished without error at Fri Mar 13 04:29:35 CET 2026



#New# invocation of recon-all 



status file for recon-all
Fri Mar 13 04:29:38 CET 2026
#@# CA Normalize Fri Mar 13 04:29:38 CET 2026
#@# CA Reg Fri Mar 13 04:30:58 CET 2026
#@# SubCort Seg Fri Mar 13 05:13:59 CET 2026
#@# CC Seg Fri Mar 13 05:45:27 CET 2026
#@# Merge ASeg Fri Mar 13 05:46:01 CET 2026
#@# Intensity Normalization2 Fri Mar 13 05:46:01 CET 2026
#@# Mask BFS Fri Mar 13 05:48:11 CET 2026
#@# WM Segmentation Fri Mar 13 05:48:12 CET 2026
#@# Fill Fri Mar 13 05:50:16 CET 2026
recon-all -s sub-v2s4x29596_ses-1 finished without error at Fri Mar 13 05:51:17 CET 2026



#New# invocation of recon-all 



status file for recon-all
Fri Mar 13 06:31:22 CET 2026
#@# white curv lh Fri Mar 13 06:31:22 CET 2026
#@# white area lh Fri Mar 13 06:31:22 CET 2026
#@# pial curv lh Fri Mar 13 06:31:22 CET 2026
#@# pial area lh Fri Mar 13 06:31:22 CET 2026
#@# thickness lh Fri Mar 13 06:31:22 CET 2026
#@# area and vertex vol lh Fri Mar 13 06:31:22 CET 2026
#@# white curv rh Fri Mar 13 06:31:22 CET 2026
#@# white area rh Fri Mar 13 06:31:23 CET 2026
#@# pial curv rh Fri Mar 13 06:31:23 CET 2026
#@# pial area rh Fri Mar 13 06:31:23 CET 2026
#@# thickness rh Fri Mar 13 06:31:23 CET 2026
#@# area and vertex vol rh Fri Mar 13 06:31:23 CET 2026
#@# Cortical ribbon mask Fri Mar 13 06:31:23 CET 2026
recon-all -s sub-v2s4x29596_ses-1 finished without error at Fri Mar 13 06:37:44 CET 2026



#New# invocation of recon-all 



status file for recon-all
Fri Mar 13 06:43:50 CET 2026
#@# white curv lh Fri Mar 13 06:43:51 CET 2026
#@# white area lh Fri Mar 13 06:43:51 CET 2026
#@# pial curv lh Fri Mar 13 06:43:51 CET 2026
#@# pial area lh Fri Mar 13 06:43:51 CET 2026
#@# thickness lh Fri Mar 13 06:43:51 CET 2026
#@# area and vertex vol lh Fri Mar 13 06:43:51 CET 2026
#@# white curv rh Fri Mar 13 06:43:51 CET 2026
#@# white area rh Fri Mar 13 06:43:51 CET 2026
#@# pial curv rh Fri Mar 13 06:43:51 CET 2026
#@# pial area rh Fri Mar 13 06:43:51 CET 2026
#@# thickness rh Fri Mar 13 06:43:51 CET 2026
#@# area and vertex vol rh Fri Mar 13 06:43:51 CET 2026
#@# Curvature Stats lh Fri Mar 13 06:43:51 CET 2026
#@# Curvature Stats rh Fri Mar 13 06:43:53 CET 2026
#@# Relabel Hypointensities Fri Mar 13 06:43:55 CET 2026
#@# APas-to-ASeg Fri Mar 13 06:44:10 CET 2026
#@# AParc-to-ASeg aparc Fri Mar 13 06:44:17 CET 2026
#@# AParc-to-ASeg aparc.a2009s Fri Mar 13 06:45:08 CET 2026
#@# AParc-to-ASeg aparc.DKTatlas Fri Mar 13 06:45:59 CET 2026
#@# WMParc Fri Mar 13 06:46:46 CET 2026
#@# ASeg Stats Fri Mar 13 06:50:43 CET 2026
recon-all -s sub-v2s4x29596_ses-1 finished without error at Fri Mar 13 06:51:23 CET 2026
