status file for recon-all
Fri Mar 13 04:23:31 CET 2026
#@# MotionCor Fri Mar 13 04:23:33 CET 2026
#@# Talairach Fri Mar 13 04:23:41 CET 2026
#@# Talairach Failure Detection Fri Mar 13 04:28:09 CET 2026
#@# Nu Intensity Correction Fri Mar 13 04:28:09 CET 2026
#@# Intensity Normalization Fri Mar 13 04:31:25 CET 2026
recon-all -s sub-v2s4x29599_ses-1 finished without error at Fri Mar 13 04:32:51 CET 2026



#New# invocation of recon-all 



status file for recon-all
Fri Mar 13 04:40:04 CET 2026
#@# EM Registration Fri Mar 13 04:40:04 CET 2026
recon-all -s sub-v2s4x29599_ses-1 finished without error at Fri Mar 13 04:41:37 CET 2026



#New# invocation of recon-all 



status file for recon-all
Fri Mar 13 04:41:38 CET 2026
#@# CA Normalize Fri Mar 13 04:41:38 CET 2026
#@# CA Reg Fri Mar 13 04:43:02 CET 2026
#@# SubCort Seg Fri Mar 13 05:29:35 CET 2026
#@# CC Seg Fri Mar 13 06:11:12 CET 2026
#@# Merge ASeg Fri Mar 13 06:11:54 CET 2026
#@# Intensity Normalization2 Fri Mar 13 06:11:54 CET 2026
#@# Mask BFS Fri Mar 13 06:14:05 CET 2026
#@# WM Segmentation Fri Mar 13 06:14:06 CET 2026
#@# Fill Fri Mar 13 06:16:28 CET 2026
recon-all -s sub-v2s4x29599_ses-1 finished without error at Fri Mar 13 06:17:30 CET 2026



#New# invocation of recon-all 



status file for recon-all
Fri Mar 13 07:53:21 CET 2026
#@# white curv lh Fri Mar 13 07:53:21 CET 2026
#@# white area lh Fri Mar 13 07:53:21 CET 2026
#@# pial curv lh Fri Mar 13 07:53:21 CET 2026
#@# pial area lh Fri Mar 13 07:53:21 CET 2026
#@# thickness lh Fri Mar 13 07:53:21 CET 2026
#@# area and vertex vol lh Fri Mar 13 07:53:21 CET 2026
#@# white curv rh Fri Mar 13 07:53:21 CET 2026
#@# white area rh Fri Mar 13 07:53:21 CET 2026
#@# pial curv rh Fri Mar 13 07:53:21 CET 2026
#@# pial area rh Fri Mar 13 07:53:21 CET 2026
#@# thickness rh Fri Mar 13 07:53:21 CET 2026
#@# area and vertex vol rh Fri Mar 13 07:53:21 CET 2026
#@# Cortical ribbon mask Fri Mar 13 07:53:21 CET 2026
recon-all -s sub-v2s4x29599_ses-1 finished without error at Fri Mar 13 07:57:54 CET 2026



#New# invocation of recon-all 



status file for recon-all
Fri Mar 13 08:04:17 CET 2026
#@# white curv lh Fri Mar 13 08:04:17 CET 2026
#@# white area lh Fri Mar 13 08:04:17 CET 2026
#@# pial curv lh Fri Mar 13 08:04:17 CET 2026
#@# pial area lh Fri Mar 13 08:04:17 CET 2026
#@# thickness lh Fri Mar 13 08:04:17 CET 2026
#@# area and vertex vol lh Fri Mar 13 08:04:17 CET 2026
#@# white curv rh Fri Mar 13 08:04:17 CET 2026
#@# white area rh Fri Mar 13 08:04:17 CET 2026
#@# pial curv rh Fri Mar 13 08:04:17 CET 2026
#@# pial area rh Fri Mar 13 08:04:17 CET 2026
#@# thickness rh Fri Mar 13 08:04:17 CET 2026
#@# area and vertex vol rh Fri Mar 13 08:04:17 CET 2026
#@# Curvature Stats lh Fri Mar 13 08:04:17 CET 2026
#@# Curvature Stats rh Fri Mar 13 08:04:20 CET 2026
#@# Relabel Hypointensities Fri Mar 13 08:04:22 CET 2026
#@# APas-to-ASeg Fri Mar 13 08:04:37 CET 2026
#@# AParc-to-ASeg aparc Fri Mar 13 08:04:45 CET 2026
#@# AParc-to-ASeg aparc.a2009s Fri Mar 13 08:05:21 CET 2026
#@# AParc-to-ASeg aparc.DKTatlas Fri Mar 13 08:05:58 CET 2026
#@# WMParc Fri Mar 13 08:06:35 CET 2026
#@# ASeg Stats Fri Mar 13 08:10:13 CET 2026
recon-all -s sub-v2s4x29599_ses-1 finished without error at Fri Mar 13 08:10:51 CET 2026
