status file for recon-all
Fri Mar 13 06:17:35 CET 2026
#@# Tessellate lh Fri Mar 13 06:17:35 CET 2026
#@# Smooth1 lh Fri Mar 13 06:17:38 CET 2026
#@# Inflation1 lh Fri Mar 13 06:17:41 CET 2026
#@# QSphere lh Fri Mar 13 06:17:52 CET 2026
#@# Fix Topology lh Fri Mar 13 06:18:51 CET 2026
#@# Smooth2 lh Fri Mar 13 06:43:00 CET 2026
#@# Inflation2 lh Fri Mar 13 06:43:02 CET 2026
#@# Curv .H and .K lh Fri Mar 13 06:43:15 CET 2026
#@# Sphere lh Fri Mar 13 06:43:56 CET 2026
#@# Surf Reg lh Fri Mar 13 06:51:33 CET 2026
#@# Jacobian white lh Fri Mar 13 06:57:42 CET 2026
#@# AvgCurv lh Fri Mar 13 06:57:43 CET 2026
#@# Cortical Parc lh Fri Mar 13 06:57:44 CET 2026
#@# white curv lh Fri Mar 13 07:05:28 CET 2026
#@# white area lh Fri Mar 13 07:05:30 CET 2026
#@# pial curv lh Fri Mar 13 07:05:31 CET 2026
#@# pial area lh Fri Mar 13 07:05:33 CET 2026
#@# thickness lh Fri Mar 13 07:05:33 CET 2026
#@# area and vertex vol lh Fri Mar 13 07:06:01 CET 2026
#@# Curvature Stats lh Fri Mar 13 07:06:03 CET 2026
#@# Cortical Parc 2 lh Fri Mar 13 07:06:05 CET 2026
#@# Cortical Parc 3 lh Fri Mar 13 07:06:17 CET 2026
#@# WM/GM Contrast lh Fri Mar 13 07:06:27 CET 2026
recon-all -s sub-v2s4x29599_ses-1 finished without error at Fri Mar 13 07:06:29 CET 2026



#New# invocation of recon-all 



status file for recon-all
Fri Mar 13 07:57:59 CET 2026
#@# white curv lh Fri Mar 13 07:57:59 CET 2026
#@# white area lh Fri Mar 13 07:57:59 CET 2026
#@# pial curv lh Fri Mar 13 07:57:59 CET 2026
#@# pial area lh Fri Mar 13 07:57:59 CET 2026
#@# thickness lh Fri Mar 13 07:57:59 CET 2026
#@# area and vertex vol lh Fri Mar 13 07:57:59 CET 2026
#@# Parcellation Stats lh Fri Mar 13 07:57:59 CET 2026
#@# Parcellation Stats 2 lh Fri Mar 13 07:58:16 CET 2026
#@# Parcellation Stats 3 lh Fri Mar 13 07:58:24 CET 2026
#@# BA_exvivo Labels lh Fri Mar 13 07:58:33 CET 2026
recon-all -s sub-v2s4x29599_ses-1 finished without error at Fri Mar 13 08:01:04 CET 2026
