status file for recon-all
Fri Mar 13 06:22:34 CET 2026
#@# MotionCor Fri Mar 13 06:22:35 CET 2026
#@# Talairach Fri Mar 13 06:22:43 CET 2026
#@# Talairach Failure Detection Fri Mar 13 06:27:08 CET 2026
#@# Nu Intensity Correction Fri Mar 13 06:27:08 CET 2026
#@# Intensity Normalization Fri Mar 13 06:30:22 CET 2026
recon-all -s sub-v2s4x29634_ses-1 finished without error at Fri Mar 13 06:31:55 CET 2026



#New# invocation of recon-all 



status file for recon-all
Fri Mar 13 06:38:58 CET 2026
#@# EM Registration Fri Mar 13 06:38:58 CET 2026
recon-all -s sub-v2s4x29634_ses-1 finished without error at Fri Mar 13 06:41:10 CET 2026



#New# invocation of recon-all 



status file for recon-all
Fri Mar 13 06:41:12 CET 2026
#@# CA Normalize Fri Mar 13 06:41:12 CET 2026
#@# CA Reg Fri Mar 13 06:42:36 CET 2026
#@# SubCort Seg Fri Mar 13 07:34:52 CET 2026
#@# CC Seg Fri Mar 13 08:10:57 CET 2026
#@# Merge ASeg Fri Mar 13 08:11:37 CET 2026
#@# Intensity Normalization2 Fri Mar 13 08:11:37 CET 2026
#@# Mask BFS Fri Mar 13 08:13:54 CET 2026
#@# WM Segmentation Fri Mar 13 08:13:55 CET 2026
#@# Fill Fri Mar 13 08:16:03 CET 2026
recon-all -s sub-v2s4x29634_ses-1 finished without error at Fri Mar 13 08:17:03 CET 2026



#New# invocation of recon-all 



status file for recon-all
Fri Mar 13 09:02:57 CET 2026
#@# white curv lh Fri Mar 13 09:02:57 CET 2026
#@# white area lh Fri Mar 13 09:02:57 CET 2026
#@# pial curv lh Fri Mar 13 09:02:57 CET 2026
#@# pial area lh Fri Mar 13 09:02:57 CET 2026
#@# thickness lh Fri Mar 13 09:02:57 CET 2026
#@# area and vertex vol lh Fri Mar 13 09:02:57 CET 2026
#@# white curv rh Fri Mar 13 09:02:57 CET 2026
#@# white area rh Fri Mar 13 09:02:57 CET 2026
#@# pial curv rh Fri Mar 13 09:02:57 CET 2026
#@# pial area rh Fri Mar 13 09:02:57 CET 2026
#@# thickness rh Fri Mar 13 09:02:57 CET 2026
#@# area and vertex vol rh Fri Mar 13 09:02:57 CET 2026
#@# Cortical ribbon mask Fri Mar 13 09:02:57 CET 2026
recon-all -s sub-v2s4x29634_ses-1 finished without error at Fri Mar 13 09:08:16 CET 2026



#New# invocation of recon-all 



status file for recon-all
Fri Mar 13 09:15:13 CET 2026
#@# white curv lh Fri Mar 13 09:15:13 CET 2026
#@# white area lh Fri Mar 13 09:15:13 CET 2026
#@# pial curv lh Fri Mar 13 09:15:13 CET 2026
#@# pial area lh Fri Mar 13 09:15:13 CET 2026
#@# thickness lh Fri Mar 13 09:15:13 CET 2026
#@# area and vertex vol lh Fri Mar 13 09:15:13 CET 2026
#@# white curv rh Fri Mar 13 09:15:13 CET 2026
#@# white area rh Fri Mar 13 09:15:13 CET 2026
#@# pial curv rh Fri Mar 13 09:15:13 CET 2026
#@# pial area rh Fri Mar 13 09:15:13 CET 2026
#@# thickness rh Fri Mar 13 09:15:13 CET 2026
#@# area and vertex vol rh Fri Mar 13 09:15:13 CET 2026
#@# Curvature Stats lh Fri Mar 13 09:15:13 CET 2026
#@# Curvature Stats rh Fri Mar 13 09:15:16 CET 2026
#@# Relabel Hypointensities Fri Mar 13 09:15:18 CET 2026
#@# APas-to-ASeg Fri Mar 13 09:15:33 CET 2026
#@# AParc-to-ASeg aparc Fri Mar 13 09:15:42 CET 2026
#@# AParc-to-ASeg aparc.a2009s Fri Mar 13 09:16:27 CET 2026
#@# AParc-to-ASeg aparc.DKTatlas Fri Mar 13 09:17:12 CET 2026
#@# WMParc Fri Mar 13 09:17:59 CET 2026
#@# ASeg Stats Fri Mar 13 09:21:56 CET 2026
recon-all -s sub-v2s4x29634_ses-1 finished without error at Fri Mar 13 09:22:40 CET 2026
