status file for recon-all
Fri Mar 13 08:17:07 CET 2026
#@# Tessellate lh Fri Mar 13 08:17:07 CET 2026
#@# Smooth1 lh Fri Mar 13 08:17:10 CET 2026
#@# Inflation1 lh Fri Mar 13 08:17:13 CET 2026
#@# QSphere lh Fri Mar 13 08:17:34 CET 2026
#@# Fix Topology lh Fri Mar 13 08:18:56 CET 2026
#@# Smooth2 lh Fri Mar 13 08:24:55 CET 2026
#@# Inflation2 lh Fri Mar 13 08:24:58 CET 2026
#@# Curv .H and .K lh Fri Mar 13 08:25:12 CET 2026
#@# Sphere lh Fri Mar 13 08:25:57 CET 2026
#@# Surf Reg lh Fri Mar 13 08:28:23 CET 2026
#@# Jacobian white lh Fri Mar 13 08:32:08 CET 2026
#@# AvgCurv lh Fri Mar 13 08:32:10 CET 2026
#@# Cortical Parc lh Fri Mar 13 08:32:10 CET 2026
#@# white curv lh Fri Mar 13 08:38:38 CET 2026
#@# white area lh Fri Mar 13 08:38:40 CET 2026
#@# pial curv lh Fri Mar 13 08:38:40 CET 2026
#@# pial area lh Fri Mar 13 08:38:42 CET 2026
#@# thickness lh Fri Mar 13 08:38:43 CET 2026
#@# area and vertex vol lh Fri Mar 13 08:39:13 CET 2026
#@# Curvature Stats lh Fri Mar 13 08:39:14 CET 2026
#@# Cortical Parc 2 lh Fri Mar 13 08:39:17 CET 2026
#@# Cortical Parc 3 lh Fri Mar 13 08:39:30 CET 2026
#@# WM/GM Contrast lh Fri Mar 13 08:39:39 CET 2026
recon-all -s sub-v2s4x29634_ses-1 finished without error at Fri Mar 13 08:39:42 CET 2026



#New# invocation of recon-all 



status file for recon-all
Fri Mar 13 09:08:22 CET 2026
#@# white curv lh Fri Mar 13 09:08:22 CET 2026
#@# white area lh Fri Mar 13 09:08:22 CET 2026
#@# pial curv lh Fri Mar 13 09:08:22 CET 2026
#@# pial area lh Fri Mar 13 09:08:22 CET 2026
#@# thickness lh Fri Mar 13 09:08:22 CET 2026
#@# area and vertex vol lh Fri Mar 13 09:08:22 CET 2026
#@# Parcellation Stats lh Fri Mar 13 09:08:22 CET 2026
#@# Parcellation Stats 2 lh Fri Mar 13 09:08:41 CET 2026
#@# Parcellation Stats 3 lh Fri Mar 13 09:08:51 CET 2026
#@# BA_exvivo Labels lh Fri Mar 13 09:09:00 CET 2026
recon-all -s sub-v2s4x29634_ses-1 finished without error at Fri Mar 13 09:11:47 CET 2026
