status file for recon-all
Fri Mar 13 05:24:17 CET 2026
#@# Tessellate lh Fri Mar 13 05:24:17 CET 2026
#@# Smooth1 lh Fri Mar 13 05:24:21 CET 2026
#@# Inflation1 lh Fri Mar 13 05:24:24 CET 2026
#@# QSphere lh Fri Mar 13 05:24:37 CET 2026
#@# Fix Topology lh Fri Mar 13 05:25:41 CET 2026
#@# Smooth2 lh Fri Mar 13 05:30:36 CET 2026
#@# Inflation2 lh Fri Mar 13 05:30:38 CET 2026
#@# Curv .H and .K lh Fri Mar 13 05:30:53 CET 2026
#@# Sphere lh Fri Mar 13 05:31:38 CET 2026
#@# Surf Reg lh Fri Mar 13 05:33:49 CET 2026
#@# Jacobian white lh Fri Mar 13 05:37:13 CET 2026
#@# AvgCurv lh Fri Mar 13 05:37:14 CET 2026
#@# Cortical Parc lh Fri Mar 13 05:37:15 CET 2026
#@# white curv lh Fri Mar 13 05:43:09 CET 2026
#@# white area lh Fri Mar 13 05:43:11 CET 2026
#@# pial curv lh Fri Mar 13 05:43:12 CET 2026
#@# pial area lh Fri Mar 13 05:43:14 CET 2026
#@# thickness lh Fri Mar 13 05:43:14 CET 2026
#@# area and vertex vol lh Fri Mar 13 05:43:42 CET 2026
#@# Curvature Stats lh Fri Mar 13 05:43:44 CET 2026
#@# Cortical Parc 2 lh Fri Mar 13 05:43:47 CET 2026
#@# Cortical Parc 3 lh Fri Mar 13 05:44:01 CET 2026
#@# WM/GM Contrast lh Fri Mar 13 05:44:11 CET 2026
recon-all -s sub-v2s4x29582_ses-1 finished without error at Fri Mar 13 05:44:14 CET 2026



#New# invocation of recon-all 



status file for recon-all
Fri Mar 13 06:09:25 CET 2026
#@# white curv lh Fri Mar 13 06:09:25 CET 2026
#@# white area lh Fri Mar 13 06:09:25 CET 2026
#@# pial curv lh Fri Mar 13 06:09:25 CET 2026
#@# pial area lh Fri Mar 13 06:09:25 CET 2026
#@# thickness lh Fri Mar 13 06:09:25 CET 2026
#@# area and vertex vol lh Fri Mar 13 06:09:25 CET 2026
#@# Parcellation Stats lh Fri Mar 13 06:09:25 CET 2026
#@# Parcellation Stats 2 lh Fri Mar 13 06:09:42 CET 2026
#@# Parcellation Stats 3 lh Fri Mar 13 06:09:52 CET 2026
#@# BA_exvivo Labels lh Fri Mar 13 06:10:01 CET 2026
recon-all -s sub-v2s4x29582_ses-1 finished without error at Fri Mar 13 06:12:39 CET 2026
