status file for recon-all
Fri Mar 13 03:38:00 CET 2026
#@# MotionCor Fri Mar 13 03:38:02 CET 2026
#@# Talairach Fri Mar 13 03:38:10 CET 2026
#@# Talairach Failure Detection Fri Mar 13 03:42:36 CET 2026
#@# Nu Intensity Correction Fri Mar 13 03:42:36 CET 2026
#@# Intensity Normalization Fri Mar 13 03:45:54 CET 2026
recon-all -s sub-v2s4x29582_ses-1 finished without error at Fri Mar 13 03:47:26 CET 2026



#New# invocation of recon-all 



status file for recon-all
Fri Mar 13 03:54:30 CET 2026
#@# EM Registration Fri Mar 13 03:54:30 CET 2026
recon-all -s sub-v2s4x29582_ses-1 finished without error at Fri Mar 13 03:56:55 CET 2026



#New# invocation of recon-all 



status file for recon-all
Fri Mar 13 03:56:57 CET 2026
#@# CA Normalize Fri Mar 13 03:56:57 CET 2026
#@# CA Reg Fri Mar 13 03:58:18 CET 2026
#@# SubCort Seg Fri Mar 13 04:41:46 CET 2026
#@# CC Seg Fri Mar 13 05:18:14 CET 2026
#@# Merge ASeg Fri Mar 13 05:18:52 CET 2026
#@# Intensity Normalization2 Fri Mar 13 05:18:52 CET 2026
#@# Mask BFS Fri Mar 13 05:21:06 CET 2026
#@# WM Segmentation Fri Mar 13 05:21:07 CET 2026
#@# Fill Fri Mar 13 05:23:12 CET 2026
recon-all -s sub-v2s4x29582_ses-1 finished without error at Fri Mar 13 05:24:12 CET 2026



#New# invocation of recon-all 



status file for recon-all
Fri Mar 13 06:06:15 CET 2026
#@# white curv lh Fri Mar 13 06:06:15 CET 2026
#@# white area lh Fri Mar 13 06:06:15 CET 2026
#@# pial curv lh Fri Mar 13 06:06:15 CET 2026
#@# pial area lh Fri Mar 13 06:06:15 CET 2026
#@# thickness lh Fri Mar 13 06:06:15 CET 2026
#@# area and vertex vol lh Fri Mar 13 06:06:15 CET 2026
#@# white curv rh Fri Mar 13 06:06:15 CET 2026
#@# white area rh Fri Mar 13 06:06:15 CET 2026
#@# pial curv rh Fri Mar 13 06:06:15 CET 2026
#@# pial area rh Fri Mar 13 06:06:15 CET 2026
#@# thickness rh Fri Mar 13 06:06:15 CET 2026
#@# area and vertex vol rh Fri Mar 13 06:06:15 CET 2026
#@# Cortical ribbon mask Fri Mar 13 06:06:15 CET 2026
recon-all -s sub-v2s4x29582_ses-1 finished without error at Fri Mar 13 06:09:18 CET 2026



#New# invocation of recon-all 



status file for recon-all
Fri Mar 13 06:15:59 CET 2026
#@# white curv lh Fri Mar 13 06:15:59 CET 2026
#@# white area lh Fri Mar 13 06:15:59 CET 2026
#@# pial curv lh Fri Mar 13 06:15:59 CET 2026
#@# pial area lh Fri Mar 13 06:15:59 CET 2026
#@# thickness lh Fri Mar 13 06:15:59 CET 2026
#@# area and vertex vol lh Fri Mar 13 06:15:59 CET 2026
#@# white curv rh Fri Mar 13 06:15:59 CET 2026
#@# white area rh Fri Mar 13 06:15:59 CET 2026
#@# pial curv rh Fri Mar 13 06:15:59 CET 2026
#@# pial area rh Fri Mar 13 06:15:59 CET 2026
#@# thickness rh Fri Mar 13 06:15:59 CET 2026
#@# area and vertex vol rh Fri Mar 13 06:15:59 CET 2026
#@# Curvature Stats lh Fri Mar 13 06:15:59 CET 2026
#@# Curvature Stats rh Fri Mar 13 06:16:02 CET 2026
#@# Relabel Hypointensities Fri Mar 13 06:16:05 CET 2026
#@# APas-to-ASeg Fri Mar 13 06:16:19 CET 2026
#@# AParc-to-ASeg aparc Fri Mar 13 06:16:27 CET 2026
#@# AParc-to-ASeg aparc.a2009s Fri Mar 13 06:16:57 CET 2026
#@# AParc-to-ASeg aparc.DKTatlas Fri Mar 13 06:17:32 CET 2026
#@# WMParc Fri Mar 13 06:18:00 CET 2026
#@# ASeg Stats Fri Mar 13 06:21:34 CET 2026
recon-all -s sub-v2s4x29582_ses-1 finished without error at Fri Mar 13 06:22:16 CET 2026
