/out/sourcedata/freesurfer/sub-v2s4x29609_ses-1/mri
/opt/freesurfer/bin/talairach_avi
--i orig_nu.mgz --xfm transforms/talairach.auto.xfm
talairach_avi 7.3.2
Linux dna069 5.14.0-427.37.1.el9_4.x86_64 #1 SMP PREEMPT_DYNAMIC Fri Sep 13 12:41:50 EDT 2024 x86_64 x86_64 x86_64 GNU/Linux
Fri Mar 13 04:55:07 CET 2026
mri_convert orig_nu.mgz talsrcimg.img 
reading from orig_nu.mgz...
TR=0.00, TE=0.00, TI=0.00, flip angle=0.00
i_ras = (-1, 3.72804e-09, 0)
j_ras = (-7.45058e-09, -2.45118e-11, -1)
k_ras = (-3.66992e-09, 1, -4.93615e-10)
writing to talsrcimg.img...
Analyze Output Matrix
-1.00000  -0.00000  -0.00000   132.66837;
 0.00000  -0.00000   1.00000  -127.21462;
 0.00000  -1.00000  -0.00000   125.77139;
 0.00000   0.00000   0.00000   1.00000;
--------------------
INFO: set hdr.hist.orient to -1
mpr2mni305 talsrcimg
Fri Mar 13 04:55:08 CET 2026
/opt/freesurfer/bin/mpr2mni305 talsrcimg
mpr2mni305 7.3.2
target=711-2C_as_mni_average_305

---------------------------------------------------------------------
analyzeto4dfp talsrcimg -O0 -y
---------------------------------------------------------------------

freesurfer ifh2hdr.c
Fri Mar 13 04:55:08 2026
Writing: talsrcimg.4dfp.hdr
freesurfer analyzeto4dfp.c
Reading: talsrcimg.hdr
header size 348 bytes
hdr.dime.datatype	offset=70	value=2
hdr.dime.bitpix		offset=72	value=8
hdr.hist.orient		offset=252	value=-1
dimensionality     4
dimensions       256       256       256         1
Reading: talsrcimg.img
Writing: talsrcimg.4dfp.img
Writing: talsrcimg.4dfp.ifh
ifh2hdr talsrcimg -r0to255
ori=2

---------------------------------------------------------------------
gauss_4dfp talsrcimg 1.1
---------------------------------------------------------------------

freesurfer gauss_4dfp.c
Reading: talsrcimg.4dfp.img
Writing: talsrcimg_g11.4dfp.img
image dimensions 256 256 256 padded to 288 288 288
processing volume 1freesurfer ifh2hdr.c
Fri Mar 13 04:55:09 2026
Writing: talsrcimg_g11.4dfp.hdr

Writing: talsrcimg_g11.4dfp.ifh
including: talsrcimg.4dfp.img.rec in talsrcimg_g11.4dfp.img.rec

---------------------------------------------------------------------
imgreg_4dfp /opt/freesurfer/average/711-2C_as_mni_average_305 none talsrcimg_g11 none talsrcimg_to_711-2C_as_mni_average_305_t4 4355
---------------------------------------------------------------------

freesurfer imgreg_4dfp.c
/opt/freesurfer/average/711-2C_as_mni_average_305.4dfp.img
       256       256       256         1
  1.000000  1.000000  1.000000
orientation T byte_order littleendian
Reading image: /opt/freesurfer/average/711-2C_as_mni_average_305.4dfp.img
dimensions:      256       256       256
mmppix:       1.0000   -1.0000   -1.0000
center:     128.0000 -129.0000 -129.0000
talsrcimg_g11.4dfp.img
       256       256       256         1
  1.000000  1.000000  1.000000
orientation T byte_order littleendian
Reading image: talsrcimg_g11.4dfp.img
dimensions:      256       256       256
mmppix:       1.0000   -1.0000   -1.0000
center:     128.0000 -129.0000 -129.0000
t4_read: open error in t4_sub.f l:  41 t4_file(1:l)talsrcimg_to_711-2C_as_mni_average_305_t4 
t4_read: transform initialized to I4
rotation matrix determinant  1.000000
image alignment mode   4355 decimal     1103 hex
   -7.5000  -45.0000  -45.0000 6977.1475   12.0418
    0.0000  -45.0000  -45.0000 7269.9141   12.0758
    7.5000  -45.0000  -45.0000 6935.7100   12.1036
   -7.5000  -37.5000  -45.0000 7517.9536   11.8986
    0.0000  -37.5000  -45.0000 7824.8345   11.9309
    7.5000  -37.5000  -45.0000 7475.9087   11.9577
   -7.5000  -30.0000  -45.0000 8422.2666   11.8289
    0.0000  -30.0000  -45.0000 8757.4053   11.8627
    7.5000  -30.0000  -45.0000 8363.8281   11.8884
   -7.5000  -22.5000  -45.0000 9367.8486   11.8299
    0.0000  -22.5000  -45.0000 9738.7930   11.8665
    7.5000  -22.5000  -45.0000 9312.1348   11.8916
   -7.5000  -15.0000  -45.000010196.3760   11.8457
    0.0000  -15.0000  -45.000010609.7197   11.8833
    7.5000  -15.0000  -45.000010125.8818   11.9087
   -7.5000   -7.5000  -45.000010962.8838   11.8620
    0.0000   -7.5000  -45.000011389.1289   11.8978
    7.5000   -7.5000  -45.000010843.5752   11.9244
   -7.5000    0.0000  -45.000011675.2568   11.8634
    0.0000    0.0000  -45.000012111.9473   11.8965
    7.5000    0.0000  -45.000011540.2715   11.9235
   -7.5000    7.5000  -45.000011513.9326   11.8461
    0.0000    7.5000  -45.000011964.1396   11.8781
    7.5000    7.5000  -45.000011396.4014   11.9045
   -7.5000   15.0000  -45.000011328.7051   11.8289
    0.0000   15.0000  -45.000011773.4883   11.8626
    7.5000   15.0000  -45.000011215.5967   11.8884
   -7.5000   22.5000  -45.000010988.9980   11.8283
    0.0000   22.5000  -45.000011401.5156   11.8649
    7.5000   22.5000  -45.000010807.8652   11.8899
   -7.5000   30.0000  -45.000010576.6416   11.6879
    0.0000   30.0000  -45.000010962.7676   11.7249
    7.5000   30.0000  -45.000010365.1348   11.7500
   -7.5000   37.5000  -45.000010153.7734   11.7039
    0.0000   37.5000  -45.000010526.6152   11.7393
    7.5000   37.5000  -45.0000 9954.2637   11.7655
   -7.5000   45.0000  -45.0000 9296.0205   11.4081
    0.0000   45.0000  -45.0000 9660.1299   11.4399
    7.5000   45.0000  -45.0000 9139.5342   11.4659
   -7.5000  -45.0000  -37.5000 7448.4185   11.9757
    0.0000  -45.0000  -37.5000 7737.8794   12.0120
    7.5000  -45.0000  -37.5000 7401.7837   12.0412
   -7.5000  -37.5000  -37.5000 8045.2021   11.8343
    0.0000  -37.5000  -37.5000 8362.4492   11.8694
    7.5000  -37.5000  -37.5000 7996.0889   11.8977
   -7.5000  -30.0000  -37.5000 9034.3457   11.7627
    0.0000  -30.0000  -37.5000 9397.1699   11.7995
    7.5000  -30.0000  -37.5000 8962.1357   11.8268
   -7.5000  -22.5000  -37.500010046.1953   11.7605
    0.0000  -22.5000  -37.500010442.8740   11.7994
    7.5000  -22.5000  -37.5000 9958.8379   11.8260
   -7.5000  -15.0000  -37.500010927.7100   11.7756
    0.0000  -15.0000  -37.500011365.4717   11.8150
    7.5000  -15.0000  -37.500010826.5576   11.8420
   -7.5000   -7.5000  -37.500011730.4414   11.7950
    0.0000   -7.5000  -37.500012185.9189   11.8328
    7.5000   -7.5000  -37.500011578.0625   11.8607
   -7.5000    0.0000  -37.500012485.3135   11.7995
    0.0000    0.0000  -37.500012944.6377   11.8348
    7.5000    0.0000  -37.500012313.0664   11.8631
   -7.5000    7.5000  -37.500012299.0752   11.7823
    0.0000    7.5000  -37.500012770.6045   11.8171
    7.5000    7.5000  -37.500012159.3867   11.8451
   -7.5000   15.0000  -37.500012089.7041   11.7627
    0.0000   15.0000  -37.500012538.3994   11.7994
    7.5000   15.0000  -37.500011925.3574   11.8267
   -7.5000   22.5000  -37.500011688.1943   11.7589
    0.0000   22.5000  -37.500012102.6846   11.7977
    7.5000   22.5000  -37.500011465.6885   11.8244
   -7.5000   30.0000  -37.500011213.1758   11.6187
    0.0000   30.0000  -37.500011600.7002   11.6575
    7.5000   30.0000  -37.500010980.2344   11.6842
   -7.5000   37.5000  -37.500010763.1133   11.6378
    0.0000   37.5000  -37.500011161.9160   11.6751
    7.5000   37.5000  -37.500010585.7988   11.7027
   -7.5000   45.0000  -37.5000 9825.5615   11.3466
    0.0000   45.0000  -37.500010200.2080   11.3806
    7.5000   45.0000  -37.5000 9662.2373   11.4078
   -7.5000  -45.0000  -30.0000 8117.4971   12.4533
    0.0000  -45.0000  -30.0000 8420.7432   12.4925
    7.5000  -45.0000  -30.0000 8033.1836   12.5203
   -7.5000  -37.5000  -30.0000 8782.9580   12.3080
    0.0000  -37.5000  -30.0000 9125.1074   12.3459
    7.5000  -37.5000  -30.0000 8689.3877   12.3724
   -7.5000  -30.0000  -30.0000 9857.0938   12.2342
    0.0000  -30.0000  -30.000010251.3047   12.2739
    7.5000  -30.0000  -30.0000 9736.1934   12.3005
   -7.5000  -22.5000  -30.000010942.1855   12.2308
    0.0000  -22.5000  -30.000011376.3965   12.2727
    7.5000  -22.5000  -30.000010802.4229   12.3002
   -7.5000  -15.0000  -30.000011879.5010   12.2456
    0.0000  -15.0000  -30.000012340.2500   12.2883
    7.5000  -15.0000  -30.000011741.2998   12.3167
   -7.5000   -7.5000  -30.000012740.3496   12.2652
    0.0000   -7.5000  -30.000013226.7715   12.3065
    7.5000   -7.5000  -30.000012555.8750   12.3347
   -7.5000    0.0000  -30.000013547.2090   12.2704
    0.0000    0.0000  -30.000014042.6191   12.3087
    7.5000    0.0000  -30.000013337.7568   12.3357
   -7.5000    7.5000  -30.000013344.4014   12.2541
    0.0000    7.5000  -30.000013840.1104   12.2916
    7.5000    7.5000  -30.000013157.9482   12.3178
   -7.5000   15.0000  -30.000013073.3486   12.2342
    0.0000   15.0000  -30.000013546.9561   12.2738
    7.5000   15.0000  -30.000012861.0449   12.3004
   -7.5000   22.5000  -30.000012589.6807   12.2279
    0.0000   22.5000  -30.000013023.1934   12.2697
    7.5000   22.5000  -30.000012348.2061   12.2973
   -7.5000   30.0000  -30.000012041.5488   12.0836
    0.0000   30.0000  -30.000012439.8516   12.1257
    7.5000   30.0000  -30.000011789.6709   12.1537
   -7.5000   37.5000  -30.000011562.2529   12.1029
    0.0000   37.5000  -30.000011976.3115   12.1436
    7.5000   37.5000  -30.000011373.1133   12.1715
   -7.5000   45.0000  -30.000010556.9941   11.8081
    0.0000   45.0000  -30.000010931.3291   11.8450
    7.5000   45.0000  -30.000010385.6104   11.8710
   -7.5000  -45.0000  -22.5000 8785.0283   12.8689
    0.0000  -45.0000  -22.5000 9132.5312   12.9074
    7.5000  -45.0000  -22.5000 8680.1836   12.9303
   -7.5000  -37.5000  -22.5000 9516.9639   12.7204
    0.0000  -37.5000  -22.5000 9912.3984   12.7567
    7.5000  -37.5000  -22.5000 9399.4189   12.7778
   -7.5000  -30.0000  -22.500010674.8730   12.6476
    0.0000  -30.0000  -22.500011120.6348   12.6858
    7.5000  -30.0000  -22.500010527.8027   12.7086
   -7.5000  -22.5000  -22.500011821.5303   12.6467
    0.0000  -22.5000  -22.500012299.2900   12.6883
    7.5000  -22.5000  -22.500011653.6670   12.7137
   -7.5000  -15.0000  -22.500012845.5967   12.6616
    0.0000  -15.0000  -22.500013345.7256   12.7049
    7.5000  -15.0000  -22.500012659.2197   12.7316
   -7.5000   -7.5000  -22.500013777.4297   12.6777
    0.0000   -7.5000  -22.500014300.2520   12.7193
    7.5000   -7.5000  -22.500013554.3740   12.7447
   -7.5000    0.0000  -22.500014643.6064   12.6799
    0.0000    0.0000  -22.500015174.0127   12.7176
    7.5000    0.0000  -22.500014371.1592   12.7398
   -7.5000    7.5000  -22.500014429.8848   12.6647
    0.0000    7.5000  -22.500014940.3281   12.7007
    7.5000    7.5000  -22.500014165.8281   12.7215
   -7.5000   15.0000  -22.500014070.1914   12.6476
    0.0000   15.0000  -22.500014587.4785   12.6858
    7.5000   15.0000  -22.500013831.3594   12.7085
   -7.5000   22.5000  -22.500013501.5986   12.6428
    0.0000   22.5000  -22.500013971.9766   12.6844
    7.5000   22.5000  -22.500013239.4795   12.7098
   -7.5000   30.0000  -22.500012874.5654   12.4960
    0.0000   30.0000  -22.500013285.7168   12.5387
    7.5000   30.0000  -22.500012590.2969   12.5651
   -7.5000   37.5000  -22.500012380.4512   12.5119
    0.0000   37.5000  -22.500012799.9473   12.5529
    7.5000   37.5000  -22.500012166.0938   12.5780
   -7.5000   45.0000  -22.500011300.2939   12.2114
    0.0000   45.0000  -22.500011678.5518   12.2477
    7.5000   45.0000  -22.500011120.5693   12.2691
   -7.5000  -45.0000  -15.0000 9459.5918   13.1868
    0.0000  -45.0000  -15.0000 9825.9736   13.2229
    7.5000  -45.0000  -15.0000 9325.9785   13.2435
   -7.5000  -37.5000  -15.000010247.0127   13.0347
    0.0000  -37.5000  -15.000010665.0625   13.0680
    7.5000  -37.5000  -15.000010101.5918   13.0865
   -7.5000  -30.0000  -15.000011459.7773   12.9633
    0.0000  -30.0000  -15.000011922.0498   12.9986
    7.5000  -30.0000  -15.000011291.6289   13.0190
   -7.5000  -22.5000  -15.000012677.3232   12.9658
    0.0000  -22.5000  -15.000013184.8906   13.0055
    7.5000  -22.5000  -15.000012498.0859   13.0291
   -7.5000  -15.0000  -15.000013792.8682   12.9814
    0.0000  -15.0000  -15.000014337.3584   13.0233
    7.5000  -15.0000  -15.000013578.2754   13.0482
   -7.5000   -7.5000  -15.000014805.4658   12.9940
    0.0000   -7.5000  -15.000015376.8174   13.0338
    7.5000   -7.5000  -15.000014553.0156   13.0572
   -7.5000    0.0000  -15.000015727.9746   12.9928
    0.0000    0.0000  -15.000016298.6777   13.0281
    7.5000    0.0000  -15.000015388.1289   13.0480
   -7.5000    7.5000  -15.000015490.4346   12.9776
    0.0000    7.5000  -15.000016047.7041   13.0105
    7.5000    7.5000  -15.000015152.9561   13.0288
   -7.5000   15.0000  -15.000015071.0244   12.9632
    0.0000   15.0000  -15.000015649.3389   12.9985
    7.5000   15.0000  -15.000014809.5400   13.0190
   -7.5000   22.5000  -15.000014444.5791   12.9612
    0.0000   22.5000  -15.000014971.0488   13.0009
    7.5000   22.5000  -15.000014169.6357   13.0245
   -7.5000   30.0000  -15.000013692.7500   12.8134
    0.0000   30.0000  -15.000014155.5020   12.8547
    7.5000   30.0000  -15.000013397.8838   12.8793
   -7.5000   37.5000  -15.000013190.7520   12.8258
    0.0000   37.5000  -15.000013641.2344   12.8651
    7.5000   37.5000  -15.000012972.0049   12.8882
   -7.5000   45.0000  -15.000012043.4814   12.5202
    0.0000   45.0000  -15.000012458.5088   12.5543
    7.5000   45.0000  -15.000011879.8662   12.5735
   -7.5000  -45.0000   -7.500010140.8711   13.3659
    0.0000  -45.0000   -7.500010546.6504   13.4017
    7.5000  -45.0000   -7.500010002.5791   13.4267
   -7.5000  -37.5000   -7.500010963.7627   13.2093
    0.0000  -37.5000   -7.500011426.1465   13.2425
    7.5000  -37.5000   -7.500010834.2559   13.2659
   -7.5000  -30.0000   -7.500012238.1074   13.1356
    0.0000  -30.0000   -7.500012753.6309   13.1707
    7.5000  -30.0000   -7.500012094.2861   13.1945
   -7.5000  -22.5000   -7.500013539.4199   13.1391
    0.0000  -22.5000   -7.500014120.2266   13.1784
    7.5000  -22.5000   -7.500013361.8418   13.2035
   -7.5000  -15.0000   -7.500014744.3496   13.1562
    0.0000  -15.0000   -7.500015380.0322   13.1973
    7.5000  -15.0000   -7.500014529.6396   13.2232
   -7.5000   -7.5000   -7.500015855.0635   13.1702
    0.0000   -7.5000   -7.500016512.3672   13.2091
    7.5000   -7.5000   -7.500015593.8604   13.2351
   -7.5000    0.0000   -7.500016822.8008   13.1688
    0.0000    0.0000   -7.500017479.4766   13.2038
    7.5000    0.0000   -7.500016466.7930   13.2281
   -7.5000    7.5000   -7.500016521.7754   13.1513
    0.0000    7.5000   -7.500017186.1152   13.1842
    7.5000    7.5000   -7.500016173.8242   13.2073
   -7.5000   15.0000   -7.500016065.7363   13.1356
    0.0000   15.0000   -7.500016703.7617   13.1706
    7.5000   15.0000   -7.500015778.7764   13.1945
   -7.5000   22.5000   -7.500015369.4775   13.1330
    0.0000   22.5000   -7.500015978.3945   13.1723
    7.5000   22.5000   -7.500015083.5869   13.1974
   -7.5000   30.0000   -7.500014539.2139   12.9856
    0.0000   30.0000   -7.500015075.8105   13.0262
    7.5000   30.0000   -7.500014213.0088   13.0517
   -7.5000   37.5000   -7.500014026.0088   12.9994
    0.0000   37.5000   -7.500014536.6650   13.0378
    7.5000   37.5000   -7.500013739.5635   13.0634
   -7.5000   45.0000   -7.500012814.5010   12.6922
    0.0000   45.0000   -7.500013273.3359   12.7260
    7.5000   45.0000   -7.500012605.5391   12.7494
   -7.5000  -45.0000    0.000010753.5557   13.4101
    0.0000  -45.0000    0.000011175.3018   13.4478
    7.5000  -45.0000    0.000010614.8838   13.4787
   -7.5000  -37.5000    0.000011625.2041   13.2509
    0.0000  -37.5000    0.000012103.9385   13.2868
    7.5000  -37.5000    0.000011499.1924   13.3167
   -7.5000  -30.0000    0.000012966.5674   13.1732
    0.0000  -30.0000    0.000013520.4248   13.2108
    7.5000  -30.0000    0.000012819.3232   13.2395
   -7.5000  -22.5000    0.000014320.9570   13.1743
    0.0000  -22.5000    0.000014922.2266   13.2151
    7.5000  -22.5000    0.000014105.9990   13.2429
   -7.5000  -15.0000    0.000015545.2031   13.1923
    0.0000  -15.0000    0.000016234.4863   13.2340
    7.5000  -15.0000    0.000015311.7217   13.2622
   -7.5000   -7.5000    0.000016716.3496   13.2107
    0.0000   -7.5000    0.000017462.6328   13.2506
    7.5000   -7.5000    0.000016450.6035   13.2801
   -7.5000    0.0000    0.000017842.8320   13.2123
    0.0000    0.0000    0.000018623.1836   13.2491
    7.5000    0.0000    0.000017464.7578   13.2791
   -7.5000    7.5000    0.000017475.6582   13.1927
    0.0000    7.5000    0.000018265.5469   13.2283
    7.5000    7.5000    0.000017087.7461   13.2577
   -7.5000   15.0000    0.000016909.1602   13.1732
    0.0000   15.0000    0.000017657.8066   13.2107
    7.5000   15.0000    0.000016599.2598   13.2394
   -7.5000   22.5000    0.000016145.3975   13.1682
    0.0000   22.5000    0.000016828.8828   13.2090
    7.5000   22.5000    0.000015846.1562   13.2368
   -7.5000   30.0000    0.000015222.8145   13.0215
    0.0000   30.0000    0.000015817.0156   13.0627
    7.5000   30.0000    0.000014844.7500   13.0906
   -7.5000   37.5000    0.000014716.6523   13.0398
    0.0000   37.5000    0.000015278.9131   13.0791
    7.5000   37.5000    0.000014352.4111   13.1082
   -7.5000   45.0000    0.000013487.8760   12.7352
    0.0000   45.0000    0.000013979.0322   12.7706
    7.5000   45.0000    0.000013178.7871   12.7995
   -7.5000  -45.0000    7.500010542.1221   13.3988
    0.0000  -45.0000    7.500010957.5195   13.4394
    7.5000  -45.0000    7.500010408.3516   13.4720
   -7.5000  -37.5000    7.500011371.8066   13.2406
    0.0000  -37.5000    7.500011852.6875   13.2799
    7.5000  -37.5000    7.500011270.1104   13.3116
   -7.5000  -30.0000    7.500012688.5400   13.1606
    0.0000  -30.0000    7.500013218.0576   13.2016
    7.5000  -30.0000    7.500012559.2266   13.2322
   -7.5000  -22.5000    7.500013969.6973   13.1581
    0.0000  -22.5000    7.500014557.9014   13.2015
    7.5000  -22.5000    7.500013802.1533   13.2313
   -7.5000  -15.0000    7.500015127.2783   13.1750
    0.0000  -15.0000    7.500015768.1279   13.2190
    7.5000  -15.0000    7.500014960.0303   13.2492
   -7.5000   -7.5000    7.500016289.3877   13.1966
    0.0000   -7.5000    7.500016989.2480   13.2389
    7.5000   -7.5000    7.500016085.3936   13.2702
   -7.5000    0.0000    7.500017536.0430   13.2016
    0.0000    0.0000    7.500018432.8281   13.2412
    7.5000    0.0000    7.500017114.2852   13.2729
   -7.5000    7.5000    7.500017264.5449   13.1825
    0.0000    7.5000    7.500018187.5137   13.2214
    7.5000    7.5000    7.500016787.1660   13.2527
   -7.5000   15.0000    7.500016664.1504   13.1605
    0.0000   15.0000    7.500017499.9219   13.2016
    7.5000   15.0000    7.500016259.3486   13.2321
   -7.5000   22.5000    7.500015863.5479   13.1520
    0.0000   22.5000    7.500016561.6445   13.1954
    7.5000   22.5000    7.500015484.0264   13.2252
   -7.5000   30.0000    7.500014843.1553   13.0045
    0.0000   30.0000    7.500015440.1270   13.0479
    7.5000   30.0000    7.500014429.7910   13.0777
   -7.5000   37.5000    7.500014330.2119   13.0258
    0.0000   37.5000    7.500014889.3906   13.0676
    7.5000   37.5000    7.500013928.4229   13.0984
   -7.5000   45.0000    7.500013143.2461   12.7249
    0.0000   45.0000    7.500013633.7773   12.7630
    7.5000   45.0000    7.500012802.7871   12.7936
   -7.5000  -45.0000   15.000010189.0127   13.3728
    0.0000  -45.0000   15.000010578.6396   13.4149
    7.5000  -45.0000   15.000010064.2139   13.4447
   -7.5000  -37.5000   15.000011002.3467   13.2168
    0.0000  -37.5000   15.000011434.5771   13.2574
    7.5000  -37.5000   15.000010895.9668   13.2859
   -7.5000  -30.0000   15.000012240.3154   13.1376
    0.0000  -30.0000   15.000012717.9941   13.1801
    7.5000  -30.0000   15.000012130.1104   13.2087
   -7.5000  -22.5000   15.000013449.0918   13.1339
    0.0000  -22.5000   15.000013981.5967   13.1789
    7.5000  -22.5000   15.000013323.4922   13.2084
   -7.5000  -15.0000   15.000014558.0293   13.1498
    0.0000  -15.0000   15.000015115.1240   13.1956
    7.5000  -15.0000   15.000014432.4033   13.2261
   -7.5000   -7.5000   15.000015681.6572   13.1708
    0.0000   -7.5000   15.000016333.4297   13.2151
    7.5000   -7.5000   15.000015500.2812   13.2455
   -7.5000    0.0000   15.000016808.4395   13.1764
    0.0000    0.0000   15.000017698.0742   13.2175
    7.5000    0.0000   15.000016404.7598   13.2465
   -7.5000    7.5000   15.000016707.1426   13.1589
    0.0000    7.5000   15.000017629.4668   13.1992
    7.5000    7.5000   15.000016169.6250   13.2273
   -7.5000   15.0000   15.000016266.3867   13.1375
    0.0000   15.0000   15.000017121.9023   13.1801
    7.5000   15.0000   15.000015773.9443   13.2087
   -7.5000   22.5000   15.000015419.4033   13.1278
    0.0000   22.5000   15.000016138.3408   13.1728
    7.5000   22.5000   15.000014998.7070   13.2023
   -7.5000   30.0000   15.000014304.1836   12.9796
    0.0000   30.0000   15.000014910.1016   13.0248
    7.5000   30.0000   15.000013929.7686   13.0549
   -7.5000   37.5000   15.000013728.0215   13.0004
    0.0000   37.5000   15.000014280.7686   13.0441
    7.5000   37.5000   15.000013374.7852   13.0741
   -7.5000   45.0000   15.000012625.7812   12.7005
    0.0000   45.0000   15.000013083.4121   12.7402
    7.5000   45.0000   15.000012307.1729   12.7681
   -7.5000  -45.0000   22.5000 9678.9746   13.3590
    0.0000  -45.0000   22.500010051.8818   13.3990
    7.5000  -45.0000   22.5000 9573.4570   13.4227
   -7.5000  -37.5000   22.500010451.6504   13.2048
    0.0000  -37.5000   22.500010847.8340   13.2425
    7.5000  -37.5000   22.500010340.7744   13.2644
   -7.5000  -30.0000   22.500011618.2979   13.1293
    0.0000  -30.0000   22.500012060.6074   13.1689
    7.5000  -30.0000   22.500011493.6162   13.1926
   -7.5000  -22.5000   22.500012794.0674   13.1283
    0.0000  -22.5000   22.500013288.8438   13.1715
    7.5000  -22.5000   22.500012656.3750   13.1979
   -7.5000  -15.0000   22.500013929.7959   13.1438
    0.0000  -15.0000   22.500014453.9551   13.1888
    7.5000  -15.0000   22.500013767.2500   13.2165
   -7.5000   -7.5000   22.500015003.5527   13.1606
    0.0000   -7.5000   22.500015621.4785   13.2037
    7.5000   -7.5000   22.500014818.8350   13.2301
   -7.5000    0.0000   22.500015968.2432   13.1628
    0.0000    0.0000   22.500016678.9395   13.2019
    7.5000    0.0000   22.500015697.7773   13.2250
   -7.5000    7.5000   22.500015769.6777   13.1470
    0.0000    7.5000   22.500016402.8164   13.1844
    7.5000    7.5000   22.500015450.6592   13.2060
   -7.5000   15.0000   22.500015424.2305   13.1292
    0.0000   15.0000   22.500016026.6084   13.1689
    7.5000   15.0000   22.500015114.5645   13.1925
   -7.5000   22.5000   22.500014691.9180   13.1223
    0.0000   22.5000   22.500015281.9951   13.1655
    7.5000   22.5000   22.500014415.7783   13.1918
   -7.5000   30.0000   22.500013623.5371   12.9737
    0.0000   30.0000   22.500014171.7607   13.0181
    7.5000   30.0000   22.500013337.5840   13.0454
   -7.5000   37.5000   22.500013043.6836   12.9903
    0.0000   37.5000   22.500013554.3945   13.0328
    7.5000   37.5000   22.500012743.7979   13.0588
   -7.5000   45.0000   22.500011973.7949   12.6874
    0.0000   45.0000   22.500012431.5723   12.7251
    7.5000   45.0000   22.500011700.2783   12.7474
   -7.5000  -45.0000   30.0000 9042.9014   13.3681
    0.0000  -45.0000   30.0000 9393.3281   13.4046
    7.5000  -45.0000   30.0000 8933.5977   13.4255
   -7.5000  -37.5000   30.0000 9798.6318   13.2139
    0.0000  -37.5000   30.000010164.7881   13.2476
    7.5000  -37.5000   30.0000 9685.2656   13.2664
   -7.5000  -30.0000   30.000010920.2627   13.1414
    0.0000  -30.0000   30.000011319.6553   13.1772
    7.5000  -30.0000   30.000010787.1650   13.1980
   -7.5000  -22.5000   30.000012041.7500   13.1440
    0.0000  -22.5000   30.000012476.0869   13.1843
    7.5000  -22.5000   30.000011905.7324   13.2082
   -7.5000  -15.0000   30.000013069.2080   13.1598
    0.0000  -15.0000   30.000013548.9072   13.2022
    7.5000  -15.0000   30.000012937.5322   13.2275
   -7.5000   -7.5000   30.000014021.3467   13.1726
    0.0000   -7.5000   30.000014574.8164   13.2129
    7.5000   -7.5000   30.000013890.9004   13.2367
   -7.5000    0.0000   30.000014855.6094   13.1713
    0.0000    0.0000   30.000015452.7109   13.2071
    7.5000    0.0000   30.000014674.6064   13.2273
   -7.5000    7.5000   30.000014634.4229   13.1560
    0.0000    7.5000   30.000015160.2588   13.1893
    7.5000    7.5000   30.000014447.7480   13.2079
   -7.5000   15.0000   30.000014332.8594   13.1414
    0.0000   15.0000   30.000014827.9238   13.1772
    7.5000   15.0000   30.000014103.1689   13.1979
   -7.5000   22.5000   30.000013685.2354   13.1379
    0.0000   22.5000   30.000014183.9746   13.1782
    7.5000   22.5000   30.000013495.2393   13.2021
   -7.5000   30.0000   30.000012705.5566   12.9894
    0.0000   30.0000   30.000013166.6084   13.0314
    7.5000   30.0000   30.000012500.3828   13.0563
   -7.5000   37.5000   30.000012161.1445   13.0021
    0.0000   37.5000   30.000012618.8486   13.0419
    7.5000   37.5000   30.000011939.7334   13.0654
   -7.5000   45.0000   30.000011158.4893   12.6956
    0.0000   45.0000   30.000011582.7725   12.7302
    7.5000   45.0000   30.000010947.1172   12.7496
   -7.5000  -45.0000   37.5000 8724.0469   13.4482
    0.0000  -45.0000   37.5000 9061.8467   13.4844
    7.5000  -45.0000   37.5000 8619.9414   13.5096
   -7.5000  -37.5000   37.5000 9455.8086   13.2901
    0.0000  -37.5000   37.5000 9815.9814   13.3237
    7.5000  -37.5000   37.5000 9348.6318   13.3472
   -7.5000  -30.0000   37.500010546.7900   13.2158
    0.0000  -30.0000   37.500010929.0293   13.2513
    7.5000  -30.0000   37.500010412.8730   13.2752
   -7.5000  -22.5000   37.500011616.9199   13.2193
    0.0000  -22.5000   37.500012034.9355   13.2591
    7.5000  -22.5000   37.500011470.4160   13.2843
   -7.5000  -15.0000   37.500012601.3906   13.2365
    0.0000  -15.0000   37.500013072.0312   13.2781
    7.5000  -15.0000   37.500012479.3682   13.3042
   -7.5000   -7.5000   37.500013489.0762   13.2506
    0.0000   -7.5000   37.500014010.4521   13.2900
    7.5000   -7.5000   37.500013368.7012   13.3160
   -7.5000    0.0000   37.500014264.5469   13.2491
    0.0000    0.0000   37.500014786.2334   13.2845
    7.5000    0.0000   37.500014117.7812   13.3089
   -7.5000    7.5000   37.500014022.5029   13.2316
    0.0000    7.5000   37.500014503.7783   13.2648
    7.5000    7.5000   37.500013889.5703   13.2880
   -7.5000   15.0000   37.500013739.3027   13.2158
    0.0000   15.0000   37.500014208.6250   13.2512
    7.5000   15.0000   37.500013541.4385   13.2752
   -7.5000   22.5000   37.500013154.0879   13.2132
    0.0000   22.5000   37.500013631.8320   13.2530
    7.5000   22.5000   37.500012979.7256   13.2782
   -7.5000   30.0000   37.500012212.6006   13.0652
    0.0000   30.0000   37.500012639.4355   13.1063
    7.5000   30.0000   37.500012033.5918   13.1320
   -7.5000   37.5000   37.500011707.8408   13.0791
    0.0000   37.5000   37.500012125.0225   13.1180
    7.5000   37.5000   37.500011508.5762   13.1437
   -7.5000   45.0000   37.500010727.6367   12.7706
    0.0000   45.0000   37.500011116.9150   12.8048
    7.5000   45.0000   37.500010542.1855   12.8283
   -7.5000  -45.0000   45.0000 8005.6968   13.5241
    0.0000  -45.0000   45.0000 8310.8887   13.5629
    7.5000  -45.0000   45.0000 7906.4888   13.5947
   -7.5000  -37.5000   45.0000 8680.1455   13.3616
    0.0000  -37.5000   45.0000 9017.1562   13.3985
    7.5000  -37.5000   45.0000 8568.9678   13.4293
   -7.5000  -30.0000   45.0000 9667.1963   13.2825
    0.0000  -30.0000   45.000010036.7012   13.3212
    7.5000  -30.0000   45.0000 9535.6533   13.3507
   -7.5000  -22.5000   45.000010638.0068   13.2836
    0.0000  -22.5000   45.000011022.4736   13.3256
    7.5000  -22.5000   45.000010503.0234   13.3540
   -7.5000  -15.0000   45.000011539.7920   13.3017
    0.0000  -15.0000   45.000011957.8174   13.3446
    7.5000  -15.0000   45.000011415.9111   13.3733
   -7.5000   -7.5000   45.000012350.1006   13.3202
    0.0000   -7.5000   45.000012796.9199   13.3611
    7.5000   -7.5000   45.000012229.6777   13.3912
   -7.5000    0.0000   45.000013024.0371   13.3217
    0.0000    0.0000   45.000013483.2881   13.3596
    7.5000    0.0000   45.000012930.2061   13.3904
   -7.5000    7.5000   45.000012770.6357   13.3020
    0.0000    7.5000   45.000013217.0693   13.3387
    7.5000    7.5000   45.000012679.0244   13.3690
   -7.5000   15.0000   45.000012499.4248   13.2825
    0.0000   15.0000   45.000012929.0928   13.3211
    7.5000   15.0000   45.000012349.9766   13.3506
   -7.5000   22.5000   45.000011998.6123   13.2775
    0.0000   22.5000   45.000012442.8311   13.3194
    7.5000   22.5000   45.000011874.3770   13.3478
   -7.5000   30.0000   45.000011148.4346   13.1284
    0.0000   30.0000   45.000011541.5420   13.1708
    7.5000   30.0000   45.000011024.7471   13.1990
   -7.5000   37.5000   45.000010701.2695   13.1466
    0.0000   37.5000   45.000011087.7822   13.1870
    7.5000   37.5000   45.000010544.7461   13.2168
   -7.5000   45.0000   45.0000 9816.2061   12.8464
    0.0000   45.0000   45.000010169.7363   12.8829
    7.5000   45.0000   45.0000 9668.3066   12.9127

---------------------------------------------------------------------
imgreg_4dfp /opt/freesurfer/average/711-2C_as_mni_average_305 /opt/freesurfer/average/711-2B_as_mni_average_305_mask talsrcimg_g11 none talsrcimg_to_711-2C_as_mni_average_305_t4 4355
---------------------------------------------------------------------

freesurfer imgreg_4dfp.c
/opt/freesurfer/average/711-2C_as_mni_average_305.4dfp.img
       256       256       256         1
  1.000000  1.000000  1.000000
orientation T byte_order littleendian
Reading image: /opt/freesurfer/average/711-2C_as_mni_average_305.4dfp.img
dimensions:      256       256       256
mmppix:       1.0000   -1.0000   -1.0000
center:     128.0000 -129.0000 -129.0000
/opt/freesurfer/average/711-2B_as_mni_average_305_mask.4dfp.img
       256       256       256         1
  1.000000  1.000000  1.000000
orientation T byte_order littleendian
Reading mask: /opt/freesurfer/average/711-2B_as_mni_average_305_mask.4dfp.img (2306576 pixels)
talsrcimg_g11.4dfp.img
       256       256       256         1
  1.000000  1.000000  1.000000
orientation T byte_order littleendian
Reading image: talsrcimg_g11.4dfp.img
dimensions:      256       256       256
mmppix:       1.0000   -1.0000   -1.0000
center:     128.0000 -129.0000 -129.0000
rotation matrix determinant  1.000000
image alignment mode   4355 decimal     1103 hex
   -7.5000  -45.0000  -45.0000 1977.1780   17.3870
    0.0000  -45.0000  -45.0000 1974.9141   17.4663
    7.5000  -45.0000  -45.0000 1955.3521   17.6410
   -7.5000  -37.5000  -45.0000 2072.7258   15.6258
    0.0000  -37.5000  -45.0000 2070.4753   15.6656
    7.5000  -37.5000  -45.0000 2051.9036   15.8346
   -7.5000  -30.0000  -45.0000 2165.7197   14.3296
    0.0000  -30.0000  -45.0000 2162.3125   14.3300
    7.5000  -30.0000  -45.0000 2146.8918   14.4740
   -7.5000  -22.5000  -45.0000 2246.5920   13.4063
    0.0000  -22.5000  -45.0000 2245.1199   13.3872
    7.5000  -22.5000  -45.0000 2235.0879   13.5265
   -7.5000  -15.0000  -45.0000 2290.2690   12.7464
    0.0000  -15.0000  -45.0000 2290.3235   12.7289
    7.5000  -15.0000  -45.0000 2276.1929   12.8744
   -7.5000   -7.5000  -45.0000 2318.1565   12.3405
    0.0000   -7.5000  -45.0000 2319.2715   12.3113
    7.5000   -7.5000  -45.0000 2298.3960   12.4635
   -7.5000    0.0000  -45.0000 2327.1548   12.1300
    0.0000    0.0000  -45.0000 2328.8513   12.0964
    7.5000    0.0000  -45.0000 2308.6086   12.2522
   -7.5000    7.5000  -45.0000 2318.8716   12.1847
    0.0000    7.5000  -45.0000 2318.7373   12.1313
    7.5000    7.5000  -45.0000 2302.0742   12.2851
   -7.5000   15.0000  -45.0000 2303.7161   12.3991
    0.0000   15.0000  -45.0000 2306.1108   12.3401
    7.5000   15.0000  -45.0000 2287.5486   12.4857
   -7.5000   22.5000  -45.0000 2278.9470   12.7656
    0.0000   22.5000  -45.0000 2277.3337   12.7540
    7.5000   22.5000  -45.0000 2258.6753   12.9065
   -7.5000   30.0000  -45.0000 2237.8330   13.4076
    0.0000   30.0000  -45.0000 2240.3333   13.3768
    7.5000   30.0000  -45.0000 2218.3279   13.5336
   -7.5000   37.5000  -45.0000 2180.7788   14.3095
    0.0000   37.5000  -45.0000 2181.3127   14.2528
    7.5000   37.5000  -45.0000 2160.7461   14.4052
   -7.5000   45.0000  -45.0000 2101.1833   15.4834
    0.0000   45.0000  -45.0000 2104.2351   15.4020
    7.5000   45.0000  -45.0000 2081.7593   15.5911
   -7.5000  -45.0000  -37.5000 2056.0767   16.0706
    0.0000  -45.0000  -37.5000 2050.9846   16.1433
    7.5000  -45.0000  -37.5000 2033.3314   16.3486
   -7.5000  -37.5000  -37.5000 2158.9624   14.4527
    0.0000  -37.5000  -37.5000 2157.3059   14.4688
    7.5000  -37.5000  -37.5000 2139.9199   14.6739
   -7.5000  -30.0000  -37.5000 2265.3354   13.2335
    0.0000  -30.0000  -37.5000 2265.0449   13.2203
    7.5000  -30.0000  -37.5000 2244.5142   13.3799
   -7.5000  -22.5000  -37.5000 2354.0325   12.3302
    0.0000  -22.5000  -37.5000 2353.2988   12.3066
    7.5000  -22.5000  -37.5000 2334.0583   12.4396
   -7.5000  -15.0000  -37.5000 2398.2668   11.6840
    0.0000  -15.0000  -37.5000 2400.2419   11.6610
    7.5000  -15.0000  -37.5000 2381.0535   11.8187
   -7.5000   -7.5000  -37.5000 2425.1570   11.3185
    0.0000   -7.5000  -37.5000 2427.1997   11.2715
    7.5000   -7.5000  -37.5000 2403.7808   11.4194
   -7.5000    0.0000  -37.5000 2435.2419   11.1201
    0.0000    0.0000  -37.5000 2437.4607   11.0765
    7.5000    0.0000  -37.5000 2413.5552   11.2289
   -7.5000    7.5000  -37.5000 2430.3174   11.1375
    0.0000    7.5000  -37.5000 2431.0535   11.0811
    7.5000    7.5000  -37.5000 2413.4751   11.2422
   -7.5000   15.0000  -37.5000 2415.5330   11.3208
    0.0000   15.0000  -37.5000 2418.4441   11.2518
    7.5000   15.0000  -37.5000 2397.6409   11.4496
   -7.5000   22.5000  -37.5000 2388.4678   11.6469
    0.0000   22.5000  -37.5000 2390.7070   11.6012
    7.5000   22.5000  -37.5000 2368.1987   11.7931
   -7.5000   30.0000  -37.5000 2347.8479   12.2454
    0.0000   30.0000  -37.5000 2350.3442   12.1893
    7.5000   30.0000  -37.5000 2326.9819   12.3705
   -7.5000   37.5000  -37.5000 2285.1663   13.0738
    0.0000   37.5000  -37.5000 2285.8440   13.0174
    7.5000   37.5000  -37.5000 2263.3638   13.1824
   -7.5000   45.0000  -37.5000 2199.6658   14.1780
    0.0000   45.0000  -37.5000 2204.2532   14.1056
    7.5000   45.0000  -37.5000 2175.7817   14.2812
   -7.5000  -45.0000  -30.0000 2170.5493   15.3987
    0.0000  -45.0000  -30.0000 2166.2700   15.4470
    7.5000  -45.0000  -30.0000 2148.7490   15.6532
   -7.5000  -37.5000  -30.0000 2288.2205   13.8532
    0.0000  -37.5000  -30.0000 2286.8977   13.8707
    7.5000  -37.5000  -30.0000 2264.4607   14.0653
   -7.5000  -30.0000  -30.0000 2403.2991   12.6814
    0.0000  -30.0000  -30.0000 2403.0076   12.6738
    7.5000  -30.0000  -30.0000 2378.1892   12.8222
   -7.5000  -22.5000  -30.0000 2497.0613   11.7622
    0.0000  -22.5000  -30.0000 2498.6235   11.7360
    7.5000  -22.5000  -30.0000 2473.8247   11.8799
   -7.5000  -15.0000  -30.0000 2545.0347   11.0969
    0.0000  -15.0000  -30.0000 2545.1882   11.0674
    7.5000  -15.0000  -30.0000 2524.4041   11.2336
   -7.5000   -7.5000  -30.0000 2579.5544   10.6948
    0.0000   -7.5000  -30.0000 2578.5833   10.6509
    7.5000   -7.5000  -30.0000 2554.3643   10.8353
   -7.5000    0.0000  -30.0000 2595.7986   10.5268
    0.0000    0.0000  -30.0000 2597.0740   10.4668
    7.5000    0.0000  -30.0000 2570.1858   10.6261
   -7.5000    7.5000  -30.0000 2592.6211   10.5239
    0.0000    7.5000  -30.0000 2593.7185   10.4469
    7.5000    7.5000  -30.0000 2571.1748   10.6022
   -7.5000   15.0000  -30.0000 2581.7188   10.6883
    0.0000   15.0000  -30.0000 2580.1064   10.6142
    7.5000   15.0000  -30.0000 2555.7385   10.8007
   -7.5000   22.5000  -30.0000 2552.9019   11.0025
    0.0000   22.5000  -30.0000 2552.9387   10.9599
    7.5000   22.5000  -30.0000 2526.8311   11.1334
   -7.5000   30.0000  -30.0000 2506.6968   11.5804
    0.0000   30.0000  -30.0000 2507.7632   11.5210
    7.5000   30.0000  -30.0000 2480.7217   11.7035
   -7.5000   37.5000  -30.0000 2438.7749   12.3824
    0.0000   37.5000  -30.0000 2438.7058   12.3313
    7.5000   37.5000  -30.0000 2411.0146   12.5111
   -7.5000   45.0000  -30.0000 2345.4397   13.4445
    0.0000   45.0000  -30.0000 2349.8528   13.3696
    7.5000   45.0000  -30.0000 2317.7637   13.5545
   -7.5000  -45.0000  -22.5000 2252.2629   14.6881
    0.0000  -45.0000  -22.5000 2252.2498   14.7258
    7.5000  -45.0000  -22.5000 2230.5212   14.9213
   -7.5000  -37.5000  -22.5000 2382.0273   13.1848
    0.0000  -37.5000  -22.5000 2384.0686   13.2016
    7.5000  -37.5000  -22.5000 2359.5032   13.3775
   -7.5000  -30.0000  -22.5000 2503.4275   12.0013
    0.0000  -30.0000  -22.5000 2507.1260   12.0086
    7.5000  -30.0000  -22.5000 2479.3147   12.1629
   -7.5000  -22.5000  -22.5000 2598.7866   11.0953
    0.0000  -22.5000  -22.5000 2601.9824   11.0842
    7.5000  -22.5000  -22.5000 2575.2520   11.2310
   -7.5000  -15.0000  -22.5000 2652.8296   10.4608
    0.0000  -15.0000  -22.5000 2655.5037   10.4444
    7.5000  -15.0000  -22.5000 2632.9490   10.6148
   -7.5000   -7.5000  -22.5000 2695.4268   10.0569
    0.0000   -7.5000  -22.5000 2694.3906   10.0261
    7.5000   -7.5000  -22.5000 2673.2000   10.1956
   -7.5000    0.0000  -22.5000 2728.3989    9.8495
    0.0000    0.0000  -22.5000 2726.7986    9.7906
    7.5000    0.0000  -22.5000 2698.2622    9.9702
   -7.5000    7.5000  -22.5000 2733.7163    9.8301
    0.0000    7.5000  -22.5000 2731.9463    9.7650
    7.5000    7.5000  -22.5000 2706.0916    9.9200
   -7.5000   15.0000  -22.5000 2722.3398    9.9824
    0.0000   15.0000  -22.5000 2721.9358    9.9320
    7.5000   15.0000  -22.5000 2696.1252   10.1136
   -7.5000   22.5000  -22.5000 2693.2837   10.3183
    0.0000   22.5000  -22.5000 2695.7742   10.2703
    7.5000   22.5000  -22.5000 2662.7231   10.4599
   -7.5000   30.0000  -22.5000 2643.2922   10.8793
    0.0000   30.0000  -22.5000 2644.1946   10.8104
    7.5000   30.0000  -22.5000 2612.2849   11.0182
   -7.5000   37.5000  -22.5000 2565.0684   11.6739
    0.0000   37.5000  -22.5000 2566.2488   11.5885
    7.5000   37.5000  -22.5000 2536.9485   11.7818
   -7.5000   45.0000  -22.5000 2465.4768   12.6934
    0.0000   45.0000  -22.5000 2466.5300   12.6088
    7.5000   45.0000  -22.5000 2435.6941   12.7898
   -7.5000  -45.0000  -15.0000 2308.2891   14.0500
    0.0000  -45.0000  -15.0000 2304.3723   14.0812
    7.5000  -45.0000  -15.0000 2278.1870   14.2992
   -7.5000  -37.5000  -15.0000 2442.2246   12.5925
    0.0000  -37.5000  -15.0000 2442.9258   12.6010
    7.5000  -37.5000  -15.0000 2415.2554   12.7722
   -7.5000  -30.0000  -15.0000 2565.7837   11.4271
    0.0000  -30.0000  -15.0000 2564.3833   11.4317
    7.5000  -30.0000  -15.0000 2538.1487   11.5627
   -7.5000  -22.5000  -15.0000 2668.6492   10.5100
    0.0000  -22.5000  -15.0000 2665.7942   10.5047
    7.5000  -22.5000  -15.0000 2642.9036   10.6574
   -7.5000  -15.0000  -15.0000 2732.0273    9.8727
    0.0000  -15.0000  -15.0000 2732.5210    9.8556
    7.5000  -15.0000  -15.0000 2708.5835   10.0199
   -7.5000   -7.5000  -15.0000 2782.5527    9.4630
    0.0000   -7.5000  -15.0000 2782.1328    9.4348
    7.5000   -7.5000  -15.0000 2758.1709    9.5923
   -7.5000    0.0000  -15.0000 2822.2791    9.2272
    0.0000    0.0000  -15.0000 2824.5974    9.1755
    7.5000    0.0000  -15.0000 2791.2842    9.3512
   -7.5000    7.5000  -15.0000 2839.0212    9.1781
    0.0000    7.5000  -15.0000 2842.5952    9.1040
    7.5000    7.5000  -15.0000 2806.6106    9.2939
   -7.5000   15.0000  -15.0000 2832.0640    9.3385
    0.0000   15.0000  -15.0000 2834.4294    9.2777
    7.5000   15.0000  -15.0000 2805.1106    9.4954
   -7.5000   22.5000  -15.0000 2804.4468    9.6872
    0.0000   22.5000  -15.0000 2810.7112    9.6329
    7.5000   22.5000  -15.0000 2776.3101    9.8420
   -7.5000   30.0000  -15.0000 2748.2263   10.2391
    0.0000   30.0000  -15.0000 2750.6655   10.1754
    7.5000   30.0000  -15.0000 2717.6763   10.3841
   -7.5000   37.5000  -15.0000 2661.3862   11.0090
    0.0000   37.5000  -15.0000 2662.9822   10.9329
    7.5000   37.5000  -15.0000 2635.4463   11.1324
   -7.5000   45.0000  -15.0000 2550.3044   12.0073
    0.0000   45.0000  -15.0000 2551.5959   11.9330
    7.5000   45.0000  -15.0000 2524.3020   12.1176
   -7.5000  -45.0000   -7.5000 2349.1758   13.5617
    0.0000  -45.0000   -7.5000 2345.8062   13.5974
    7.5000  -45.0000   -7.5000 2319.0217   13.7967
   -7.5000  -37.5000   -7.5000 2479.3545   12.0995
    0.0000  -37.5000   -7.5000 2482.9287   12.1230
    7.5000  -37.5000   -7.5000 2458.1152   12.3014
   -7.5000  -30.0000   -7.5000 2599.3496   10.9553
    0.0000  -30.0000   -7.5000 2602.5330   10.9726
    7.5000  -30.0000   -7.5000 2577.9214   11.1198
   -7.5000  -22.5000   -7.5000 2708.8503   10.0510
    0.0000  -22.5000   -7.5000 2712.5015   10.0535
    7.5000  -22.5000   -7.5000 2683.9846   10.2132
   -7.5000  -15.0000   -7.5000 2790.2466    9.3937
    0.0000  -15.0000   -7.5000 2794.9854    9.3804
    7.5000  -15.0000   -7.5000 2765.6667    9.5385
   -7.5000   -7.5000   -7.5000 2851.7034    8.9538
    0.0000   -7.5000   -7.5000 2851.5881    8.9381
    7.5000   -7.5000   -7.5000 2826.9922    9.0938
   -7.5000    0.0000   -7.5000 2895.9668    8.7170
    0.0000    0.0000   -7.5000 2897.5564    8.6619
    7.5000    0.0000   -7.5000 2868.0952    8.8353
   -7.5000    7.5000   -7.5000 2924.3750    8.6392
    0.0000    7.5000   -7.5000 2932.5261    8.5470
    7.5000    7.5000   -7.5000 2890.7341    8.7688
   -7.5000   15.0000   -7.5000 2922.8362    8.7736
    0.0000   15.0000   -7.5000 2927.7197    8.7093
    7.5000   15.0000   -7.5000 2893.3469    8.9563
   -7.5000   22.5000   -7.5000 2889.1660    9.1248
    0.0000   22.5000   -7.5000 2898.7588    9.0586
    7.5000   22.5000   -7.5000 2864.2415    9.2866
   -7.5000   30.0000   -7.5000 2824.3574    9.6878
    0.0000   30.0000   -7.5000 2833.0381    9.6237
    7.5000   30.0000   -7.5000 2797.4128    9.8351
   -7.5000   37.5000   -7.5000 2731.9214   10.4496
    0.0000   37.5000   -7.5000 2738.3364   10.3806
    7.5000   37.5000   -7.5000 2705.6875   10.5872
   -7.5000   45.0000   -7.5000 2611.7666   11.4549
    0.0000   45.0000   -7.5000 2617.1965   11.3866
    7.5000   45.0000   -7.5000 2583.1448   11.5891
   -7.5000  -45.0000    0.0000 2375.7007   13.2680
    0.0000  -45.0000    0.0000 2369.3718   13.2563
    7.5000  -45.0000    0.0000 2347.0986   13.4987
   -7.5000  -37.5000    0.0000 2500.1140   11.8032
    0.0000  -37.5000    0.0000 2505.2473   11.7974
    7.5000  -37.5000    0.0000 2483.4951   12.0190
   -7.5000  -30.0000    0.0000 2620.6824   10.6456
    0.0000  -30.0000    0.0000 2629.3979   10.6406
    7.5000  -30.0000    0.0000 2600.5698   10.8463
   -7.5000  -22.5000    0.0000 2729.6077    9.7362
    0.0000  -22.5000    0.0000 2735.2715    9.7296
    7.5000  -22.5000    0.0000 2703.3286    9.9104
   -7.5000  -15.0000    0.0000 2818.8040    9.0586
    0.0000  -15.0000    0.0000 2824.2830    9.0497
    7.5000  -15.0000    0.0000 2793.3936    9.2028
   -7.5000   -7.5000    0.0000 2895.4167    8.6025
    0.0000   -7.5000    0.0000 2899.6707    8.5827
    7.5000   -7.5000    0.0000 2872.9915    8.7188
   -7.5000    0.0000    0.0000 2956.9070    8.3522
    0.0000    0.0000    0.0000 2959.5449    8.3128
    7.5000    0.0000    0.0000 2929.2456    8.4465
   -7.5000    7.5000    0.0000 2995.8164    8.2674
    0.0000    7.5000    0.0000 3010.0461    8.1984
    7.5000    7.5000    0.0000 2958.8975    8.3922
   -7.5000   15.0000    0.0000 2992.8408    8.3707
    0.0000   15.0000    0.0000 3005.7654    8.3076
    7.5000   15.0000    0.0000 2955.1277    8.5600
   -7.5000   22.5000    0.0000 2950.4666    8.7166
    0.0000   22.5000    0.0000 2959.8110    8.6603
    7.5000   22.5000    0.0000 2920.0627    8.9030
   -7.5000   30.0000    0.0000 2880.8999    9.2917
    0.0000   30.0000    0.0000 2889.6895    9.2289
    7.5000   30.0000    0.0000 2850.6106    9.4445
   -7.5000   37.5000    0.0000 2778.9736   10.0871
    0.0000   37.5000    0.0000 2785.1694   10.0029
    7.5000   37.5000    0.0000 2752.8616   10.2131
   -7.5000   45.0000    0.0000 2651.0237   11.0946
    0.0000   45.0000    0.0000 2656.1194   10.9936
    7.5000   45.0000    0.0000 2624.4519   11.2225
   -7.5000  -45.0000    7.5000 2389.2300   13.1143
    0.0000  -45.0000    7.5000 2389.1230   13.0673
    7.5000  -45.0000    7.5000 2366.4758   13.3546
   -7.5000  -37.5000    7.5000 2509.6443   11.6172
    0.0000  -37.5000    7.5000 2516.5671   11.6032
    7.5000  -37.5000    7.5000 2494.6865   11.8708
   -7.5000  -30.0000    7.5000 2631.2395   10.4377
    0.0000  -30.0000    7.5000 2635.0371   10.4305
    7.5000  -30.0000    7.5000 2607.4294   10.6830
   -7.5000  -22.5000    7.5000 2742.9629    9.5143
    0.0000  -22.5000    7.5000 2741.9646    9.5285
    7.5000  -22.5000    7.5000 2713.1326    9.7390
   -7.5000  -15.0000    7.5000 2837.6526    8.8130
    0.0000  -15.0000    7.5000 2834.2388    8.8350
    7.5000  -15.0000    7.5000 2809.0991    9.0074
   -7.5000   -7.5000    7.5000 2919.7585    8.3412
    0.0000   -7.5000    7.5000 2922.5222    8.3516
    7.5000   -7.5000    7.5000 2895.8540    8.5094
   -7.5000    0.0000    7.5000 2996.8723    8.1147
    0.0000    0.0000    7.5000 2999.9299    8.0977
    7.5000    0.0000    7.5000 2967.1135    8.2320
   -7.5000    7.5000    7.5000 3054.6355    8.1004
    0.0000    7.5000    7.5000 3071.6658    8.0819
    7.5000    7.5000    7.5000 3008.3438    8.1877
   -7.5000   15.0000    7.5000 3047.4573    8.1648
    0.0000   15.0000    7.5000 3062.7654    8.1606
    7.5000   15.0000    7.5000 2997.1694    8.3408
   -7.5000   22.5000    7.5000 2991.4695    8.4999
    0.0000   22.5000    7.5000 2999.4543    8.4678
    7.5000   22.5000    7.5000 2953.1431    8.6871
   -7.5000   30.0000    7.5000 2905.0288    9.0627
    0.0000   30.0000    7.5000 2914.7981    9.0060
    7.5000   30.0000    7.5000 2877.7024    9.2108
   -7.5000   37.5000    7.5000 2798.8730    9.8504
    0.0000   37.5000    7.5000 2807.2166    9.7745
    7.5000   37.5000    7.5000 2775.4268    9.9752
   -7.5000   45.0000    7.5000 2667.3945   10.8649
    0.0000   45.0000    7.5000 2674.4653   10.7742
    7.5000   45.0000    7.5000 2645.1177   10.9766
   -7.5000  -45.0000   15.0000 2383.7900   13.1058
    0.0000  -45.0000   15.0000 2387.1345   13.0392
    7.5000  -45.0000   15.0000 2358.7317   13.3890
   -7.5000  -37.5000   15.0000 2508.2893   11.6080
    0.0000  -37.5000   15.0000 2511.8604   11.5369
    7.5000  -37.5000   15.0000 2488.5833   11.8939
   -7.5000  -30.0000   15.0000 2625.0271   10.4051
    0.0000  -30.0000   15.0000 2625.5022   10.3604
    7.5000  -30.0000   15.0000 2600.6465   10.6898
   -7.5000  -22.5000   15.0000 2738.2422    9.4566
    0.0000  -22.5000   15.0000 2731.4133    9.4509
    7.5000  -22.5000   15.0000 2706.2861    9.7277
   -7.5000  -15.0000   15.0000 2836.3384    8.7410
    0.0000  -15.0000   15.0000 2827.4192    8.7669
    7.5000  -15.0000   15.0000 2806.0186    8.9903
   -7.5000   -7.5000   15.0000 2925.5947    8.2628
    0.0000   -7.5000   15.0000 2922.5613    8.2875
    7.5000   -7.5000   15.0000 2894.3228    8.4625
   -7.5000    0.0000   15.0000 3008.1155    8.0528
    0.0000    0.0000   15.0000 3009.9465    8.0666
    7.5000    0.0000   15.0000 2970.2642    8.1849
   -7.5000    7.5000   15.0000 3067.6567    8.0431
    0.0000    7.5000   15.0000 3084.8022    8.0843
    7.5000    7.5000   15.0000 3014.1311    8.1366
   -7.5000   15.0000   15.0000 3052.5605    8.2103
    0.0000   15.0000   15.0000 3072.8887    8.2132
    7.5000   15.0000   15.0000 3004.5107    8.3319
   -7.5000   22.5000   15.0000 2993.4727    8.4850
    0.0000   22.5000   15.0000 3002.3604    8.4615
    7.5000   22.5000   15.0000 2956.9216    8.6594
   -7.5000   30.0000   15.0000 2904.7175    9.0005
    0.0000   30.0000   15.0000 2912.9941    8.9659
    7.5000   30.0000   15.0000 2878.6736    9.1790
   -7.5000   37.5000   15.0000 2791.7021    9.7889
    0.0000   37.5000   15.0000 2799.9670    9.7207
    7.5000   37.5000   15.0000 2770.7620    9.9363
   -7.5000   45.0000   15.0000 2661.7407   10.8046
    0.0000   45.0000   15.0000 2662.9299   10.7054
    7.5000   45.0000   15.0000 2641.0405   10.9216
   -7.5000  -45.0000   22.5000 2366.6250   13.2820
    0.0000  -45.0000   22.5000 2364.0898   13.1986
    7.5000  -45.0000   22.5000 2336.5027   13.6079
   -7.5000  -37.5000   22.5000 2496.2336   11.7446
    0.0000  -37.5000   22.5000 2496.6624   11.6781
    7.5000  -37.5000   22.5000 2469.7729   12.0400
   -7.5000  -30.0000   22.5000 2609.0991   10.5641
    0.0000  -30.0000   22.5000 2608.1262   10.4971
    7.5000  -30.0000   22.5000 2579.8940   10.8414
   -7.5000  -22.5000   22.5000 2718.9534    9.6557
    0.0000  -22.5000   22.5000 2713.1709    9.6262
    7.5000  -22.5000   22.5000 2684.7334    9.9252
   -7.5000  -15.0000   22.5000 2817.3362    8.9654
    0.0000  -15.0000   22.5000 2810.7351    8.9598
    7.5000  -15.0000   22.5000 2784.1436    9.2182
   -7.5000   -7.5000   22.5000 2907.9319    8.4889
    0.0000   -7.5000   22.5000 2903.4958    8.4966
    7.5000   -7.5000   22.5000 2873.3613    8.6983
   -7.5000    0.0000   22.5000 2982.7747    8.2465
    0.0000    0.0000   22.5000 2981.7363    8.2749
    7.5000    0.0000   22.5000 2945.7539    8.4061
   -7.5000    7.5000   22.5000 3026.5759    8.1859
    0.0000    7.5000   22.5000 3034.8308    8.1855
    7.5000    7.5000   22.5000 2983.5093    8.3377
   -7.5000   15.0000   22.5000 3012.9963    8.3986
    0.0000   15.0000   22.5000 3023.6465    8.3529
    7.5000   15.0000   22.5000 2974.0286    8.5313
   -7.5000   22.5000   22.5000 2953.3726    8.7551
    0.0000   22.5000   22.5000 2964.3562    8.6933
    7.5000   22.5000   22.5000 2925.4531    8.8918
   -7.5000   30.0000   22.5000 2868.3828    9.2684
    0.0000   30.0000   22.5000 2878.1499    9.2294
    7.5000   30.0000   22.5000 2844.7634    9.4153
   -7.5000   37.5000   22.5000 2757.6018   10.0032
    0.0000   37.5000   22.5000 2765.0498    9.9549
    7.5000   37.5000   22.5000 2738.1013   10.1458
   -7.5000   45.0000   22.5000 2633.5542   10.9404
    0.0000   45.0000   22.5000 2636.1848   10.8583
    7.5000   45.0000   22.5000 2615.4844   11.0436
   -7.5000  -45.0000   30.0000 2329.7109   13.6526
    0.0000  -45.0000   30.0000 2324.9724   13.5800
    7.5000  -45.0000   30.0000 2296.6267   13.9445
   -7.5000  -37.5000   30.0000 2466.7361   12.1352
    0.0000  -37.5000   30.0000 2462.6162   12.0738
    7.5000  -37.5000   30.0000 2435.0388   12.4043
   -7.5000  -30.0000   30.0000 2580.1597   10.9784
    0.0000  -30.0000   30.0000 2571.7205   10.9158
    7.5000  -30.0000   30.0000 2543.8579   11.2435
   -7.5000  -22.5000   30.0000 2686.1875   10.0703
    0.0000  -22.5000   30.0000 2678.6118   10.0223
    7.5000  -22.5000   30.0000 2652.3926   10.3376
   -7.5000  -15.0000   30.0000 2779.7046    9.3678
    0.0000  -15.0000   30.0000 2774.0869    9.3205
    7.5000  -15.0000   30.0000 2749.1382    9.6181
   -7.5000   -7.5000   30.0000 2864.8188    8.8688
    0.0000   -7.5000   30.0000 2858.5583    8.8565
    7.5000   -7.5000   30.0000 2831.9446    9.0882
   -7.5000    0.0000   30.0000 2929.7197    8.5792
    0.0000    0.0000   30.0000 2927.4492    8.5784
    7.5000    0.0000   30.0000 2891.8408    8.7608
   -7.5000    7.5000   30.0000 2958.9187    8.5377
    0.0000    7.5000   30.0000 2963.1106    8.5003
    7.5000    7.5000   30.0000 2922.2708    8.6953
   -7.5000   15.0000   30.0000 2948.5244    8.7493
    0.0000   15.0000   30.0000 2949.4211    8.6964
    7.5000   15.0000   30.0000 2907.1453    8.8649
   -7.5000   22.5000   30.0000 2888.5537    9.1267
    0.0000   22.5000   30.0000 2896.8711    9.0651
    7.5000   22.5000   30.0000 2861.1804    9.2273
   -7.5000   30.0000   30.0000 2807.7170    9.6589
    0.0000   30.0000   30.0000 2810.2817    9.5979
    7.5000   30.0000   30.0000 2784.1221    9.7823
   -7.5000   37.5000   30.0000 2701.4805   10.3964
    0.0000   37.5000   30.0000 2707.3821   10.3372
    7.5000   37.5000   30.0000 2684.5549   10.5169
   -7.5000   45.0000   30.0000 2580.8325   11.3027
    0.0000   45.0000   30.0000 2584.1333   11.2339
    7.5000   45.0000   30.0000 2563.6440   11.4223
   -7.5000  -45.0000   37.5000 2284.7087   14.3021
    0.0000  -45.0000   37.5000 2279.8972   14.2376
    7.5000  -45.0000   37.5000 2253.9072   14.5792
   -7.5000  -37.5000   37.5000 2422.5142   12.7288
    0.0000  -37.5000   37.5000 2421.0461   12.6508
    7.5000  -37.5000   37.5000 2393.0691   12.9760
   -7.5000  -30.0000   37.5000 2535.3826   11.5300
    0.0000  -30.0000   37.5000 2532.2114   11.4601
    7.5000  -30.0000   37.5000 2502.4109   11.7871
   -7.5000  -22.5000   37.5000 2642.5203   10.6116
    0.0000  -22.5000   37.5000 2637.6782   10.5485
    7.5000  -22.5000   37.5000 2610.1335   10.8693
   -7.5000  -15.0000   37.5000 2735.5027    9.9001
    0.0000  -15.0000   37.5000 2735.2363    9.8424
    7.5000  -15.0000   37.5000 2707.0781   10.1418
   -7.5000   -7.5000   37.5000 2811.0837    9.3685
    0.0000   -7.5000   37.5000 2810.4236    9.3357
    7.5000   -7.5000   37.5000 2780.7041    9.5894
   -7.5000    0.0000   37.5000 2863.5586    9.0781
    0.0000    0.0000   37.5000 2864.8628    9.0179
    7.5000    0.0000   37.5000 2830.5171    9.2661
   -7.5000    7.5000   37.5000 2882.9587    9.0160
    0.0000    7.5000   37.5000 2886.4600    8.9594
    7.5000    7.5000   37.5000 2851.2817    9.1855
   -7.5000   15.0000   37.5000 2866.7410    9.2194
    0.0000   15.0000   37.5000 2868.5652    9.1568
    7.5000   15.0000   37.5000 2825.6196    9.3529
   -7.5000   22.5000   37.5000 2805.8569    9.6164
    0.0000   22.5000   37.5000 2816.9836    9.5487
    7.5000   22.5000   37.5000 2780.6489    9.7164
   -7.5000   30.0000   37.5000 2725.0293   10.1652
    0.0000   30.0000   37.5000 2729.3066   10.0906
    7.5000   30.0000   37.5000 2707.9717   10.2685
   -7.5000   37.5000   37.5000 2630.4580   10.8747
    0.0000   37.5000   37.5000 2634.6416   10.8062
    7.5000   37.5000   37.5000 2614.6431   10.9855
   -7.5000   45.0000   37.5000 2515.8232   11.7907
    0.0000   45.0000   37.5000 2520.9744   11.7146
    7.5000   45.0000   37.5000 2500.5737   11.9055
   -7.5000  -45.0000   45.0000 2231.3604   15.1046
    0.0000  -45.0000   45.0000 2231.9146   15.0376
    7.5000  -45.0000   45.0000 2204.3047   15.3873
   -7.5000  -37.5000   45.0000 2369.6311   13.4509
    0.0000  -37.5000   45.0000 2373.0955   13.3800
    7.5000  -37.5000   45.0000 2340.5144   13.7088
   -7.5000  -30.0000   45.0000 2480.1377   12.1961
    0.0000  -30.0000   45.0000 2481.4729   12.1419
    7.5000  -30.0000   45.0000 2448.3660   12.4782
   -7.5000  -22.5000   45.0000 2580.8872   11.2501
    0.0000  -22.5000   45.0000 2582.6106   11.2029
    7.5000  -22.5000   45.0000 2553.4412   11.5249
   -7.5000  -15.0000   45.0000 2674.4690   10.5211
    0.0000  -15.0000   45.0000 2675.5447   10.4629
    7.5000  -15.0000   45.0000 2648.5259   10.7780
   -7.5000   -7.5000   45.0000 2744.4583    9.9788
    0.0000   -7.5000   45.0000 2744.9119    9.9354
    7.5000   -7.5000   45.0000 2714.6426   10.2145
   -7.5000    0.0000   45.0000 2782.8796    9.6950
    0.0000    0.0000   45.0000 2784.8296    9.6262
    7.5000    0.0000   45.0000 2755.9368    9.9021
   -7.5000    7.5000   45.0000 2793.1926    9.6156
    0.0000    7.5000   45.0000 2798.6555    9.5677
    7.5000    7.5000   45.0000 2768.0454    9.8007
   -7.5000   15.0000   45.0000 2773.0010    9.8042
    0.0000   15.0000   45.0000 2775.8323    9.7227
    7.5000   15.0000   45.0000 2737.5564    9.9520
   -7.5000   22.5000   45.0000 2721.2578   10.1840
    0.0000   22.5000   45.0000 2731.5781   10.1083
    7.5000   22.5000   45.0000 2694.9143   10.3181
   -7.5000   30.0000   45.0000 2642.3970   10.7462
    0.0000   30.0000   45.0000 2647.2354   10.6553
    7.5000   30.0000   45.0000 2626.0283   10.8636
   -7.5000   37.5000   45.0000 2551.2327   11.4548
    0.0000   37.5000   45.0000 2555.9949   11.3824
    7.5000   37.5000   45.0000 2533.0994   11.5794
   -7.5000   45.0000   45.0000 2438.1875   12.3969
    0.0000   45.0000   45.0000 2441.8159   12.3137
    7.5000   45.0000   45.0000 2425.2490   12.4996

---------------------------------------------------------------------
imgreg_4dfp /opt/freesurfer/average/711-2C_as_mni_average_305 /opt/freesurfer/average/711-2B_as_mni_average_305_mask talsrcimg_g11 none talsrcimg_to_711-2C_as_mni_average_305_t4 1283
---------------------------------------------------------------------

freesurfer imgreg_4dfp.c
/opt/freesurfer/average/711-2C_as_mni_average_305.4dfp.img
       256       256       256         1
  1.000000  1.000000  1.000000
orientation T byte_order littleendian
Reading image: /opt/freesurfer/average/711-2C_as_mni_average_305.4dfp.img
dimensions:      256       256       256
mmppix:       1.0000   -1.0000   -1.0000
center:     128.0000 -129.0000 -129.0000
/opt/freesurfer/average/711-2B_as_mni_average_305_mask.4dfp.img
       256       256       256         1
  1.000000  1.000000  1.000000
orientation T byte_order littleendian
Reading mask: /opt/freesurfer/average/711-2B_as_mni_average_305_mask.4dfp.img (2306576 pixels)
talsrcimg_g11.4dfp.img
       256       256       256         1
  1.000000  1.000000  1.000000
orientation T byte_order littleendian
Reading image: talsrcimg_g11.4dfp.img
dimensions:      256       256       256
mmppix:       1.0000   -1.0000   -1.0000
center:     128.0000 -129.0000 -129.0000
rotation matrix determinant  1.000000
fimgreg.f
image alignment mode   1283 decimal      503 hex
parameters
    0.0000    7.5000   15.0000    0.0000    0.0000    0.0000
eta,q 0.96634  8.10973
niter,ni,del,rscale     5    3   12.0000    1.2000
parameter  1  0.562468 ->  0.500000 qaram    1.1500
parameter  6 -0.510872 -> -0.500000 qaram    1.1500
parameters
   -3.4500   10.2556   12.9024   -0.3569   -0.3163    3.4500
eta,q 0.97618  8.13968
  0.0333  0.0474  0.0310  0.0294  0.0330  0.0345
  0.0295  0.0408  0.0274  0.0270  0.0290  0.0314
  0.0303  0.0340  0.0256  0.0257  0.0263  0.0282
  0.0337  0.0292  0.0272  0.0256  0.0256  0.0255
  0.0382  0.0272  0.0318  0.0261  0.0272  0.0239
  0.0434  0.0277  0.0375  0.0277  0.0303  0.0240
  0.0501  0.0308  0.0434  0.0304  0.0344  0.0259
niter,ni,del,rscale     6    3   12.0000    1.2000
parameters
   -2.5226   10.5640   12.7247   -1.0503   -0.6873    2.9177
eta,q 0.97664  8.14773
  0.0477  0.0359  0.0337  0.0279  0.0306  0.0303
  0.0378  0.0305  0.0295  0.0255  0.0266  0.0265
  0.0286  0.0263  0.0257  0.0237  0.0240  0.0240
  0.0238  0.0237  0.0236  0.0237  0.0235  0.0234
  0.0249  0.0247  0.0250  0.0251  0.0251  0.0251
  0.0298  0.0285  0.0299  0.0272  0.0282  0.0284
  0.0386  0.0343  0.0356  0.0300  0.0322  0.0325
niter,ni,del,rscale     5    3   12.0000    1.2000
parameters
   -2.3635   10.7366   12.6683   -1.0195   -0.7783    2.8205
eta,q 0.97660  8.15299
  0.0438  0.0355  0.0338  0.0290  0.0314  0.0312
  0.0343  0.0301  0.0295  0.0262  0.0271  0.0273
  0.0259  0.0258  0.0256  0.0241  0.0243  0.0244
  0.0234  0.0234  0.0234  0.0234  0.0234  0.0234
  0.0260  0.0248  0.0245  0.0244  0.0247  0.0246
  0.0328  0.0288  0.0292  0.0262  0.0277  0.0276
  0.0420  0.0347  0.0350  0.0287  0.0316  0.0316
niter,ni,del,rscale     4    3   12.0000    1.2000
parameters
   -2.3250   10.7494   12.6640   -1.0051   -0.8020    2.8025
eta,q 0.97659  8.15340
  0.0432  0.0349  0.0340  0.0289  0.0316  0.0313
  0.0339  0.0296  0.0297  0.0262  0.0273  0.0274
  0.0256  0.0255  0.0257  0.0241  0.0244  0.0245
  0.0234  0.0234  0.0234  0.0234  0.0234  0.0234
  0.0263  0.0250  0.0245  0.0244  0.0246  0.0246
  0.0335  0.0292  0.0291  0.0262  0.0276  0.0274
  0.0426  0.0352  0.0348  0.0287  0.0315  0.0314
registration optimization eta report
parameter search radius
    6.9000    6.0000    6.0000    6.0000    6.0000    6.9000
100000*second partial in parameter space
       41.       31.       30.       15.       22.       16.
  0.0432  0.0349  0.0340  0.0289  0.0316  0.0313
  0.0339  0.0296  0.0297  0.0262  0.0273  0.0274
  0.0256  0.0255  0.0257  0.0241  0.0244  0.0245
  0.0234  0.0234  0.0234  0.0234  0.0234  0.0234
  0.0263  0.0250  0.0245  0.0244  0.0246  0.0246
  0.0335  0.0292  0.0291  0.0262  0.0276  0.0274
  0.0426  0.0352  0.0348  0.0287  0.0315  0.0314
   -2.3250   10.7494   12.6640   -1.0051   -0.8020    2.8025
eta,q 0.97659  8.15340

---------------------------------------------------------------------
imgreg_4dfp /opt/freesurfer/average/711-2C_as_mni_average_305 /opt/freesurfer/average/711-2B_as_mni_average_305_mask talsrcimg_g11 none talsrcimg_to_711-2C_as_mni_average_305_t4 3335
---------------------------------------------------------------------

freesurfer imgreg_4dfp.c
/opt/freesurfer/average/711-2C_as_mni_average_305.4dfp.img
       256       256       256         1
  1.000000  1.000000  1.000000
orientation T byte_order littleendian
Reading image: /opt/freesurfer/average/711-2C_as_mni_average_305.4dfp.img
dimensions:      256       256       256
mmppix:       1.0000   -1.0000   -1.0000
center:     128.0000 -129.0000 -129.0000
/opt/freesurfer/average/711-2B_as_mni_average_305_mask.4dfp.img
       256       256       256         1
  1.000000  1.000000  1.000000
orientation T byte_order littleendian
Reading mask: /opt/freesurfer/average/711-2B_as_mni_average_305_mask.4dfp.img (2306576 pixels)
talsrcimg_g11.4dfp.img
       256       256       256         1
  1.000000  1.000000  1.000000
orientation T byte_order littleendian
Reading image: talsrcimg_g11.4dfp.img
dimensions:      256       256       256
mmppix:       1.0000   -1.0000   -1.0000
center:     128.0000 -129.0000 -129.0000
fimgreg.f
image alignment mode   3335 decimal      D07 hex
parameters
   -2.3250   10.7494   12.6640   -0.1294   -0.1362   -0.0252
   -4.9131    1.3121    4.8889    1.8205   -1.3998   -1.7540
eta,q 0.97627  8.15603
niter,ni,del,rscale     5    3    5.0000    1.2000
parameter  5  0.723389 ->  0.500000 qaram    1.1500
parameter 11  0.503170 ->  0.500000 qaram    1.1500
parameters
   -2.5169   11.0486   12.0616    2.2203   -4.2762   -2.1414
   -3.4508    1.4621    7.1782    0.6846   -5.5398   -4.7705
eta,q 0.98019  8.09041
  0.0258  0.0265  0.0246  0.0270  0.0214  0.0234  0.0240  0.0250  0.0238  0.0228  0.0203  0.0202
  0.0246  0.0251  0.0238  0.0259  0.0210  0.0220  0.0224  0.0229  0.0224  0.0213  0.0200  0.0199
  0.0239  0.0242  0.0235  0.0247  0.0215  0.0208  0.0213  0.0213  0.0213  0.0205  0.0200  0.0198
  0.0237  0.0237  0.0237  0.0235  0.0227  0.0211  0.0208  0.0207  0.0207  0.0204  0.0203  0.0200
  0.0241  0.0238  0.0242  0.0227  0.0246  0.0231  0.0207  0.0210  0.0204  0.0213  0.0208  0.0205
  0.0251  0.0244  0.0251  0.0231  0.0274  0.0259  0.0212  0.0225  0.0207  0.0228  0.0216  0.0214
  0.0266  0.0254  0.0263  0.0247  0.0305  0.0298  0.0221  0.0248  0.0214  0.0247  0.0225  0.0225
niter,ni,del,rscale     6    3    5.0000    1.2000
parameters
   -2.6171   10.8942   11.7003    3.3418   -4.7331   -2.3536
   -3.8548    2.0951    8.1024    1.4182   -5.1822   -5.8416
eta,q 0.98066  8.09684
  0.0226  0.0222  0.0211  0.0240  0.0236  0.0236  0.0219  0.0249  0.0223  0.0236  0.0214  0.0202
  0.0210  0.0209  0.0202  0.0226  0.0216  0.0224  0.0206  0.0224  0.0209  0.0216  0.0203  0.0197
  0.0200  0.0200  0.0198  0.0211  0.0201  0.0208  0.0197  0.0205  0.0199  0.0201  0.0196  0.0194
  0.0198  0.0198  0.0198  0.0197  0.0194  0.0195  0.0195  0.0195  0.0194  0.0194  0.0193  0.0193
  0.0203  0.0203  0.0202  0.0194  0.0201  0.0198  0.0200  0.0197  0.0195  0.0196  0.0195  0.0196
  0.0214  0.0213  0.0210  0.0203  0.0220  0.0220  0.0210  0.0211  0.0201  0.0206  0.0201  0.0201
  0.0231  0.0229  0.0222  0.0227  0.0250  0.0251  0.0225  0.0235  0.0212  0.0222  0.0210  0.0210
niter,ni,del,rscale     5    3    5.0000    1.2000
parameters
   -2.5576   10.9411   11.5518    3.5519   -4.7777   -2.3868
   -4.2139    2.0927    8.1948    1.7406   -5.0666   -6.3533
eta,q 0.98072  8.10022
  0.0229  0.0222  0.0210  0.0235  0.0238  0.0236  0.0218  0.0241  0.0217  0.0232  0.0213  0.0203
  0.0210  0.0207  0.0200  0.0220  0.0218  0.0224  0.0204  0.0218  0.0204  0.0212  0.0202  0.0197
  0.0198  0.0197  0.0194  0.0204  0.0202  0.0208  0.0195  0.0200  0.0196  0.0199  0.0195  0.0194
  0.0193  0.0193  0.0193  0.0193  0.0193  0.0193  0.0193  0.0193  0.0193  0.0193  0.0193  0.0193
  0.0197  0.0196  0.0196  0.0195  0.0197  0.0195  0.0198  0.0199  0.0196  0.0197  0.0195  0.0194
  0.0208  0.0205  0.0203  0.0210  0.0214  0.0216  0.0208  0.0216  0.0203  0.0208  0.0201  0.0199
  0.0225  0.0220  0.0214  0.0237  0.0244  0.0246  0.0223  0.0243  0.0216  0.0225  0.0211  0.0207
niter,ni,del,rscale     4    3    5.0000    1.2000
parameters
   -2.5498   10.9890   11.4922    3.6094   -4.7820   -2.3809
   -4.3038    2.0768    8.2076    1.9090   -5.0190   -6.5979
eta,q 0.98074  8.10214
  0.0227  0.0221  0.0211  0.0234  0.0239  0.0236  0.0220  0.0241  0.0216  0.0230  0.0213  0.0204
  0.0208  0.0206  0.0200  0.0219  0.0218  0.0224  0.0205  0.0217  0.0203  0.0211  0.0202  0.0197
  0.0197  0.0196  0.0194  0.0202  0.0202  0.0208  0.0196  0.0200  0.0195  0.0198  0.0195  0.0194
  0.0193  0.0193  0.0193  0.0193  0.0193  0.0193  0.0193  0.0193  0.0193  0.0193  0.0193  0.0193
  0.0197  0.0196  0.0195  0.0195  0.0197  0.0194  0.0197  0.0198  0.0196  0.0197  0.0195  0.0194
  0.0208  0.0205  0.0202  0.0211  0.0214  0.0215  0.0207  0.0216  0.0203  0.0209  0.0202  0.0198
  0.0227  0.0219  0.0212  0.0239  0.0243  0.0246  0.0221  0.0243  0.0216  0.0227  0.0212  0.0206
niter,ni,del,rscale     3    3    5.0000    1.2000
parameters
   -2.5500   11.0152   11.4716    3.6231   -4.7862   -2.3736
   -4.3253    2.0686    8.2116    1.9936   -4.9993   -6.7121
eta,q 0.98074  8.10298
  0.0227  0.0221  0.0212  0.0234  0.0239  0.0236  0.0221  0.0241  0.0216  0.0229  0.0212  0.0205
  0.0208  0.0206  0.0201  0.0219  0.0218  0.0224  0.0205  0.0217  0.0203  0.0210  0.0202  0.0198
  0.0196  0.0196  0.0194  0.0202  0.0201  0.0208  0.0196  0.0200  0.0195  0.0197  0.0195  0.0194
  0.0193  0.0193  0.0193  0.0193  0.0193  0.0193  0.0193  0.0193  0.0193  0.0193  0.0193  0.0193
  0.0197  0.0196  0.0195  0.0196  0.0197  0.0194  0.0196  0.0198  0.0195  0.0197  0.0195  0.0194
  0.0208  0.0205  0.0202  0.0212  0.0214  0.0215  0.0206  0.0216  0.0203  0.0210  0.0202  0.0198
  0.0227  0.0219  0.0212  0.0240  0.0243  0.0246  0.0221  0.0243  0.0216  0.0227  0.0212  0.0205
niter,ni,del,rscale     2    3    5.0000    1.2000
parameters
   -2.5524   11.0276   11.4643    3.6287   -4.7929   -2.3670
   -4.3379    2.0621    8.2125    2.0342   -4.9927   -6.7646
eta,q 0.98074  8.10332
  0.0227  0.0220  0.0212  0.0234  0.0239  0.0236  0.0221  0.0242  0.0216  0.0229  0.0212  0.0205
  0.0208  0.0205  0.0201  0.0218  0.0218  0.0224  0.0205  0.0218  0.0203  0.0210  0.0202  0.0198
  0.0196  0.0196  0.0194  0.0202  0.0201  0.0207  0.0196  0.0200  0.0195  0.0197  0.0195  0.0194
  0.0193  0.0193  0.0193  0.0193  0.0193  0.0193  0.0193  0.0193  0.0193  0.0193  0.0193  0.0193
  0.0197  0.0196  0.0195  0.0196  0.0197  0.0194  0.0196  0.0198  0.0195  0.0198  0.0195  0.0194
  0.0208  0.0205  0.0201  0.0212  0.0213  0.0215  0.0206  0.0216  0.0203  0.0210  0.0202  0.0198
  0.0227  0.0220  0.0211  0.0240  0.0243  0.0246  0.0221  0.0243  0.0216  0.0228  0.0212  0.0205
registration optimization eta report
parameter search radius
    2.4000    2.4000    2.4000    7.2000    8.2800    7.2000
    7.2000    7.2000    7.2000    7.2000    8.2800    7.2000
100000*second partial in parameter space
       59.       47.       33.        8.        7.        9.
        5.        9.        4.        7.        3.        2.
  0.0227  0.0220  0.0212  0.0234  0.0239  0.0236  0.0221  0.0242  0.0216  0.0229  0.0212  0.0205
  0.0208  0.0205  0.0201  0.0218  0.0218  0.0224  0.0205  0.0218  0.0203  0.0210  0.0202  0.0198
  0.0196  0.0196  0.0194  0.0202  0.0201  0.0207  0.0196  0.0200  0.0195  0.0197  0.0195  0.0194
  0.0193  0.0193  0.0193  0.0193  0.0193  0.0193  0.0193  0.0193  0.0193  0.0193  0.0193  0.0193
  0.0197  0.0196  0.0195  0.0196  0.0197  0.0194  0.0196  0.0198  0.0195  0.0198  0.0195  0.0194
  0.0208  0.0205  0.0201  0.0212  0.0213  0.0215  0.0206  0.0216  0.0203  0.0210  0.0202  0.0198
  0.0227  0.0220  0.0211  0.0240  0.0243  0.0246  0.0221  0.0243  0.0216  0.0228  0.0212  0.0205
   -2.5524   11.0276   11.4643    3.6287   -4.7929   -2.3670
   -4.3379    2.0621    8.2125    2.0342   -4.9927   -6.7646
eta,q 0.98074  8.10332

---------------------------------------------------------------------
imgreg_4dfp /opt/freesurfer/average/711-2C_as_mni_average_305 /opt/freesurfer/average/711-2B_as_mni_average_305_mask talsrcimg_g11 none talsrcimg_to_711-2C_as_mni_average_305_t4 2311
---------------------------------------------------------------------

freesurfer imgreg_4dfp.c
/opt/freesurfer/average/711-2C_as_mni_average_305.4dfp.img
       256       256       256         1
  1.000000  1.000000  1.000000
orientation T byte_order littleendian
Reading image: /opt/freesurfer/average/711-2C_as_mni_average_305.4dfp.img
dimensions:      256       256       256
mmppix:       1.0000   -1.0000   -1.0000
center:     128.0000 -129.0000 -129.0000
/opt/freesurfer/average/711-2B_as_mni_average_305_mask.4dfp.img
       256       256       256         1
  1.000000  1.000000  1.000000
orientation T byte_order littleendian
Reading mask: /opt/freesurfer/average/711-2B_as_mni_average_305_mask.4dfp.img (2306576 pixels)
talsrcimg_g11.4dfp.img
       256       256       256         1
  1.000000  1.000000  1.000000
orientation T byte_order littleendian
Reading image: talsrcimg_g11.4dfp.img
dimensions:      256       256       256
mmppix:       1.0000   -1.0000   -1.0000
center:     128.0000 -129.0000 -129.0000
fimgreg.f
image alignment mode   2311 decimal      907 hex
parameters
   -2.5524   11.0276   11.4643    3.6287   -4.7929   -2.3670
   -4.3379    2.0621    8.2125    2.0342   -4.9927   -6.7646
eta,q 0.98074  8.10331
niter,ni,del,rscale     5    3    5.0000    0.8000
parameters
   -2.5617   11.0290   11.4291    4.0666   -4.4906   -1.9180
   -4.4623    2.1351    8.1189    1.9071   -4.8320   -7.0915
eta,q 0.98093  8.12431
  0.0208  0.0205  0.0201  0.0218  0.0212  0.0223  0.0204  0.0217  0.0202  0.0208  0.0199  0.0196
  0.0199  0.0198  0.0196  0.0207  0.0203  0.0212  0.0196  0.0204  0.0196  0.0199  0.0195  0.0193
  0.0194  0.0194  0.0193  0.0198  0.0196  0.0201  0.0192  0.0194  0.0192  0.0192  0.0192  0.0191
  0.0193  0.0193  0.0193  0.0193  0.0192  0.0192  0.0191  0.0191  0.0191  0.0191  0.0191  0.0191
  0.0195  0.0194  0.0194  0.0193  0.0193  0.0191  0.0193  0.0193  0.0192  0.0194  0.0191  0.0192
  0.0200  0.0198  0.0197  0.0200  0.0199  0.0201  0.0198  0.0202  0.0196  0.0200  0.0194  0.0194
  0.0208  0.0205  0.0201  0.0212  0.0208  0.0217  0.0205  0.0216  0.0202  0.0210  0.0198  0.0197
niter,ni,del,rscale     4    3    5.0000    0.7000
parameters
   -2.5377   11.0237   11.5204    4.0029   -4.5004   -1.6690
   -4.4686    2.1426    8.0502    1.9219   -4.7581   -7.1523
eta,q 0.98098  8.12877
  0.0204  0.0201  0.0199  0.0209  0.0205  0.0217  0.0201  0.0211  0.0199  0.0205  0.0197  0.0195
  0.0197  0.0195  0.0194  0.0200  0.0198  0.0207  0.0195  0.0200  0.0194  0.0197  0.0193  0.0192
  0.0192  0.0192  0.0192  0.0193  0.0193  0.0197  0.0191  0.0193  0.0191  0.0192  0.0191  0.0190
  0.0191  0.0191  0.0191  0.0191  0.0191  0.0191  0.0190  0.0190  0.0190  0.0190  0.0190  0.0190
  0.0192  0.0192  0.0191  0.0193  0.0192  0.0191  0.0191  0.0192  0.0191  0.0192  0.0191  0.0191
  0.0196  0.0195  0.0193  0.0199  0.0198  0.0200  0.0195  0.0200  0.0194  0.0197  0.0193  0.0192
  0.0203  0.0201  0.0197  0.0211  0.0206  0.0214  0.0201  0.0211  0.0199  0.0205  0.0196  0.0195
niter,ni,del,rscale     3    3    5.0000    0.6000
parameters
   -2.5390   11.0280   11.5756    4.0017   -4.5270   -1.5272
   -4.4572    2.1378    8.0249    1.8981   -4.7250   -7.1932
eta,q 0.98100  8.13120
  0.0199  0.0198  0.0196  0.0204  0.0201  0.0211  0.0198  0.0206  0.0196  0.0201  0.0195  0.0193
  0.0194  0.0194  0.0193  0.0197  0.0196  0.0202  0.0194  0.0197  0.0193  0.0195  0.0192  0.0191
  0.0191  0.0191  0.0191  0.0192  0.0192  0.0194  0.0191  0.0192  0.0191  0.0191  0.0190  0.0190
  0.0190  0.0190  0.0190  0.0190  0.0190  0.0190  0.0190  0.0190  0.0190  0.0190  0.0190  0.0190
  0.0191  0.0191  0.0191  0.0192  0.0191  0.0191  0.0191  0.0192  0.0191  0.0191  0.0190  0.0190
  0.0194  0.0193  0.0192  0.0196  0.0195  0.0198  0.0194  0.0197  0.0193  0.0195  0.0192  0.0192
  0.0199  0.0198  0.0195  0.0205  0.0202  0.0210  0.0198  0.0206  0.0197  0.0201  0.0194  0.0193
niter,ni,del,rscale     2    3    5.0000    0.5000
parameters
   -2.5406   11.0232   11.6066    4.0067   -4.5329   -1.4278
   -4.4630    2.1375    8.0133    1.8759   -4.6999   -7.2225
eta,q 0.98101  8.13309
  0.0196  0.0195  0.0194  0.0200  0.0198  0.0206  0.0195  0.0201  0.0194  0.0198  0.0193  0.0192
  0.0193  0.0192  0.0192  0.0195  0.0194  0.0199  0.0192  0.0195  0.0192  0.0193  0.0191  0.0191
  0.0191  0.0191  0.0191  0.0191  0.0191  0.0193  0.0190  0.0191  0.0190  0.0191  0.0190  0.0190
  0.0190  0.0190  0.0190  0.0190  0.0190  0.0190  0.0190  0.0190  0.0190  0.0190  0.0190  0.0190
  0.0191  0.0191  0.0190  0.0191  0.0191  0.0191  0.0190  0.0191  0.0190  0.0191  0.0190  0.0190
  0.0193  0.0192  0.0192  0.0194  0.0194  0.0196  0.0192  0.0195  0.0192  0.0194  0.0191  0.0191
  0.0196  0.0195  0.0194  0.0200  0.0198  0.0205  0.0195  0.0201  0.0194  0.0198  0.0193  0.0192
niter,ni,del,rscale     1    3    5.0000    0.4000
parameters
   -2.5445   11.0196   11.6250    4.0067   -4.5296   -1.3487
   -4.4792    2.1319    8.0031    1.8557   -4.6687   -7.2849
eta,q 0.98102  8.13460
  0.0194  0.0193  0.0193  0.0196  0.0195  0.0201  0.0193  0.0197  0.0193  0.0195  0.0192  0.0191
  0.0192  0.0191  0.0191  0.0193  0.0192  0.0195  0.0191  0.0193  0.0191  0.0192  0.0191  0.0190
  0.0190  0.0190  0.0190  0.0191  0.0191  0.0192  0.0190  0.0191  0.0190  0.0190  0.0190  0.0190
  0.0190  0.0190  0.0190  0.0190  0.0190  0.0190  0.0190  0.0190  0.0190  0.0190  0.0190  0.0190
  0.0190  0.0190  0.0190  0.0191  0.0190  0.0190  0.0190  0.0191  0.0190  0.0190  0.0190  0.0190
  0.0192  0.0191  0.0191  0.0193  0.0192  0.0194  0.0191  0.0193  0.0191  0.0192  0.0191  0.0191
  0.0194  0.0193  0.0192  0.0196  0.0195  0.0200  0.0193  0.0197  0.0193  0.0195  0.0192  0.0191
registration optimization eta report
parameter search radius
    0.8000    0.8000    0.8000    2.4000    2.4000    2.4000
    2.4000    2.4000    2.4000    2.4000    2.4000    2.4000
100000*second partial in parameter space
       65.       53.       40.       11.        9.       18.
        6.       13.        5.        9.        4.        3.
  0.0194  0.0193  0.0193  0.0196  0.0195  0.0201  0.0193  0.0197  0.0193  0.0195  0.0192  0.0191
  0.0192  0.0191  0.0191  0.0193  0.0192  0.0195  0.0191  0.0193  0.0191  0.0192  0.0191  0.0190
  0.0190  0.0190  0.0190  0.0191  0.0191  0.0192  0.0190  0.0191  0.0190  0.0190  0.0190  0.0190
  0.0190  0.0190  0.0190  0.0190  0.0190  0.0190  0.0190  0.0190  0.0190  0.0190  0.0190  0.0190
  0.0190  0.0190  0.0190  0.0191  0.0190  0.0190  0.0190  0.0191  0.0190  0.0190  0.0190  0.0190
  0.0192  0.0191  0.0191  0.0193  0.0192  0.0194  0.0191  0.0193  0.0191  0.0192  0.0191  0.0191
  0.0194  0.0193  0.0192  0.0196  0.0195  0.0200  0.0193  0.0197  0.0193  0.0195  0.0192  0.0191
   -2.5445   11.0196   11.6250    4.0067   -4.5296   -1.3487
   -4.4792    2.1319    8.0031    1.8557   -4.6687   -7.2849
eta,q 0.98102  8.13460

---------------------------------------------------------------------
imgreg_4dfp /opt/freesurfer/average/711-2C_as_mni_average_305 /opt/freesurfer/average/711-2B_as_mni_average_305_mask talsrcimg_g11 none talsrcimg_to_711-2C_as_mni_average_305_t4 2311
---------------------------------------------------------------------

freesurfer imgreg_4dfp.c
/opt/freesurfer/average/711-2C_as_mni_average_305.4dfp.img
       256       256       256         1
  1.000000  1.000000  1.000000
orientation T byte_order littleendian
Reading image: /opt/freesurfer/average/711-2C_as_mni_average_305.4dfp.img
dimensions:      256       256       256
mmppix:       1.0000   -1.0000   -1.0000
center:     128.0000 -129.0000 -129.0000
/opt/freesurfer/average/711-2B_as_mni_average_305_mask.4dfp.img
       256       256       256         1
  1.000000  1.000000  1.000000
orientation T byte_order littleendian
Reading mask: /opt/freesurfer/average/711-2B_as_mni_average_305_mask.4dfp.img (2306576 pixels)
talsrcimg_g11.4dfp.img
       256       256       256         1
  1.000000  1.000000  1.000000
orientation T byte_order littleendian
Reading image: talsrcimg_g11.4dfp.img
dimensions:      256       256       256
mmppix:       1.0000   -1.0000   -1.0000
center:     128.0000 -129.0000 -129.0000
fimgreg.f
image alignment mode   2311 decimal      907 hex
parameters
   -2.5445   11.0196   11.6250    4.0067   -4.5296   -1.3487
   -4.4792    2.1319    8.0031    1.8557   -4.6687   -7.2849
eta,q 0.98102  8.13460
niter,ni,del,rscale     5    3    5.0000    0.8000
parameters
   -2.5402   11.0221   11.6719    3.8333   -4.6245   -1.5195
   -4.4078    2.0937    8.0161    1.9757   -4.7378   -7.0662
eta,q 0.98099  8.12803
  0.0206  0.0203  0.0201  0.0212  0.0208  0.0218  0.0204  0.0216  0.0201  0.0210  0.0198  0.0197
  0.0197  0.0196  0.0195  0.0201  0.0199  0.0207  0.0197  0.0202  0.0195  0.0199  0.0193  0.0193
  0.0192  0.0191  0.0191  0.0193  0.0192  0.0196  0.0192  0.0193  0.0191  0.0193  0.0191  0.0191
  0.0190  0.0190  0.0190  0.0190  0.0190  0.0190  0.0190  0.0190  0.0190  0.0190  0.0190  0.0190
  0.0192  0.0191  0.0191  0.0193  0.0192  0.0194  0.0192  0.0193  0.0191  0.0192  0.0191  0.0191
  0.0197  0.0196  0.0194  0.0202  0.0199  0.0208  0.0196  0.0202  0.0195  0.0199  0.0194  0.0192
  0.0206  0.0203  0.0199  0.0217  0.0210  0.0225  0.0203  0.0217  0.0201  0.0208  0.0198  0.0195
niter,ni,del,rscale     4    3    5.0000    0.7000
parameters
   -2.5527   11.0303   11.6286    3.9402   -4.5946   -1.5386
   -4.4125    2.1093    8.0369    1.9099   -4.7427   -7.0885
eta,q 0.98100  8.12921
  0.0202  0.0200  0.0197  0.0209  0.0205  0.0215  0.0201  0.0211  0.0199  0.0204  0.0196  0.0195
  0.0196  0.0195  0.0193  0.0200  0.0197  0.0204  0.0195  0.0200  0.0194  0.0197  0.0193  0.0192
  0.0191  0.0191  0.0191  0.0193  0.0192  0.0195  0.0191  0.0193  0.0191  0.0191  0.0191  0.0190
  0.0190  0.0190  0.0190  0.0190  0.0190  0.0190  0.0190  0.0190  0.0190  0.0190  0.0190  0.0190
  0.0192  0.0191  0.0191  0.0192  0.0192  0.0192  0.0191  0.0192  0.0191  0.0192  0.0191  0.0191
  0.0196  0.0195  0.0194  0.0198  0.0197  0.0203  0.0195  0.0199  0.0194  0.0197  0.0193  0.0192
  0.0203  0.0200  0.0198  0.0209  0.0205  0.0217  0.0201  0.0211  0.0199  0.0205  0.0196  0.0195
niter,ni,del,rscale     3    3    5.0000    0.6000
parameters
   -2.5478   11.0213   11.6152    3.9879   -4.5629   -1.4902
   -4.4419    2.1223    8.0234    1.8782   -4.7268   -7.1374
eta,q 0.98101  8.13113
  0.0199  0.0197  0.0196  0.0205  0.0201  0.0210  0.0198  0.0206  0.0196  0.0201  0.0195  0.0193
  0.0194  0.0193  0.0192  0.0197  0.0196  0.0201  0.0193  0.0197  0.0193  0.0195  0.0192  0.0191
  0.0191  0.0191  0.0191  0.0192  0.0192  0.0194  0.0191  0.0192  0.0191  0.0191  0.0190  0.0190
  0.0190  0.0190  0.0190  0.0190  0.0190  0.0190  0.0190  0.0190  0.0190  0.0190  0.0190  0.0190
  0.0191  0.0191  0.0191  0.0191  0.0191  0.0192  0.0191  0.0192  0.0191  0.0191  0.0190  0.0190
  0.0194  0.0193  0.0193  0.0196  0.0195  0.0199  0.0194  0.0197  0.0193  0.0195  0.0192  0.0191
  0.0199  0.0198  0.0196  0.0204  0.0201  0.0211  0.0198  0.0206  0.0196  0.0201  0.0194  0.0193
niter,ni,del,rscale     2    3    5.0000    0.5000
parameters
   -2.5441   11.0197   11.6193    4.0040   -4.5476   -1.4225
   -4.4612    2.1353    8.0117    1.8585   -4.6895   -7.1931
eta,q 0.98101  8.13287
  0.0196  0.0195  0.0194  0.0200  0.0198  0.0205  0.0195  0.0201  0.0194  0.0198  0.0193  0.0192
  0.0193  0.0192  0.0192  0.0195  0.0194  0.0198  0.0192  0.0195  0.0192  0.0193  0.0191  0.0191
  0.0191  0.0190  0.0190  0.0191  0.0191  0.0193  0.0190  0.0191  0.0190  0.0191  0.0190  0.0190
  0.0190  0.0190  0.0190  0.0190  0.0190  0.0190  0.0190  0.0190  0.0190  0.0190  0.0190  0.0190
  0.0191  0.0191  0.0190  0.0191  0.0191  0.0191  0.0191  0.0191  0.0190  0.0191  0.0190  0.0190
  0.0193  0.0192  0.0192  0.0194  0.0194  0.0196  0.0193  0.0195  0.0192  0.0194  0.0191  0.0191
  0.0196  0.0195  0.0194  0.0200  0.0198  0.0205  0.0195  0.0201  0.0194  0.0198  0.0193  0.0192
niter,ni,del,rscale     1    3    5.0000    0.4000
parameters
   -2.5418   11.0203   11.6249    4.0042   -4.5359   -1.3522
   -4.4768    2.1321    8.0057    1.8476   -4.6654   -7.2482
eta,q 0.98102  8.13443
  0.0194  0.0193  0.0192  0.0196  0.0195  0.0201  0.0193  0.0197  0.0193  0.0195  0.0192  0.0191
  0.0192  0.0191  0.0191  0.0193  0.0192  0.0195  0.0191  0.0193  0.0191  0.0192  0.0191  0.0190
  0.0190  0.0190  0.0190  0.0191  0.0191  0.0192  0.0190  0.0191  0.0190  0.0190  0.0190  0.0190
  0.0190  0.0190  0.0190  0.0190  0.0190  0.0190  0.0190  0.0190  0.0190  0.0190  0.0190  0.0190
  0.0190  0.0190  0.0190  0.0191  0.0190  0.0190  0.0190  0.0191  0.0190  0.0190  0.0190  0.0190
  0.0192  0.0191  0.0191  0.0193  0.0192  0.0194  0.0191  0.0193  0.0191  0.0192  0.0191  0.0191
  0.0194  0.0193  0.0192  0.0196  0.0195  0.0200  0.0193  0.0197  0.0193  0.0195  0.0192  0.0191
registration optimization eta report
parameter search radius
    0.8000    0.8000    0.8000    2.4000    2.4000    2.4000
    2.4000    2.4000    2.4000    2.4000    2.4000    2.4000
100000*second partial in parameter space
       65.       53.       40.       11.        9.       18.
        6.       13.        5.        9.        4.        3.
  0.0194  0.0193  0.0192  0.0196  0.0195  0.0201  0.0193  0.0197  0.0193  0.0195  0.0192  0.0191
  0.0192  0.0191  0.0191  0.0193  0.0192  0.0195  0.0191  0.0193  0.0191  0.0192  0.0191  0.0190
  0.0190  0.0190  0.0190  0.0191  0.0191  0.0192  0.0190  0.0191  0.0190  0.0190  0.0190  0.0190
  0.0190  0.0190  0.0190  0.0190  0.0190  0.0190  0.0190  0.0190  0.0190  0.0190  0.0190  0.0190
  0.0190  0.0190  0.0190  0.0191  0.0190  0.0190  0.0190  0.0191  0.0190  0.0190  0.0190  0.0190
  0.0192  0.0191  0.0191  0.0193  0.0192  0.0194  0.0191  0.0193  0.0191  0.0192  0.0191  0.0191
  0.0194  0.0193  0.0192  0.0196  0.0195  0.0200  0.0193  0.0197  0.0193  0.0195  0.0192  0.0191
   -2.5418   11.0203   11.6249    4.0042   -4.5359   -1.3522
   -4.4768    2.1321    8.0057    1.8476   -4.6654   -7.2482
eta,q 0.98102  8.13443

---------------------------------------------------------------------
compute_vox2vox talsrcimg talsrcimg_to_711-2C_as_mni_average_305_t4 /opt/freesurfer/average/711-2C_as_mni_average_305
---------------------------------------------------------------------

freesurfer compute_vox2vox.c
Reading: talsrcimg.4dfp.ifh
Reading: talsrcimg_to_711-2C_as_mni_average_305_t4
Reading: /opt/freesurfer/average/711-2C_as_mni_average_305.4dfp.ifh
Writing: talsrcimg_to_711-2C_as_mni_average_305_t4_vox2vox.txt

start time Fri Mar 13 04:55:08 CET 2026
end		time Fri Mar 13 04:55:21 CET 2026

mpr2mni305 success

avi2talxfm orig_nu.mgz /opt/freesurfer/average/mni305.cor.mgz talsrcimg_to_711-2C_as_mni_average_305_t4_vox2vox.txt transforms/talairach.auto.xfm
avi2talxfm done
mv -f /out/sourcedata/freesurfer/sub-v2s4x29609_ses-1/mri/talsrcimg_to_711-2C_as_mni_average_305_t4_vox2vox.txt /out/sourcedata/freesurfer/sub-v2s4x29609_ses-1/mri/transforms/talsrcimg_to_711-2C_as_mni_average_305_t4_vox2vox.txt
lta_convert --src orig_nu.mgz --trg /opt/freesurfer/average/mni305.cor.mgz --inxfm transforms/talairach.auto.xfm --outlta transforms/talairach.auto.xfm.lta --subject fsaverage
7.3.2

--src: orig_nu.mgz src image (geometry).
--trg: /opt/freesurfer/average/mni305.cor.mgz trg image (geometry).
--inmni: transforms/talairach.auto.xfm input MNI/XFM transform.
--outlta: transforms/talairach.auto.xfm.lta output LTA.
--s: fsaverage subject name
 LTA read, type : 1
 0.95721  -0.02150   0.04326  -1.14859;
 0.03932   1.01138   0.07863  -14.20855;
-0.08103  -0.01777   1.04236  -7.80998;
 0.00000   0.00000   0.00000   1.00000;
setting subject to fsaverage
Writing  LTA to file transforms/talairach.auto.xfm.lta...
lta_convert successful.
 
 
Started at Fri Mar 13 04:55:07 CET 2026
Ended   at Fri Mar 13 04:55:22 CET 2026
talairach_avi done
