/out/sourcedata/freesurfer/sub-v2s4x29613_ses-1/mri
/opt/freesurfer/bin/talairach_avi
--i orig_nu.mgz --xfm transforms/talairach.auto.xfm
talairach_avi 7.3.2
Linux dna010 5.14.0-427.37.1.el9_4.x86_64 #1 SMP PREEMPT_DYNAMIC Fri Sep 13 12:41:50 EDT 2024 x86_64 x86_64 x86_64 GNU/Linux
Fri Mar 13 05:17:07 CET 2026
mri_convert orig_nu.mgz talsrcimg.img 
reading from orig_nu.mgz...
TR=0.00, TE=0.00, TI=0.00, flip angle=0.00
i_ras = (-1, 2.82307e-09, 3.72529e-09)
j_ras = (-1.86265e-09, 0, -1)
k_ras = (8.73115e-10, 1, 0)
writing to talsrcimg.img...
Analyze Output Matrix
-1.00000  -0.00000   0.00000   129.33295;
 0.00000   0.00000   1.00000  -136.42590;
 0.00000  -1.00000   0.00000   148.13443;
 0.00000   0.00000   0.00000   1.00000;
--------------------
INFO: set hdr.hist.orient to -1
mpr2mni305 talsrcimg
Fri Mar 13 05:17:08 CET 2026
/opt/freesurfer/bin/mpr2mni305 talsrcimg
mpr2mni305 7.3.2
target=711-2C_as_mni_average_305

---------------------------------------------------------------------
analyzeto4dfp talsrcimg -O0 -y
---------------------------------------------------------------------

freesurfer ifh2hdr.c
Fri Mar 13 05:17:08 2026
Writing: talsrcimg.4dfp.hdr
freesurfer analyzeto4dfp.c
Reading: talsrcimg.hdr
header size 348 bytes
hdr.dime.datatype	offset=70	value=2
hdr.dime.bitpix		offset=72	value=8
hdr.hist.orient		offset=252	value=-1
dimensionality     4
dimensions       256       256       256         1
Reading: talsrcimg.img
Writing: talsrcimg.4dfp.img
Writing: talsrcimg.4dfp.ifh
ifh2hdr talsrcimg -r0to255
ori=2

---------------------------------------------------------------------
gauss_4dfp talsrcimg 1.1
---------------------------------------------------------------------

freesurfer gauss_4dfp.c
Reading: talsrcimg.4dfp.img
Writing: talsrcimg_g11.4dfp.img
image dimensions 256 256 256 padded to 288 288 288
processing volume 1freesurfer ifh2hdr.c
Fri Mar 13 05:17:10 2026
Writing: talsrcimg_g11.4dfp.hdr

Writing: talsrcimg_g11.4dfp.ifh
including: talsrcimg.4dfp.img.rec in talsrcimg_g11.4dfp.img.rec

---------------------------------------------------------------------
imgreg_4dfp /opt/freesurfer/average/711-2C_as_mni_average_305 none talsrcimg_g11 none talsrcimg_to_711-2C_as_mni_average_305_t4 4355
---------------------------------------------------------------------

freesurfer imgreg_4dfp.c
/opt/freesurfer/average/711-2C_as_mni_average_305.4dfp.img
       256       256       256         1
  1.000000  1.000000  1.000000
orientation T byte_order littleendian
Reading image: /opt/freesurfer/average/711-2C_as_mni_average_305.4dfp.img
dimensions:      256       256       256
mmppix:       1.0000   -1.0000   -1.0000
center:     128.0000 -129.0000 -129.0000
talsrcimg_g11.4dfp.img
       256       256       256         1
  1.000000  1.000000  1.000000
orientation T byte_order littleendian
Reading image: talsrcimg_g11.4dfp.img
dimensions:      256       256       256
mmppix:       1.0000   -1.0000   -1.0000
center:     128.0000 -129.0000 -129.0000
t4_read: open error in t4_sub.f l:  41 t4_file(1:l)talsrcimg_to_711-2C_as_mni_average_305_t4 
t4_read: transform initialized to I4
rotation matrix determinant  1.000000
image alignment mode   4355 decimal     1103 hex
   -7.5000  -45.0000  -45.0000 6573.6465   14.7345
    0.0000  -45.0000  -45.0000 6789.3345   14.7432
    7.5000  -45.0000  -45.0000 6546.6851   14.7524
   -7.5000  -37.5000  -45.0000 7041.2466   14.5260
    0.0000  -37.5000  -45.0000 7261.4609   14.5428
    7.5000  -37.5000  -45.0000 6994.4927   14.5589
   -7.5000  -30.0000  -45.0000 7825.7852   14.5283
    0.0000  -30.0000  -45.0000 8061.6206   14.5509
    7.5000  -30.0000  -45.0000 7733.1548   14.5754
   -7.5000  -22.5000  -45.0000 8661.2822   14.5541
    0.0000  -22.5000  -45.0000 8948.0303   14.5734
    7.5000  -22.5000  -45.0000 8531.5127   14.5991
   -7.5000  -15.0000  -45.0000 9435.3564   14.5705
    0.0000  -15.0000  -45.0000 9759.2109   14.5805
    7.5000  -15.0000  -45.0000 9300.0830   14.5991
   -7.5000   -7.5000  -45.000010196.0859   14.5590
    0.0000   -7.5000  -45.000010579.0244   14.5635
    7.5000   -7.5000  -45.000010058.8623   14.5732
   -7.5000    0.0000  -45.000010879.5361   14.5332
    0.0000    0.0000  -45.000011294.5244   14.5413
    7.5000    0.0000  -45.000010712.0469   14.5496
   -7.5000    7.5000  -45.000010769.4736   14.5189
    0.0000    7.5000  -45.000011176.0811   14.5356
    7.5000    7.5000  -45.000010591.5225   14.5517
   -7.5000   15.0000  -45.000010391.8428   14.5283
    0.0000   15.0000  -45.000010763.7227   14.5508
    7.5000   15.0000  -45.000010162.2266   14.5753
   -7.5000   22.5000  -45.0000 9922.2197   14.5521
    0.0000   22.5000  -45.000010274.8975   14.5714
    7.5000   22.5000  -45.0000 9679.8760   14.5971
   -7.5000   30.0000  -45.0000 9387.6455   14.3763
    0.0000   30.0000  -45.0000 9723.1240   14.3862
    7.5000   30.0000  -45.0000 9150.5254   14.4045
   -7.5000   37.5000  -45.0000 9189.4473   14.3649
    0.0000   37.5000  -45.0000 9490.1768   14.3695
    7.5000   37.5000  -45.0000 8914.2393   14.3790
   -7.5000   45.0000  -45.0000 8539.2988   13.9755
    0.0000   45.0000  -45.0000 8792.5703   13.9832
    7.5000   45.0000  -45.0000 8243.4512   13.9912
   -7.5000  -45.0000  -37.5000 6966.8066   14.6681
    0.0000  -45.0000  -37.5000 7202.0366   14.6760
    7.5000  -45.0000  -37.5000 6922.6167   14.6863
   -7.5000  -37.5000  -37.5000 7465.7422   14.4686
    0.0000  -37.5000  -37.5000 7723.6611   14.4840
    7.5000  -37.5000  -37.5000 7390.2217   14.4994
   -7.5000  -30.0000  -37.5000 8319.5762   14.4691
    0.0000  -30.0000  -37.5000 8618.4658   14.4880
    7.5000  -30.0000  -37.5000 8209.5977   14.5114
   -7.5000  -22.5000  -37.5000 9159.2080   14.4860
    0.0000  -22.5000  -37.5000 9516.2598   14.5002
    7.5000  -22.5000  -37.5000 9039.0938   14.5254
   -7.5000  -15.0000  -37.5000 9987.1191   14.4944
    0.0000  -15.0000  -37.500010369.3154   14.5000
    7.5000  -15.0000  -37.5000 9840.1543   14.5197
   -7.5000   -7.5000  -37.500010784.0107   14.4849
    0.0000   -7.5000  -37.500011197.9033   14.4873
    7.5000   -7.5000  -37.500010627.4619   14.4991
   -7.5000    0.0000  -37.500011511.4893   14.4689
    0.0000    0.0000  -37.500011971.0107   14.4763
    7.5000    0.0000  -37.500011328.0732   14.4857
   -7.5000    7.5000  -37.500011404.0430   14.4615
    0.0000    7.5000  -37.500011835.2188   14.4768
    7.5000    7.5000  -37.500011175.8066   14.4922
   -7.5000   15.0000  -37.500011001.7861   14.4690
    0.0000   15.0000  -37.500011423.6475   14.4880
    7.5000   15.0000  -37.500010732.2979   14.5113
   -7.5000   22.5000  -37.500010483.3057   14.4840
    0.0000   22.5000  -37.500010879.6572   14.4982
    7.5000   22.5000  -37.500010202.2412   14.5234
   -7.5000   30.0000  -37.5000 9948.9795   14.3012
    0.0000   30.0000  -37.500010319.0078   14.3068
    7.5000   30.0000  -37.5000 9647.4033   14.3262
   -7.5000   37.5000  -37.5000 9756.6201   14.2919
    0.0000   37.5000  -37.500010094.6836   14.2942
    7.5000   37.5000  -37.5000 9418.1670   14.3059
   -7.5000   45.0000  -37.5000 9069.7793   13.9136
    0.0000   45.0000  -37.5000 9339.3477   13.9207
    7.5000   45.0000  -37.5000 8692.5381   13.9297
   -7.5000  -45.0000  -30.0000 7498.7334   15.3086
    0.0000  -45.0000  -30.0000 7760.5449   15.3187
    7.5000  -45.0000  -30.0000 7416.7227   15.3307
   -7.5000  -37.5000  -30.0000 8074.3267   15.1068
    0.0000  -37.5000  -30.0000 8353.3398   15.1243
    7.5000  -37.5000  -30.0000 7950.5518   15.1422
   -7.5000  -30.0000  -30.0000 9002.7588   15.1084
    0.0000  -30.0000  -30.0000 9316.2490   15.1275
    7.5000  -30.0000  -30.0000 8853.0264   15.1536
   -7.5000  -22.5000  -30.0000 9892.9443   15.1195
    0.0000  -22.5000  -30.000010249.5498   15.1325
    7.5000  -22.5000  -30.0000 9732.5098   15.1597
   -7.5000  -15.0000  -30.000010787.4424   15.1208
    0.0000  -15.0000  -30.000011192.7051   15.1254
    7.5000  -15.0000  -30.000010592.0703   15.1462
   -7.5000   -7.5000  -30.000011647.5869   15.1110
    0.0000   -7.5000  -30.000012092.4355   15.1139
    7.5000   -7.5000  -30.000011430.4355   15.1268
   -7.5000    0.0000  -30.000012433.8799   15.1007
    0.0000    0.0000  -30.000012930.1279   15.1102
    7.5000    0.0000  -30.000012203.3047   15.1213
   -7.5000    7.5000  -30.000012323.6299   15.0993
    0.0000    7.5000  -30.000012810.3730   15.1168
    7.5000    7.5000  -30.000012016.7734   15.1347
   -7.5000   15.0000  -30.000011895.9580   15.1083
    0.0000   15.0000  -30.000012375.3467   15.1275
    7.5000   15.0000  -30.000011559.0879   15.1536
   -7.5000   22.5000  -30.000011307.0684   15.1159
    0.0000   22.5000  -30.000011772.0625   15.1289
    7.5000   22.5000  -30.000010945.1016   15.1560
   -7.5000   30.0000  -30.000010706.8193   14.9207
    0.0000   30.0000  -30.000011135.5361   14.9253
    7.5000   30.0000  -30.000010326.7051   14.9457
   -7.5000   37.5000  -30.000010496.5859   14.9110
    0.0000   37.5000  -30.000010892.4541   14.9139
    7.5000   37.5000  -30.000010096.5020   14.9266
   -7.5000   45.0000  -30.0000 9751.3848   14.5318
    0.0000   45.0000  -30.000010082.0635   14.5410
    7.5000   45.0000  -30.0000 9337.5342   14.5516
   -7.5000  -45.0000  -22.5000 8076.1890   15.8428
    0.0000  -45.0000  -22.5000 8355.7119   15.8554
    7.5000  -45.0000  -22.5000 7954.3198   15.8667
   -7.5000  -37.5000  -22.5000 8737.5791   15.6310
    0.0000  -37.5000  -22.5000 9041.4395   15.6513
    7.5000  -37.5000  -22.5000 8576.7578   15.6715
   -7.5000  -30.0000  -22.5000 9741.4365   15.6348
    0.0000  -30.0000  -22.500010072.9648   15.6575
    7.5000  -30.0000  -22.5000 9544.7607   15.6872
   -7.5000  -22.5000  -22.500010725.8486   15.6510
    0.0000  -22.5000  -22.500011089.3936   15.6680
    7.5000  -22.5000  -22.500010481.9404   15.6978
   -7.5000  -15.0000  -22.500011673.2969   15.6556
    0.0000  -15.0000  -22.500012087.1621   15.6640
    7.5000  -15.0000  -22.500011380.3955   15.6848
   -7.5000   -7.5000  -22.500012567.9883   15.6436
    0.0000   -7.5000  -22.500013029.1680   15.6493
    7.5000   -7.5000  -22.500012257.0830   15.6604
   -7.5000    0.0000  -22.500013397.4697   15.6275
    0.0000    0.0000  -22.500013920.5381   15.6394
    7.5000    0.0000  -22.500013057.0244   15.6499
   -7.5000    7.5000  -22.500013260.7959   15.6233
    0.0000    7.5000  -22.500013789.4170   15.6436
    7.5000    7.5000  -22.500012868.4746   15.6637
   -7.5000   15.0000  -22.500012788.9131   15.6347
    0.0000   15.0000  -22.500013317.9141   15.6575
    7.5000   15.0000  -22.500012384.4541   15.6872
   -7.5000   22.5000  -22.500012143.5801   15.6462
    0.0000   22.5000  -22.500012651.3135   15.6632
    7.5000   22.5000  -22.500011724.9805   15.6930
   -7.5000   30.0000  -22.500011491.9600   15.4508
    0.0000   30.0000  -22.500011942.9766   15.4591
    7.5000   30.0000  -22.500011035.1162   15.4796
   -7.5000   37.5000  -22.500011242.2803   15.4390
    0.0000   37.5000  -22.500011678.3799   15.4446
    7.5000   37.5000  -22.500010775.8428   15.4556
   -7.5000   45.0000  -22.500010453.3145   15.0501
    0.0000   45.0000  -22.500010852.5479   15.0616
    7.5000   45.0000  -22.500010002.5791   15.0716
   -7.5000  -45.0000  -15.0000 8659.4102   16.2072
    0.0000  -45.0000  -15.0000 8963.5840   16.2205
    7.5000  -45.0000  -15.0000 8500.5352   16.2305
   -7.5000  -37.5000  -15.0000 9372.2744   15.9817
    0.0000  -37.5000  -15.0000 9702.0146   16.0036
    7.5000  -37.5000  -15.0000 9179.7549   16.0246
   -7.5000  -30.0000  -15.000010477.9072   15.9871
    0.0000  -30.0000  -15.000010845.4189   16.0140
    7.5000  -30.0000  -15.000010251.9590   16.0457
   -7.5000  -22.5000  -15.000011533.9658   16.0146
    0.0000  -22.5000  -15.000011935.6895   16.0373
    7.5000  -22.5000  -15.000011263.5615   16.0688
   -7.5000  -15.0000  -15.000012510.7393   16.0293
    0.0000  -15.0000  -15.000012956.9023   16.0425
    7.5000  -15.0000  -15.000012200.8682   16.0633
   -7.5000   -7.5000  -15.000013441.3584   16.0148
    0.0000   -7.5000  -15.000013937.3047   16.0229
    7.5000   -7.5000  -15.000013108.2158   16.0322
   -7.5000    0.0000  -15.000014309.0205   15.9869
    0.0000    0.0000  -15.000014855.4531   15.9994
    7.5000    0.0000  -15.000013923.7969   16.0087
   -7.5000    7.5000  -15.000014116.1377   15.9739
    0.0000    7.5000  -15.000014668.0645   15.9957
    7.5000    7.5000  -15.000013721.9854   16.0166
   -7.5000   15.0000  -15.000013629.4258   15.9871
    0.0000   15.0000  -15.000014186.3926   16.0139
    7.5000   15.0000  -15.000013226.1562   16.0456
   -7.5000   22.5000  -15.000012967.2246   16.0089
    0.0000   22.5000  -15.000013485.9258   16.0316
    7.5000   22.5000  -15.000012535.3652   16.0631
   -7.5000   30.0000  -15.000012272.6416   15.8218
    0.0000   30.0000  -15.000012758.6543   15.8349
    7.5000   30.0000  -15.000011804.1104   15.8554
   -7.5000   37.5000  -15.000011945.4346   15.8076
    0.0000   37.5000  -15.000012404.8369   15.8155
    7.5000   37.5000  -15.000011476.0645   15.8247
   -7.5000   45.0000  -15.000011102.4707   15.4055
    0.0000   45.0000  -15.000011530.9375   15.4176
    7.5000   45.0000  -15.000010655.0186   15.4265
   -7.5000  -45.0000   -7.5000 9275.2490   16.3686
    0.0000  -45.0000   -7.5000 9591.0098   16.3804
    7.5000  -45.0000   -7.5000 9071.3955   16.3903
   -7.5000  -37.5000   -7.500010010.6699   16.1355
    0.0000  -37.5000   -7.500010354.3105   16.1563
    7.5000  -37.5000   -7.5000 9793.1699   16.1763
   -7.5000  -30.0000   -7.500011197.3672   16.1411
    0.0000  -30.0000   -7.500011589.6611   16.1686
    7.5000  -30.0000   -7.500010964.6279   16.1988
   -7.5000  -22.5000   -7.500012343.4590   16.1751
    0.0000  -22.5000   -7.500012801.3379   16.1994
    7.5000  -22.5000   -7.500012085.9414   16.2297
   -7.5000  -15.0000   -7.500013390.5166   16.1963
    0.0000  -15.0000   -7.500013911.1953   16.2104
    7.5000  -15.0000   -7.500013099.1807   16.2305
   -7.5000   -7.5000   -7.500014360.7988   16.1808
    0.0000   -7.5000   -7.500014934.2256   16.1884
    7.5000   -7.5000   -7.500014019.0879   16.1975
   -7.5000    0.0000   -7.500015198.4658   16.1462
    0.0000    0.0000   -7.500015808.6523   16.1573
    7.5000    0.0000   -7.500014836.5703   16.1663
   -7.5000    7.5000   -7.500014924.3936   16.1276
    0.0000    7.5000   -7.500015533.9951   16.1484
    7.5000    7.5000   -7.500014606.7656   16.1683
   -7.5000   15.0000   -7.500014452.3457   16.1410
    0.0000   15.0000   -7.500015028.5723   16.1686
    7.5000   15.0000   -7.500014117.8750   16.1988
   -7.5000   22.5000   -7.500013766.4619   16.1676
    0.0000   22.5000   -7.500014329.0723   16.1919
    7.5000   22.5000   -7.500013429.8350   16.2222
   -7.5000   30.0000   -7.500012990.3311   15.9863
    0.0000   30.0000   -7.500013525.9834   16.0002
    7.5000   30.0000   -7.500012626.1895   16.0200
   -7.5000   37.5000   -7.500012616.2666   15.9710
    0.0000   37.5000   -7.500013122.6543   15.9785
    7.5000   37.5000   -7.500012221.7217   15.9874
   -7.5000   45.0000   -7.500011736.2207   15.5619
    0.0000   45.0000   -7.500012199.4912   15.5726
    7.5000   45.0000   -7.500011329.6367   15.5813
   -7.5000  -45.0000    0.0000 9774.7959   16.3923
    0.0000  -45.0000    0.000010128.0781   16.4017
    7.5000  -45.0000    0.0000 9576.2012   16.4118
   -7.5000  -37.5000    0.000010535.6533   16.1609
    0.0000  -37.5000    0.000010918.2012   16.1791
    7.5000  -37.5000    0.000010330.5234   16.1969
   -7.5000  -30.0000    0.000011791.7461   16.1638
    0.0000  -30.0000    0.000012213.6006   16.1885
    7.5000  -30.0000    0.000011569.4551   16.2155
   -7.5000  -22.5000    0.000013031.0889   16.1938
    0.0000  -22.5000    0.000013532.9414   16.2148
    7.5000  -22.5000    0.000012815.8418   16.2432
   -7.5000  -15.0000    0.000014191.3086   16.2130
    0.0000  -15.0000    0.000014752.9131   16.2237
    7.5000  -15.0000    0.000013920.4443   16.2442
   -7.5000   -7.5000    0.000015266.4531   16.1996
    0.0000   -7.5000    0.000015876.1650   16.2045
    7.5000   -7.5000    0.000014908.5186   16.2151
   -7.5000    0.0000    0.000016045.5693   16.1697
    0.0000    0.0000    0.000016713.8164   16.1784
    7.5000    0.0000    0.000015747.1045   16.1876
   -7.5000    7.5000    0.000015669.3408   16.1530
    0.0000    7.5000    0.000016297.0410   16.1712
    7.5000    7.5000    0.000015521.7324   16.1889
   -7.5000   15.0000    0.000015152.6865   16.1638
    0.0000   15.0000    0.000015735.6201   16.1884
    7.5000   15.0000    0.000015030.3096   16.2155
   -7.5000   22.5000    0.000014451.0869   16.1864
    0.0000   22.5000    0.000015017.3057   16.2073
    7.5000   22.5000    0.000014327.5801   16.2357
   -7.5000   30.0000    0.000013621.9414   16.0032
    0.0000   30.0000    0.000014153.7705   16.0138
    7.5000   30.0000    0.000013446.3516   16.0340
   -7.5000   37.5000    0.000013225.1338   15.9900
    0.0000   37.5000    0.000013774.8330   15.9948
    7.5000   37.5000    0.000012958.9990   16.0052
   -7.5000   45.0000    0.000012317.4844   15.5858
    0.0000   45.0000    0.000012785.2422   15.5941
    7.5000   45.0000    0.000011948.4502   15.6030
   -7.5000  -45.0000    7.5000 9546.3135   16.4130
    0.0000  -45.0000    7.5000 9884.6797   16.4219
    7.5000  -45.0000    7.5000 9390.8955   16.4334
   -7.5000  -37.5000    7.500010291.5850   16.1898
    0.0000  -37.5000    7.500010671.8125   16.2070
    7.5000  -37.5000    7.500010118.2031   16.2243
   -7.5000  -30.0000    7.500011489.8926   16.1904
    0.0000  -30.0000    7.500011941.4258   16.2116
    7.5000  -30.0000    7.500011323.6484   16.2377
   -7.5000  -22.5000    7.500012653.3662   16.2093
    0.0000  -22.5000    7.500013179.8281   16.2251
    7.5000  -22.5000    7.500012523.0830   16.2533
   -7.5000  -15.0000    7.500013779.6484   16.2186
    0.0000  -15.0000    7.500014380.1035   16.2249
    7.5000  -15.0000    7.500013622.8965   16.2469
   -7.5000   -7.5000    7.500014961.0107   16.2080
    0.0000   -7.5000    7.500015637.8721   16.2107
    7.5000   -7.5000    7.500014644.8701   16.2239
   -7.5000    0.0000    7.500015882.0957   16.1902
    0.0000    0.0000    7.500016605.2617   16.1985
    7.5000    0.0000    7.500015655.1016   16.2089
   -7.5000    7.5000    7.500015394.0586   16.1819
    0.0000    7.5000    7.500015972.4287   16.1991
    7.5000    7.5000    7.500015452.4453   16.2163
   -7.5000   15.0000    7.500014765.2510   16.1904
    0.0000   15.0000    7.500015247.3125   16.2115
    7.5000   15.0000    7.500014895.0840   16.2377
   -7.5000   22.5000    7.500014082.8857   16.2018
    0.0000   22.5000    7.500014541.9844   16.2177
    7.5000   22.5000    7.500014131.0049   16.2459
   -7.5000   30.0000    7.500013322.5879   16.0087
    0.0000   30.0000    7.500013781.3906   16.0149
    7.5000   30.0000    7.500013246.6973   16.0367
   -7.5000   37.5000    7.500012997.0928   15.9983
    0.0000   37.5000    7.500013478.5342   16.0009
    7.5000   37.5000    7.500012754.7734   16.0139
   -7.5000   45.0000    7.500012112.1758   15.6055
    0.0000   45.0000    7.500012503.7227   15.6135
    7.5000   45.0000    7.500011726.3672   15.6235
   -7.5000  -45.0000   15.0000 9193.5781   16.4389
    0.0000  -45.0000   15.0000 9555.1729   16.4498
    7.5000  -45.0000   15.0000 9074.9941   16.4626
   -7.5000  -37.5000   15.0000 9893.9062   16.2222
    0.0000  -37.5000   15.000010286.4707   16.2410
    7.5000  -37.5000   15.0000 9774.9385   16.2602
   -7.5000  -30.0000   15.000011044.6631   16.2239
    0.0000  -30.0000   15.000011500.0537   16.2445
    7.5000  -30.0000   15.000010946.6396   16.2725
   -7.5000  -22.5000   15.000012141.8730   16.2359
    0.0000  -22.5000   15.000012671.6768   16.2498
    7.5000  -22.5000   15.000012101.8184   16.2790
   -7.5000  -15.0000   15.000013167.2920   16.2373
    0.0000  -15.0000   15.000013766.4609   16.2422
    7.5000  -15.0000   15.000013195.4160   16.2645
   -7.5000   -7.5000   15.000014368.8516   16.2267
    0.0000   -7.5000   15.000015066.4824   16.2298
    7.5000   -7.5000   15.000014273.2109   16.2437
   -7.5000    0.0000   15.000015496.4033   16.2156
    0.0000    0.0000   15.000016175.5322   16.2259
    7.5000    0.0000   15.000015385.8896   16.2378
   -7.5000    7.5000   15.000014979.8057   16.2142
    0.0000    7.5000   15.000015441.5645   16.2329
    7.5000    7.5000   15.000015087.2842   16.2521
   -7.5000   15.0000   15.000014304.6445   16.2239
    0.0000   15.0000   15.000014683.2178   16.2444
    7.5000   15.0000   15.000014403.0166   16.2725
   -7.5000   22.5000   15.000013676.8877   16.2284
    0.0000   22.5000   15.000014023.1836   16.2423
    7.5000   22.5000   15.000013589.0977   16.2715
   -7.5000   30.0000   15.000012992.6494   16.0271
    0.0000   30.0000   15.000013322.2783   16.0320
    7.5000   30.0000   15.000012735.6865   16.0540
   -7.5000   37.5000   15.000012627.5000   16.0167
    0.0000   37.5000   15.000012965.4658   16.0198
    7.5000   37.5000   15.000012260.5322   16.0335
   -7.5000   45.0000   15.000011674.4756   15.6300
    0.0000   45.0000   15.000011995.0869   15.6399
    7.5000   45.0000   15.000011297.6758   15.6514
   -7.5000  -45.0000   22.5000 8783.2354   16.4461
    0.0000  -45.0000   22.5000 9130.7314   16.4592
    7.5000  -45.0000   22.5000 8723.8584   16.4709
   -7.5000  -37.5000   22.5000 9439.1055   16.2262
    0.0000  -37.5000   22.5000 9833.6436   16.2473
    7.5000  -37.5000   22.5000 9407.2910   16.2683
   -7.5000  -30.0000   22.500010517.3359   16.2301
    0.0000  -30.0000   22.500010995.1377   16.2537
    7.5000  -30.0000   22.500010505.1133   16.2846
   -7.5000  -22.5000   22.500011589.5186   16.2470
    0.0000  -22.5000   22.500012105.5488   16.2647
    7.5000  -22.5000   22.500011604.7139   16.2956
   -7.5000  -15.0000   22.500012585.7520   16.2517
    0.0000  -15.0000   22.500013099.9639   16.2605
    7.5000  -15.0000   22.500012650.1621   16.2821
   -7.5000   -7.5000   22.500013718.8555   16.2393
    0.0000   -7.5000   22.500014340.0508   16.2452
    7.5000   -7.5000   22.500013731.2930   16.2568
   -7.5000    0.0000   22.500014850.7559   16.2226
    0.0000    0.0000   22.500015445.9307   16.2350
    7.5000    0.0000   22.500014728.4062   16.2458
   -7.5000    7.5000   22.500014558.2871   16.2183
    0.0000    7.5000   22.500015039.2090   16.2393
    7.5000    7.5000   22.500014370.5918   16.2602
   -7.5000   15.0000   22.500014034.6777   16.2301
    0.0000   15.0000   22.500014498.9482   16.2537
    7.5000   15.0000   22.500013743.7393   16.2845
   -7.5000   22.5000   22.500013334.3848   16.2395
    0.0000   22.5000   22.500013751.8730   16.2572
    7.5000   22.5000   22.500012941.3643   16.2881
   -7.5000   30.0000   22.500012536.9424   16.0414
    0.0000   30.0000   22.500012926.7109   16.0500
    7.5000   30.0000   22.500012149.3447   16.0713
   -7.5000   37.5000   22.500012055.8066   16.0292
    0.0000   37.5000   22.500012441.7295   16.0350
    7.5000   37.5000   22.500011696.2686   16.0464
   -7.5000   45.0000   22.500011082.5176   15.6367
    0.0000   45.0000   22.500011449.6309   15.6487
    7.5000   45.0000   22.500010787.8535   15.6591
   -7.5000  -45.0000   30.0000 8254.4121   16.4297
    0.0000  -45.0000   30.0000 8580.2607   16.4432
    7.5000  -45.0000   30.0000 8234.3066   16.4533
   -7.5000  -37.5000   30.0000 8886.8887   16.2011
    0.0000  -37.5000   30.0000 9275.2979   16.2233
    7.5000  -37.5000   30.0000 8900.9297   16.2445
   -7.5000  -30.0000   30.0000 9936.2158   16.2066
    0.0000  -30.0000   30.000010384.3506   16.2338
    7.5000  -30.0000   30.0000 9938.1387   16.2659
   -7.5000  -22.5000   30.000010997.7920   16.2344
    0.0000  -22.5000   30.000011470.0479   16.2574
    7.5000  -22.5000   30.000010977.2012   16.2893
   -7.5000  -15.0000   30.000012026.1875   16.2493
    0.0000  -15.0000   30.000012526.3564   16.2627
    7.5000  -15.0000   30.000011957.6445   16.2837
   -7.5000   -7.5000   30.000013080.1113   16.2347
    0.0000   -7.5000   30.000013678.5186   16.2428
    7.5000   -7.5000   30.000012959.5977   16.2522
   -7.5000    0.0000   30.000013962.5371   16.2063
    0.0000    0.0000   30.000014501.3486   16.2190
    7.5000    0.0000   30.000013772.9512   16.2284
   -7.5000    7.5000   30.000013573.7578   16.1932
    0.0000    7.5000   30.000014049.7061   16.2153
    7.5000    7.5000   30.000013381.3223   16.2365
   -7.5000   15.0000   30.000013055.1348   16.2066
    0.0000   15.0000   30.000013546.7871   16.2337
    7.5000   15.0000   30.000012841.3994   16.2659
   -7.5000   22.5000   30.000012427.0918   16.2269
    0.0000   22.5000   30.000012883.9736   16.2499
    7.5000   22.5000   30.000012171.0371   16.2818
   -7.5000   30.0000   30.000011706.3379   16.0390
    0.0000   30.0000   30.000012145.6562   16.0522
    7.5000   30.0000   30.000011464.1338   16.0730
   -7.5000   37.5000   30.000011271.3369   16.0246
    0.0000   37.5000   30.000011711.5088   16.0326
    7.5000   37.5000   30.000011049.2686   16.0419
   -7.5000   45.0000   30.000010367.3066   15.6210
    0.0000   45.0000   30.000010764.2207   15.6333
    7.5000   45.0000   30.000010153.7900   15.6423
   -7.5000  -45.0000   37.5000 7992.2236   16.4036
    0.0000  -45.0000   37.5000 8336.2510   16.4155
    7.5000  -45.0000   37.5000 7965.0767   16.4253
   -7.5000  -37.5000   37.5000 8648.8486   16.1700
    0.0000  -37.5000   37.5000 9031.2012   16.1908
    7.5000  -37.5000   37.5000 8608.5000   16.2109
   -7.5000  -30.0000   37.5000 9678.7432   16.1756
    0.0000  -30.0000   37.500010103.9238   16.2032
    7.5000  -30.0000   37.5000 9595.4854   16.2335
   -7.5000  -22.5000   37.500010709.2002   16.2097
    0.0000  -22.5000   37.500011157.7871   16.2340
    7.5000  -22.5000   37.500010572.4785   16.2644
   -7.5000  -15.0000   37.500011680.9980   16.2310
    0.0000  -15.0000   37.500012179.1250   16.2451
    7.5000  -15.0000   37.500011508.3564   16.2652
   -7.5000   -7.5000   37.500012590.8223   16.2154
    0.0000   -7.5000   37.500013145.2441   16.2230
    7.5000   -7.5000   37.500012396.4424   16.2321
   -7.5000    0.0000   37.500013310.2930   16.1807
    0.0000    0.0000   37.500013813.5029   16.1918
    7.5000    0.0000   37.500013095.7100   16.2008
   -7.5000    7.5000   37.500012922.2842   16.1621
    0.0000    7.5000   37.500013419.9473   16.1829
    7.5000    7.5000   37.500012743.4658   16.2029
   -7.5000   15.0000   37.500012437.8398   16.1756
    0.0000   15.0000   37.500012941.9883   16.2032
    7.5000   15.0000   37.500012291.9141   16.2334
   -7.5000   22.5000   37.500011818.0020   16.2022
    0.0000   22.5000   37.500012294.7832   16.2265
    7.5000   22.5000   37.500011691.9404   16.2569
   -7.5000   30.0000   37.500011161.8271   16.0209
    0.0000   30.0000   37.500011632.6367   16.0348
    7.5000   30.0000   37.500011045.4053   16.0547
   -7.5000   37.5000   37.500010788.4502   16.0056
    0.0000   37.5000   37.500011261.5186   16.0131
    7.5000   37.5000   37.500010687.4180   16.0220
   -7.5000   45.0000   37.5000 9961.7510   15.5963
    0.0000   45.0000   37.500010357.6855   15.6070
    7.5000   45.0000   37.5000 9819.1924   15.6157
   -7.5000  -45.0000   45.0000 7320.3184   16.5083
    0.0000  -45.0000   45.0000 7631.1792   16.5182
    7.5000  -45.0000   45.0000 7264.1177   16.5291
   -7.5000  -37.5000   45.0000 7943.6006   16.2723
    0.0000  -37.5000   45.0000 8276.2959   16.2911
    7.5000  -37.5000   45.0000 7857.0957   16.3096
   -7.5000  -30.0000   45.0000 8873.5557   16.2755
    0.0000  -30.0000   45.0000 9224.7041   16.3009
    7.5000  -30.0000   45.0000 8735.6924   16.3288
   -7.5000  -22.5000   45.0000 9800.0439   16.3060
    0.0000  -22.5000   45.000010191.9297   16.3278
    7.5000  -22.5000   45.0000 9617.5146   16.3571
   -7.5000  -15.0000   45.000010679.6719   16.3253
    0.0000  -15.0000   45.000011137.9150   16.3367
    7.5000  -15.0000   45.000010475.7363   16.3582
   -7.5000   -7.5000   45.000011493.0176   16.3115
    0.0000   -7.5000   45.000012017.9473   16.3169
    7.5000   -7.5000   45.000011297.1133   16.3284
   -7.5000    0.0000   45.000012115.9062   16.2810
    0.0000    0.0000   45.000012621.6650   16.2903
    7.5000    0.0000   45.000011929.1211   16.3001
   -7.5000    7.5000   45.000011798.3457   16.2642
    0.0000    7.5000   45.000012299.0576   16.2831
    7.5000    7.5000   45.000011657.9541   16.3015
   -7.5000   15.0000   45.000011379.9883   16.2754
    0.0000   15.0000   45.000011890.9570   16.3009
    7.5000   15.0000   45.000011255.9932   16.3287
   -7.5000   22.5000   45.000010835.3799   16.2985
    0.0000   22.5000   45.000011318.8984   16.3202
    7.5000   22.5000   45.000010752.7783   16.3495
   -7.5000   30.0000   45.000010256.9043   16.1126
    0.0000   30.0000   45.000010698.7725   16.1238
    7.5000   30.0000   45.000010174.4668   16.1450
   -7.5000   37.5000   45.0000 9920.3350   16.0990
    0.0000   37.5000   45.000010350.0537   16.1043
    7.5000   37.5000   45.0000 9856.4678   16.1156
   -7.5000   45.0000   45.0000 9163.2129   15.7002
    0.0000   45.0000   45.0000 9537.9434   15.7090
    7.5000   45.0000   45.0000 9065.2266   15.7186

---------------------------------------------------------------------
imgreg_4dfp /opt/freesurfer/average/711-2C_as_mni_average_305 /opt/freesurfer/average/711-2B_as_mni_average_305_mask talsrcimg_g11 none talsrcimg_to_711-2C_as_mni_average_305_t4 4355
---------------------------------------------------------------------

freesurfer imgreg_4dfp.c
/opt/freesurfer/average/711-2C_as_mni_average_305.4dfp.img
       256       256       256         1
  1.000000  1.000000  1.000000
orientation T byte_order littleendian
Reading image: /opt/freesurfer/average/711-2C_as_mni_average_305.4dfp.img
dimensions:      256       256       256
mmppix:       1.0000   -1.0000   -1.0000
center:     128.0000 -129.0000 -129.0000
/opt/freesurfer/average/711-2B_as_mni_average_305_mask.4dfp.img
       256       256       256         1
  1.000000  1.000000  1.000000
orientation T byte_order littleendian
Reading mask: /opt/freesurfer/average/711-2B_as_mni_average_305_mask.4dfp.img (2306576 pixels)
talsrcimg_g11.4dfp.img
       256       256       256         1
  1.000000  1.000000  1.000000
orientation T byte_order littleendian
Reading image: talsrcimg_g11.4dfp.img
dimensions:      256       256       256
mmppix:       1.0000   -1.0000   -1.0000
center:     128.0000 -129.0000 -129.0000
rotation matrix determinant  1.000000
image alignment mode   4355 decimal     1103 hex
   -7.5000  -45.0000  -45.0000 1856.7426   20.0087
    0.0000  -45.0000  -45.0000 1854.3929   19.8540
    7.5000  -45.0000  -45.0000 1847.8866   20.2692
   -7.5000  -37.5000  -45.0000 1948.9955   18.0888
    0.0000  -37.5000  -45.0000 1945.5785   17.9804
    7.5000  -37.5000  -45.0000 1941.2355   18.3846
   -7.5000  -30.0000  -45.0000 2027.1599   16.5766
    0.0000  -30.0000  -45.0000 2022.0940   16.5003
    7.5000  -30.0000  -45.0000 2014.7823   16.8307
   -7.5000  -22.5000  -45.0000 2103.5869   15.5152
    0.0000  -22.5000  -45.0000 2103.0183   15.4519
    7.5000  -22.5000  -45.0000 2084.9917   15.7294
   -7.5000  -15.0000  -45.0000 2145.2351   14.8542
    0.0000  -15.0000  -45.0000 2146.5413   14.8274
    7.5000  -15.0000  -45.0000 2126.9792   15.0608
   -7.5000   -7.5000  -45.0000 2177.5894   14.4652
    0.0000   -7.5000  -45.0000 2181.0178   14.4832
    7.5000   -7.5000  -45.0000 2162.2373   14.6891
   -7.5000    0.0000  -45.0000 2190.2937   14.4359
    0.0000    0.0000  -45.0000 2194.0459   14.4764
    7.5000    0.0000  -45.0000 2175.7109   14.7421
   -7.5000    7.5000  -45.0000 2191.9465   14.6522
    0.0000    7.5000  -45.0000 2198.3855   14.7226
    7.5000    7.5000  -45.0000 2171.8455   14.9821
   -7.5000   15.0000  -45.0000 2178.7332   14.9763
    0.0000   15.0000  -45.0000 2184.5789   15.1013
    7.5000   15.0000  -45.0000 2158.2952   15.3872
   -7.5000   22.5000  -45.0000 2153.5840   15.6247
    0.0000   22.5000  -45.0000 2160.2363   15.6812
    7.5000   22.5000  -45.0000 2128.3035   15.9587
   -7.5000   30.0000  -45.0000 2100.4551   16.4341
    0.0000   30.0000  -45.0000 2104.7278   16.4336
    7.5000   30.0000  -45.0000 2081.2107   16.7398
   -7.5000   37.5000  -45.0000 2042.6528   17.4806
    0.0000   37.5000  -45.0000 2045.3169   17.4590
    7.5000   37.5000  -45.0000 2020.7791   17.7516
   -7.5000   45.0000  -45.0000 1962.2499   18.8736
    0.0000   45.0000  -45.0000 1965.6637   18.8857
    7.5000   45.0000  -45.0000 1939.1882   19.2532
   -7.5000  -45.0000  -37.5000 1927.1788   18.7536
    0.0000  -45.0000  -37.5000 1926.1404   18.6715
    7.5000  -45.0000  -37.5000 1915.3976   18.9884
   -7.5000  -37.5000  -37.5000 2021.6554   16.9369
    0.0000  -37.5000  -37.5000 2021.2017   16.8712
    7.5000  -37.5000  -37.5000 2009.9020   17.1508
   -7.5000  -30.0000  -37.5000 2110.5352   15.4969
    0.0000  -30.0000  -37.5000 2112.2134   15.4670
    7.5000  -30.0000  -37.5000 2095.2310   15.6950
   -7.5000  -22.5000  -37.5000 2184.5989   14.4002
    0.0000  -22.5000  -37.5000 2190.5828   14.4081
    7.5000  -22.5000  -37.5000 2173.5459   14.6123
   -7.5000  -15.0000  -37.5000 2238.6201   13.6676
    0.0000  -15.0000  -37.5000 2242.0400   13.7086
    7.5000  -15.0000  -37.5000 2223.5156   13.8939
   -7.5000   -7.5000  -37.5000 2275.5583   13.2912
    0.0000   -7.5000  -37.5000 2280.6807   13.3615
    7.5000   -7.5000  -37.5000 2259.6194   13.5086
   -7.5000    0.0000  -37.5000 2292.6304   13.2196
    0.0000    0.0000  -37.5000 2295.2490   13.3073
    7.5000    0.0000  -37.5000 2276.6396   13.4652
   -7.5000    7.5000  -37.5000 2297.6025   13.3771
    0.0000    7.5000  -37.5000 2300.8101   13.4533
    7.5000    7.5000  -37.5000 2276.0491   13.6332
   -7.5000   15.0000  -37.5000 2283.4646   13.6188
    0.0000   15.0000  -37.5000 2291.3354   13.7329
    7.5000   15.0000  -37.5000 2260.8452   13.9257
   -7.5000   22.5000  -37.5000 2260.3342   14.1559
    0.0000   22.5000  -37.5000 2267.4041   14.2319
    7.5000   22.5000  -37.5000 2236.2876   14.4604
   -7.5000   30.0000  -37.5000 2214.0742   14.9404
    0.0000   30.0000  -37.5000 2225.6135   14.9848
    7.5000   30.0000  -37.5000 2192.1958   15.2074
   -7.5000   37.5000  -37.5000 2146.4436   15.9549
    0.0000   37.5000  -37.5000 2157.7900   16.0065
    7.5000   37.5000  -37.5000 2130.4460   16.2261
   -7.5000   45.0000  -37.5000 2058.8965   17.2484
    0.0000   45.0000  -37.5000 2063.7534   17.2902
    7.5000   45.0000  -37.5000 2039.0271   17.6086
   -7.5000  -45.0000  -30.0000 2029.1195   18.2581
    0.0000  -45.0000  -30.0000 2030.6257   18.1893
    7.5000  -45.0000  -30.0000 2011.9027   18.4477
   -7.5000  -37.5000  -30.0000 2140.4163   16.4716
    0.0000  -37.5000  -30.0000 2138.8459   16.4389
    7.5000  -37.5000  -30.0000 2118.3059   16.6464
   -7.5000  -30.0000  -30.0000 2236.7126   15.0348
    0.0000  -30.0000  -30.0000 2237.8535   15.0221
    7.5000  -30.0000  -30.0000 2212.5481   15.1794
   -7.5000  -22.5000  -30.0000 2313.3828   13.8631
    0.0000  -22.5000  -30.0000 2316.5847   13.8822
    7.5000  -22.5000  -30.0000 2291.6143   14.0283
   -7.5000  -15.0000  -30.0000 2380.1956   13.0374
    0.0000  -15.0000  -30.0000 2387.4395   13.0802
    7.5000  -15.0000  -30.0000 2358.6445   13.2332
   -7.5000   -7.5000  -30.0000 2423.6851   12.6522
    0.0000   -7.5000  -30.0000 2427.2876   12.7303
    7.5000   -7.5000  -30.0000 2398.1033   12.8607
   -7.5000    0.0000  -30.0000 2440.0476   12.5240
    0.0000    0.0000  -30.0000 2446.5171   12.6290
    7.5000    0.0000  -30.0000 2417.2358   12.7283
   -7.5000    7.5000  -30.0000 2445.7593   12.6526
    0.0000    7.5000  -30.0000 2453.8757   12.7281
    7.5000    7.5000  -30.0000 2417.5701   12.8609
   -7.5000   15.0000  -30.0000 2431.2419   12.8896
    0.0000   15.0000  -30.0000 2445.6384   13.0097
    7.5000   15.0000  -30.0000 2406.2083   13.1497
   -7.5000   22.5000  -30.0000 2407.3813   13.4050
    0.0000   22.5000  -30.0000 2418.9045   13.4861
    7.5000   22.5000  -30.0000 2382.0134   13.6994
   -7.5000   30.0000  -30.0000 2360.4409   14.1420
    0.0000   30.0000  -30.0000 2373.2747   14.2146
    7.5000   30.0000  -30.0000 2337.4536   14.4246
   -7.5000   37.5000  -30.0000 2290.8811   15.1341
    0.0000   37.5000  -30.0000 2303.4727   15.1922
    7.5000   37.5000  -30.0000 2269.6040   15.3815
   -7.5000   45.0000  -30.0000 2194.8110   16.3849
    0.0000   45.0000  -30.0000 2203.5134   16.4723
    7.5000   45.0000  -30.0000 2174.9814   16.7086
   -7.5000  -45.0000  -22.5000 2110.8364   17.6123
    0.0000  -45.0000  -22.5000 2114.4094   17.5641
    7.5000  -45.0000  -22.5000 2091.7473   17.7673
   -7.5000  -37.5000  -22.5000 2239.6914   15.8642
    0.0000  -37.5000  -22.5000 2240.2791   15.8255
    7.5000  -37.5000  -22.5000 2213.9119   15.9839
   -7.5000  -30.0000  -22.5000 2343.0212   14.4291
    0.0000  -30.0000  -22.5000 2345.5654   14.4320
    7.5000  -30.0000  -22.5000 2313.9033   14.5685
   -7.5000  -22.5000  -22.5000 2429.6863   13.2852
    0.0000  -22.5000  -22.5000 2431.5405   13.2923
    7.5000  -22.5000  -22.5000 2396.4211   13.4142
   -7.5000  -15.0000  -22.5000 2504.0483   12.4158
    0.0000  -15.0000  -22.5000 2507.8958   12.4306
    7.5000  -15.0000  -22.5000 2467.5498   12.5484
   -7.5000   -7.5000  -22.5000 2547.8240   11.9224
    0.0000   -7.5000  -22.5000 2552.2056   11.9664
    7.5000   -7.5000  -22.5000 2516.6953   12.0894
   -7.5000    0.0000  -22.5000 2570.3357   11.7289
    0.0000    0.0000  -22.5000 2578.0947   11.8192
    7.5000    0.0000  -22.5000 2540.7407   11.9301
   -7.5000    7.5000  -22.5000 2574.6785   11.8560
    0.0000    7.5000  -22.5000 2588.7124   11.9391
    7.5000    7.5000  -22.5000 2547.7959   12.0503
   -7.5000   15.0000  -22.5000 2556.9446   12.1305
    0.0000   15.0000  -22.5000 2575.2126   12.2504
    7.5000   15.0000  -22.5000 2534.5198   12.3757
   -7.5000   22.5000  -22.5000 2531.9033   12.6177
    0.0000   22.5000  -22.5000 2542.9932   12.7111
    7.5000   22.5000  -22.5000 2511.0818   12.8798
   -7.5000   30.0000  -22.5000 2483.7239   13.2940
    0.0000   30.0000  -22.5000 2495.0378   13.3875
    7.5000   30.0000  -22.5000 2458.9478   13.5414
   -7.5000   37.5000  -22.5000 2417.4214   14.1706
    0.0000   37.5000  -22.5000 2426.9924   14.2672
    7.5000   37.5000  -22.5000 2393.7422   14.4044
   -7.5000   45.0000  -22.5000 2312.1262   15.3412
    0.0000   45.0000  -22.5000 2326.7456   15.4496
    7.5000   45.0000  -22.5000 2288.9075   15.6377
   -7.5000  -45.0000  -15.0000 2168.8064   16.9601
    0.0000  -45.0000  -15.0000 2167.5100   16.9301
    7.5000  -45.0000  -15.0000 2146.1572   17.1324
   -7.5000  -37.5000  -15.0000 2301.4819   15.2155
    0.0000  -37.5000  -15.0000 2303.4436   15.2120
    7.5000  -37.5000  -15.0000 2275.2507   15.3462
   -7.5000  -30.0000  -15.0000 2412.4319   13.7993
    0.0000  -30.0000  -15.0000 2416.8328   13.8130
    7.5000  -30.0000  -15.0000 2382.6489   13.9725
   -7.5000  -22.5000  -15.0000 2501.1194   12.6614
    0.0000  -22.5000  -15.0000 2507.4954   12.6701
    7.5000  -22.5000  -15.0000 2471.8743   12.8414
   -7.5000  -15.0000  -15.0000 2572.9861   11.8169
    0.0000  -15.0000  -15.0000 2580.7405   11.8171
    7.5000  -15.0000  -15.0000 2547.8242   11.9743
   -7.5000   -7.5000  -15.0000 2629.4558   11.2052
    0.0000   -7.5000  -15.0000 2637.3357   11.2137
    7.5000   -7.5000  -15.0000 2608.3416   11.3915
   -7.5000    0.0000  -15.0000 2661.1240   10.9648
    0.0000    0.0000  -15.0000 2671.0593   11.0164
    7.5000    0.0000  -15.0000 2633.1575   11.1613
   -7.5000    7.5000  -15.0000 2671.0239   11.0439
    0.0000    7.5000  -15.0000 2684.6104   11.1227
    7.5000    7.5000  -15.0000 2648.5518   11.2658
   -7.5000   15.0000  -15.0000 2656.1492   11.3611
    0.0000   15.0000  -15.0000 2672.9368   11.4591
    7.5000   15.0000  -15.0000 2637.7061   11.5964
   -7.5000   22.5000  -15.0000 2633.0110   11.8533
    0.0000   22.5000  -15.0000 2649.3694   11.9379
    7.5000   22.5000  -15.0000 2614.7556   12.0888
   -7.5000   30.0000  -15.0000 2578.7141   12.4537
    0.0000   30.0000  -15.0000 2592.2183   12.5521
    7.5000   30.0000  -15.0000 2559.4360   12.6907
   -7.5000   37.5000  -15.0000 2506.2705   13.2765
    0.0000   37.5000  -15.0000 2520.6387   13.3375
    7.5000   37.5000  -15.0000 2487.9255   13.5191
   -7.5000   45.0000  -15.0000 2397.6504   14.3873
    0.0000   45.0000  -15.0000 2411.2749   14.4401
    7.5000   45.0000  -15.0000 2382.2786   14.6880
   -7.5000  -45.0000   -7.5000 2203.0535   16.3613
    0.0000  -45.0000   -7.5000 2204.3315   16.3604
    7.5000  -45.0000   -7.5000 2176.0725   16.5187
   -7.5000  -37.5000   -7.5000 2337.2629   14.5885
    0.0000  -37.5000   -7.5000 2339.1406   14.6018
    7.5000  -37.5000   -7.5000 2308.7283   14.7881
   -7.5000  -30.0000   -7.5000 2454.6921   13.2021
    0.0000  -30.0000   -7.5000 2458.4199   13.2255
    7.5000  -30.0000   -7.5000 2427.0620   13.4352
   -7.5000  -22.5000   -7.5000 2547.1179   12.1041
    0.0000  -22.5000   -7.5000 2557.8267   12.1086
    7.5000  -22.5000   -7.5000 2527.0098   12.3496
   -7.5000  -15.0000   -7.5000 2621.2429   11.2444
    0.0000  -15.0000   -7.5000 2636.0471   11.2471
    7.5000  -15.0000   -7.5000 2607.0081   11.4655
   -7.5000   -7.5000   -7.5000 2692.4521   10.6098
    0.0000   -7.5000   -7.5000 2710.6675   10.6018
    7.5000   -7.5000   -7.5000 2676.3809   10.8195
   -7.5000    0.0000   -7.5000 2730.4602   10.2734
    0.0000    0.0000   -7.5000 2746.6685   10.2954
    7.5000    0.0000   -7.5000 2707.2068   10.5158
   -7.5000    7.5000   -7.5000 2748.3374   10.2879
    0.0000    7.5000   -7.5000 2761.3379   10.3459
    7.5000    7.5000   -7.5000 2727.9463   10.5819
   -7.5000   15.0000   -7.5000 2743.1687   10.6019
    0.0000   15.0000   -7.5000 2762.0730   10.6713
    7.5000   15.0000   -7.5000 2725.4695   10.8769
   -7.5000   22.5000   -7.5000 2717.7224   11.0949
    0.0000   22.5000   -7.5000 2742.0796   11.1657
    7.5000   22.5000   -7.5000 2708.5081   11.3718
   -7.5000   30.0000   -7.5000 2660.3899   11.6945
    0.0000   30.0000   -7.5000 2679.6680   11.7500
    7.5000   30.0000   -7.5000 2652.2810   11.9738
   -7.5000   37.5000   -7.5000 2582.6772   12.5107
    0.0000   37.5000   -7.5000 2593.3723   12.5148
    7.5000   37.5000   -7.5000 2570.2649   12.7831
   -7.5000   45.0000   -7.5000 2467.3928   13.5900
    0.0000   45.0000   -7.5000 2480.7339   13.5859
    7.5000   45.0000   -7.5000 2456.6575   13.8597
   -7.5000  -45.0000    0.0000 2214.3682   15.9280
    0.0000  -45.0000    0.0000 2216.7644   15.9451
    7.5000  -45.0000    0.0000 2189.4180   16.1357
   -7.5000  -37.5000    0.0000 2344.2063   14.1682
    0.0000  -37.5000    0.0000 2348.1235   14.1988
    7.5000  -37.5000    0.0000 2317.8369   14.4439
   -7.5000  -30.0000    0.0000 2466.6555   12.7996
    0.0000  -30.0000    0.0000 2475.0771   12.8189
    7.5000  -30.0000    0.0000 2443.2683   13.1099
   -7.5000  -22.5000    0.0000 2570.5571   11.7212
    0.0000  -22.5000    0.0000 2584.4963   11.7175
    7.5000  -22.5000    0.0000 2553.7083   12.0245
   -7.5000  -15.0000    0.0000 2651.3313   10.8631
    0.0000  -15.0000    0.0000 2668.9907   10.8492
    7.5000  -15.0000    0.0000 2640.8203   11.1383
   -7.5000   -7.5000    0.0000 2732.4333   10.2507
    0.0000   -7.5000    0.0000 2753.3020   10.2252
    7.5000   -7.5000    0.0000 2720.8401   10.4759
   -7.5000    0.0000    0.0000 2780.4609    9.8417
    0.0000    0.0000    0.0000 2799.1917    9.8346
    7.5000    0.0000    0.0000 2757.2219   10.1395
   -7.5000    7.5000    0.0000 2810.2451    9.7211
    0.0000    7.5000    0.0000 2825.6653    9.7453
    7.5000    7.5000    0.0000 2794.3730   10.1380
   -7.5000   15.0000    0.0000 2808.9790   10.0270
    0.0000   15.0000    0.0000 2827.6904   10.0316
    7.5000   15.0000    0.0000 2800.4104   10.4229
   -7.5000   22.5000    0.0000 2782.0708   10.5393
    0.0000   22.5000    0.0000 2805.0940   10.5257
    7.5000   22.5000    0.0000 2780.0938   10.8995
   -7.5000   30.0000    0.0000 2721.1362   11.1713
    0.0000   30.0000    0.0000 2738.4839   11.1354
    7.5000   30.0000    0.0000 2721.3284   11.5182
   -7.5000   37.5000    0.0000 2636.7014   11.9879
    0.0000   37.5000    0.0000 2652.9019   11.9445
    7.5000   37.5000    0.0000 2631.9194   12.3038
   -7.5000   45.0000    0.0000 2519.0061   13.0387
    0.0000   45.0000    0.0000 2530.8025   13.0359
    7.5000   45.0000    0.0000 2507.7019   13.3563
   -7.5000  -45.0000    7.5000 2213.4302   15.7472
    0.0000  -45.0000    7.5000 2216.9939   15.7522
    7.5000  -45.0000    7.5000 2193.9573   16.0889
   -7.5000  -37.5000    7.5000 2340.5513   13.9959
    0.0000  -37.5000    7.5000 2349.3940   14.0032
    7.5000  -37.5000    7.5000 2320.2837   14.3882
   -7.5000  -30.0000    7.5000 2464.4956   12.6407
    0.0000  -30.0000    7.5000 2478.3132   12.6071
    7.5000  -30.0000    7.5000 2447.2288   12.9952
   -7.5000  -22.5000    7.5000 2573.8801   11.5266
    0.0000  -22.5000    7.5000 2590.5161   11.5038
    7.5000  -22.5000    7.5000 2559.0002   11.8871
   -7.5000  -15.0000    7.5000 2659.3674   10.6497
    0.0000  -15.0000    7.5000 2682.4104   10.6037
    7.5000  -15.0000    7.5000 2654.4556   10.9811
   -7.5000   -7.5000    7.5000 2744.0522   10.0806
    0.0000   -7.5000    7.5000 2765.1904   10.0135
    7.5000   -7.5000    7.5000 2737.6750   10.3354
   -7.5000    0.0000    7.5000 2813.3589    9.7116
    0.0000    0.0000    7.5000 2835.0178    9.6439
    7.5000    0.0000    7.5000 2797.0618    9.9707
   -7.5000    7.5000    7.5000 2850.0640    9.4553
    0.0000    7.5000    7.5000 2869.0850    9.3960
    7.5000    7.5000    7.5000 2840.6289    9.9259
   -7.5000   15.0000    7.5000 2853.7273    9.6879
    0.0000   15.0000    7.5000 2865.0806    9.6101
    7.5000   15.0000    7.5000 2848.7686   10.1955
   -7.5000   22.5000    7.5000 2829.3479   10.2259
    0.0000   22.5000    7.5000 2845.9170   10.0953
    7.5000   22.5000    7.5000 2828.6152   10.6481
   -7.5000   30.0000    7.5000 2771.3787   10.9176
    0.0000   30.0000    7.5000 2787.4548   10.7895
    7.5000   30.0000    7.5000 2767.2732   11.2273
   -7.5000   37.5000    7.5000 2686.9255   11.7478
    0.0000   37.5000    7.5000 2699.2456   11.6766
    7.5000   37.5000    7.5000 2671.8721   11.9894
   -7.5000   45.0000    7.5000 2563.3923   12.8135
    0.0000   45.0000    7.5000 2567.3105   12.7834
    7.5000   45.0000    7.5000 2545.7004   13.0488
   -7.5000  -45.0000   15.0000 2190.1985   15.7228
    0.0000  -45.0000   15.0000 2199.8928   15.7281
    7.5000  -45.0000   15.0000 2181.5874   16.1875
   -7.5000  -37.5000   15.0000 2313.4526   13.9967
    0.0000  -37.5000   15.0000 2322.1038   13.9814
    7.5000  -37.5000   15.0000 2296.9595   14.4163
   -7.5000  -30.0000   15.0000 2433.0698   12.5982
    0.0000  -30.0000   15.0000 2446.6455   12.5736
    7.5000  -30.0000   15.0000 2418.8616   13.0269
   -7.5000  -22.5000   15.0000 2546.2935   11.4733
    0.0000  -22.5000   15.0000 2563.8979   11.4331
    7.5000  -22.5000   15.0000 2536.2566   11.9027
   -7.5000  -15.0000   15.0000 2641.1348   10.6086
    0.0000  -15.0000   15.0000 2662.7012   10.5486
    7.5000  -15.0000   15.0000 2641.1943   11.0304
   -7.5000   -7.5000   15.0000 2731.5342   10.0399
    0.0000   -7.5000   15.0000 2749.6133    9.9585
    7.5000   -7.5000   15.0000 2733.9148   10.4283
   -7.5000    0.0000   15.0000 2811.5974    9.7447
    0.0000    0.0000   15.0000 2833.0056    9.6312
    7.5000    0.0000   15.0000 2815.0640   10.0399
   -7.5000    7.5000   15.0000 2861.3562    9.5706
    0.0000    7.5000   15.0000 2875.6799    9.4188
    7.5000    7.5000   15.0000 2864.7993    9.9724
   -7.5000   15.0000   15.0000 2876.5850    9.6568
    0.0000   15.0000   15.0000 2878.3303    9.4794
    7.5000   15.0000   15.0000 2876.0127   10.1018
   -7.5000   22.5000   15.0000 2858.0552   10.0970
    0.0000   22.5000   15.0000 2856.2639    9.9193
    7.5000   22.5000   15.0000 2841.0486   10.4106
   -7.5000   30.0000   15.0000 2798.3682   10.7690
    0.0000   30.0000   15.0000 2800.0874   10.6322
    7.5000   30.0000   15.0000 2776.5718   10.9535
   -7.5000   37.5000   15.0000 2697.5017   11.6565
    0.0000   37.5000   15.0000 2699.6545   11.5651
    7.5000   37.5000   15.0000 2674.0645   11.8099
   -7.5000   45.0000   15.0000 2565.9758   12.7373
    0.0000   45.0000   15.0000 2572.4500   12.7049
    7.5000   45.0000   15.0000 2551.0806   12.9120
   -7.5000  -45.0000   22.5000 2157.5605   16.0337
    0.0000  -45.0000   22.5000 2170.7612   16.0634
    7.5000  -45.0000   22.5000 2156.4382   16.6212
   -7.5000  -37.5000   22.5000 2275.4988   14.2371
    0.0000  -37.5000   22.5000 2286.5901   14.2043
    7.5000  -37.5000   22.5000 2267.9646   14.7707
   -7.5000  -30.0000   22.5000 2389.2151   12.7853
    0.0000  -30.0000   22.5000 2404.1665   12.7333
    7.5000  -30.0000   22.5000 2382.4326   13.3110
   -7.5000  -22.5000   22.5000 2502.6787   11.6748
    0.0000  -22.5000   22.5000 2520.8606   11.5954
    7.5000  -22.5000   22.5000 2503.3933   12.1699
   -7.5000  -15.0000   22.5000 2603.2385   10.8459
    0.0000  -15.0000   22.5000 2622.2190   10.7460
    7.5000  -15.0000   22.5000 2614.8215   11.3125
   -7.5000   -7.5000   22.5000 2704.9280   10.2721
    0.0000   -7.5000   22.5000 2719.8130   10.1536
    7.5000   -7.5000   22.5000 2717.3242   10.7109
   -7.5000    0.0000   22.5000 2802.9971   10.0470
    0.0000    0.0000   22.5000 2822.1877    9.9200
    7.5000    0.0000   22.5000 2804.1394   10.3616
   -7.5000    7.5000   22.5000 2860.8701    9.8732
    0.0000    7.5000   22.5000 2869.6794    9.7295
    7.5000    7.5000   22.5000 2849.7061   10.1801
   -7.5000   15.0000   22.5000 2880.1970    9.9570
    0.0000   15.0000   22.5000 2888.3962    9.8125
    7.5000   15.0000   22.5000 2860.3237   10.1979
   -7.5000   22.5000   22.5000 2860.2622   10.2752
    0.0000   22.5000   22.5000 2871.5776   10.1677
    7.5000   22.5000   22.5000 2832.3582   10.4458
   -7.5000   30.0000   22.5000 2786.5134   10.8659
    0.0000   30.0000   22.5000 2803.3596   10.7552
    7.5000   30.0000   22.5000 2761.4958   11.0031
   -7.5000   37.5000   22.5000 2683.7559   11.6954
    0.0000   37.5000   22.5000 2697.5337   11.6195
    7.5000   37.5000   22.5000 2663.9602   11.8313
   -7.5000   45.0000   22.5000 2551.2571   12.7656
    0.0000   45.0000   22.5000 2565.5208   12.7595
    7.5000   45.0000   22.5000 2542.8999   12.9578
   -7.5000  -45.0000   30.0000 2111.4700   16.6759
    0.0000  -45.0000   30.0000 2123.6055   16.6138
    7.5000  -45.0000   30.0000 2118.1929   17.3094
   -7.5000  -37.5000   30.0000 2226.5308   14.8147
    0.0000  -37.5000   30.0000 2238.6147   14.7737
    7.5000  -37.5000   30.0000 2232.4558   15.4267
   -7.5000  -30.0000   30.0000 2340.9758   13.4059
    0.0000  -30.0000   30.0000 2356.7234   13.3514
    7.5000  -30.0000   30.0000 2345.6506   13.9397
   -7.5000  -22.5000   30.0000 2457.0981   12.3068
    0.0000  -22.5000   30.0000 2475.2378   12.2493
    7.5000  -22.5000   30.0000 2464.4880   12.7690
   -7.5000  -15.0000   30.0000 2567.4241   11.4706
    0.0000  -15.0000   30.0000 2581.4763   11.3954
    7.5000  -15.0000   30.0000 2568.6113   11.8911
   -7.5000   -7.5000   30.0000 2675.2783   10.8704
    0.0000   -7.5000   30.0000 2691.3726   10.7951
    7.5000   -7.5000   30.0000 2672.5664   11.2256
   -7.5000    0.0000   30.0000 2765.5293   10.5260
    0.0000    0.0000   30.0000 2785.4365   10.4229
    7.5000    0.0000   30.0000 2754.8005   10.8121
   -7.5000    7.5000   30.0000 2820.5637   10.2054
    0.0000    7.5000   30.0000 2831.8425   10.1016
    7.5000    7.5000   30.0000 2802.0061   10.4963
   -7.5000   15.0000   30.0000 2837.2825   10.2915
    0.0000   15.0000   30.0000 2858.6167   10.2280
    7.5000   15.0000   30.0000 2819.8223   10.5187
   -7.5000   22.5000   30.0000 2816.8906   10.6479
    0.0000   22.5000   30.0000 2833.3962   10.5835
    7.5000   22.5000   30.0000 2794.3557   10.8309
   -7.5000   30.0000   30.0000 2743.4797   11.2452
    0.0000   30.0000   30.0000 2762.7388   11.1799
    7.5000   30.0000   30.0000 2721.4875   11.4145
   -7.5000   37.5000   30.0000 2644.6716   12.0432
    0.0000   37.5000   30.0000 2665.9055   11.9891
    7.5000   37.5000   30.0000 2624.1824   12.1954
   -7.5000   45.0000   30.0000 2513.0872   13.0982
    0.0000   45.0000   30.0000 2533.8240   13.1011
    7.5000   45.0000   30.0000 2499.4485   13.2711
   -7.5000  -45.0000   37.5000 2057.9167   17.8071
    0.0000  -45.0000   37.5000 2068.2891   17.7370
    7.5000  -45.0000   37.5000 2069.8975   18.3729
   -7.5000  -37.5000   37.5000 2184.5964   15.8801
    0.0000  -37.5000   37.5000 2197.6292   15.8435
    7.5000  -37.5000   37.5000 2189.8867   16.4169
   -7.5000  -30.0000   37.5000 2304.1111   14.3913
    0.0000  -30.0000   37.5000 2319.6501   14.3703
    7.5000  -30.0000   37.5000 2302.4805   14.8377
   -7.5000  -22.5000   37.5000 2420.3965   13.2282
    0.0000  -22.5000   37.5000 2437.8982   13.1764
    7.5000  -22.5000   37.5000 2415.5879   13.5804
   -7.5000  -15.0000   37.5000 2527.4070   12.2761
    0.0000  -15.0000   37.5000 2544.9832   12.2043
    7.5000  -15.0000   37.5000 2517.4670   12.5713
   -7.5000   -7.5000   37.5000 2625.5623   11.5703
    0.0000   -7.5000   37.5000 2646.5649   11.5062
    7.5000   -7.5000   37.5000 2612.1931   11.8221
   -7.5000    0.0000   37.5000 2705.4119   11.0768
    0.0000    0.0000   37.5000 2726.8179   10.9720
    7.5000    0.0000   37.5000 2686.8992   11.3247
   -7.5000    7.5000   37.5000 2754.7666   10.7221
    0.0000    7.5000   37.5000 2770.9043   10.6810
    7.5000    7.5000   37.5000 2736.2117   10.9847
   -7.5000   15.0000   37.5000 2761.2036   10.8409
    0.0000   15.0000   37.5000 2785.9541   10.8247
    7.5000   15.0000   37.5000 2749.3716   11.0679
   -7.5000   22.5000   37.5000 2739.8601   11.1727
    0.0000   22.5000   37.5000 2757.1001   11.1475
    7.5000   22.5000   37.5000 2725.6748   11.3773
   -7.5000   30.0000   37.5000 2677.7324   11.7272
    0.0000   30.0000   37.5000 2697.5356   11.6781
    7.5000   30.0000   37.5000 2658.3428   11.9375
   -7.5000   37.5000   37.5000 2583.4377   12.5275
    0.0000   37.5000   37.5000 2610.0608   12.4724
    7.5000   37.5000   37.5000 2570.3745   12.7078
   -7.5000   45.0000   37.5000 2461.0312   13.5600
    0.0000   45.0000   37.5000 2482.8608   13.5287
    7.5000   45.0000   37.5000 2451.6875   13.7401
   -7.5000  -45.0000   45.0000 2007.1497   19.3912
    0.0000  -45.0000   45.0000 2018.0846   19.3494
    7.5000  -45.0000   45.0000 2009.6448   19.8307
   -7.5000  -37.5000   45.0000 2143.1929   17.2325
    0.0000  -37.5000   45.0000 2155.1338   17.2055
    7.5000  -37.5000   45.0000 2136.6392   17.6308
   -7.5000  -30.0000   45.0000 2257.1743   15.5472
    0.0000  -30.0000   45.0000 2267.8750   15.4946
    7.5000  -30.0000   45.0000 2242.4395   15.8558
   -7.5000  -22.5000   45.0000 2373.2153   14.2064
    0.0000  -22.5000   45.0000 2387.7522   14.1473
    7.5000  -22.5000   45.0000 2354.1602   14.4414
   -7.5000  -15.0000   45.0000 2474.4229   13.1173
    0.0000  -15.0000   45.0000 2495.9790   13.0741
    7.5000  -15.0000   45.0000 2455.6477   13.3337
   -7.5000   -7.5000   45.0000 2563.7295   12.3614
    0.0000   -7.5000   45.0000 2594.4680   12.3095
    7.5000   -7.5000   45.0000 2548.1218   12.5678
   -7.5000    0.0000   45.0000 2629.9348   11.7650
    0.0000    0.0000   45.0000 2655.6553   11.7245
    7.5000    0.0000   45.0000 2608.2712   11.9784
   -7.5000    7.5000   45.0000 2671.3123   11.4605
    0.0000    7.5000   45.0000 2692.2410   11.4636
    7.5000    7.5000   45.0000 2657.9236   11.7039
   -7.5000   15.0000   45.0000 2665.7000   11.5576
    0.0000   15.0000   45.0000 2699.7434   11.5723
    7.5000   15.0000   45.0000 2660.0510   11.8001
   -7.5000   22.5000   45.0000 2637.1597   11.8892
    0.0000   22.5000   45.0000 2665.8623   11.8894
    7.5000   22.5000   45.0000 2633.4316   12.1127
   -7.5000   30.0000   45.0000 2582.4170   12.4153
    0.0000   30.0000   45.0000 2606.5029   12.3886
    7.5000   30.0000   45.0000 2572.7002   12.6336
   -7.5000   37.5000   45.0000 2499.6697   13.1650
    0.0000   37.5000   45.0000 2527.6050   13.0997
    7.5000   37.5000   45.0000 2494.0125   13.3573
   -7.5000   45.0000   45.0000 2394.2314   14.1688
    0.0000   45.0000   45.0000 2421.6577   14.1536
    7.5000   45.0000   45.0000 2389.0979   14.3773

---------------------------------------------------------------------
imgreg_4dfp /opt/freesurfer/average/711-2C_as_mni_average_305 /opt/freesurfer/average/711-2B_as_mni_average_305_mask talsrcimg_g11 none talsrcimg_to_711-2C_as_mni_average_305_t4 1283
---------------------------------------------------------------------

freesurfer imgreg_4dfp.c
/opt/freesurfer/average/711-2C_as_mni_average_305.4dfp.img
       256       256       256         1
  1.000000  1.000000  1.000000
orientation T byte_order littleendian
Reading image: /opt/freesurfer/average/711-2C_as_mni_average_305.4dfp.img
dimensions:      256       256       256
mmppix:       1.0000   -1.0000   -1.0000
center:     128.0000 -129.0000 -129.0000
/opt/freesurfer/average/711-2B_as_mni_average_305_mask.4dfp.img
       256       256       256         1
  1.000000  1.000000  1.000000
orientation T byte_order littleendian
Reading mask: /opt/freesurfer/average/711-2B_as_mni_average_305_mask.4dfp.img (2306576 pixels)
talsrcimg_g11.4dfp.img
       256       256       256         1
  1.000000  1.000000  1.000000
orientation T byte_order littleendian
Reading image: talsrcimg_g11.4dfp.img
dimensions:      256       256       256
mmppix:       1.0000   -1.0000   -1.0000
center:     128.0000 -129.0000 -129.0000
rotation matrix determinant  1.000000
fimgreg.f
image alignment mode   1283 decimal      503 hex
parameters
    0.0000   15.0000   22.5000    0.0000    0.0000    0.0000
eta,q 0.90344  9.83499
niter,ni,del,rscale     5    3   12.0000    1.2000
parameter  4  1.725738 ->  0.500000 qaram    1.1500
parameters
   -0.1455   13.8904   20.8755   -3.4500    1.3039   -0.2073
eta,q 0.90667  9.54022
  0.1002  0.0983  0.0986  0.0922  0.0991  0.0952
  0.0997  0.0974  0.0967  0.0935  0.0972  0.0943
  0.0982  0.0973  0.0958  0.0951  0.0950  0.0934
  0.0968  0.0965  0.0967  0.0961  0.0940  0.0934
  0.0945  0.0967  0.0980  0.0976  0.0932  0.0937
  0.0964  0.0985  0.0997  0.1003  0.0938  0.0943
  0.1045  0.1018  0.1028  0.1031  0.0965  0.0955
niter,ni,del,rscale     5    3   12.0000    1.2000
parameter  4  0.675598 ->  0.500000 qaram    1.3225
parameters
    1.5872   13.0221   18.6176   -7.4175    0.4598   -0.4148
eta,q 0.91213  9.43139
  0.0939  0.0939  0.0904  0.0874  0.0911  0.0902
  0.0966  0.0905  0.0898  0.0877  0.0902  0.0887
  0.0964  0.0889  0.0885  0.0880  0.0885  0.0880
  0.0933  0.0899  0.0891  0.0886  0.0879  0.0879
  0.0896  0.0922  0.0915  0.0907  0.0899  0.0885
  0.0903  0.0931  0.0936  0.0930  0.0918  0.0890
  0.0964  0.0953  0.0968  0.0969  0.0926  0.0903
niter,ni,del,rscale     5    3   12.0000    1.2000
parameter  3  0.643748 ->  0.500000 qaram    1.1500
parameter  4  1.082862 ->  0.500000 qaram    1.5209
parameters
    1.0155   14.8725   15.1676  -11.9801    1.1286   -0.1405
eta,q 0.91539  9.24209
  0.0912  0.0960  0.0887  0.0860  0.0902  0.0870
  0.0906  0.0930  0.0883  0.0847  0.0892  0.0853
  0.0901  0.0903  0.0892  0.0861  0.0872  0.0843
  0.0879  0.0885  0.0886  0.0886  0.0848  0.0845
  0.0872  0.0887  0.0892  0.0913  0.0849  0.0853
  0.0898  0.0893  0.0905  0.0945  0.0868  0.0854
  0.0960  0.0905  0.0910  0.0965  0.0894  0.0860
niter,ni,del,rscale     6    3   12.0000    1.2000
parameters
    1.2248   15.0100   15.5310  -12.9137    1.1292   -0.6183
eta,q 0.91570  9.27052
  0.0903  0.0898  0.0918  0.0896  0.0894  0.0866
  0.0900  0.0859  0.0892  0.0892  0.0883  0.0848
  0.0882  0.0837  0.0854  0.0853  0.0861  0.0841
  0.0846  0.0842  0.0843  0.0846  0.0845  0.0845
  0.0824  0.0853  0.0866  0.0870  0.0854  0.0852
  0.0862  0.0855  0.0877  0.0893  0.0877  0.0858
  0.0932  0.0888  0.0904  0.0929  0.0900  0.0867
niter,ni,del,rscale     5    3   12.0000    1.2000
parameters
    1.2294   15.6883   15.6800  -13.5920    0.6613   -1.1844
eta,q 0.91556  9.26947
  0.0895  0.0907  0.0917  0.0901  0.0883  0.0868
  0.0895  0.0870  0.0881  0.0897  0.0873  0.0852
  0.0883  0.0843  0.0841  0.0857  0.0857  0.0845
  0.0843  0.0843  0.0845  0.0846  0.0843  0.0845
  0.0817  0.0846  0.0866  0.0869  0.0854  0.0850
  0.0862  0.0851  0.0876  0.0892  0.0879  0.0862
  0.0939  0.0881  0.0903  0.0929  0.0901  0.0875
niter,ni,del,rscale     4    3   12.0000    1.2000
parameters
    1.4330   16.2756   15.8731  -14.0948   -0.0928   -1.8012
eta,q 0.91577  9.27471
  0.0891  0.0905  0.0916  0.0906  0.0872  0.0866
  0.0889  0.0873  0.0871  0.0898  0.0865  0.0852
  0.0882  0.0846  0.0829  0.0857  0.0852  0.0844
  0.0844  0.0839  0.0839  0.0841  0.0839  0.0842
  0.0807  0.0840  0.0858  0.0867  0.0847  0.0846
  0.0848  0.0853  0.0869  0.0892  0.0876  0.0859
  0.0928  0.0886  0.0896  0.0929  0.0901  0.0881
niter,ni,del,rscale     3    3   12.0000    1.2000
parameters
    1.5892   16.8754   16.2887  -14.3178   -1.0166   -2.5389
eta,q 0.91549  9.27851
  0.0883  0.0913  0.0920  0.0920  0.0865  0.0863
  0.0876  0.0883  0.0865  0.0906  0.0858  0.0854
  0.0875  0.0855  0.0825  0.0862  0.0850  0.0849
  0.0842  0.0838  0.0836  0.0840  0.0838  0.0844
  0.0801  0.0843  0.0847  0.0869  0.0841  0.0847
  0.0839  0.0864  0.0860  0.0896  0.0871  0.0857
  0.0921  0.0891  0.0889  0.0936  0.0901  0.0883
niter,ni,del,rscale     2    3   12.0000    1.2000
parameters
    1.4376   17.8432   17.4790  -14.4822   -1.8728   -3.1874
eta,q 0.91540  9.36430
  0.0867  0.0930  0.0942  0.0942  0.0866  0.0861
  0.0857  0.0900  0.0877  0.0905  0.0850  0.0850
  0.0864  0.0869  0.0847  0.0853  0.0846  0.0848
  0.0845  0.0849  0.0850  0.0845  0.0843  0.0845
  0.0805  0.0857  0.0842  0.0876  0.0843  0.0845
  0.0835  0.0878  0.0858  0.0904  0.0861  0.0854
  0.0909  0.0891  0.0882  0.0946  0.0893  0.0876
niter,ni,del,rscale     1    3   12.0000    1.2000
parameters
    0.4237   19.5514   20.0364  -15.1380   -1.8037   -1.6852
eta,q 0.91557  9.64542
  0.0851  0.0940  0.0968  0.0919  0.0870  0.0893
  0.0843  0.0903  0.0904  0.0890  0.0855  0.0873
  0.0848  0.0865  0.0889  0.0840  0.0845  0.0862
  0.0846  0.0851  0.0862  0.0857  0.0848  0.0848
  0.0822  0.0866  0.0856  0.0896  0.0845  0.0845
  0.0843  0.0878  0.0865  0.0905  0.0843  0.0850
  0.0900  0.0871  0.0875  0.0916  0.0876  0.0867
registration optimization eta report
parameter search radius
    6.0000    6.0000    6.9000    9.1253    6.0000    6.0000
100000*second partial in parameter space
       11.       13.       12.        7.        8.        8.
  0.0851  0.0940  0.0968  0.0919  0.0870  0.0893
  0.0843  0.0903  0.0904  0.0890  0.0855  0.0873
  0.0848  0.0865  0.0889  0.0840  0.0845  0.0862
  0.0846  0.0851  0.0862  0.0857  0.0848  0.0848
  0.0822  0.0866  0.0856  0.0896  0.0845  0.0845
  0.0843  0.0878  0.0865  0.0905  0.0843  0.0850
  0.0900  0.0871  0.0875  0.0916  0.0876  0.0867
    0.4237   19.5514   20.0364  -15.1380   -1.8037   -1.6852
eta,q 0.91557  9.64542

---------------------------------------------------------------------
imgreg_4dfp /opt/freesurfer/average/711-2C_as_mni_average_305 /opt/freesurfer/average/711-2B_as_mni_average_305_mask talsrcimg_g11 none talsrcimg_to_711-2C_as_mni_average_305_t4 3335
---------------------------------------------------------------------

freesurfer imgreg_4dfp.c
/opt/freesurfer/average/711-2C_as_mni_average_305.4dfp.img
       256       256       256         1
  1.000000  1.000000  1.000000
orientation T byte_order littleendian
Reading image: /opt/freesurfer/average/711-2C_as_mni_average_305.4dfp.img
dimensions:      256       256       256
mmppix:       1.0000   -1.0000   -1.0000
center:     128.0000 -129.0000 -129.0000
/opt/freesurfer/average/711-2B_as_mni_average_305_mask.4dfp.img
       256       256       256         1
  1.000000  1.000000  1.000000
orientation T byte_order littleendian
Reading mask: /opt/freesurfer/average/711-2B_as_mni_average_305_mask.4dfp.img (2306576 pixels)
talsrcimg_g11.4dfp.img
       256       256       256         1
  1.000000  1.000000  1.000000
orientation T byte_order littleendian
Reading image: talsrcimg_g11.4dfp.img
dimensions:      256       256       256
mmppix:       1.0000   -1.0000   -1.0000
center:     128.0000 -129.0000 -129.0000
fimgreg.f
image alignment mode   3335 decimal      D07 hex
parameters
    0.4237   19.5514   20.0364   -0.0928   -3.4876   -3.5179
    2.0172    3.8051   -2.9394   26.0138   -3.1476  -26.1015
eta,q 0.91573  9.69866
niter,ni,del,rscale     5    3    5.0000    1.2000
parameter  1  9.232294 ->  0.500000 qaram    1.1500
parameter  2 -0.703902 -> -0.500000 qaram    1.1500
parameter  3  0.625052 ->  0.500000 qaram    1.1500
parameter  4 -2.293145 ->  0.500000 qaram    1.1500
parameter  5  3.840082 ->  0.500000 qaram    1.1500
parameter  6  1.096947 ->  0.500000 qaram    1.1500
parameter 10  0.517334 ->  0.500000 qaram    1.1500
parameter 11 -1.491390 -> -0.500000 qaram    1.1500
parameter 12 -1.484411 -> -0.500000 qaram    1.1500
parameters
   -0.9563   20.9314   18.6564   -4.2328   -7.6276   -7.6579
    0.7186    5.1629   -5.4843   21.8738    0.9924  -21.9615
eta,q 0.93695  9.36923
  0.0837  0.0860  0.0834  0.0646  0.0655  0.0628  0.0664  0.0708  0.0654  0.0651  0.0667  0.0677
  0.0840  0.0851  0.0832  0.0711  0.0678  0.0647  0.0658  0.0684  0.0652  0.0649  0.0660  0.0664
  0.0842  0.0845  0.0832  0.0776  0.0703  0.0669  0.0654  0.0665  0.0652  0.0649  0.0654  0.0653
  0.0843  0.0841  0.0836  0.0831  0.0729  0.0685  0.0654  0.0653  0.0652  0.0652  0.0649  0.0643
  0.0842  0.0838  0.0844  0.0872  0.0758  0.0713  0.0658  0.0653  0.0654  0.0660  0.0645  0.0635
  0.0843  0.0836  0.0855  0.0909  0.0788  0.0767  0.0665  0.0662  0.0658  0.0671  0.0642  0.0629
  0.0848  0.0838  0.0866  0.0947  0.0824  0.0831  0.0675  0.0680  0.0662  0.0685  0.0640  0.0626
niter,ni,del,rscale     7    3    5.0000    1.2000
parameter  2  3.282948 ->  0.500000 qaram    1.3225
parameter  3  2.313992 ->  0.500000 qaram    1.3225
parameter  4********** ->  0.500000 qaram    1.3225
parameter  5-13.189317 ->  0.500000 qaram    1.3225
parameter  6  0.903679 ->  0.500000 qaram    1.3225
parameters
   -0.4207   19.3444   17.0694   -8.9938  -12.3886  -12.4189
    2.9415    5.6561   -3.9511   20.2409   -2.1872  -23.1358
eta,q 0.96444  9.27708
  0.0653  0.0599  0.0577  0.0408  0.0360  0.0367  0.0426  0.0429  0.0395  0.0388  0.0364  0.0373
  0.0645  0.0608  0.0587  0.0452  0.0394  0.0364  0.0400  0.0394  0.0380  0.0370  0.0358  0.0362
  0.0637  0.0618  0.0597  0.0514  0.0432  0.0378  0.0380  0.0371  0.0368  0.0360  0.0356  0.0356
  0.0631  0.0628  0.0610  0.0590  0.0468  0.0404  0.0366  0.0362  0.0362  0.0361  0.0359  0.0356
  0.0628  0.0639  0.0626  0.0670  0.0501  0.0429  0.0362  0.0366  0.0362  0.0373  0.0366  0.0361
  0.0632  0.0652  0.0644  0.0731  0.0532  0.0469  0.0368  0.0383  0.0367  0.0393  0.0378  0.0372
  0.0644  0.0667  0.0662  0.0774  0.0566  0.0521  0.0382  0.0413  0.0376  0.0421  0.0392  0.0386
niter,ni,del,rscale     7    3    5.0000    1.2000
parameter  2  0.933094 ->  0.500000 qaram    1.5209
parameter  3  1.052083 ->  0.500000 qaram    1.5209
parameter  4  0.711603 ->  0.500000 qaram    1.5209
parameters
   -1.1412   17.5193   15.2444  -14.4689  -16.4040  -11.6306
    3.3286    6.2370   -4.5120   23.8792   -3.0410  -25.9996
eta,q 0.97640  9.26173
  0.0383  0.0321  0.0288  0.0259  0.0267  0.0288  0.0274  0.0300  0.0260  0.0305  0.0253  0.0246
  0.0359  0.0318  0.0293  0.0254  0.0254  0.0271  0.0260  0.0273  0.0252  0.0279  0.0245  0.0238
  0.0351  0.0329  0.0303  0.0262  0.0246  0.0257  0.0250  0.0254  0.0247  0.0259  0.0240  0.0236
  0.0356  0.0351  0.0320  0.0295  0.0254  0.0247  0.0246  0.0246  0.0246  0.0246  0.0239  0.0239
  0.0373  0.0382  0.0344  0.0369  0.0284  0.0246  0.0247  0.0249  0.0248  0.0240  0.0242  0.0246
  0.0400  0.0418  0.0374  0.0475  0.0326  0.0259  0.0255  0.0262  0.0255  0.0241  0.0250  0.0257
  0.0434  0.0457  0.0409  0.0558  0.0370  0.0281  0.0270  0.0285  0.0266  0.0250  0.0260  0.0270
niter,ni,del,rscale     7    3    5.0000    1.2000
parameters
   -1.1463   17.3315   13.6278  -16.8925  -16.6173  -12.1336
    3.0720    6.8210   -4.8484   24.3770   -3.1724  -28.4130
eta,q 0.97668  9.17788
  0.0284  0.0288  0.0240  0.0280  0.0289  0.0272  0.0262  0.0283  0.0255  0.0272  0.0249  0.0245
  0.0259  0.0258  0.0232  0.0257  0.0264  0.0254  0.0248  0.0259  0.0244  0.0253  0.0241  0.0237
  0.0242  0.0241  0.0230  0.0239  0.0246  0.0242  0.0238  0.0243  0.0237  0.0241  0.0237  0.0233
  0.0236  0.0236  0.0236  0.0230  0.0234  0.0235  0.0236  0.0236  0.0236  0.0235  0.0235  0.0235
  0.0241  0.0244  0.0250  0.0244  0.0234  0.0229  0.0240  0.0238  0.0239  0.0237  0.0237  0.0243
  0.0258  0.0266  0.0273  0.0298  0.0259  0.0246  0.0251  0.0249  0.0247  0.0244  0.0242  0.0254
  0.0285  0.0300  0.0304  0.0409  0.0305  0.0299  0.0266  0.0270  0.0258  0.0266  0.0250  0.0267
niter,ni,del,rscale     6    3    5.0000    1.2000
parameters
   -1.2435   17.1150   13.2584  -17.2875  -16.8530  -12.4303
    3.1136    6.8463   -4.9057   24.5263   -2.9297  -28.9097
eta,q 0.97654  9.14217
  0.0274  0.0283  0.0257  0.0296  0.0288  0.0272  0.0264  0.0275  0.0256  0.0269  0.0250  0.0254
  0.0251  0.0252  0.0243  0.0270  0.0263  0.0252  0.0248  0.0253  0.0244  0.0250  0.0242  0.0244
  0.0237  0.0236  0.0234  0.0248  0.0244  0.0240  0.0238  0.0239  0.0237  0.0239  0.0237  0.0237
  0.0233  0.0233  0.0233  0.0232  0.0234  0.0234  0.0235  0.0235  0.0235  0.0235  0.0235  0.0235
  0.0239  0.0242  0.0238  0.0231  0.0233  0.0229  0.0238  0.0239  0.0238  0.0237  0.0236  0.0238
  0.0255  0.0263  0.0251  0.0256  0.0258  0.0241  0.0248  0.0252  0.0245  0.0246  0.0241  0.0247
  0.0280  0.0295  0.0271  0.0328  0.0305  0.0293  0.0263  0.0275  0.0256  0.0269  0.0249  0.0259
niter,ni,del,rscale     5    3    5.0000    1.2000
parameters
   -1.2714   17.0867   13.1650  -17.2267  -16.9305  -12.4947
    3.1402    6.8262   -4.8851   24.5686   -2.8707  -29.0508
eta,q 0.97654  9.14080
  0.0277  0.0290  0.0263  0.0299  0.0289  0.0274  0.0263  0.0274  0.0256  0.0268  0.0250  0.0256
  0.0254  0.0257  0.0248  0.0273  0.0264  0.0253  0.0248  0.0253  0.0244  0.0250  0.0242  0.0245
  0.0239  0.0239  0.0238  0.0251  0.0245  0.0241  0.0238  0.0239  0.0237  0.0239  0.0237  0.0238
  0.0235  0.0235  0.0235  0.0235  0.0234  0.0235  0.0235  0.0235  0.0235  0.0235  0.0235  0.0235
  0.0240  0.0242  0.0238  0.0231  0.0232  0.0230  0.0238  0.0239  0.0237  0.0237  0.0236  0.0238
  0.0255  0.0260  0.0249  0.0253  0.0256  0.0239  0.0248  0.0252  0.0245  0.0246  0.0241  0.0246
  0.0278  0.0289  0.0267  0.0317  0.0303  0.0289  0.0263  0.0276  0.0256  0.0270  0.0249  0.0258
niter,ni,del,rscale     4    3    5.0000    1.2000
parameters
   -1.2774   17.0846   13.1342  -17.2241  -16.9541  -12.5152
    3.1315    6.8184   -4.8784   24.5829   -2.8528  -29.0998
eta,q 0.97653  9.13983
  0.0277  0.0290  0.0264  0.0299  0.0290  0.0274  0.0263  0.0275  0.0256  0.0267  0.0250  0.0257
  0.0254  0.0258  0.0249  0.0273  0.0265  0.0254  0.0248  0.0253  0.0244  0.0249  0.0242  0.0245
  0.0239  0.0239  0.0238  0.0251  0.0245  0.0241  0.0238  0.0239  0.0237  0.0239  0.0237  0.0238
  0.0235  0.0235  0.0235  0.0235  0.0235  0.0235  0.0235  0.0235  0.0235  0.0235  0.0235  0.0235
  0.0240  0.0242  0.0238  0.0231  0.0232  0.0230  0.0238  0.0239  0.0237  0.0237  0.0236  0.0237
  0.0254  0.0260  0.0249  0.0253  0.0255  0.0239  0.0248  0.0252  0.0245  0.0246  0.0241  0.0246
  0.0278  0.0288  0.0266  0.0318  0.0302  0.0288  0.0263  0.0276  0.0256  0.0270  0.0250  0.0257
registration optimization eta report
parameter search radius
    2.7600    3.6501    3.6501   10.9503    9.5220    9.5220
    7.2000    7.2000    7.2000    8.2800    8.2800    8.2800
100000*second partial in parameter space
       56.       41.       23.        6.        7.        5.
        5.        8.        4.        5.        2.        3.
  0.0277  0.0290  0.0264  0.0299  0.0290  0.0274  0.0263  0.0275  0.0256  0.0267  0.0250  0.0257
  0.0254  0.0258  0.0249  0.0273  0.0265  0.0254  0.0248  0.0253  0.0244  0.0249  0.0242  0.0245
  0.0239  0.0239  0.0238  0.0251  0.0245  0.0241  0.0238  0.0239  0.0237  0.0239  0.0237  0.0238
  0.0235  0.0235  0.0235  0.0235  0.0235  0.0235  0.0235  0.0235  0.0235  0.0235  0.0235  0.0235
  0.0240  0.0242  0.0238  0.0231  0.0232  0.0230  0.0238  0.0239  0.0237  0.0237  0.0236  0.0237
  0.0254  0.0260  0.0249  0.0253  0.0255  0.0239  0.0248  0.0252  0.0245  0.0246  0.0241  0.0246
  0.0278  0.0288  0.0266  0.0318  0.0302  0.0288  0.0263  0.0276  0.0256  0.0270  0.0250  0.0257
   -1.2774   17.0846   13.1342  -17.2241  -16.9541  -12.5152
    3.1315    6.8184   -4.8784   24.5829   -2.8528  -29.0998
eta,q 0.97653  9.13983

---------------------------------------------------------------------
imgreg_4dfp /opt/freesurfer/average/711-2C_as_mni_average_305 /opt/freesurfer/average/711-2B_as_mni_average_305_mask talsrcimg_g11 none talsrcimg_to_711-2C_as_mni_average_305_t4 2311
---------------------------------------------------------------------

freesurfer imgreg_4dfp.c
/opt/freesurfer/average/711-2C_as_mni_average_305.4dfp.img
       256       256       256         1
  1.000000  1.000000  1.000000
orientation T byte_order littleendian
Reading image: /opt/freesurfer/average/711-2C_as_mni_average_305.4dfp.img
dimensions:      256       256       256
mmppix:       1.0000   -1.0000   -1.0000
center:     128.0000 -129.0000 -129.0000
/opt/freesurfer/average/711-2B_as_mni_average_305_mask.4dfp.img
       256       256       256         1
  1.000000  1.000000  1.000000
orientation T byte_order littleendian
Reading mask: /opt/freesurfer/average/711-2B_as_mni_average_305_mask.4dfp.img (2306576 pixels)
talsrcimg_g11.4dfp.img
       256       256       256         1
  1.000000  1.000000  1.000000
orientation T byte_order littleendian
Reading image: talsrcimg_g11.4dfp.img
dimensions:      256       256       256
mmppix:       1.0000   -1.0000   -1.0000
center:     128.0000 -129.0000 -129.0000
fimgreg.f
image alignment mode   2311 decimal      907 hex
parameters
   -1.2774   17.0846   13.1342  -17.2241  -16.9541  -12.5152
    3.1315    6.8184   -4.8784   24.5829   -2.8528  -29.0998
eta,q 0.97653  9.13984
niter,ni,del,rscale     5    3    5.0000    0.8000
parameter  6 -0.785736 -> -0.500000 qaram    1.1500
parameters
   -1.2815   16.9616   13.1292  -14.8551  -15.7760   -9.7552
    3.3268    6.5600   -4.5265   25.0564   -2.9044  -28.1594
eta,q 0.97777  9.41822
  0.0250  0.0244  0.0241  0.0257  0.0249  0.0242  0.0239  0.0247  0.0235  0.0243  0.0230  0.0232
  0.0241  0.0238  0.0237  0.0248  0.0240  0.0236  0.0231  0.0234  0.0229  0.0234  0.0226  0.0227
  0.0236  0.0235  0.0235  0.0241  0.0234  0.0232  0.0225  0.0225  0.0225  0.0227  0.0223  0.0224
  0.0235  0.0235  0.0235  0.0235  0.0230  0.0229  0.0223  0.0223  0.0223  0.0223  0.0223  0.0223
  0.0236  0.0236  0.0235  0.0231  0.0228  0.0225  0.0225  0.0227  0.0224  0.0223  0.0224  0.0222
  0.0241  0.0241  0.0237  0.0231  0.0230  0.0223  0.0229  0.0237  0.0227  0.0227  0.0226  0.0224
  0.0250  0.0246  0.0241  0.0236  0.0238  0.0225  0.0237  0.0254  0.0232  0.0238  0.0230  0.0227
niter,ni,del,rscale     5    3    5.0000    0.8000
parameters
   -1.2230   17.1595   13.4612  -15.3876  -16.0264  -10.5637
    3.2135    6.6996   -4.6005   25.4950   -2.7763  -27.8766
eta,q 0.97767  9.35520
  0.0242  0.0238  0.0235  0.0237  0.0237  0.0238  0.0238  0.0250  0.0234  0.0240  0.0231  0.0232
  0.0231  0.0230  0.0229  0.0229  0.0230  0.0232  0.0230  0.0236  0.0228  0.0233  0.0227  0.0228
  0.0225  0.0225  0.0224  0.0224  0.0225  0.0227  0.0225  0.0227  0.0225  0.0227  0.0224  0.0225
  0.0222  0.0222  0.0222  0.0222  0.0222  0.0222  0.0224  0.0224  0.0224  0.0224  0.0223  0.0223
  0.0224  0.0223  0.0222  0.0224  0.0222  0.0224  0.0226  0.0226  0.0225  0.0223  0.0224  0.0224
  0.0230  0.0226  0.0223  0.0233  0.0229  0.0235  0.0231  0.0233  0.0229  0.0227  0.0226  0.0226
  0.0239  0.0232  0.0227  0.0250  0.0245  0.0261  0.0239  0.0247  0.0234  0.0237  0.0230  0.0231
niter,ni,del,rscale     4    3    5.0000    0.7000
parameters
   -1.2361   17.1086   13.4705  -15.2450  -15.9104  -10.3377
    3.2217    6.6420   -4.5675   25.4669   -2.7453  -27.7525
eta,q 0.97776  9.37151
  0.0236  0.0232  0.0230  0.0238  0.0236  0.0239  0.0234  0.0242  0.0231  0.0235  0.0228  0.0229
  0.0229  0.0227  0.0226  0.0231  0.0230  0.0234  0.0228  0.0231  0.0226  0.0229  0.0225  0.0226
  0.0225  0.0224  0.0224  0.0226  0.0226  0.0228  0.0224  0.0224  0.0223  0.0225  0.0223  0.0223
  0.0223  0.0223  0.0223  0.0223  0.0223  0.0223  0.0222  0.0222  0.0222  0.0222  0.0222  0.0222
  0.0225  0.0225  0.0224  0.0223  0.0223  0.0221  0.0224  0.0225  0.0223  0.0223  0.0223  0.0223
  0.0229  0.0228  0.0226  0.0228  0.0227  0.0227  0.0228  0.0231  0.0226  0.0228  0.0225  0.0225
  0.0237  0.0233  0.0230  0.0238  0.0237  0.0241  0.0234  0.0243  0.0230  0.0237  0.0228  0.0228
niter,ni,del,rscale     3    3    5.0000    0.6000
parameters
   -1.2318   17.1185   13.5125  -15.1510  -15.7673  -10.0645
    3.2210    6.6240   -4.5439   25.4903   -2.7661  -27.6446
eta,q 0.97784  9.39018
  0.0232  0.0230  0.0228  0.0234  0.0232  0.0236  0.0230  0.0237  0.0228  0.0232  0.0226  0.0226
  0.0227  0.0226  0.0225  0.0228  0.0228  0.0231  0.0225  0.0228  0.0224  0.0227  0.0224  0.0224
  0.0224  0.0223  0.0223  0.0225  0.0224  0.0226  0.0223  0.0223  0.0222  0.0223  0.0222  0.0222
  0.0222  0.0222  0.0222  0.0222  0.0222  0.0222  0.0222  0.0222  0.0222  0.0222  0.0222  0.0222
  0.0224  0.0223  0.0223  0.0223  0.0222  0.0221  0.0223  0.0223  0.0222  0.0222  0.0222  0.0222
  0.0227  0.0225  0.0224  0.0226  0.0225  0.0226  0.0225  0.0228  0.0224  0.0226  0.0224  0.0224
  0.0232  0.0229  0.0227  0.0234  0.0232  0.0236  0.0230  0.0237  0.0227  0.0232  0.0226  0.0226
niter,ni,del,rscale     2    3    5.0000    0.5000
parameters
   -1.2196   17.1372   13.5661  -15.0815  -15.6623   -9.8388
    3.2219    6.6146   -4.5254   25.5104   -2.7798  -27.5283
eta,q 0.97788  9.40376
  0.0229  0.0227  0.0226  0.0230  0.0229  0.0233  0.0227  0.0232  0.0225  0.0229  0.0224  0.0225
  0.0225  0.0224  0.0224  0.0226  0.0225  0.0229  0.0224  0.0226  0.0223  0.0225  0.0222  0.0223
  0.0223  0.0222  0.0222  0.0223  0.0223  0.0225  0.0222  0.0222  0.0222  0.0222  0.0221  0.0222
  0.0222  0.0222  0.0222  0.0222  0.0222  0.0222  0.0221  0.0221  0.0221  0.0221  0.0221  0.0221
  0.0222  0.0222  0.0222  0.0222  0.0222  0.0221  0.0222  0.0222  0.0221  0.0222  0.0221  0.0221
  0.0225  0.0224  0.0223  0.0225  0.0224  0.0225  0.0224  0.0226  0.0223  0.0224  0.0223  0.0222
  0.0228  0.0226  0.0225  0.0230  0.0229  0.0232  0.0227  0.0232  0.0225  0.0229  0.0224  0.0224
niter,ni,del,rscale     1    3    5.0000    0.4000
parameters
   -1.2125   17.1545   13.6133  -15.0274  -15.5761   -9.6495
    3.2096    6.5994   -4.4898   25.5144   -2.7855  -27.4404
eta,q 0.97792  9.41437
  0.0226  0.0224  0.0224  0.0226  0.0226  0.0230  0.0225  0.0228  0.0224  0.0226  0.0223  0.0223
  0.0223  0.0223  0.0222  0.0224  0.0223  0.0226  0.0223  0.0224  0.0222  0.0223  0.0222  0.0222
  0.0222  0.0221  0.0221  0.0222  0.0222  0.0223  0.0221  0.0222  0.0221  0.0221  0.0221  0.0221
  0.0221  0.0221  0.0221  0.0221  0.0221  0.0221  0.0221  0.0221  0.0221  0.0221  0.0221  0.0221
  0.0222  0.0221  0.0221  0.0221  0.0221  0.0221  0.0221  0.0222  0.0221  0.0221  0.0221  0.0221
  0.0223  0.0222  0.0222  0.0223  0.0222  0.0224  0.0223  0.0224  0.0222  0.0223  0.0222  0.0222
  0.0226  0.0224  0.0223  0.0226  0.0226  0.0229  0.0225  0.0228  0.0223  0.0226  0.0223  0.0223
registration optimization eta report
parameter search radius
    0.8000    0.8000    0.8000    2.4000    2.4000    2.7600
    2.4000    2.4000    2.4000    2.4000    2.4000    2.4000
100000*second partial in parameter space
       71.       51.       39.        9.        8.       11.
        7.       12.        5.        9.        4.        4.
  0.0226  0.0224  0.0224  0.0226  0.0226  0.0230  0.0225  0.0228  0.0224  0.0226  0.0223  0.0223
  0.0223  0.0223  0.0222  0.0224  0.0223  0.0226  0.0223  0.0224  0.0222  0.0223  0.0222  0.0222
  0.0222  0.0221  0.0221  0.0222  0.0222  0.0223  0.0221  0.0222  0.0221  0.0221  0.0221  0.0221
  0.0221  0.0221  0.0221  0.0221  0.0221  0.0221  0.0221  0.0221  0.0221  0.0221  0.0221  0.0221
  0.0222  0.0221  0.0221  0.0221  0.0221  0.0221  0.0221  0.0222  0.0221  0.0221  0.0221  0.0221
  0.0223  0.0222  0.0222  0.0223  0.0222  0.0224  0.0223  0.0224  0.0222  0.0223  0.0222  0.0222
  0.0226  0.0224  0.0223  0.0226  0.0226  0.0229  0.0225  0.0228  0.0223  0.0226  0.0223  0.0223
   -1.2125   17.1545   13.6133  -15.0274  -15.5761   -9.6495
    3.2096    6.5994   -4.4898   25.5144   -2.7855  -27.4404
eta,q 0.97792  9.41437

---------------------------------------------------------------------
imgreg_4dfp /opt/freesurfer/average/711-2C_as_mni_average_305 /opt/freesurfer/average/711-2B_as_mni_average_305_mask talsrcimg_g11 none talsrcimg_to_711-2C_as_mni_average_305_t4 2311
---------------------------------------------------------------------

freesurfer imgreg_4dfp.c
/opt/freesurfer/average/711-2C_as_mni_average_305.4dfp.img
       256       256       256         1
  1.000000  1.000000  1.000000
orientation T byte_order littleendian
Reading image: /opt/freesurfer/average/711-2C_as_mni_average_305.4dfp.img
dimensions:      256       256       256
mmppix:       1.0000   -1.0000   -1.0000
center:     128.0000 -129.0000 -129.0000
/opt/freesurfer/average/711-2B_as_mni_average_305_mask.4dfp.img
       256       256       256         1
  1.000000  1.000000  1.000000
orientation T byte_order littleendian
Reading mask: /opt/freesurfer/average/711-2B_as_mni_average_305_mask.4dfp.img (2306576 pixels)
talsrcimg_g11.4dfp.img
       256       256       256         1
  1.000000  1.000000  1.000000
orientation T byte_order littleendian
Reading image: talsrcimg_g11.4dfp.img
dimensions:      256       256       256
mmppix:       1.0000   -1.0000   -1.0000
center:     128.0000 -129.0000 -129.0000
fimgreg.f
image alignment mode   2311 decimal      907 hex
parameters
   -1.2125   17.1545   13.6133  -15.0274  -15.5761   -9.6495
    3.2096    6.5994   -4.4898   25.5144   -2.7855  -27.4404
eta,q 0.97792  9.41437
niter,ni,del,rscale     5    3    5.0000    0.8000
parameters
   -1.2124   17.1609   13.6090  -15.5210  -16.0848  -10.1618
    3.1705    6.6576   -4.6025   25.3966   -2.7879  -27.5646
eta,q 0.97774  9.35601
  0.0239  0.0234  0.0231  0.0237  0.0236  0.0237  0.0237  0.0249  0.0232  0.0238  0.0230  0.0230
  0.0229  0.0227  0.0226  0.0229  0.0228  0.0232  0.0229  0.0235  0.0227  0.0231  0.0226  0.0226
  0.0223  0.0222  0.0222  0.0223  0.0224  0.0226  0.0224  0.0226  0.0223  0.0225  0.0223  0.0224
  0.0221  0.0221  0.0221  0.0221  0.0221  0.0222  0.0223  0.0222  0.0222  0.0222  0.0223  0.0223
  0.0223  0.0222  0.0222  0.0223  0.0223  0.0224  0.0224  0.0225  0.0224  0.0224  0.0223  0.0224
  0.0229  0.0227  0.0225  0.0232  0.0231  0.0234  0.0229  0.0233  0.0228  0.0230  0.0226  0.0227
  0.0239  0.0234  0.0231  0.0249  0.0248  0.0252  0.0238  0.0248  0.0233  0.0242  0.0230  0.0231
niter,ni,del,rscale     4    3    5.0000    0.7000
parameters
   -1.2392   17.1039   13.5753  -15.2789  -15.9002  -10.0352
    3.2080    6.6324   -4.5849   25.4057   -2.7607  -27.5323
eta,q 0.97783  9.37719
  0.0235  0.0231  0.0229  0.0238  0.0236  0.0236  0.0234  0.0242  0.0230  0.0235  0.0228  0.0228
  0.0228  0.0226  0.0226  0.0231  0.0229  0.0231  0.0227  0.0231  0.0225  0.0229  0.0224  0.0225
  0.0224  0.0223  0.0223  0.0226  0.0225  0.0226  0.0223  0.0224  0.0223  0.0224  0.0223  0.0223
  0.0223  0.0223  0.0223  0.0223  0.0222  0.0222  0.0222  0.0222  0.0222  0.0222  0.0222  0.0222
  0.0224  0.0224  0.0223  0.0222  0.0222  0.0221  0.0223  0.0224  0.0223  0.0223  0.0222  0.0222
  0.0229  0.0227  0.0226  0.0227  0.0226  0.0227  0.0227  0.0231  0.0225  0.0227  0.0224  0.0225
  0.0236  0.0233  0.0230  0.0236  0.0236  0.0238  0.0233  0.0243  0.0230  0.0237  0.0228  0.0228
niter,ni,del,rscale     3    3    5.0000    0.6000
parameters
   -1.2277   17.1211   13.5853  -15.1907  -15.7788   -9.8482
    3.2176    6.6224   -4.5601   25.4433   -2.7838  -27.4853
eta,q 0.97787  9.39267
  0.0232  0.0229  0.0227  0.0233  0.0232  0.0233  0.0230  0.0237  0.0227  0.0232  0.0226  0.0226
  0.0226  0.0225  0.0224  0.0228  0.0227  0.0229  0.0225  0.0228  0.0224  0.0227  0.0223  0.0224
  0.0223  0.0223  0.0223  0.0224  0.0224  0.0225  0.0222  0.0223  0.0222  0.0223  0.0222  0.0222
  0.0222  0.0222  0.0222  0.0222  0.0222  0.0222  0.0221  0.0221  0.0221  0.0221  0.0221  0.0221
  0.0223  0.0222  0.0222  0.0222  0.0222  0.0221  0.0222  0.0223  0.0222  0.0222  0.0222  0.0222
  0.0226  0.0225  0.0224  0.0226  0.0225  0.0225  0.0225  0.0228  0.0224  0.0225  0.0223  0.0223
  0.0232  0.0229  0.0227  0.0233  0.0232  0.0234  0.0230  0.0237  0.0227  0.0232  0.0226  0.0226
niter,ni,del,rscale     2    3    5.0000    0.5000
parameters
   -1.2182   17.1398   13.6169  -15.1088  -15.6803   -9.6808
    3.2156    6.6132   -4.5367   25.4672   -2.7813  -27.4274
eta,q 0.97790  9.40523
  0.0228  0.0226  0.0225  0.0229  0.0228  0.0231  0.0227  0.0232  0.0225  0.0229  0.0224  0.0224
  0.0225  0.0224  0.0223  0.0226  0.0225  0.0227  0.0224  0.0226  0.0223  0.0225  0.0222  0.0222
  0.0222  0.0222  0.0222  0.0223  0.0223  0.0224  0.0222  0.0222  0.0221  0.0222  0.0221  0.0221
  0.0221  0.0221  0.0221  0.0221  0.0221  0.0221  0.0221  0.0221  0.0221  0.0221  0.0221  0.0221
  0.0222  0.0222  0.0222  0.0222  0.0221  0.0221  0.0222  0.0222  0.0221  0.0221  0.0221  0.0221
  0.0224  0.0223  0.0223  0.0224  0.0223  0.0224  0.0224  0.0226  0.0223  0.0224  0.0222  0.0222
  0.0228  0.0226  0.0225  0.0229  0.0228  0.0230  0.0227  0.0232  0.0225  0.0229  0.0224  0.0224
niter,ni,del,rscale     1    3    5.0000    0.4000
parameters
   -1.2098   17.1517   13.6414  -15.0463  -15.5886   -9.5514
    3.2116    6.6040   -4.5151   25.4699   -2.8065  -27.3838
eta,q 0.97792  9.41506
  0.0226  0.0224  0.0224  0.0226  0.0226  0.0228  0.0225  0.0228  0.0223  0.0226  0.0223  0.0223
  0.0223  0.0222  0.0222  0.0224  0.0223  0.0225  0.0222  0.0224  0.0222  0.0223  0.0222  0.0222
  0.0222  0.0221  0.0221  0.0222  0.0222  0.0222  0.0221  0.0222  0.0221  0.0221  0.0221  0.0221
  0.0221  0.0221  0.0221  0.0221  0.0221  0.0221  0.0221  0.0221  0.0221  0.0221  0.0221  0.0221
  0.0221  0.0221  0.0221  0.0221  0.0221  0.0221  0.0221  0.0222  0.0221  0.0221  0.0221  0.0221
  0.0223  0.0222  0.0222  0.0223  0.0222  0.0223  0.0223  0.0224  0.0222  0.0223  0.0222  0.0222
  0.0225  0.0224  0.0223  0.0226  0.0225  0.0227  0.0225  0.0228  0.0223  0.0226  0.0223  0.0223
registration optimization eta report
parameter search radius
    0.8000    0.8000    0.8000    2.4000    2.4000    2.4000
    2.4000    2.4000    2.4000    2.4000    2.4000    2.4000
100000*second partial in parameter space
       71.       52.       40.        9.        8.       12.
        7.       13.        5.        9.        4.        4.
  0.0226  0.0224  0.0224  0.0226  0.0226  0.0228  0.0225  0.0228  0.0223  0.0226  0.0223  0.0223
  0.0223  0.0222  0.0222  0.0224  0.0223  0.0225  0.0222  0.0224  0.0222  0.0223  0.0222  0.0222
  0.0222  0.0221  0.0221  0.0222  0.0222  0.0222  0.0221  0.0222  0.0221  0.0221  0.0221  0.0221
  0.0221  0.0221  0.0221  0.0221  0.0221  0.0221  0.0221  0.0221  0.0221  0.0221  0.0221  0.0221
  0.0221  0.0221  0.0221  0.0221  0.0221  0.0221  0.0221  0.0222  0.0221  0.0221  0.0221  0.0221
  0.0223  0.0222  0.0222  0.0223  0.0222  0.0223  0.0223  0.0224  0.0222  0.0223  0.0222  0.0222
  0.0225  0.0224  0.0223  0.0226  0.0225  0.0227  0.0225  0.0228  0.0223  0.0226  0.0223  0.0223
   -1.2098   17.1517   13.6414  -15.0463  -15.5886   -9.5514
    3.2116    6.6040   -4.5151   25.4699   -2.8065  -27.3838
eta,q 0.97792  9.41506

---------------------------------------------------------------------
compute_vox2vox talsrcimg talsrcimg_to_711-2C_as_mni_average_305_t4 /opt/freesurfer/average/711-2C_as_mni_average_305
---------------------------------------------------------------------

freesurfer compute_vox2vox.c
Reading: talsrcimg.4dfp.ifh
Reading: talsrcimg_to_711-2C_as_mni_average_305_t4
Reading: /opt/freesurfer/average/711-2C_as_mni_average_305.4dfp.ifh
Writing: talsrcimg_to_711-2C_as_mni_average_305_t4_vox2vox.txt

start time Fri Mar 13 05:17:08 CET 2026
end		time Fri Mar 13 05:18:36 CET 2026

mpr2mni305 success

avi2talxfm orig_nu.mgz /opt/freesurfer/average/mni305.cor.mgz talsrcimg_to_711-2C_as_mni_average_305_t4_vox2vox.txt transforms/talairach.auto.xfm
avi2talxfm done
mv -f /out/sourcedata/freesurfer/sub-v2s4x29613_ses-1/mri/talsrcimg_to_711-2C_as_mni_average_305_t4_vox2vox.txt /out/sourcedata/freesurfer/sub-v2s4x29613_ses-1/mri/transforms/talsrcimg_to_711-2C_as_mni_average_305_t4_vox2vox.txt
lta_convert --src orig_nu.mgz --trg /opt/freesurfer/average/mni305.cor.mgz --inxfm transforms/talairach.auto.xfm --outlta transforms/talairach.auto.xfm.lta --subject fsaverage
7.3.2

--src: orig_nu.mgz src image (geometry).
--trg: /opt/freesurfer/average/mni305.cor.mgz trg image (geometry).
--inmni: transforms/talairach.auto.xfm input MNI/XFM transform.
--outlta: transforms/talairach.auto.xfm.lta output LTA.
--s: fsaverage subject name
 LTA read, type : 1
 1.17138  -0.06687  -0.06626   3.78020;
 0.05069   1.01016   0.32578  -18.04525;
 0.04736  -0.30838   1.08283  -37.64189;
 0.00000   0.00000   0.00000   1.00000;
setting subject to fsaverage
Writing  LTA to file transforms/talairach.auto.xfm.lta...
lta_convert successful.
 
 
Started at Fri Mar 13 05:17:07 CET 2026
Ended   at Fri Mar 13 05:18:36 CET 2026
talairach_avi done
