status file for recon-all
Fri Mar 13 07:08:58 CET 2026
#@# Tessellate lh Fri Mar 13 07:08:58 CET 2026
#@# Smooth1 lh Fri Mar 13 07:09:01 CET 2026
#@# Inflation1 lh Fri Mar 13 07:09:04 CET 2026
#@# QSphere lh Fri Mar 13 07:09:13 CET 2026
#@# Fix Topology lh Fri Mar 13 07:10:21 CET 2026
#@# Smooth2 lh Fri Mar 13 07:14:43 CET 2026
#@# Inflation2 lh Fri Mar 13 07:14:46 CET 2026
#@# Curv .H and .K lh Fri Mar 13 07:14:56 CET 2026
#@# Sphere lh Fri Mar 13 07:15:39 CET 2026
#@# Surf Reg lh Fri Mar 13 07:17:10 CET 2026
#@# Jacobian white lh Fri Mar 13 07:20:14 CET 2026
#@# AvgCurv lh Fri Mar 13 07:20:14 CET 2026
#@# Cortical Parc lh Fri Mar 13 07:20:15 CET 2026
#@# white curv lh Fri Mar 13 07:25:25 CET 2026
#@# white area lh Fri Mar 13 07:25:26 CET 2026
#@# pial curv lh Fri Mar 13 07:25:27 CET 2026
#@# pial area lh Fri Mar 13 07:25:28 CET 2026
#@# thickness lh Fri Mar 13 07:25:29 CET 2026
#@# area and vertex vol lh Fri Mar 13 07:25:56 CET 2026
#@# Curvature Stats lh Fri Mar 13 07:25:57 CET 2026
#@# Cortical Parc 2 lh Fri Mar 13 07:25:59 CET 2026
#@# Cortical Parc 3 lh Fri Mar 13 07:26:11 CET 2026
#@# WM/GM Contrast lh Fri Mar 13 07:26:21 CET 2026
recon-all -s sub-v2s4x29616_ses-1 finished without error at Fri Mar 13 07:26:23 CET 2026



#New# invocation of recon-all 



status file for recon-all
Fri Mar 13 07:47:43 CET 2026
#@# white curv lh Fri Mar 13 07:47:43 CET 2026
#@# white area lh Fri Mar 13 07:47:43 CET 2026
#@# pial curv lh Fri Mar 13 07:47:43 CET 2026
#@# pial area lh Fri Mar 13 07:47:43 CET 2026
#@# thickness lh Fri Mar 13 07:47:43 CET 2026
#@# area and vertex vol lh Fri Mar 13 07:47:43 CET 2026
#@# Parcellation Stats lh Fri Mar 13 07:47:43 CET 2026
#@# Parcellation Stats 2 lh Fri Mar 13 07:47:59 CET 2026
#@# Parcellation Stats 3 lh Fri Mar 13 07:48:08 CET 2026
#@# BA_exvivo Labels lh Fri Mar 13 07:48:15 CET 2026
recon-all -s sub-v2s4x29616_ses-1 finished without error at Fri Mar 13 07:50:32 CET 2026
