status file for recon-all
Fri Mar 13 05:28:34 CET 2026
#@# MotionCor Fri Mar 13 05:28:36 CET 2026
#@# Talairach Fri Mar 13 05:28:43 CET 2026
#@# Talairach Failure Detection Fri Mar 13 05:33:11 CET 2026
#@# Nu Intensity Correction Fri Mar 13 05:33:11 CET 2026
#@# Intensity Normalization Fri Mar 13 05:36:24 CET 2026
recon-all -s sub-v2s4x29616_ses-1 finished without error at Fri Mar 13 05:37:54 CET 2026



#New# invocation of recon-all 



status file for recon-all
Fri Mar 13 05:44:41 CET 2026
#@# EM Registration Fri Mar 13 05:44:41 CET 2026
recon-all -s sub-v2s4x29616_ses-1 finished without error at Fri Mar 13 05:47:01 CET 2026



#New# invocation of recon-all 



status file for recon-all
Fri Mar 13 05:47:05 CET 2026
#@# CA Normalize Fri Mar 13 05:47:05 CET 2026
#@# CA Reg Fri Mar 13 05:48:26 CET 2026
#@# SubCort Seg Fri Mar 13 06:27:33 CET 2026
#@# CC Seg Fri Mar 13 07:02:48 CET 2026
#@# Merge ASeg Fri Mar 13 07:03:24 CET 2026
#@# Intensity Normalization2 Fri Mar 13 07:03:24 CET 2026
#@# Mask BFS Fri Mar 13 07:05:47 CET 2026
#@# WM Segmentation Fri Mar 13 07:05:48 CET 2026
#@# Fill Fri Mar 13 07:07:48 CET 2026
recon-all -s sub-v2s4x29616_ses-1 finished without error at Fri Mar 13 07:08:53 CET 2026



#New# invocation of recon-all 



status file for recon-all
Fri Mar 13 07:43:44 CET 2026
#@# white curv lh Fri Mar 13 07:43:44 CET 2026
#@# white area lh Fri Mar 13 07:43:44 CET 2026
#@# pial curv lh Fri Mar 13 07:43:44 CET 2026
#@# pial area lh Fri Mar 13 07:43:44 CET 2026
#@# thickness lh Fri Mar 13 07:43:44 CET 2026
#@# area and vertex vol lh Fri Mar 13 07:43:44 CET 2026
#@# white curv rh Fri Mar 13 07:43:44 CET 2026
#@# white area rh Fri Mar 13 07:43:44 CET 2026
#@# pial curv rh Fri Mar 13 07:43:44 CET 2026
#@# pial area rh Fri Mar 13 07:43:44 CET 2026
#@# thickness rh Fri Mar 13 07:43:44 CET 2026
#@# area and vertex vol rh Fri Mar 13 07:43:44 CET 2026
#@# Cortical ribbon mask Fri Mar 13 07:43:44 CET 2026
recon-all -s sub-v2s4x29616_ses-1 finished without error at Fri Mar 13 07:47:37 CET 2026



#New# invocation of recon-all 



status file for recon-all
Fri Mar 13 07:53:20 CET 2026
#@# white curv lh Fri Mar 13 07:53:20 CET 2026
#@# white area lh Fri Mar 13 07:53:20 CET 2026
#@# pial curv lh Fri Mar 13 07:53:20 CET 2026
#@# pial area lh Fri Mar 13 07:53:20 CET 2026
#@# thickness lh Fri Mar 13 07:53:20 CET 2026
#@# area and vertex vol lh Fri Mar 13 07:53:20 CET 2026
#@# white curv rh Fri Mar 13 07:53:20 CET 2026
#@# white area rh Fri Mar 13 07:53:20 CET 2026
#@# pial curv rh Fri Mar 13 07:53:20 CET 2026
#@# pial area rh Fri Mar 13 07:53:20 CET 2026
#@# thickness rh Fri Mar 13 07:53:20 CET 2026
#@# area and vertex vol rh Fri Mar 13 07:53:20 CET 2026
#@# Curvature Stats lh Fri Mar 13 07:53:20 CET 2026
#@# Curvature Stats rh Fri Mar 13 07:53:22 CET 2026
#@# Relabel Hypointensities Fri Mar 13 07:53:25 CET 2026
#@# APas-to-ASeg Fri Mar 13 07:53:38 CET 2026
#@# AParc-to-ASeg aparc Fri Mar 13 07:53:45 CET 2026
#@# AParc-to-ASeg aparc.a2009s Fri Mar 13 07:54:11 CET 2026
#@# AParc-to-ASeg aparc.DKTatlas Fri Mar 13 07:54:38 CET 2026
#@# WMParc Fri Mar 13 07:55:04 CET 2026
#@# ASeg Stats Fri Mar 13 07:58:48 CET 2026
recon-all -s sub-v2s4x29616_ses-1 finished without error at Fri Mar 13 07:59:22 CET 2026
