status file for recon-all
Fri Mar 13 05:50:53 CET 2026
#@# Tessellate rh Fri Mar 13 05:50:53 CET 2026
#@# Smooth1 rh Fri Mar 13 05:50:58 CET 2026
#@# Inflation1 rh Fri Mar 13 05:51:01 CET 2026
#@# QSphere rh Fri Mar 13 05:51:16 CET 2026
#@# Fix Topology rh Fri Mar 13 05:52:39 CET 2026
#@# Smooth2 rh Fri Mar 13 05:58:01 CET 2026
#@# Inflation2 rh Fri Mar 13 05:58:04 CET 2026
#@# Curv .H and .K rh Fri Mar 13 05:58:21 CET 2026
#@# Sphere rh Fri Mar 13 05:59:10 CET 2026
#@# Surf Reg rh Fri Mar 13 06:01:34 CET 2026
#@# Jacobian white rh Fri Mar 13 06:05:44 CET 2026
#@# AvgCurv rh Fri Mar 13 06:05:45 CET 2026
#@# Cortical Parc rh Fri Mar 13 06:05:47 CET 2026
#@# white curv rh Fri Mar 13 06:12:40 CET 2026
#@# white area rh Fri Mar 13 06:12:42 CET 2026
#@# pial curv rh Fri Mar 13 06:12:43 CET 2026
#@# pial area rh Fri Mar 13 06:12:45 CET 2026
#@# thickness rh Fri Mar 13 06:12:45 CET 2026
#@# area and vertex vol rh Fri Mar 13 06:13:16 CET 2026
#@# Curvature Stats rh Fri Mar 13 06:13:18 CET 2026
#@# Cortical Parc 2 rh Fri Mar 13 06:13:20 CET 2026
#@# Cortical Parc 3 rh Fri Mar 13 06:13:35 CET 2026
#@# WM/GM Contrast rh Fri Mar 13 06:13:45 CET 2026
recon-all -s sub-v2s4x29580_ses-1 finished without error at Fri Mar 13 06:13:48 CET 2026



#New# invocation of recon-all 



status file for recon-all
Fri Mar 13 06:22:43 CET 2026
#@# white curv rh Fri Mar 13 06:22:44 CET 2026
#@# white area rh Fri Mar 13 06:22:44 CET 2026
#@# pial curv rh Fri Mar 13 06:22:44 CET 2026
#@# pial area rh Fri Mar 13 06:22:44 CET 2026
#@# thickness rh Fri Mar 13 06:22:44 CET 2026
#@# area and vertex vol rh Fri Mar 13 06:22:44 CET 2026
#@# Parcellation Stats rh Fri Mar 13 06:22:44 CET 2026
#@# Parcellation Stats 2 rh Fri Mar 13 06:23:05 CET 2026
#@# Parcellation Stats 3 rh Fri Mar 13 06:23:15 CET 2026
#@# BA_exvivo Labels rh Fri Mar 13 06:23:26 CET 2026
recon-all -s sub-v2s4x29580_ses-1 finished without error at Fri Mar 13 06:26:16 CET 2026
