status file for recon-all
Fri Mar 13 05:27:39 CET 2026
#@# Tessellate lh Fri Mar 13 05:27:39 CET 2026
#@# Smooth1 lh Fri Mar 13 05:27:43 CET 2026
#@# Inflation1 lh Fri Mar 13 05:27:46 CET 2026
#@# QSphere lh Fri Mar 13 05:28:01 CET 2026
#@# Fix Topology lh Fri Mar 13 05:29:26 CET 2026
#@# Smooth2 lh Fri Mar 13 05:35:12 CET 2026
#@# Inflation2 lh Fri Mar 13 05:35:15 CET 2026
#@# Curv .H and .K lh Fri Mar 13 05:35:31 CET 2026
#@# Sphere lh Fri Mar 13 05:36:19 CET 2026
#@# Surf Reg lh Fri Mar 13 05:38:48 CET 2026
#@# Jacobian white lh Fri Mar 13 05:42:57 CET 2026
#@# AvgCurv lh Fri Mar 13 05:42:58 CET 2026
#@# Cortical Parc lh Fri Mar 13 05:42:59 CET 2026
#@# white curv lh Fri Mar 13 05:49:43 CET 2026
#@# white area lh Fri Mar 13 05:49:45 CET 2026
#@# pial curv lh Fri Mar 13 05:49:46 CET 2026
#@# pial area lh Fri Mar 13 05:49:48 CET 2026
#@# thickness lh Fri Mar 13 05:49:49 CET 2026
#@# area and vertex vol lh Fri Mar 13 05:50:19 CET 2026
#@# Curvature Stats lh Fri Mar 13 05:50:21 CET 2026
#@# Cortical Parc 2 lh Fri Mar 13 05:50:24 CET 2026
#@# Cortical Parc 3 lh Fri Mar 13 05:50:38 CET 2026
#@# WM/GM Contrast lh Fri Mar 13 05:50:49 CET 2026
recon-all -s sub-v2s4x29580_ses-1 finished without error at Fri Mar 13 05:50:52 CET 2026



#New# invocation of recon-all 



status file for recon-all
Fri Mar 13 06:19:11 CET 2026
#@# white curv lh Fri Mar 13 06:19:11 CET 2026
#@# white area lh Fri Mar 13 06:19:11 CET 2026
#@# pial curv lh Fri Mar 13 06:19:11 CET 2026
#@# pial area lh Fri Mar 13 06:19:11 CET 2026
#@# thickness lh Fri Mar 13 06:19:11 CET 2026
#@# area and vertex vol lh Fri Mar 13 06:19:11 CET 2026
#@# Parcellation Stats lh Fri Mar 13 06:19:11 CET 2026
#@# Parcellation Stats 2 lh Fri Mar 13 06:19:31 CET 2026
#@# Parcellation Stats 3 lh Fri Mar 13 06:19:41 CET 2026
#@# BA_exvivo Labels lh Fri Mar 13 06:19:52 CET 2026
recon-all -s sub-v2s4x29580_ses-1 finished without error at Fri Mar 13 06:22:42 CET 2026
