/out/sourcedata/freesurfer/sub-v2s4x29592_ses-1/mri
/opt/freesurfer/bin/talairach_avi
--i orig_nu.mgz --xfm transforms/talairach.auto.xfm
talairach_avi 7.3.2
Linux dna030 5.14.0-427.37.1.el9_4.x86_64 #1 SMP PREEMPT_DYNAMIC Fri Sep 13 12:41:50 EDT 2024 x86_64 x86_64 x86_64 GNU/Linux
Fri Mar 13 03:59:28 CET 2026
mri_convert orig_nu.mgz talsrcimg.img 
reading from orig_nu.mgz...
TR=0.00, TE=0.00, TI=0.00, flip angle=0.00
i_ras = (-1, -3.49246e-10, 0)
j_ras = (-1.49012e-08, 4.65661e-10, -1)
k_ras = (-1.57161e-09, 1, -4.65661e-10)
writing to talsrcimg.img...
Analyze Output Matrix
-1.00000  -0.00000  -0.00000   138.09149;
-0.00000   0.00000   1.00000  -121.16736;
 0.00000  -1.00000  -0.00000   160.39482;
 0.00000   0.00000   0.00000   1.00000;
--------------------
INFO: set hdr.hist.orient to -1
mpr2mni305 talsrcimg
Fri Mar 13 03:59:29 CET 2026
/opt/freesurfer/bin/mpr2mni305 talsrcimg
mpr2mni305 7.3.2
target=711-2C_as_mni_average_305

---------------------------------------------------------------------
analyzeto4dfp talsrcimg -O0 -y
---------------------------------------------------------------------

freesurfer ifh2hdr.c
Fri Mar 13 03:59:29 2026
Writing: talsrcimg.4dfp.hdr
freesurfer analyzeto4dfp.c
Reading: talsrcimg.hdr
header size 348 bytes
hdr.dime.datatype	offset=70	value=2
hdr.dime.bitpix		offset=72	value=8
hdr.hist.orient		offset=252	value=-1
dimensionality     4
dimensions       256       256       256         1
Reading: talsrcimg.img
Writing: talsrcimg.4dfp.img
Writing: talsrcimg.4dfp.ifh
ifh2hdr talsrcimg -r0to255
ori=2

---------------------------------------------------------------------
gauss_4dfp talsrcimg 1.1
---------------------------------------------------------------------

freesurfer gauss_4dfp.c
Reading: talsrcimg.4dfp.img
Writing: talsrcimg_g11.4dfp.img
image dimensions 256 256 256 padded to 288 288 288
processing volume 1freesurfer ifh2hdr.c
Fri Mar 13 03:59:31 2026
Writing: talsrcimg_g11.4dfp.hdr

Writing: talsrcimg_g11.4dfp.ifh
including: talsrcimg.4dfp.img.rec in talsrcimg_g11.4dfp.img.rec

---------------------------------------------------------------------
imgreg_4dfp /opt/freesurfer/average/711-2C_as_mni_average_305 none talsrcimg_g11 none talsrcimg_to_711-2C_as_mni_average_305_t4 4355
---------------------------------------------------------------------

freesurfer imgreg_4dfp.c
/opt/freesurfer/average/711-2C_as_mni_average_305.4dfp.img
       256       256       256         1
  1.000000  1.000000  1.000000
orientation T byte_order littleendian
Reading image: /opt/freesurfer/average/711-2C_as_mni_average_305.4dfp.img
dimensions:      256       256       256
mmppix:       1.0000   -1.0000   -1.0000
center:     128.0000 -129.0000 -129.0000
talsrcimg_g11.4dfp.img
       256       256       256         1
  1.000000  1.000000  1.000000
orientation T byte_order littleendian
Reading image: talsrcimg_g11.4dfp.img
dimensions:      256       256       256
mmppix:       1.0000   -1.0000   -1.0000
center:     128.0000 -129.0000 -129.0000
t4_read: open error in t4_sub.f l:  41 t4_file(1:l)talsrcimg_to_711-2C_as_mni_average_305_t4 
t4_read: transform initialized to I4
rotation matrix determinant  1.000000
image alignment mode   4355 decimal     1103 hex
   -7.5000  -45.0000  -45.0000 5480.5107   16.3537
    0.0000  -45.0000  -45.0000 5678.5664   16.3951
    7.5000  -45.0000  -45.0000 5378.0439   16.3762
   -7.5000  -37.5000  -45.0000 5998.6089   15.8114
    0.0000  -37.5000  -45.0000 6225.0796   15.8438
    7.5000  -37.5000  -45.0000 5897.1182   15.8213
   -7.5000  -30.0000  -45.0000 6810.4668   15.4559
    0.0000  -30.0000  -45.0000 7050.0820   15.4907
    7.5000  -30.0000  -45.0000 6672.0962   15.4650
   -7.5000  -22.5000  -45.0000 7658.9238   15.2508
    0.0000  -22.5000  -45.0000 7913.4839   15.2912
    7.5000  -22.5000  -45.0000 7491.7505   15.2680
   -7.5000  -15.0000  -45.0000 8558.8652   15.1606
    0.0000  -15.0000  -45.0000 8819.1660   15.2039
    7.5000  -15.0000  -45.0000 8329.9707   15.1873
   -7.5000   -7.5000  -45.0000 9490.2979   15.1559
    0.0000   -7.5000  -45.0000 9785.4844   15.1973
    7.5000   -7.5000  -45.0000 9241.2646   15.1841
   -7.5000    0.0000  -45.000010383.7354   15.1619
    0.0000    0.0000  -45.000010733.0068   15.1982
    7.5000    0.0000  -45.000010139.0928   15.1840
   -7.5000    7.5000  -45.000010441.9971   15.1743
    0.0000    7.5000  -45.000010822.0264   15.2063
    7.5000    7.5000  -45.000010215.1387   15.1864
   -7.5000   15.0000  -45.000010396.8633   15.1808
    0.0000   15.0000  -45.000010764.2871   15.2147
    7.5000   15.0000  -45.000010143.4785   15.1897
   -7.5000   22.5000  -45.000010284.7412   15.1709
    0.0000   22.5000  -45.000010646.4072   15.2110
    7.5000   22.5000  -45.000010027.3711   15.1881
   -7.5000   30.0000  -45.000010143.6797   14.9584
    0.0000   30.0000  -45.000010492.2148   15.0012
    7.5000   30.0000  -45.0000 9893.1006   14.9848
   -7.5000   37.5000  -45.000010183.7793   14.9540
    0.0000   37.5000  -45.000010495.6797   14.9947
    7.5000   37.5000  -45.0000 9905.1240   14.9818
   -7.5000   45.0000  -45.0000 9782.5498   14.5800
    0.0000   45.0000  -45.000010045.3740   14.6149
    7.5000   45.0000  -45.0000 9489.4512   14.6012
   -7.5000  -45.0000  -37.5000 5794.1733   16.2279
    0.0000  -45.0000  -37.5000 6008.1987   16.2609
    7.5000  -45.0000  -37.5000 5679.6602   16.2337
   -7.5000  -37.5000  -37.5000 6343.8701   15.6960
    0.0000  -37.5000  -37.5000 6569.4775   15.7223
    7.5000  -37.5000  -37.5000 6214.1074   15.6943
   -7.5000  -30.0000  -37.5000 7205.5410   15.3441
    0.0000  -30.0000  -37.5000 7450.5176   15.3731
    7.5000  -30.0000  -37.5000 7040.2114   15.3431
   -7.5000  -22.5000  -37.5000 8114.6084   15.1376
    0.0000  -22.5000  -37.5000 8380.8818   15.1706
    7.5000  -22.5000  -37.5000 7918.7490   15.1417
   -7.5000  -15.0000  -37.5000 9081.3467   15.0460
    0.0000  -15.0000  -37.5000 9352.6953   15.0801
    7.5000  -15.0000  -37.5000 8820.1729   15.0555
   -7.5000   -7.5000  -37.500010085.9385   15.0427
    0.0000   -7.5000  -37.500010388.5898   15.0748
    7.5000   -7.5000  -37.5000 9788.2959   15.0532
   -7.5000    0.0000  -37.500011032.4297   15.0544
    0.0000    0.0000  -37.500011381.4941   15.0826
    7.5000    0.0000  -37.500010721.2285   15.0606
   -7.5000    7.5000  -37.500011118.0625   15.0690
    0.0000    7.5000  -37.500011465.1191   15.0947
    7.5000    7.5000  -37.500010807.9785   15.0690
   -7.5000   15.0000  -37.500011052.8584   15.0725
    0.0000   15.0000  -37.500011386.7559   15.1007
    7.5000   15.0000  -37.500010707.9658   15.0714
   -7.5000   22.5000  -37.500010924.0742   15.0589
    0.0000   22.5000  -37.500011246.4727   15.0916
    7.5000   22.5000  -37.500010586.2461   15.0630
   -7.5000   30.0000  -37.500010745.6113   14.8453
    0.0000   30.0000  -37.500011061.5225   14.8790
    7.5000   30.0000  -37.500010418.7910   14.8547
   -7.5000   37.5000  -37.500010783.7617   14.8423
    0.0000   37.5000  -37.500011088.1748   14.8739
    7.5000   37.5000  -37.500010446.8369   14.8526
   -7.5000   45.0000  -37.500010349.2949   14.4766
    0.0000   45.0000  -37.500010621.7344   14.5037
    7.5000   45.0000  -37.500010007.3916   14.4826
   -7.5000  -45.0000  -30.0000 6192.3579   16.7903
    0.0000  -45.0000  -30.0000 6423.5083   16.8202
    7.5000  -45.0000  -30.0000 6076.1294   16.7878
   -7.5000  -37.5000  -30.0000 6806.1787   16.2357
    0.0000  -37.5000  -30.0000 7036.9639   16.2610
    7.5000  -37.5000  -30.0000 6656.7886   16.2316
   -7.5000  -30.0000  -30.0000 7734.5249   15.8690
    0.0000  -30.0000  -30.0000 7982.6362   15.8988
    7.5000  -30.0000  -30.0000 7551.3530   15.8701
   -7.5000  -22.5000  -30.0000 8733.4111   15.6617
    0.0000  -22.5000  -30.0000 8992.7852   15.6949
    7.5000  -22.5000  -30.0000 8493.0098   15.6646
   -7.5000  -15.0000  -30.0000 9779.9951   15.5746
    0.0000  -15.0000  -30.000010058.7031   15.6076
    7.5000  -15.0000  -30.0000 9481.1865   15.5777
   -7.5000   -7.5000  -30.000010858.0244   15.5744
    0.0000   -7.5000  -30.000011189.3779   15.6038
    7.5000   -7.5000  -30.000010532.6094   15.5753
   -7.5000    0.0000  -30.000011909.5850   15.5847
    0.0000    0.0000  -30.000012271.7754   15.6098
    7.5000    0.0000  -30.000011548.1221   15.5825
   -7.5000    7.5000  -30.000012009.0186   15.5922
    0.0000    7.5000  -30.000012365.6025   15.6169
    7.5000    7.5000  -30.000011634.1396   15.5900
   -7.5000   15.0000  -30.000011906.8564   15.5904
    0.0000   15.0000  -30.000012270.0449   15.6193
    7.5000   15.0000  -30.000011499.0635   15.5911
   -7.5000   22.5000  -30.000011744.5508   15.5792
    0.0000   22.5000  -30.000012086.8359   15.6121
    7.5000   22.5000  -30.000011345.4707   15.5821
   -7.5000   30.0000  -30.000011514.9111   15.3684
    0.0000   30.0000  -30.000011844.4385   15.4009
    7.5000   30.0000  -30.000011120.4971   15.3714
   -7.5000   37.5000  -30.000011541.1816   15.3683
    0.0000   37.5000  -30.000011860.3164   15.3973
    7.5000   37.5000  -30.000011129.3047   15.3692
   -7.5000   45.0000  -30.000011068.3115   14.9975
    0.0000   45.0000  -30.000011340.9453   15.0217
    7.5000   45.0000  -30.000010656.7266   14.9954
   -7.5000  -45.0000  -22.5000 6606.6953   17.3675
    0.0000  -45.0000  -22.5000 6863.3145   17.4049
    7.5000  -45.0000  -22.5000 6481.5605   17.3787
   -7.5000  -37.5000  -22.5000 7256.0679   16.7802
    0.0000  -37.5000  -22.5000 7502.6768   16.8131
    7.5000  -37.5000  -22.5000 7092.4648   16.7912
   -7.5000  -30.0000  -22.5000 8265.8936   16.3966
    0.0000  -30.0000  -22.5000 8523.8936   16.4357
    7.5000  -30.0000  -22.5000 8063.7231   16.4169
   -7.5000  -22.5000  -22.5000 9384.7422   16.1942
    0.0000  -22.5000  -22.5000 9657.6836   16.2374
    7.5000  -22.5000  -22.5000 9122.4893   16.2157
   -7.5000  -15.0000  -22.500010523.0078   16.1174
    0.0000  -15.0000  -22.500010828.8613   16.1608
    7.5000  -15.0000  -22.500010215.4824   16.1373
   -7.5000   -7.5000  -22.500011674.4912   16.1198
    0.0000   -7.5000  -22.500012010.3105   16.1576
    7.5000   -7.5000  -22.500011330.4844   16.1340
   -7.5000    0.0000  -22.500012784.5742   16.1204
    0.0000    0.0000  -22.500013160.9043   16.1522
    7.5000    0.0000  -22.500012427.4922   16.1302
   -7.5000    7.5000  -22.500012895.7246   16.1151
    0.0000    7.5000  -22.500013269.0674   16.1473
    7.5000    7.5000  -22.500012502.7725   16.1282
   -7.5000   15.0000  -22.500012781.7705   16.1099
    0.0000   15.0000  -22.500013172.0254   16.1477
    7.5000   15.0000  -22.500012355.2744   16.1290
   -7.5000   22.5000  -22.500012587.9297   16.1078
    0.0000   22.5000  -22.500012959.8916   16.1507
    7.5000   22.5000  -22.500012160.5811   16.1292
   -7.5000   30.0000  -22.500012297.8311   15.9065
    0.0000   30.0000  -22.500012675.1582   15.9492
    7.5000   30.0000  -22.500011892.2012   15.9261
   -7.5000   37.5000  -22.500012303.5264   15.9089
    0.0000   37.5000  -22.500012675.4785   15.9462
    7.5000   37.5000  -22.500011886.1328   15.9229
   -7.5000   45.0000  -22.500011782.4658   15.5247
    0.0000   45.0000  -22.500012111.0234   15.5554
    7.5000   45.0000  -22.500011365.8936   15.5342
   -7.5000  -45.0000  -15.0000 7003.8779   17.7931
    0.0000  -45.0000  -15.0000 7264.9111   17.8410
    7.5000  -45.0000  -15.0000 6857.8921   17.8248
   -7.5000  -37.5000  -15.0000 7714.9985   17.1871
    0.0000  -37.5000  -15.0000 7975.7500   17.2281
    7.5000  -37.5000  -15.0000 7537.2285   17.2131
   -7.5000  -30.0000  -15.0000 8812.5078   16.7936
    0.0000  -30.0000  -15.0000 9095.7080   16.8412
    7.5000  -30.0000  -15.0000 8600.9463   16.8289
   -7.5000  -22.5000  -15.000010016.1738   16.5912
    0.0000  -22.5000  -15.000010338.9619   16.6450
    7.5000  -22.5000  -15.0000 9760.2881   16.6315
   -7.5000  -15.0000  -15.000011229.1416   16.5173
    0.0000  -15.0000  -15.000011584.9766   16.5730
    7.5000  -15.0000  -15.000010937.9863   16.5599
   -7.5000   -7.5000  -15.000012469.0508   16.5196
    0.0000   -7.5000  -15.000012861.7197   16.5691
    7.5000   -7.5000  -15.000012134.2207   16.5560
   -7.5000    0.0000  -15.000013658.9912   16.5141
    0.0000    0.0000  -15.000014096.3545   16.5559
    7.5000    0.0000  -15.000013282.6865   16.5430
   -7.5000    7.5000  -15.000013758.4326   16.5045
    0.0000    7.5000  -15.000014185.7441   16.5451
    7.5000    7.5000  -15.000013336.2969   16.5332
   -7.5000   15.0000  -15.000013614.4512   16.5005
    0.0000   15.0000  -15.000014049.0459   16.5467
    7.5000   15.0000  -15.000013166.5879   16.5342
   -7.5000   22.5000  -15.000013397.3115   16.5019
    0.0000   22.5000  -15.000013816.5166   16.5553
    7.5000   22.5000  -15.000012955.4238   16.5419
   -7.5000   30.0000  -15.000013089.6494   16.3034
    0.0000   30.0000  -15.000013520.7480   16.3583
    7.5000   30.0000  -15.000012675.6904   16.3454
   -7.5000   37.5000  -15.000013113.2373   16.3058
    0.0000   37.5000  -15.000013537.4033   16.3547
    7.5000   37.5000  -15.000012682.3311   16.3417
   -7.5000   45.0000  -15.000012519.4277   15.9135
    0.0000   45.0000  -15.000012894.2109   15.9537
    7.5000   45.0000  -15.000012069.7793   15.9413
   -7.5000  -45.0000   -7.5000 7404.3848   18.0068
    0.0000  -45.0000   -7.5000 7671.3496   18.0586
    7.5000  -45.0000   -7.5000 7257.6138   18.0453
   -7.5000  -37.5000   -7.5000 8208.7764   17.4044
    0.0000  -37.5000   -7.5000 8499.9014   17.4463
    7.5000  -37.5000   -7.5000 8013.4082   17.4299
   -7.5000  -30.0000   -7.5000 9417.3770   17.0122
    0.0000  -30.0000   -7.5000 9750.4570   17.0583
    7.5000  -30.0000   -7.5000 9182.3086   17.0408
   -7.5000  -22.5000   -7.500010686.4951   16.8001
    0.0000  -22.5000   -7.500011063.4922   16.8533
    7.5000  -22.5000   -7.500010426.5049   16.8373
   -7.5000  -15.0000   -7.500011976.6855   16.7152
    0.0000  -15.0000   -7.500012385.3379   16.7720
    7.5000  -15.0000   -7.500011694.6709   16.7611
   -7.5000   -7.5000   -7.500013301.7334   16.7135
    0.0000   -7.5000   -7.500013768.2900   16.7663
    7.5000   -7.5000   -7.500012986.4766   16.7578
   -7.5000    0.0000   -7.500014598.7305   16.7115
    0.0000    0.0000   -7.500015092.4932   16.7571
    7.5000    0.0000   -7.500014187.3105   16.7476
   -7.5000    7.5000   -7.500014721.8721   16.7121
    0.0000    7.5000   -7.500015218.0967   16.7537
    7.5000    7.5000   -7.500014252.9062   16.7404
   -7.5000   15.0000   -7.500014530.1064   16.7145
    0.0000   15.0000   -7.500015017.1387   16.7594
    7.5000   15.0000   -7.500014050.0010   16.7421
   -7.5000   22.5000   -7.500014233.9492   16.7078
    0.0000   22.5000   -7.500014712.5234   16.7606
    7.5000   22.5000   -7.500013794.4727   16.7448
   -7.5000   30.0000   -7.500013909.9727   16.4983
    0.0000   30.0000   -7.500014385.6396   16.5544
    7.5000   30.0000   -7.500013486.6514   16.5436
   -7.5000   37.5000   -7.500013952.4600   16.4967
    0.0000   37.5000   -7.500014425.4990   16.5489
    7.5000   37.5000   -7.500013531.3887   16.5405
   -7.5000   45.0000   -7.500013301.4727   16.1067
    0.0000   45.0000   -7.500013729.7295   16.1507
    7.5000   45.0000   -7.500012861.9316   16.1415
   -7.5000  -45.0000    0.0000 7762.5698   18.0381
    0.0000  -45.0000    0.0000 8060.7437   18.0840
    7.5000  -45.0000    0.0000 7602.4351   18.0643
   -7.5000  -37.5000    0.0000 8635.3662   17.4470
    0.0000  -37.5000    0.0000 8960.1885   17.4830
    7.5000  -37.5000    0.0000 8438.4521   17.4591
   -7.5000  -30.0000    0.0000 9924.3389   17.0591
    0.0000  -30.0000    0.000010297.2676   17.0975
    7.5000  -30.0000    0.0000 9693.7764   17.0700
   -7.5000  -22.5000    0.000011289.2100   16.8361
    0.0000  -22.5000    0.000011676.2510   16.8807
    7.5000  -22.5000    0.000011009.4922   16.8559
   -7.5000  -15.0000    0.000012653.0938   16.7392
    0.0000  -15.0000    0.000013076.5898   16.7870
    7.5000  -15.0000    0.000012340.9463   16.7694
   -7.5000   -7.5000    0.000014066.9971   16.7349
    0.0000   -7.5000    0.000014550.6689   16.7807
    7.5000   -7.5000    0.000013683.7988   16.7671
   -7.5000    0.0000    0.000015449.3057   16.7411
    0.0000    0.0000    0.000015980.7646   16.7813
    7.5000    0.0000    0.000014968.9033   16.7666
   -7.5000    7.5000    0.000015571.8047   16.7533
    0.0000    7.5000    0.000016145.3057   16.7889
    7.5000    7.5000    0.000015047.8076   16.7678
   -7.5000   15.0000    0.000015405.4463   16.7595
    0.0000   15.0000    0.000015973.0674   16.7970
    7.5000   15.0000    0.000014876.8535   16.7702
   -7.5000   22.5000    0.000014995.3447   16.7436
    0.0000   22.5000    0.000015583.0879   16.7879
    7.5000   22.5000    0.000014598.9355   16.7633
   -7.5000   30.0000    0.000014567.7373   16.5224
    0.0000   30.0000    0.000015135.8359   16.5696
    7.5000   30.0000    0.000014245.0469   16.5523
   -7.5000   37.5000    0.000014611.6152   16.5183
    0.0000   37.5000    0.000015193.5947   16.5635
    7.5000   37.5000    0.000014274.6201   16.5501
   -7.5000   45.0000    0.000013950.5020   16.1365
    0.0000   45.0000    0.000014501.7744   16.1752
    7.5000   45.0000    0.000013557.3438   16.1610
   -7.5000  -45.0000    7.5000 7554.5723   18.0281
    0.0000  -45.0000    7.5000 7846.1821   18.0640
    7.5000  -45.0000    7.5000 7380.8535   18.0334
   -7.5000  -37.5000    7.5000 8431.1338   17.4405
    0.0000  -37.5000    7.5000 8765.0820   17.4692
    7.5000  -37.5000    7.5000 8242.2471   17.4377
   -7.5000  -30.0000    7.5000 9707.9287   17.0514
    0.0000  -30.0000    7.500010078.3340   17.0832
    7.5000  -30.0000    7.5000 9466.8828   17.0495
   -7.5000  -22.5000    7.500011037.1807   16.8234
    0.0000  -22.5000    7.500011413.9844   16.8598
    7.5000  -22.5000    7.500010753.5635   16.8274
   -7.5000  -15.0000    7.500012383.3662   16.7230
    0.0000  -15.0000    7.500012779.7676   16.7607
    7.5000  -15.0000    7.500012051.8115   16.7330
   -7.5000   -7.5000    7.500013766.7793   16.7201
    0.0000   -7.5000    7.500014204.3926   16.7554
    7.5000   -7.5000    7.500013361.6328   16.7310
   -7.5000    0.0000    7.500015085.5840   16.7331
    0.0000    0.0000    7.500015568.7217   16.7639
    7.5000    0.0000    7.500014590.1025   16.7391
   -7.5000    7.5000    7.500015229.4121   16.7485
    0.0000    7.5000    7.500015711.6191   16.7766
    7.5000    7.5000    7.500014680.2266   16.7477
   -7.5000   15.0000    7.500015130.6729   16.7516
    0.0000   15.0000    7.500015684.0693   16.7825
    7.5000   15.0000    7.500014578.1436   16.7497
   -7.5000   22.5000    7.500014721.9141   16.7311
    0.0000   22.5000    7.500015393.9688   16.7672
    7.5000   22.5000    7.500014416.7783   16.7351
   -7.5000   30.0000    7.500014193.1123   16.5064
    0.0000   30.0000    7.500014918.2568   16.5436
    7.5000   30.0000    7.500014050.6836   16.5163
   -7.5000   37.5000    7.500014249.9375   16.5038
    0.0000   37.5000    7.500014959.1367   16.5385
    7.5000   37.5000    7.500014025.3389   16.5145
   -7.5000   45.0000    7.500013658.5029   16.1288
    0.0000   45.0000    7.500014258.8623   16.1585
    7.5000   45.0000    7.500013272.7256   16.1346
   -7.5000  -45.0000   15.0000 7193.7231   18.0247
    0.0000  -45.0000   15.0000 7478.8022   18.0568
    7.5000  -45.0000   15.0000 7013.6079   18.0220
   -7.5000  -37.5000   15.0000 8090.4170   17.4294
    0.0000  -37.5000   15.0000 8383.0801   17.4565
    7.5000  -37.5000   15.0000 7869.3994   17.4250
   -7.5000  -30.0000   15.0000 9358.9863   17.0358
    0.0000  -30.0000   15.0000 9668.2637   17.0677
    7.5000  -30.0000   15.0000 9087.4932   17.0369
   -7.5000  -22.5000   15.000010659.5625   16.8133
    0.0000  -22.5000   15.000010994.7354   16.8489
    7.5000  -22.5000   15.000010355.4551   16.8163
   -7.5000  -15.0000   15.000011961.1904   16.7198
    0.0000  -15.0000   15.000012345.0605   16.7553
    7.5000  -15.0000   15.000011628.5137   16.7232
   -7.5000   -7.5000   15.000013287.3369   16.7197
    0.0000   -7.5000   15.000013730.9209   16.7513
    7.5000   -7.5000   15.000012915.6064   16.7208
   -7.5000    0.0000   15.000014545.3291   16.7308
    0.0000    0.0000   15.000015015.9492   16.7577
    7.5000    0.0000   15.000014156.6689   16.7284
   -7.5000    7.5000   15.000014672.7314   16.7388
    0.0000    7.5000   15.000015129.6250   16.7652
    7.5000    7.5000   15.000014291.9473   16.7364
   -7.5000   15.0000   15.000014790.8076   16.7367
    0.0000   15.0000   15.000015243.8076   16.7677
    7.5000   15.0000   15.000014218.9287   16.7375
   -7.5000   22.5000   15.000014685.8525   16.7210
    0.0000   22.5000   15.000015210.9053   16.7563
    7.5000   22.5000   15.000014075.6514   16.7241
   -7.5000   30.0000   15.000014324.8809   16.5033
    0.0000   30.0000   15.000014882.8154   16.5383
    7.5000   30.0000   15.000013755.2002   16.5066
   -7.5000   37.5000   15.000014269.5947   16.5033
    0.0000   37.5000   15.000014809.8330   16.5345
    7.5000   37.5000   15.000013674.9512   16.5044
   -7.5000   45.0000   15.000013441.7734   16.1265
    0.0000   45.0000   15.000013927.0928   16.1525
    7.5000   45.0000   15.000012862.3691   16.1242
   -7.5000  -45.0000   22.5000 6783.6089   18.0288
    0.0000  -45.0000   22.5000 7054.5327   18.0676
    7.5000  -45.0000   22.5000 6617.3599   18.0405
   -7.5000  -37.5000   22.5000 7664.4385   17.4192
    0.0000  -37.5000   22.5000 7954.8145   17.4533
    7.5000  -37.5000   22.5000 7477.2690   17.4306
   -7.5000  -30.0000   22.5000 8872.4414   17.0210
    0.0000  -30.0000   22.5000 9193.1133   17.0615
    7.5000  -30.0000   22.5000 8671.4678   17.0420
   -7.5000  -22.5000   22.500010119.2939   16.8108
    0.0000  -22.5000   22.500010467.0283   16.8557
    7.5000  -22.5000   22.5000 9894.3477   16.8332
   -7.5000  -15.0000   22.500011384.0146   16.7312
    0.0000  -15.0000   22.500011754.5908   16.7762
    7.5000  -15.0000   22.500011113.4395   16.7518
   -7.5000   -7.5000   22.500012689.0137   16.7336
    0.0000   -7.5000   22.500013057.8574   16.7729
    7.5000   -7.5000   22.500012362.7217   16.7484
   -7.5000    0.0000   22.500013958.1328   16.7343
    0.0000    0.0000   22.500014340.6904   16.7673
    7.5000    0.0000   22.500013569.4795   16.7444
   -7.5000    7.5000   22.500014168.8564   16.7287
    0.0000    7.5000   22.500014585.9717   16.7622
    7.5000    7.5000   22.500013709.3066   16.7423
   -7.5000   15.0000   22.500014177.2471   16.7234
    0.0000   15.0000   22.500014572.1797   16.7626
    7.5000   15.0000   22.500013611.8623   16.7431
   -7.5000   22.5000   22.500013969.8906   16.7186
    0.0000   22.5000   22.500014326.6279   16.7631
    7.5000   22.5000   22.500013392.0693   16.7408
   -7.5000   30.0000   22.500013700.4375   16.5145
    0.0000   30.0000   22.500014024.0156   16.5589
    7.5000   30.0000   22.500013050.5498   16.5348
   -7.5000   37.5000   22.500013675.6240   16.5170
    0.0000   37.5000   22.500014021.9102   16.5558
    7.5000   37.5000   22.500013030.2549   16.5316
   -7.5000   45.0000   22.500012825.8496   16.1299
    0.0000   45.0000   22.500013183.8398   16.1617
    7.5000   45.0000   22.500012284.6826   16.1397
   -7.5000  -45.0000   30.0000 6299.4702   18.0376
    0.0000  -45.0000   30.0000 6545.5859   18.0861
    7.5000  -45.0000   30.0000 6181.8135   18.0697
   -7.5000  -37.5000   30.0000 7114.7964   17.4232
    0.0000  -37.5000   30.0000 7372.8306   17.4649
    7.5000  -37.5000   30.0000 6983.5825   17.4496
   -7.5000  -30.0000   30.0000 8274.6055   17.0243
    0.0000  -30.0000   30.0000 8559.4951   17.0726
    7.5000  -30.0000   30.0000 8112.9722   17.0601
   -7.5000  -22.5000   30.0000 9477.0410   16.8191
    0.0000  -22.5000   30.0000 9811.4561   16.8737
    7.5000  -22.5000   30.0000 9277.9629   16.8600
   -7.5000  -15.0000   30.000010706.6582   16.7442
    0.0000  -15.0000   30.000011087.8398   16.8007
    7.5000  -15.0000   30.000010443.1240   16.7874
   -7.5000   -7.5000   30.000011943.7549   16.7465
    0.0000   -7.5000   30.000012373.2422   16.7967
    7.5000   -7.5000   30.000011602.0420   16.7834
   -7.5000    0.0000   30.000013092.6025   16.7410
    0.0000    0.0000   30.000013551.6680   16.7833
    7.5000    0.0000   30.000012690.1523   16.7703
   -7.5000    7.5000   30.000013185.7539   16.7313
    0.0000    7.5000   30.000013665.7549   16.7724
    7.5000    7.5000   30.000012775.3027   16.7604
   -7.5000   15.0000   30.000013017.6436   16.7272
    0.0000   15.0000   30.000013475.3193   16.7740
    7.5000   15.0000   30.000012662.5195   16.7613
   -7.5000   22.5000   30.000012749.6602   16.7268
    0.0000   22.5000   30.000013182.8145   16.7809
    7.5000   22.5000   30.000012439.5303   16.7674
   -7.5000   30.0000   30.000012471.6611   16.5274
    0.0000   30.0000   30.000012897.5703   16.5831
    7.5000   30.0000   30.000012131.8105   16.5700
   -7.5000   37.5000   30.000012465.3271   16.5298
    0.0000   37.5000   30.000012917.7803   16.5793
    7.5000   37.5000   30.000012123.3848   16.5662
   -7.5000   45.0000   30.000011817.3916   16.1364
    0.0000   45.0000   30.000012248.1904   16.1772
    7.5000   45.0000   30.000011490.2070   16.1646
   -7.5000  -45.0000   37.5000 5966.1245   18.1317
    0.0000  -45.0000   37.5000 6224.9536   18.1841
    7.5000  -45.0000   37.5000 5863.6382   18.1707
   -7.5000  -37.5000   37.5000 6776.3594   17.5223
    0.0000  -37.5000   37.5000 7058.9883   17.5647
    7.5000  -37.5000   37.5000 6646.5298   17.5481
   -7.5000  -30.0000   37.5000 7912.2671   17.1257
    0.0000  -30.0000   37.5000 8230.6152   17.1722
    7.5000  -30.0000   37.5000 7741.7251   17.1545
   -7.5000  -22.5000   37.5000 9084.2930   16.9112
    0.0000  -22.5000   37.5000 9441.5039   16.9649
    7.5000  -22.5000   37.5000 8875.4199   16.9487
   -7.5000  -15.0000   37.500010260.5186   16.8253
    0.0000  -15.0000   37.500010629.0967   16.8828
    7.5000  -15.0000   37.5000 9994.8711   16.8717
   -7.5000   -7.5000   37.500011436.3701   16.8235
    0.0000   -7.5000   37.500011804.4805   16.8770
    7.5000   -7.5000   37.500011113.9844   16.8684
   -7.5000    0.0000   37.500012490.2158   16.8215
    0.0000    0.0000   37.500012890.1445   16.8676
    7.5000    0.0000   37.500012159.1514   16.8580
   -7.5000    7.5000   37.500012546.8838   16.8222
    0.0000    7.5000   37.500012957.5879   16.8641
    7.5000    7.5000   37.500012268.9619   16.8508
   -7.5000   15.0000   37.500012345.1660   16.8247
    0.0000   15.0000   37.500012750.8740   16.8699
    7.5000   15.0000   37.500012142.4297   16.8524
   -7.5000   22.5000   37.500012133.6787   16.8179
    0.0000   22.5000   37.500012533.9131   16.8712
    7.5000   22.5000   37.500011927.8828   16.8552
   -7.5000   30.0000   37.500011884.9717   16.6074
    0.0000   30.0000   37.500012281.6904   16.6641
    7.5000   30.0000   37.500011647.9688   16.6532
   -7.5000   37.5000   37.500011899.3896   16.6058
    0.0000   37.5000   37.500012296.8076   16.6586
    7.5000   37.5000   37.500011639.1816   16.6501
   -7.5000   45.0000   37.500011302.5684   16.2140
    0.0000   45.0000   37.500011667.2168   16.2584
    7.5000   45.0000   37.500011047.4961   16.2492
   -7.5000  -45.0000   45.0000 5443.9248   18.3166
    0.0000  -45.0000   45.0000 5623.8286   18.3644
    7.5000  -45.0000   45.0000 5273.4868   18.3445
   -7.5000  -37.5000   45.0000 6186.7188   17.7028
    0.0000  -37.5000   45.0000 6371.8340   17.7402
    7.5000  -37.5000   45.0000 5995.6050   17.7160
   -7.5000  -30.0000   45.0000 7219.5767   17.3006
    0.0000  -30.0000   45.0000 7425.9463   17.3405
    7.5000  -30.0000   45.0000 7012.6836   17.3126
   -7.5000  -22.5000   45.0000 8285.9600   17.0699
    0.0000  -22.5000   45.0000 8523.3076   17.1163
    7.5000  -22.5000   45.0000 8068.3618   17.0914
   -7.5000  -15.0000   45.0000 9355.8223   16.9702
    0.0000  -15.0000   45.0000 9597.8652   17.0200
    7.5000  -15.0000   45.0000 9101.0039   17.0026
   -7.5000   -7.5000   45.000010413.6318   16.9662
    0.0000   -7.5000   45.000010688.2871   17.0139
    7.5000   -7.5000   45.000010131.0850   17.0005
   -7.5000    0.0000   45.000011369.4883   16.9725
    0.0000    0.0000   45.000011673.3672   17.0143
    7.5000    0.0000   45.000011101.4180   16.9995
   -7.5000    7.5000   45.000011415.1689   16.9846
    0.0000    7.5000   45.000011739.2842   17.0215
    7.5000    7.5000   45.000011199.4043   17.0001
   -7.5000   15.0000   45.000011278.3945   16.9906
    0.0000   15.0000   45.000011632.9932   17.0294
    7.5000   15.0000   45.000011097.8398   17.0022
   -7.5000   22.5000   45.000011087.5205   16.9744
    0.0000   22.5000   45.000011439.7480   17.0203
    7.5000   22.5000   45.000010902.6963   16.9957
   -7.5000   30.0000   45.000010851.5020   16.7490
    0.0000   30.0000   45.000011189.6592   16.7981
    7.5000   30.0000   45.000010636.0996   16.7809
   -7.5000   37.5000   45.000010869.2666   16.7452
    0.0000   37.5000   45.000011211.1631   16.7922
    7.5000   37.5000   45.000010638.5010   16.7790
   -7.5000   45.0000   45.000010345.7295   16.3670
    0.0000   45.0000   45.000010662.7393   16.4072
    7.5000   45.0000   45.000010118.0596   16.3930

---------------------------------------------------------------------
imgreg_4dfp /opt/freesurfer/average/711-2C_as_mni_average_305 /opt/freesurfer/average/711-2B_as_mni_average_305_mask talsrcimg_g11 none talsrcimg_to_711-2C_as_mni_average_305_t4 4355
---------------------------------------------------------------------

freesurfer imgreg_4dfp.c
/opt/freesurfer/average/711-2C_as_mni_average_305.4dfp.img
       256       256       256         1
  1.000000  1.000000  1.000000
orientation T byte_order littleendian
Reading image: /opt/freesurfer/average/711-2C_as_mni_average_305.4dfp.img
dimensions:      256       256       256
mmppix:       1.0000   -1.0000   -1.0000
center:     128.0000 -129.0000 -129.0000
/opt/freesurfer/average/711-2B_as_mni_average_305_mask.4dfp.img
       256       256       256         1
  1.000000  1.000000  1.000000
orientation T byte_order littleendian
Reading mask: /opt/freesurfer/average/711-2B_as_mni_average_305_mask.4dfp.img (2306576 pixels)
talsrcimg_g11.4dfp.img
       256       256       256         1
  1.000000  1.000000  1.000000
orientation T byte_order littleendian
Reading image: talsrcimg_g11.4dfp.img
dimensions:      256       256       256
mmppix:       1.0000   -1.0000   -1.0000
center:     128.0000 -129.0000 -129.0000
rotation matrix determinant  1.000000
image alignment mode   4355 decimal     1103 hex
   -7.5000  -37.5000  -45.0000 1717.9258   24.9590
    0.0000  -37.5000  -45.0000 1712.1824   25.2917
    7.5000  -37.5000  -45.0000 1683.8169   25.8879
   -7.5000  -30.0000  -45.0000 1831.8319   22.0333
    0.0000  -30.0000  -45.0000 1822.3652   22.3199
    7.5000  -30.0000  -45.0000 1795.9803   22.8698
   -7.5000  -22.5000  -45.0000 1938.2374   19.7057
    0.0000  -22.5000  -45.0000 1923.8619   19.9541
    7.5000  -22.5000  -45.0000 1899.6875   20.3912
   -7.5000  -15.0000  -45.0000 2040.2222   17.8529
    0.0000  -15.0000  -45.0000 2020.4474   18.0767
    7.5000  -15.0000  -45.0000 1991.7429   18.4294
   -7.5000   -7.5000  -45.0000 2126.0312   16.4412
    0.0000   -7.5000  -45.0000 2107.0708   16.6138
    7.5000   -7.5000  -45.0000 2081.1526   16.8824
   -7.5000    0.0000  -45.0000 2189.5747   15.3900
    0.0000    0.0000  -45.0000 2178.6343   15.5180
    7.5000    0.0000  -45.0000 2159.5173   15.7547
   -7.5000    7.5000  -45.0000 2229.0610   14.6392
    0.0000    7.5000  -45.0000 2221.0632   14.7579
    7.5000    7.5000  -45.0000 2199.3416   15.0033
   -7.5000   15.0000  -45.0000 2249.0859   14.2025
    0.0000   15.0000  -45.0000 2248.5222   14.2720
    7.5000   15.0000  -45.0000 2217.1853   14.5998
   -7.5000   22.5000  -45.0000 2258.0544   14.0729
    0.0000   22.5000  -45.0000 2254.0295   14.1576
    7.5000   22.5000  -45.0000 2222.0251   14.5228
   -7.5000   30.0000  -45.0000 2255.9673   14.2594
    0.0000   30.0000  -45.0000 2245.5911   14.3068
    7.5000   30.0000  -45.0000 2209.2375   14.6790
   -7.5000   37.5000  -45.0000 2238.7241   14.6452
    0.0000   37.5000  -45.0000 2219.2405   14.7218
    7.5000   37.5000  -45.0000 2183.8855   15.0952
   -7.5000   45.0000  -45.0000 2207.0923   15.3907
    0.0000   45.0000  -45.0000 2183.5276   15.4671
    7.5000   45.0000  -45.0000 2146.0503   15.9036
   -7.5000   52.5000  -45.0000 2130.5684   16.2975
    0.0000   52.5000  -45.0000 2114.0574   16.4305
    7.5000   52.5000  -45.0000 2078.4873   16.8642
   -7.5000  -37.5000  -37.5000 1781.3467   23.4588
    0.0000  -37.5000  -37.5000 1771.1327   23.8480
    7.5000  -37.5000  -37.5000 1741.6373   24.3808
   -7.5000  -30.0000  -37.5000 1902.0870   20.7341
    0.0000  -30.0000  -37.5000 1889.7119   21.0248
    7.5000  -30.0000  -37.5000 1859.2589   21.4419
   -7.5000  -22.5000  -37.5000 2013.0256   18.5003
    0.0000  -22.5000  -37.5000 1998.9279   18.7323
    7.5000  -22.5000  -37.5000 1972.9026   19.0850
   -7.5000  -15.0000  -37.5000 2121.2004   16.7413
    0.0000  -15.0000  -37.5000 2101.8394   16.9461
    7.5000  -15.0000  -37.5000 2071.4053   17.2318
   -7.5000   -7.5000  -37.5000 2219.0000   15.3744
    0.0000   -7.5000  -37.5000 2198.5342   15.5630
    7.5000   -7.5000  -37.5000 2166.5432   15.8061
   -7.5000    0.0000  -37.5000 2287.3689   14.3379
    0.0000    0.0000  -37.5000 2274.4602   14.4999
    7.5000    0.0000  -37.5000 2246.2217   14.7197
   -7.5000    7.5000  -37.5000 2335.4968   13.5987
    0.0000    7.5000  -37.5000 2323.6733   13.7285
    7.5000    7.5000  -37.5000 2293.0093   13.9428
   -7.5000   15.0000  -37.5000 2362.9097   13.1369
    0.0000   15.0000  -37.5000 2349.0103   13.1969
    7.5000   15.0000  -37.5000 2312.7529   13.4963
   -7.5000   22.5000  -37.5000 2371.9497   12.9376
    0.0000   22.5000  -37.5000 2356.8975   13.0043
    7.5000   22.5000  -37.5000 2320.6233   13.3251
   -7.5000   30.0000  -37.5000 2372.4795   13.0189
    0.0000   30.0000  -37.5000 2353.6267   13.0864
    7.5000   30.0000  -37.5000 2315.8721   13.4300
   -7.5000   37.5000  -37.5000 2351.7983   13.3755
    0.0000   37.5000  -37.5000 2333.2830   13.4420
    7.5000   37.5000  -37.5000 2297.1921   13.7914
   -7.5000   45.0000  -37.5000 2318.8230   14.0651
    0.0000   45.0000  -37.5000 2299.0820   14.0981
    7.5000   45.0000  -37.5000 2261.3340   14.5292
   -7.5000   52.5000  -37.5000 2240.2051   14.9524
    0.0000   52.5000  -37.5000 2223.3564   14.9997
    7.5000   52.5000  -37.5000 2179.1367   15.4180
   -7.5000  -37.5000  -30.0000 1866.6121   22.8816
    0.0000  -37.5000  -30.0000 1854.9387   23.1712
    7.5000  -37.5000  -30.0000 1830.4419   23.6694
   -7.5000  -30.0000  -30.0000 1996.5820   20.1430
    0.0000  -30.0000  -30.0000 1981.2670   20.3496
    7.5000  -30.0000  -30.0000 1955.0699   20.7819
   -7.5000  -22.5000  -30.0000 2119.8049   17.9771
    0.0000  -22.5000  -30.0000 2103.2397   18.1500
    7.5000  -22.5000  -30.0000 2071.7864   18.5571
   -7.5000  -15.0000  -30.0000 2235.0435   16.3126
    0.0000  -15.0000  -30.0000 2216.8064   16.4539
    7.5000  -15.0000  -30.0000 2180.2283   16.8251
   -7.5000   -7.5000  -30.0000 2338.6050   14.9610
    0.0000   -7.5000  -30.0000 2323.6248   15.0903
    7.5000   -7.5000  -30.0000 2284.3870   15.3607
   -7.5000    0.0000  -30.0000 2427.4521   13.8654
    0.0000    0.0000  -30.0000 2413.0005   13.9838
    7.5000    0.0000  -30.0000 2373.2708   14.2584
   -7.5000    7.5000  -30.0000 2484.1616   13.0505
    0.0000    7.5000  -30.0000 2468.9087   13.1701
    7.5000    7.5000  -30.0000 2428.8745   13.4238
   -7.5000   15.0000  -30.0000 2517.5449   12.5680
    0.0000   15.0000  -30.0000 2498.4248   12.6699
    7.5000   15.0000  -30.0000 2456.1362   12.9146
   -7.5000   22.5000  -30.0000 2527.7253   12.3383
    0.0000   22.5000  -30.0000 2510.7935   12.4094
    7.5000   22.5000  -30.0000 2470.9373   12.6832
   -7.5000   30.0000  -30.0000 2529.8049   12.3930
    0.0000   30.0000  -30.0000 2508.0664   12.4489
    7.5000   30.0000  -30.0000 2470.4197   12.7626
   -7.5000   37.5000  -30.0000 2516.9585   12.7403
    0.0000   37.5000  -30.0000 2489.4639   12.7895
    7.5000   37.5000  -30.0000 2448.7612   13.1003
   -7.5000   45.0000  -30.0000 2477.4531   13.3898
    0.0000   45.0000  -30.0000 2449.9075   13.4240
    7.5000   45.0000  -30.0000 2408.2500   13.7729
   -7.5000   52.5000  -30.0000 2395.6423   14.2285
    0.0000   52.5000  -30.0000 2371.5862   14.2522
    7.5000   52.5000  -30.0000 2327.6353   14.6327
   -7.5000  -37.5000  -22.5000 1918.6129   22.2018
    0.0000  -37.5000  -22.5000 1907.1130   22.4575
    7.5000  -37.5000  -22.5000 1882.0835   23.0120
   -7.5000  -30.0000  -22.5000 2055.7388   19.4844
    0.0000  -30.0000  -22.5000 2041.0100   19.7028
    7.5000  -30.0000  -22.5000 2011.6787   20.1623
   -7.5000  -22.5000  -22.5000 2193.7827   17.3944
    0.0000  -22.5000  -22.5000 2177.6855   17.5647
    7.5000  -22.5000  -22.5000 2140.9409   17.9800
   -7.5000  -15.0000  -22.5000 2318.6013   15.7509
    0.0000  -15.0000  -22.5000 2301.0847   15.8799
    7.5000  -15.0000  -22.5000 2260.2678   16.2706
   -7.5000   -7.5000  -22.5000 2429.2788   14.4071
    0.0000   -7.5000  -22.5000 2413.6653   14.4979
    7.5000   -7.5000  -22.5000 2370.9978   14.8609
   -7.5000    0.0000  -22.5000 2521.1382   13.3328
    0.0000    0.0000  -22.5000 2506.4204   13.4072
    7.5000    0.0000  -22.5000 2465.5032   13.7083
   -7.5000    7.5000  -22.5000 2588.6011   12.4696
    0.0000    7.5000  -22.5000 2572.3162   12.5344
    7.5000    7.5000  -22.5000 2530.2227   12.8155
   -7.5000   15.0000  -22.5000 2638.1978   11.9046
    0.0000   15.0000  -22.5000 2619.5449   11.9932
    7.5000   15.0000  -22.5000 2577.1509   12.2526
   -7.5000   22.5000  -22.5000 2658.5930   11.6606
    0.0000   22.5000  -22.5000 2636.7871   11.7311
    7.5000   22.5000  -22.5000 2600.6895   11.9945
   -7.5000   30.0000  -22.5000 2664.9961   11.6977
    0.0000   30.0000  -22.5000 2642.2388   11.7827
    7.5000   30.0000  -22.5000 2597.6843   12.0439
   -7.5000   37.5000  -22.5000 2649.0642   12.0224
    0.0000   37.5000  -22.5000 2625.0679   12.1076
    7.5000   37.5000  -22.5000 2575.9609   12.3610
   -7.5000   45.0000  -22.5000 2606.3516   12.6421
    0.0000   45.0000  -22.5000 2580.6455   12.6914
    7.5000   45.0000  -22.5000 2532.7021   12.9738
   -7.5000   52.5000  -22.5000 2517.0254   13.4236
    0.0000   52.5000  -22.5000 2490.6223   13.4629
    7.5000   52.5000  -22.5000 2445.5959   13.7976
   -7.5000  -37.5000  -15.0000 1946.0338   21.7597
    0.0000  -37.5000  -15.0000 1934.4515   21.9171
    7.5000  -37.5000  -15.0000 1906.8958   22.4811
   -7.5000  -30.0000  -15.0000 2084.6982   19.0183
    0.0000  -30.0000  -15.0000 2076.2205   19.2027
    7.5000  -30.0000  -15.0000 2041.7183   19.6924
   -7.5000  -22.5000  -15.0000 2227.3149   16.9225
    0.0000  -22.5000  -15.0000 2219.7141   17.0728
    7.5000  -22.5000  -15.0000 2178.9087   17.5469
   -7.5000  -15.0000  -15.0000 2356.4053   15.2452
    0.0000  -15.0000  -15.0000 2343.3933   15.3885
    7.5000  -15.0000  -15.0000 2301.0564   15.8061
   -7.5000   -7.5000  -15.0000 2472.0923   13.8504
    0.0000   -7.5000  -15.0000 2458.1272   13.9891
    7.5000   -7.5000  -15.0000 2415.3389   14.3555
   -7.5000    0.0000  -15.0000 2571.7441   12.7550
    0.0000    0.0000  -15.0000 2557.3818   12.8468
    7.5000    0.0000  -15.0000 2516.5342   13.1793
   -7.5000    7.5000  -15.0000 2647.0376   11.9273
    0.0000    7.5000  -15.0000 2628.5439   11.9881
    7.5000    7.5000  -15.0000 2588.6506   12.2671
   -7.5000   15.0000  -15.0000 2706.1782   11.3145
    0.0000   15.0000  -15.0000 2687.3401   11.4002
    7.5000   15.0000  -15.0000 2642.6296   11.6572
   -7.5000   22.5000  -15.0000 2747.2576   11.0039
    0.0000   22.5000  -15.0000 2728.3948   11.0974
    7.5000   22.5000  -15.0000 2684.8323   11.3283
   -7.5000   30.0000  -15.0000 2761.1982   11.0192
    0.0000   30.0000  -15.0000 2744.0281   11.1099
    7.5000   30.0000  -15.0000 2695.0691   11.3643
   -7.5000   37.5000  -15.0000 2753.5745   11.3530
    0.0000   37.5000  -15.0000 2733.7292   11.4168
    7.5000   37.5000  -15.0000 2681.1050   11.6855
   -7.5000   45.0000  -15.0000 2712.0505   11.9568
    0.0000   45.0000  -15.0000 2686.1511   11.9994
    7.5000   45.0000  -15.0000 2635.8955   12.2844
   -7.5000   52.5000  -15.0000 2611.7668   12.6789
    0.0000   52.5000  -15.0000 2583.3914   12.7193
    7.5000   52.5000  -15.0000 2542.4336   13.0631
   -7.5000  -37.5000   -7.5000 1971.1334   21.3806
    0.0000  -37.5000   -7.5000 1958.7875   21.5406
    7.5000  -37.5000   -7.5000 1922.9312   22.1079
   -7.5000  -30.0000   -7.5000 2113.7000   18.6717
    0.0000  -30.0000   -7.5000 2105.1824   18.8561
    7.5000  -30.0000   -7.5000 2065.9160   19.3170
   -7.5000  -22.5000   -7.5000 2250.3477   16.5207
    0.0000  -22.5000   -7.5000 2243.9453   16.7078
    7.5000  -22.5000   -7.5000 2201.8711   17.1067
   -7.5000  -15.0000   -7.5000 2374.2617   14.7846
    0.0000  -15.0000   -7.5000 2365.4487   14.9556
    7.5000  -15.0000   -7.5000 2325.4536   15.3238
   -7.5000   -7.5000   -7.5000 2491.9573   13.3752
    0.0000   -7.5000   -7.5000 2483.1348   13.5232
    7.5000   -7.5000   -7.5000 2445.2048   13.8989
   -7.5000    0.0000   -7.5000 2606.2864   12.2563
    0.0000    0.0000   -7.5000 2589.8708   12.3896
    7.5000    0.0000   -7.5000 2550.6587   12.7180
   -7.5000    7.5000   -7.5000 2694.9202   11.3868
    0.0000    7.5000   -7.5000 2674.3433   11.5140
    7.5000    7.5000   -7.5000 2627.3850   11.8016
   -7.5000   15.0000   -7.5000 2760.4441   10.7747
    0.0000   15.0000   -7.5000 2737.1626   10.8874
    7.5000   15.0000   -7.5000 2687.3132   11.1794
   -7.5000   22.5000   -7.5000 2811.1602   10.4094
    0.0000   22.5000   -7.5000 2791.1252   10.5099
    7.5000   22.5000   -7.5000 2739.9668   10.8137
   -7.5000   30.0000   -7.5000 2841.3582   10.3893
    0.0000   30.0000   -7.5000 2821.4268   10.4646
    7.5000   30.0000   -7.5000 2771.9409   10.7897
   -7.5000   37.5000   -7.5000 2840.2617   10.7216
    0.0000   37.5000   -7.5000 2820.0259   10.7784
    7.5000   37.5000   -7.5000 2771.0498   11.0942
   -7.5000   45.0000   -7.5000 2793.4211   11.3004
    0.0000   45.0000   -7.5000 2775.6533   11.3594
    7.5000   45.0000   -7.5000 2724.0369   11.6772
   -7.5000   52.5000   -7.5000 2684.6135   12.0344
    0.0000   52.5000   -7.5000 2668.1819   12.1063
    7.5000   52.5000   -7.5000 2621.0889   12.4587
   -7.5000  -37.5000    0.0000 1973.1562   21.1588
    0.0000  -37.5000    0.0000 1964.3761   21.3999
    7.5000  -37.5000    0.0000 1926.5577   21.9061
   -7.5000  -30.0000    0.0000 2119.7292   18.4366
    0.0000  -30.0000    0.0000 2112.8105   18.6230
    7.5000  -30.0000    0.0000 2074.8030   19.0790
   -7.5000  -22.5000    0.0000 2260.1899   16.2295
    0.0000  -22.5000    0.0000 2250.9084   16.3889
    7.5000  -22.5000    0.0000 2211.3806   16.8214
   -7.5000  -15.0000    0.0000 2382.1455   14.4422
    0.0000  -15.0000    0.0000 2369.1272   14.6005
    7.5000  -15.0000    0.0000 2333.8459   15.0065
   -7.5000   -7.5000    0.0000 2503.8967   13.0201
    0.0000   -7.5000    0.0000 2488.8235   13.1731
    7.5000   -7.5000    0.0000 2449.8533   13.5396
   -7.5000    0.0000    0.0000 2620.3108   11.8831
    0.0000    0.0000    0.0000 2602.7615   12.0357
    7.5000    0.0000    0.0000 2557.1802   12.3582
   -7.5000    7.5000    0.0000 2722.6807   11.0049
    0.0000    7.5000    0.0000 2700.3340   11.1461
    7.5000    7.5000    0.0000 2650.1489   11.4691
   -7.5000   15.0000    0.0000 2797.7341   10.3657
    0.0000   15.0000    0.0000 2776.2966   10.5070
    7.5000   15.0000    0.0000 2720.6680   10.8188
   -7.5000   22.5000    0.0000 2862.5850    9.9799
    0.0000   22.5000    0.0000 2835.1655   10.1200
    7.5000   22.5000    0.0000 2781.0046   10.4482
   -7.5000   30.0000    0.0000 2895.9724    9.8984
    0.0000   30.0000    0.0000 2872.9470   10.0056
    7.5000   30.0000    0.0000 2818.4707   10.3882
   -7.5000   37.5000    0.0000 2893.2612   10.2275
    0.0000   37.5000    0.0000 2879.2449   10.3118
    7.5000   37.5000    0.0000 2823.0681   10.6874
   -7.5000   45.0000    0.0000 2847.4517   10.8076
    0.0000   45.0000    0.0000 2837.5972   10.9095
    7.5000   45.0000    0.0000 2778.5283   11.2640
   -7.5000   52.5000    0.0000 2737.0864   11.5359
    0.0000   52.5000    0.0000 2727.4619   11.6680
    7.5000   52.5000    0.0000 2670.8972   12.0107
   -7.5000  -37.5000    7.5000 1970.0571   21.3530
    0.0000  -37.5000    7.5000 1965.0939   21.5734
    7.5000  -37.5000    7.5000 1927.4055   22.1323
   -7.5000  -30.0000    7.5000 2121.6577   18.4379
    0.0000  -30.0000    7.5000 2114.7979   18.5881
    7.5000  -30.0000    7.5000 2079.7090   19.1270
   -7.5000  -22.5000    7.5000 2257.0803   16.0963
    0.0000  -22.5000    7.5000 2250.2793   16.2230
    7.5000  -22.5000    7.5000 2215.3794   16.7421
   -7.5000  -15.0000    7.5000 2379.8259   14.2637
    0.0000  -15.0000    7.5000 2369.3826   14.3838
    7.5000  -15.0000    7.5000 2333.0698   14.8473
   -7.5000   -7.5000    7.5000 2503.3865   12.8190
    0.0000   -7.5000    7.5000 2492.5264   12.9230
    7.5000   -7.5000    7.5000 2447.1436   13.3701
   -7.5000    0.0000    7.5000 2621.5586   11.6746
    0.0000    0.0000    7.5000 2604.2112   11.7727
    7.5000    0.0000    7.5000 2551.6392   12.1650
   -7.5000    7.5000    7.5000 2727.8857   10.7749
    0.0000    7.5000    7.5000 2705.0657   10.8813
    7.5000    7.5000    7.5000 2655.4641   11.2450
   -7.5000   15.0000    7.5000 2816.1562   10.1708
    0.0000   15.0000    7.5000 2793.2776   10.2838
    7.5000   15.0000    7.5000 2745.8965   10.6193
   -7.5000   22.5000    7.5000 2900.1082    9.7967
    0.0000   22.5000    7.5000 2875.4880    9.9538
    7.5000   22.5000    7.5000 2825.9707   10.3226
   -7.5000   30.0000    7.5000 2937.9868    9.6553
    0.0000   30.0000    7.5000 2920.8481    9.8721
    7.5000   30.0000    7.5000 2866.0664   10.2889
   -7.5000   37.5000    7.5000 2933.5818    9.9585
    0.0000   37.5000    7.5000 2930.0774   10.1336
    7.5000   37.5000    7.5000 2863.1897   10.5192
   -7.5000   45.0000    7.5000 2890.0510   10.5438
    0.0000   45.0000    7.5000 2879.1458   10.6844
    7.5000   45.0000    7.5000 2815.1624   11.0129
   -7.5000   52.5000    7.5000 2777.0825   11.2890
    0.0000   52.5000    7.5000 2761.4402   11.3725
    7.5000   52.5000    7.5000 2704.1755   11.6948
   -7.5000  -37.5000   15.0000 1950.6152   21.8031
    0.0000  -37.5000   15.0000 1938.5582   21.8192
    7.5000  -37.5000   15.0000 1902.8253   22.4834
   -7.5000  -30.0000   15.0000 2108.2483   18.7909
    0.0000  -30.0000   15.0000 2093.2312   18.7792
    7.5000  -30.0000   15.0000 2058.2107   19.3441
   -7.5000  -22.5000   15.0000 2241.7639   16.3269
    0.0000  -22.5000   15.0000 2231.3804   16.3669
    7.5000  -22.5000   15.0000 2194.5813   16.8928
   -7.5000  -15.0000   15.0000 2362.6621   14.4008
    0.0000  -15.0000   15.0000 2352.0869   14.4601
    7.5000  -15.0000   15.0000 2312.9832   14.9727
   -7.5000   -7.5000   15.0000 2487.1824   12.8737
    0.0000   -7.5000   15.0000 2472.6418   12.9190
    7.5000   -7.5000   15.0000 2429.8843   13.4290
   -7.5000    0.0000   15.0000 2604.6111   11.6829
    0.0000    0.0000   15.0000 2585.8193   11.7300
    7.5000    0.0000   15.0000 2546.0784   12.2176
   -7.5000    7.5000   15.0000 2713.7915   10.7877
    0.0000    7.5000   15.0000 2693.3408   10.8430
    7.5000    7.5000   15.0000 2663.3633   11.3103
   -7.5000   15.0000   15.0000 2828.5649   10.2578
    0.0000   15.0000   15.0000 2805.5984   10.3066
    7.5000   15.0000   15.0000 2770.0750   10.7218
   -7.5000   22.5000   15.0000 2945.3193   10.0359
    0.0000   22.5000   15.0000 2913.3291   10.0930
    7.5000   22.5000   15.0000 2852.8633   10.4064
   -7.5000   30.0000   15.0000 2997.5178    9.9899
    0.0000   30.0000   15.0000 2965.2351   10.0799
    7.5000   30.0000   15.0000 2890.4612   10.3532
   -7.5000   37.5000   15.0000 2976.8362   10.1390
    0.0000   37.5000   15.0000 2954.9565   10.2264
    7.5000   37.5000   15.0000 2878.6091   10.5466
   -7.5000   45.0000   15.0000 2903.6431   10.5588
    0.0000   45.0000   15.0000 2889.5085   10.6426
    7.5000   45.0000   15.0000 2828.5173   10.9448
   -7.5000   52.5000   15.0000 2773.5024   11.2147
    0.0000   52.5000   15.0000 2770.3574   11.2979
    7.5000   52.5000   15.0000 2717.7842   11.6122
   -7.5000  -37.5000   22.5000 1917.2631   22.5756
    0.0000  -37.5000   22.5000 1902.2488   22.6058
    7.5000  -37.5000   22.5000 1863.3580   23.3004
   -7.5000  -30.0000   22.5000 2078.8757   19.2727
    0.0000  -30.0000   22.5000 2063.0681   19.2943
    7.5000  -30.0000   22.5000 2029.9042   19.9131
   -7.5000  -22.5000   22.5000 2214.9905   16.6598
    0.0000  -22.5000   22.5000 2201.1479   16.6462
    7.5000  -22.5000   22.5000 2172.5967   17.2763
   -7.5000  -15.0000   22.5000 2341.4111   14.6965
    0.0000  -15.0000   22.5000 2323.8494   14.6786
    7.5000  -15.0000   22.5000 2297.1003   15.3003
   -7.5000   -7.5000   22.5000 2470.5417   13.2001
    0.0000   -7.5000   22.5000 2443.7283   13.1915
    7.5000   -7.5000   22.5000 2420.6118   13.7738
   -7.5000    0.0000   22.5000 2600.8547   12.0556
    0.0000    0.0000   22.5000 2573.3167   12.0654
    7.5000    0.0000   22.5000 2542.3491   12.5696
   -7.5000    7.5000   22.5000 2720.8567   11.1956
    0.0000    7.5000   22.5000 2695.0212   11.2591
    7.5000    7.5000   22.5000 2662.3967   11.6663
   -7.5000   15.0000   22.5000 2835.7925   10.6791
    0.0000   15.0000   22.5000 2810.7588   10.7162
    7.5000   15.0000   22.5000 2761.4824   11.0338
   -7.5000   22.5000   22.5000 2936.6968   10.3682
    0.0000   22.5000   22.5000 2908.2632   10.4466
    7.5000   22.5000   22.5000 2842.8540   10.7051
   -7.5000   30.0000   22.5000 2979.3735   10.3391
    0.0000   30.0000   22.5000 2948.4590   10.3800
    7.5000   30.0000   22.5000 2881.7031   10.6406
   -7.5000   37.5000   22.5000 2961.1238   10.5529
    0.0000   37.5000   22.5000 2940.2700   10.5642
    7.5000   37.5000   22.5000 2865.2065   10.8158
   -7.5000   45.0000   22.5000 2882.8284   10.9580
    0.0000   45.0000   22.5000 2867.9929   10.9796
    7.5000   45.0000   22.5000 2809.4646   11.2181
   -7.5000   52.5000   22.5000 2752.4561   11.4933
    0.0000   52.5000   22.5000 2747.3167   11.5373
    7.5000   52.5000   22.5000 2698.4751   11.8224
   -7.5000  -37.5000   30.0000 1859.9868   23.5677
    0.0000  -37.5000   30.0000 1835.4215   23.5334
    7.5000  -37.5000   30.0000 1812.8456   24.4374
   -7.5000  -30.0000   30.0000 2032.2404   20.0053
    0.0000  -30.0000   30.0000 2009.8812   19.9792
    7.5000  -30.0000   30.0000 1985.0476   20.7527
   -7.5000  -22.5000   30.0000 2184.3530   17.3308
    0.0000  -22.5000   30.0000 2166.4788   17.3410
    7.5000  -22.5000   30.0000 2138.6565   18.0107
   -7.5000  -15.0000   30.0000 2321.0696   15.3572
    0.0000  -15.0000   30.0000 2304.6838   15.4487
    7.5000  -15.0000   30.0000 2268.8960   15.9884
   -7.5000   -7.5000   30.0000 2456.6257   13.8136
    0.0000   -7.5000   30.0000 2438.8008   13.9166
    7.5000   -7.5000   30.0000 2398.8196   14.4005
   -7.5000    0.0000   30.0000 2584.8508   12.6089
    0.0000    0.0000   30.0000 2566.5227   12.7092
    7.5000    0.0000   30.0000 2524.2219   13.1419
   -7.5000    7.5000   30.0000 2699.8154   11.7205
    0.0000    7.5000   30.0000 2682.1616   11.8240
    7.5000    7.5000   30.0000 2638.7798   12.1923
   -7.5000   15.0000   30.0000 2804.4050   11.1349
    0.0000   15.0000   30.0000 2790.8953   11.2543
    7.5000   15.0000   30.0000 2737.6763   11.5616
   -7.5000   22.5000   30.0000 2888.0391   10.7798
    0.0000   22.5000   30.0000 2868.2749   10.8987
    7.5000   22.5000   30.0000 2807.6282   11.2492
   -7.5000   30.0000   30.0000 2917.7117   10.7633
    0.0000   30.0000   30.0000 2899.4036   10.8818
    7.5000   30.0000   30.0000 2838.7988   11.1314
   -7.5000   37.5000   30.0000 2895.5684   10.9877
    0.0000   37.5000   30.0000 2883.7114   11.0790
    7.5000   37.5000   30.0000 2819.6311   11.3238
   -7.5000   45.0000   30.0000 2826.1128   11.4188
    0.0000   45.0000   30.0000 2821.1812   11.5010
    7.5000   45.0000   30.0000 2762.1716   11.7292
   -7.5000   52.5000   30.0000 2705.6309   11.9732
    0.0000   52.5000   30.0000 2702.4824   12.0282
    7.5000   52.5000   30.0000 2654.2656   12.2853
   -7.5000  -37.5000   37.5000 1809.2610   25.0898
    0.0000  -37.5000   37.5000 1795.9882   25.3043
    7.5000  -37.5000   37.5000 1763.4183   26.2053
   -7.5000  -30.0000   37.5000 1984.2584   21.2116
    0.0000  -30.0000   37.5000 1977.8865   21.3505
    7.5000  -30.0000   37.5000 1941.7598   22.1277
   -7.5000  -22.5000   37.5000 2143.9475   18.3615
    0.0000  -22.5000   37.5000 2138.0073   18.4698
    7.5000  -22.5000   37.5000 2098.4299   19.1269
   -7.5000  -15.0000   37.5000 2289.5681   16.2162
    0.0000  -15.0000   37.5000 2277.1528   16.2841
    7.5000  -15.0000   37.5000 2235.1436   16.9086
   -7.5000   -7.5000   37.5000 2428.0730   14.5505
    0.0000   -7.5000   37.5000 2409.1555   14.5909
    7.5000   -7.5000   37.5000 2367.2542   15.1711
   -7.5000    0.0000   37.5000 2550.5847   13.2739
    0.0000    0.0000   37.5000 2532.7102   13.3308
    7.5000    0.0000   37.5000 2494.7383   13.8687
   -7.5000    7.5000   37.5000 2663.0828   12.3490
    0.0000    7.5000   37.5000 2649.0483   12.4615
    7.5000    7.5000   37.5000 2608.3423   12.9041
   -7.5000   15.0000   37.5000 2754.4692   11.7172
    0.0000   15.0000   37.5000 2739.5713   11.7955
    7.5000   15.0000   37.5000 2695.4185   12.2593
   -7.5000   22.5000   37.5000 2822.3335   11.4003
    0.0000   22.5000   37.5000 2804.0752   11.5068
    7.5000   22.5000   37.5000 2753.9712   11.9083
   -7.5000   30.0000   37.5000 2841.9407   11.3948
    0.0000   30.0000   37.5000 2829.0713   11.5031
    7.5000   30.0000   37.5000 2781.0510   11.8128
   -7.5000   37.5000   37.5000 2818.0991   11.6036
    0.0000   37.5000   37.5000 2806.1230   11.6939
    7.5000   37.5000   37.5000 2754.7192   11.9580
   -7.5000   45.0000   37.5000 2754.4399   12.0193
    0.0000   45.0000   37.5000 2746.0469   12.1247
    7.5000   45.0000   37.5000 2698.7639   12.3668
   -7.5000   52.5000   37.5000 2640.7888   12.5456
    0.0000   52.5000   37.5000 2638.6631   12.6271
    7.5000   52.5000   37.5000 2594.9023   12.8906
   -7.5000  -37.5000   45.0000 1750.7001   26.8265
    0.0000  -37.5000   45.0000 1735.8279   26.9706
    7.5000  -37.5000   45.0000 1701.2437   27.9475
   -7.5000  -30.0000   45.0000 1926.4025   22.5909
    0.0000  -30.0000   45.0000 1919.1766   22.6422
    7.5000  -30.0000   45.0000 1883.1478   23.4734
   -7.5000  -22.5000   45.0000 2092.1196   19.4860
    0.0000  -22.5000   45.0000 2083.9348   19.5068
    7.5000  -22.5000   45.0000 2046.3573   20.2429
   -7.5000  -15.0000   45.0000 2238.4651   17.1647
    0.0000  -15.0000   45.0000 2227.7070   17.1775
    7.5000  -15.0000   45.0000 2187.0010   17.8660
   -7.5000   -7.5000   45.0000 2375.9150   15.4240
    0.0000   -7.5000   45.0000 2362.0957   15.4425
    7.5000   -7.5000   45.0000 2321.7200   16.0617
   -7.5000    0.0000   45.0000 2496.6362   14.0922
    0.0000    0.0000   45.0000 2483.0273   14.1442
    7.5000    0.0000   45.0000 2445.1484   14.7077
   -7.5000    7.5000   45.0000 2605.8110   13.1313
    0.0000    7.5000   45.0000 2593.9568   13.2132
    7.5000    7.5000   45.0000 2555.2622   13.7171
   -7.5000   15.0000   45.0000 2688.5186   12.4990
    0.0000   15.0000   45.0000 2678.6929   12.5733
    7.5000   15.0000   45.0000 2635.1506   13.0539
   -7.5000   22.5000   45.0000 2744.7583   12.1867
    0.0000   22.5000   45.0000 2731.5830   12.2803
    7.5000   22.5000   45.0000 2687.7720   12.6857
   -7.5000   30.0000   45.0000 2759.1001   12.1564
    0.0000   30.0000   45.0000 2747.1077   12.2423
    7.5000   30.0000   45.0000 2703.9434   12.5973
   -7.5000   37.5000   45.0000 2733.6714   12.3522
    0.0000   37.5000   45.0000 2723.1826   12.4151
    7.5000   37.5000   45.0000 2677.4619   12.7169
   -7.5000   45.0000   45.0000 2673.3459   12.7619
    0.0000   45.0000   45.0000 2665.0632   12.8299
    7.5000   45.0000   45.0000 2623.7908   13.0945
   -7.5000   52.5000   45.0000 2564.0876   13.2694
    0.0000   52.5000   45.0000 2561.3594   13.3280
    7.5000   52.5000   45.0000 2523.6514   13.5868

---------------------------------------------------------------------
imgreg_4dfp /opt/freesurfer/average/711-2C_as_mni_average_305 /opt/freesurfer/average/711-2B_as_mni_average_305_mask talsrcimg_g11 none talsrcimg_to_711-2C_as_mni_average_305_t4 1283
---------------------------------------------------------------------

freesurfer imgreg_4dfp.c
/opt/freesurfer/average/711-2C_as_mni_average_305.4dfp.img
       256       256       256         1
  1.000000  1.000000  1.000000
orientation T byte_order littleendian
Reading image: /opt/freesurfer/average/711-2C_as_mni_average_305.4dfp.img
dimensions:      256       256       256
mmppix:       1.0000   -1.0000   -1.0000
center:     128.0000 -129.0000 -129.0000
/opt/freesurfer/average/711-2B_as_mni_average_305_mask.4dfp.img
       256       256       256         1
  1.000000  1.000000  1.000000
orientation T byte_order littleendian
Reading mask: /opt/freesurfer/average/711-2B_as_mni_average_305_mask.4dfp.img (2306576 pixels)
talsrcimg_g11.4dfp.img
       256       256       256         1
  1.000000  1.000000  1.000000
orientation T byte_order littleendian
Reading image: talsrcimg_g11.4dfp.img
dimensions:      256       256       256
mmppix:       1.0000   -1.0000   -1.0000
center:     128.0000 -129.0000 -129.0000
rotation matrix determinant  1.000000
fimgreg.f
image alignment mode   1283 decimal      503 hex
parameters
   -7.5000   30.0000   15.0000    0.0000    0.0000    0.0000
eta,q 0.94382  9.95122
niter,ni,del,rscale     5    3   12.0000    1.2000
parameter  4  0.895641 ->  0.500000 qaram    1.1500
parameter  6 -2.936676 -> -0.500000 qaram    1.1500
parameters
   -6.2485   30.8060   17.3920   -3.4500   -0.7993    3.4500
eta,q 0.95035 10.03059
  0.0737  0.0701  0.0762  0.0546  0.0583  0.0636
  0.0653  0.0633  0.0691  0.0544  0.0561  0.0607
  0.0599  0.0597  0.0627  0.0552  0.0548  0.0574
  0.0588  0.0586  0.0584  0.0572  0.0545  0.0544
  0.0582  0.0591  0.0573  0.0599  0.0557  0.0515
  0.0595  0.0616  0.0583  0.0631  0.0577  0.0491
  0.0642  0.0642  0.0608  0.0667  0.0611  0.0479
niter,ni,del,rscale     6    3   12.0000    1.2000
parameter  6 -0.576307 -> -0.500000 qaram    1.3225
parameters
   -5.5423   31.9185   17.0044   -5.8626   -1.9532    7.4175
eta,q 0.95433  9.97342
  0.0681  0.0651  0.0594  0.0518  0.0518  0.0588
  0.0583  0.0576  0.0530  0.0490  0.0494  0.0549
  0.0516  0.0525  0.0494  0.0479  0.0482  0.0512
  0.0496  0.0498  0.0493  0.0491  0.0479  0.0479
  0.0508  0.0495  0.0518  0.0524  0.0496  0.0459
  0.0541  0.0521  0.0555  0.0561  0.0524  0.0458
  0.0605  0.0568  0.0612  0.0601  0.0566  0.0476
niter,ni,del,rscale     6    3   12.0000    1.2000
parameters
   -5.1121   32.3587   16.4459   -5.7534   -2.5516    7.2710
eta,q 0.95447  9.96055
  0.0644  0.0638  0.0558  0.0549  0.0505  0.0536
  0.0544  0.0522  0.0489  0.0500  0.0474  0.0499
  0.0480  0.0465  0.0456  0.0467  0.0460  0.0467
  0.0457  0.0455  0.0458  0.0455  0.0455  0.0455
  0.0465  0.0477  0.0482  0.0463  0.0462  0.0469
  0.0509  0.0521  0.0529  0.0497  0.0490  0.0500
  0.0598  0.0567  0.0592  0.0543  0.0534  0.0544
niter,ni,del,rscale     5    3   12.0000    1.2000
parameters
   -4.9268   32.4329   16.4302   -5.7087   -2.6025    7.2752
eta,q 0.95444  9.95911
  0.0628  0.0605  0.0582  0.0549  0.0516  0.0538
  0.0529  0.0502  0.0505  0.0499  0.0482  0.0501
  0.0472  0.0458  0.0463  0.0468  0.0463  0.0469
  0.0455  0.0455  0.0456  0.0456  0.0456  0.0456
  0.0468  0.0481  0.0472  0.0464  0.0458  0.0467
  0.0517  0.0526  0.0515  0.0499  0.0481  0.0498
  0.0606  0.0571  0.0574  0.0546  0.0522  0.0541
niter,ni,del,rscale     4    3   12.0000    1.2000
parameters
   -4.9056   32.4279   16.4315   -5.6949   -2.6090    7.2804
eta,q 0.95444  9.95875
  0.0619  0.0599  0.0583  0.0548  0.0517  0.0538
  0.0522  0.0499  0.0505  0.0498  0.0482  0.0501
  0.0470  0.0457  0.0463  0.0467  0.0463  0.0469
  0.0456  0.0456  0.0456  0.0456  0.0456  0.0456
  0.0471  0.0482  0.0472  0.0464  0.0458  0.0467
  0.0523  0.0528  0.0514  0.0500  0.0480  0.0498
  0.0615  0.0572  0.0574  0.0547  0.0521  0.0541
registration optimization eta report
parameter search radius
    6.0000    6.0000    6.0000    6.9000    6.0000    7.9350
100000*second partial in parameter space
       45.       36.       34.       19.       18.       13.
  0.0619  0.0599  0.0583  0.0548  0.0517  0.0538
  0.0522  0.0499  0.0505  0.0498  0.0482  0.0501
  0.0470  0.0457  0.0463  0.0467  0.0463  0.0469
  0.0456  0.0456  0.0456  0.0456  0.0456  0.0456
  0.0471  0.0482  0.0472  0.0464  0.0458  0.0467
  0.0523  0.0528  0.0514  0.0500  0.0480  0.0498
  0.0615  0.0572  0.0574  0.0547  0.0521  0.0541
   -4.9056   32.4279   16.4315   -5.6949   -2.6090    7.2804
eta,q 0.95444  9.95875

---------------------------------------------------------------------
imgreg_4dfp /opt/freesurfer/average/711-2C_as_mni_average_305 /opt/freesurfer/average/711-2B_as_mni_average_305_mask talsrcimg_g11 none talsrcimg_to_711-2C_as_mni_average_305_t4 3335
---------------------------------------------------------------------

freesurfer imgreg_4dfp.c
/opt/freesurfer/average/711-2C_as_mni_average_305.4dfp.img
       256       256       256         1
  1.000000  1.000000  1.000000
orientation T byte_order littleendian
Reading image: /opt/freesurfer/average/711-2C_as_mni_average_305.4dfp.img
dimensions:      256       256       256
mmppix:       1.0000   -1.0000   -1.0000
center:     128.0000 -129.0000 -129.0000
/opt/freesurfer/average/711-2B_as_mni_average_305_mask.4dfp.img
       256       256       256         1
  1.000000  1.000000  1.000000
orientation T byte_order littleendian
Reading mask: /opt/freesurfer/average/711-2B_as_mni_average_305_mask.4dfp.img (2306576 pixels)
talsrcimg_g11.4dfp.img
       256       256       256         1
  1.000000  1.000000  1.000000
orientation T byte_order littleendian
Reading image: talsrcimg_g11.4dfp.img
dimensions:      256       256       256
mmppix:       1.0000   -1.0000   -1.0000
center:     128.0000 -129.0000 -129.0000
fimgreg.f
image alignment mode   3335 decimal      D07 hex
parameters
   -4.9056   32.4279   16.4315   -0.9090   -1.3530   -0.5967
  -13.0580    3.2354   12.6594   10.4171   -4.5519   -9.9128
eta,q 0.95721 10.02318
niter,ni,del,rscale     5    3    5.0000    1.2000
parameter  4  1.124899 ->  0.500000 qaram    1.1500
parameter  5  1.824534 ->  0.500000 qaram    1.1500
parameters
   -5.1272   33.0932   16.5527   -5.0490   -5.4930   -2.5642
  -10.5940    3.4012   12.5581   10.7312   -2.3670   -9.1312
eta,q 0.96697  9.78602
  0.0456  0.0463  0.0455  0.0375  0.0311  0.0359  0.0384  0.0398  0.0354  0.0368  0.0360  0.0347
  0.0440  0.0447  0.0440  0.0372  0.0325  0.0348  0.0363  0.0363  0.0342  0.0349  0.0346  0.0339
  0.0430  0.0435  0.0430  0.0390  0.0347  0.0338  0.0347  0.0341  0.0335  0.0338  0.0337  0.0333
  0.0428  0.0428  0.0426  0.0426  0.0375  0.0331  0.0336  0.0332  0.0332  0.0332  0.0332  0.0331
  0.0434  0.0426  0.0428  0.0473  0.0411  0.0344  0.0332  0.0338  0.0335  0.0333  0.0331  0.0331
  0.0448  0.0430  0.0437  0.0524  0.0451  0.0392  0.0336  0.0359  0.0343  0.0344  0.0333  0.0335
  0.0470  0.0438  0.0450  0.0570  0.0491  0.0459  0.0346  0.0393  0.0355  0.0364  0.0339  0.0342
niter,ni,del,rscale     6    3    5.0000    1.2000
parameter  3  0.802433 ->  0.500000 qaram    1.1500
parameter  5  0.705517 ->  0.500000 qaram    1.3225
parameters
   -4.9295   32.7493   15.1727   -6.9140  -10.2540   -3.5966
  -11.0751    3.1039   13.6824   11.4930   -2.6363   -7.9910
eta,q 0.96957  9.52513
  0.0377  0.0346  0.0321  0.0359  0.0305  0.0329  0.0327  0.0350  0.0328  0.0336  0.0316  0.0322
  0.0353  0.0335  0.0319  0.0343  0.0301  0.0321  0.0315  0.0323  0.0318  0.0323  0.0309  0.0314
  0.0337  0.0330  0.0322  0.0326  0.0307  0.0312  0.0308  0.0309  0.0310  0.0312  0.0305  0.0308
  0.0330  0.0330  0.0329  0.0320  0.0322  0.0302  0.0306  0.0306  0.0306  0.0306  0.0305  0.0305
  0.0333  0.0335  0.0340  0.0339  0.0346  0.0301  0.0311  0.0312  0.0306  0.0305  0.0306  0.0305
  0.0345  0.0344  0.0353  0.0380  0.0381  0.0324  0.0320  0.0328  0.0310  0.0313  0.0311  0.0308
  0.0363  0.0358  0.0369  0.0433  0.0423  0.0376  0.0333  0.0358  0.0318  0.0328  0.0317  0.0314
niter,ni,del,rscale     7    3    5.0000    1.2000
parameters
   -4.9204   33.3642   13.9506   -7.0393  -12.8920   -5.1813
  -11.5601    3.1753   14.2812   13.6368   -2.8380   -7.4988
eta,q 0.96998  9.35107
  0.0335  0.0340  0.0306  0.0344  0.0318  0.0318  0.0321  0.0347  0.0320  0.0334  0.0312  0.0313
  0.0318  0.0323  0.0300  0.0330  0.0307  0.0313  0.0310  0.0321  0.0312  0.0322  0.0305  0.0307
  0.0308  0.0311  0.0299  0.0315  0.0299  0.0307  0.0305  0.0308  0.0306  0.0311  0.0301  0.0302
  0.0304  0.0304  0.0303  0.0299  0.0299  0.0298  0.0304  0.0304  0.0304  0.0304  0.0300  0.0300
  0.0308  0.0303  0.0311  0.0298  0.0312  0.0301  0.0307  0.0307  0.0304  0.0300  0.0302  0.0301
  0.0318  0.0307  0.0321  0.0321  0.0336  0.0328  0.0315  0.0321  0.0308  0.0303  0.0306  0.0305
  0.0335  0.0315  0.0335  0.0361  0.0372  0.0379  0.0325  0.0345  0.0316  0.0313  0.0313  0.0310
niter,ni,del,rscale     6    3    5.0000    1.2000
parameters
   -4.9347   34.1814   13.1558   -6.9371  -14.6521   -6.8313
  -11.6555    3.0149   14.1374   15.8745   -2.6577   -6.8486
eta,q 0.97029  9.22701
  0.0327  0.0333  0.0305  0.0338  0.0317  0.0312  0.0318  0.0338  0.0314  0.0328  0.0309  0.0309
  0.0312  0.0318  0.0299  0.0325  0.0307  0.0307  0.0308  0.0315  0.0307  0.0317  0.0302  0.0303
  0.0303  0.0307  0.0297  0.0311  0.0298  0.0303  0.0302  0.0304  0.0302  0.0308  0.0298  0.0299
  0.0300  0.0300  0.0298  0.0297  0.0296  0.0296  0.0301  0.0301  0.0301  0.0301  0.0297  0.0297
  0.0303  0.0298  0.0303  0.0294  0.0303  0.0298  0.0303  0.0305  0.0302  0.0297  0.0299  0.0298
  0.0313  0.0300  0.0311  0.0313  0.0320  0.0320  0.0309  0.0318  0.0307  0.0300  0.0302  0.0301
  0.0328  0.0306  0.0320  0.0349  0.0348  0.0369  0.0319  0.0341  0.0315  0.0309  0.0307  0.0306
niter,ni,del,rscale     5    3    5.0000    1.2000
parameters
   -5.0004   34.8482   12.3970   -6.8705  -15.9093   -8.5772
  -11.5478    2.7135   13.9479   17.1574   -2.5016   -5.7424
eta,q 0.97039  9.12922
  0.0321  0.0326  0.0302  0.0334  0.0317  0.0307  0.0316  0.0331  0.0311  0.0321  0.0306  0.0308
  0.0307  0.0312  0.0296  0.0322  0.0306  0.0303  0.0306  0.0310  0.0304  0.0312  0.0300  0.0303
  0.0299  0.0303  0.0295  0.0309  0.0297  0.0299  0.0300  0.0300  0.0299  0.0304  0.0297  0.0299
  0.0297  0.0297  0.0296  0.0295  0.0294  0.0294  0.0298  0.0298  0.0298  0.0298  0.0296  0.0296
  0.0301  0.0296  0.0300  0.0292  0.0299  0.0296  0.0300  0.0302  0.0300  0.0297  0.0297  0.0296
  0.0310  0.0299  0.0306  0.0310  0.0314  0.0315  0.0306  0.0315  0.0304  0.0301  0.0300  0.0299
  0.0324  0.0305  0.0315  0.0345  0.0338  0.0359  0.0314  0.0337  0.0312  0.0311  0.0304  0.0303
niter,ni,del,rscale     4    3    5.0000    1.2000
parameters
   -5.1181   35.2294   11.6412   -6.7547  -16.6003  -10.3556
  -11.3178    2.3779   13.8512   17.8020   -2.4721   -4.6963
eta,q 0.97040  9.06058
  0.0318  0.0319  0.0301  0.0332  0.0319  0.0305  0.0315  0.0328  0.0310  0.0317  0.0304  0.0306
  0.0305  0.0307  0.0296  0.0320  0.0308  0.0301  0.0305  0.0308  0.0303  0.0308  0.0299  0.0302
  0.0298  0.0300  0.0295  0.0308  0.0298  0.0298  0.0299  0.0299  0.0298  0.0301  0.0297  0.0298
  0.0296  0.0296  0.0296  0.0295  0.0294  0.0295  0.0297  0.0297  0.0297  0.0297  0.0296  0.0296
  0.0300  0.0297  0.0299  0.0292  0.0298  0.0295  0.0299  0.0301  0.0298  0.0297  0.0297  0.0296
  0.0308  0.0301  0.0305  0.0309  0.0310  0.0312  0.0304  0.0313  0.0303  0.0302  0.0299  0.0298
  0.0322  0.0307  0.0312  0.0342  0.0332  0.0350  0.0313  0.0334  0.0311  0.0312  0.0303  0.0302
niter,ni,del,rscale     3    3    5.0000    1.2000
parameters
   -5.2557   35.4812   10.9853   -6.5991  -16.8417  -11.9889
  -11.0480    2.0567   13.7644   18.1464   -2.3799   -3.9016
eta,q 0.97044  9.01583
  0.0316  0.0316  0.0301  0.0331  0.0322  0.0304  0.0315  0.0326  0.0309  0.0314  0.0303  0.0305
  0.0304  0.0305  0.0297  0.0320  0.0310  0.0300  0.0305  0.0307  0.0302  0.0306  0.0298  0.0301
  0.0297  0.0299  0.0295  0.0308  0.0299  0.0297  0.0298  0.0298  0.0298  0.0299  0.0296  0.0297
  0.0296  0.0296  0.0296  0.0295  0.0295  0.0295  0.0296  0.0296  0.0296  0.0296  0.0296  0.0296
  0.0300  0.0297  0.0298  0.0292  0.0298  0.0295  0.0298  0.0300  0.0298  0.0297  0.0297  0.0296
  0.0308  0.0302  0.0303  0.0308  0.0308  0.0307  0.0303  0.0312  0.0302  0.0302  0.0299  0.0298
  0.0321  0.0308  0.0310  0.0340  0.0328  0.0338  0.0312  0.0332  0.0310  0.0312  0.0302  0.0302
niter,ni,del,rscale     2    3    5.0000    1.2000
parameters
   -5.3861   35.6524   10.5033   -6.4623  -16.8174  -13.2366
  -10.7974    1.7659   13.6871   18.3395   -2.2662   -3.4745
eta,q 0.97047  8.99066
  0.0315  0.0314  0.0301  0.0329  0.0324  0.0304  0.0314  0.0325  0.0309  0.0313  0.0302  0.0303
  0.0303  0.0304  0.0297  0.0319  0.0311  0.0300  0.0304  0.0307  0.0302  0.0305  0.0298  0.0299
  0.0297  0.0298  0.0295  0.0308  0.0300  0.0297  0.0298  0.0297  0.0297  0.0299  0.0296  0.0297
  0.0296  0.0295  0.0295  0.0295  0.0295  0.0295  0.0295  0.0295  0.0295  0.0295  0.0295  0.0295
  0.0299  0.0297  0.0298  0.0292  0.0297  0.0295  0.0297  0.0299  0.0297  0.0296  0.0296  0.0296
  0.0307  0.0302  0.0302  0.0307  0.0307  0.0302  0.0303  0.0311  0.0302  0.0302  0.0298  0.0298
  0.0319  0.0309  0.0308  0.0338  0.0327  0.0326  0.0312  0.0330  0.0310  0.0312  0.0301  0.0302
niter,ni,del,rscale     1    3    5.0000    1.2000
parameters
   -5.5034   35.7574   10.1622   -6.3667  -16.6870  -14.0434
  -10.6168    1.5292   13.6423   18.4517   -2.1427   -3.3788
eta,q 0.97050  8.97869
  0.0315  0.0313  0.0302  0.0328  0.0325  0.0305  0.0314  0.0325  0.0309  0.0312  0.0302  0.0302
  0.0303  0.0303  0.0298  0.0318  0.0312  0.0300  0.0304  0.0307  0.0302  0.0304  0.0298  0.0299
  0.0296  0.0297  0.0295  0.0307  0.0300  0.0297  0.0297  0.0297  0.0297  0.0298  0.0295  0.0296
  0.0295  0.0295  0.0295  0.0295  0.0295  0.0295  0.0295  0.0295  0.0295  0.0295  0.0295  0.0295
  0.0299  0.0297  0.0297  0.0292  0.0297  0.0295  0.0297  0.0299  0.0297  0.0296  0.0296  0.0296
  0.0306  0.0302  0.0301  0.0307  0.0307  0.0299  0.0303  0.0310  0.0302  0.0302  0.0298  0.0298
  0.0319  0.0310  0.0307  0.0337  0.0326  0.0318  0.0312  0.0329  0.0309  0.0312  0.0301  0.0302
registration optimization eta report
parameter search radius
    2.4000    2.4000    2.7600    8.2800    9.5220    7.2000
    7.2000    7.2000    7.2000    7.2000    7.2000    7.2000
100000*second partial in parameter space
       38.       28.       12.        5.        3.        3.
        3.        6.        3.        3.        1.        1.
  0.0315  0.0313  0.0302  0.0328  0.0325  0.0305  0.0314  0.0325  0.0309  0.0312  0.0302  0.0302
  0.0303  0.0303  0.0298  0.0318  0.0312  0.0300  0.0304  0.0307  0.0302  0.0304  0.0298  0.0299
  0.0296  0.0297  0.0295  0.0307  0.0300  0.0297  0.0297  0.0297  0.0297  0.0298  0.0295  0.0296
  0.0295  0.0295  0.0295  0.0295  0.0295  0.0295  0.0295  0.0295  0.0295  0.0295  0.0295  0.0295
  0.0299  0.0297  0.0297  0.0292  0.0297  0.0295  0.0297  0.0299  0.0297  0.0296  0.0296  0.0296
  0.0306  0.0302  0.0301  0.0307  0.0307  0.0299  0.0303  0.0310  0.0302  0.0302  0.0298  0.0298
  0.0319  0.0310  0.0307  0.0337  0.0326  0.0318  0.0312  0.0329  0.0309  0.0312  0.0301  0.0302
   -5.5034   35.7574   10.1622   -6.3667  -16.6870  -14.0434
  -10.6168    1.5292   13.6423   18.4517   -2.1427   -3.3788
eta,q 0.97050  8.97869

---------------------------------------------------------------------
imgreg_4dfp /opt/freesurfer/average/711-2C_as_mni_average_305 /opt/freesurfer/average/711-2B_as_mni_average_305_mask talsrcimg_g11 none talsrcimg_to_711-2C_as_mni_average_305_t4 2311
---------------------------------------------------------------------

freesurfer imgreg_4dfp.c
/opt/freesurfer/average/711-2C_as_mni_average_305.4dfp.img
       256       256       256         1
  1.000000  1.000000  1.000000
orientation T byte_order littleendian
Reading image: /opt/freesurfer/average/711-2C_as_mni_average_305.4dfp.img
dimensions:      256       256       256
mmppix:       1.0000   -1.0000   -1.0000
center:     128.0000 -129.0000 -129.0000
/opt/freesurfer/average/711-2B_as_mni_average_305_mask.4dfp.img
       256       256       256         1
  1.000000  1.000000  1.000000
orientation T byte_order littleendian
Reading mask: /opt/freesurfer/average/711-2B_as_mni_average_305_mask.4dfp.img (2306576 pixels)
talsrcimg_g11.4dfp.img
       256       256       256         1
  1.000000  1.000000  1.000000
orientation T byte_order littleendian
Reading image: talsrcimg_g11.4dfp.img
dimensions:      256       256       256
mmppix:       1.0000   -1.0000   -1.0000
center:     128.0000 -129.0000 -129.0000
fimgreg.f
image alignment mode   2311 decimal      907 hex
parameters
   -5.5034   35.7574   10.1622   -6.3667  -16.6870  -14.0434
  -10.6168    1.5292   13.6423   18.4517   -2.1427   -3.3788
eta,q 0.97050  8.97869
niter,ni,del,rscale     5    3    5.0000    0.8000
parameters
   -5.6383   35.7744    9.9796   -4.8301  -16.2918  -14.3020
  -10.3701    1.3469   13.2077   18.4719   -1.3272   -4.1584
eta,q 0.97093  9.01197
  0.0303  0.0302  0.0297  0.0315  0.0302  0.0296  0.0303  0.0308  0.0297  0.0300  0.0297  0.0293
  0.0298  0.0298  0.0296  0.0309  0.0296  0.0294  0.0296  0.0298  0.0293  0.0295  0.0294  0.0292
  0.0295  0.0296  0.0295  0.0302  0.0293  0.0292  0.0293  0.0292  0.0291  0.0292  0.0292  0.0291
  0.0295  0.0295  0.0295  0.0295  0.0291  0.0291  0.0291  0.0291  0.0291  0.0291  0.0291  0.0291
  0.0297  0.0296  0.0295  0.0291  0.0291  0.0291  0.0292  0.0294  0.0292  0.0292  0.0291  0.0292
  0.0300  0.0298  0.0297  0.0293  0.0294  0.0294  0.0295  0.0300  0.0295  0.0295  0.0292  0.0293
  0.0306  0.0302  0.0299  0.0302  0.0299  0.0299  0.0300  0.0311  0.0300  0.0300  0.0294  0.0296
niter,ni,del,rscale     4    3    5.0000    0.7000
parameters
   -5.7174   35.7015    9.9939   -4.7460  -15.9357  -14.0848
  -10.3319    1.0825   12.9642   18.4828   -0.9222   -4.6399
eta,q 0.97097  9.02859
  0.0299  0.0296  0.0293  0.0307  0.0299  0.0295  0.0299  0.0303  0.0295  0.0297  0.0294  0.0293
  0.0294  0.0293  0.0292  0.0300  0.0295  0.0293  0.0294  0.0295  0.0293  0.0294  0.0292  0.0291
  0.0291  0.0291  0.0291  0.0294  0.0292  0.0291  0.0291  0.0291  0.0291  0.0291  0.0291  0.0290
  0.0291  0.0291  0.0291  0.0291  0.0291  0.0291  0.0290  0.0290  0.0290  0.0290  0.0290  0.0290
  0.0292  0.0292  0.0291  0.0291  0.0291  0.0291  0.0291  0.0293  0.0291  0.0291  0.0290  0.0291
  0.0296  0.0294  0.0292  0.0297  0.0293  0.0292  0.0294  0.0298  0.0293  0.0293  0.0291  0.0292
  0.0301  0.0297  0.0293  0.0308  0.0297  0.0295  0.0298  0.0306  0.0297  0.0298  0.0293  0.0294
niter,ni,del,rscale     3    3    5.0000    0.6000
parameters
   -5.7751   35.6714   10.0381   -4.6117  -15.8530  -13.8830
  -10.2523    0.9198   12.8000   18.5547   -0.6822   -4.9026
eta,q 0.97100  9.03773
  0.0297  0.0294  0.0292  0.0304  0.0296  0.0293  0.0296  0.0300  0.0294  0.0295  0.0293  0.0292
  0.0293  0.0292  0.0291  0.0298  0.0293  0.0292  0.0293  0.0294  0.0292  0.0293  0.0291  0.0291
  0.0291  0.0291  0.0290  0.0293  0.0291  0.0291  0.0291  0.0291  0.0290  0.0291  0.0290  0.0290
  0.0290  0.0290  0.0290  0.0290  0.0290  0.0290  0.0290  0.0290  0.0290  0.0290  0.0290  0.0290
  0.0291  0.0291  0.0290  0.0291  0.0291  0.0290  0.0291  0.0292  0.0291  0.0290  0.0290  0.0290
  0.0294  0.0292  0.0291  0.0295  0.0292  0.0291  0.0293  0.0295  0.0292  0.0292  0.0291  0.0291
  0.0298  0.0295  0.0292  0.0303  0.0295  0.0293  0.0296  0.0302  0.0295  0.0295  0.0292  0.0293
niter,ni,del,rscale     2    3    5.0000    0.5000
parameters
   -5.8111   35.6586   10.1066   -4.5029  -15.8865  -13.6940
  -10.1882    0.8113   12.7038   18.6282   -0.5390   -5.0971
eta,q 0.97101  9.04318
  0.0295  0.0293  0.0292  0.0300  0.0294  0.0292  0.0294  0.0297  0.0293  0.0294  0.0292  0.0291
  0.0292  0.0291  0.0291  0.0296  0.0292  0.0291  0.0292  0.0293  0.0291  0.0292  0.0291  0.0290
  0.0290  0.0290  0.0290  0.0292  0.0290  0.0290  0.0290  0.0291  0.0290  0.0291  0.0290  0.0290
  0.0290  0.0290  0.0290  0.0290  0.0290  0.0290  0.0290  0.0290  0.0290  0.0290  0.0290  0.0290
  0.0291  0.0290  0.0290  0.0291  0.0290  0.0290  0.0290  0.0291  0.0290  0.0290  0.0290  0.0290
  0.0293  0.0291  0.0290  0.0294  0.0292  0.0291  0.0292  0.0294  0.0291  0.0291  0.0290  0.0291
  0.0296  0.0293  0.0291  0.0300  0.0294  0.0292  0.0294  0.0298  0.0293  0.0294  0.0291  0.0292
niter,ni,del,rscale     1    3    5.0000    0.4000
parameters
   -5.8356   35.6388   10.1697   -4.4162  -15.9078  -13.5813
  -10.1320    0.7388   12.6322   18.6974   -0.4665   -5.2002
eta,q 0.97102  9.04738
  0.0293  0.0292  0.0291  0.0297  0.0292  0.0291  0.0293  0.0294  0.0292  0.0292  0.0291  0.0291
  0.0291  0.0291  0.0290  0.0294  0.0291  0.0291  0.0291  0.0292  0.0291  0.0291  0.0290  0.0290
  0.0290  0.0290  0.0290  0.0291  0.0290  0.0290  0.0290  0.0290  0.0290  0.0290  0.0290  0.0290
  0.0290  0.0290  0.0290  0.0290  0.0290  0.0290  0.0290  0.0290  0.0290  0.0290  0.0290  0.0290
  0.0290  0.0290  0.0290  0.0290  0.0290  0.0290  0.0290  0.0290  0.0290  0.0290  0.0290  0.0290
  0.0292  0.0291  0.0290  0.0293  0.0291  0.0290  0.0291  0.0292  0.0291  0.0291  0.0290  0.0290
  0.0293  0.0292  0.0291  0.0296  0.0292  0.0291  0.0292  0.0295  0.0292  0.0292  0.0291  0.0291
registration optimization eta report
parameter search radius
    0.8000    0.8000    0.8000    2.4000    2.4000    2.4000
    2.4000    2.4000    2.4000    2.4000    2.4000    2.4000
100000*second partial in parameter space
       53.       31.       13.       12.        4.        3.
        5.        9.        3.        4.        2.        2.
  0.0293  0.0292  0.0291  0.0297  0.0292  0.0291  0.0293  0.0294  0.0292  0.0292  0.0291  0.0291
  0.0291  0.0291  0.0290  0.0294  0.0291  0.0291  0.0291  0.0292  0.0291  0.0291  0.0290  0.0290
  0.0290  0.0290  0.0290  0.0291  0.0290  0.0290  0.0290  0.0290  0.0290  0.0290  0.0290  0.0290
  0.0290  0.0290  0.0290  0.0290  0.0290  0.0290  0.0290  0.0290  0.0290  0.0290  0.0290  0.0290
  0.0290  0.0290  0.0290  0.0290  0.0290  0.0290  0.0290  0.0290  0.0290  0.0290  0.0290  0.0290
  0.0292  0.0291  0.0290  0.0293  0.0291  0.0290  0.0291  0.0292  0.0291  0.0291  0.0290  0.0290
  0.0293  0.0292  0.0291  0.0296  0.0292  0.0291  0.0292  0.0295  0.0292  0.0292  0.0291  0.0291
   -5.8356   35.6388   10.1697   -4.4162  -15.9078  -13.5813
  -10.1320    0.7388   12.6322   18.6974   -0.4665   -5.2002
eta,q 0.97102  9.04738

---------------------------------------------------------------------
imgreg_4dfp /opt/freesurfer/average/711-2C_as_mni_average_305 /opt/freesurfer/average/711-2B_as_mni_average_305_mask talsrcimg_g11 none talsrcimg_to_711-2C_as_mni_average_305_t4 2311
---------------------------------------------------------------------

freesurfer imgreg_4dfp.c
/opt/freesurfer/average/711-2C_as_mni_average_305.4dfp.img
       256       256       256         1
  1.000000  1.000000  1.000000
orientation T byte_order littleendian
Reading image: /opt/freesurfer/average/711-2C_as_mni_average_305.4dfp.img
dimensions:      256       256       256
mmppix:       1.0000   -1.0000   -1.0000
center:     128.0000 -129.0000 -129.0000
/opt/freesurfer/average/711-2B_as_mni_average_305_mask.4dfp.img
       256       256       256         1
  1.000000  1.000000  1.000000
orientation T byte_order littleendian
Reading mask: /opt/freesurfer/average/711-2B_as_mni_average_305_mask.4dfp.img (2306576 pixels)
talsrcimg_g11.4dfp.img
       256       256       256         1
  1.000000  1.000000  1.000000
orientation T byte_order littleendian
Reading image: talsrcimg_g11.4dfp.img
dimensions:      256       256       256
mmppix:       1.0000   -1.0000   -1.0000
center:     128.0000 -129.0000 -129.0000
fimgreg.f
image alignment mode   2311 decimal      907 hex
parameters
   -5.8356   35.6388   10.1697   -4.4162  -15.9078  -13.5813
  -10.1320    0.7388   12.6322   18.6974   -0.4665   -5.2002
eta,q 0.97102  9.04738
niter,ni,del,rscale     5    3    5.0000    0.8000
parameters
   -5.8114   35.6561   10.1998   -4.7783  -15.9131  -13.7932
  -10.1903    0.7882   12.7385   18.6679   -0.5730   -4.9967
eta,q 0.97099  9.03824
  0.0304  0.0298  0.0294  0.0308  0.0299  0.0295  0.0300  0.0308  0.0298  0.0299  0.0294  0.0294
  0.0296  0.0293  0.0292  0.0300  0.0294  0.0293  0.0295  0.0298  0.0294  0.0294  0.0292  0.0292
  0.0291  0.0291  0.0290  0.0293  0.0291  0.0291  0.0291  0.0292  0.0291  0.0291  0.0290  0.0291
  0.0290  0.0290  0.0290  0.0290  0.0290  0.0290  0.0290  0.0290  0.0290  0.0290  0.0290  0.0290
  0.0291  0.0291  0.0290  0.0293  0.0291  0.0290  0.0291  0.0292  0.0291  0.0291  0.0291  0.0290
  0.0296  0.0293  0.0291  0.0302  0.0294  0.0292  0.0295  0.0298  0.0293  0.0294  0.0292  0.0292
  0.0303  0.0297  0.0293  0.0317  0.0299  0.0297  0.0301  0.0308  0.0297  0.0300  0.0294  0.0294
niter,ni,del,rscale     4    3    5.0000    0.7000
parameters
   -5.8210   35.6542   10.1176   -4.7072  -15.8920  -13.8479
  -10.1868    0.7830   12.7488   18.6352   -0.5764   -4.9683
eta,q 0.97100  9.03759
  0.0300  0.0296  0.0292  0.0307  0.0297  0.0294  0.0298  0.0304  0.0296  0.0297  0.0293  0.0293
  0.0294  0.0293  0.0291  0.0300  0.0293  0.0292  0.0294  0.0296  0.0293  0.0293  0.0291  0.0291
  0.0291  0.0291  0.0290  0.0294  0.0291  0.0291  0.0291  0.0292  0.0291  0.0291  0.0290  0.0290
  0.0290  0.0290  0.0290  0.0290  0.0290  0.0290  0.0290  0.0290  0.0290  0.0290  0.0290  0.0290
  0.0291  0.0291  0.0290  0.0291  0.0291  0.0290  0.0291  0.0292  0.0291  0.0291  0.0290  0.0290
  0.0295  0.0293  0.0292  0.0297  0.0293  0.0292  0.0294  0.0296  0.0293  0.0293  0.0291  0.0291
  0.0300  0.0296  0.0293  0.0308  0.0297  0.0295  0.0298  0.0304  0.0296  0.0297  0.0293  0.0293
niter,ni,del,rscale     3    3    5.0000    0.6000
parameters
   -5.8373   35.6556   10.0981   -4.5908  -15.8877  -13.8189
  -10.1625    0.7494   12.7254   18.6468   -0.5201   -5.0487
eta,q 0.97101  9.03983
  0.0297  0.0294  0.0292  0.0304  0.0295  0.0293  0.0296  0.0300  0.0294  0.0295  0.0292  0.0292
  0.0293  0.0292  0.0291  0.0298  0.0292  0.0292  0.0293  0.0294  0.0292  0.0292  0.0291  0.0291
  0.0291  0.0290  0.0290  0.0293  0.0291  0.0290  0.0291  0.0291  0.0290  0.0291  0.0290  0.0290
  0.0290  0.0290  0.0290  0.0290  0.0290  0.0290  0.0290  0.0290  0.0290  0.0290  0.0290  0.0290
  0.0291  0.0291  0.0290  0.0291  0.0290  0.0290  0.0291  0.0291  0.0290  0.0290  0.0290  0.0290
  0.0294  0.0292  0.0291  0.0295  0.0292  0.0291  0.0293  0.0295  0.0292  0.0292  0.0291  0.0291
  0.0297  0.0294  0.0292  0.0303  0.0295  0.0293  0.0296  0.0301  0.0294  0.0295  0.0292  0.0292
niter,ni,del,rscale     2    3    5.0000    0.5000
parameters
   -5.8505   35.6517   10.1243   -4.4799  -15.9002  -13.6953
  -10.1308    0.7102   12.6735   18.6843   -0.4482   -5.1279
eta,q 0.97102  9.04377
  0.0295  0.0293  0.0291  0.0300  0.0294  0.0292  0.0294  0.0297  0.0293  0.0294  0.0292  0.0291
  0.0292  0.0291  0.0291  0.0296  0.0291  0.0291  0.0292  0.0293  0.0291  0.0292  0.0291  0.0290
  0.0290  0.0290  0.0290  0.0292  0.0290  0.0290  0.0290  0.0291  0.0290  0.0290  0.0290  0.0290
  0.0290  0.0290  0.0290  0.0290  0.0290  0.0290  0.0290  0.0290  0.0290  0.0290  0.0290  0.0290
  0.0291  0.0290  0.0290  0.0290  0.0290  0.0290  0.0290  0.0291  0.0290  0.0290  0.0290  0.0290
  0.0292  0.0291  0.0290  0.0294  0.0291  0.0291  0.0292  0.0293  0.0291  0.0291  0.0290  0.0291
  0.0295  0.0293  0.0291  0.0300  0.0294  0.0292  0.0294  0.0298  0.0293  0.0294  0.0291  0.0291
niter,ni,del,rscale     1    3    5.0000    0.4000
parameters
   -5.8585   35.6459   10.1678   -4.4076  -15.9389  -13.5878
  -10.1053    0.6703   12.6256   18.7292   -0.4200   -5.2311
eta,q 0.97102  9.04673
  0.0293  0.0292  0.0291  0.0297  0.0292  0.0291  0.0293  0.0295  0.0292  0.0292  0.0291  0.0291
  0.0291  0.0291  0.0290  0.0294  0.0291  0.0291  0.0291  0.0292  0.0291  0.0291  0.0290  0.0290
  0.0290  0.0290  0.0290  0.0291  0.0290  0.0290  0.0290  0.0290  0.0290  0.0290  0.0290  0.0290
  0.0290  0.0290  0.0290  0.0290  0.0290  0.0290  0.0290  0.0290  0.0290  0.0290  0.0290  0.0290
  0.0290  0.0290  0.0290  0.0290  0.0290  0.0290  0.0290  0.0290  0.0290  0.0290  0.0290  0.0290
  0.0291  0.0291  0.0290  0.0292  0.0291  0.0290  0.0291  0.0292  0.0291  0.0291  0.0290  0.0290
  0.0293  0.0292  0.0291  0.0297  0.0292  0.0291  0.0292  0.0295  0.0292  0.0292  0.0291  0.0291
registration optimization eta report
parameter search radius
    0.8000    0.8000    0.8000    2.4000    2.4000    2.4000
    2.4000    2.4000    2.4000    2.4000    2.4000    2.4000
100000*second partial in parameter space
       55.       31.       13.       12.        4.        3.
        5.        9.        3.        4.        2.        2.
  0.0293  0.0292  0.0291  0.0297  0.0292  0.0291  0.0293  0.0295  0.0292  0.0292  0.0291  0.0291
  0.0291  0.0291  0.0290  0.0294  0.0291  0.0291  0.0291  0.0292  0.0291  0.0291  0.0290  0.0290
  0.0290  0.0290  0.0290  0.0291  0.0290  0.0290  0.0290  0.0290  0.0290  0.0290  0.0290  0.0290
  0.0290  0.0290  0.0290  0.0290  0.0290  0.0290  0.0290  0.0290  0.0290  0.0290  0.0290  0.0290
  0.0290  0.0290  0.0290  0.0290  0.0290  0.0290  0.0290  0.0290  0.0290  0.0290  0.0290  0.0290
  0.0291  0.0291  0.0290  0.0292  0.0291  0.0290  0.0291  0.0292  0.0291  0.0291  0.0290  0.0290
  0.0293  0.0292  0.0291  0.0297  0.0292  0.0291  0.0292  0.0295  0.0292  0.0292  0.0291  0.0291
   -5.8585   35.6459   10.1678   -4.4076  -15.9389  -13.5878
  -10.1053    0.6703   12.6256   18.7292   -0.4200   -5.2311
eta,q 0.97102  9.04673

---------------------------------------------------------------------
compute_vox2vox talsrcimg talsrcimg_to_711-2C_as_mni_average_305_t4 /opt/freesurfer/average/711-2C_as_mni_average_305
---------------------------------------------------------------------

freesurfer compute_vox2vox.c
Reading: talsrcimg.4dfp.ifh
Reading: talsrcimg_to_711-2C_as_mni_average_305_t4
Reading: /opt/freesurfer/average/711-2C_as_mni_average_305.4dfp.ifh
Writing: talsrcimg_to_711-2C_as_mni_average_305_t4_vox2vox.txt

start time Fri Mar 13 03:59:29 CET 2026
end		time Fri Mar 13 04:01:02 CET 2026

mpr2mni305 success

avi2talxfm orig_nu.mgz /opt/freesurfer/average/mni305.cor.mgz talsrcimg_to_711-2C_as_mni_average_305_t4_vox2vox.txt transforms/talairach.auto.xfm
avi2talxfm done
mv -f /out/sourcedata/freesurfer/sub-v2s4x29592_ses-1/mri/talsrcimg_to_711-2C_as_mni_average_305_t4_vox2vox.txt /out/sourcedata/freesurfer/sub-v2s4x29592_ses-1/mri/transforms/talsrcimg_to_711-2C_as_mni_average_305_t4_vox2vox.txt
lta_convert --src orig_nu.mgz --trg /opt/freesurfer/average/mni305.cor.mgz --inxfm transforms/talairach.auto.xfm --outlta transforms/talairach.auto.xfm.lta --subject fsaverage
7.3.2

--src: orig_nu.mgz src image (geometry).
--trg: /opt/freesurfer/average/mni305.cor.mgz trg image (geometry).
--inmni: transforms/talairach.auto.xfm input MNI/XFM transform.
--outlta: transforms/talairach.auto.xfm.lta output LTA.
--s: fsaverage subject name
 LTA read, type : 1
 1.02989  -0.03436   0.12167  -10.90224;
-0.00430   1.14199   0.07055  -25.12997;
-0.15373  -0.24928   1.15562  -72.73866;
 0.00000   0.00000   0.00000   1.00000;
setting subject to fsaverage
Writing  LTA to file transforms/talairach.auto.xfm.lta...
lta_convert successful.
 
 
Started at Fri Mar 13 03:59:28 CET 2026
Ended   at Fri Mar 13 04:01:02 CET 2026
talairach_avi done
