/out/sourcedata/freesurfer/sub-v2s4x29628_ses-1/mri
/opt/freesurfer/bin/talairach_avi
--i orig_nu.mgz --xfm transforms/talairach.auto.xfm
talairach_avi 7.3.2
Linux dna055 5.14.0-427.37.1.el9_4.x86_64 #1 SMP PREEMPT_DYNAMIC Fri Sep 13 12:41:50 EDT 2024 x86_64 x86_64 x86_64 GNU/Linux
Fri Mar 13 05:55:50 CET 2026
mri_convert orig_nu.mgz talsrcimg.img 
reading from orig_nu.mgz...
TR=0.00, TE=0.00, TI=0.00, flip angle=0.00
i_ras = (-1, 0, 3.72529e-09)
j_ras = (-3.72529e-09, 0, -1)
k_ras = (0, 1, 0)
writing to talsrcimg.img...
Analyze Output Matrix
-1.00000  -0.00000   0.00000   132.65958;
 0.00000   0.00000   1.00000  -136.63866;
 0.00000  -1.00000   0.00000   130.05075;
 0.00000   0.00000   0.00000   1.00000;
--------------------
INFO: set hdr.hist.orient to -1
mpr2mni305 talsrcimg
Fri Mar 13 05:55:51 CET 2026
/opt/freesurfer/bin/mpr2mni305 talsrcimg
mpr2mni305 7.3.2
target=711-2C_as_mni_average_305

---------------------------------------------------------------------
analyzeto4dfp talsrcimg -O0 -y
---------------------------------------------------------------------

freesurfer ifh2hdr.c
Fri Mar 13 05:55:51 2026
Writing: talsrcimg.4dfp.hdr
freesurfer analyzeto4dfp.c
Reading: talsrcimg.hdr
header size 348 bytes
hdr.dime.datatype	offset=70	value=2
hdr.dime.bitpix		offset=72	value=8
hdr.hist.orient		offset=252	value=-1
dimensionality     4
dimensions       256       256       256         1
Reading: talsrcimg.img
Writing: talsrcimg.4dfp.img
Writing: talsrcimg.4dfp.ifh
ifh2hdr talsrcimg -r0to249
ori=2

---------------------------------------------------------------------
gauss_4dfp talsrcimg 1.1
---------------------------------------------------------------------

freesurfer gauss_4dfp.c
Reading: talsrcimg.4dfp.img
Writing: talsrcimg_g11.4dfp.img
image dimensions 256 256 256 padded to 288 288 288
processing volume 1freesurfer ifh2hdr.c
Fri Mar 13 05:55:53 2026
Writing: talsrcimg_g11.4dfp.hdr

Writing: talsrcimg_g11.4dfp.ifh
including: talsrcimg.4dfp.img.rec in talsrcimg_g11.4dfp.img.rec

---------------------------------------------------------------------
imgreg_4dfp /opt/freesurfer/average/711-2C_as_mni_average_305 none talsrcimg_g11 none talsrcimg_to_711-2C_as_mni_average_305_t4 4355
---------------------------------------------------------------------

freesurfer imgreg_4dfp.c
/opt/freesurfer/average/711-2C_as_mni_average_305.4dfp.img
       256       256       256         1
  1.000000  1.000000  1.000000
orientation T byte_order littleendian
Reading image: /opt/freesurfer/average/711-2C_as_mni_average_305.4dfp.img
dimensions:      256       256       256
mmppix:       1.0000   -1.0000   -1.0000
center:     128.0000 -129.0000 -129.0000
talsrcimg_g11.4dfp.img
       256       256       256         1
  1.000000  1.000000  1.000000
orientation T byte_order littleendian
Reading image: talsrcimg_g11.4dfp.img
dimensions:      256       256       256
mmppix:       1.0000   -1.0000   -1.0000
center:     128.0000 -129.0000 -129.0000
t4_read: open error in t4_sub.f l:  41 t4_file(1:l)talsrcimg_to_711-2C_as_mni_average_305_t4 
t4_read: transform initialized to I4
rotation matrix determinant  1.000000
image alignment mode   4355 decimal     1103 hex
   -7.5000  -45.0000  -45.0000 6912.8101   17.3006
    0.0000  -45.0000  -45.0000 7189.9897   17.3203
    7.5000  -45.0000  -45.0000 6900.7188   17.3675
   -7.5000  -37.5000  -45.0000 7428.4531   17.2990
    0.0000  -37.5000  -45.0000 7707.4497   17.3177
    7.5000  -37.5000  -45.0000 7383.6157   17.3659
   -7.5000  -30.0000  -45.0000 8197.4541   17.3169
    0.0000  -30.0000  -45.0000 8512.6455   17.3313
    7.5000  -30.0000  -45.0000 8143.1689   17.3809
   -7.5000  -22.5000  -45.0000 9000.3623   17.3283
    0.0000  -22.5000  -45.0000 9318.1631   17.3391
    7.5000  -22.5000  -45.0000 8929.0605   17.3890
   -7.5000  -15.0000  -45.0000 9659.5576   17.3257
    0.0000  -15.0000  -45.000010038.2236   17.3365
    7.5000  -15.0000  -45.0000 9609.4795   17.3858
   -7.5000   -7.5000  -45.000010295.6260   17.3084
    0.0000   -7.5000  -45.000010689.5684   17.3238
    7.5000   -7.5000  -45.000010238.4854   17.3718
   -7.5000    0.0000  -45.000010856.1240   17.2928
    0.0000    0.0000  -45.000011248.0469   17.3126
    7.5000    0.0000  -45.000010804.0039   17.3598
   -7.5000    7.5000  -45.000010668.7832   17.2988
    0.0000    7.5000  -45.000011038.4355   17.3175
    7.5000    7.5000  -45.000010612.4170   17.3656
   -7.5000   15.0000  -45.000010177.9980   17.3169
    0.0000   15.0000  -45.000010517.8398   17.3313
    7.5000   15.0000  -45.000010113.7246   17.3809
   -7.5000   22.5000  -45.0000 9675.3193   17.3259
    0.0000   22.5000  -45.0000 9965.9648   17.3367
    7.5000   22.5000  -45.0000 9558.5654   17.3867
   -7.5000   30.0000  -45.0000 9107.6416   17.0948
    0.0000   30.0000  -45.0000 9379.7529   17.1055
    7.5000   30.0000  -45.0000 8975.9482   17.1541
   -7.5000   37.5000  -45.0000 8760.8115   17.0777
    0.0000   37.5000  -45.0000 9000.9785   17.0929
    7.5000   37.5000  -45.0000 8596.3916   17.1403
   -7.5000   45.0000  -45.0000 7971.8643   16.6291
    0.0000   45.0000  -45.0000 8141.8467   16.6481
    7.5000   45.0000  -45.0000 7776.3901   16.6935
   -7.5000  -45.0000  -37.5000 7351.4272   17.3314
    0.0000  -45.0000  -37.5000 7621.9106   17.3551
    7.5000  -45.0000  -37.5000 7307.0503   17.3972
   -7.5000  -37.5000  -37.5000 7903.5010   17.3386
    0.0000  -37.5000  -37.5000 8184.8223   17.3613
    7.5000  -37.5000  -37.5000 7839.1763   17.4032
   -7.5000  -30.0000  -37.5000 8721.7227   17.3650
    0.0000  -30.0000  -37.5000 9039.3936   17.3804
    7.5000  -30.0000  -37.5000 8649.1689   17.4218
   -7.5000  -22.5000  -37.5000 9529.2852   17.3759
    0.0000  -22.5000  -37.5000 9870.5186   17.3849
    7.5000  -22.5000  -37.5000 9465.2354   17.4263
   -7.5000  -15.0000  -37.500010220.8887   17.3664
    0.0000  -15.0000  -37.500010628.7236   17.3747
    7.5000  -15.0000  -37.500010176.1025   17.4168
   -7.5000   -7.5000  -37.500010886.6416   17.3408
    0.0000   -7.5000  -37.500011305.8232   17.3565
    7.5000   -7.5000  -37.500010807.1016   17.3988
   -7.5000    0.0000  -37.500011496.0596   17.3236
    0.0000    0.0000  -37.500011937.8525   17.3474
    7.5000    0.0000  -37.500011418.0312   17.3895
   -7.5000    7.5000  -37.500011314.9951   17.3383
    0.0000    7.5000  -37.500011741.0605   17.3611
    7.5000    7.5000  -37.500011236.6396   17.4029
   -7.5000   15.0000  -37.500010807.3408   17.3650
    0.0000   15.0000  -37.500011220.2373   17.3804
    7.5000   15.0000  -37.500010725.6094   17.4218
   -7.5000   22.5000  -37.500010229.3203   17.3735
    0.0000   22.5000  -37.500010593.3174   17.3825
    7.5000   22.5000  -37.500010091.3418   17.4239
   -7.5000   30.0000  -37.5000 9658.8135   17.1349
    0.0000   30.0000  -37.5000 9960.3652   17.1431
    7.5000   30.0000  -37.5000 9469.7861   17.1847
   -7.5000   37.5000  -37.5000 9295.4824   17.1097
    0.0000   37.5000  -37.5000 9573.7461   17.1252
    7.5000   37.5000  -37.5000 9068.5078   17.1669
   -7.5000   45.0000  -37.5000 8424.9385   16.6587
    0.0000   45.0000  -37.5000 8639.9453   16.6816
    7.5000   45.0000  -37.5000 8201.2627   16.7221
   -7.5000  -45.0000  -30.0000 7925.8604   18.0804
    0.0000  -45.0000  -30.0000 8230.4678   18.1098
    7.5000  -45.0000  -30.0000 7889.4746   18.1553
   -7.5000  -37.5000  -30.0000 8542.4043   18.0816
    0.0000  -37.5000  -30.0000 8857.9277   18.1073
    7.5000  -37.5000  -30.0000 8476.6982   18.1493
   -7.5000  -30.0000  -30.0000 9428.3740   18.1069
    0.0000  -30.0000  -30.0000 9770.6582   18.1231
    7.5000  -30.0000  -30.0000 9323.8779   18.1616
   -7.5000  -22.5000  -30.000010276.8135   18.1235
    0.0000  -22.5000  -30.000010649.2852   18.1335
    7.5000  -22.5000  -30.000010147.1416   18.1727
   -7.5000  -15.0000  -30.000011023.0322   18.1210
    0.0000  -15.0000  -30.000011465.3193   18.1325
    7.5000  -15.0000  -30.000010905.2129   18.1754
   -7.5000   -7.5000  -30.000011706.3467   18.0956
    0.0000   -7.5000  -30.000012186.5195   18.1168
    7.5000   -7.5000  -30.000011583.8848   18.1625
   -7.5000    0.0000  -30.000012378.4209   18.0724
    0.0000    0.0000  -30.000012902.5342   18.1018
    7.5000    0.0000  -30.000012251.8115   18.1472
   -7.5000    7.5000  -30.000012162.0898   18.0813
    0.0000    7.5000  -30.000012673.4375   18.1071
    7.5000    7.5000  -30.000012029.9316   18.1491
   -7.5000   15.0000  -30.000011649.7461   18.1069
    0.0000   15.0000  -30.000012159.5918   18.1231
    7.5000   15.0000  -30.000011510.2568   18.1616
   -7.5000   22.5000  -30.000010963.2139   18.1191
    0.0000   22.5000  -30.000011410.5625   18.1292
    7.5000   22.5000  -30.000010795.6426   18.1684
   -7.5000   30.0000  -30.000010305.6436   17.8812
    0.0000   30.0000  -30.000010683.8633   17.8926
    7.5000   30.0000  -30.000010073.9336   17.9349
   -7.5000   37.5000  -30.0000 9940.1357   17.8561
    0.0000   37.5000  -30.000010279.7129   17.8771
    7.5000   37.5000  -30.0000 9673.5430   17.9221
   -7.5000   45.0000  -30.0000 9013.2324   17.3915
    0.0000   45.0000  -30.0000 9284.1094   17.4198
    7.5000   45.0000  -30.0000 8766.1543   17.4635
   -7.5000  -45.0000  -22.5000 8570.0000   18.6822
    0.0000  -45.0000  -22.5000 8884.0107   18.7136
    7.5000  -45.0000  -22.5000 8500.6680   18.7682
   -7.5000  -37.5000  -22.5000 9226.7490   18.6664
    0.0000  -37.5000  -22.5000 9559.8066   18.6913
    7.5000  -37.5000  -22.5000 9129.5820   18.7407
   -7.5000  -30.0000  -22.500010176.5420   18.6790
    0.0000  -30.0000  -22.500010541.1064   18.6948
    7.5000  -30.0000  -22.500010039.7998   18.7405
   -7.5000  -22.5000  -22.500011031.9072   18.7007
    0.0000  -22.5000  -22.500011453.7041   18.7141
    7.5000  -22.5000  -22.500010893.6885   18.7613
   -7.5000  -15.0000  -22.500011817.9990   18.7141
    0.0000  -15.0000  -22.500012292.5635   18.7320
    7.5000  -15.0000  -22.500011707.0176   18.7842
   -7.5000   -7.5000  -22.500012516.1934   18.6999
    0.0000   -7.5000  -22.500013033.9404   18.7270
    7.5000   -7.5000  -22.500012396.6123   18.7828
   -7.5000    0.0000  -22.500013218.5684   18.6739
    0.0000    0.0000  -22.500013790.7793   18.7053
    7.5000    0.0000  -22.500013067.4414   18.7599
   -7.5000    7.5000  -22.500012979.1240   18.6662
    0.0000    7.5000  -22.500013557.8721   18.6910
    7.5000    7.5000  -22.500012832.1807   18.7404
   -7.5000   15.0000  -22.500012451.4033   18.6790
    0.0000   15.0000  -22.500013025.1182   18.6948
    7.5000   15.0000  -22.500012301.4307   18.7405
   -7.5000   22.5000  -22.500011684.7188   18.6950
    0.0000   22.5000  -22.500012204.7930   18.7083
    7.5000   22.5000  -22.500011526.5693   18.7555
   -7.5000   30.0000  -22.500010943.7354   18.4693
    0.0000   30.0000  -22.500011390.4170   18.4870
    7.5000   30.0000  -22.500010720.5518   18.5385
   -7.5000   37.5000  -22.500010597.9072   18.4553
    0.0000   37.5000  -22.500011007.5391   18.4820
    7.5000   37.5000  -22.500010333.1494   18.5372
   -7.5000   45.0000  -22.5000 9604.6787   17.9839
    0.0000   45.0000  -22.5000 9929.2441   18.0141
    7.5000   45.0000  -22.5000 9342.3320   18.0667
   -7.5000  -45.0000  -15.0000 9180.1426   19.0910
    0.0000  -45.0000  -15.0000 9514.1172   19.1194
    7.5000  -45.0000  -15.0000 9106.1289   19.1810
   -7.5000  -37.5000  -15.0000 9869.1025   19.0645
    0.0000  -37.5000  -15.000010239.9961   19.0860
    7.5000  -37.5000  -15.0000 9777.7061   19.1437
   -7.5000  -30.0000  -15.000010865.2744   19.0662
    0.0000  -30.0000  -15.000011282.5537   19.0818
    7.5000  -30.0000  -15.000010767.0322   19.1382
   -7.5000  -22.5000  -15.000011749.7979   19.0883
    0.0000  -22.5000  -15.000012237.1240   19.1044
    7.5000  -22.5000  -15.000011668.2852   19.1630
   -7.5000  -15.0000  -15.000012551.1514   19.1103
    0.0000  -15.0000  -15.000013076.1748   19.1317
    7.5000  -15.0000  -15.000012501.8311   19.1936
   -7.5000   -7.5000  -15.000013249.1943   19.1064
    0.0000   -7.5000  -15.000013823.6143   19.1341
    7.5000   -7.5000  -15.000013228.4307   19.1980
   -7.5000    0.0000  -15.000013940.9404   19.0825
    0.0000    0.0000  -15.000014561.7529   19.1109
    7.5000    0.0000  -15.000013898.8906   19.1725
   -7.5000    7.5000  -15.000013731.8467   19.0642
    0.0000    7.5000  -15.000014349.5479   19.0858
    7.5000    7.5000  -15.000013649.1016   19.1434
   -7.5000   15.0000  -15.000013218.5557   19.0662
    0.0000   15.0000  -15.000013823.6533   19.0818
    7.5000   15.0000  -15.000013120.9229   19.1382
   -7.5000   22.5000  -15.000012421.0996   19.0816
    0.0000   22.5000  -15.000012979.4307   19.0977
    7.5000   22.5000  -15.000012299.6250   19.1562
   -7.5000   30.0000  -15.000011583.6094   18.8630
    0.0000   30.0000  -15.000012082.8994   18.8841
    7.5000   30.0000  -15.000011416.9092   18.9452
   -7.5000   37.5000  -15.000011228.0889   18.8592
    0.0000   37.5000  -15.000011662.7109   18.8865
    7.5000   37.5000  -15.000010989.4980   18.9495
   -7.5000   45.0000  -15.000010202.4043   18.3885
    0.0000   45.0000  -15.000010552.6367   18.4158
    7.5000   45.0000  -15.0000 9956.0430   18.4752
   -7.5000  -45.0000   -7.5000 9774.4551   19.2956
    0.0000  -45.0000   -7.500010148.1357   19.3187
    7.5000  -45.0000   -7.5000 9715.3984   19.3789
   -7.5000  -37.5000   -7.500010501.5225   19.2772
    0.0000  -37.5000   -7.500010914.7090   19.2964
    7.5000  -37.5000   -7.500010446.4668   19.3556
   -7.5000  -30.0000   -7.500011591.2637   19.2838
    0.0000  -30.0000   -7.500012034.6475   19.2992
    7.5000  -30.0000   -7.500011529.3701   19.3597
   -7.5000  -22.5000   -7.500012555.2812   19.3012
    0.0000  -22.5000   -7.500013072.9668   19.3165
    7.5000  -22.5000   -7.500012497.5527   19.3783
   -7.5000  -15.0000   -7.500013347.6475   19.3139
    0.0000  -15.0000   -7.500013885.2256   19.3322
    7.5000  -15.0000   -7.500013319.5361   19.3948
   -7.5000   -7.5000   -7.500014030.5127   19.3065
    0.0000   -7.5000   -7.500014628.4199   19.3289
    7.5000   -7.5000   -7.500014067.8623   19.3910
   -7.5000    0.0000   -7.500014698.8145   19.2869
    0.0000    0.0000   -7.500015330.3252   19.3101
    7.5000    0.0000   -7.500014757.9590   19.3703
   -7.5000    7.5000   -7.500014499.6123   19.2770
    0.0000    7.5000   -7.500015119.9531   19.2961
    7.5000    7.5000   -7.500014517.0986   19.3553
   -7.5000   15.0000   -7.500013978.3701   19.2838
    0.0000   15.0000   -7.500014547.3369   19.2992
    7.5000   15.0000   -7.500013942.5674   19.3597
   -7.5000   22.5000   -7.500013167.6670   19.2923
    0.0000   22.5000   -7.500013716.8486   19.3075
    7.5000   22.5000   -7.500013113.2090   19.3694
   -7.5000   30.0000   -7.500012238.0234   19.0635
    0.0000   30.0000   -7.500012768.0635   19.0815
    7.5000   30.0000   -7.500012149.1729   19.1433
   -7.5000   37.5000   -7.500011805.9434   19.0561
    0.0000   37.5000   -7.500012270.2354   19.0782
    7.5000   37.5000   -7.500011628.1260   19.1396
   -7.5000   45.0000   -7.500010754.1660   18.5890
    0.0000   45.0000   -7.500011144.2012   18.6113
    7.5000   45.0000   -7.500010552.2910   18.6693
   -7.5000  -45.0000    0.000010280.9238   19.3540
    0.0000  -45.0000    0.000010667.6934   19.3761
    7.5000  -45.0000    0.000010223.5010   19.4289
   -7.5000  -37.5000    0.000011034.6846   19.3530
    0.0000  -37.5000    0.000011471.0898   19.3740
    7.5000  -37.5000    0.000010993.9678   19.4278
   -7.5000  -30.0000    0.000012189.5391   19.3732
    0.0000  -30.0000    0.000012654.7402   19.3893
    7.5000  -30.0000    0.000012143.5811   19.4448
   -7.5000  -22.5000    0.000013280.8740   19.3852
    0.0000  -22.5000    0.000013831.6250   19.3974
    7.5000  -22.5000    0.000013216.0410   19.4533
   -7.5000  -15.0000    0.000014098.6006   19.3816
    0.0000  -15.0000    0.000014707.8369   19.3938
    7.5000  -15.0000    0.000014112.1182   19.4489
   -7.5000   -7.5000    0.000014761.8320   19.3621
    0.0000   -7.5000    0.000015372.0664   19.3794
    7.5000   -7.5000    0.000014926.2314   19.4331
   -7.5000    0.0000    0.000015439.7910   19.3453
    0.0000    0.0000    0.000015983.8555   19.3675
    7.5000    0.0000    0.000015600.2012   19.4202
   -7.5000    7.5000    0.000015200.0811   19.3528
    0.0000    7.5000    0.000015723.9775   19.3738
    7.5000    7.5000    0.000015301.3896   19.4276
   -7.5000   15.0000    0.000014632.1504   19.3732
    0.0000   15.0000    0.000015137.8477   19.3893
    7.5000   15.0000    0.000014686.1533   19.4448
   -7.5000   22.5000    0.000013775.6904   19.3763
    0.0000   22.5000    0.000014287.2979   19.3884
    7.5000   22.5000    0.000013835.8330   19.4443
   -7.5000   30.0000    0.000012790.0889   19.1307
    0.0000   30.0000    0.000013298.4668   19.1428
    7.5000   30.0000    0.000012798.1953   19.1972
   -7.5000   37.5000    0.000012318.1855   19.1115
    0.0000   37.5000    0.000012768.0410   19.1286
    7.5000   37.5000    0.000012194.9160   19.1816
   -7.5000   45.0000    0.000011236.2266   18.6467
    0.0000   45.0000    0.000011647.5605   18.6680
    7.5000   45.0000    0.000011074.7920   18.7189
   -7.5000  -45.0000    7.5000 9988.6357   19.3943
    0.0000  -45.0000    7.500010361.9756   19.4208
    7.5000  -45.0000    7.5000 9950.2578   19.4680
   -7.5000  -37.5000    7.500010727.9375   19.4023
    0.0000  -37.5000    7.500011113.5020   19.4278
    7.5000  -37.5000    7.500010674.5918   19.4746
   -7.5000  -30.0000    7.500011835.2939   19.4319
    0.0000  -30.0000    7.500012262.8633   19.4492
    7.5000  -30.0000    7.500011770.0898   19.4955
   -7.5000  -22.5000    7.500012960.4883   19.4441
    0.0000  -22.5000    7.500013485.9336   19.4541
    7.5000  -22.5000    7.500012853.0371   19.5005
   -7.5000  -15.0000    7.500013925.6064   19.4334
    0.0000  -15.0000    7.500014452.8330   19.4427
    7.5000  -15.0000    7.500013931.2656   19.4898
   -7.5000   -7.5000    7.500014436.7598   19.4048
    0.0000   -7.5000    7.500014775.8623   19.4224
    7.5000   -7.5000    7.500014618.6455   19.4697
   -7.5000    0.0000    7.500014848.1094   19.3856
    0.0000    0.0000    7.500015132.2412   19.4121
    7.5000    0.0000    7.500015081.3359   19.4593
   -7.5000    7.5000    7.500014587.7520   19.4021
    0.0000    7.5000    7.500014947.8213   19.4275
    7.5000    7.5000    7.500014810.3203   19.4743
   -7.5000   15.0000    7.500014152.7471   19.4319
    0.0000   15.0000    7.500014523.6641   19.4492
    7.5000   15.0000    7.500014294.7861   19.4955
   -7.5000   22.5000    7.500013412.9258   19.4351
    0.0000   22.5000    7.500013795.3740   19.4452
    7.5000   22.5000    7.500013487.8574   19.4915
   -7.5000   30.0000    7.500012479.2012   19.1819
    0.0000   30.0000    7.500012873.3867   19.1911
    7.5000   30.0000    7.500012454.8262   19.2376
   -7.5000   37.5000    7.500012001.0850   19.1537
    0.0000   37.5000    7.500012368.2959   19.1711
    7.5000   37.5000    7.500011846.6797   19.2178
   -7.5000   45.0000    7.500010927.0674   18.6855
    0.0000   45.0000    7.500011275.8066   18.7111
    7.5000   45.0000    7.500010745.2861   18.7565
   -7.5000  -45.0000   15.0000 9594.9062   19.4154
    0.0000  -45.0000   15.0000 9943.4102   19.4470
    7.5000  -45.0000   15.0000 9543.5566   19.4958
   -7.5000  -37.5000   15.000010269.1055   19.4166
    0.0000  -37.5000   15.000010650.5674   19.4443
    7.5000  -37.5000   15.000010214.8555   19.4894
   -7.5000  -30.0000   15.000011282.8018   19.4439
    0.0000  -30.0000   15.000011660.8701   19.4612
    7.5000  -30.0000   15.000011223.9414   19.5026
   -7.5000  -22.5000   15.000012333.5586   19.4616
    0.0000  -22.5000   15.000012798.4150   19.4724
    7.5000  -22.5000   15.000012284.8086   19.5145
   -7.5000  -15.0000   15.000013403.1348   19.4590
    0.0000  -15.0000   15.000013823.8721   19.4714
    7.5000  -15.0000   15.000013381.1855   19.5174
   -7.5000   -7.5000   15.000013996.9678   19.4317
    0.0000   -7.5000   15.000014253.2627   19.4544
    7.5000   -7.5000   15.000014123.8916   19.5035
   -7.5000    0.0000   15.000014433.4121   19.4068
    0.0000    0.0000   15.000014635.3193   19.4383
    7.5000    0.0000   15.000014630.7744   19.4871
   -7.5000    7.5000   15.000014227.5312   19.4163
    0.0000    7.5000   15.000014532.2822   19.4440
    7.5000    7.5000   15.000014367.2080   19.4891
   -7.5000   15.0000   15.000013833.3438   19.4439
    0.0000   15.0000   15.000014158.3252   19.4612
    7.5000   15.0000   15.000013859.7812   19.5026
   -7.5000   22.5000   15.000013097.7070   19.4527
    0.0000   22.5000   15.000013445.2598   19.4634
    7.5000   22.5000   15.000013028.7959   19.5055
   -7.5000   30.0000   15.000012121.3594   19.2071
    0.0000   30.0000   15.000012450.5830   19.2194
    7.5000   30.0000   15.000011952.0781   19.2648
   -7.5000   37.5000   15.000011562.5752   19.1802
    0.0000   37.5000   15.000011875.7061   19.2027
    7.5000   37.5000   15.000011306.5312   19.2511
   -7.5000   45.0000   15.000010477.7119   18.7059
    0.0000   45.0000   15.000010781.9854   18.7363
    7.5000   45.0000   15.000010212.4072   18.7834
   -7.5000  -45.0000   22.5000 9138.5732   19.3936
    0.0000  -45.0000   22.5000 9468.2520   19.4262
    7.5000  -45.0000   22.5000 9120.6738   19.4829
   -7.5000  -37.5000   22.5000 9755.4961   19.3773
    0.0000  -37.5000   22.500010087.0928   19.4030
    7.5000  -37.5000   22.5000 9734.8184   19.4543
   -7.5000  -30.0000   22.500010698.3438   19.3903
    0.0000  -30.0000   22.500011018.0469   19.4067
    7.5000  -30.0000   22.500010678.9668   19.4541
   -7.5000  -22.5000   22.500011708.0059   19.4129
    0.0000  -22.5000   22.500012097.7227   19.4267
    7.5000  -22.5000   22.500011694.4795   19.4757
   -7.5000  -15.0000   22.500012738.7158   19.4267
    0.0000  -15.0000   22.500013133.2656   19.4453
    7.5000  -15.0000   22.500012663.0625   19.4995
   -7.5000   -7.5000   22.500013538.5742   19.4120
    0.0000   -7.5000   22.500013915.1006   19.4401
    7.5000   -7.5000   22.500013403.7002   19.4981
   -7.5000    0.0000   22.500014265.5547   19.3850
    0.0000    0.0000   22.500014728.1367   19.4176
    7.5000    0.0000   22.500014086.1885   19.4742
   -7.5000    7.5000   22.500014003.9619   19.3770
    0.0000    7.5000   22.500014457.9600   19.4027
    7.5000    7.5000   22.500013772.8672   19.4541
   -7.5000   15.0000   22.500013405.8262   19.3903
    0.0000   15.0000   22.500013792.8184   19.4067
    7.5000   15.0000   22.500013134.6260   19.4541
   -7.5000   22.5000   22.500012544.1943   19.4039
    0.0000   22.5000   22.500012921.9531   19.4178
    7.5000   22.5000   22.500012330.5449   19.4667
   -7.5000   30.0000   22.500011521.0762   19.1753
    0.0000   30.0000   22.500011874.4414   19.1937
    7.5000   30.0000   22.500011343.5732   19.2471
   -7.5000   37.5000   22.500010937.1953   19.1608
    0.0000   37.5000   22.500011254.0244   19.1885
    7.5000   37.5000   22.500010739.5693   19.2458
   -7.5000   45.0000   22.5000 9937.7734   18.6849
    0.0000   45.0000   22.500010190.7031   18.7163
    7.5000   45.0000   22.5000 9716.6201   18.7709
   -7.5000  -45.0000   30.0000 8529.6582   19.3538
    0.0000  -45.0000   30.0000 8830.7744   19.3825
    7.5000  -45.0000   30.0000 8518.5225   19.4450
   -7.5000  -37.5000   30.0000 9126.3789   19.3269
    0.0000  -37.5000   30.0000 9457.8408   19.3487
    7.5000  -37.5000   30.0000 9098.1777   19.4072
   -7.5000  -30.0000   30.000010086.2021   19.3287
    0.0000  -30.0000   30.000010457.4766   19.3445
    7.5000  -30.0000   30.000010027.2451   19.4017
   -7.5000  -22.5000   30.000011106.3096   19.3512
    0.0000  -22.5000   30.000011557.7061   19.3675
    7.5000  -22.5000   30.000011023.2402   19.4268
   -7.5000  -15.0000   30.000012034.9766   19.3734
    0.0000  -15.0000   30.000012472.3604   19.3951
    7.5000  -15.0000   30.000011883.7529   19.4578
   -7.5000   -7.5000   30.000012742.1270   19.3695
    0.0000   -7.5000   30.000013166.3154   19.3975
    7.5000   -7.5000   30.000012526.8105   19.4622
   -7.5000    0.0000   30.000013388.0244   19.3452
    0.0000    0.0000   30.000013814.1855   19.3739
    7.5000    0.0000   30.000013139.7168   19.4364
   -7.5000    7.5000   30.000013053.9336   19.3266
    0.0000    7.5000   30.000013474.9746   19.3485
    7.5000    7.5000   30.000012792.4980   19.4069
   -7.5000   15.0000   30.000012418.9756   19.3287
    0.0000   15.0000   30.000012820.2969   19.3445
    7.5000   15.0000   30.000012160.9014   19.4017
   -7.5000   22.5000   30.000011640.9844   19.3422
    0.0000   22.5000   30.000012042.3965   19.3585
    7.5000   22.5000   30.000011448.5674   19.4179
   -7.5000   30.0000   30.000010770.9551   19.1227
    0.0000   30.0000   30.000011146.7656   19.1441
    7.5000   30.0000   30.000010618.6914   19.2060
   -7.5000   37.5000   30.000010209.4541   19.1188
    0.0000   37.5000   30.000010576.7803   19.1465
    7.5000   37.5000   30.000010092.3652   19.2104
   -7.5000   45.0000   30.0000 9248.2227   18.6465
    0.0000   45.0000   30.0000 9538.7148   18.6742
    7.5000   45.0000   30.0000 9118.4990   18.7344
   -7.5000  -45.0000   37.5000 8196.7041   19.3395
    0.0000  -45.0000   37.5000 8538.4365   19.3627
    7.5000  -45.0000   37.5000 8150.4429   19.4231
   -7.5000  -37.5000   37.5000 8814.2969   19.3211
    0.0000  -37.5000   37.5000 9189.4512   19.3402
    7.5000  -37.5000   37.5000 8747.6475   19.3996
   -7.5000  -30.0000   37.5000 9742.1348   19.3277
    0.0000  -30.0000   37.500010159.2598   19.3431
    7.5000  -30.0000   37.5000 9651.8154   19.4037
   -7.5000  -22.5000   37.500010647.5908   19.3452
    0.0000  -22.5000   37.500011149.9570   19.3604
    7.5000  -22.5000   37.500010567.9766   19.4225
   -7.5000  -15.0000   37.500011449.6777   19.3580
    0.0000  -15.0000   37.500011931.2432   19.3763
    7.5000  -15.0000   37.500011324.9512   19.4390
   -7.5000   -7.5000   37.500012070.5107   19.3506
    0.0000   -7.5000   37.500012529.3447   19.3730
    7.5000   -7.5000   37.500011936.8340   19.4353
   -7.5000    0.0000   37.500012632.2002   19.3309
    0.0000    0.0000   37.500013123.2119   19.3541
    7.5000    0.0000   37.500012522.5898   19.4144
   -7.5000    7.5000   37.500012250.5537   19.3208
    0.0000    7.5000   37.500012680.3438   19.3400
    7.5000    7.5000   37.500012126.7861   19.3994
   -7.5000   15.0000   37.500011695.0039   19.3277
    0.0000   15.0000   37.500012086.4277   19.3431
    7.5000   15.0000   37.500011564.8184   19.4037
   -7.5000   22.5000   37.500011019.5889   19.3363
    0.0000   22.5000   37.500011400.6152   19.3515
    7.5000   22.5000   37.500010933.0410   19.4135
   -7.5000   30.0000   37.500010298.0430   19.1075
    0.0000   30.0000   37.500010659.1719   19.1255
    7.5000   30.0000   37.500010228.9199   19.1875
   -7.5000   37.5000   37.5000 9802.6943   19.1002
    0.0000   37.5000   37.500010148.8057   19.1222
    7.5000   37.5000   37.5000 9731.9922   19.1838
   -7.5000   45.0000   37.5000 8873.0205   18.6328
    0.0000   45.0000   37.5000 9173.0186   18.6551
    7.5000   45.0000   37.5000 8799.7383   18.7133
   -7.5000  -45.0000   45.0000 7445.7441   19.5155
    0.0000  -45.0000   45.0000 7756.0625   19.5380
    7.5000  -45.0000   45.0000 7381.7563   19.5926
   -7.5000  -37.5000   45.0000 8017.3242   19.5142
    0.0000  -37.5000   45.0000 8374.0068   19.5358
    7.5000  -37.5000   45.0000 7966.6128   19.5915
   -7.5000  -30.0000   45.0000 8824.5576   19.5346
    0.0000  -30.0000   45.0000 9241.5859   19.5512
    7.5000  -30.0000   45.0000 8788.8711   19.6088
   -7.5000  -22.5000   45.0000 9636.4482   19.5468
    0.0000  -22.5000   45.000010092.9385   19.5592
    7.5000  -22.5000   45.0000 9589.6084   19.6171
   -7.5000  -15.0000   45.000010335.5166   19.5434
    0.0000  -15.0000   45.000010783.9678   19.5556
    7.5000  -15.0000   45.000010265.4912   19.6125
   -7.5000   -7.5000   45.000010934.8242   19.5238
    0.0000   -7.5000   45.000011373.9717   19.5412
    7.5000   -7.5000   45.000010852.9111   19.5966
   -7.5000    0.0000   45.000011466.7793   19.5067
    0.0000    0.0000   45.000011928.9150   19.5292
    7.5000    0.0000   45.000011395.5420   19.5838
   -7.5000    7.5000   45.000011128.0127   19.5140
    0.0000    7.5000   45.000011528.2061   19.5355
    7.5000    7.5000   45.000011047.7793   19.5912
   -7.5000   15.0000   45.000010632.4248   19.5346
    0.0000   15.0000   45.000010987.1445   19.5512
    7.5000   15.0000   45.000010549.3389   19.6088
   -7.5000   22.5000   45.000010067.7217   19.5378
    0.0000   22.5000   45.000010404.8525   19.5501
    7.5000   22.5000   45.000010007.3291   19.6080
   -7.5000   30.0000   45.0000 9436.4834   19.2887
    0.0000   30.0000   45.0000 9747.6553   19.3008
    7.5000   30.0000   45.0000 9395.0527   19.3570
   -7.5000   37.5000   45.0000 8999.2949   19.2695
    0.0000   37.5000   45.0000 9290.5127   19.2866
    7.5000   37.5000   45.0000 8951.9502   19.3413
   -7.5000   45.0000   45.0000 8150.5464   18.8107
    0.0000   45.0000   45.0000 8388.9385   18.8324
    7.5000   45.0000   45.0000 8102.2119   18.8850

---------------------------------------------------------------------
imgreg_4dfp /opt/freesurfer/average/711-2C_as_mni_average_305 /opt/freesurfer/average/711-2B_as_mni_average_305_mask talsrcimg_g11 none talsrcimg_to_711-2C_as_mni_average_305_t4 4355
---------------------------------------------------------------------

freesurfer imgreg_4dfp.c
/opt/freesurfer/average/711-2C_as_mni_average_305.4dfp.img
       256       256       256         1
  1.000000  1.000000  1.000000
orientation T byte_order littleendian
Reading image: /opt/freesurfer/average/711-2C_as_mni_average_305.4dfp.img
dimensions:      256       256       256
mmppix:       1.0000   -1.0000   -1.0000
center:     128.0000 -129.0000 -129.0000
/opt/freesurfer/average/711-2B_as_mni_average_305_mask.4dfp.img
       256       256       256         1
  1.000000  1.000000  1.000000
orientation T byte_order littleendian
Reading mask: /opt/freesurfer/average/711-2B_as_mni_average_305_mask.4dfp.img (2306576 pixels)
talsrcimg_g11.4dfp.img
       256       256       256         1
  1.000000  1.000000  1.000000
orientation T byte_order littleendian
Reading image: talsrcimg_g11.4dfp.img
dimensions:      256       256       256
mmppix:       1.0000   -1.0000   -1.0000
center:     128.0000 -129.0000 -129.0000
rotation matrix determinant  1.000000
image alignment mode   4355 decimal     1103 hex
   -7.5000  -45.0000  -45.0000 1875.1353   20.4981
    0.0000  -45.0000  -45.0000 1879.1815   20.4161
    7.5000  -45.0000  -45.0000 1858.3805   20.8400
   -7.5000  -37.5000  -45.0000 1975.4393   18.7617
    0.0000  -37.5000  -45.0000 1977.0529   18.6270
    7.5000  -37.5000  -45.0000 1952.1157   18.9829
   -7.5000  -30.0000  -45.0000 2054.2068   17.3346
    0.0000  -30.0000  -45.0000 2058.7063   17.2060
    7.5000  -30.0000  -45.0000 2034.1213   17.5024
   -7.5000  -22.5000  -45.0000 2120.0908   16.3111
    0.0000  -22.5000  -45.0000 2121.4656   16.1426
    7.5000  -22.5000  -45.0000 2099.7983   16.4170
   -7.5000  -15.0000  -45.0000 2145.0168   15.7041
    0.0000  -15.0000  -45.0000 2145.7297   15.5509
    7.5000  -15.0000  -45.0000 2131.8926   15.8727
   -7.5000   -7.5000  -45.0000 2173.0396   15.5843
    0.0000   -7.5000  -45.0000 2173.0652   15.4180
    7.5000   -7.5000  -45.0000 2160.0461   15.7460
   -7.5000    0.0000  -45.0000 2174.2251   15.8687
    0.0000    0.0000  -45.0000 2172.6995   15.7314
    7.5000    0.0000  -45.0000 2164.4084   16.0681
   -7.5000    7.5000  -45.0000 2164.4521   16.3989
    0.0000    7.5000  -45.0000 2163.0630   16.2255
    7.5000    7.5000  -45.0000 2150.4175   16.6055
   -7.5000   15.0000  -45.0000 2135.9583   17.1921
    0.0000   15.0000  -45.0000 2127.6946   16.9726
    7.5000   15.0000  -45.0000 2117.8130   17.3824
   -7.5000   22.5000  -45.0000 2090.0688   18.1731
    0.0000   22.5000  -45.0000 2087.3760   17.8987
    7.5000   22.5000  -45.0000 2074.4275   18.2807
   -7.5000   30.0000  -45.0000 2029.6360   19.4685
    0.0000   30.0000  -45.0000 2028.1910   19.1353
    7.5000   30.0000  -45.0000 2008.4011   19.5492
   -7.5000   37.5000  -45.0000 1948.9401   21.1819
    0.0000   37.5000  -45.0000 1955.9409   20.9214
    7.5000   37.5000  -45.0000 1931.0190   21.3139
   -7.5000   45.0000  -45.0000 1847.1115   23.5043
    0.0000   45.0000  -45.0000 1852.7513   23.2553
    7.5000   45.0000  -45.0000 1836.0608   23.6790
   -7.5000  -45.0000  -37.5000 1953.6992   19.2408
    0.0000  -45.0000  -37.5000 1952.8784   19.1425
    7.5000  -45.0000  -37.5000 1927.0385   19.5344
   -7.5000  -37.5000  -37.5000 2058.4167   17.5640
    0.0000  -37.5000  -37.5000 2056.9661   17.4161
    7.5000  -37.5000  -37.5000 2029.5049   17.7490
   -7.5000  -30.0000  -37.5000 2144.4202   16.2084
    0.0000  -30.0000  -37.5000 2144.6553   16.0732
    7.5000  -30.0000  -37.5000 2118.7571   16.3412
   -7.5000  -22.5000  -37.5000 2210.8513   15.2315
    0.0000  -22.5000  -37.5000 2213.6030   15.0882
    7.5000  -22.5000  -37.5000 2190.7156   15.3240
   -7.5000  -15.0000  -37.5000 2243.2505   14.5897
    0.0000  -15.0000  -37.5000 2243.4114   14.4995
    7.5000  -15.0000  -37.5000 2230.7683   14.7035
   -7.5000   -7.5000  -37.5000 2270.3721   14.3995
    0.0000   -7.5000  -37.5000 2269.1208   14.2929
    7.5000   -7.5000  -37.5000 2255.4258   14.5231
   -7.5000    0.0000  -37.5000 2274.4172   14.5800
    0.0000    0.0000  -37.5000 2275.6858   14.4515
    7.5000    0.0000  -37.5000 2259.2173   14.6825
   -7.5000    7.5000  -37.5000 2268.2224   14.9841
    0.0000    7.5000  -37.5000 2267.4612   14.8312
    7.5000    7.5000  -37.5000 2251.3542   15.1051
   -7.5000   15.0000  -37.5000 2240.2205   15.7181
    0.0000   15.0000  -37.5000 2237.0261   15.5072
    7.5000   15.0000  -37.5000 2221.9189   15.7984
   -7.5000   22.5000  -37.5000 2194.8560   16.6524
    0.0000   22.5000  -37.5000 2195.9490   16.4225
    7.5000   22.5000  -37.5000 2173.8018   16.7156
   -7.5000   30.0000  -37.5000 2133.4456   17.9320
    0.0000   30.0000  -37.5000 2131.1016   17.6487
    7.5000   30.0000  -37.5000 2110.2573   17.9768
   -7.5000   37.5000  -37.5000 2046.4923   19.5839
    0.0000   37.5000  -37.5000 2047.8402   19.2650
    7.5000   37.5000  -37.5000 2022.3351   19.6231
   -7.5000   45.0000  -37.5000 1936.7463   21.7234
    0.0000   45.0000  -37.5000 1936.2261   21.4017
    7.5000   45.0000  -37.5000 1915.6901   21.7516
   -7.5000  -45.0000  -30.0000 2060.2195   18.7872
    0.0000  -45.0000  -30.0000 2063.8735   18.6893
    7.5000  -45.0000  -30.0000 2038.6936   19.0581
   -7.5000  -37.5000  -30.0000 2176.1101   17.0415
    0.0000  -37.5000  -30.0000 2180.3850   16.9541
    7.5000  -37.5000  -30.0000 2151.5388   17.2081
   -7.5000  -30.0000  -30.0000 2271.5518   15.6274
    0.0000  -30.0000  -30.0000 2273.2588   15.5255
    7.5000  -30.0000  -30.0000 2242.0310   15.7401
   -7.5000  -22.5000  -30.0000 2343.3359   14.6142
    0.0000  -22.5000  -30.0000 2346.8289   14.5144
    7.5000  -22.5000  -30.0000 2310.7629   14.6857
   -7.5000  -15.0000  -30.0000 2389.4094   13.9406
    0.0000  -15.0000  -30.0000 2392.1921   13.8805
    7.5000  -15.0000  -30.0000 2361.9910   14.0500
   -7.5000   -7.5000  -30.0000 2412.4868   13.7128
    0.0000   -7.5000  -30.0000 2412.7898   13.6275
    7.5000   -7.5000  -30.0000 2386.0681   13.8181
   -7.5000    0.0000  -30.0000 2420.5515   13.7873
    0.0000    0.0000  -30.0000 2429.9048   13.7225
    7.5000    0.0000  -30.0000 2397.4771   13.8775
   -7.5000    7.5000  -30.0000 2412.1833   14.1922
    0.0000    7.5000  -30.0000 2416.4182   14.0567
    7.5000    7.5000  -30.0000 2391.5098   14.2683
   -7.5000   15.0000  -30.0000 2385.3513   14.8930
    0.0000   15.0000  -30.0000 2388.4758   14.7251
    7.5000   15.0000  -30.0000 2364.0005   14.9627
   -7.5000   22.5000  -30.0000 2337.6775   15.8446
    0.0000   22.5000  -30.0000 2340.6470   15.6581
    7.5000   22.5000  -30.0000 2318.3655   15.9027
   -7.5000   30.0000  -30.0000 2268.1211   17.1131
    0.0000   30.0000  -30.0000 2270.3164   16.8578
    7.5000   30.0000  -30.0000 2245.1333   17.1492
   -7.5000   37.5000  -30.0000 2176.3948   18.6665
    0.0000   37.5000  -30.0000 2178.2598   18.4154
    7.5000   37.5000  -30.0000 2148.3599   18.7284
   -7.5000   45.0000  -30.0000 2054.5098   20.6325
    0.0000   45.0000  -30.0000 2053.1440   20.3865
    7.5000   45.0000  -30.0000 2033.0966   20.6932
   -7.5000  -45.0000  -22.5000 2151.0977   18.0377
    0.0000  -45.0000  -22.5000 2154.6140   17.9388
    7.5000  -45.0000  -22.5000 2127.7441   18.2701
   -7.5000  -37.5000  -22.5000 2272.3335   16.3434
    0.0000  -37.5000  -22.5000 2273.2834   16.2420
    7.5000  -37.5000  -22.5000 2243.2175   16.4996
   -7.5000  -30.0000  -22.5000 2371.3606   14.9186
    0.0000  -30.0000  -22.5000 2371.8589   14.8485
    7.5000  -30.0000  -22.5000 2337.6355   15.0477
   -7.5000  -22.5000  -22.5000 2443.6101   13.8392
    0.0000  -22.5000  -22.5000 2449.5679   13.7685
    7.5000  -22.5000  -22.5000 2412.3718   13.9592
   -7.5000  -15.0000  -22.5000 2505.6951   13.1791
    0.0000  -15.0000  -22.5000 2511.5491   13.1297
    7.5000  -15.0000  -22.5000 2477.3545   13.2844
   -7.5000   -7.5000  -22.5000 2529.4214   12.8552
    0.0000   -7.5000  -22.5000 2532.5554   12.7918
    7.5000   -7.5000  -22.5000 2504.4175   12.9761
   -7.5000    0.0000  -22.5000 2541.5566   12.8977
    0.0000    0.0000  -22.5000 2555.9922   12.8323
    7.5000    0.0000  -22.5000 2518.3411   12.9709
   -7.5000    7.5000  -22.5000 2536.5376   13.3012
    0.0000    7.5000  -22.5000 2545.7490   13.2024
    7.5000    7.5000  -22.5000 2514.0457   13.3661
   -7.5000   15.0000  -22.5000 2508.7512   13.9838
    0.0000   15.0000  -22.5000 2517.1521   13.8737
    7.5000   15.0000  -22.5000 2486.3564   14.0544
   -7.5000   22.5000  -22.5000 2459.6704   14.8744
    0.0000   22.5000  -22.5000 2468.0789   14.7463
    7.5000   22.5000  -22.5000 2439.7529   14.9415
   -7.5000   30.0000  -22.5000 2385.5251   16.0719
    0.0000   30.0000  -22.5000 2396.6909   15.8857
    7.5000   30.0000  -22.5000 2363.9092   16.1164
   -7.5000   37.5000  -22.5000 2284.7844   17.5030
    0.0000   37.5000  -22.5000 2296.5730   17.3376
    7.5000   37.5000  -22.5000 2262.1943   17.5770
   -7.5000   45.0000  -22.5000 2149.8252   19.4068
    0.0000   45.0000  -22.5000 2155.9824   19.1902
    7.5000   45.0000  -22.5000 2132.5735   19.4626
   -7.5000  -45.0000  -15.0000 2201.3425   17.2701
    0.0000  -45.0000  -15.0000 2206.5237   17.1281
    7.5000  -45.0000  -15.0000 2179.8379   17.5175
   -7.5000  -37.5000  -15.0000 2325.1267   15.6000
    0.0000  -37.5000  -15.0000 2327.4900   15.4616
    7.5000  -37.5000  -15.0000 2298.9814   15.7778
   -7.5000  -30.0000  -15.0000 2427.6589   14.2292
    0.0000  -30.0000  -15.0000 2434.3079   14.1512
    7.5000  -30.0000  -15.0000 2402.4060   14.4184
   -7.5000  -22.5000  -15.0000 2506.3364   13.1513
    0.0000  -22.5000  -15.0000 2517.7327   13.0809
    7.5000  -22.5000  -15.0000 2487.7000   13.3169
   -7.5000  -15.0000  -15.0000 2576.6292   12.4417
    0.0000  -15.0000  -15.0000 2591.8350   12.3735
    7.5000  -15.0000  -15.0000 2559.1736   12.5871
   -7.5000   -7.5000  -15.0000 2613.3777   12.0098
    0.0000   -7.5000  -15.0000 2625.0715   11.9645
    7.5000   -7.5000  -15.0000 2598.1099   12.1711
   -7.5000    0.0000  -15.0000 2628.0754   11.9983
    0.0000    0.0000  -15.0000 2650.8848   11.9453
    7.5000    0.0000  -15.0000 2614.0916   12.1330
   -7.5000    7.5000  -15.0000 2633.4666   12.4107
    0.0000    7.5000  -15.0000 2653.1677   12.3346
    7.5000    7.5000  -15.0000 2614.9663   12.5133
   -7.5000   15.0000  -15.0000 2602.7842   13.0943
    0.0000   15.0000  -15.0000 2620.9309   13.0158
    7.5000   15.0000  -15.0000 2584.0737   13.1758
   -7.5000   22.5000  -15.0000 2551.3113   13.9879
    0.0000   22.5000  -15.0000 2568.7227   13.8451
    7.5000   22.5000  -15.0000 2534.9565   14.0465
   -7.5000   30.0000  -15.0000 2469.5779   15.0807
    0.0000   30.0000  -15.0000 2490.9561   14.9237
    7.5000   30.0000  -15.0000 2458.8625   15.1723
   -7.5000   37.5000  -15.0000 2367.1880   16.4909
    0.0000   37.5000  -15.0000 2383.9167   16.3194
    7.5000   37.5000  -15.0000 2360.1355   16.5788
   -7.5000   45.0000  -15.0000 2227.3694   18.2849
    0.0000   45.0000  -15.0000 2235.2222   18.0944
    7.5000   45.0000  -15.0000 2217.7578   18.4011
   -7.5000  -45.0000   -7.5000 2230.1675   16.6402
    0.0000  -45.0000   -7.5000 2231.4722   16.4786
    7.5000  -45.0000   -7.5000 2210.8984   16.8901
   -7.5000  -37.5000   -7.5000 2355.2891   14.9948
    0.0000  -37.5000   -7.5000 2357.5957   14.8511
    7.5000  -37.5000   -7.5000 2337.9790   15.2180
   -7.5000  -30.0000   -7.5000 2462.4329   13.7099
    0.0000  -30.0000   -7.5000 2469.5249   13.5713
    7.5000  -30.0000   -7.5000 2447.6357   13.9231
   -7.5000  -22.5000   -7.5000 2552.6948   12.6688
    0.0000  -22.5000   -7.5000 2563.2246   12.5475
    7.5000  -22.5000   -7.5000 2541.2566   12.8503
   -7.5000  -15.0000   -7.5000 2628.2053   11.8846
    0.0000  -15.0000   -7.5000 2644.6558   11.7693
    7.5000  -15.0000   -7.5000 2612.4102   12.0461
   -7.5000   -7.5000   -7.5000 2683.3176   11.3321
    0.0000   -7.5000   -7.5000 2699.1030   11.2320
    7.5000   -7.5000   -7.5000 2668.0420   11.5240
   -7.5000    0.0000   -7.5000 2701.2837   11.2624
    0.0000    0.0000   -7.5000 2724.0920   11.1671
    7.5000    0.0000   -7.5000 2691.5022   11.4398
   -7.5000    7.5000   -7.5000 2711.8728   11.6587
    0.0000    7.5000   -7.5000 2737.1475   11.5658
    7.5000    7.5000   -7.5000 2704.3667   11.7906
   -7.5000   15.0000   -7.5000 2679.9006   12.3426
    0.0000   15.0000   -7.5000 2703.8513   12.2243
    7.5000   15.0000   -7.5000 2671.9492   12.4462
   -7.5000   22.5000   -7.5000 2631.4834   13.1984
    0.0000   22.5000   -7.5000 2649.1279   13.0655
    7.5000   22.5000   -7.5000 2619.8572   13.3077
   -7.5000   30.0000   -7.5000 2538.9355   14.2642
    0.0000   30.0000   -7.5000 2559.1340   14.0980
    7.5000   30.0000   -7.5000 2534.8503   14.3368
   -7.5000   37.5000   -7.5000 2432.8411   15.6412
    0.0000   37.5000   -7.5000 2448.0818   15.4890
    7.5000   37.5000   -7.5000 2429.4102   15.7639
   -7.5000   45.0000   -7.5000 2291.6160   17.4335
    0.0000   45.0000   -7.5000 2296.5237   17.2543
    7.5000   45.0000   -7.5000 2282.3635   17.5300
   -7.5000  -45.0000    0.0000 2242.7610   16.3097
    0.0000  -45.0000    0.0000 2239.0034   16.1227
    7.5000  -45.0000    0.0000 2222.0879   16.5670
   -7.5000  -37.5000    0.0000 2367.0898   14.6761
    0.0000  -37.5000    0.0000 2365.4404   14.5052
    7.5000  -37.5000    0.0000 2346.3435   14.8911
   -7.5000  -30.0000    0.0000 2478.1509   13.4030
    0.0000  -30.0000    0.0000 2483.5481   13.2356
    7.5000  -30.0000    0.0000 2461.3684   13.6111
   -7.5000  -22.5000    0.0000 2573.8171   12.3906
    0.0000  -22.5000    0.0000 2584.5828   12.2296
    7.5000  -22.5000    0.0000 2563.6394   12.5852
   -7.5000  -15.0000    0.0000 2651.5850   11.5653
    0.0000  -15.0000    0.0000 2670.9507   11.4038
    7.5000  -15.0000    0.0000 2640.3379   11.7545
   -7.5000   -7.5000    0.0000 2723.3755   10.9062
    0.0000   -7.5000    0.0000 2738.8271   10.7574
    7.5000   -7.5000    0.0000 2708.1794   11.1682
   -7.5000    0.0000    0.0000 2757.9873   10.7651
    0.0000    0.0000    0.0000 2773.4800   10.6014
    7.5000    0.0000    0.0000 2747.4258   11.0118
   -7.5000    7.5000    0.0000 2771.7754   11.1287
    0.0000    7.5000    0.0000 2795.0874   10.9731
    7.5000    7.5000    0.0000 2769.4131   11.3087
   -7.5000   15.0000    0.0000 2742.8557   11.8282
    0.0000   15.0000    0.0000 2764.1013   11.6405
    7.5000   15.0000    0.0000 2742.7837   11.9661
   -7.5000   22.5000    0.0000 2681.6187   12.7203
    0.0000   22.5000    0.0000 2701.3572   12.5460
    7.5000   22.5000    0.0000 2682.6799   12.8293
   -7.5000   30.0000    0.0000 2591.5542   13.7700
    0.0000   30.0000    0.0000 2609.4529   13.6073
    7.5000   30.0000    0.0000 2586.5237   13.8724
   -7.5000   37.5000    0.0000 2481.9617   15.1218
    0.0000   37.5000    0.0000 2493.3079   14.9648
    7.5000   37.5000    0.0000 2472.9033   15.2514
   -7.5000   45.0000    0.0000 2334.8274   16.8587
    0.0000   45.0000    0.0000 2344.3643   16.6787
    7.5000   45.0000    0.0000 2320.7268   16.9843
   -7.5000  -45.0000    7.5000 2235.5142   16.2337
    0.0000  -45.0000    7.5000 2235.4775   15.9988
    7.5000  -45.0000    7.5000 2217.2083   16.5146
   -7.5000  -37.5000    7.5000 2360.1372   14.6119
    0.0000  -37.5000    7.5000 2362.4727   14.3536
    7.5000  -37.5000    7.5000 2341.9255   14.8146
   -7.5000  -30.0000    7.5000 2474.3972   13.3263
    0.0000  -30.0000    7.5000 2479.5376   13.0666
    7.5000  -30.0000    7.5000 2456.6609   13.5042
   -7.5000  -22.5000    7.5000 2576.2129   12.3105
    0.0000  -22.5000    7.5000 2583.7175   12.0674
    7.5000  -22.5000    7.5000 2562.2354   12.4720
   -7.5000  -15.0000    7.5000 2664.3462   11.5005
    0.0000  -15.0000    7.5000 2678.5386   11.2873
    7.5000  -15.0000    7.5000 2653.4368   11.6617
   -7.5000   -7.5000    7.5000 2734.5010   10.7859
    0.0000   -7.5000    7.5000 2746.8374   10.5407
    7.5000   -7.5000    7.5000 2726.7878   11.1044
   -7.5000    0.0000    7.5000 2780.2200   10.5009
    0.0000    0.0000    7.5000 2784.5669   10.2253
    7.5000    0.0000    7.5000 2777.6152   10.8132
   -7.5000    7.5000    7.5000 2801.7729   10.8288
    0.0000    7.5000    7.5000 2813.2827   10.5635
    7.5000    7.5000    7.5000 2809.4597   11.0389
   -7.5000   15.0000    7.5000 2784.4265   11.5366
    0.0000   15.0000    7.5000 2800.7869   11.3264
    7.5000   15.0000    7.5000 2792.0979   11.7203
   -7.5000   22.5000    7.5000 2721.1584   12.4797
    0.0000   22.5000    7.5000 2737.6646   12.3035
    7.5000   22.5000    7.5000 2726.3337   12.6369
   -7.5000   30.0000    7.5000 2627.8096   13.5712
    0.0000   30.0000    7.5000 2642.6445   13.3850
    7.5000   30.0000    7.5000 2617.3247   13.6739
   -7.5000   37.5000    7.5000 2513.4863   14.9297
    0.0000   37.5000    7.5000 2523.6848   14.7068
    7.5000   37.5000    7.5000 2500.2168   14.9840
   -7.5000   45.0000    7.5000 2359.5247   16.6302
    0.0000   45.0000    7.5000 2372.5208   16.3898
    7.5000   45.0000    7.5000 2347.7297   16.7024
   -7.5000  -45.0000   15.0000 2206.4075   16.3143
    0.0000  -45.0000   15.0000 2208.5388   16.0172
    7.5000  -45.0000   15.0000 2192.5986   16.5564
   -7.5000  -37.5000   15.0000 2327.3398   14.6640
    0.0000  -37.5000   15.0000 2334.5315   14.3581
    7.5000  -37.5000   15.0000 2313.3276   14.8263
   -7.5000  -30.0000   15.0000 2437.3638   13.3560
    0.0000  -30.0000   15.0000 2448.0752   13.0578
    7.5000  -30.0000   15.0000 2423.3362   13.5153
   -7.5000  -22.5000   15.0000 2545.8665   12.3300
    0.0000  -22.5000   15.0000 2555.8066   12.0250
    7.5000  -22.5000   15.0000 2535.5066   12.4998
   -7.5000  -15.0000   15.0000 2641.7158   11.5905
    0.0000  -15.0000   15.0000 2648.8831   11.2929
    7.5000  -15.0000   15.0000 2635.8218   11.7672
   -7.5000   -7.5000   15.0000 2718.7017   11.0408
    0.0000   -7.5000   15.0000 2725.5847   10.7455
    7.5000   -7.5000   15.0000 2721.3472   11.2909
   -7.5000    0.0000   15.0000 2775.7075   10.6913
    0.0000    0.0000   15.0000 2769.4521   10.3909
    7.5000    0.0000   15.0000 2780.6401   10.9606
   -7.5000    7.5000   15.0000 2816.3792   10.9313
    0.0000    7.5000   15.0000 2824.2620   10.7054
    7.5000    7.5000   15.0000 2822.2690   11.1464
   -7.5000   15.0000   15.0000 2802.1147   11.5956
    0.0000   15.0000   15.0000 2813.7070   11.3716
    7.5000   15.0000   15.0000 2803.3853   11.7223
   -7.5000   22.5000   15.0000 2733.3108   12.4857
    0.0000   22.5000   15.0000 2751.2935   12.2714
    7.5000   22.5000   15.0000 2733.2368   12.5529
   -7.5000   30.0000   15.0000 2628.1467   13.5664
    0.0000   30.0000   15.0000 2641.6487   13.3731
    7.5000   30.0000   15.0000 2617.5977   13.5864
   -7.5000   37.5000   15.0000 2509.7656   14.8958
    0.0000   37.5000   15.0000 2520.6138   14.7122
    7.5000   37.5000   15.0000 2495.9087   14.8886
   -7.5000   45.0000   15.0000 2357.5688   16.5519
    0.0000   45.0000   15.0000 2371.4258   16.3786
    7.5000   45.0000   15.0000 2342.3123   16.5497
   -7.5000  -45.0000   22.5000 2170.9602   16.7469
    0.0000  -45.0000   22.5000 2179.3752   16.3610
    7.5000  -45.0000   22.5000 2165.1353   16.9727
   -7.5000  -37.5000   22.5000 2285.0659   14.9879
    0.0000  -37.5000   22.5000 2297.6082   14.6070
    7.5000  -37.5000   22.5000 2285.1006   15.1616
   -7.5000  -30.0000   22.5000 2392.0090   13.6565
    0.0000  -30.0000   22.5000 2402.9875   13.2985
    7.5000  -30.0000   22.5000 2393.7568   13.8073
   -7.5000  -22.5000   22.5000 2502.3967   12.6728
    0.0000  -22.5000   22.5000 2509.1956   12.3243
    7.5000  -22.5000   22.5000 2504.1624   12.8233
   -7.5000  -15.0000   22.5000 2607.3149   12.0591
    0.0000  -15.0000   22.5000 2616.7253   11.7431
    7.5000  -15.0000   22.5000 2609.5830   12.1795
   -7.5000   -7.5000   22.5000 2700.2219   11.5465
    0.0000   -7.5000   22.5000 2707.7590   11.2394
    7.5000   -7.5000   22.5000 2702.6362   11.6603
   -7.5000    0.0000   22.5000 2769.0120   11.3391
    0.0000    0.0000   22.5000 2783.5979   11.1339
    7.5000    0.0000   22.5000 2768.0439   11.4118
   -7.5000    7.5000   22.5000 2798.3755   11.4741
    0.0000    7.5000   22.5000 2817.6096   11.3318
    7.5000    7.5000   22.5000 2794.7661   11.5488
   -7.5000   15.0000   22.5000 2775.3267   11.8891
    0.0000   15.0000   22.5000 2791.0952   11.7178
    7.5000   15.0000   22.5000 2770.5552   11.9167
   -7.5000   22.5000   22.5000 2708.2837   12.6130
    0.0000   22.5000   22.5000 2729.5786   12.4162
    7.5000   22.5000   22.5000 2709.8369   12.5956
   -7.5000   30.0000   22.5000 2597.5054   13.6637
    0.0000   30.0000   22.5000 2619.6790   13.4531
    7.5000   30.0000   22.5000 2597.9148   13.6405
   -7.5000   37.5000   22.5000 2484.0513   15.0397
    0.0000   37.5000   22.5000 2501.8049   14.8195
    7.5000   37.5000   22.5000 2476.9731   15.0045
   -7.5000   45.0000   22.5000 2338.4878   16.7503
    0.0000   45.0000   22.5000 2343.7766   16.5099
    7.5000   45.0000   22.5000 2326.4641   16.7260
   -7.5000  -45.0000   30.0000 2124.0447   17.4717
    0.0000  -45.0000   30.0000 2130.1218   17.0219
    7.5000  -45.0000   30.0000 2128.2004   17.6539
   -7.5000  -37.5000   30.0000 2241.7478   15.7648
    0.0000  -37.5000   30.0000 2251.4666   15.3983
    7.5000  -37.5000   30.0000 2245.2957   15.8867
   -7.5000  -30.0000   30.0000 2358.8804   14.5181
    0.0000  -30.0000   30.0000 2369.9094   14.2222
    7.5000  -30.0000   30.0000 2357.8071   14.6030
   -7.5000  -22.5000   30.0000 2473.3586   13.6122
    0.0000  -22.5000   30.0000 2486.8315   13.3369
    7.5000  -22.5000   30.0000 2469.4338   13.6671
   -7.5000  -15.0000   30.0000 2568.8528   12.8936
    0.0000  -15.0000   30.0000 2591.1792   12.6093
    7.5000  -15.0000   30.0000 2568.4270   12.9485
   -7.5000   -7.5000   30.0000 2662.0347   12.2640
    0.0000   -7.5000   30.0000 2682.4802   11.9995
    7.5000   -7.5000   30.0000 2652.3340   12.3067
   -7.5000    0.0000   30.0000 2723.0647   12.0738
    0.0000    0.0000   30.0000 2747.2305   11.8450
    7.5000    0.0000   30.0000 2714.4390   12.0766
   -7.5000    7.5000   30.0000 2740.3616   12.1908
    0.0000    7.5000   30.0000 2763.6890   11.9997
    7.5000    7.5000   30.0000 2731.7085   12.1528
   -7.5000   15.0000   30.0000 2707.3533   12.5262
    0.0000   15.0000   30.0000 2726.4937   12.3466
    7.5000   15.0000   30.0000 2696.1709   12.4723
   -7.5000   22.5000   30.0000 2645.1045   13.2004
    0.0000   22.5000   30.0000 2671.1162   13.0053
    7.5000   22.5000   30.0000 2641.2888   13.1363
   -7.5000   30.0000   30.0000 2548.3650   14.1414
    0.0000   30.0000   30.0000 2571.4844   13.9483
    7.5000   30.0000   30.0000 2545.1384   14.0787
   -7.5000   37.5000   30.0000 2434.4263   15.4130
    0.0000   37.5000   30.0000 2459.9490   15.2362
    7.5000   37.5000   30.0000 2436.1685   15.3881
   -7.5000   45.0000   30.0000 2292.3877   17.1058
    0.0000   45.0000   30.0000 2302.5720   16.8674
    7.5000   45.0000   30.0000 2287.3496   17.0931
   -7.5000  -45.0000   37.5000 2086.9395   18.7834
    0.0000  -45.0000   37.5000 2090.6399   18.4421
    7.5000  -45.0000   37.5000 2081.9656   18.8912
   -7.5000  -37.5000   37.5000 2214.7539   17.0382
    0.0000  -37.5000   37.5000 2226.0249   16.7579
    7.5000  -37.5000   37.5000 2209.8220   17.0986
   -7.5000  -30.0000   37.5000 2332.7642   15.7356
    0.0000  -30.0000   37.5000 2354.5737   15.5089
    7.5000  -30.0000   37.5000 2327.5903   15.7684
   -7.5000  -22.5000   37.5000 2429.6670   14.6856
    0.0000  -22.5000   37.5000 2466.1697   14.4796
    7.5000  -22.5000   37.5000 2433.3228   14.7462
   -7.5000  -15.0000   37.5000 2522.2881   13.8113
    0.0000  -15.0000   37.5000 2560.9158   13.5742
    7.5000  -15.0000   37.5000 2521.1057   13.8421
   -7.5000   -7.5000   37.5000 2604.0815   13.1021
    0.0000   -7.5000   37.5000 2626.6877   12.8857
    7.5000   -7.5000   37.5000 2590.0957   13.1327
   -7.5000    0.0000   37.5000 2648.0466   12.9151
    0.0000    0.0000   37.5000 2678.4326   12.6992
    7.5000    0.0000   37.5000 2640.7971   12.9070
   -7.5000    7.5000   37.5000 2656.7219   12.9471
    0.0000    7.5000   37.5000 2682.7805   12.7580
    7.5000    7.5000   37.5000 2650.7649   12.9083
   -7.5000   15.0000   37.5000 2620.7559   13.3106
    0.0000   15.0000   37.5000 2642.8945   13.1006
    7.5000   15.0000   37.5000 2614.9946   13.2496
   -7.5000   22.5000   37.5000 2562.7329   13.9279
    0.0000   22.5000   37.5000 2586.3342   13.7119
    7.5000   22.5000   37.5000 2564.2939   13.8767
   -7.5000   30.0000   37.5000 2474.0840   14.8706
    0.0000   30.0000   37.5000 2499.9502   14.6600
    7.5000   30.0000   37.5000 2476.3438   14.8144
   -7.5000   37.5000   37.5000 2378.0171   16.0958
    0.0000   37.5000   37.5000 2402.1609   15.8923
    7.5000   37.5000   37.5000 2376.2483   16.0851
   -7.5000   45.0000   37.5000 2241.1489   17.7035
    0.0000   45.0000   37.5000 2251.7168   17.4783
    7.5000   45.0000   37.5000 2237.5906   17.7105
   -7.5000  -45.0000   45.0000 2037.6556   20.4881
    0.0000  -45.0000   45.0000 2049.9900   20.1426
    7.5000  -45.0000   45.0000 2031.9216   20.4946
   -7.5000  -37.5000   45.0000 2165.9548   18.5179
    0.0000  -37.5000   45.0000 2186.7219   18.2346
    7.5000  -37.5000   45.0000 2166.7759   18.5229
   -7.5000  -30.0000   45.0000 2272.0737   17.0545
    0.0000  -30.0000   45.0000 2303.6753   16.8100
    7.5000  -30.0000   45.0000 2278.1838   17.0507
   -7.5000  -22.5000   45.0000 2368.7429   15.8356
    0.0000  -22.5000   45.0000 2406.6296   15.6164
    7.5000  -22.5000   45.0000 2376.7830   15.8665
   -7.5000  -15.0000   45.0000 2455.3245   14.8534
    0.0000  -15.0000   45.0000 2488.2805   14.6447
    7.5000  -15.0000   45.0000 2456.2822   14.8820
   -7.5000   -7.5000   45.0000 2521.0442   14.1741
    0.0000   -7.5000   45.0000 2545.6228   13.9561
    7.5000   -7.5000   45.0000 2514.8833   14.1955
   -7.5000    0.0000   45.0000 2553.5530   13.9133
    0.0000    0.0000   45.0000 2585.1570   13.6901
    7.5000    0.0000   45.0000 2553.7991   13.8839
   -7.5000    7.5000   45.0000 2559.2148   13.8825
    0.0000    7.5000   45.0000 2582.1038   13.6800
    7.5000    7.5000   45.0000 2558.1284   13.8463
   -7.5000   15.0000   45.0000 2522.8748   14.2308
    0.0000   15.0000   45.0000 2540.5789   14.0344
    7.5000   15.0000   45.0000 2521.9214   14.1980
   -7.5000   22.5000   45.0000 2467.1733   14.8989
    0.0000   22.5000   45.0000 2484.9226   14.6562
    7.5000   22.5000   45.0000 2471.5466   14.8465
   -7.5000   30.0000   45.0000 2394.5459   15.8053
    0.0000   30.0000   45.0000 2413.2852   15.5686
    7.5000   30.0000   45.0000 2400.5288   15.7512
   -7.5000   37.5000   45.0000 2303.3147   16.9832
    0.0000   37.5000   45.0000 2317.9973   16.7208
    7.5000   37.5000   45.0000 2301.6313   16.9318
   -7.5000   45.0000   45.0000 2176.8074   18.5649
    0.0000   45.0000   45.0000 2179.4128   18.3126
    7.5000   45.0000   45.0000 2174.8748   18.5533

---------------------------------------------------------------------
imgreg_4dfp /opt/freesurfer/average/711-2C_as_mni_average_305 /opt/freesurfer/average/711-2B_as_mni_average_305_mask talsrcimg_g11 none talsrcimg_to_711-2C_as_mni_average_305_t4 1283
---------------------------------------------------------------------

freesurfer imgreg_4dfp.c
/opt/freesurfer/average/711-2C_as_mni_average_305.4dfp.img
       256       256       256         1
  1.000000  1.000000  1.000000
orientation T byte_order littleendian
Reading image: /opt/freesurfer/average/711-2C_as_mni_average_305.4dfp.img
dimensions:      256       256       256
mmppix:       1.0000   -1.0000   -1.0000
center:     128.0000 -129.0000 -129.0000
/opt/freesurfer/average/711-2B_as_mni_average_305_mask.4dfp.img
       256       256       256         1
  1.000000  1.000000  1.000000
orientation T byte_order littleendian
Reading mask: /opt/freesurfer/average/711-2B_as_mni_average_305_mask.4dfp.img (2306576 pixels)
talsrcimg_g11.4dfp.img
       256       256       256         1
  1.000000  1.000000  1.000000
orientation T byte_order littleendian
Reading image: talsrcimg_g11.4dfp.img
dimensions:      256       256       256
mmppix:       1.0000   -1.0000   -1.0000
center:     128.0000 -129.0000 -129.0000
rotation matrix determinant  1.000000
fimgreg.f
image alignment mode   1283 decimal      503 hex
parameters
    0.0000    7.5000   15.0000    0.0000    0.0000    0.0000
eta,q 0.88461 10.61693
niter,ni,del,rscale     5    3   12.0000    1.2000
parameter  1  0.477761 -> -0.500000 qaram    1.1500
parameter  4  1.396303 ->  0.500000 qaram    1.1500
parameter  6 -0.757318 -> -0.500000 qaram    1.1500
parameters
    3.4500    9.4150   15.4773   -3.4500    0.4548    3.4500
eta,q 0.89304 10.83186
  0.1180  0.1240  0.1142  0.1084  0.1186  0.1130
  0.1204  0.1201  0.1142  0.1076  0.1134  0.1114
  0.1239  0.1153  0.1147  0.1085  0.1091  0.1097
  0.1200  0.1126  0.1127  0.1116  0.1075  0.1080
  0.1144  0.1128  0.1116  0.1153  0.1092  0.1071
  0.1133  0.1138  0.1132  0.1177  0.1119  0.1069
  0.1126  0.1156  0.1151  0.1195  0.1152  0.1073
niter,ni,del,rscale     7    3   12.0000    1.2000
parameter  4  0.894309 ->  0.500000 qaram    1.3225
parameters
    2.7242   11.7091   15.7484   -7.4175    1.9319    2.8783
eta,q 0.89772 10.84188
  0.1168  0.1169  0.1121  0.1028  0.1094  0.1050
  0.1158  0.1141  0.1112  0.1021  0.1053  0.1029
  0.1097  0.1110  0.1088  0.1026  0.1025  0.1025
  0.1070  0.1073  0.1053  0.1051  0.1021  0.1021
  0.1084  0.1053  0.1061  0.1095  0.1019  0.1018
  0.1153  0.1064  0.1091  0.1134  0.1017  0.1041
  0.1272  0.1098  0.1126  0.1163  0.1043  0.1064
niter,ni,del,rscale     7    3   12.0000    1.2000
parameters
    2.0353   12.4135   15.7626   -8.1762    1.5625    3.0510
eta,q 0.89812 10.83956
  0.1133  0.1138  0.1093  0.1110  0.1064  0.1049
  0.1111  0.1124  0.1071  0.1061  0.1029  0.1023
  0.1056  0.1085  0.1037  0.1023  0.1015  0.1015
  0.1023  0.1033  0.1022  0.1022  0.1020  0.1019
  0.1023  0.1019  0.1040  0.1048  0.1024  0.1014
  0.1117  0.1056  0.1061  0.1096  0.1039  0.1022
  0.1245  0.1134  0.1098  0.1138  0.1074  0.1044
niter,ni,del,rscale     6    3   12.0000    1.2000
parameters
    1.7948   12.5267   15.6151   -8.4979    1.6931    3.4223
eta,q 0.89803 10.83662
  0.1126  0.1130  0.1082  0.1115  0.1073  0.1048
  0.1120  0.1109  0.1054  0.1074  0.1039  0.1024
  0.1060  0.1064  0.1023  0.1028  0.1017  0.1016
  0.1019  0.1022  0.1021  0.1020  0.1019  0.1019
  0.1005  0.1021  0.1039  0.1037  0.1025  0.1014
  0.1075  0.1073  0.1052  0.1084  0.1037  0.1020
  0.1207  0.1155  0.1087  0.1132  0.1065  0.1041
niter,ni,del,rscale     5    3   12.0000    1.2000
parameters
    1.7238   12.5773   15.5389   -8.6037    1.8323    3.6148
eta,q 0.89802 10.83657
  0.1129  0.1127  0.1084  0.1117  0.1072  0.1046
  0.1127  0.1103  0.1055  0.1081  0.1038  0.1023
  0.1065  0.1059  0.1023  0.1031  0.1018  0.1018
  0.1020  0.1021  0.1020  0.1020  0.1019  0.1020
  0.1001  0.1023  0.1039  0.1034  0.1024  0.1013
  0.1066  0.1073  0.1052  0.1078  0.1036  0.1021
  0.1200  0.1153  0.1085  0.1126  0.1064  0.1044
niter,ni,del,rscale     4    3   12.0000    1.2000
parameters
    1.6980   12.5958   15.5086   -8.6402    1.8991    3.6985
eta,q 0.89802 10.83671
  0.1131  0.1126  0.1085  0.1117  0.1069  0.1044
  0.1131  0.1101  0.1058  0.1082  0.1037  0.1022
  0.1068  0.1057  0.1024  0.1031  0.1019  0.1019
  0.1020  0.1020  0.1020  0.1020  0.1020  0.1020
  0.0999  0.1024  0.1040  0.1034  0.1023  0.1012
  0.1066  0.1074  0.1053  0.1076  0.1037  0.1022
  0.1201  0.1153  0.1085  0.1122  0.1065  0.1045
niter,ni,del,rscale     3    3   12.0000    1.2000
parameters
    1.6868   12.6028   15.4938   -8.6554    1.9247    3.7274
eta,q 0.89802 10.83665
  0.1132  0.1125  0.1086  0.1116  0.1068  0.1044
  0.1132  0.1101  0.1058  0.1082  0.1036  0.1022
  0.1068  0.1057  0.1024  0.1031  0.1018  0.1019
  0.1020  0.1020  0.1020  0.1020  0.1020  0.1020
  0.0998  0.1025  0.1040  0.1034  0.1023  0.1012
  0.1066  0.1074  0.1053  0.1076  0.1037  0.1022
  0.1201  0.1153  0.1085  0.1121  0.1065  0.1045
registration optimization eta report
parameter search radius
    6.9000    6.0000    6.0000    7.9350    6.0000    6.9000
100000*second partial in parameter space
       31.       32.       17.       16.       14.        6.
  0.1132  0.1125  0.1086  0.1116  0.1068  0.1044
  0.1132  0.1101  0.1058  0.1082  0.1036  0.1022
  0.1068  0.1057  0.1024  0.1031  0.1018  0.1019
  0.1020  0.1020  0.1020  0.1020  0.1020  0.1020
  0.0998  0.1025  0.1040  0.1034  0.1023  0.1012
  0.1066  0.1074  0.1053  0.1076  0.1037  0.1022
  0.1201  0.1153  0.1085  0.1121  0.1065  0.1045
    1.6868   12.6028   15.4938   -8.6554    1.9247    3.7274
eta,q 0.89802 10.83665

---------------------------------------------------------------------
imgreg_4dfp /opt/freesurfer/average/711-2C_as_mni_average_305 /opt/freesurfer/average/711-2B_as_mni_average_305_mask talsrcimg_g11 none talsrcimg_to_711-2C_as_mni_average_305_t4 3335
---------------------------------------------------------------------

freesurfer imgreg_4dfp.c
/opt/freesurfer/average/711-2C_as_mni_average_305.4dfp.img
       256       256       256         1
  1.000000  1.000000  1.000000
orientation T byte_order littleendian
Reading image: /opt/freesurfer/average/711-2C_as_mni_average_305.4dfp.img
dimensions:      256       256       256
mmppix:       1.0000   -1.0000   -1.0000
center:     128.0000 -129.0000 -129.0000
/opt/freesurfer/average/711-2B_as_mni_average_305_mask.4dfp.img
       256       256       256         1
  1.000000  1.000000  1.000000
orientation T byte_order littleendian
Reading mask: /opt/freesurfer/average/711-2B_as_mni_average_305_mask.4dfp.img (2306576 pixels)
talsrcimg_g11.4dfp.img
       256       256       256         1
  1.000000  1.000000  1.000000
orientation T byte_order littleendian
Reading image: talsrcimg_g11.4dfp.img
dimensions:      256       256       256
mmppix:       1.0000   -1.0000   -1.0000
center:     128.0000 -129.0000 -129.0000
fimgreg.f
image alignment mode   3335 decimal      D07 hex
parameters
    1.6868   12.6028   15.4938   -0.2678   -1.3151   -1.1946
   -5.9226   -4.2916    6.4973   14.8014    3.3585  -15.0406
eta,q 0.89616 10.93936
niter,ni,del,rscale     5    3    5.0000    1.2000
parameter  4  4.647290 ->  0.500000 qaram    1.1500
parameter  5  1.653827 ->  0.500000 qaram    1.1500
parameter  6  4.023276 ->  0.500000 qaram    1.1500
parameter  8 -2.014118 -> -0.500000 qaram    1.1500
parameter  9  0.858522 ->  0.500000 qaram    1.1500
parameter 12 -0.808497 -> -0.500000 qaram    1.1500
parameters
    1.6766   12.8727   15.0617   -4.4078   -5.4551   -5.3346
   -5.6890   -0.1516    2.3573   15.3444    6.6792  -10.9006
eta,q 0.91959 10.51376
  0.1044  0.1057  0.1043  0.0919  0.0883  0.0807  0.0858  0.0890  0.0813  0.0847  0.0830  0.0834
  0.1041  0.1048  0.1040  0.0950  0.0901  0.0835  0.0852  0.0874  0.0813  0.0832  0.0824  0.0824
  0.1039  0.1042  0.1039  0.0991  0.0928  0.0868  0.0846  0.0858  0.0816  0.0820  0.0817  0.0816
  0.1038  0.1038  0.1038  0.1038  0.0960  0.0908  0.0843  0.0843  0.0822  0.0813  0.0813  0.0810
  0.1038  0.1039  0.1039  0.1082  0.0998  0.0947  0.0844  0.0830  0.0832  0.0814  0.0810  0.0806
  0.1040  0.1043  0.1043  0.1129  0.1048  0.0986  0.0849  0.0820  0.0844  0.0822  0.0811  0.0804
  0.1045  0.1051  0.1049  0.1182  0.1102  0.1034  0.0857  0.0815  0.0858  0.0841  0.0814  0.0804
niter,ni,del,rscale     7    3    5.0000    1.2000
parameter  4  8.926819 ->  0.500000 qaram    1.3225
parameter  5  1.141745 ->  0.500000 qaram    1.3225
parameter  6  0.848028 ->  0.500000 qaram    1.3225
parameter  7 -1.018828 -> -0.500000 qaram    1.1500
parameter  8 -0.648185 -> -0.500000 qaram    1.3225
parameter 11  0.628752 ->  0.500000 qaram    1.1500
parameter 12 -0.540574 -> -0.500000 qaram    1.3225
parameters
    1.0451   12.4268   16.0437   -9.1688  -10.2161  -10.0956
   -1.5490    4.6094    2.0452   16.3093    2.5392   -6.1396
eta,q 0.94027 10.17981
  0.0814  0.0814  0.0832  0.0647  0.0662  0.0626  0.0682  0.0724  0.0621  0.0638  0.0604  0.0639
  0.0807  0.0807  0.0818  0.0696  0.0672  0.0639  0.0667  0.0690  0.0614  0.0623  0.0602  0.0623
  0.0803  0.0803  0.0808  0.0744  0.0688  0.0655  0.0654  0.0661  0.0609  0.0613  0.0603  0.0611
  0.0804  0.0803  0.0802  0.0800  0.0709  0.0675  0.0643  0.0632  0.0608  0.0607  0.0607  0.0602
  0.0810  0.0807  0.0800  0.0864  0.0740  0.0711  0.0636  0.0612  0.0610  0.0608  0.0613  0.0598
  0.0820  0.0816  0.0801  0.0918  0.0781  0.0776  0.0631  0.0608  0.0615  0.0614  0.0623  0.0598
  0.0833  0.0828  0.0805  0.0976  0.0829  0.0853  0.0631  0.0625  0.0623  0.0626  0.0635  0.0601
niter,ni,del,rscale     7    3    5.0000    1.2000
parameter  3  1.274402 ->  0.500000 qaram    1.1500
parameter  4  2.150033 ->  0.500000 qaram    1.5209
parameter  5  2.174060 ->  0.500000 qaram    1.5209
parameter  6  0.713956 ->  0.500000 qaram    1.5209
parameter 10  0.940097 ->  0.500000 qaram    1.1500
parameter 12  2.925236 ->  0.500000 qaram    1.5209
parameters
    0.4998   11.3000   14.6637  -14.6439  -15.6912  -15.5708
    2.5865    5.1111    1.6883   12.1693   -0.6959  -11.6147
eta,q 0.95990  9.78755
  0.0613  0.0596  0.0582  0.0454  0.0436  0.0434  0.0485  0.0507  0.0448  0.0423  0.0427  0.0395
  0.0602  0.0594  0.0584  0.0473  0.0455  0.0439  0.0469  0.0472  0.0441  0.0422  0.0421  0.0399
  0.0596  0.0594  0.0588  0.0516  0.0469  0.0450  0.0454  0.0447  0.0435  0.0426  0.0420  0.0408
  0.0597  0.0596  0.0593  0.0585  0.0482  0.0460  0.0442  0.0434  0.0433  0.0433  0.0423  0.0420
  0.0605  0.0600  0.0600  0.0671  0.0493  0.0470  0.0435  0.0437  0.0435  0.0442  0.0429  0.0433
  0.0619  0.0608  0.0609  0.0738  0.0516  0.0500  0.0435  0.0459  0.0441  0.0453  0.0437  0.0445
  0.0636  0.0619  0.0620  0.0807  0.0548  0.0557  0.0444  0.0497  0.0452  0.0466  0.0448  0.0456
niter,ni,del,rscale     7    3    5.0000    1.2000
parameter  2  3.709794 ->  0.500000 qaram    1.1500
parameter  3  1.284451 ->  0.500000 qaram    1.3225
parameter  4  0.550690 ->  0.500000 qaram    1.7490
parameter  5  0.515902 ->  0.500000 qaram    1.7490
parameter 11  0.740174 ->  0.500000 qaram    1.3225
parameter 12  0.682597 ->  0.500000 qaram    1.7490
parameters
    0.3481    9.9200   13.0767  -20.9404  -21.9877  -15.6005
   -0.3172    4.9151   -1.4554   12.8466   -5.4569  -17.9112
eta,q 0.97123  9.67491
  0.0432  0.0343  0.0332  0.0332  0.0332  0.0338  0.0311  0.0343  0.0303  0.0327  0.0296  0.0290
  0.0414  0.0358  0.0338  0.0323  0.0307  0.0325  0.0303  0.0323  0.0299  0.0312  0.0295  0.0287
  0.0403  0.0377  0.0348  0.0321  0.0299  0.0312  0.0300  0.0307  0.0299  0.0303  0.0296  0.0290
  0.0401  0.0401  0.0363  0.0340  0.0322  0.0302  0.0302  0.0300  0.0300  0.0299  0.0299  0.0295
  0.0407  0.0426  0.0382  0.0398  0.0362  0.0304  0.0312  0.0305  0.0304  0.0300  0.0302  0.0303
  0.0421  0.0452  0.0406  0.0496  0.0389  0.0316  0.0328  0.0323  0.0312  0.0307  0.0307  0.0315
  0.0440  0.0477  0.0433  0.0587  0.0416  0.0347  0.0351  0.0350  0.0326  0.0319  0.0313  0.0329
niter,ni,del,rscale     7    3    5.0000    1.2000
parameters
    0.3407    9.1623   11.5274  -20.9074  -20.5932  -14.0503
    0.1965    5.8231   -1.4187   16.5723   -7.1356  -19.7972
eta,q 0.97381  9.81416
  0.0308  0.0297  0.0286  0.0347  0.0369  0.0317  0.0304  0.0328  0.0289  0.0326  0.0274  0.0288
  0.0297  0.0289  0.0283  0.0324  0.0343  0.0299  0.0285  0.0302  0.0278  0.0299  0.0267  0.0268
  0.0290  0.0286  0.0283  0.0303  0.0312  0.0285  0.0274  0.0281  0.0271  0.0280  0.0264  0.0262
  0.0288  0.0288  0.0286  0.0283  0.0283  0.0274  0.0270  0.0270  0.0269  0.0269  0.0264  0.0264
  0.0290  0.0294  0.0293  0.0265  0.0267  0.0265  0.0272  0.0272  0.0271  0.0265  0.0268  0.0272
  0.0297  0.0305  0.0305  0.0285  0.0306  0.0269  0.0281  0.0288  0.0278  0.0265  0.0274  0.0285
  0.0308  0.0322  0.0321  0.0384  0.0354  0.0308  0.0295  0.0312  0.0289  0.0271  0.0282  0.0302
niter,ni,del,rscale     6    3    5.0000    1.2000
parameters
    0.2527    8.8621   10.6926  -20.9687  -20.2405  -14.2253
    0.3463    6.2554   -1.6483   17.3310   -7.3761  -19.8950
eta,q 0.97401  9.84071
  0.0285  0.0283  0.0271  0.0338  0.0353  0.0308  0.0291  0.0315  0.0279  0.0294  0.0273  0.0297
  0.0271  0.0270  0.0265  0.0311  0.0324  0.0290  0.0273  0.0288  0.0268  0.0274  0.0265  0.0271
  0.0264  0.0263  0.0262  0.0285  0.0291  0.0276  0.0263  0.0269  0.0262  0.0263  0.0261  0.0261
  0.0262  0.0262  0.0262  0.0261  0.0262  0.0259  0.0260  0.0260  0.0260  0.0260  0.0260  0.0260
  0.0265  0.0266  0.0267  0.0242  0.0253  0.0246  0.0264  0.0265  0.0263  0.0261  0.0262  0.0266
  0.0274  0.0277  0.0278  0.0268  0.0303  0.0266  0.0273  0.0282  0.0269  0.0266  0.0267  0.0278
  0.0288  0.0296  0.0295  0.0385  0.0363  0.0341  0.0288  0.0307  0.0280  0.0283  0.0273  0.0293
niter,ni,del,rscale     5    3    5.0000    1.2000
parameters
    0.1932    8.7748   10.4672  -20.9703  -20.1295  -14.2498
    0.5537    6.3919   -1.6666   17.2914   -7.4196  -19.8094
eta,q 0.97405  9.84505
  0.0283  0.0284  0.0275  0.0338  0.0352  0.0311  0.0290  0.0312  0.0279  0.0288  0.0272  0.0298
  0.0270  0.0271  0.0267  0.0311  0.0322  0.0292  0.0273  0.0285  0.0268  0.0270  0.0265  0.0272
  0.0262  0.0263  0.0262  0.0284  0.0289  0.0277  0.0263  0.0266  0.0261  0.0262  0.0261  0.0260
  0.0260  0.0260  0.0260  0.0260  0.0260  0.0259  0.0259  0.0259  0.0260  0.0260  0.0260  0.0259
  0.0263  0.0262  0.0262  0.0240  0.0253  0.0245  0.0263  0.0266  0.0262  0.0261  0.0261  0.0266
  0.0272  0.0272  0.0269  0.0265  0.0307  0.0266  0.0272  0.0283  0.0268  0.0269  0.0266  0.0277
  0.0285  0.0289  0.0282  0.0383  0.0368  0.0340  0.0286  0.0309  0.0279  0.0290  0.0272  0.0291
niter,ni,del,rscale     4    3    5.0000    1.2000
parameters
    0.1785    8.7336   10.4561  -20.9749  -20.0761  -14.2281
    0.6105    6.4067   -1.6741   17.2443   -7.4089  -19.7353
eta,q 0.97408  9.84657
  0.0283  0.0285  0.0277  0.0338  0.0351  0.0311  0.0289  0.0311  0.0279  0.0288  0.0272  0.0298
  0.0270  0.0271  0.0268  0.0310  0.0321  0.0292  0.0272  0.0284  0.0267  0.0270  0.0265  0.0271
  0.0262  0.0263  0.0262  0.0284  0.0289  0.0277  0.0262  0.0265  0.0261  0.0262  0.0260  0.0260
  0.0260  0.0260  0.0260  0.0260  0.0260  0.0259  0.0259  0.0259  0.0259  0.0259  0.0259  0.0259
  0.0262  0.0262  0.0260  0.0240  0.0253  0.0244  0.0262  0.0266  0.0261  0.0260  0.0261  0.0265
  0.0271  0.0271  0.0267  0.0265  0.0308  0.0265  0.0272  0.0283  0.0268  0.0269  0.0265  0.0277
  0.0284  0.0288  0.0279  0.0383  0.0369  0.0339  0.0287  0.0311  0.0278  0.0290  0.0272  0.0291
niter,ni,del,rscale     3    3    5.0000    1.2000
parameters
    0.1782    8.7158   10.4613  -20.9805  -20.0533  -14.2224
    0.6244    6.4032   -1.6736   17.2118   -7.4064  -19.7010
eta,q 0.97409  9.84656
  0.0284  0.0285  0.0277  0.0338  0.0351  0.0311  0.0288  0.0311  0.0279  0.0288  0.0272  0.0297
  0.0270  0.0271  0.0268  0.0310  0.0321  0.0292  0.0272  0.0284  0.0267  0.0270  0.0265  0.0271
  0.0262  0.0263  0.0262  0.0284  0.0289  0.0277  0.0262  0.0265  0.0261  0.0262  0.0260  0.0260
  0.0259  0.0259  0.0259  0.0259  0.0259  0.0259  0.0259  0.0259  0.0259  0.0259  0.0259  0.0259
  0.0262  0.0262  0.0260  0.0240  0.0254  0.0244  0.0263  0.0266  0.0261  0.0260  0.0261  0.0265
  0.0270  0.0270  0.0266  0.0264  0.0309  0.0265  0.0272  0.0283  0.0268  0.0269  0.0265  0.0277
  0.0283  0.0287  0.0278  0.0383  0.0370  0.0339  0.0287  0.0311  0.0278  0.0290  0.0272  0.0291
registration optimization eta report
parameter search radius
    2.4000    2.7600    3.1740   12.5928   12.5928   10.9503
    8.2800    9.5220    8.2800    8.2800    9.5220   12.5928
100000*second partial in parameter space
       42.       36.       18.        7.        6.        6.
        4.        6.        3.        4.        1.        2.
  0.0284  0.0285  0.0277  0.0338  0.0351  0.0311  0.0288  0.0311  0.0279  0.0288  0.0272  0.0297
  0.0270  0.0271  0.0268  0.0310  0.0321  0.0292  0.0272  0.0284  0.0267  0.0270  0.0265  0.0271
  0.0262  0.0263  0.0262  0.0284  0.0289  0.0277  0.0262  0.0265  0.0261  0.0262  0.0260  0.0260
  0.0259  0.0259  0.0259  0.0259  0.0259  0.0259  0.0259  0.0259  0.0259  0.0259  0.0259  0.0259
  0.0262  0.0262  0.0260  0.0240  0.0254  0.0244  0.0263  0.0266  0.0261  0.0260  0.0261  0.0265
  0.0270  0.0270  0.0266  0.0264  0.0309  0.0265  0.0272  0.0283  0.0268  0.0269  0.0265  0.0277
  0.0283  0.0287  0.0278  0.0383  0.0370  0.0339  0.0287  0.0311  0.0278  0.0290  0.0272  0.0291
    0.1782    8.7158   10.4613  -20.9805  -20.0533  -14.2224
    0.6244    6.4032   -1.6736   17.2118   -7.4064  -19.7010
eta,q 0.97409  9.84656

---------------------------------------------------------------------
imgreg_4dfp /opt/freesurfer/average/711-2C_as_mni_average_305 /opt/freesurfer/average/711-2B_as_mni_average_305_mask talsrcimg_g11 none talsrcimg_to_711-2C_as_mni_average_305_t4 2311
---------------------------------------------------------------------

freesurfer imgreg_4dfp.c
/opt/freesurfer/average/711-2C_as_mni_average_305.4dfp.img
       256       256       256         1
  1.000000  1.000000  1.000000
orientation T byte_order littleendian
Reading image: /opt/freesurfer/average/711-2C_as_mni_average_305.4dfp.img
dimensions:      256       256       256
mmppix:       1.0000   -1.0000   -1.0000
center:     128.0000 -129.0000 -129.0000
/opt/freesurfer/average/711-2B_as_mni_average_305_mask.4dfp.img
       256       256       256         1
  1.000000  1.000000  1.000000
orientation T byte_order littleendian
Reading mask: /opt/freesurfer/average/711-2B_as_mni_average_305_mask.4dfp.img (2306576 pixels)
talsrcimg_g11.4dfp.img
       256       256       256         1
  1.000000  1.000000  1.000000
orientation T byte_order littleendian
Reading image: talsrcimg_g11.4dfp.img
dimensions:      256       256       256
mmppix:       1.0000   -1.0000   -1.0000
center:     128.0000 -129.0000 -129.0000
fimgreg.f
image alignment mode   2311 decimal      907 hex
parameters
    0.1782    8.7158   10.4613  -20.9805  -20.0533  -14.2224
    0.6244    6.4032   -1.6736   17.2118   -7.4064  -19.7010
eta,q 0.97409  9.84655
niter,ni,del,rscale     5    3    5.0000    0.8000
parameter  4 -2.847353 -> -0.500000 qaram    1.1500
parameter  6 -0.817066 -> -0.500000 qaram    1.1500
parameters
    0.1631    8.7789   10.7219  -18.2205  -17.9987  -11.4624
    0.7136    6.5374   -1.4445   17.0183   -6.6585  -19.6452
eta,q 0.97749 10.13691
  0.0270  0.0269  0.0265  0.0287  0.0280  0.0264  0.0245  0.0251  0.0242  0.0249  0.0236  0.0237
  0.0264  0.0264  0.0262  0.0277  0.0268  0.0255  0.0234  0.0237  0.0233  0.0237  0.0231  0.0230
  0.0260  0.0260  0.0260  0.0268  0.0256  0.0245  0.0228  0.0228  0.0227  0.0229  0.0227  0.0226
  0.0259  0.0259  0.0259  0.0259  0.0245  0.0237  0.0225  0.0225  0.0225  0.0225  0.0225  0.0225
  0.0260  0.0260  0.0259  0.0250  0.0237  0.0229  0.0227  0.0228  0.0227  0.0228  0.0225  0.0227
  0.0264  0.0262  0.0260  0.0243  0.0239  0.0225  0.0234  0.0235  0.0231  0.0238  0.0227  0.0230
  0.0270  0.0267  0.0262  0.0239  0.0250  0.0231  0.0244  0.0248  0.0239  0.0255  0.0231  0.0236
niter,ni,del,rscale     6    3    5.0000    0.9000
parameters
    0.2110    8.2926   10.3638  -18.3335  -18.5095  -12.1595
    0.6929    6.4023   -1.5197   17.1689   -6.6997  -19.8594
eta,q 0.97735 10.11100
  0.0249  0.0236  0.0232  0.0258  0.0258  0.0257  0.0247  0.0254  0.0241  0.0254  0.0235  0.0236
  0.0236  0.0228  0.0227  0.0245  0.0244  0.0246  0.0236  0.0239  0.0233  0.0240  0.0231  0.0230
  0.0228  0.0224  0.0223  0.0233  0.0231  0.0234  0.0229  0.0229  0.0228  0.0231  0.0228  0.0227
  0.0225  0.0225  0.0224  0.0223  0.0224  0.0225  0.0227  0.0227  0.0227  0.0227  0.0227  0.0227
  0.0227  0.0232  0.0227  0.0221  0.0229  0.0229  0.0229  0.0230  0.0228  0.0228  0.0228  0.0228
  0.0234  0.0245  0.0234  0.0234  0.0249  0.0247  0.0236  0.0241  0.0234  0.0237  0.0231  0.0232
  0.0247  0.0263  0.0244  0.0274  0.0282  0.0293  0.0247  0.0257  0.0242  0.0253  0.0236  0.0237
niter,ni,del,rscale     5    3    5.0000    0.8000
parameters
    0.2022    8.4326   10.2892  -17.6703  -18.4764  -12.0181
    0.6659    6.3718   -1.4616   17.2563   -6.5962  -19.9737
eta,q 0.97769 10.14532
  0.0243  0.0244  0.0235  0.0258  0.0257  0.0255  0.0241  0.0247  0.0237  0.0246  0.0231  0.0232
  0.0234  0.0236  0.0230  0.0246  0.0244  0.0244  0.0231  0.0234  0.0229  0.0235  0.0227  0.0226
  0.0228  0.0230  0.0227  0.0235  0.0232  0.0234  0.0225  0.0226  0.0225  0.0227  0.0224  0.0224
  0.0226  0.0227  0.0226  0.0226  0.0224  0.0224  0.0223  0.0223  0.0223  0.0223  0.0223  0.0223
  0.0228  0.0227  0.0228  0.0222  0.0225  0.0223  0.0225  0.0226  0.0225  0.0225  0.0224  0.0225
  0.0234  0.0231  0.0231  0.0228  0.0238  0.0232  0.0231  0.0234  0.0229  0.0232  0.0226  0.0228
  0.0243  0.0240  0.0237  0.0252  0.0262  0.0261  0.0241  0.0248  0.0236  0.0246  0.0230  0.0232
niter,ni,del,rscale     4    3    5.0000    0.7000
parameters
    0.2021    8.4586   10.2337  -17.4919  -18.4092  -11.7781
    0.6213    6.3180   -1.4099   17.2502   -6.5503  -20.1075
eta,q 0.97783 10.16197
  0.0237  0.0236  0.0231  0.0248  0.0250  0.0249  0.0236  0.0241  0.0233  0.0240  0.0228  0.0229
  0.0229  0.0229  0.0226  0.0239  0.0239  0.0240  0.0228  0.0230  0.0227  0.0231  0.0225  0.0224
  0.0225  0.0225  0.0224  0.0230  0.0229  0.0231  0.0223  0.0224  0.0223  0.0224  0.0222  0.0222
  0.0223  0.0223  0.0223  0.0223  0.0223  0.0222  0.0222  0.0222  0.0222  0.0222  0.0222  0.0222
  0.0225  0.0224  0.0224  0.0221  0.0223  0.0222  0.0223  0.0224  0.0223  0.0223  0.0222  0.0223
  0.0229  0.0228  0.0227  0.0229  0.0234  0.0230  0.0228  0.0231  0.0226  0.0230  0.0224  0.0225
  0.0237  0.0236  0.0232  0.0252  0.0253  0.0250  0.0236  0.0241  0.0232  0.0241  0.0228  0.0229
niter,ni,del,rscale     3    3    5.0000    0.6000
parameters
    0.2053    8.4632   10.2267  -17.2687  -18.3714  -11.5553
    0.5872    6.2795   -1.3766   17.2170   -6.5047  -20.2060
eta,q 0.97794 10.17659
  0.0232  0.0232  0.0228  0.0242  0.0243  0.0243  0.0231  0.0235  0.0229  0.0235  0.0225  0.0226
  0.0226  0.0226  0.0225  0.0234  0.0234  0.0235  0.0225  0.0227  0.0224  0.0227  0.0223  0.0223
  0.0223  0.0223  0.0222  0.0227  0.0226  0.0227  0.0222  0.0222  0.0222  0.0222  0.0221  0.0221
  0.0222  0.0222  0.0222  0.0222  0.0221  0.0221  0.0221  0.0221  0.0221  0.0221  0.0221  0.0221
  0.0223  0.0223  0.0222  0.0220  0.0222  0.0222  0.0222  0.0222  0.0222  0.0222  0.0221  0.0222
  0.0226  0.0226  0.0225  0.0226  0.0230  0.0228  0.0226  0.0227  0.0224  0.0227  0.0223  0.0224
  0.0232  0.0232  0.0228  0.0242  0.0245  0.0242  0.0232  0.0235  0.0229  0.0236  0.0225  0.0227
niter,ni,del,rscale     2    3    5.0000    0.5000
parameters
    0.2050    8.4653   10.2232  -17.0667  -18.3405  -11.3728
    0.5557    6.2549   -1.3528   17.1815   -6.4322  -20.2786
eta,q 0.97800 10.18799
  0.0228  0.0228  0.0225  0.0236  0.0237  0.0237  0.0228  0.0230  0.0226  0.0230  0.0223  0.0224
  0.0224  0.0224  0.0223  0.0230  0.0229  0.0231  0.0223  0.0224  0.0223  0.0225  0.0222  0.0222
  0.0221  0.0222  0.0221  0.0224  0.0223  0.0224  0.0221  0.0221  0.0221  0.0221  0.0220  0.0220
  0.0221  0.0221  0.0221  0.0221  0.0220  0.0220  0.0220  0.0220  0.0220  0.0220  0.0220  0.0220
  0.0221  0.0221  0.0221  0.0220  0.0221  0.0221  0.0221  0.0221  0.0221  0.0221  0.0220  0.0221
  0.0224  0.0224  0.0223  0.0224  0.0227  0.0226  0.0224  0.0225  0.0223  0.0225  0.0221  0.0222
  0.0228  0.0228  0.0225  0.0236  0.0238  0.0236  0.0228  0.0230  0.0226  0.0231  0.0223  0.0224
niter,ni,del,rscale     1    3    5.0000    0.4000
parameters
    0.2023    8.4641   10.2219  -16.8916  -18.3206  -11.2476
    0.5410    6.2340   -1.3336   17.1609   -6.3768  -20.3375
eta,q 0.97803 10.19641
  0.0225  0.0225  0.0223  0.0231  0.0231  0.0232  0.0225  0.0226  0.0224  0.0227  0.0222  0.0222
  0.0222  0.0222  0.0221  0.0226  0.0226  0.0227  0.0222  0.0223  0.0221  0.0223  0.0221  0.0221
  0.0221  0.0221  0.0220  0.0222  0.0222  0.0222  0.0220  0.0220  0.0220  0.0221  0.0220  0.0220
  0.0220  0.0220  0.0220  0.0220  0.0220  0.0220  0.0220  0.0220  0.0220  0.0220  0.0220  0.0220
  0.0221  0.0221  0.0220  0.0220  0.0221  0.0221  0.0220  0.0220  0.0220  0.0221  0.0220  0.0220
  0.0222  0.0222  0.0221  0.0223  0.0225  0.0224  0.0222  0.0223  0.0221  0.0223  0.0221  0.0221
  0.0225  0.0225  0.0223  0.0230  0.0232  0.0231  0.0225  0.0226  0.0224  0.0227  0.0222  0.0223
registration optimization eta report
parameter search radius
    0.8000    0.8000    0.8000    2.7600    2.4000    2.7600
    2.4000    2.4000    2.4000    2.4000    2.4000    2.4000
100000*second partial in parameter space
       81.       74.       48.       14.       20.       15.
        9.       12.        7.       12.        4.        5.
  0.0225  0.0225  0.0223  0.0231  0.0231  0.0232  0.0225  0.0226  0.0224  0.0227  0.0222  0.0222
  0.0222  0.0222  0.0221  0.0226  0.0226  0.0227  0.0222  0.0223  0.0221  0.0223  0.0221  0.0221
  0.0221  0.0221  0.0220  0.0222  0.0222  0.0222  0.0220  0.0220  0.0220  0.0221  0.0220  0.0220
  0.0220  0.0220  0.0220  0.0220  0.0220  0.0220  0.0220  0.0220  0.0220  0.0220  0.0220  0.0220
  0.0221  0.0221  0.0220  0.0220  0.0221  0.0221  0.0220  0.0220  0.0220  0.0221  0.0220  0.0220
  0.0222  0.0222  0.0221  0.0223  0.0225  0.0224  0.0222  0.0223  0.0221  0.0223  0.0221  0.0221
  0.0225  0.0225  0.0223  0.0230  0.0232  0.0231  0.0225  0.0226  0.0224  0.0227  0.0222  0.0223
    0.2023    8.4641   10.2219  -16.8916  -18.3206  -11.2476
    0.5410    6.2340   -1.3336   17.1609   -6.3768  -20.3375
eta,q 0.97803 10.19641

---------------------------------------------------------------------
imgreg_4dfp /opt/freesurfer/average/711-2C_as_mni_average_305 /opt/freesurfer/average/711-2B_as_mni_average_305_mask talsrcimg_g11 none talsrcimg_to_711-2C_as_mni_average_305_t4 2311
---------------------------------------------------------------------

freesurfer imgreg_4dfp.c
/opt/freesurfer/average/711-2C_as_mni_average_305.4dfp.img
       256       256       256         1
  1.000000  1.000000  1.000000
orientation T byte_order littleendian
Reading image: /opt/freesurfer/average/711-2C_as_mni_average_305.4dfp.img
dimensions:      256       256       256
mmppix:       1.0000   -1.0000   -1.0000
center:     128.0000 -129.0000 -129.0000
/opt/freesurfer/average/711-2B_as_mni_average_305_mask.4dfp.img
       256       256       256         1
  1.000000  1.000000  1.000000
orientation T byte_order littleendian
Reading mask: /opt/freesurfer/average/711-2B_as_mni_average_305_mask.4dfp.img (2306576 pixels)
talsrcimg_g11.4dfp.img
       256       256       256         1
  1.000000  1.000000  1.000000
orientation T byte_order littleendian
Reading image: talsrcimg_g11.4dfp.img
dimensions:      256       256       256
mmppix:       1.0000   -1.0000   -1.0000
center:     128.0000 -129.0000 -129.0000
fimgreg.f
image alignment mode   2311 decimal      907 hex
parameters
    0.2023    8.4641   10.2219  -16.8916  -18.3206  -11.2476
    0.5410    6.2340   -1.3336   17.1609   -6.3768  -20.3375
eta,q 0.97803 10.19642
niter,ni,del,rscale     5    3    5.0000    0.8000
parameters
    0.1792    8.4115   10.1885  -17.5516  -18.6497  -11.6933
    0.5809    6.2705   -1.3788   17.2835   -6.5528  -20.1746
eta,q 0.97777 10.15754
  0.0240  0.0237  0.0231  0.0241  0.0252  0.0245  0.0240  0.0247  0.0235  0.0246  0.0229  0.0233
  0.0229  0.0228  0.0225  0.0232  0.0239  0.0236  0.0230  0.0233  0.0228  0.0234  0.0225  0.0226
  0.0222  0.0222  0.0221  0.0224  0.0227  0.0227  0.0224  0.0225  0.0224  0.0226  0.0223  0.0223
  0.0220  0.0220  0.0220  0.0220  0.0221  0.0222  0.0222  0.0222  0.0222  0.0222  0.0222  0.0222
  0.0222  0.0222  0.0221  0.0222  0.0225  0.0225  0.0224  0.0225  0.0224  0.0224  0.0223  0.0223
  0.0229  0.0229  0.0225  0.0237  0.0241  0.0236  0.0230  0.0233  0.0228  0.0232  0.0226  0.0226
  0.0242  0.0241  0.0232  0.0268  0.0268  0.0265  0.0240  0.0246  0.0236  0.0245  0.0230  0.0231
niter,ni,del,rscale     4    3    5.0000    0.7000
parameters
    0.2036    8.5118   10.2202  -17.2233  -18.5716  -11.5405
    0.5781    6.2939   -1.3578   17.2175   -6.5150  -20.1628
eta,q 0.97791 10.17337
  0.0237  0.0237  0.0231  0.0243  0.0250  0.0243  0.0236  0.0241  0.0232  0.0239  0.0227  0.0229
  0.0229  0.0230  0.0226  0.0235  0.0238  0.0235  0.0227  0.0229  0.0226  0.0230  0.0224  0.0224
  0.0224  0.0225  0.0223  0.0228  0.0228  0.0227  0.0222  0.0223  0.0222  0.0223  0.0222  0.0221
  0.0222  0.0222  0.0222  0.0222  0.0221  0.0221  0.0221  0.0221  0.0221  0.0221  0.0221  0.0221
  0.0224  0.0223  0.0223  0.0220  0.0222  0.0222  0.0222  0.0223  0.0222  0.0223  0.0221  0.0222
  0.0228  0.0227  0.0226  0.0226  0.0233  0.0228  0.0227  0.0230  0.0226  0.0230  0.0224  0.0224
  0.0236  0.0234  0.0230  0.0242  0.0252  0.0244  0.0236  0.0240  0.0232  0.0241  0.0227  0.0228
niter,ni,del,rscale     3    3    5.0000    0.6000
parameters
    0.2025    8.5028   10.2070  -17.0586  -18.4924  -11.3725
    0.5542    6.2685   -1.3374   17.1526   -6.4764  -20.2196
eta,q 0.97798 10.18434
  0.0232  0.0231  0.0227  0.0237  0.0243  0.0238  0.0231  0.0235  0.0229  0.0235  0.0225  0.0226
  0.0226  0.0225  0.0224  0.0231  0.0234  0.0231  0.0225  0.0226  0.0224  0.0227  0.0222  0.0223
  0.0222  0.0222  0.0222  0.0225  0.0225  0.0225  0.0221  0.0222  0.0221  0.0222  0.0221  0.0221
  0.0221  0.0221  0.0221  0.0221  0.0220  0.0220  0.0220  0.0220  0.0220  0.0220  0.0220  0.0220
  0.0222  0.0222  0.0222  0.0220  0.0221  0.0221  0.0221  0.0222  0.0221  0.0222  0.0221  0.0221
  0.0226  0.0225  0.0224  0.0225  0.0229  0.0227  0.0225  0.0227  0.0224  0.0227  0.0222  0.0223
  0.0232  0.0231  0.0228  0.0238  0.0244  0.0237  0.0232  0.0235  0.0229  0.0236  0.0225  0.0226
niter,ni,del,rscale     2    3    5.0000    0.5000
parameters
    0.2027    8.4919   10.2090  -16.9153  -18.4308  -11.2505
    0.5414    6.2432   -1.3268   17.1290   -6.4239  -20.2830
eta,q 0.97802 10.19282
  0.0228  0.0227  0.0225  0.0232  0.0237  0.0233  0.0228  0.0230  0.0226  0.0230  0.0223  0.0224
  0.0224  0.0223  0.0222  0.0227  0.0229  0.0228  0.0223  0.0224  0.0223  0.0225  0.0221  0.0221
  0.0221  0.0221  0.0221  0.0223  0.0223  0.0223  0.0221  0.0221  0.0221  0.0221  0.0220  0.0220
  0.0220  0.0220  0.0220  0.0220  0.0220  0.0220  0.0220  0.0220  0.0220  0.0220  0.0220  0.0220
  0.0221  0.0221  0.0221  0.0220  0.0221  0.0221  0.0221  0.0221  0.0221  0.0221  0.0220  0.0220
  0.0224  0.0223  0.0222  0.0224  0.0227  0.0225  0.0223  0.0225  0.0223  0.0225  0.0221  0.0222
  0.0228  0.0228  0.0225  0.0232  0.0237  0.0232  0.0228  0.0230  0.0226  0.0231  0.0223  0.0224
niter,ni,del,rscale     1    3    5.0000    0.4000
parameters
    0.2002    8.4841   10.2091  -16.7824  -18.3863  -11.1809
    0.5227    6.2320   -1.3208   17.1284   -6.3765  -20.3515
eta,q 0.97804 10.19936
  0.0225  0.0224  0.0223  0.0228  0.0231  0.0229  0.0225  0.0226  0.0224  0.0227  0.0222  0.0222
  0.0222  0.0222  0.0221  0.0225  0.0226  0.0225  0.0222  0.0222  0.0221  0.0223  0.0221  0.0221
  0.0220  0.0220  0.0220  0.0222  0.0222  0.0221  0.0220  0.0220  0.0220  0.0220  0.0220  0.0220
  0.0220  0.0220  0.0220  0.0220  0.0220  0.0220  0.0220  0.0220  0.0220  0.0220  0.0220  0.0220
  0.0220  0.0220  0.0220  0.0220  0.0220  0.0221  0.0220  0.0220  0.0220  0.0220  0.0220  0.0220
  0.0222  0.0222  0.0221  0.0222  0.0224  0.0224  0.0222  0.0223  0.0221  0.0223  0.0221  0.0221
  0.0225  0.0225  0.0223  0.0228  0.0231  0.0228  0.0225  0.0226  0.0224  0.0227  0.0222  0.0222
registration optimization eta report
parameter search radius
    0.8000    0.8000    0.8000    2.4000    2.4000    2.4000
    2.4000    2.4000    2.4000    2.4000    2.4000    2.4000
100000*second partial in parameter space
       82.       75.       49.       14.       20.       16.
        9.       12.        7.       12.        4.        5.
  0.0225  0.0224  0.0223  0.0228  0.0231  0.0229  0.0225  0.0226  0.0224  0.0227  0.0222  0.0222
  0.0222  0.0222  0.0221  0.0225  0.0226  0.0225  0.0222  0.0222  0.0221  0.0223  0.0221  0.0221
  0.0220  0.0220  0.0220  0.0222  0.0222  0.0221  0.0220  0.0220  0.0220  0.0220  0.0220  0.0220
  0.0220  0.0220  0.0220  0.0220  0.0220  0.0220  0.0220  0.0220  0.0220  0.0220  0.0220  0.0220
  0.0220  0.0220  0.0220  0.0220  0.0220  0.0221  0.0220  0.0220  0.0220  0.0220  0.0220  0.0220
  0.0222  0.0222  0.0221  0.0222  0.0224  0.0224  0.0222  0.0223  0.0221  0.0223  0.0221  0.0221
  0.0225  0.0225  0.0223  0.0228  0.0231  0.0228  0.0225  0.0226  0.0224  0.0227  0.0222  0.0222
    0.2002    8.4841   10.2091  -16.7824  -18.3863  -11.1809
    0.5227    6.2320   -1.3208   17.1284   -6.3765  -20.3515
eta,q 0.97804 10.19936

---------------------------------------------------------------------
compute_vox2vox talsrcimg talsrcimg_to_711-2C_as_mni_average_305_t4 /opt/freesurfer/average/711-2C_as_mni_average_305
---------------------------------------------------------------------

freesurfer compute_vox2vox.c
Reading: talsrcimg.4dfp.ifh
Reading: talsrcimg_to_711-2C_as_mni_average_305_t4
Reading: /opt/freesurfer/average/711-2C_as_mni_average_305.4dfp.ifh
Writing: talsrcimg_to_711-2C_as_mni_average_305_t4_vox2vox.txt

start time Fri Mar 13 05:55:51 CET 2026
end		time Fri Mar 13 05:57:24 CET 2026

mpr2mni305 success

avi2talxfm orig_nu.mgz /opt/freesurfer/average/mni305.cor.mgz talsrcimg_to_711-2C_as_mni_average_305_t4_vox2vox.txt transforms/talairach.auto.xfm
avi2talxfm done
mv -f /out/sourcedata/freesurfer/sub-v2s4x29628_ses-1/mri/talsrcimg_to_711-2C_as_mni_average_305_t4_vox2vox.txt /out/sourcedata/freesurfer/sub-v2s4x29628_ses-1/mri/transforms/talsrcimg_to_711-2C_as_mni_average_305_t4_vox2vox.txt
lta_convert --src orig_nu.mgz --trg /opt/freesurfer/average/mni305.cor.mgz --inxfm transforms/talairach.auto.xfm --outlta transforms/talairach.auto.xfm.lta --subject fsaverage
7.3.2

--src: orig_nu.mgz src image (geometry).
--trg: /opt/freesurfer/average/mni305.cor.mgz trg image (geometry).
--inmni: transforms/talairach.auto.xfm input MNI/XFM transform.
--outlta: transforms/talairach.auto.xfm.lta output LTA.
--s: fsaverage subject name
 LTA read, type : 1
 1.19521  -0.07861  -0.02726  -4.23000;
 0.08610   1.06856   0.26591  -5.54583;
 0.00127  -0.22553   1.16904  -10.79729;
 0.00000   0.00000   0.00000   1.00000;
setting subject to fsaverage
Writing  LTA to file transforms/talairach.auto.xfm.lta...
lta_convert successful.
 
 
Started at Fri Mar 13 05:55:50 CET 2026
Ended   at Fri Mar 13 05:57:25 CET 2026
talairach_avi done
