status file for recon-all
Fri Mar 13 03:49:30 CET 2026
#@# MotionCor Fri Mar 13 03:49:32 CET 2026
#@# Talairach Fri Mar 13 03:49:37 CET 2026
#@# Talairach Failure Detection Fri Mar 13 03:52:29 CET 2026
#@# Nu Intensity Correction Fri Mar 13 03:52:29 CET 2026
#@# Intensity Normalization Fri Mar 13 03:55:14 CET 2026
recon-all -s sub-v2s4x29591_ses-1 finished without error at Fri Mar 13 03:56:10 CET 2026



#New# invocation of recon-all 



status file for recon-all
Fri Mar 13 04:01:52 CET 2026
#@# EM Registration Fri Mar 13 04:01:52 CET 2026
recon-all -s sub-v2s4x29591_ses-1 finished without error at Fri Mar 13 04:04:20 CET 2026



#New# invocation of recon-all 



status file for recon-all
Fri Mar 13 04:04:22 CET 2026
#@# CA Normalize Fri Mar 13 04:04:22 CET 2026
#@# CA Reg Fri Mar 13 04:05:17 CET 2026
#@# SubCort Seg Fri Mar 13 04:45:57 CET 2026
#@# CC Seg Fri Mar 13 05:06:31 CET 2026
#@# Merge ASeg Fri Mar 13 05:06:58 CET 2026
#@# Intensity Normalization2 Fri Mar 13 05:06:58 CET 2026
#@# Mask BFS Fri Mar 13 05:08:24 CET 2026
#@# WM Segmentation Fri Mar 13 05:08:25 CET 2026
#@# Fill Fri Mar 13 05:10:05 CET 2026
recon-all -s sub-v2s4x29591_ses-1 finished without error at Fri Mar 13 05:10:43 CET 2026



#New# invocation of recon-all 



status file for recon-all
Fri Mar 13 06:20:02 CET 2026
#@# white curv lh Fri Mar 13 06:20:02 CET 2026
#@# white area lh Fri Mar 13 06:20:02 CET 2026
#@# pial curv lh Fri Mar 13 06:20:02 CET 2026
#@# pial area lh Fri Mar 13 06:20:02 CET 2026
#@# thickness lh Fri Mar 13 06:20:02 CET 2026
#@# area and vertex vol lh Fri Mar 13 06:20:02 CET 2026
#@# white curv rh Fri Mar 13 06:20:02 CET 2026
#@# white area rh Fri Mar 13 06:20:02 CET 2026
#@# pial curv rh Fri Mar 13 06:20:02 CET 2026
#@# pial area rh Fri Mar 13 06:20:02 CET 2026
#@# thickness rh Fri Mar 13 06:20:02 CET 2026
#@# area and vertex vol rh Fri Mar 13 06:20:02 CET 2026
#@# Cortical ribbon mask Fri Mar 13 06:20:02 CET 2026
recon-all -s sub-v2s4x29591_ses-1 finished without error at Fri Mar 13 06:23:23 CET 2026



#New# invocation of recon-all 



status file for recon-all
Fri Mar 13 06:27:25 CET 2026
#@# white curv lh Fri Mar 13 06:27:25 CET 2026
#@# white area lh Fri Mar 13 06:27:25 CET 2026
#@# pial curv lh Fri Mar 13 06:27:25 CET 2026
#@# pial area lh Fri Mar 13 06:27:25 CET 2026
#@# thickness lh Fri Mar 13 06:27:25 CET 2026
#@# area and vertex vol lh Fri Mar 13 06:27:25 CET 2026
#@# white curv rh Fri Mar 13 06:27:25 CET 2026
#@# white area rh Fri Mar 13 06:27:25 CET 2026
#@# pial curv rh Fri Mar 13 06:27:25 CET 2026
#@# pial area rh Fri Mar 13 06:27:25 CET 2026
#@# thickness rh Fri Mar 13 06:27:25 CET 2026
#@# area and vertex vol rh Fri Mar 13 06:27:25 CET 2026
#@# Curvature Stats lh Fri Mar 13 06:27:25 CET 2026
#@# Curvature Stats rh Fri Mar 13 06:27:26 CET 2026
#@# Relabel Hypointensities Fri Mar 13 06:27:28 CET 2026
#@# APas-to-ASeg Fri Mar 13 06:27:37 CET 2026
#@# AParc-to-ASeg aparc Fri Mar 13 06:27:42 CET 2026
#@# AParc-to-ASeg aparc.a2009s Fri Mar 13 06:28:02 CET 2026
#@# AParc-to-ASeg aparc.DKTatlas Fri Mar 13 06:28:24 CET 2026
#@# WMParc Fri Mar 13 06:28:46 CET 2026
#@# ASeg Stats Fri Mar 13 06:30:23 CET 2026
recon-all -s sub-v2s4x29591_ses-1 finished without error at Fri Mar 13 06:30:45 CET 2026
