/out/sourcedata/freesurfer/sub-v2s4x29585_ses-1/mri
/opt/freesurfer/bin/talairach_avi
--i orig_nu.mgz --xfm transforms/talairach.auto.xfm
talairach_avi 7.3.2
Linux dna038 5.14.0-427.37.1.el9_4.x86_64 #1 SMP PREEMPT_DYNAMIC Fri Sep 13 12:41:50 EDT 2024 x86_64 x86_64 x86_64 GNU/Linux
Fri Mar 13 03:44:48 CET 2026
mri_convert orig_nu.mgz talsrcimg.img 
reading from orig_nu.mgz...
TR=0.00, TE=0.00, TI=0.00, flip angle=0.00
i_ras = (-1, -1.46197e-12, 0)
j_ras = (0, -6.15686e-11, -1)
k_ras = (0, 1, 1.16415e-10)
writing to talsrcimg.img...
Analyze Output Matrix
-1.00000   0.00000   0.00000   136.51593;
-0.00000  -0.00000   1.00000  -127.21429;
 0.00000  -1.00000   0.00000   115.11713;
 0.00000   0.00000   0.00000   1.00000;
--------------------
INFO: set hdr.hist.orient to -1
mpr2mni305 talsrcimg
Fri Mar 13 03:44:48 CET 2026
/opt/freesurfer/bin/mpr2mni305 talsrcimg
mpr2mni305 7.3.2
target=711-2C_as_mni_average_305

---------------------------------------------------------------------
analyzeto4dfp talsrcimg -O0 -y
---------------------------------------------------------------------

freesurfer ifh2hdr.c
Fri Mar 13 03:44:48 2026
Writing: talsrcimg.4dfp.hdr
freesurfer analyzeto4dfp.c
Reading: talsrcimg.hdr
header size 348 bytes
hdr.dime.datatype	offset=70	value=2
hdr.dime.bitpix		offset=72	value=8
hdr.hist.orient		offset=252	value=-1
dimensionality     4
dimensions       256       256       256         1
Reading: talsrcimg.img
Writing: talsrcimg.4dfp.img
Writing: talsrcimg.4dfp.ifh
ifh2hdr talsrcimg -r0to255
ori=2

---------------------------------------------------------------------
gauss_4dfp talsrcimg 1.1
---------------------------------------------------------------------

freesurfer gauss_4dfp.c
Reading: talsrcimg.4dfp.img
Writing: talsrcimg_g11.4dfp.img
image dimensions 256 256 256 padded to 288 288 288
processing volume 1freesurfer ifh2hdr.c
Fri Mar 13 03:44:50 2026
Writing: talsrcimg_g11.4dfp.hdr

Writing: talsrcimg_g11.4dfp.ifh
including: talsrcimg.4dfp.img.rec in talsrcimg_g11.4dfp.img.rec

---------------------------------------------------------------------
imgreg_4dfp /opt/freesurfer/average/711-2C_as_mni_average_305 none talsrcimg_g11 none talsrcimg_to_711-2C_as_mni_average_305_t4 4355
---------------------------------------------------------------------

freesurfer imgreg_4dfp.c
/opt/freesurfer/average/711-2C_as_mni_average_305.4dfp.img
       256       256       256         1
  1.000000  1.000000  1.000000
orientation T byte_order littleendian
Reading image: /opt/freesurfer/average/711-2C_as_mni_average_305.4dfp.img
dimensions:      256       256       256
mmppix:       1.0000   -1.0000   -1.0000
center:     128.0000 -129.0000 -129.0000
talsrcimg_g11.4dfp.img
       256       256       256         1
  1.000000  1.000000  1.000000
orientation T byte_order littleendian
Reading image: talsrcimg_g11.4dfp.img
dimensions:      256       256       256
mmppix:       1.0000   -1.0000   -1.0000
center:     128.0000 -129.0000 -129.0000
t4_read: open error in t4_sub.f l:  41 t4_file(1:l)talsrcimg_to_711-2C_as_mni_average_305_t4 
t4_read: transform initialized to I4
rotation matrix determinant  1.000000
image alignment mode   4355 decimal     1103 hex
   -7.5000  -45.0000  -45.0000 6676.0552   12.4715
    0.0000  -45.0000  -45.0000 6913.2500   12.4903
    7.5000  -45.0000  -45.0000 6591.9263   12.5216
   -7.5000  -37.5000  -45.0000 7167.4922   12.2330
    0.0000  -37.5000  -45.0000 7439.5552   12.2521
    7.5000  -37.5000  -45.0000 7084.5034   12.2845
   -7.5000  -30.0000  -45.0000 7964.9785   12.0797
    0.0000  -30.0000  -45.0000 8289.3281   12.1002
    7.5000  -30.0000  -45.0000 7877.6460   12.1294
   -7.5000  -22.5000  -45.0000 8822.4883   12.0325
    0.0000  -22.5000  -45.0000 9179.4551   12.0560
    7.5000  -22.5000  -45.0000 8710.2568   12.0791
   -7.5000  -15.0000  -45.0000 9642.6162   12.0247
    0.0000  -15.0000  -45.000010052.7471   12.0492
    7.5000  -15.0000  -45.0000 9558.8809   12.0691
   -7.5000   -7.5000  -45.000010430.6846   12.0089
    0.0000   -7.5000  -45.000010868.4707   12.0318
    7.5000   -7.5000  -45.000010343.2314   12.0549
   -7.5000    0.0000  -45.000011217.0029   12.0028
    0.0000    0.0000  -45.000011682.9746   12.0226
    7.5000    0.0000  -45.000011111.5752   12.0510
   -7.5000    7.5000  -45.000011174.8174   12.0123
    0.0000    7.5000  -45.000011656.1230   12.0306
    7.5000    7.5000  -45.000011037.9746   12.0617
   -7.5000   15.0000  -45.000010930.2471   12.0260
    0.0000   15.0000  -45.000011416.8311   12.0464
    7.5000   15.0000  -45.000010778.8770   12.0754
   -7.5000   22.5000  -45.000010517.1934   12.0306
    0.0000   22.5000  -45.000010922.5986   12.0541
    7.5000   22.5000  -45.000010321.9883   12.0772
   -7.5000   30.0000  -45.000010067.0635   11.8644
    0.0000   30.0000  -45.000010417.3193   11.8887
    7.5000   30.0000  -45.0000 9842.1377   11.9083
   -7.5000   37.5000  -45.0000 9901.7871   11.8489
    0.0000   37.5000  -45.000010248.9014   11.8715
    7.5000   37.5000  -45.0000 9691.3096   11.8943
   -7.5000   45.0000  -45.0000 9245.9482   11.5422
    0.0000   45.0000  -45.0000 9557.6582   11.5612
    7.5000   45.0000  -45.0000 9037.1875   11.5884
   -7.5000  -45.0000  -37.5000 7033.0767   12.3951
    0.0000  -45.0000  -37.5000 7290.2900   12.4143
    7.5000  -45.0000  -37.5000 6962.8530   12.4446
   -7.5000  -37.5000  -37.5000 7567.0601   12.1637
    0.0000  -37.5000  -37.5000 7859.1763   12.1818
    7.5000  -37.5000  -37.5000 7494.5972   12.2114
   -7.5000  -30.0000  -37.5000 8453.8066   12.0192
    0.0000  -30.0000  -37.5000 8783.7910   12.0384
    7.5000  -30.0000  -37.5000 8356.1289   12.0655
   -7.5000  -22.5000  -37.5000 9350.8291   11.9738
    0.0000  -22.5000  -37.5000 9730.0762   11.9975
    7.5000  -22.5000  -37.5000 9240.7646   12.0209
   -7.5000  -15.0000  -37.500010243.1904   11.9616
    0.0000  -15.0000  -37.500010671.2305   11.9876
    7.5000  -15.0000  -37.500010138.2744   12.0092
   -7.5000   -7.5000  -37.500011089.2236   11.9393
    0.0000   -7.5000  -37.500011547.1025   11.9635
    7.5000   -7.5000  -37.500010964.4043   11.9877
   -7.5000    0.0000  -37.500011906.5195   11.9307
    0.0000    0.0000  -37.500012393.4443   11.9510
    7.5000    0.0000  -37.500011766.9541   11.9784
   -7.5000    7.5000  -37.500011838.7002   11.9456
    0.0000    7.5000  -37.500012339.8027   11.9630
    7.5000    7.5000  -37.500011684.9707   11.9913
   -7.5000   15.0000  -37.500011598.2832   11.9661
    0.0000   15.0000  -37.500012087.5889   11.9851
    7.5000   15.0000  -37.500011410.0361   12.0120
   -7.5000   22.5000  -37.500011118.3926   11.9719
    0.0000   22.5000  -37.500011564.6592   11.9956
    7.5000   22.5000  -37.500010918.1133   12.0190
   -7.5000   30.0000  -37.500010606.2412   11.8022
    0.0000   30.0000  -37.500010991.5381   11.8279
    7.5000   30.0000  -37.500010386.9844   11.8492
   -7.5000   37.5000  -37.500010473.4180   11.7802
    0.0000   37.5000  -37.500010847.3340   11.8041
    7.5000   37.5000  -37.500010243.0088   11.8280
   -7.5000   45.0000  -37.5000 9770.2764   11.4728
    0.0000   45.0000  -37.500010116.5244   11.4923
    7.5000   45.0000  -37.5000 9563.1914   11.5187
   -7.5000  -45.0000  -30.0000 7555.3076   12.8950
    0.0000  -45.0000  -30.0000 7828.2202   12.9113
    7.5000  -45.0000  -30.0000 7474.3940   12.9366
   -7.5000  -37.5000  -30.0000 8158.7134   12.6591
    0.0000  -37.5000  -30.0000 8468.0469   12.6716
    7.5000  -37.5000  -30.0000 8062.8271   12.6938
   -7.5000  -30.0000  -30.0000 9127.1357   12.5137
    0.0000  -30.0000  -30.0000 9468.4424   12.5260
    7.5000  -30.0000  -30.0000 8998.0928   12.5463
   -7.5000  -22.5000  -30.000010114.0918   12.4655
    0.0000  -22.5000  -30.000010493.0645   12.4846
    7.5000  -22.5000  -30.0000 9973.1133   12.5050
   -7.5000  -15.0000  -30.000011077.9941   12.4477
    0.0000  -15.0000  -30.000011498.1289   12.4721
    7.5000  -15.0000  -30.000010929.1318   12.4938
   -7.5000   -7.5000  -30.000011983.6152   12.4201
    0.0000   -7.5000  -30.000012460.0273   12.4434
    7.5000   -7.5000  -30.000011835.8477   12.4667
   -7.5000    0.0000  -30.000012828.5107   12.4115
    0.0000    0.0000  -30.000013357.4795   12.4292
    7.5000    0.0000  -30.000012677.8105   12.4523
   -7.5000    7.5000  -30.000012777.7344   12.4325
    0.0000    7.5000  -30.000013306.1797   12.4444
    7.5000    7.5000  -30.000012584.7129   12.4656
   -7.5000   15.0000  -30.000012519.2832   12.4586
    0.0000   15.0000  -30.000012996.8740   12.4707
    7.5000   15.0000  -30.000012297.5645   12.4910
   -7.5000   22.5000  -30.000012000.5703   12.4622
    0.0000   22.5000  -30.000012450.7178   12.4813
    7.5000   22.5000  -30.000011766.0518   12.5018
   -7.5000   30.0000  -30.000011387.0078   12.2830
    0.0000   30.0000  -30.000011794.9092   12.3071
    7.5000   30.0000  -30.000011158.3604   12.3285
   -7.5000   37.5000  -30.000011241.1875   12.2558
    0.0000   37.5000  -30.000011642.3486   12.2787
    7.5000   37.5000  -30.000010994.9580   12.3017
   -7.5000   45.0000  -30.000010496.6387   11.9439
    0.0000   45.0000  -30.000010889.6875   11.9610
    7.5000   45.0000  -30.000010301.3066   11.9832
   -7.5000  -45.0000  -22.5000 8084.1064   13.3362
    0.0000  -45.0000  -22.5000 8384.5527   13.3476
    7.5000  -45.0000  -22.5000 7984.2734   13.3676
   -7.5000  -37.5000  -22.5000 8759.5293   13.0923
    0.0000  -37.5000  -22.5000 9093.8613   13.0986
    7.5000  -37.5000  -22.5000 8642.1953   13.1147
   -7.5000  -30.0000  -22.5000 9818.4336   12.9394
    0.0000  -30.0000  -22.500010184.6318   12.9447
    7.5000  -30.0000  -22.5000 9678.3398   12.9593
   -7.5000  -22.5000  -22.500010889.2725   12.8878
    0.0000  -22.5000  -22.500011298.7715   12.9006
    7.5000  -22.5000  -22.500010735.5781   12.9168
   -7.5000  -15.0000  -22.500011915.9004   12.8694
    0.0000  -15.0000  -22.500012343.7373   12.8890
    7.5000  -15.0000  -22.500011738.9463   12.9081
   -7.5000   -7.5000  -22.500012907.4023   12.8432
    0.0000   -7.5000  -22.500013377.6680   12.8623
    7.5000   -7.5000  -22.500012714.0703   12.8825
   -7.5000    0.0000  -22.500013815.1670   12.8366
    0.0000    0.0000  -22.500014331.3340   12.8498
    7.5000    0.0000  -22.500013591.2568   12.8680
   -7.5000    7.5000  -22.500013766.4873   12.8579
    0.0000    7.5000  -22.500014268.7363   12.8639
    7.5000    7.5000  -22.500013498.3818   12.8792
   -7.5000   15.0000  -22.500013479.3564   12.8825
    0.0000   15.0000  -22.500013940.6914   12.8877
    7.5000   15.0000  -22.500013195.2227   12.9022
   -7.5000   22.5000  -22.500012931.7832   12.8835
    0.0000   22.5000  -22.500013381.4756   12.8963
    7.5000   22.5000  -22.500012650.5479   12.9126
   -7.5000   30.0000  -22.500012249.1221   12.7011
    0.0000   30.0000  -22.500012660.5156   12.7204
    7.5000   30.0000  -22.500011964.0527   12.7392
   -7.5000   37.5000  -22.500012040.6641   12.6752
    0.0000   37.5000  -22.500012422.1104   12.6941
    7.5000   37.5000  -22.500011747.9082   12.7140
   -7.5000   45.0000  -22.500011245.1719   12.3623
    0.0000   45.0000  -22.500011644.6924   12.3750
    7.5000   45.0000  -22.500011030.0195   12.3925
   -7.5000  -45.0000  -15.0000 8635.8242   13.6562
    0.0000  -45.0000  -15.0000 8946.7627   13.6659
    7.5000  -45.0000  -15.0000 8506.5342   13.6857
   -7.5000  -37.5000  -15.0000 9377.6855   13.4020
    0.0000  -37.5000  -15.0000 9724.6182   13.4084
    7.5000  -37.5000  -15.0000 9239.8516   13.4259
   -7.5000  -30.0000  -15.000010528.8789   13.2379
    0.0000  -30.0000  -15.000010917.5479   13.2438
    7.5000  -30.0000  -15.000010356.3457   13.2594
   -7.5000  -22.5000  -15.000011658.6396   13.1833
    0.0000  -22.5000  -15.000012095.1797   13.1954
    7.5000  -22.5000  -15.000011492.7881   13.2108
   -7.5000  -15.0000  -15.000012753.9922   13.1689
    0.0000  -15.0000  -15.000013211.0273   13.1863
    7.5000  -15.0000  -15.000012550.5664   13.2034
   -7.5000   -7.5000  -15.000013851.5791   13.1495
    0.0000   -7.5000  -15.000014350.4707   13.1663
    7.5000   -7.5000  -15.000013605.0713   13.1848
   -7.5000    0.0000  -15.000014850.3271   13.1459
    0.0000    0.0000  -15.000015369.8828   13.1576
    7.5000    0.0000  -15.000014529.7480   13.1755
   -7.5000    7.5000  -15.000014799.0801   13.1619
    0.0000    7.5000  -15.000015265.4375   13.1680
    7.5000    7.5000  -15.000014392.6758   13.1847
   -7.5000   15.0000  -15.000014473.9844   13.1796
    0.0000   15.0000  -15.000014918.6631   13.1855
    7.5000   15.0000  -15.000014061.6543   13.2010
   -7.5000   22.5000  -15.000013906.3926   13.1784
    0.0000   22.5000  -15.000014342.0332   13.1904
    7.5000   22.5000  -15.000013518.5205   13.2058
   -7.5000   30.0000  -15.000013131.9971   12.9985
    0.0000   30.0000  -15.000013557.0166   13.0156
    7.5000   30.0000  -15.000012770.0518   13.0326
   -7.5000   37.5000  -15.000012853.2539   12.9793
    0.0000   37.5000  -15.000013248.7686   12.9959
    7.5000   37.5000  -15.000012517.5947   13.0141
   -7.5000   45.0000  -15.000011997.0439   12.6678
    0.0000   45.0000  -15.000012393.8838   12.6790
    7.5000   45.0000  -15.000011752.0137   12.6963
   -7.5000  -45.0000   -7.5000 9208.4404   13.8170
    0.0000  -45.0000   -7.5000 9538.6367   13.8317
    7.5000  -45.0000   -7.5000 9069.7168   13.8588
   -7.5000  -37.5000   -7.500010010.8213   13.5549
    0.0000  -37.5000   -7.500010371.1182   13.5690
    7.5000  -37.5000   -7.5000 9842.2959   13.5965
   -7.5000  -30.0000   -7.500011217.4521   13.3842
    0.0000  -30.0000   -7.500011615.2217   13.3991
    7.5000  -30.0000   -7.500011016.1807   13.4238
   -7.5000  -22.5000   -7.500012441.4766   13.3304
    0.0000  -22.5000   -7.500012875.4824   13.3493
    7.5000  -22.5000   -7.500012216.1875   13.3696
   -7.5000  -15.0000   -7.500013607.7500   13.3213
    0.0000  -15.0000   -7.500014089.1045   13.3426
    7.5000  -15.0000   -7.500013364.1855   13.3614
   -7.5000   -7.5000   -7.500014792.5518   13.3061
    0.0000   -7.5000   -7.500015340.7305   13.3261
    7.5000   -7.5000   -7.500014499.5049   13.3473
   -7.5000    0.0000   -7.500015921.5283   13.3019
    0.0000    0.0000   -7.500016473.3047   13.3181
    7.5000    0.0000   -7.500015497.6807   13.3426
   -7.5000    7.5000   -7.500015853.0684   13.3121
    0.0000    7.5000   -7.500016341.6719   13.3256
    7.5000    7.5000   -7.500015317.2197   13.3520
   -7.5000   15.0000   -7.500015486.7568   13.3253
    0.0000   15.0000   -7.500015937.9023   13.3401
    7.5000   15.0000   -7.500014966.2266   13.3646
   -7.5000   22.5000   -7.500014890.2773   13.3240
    0.0000   22.5000   -7.500015339.1914   13.3428
    7.5000   22.5000   -7.500014401.7744   13.3631
   -7.5000   30.0000   -7.500014045.6299   13.1485
    0.0000   30.0000   -7.500014490.2705   13.1695
    7.5000   30.0000   -7.500013616.2686   13.1881
   -7.5000   37.5000   -7.500013670.2158   13.1336
    0.0000   37.5000   -7.500014084.4512   13.1533
    7.5000   37.5000   -7.500013286.3086   13.1742
   -7.5000   45.0000   -7.500012784.2041   12.8205
    0.0000   45.0000   -7.500013187.7314   12.8362
    7.5000   45.0000   -7.500012491.0234   12.8598
   -7.5000  -45.0000    0.0000 9709.1016   13.8467
    0.0000  -45.0000    0.000010072.5830   13.8674
    7.5000  -45.0000    0.0000 9567.1904   13.9019
   -7.5000  -37.5000    0.000010557.8125   13.5841
    0.0000  -37.5000    0.000010933.4082   13.6051
    7.5000  -37.5000    0.000010361.7510   13.6409
   -7.5000  -30.0000    0.000011827.3975   13.4156
    0.0000  -30.0000    0.000012240.1211   13.4383
    7.5000  -30.0000    0.000011593.3164   13.4706
   -7.5000  -22.5000    0.000013119.7344   13.3639
    0.0000  -22.5000    0.000013579.8740   13.3899
    7.5000  -22.5000    0.000012870.7949   13.4156
   -7.5000  -15.0000    0.000014364.1807   13.3552
    0.0000  -15.0000    0.000014877.1650   13.3822
    7.5000  -15.0000    0.000014095.1406   13.4044
   -7.5000   -7.5000    0.000015614.9268   13.3374
    0.0000   -7.5000    0.000016204.6729   13.3625
    7.5000   -7.5000    0.000015284.6113   13.3881
   -7.5000    0.0000    0.000016877.2480   13.3303
    0.0000    0.0000    0.000017513.5625   13.3521
    7.5000    0.0000    0.000016401.0703   13.3833
   -7.5000    7.5000    0.000016900.7734   13.3409
    0.0000    7.5000    0.000017441.3770   13.3611
    7.5000    7.5000    0.000016274.0791   13.3954
   -7.5000   15.0000    0.000016489.5957   13.3565
    0.0000   15.0000    0.000016989.7773   13.3789
    7.5000   15.0000    0.000015894.6924   13.4111
   -7.5000   22.5000    0.000015791.7266   13.3575
    0.0000   22.5000    0.000016295.3955   13.3834
    7.5000   22.5000    0.000015274.8379   13.4092
   -7.5000   30.0000    0.000014908.1660   13.1824
    0.0000   30.0000    0.000015403.2285   13.2091
    7.5000   30.0000    0.000014415.6387   13.2309
   -7.5000   37.5000    0.000014506.5225   13.1648
    0.0000   37.5000    0.000014990.9551   13.1896
    7.5000   37.5000    0.000014037.9668   13.2149
   -7.5000   45.0000    0.000013575.5527   12.8488
    0.0000   45.0000    0.000014023.6387   12.8699
    7.5000   45.0000    0.000013170.9121   12.9000
   -7.5000  -45.0000    7.5000 9464.8613   13.8484
    0.0000  -45.0000    7.5000 9812.4854   13.8699
    7.5000  -45.0000    7.5000 9321.9795   13.9038
   -7.5000  -37.5000    7.500010261.9609   13.5907
    0.0000  -37.5000    7.500010639.4795   13.6110
    7.5000  -37.5000    7.500010077.0381   13.6440
   -7.5000  -30.0000    7.500011493.8857   13.4294
    0.0000  -30.0000    7.500011915.1143   13.4508
    7.5000  -30.0000    7.500011287.0762   13.4810
   -7.5000  -22.5000    7.500012757.4619   13.3782
    0.0000  -22.5000    7.500013247.1582   13.4047
    7.5000  -22.5000    7.500012546.6641   13.4308
   -7.5000  -15.0000    7.500013973.9922   13.3641
    0.0000  -15.0000    7.500014528.4678   13.3932
    7.5000  -15.0000    7.500013733.4971   13.4173
   -7.5000   -7.5000    7.500015200.6318   13.3393
    0.0000   -7.5000    7.500015804.8047   13.3665
    7.5000   -7.5000    7.500014918.0312   13.3936
   -7.5000    0.0000    7.500016587.2012   13.3304
    0.0000    0.0000    7.500017249.1621   13.3530
    7.5000    0.0000    7.500016126.8164   13.3838
   -7.5000    7.5000    7.500016926.4062   13.3475
    0.0000    7.5000    7.500017505.9395   13.3668
    7.5000    7.5000    7.500016147.2471   13.3985
   -7.5000   15.0000    7.500016627.7090   13.3702
    0.0000   15.0000    7.500017156.0098   13.3914
    7.5000   15.0000    7.500015827.7207   13.4214
   -7.5000   22.5000    7.500015731.4863   13.3717
    0.0000   22.5000    7.500016290.1992   13.3982
    7.5000   22.5000    7.500015081.7373   13.4243
   -7.5000   30.0000    7.500014759.5742   13.1912
    0.0000   30.0000    7.500015327.8789   13.2198
    7.5000   30.0000    7.500014163.3203   13.2437
   -7.5000   37.5000    7.500014299.4521   13.1667
    0.0000   37.5000    7.500014875.4531   13.1935
    7.5000   37.5000    7.500013711.3369   13.2203
   -7.5000   45.0000    7.500013352.2480   12.8489
    0.0000   45.0000    7.500013866.5566   12.8708
    7.5000   45.0000    7.500012813.1680   12.9004
   -7.5000  -45.0000   15.0000 9110.2588   13.8471
    0.0000  -45.0000   15.0000 9471.2725   13.8646
    7.5000  -45.0000   15.0000 8994.6133   13.8918
   -7.5000  -37.5000   15.0000 9879.3613   13.5938
    0.0000  -37.5000   15.000010278.8779   13.6072
    7.5000  -37.5000   15.0000 9749.0098   13.6310
   -7.5000  -30.0000   15.000011033.7881   13.4377
    0.0000  -30.0000   15.000011487.0928   13.4509
    7.5000  -30.0000   15.000010921.0996   13.4727
   -7.5000  -22.5000   15.000012287.0771   13.3859
    0.0000  -22.5000   15.000012812.8740   13.4064
    7.5000  -22.5000   15.000012129.5322   13.4284
   -7.5000  -15.0000   15.000013513.9180   13.3668
    0.0000  -15.0000   15.000014121.8105   13.3930
    7.5000  -15.0000   15.000013313.8359   13.4163
   -7.5000   -7.5000   15.000014774.6660   13.3372
    0.0000   -7.5000   15.000015443.0117   13.3621
    7.5000   -7.5000   15.000014455.5605   13.3872
   -7.5000    0.0000   15.000016282.3799   13.3279
    0.0000    0.0000   15.000017012.3594   13.3470
    7.5000    0.0000   15.000015593.0762   13.3717
   -7.5000    7.5000   15.000016663.9531   13.3505
    0.0000    7.5000   15.000017370.8730   13.3633
    7.5000    7.5000   15.000015574.4482   13.3860
   -7.5000   15.0000   15.000016301.6582   13.3785
    0.0000   15.0000   15.000017056.5586   13.3915
    7.5000   15.0000   15.000015279.6309   13.4132
   -7.5000   22.5000   15.000015350.2598   13.3794
    0.0000   22.5000   15.000016113.0566   13.3999
    7.5000   22.5000   15.000014586.6416   13.4219
   -7.5000   30.0000   15.000014342.9570   13.1938
    0.0000   30.0000   15.000015042.9258   13.2197
    7.5000   30.0000   15.000013693.9355   13.2426
   -7.5000   37.5000   15.000013857.7109   13.1646
    0.0000   37.5000   15.000014491.8955   13.1892
    7.5000   37.5000   15.000013225.1064   13.2139
   -7.5000   45.0000   15.000012860.5830   12.8466
    0.0000   45.0000   15.000013383.7754   12.8649
    7.5000   45.0000   15.000012308.4023   12.8888
   -7.5000  -45.0000   22.5000 8670.9209   13.8441
    0.0000  -45.0000   22.5000 9033.5537   13.8559
    7.5000  -45.0000   22.5000 8569.8535   13.8767
   -7.5000  -37.5000   22.5000 9454.2910   13.5909
    0.0000  -37.5000   22.5000 9866.3857   13.5974
    7.5000  -37.5000   22.5000 9332.8955   13.6141
   -7.5000  -30.0000   22.500010614.7607   13.4322
    0.0000  -30.0000   22.500011075.4248   13.4377
    7.5000  -30.0000   22.500010449.9072   13.4528
   -7.5000  -22.5000   22.500011860.8154   13.3786
    0.0000  -22.5000   22.500012385.9072   13.3919
    7.5000  -22.5000   22.500011603.8203   13.4088
   -7.5000  -15.0000   22.500013069.9902   13.3595
    0.0000  -15.0000   22.500013678.5879   13.3798
    7.5000  -15.0000   22.500012730.7295   13.3997
   -7.5000   -7.5000   22.500014230.9717   13.3323
    0.0000   -7.5000   22.500014903.4316   13.3522
    7.5000   -7.5000   22.500013775.3730   13.3731
   -7.5000    0.0000   22.500015500.3721   13.3255
    0.0000    0.0000   22.500016225.3135   13.3392
    7.5000    0.0000   22.500014777.2979   13.3581
   -7.5000    7.5000   22.500015556.0811   13.3475
    0.0000    7.5000   22.500016265.9502   13.3538
    7.5000    7.5000   22.500014649.3594   13.3696
   -7.5000   15.0000   22.500015086.4893   13.3731
    0.0000   15.0000   22.500015855.7656   13.3785
    7.5000   15.0000   22.500014341.4014   13.3935
   -7.5000   22.5000   22.500014346.9922   13.3721
    0.0000   22.5000   22.500015132.4004   13.3854
    7.5000   22.5000   22.500013785.7500   13.4023
   -7.5000   30.0000   22.500013561.4766   13.1866
    0.0000   30.0000   22.500014295.5244   13.2067
    7.5000   30.0000   22.500013061.6045   13.2262
   -7.5000   37.5000   22.500013145.0635   13.1598
    0.0000   37.5000   22.500013812.0137   13.1794
    7.5000   37.5000   22.500012680.5664   13.2001
   -7.5000   45.0000   22.500012165.2217   12.8442
    0.0000   45.0000   22.500012717.1162   12.8574
    7.5000   45.0000   22.500011747.2529   12.8756
   -7.5000  -45.0000   30.0000 8151.3262   13.8457
    0.0000  -45.0000   30.0000 8479.0713   13.8556
    7.5000  -45.0000   30.0000 7974.4492   13.8757
   -7.5000  -37.5000   30.0000 8928.0693   13.5879
    0.0000  -37.5000   30.0000 9300.8389   13.5944
    7.5000  -37.5000   30.0000 8725.5479   13.6122
   -7.5000  -30.0000   30.000010032.2100   13.4215
    0.0000  -30.0000   30.000010445.2441   13.4276
    7.5000  -30.0000   30.0000 9761.3320   13.4434
   -7.5000  -22.5000   30.000011150.7871   13.3662
    0.0000  -22.5000   30.000011626.2412   13.3785
    7.5000  -22.5000   30.000010818.5527   13.3941
   -7.5000  -15.0000   30.000012208.8721   13.3516
    0.0000  -15.0000   30.000012713.7227   13.3692
    7.5000  -15.0000   30.000011860.6572   13.3866
   -7.5000   -7.5000   30.000013239.9209   13.3319
    0.0000   -7.5000   30.000013784.2627   13.3489
    7.5000   -7.5000   30.000012872.5869   13.3677
   -7.5000    0.0000   30.000014318.9834   13.3283
    0.0000    0.0000   30.000014886.3457   13.3401
    7.5000    0.0000   30.000013821.8389   13.3583
   -7.5000    7.5000   30.000014242.8994   13.3445
    0.0000    7.5000   30.000014813.8721   13.3507
    7.5000    7.5000   30.000013728.9805   13.3677
   -7.5000   15.0000   30.000013814.0928   13.3625
    0.0000   15.0000   30.000014402.4482   13.3685
    7.5000   15.0000   30.000013452.0928   13.3842
   -7.5000   22.5000   30.000013245.2314   13.3598
    0.0000   22.5000   30.000013798.7715   13.3720
    7.5000   22.5000   30.000012925.6074   13.3876
   -7.5000   30.0000   30.000012591.7549   13.1788
    0.0000   30.0000   30.000013088.1914   13.1962
    7.5000   30.0000   30.000012244.7852   13.2134
   -7.5000   37.5000   30.000012252.8379   13.1594
    0.0000   37.5000   30.000012741.8467   13.1761
    7.5000   37.5000   30.000011913.0566   13.1947
   -7.5000   45.0000   30.000011338.7666   12.8469
    0.0000   45.0000   30.000011780.4619   12.8583
    7.5000   45.0000   30.000011030.5850   12.8758
   -7.5000  -45.0000   37.5000 7807.0400   13.9891
    0.0000  -45.0000   37.5000 8110.1201   14.0043
    7.5000  -45.0000   37.5000 7613.5859   14.0320
   -7.5000  -37.5000   37.5000 8564.3535   13.7211
    0.0000  -37.5000   37.5000 8881.9609   13.7355
    7.5000  -37.5000   37.5000 8346.1602   13.7635
   -7.5000  -30.0000   37.5000 9617.0127   13.5465
    0.0000  -30.0000   37.5000 9952.0586   13.5619
    7.5000  -30.0000   37.5000 9349.5117   13.5870
   -7.5000  -22.5000   37.500010670.5996   13.4916
    0.0000  -22.5000   37.500011040.4053   13.5110
    7.5000  -22.5000   37.500010397.3594   13.5318
   -7.5000  -15.0000   37.500011699.1611   13.4823
    0.0000  -15.0000   37.500012079.9365   13.5042
    7.5000  -15.0000   37.500011433.1543   13.5235
   -7.5000   -7.5000   37.500012696.5098   13.4668
    0.0000   -7.5000   37.500013099.1699   13.4874
    7.5000   -7.5000   37.500012421.0684   13.5091
   -7.5000    0.0000   37.500013687.8223   13.4624
    0.0000    0.0000   37.500014160.1523   13.4790
    7.5000    0.0000   37.500013356.2275   13.5041
   -7.5000    7.5000   37.500013555.2646   13.4729
    0.0000    7.5000   37.500014060.1406   13.4867
    7.5000    7.5000   37.500013280.7617   13.5135
   -7.5000   15.0000   37.500013160.6875   13.4863
    0.0000   15.0000   37.500013687.3906   13.5015
    7.5000   15.0000   37.500012983.3936   13.5265
   -7.5000   22.5000   37.500012662.5186   13.4851
    0.0000   22.5000   37.500013170.7754   13.5045
    7.5000   22.5000   37.500012465.0205   13.5253
   -7.5000   30.0000   37.500012075.6904   13.3078
    0.0000   30.0000   37.500012549.9775   13.3294
    7.5000   30.0000   37.500011846.4209   13.3485
   -7.5000   37.5000   37.500011803.1250   13.2925
    0.0000   37.5000   37.500012265.2119   13.3128
    7.5000   37.5000   37.500011557.4609   13.3342
   -7.5000   45.0000   37.500010931.7930   12.9762
    0.0000   45.0000   37.500011367.3848   12.9922
    7.5000   45.0000   37.500010702.8975   13.0164
   -7.5000  -45.0000   45.0000 7059.1035   14.1437
    0.0000  -45.0000   45.0000 7333.1709   14.1653
    7.5000  -45.0000   45.0000 6906.4463   14.2012
   -7.5000  -37.5000   45.0000 7773.1616   13.8688
    0.0000  -37.5000   45.0000 8047.8477   13.8906
    7.5000  -37.5000   45.0000 7600.8242   13.9277
   -7.5000  -30.0000   45.0000 8728.8213   13.6930
    0.0000  -30.0000   45.0000 9018.9707   13.7162
    7.5000  -30.0000   45.0000 8540.3662   13.7496
   -7.5000  -22.5000   45.0000 9704.2070   13.6390
    0.0000  -22.5000   45.000010006.0615   13.6656
    7.5000  -22.5000   45.0000 9513.0967   13.6919
   -7.5000  -15.0000   45.000010647.1289   13.6292
    0.0000  -15.0000   45.000010961.0146   13.6572
    7.5000  -15.0000   45.000010456.8135   13.6797
   -7.5000   -7.5000   45.000011580.4082   13.6096
    0.0000   -7.5000   45.000011926.8232   13.6359
    7.5000   -7.5000   45.000011366.8730   13.6621
   -7.5000    0.0000   45.000012474.6094   13.6019
    0.0000    0.0000   45.000012899.4336   13.6246
    7.5000    0.0000   45.000012242.3066   13.6571
   -7.5000    7.5000   45.000012321.9482   13.6138
    0.0000    7.5000   45.000012792.0674   13.6346
    7.5000    7.5000   45.000012157.7012   13.6702
   -7.5000   15.0000   45.000011969.4229   13.6310
    0.0000   15.0000   45.000012446.0049   13.6540
    7.5000   15.0000   45.000011848.5469   13.6871
   -7.5000   22.5000   45.000011537.9658   13.6323
    0.0000   22.5000   45.000012000.6543   13.6590
    7.5000   22.5000   45.000011399.8135   13.6853
   -7.5000   30.0000   45.000011036.1328   13.4517
    0.0000   30.0000   45.000011468.0596   13.4793
    7.5000   30.0000   45.000010871.7393   13.5015
   -7.5000   37.5000   45.000010823.7734   13.4323
    0.0000   37.5000   45.000011246.2422   13.4582
    7.5000   37.5000   45.000010641.6494   13.4841
   -7.5000   45.0000   45.000010057.1074   13.1166
    0.0000   45.0000   45.000010455.7861   13.1385
    7.5000   45.0000   45.0000 9882.1699   13.1698

---------------------------------------------------------------------
imgreg_4dfp /opt/freesurfer/average/711-2C_as_mni_average_305 /opt/freesurfer/average/711-2B_as_mni_average_305_mask talsrcimg_g11 none talsrcimg_to_711-2C_as_mni_average_305_t4 4355
---------------------------------------------------------------------

freesurfer imgreg_4dfp.c
/opt/freesurfer/average/711-2C_as_mni_average_305.4dfp.img
       256       256       256         1
  1.000000  1.000000  1.000000
orientation T byte_order littleendian
Reading image: /opt/freesurfer/average/711-2C_as_mni_average_305.4dfp.img
dimensions:      256       256       256
mmppix:       1.0000   -1.0000   -1.0000
center:     128.0000 -129.0000 -129.0000
/opt/freesurfer/average/711-2B_as_mni_average_305_mask.4dfp.img
       256       256       256         1
  1.000000  1.000000  1.000000
orientation T byte_order littleendian
Reading mask: /opt/freesurfer/average/711-2B_as_mni_average_305_mask.4dfp.img (2306576 pixels)
talsrcimg_g11.4dfp.img
       256       256       256         1
  1.000000  1.000000  1.000000
orientation T byte_order littleendian
Reading image: talsrcimg_g11.4dfp.img
dimensions:      256       256       256
mmppix:       1.0000   -1.0000   -1.0000
center:     128.0000 -129.0000 -129.0000
rotation matrix determinant  1.000000
image alignment mode   4355 decimal     1103 hex
   -7.5000  -45.0000  -45.0000 1937.7909   18.3961
    0.0000  -45.0000  -45.0000 1925.5885   18.3816
    7.5000  -45.0000  -45.0000 1907.9590   18.6252
   -7.5000  -37.5000  -45.0000 2036.9651   16.5285
    0.0000  -37.5000  -45.0000 2026.7946   16.5928
    7.5000  -37.5000  -45.0000 2005.3098   16.7787
   -7.5000  -30.0000  -45.0000 2127.2983   15.0598
    0.0000  -30.0000  -45.0000 2116.7822   15.1293
    7.5000  -30.0000  -45.0000 2093.2949   15.2885
   -7.5000  -22.5000  -45.0000 2201.2139   13.9420
    0.0000  -22.5000  -45.0000 2189.3162   13.9983
    7.5000  -22.5000  -45.0000 2169.5767   14.1168
   -7.5000  -15.0000  -45.0000 2251.2576   13.1359
    0.0000  -15.0000  -45.0000 2245.0232   13.2215
    7.5000  -15.0000  -45.0000 2232.0020   13.3287
   -7.5000   -7.5000  -45.0000 2281.9529   12.6924
    0.0000   -7.5000  -45.0000 2276.9968   12.7606
    7.5000   -7.5000  -45.0000 2263.2664   12.8770
   -7.5000    0.0000  -45.0000 2303.7000   12.4789
    0.0000    0.0000  -45.0000 2298.4299   12.5234
    7.5000    0.0000  -45.0000 2279.2925   12.6513
   -7.5000    7.5000  -45.0000 2310.0818   12.5026
    0.0000    7.5000  -45.0000 2303.4819   12.5413
    7.5000    7.5000  -45.0000 2283.4258   12.6676
   -7.5000   15.0000  -45.0000 2308.6379   12.7049
    0.0000   15.0000  -45.0000 2303.4714   12.7248
    7.5000   15.0000  -45.0000 2277.8577   12.8975
   -7.5000   22.5000  -45.0000 2298.9219   13.0708
    0.0000   22.5000  -45.0000 2291.0803   13.0946
    7.5000   22.5000  -45.0000 2261.4468   13.2875
   -7.5000   30.0000  -45.0000 2270.0659   13.5577
    0.0000   30.0000  -45.0000 2264.6067   13.5946
    7.5000   30.0000  -45.0000 2231.0520   13.7798
   -7.5000   37.5000  -45.0000 2228.2336   14.2331
    0.0000   37.5000  -45.0000 2222.4575   14.2467
    7.5000   37.5000  -45.0000 2192.2939   14.4799
   -7.5000   45.0000  -45.0000 2164.5361   15.1663
    0.0000   45.0000  -45.0000 2153.8726   15.1864
    7.5000   45.0000  -45.0000 2130.5325   15.4534
   -7.5000  -45.0000  -37.5000 1993.4779   17.2761
    0.0000  -45.0000  -37.5000 1988.0107   17.2974
    7.5000  -45.0000  -37.5000 1977.1722   17.5047
   -7.5000  -37.5000  -37.5000 2101.6587   15.5532
    0.0000  -37.5000  -37.5000 2096.8843   15.5875
    7.5000  -37.5000  -37.5000 2079.5771   15.7353
   -7.5000  -30.0000  -37.5000 2205.6301   14.1675
    0.0000  -30.0000  -37.5000 2198.3184   14.1946
    7.5000  -30.0000  -37.5000 2176.7178   14.3166
   -7.5000  -22.5000  -37.5000 2285.4338   13.0571
    0.0000  -22.5000  -37.5000 2279.0764   13.0906
    7.5000  -22.5000  -37.5000 2255.2078   13.1657
   -7.5000  -15.0000  -37.5000 2348.2058   12.2231
    0.0000  -15.0000  -37.5000 2344.2380   12.2683
    7.5000  -15.0000  -37.5000 2325.5039   12.3742
   -7.5000   -7.5000  -37.5000 2384.1770   11.7133
    0.0000   -7.5000  -37.5000 2380.7122   11.7728
    7.5000   -7.5000  -37.5000 2359.9136   11.8933
   -7.5000    0.0000  -37.5000 2408.3774   11.4750
    0.0000    0.0000  -37.5000 2406.7000   11.5046
    7.5000    0.0000  -37.5000 2380.1045   11.6397
   -7.5000    7.5000  -37.5000 2415.6406   11.4809
    0.0000    7.5000  -37.5000 2414.7129   11.4989
    7.5000    7.5000  -37.5000 2389.1812   11.6177
   -7.5000   15.0000  -37.5000 2418.1223   11.6496
    0.0000   15.0000  -37.5000 2413.6597   11.6578
    7.5000   15.0000  -37.5000 2386.5591   11.8071
   -7.5000   22.5000  -37.5000 2409.2468   11.9582
    0.0000   22.5000  -37.5000 2402.8796   11.9722
    7.5000   22.5000  -37.5000 2368.4233   12.1598
   -7.5000   30.0000  -37.5000 2375.3872   12.4088
    0.0000   30.0000  -37.5000 2373.2896   12.4395
    7.5000   30.0000  -37.5000 2337.6731   12.6325
   -7.5000   37.5000  -37.5000 2335.2329   13.0415
    0.0000   37.5000  -37.5000 2330.8330   13.0499
    7.5000   37.5000  -37.5000 2297.1990   13.2710
   -7.5000   45.0000  -37.5000 2267.4824   13.8824
    0.0000   45.0000  -37.5000 2260.8938   13.8983
    7.5000   45.0000  -37.5000 2232.4836   14.1371
   -7.5000  -45.0000  -30.0000 2088.4231   16.8031
    0.0000  -45.0000  -30.0000 2084.1802   16.8191
    7.5000  -45.0000  -30.0000 2070.5027   16.9825
   -7.5000  -37.5000  -30.0000 2213.4541   15.1057
    0.0000  -37.5000  -30.0000 2211.0452   15.1136
    7.5000  -37.5000  -30.0000 2188.3320   15.2436
   -7.5000  -30.0000  -30.0000 2327.5156   13.7661
    0.0000  -30.0000  -30.0000 2321.6106   13.7613
    7.5000  -30.0000  -30.0000 2296.0742   13.8517
   -7.5000  -22.5000  -30.0000 2416.3972   12.6779
    0.0000  -22.5000  -30.0000 2412.1550   12.6686
    7.5000  -22.5000  -30.0000 2388.1968   12.7576
   -7.5000  -15.0000  -30.0000 2484.7427   11.8456
    0.0000  -15.0000  -30.0000 2481.4148   11.8334
    7.5000  -15.0000  -30.0000 2459.0962   11.9461
   -7.5000   -7.5000  -30.0000 2525.9329   11.2542
    0.0000   -7.5000  -30.0000 2525.9722   11.2330
    7.5000   -7.5000  -30.0000 2505.8965   11.3665
   -7.5000    0.0000  -30.0000 2553.6875   10.9645
    0.0000    0.0000  -30.0000 2551.2815   10.9444
    7.5000    0.0000  -30.0000 2528.6069   11.0908
   -7.5000    7.5000  -30.0000 2569.7324   10.9716
    0.0000    7.5000  -30.0000 2567.0112   10.9481
    7.5000    7.5000  -30.0000 2541.5286   11.0713
   -7.5000   15.0000  -30.0000 2569.3699   11.1154
    0.0000   15.0000  -30.0000 2562.5811   11.1039
    7.5000   15.0000  -30.0000 2537.2332   11.2519
   -7.5000   22.5000  -30.0000 2561.9338   11.3994
    0.0000   22.5000  -30.0000 2554.3816   11.4011
    7.5000   22.5000  -30.0000 2520.9509   11.5783
   -7.5000   30.0000  -30.0000 2528.1223   11.7875
    0.0000   30.0000  -30.0000 2525.0603   11.8085
    7.5000   30.0000  -30.0000 2491.9685   11.9915
   -7.5000   37.5000  -30.0000 2483.7874   12.3584
    0.0000   37.5000  -30.0000 2480.2778   12.3795
    7.5000   37.5000  -30.0000 2443.2334   12.5899
   -7.5000   45.0000  -30.0000 2413.5859   13.1554
    0.0000   45.0000  -30.0000 2409.9504   13.1847
    7.5000   45.0000  -30.0000 2375.0200   13.3971
   -7.5000  -45.0000  -22.5000 2166.2148   16.2386
    0.0000  -45.0000  -22.5000 2160.3706   16.2155
    7.5000  -45.0000  -22.5000 2138.0342   16.4123
   -7.5000  -37.5000  -22.5000 2299.9011   14.5942
    0.0000  -37.5000  -22.5000 2296.7769   14.5754
    7.5000  -37.5000  -22.5000 2268.1230   14.7483
   -7.5000  -30.0000  -22.5000 2422.4087   13.2645
    0.0000  -30.0000  -22.5000 2419.7593   13.2418
    7.5000  -30.0000  -22.5000 2387.9285   13.3975
   -7.5000  -22.5000  -22.5000 2519.5334   12.1733
    0.0000  -22.5000  -22.5000 2516.8118   12.1481
    7.5000  -22.5000  -22.5000 2485.8062   12.3031
   -7.5000  -15.0000  -22.5000 2590.8140   11.3144
    0.0000  -15.0000  -22.5000 2586.4912   11.2703
    7.5000  -15.0000  -22.5000 2559.8391   11.4186
   -7.5000   -7.5000  -22.5000 2645.1755   10.7138
    0.0000   -7.5000  -22.5000 2640.0847   10.6619
    7.5000   -7.5000  -22.5000 2619.2566   10.7965
   -7.5000    0.0000  -22.5000 2669.5151   10.3913
    0.0000    0.0000  -22.5000 2666.2676   10.3211
    7.5000    0.0000  -22.5000 2643.5730   10.4557
   -7.5000    7.5000  -22.5000 2693.7903   10.3523
    0.0000    7.5000  -22.5000 2687.4883   10.2955
    7.5000    7.5000  -22.5000 2658.9702   10.4141
   -7.5000   15.0000  -22.5000 2695.5068   10.4811
    0.0000   15.0000  -22.5000 2684.4382   10.4414
    7.5000   15.0000  -22.5000 2659.2041   10.5923
   -7.5000   22.5000  -22.5000 2688.7385   10.7379
    0.0000   22.5000  -22.5000 2681.7212   10.7436
    7.5000   22.5000  -22.5000 2644.8936   10.8958
   -7.5000   30.0000  -22.5000 2657.8220   11.1123
    0.0000   30.0000  -22.5000 2653.6743   11.1297
    7.5000   30.0000  -22.5000 2617.2786   11.2840
   -7.5000   37.5000  -22.5000 2611.6062   11.6341
    0.0000   37.5000  -22.5000 2603.7478   11.6552
    7.5000   37.5000  -22.5000 2568.1912   11.8537
   -7.5000   45.0000  -22.5000 2533.0208   12.3778
    0.0000   45.0000  -22.5000 2529.3533   12.3972
    7.5000   45.0000  -22.5000 2496.4624   12.6093
   -7.5000  -45.0000  -15.0000 2213.5415   15.7404
    0.0000  -45.0000  -15.0000 2205.5195   15.7326
    7.5000  -45.0000  -15.0000 2178.9812   15.9080
   -7.5000  -37.5000  -15.0000 2352.0747   14.1250
    0.0000  -37.5000  -15.0000 2346.5051   14.0874
    7.5000  -37.5000  -15.0000 2314.1807   14.2581
   -7.5000  -30.0000  -15.0000 2483.1611   12.8175
    0.0000  -30.0000  -15.0000 2476.0615   12.7706
    7.5000  -30.0000  -15.0000 2436.7192   12.9494
   -7.5000  -22.5000  -15.0000 2578.4253   11.6969
    0.0000  -22.5000  -15.0000 2576.4236   11.6849
    7.5000  -22.5000  -15.0000 2540.8887   11.8630
   -7.5000  -15.0000  -15.0000 2653.1904   10.8190
    0.0000  -15.0000  -15.0000 2647.3218   10.7780
    7.5000  -15.0000  -15.0000 2620.4175   10.9611
   -7.5000   -7.5000  -15.0000 2722.1353   10.2054
    0.0000   -7.5000  -15.0000 2718.3552   10.1513
    7.5000   -7.5000  -15.0000 2690.3030   10.2949
   -7.5000    0.0000  -15.0000 2758.2898    9.8280
    0.0000    0.0000  -15.0000 2755.3142    9.7773
    7.5000    0.0000  -15.0000 2725.4102    9.9036
   -7.5000    7.5000  -15.0000 2786.2292    9.7498
    0.0000    7.5000  -15.0000 2780.1523    9.6750
    7.5000    7.5000  -15.0000 2744.4775    9.8197
   -7.5000   15.0000  -15.0000 2793.8218    9.8396
    0.0000   15.0000  -15.0000 2784.7781    9.8065
    7.5000   15.0000  -15.0000 2750.6387    9.9500
   -7.5000   22.5000  -15.0000 2789.2114   10.0952
    0.0000   22.5000  -15.0000 2784.1157   10.1008
    7.5000   22.5000  -15.0000 2746.4934   10.2415
   -7.5000   30.0000  -15.0000 2762.8816   10.4651
    0.0000   30.0000  -15.0000 2755.2727   10.4679
    7.5000   30.0000  -15.0000 2718.1345   10.6202
   -7.5000   37.5000  -15.0000 2708.5386   10.9580
    0.0000   37.5000  -15.0000 2700.2498   10.9573
    7.5000   37.5000  -15.0000 2666.6855   11.1498
   -7.5000   45.0000  -15.0000 2627.0593   11.6832
    0.0000   45.0000  -15.0000 2622.8127   11.6767
    7.5000   45.0000  -15.0000 2590.2832   11.8941
   -7.5000  -45.0000   -7.5000 2235.8047   15.3631
    0.0000  -45.0000   -7.5000 2230.7808   15.3431
    7.5000  -45.0000   -7.5000 2198.9841   15.5842
   -7.5000  -37.5000   -7.5000 2372.7913   13.7307
    0.0000  -37.5000   -7.5000 2368.1118   13.6859
    7.5000  -37.5000   -7.5000 2331.0737   13.8940
   -7.5000  -30.0000   -7.5000 2501.1082   12.4075
    0.0000  -30.0000   -7.5000 2497.6128   12.3534
    7.5000  -30.0000   -7.5000 2454.7930   12.5508
   -7.5000  -22.5000   -7.5000 2605.0271   11.2822
    0.0000  -22.5000   -7.5000 2598.3813   11.2682
    7.5000  -22.5000   -7.5000 2561.8630   11.4554
   -7.5000  -15.0000   -7.5000 2685.9031   10.4025
    0.0000  -15.0000   -7.5000 2680.4551   10.3784
    7.5000  -15.0000   -7.5000 2649.1287   10.5457
   -7.5000   -7.5000   -7.5000 2768.0845    9.7609
    0.0000   -7.5000   -7.5000 2763.0928    9.7346
    7.5000   -7.5000   -7.5000 2729.3738    9.8795
   -7.5000    0.0000   -7.5000 2816.6648    9.3399
    0.0000    0.0000   -7.5000 2812.2871    9.3142
    7.5000    0.0000   -7.5000 2784.9766    9.4559
   -7.5000    7.5000   -7.5000 2854.7642    9.2300
    0.0000    7.5000   -7.5000 2849.4099    9.1706
    7.5000    7.5000   -7.5000 2812.6594    9.3214
   -7.5000   15.0000   -7.5000 2875.5266    9.2630
    0.0000   15.0000   -7.5000 2865.3911    9.2442
    7.5000   15.0000   -7.5000 2827.1008    9.4175
   -7.5000   22.5000   -7.5000 2875.1177    9.5145
    0.0000   22.5000   -7.5000 2869.3311    9.5088
    7.5000   22.5000   -7.5000 2828.0593    9.6988
   -7.5000   30.0000   -7.5000 2842.5837    9.9031
    0.0000   30.0000   -7.5000 2837.8862    9.8786
    7.5000   30.0000   -7.5000 2796.7314   10.0669
   -7.5000   37.5000   -7.5000 2785.2017   10.3767
    0.0000   37.5000   -7.5000 2777.7324   10.3663
    7.5000   37.5000   -7.5000 2745.2327   10.5742
   -7.5000   45.0000   -7.5000 2700.2727   11.0745
    0.0000   45.0000   -7.5000 2693.0598   11.0785
    7.5000   45.0000   -7.5000 2663.6731   11.3050
   -7.5000  -45.0000    0.0000 2237.2209   15.1822
    0.0000  -45.0000    0.0000 2232.9304   15.1543
    7.5000  -45.0000    0.0000 2198.8870   15.4228
   -7.5000  -37.5000    0.0000 2372.2905   13.5274
    0.0000  -37.5000    0.0000 2369.9268   13.4712
    7.5000  -37.5000    0.0000 2329.6521   13.7011
   -7.5000  -30.0000    0.0000 2498.2458   12.1669
    0.0000  -30.0000    0.0000 2496.5264   12.1011
    7.5000  -30.0000    0.0000 2455.6201   12.3270
   -7.5000  -22.5000    0.0000 2602.3464   11.0550
    0.0000  -22.5000    0.0000 2601.1831   11.0227
    7.5000  -22.5000    0.0000 2565.4856   11.2071
   -7.5000  -15.0000    0.0000 2690.5479   10.1759
    0.0000  -15.0000    0.0000 2688.2803   10.1484
    7.5000  -15.0000    0.0000 2655.3398   10.3189
   -7.5000   -7.5000    0.0000 2775.7551    9.5133
    0.0000   -7.5000    0.0000 2774.1802    9.4785
    7.5000   -7.5000    0.0000 2741.3169    9.6548
   -7.5000    0.0000    0.0000 2843.2551    9.0958
    0.0000    0.0000    0.0000 2846.6704    9.0487
    7.5000    0.0000    0.0000 2819.4153    9.1936
   -7.5000    7.5000    0.0000 2899.3875    8.9640
    0.0000    7.5000    0.0000 2898.7969    8.8832
    7.5000    7.5000    0.0000 2867.0747    9.0289
   -7.5000   15.0000    0.0000 2936.8799    8.9407
    0.0000   15.0000    0.0000 2926.7253    8.8967
    7.5000   15.0000    0.0000 2887.3420    9.1137
   -7.5000   22.5000    0.0000 2935.5024    9.1172
    0.0000   22.5000    0.0000 2930.7468    9.0982
    7.5000   22.5000    0.0000 2889.9729    9.3683
   -7.5000   30.0000    0.0000 2899.5762    9.4945
    0.0000   30.0000    0.0000 2900.1187    9.4619
    7.5000   30.0000    0.0000 2859.2959    9.7172
   -7.5000   37.5000    0.0000 2846.1243    9.9820
    0.0000   37.5000    0.0000 2844.6565    9.9674
    7.5000   37.5000    0.0000 2806.4912   10.2203
   -7.5000   45.0000    0.0000 2753.2170   10.6684
    0.0000   45.0000    0.0000 2754.4578   10.6684
    7.5000   45.0000    0.0000 2722.4241   10.9330
   -7.5000  -45.0000    7.5000 2230.3933   15.1621
    0.0000  -45.0000    7.5000 2220.9126   15.0732
    7.5000  -45.0000    7.5000 2192.2073   15.3922
   -7.5000  -37.5000    7.5000 2356.4749   13.4686
    0.0000  -37.5000    7.5000 2352.1536   13.3792
    7.5000  -37.5000    7.5000 2316.6021   13.6220
   -7.5000  -30.0000    7.5000 2473.5293   12.0748
    0.0000  -30.0000    7.5000 2470.5911   12.0163
    7.5000  -30.0000    7.5000 2437.7122   12.2597
   -7.5000  -22.5000    7.5000 2580.1636   10.9676
    0.0000  -22.5000    7.5000 2580.7766   10.9363
    7.5000  -22.5000    7.5000 2551.5039   11.1478
   -7.5000  -15.0000    7.5000 2671.5339   10.0903
    0.0000  -15.0000    7.5000 2676.3843   10.0797
    7.5000  -15.0000    7.5000 2647.3462   10.2756
   -7.5000   -7.5000    7.5000 2766.0349    9.4352
    0.0000   -7.5000    7.5000 2769.0186    9.4118
    7.5000   -7.5000    7.5000 2745.4133    9.6048
   -7.5000    0.0000    7.5000 2854.6182    9.0492
    0.0000    0.0000    7.5000 2856.7056    9.0121
    7.5000    0.0000    7.5000 2839.1067    9.1633
   -7.5000    7.5000    7.5000 2931.6394    8.9448
    0.0000    7.5000    7.5000 2930.3140    8.8661
    7.5000    7.5000    7.5000 2904.9417    8.9769
   -7.5000   15.0000    7.5000 2985.1912    8.9716
    0.0000   15.0000    7.5000 2977.7627    8.9070
    7.5000   15.0000    7.5000 2938.0938    9.0434
   -7.5000   22.5000    7.5000 2979.3860    8.9849
    0.0000   22.5000    7.5000 2977.5100    8.9695
    7.5000   22.5000    7.5000 2931.3350    9.1946
   -7.5000   30.0000    7.5000 2936.5867    9.2666
    0.0000   30.0000    7.5000 2940.5188    9.2540
    7.5000   30.0000    7.5000 2892.7830    9.4958
   -7.5000   37.5000    7.5000 2873.3984    9.7488
    0.0000   37.5000    7.5000 2880.9553    9.7643
    7.5000   37.5000    7.5000 2833.8101    9.9849
   -7.5000   45.0000    7.5000 2782.0747   10.4764
    0.0000   45.0000    7.5000 2785.5564   10.4825
    7.5000   45.0000    7.5000 2745.8921   10.6939
   -7.5000  -45.0000   15.0000 2199.8066   15.3653
    0.0000  -45.0000   15.0000 2191.1174   15.3301
    7.5000  -45.0000   15.0000 2166.2649   15.6685
   -7.5000  -37.5000   15.0000 2317.1555   13.5773
    0.0000  -37.5000   15.0000 2317.5828   13.5656
    7.5000  -37.5000   15.0000 2292.0310   13.8558
   -7.5000  -30.0000   15.0000 2427.9448   12.1700
    0.0000  -30.0000   15.0000 2425.7610   12.1559
    7.5000  -30.0000   15.0000 2410.9502   12.4397
   -7.5000  -22.5000   15.0000 2539.0496   11.0529
    0.0000  -22.5000   15.0000 2536.1045   11.0686
    7.5000  -22.5000   15.0000 2525.1819   11.3276
   -7.5000  -15.0000   15.0000 2641.0806   10.1980
    0.0000  -15.0000   15.0000 2641.0771   10.2232
    7.5000  -15.0000   15.0000 2631.1628   10.4202
   -7.5000   -7.5000   15.0000 2748.3997    9.5479
    0.0000   -7.5000   15.0000 2748.6519    9.5887
    7.5000   -7.5000   15.0000 2735.4067    9.7319
   -7.5000    0.0000   15.0000 2850.2090    9.1786
    0.0000    0.0000   15.0000 2855.5461    9.2153
    7.5000    0.0000   15.0000 2827.5676    9.2807
   -7.5000    7.5000   15.0000 2941.3909    9.0548
    0.0000    7.5000   15.0000 2950.3960    9.0656
    7.5000    7.5000   15.0000 2906.4763    9.0411
   -7.5000   15.0000   15.0000 3002.8459    9.0296
    0.0000   15.0000   15.0000 3004.9355    9.0663
    7.5000   15.0000   15.0000 2942.5850    9.0288
   -7.5000   22.5000   15.0000 2995.6426    8.9711
    0.0000   22.5000   15.0000 2998.1763    9.0639
    7.5000   22.5000   15.0000 2941.8535    9.1282
   -7.5000   30.0000   15.0000 2947.4126    9.1767
    0.0000   30.0000   15.0000 2955.9788    9.2632
    7.5000   30.0000   15.0000 2903.3975    9.4202
   -7.5000   37.5000   15.0000 2879.3513    9.6804
    0.0000   37.5000   15.0000 2888.2266    9.7324
    7.5000   37.5000   15.0000 2838.5918    9.9029
   -7.5000   45.0000   15.0000 2785.2522   10.4355
    0.0000   45.0000   15.0000 2782.1775   10.4371
    7.5000   45.0000   15.0000 2747.1072   10.6135
   -7.5000  -45.0000   22.5000 2159.7139   15.8141
    0.0000  -45.0000   22.5000 2151.9097   15.8205
    7.5000  -45.0000   22.5000 2135.8140   16.2335
   -7.5000  -37.5000   22.5000 2279.6665   14.0447
    0.0000  -37.5000   22.5000 2282.2307   14.0639
    7.5000  -37.5000   22.5000 2268.5525   14.3687
   -7.5000  -30.0000   22.5000 2389.8418   12.6307
    0.0000  -30.0000   22.5000 2387.7605   12.6519
    7.5000  -30.0000   22.5000 2381.7837   12.9124
   -7.5000  -22.5000   22.5000 2500.2861   11.5026
    0.0000  -22.5000   22.5000 2497.0154   11.5697
    7.5000  -22.5000   22.5000 2486.9180   11.7514
   -7.5000  -15.0000   22.5000 2614.0483   10.5820
    0.0000  -15.0000   22.5000 2610.0286   10.6596
    7.5000  -15.0000   22.5000 2596.4661   10.7914
   -7.5000   -7.5000   22.5000 2723.3164    9.8665
    0.0000   -7.5000   22.5000 2722.4609    9.9604
    7.5000   -7.5000   22.5000 2702.8877   10.0374
   -7.5000    0.0000   22.5000 2826.4187    9.4062
    0.0000    0.0000   22.5000 2831.1013    9.5066
    7.5000    0.0000   22.5000 2792.7065    9.5122
   -7.5000    7.5000   22.5000 2921.0730    9.1625
    0.0000    7.5000   22.5000 2928.7471    9.2413
    7.5000    7.5000   22.5000 2874.3621    9.2150
   -7.5000   15.0000   22.5000 2981.7725    9.0331
    0.0000   15.0000   22.5000 2983.7007    9.1255
    7.5000   15.0000   22.5000 2915.5906    9.1264
   -7.5000   22.5000   22.5000 2982.8977    9.0233
    0.0000   22.5000   22.5000 2983.6155    9.1418
    7.5000   22.5000   22.5000 2923.2095    9.2219
   -7.5000   30.0000   22.5000 2935.4980    9.3531
    0.0000   30.0000   22.5000 2939.3577    9.4223
    7.5000   30.0000   22.5000 2883.3445    9.5622
   -7.5000   37.5000   22.5000 2863.6235    9.8875
    0.0000   37.5000   22.5000 2869.1848    9.9453
    7.5000   37.5000   22.5000 2818.6389   10.0890
   -7.5000   45.0000   22.5000 2756.0278   10.6436
    0.0000   45.0000   22.5000 2755.5195   10.6559
    7.5000   45.0000   22.5000 2719.6194   10.8061
   -7.5000  -45.0000   30.0000 2109.1963   16.8215
    0.0000  -45.0000   30.0000 2104.7615   16.8423
    7.5000  -45.0000   30.0000 2085.1177   17.2294
   -7.5000  -37.5000   30.0000 2240.7920   14.8977
    0.0000  -37.5000   30.0000 2239.6831   14.9335
    7.5000  -37.5000   30.0000 2223.4666   15.2369
   -7.5000  -30.0000   30.0000 2353.9224   13.3160
    0.0000  -30.0000   30.0000 2348.8813   13.3634
    7.5000  -30.0000   30.0000 2335.4929   13.6317
   -7.5000  -22.5000   30.0000 2459.6262   12.0460
    0.0000  -22.5000   30.0000 2456.6350   12.1157
    7.5000  -22.5000   30.0000 2442.6843   12.3331
   -7.5000  -15.0000   30.0000 2571.5586   11.0300
    0.0000  -15.0000   30.0000 2565.9231   11.1092
    7.5000  -15.0000   30.0000 2553.4287   11.2896
   -7.5000   -7.5000   30.0000 2678.1145   10.2488
    0.0000   -7.5000   30.0000 2676.3870   10.3348
    7.5000   -7.5000   30.0000 2658.4849   10.4912
   -7.5000    0.0000   30.0000 2783.2429    9.7197
    0.0000    0.0000   30.0000 2782.6526    9.7856
    7.5000    0.0000   30.0000 2750.4873    9.9184
   -7.5000    7.5000   30.0000 2877.0938    9.4289
    0.0000    7.5000   30.0000 2877.5334    9.4681
    7.5000    7.5000   30.0000 2833.8508    9.5843
   -7.5000   15.0000   30.0000 2931.3748    9.2424
    0.0000   15.0000   30.0000 2928.2012    9.3156
    7.5000   15.0000   30.0000 2875.0569    9.4759
   -7.5000   22.5000   30.0000 2933.4143    9.3143
    0.0000   22.5000   30.0000 2926.9153    9.3591
    7.5000   22.5000   30.0000 2877.2456    9.5698
   -7.5000   30.0000   30.0000 2891.5122    9.6797
    0.0000   30.0000   30.0000 2887.7136    9.6763
    7.5000   30.0000   30.0000 2837.8032    9.8538
   -7.5000   37.5000   30.0000 2819.0144   10.2058
    0.0000   37.5000   30.0000 2819.8796   10.1807
    7.5000   37.5000   30.0000 2775.8154   10.3608
   -7.5000   45.0000   30.0000 2714.1421   10.9564
    0.0000   45.0000   30.0000 2711.7629   10.9349
    7.5000   45.0000   30.0000 2681.4568   11.0960
   -7.5000  -45.0000   37.5000 2051.0442   18.0030
    0.0000  -45.0000   37.5000 2047.1771   18.0246
    7.5000  -45.0000   37.5000 2029.2264   18.3800
   -7.5000  -37.5000   37.5000 2187.0623   15.8438
    0.0000  -37.5000   37.5000 2182.7354   15.8319
    7.5000  -37.5000   37.5000 2169.4504   16.2005
   -7.5000  -30.0000   37.5000 2302.3325   14.0968
    0.0000  -30.0000   37.5000 2295.5396   14.0765
    7.5000  -30.0000   37.5000 2284.8125   14.4301
   -7.5000  -22.5000   37.5000 2414.2437   12.7027
    0.0000  -22.5000   37.5000 2408.2830   12.7116
    7.5000  -22.5000   37.5000 2397.8850   13.0502
   -7.5000  -15.0000   37.5000 2523.5752   11.6116
    0.0000  -15.0000   37.5000 2514.4592   11.6285
    7.5000  -15.0000   37.5000 2505.9329   11.9605
   -7.5000   -7.5000   37.5000 2630.6431   10.7724
    0.0000   -7.5000   37.5000 2619.3018   10.8009
    7.5000   -7.5000   37.5000 2608.3650   11.0890
   -7.5000    0.0000   37.5000 2732.6602   10.1884
    0.0000    0.0000   37.5000 2723.5122   10.2260
    7.5000    0.0000   37.5000 2702.2131   10.4676
   -7.5000    7.5000   37.5000 2812.5923    9.8366
    0.0000    7.5000   37.5000 2808.8286    9.8861
    7.5000    7.5000   37.5000 2774.8977   10.1199
   -7.5000   15.0000   37.5000 2854.6777    9.6605
    0.0000   15.0000   37.5000 2846.0825    9.7165
    7.5000   15.0000   37.5000 2806.7192    9.9803
   -7.5000   22.5000   37.5000 2856.1177    9.7766
    0.0000   22.5000   37.5000 2844.6768    9.8166
    7.5000   22.5000   37.5000 2802.9255   10.0517
   -7.5000   30.0000   37.5000 2819.1753   10.1322
    0.0000   30.0000   37.5000 2810.1924   10.1430
    7.5000   30.0000   37.5000 2765.7510   10.3392
   -7.5000   37.5000   37.5000 2754.7029   10.6527
    0.0000   37.5000   37.5000 2749.2625   10.6348
    7.5000   37.5000   37.5000 2708.0872   10.8385
   -7.5000   45.0000   37.5000 2659.2390   11.3701
    0.0000   45.0000   37.5000 2660.0339   11.3275
    7.5000   45.0000   37.5000 2622.5525   11.5402
   -7.5000  -45.0000   45.0000 1981.2039   19.2346
    0.0000  -45.0000   45.0000 1977.1027   19.1967
    7.5000  -45.0000   45.0000 1960.7931   19.6086
   -7.5000  -37.5000   45.0000 2124.9155   16.8451
    0.0000  -37.5000   45.0000 2118.4775   16.7552
    7.5000  -37.5000   45.0000 2107.6077   17.2063
   -7.5000  -30.0000   45.0000 2242.4111   14.9773
    0.0000  -30.0000   45.0000 2236.3042   14.8946
    7.5000  -30.0000   45.0000 2229.3877   15.3686
   -7.5000  -22.5000   45.0000 2358.5527   13.4736
    0.0000  -22.5000   45.0000 2350.9531   13.4324
    7.5000  -22.5000   45.0000 2345.4993   13.8903
   -7.5000  -15.0000   45.0000 2467.7075   12.3067
    0.0000  -15.0000   45.0000 2456.2373   12.2610
    7.5000  -15.0000   45.0000 2450.6206   12.6989
   -7.5000   -7.5000   45.0000 2573.0505   11.4156
    0.0000   -7.5000   45.0000 2562.0125   11.4039
    7.5000   -7.5000   45.0000 2549.1382   11.7951
   -7.5000    0.0000   45.0000 2665.5195   10.7920
    0.0000    0.0000   45.0000 2656.5059   10.8291
    7.5000    0.0000   45.0000 2634.1909   11.1677
   -7.5000    7.5000   45.0000 2730.7256   10.4264
    0.0000    7.5000   45.0000 2725.2458   10.4704
    7.5000    7.5000   45.0000 2695.9495   10.7891
   -7.5000   15.0000   45.0000 2761.7505   10.2573
    0.0000   15.0000   45.0000 2752.6731   10.2995
    7.5000   15.0000   45.0000 2721.8538   10.6079
   -7.5000   22.5000   45.0000 2757.9771   10.4063
    0.0000   22.5000   45.0000 2750.0784   10.4532
    7.5000   22.5000   45.0000 2714.9177   10.7135
   -7.5000   30.0000   45.0000 2724.7524   10.7399
    0.0000   30.0000   45.0000 2718.4500   10.7710
    7.5000   30.0000   45.0000 2680.6675   10.9911
   -7.5000   37.5000   45.0000 2666.2190   11.2264
    0.0000   37.5000   45.0000 2664.4216   11.2340
    7.5000   37.5000   45.0000 2627.0337   11.4631
   -7.5000   45.0000   45.0000 2583.0024   11.9301
    0.0000   45.0000   45.0000 2584.9358   11.9251
    7.5000   45.0000   45.0000 2549.3562   12.1512

---------------------------------------------------------------------
imgreg_4dfp /opt/freesurfer/average/711-2C_as_mni_average_305 /opt/freesurfer/average/711-2B_as_mni_average_305_mask talsrcimg_g11 none talsrcimg_to_711-2C_as_mni_average_305_t4 1283
---------------------------------------------------------------------

freesurfer imgreg_4dfp.c
/opt/freesurfer/average/711-2C_as_mni_average_305.4dfp.img
       256       256       256         1
  1.000000  1.000000  1.000000
orientation T byte_order littleendian
Reading image: /opt/freesurfer/average/711-2C_as_mni_average_305.4dfp.img
dimensions:      256       256       256
mmppix:       1.0000   -1.0000   -1.0000
center:     128.0000 -129.0000 -129.0000
/opt/freesurfer/average/711-2B_as_mni_average_305_mask.4dfp.img
       256       256       256         1
  1.000000  1.000000  1.000000
orientation T byte_order littleendian
Reading mask: /opt/freesurfer/average/711-2B_as_mni_average_305_mask.4dfp.img (2306576 pixels)
talsrcimg_g11.4dfp.img
       256       256       256         1
  1.000000  1.000000  1.000000
orientation T byte_order littleendian
Reading image: talsrcimg_g11.4dfp.img
dimensions:      256       256       256
mmppix:       1.0000   -1.0000   -1.0000
center:     128.0000 -129.0000 -129.0000
rotation matrix determinant  1.000000
fimgreg.f
image alignment mode   1283 decimal      503 hex
parameters
    0.0000   15.0000   15.0000    0.0000    0.0000    0.0000
eta,q 0.94538  9.05344
niter,ni,del,rscale     5    3   12.0000    1.2000
parameter  1  0.718167 ->  0.500000 qaram    1.1500
parameter  4  1.640172 ->  0.500000 qaram    1.1500
parameters
   -3.4500   17.0326   16.0901   -3.4500   -1.7768    2.0528
eta,q 0.95785  8.93538
  0.0525  0.0647  0.0601  0.0418  0.0473  0.0505
  0.0482  0.0564  0.0551  0.0428  0.0443  0.0468
  0.0489  0.0504  0.0502  0.0447  0.0425  0.0440
  0.0555  0.0474  0.0472  0.0466  0.0433  0.0425
  0.0620  0.0472  0.0470  0.0487  0.0466  0.0422
  0.0692  0.0485  0.0498  0.0515  0.0518  0.0427
  0.0758  0.0503  0.0539  0.0553  0.0579  0.0439
niter,ni,del,rscale     6    3   12.0000    1.2000
parameter  4  0.981956 ->  0.500000 qaram    1.3225
parameters
   -2.9223   17.8442   15.3623   -7.4175   -2.8219    2.5549
eta,q 0.96046  8.97841
  0.0691  0.0535  0.0492  0.0393  0.0442  0.0453
  0.0573  0.0476  0.0453  0.0395  0.0409  0.0425
  0.0468  0.0434  0.0427  0.0403  0.0395  0.0401
  0.0422  0.0419  0.0419  0.0419  0.0396  0.0395
  0.0440  0.0424  0.0444  0.0437  0.0406  0.0399
  0.0536  0.0443  0.0486  0.0462  0.0443  0.0411
  0.0617  0.0484  0.0531  0.0493  0.0498  0.0437
niter,ni,del,rscale     6    3   12.0000    1.2000
parameter  4  1.237520 ->  0.500000 qaram    1.5209
parameters
   -2.6279   19.6966   14.5822  -11.9801   -3.1747    2.4151
eta,q 0.96377  8.98238
  0.0629  0.0520  0.0452  0.0349  0.0432  0.0406
  0.0522  0.0462  0.0406  0.0357  0.0397  0.0376
  0.0428  0.0421  0.0388  0.0369  0.0373  0.0364
  0.0395  0.0394  0.0390  0.0387  0.0361  0.0362
  0.0411  0.0390  0.0407  0.0410  0.0371  0.0362
  0.0505  0.0402  0.0441  0.0444  0.0405  0.0378
  0.0589  0.0424  0.0487  0.0477  0.0457  0.0413
niter,ni,del,rscale     6    3   12.0000    1.2000
parameters
   -2.5965   21.6429   13.3287  -14.0193   -3.5641    2.0875
eta,q 0.96677  8.96422
  0.0595  0.0530  0.0409  0.0415  0.0413  0.0381
  0.0485  0.0436  0.0363  0.0331  0.0376  0.0354
  0.0394  0.0381  0.0347  0.0323  0.0345  0.0339
  0.0362  0.0362  0.0355  0.0348  0.0331  0.0331
  0.0395  0.0355  0.0376  0.0383  0.0345  0.0336
  0.0489  0.0357  0.0420  0.0423  0.0385  0.0358
  0.0585  0.0389  0.0481  0.0467  0.0446  0.0399
niter,ni,del,rscale     5    3   12.0000    1.2000
parameters
   -2.6094   22.0947   12.8945  -14.3917   -3.7006    2.0793
eta,q 0.96705  8.95480
  0.0570  0.0481  0.0416  0.0448  0.0414  0.0384
  0.0448  0.0387  0.0368  0.0377  0.0376  0.0356
  0.0356  0.0341  0.0336  0.0318  0.0346  0.0338
  0.0332  0.0332  0.0333  0.0331  0.0329  0.0329
  0.0371  0.0340  0.0349  0.0360  0.0338  0.0332
  0.0461  0.0371  0.0387  0.0406  0.0372  0.0352
  0.0559  0.0432  0.0442  0.0445  0.0432  0.0390
niter,ni,del,rscale     4    3   12.0000    1.2000
parameters
   -2.6068   22.0770   12.7696  -14.4946   -3.7578    2.0829
eta,q 0.96712  8.95210
  0.0567  0.0463  0.0421  0.0453  0.0414  0.0385
  0.0445  0.0371  0.0373  0.0388  0.0376  0.0356
  0.0354  0.0331  0.0338  0.0319  0.0346  0.0337
  0.0330  0.0330  0.0329  0.0329  0.0329  0.0329
  0.0370  0.0344  0.0343  0.0356  0.0336  0.0331
  0.0456  0.0384  0.0377  0.0401  0.0369  0.0351
  0.0554  0.0453  0.0430  0.0441  0.0427  0.0389
niter,ni,del,rscale     3    3   12.0000    1.2000
parameters
   -2.6021   22.0761   12.7322  -14.5268   -3.7786    2.0836
eta,q 0.96713  8.95142
  0.0566  0.0466  0.0423  0.0455  0.0414  0.0385
  0.0445  0.0372  0.0375  0.0391  0.0377  0.0356
  0.0354  0.0330  0.0339  0.0320  0.0347  0.0337
  0.0329  0.0329  0.0329  0.0329  0.0329  0.0329
  0.0370  0.0344  0.0341  0.0355  0.0336  0.0331
  0.0455  0.0384  0.0374  0.0400  0.0368  0.0351
  0.0552  0.0453  0.0426  0.0440  0.0425  0.0389
registration optimization eta report
parameter search radius
    6.9000    6.0000    6.0000    9.1253    6.0000    6.0000
100000*second partial in parameter space
       47.       37.       27.       15.       25.       16.
  0.0566  0.0466  0.0423  0.0455  0.0414  0.0385
  0.0445  0.0372  0.0375  0.0391  0.0377  0.0356
  0.0354  0.0330  0.0339  0.0320  0.0347  0.0337
  0.0329  0.0329  0.0329  0.0329  0.0329  0.0329
  0.0370  0.0344  0.0341  0.0355  0.0336  0.0331
  0.0455  0.0384  0.0374  0.0400  0.0368  0.0351
  0.0552  0.0453  0.0426  0.0440  0.0425  0.0389
   -2.6021   22.0761   12.7322  -14.5268   -3.7786    2.0836
eta,q 0.96713  8.95142

---------------------------------------------------------------------
imgreg_4dfp /opt/freesurfer/average/711-2C_as_mni_average_305 /opt/freesurfer/average/711-2B_as_mni_average_305_mask talsrcimg_g11 none talsrcimg_to_711-2C_as_mni_average_305_t4 3335
---------------------------------------------------------------------

freesurfer imgreg_4dfp.c
/opt/freesurfer/average/711-2C_as_mni_average_305.4dfp.img
       256       256       256         1
  1.000000  1.000000  1.000000
orientation T byte_order littleendian
Reading image: /opt/freesurfer/average/711-2C_as_mni_average_305.4dfp.img
dimensions:      256       256       256
mmppix:       1.0000   -1.0000   -1.0000
center:     128.0000 -129.0000 -129.0000
/opt/freesurfer/average/711-2B_as_mni_average_305_mask.4dfp.img
       256       256       256         1
  1.000000  1.000000  1.000000
orientation T byte_order littleendian
Reading mask: /opt/freesurfer/average/711-2B_as_mni_average_305_mask.4dfp.img (2306576 pixels)
talsrcimg_g11.4dfp.img
       256       256       256         1
  1.000000  1.000000  1.000000
orientation T byte_order littleendian
Reading image: talsrcimg_g11.4dfp.img
dimensions:      256       256       256
mmppix:       1.0000   -1.0000   -1.0000
center:     128.0000 -129.0000 -129.0000
fimgreg.f
image alignment mode   3335 decimal      D07 hex
parameters
   -2.6021   22.0761   12.7322   -0.2834   -3.3210   -3.4074
   -5.1714    5.4633    3.6278   25.2986   -6.5902  -25.0287
eta,q 0.96895  9.05928
niter,ni,del,rscale     5    3    5.0000    1.2000
parameter  4  1.127259 ->  0.500000 qaram    1.1500
parameter  5  1.231210 ->  0.500000 qaram    1.1500
parameter  6  0.590902 ->  0.500000 qaram    1.1500
parameters
   -2.5651   22.3217   12.2586   -4.4234   -7.4610   -7.5474
   -4.9439    4.4782    3.7202   22.7937   -9.8317  -23.8346
eta,q 0.97865  8.91225
  0.0351  0.0339  0.0323  0.0261  0.0230  0.0224  0.0251  0.0265  0.0244  0.0232  0.0217  0.0228
  0.0329  0.0325  0.0314  0.0264  0.0232  0.0220  0.0234  0.0237  0.0231  0.0221  0.0214  0.0221
  0.0316  0.0316  0.0309  0.0279  0.0243  0.0223  0.0224  0.0221  0.0222  0.0216  0.0214  0.0216
  0.0310  0.0310  0.0310  0.0309  0.0267  0.0234  0.0220  0.0220  0.0219  0.0219  0.0216  0.0214
  0.0315  0.0311  0.0316  0.0352  0.0299  0.0259  0.0223  0.0234  0.0221  0.0233  0.0221  0.0214
  0.0328  0.0318  0.0325  0.0399  0.0330  0.0297  0.0232  0.0262  0.0229  0.0259  0.0229  0.0216
  0.0349  0.0330  0.0338  0.0445  0.0362  0.0346  0.0248  0.0296  0.0243  0.0289  0.0240  0.0221
niter,ni,del,rscale     7    3    5.0000    1.2000
parameters
   -2.6052   21.9661   11.8284   -6.4315   -9.0506   -8.0397
   -4.6036    5.1475    4.3076   22.7628  -10.3533  -24.0570
eta,q 0.97846  8.79731
  0.0250  0.0233  0.0222  0.0236  0.0242  0.0244  0.0243  0.0274  0.0238  0.0247  0.0221  0.0225
  0.0230  0.0220  0.0216  0.0227  0.0227  0.0229  0.0229  0.0246  0.0227  0.0231  0.0218  0.0219
  0.0217  0.0214  0.0213  0.0218  0.0218  0.0220  0.0221  0.0226  0.0220  0.0220  0.0216  0.0216
  0.0214  0.0214  0.0213  0.0212  0.0216  0.0216  0.0217  0.0217  0.0216  0.0215  0.0215  0.0215
  0.0218  0.0219  0.0216  0.0221  0.0223  0.0216  0.0219  0.0217  0.0217  0.0218  0.0216  0.0216
  0.0231  0.0231  0.0223  0.0254  0.0247  0.0226  0.0226  0.0231  0.0222  0.0228  0.0218  0.0220
  0.0253  0.0249  0.0233  0.0302  0.0281  0.0262  0.0238  0.0258  0.0233  0.0250  0.0224  0.0226
niter,ni,del,rscale     6    3    5.0000    1.2000
parameters
   -2.4668   21.8608   11.5591   -6.6277   -9.1547   -8.2118
   -4.6755    5.2763    4.4021   22.7877  -10.2686  -24.4153
eta,q 0.97843  8.78478
  0.0250  0.0239  0.0225  0.0246  0.0253  0.0245  0.0240  0.0267  0.0236  0.0247  0.0222  0.0224
  0.0232  0.0225  0.0219  0.0234  0.0235  0.0229  0.0227  0.0240  0.0226  0.0232  0.0219  0.0219
  0.0220  0.0217  0.0216  0.0224  0.0222  0.0219  0.0219  0.0223  0.0219  0.0220  0.0217  0.0216
  0.0215  0.0215  0.0215  0.0215  0.0216  0.0216  0.0216  0.0216  0.0216  0.0216  0.0216  0.0216
  0.0217  0.0219  0.0217  0.0211  0.0217  0.0215  0.0219  0.0219  0.0218  0.0218  0.0216  0.0217
  0.0227  0.0228  0.0223  0.0225  0.0231  0.0222  0.0228  0.0236  0.0225  0.0228  0.0218  0.0220
  0.0244  0.0243  0.0231  0.0262  0.0260  0.0256  0.0241  0.0266  0.0236  0.0250  0.0222  0.0226
niter,ni,del,rscale     5    3    5.0000    1.2000
parameters
   -2.4563   21.8372   11.4916   -6.5917   -9.2049   -8.2267
   -4.7144    5.2614    4.4044   22.8453  -10.2792  -24.5733
eta,q 0.97844  8.78640
  0.0247  0.0241  0.0228  0.0247  0.0253  0.0246  0.0240  0.0265  0.0235  0.0248  0.0222  0.0225
  0.0230  0.0227  0.0221  0.0234  0.0235  0.0229  0.0227  0.0239  0.0225  0.0232  0.0218  0.0219
  0.0220  0.0218  0.0217  0.0225  0.0222  0.0220  0.0219  0.0222  0.0218  0.0220  0.0217  0.0216
  0.0216  0.0216  0.0216  0.0216  0.0216  0.0216  0.0216  0.0216  0.0216  0.0216  0.0216  0.0216
  0.0219  0.0219  0.0217  0.0211  0.0216  0.0215  0.0219  0.0220  0.0218  0.0218  0.0216  0.0217
  0.0229  0.0228  0.0222  0.0223  0.0230  0.0221  0.0227  0.0237  0.0225  0.0228  0.0218  0.0220
  0.0247  0.0241  0.0229  0.0258  0.0259  0.0253  0.0241  0.0268  0.0236  0.0249  0.0222  0.0226
niter,ni,del,rscale     4    3    5.0000    1.2000
parameters
   -2.4584   21.8325   11.4672   -6.5819   -9.2331   -8.2265
   -4.7278    5.2546    4.4132   22.8777  -10.2805  -24.6215
eta,q 0.97845  8.78684
  0.0247  0.0241  0.0228  0.0247  0.0253  0.0246  0.0240  0.0265  0.0235  0.0247  0.0222  0.0225
  0.0230  0.0227  0.0221  0.0234  0.0235  0.0229  0.0227  0.0239  0.0225  0.0231  0.0218  0.0220
  0.0219  0.0218  0.0217  0.0225  0.0222  0.0220  0.0219  0.0222  0.0218  0.0220  0.0217  0.0216
  0.0216  0.0216  0.0216  0.0216  0.0216  0.0216  0.0216  0.0216  0.0216  0.0216  0.0216  0.0216
  0.0219  0.0219  0.0217  0.0211  0.0216  0.0215  0.0219  0.0219  0.0218  0.0218  0.0216  0.0217
  0.0230  0.0227  0.0221  0.0224  0.0230  0.0221  0.0227  0.0237  0.0225  0.0228  0.0218  0.0220
  0.0248  0.0241  0.0229  0.0259  0.0259  0.0253  0.0240  0.0268  0.0236  0.0250  0.0222  0.0225
niter,ni,del,rscale     3    3    5.0000    1.2000
parameters
   -2.4586   21.8324   11.4596   -6.5825   -9.2449   -8.2264
   -4.7305    5.2535    4.4167   22.8878  -10.2860  -24.6481
eta,q 0.97844  8.78687
  0.0247  0.0241  0.0228  0.0247  0.0253  0.0246  0.0240  0.0265  0.0235  0.0247  0.0222  0.0225
  0.0230  0.0227  0.0221  0.0234  0.0235  0.0229  0.0227  0.0239  0.0225  0.0231  0.0218  0.0220
  0.0219  0.0218  0.0217  0.0225  0.0222  0.0220  0.0219  0.0222  0.0218  0.0220  0.0217  0.0216
  0.0216  0.0216  0.0216  0.0216  0.0216  0.0216  0.0216  0.0216  0.0216  0.0216  0.0216  0.0216
  0.0219  0.0219  0.0217  0.0211  0.0216  0.0215  0.0219  0.0219  0.0218  0.0218  0.0216  0.0217
  0.0229  0.0227  0.0221  0.0224  0.0230  0.0221  0.0227  0.0237  0.0225  0.0228  0.0218  0.0220
  0.0248  0.0241  0.0228  0.0259  0.0259  0.0253  0.0240  0.0268  0.0236  0.0250  0.0222  0.0225
registration optimization eta report
parameter search radius
    2.4000    2.4000    2.4000    8.2800    8.2800    8.2800
    7.2000    7.2000    7.2000    7.2000    7.2000    7.2000
100000*second partial in parameter space
       55.       44.       22.        6.        6.        5.
        5.       10.        4.        6.        1.        2.
  0.0247  0.0241  0.0228  0.0247  0.0253  0.0246  0.0240  0.0265  0.0235  0.0247  0.0222  0.0225
  0.0230  0.0227  0.0221  0.0234  0.0235  0.0229  0.0227  0.0239  0.0225  0.0231  0.0218  0.0220
  0.0219  0.0218  0.0217  0.0225  0.0222  0.0220  0.0219  0.0222  0.0218  0.0220  0.0217  0.0216
  0.0216  0.0216  0.0216  0.0216  0.0216  0.0216  0.0216  0.0216  0.0216  0.0216  0.0216  0.0216
  0.0219  0.0219  0.0217  0.0211  0.0216  0.0215  0.0219  0.0219  0.0218  0.0218  0.0216  0.0217
  0.0229  0.0227  0.0221  0.0224  0.0230  0.0221  0.0227  0.0237  0.0225  0.0228  0.0218  0.0220
  0.0248  0.0241  0.0228  0.0259  0.0259  0.0253  0.0240  0.0268  0.0236  0.0250  0.0222  0.0225
   -2.4586   21.8324   11.4596   -6.5825   -9.2449   -8.2264
   -4.7305    5.2535    4.4167   22.8878  -10.2860  -24.6481
eta,q 0.97844  8.78687

---------------------------------------------------------------------
imgreg_4dfp /opt/freesurfer/average/711-2C_as_mni_average_305 /opt/freesurfer/average/711-2B_as_mni_average_305_mask talsrcimg_g11 none talsrcimg_to_711-2C_as_mni_average_305_t4 2311
---------------------------------------------------------------------

freesurfer imgreg_4dfp.c
/opt/freesurfer/average/711-2C_as_mni_average_305.4dfp.img
       256       256       256         1
  1.000000  1.000000  1.000000
orientation T byte_order littleendian
Reading image: /opt/freesurfer/average/711-2C_as_mni_average_305.4dfp.img
dimensions:      256       256       256
mmppix:       1.0000   -1.0000   -1.0000
center:     128.0000 -129.0000 -129.0000
/opt/freesurfer/average/711-2B_as_mni_average_305_mask.4dfp.img
       256       256       256         1
  1.000000  1.000000  1.000000
orientation T byte_order littleendian
Reading mask: /opt/freesurfer/average/711-2B_as_mni_average_305_mask.4dfp.img (2306576 pixels)
talsrcimg_g11.4dfp.img
       256       256       256         1
  1.000000  1.000000  1.000000
orientation T byte_order littleendian
Reading image: talsrcimg_g11.4dfp.img
dimensions:      256       256       256
mmppix:       1.0000   -1.0000   -1.0000
center:     128.0000 -129.0000 -129.0000
fimgreg.f
image alignment mode   2311 decimal      907 hex
parameters
   -2.4586   21.8324   11.4596   -6.5825   -9.2449   -8.2264
   -4.7305    5.2535    4.4167   22.8878  -10.2860  -24.6481
eta,q 0.97844  8.78688
niter,ni,del,rscale     5    3    5.0000    0.8000
parameters
   -2.4388   21.8138   11.4481   -4.4845   -8.9518   -7.6937
   -4.7965    5.2826    4.4284   23.1065  -10.7804  -25.1652
eta,q 0.97895  8.88424
  0.0230  0.0227  0.0221  0.0232  0.0225  0.0222  0.0223  0.0241  0.0221  0.0227  0.0215  0.0214
  0.0222  0.0220  0.0218  0.0226  0.0218  0.0216  0.0216  0.0225  0.0216  0.0219  0.0212  0.0212
  0.0217  0.0217  0.0216  0.0221  0.0213  0.0213  0.0212  0.0215  0.0212  0.0213  0.0211  0.0211
  0.0216  0.0216  0.0216  0.0216  0.0211  0.0211  0.0211  0.0211  0.0211  0.0211  0.0211  0.0211
  0.0217  0.0217  0.0216  0.0211  0.0211  0.0211  0.0212  0.0214  0.0212  0.0211  0.0212  0.0211
  0.0222  0.0221  0.0218  0.0212  0.0214  0.0213  0.0217  0.0224  0.0215  0.0216  0.0214  0.0213
  0.0230  0.0227  0.0221  0.0218  0.0223  0.0218  0.0224  0.0241  0.0221  0.0225  0.0217  0.0216
niter,ni,del,rscale     4    3    5.0000    0.7000
parameters
   -2.4729   21.8786   11.5884   -4.9139   -8.9377   -7.0317
   -4.7134    5.2923    4.4759   23.4336  -10.9045  -25.1973
eta,q 0.97896  8.90171
  0.0223  0.0220  0.0216  0.0223  0.0220  0.0219  0.0221  0.0234  0.0219  0.0224  0.0214  0.0214
  0.0216  0.0215  0.0213  0.0218  0.0215  0.0215  0.0215  0.0221  0.0215  0.0217  0.0212  0.0212
  0.0212  0.0212  0.0211  0.0213  0.0212  0.0212  0.0212  0.0213  0.0212  0.0213  0.0211  0.0211
  0.0210  0.0210  0.0210  0.0210  0.0211  0.0211  0.0211  0.0211  0.0211  0.0211  0.0210  0.0210
  0.0212  0.0211  0.0211  0.0212  0.0211  0.0211  0.0212  0.0213  0.0211  0.0211  0.0211  0.0211
  0.0217  0.0214  0.0212  0.0219  0.0214  0.0211  0.0215  0.0221  0.0214  0.0214  0.0212  0.0212
  0.0225  0.0219  0.0214  0.0233  0.0221  0.0215  0.0220  0.0234  0.0219  0.0221  0.0215  0.0214
niter,ni,del,rscale     3    3    5.0000    0.6000
parameters
   -2.4560   21.8871   11.6063   -4.9156   -8.9964   -6.9305
   -4.7113    5.3108    4.5182   23.5236  -10.9711  -25.2861
eta,q 0.97896  8.90483
  0.0221  0.0217  0.0214  0.0222  0.0217  0.0215  0.0218  0.0228  0.0217  0.0220  0.0213  0.0213
  0.0215  0.0214  0.0212  0.0217  0.0214  0.0213  0.0214  0.0218  0.0213  0.0215  0.0212  0.0211
  0.0212  0.0211  0.0211  0.0213  0.0211  0.0211  0.0211  0.0213  0.0211  0.0212  0.0211  0.0211
  0.0210  0.0210  0.0210  0.0210  0.0210  0.0210  0.0210  0.0210  0.0210  0.0210  0.0210  0.0210
  0.0211  0.0211  0.0211  0.0211  0.0211  0.0210  0.0211  0.0212  0.0211  0.0211  0.0211  0.0211
  0.0215  0.0213  0.0212  0.0215  0.0213  0.0211  0.0214  0.0218  0.0213  0.0214  0.0212  0.0212
  0.0220  0.0217  0.0214  0.0224  0.0218  0.0215  0.0218  0.0228  0.0216  0.0219  0.0214  0.0213
niter,ni,del,rscale     2    3    5.0000    0.5000
parameters
   -2.4520   21.8944   11.6000   -4.7851   -9.0011   -6.8215
   -4.7220    5.3111    4.5318   23.6014  -11.0499  -25.4364
eta,q 0.97897  8.91321
  0.0218  0.0215  0.0213  0.0219  0.0215  0.0213  0.0216  0.0223  0.0215  0.0217  0.0212  0.0212
  0.0214  0.0213  0.0211  0.0216  0.0212  0.0212  0.0213  0.0216  0.0212  0.0213  0.0211  0.0211
  0.0211  0.0211  0.0211  0.0212  0.0211  0.0211  0.0211  0.0212  0.0211  0.0211  0.0210  0.0210
  0.0210  0.0210  0.0210  0.0210  0.0210  0.0210  0.0210  0.0210  0.0210  0.0210  0.0210  0.0210
  0.0211  0.0211  0.0211  0.0211  0.0211  0.0210  0.0211  0.0212  0.0211  0.0211  0.0211  0.0211
  0.0213  0.0212  0.0212  0.0213  0.0212  0.0211  0.0213  0.0216  0.0212  0.0213  0.0211  0.0211
  0.0217  0.0215  0.0213  0.0219  0.0215  0.0213  0.0216  0.0223  0.0215  0.0216  0.0213  0.0212
niter,ni,del,rscale     1    3    5.0000    0.4000
parameters
   -2.4612   21.9046   11.6057   -4.6845   -9.0032   -6.6932
   -4.7309    5.2989    4.5519   23.6838  -11.1392  -25.5564
eta,q 0.97898  8.92108
  0.0215  0.0213  0.0212  0.0217  0.0213  0.0212  0.0214  0.0218  0.0213  0.0214  0.0212  0.0211
  0.0212  0.0212  0.0211  0.0214  0.0212  0.0211  0.0212  0.0214  0.0212  0.0212  0.0211  0.0211
  0.0211  0.0211  0.0210  0.0211  0.0211  0.0210  0.0211  0.0211  0.0211  0.0211  0.0210  0.0210
  0.0210  0.0210  0.0210  0.0210  0.0210  0.0210  0.0210  0.0210  0.0210  0.0210  0.0210  0.0210
  0.0211  0.0211  0.0210  0.0210  0.0210  0.0210  0.0211  0.0211  0.0210  0.0211  0.0210  0.0210
  0.0212  0.0212  0.0211  0.0212  0.0211  0.0211  0.0212  0.0214  0.0211  0.0212  0.0211  0.0211
  0.0215  0.0213  0.0212  0.0216  0.0213  0.0212  0.0214  0.0219  0.0213  0.0214  0.0212  0.0212
registration optimization eta report
parameter search radius
    0.8000    0.8000    0.8000    2.4000    2.4000    2.4000
    2.4000    2.4000    2.4000    2.4000    2.4000    2.4000
100000*second partial in parameter space
       71.       47.       25.       11.        5.        3.
        6.       14.        5.        7.        3.        2.
  0.0215  0.0213  0.0212  0.0217  0.0213  0.0212  0.0214  0.0218  0.0213  0.0214  0.0212  0.0211
  0.0212  0.0212  0.0211  0.0214  0.0212  0.0211  0.0212  0.0214  0.0212  0.0212  0.0211  0.0211
  0.0211  0.0211  0.0210  0.0211  0.0211  0.0210  0.0211  0.0211  0.0211  0.0211  0.0210  0.0210
  0.0210  0.0210  0.0210  0.0210  0.0210  0.0210  0.0210  0.0210  0.0210  0.0210  0.0210  0.0210
  0.0211  0.0211  0.0210  0.0210  0.0210  0.0210  0.0211  0.0211  0.0210  0.0211  0.0210  0.0210
  0.0212  0.0212  0.0211  0.0212  0.0211  0.0211  0.0212  0.0214  0.0211  0.0212  0.0211  0.0211
  0.0215  0.0213  0.0212  0.0216  0.0213  0.0212  0.0214  0.0219  0.0213  0.0214  0.0212  0.0212
   -2.4612   21.9046   11.6057   -4.6845   -9.0032   -6.6932
   -4.7309    5.2989    4.5519   23.6838  -11.1392  -25.5564
eta,q 0.97898  8.92108

---------------------------------------------------------------------
imgreg_4dfp /opt/freesurfer/average/711-2C_as_mni_average_305 /opt/freesurfer/average/711-2B_as_mni_average_305_mask talsrcimg_g11 none talsrcimg_to_711-2C_as_mni_average_305_t4 2311
---------------------------------------------------------------------

freesurfer imgreg_4dfp.c
/opt/freesurfer/average/711-2C_as_mni_average_305.4dfp.img
       256       256       256         1
  1.000000  1.000000  1.000000
orientation T byte_order littleendian
Reading image: /opt/freesurfer/average/711-2C_as_mni_average_305.4dfp.img
dimensions:      256       256       256
mmppix:       1.0000   -1.0000   -1.0000
center:     128.0000 -129.0000 -129.0000
/opt/freesurfer/average/711-2B_as_mni_average_305_mask.4dfp.img
       256       256       256         1
  1.000000  1.000000  1.000000
orientation T byte_order littleendian
Reading mask: /opt/freesurfer/average/711-2B_as_mni_average_305_mask.4dfp.img (2306576 pixels)
talsrcimg_g11.4dfp.img
       256       256       256         1
  1.000000  1.000000  1.000000
orientation T byte_order littleendian
Reading image: talsrcimg_g11.4dfp.img
dimensions:      256       256       256
mmppix:       1.0000   -1.0000   -1.0000
center:     128.0000 -129.0000 -129.0000
fimgreg.f
image alignment mode   2311 decimal      907 hex
parameters
   -2.4612   21.9046   11.6057   -4.6845   -9.0032   -6.6932
   -4.7309    5.2989    4.5519   23.6838  -11.1392  -25.5564
eta,q 0.97899  8.92108
niter,ni,del,rscale     5    3    5.0000    0.8000
parameters
   -2.4711   21.9187   11.6177   -5.2945   -9.2232   -7.1713
   -4.7305    5.3190    4.5435   23.4979  -10.7989  -25.0774
eta,q 0.97889  8.87905
  0.0228  0.0223  0.0217  0.0226  0.0223  0.0219  0.0224  0.0240  0.0221  0.0225  0.0217  0.0217
  0.0218  0.0216  0.0213  0.0219  0.0216  0.0215  0.0217  0.0224  0.0216  0.0218  0.0214  0.0214
  0.0212  0.0212  0.0211  0.0213  0.0212  0.0212  0.0213  0.0215  0.0212  0.0213  0.0212  0.0212
  0.0210  0.0210  0.0210  0.0210  0.0211  0.0211  0.0211  0.0211  0.0211  0.0211  0.0211  0.0211
  0.0212  0.0212  0.0211  0.0213  0.0212  0.0211  0.0212  0.0214  0.0212  0.0213  0.0211  0.0211
  0.0219  0.0216  0.0213  0.0223  0.0217  0.0214  0.0217  0.0224  0.0216  0.0218  0.0213  0.0213
  0.0229  0.0222  0.0217  0.0242  0.0227  0.0228  0.0224  0.0240  0.0222  0.0229  0.0215  0.0215
niter,ni,del,rscale     4    3    5.0000    0.7000
parameters
   -2.4408   21.8739   11.5625   -5.0670   -9.0141   -7.1463
   -4.7368    5.3089    4.5279   23.4170  -10.8362  -25.1764
eta,q 0.97894  8.89154
  0.0225  0.0220  0.0215  0.0226  0.0221  0.0217  0.0221  0.0234  0.0219  0.0222  0.0215  0.0214
  0.0217  0.0215  0.0213  0.0220  0.0216  0.0214  0.0215  0.0221  0.0214  0.0216  0.0212  0.0212
  0.0213  0.0212  0.0212  0.0215  0.0212  0.0212  0.0212  0.0213  0.0212  0.0212  0.0211  0.0211
  0.0211  0.0211  0.0211  0.0211  0.0211  0.0211  0.0211  0.0211  0.0211  0.0211  0.0211  0.0211
  0.0212  0.0212  0.0212  0.0211  0.0211  0.0211  0.0212  0.0213  0.0211  0.0212  0.0211  0.0211
  0.0217  0.0216  0.0213  0.0215  0.0214  0.0212  0.0215  0.0221  0.0214  0.0216  0.0212  0.0212
  0.0224  0.0221  0.0216  0.0226  0.0220  0.0219  0.0221  0.0234  0.0219  0.0224  0.0215  0.0214
niter,ni,del,rscale     3    3    5.0000    0.6000
parameters
   -2.4447   21.8786   11.5806   -4.8953   -8.9779   -6.9626
   -4.7375    5.3073    4.5310   23.5077  -10.9445  -25.3181
eta,q 0.97896  8.90489
  0.0220  0.0217  0.0214  0.0222  0.0217  0.0215  0.0218  0.0228  0.0216  0.0220  0.0213  0.0213
  0.0215  0.0214  0.0212  0.0218  0.0214  0.0213  0.0214  0.0218  0.0213  0.0215  0.0212  0.0211
  0.0212  0.0211  0.0211  0.0213  0.0211  0.0211  0.0211  0.0213  0.0211  0.0212  0.0211  0.0211
  0.0211  0.0211  0.0211  0.0211  0.0210  0.0210  0.0210  0.0210  0.0210  0.0210  0.0210  0.0210
  0.0212  0.0211  0.0211  0.0211  0.0211  0.0210  0.0211  0.0212  0.0211  0.0211  0.0211  0.0211
  0.0215  0.0214  0.0212  0.0214  0.0213  0.0211  0.0214  0.0218  0.0213  0.0214  0.0212  0.0212
  0.0221  0.0217  0.0214  0.0222  0.0218  0.0215  0.0218  0.0228  0.0217  0.0219  0.0214  0.0213
niter,ni,del,rscale     2    3    5.0000    0.5000
parameters
   -2.4530   21.8913   11.5949   -4.7828   -8.9976   -6.8037
   -4.7359    5.3052    4.5324   23.6059  -11.0494  -25.4536
eta,q 0.97898  8.91415
  0.0217  0.0215  0.0213  0.0219  0.0215  0.0213  0.0216  0.0223  0.0215  0.0217  0.0212  0.0212
  0.0213  0.0213  0.0212  0.0216  0.0212  0.0212  0.0213  0.0216  0.0212  0.0214  0.0211  0.0211
  0.0211  0.0211  0.0211  0.0212  0.0211  0.0211  0.0211  0.0212  0.0211  0.0211  0.0210  0.0210
  0.0210  0.0210  0.0210  0.0210  0.0210  0.0210  0.0210  0.0210  0.0210  0.0210  0.0210  0.0210
  0.0211  0.0211  0.0211  0.0211  0.0211  0.0210  0.0211  0.0212  0.0211  0.0211  0.0211  0.0211
  0.0214  0.0212  0.0211  0.0213  0.0212  0.0211  0.0213  0.0216  0.0212  0.0213  0.0211  0.0211
  0.0218  0.0215  0.0213  0.0219  0.0215  0.0213  0.0216  0.0223  0.0215  0.0216  0.0213  0.0212
niter,ni,del,rscale     1    3    5.0000    0.4000
parameters
   -2.4606   21.9056   11.6094   -4.6855   -9.0093   -6.6852
   -4.7241    5.3025    4.5481   23.6838  -11.1163  -25.5781
eta,q 0.97898  8.92118
  0.0215  0.0213  0.0212  0.0217  0.0213  0.0212  0.0214  0.0218  0.0213  0.0214  0.0212  0.0211
  0.0212  0.0212  0.0211  0.0214  0.0211  0.0211  0.0212  0.0214  0.0212  0.0212  0.0211  0.0211
  0.0211  0.0211  0.0210  0.0211  0.0211  0.0210  0.0211  0.0211  0.0211  0.0211  0.0210  0.0210
  0.0210  0.0210  0.0210  0.0210  0.0210  0.0210  0.0210  0.0210  0.0210  0.0210  0.0210  0.0210
  0.0211  0.0211  0.0210  0.0210  0.0210  0.0210  0.0211  0.0211  0.0210  0.0211  0.0210  0.0210
  0.0212  0.0212  0.0211  0.0212  0.0211  0.0211  0.0212  0.0214  0.0211  0.0212  0.0211  0.0211
  0.0215  0.0213  0.0212  0.0216  0.0213  0.0212  0.0214  0.0219  0.0213  0.0214  0.0212  0.0212
registration optimization eta report
parameter search radius
    0.8000    0.8000    0.8000    2.4000    2.4000    2.4000
    2.4000    2.4000    2.4000    2.4000    2.4000    2.4000
100000*second partial in parameter space
       72.       47.       25.       11.        5.        3.
        6.       14.        5.        7.        3.        2.
  0.0215  0.0213  0.0212  0.0217  0.0213  0.0212  0.0214  0.0218  0.0213  0.0214  0.0212  0.0211
  0.0212  0.0212  0.0211  0.0214  0.0211  0.0211  0.0212  0.0214  0.0212  0.0212  0.0211  0.0211
  0.0211  0.0211  0.0210  0.0211  0.0211  0.0210  0.0211  0.0211  0.0211  0.0211  0.0210  0.0210
  0.0210  0.0210  0.0210  0.0210  0.0210  0.0210  0.0210  0.0210  0.0210  0.0210  0.0210  0.0210
  0.0211  0.0211  0.0210  0.0210  0.0210  0.0210  0.0211  0.0211  0.0210  0.0211  0.0210  0.0210
  0.0212  0.0212  0.0211  0.0212  0.0211  0.0211  0.0212  0.0214  0.0211  0.0212  0.0211  0.0211
  0.0215  0.0213  0.0212  0.0216  0.0213  0.0212  0.0214  0.0219  0.0213  0.0214  0.0212  0.0212
   -2.4606   21.9056   11.6094   -4.6855   -9.0093   -6.6852
   -4.7241    5.3025    4.5481   23.6838  -11.1163  -25.5781
eta,q 0.97898  8.92118

---------------------------------------------------------------------
compute_vox2vox talsrcimg talsrcimg_to_711-2C_as_mni_average_305_t4 /opt/freesurfer/average/711-2C_as_mni_average_305
---------------------------------------------------------------------

freesurfer compute_vox2vox.c
Reading: talsrcimg.4dfp.ifh
Reading: talsrcimg_to_711-2C_as_mni_average_305_t4
Reading: /opt/freesurfer/average/711-2C_as_mni_average_305.4dfp.ifh
Writing: talsrcimg_to_711-2C_as_mni_average_305_t4_vox2vox.txt

start time Fri Mar 13 03:44:48 CET 2026
end		time Fri Mar 13 03:46:14 CET 2026

mpr2mni305 success

avi2talxfm orig_nu.mgz /opt/freesurfer/average/mni305.cor.mgz talsrcimg_to_711-2C_as_mni_average_305_t4_vox2vox.txt transforms/talairach.auto.xfm
avi2talxfm done
mv -f /out/sourcedata/freesurfer/sub-v2s4x29585_ses-1/mri/talsrcimg_to_711-2C_as_mni_average_305_t4_vox2vox.txt /out/sourcedata/freesurfer/sub-v2s4x29585_ses-1/mri/transforms/talsrcimg_to_711-2C_as_mni_average_305_t4_vox2vox.txt
lta_convert --src orig_nu.mgz --trg /opt/freesurfer/average/mni305.cor.mgz --inxfm transforms/talairach.auto.xfm --outlta transforms/talairach.auto.xfm.lta --subject fsaverage
7.3.2

--src: orig_nu.mgz src image (geometry).
--trg: /opt/freesurfer/average/mni305.cor.mgz trg image (geometry).
--inmni: transforms/talairach.auto.xfm input MNI/XFM transform.
--outlta: transforms/talairach.auto.xfm.lta output LTA.
--s: fsaverage subject name
 LTA read, type : 1
 1.03957  -0.06792   0.03488  -4.69321;
 0.10230   0.99359   0.28462  -16.11624;
-0.07859  -0.25523   1.02319  -4.64789;
 0.00000   0.00000   0.00000   1.00000;
setting subject to fsaverage
Writing  LTA to file transforms/talairach.auto.xfm.lta...
lta_convert successful.
 
 
Started at Fri Mar 13 03:44:48 CET 2026
Ended   at Fri Mar 13 03:46:14 CET 2026
talairach_avi done
