status file for recon-all
Fri Mar 13 03:41:43 CET 2026
#@# MotionCor Fri Mar 13 03:41:45 CET 2026
#@# Talairach Fri Mar 13 03:41:53 CET 2026
#@# Talairach Failure Detection Fri Mar 13 03:46:16 CET 2026
#@# Nu Intensity Correction Fri Mar 13 03:46:16 CET 2026
#@# Intensity Normalization Fri Mar 13 03:49:32 CET 2026
recon-all -s sub-v2s4x29585_ses-1 finished without error at Fri Mar 13 03:51:11 CET 2026



#New# invocation of recon-all 



status file for recon-all
Fri Mar 13 03:58:17 CET 2026
#@# EM Registration Fri Mar 13 03:58:17 CET 2026
recon-all -s sub-v2s4x29585_ses-1 finished without error at Fri Mar 13 04:00:02 CET 2026



#New# invocation of recon-all 



status file for recon-all
Fri Mar 13 04:00:06 CET 2026
#@# CA Normalize Fri Mar 13 04:00:06 CET 2026
#@# CA Reg Fri Mar 13 04:01:27 CET 2026
#@# SubCort Seg Fri Mar 13 04:44:30 CET 2026
#@# CC Seg Fri Mar 13 05:22:32 CET 2026
#@# Merge ASeg Fri Mar 13 05:23:10 CET 2026
#@# Intensity Normalization2 Fri Mar 13 05:23:10 CET 2026
#@# Mask BFS Fri Mar 13 05:25:28 CET 2026
#@# WM Segmentation Fri Mar 13 05:25:29 CET 2026
#@# Fill Fri Mar 13 05:27:35 CET 2026
recon-all -s sub-v2s4x29585_ses-1 finished without error at Fri Mar 13 05:28:37 CET 2026



#New# invocation of recon-all 



status file for recon-all
Fri Mar 13 06:09:33 CET 2026
#@# white curv lh Fri Mar 13 06:09:33 CET 2026
#@# white area lh Fri Mar 13 06:09:33 CET 2026
#@# pial curv lh Fri Mar 13 06:09:33 CET 2026
#@# pial area lh Fri Mar 13 06:09:33 CET 2026
#@# thickness lh Fri Mar 13 06:09:33 CET 2026
#@# area and vertex vol lh Fri Mar 13 06:09:33 CET 2026
#@# white curv rh Fri Mar 13 06:09:33 CET 2026
#@# white area rh Fri Mar 13 06:09:33 CET 2026
#@# pial curv rh Fri Mar 13 06:09:33 CET 2026
#@# pial area rh Fri Mar 13 06:09:33 CET 2026
#@# thickness rh Fri Mar 13 06:09:33 CET 2026
#@# area and vertex vol rh Fri Mar 13 06:09:33 CET 2026
#@# Cortical ribbon mask Fri Mar 13 06:09:33 CET 2026
recon-all -s sub-v2s4x29585_ses-1 finished without error at Fri Mar 13 06:17:10 CET 2026



#New# invocation of recon-all 



status file for recon-all
Fri Mar 13 06:23:47 CET 2026
#@# white curv lh Fri Mar 13 06:23:47 CET 2026
#@# white area lh Fri Mar 13 06:23:47 CET 2026
#@# pial curv lh Fri Mar 13 06:23:47 CET 2026
#@# pial area lh Fri Mar 13 06:23:47 CET 2026
#@# thickness lh Fri Mar 13 06:23:47 CET 2026
#@# area and vertex vol lh Fri Mar 13 06:23:47 CET 2026
#@# white curv rh Fri Mar 13 06:23:47 CET 2026
#@# white area rh Fri Mar 13 06:23:47 CET 2026
#@# pial curv rh Fri Mar 13 06:23:47 CET 2026
#@# pial area rh Fri Mar 13 06:23:47 CET 2026
#@# thickness rh Fri Mar 13 06:23:47 CET 2026
#@# area and vertex vol rh Fri Mar 13 06:23:47 CET 2026
#@# Curvature Stats lh Fri Mar 13 06:23:47 CET 2026
#@# Curvature Stats rh Fri Mar 13 06:23:49 CET 2026
#@# Relabel Hypointensities Fri Mar 13 06:23:52 CET 2026
#@# APas-to-ASeg Fri Mar 13 06:24:07 CET 2026
#@# AParc-to-ASeg aparc Fri Mar 13 06:24:14 CET 2026
#@# AParc-to-ASeg aparc.a2009s Fri Mar 13 06:24:47 CET 2026
#@# AParc-to-ASeg aparc.DKTatlas Fri Mar 13 06:25:24 CET 2026
#@# WMParc Fri Mar 13 06:25:57 CET 2026
#@# ASeg Stats Fri Mar 13 06:29:53 CET 2026
recon-all -s sub-v2s4x29585_ses-1 finished without error at Fri Mar 13 06:30:33 CET 2026
