status file for recon-all
Fri Mar 13 05:49:27 CET 2026
#@# Tessellate rh Fri Mar 13 05:49:27 CET 2026
#@# Smooth1 rh Fri Mar 13 05:49:31 CET 2026
#@# Inflation1 rh Fri Mar 13 05:49:33 CET 2026
#@# QSphere rh Fri Mar 13 05:49:46 CET 2026
#@# Fix Topology rh Fri Mar 13 05:50:50 CET 2026
#@# Smooth2 rh Fri Mar 13 05:55:52 CET 2026
#@# Inflation2 rh Fri Mar 13 05:55:55 CET 2026
#@# Curv .H and .K rh Fri Mar 13 05:56:08 CET 2026
#@# Sphere rh Fri Mar 13 05:56:56 CET 2026
#@# Surf Reg rh Fri Mar 13 05:58:43 CET 2026
#@# Jacobian white rh Fri Mar 13 06:02:15 CET 2026
#@# AvgCurv rh Fri Mar 13 06:02:16 CET 2026
#@# Cortical Parc rh Fri Mar 13 06:02:17 CET 2026
#@# white curv rh Fri Mar 13 06:08:23 CET 2026
#@# white area rh Fri Mar 13 06:08:25 CET 2026
#@# pial curv rh Fri Mar 13 06:08:26 CET 2026
#@# pial area rh Fri Mar 13 06:08:27 CET 2026
#@# thickness rh Fri Mar 13 06:08:28 CET 2026
#@# area and vertex vol rh Fri Mar 13 06:08:58 CET 2026
#@# Curvature Stats rh Fri Mar 13 06:09:00 CET 2026
#@# Cortical Parc 2 rh Fri Mar 13 06:09:02 CET 2026
#@# Cortical Parc 3 rh Fri Mar 13 06:09:15 CET 2026
#@# WM/GM Contrast rh Fri Mar 13 06:09:26 CET 2026
recon-all -s sub-v2s4x29585_ses-1 finished without error at Fri Mar 13 06:09:29 CET 2026



#New# invocation of recon-all 



status file for recon-all
Fri Mar 13 06:20:31 CET 2026
#@# white curv rh Fri Mar 13 06:20:31 CET 2026
#@# white area rh Fri Mar 13 06:20:31 CET 2026
#@# pial curv rh Fri Mar 13 06:20:31 CET 2026
#@# pial area rh Fri Mar 13 06:20:31 CET 2026
#@# thickness rh Fri Mar 13 06:20:31 CET 2026
#@# area and vertex vol rh Fri Mar 13 06:20:31 CET 2026
#@# Parcellation Stats rh Fri Mar 13 06:20:31 CET 2026
#@# Parcellation Stats 2 rh Fri Mar 13 06:20:50 CET 2026
#@# Parcellation Stats 3 rh Fri Mar 13 06:21:00 CET 2026
#@# BA_exvivo Labels rh Fri Mar 13 06:21:09 CET 2026
recon-all -s sub-v2s4x29585_ses-1 finished without error at Fri Mar 13 06:23:42 CET 2026
