status file for recon-all
Fri Mar 13 04:04:23 CET 2026
#@# MotionCor Fri Mar 13 04:04:25 CET 2026
#@# Talairach Fri Mar 13 04:04:33 CET 2026
#@# Talairach Failure Detection Fri Mar 13 04:09:01 CET 2026
#@# Nu Intensity Correction Fri Mar 13 04:09:01 CET 2026
#@# Intensity Normalization Fri Mar 13 04:12:16 CET 2026
recon-all -s sub-v2s4x29595_ses-1 finished without error at Fri Mar 13 04:13:51 CET 2026



#New# invocation of recon-all 



status file for recon-all
Fri Mar 13 04:20:45 CET 2026
#@# EM Registration Fri Mar 13 04:20:45 CET 2026
recon-all -s sub-v2s4x29595_ses-1 finished without error at Fri Mar 13 04:23:17 CET 2026



#New# invocation of recon-all 



status file for recon-all
Fri Mar 13 04:23:19 CET 2026
#@# CA Normalize Fri Mar 13 04:23:19 CET 2026
#@# CA Reg Fri Mar 13 04:24:41 CET 2026
#@# SubCort Seg Fri Mar 13 05:10:05 CET 2026
#@# CC Seg Fri Mar 13 05:48:25 CET 2026
#@# Merge ASeg Fri Mar 13 05:48:59 CET 2026
#@# Intensity Normalization2 Fri Mar 13 05:48:59 CET 2026
#@# Mask BFS Fri Mar 13 05:51:16 CET 2026
#@# WM Segmentation Fri Mar 13 05:51:16 CET 2026
#@# Fill Fri Mar 13 05:53:20 CET 2026
recon-all -s sub-v2s4x29595_ses-1 finished without error at Fri Mar 13 05:54:21 CET 2026



#New# invocation of recon-all 



status file for recon-all
Fri Mar 13 06:38:35 CET 2026
#@# white curv lh Fri Mar 13 06:38:35 CET 2026
#@# white area lh Fri Mar 13 06:38:35 CET 2026
#@# pial curv lh Fri Mar 13 06:38:35 CET 2026
#@# pial area lh Fri Mar 13 06:38:35 CET 2026
#@# thickness lh Fri Mar 13 06:38:36 CET 2026
#@# area and vertex vol lh Fri Mar 13 06:38:36 CET 2026
#@# white curv rh Fri Mar 13 06:38:36 CET 2026
#@# white area rh Fri Mar 13 06:38:36 CET 2026
#@# pial curv rh Fri Mar 13 06:38:36 CET 2026
#@# pial area rh Fri Mar 13 06:38:36 CET 2026
#@# thickness rh Fri Mar 13 06:38:36 CET 2026
#@# area and vertex vol rh Fri Mar 13 06:38:36 CET 2026
#@# Cortical ribbon mask Fri Mar 13 06:38:36 CET 2026
recon-all -s sub-v2s4x29595_ses-1 finished without error at Fri Mar 13 06:43:37 CET 2026



#New# invocation of recon-all 



status file for recon-all
Fri Mar 13 06:50:13 CET 2026
#@# white curv lh Fri Mar 13 06:50:14 CET 2026
#@# white area lh Fri Mar 13 06:50:14 CET 2026
#@# pial curv lh Fri Mar 13 06:50:14 CET 2026
#@# pial area lh Fri Mar 13 06:50:14 CET 2026
#@# thickness lh Fri Mar 13 06:50:14 CET 2026
#@# area and vertex vol lh Fri Mar 13 06:50:14 CET 2026
#@# white curv rh Fri Mar 13 06:50:14 CET 2026
#@# white area rh Fri Mar 13 06:50:14 CET 2026
#@# pial curv rh Fri Mar 13 06:50:14 CET 2026
#@# pial area rh Fri Mar 13 06:50:14 CET 2026
#@# thickness rh Fri Mar 13 06:50:14 CET 2026
#@# area and vertex vol rh Fri Mar 13 06:50:14 CET 2026
#@# Curvature Stats lh Fri Mar 13 06:50:14 CET 2026
#@# Curvature Stats rh Fri Mar 13 06:50:16 CET 2026
#@# Relabel Hypointensities Fri Mar 13 06:50:19 CET 2026
#@# APas-to-ASeg Fri Mar 13 06:50:34 CET 2026
#@# AParc-to-ASeg aparc Fri Mar 13 06:50:42 CET 2026
#@# AParc-to-ASeg aparc.a2009s Fri Mar 13 06:51:10 CET 2026
#@# AParc-to-ASeg aparc.DKTatlas Fri Mar 13 06:51:39 CET 2026
#@# WMParc Fri Mar 13 06:52:07 CET 2026
#@# ASeg Stats Fri Mar 13 06:56:28 CET 2026
recon-all -s sub-v2s4x29595_ses-1 finished without error at Fri Mar 13 06:57:07 CET 2026
