/out/sourcedata/freesurfer/sub-v2s4x29593_ses-1/mri
/opt/freesurfer/bin/talairach_avi
--i orig_nu.mgz --xfm transforms/talairach.auto.xfm
talairach_avi 7.3.2
Linux dna061 5.14.0-427.37.1.el9_4.x86_64 #1 SMP PREEMPT_DYNAMIC Fri Sep 13 12:41:50 EDT 2024 x86_64 x86_64 x86_64 GNU/Linux
Fri Mar 13 04:02:05 CET 2026
mri_convert orig_nu.mgz talsrcimg.img 
reading from orig_nu.mgz...
TR=0.00, TE=0.00, TI=0.00, flip angle=0.00
i_ras = (-1, -3.49246e-09, 3.72529e-09)
j_ras = (0, 0, -1)
k_ras = (-2.40107e-10, 1, 0)
writing to talsrcimg.img...
Analyze Output Matrix
-1.00000   0.00000  -0.00000   126.61368;
-0.00000   0.00000   1.00000  -132.05032;
 0.00000  -1.00000   0.00000   118.87182;
 0.00000   0.00000   0.00000   1.00000;
--------------------
INFO: set hdr.hist.orient to -1
mpr2mni305 talsrcimg
Fri Mar 13 04:02:06 CET 2026
/opt/freesurfer/bin/mpr2mni305 talsrcimg
mpr2mni305 7.3.2
target=711-2C_as_mni_average_305

---------------------------------------------------------------------
analyzeto4dfp talsrcimg -O0 -y
---------------------------------------------------------------------

freesurfer ifh2hdr.c
Fri Mar 13 04:02:06 2026
Writing: talsrcimg.4dfp.hdr
freesurfer analyzeto4dfp.c
Reading: talsrcimg.hdr
header size 348 bytes
hdr.dime.datatype	offset=70	value=2
hdr.dime.bitpix		offset=72	value=8
hdr.hist.orient		offset=252	value=-1
dimensionality     4
dimensions       256       256       256         1
Reading: talsrcimg.img
Writing: talsrcimg.4dfp.img
Writing: talsrcimg.4dfp.ifh
ifh2hdr talsrcimg -r0to255
ori=2

---------------------------------------------------------------------
gauss_4dfp talsrcimg 1.1
---------------------------------------------------------------------

freesurfer gauss_4dfp.c
Reading: talsrcimg.4dfp.img
Writing: talsrcimg_g11.4dfp.img
image dimensions 256 256 256 padded to 288 288 288
processing volume 1freesurfer ifh2hdr.c
Fri Mar 13 04:02:08 2026
Writing: talsrcimg_g11.4dfp.hdr

Writing: talsrcimg_g11.4dfp.ifh
including: talsrcimg.4dfp.img.rec in talsrcimg_g11.4dfp.img.rec

---------------------------------------------------------------------
imgreg_4dfp /opt/freesurfer/average/711-2C_as_mni_average_305 none talsrcimg_g11 none talsrcimg_to_711-2C_as_mni_average_305_t4 4355
---------------------------------------------------------------------

freesurfer imgreg_4dfp.c
/opt/freesurfer/average/711-2C_as_mni_average_305.4dfp.img
       256       256       256         1
  1.000000  1.000000  1.000000
orientation T byte_order littleendian
Reading image: /opt/freesurfer/average/711-2C_as_mni_average_305.4dfp.img
dimensions:      256       256       256
mmppix:       1.0000   -1.0000   -1.0000
center:     128.0000 -129.0000 -129.0000
talsrcimg_g11.4dfp.img
       256       256       256         1
  1.000000  1.000000  1.000000
orientation T byte_order littleendian
Reading image: talsrcimg_g11.4dfp.img
dimensions:      256       256       256
mmppix:       1.0000   -1.0000   -1.0000
center:     128.0000 -129.0000 -129.0000
t4_read: open error in t4_sub.f l:  41 t4_file(1:l)talsrcimg_to_711-2C_as_mni_average_305_t4 
t4_read: transform initialized to I4
rotation matrix determinant  1.000000
image alignment mode   4355 decimal     1103 hex
   -7.5000  -45.0000  -45.0000 5863.5303   14.7724
    0.0000  -45.0000  -45.0000 6044.1714   14.8087
    7.5000  -45.0000  -45.0000 5792.7280   14.8256
   -7.5000  -37.5000  -45.0000 6406.6201   14.4575
    0.0000  -37.5000  -45.0000 6579.8706   14.4868
    7.5000  -37.5000  -45.0000 6326.2549   14.4976
   -7.5000  -30.0000  -45.0000 7187.1001   14.3026
    0.0000  -30.0000  -45.0000 7396.6201   14.3247
    7.5000  -30.0000  -45.0000 7103.7285   14.3269
   -7.5000  -22.5000  -45.0000 8038.0894   14.2852
    0.0000  -22.5000  -45.0000 8306.6904   14.3069
    7.5000  -22.5000  -45.0000 7936.0635   14.3065
   -7.5000  -15.0000  -45.0000 8887.4678   14.2749
    0.0000  -15.0000  -45.0000 9213.5498   14.3021
    7.5000  -15.0000  -45.0000 8785.9287   14.3069
   -7.5000   -7.5000  -45.0000 9741.0342   14.2802
    0.0000   -7.5000  -45.000010101.5615   14.3136
    7.5000   -7.5000  -45.0000 9642.9189   14.3266
   -7.5000    0.0000  -45.000010474.8809   14.2938
    0.0000    0.0000  -45.000010859.9453   14.3281
    7.5000    0.0000  -45.000010342.3799   14.3439
   -7.5000    7.5000  -45.000010396.9033   14.3016
    0.0000    7.5000  -45.000010772.8838   14.3300
    7.5000    7.5000  -45.000010229.6182   14.3404
   -7.5000   15.0000  -45.000010233.7881   14.2983
    0.0000   15.0000  -45.000010625.4092   14.3204
    7.5000   15.0000  -45.000010081.9248   14.3227
   -7.5000   22.5000  -45.000010041.6279   14.2832
    0.0000   22.5000  -45.000010404.4326   14.3049
    7.5000   22.5000  -45.0000 9883.8203   14.3046
   -7.5000   30.0000  -45.0000 9749.7822   14.0846
    0.0000   30.0000  -45.000010078.1123   14.1115
    7.5000   30.0000  -45.0000 9573.4238   14.1163
   -7.5000   37.5000  -45.0000 9740.6670   14.0899
    0.0000   37.5000  -45.000010053.7188   14.1229
    7.5000   37.5000  -45.0000 9526.7197   14.1357
   -7.5000   45.0000  -45.0000 9292.5332   13.7452
    0.0000   45.0000  -45.0000 9569.5928   13.7782
    7.5000   45.0000  -45.0000 9037.9160   13.7934
   -7.5000  -45.0000  -37.5000 6236.8560   14.6875
    0.0000  -45.0000  -37.5000 6424.0249   14.7165
    7.5000  -45.0000  -37.5000 6174.2368   14.7334
   -7.5000  -37.5000  -37.5000 6797.7085   14.3754
    0.0000  -37.5000  -37.5000 7000.1802   14.3956
    7.5000  -37.5000  -37.5000 6719.3569   14.4043
   -7.5000  -30.0000  -37.5000 7650.4678   14.2185
    0.0000  -30.0000  -37.5000 7908.1733   14.2329
    7.5000  -30.0000  -37.5000 7563.7285   14.2333
   -7.5000  -22.5000  -37.5000 8558.2188   14.1979
    0.0000  -22.5000  -37.5000 8892.1309   14.2150
    7.5000  -22.5000  -37.5000 8460.9414   14.2149
   -7.5000  -15.0000  -37.5000 9457.7119   14.1873
    0.0000  -15.0000  -37.5000 9846.9082   14.2120
    7.5000  -15.0000  -37.5000 9362.8975   14.2192
   -7.5000   -7.5000  -37.500010376.1318   14.1963
    0.0000   -7.5000  -37.500010799.6084   14.2260
    7.5000   -7.5000  -37.500010275.2051   14.2411
   -7.5000    0.0000  -37.500011158.1865   14.2138
    0.0000    0.0000  -37.500011580.7236   14.2410
    7.5000    0.0000  -37.500011020.2041   14.2567
   -7.5000    7.5000  -37.500011048.9961   14.2213
    0.0000    7.5000  -37.500011472.5918   14.2408
    7.5000    7.5000  -37.500010876.0566   14.2491
   -7.5000   15.0000  -37.500010866.4121   14.2143
    0.0000   15.0000  -37.500011318.5176   14.2288
    7.5000   15.0000  -37.500010710.5137   14.2291
   -7.5000   22.5000  -37.500010645.3535   14.1959
    0.0000   22.5000  -37.500011083.8018   14.2130
    7.5000   22.5000  -37.500010494.2471   14.2129
   -7.5000   30.0000  -37.500010328.0742   13.9982
    0.0000   30.0000  -37.500010741.2734   14.0226
    7.5000   30.0000  -37.500010155.1504   14.0297
   -7.5000   37.5000  -37.500010297.7275   14.0071
    0.0000   37.5000  -37.500010667.4688   14.0364
    7.5000   37.5000  -37.500010051.8916   14.0513
   -7.5000   45.0000  -37.5000 9844.2256   13.6683
    0.0000   45.0000  -37.500010182.6270   13.6945
    7.5000   45.0000  -37.5000 9547.7217   13.7096
   -7.5000  -45.0000  -30.0000 6721.6133   15.3067
    0.0000  -45.0000  -30.0000 6946.0283   15.3323
    7.5000  -45.0000  -30.0000 6685.8188   15.3563
   -7.5000  -37.5000  -30.0000 7346.1943   14.9784
    0.0000  -37.5000  -30.0000 7604.0190   14.9934
    7.5000  -37.5000  -30.0000 7278.4907   15.0063
   -7.5000  -30.0000  -30.0000 8308.3809   14.8107
    0.0000  -30.0000  -30.0000 8632.2393   14.8196
    7.5000  -30.0000  -30.0000 8226.4180   14.8220
   -7.5000  -22.5000  -30.0000 9324.7578   14.7871
    0.0000  -22.5000  -30.0000 9702.8984   14.8003
    7.5000  -22.5000  -30.0000 9221.6270   14.8025
   -7.5000  -15.0000  -30.000010295.5176   14.7783
    0.0000  -15.0000  -30.000010728.4961   14.8007
    7.5000  -15.0000  -30.000010187.7822   14.8119
   -7.5000   -7.5000  -30.000011295.5820   14.7923
    0.0000   -7.5000  -30.000011766.0908   14.8200
    7.5000   -7.5000  -30.000011141.1465   14.8410
   -7.5000    0.0000  -30.000012129.8643   14.8128
    0.0000    0.0000  -30.000012597.3936   14.8366
    7.5000    0.0000  -30.000011920.7764   14.8586
   -7.5000    7.5000  -30.000011975.6924   14.8181
    0.0000    7.5000  -30.000012449.8555   14.8323
    7.5000    7.5000  -30.000011756.8682   14.8447
   -7.5000   15.0000  -30.000011763.1230   14.8063
    0.0000   15.0000  -30.000012266.1455   14.8153
    7.5000   15.0000  -30.000011571.6846   14.8176
   -7.5000   22.5000  -30.000011500.0488   14.7835
    0.0000   22.5000  -30.000012017.2080   14.7967
    7.5000   22.5000  -30.000011333.8545   14.7989
   -7.5000   30.0000  -30.000011126.5518   14.5827
    0.0000   30.0000  -30.000011619.3164   14.6049
    7.5000   30.0000  -30.000010946.1689   14.6159
   -7.5000   37.5000  -30.000011034.6201   14.5966
    0.0000   37.5000  -30.000011486.8652   14.6239
    7.5000   37.5000  -30.000010779.6055   14.6447
   -7.5000   45.0000  -30.000010537.4795   14.2548
    0.0000   45.0000  -30.000010967.0898   14.2776
    7.5000   45.0000  -30.000010220.4062   14.2988
   -7.5000  -45.0000  -22.5000 7275.2168   15.8255
    0.0000  -45.0000  -22.5000 7532.9072   15.8551
    7.5000  -45.0000  -22.5000 7236.4033   15.8874
   -7.5000  -37.5000  -22.5000 7966.1226   15.4836
    0.0000  -37.5000  -22.5000 8252.2158   15.5030
    7.5000  -37.5000  -22.5000 7881.1396   15.5236
   -7.5000  -30.0000  -22.5000 9010.4727   15.3110
    0.0000  -30.0000  -22.5000 9357.4736   15.3224
    7.5000  -30.0000  -22.5000 8912.7441   15.3295
   -7.5000  -22.5000  -22.500010109.5527   15.2897
    0.0000  -22.5000  -22.500010517.8770   15.3029
    7.5000  -22.5000  -22.5000 9990.0322   15.3073
   -7.5000  -15.0000  -22.500011154.3291   15.2839
    0.0000  -15.0000  -22.500011624.7305   15.3052
    7.5000  -15.0000  -22.500011017.7734   15.3183
   -7.5000   -7.5000  -22.500012203.2129   15.2979
    0.0000   -7.5000  -22.500012719.3359   15.3264
    7.5000   -7.5000  -22.500012026.3809   15.3520
   -7.5000    0.0000  -22.500013070.1250   15.3153
    0.0000    0.0000  -22.500013574.4316   15.3428
    7.5000    0.0000  -22.500012838.8613   15.3726
   -7.5000    7.5000  -22.500012902.1553   15.3181
    0.0000    7.5000  -22.500013416.2891   15.3367
    7.5000    7.5000  -22.500012679.3291   15.3565
   -7.5000   15.0000  -22.500012678.7744   15.3065
    0.0000   15.0000  -22.500013218.8789   15.3179
    7.5000   15.0000  -22.500012462.9717   15.3250
   -7.5000   22.5000  -22.500012381.9434   15.2850
    0.0000   22.5000  -22.500012955.8281   15.2981
    7.5000   22.5000  -22.500012194.0645   15.3026
   -7.5000   30.0000  -22.500011926.9316   15.0840
    0.0000   30.0000  -22.500012474.9717   15.1050
    7.5000   30.0000  -22.500011734.4775   15.1180
   -7.5000   37.5000  -22.500011739.8809   15.0978
    0.0000   37.5000  -22.500012279.6904   15.1259
    7.5000   37.5000  -22.500011499.2012   15.1512
   -7.5000   45.0000  -22.500011226.4277   14.7494
    0.0000   45.0000  -22.500011713.8750   14.7759
    7.5000   45.0000  -22.500010895.5947   14.8045
   -7.5000  -45.0000  -15.0000 7840.6646   16.1949
    0.0000  -45.0000  -15.0000 8132.2295   16.2327
    7.5000  -45.0000  -15.0000 7779.0449   16.2665
   -7.5000  -37.5000  -15.0000 8574.5596   15.8452
    0.0000  -37.5000  -15.0000 8896.5049   15.8745
    7.5000  -37.5000  -15.0000 8493.9316   15.8986
   -7.5000  -30.0000  -15.0000 9715.7061   15.6735
    0.0000  -30.0000  -15.000010090.7832   15.6930
    7.5000  -30.0000  -15.0000 9610.2891   15.7022
   -7.5000  -22.5000  -15.000010882.8408   15.6579
    0.0000  -22.5000  -15.000011350.7842   15.6751
    7.5000  -22.5000  -15.000010776.0576   15.6783
   -7.5000  -15.0000  -15.000011965.9404   15.6537
    0.0000  -15.0000  -15.000012504.3066   15.6767
    7.5000  -15.0000  -15.000011879.0605   15.6865
   -7.5000   -7.5000  -15.000013069.5693   15.6627
    0.0000   -7.5000  -15.000013649.6309   15.6949
    7.5000   -7.5000  -15.000012955.5674   15.7186
   -7.5000    0.0000  -15.000013991.6992   15.6737
    0.0000    0.0000  -15.000014555.7832   15.7091
    7.5000    0.0000  -15.000013806.8828   15.7404
   -7.5000    7.5000  -15.000013831.0557   15.6758
    0.0000    7.5000  -15.000014361.0430   15.7042
    7.5000    7.5000  -15.000013636.7588   15.7276
   -7.5000   15.0000  -15.000013553.0801   15.6689
    0.0000   15.0000  -15.000014116.3203   15.6884
    7.5000   15.0000  -15.000013358.5898   15.6976
   -7.5000   22.5000  -15.000013209.4385   15.6523
    0.0000   22.5000  -15.000013822.4004   15.6696
    7.5000   22.5000  -15.000013031.0010   15.6728
   -7.5000   30.0000  -15.000012709.3877   15.4511
    0.0000   30.0000  -15.000013319.2090   15.4738
    7.5000   30.0000  -15.000012555.5049   15.4835
   -7.5000   37.5000  -15.000012480.3359   15.4600
    0.0000   37.5000  -15.000013069.0508   15.4918
    7.5000   37.5000  -15.000012288.7246   15.5152
   -7.5000   45.0000  -15.000011881.7754   15.1037
    0.0000   45.0000  -15.000012415.6377   15.1377
    7.5000   45.0000  -15.000011603.5439   15.1679
   -7.5000  -45.0000   -7.5000 8432.8564   16.3845
    0.0000  -45.0000   -7.5000 8747.6172   16.4265
    7.5000  -45.0000   -7.5000 8355.2607   16.4522
   -7.5000  -37.5000   -7.5000 9212.0020   16.0335
    0.0000  -37.5000   -7.5000 9554.1377   16.0684
    7.5000  -37.5000   -7.5000 9132.6357   16.0869
   -7.5000  -30.0000   -7.500010430.9004   15.8629
    0.0000  -30.0000   -7.500010832.9473   15.8882
    7.5000  -30.0000   -7.500010313.1621   15.8943
   -7.5000  -22.5000   -7.500011681.7178   15.8480
    0.0000  -22.5000   -7.500012160.1826   15.8705
    7.5000  -22.5000   -7.500011564.0537   15.8707
   -7.5000  -15.0000   -7.500012854.0117   15.8415
    0.0000  -15.0000   -7.500013425.6064   15.8688
    7.5000  -15.0000   -7.500012780.2100   15.8742
   -7.5000   -7.5000   -7.500014025.4375   15.8473
    0.0000   -7.5000   -7.500014622.7148   15.8832
    7.5000   -7.5000   -7.500013915.6631   15.9004
   -7.5000    0.0000   -7.500014990.3975   15.8575
    0.0000    0.0000   -7.500015535.1709   15.8971
    7.5000    0.0000   -7.500014804.7998   15.9209
   -7.5000    7.5000   -7.500014800.5488   15.8619
    0.0000    7.5000   -7.500015326.2236   15.8958
    7.5000    7.5000   -7.500014624.2529   15.9138
   -7.5000   15.0000   -7.500014436.2832   15.8581
    0.0000   15.0000   -7.500015003.9043   15.8835
    7.5000   15.0000   -7.500014276.8555   15.8897
   -7.5000   22.5000   -7.500014044.8467   15.8407
    0.0000   22.5000   -7.500014674.0771   15.8631
    7.5000   22.5000   -7.500013947.9004   15.8634
   -7.5000   30.0000   -7.500013503.4883   15.6361
    0.0000   30.0000   -7.500014143.9844   15.6630
    7.5000   30.0000   -7.500013438.3320   15.6683
   -7.5000   37.5000   -7.500013270.1387   15.6418
    0.0000   37.5000   -7.500013884.0977   15.6772
    7.5000   37.5000   -7.500013141.8555   15.6942
   -7.5000   45.0000   -7.500012591.3994   15.2836
    0.0000   45.0000   -7.500013153.6250   15.3218
    7.5000   45.0000   -7.500012348.4062   15.3448
   -7.5000  -45.0000    0.0000 8957.2979   16.4263
    0.0000  -45.0000    0.0000 9274.2588   16.4658
    7.5000  -45.0000    0.0000 8873.3750   16.4840
   -7.5000  -37.5000    0.0000 9785.8818   16.0777
    0.0000  -37.5000    0.000010157.5605   16.1096
    7.5000  -37.5000    0.0000 9692.1963   16.1210
   -7.5000  -30.0000    0.000011073.1631   15.9061
    0.0000  -30.0000    0.000011502.3154   15.9302
    7.5000  -30.0000    0.000010951.1582   15.9321
   -7.5000  -22.5000    0.000012392.2988   15.8872
    0.0000  -22.5000    0.000012892.1221   15.9109
    7.5000  -22.5000    0.000012278.2285   15.9100
   -7.5000  -15.0000    0.000013624.2266   15.8765
    0.0000  -15.0000    0.000014200.1504   15.9062
    7.5000  -15.0000    0.000013521.8252   15.9112
   -7.5000   -7.5000    0.000014866.9912   15.8827
    0.0000   -7.5000    0.000015429.8965   15.9192
    7.5000   -7.5000    0.000014734.7900   15.9331
   -7.5000    0.0000    0.000015919.2344   15.8974
    0.0000    0.0000    0.000016422.7695   15.9347
    7.5000    0.0000    0.000015730.8555   15.9518
   -7.5000    7.5000    0.000015652.6084   15.9054
    0.0000    7.5000    0.000016182.5479   15.9363
    7.5000    7.5000    0.000015521.5811   15.9474
   -7.5000   15.0000    0.000015208.1992   15.9014
    0.0000   15.0000    0.000015727.9727   15.9255
    7.5000   15.0000    0.000015134.9824   15.9275
   -7.5000   22.5000    0.000014759.4521   15.8799
    0.0000   22.5000    0.000015337.6318   15.9035
    7.5000   22.5000    0.000014776.3193   15.9026
   -7.5000   30.0000    0.000014224.9043   15.6710
    0.0000   30.0000    0.000014810.0029   15.7004
    7.5000   30.0000    0.000014279.2607   15.7052
   -7.5000   37.5000    0.000013941.4834   15.6771
    0.0000   37.5000    0.000014535.5605   15.7131
    7.5000   37.5000    0.000013921.6699   15.7269
   -7.5000   45.0000    0.000013171.0801   15.3232
    0.0000   45.0000    0.000013731.4980   15.3592
    7.5000   45.0000    0.000012998.2031   15.3757
   -7.5000  -45.0000    7.5000 8763.7705   16.4348
    0.0000  -45.0000    7.5000 9082.8125   16.4671
    7.5000  -45.0000    7.5000 8691.7090   16.4860
   -7.5000  -37.5000    7.5000 9598.4316   16.0855
    0.0000  -37.5000    7.5000 9962.3555   16.1082
    7.5000  -37.5000    7.5000 9504.2139   16.1179
   -7.5000  -30.0000    7.500010859.1328   15.9101
    0.0000  -30.0000    7.500011284.7129   15.9262
    7.5000  -30.0000    7.500010752.5430   15.9266
   -7.5000  -22.5000    7.500012138.1504   15.8869
    0.0000  -22.5000    7.500012632.7881   15.9061
    7.5000  -22.5000    7.500012041.7080   15.9060
   -7.5000  -15.0000    7.500013325.9062   15.8751
    0.0000  -15.0000    7.500013870.5430   15.9027
    7.5000  -15.0000    7.500013225.3906   15.9107
   -7.5000   -7.5000    7.500014548.4541   15.8851
    0.0000   -7.5000    7.500015062.7578   15.9184
    7.5000   -7.5000    7.500014377.7705   15.9352
   -7.5000    0.0000    7.500015708.8252   15.9048
    0.0000    0.0000    7.500016258.1602   15.9352
    7.5000    0.0000    7.500015443.7207   15.9528
   -7.5000    7.5000    7.500015472.4355   15.9132
    0.0000    7.5000    7.500015995.6318   15.9350
    7.5000    7.5000    7.500015320.8486   15.9443
   -7.5000   15.0000    7.500014874.8174   15.9054
    0.0000   15.0000    7.500015292.4619   15.9215
    7.5000   15.0000    7.500014936.6523   15.9219
   -7.5000   22.5000    7.500014422.2129   15.8796
    0.0000   22.5000    7.500014862.2549   15.8987
    7.5000   22.5000    7.500014603.6680   15.8986
   -7.5000   30.0000    7.500013958.8359   15.6696
    0.0000   30.0000    7.500014443.2197   15.6969
    7.5000   30.0000    7.500014106.9092   15.7048
   -7.5000   37.5000    7.500013695.4395   15.6796
    0.0000   37.5000    7.500014200.5039   15.7124
    7.5000   37.5000    7.500013716.4834   15.7290
   -7.5000   45.0000    7.500012875.9766   15.3304
    0.0000   45.0000    7.500013343.5059   15.3597
    7.5000   45.0000    7.500012718.9307   15.3766
   -7.5000  -45.0000   15.0000 8496.4346   16.4369
    0.0000  -45.0000   15.0000 8816.5430   16.4644
    7.5000  -45.0000   15.0000 8408.9980   16.4901
   -7.5000  -37.5000   15.0000 9303.6924   16.0843
    0.0000  -37.5000   15.0000 9656.3896   16.1004
    7.5000  -37.5000   15.0000 9187.1250   16.1143
   -7.5000  -30.0000   15.000010499.5254   15.9042
    0.0000  -30.0000   15.000010926.3516   15.9138
    7.5000  -30.0000   15.000010398.2432   15.9164
   -7.5000  -22.5000   15.000011719.3789   15.8789
    0.0000  -22.5000   15.000012220.7188   15.8930
    7.5000  -22.5000   15.000011621.9570   15.8955
   -7.5000  -15.0000   15.000012821.8369   15.8694
    0.0000  -15.0000   15.000013338.3926   15.8935
    7.5000  -15.0000   15.000012738.5117   15.9056
   -7.5000   -7.5000   15.000013956.3164   15.8845
    0.0000   -7.5000   15.000014428.6797   15.9142
    7.5000   -7.5000   15.000013827.8262   15.9368
   -7.5000    0.0000   15.000015156.1797   15.9065
    0.0000    0.0000   15.000015697.4375   15.9320
    7.5000    0.0000   15.000014898.1650   15.9557
   -7.5000    7.5000   15.000014998.3125   15.9122
    0.0000    7.5000   15.000015399.4639   15.9275
    7.5000    7.5000   15.000014863.5781   15.9407
   -7.5000   15.0000   15.000014364.3779   15.8996
    0.0000   15.0000   15.000014640.6562   15.9092
    7.5000   15.0000   15.000014475.8721   15.9117
   -7.5000   22.5000   15.000013983.9844   15.8715
    0.0000   22.5000   15.000014269.6377   15.8857
    7.5000   22.5000   15.000014097.1758   15.8881
   -7.5000   30.0000   15.000013610.0312   15.6641
    0.0000   30.0000   15.000013973.7334   15.6878
    7.5000   30.0000   15.000013610.8984   15.6997
   -7.5000   37.5000   15.000013343.5703   15.6790
    0.0000   37.5000   15.000013728.7246   15.7083
    7.5000   37.5000   15.000013215.4502   15.7306
   -7.5000   45.0000   15.000012445.0625   15.3321
    0.0000   45.0000   15.000012793.6221   15.3566
    7.5000   45.0000   15.000012180.7324   15.3794
   -7.5000  -45.0000   22.5000 8105.5137   16.4281
    0.0000  -45.0000   22.5000 8420.5059   16.4589
    7.5000  -45.0000   22.5000 8022.1455   16.4924
   -7.5000  -37.5000   22.5000 8909.8350   16.0733
    0.0000  -37.5000   22.5000 9259.1631   16.0934
    7.5000  -37.5000   22.5000 8796.3369   16.1148
   -7.5000  -30.0000   22.500010045.7676   15.8940
    0.0000  -30.0000   22.500010479.6631   15.9059
    7.5000  -30.0000   22.5000 9954.8438   15.9133
   -7.5000  -22.5000   22.500011187.3779   15.8719
    0.0000  -22.5000   22.500011664.0537   15.8856
    7.5000  -22.5000   22.500011087.2324   15.8902
   -7.5000  -15.0000   22.500012241.8633   15.8659
    0.0000  -15.0000   22.500012718.2061   15.8880
    7.5000  -15.0000   22.500012151.1963   15.9016
   -7.5000   -7.5000   22.500013342.4336   15.8805
    0.0000   -7.5000   22.500013795.0518   15.9100
    7.5000   -7.5000   22.500013206.9697   15.9366
   -7.5000    0.0000   22.500014466.2158   15.8985
    0.0000    0.0000   22.500014978.4004   15.9271
    7.5000    0.0000   22.500014233.6055   15.9579
   -7.5000    7.5000   22.500014393.4180   15.9014
    0.0000    7.5000   22.500014841.5674   15.9207
    7.5000    7.5000   22.500014146.9482   15.9413
   -7.5000   15.0000   22.500014027.0576   15.8893
    0.0000   15.0000   22.500014404.0225   15.9012
    7.5000   15.0000   22.500013850.7979   15.9086
   -7.5000   22.5000   22.500013694.2500   15.8646
    0.0000   22.5000   22.500014098.0967   15.8783
    7.5000   22.5000   22.500013493.1846   15.8829
   -7.5000   30.0000   22.500013195.3320   15.6606
    0.0000   30.0000   22.500013605.4414   15.6824
    7.5000   30.0000   22.500012956.5781   15.6958
   -7.5000   37.5000   22.500012812.9199   15.6749
    0.0000   37.5000   22.500013222.3252   15.7041
    7.5000   37.5000   22.500012588.9639   15.7304
   -7.5000   45.0000   22.500011835.6445   15.3243
    0.0000   45.0000   22.500012209.1494   15.3519
    7.5000   45.0000   22.500011608.9873   15.3816
   -7.5000  -45.0000   30.0000 7564.3149   16.4174
    0.0000  -45.0000   30.0000 7853.4404   16.4557
    7.5000  -45.0000   30.0000 7516.0410   16.4899
   -7.5000  -37.5000   30.0000 8320.0850   16.0628
    0.0000  -37.5000   30.0000 8646.9756   16.0925
    7.5000  -37.5000   30.0000 8239.1729   16.1169
   -7.5000  -30.0000   30.0000 9415.7578   15.8888
    0.0000  -30.0000   30.0000 9802.5830   15.9085
    7.5000  -30.0000   30.0000 9322.1855   15.9179
   -7.5000  -22.5000   30.000010506.4561   15.8729
    0.0000  -22.5000   30.000010942.7881   15.8904
    7.5000  -22.5000   30.000010399.8887   15.8937
   -7.5000  -15.0000   30.000011548.9971   15.8686
    0.0000  -15.0000   30.000012018.0352   15.8920
    7.5000  -15.0000   30.000011440.2344   15.9019
   -7.5000   -7.5000   30.000012683.3184   15.8778
    0.0000   -7.5000   30.000013193.8193   15.9104
    7.5000   -7.5000   30.000012503.7148   15.9345
   -7.5000    0.0000   30.000013708.1240   15.8890
    0.0000    0.0000   30.000014273.5264   15.9248
    7.5000    0.0000   30.000013475.0605   15.9565
   -7.5000    7.5000   30.000013487.8496   15.8911
    0.0000    7.5000   30.000013966.1465   15.9199
    7.5000    7.5000   30.000013278.2305   15.9435
   -7.5000   15.0000   30.000013126.7715   15.8841
    0.0000   15.0000   30.000013551.3252   15.9039
    7.5000   15.0000   30.000012952.3691   15.9132
   -7.5000   22.5000   30.000012812.1387   15.8656
    0.0000   22.5000   30.000013269.8828   15.8830
    7.5000   22.5000   30.000012650.0312   15.8863
   -7.5000   30.0000   30.000012361.2861   15.6633
    0.0000   30.0000   30.000012816.4053   15.6863
    7.5000   30.0000   30.000012210.1260   15.6961
   -7.5000   37.5000   30.000012047.2812   15.6723
    0.0000   37.5000   30.000012501.3105   15.7045
    7.5000   37.5000   30.000011933.0410   15.7282
   -7.5000   45.0000   30.000011133.7197   15.3151
    0.0000   45.0000   30.000011546.0879   15.3497
    7.5000   45.0000   30.000010997.7549   15.3802
   -7.5000  -45.0000   37.5000 7278.5010   16.4185
    0.0000  -45.0000   37.5000 7546.8081   16.4606
    7.5000  -45.0000   37.5000 7244.3447   16.4863
   -7.5000  -37.5000   37.5000 8025.7979   16.0667
    0.0000  -37.5000   37.5000 8335.6387   16.1017
    7.5000  -37.5000   37.5000 7949.6211   16.1203
   -7.5000  -30.0000   37.5000 9104.4121   15.8957
    0.0000  -30.0000   37.5000 9487.6299   15.9211
    7.5000  -30.0000   37.5000 9000.6982   15.9273
   -7.5000  -22.5000   37.500010184.1191   15.8809
    0.0000  -22.5000   37.500010654.3926   15.9034
    7.5000  -22.5000   37.500010072.5576   15.9036
   -7.5000  -15.0000   37.500011198.0771   15.8744
    0.0000  -15.0000   37.500011732.4902   15.9017
    7.5000  -15.0000   37.500011078.0830   15.9071
   -7.5000   -7.5000   37.500012266.8574   15.8802
    0.0000   -7.5000   37.500012841.8682   15.9161
    7.5000   -7.5000   37.500012107.1973   15.9333
   -7.5000    0.0000   37.500013175.3945   15.8903
    0.0000    0.0000   37.500013761.6094   15.9300
    7.5000    0.0000   37.500012987.0557   15.9540
   -7.5000    7.5000   37.500012919.0762   15.8948
    0.0000    7.5000   37.500013470.0498   15.9287
    7.5000    7.5000   37.500012793.9619   15.9468
   -7.5000   15.0000   37.500012563.3525   15.8910
    0.0000   15.0000   37.500013078.0527   15.9165
    7.5000   15.0000   37.500012459.4932   15.9226
   -7.5000   22.5000   37.500012238.4297   15.8735
    0.0000   22.5000   37.500012736.1162   15.8960
    7.5000   22.5000   37.500012148.3105   15.8963
   -7.5000   30.0000   37.500011843.9951   15.6690
    0.0000   30.0000   37.500012318.2295   15.6959
    7.5000   30.0000   37.500011780.4121   15.7012
   -7.5000   37.5000   37.500011625.9502   15.6747
    0.0000   37.5000   37.500012079.7568   15.7102
    7.5000   37.5000   37.500011556.0723   15.7271
   -7.5000   45.0000   37.500010772.2510   15.3165
    0.0000   45.0000   37.500011165.9736   15.3547
    7.5000   45.0000   37.500010678.7412   15.3778
   -7.5000  -45.0000   45.0000 6647.1694   16.4860
    0.0000  -45.0000   45.0000 6914.0752   16.5264
    7.5000  -45.0000   45.0000 6617.6216   16.5448
   -7.5000  -37.5000   45.0000 7354.4087   16.1328
    0.0000  -37.5000   45.0000 7653.7969   16.1654
    7.5000  -37.5000   45.0000 7295.0386   16.1770
   -7.5000  -30.0000   45.0000 8343.4551   15.9593
    0.0000  -30.0000   45.0000 8710.6680   15.9839
    7.5000  -30.0000   45.0000 8269.5420   15.9859
   -7.5000  -22.5000   45.0000 9325.1201   15.9401
    0.0000  -22.5000   45.0000 9770.6992   15.9644
    7.5000  -22.5000   45.0000 9253.3037   15.9635
   -7.5000  -15.0000   45.000010263.0430   15.9290
    0.0000  -15.0000   45.000010748.8682   15.9595
    7.5000  -15.0000   45.000010170.2031   15.9645
   -7.5000   -7.5000   45.000011215.0137   15.9350
    0.0000   -7.5000   45.000011752.4551   15.9724
    7.5000   -7.5000   45.000011099.6787   15.9865
   -7.5000    0.0000   45.000012059.3477   15.9498
    0.0000    0.0000   45.000012601.8145   15.9881
    7.5000    0.0000   45.000011899.7998   16.0052
   -7.5000    7.5000   45.000011846.6074   15.9582
    0.0000    7.5000   45.000012366.7637   15.9899
    7.5000    7.5000   45.000011729.1143   16.0010
   -7.5000   15.0000   45.000011549.2139   15.9545
    0.0000   15.0000   45.000012019.9795   15.9791
    7.5000   15.0000   45.000011438.9766   15.9811
   -7.5000   22.5000   45.000011223.0850   15.9327
    0.0000   22.5000   45.000011673.6016   15.9570
    7.5000   22.5000   45.000011136.9668   15.9561
   -7.5000   30.0000   45.000010862.2373   15.7215
    0.0000   30.0000   45.000011276.0420   15.7516
    7.5000   30.0000   45.000010799.7568   15.7565
   -7.5000   37.5000   45.000010714.4521   15.7274
    0.0000   37.5000   45.000011113.4814   15.7643
    7.5000   37.5000   45.000010630.5664   15.7782
   -7.5000   45.0000   45.0000 9930.7129   15.3808
    0.0000   45.0000   45.000010293.9629   15.4176
    7.5000   45.0000   45.0000 9840.3496   15.4342

---------------------------------------------------------------------
imgreg_4dfp /opt/freesurfer/average/711-2C_as_mni_average_305 /opt/freesurfer/average/711-2B_as_mni_average_305_mask talsrcimg_g11 none talsrcimg_to_711-2C_as_mni_average_305_t4 4355
---------------------------------------------------------------------

freesurfer imgreg_4dfp.c
/opt/freesurfer/average/711-2C_as_mni_average_305.4dfp.img
       256       256       256         1
  1.000000  1.000000  1.000000
orientation T byte_order littleendian
Reading image: /opt/freesurfer/average/711-2C_as_mni_average_305.4dfp.img
dimensions:      256       256       256
mmppix:       1.0000   -1.0000   -1.0000
center:     128.0000 -129.0000 -129.0000
/opt/freesurfer/average/711-2B_as_mni_average_305_mask.4dfp.img
       256       256       256         1
  1.000000  1.000000  1.000000
orientation T byte_order littleendian
Reading mask: /opt/freesurfer/average/711-2B_as_mni_average_305_mask.4dfp.img (2306576 pixels)
talsrcimg_g11.4dfp.img
       256       256       256         1
  1.000000  1.000000  1.000000
orientation T byte_order littleendian
Reading image: talsrcimg_g11.4dfp.img
dimensions:      256       256       256
mmppix:       1.0000   -1.0000   -1.0000
center:     128.0000 -129.0000 -129.0000
rotation matrix determinant  1.000000
image alignment mode   4355 decimal     1103 hex
   -7.5000  -45.0000  -45.0000 1695.7412   23.5053
    0.0000  -45.0000  -45.0000 1688.0939   23.4865
    7.5000  -45.0000  -45.0000 1668.2388   23.8254
   -7.5000  -37.5000  -45.0000 1817.5055   20.7187
    0.0000  -37.5000  -45.0000 1803.4177   20.6652
    7.5000  -37.5000  -45.0000 1789.5668   21.0949
   -7.5000  -30.0000  -45.0000 1908.9094   18.5207
    0.0000  -30.0000  -45.0000 1898.5358   18.4549
    7.5000  -30.0000  -45.0000 1886.6439   18.8250
   -7.5000  -22.5000  -45.0000 2000.1110   16.8059
    0.0000  -22.5000  -45.0000 1995.5181   16.7608
    7.5000  -22.5000  -45.0000 1977.7056   17.0135
   -7.5000  -15.0000  -45.0000 2079.0305   15.4840
    0.0000  -15.0000  -45.0000 2077.0457   15.4889
    7.5000  -15.0000  -45.0000 2060.6455   15.6714
   -7.5000   -7.5000  -45.0000 2133.8970   14.5611
    0.0000   -7.5000  -45.0000 2134.8230   14.6051
    7.5000   -7.5000  -45.0000 2122.5232   14.6983
   -7.5000    0.0000  -45.0000 2163.3303   13.9926
    0.0000    0.0000  -45.0000 2163.7358   14.0217
    7.5000    0.0000  -45.0000 2151.6555   14.1238
   -7.5000    7.5000  -45.0000 2181.5061   13.7018
    0.0000    7.5000  -45.0000 2182.7292   13.6954
    7.5000    7.5000  -45.0000 2165.5852   13.8808
   -7.5000   15.0000  -45.0000 2179.5896   13.6946
    0.0000   15.0000  -45.0000 2181.7031   13.7236
    7.5000   15.0000  -45.0000 2162.9529   13.9190
   -7.5000   22.5000  -45.0000 2169.6453   13.8956
    0.0000   22.5000  -45.0000 2165.5576   13.8952
    7.5000   22.5000  -45.0000 2147.4810   14.1285
   -7.5000   30.0000  -45.0000 2140.7117   14.3758
    0.0000   30.0000  -45.0000 2138.0886   14.3299
    7.5000   30.0000  -45.0000 2116.7188   14.5613
   -7.5000   37.5000  -45.0000 2095.1599   15.0950
    0.0000   37.5000  -45.0000 2093.7151   15.0454
    7.5000   37.5000  -45.0000 2078.6636   15.3148
   -7.5000   45.0000  -45.0000 2037.8547   16.1809
    0.0000   45.0000  -45.0000 2032.3379   16.1331
    7.5000   45.0000  -45.0000 2012.9702   16.4103
   -7.5000  -45.0000  -37.5000 1766.5394   21.8100
    0.0000  -45.0000  -37.5000 1757.4609   21.7723
    7.5000  -45.0000  -37.5000 1741.5386   22.1702
   -7.5000  -37.5000  -37.5000 1885.3188   19.1891
    0.0000  -37.5000  -37.5000 1876.8524   19.2018
    7.5000  -37.5000  -37.5000 1859.8899   19.5126
   -7.5000  -30.0000  -37.5000 1989.7118   17.0924
    0.0000  -30.0000  -37.5000 1983.3849   17.1233
    7.5000  -30.0000  -37.5000 1965.3164   17.3674
   -7.5000  -22.5000  -37.5000 2090.1116   15.4705
    0.0000  -22.5000  -37.5000 2089.0718   15.5092
    7.5000  -22.5000  -37.5000 2065.5962   15.6622
   -7.5000  -15.0000  -37.5000 2174.6221   14.2585
    0.0000  -15.0000  -37.5000 2173.2004   14.3117
    7.5000  -15.0000  -37.5000 2157.1331   14.4030
   -7.5000   -7.5000  -37.5000 2238.5129   13.3883
    0.0000   -7.5000  -37.5000 2239.4834   13.4351
    7.5000   -7.5000  -37.5000 2226.7920   13.5257
   -7.5000    0.0000  -37.5000 2267.6226   12.8459
    0.0000    0.0000  -37.5000 2269.2971   12.8976
    7.5000    0.0000  -37.5000 2256.2397   12.9743
   -7.5000    7.5000  -37.5000 2282.8606   12.5712
    0.0000    7.5000  -37.5000 2285.6414   12.6021
    7.5000    7.5000  -37.5000 2271.4910   12.7398
   -7.5000   15.0000  -37.5000 2283.9338   12.5394
    0.0000   15.0000  -37.5000 2292.1375   12.5696
    7.5000   15.0000  -37.5000 2269.9912   12.7316
   -7.5000   22.5000  -37.5000 2272.8816   12.6538
    0.0000   22.5000  -37.5000 2276.5378   12.6894
    7.5000   22.5000  -37.5000 2258.3481   12.8489
   -7.5000   30.0000  -37.5000 2245.3389   13.0669
    0.0000   30.0000  -37.5000 2248.5117   13.0823
    7.5000   30.0000  -37.5000 2223.2859   13.2829
   -7.5000   37.5000  -37.5000 2200.2197   13.7286
    0.0000   37.5000  -37.5000 2202.6797   13.7672
    7.5000   37.5000  -37.5000 2179.1345   13.9814
   -7.5000   45.0000  -37.5000 2138.3164   14.7440
    0.0000   45.0000  -37.5000 2136.0876   14.7382
    7.5000   45.0000  -37.5000 2111.8762   14.9929
   -7.5000  -45.0000  -30.0000 1855.0287   21.0141
    0.0000  -45.0000  -30.0000 1847.6973   20.9604
    7.5000  -45.0000  -30.0000 1833.2693   21.3534
   -7.5000  -37.5000  -30.0000 1982.9897   18.4702
    0.0000  -37.5000  -30.0000 1979.0624   18.5155
    7.5000  -37.5000  -30.0000 1960.2729   18.7912
   -7.5000  -30.0000  -30.0000 2099.3330   16.4321
    0.0000  -30.0000  -30.0000 2101.3450   16.5103
    7.5000  -30.0000  -30.0000 2078.5833   16.6531
   -7.5000  -22.5000  -30.0000 2219.3491   14.8163
    0.0000  -22.5000  -30.0000 2219.8064   14.9030
    7.5000  -22.5000  -30.0000 2193.0947   14.9805
   -7.5000  -15.0000  -30.0000 2313.0662   13.5702
    0.0000  -15.0000  -30.0000 2312.2373   13.6576
    7.5000  -15.0000  -30.0000 2290.1038   13.7117
   -7.5000   -7.5000  -30.0000 2385.4819   12.7223
    0.0000   -7.5000  -30.0000 2385.5195   12.7993
    7.5000   -7.5000  -30.0000 2360.3530   12.8625
   -7.5000    0.0000  -30.0000 2419.7896   12.1940
    0.0000    0.0000  -30.0000 2423.3044   12.2444
    7.5000    0.0000  -30.0000 2394.5688   12.3186
   -7.5000    7.5000  -30.0000 2433.5857   11.8909
    0.0000    7.5000  -30.0000 2440.2063   11.9340
    7.5000    7.5000  -30.0000 2415.3083   12.0448
   -7.5000   15.0000  -30.0000 2440.6597   11.8433
    0.0000   15.0000  -30.0000 2449.6897   11.8805
    7.5000   15.0000  -30.0000 2421.2129   12.0137
   -7.5000   22.5000  -30.0000 2423.7139   11.9622
    0.0000   22.5000  -30.0000 2431.7783   12.0275
    7.5000   22.5000  -30.0000 2409.6838   12.1745
   -7.5000   30.0000  -30.0000 2391.5337   12.3706
    0.0000   30.0000  -30.0000 2400.8760   12.4058
    7.5000   30.0000  -30.0000 2374.8308   12.6080
   -7.5000   37.5000  -30.0000 2344.9883   13.0149
    0.0000   37.5000  -30.0000 2348.6392   13.0612
    7.5000   37.5000  -30.0000 2323.4827   13.2848
   -7.5000   45.0000  -30.0000 2274.1326   13.9901
    0.0000   45.0000  -30.0000 2274.9512   14.0145
    7.5000   45.0000  -30.0000 2245.2092   14.2464
   -7.5000  -45.0000  -22.5000 1924.3038   20.0033
    0.0000  -45.0000  -22.5000 1920.8982   19.9993
    7.5000  -45.0000  -22.5000 1908.3003   20.3544
   -7.5000  -37.5000  -22.5000 2064.8213   17.5443
    0.0000  -37.5000  -22.5000 2060.3118   17.6106
    7.5000  -37.5000  -22.5000 2040.6389   17.8227
   -7.5000  -30.0000  -22.5000 2195.3230   15.5911
    0.0000  -30.0000  -22.5000 2191.8940   15.6656
    7.5000  -30.0000  -22.5000 2171.8843   15.8101
   -7.5000  -22.5000  -22.5000 2319.0349   14.0716
    0.0000  -22.5000  -22.5000 2319.0012   14.1428
    7.5000  -22.5000  -22.5000 2292.9902   14.2324
   -7.5000  -15.0000  -22.5000 2416.4241   12.8698
    0.0000  -15.0000  -22.5000 2421.7561   12.9237
    7.5000  -15.0000  -22.5000 2391.1794   12.9805
   -7.5000   -7.5000  -22.5000 2496.9153   11.9773
    0.0000   -7.5000  -22.5000 2503.3982   12.0242
    7.5000   -7.5000  -22.5000 2472.2019   12.0917
   -7.5000    0.0000  -22.5000 2543.4331   11.4236
    0.0000    0.0000  -22.5000 2547.2798   11.4691
    7.5000    0.0000  -22.5000 2515.1887   11.5702
   -7.5000    7.5000  -22.5000 2566.8745   11.1193
    0.0000    7.5000  -22.5000 2571.8513   11.1778
    7.5000    7.5000  -22.5000 2543.5625   11.2906
   -7.5000   15.0000  -22.5000 2577.5610   11.0653
    0.0000   15.0000  -22.5000 2584.9009   11.1025
    7.5000   15.0000  -22.5000 2555.2666   11.2371
   -7.5000   22.5000  -22.5000 2558.2524   11.2203
    0.0000   22.5000  -22.5000 2569.6880   11.2691
    7.5000   22.5000  -22.5000 2544.6846   11.4027
   -7.5000   30.0000  -22.5000 2522.3960   11.6168
    0.0000   30.0000  -22.5000 2530.4231   11.6700
    7.5000   30.0000  -22.5000 2504.9641   11.8378
   -7.5000   37.5000  -22.5000 2471.7378   12.2407
    0.0000   37.5000  -22.5000 2480.6543   12.3153
    7.5000   37.5000  -22.5000 2449.5020   12.4824
   -7.5000   45.0000  -22.5000 2396.2405   13.1117
    0.0000   45.0000  -22.5000 2401.9084   13.1967
    7.5000   45.0000  -22.5000 2364.7666   13.3980
   -7.5000  -45.0000  -15.0000 1975.0210   19.1224
    0.0000  -45.0000  -15.0000 1970.8776   19.1486
    7.5000  -45.0000  -15.0000 1953.1025   19.4540
   -7.5000  -37.5000  -15.0000 2118.4026   16.7216
    0.0000  -37.5000  -15.0000 2114.7686   16.7796
    7.5000  -37.5000  -15.0000 2095.3967   17.0105
   -7.5000  -30.0000  -15.0000 2257.4326   14.8336
    0.0000  -30.0000  -15.0000 2254.6909   14.8842
    7.5000  -30.0000  -15.0000 2231.8469   15.0889
   -7.5000  -22.5000  -15.0000 2382.8335   13.3344
    0.0000  -22.5000  -15.0000 2388.7690   13.3676
    7.5000  -22.5000  -15.0000 2360.3789   13.5501
   -7.5000  -15.0000  -15.0000 2482.2827   12.1675
    0.0000  -15.0000  -15.0000 2493.4531   12.2043
    7.5000  -15.0000  -15.0000 2464.3931   12.3475
   -7.5000   -7.5000  -15.0000 2570.6309   11.2988
    0.0000   -7.5000  -15.0000 2583.5051   11.3354
    7.5000   -7.5000  -15.0000 2555.3235   11.4664
   -7.5000    0.0000  -15.0000 2630.8921   10.7051
    0.0000    0.0000  -15.0000 2642.8772   10.7307
    7.5000    0.0000  -15.0000 2609.7876   10.8929
   -7.5000    7.5000  -15.0000 2672.2305   10.3747
    0.0000    7.5000  -15.0000 2675.6040   10.4281
    7.5000    7.5000  -15.0000 2646.2061   10.5838
   -7.5000   15.0000  -15.0000 2682.0168   10.2950
    0.0000   15.0000  -15.0000 2686.3213   10.3396
    7.5000   15.0000  -15.0000 2662.7061   10.4834
   -7.5000   22.5000  -15.0000 2666.7664   10.4897
    0.0000   22.5000  -15.0000 2680.6685   10.5473
    7.5000   22.5000  -15.0000 2650.8438   10.6807
   -7.5000   30.0000  -15.0000 2631.3430   10.8859
    0.0000   30.0000  -15.0000 2646.1147   10.9405
    7.5000   30.0000  -15.0000 2616.0051   11.0836
   -7.5000   37.5000  -15.0000 2580.4136   11.4734
    0.0000   37.5000  -15.0000 2591.3936   11.5554
    7.5000   37.5000  -15.0000 2560.3347   11.7404
   -7.5000   45.0000  -15.0000 2493.8628   12.2915
    0.0000   45.0000  -15.0000 2502.3745   12.3694
    7.5000   45.0000  -15.0000 2469.4585   12.6251
   -7.5000  -45.0000   -7.5000 2013.3490   18.3900
    0.0000  -45.0000   -7.5000 2008.3582   18.4088
    7.5000  -45.0000   -7.5000 1987.8112   18.7163
   -7.5000  -37.5000   -7.5000 2154.8674   16.0404
    0.0000  -37.5000   -7.5000 2152.7908   16.0536
    7.5000  -37.5000   -7.5000 2135.7358   16.3309
   -7.5000  -30.0000   -7.5000 2297.6855   14.2278
    0.0000  -30.0000   -7.5000 2296.1892   14.2109
    7.5000  -30.0000   -7.5000 2272.2559   14.4540
   -7.5000  -22.5000   -7.5000 2427.2903   12.7652
    0.0000  -22.5000   -7.5000 2428.6265   12.7391
    7.5000  -22.5000   -7.5000 2404.2468   12.9793
   -7.5000  -15.0000   -7.5000 2535.3281   11.6106
    0.0000  -15.0000   -7.5000 2543.7573   11.6018
    7.5000  -15.0000   -7.5000 2519.4998   11.8246
   -7.5000   -7.5000   -7.5000 2635.2261   10.7374
    0.0000   -7.5000   -7.5000 2643.4482   10.7348
    7.5000   -7.5000   -7.5000 2614.3230   10.9319
   -7.5000    0.0000   -7.5000 2707.5701   10.1337
    0.0000    0.0000   -7.5000 2713.2642   10.1033
    7.5000    0.0000   -7.5000 2681.7007   10.3288
   -7.5000    7.5000   -7.5000 2759.2815    9.7571
    0.0000    7.5000   -7.5000 2762.8857    9.7706
    7.5000    7.5000   -7.5000 2732.7317    9.9734
   -7.5000   15.0000   -7.5000 2772.3281    9.6218
    0.0000   15.0000   -7.5000 2778.3267    9.6472
    7.5000   15.0000   -7.5000 2752.5356    9.8355
   -7.5000   22.5000   -7.5000 2760.0811    9.8252
    0.0000   22.5000   -7.5000 2777.9006    9.8639
    7.5000   22.5000   -7.5000 2746.9167   10.0230
   -7.5000   30.0000   -7.5000 2727.5815   10.2098
    0.0000   30.0000   -7.5000 2744.1670   10.2692
    7.5000   30.0000   -7.5000 2716.3269   10.4437
   -7.5000   37.5000   -7.5000 2670.2415   10.8084
    0.0000   37.5000   -7.5000 2682.9485   10.8660
    7.5000   37.5000   -7.5000 2653.8477   11.0975
   -7.5000   45.0000   -7.5000 2577.7974   11.6087
    0.0000   45.0000   -7.5000 2585.0442   11.6554
    7.5000   45.0000   -7.5000 2556.1016   11.9334
   -7.5000  -45.0000    0.0000 2036.9144   18.0204
    0.0000  -45.0000    0.0000 2028.3009   17.9863
    7.5000  -45.0000    0.0000 2011.3081   18.3377
   -7.5000  -37.5000    0.0000 2179.3572   15.6666
    0.0000  -37.5000    0.0000 2174.6482   15.6322
    7.5000  -37.5000    0.0000 2155.9321   15.9230
   -7.5000  -30.0000    0.0000 2320.0432   13.8278
    0.0000  -30.0000    0.0000 2317.5596   13.7848
    7.5000  -30.0000    0.0000 2291.2888   14.0497
   -7.5000  -22.5000    0.0000 2451.1426   12.3834
    0.0000  -22.5000    0.0000 2453.6658   12.3131
    7.5000  -22.5000    0.0000 2429.2747   12.5925
   -7.5000  -15.0000    0.0000 2566.1875   11.2472
    0.0000  -15.0000    0.0000 2572.4751   11.1657
    7.5000  -15.0000    0.0000 2546.2332   11.4388
   -7.5000   -7.5000    0.0000 2673.1663   10.3713
    0.0000   -7.5000    0.0000 2679.1680   10.2896
    7.5000   -7.5000    0.0000 2652.3999   10.5590
   -7.5000    0.0000    0.0000 2759.9897    9.7436
    0.0000    0.0000    0.0000 2764.5679    9.6579
    7.5000    0.0000    0.0000 2732.9988    9.9521
   -7.5000    7.5000    0.0000 2825.4106    9.3252
    0.0000    7.5000    0.0000 2833.4929    9.2701
    7.5000    7.5000    0.0000 2796.5081    9.5576
   -7.5000   15.0000    0.0000 2854.8049    9.1351
    0.0000   15.0000    0.0000 2862.5256    9.0963
    7.5000   15.0000    0.0000 2827.4182    9.4048
   -7.5000   22.5000    0.0000 2841.1235    9.3351
    0.0000   22.5000    0.0000 2858.7444    9.2976
    7.5000   22.5000    0.0000 2828.6384    9.5667
   -7.5000   30.0000    0.0000 2800.2417    9.7346
    0.0000   30.0000    0.0000 2816.9993    9.7314
    7.5000   30.0000    0.0000 2793.8186   10.0066
   -7.5000   37.5000    0.0000 2737.2351   10.3378
    0.0000   37.5000    0.0000 2748.3513   10.3448
    7.5000   37.5000    0.0000 2721.7261   10.6362
   -7.5000   45.0000    0.0000 2636.4429   11.1416
    0.0000   45.0000    0.0000 2647.8811   11.1514
    7.5000   45.0000    0.0000 2612.7102   11.4476
   -7.5000  -45.0000    7.5000 2043.0388   17.8546
    0.0000  -45.0000    7.5000 2035.3474   17.7547
    7.5000  -45.0000    7.5000 2020.2416   18.1087
   -7.5000  -37.5000    7.5000 2187.8367   15.5099
    0.0000  -37.5000    7.5000 2190.2173   15.4169
    7.5000  -37.5000    7.5000 2166.8455   15.7367
   -7.5000  -30.0000    7.5000 2329.2627   13.6481
    0.0000  -30.0000    7.5000 2334.4399   13.5300
    7.5000  -30.0000    7.5000 2307.6055   13.8504
   -7.5000  -22.5000    7.5000 2456.9456   12.1922
    0.0000  -22.5000    7.5000 2467.2576   12.0482
    7.5000  -22.5000    7.5000 2439.8772   12.3657
   -7.5000  -15.0000    7.5000 2577.9368   11.0431
    0.0000  -15.0000    7.5000 2586.5737   10.8930
    7.5000  -15.0000    7.5000 2556.6169   11.2101
   -7.5000   -7.5000    7.5000 2696.3491   10.1498
    0.0000   -7.5000    7.5000 2701.5752   10.0023
    7.5000   -7.5000    7.5000 2669.4392   10.3320
   -7.5000    0.0000    7.5000 2789.6099    9.5317
    0.0000    0.0000    7.5000 2796.6418    9.3871
    7.5000    0.0000    7.5000 2764.6172    9.7108
   -7.5000    7.5000    7.5000 2871.5793    9.1281
    0.0000    7.5000    7.5000 2884.2332    9.0010
    7.5000    7.5000    7.5000 2838.5474    9.3102
   -7.5000   15.0000    7.5000 2912.6536    8.8369
    0.0000   15.0000    7.5000 2924.3008    8.7274
    7.5000   15.0000    7.5000 2880.2556    9.1353
   -7.5000   22.5000    7.5000 2902.8301    9.0254
    0.0000   22.5000    7.5000 2921.6045    8.9260
    7.5000   22.5000    7.5000 2887.1536    9.3159
   -7.5000   30.0000    7.5000 2858.6528    9.4878
    0.0000   30.0000    7.5000 2879.0007    9.4090
    7.5000   30.0000    7.5000 2848.3633    9.7701
   -7.5000   37.5000    7.5000 2788.3157   10.0900
    0.0000   37.5000    7.5000 2798.7280   10.0610
    7.5000   37.5000    7.5000 2764.2610   10.3454
   -7.5000   45.0000    7.5000 2680.8403   10.8672
    0.0000   45.0000    7.5000 2689.7312   10.8731
    7.5000   45.0000    7.5000 2656.2742   11.1195
   -7.5000  -45.0000   15.0000 2033.1504   17.9669
    0.0000  -45.0000   15.0000 2032.9780   17.7636
    7.5000  -45.0000   15.0000 2017.7971   18.1695
   -7.5000  -37.5000   15.0000 2177.1526   15.5325
    0.0000  -37.5000   15.0000 2184.0110   15.3621
    7.5000  -37.5000   15.0000 2163.2725   15.6706
   -7.5000  -30.0000   15.0000 2312.8169   13.6149
    0.0000  -30.0000   15.0000 2326.7810   13.4496
    7.5000  -30.0000   15.0000 2300.6763   13.7508
   -7.5000  -22.5000   15.0000 2443.2646   12.1172
    0.0000  -22.5000   15.0000 2459.7163   11.9505
    7.5000  -22.5000   15.0000 2429.8413   12.2602
   -7.5000  -15.0000   15.0000 2565.0007   10.9477
    0.0000  -15.0000   15.0000 2578.9067   10.7868
    7.5000  -15.0000   15.0000 2546.5183   11.1097
   -7.5000   -7.5000   15.0000 2686.8748   10.0631
    0.0000   -7.5000   15.0000 2694.8696    9.8825
    7.5000   -7.5000   15.0000 2661.1938   10.2381
   -7.5000    0.0000   15.0000 2786.5925    9.4599
    0.0000    0.0000   15.0000 2789.9285    9.2487
    7.5000    0.0000   15.0000 2766.4021    9.6394
   -7.5000    7.5000   15.0000 2876.3899    9.1170
    0.0000    7.5000   15.0000 2886.8818    8.9075
    7.5000    7.5000   15.0000 2854.5100    9.2564
   -7.5000   15.0000   15.0000 2930.9346    8.8064
    0.0000   15.0000   15.0000 2937.6541    8.6017
    7.5000   15.0000   15.0000 2905.8899    9.1001
   -7.5000   22.5000   15.0000 2937.9463    8.9396
    0.0000   22.5000   15.0000 2946.2229    8.7524
    7.5000   22.5000   15.0000 2913.3057    9.1990
   -7.5000   30.0000   15.0000 2888.0833    9.3906
    0.0000   30.0000   15.0000 2904.2373    9.2792
    7.5000   30.0000   15.0000 2866.3569    9.5804
   -7.5000   37.5000   15.0000 2799.9326    9.9951
    0.0000   37.5000   15.0000 2810.5562    9.9368
    7.5000   37.5000   15.0000 2778.5317   10.1473
   -7.5000   45.0000   15.0000 2686.9678   10.7739
    0.0000   45.0000   15.0000 2696.0901   10.7423
    7.5000   45.0000   15.0000 2661.7278   10.9321
   -7.5000  -45.0000   22.5000 2012.9821   18.3720
    0.0000  -45.0000   22.5000 2017.1719   18.1739
    7.5000  -45.0000   22.5000 1998.3120   18.4852
   -7.5000  -37.5000   22.5000 2163.9253   15.8418
    0.0000  -37.5000   22.5000 2175.0698   15.6808
    7.5000  -37.5000   22.5000 2149.4375   15.9301
   -7.5000  -30.0000   22.5000 2296.0090   13.8145
    0.0000  -30.0000   22.5000 2315.8164   13.6605
    7.5000  -30.0000   22.5000 2289.1091   13.9436
   -7.5000  -22.5000   22.5000 2418.9407   12.2545
    0.0000  -22.5000   22.5000 2440.5989   12.1056
    7.5000  -22.5000   22.5000 2412.2559   12.3916
   -7.5000  -15.0000   22.5000 2542.2471   11.0758
    0.0000  -15.0000   22.5000 2559.5032   10.8933
    7.5000  -15.0000   22.5000 2532.1545   11.2216
   -7.5000   -7.5000   22.5000 2664.0027   10.2099
    0.0000   -7.5000   22.5000 2673.5762   10.0067
    7.5000   -7.5000   22.5000 2645.7375   10.3590
   -7.5000    0.0000   22.5000 2766.4746    9.6480
    0.0000    0.0000   22.5000 2773.6665    9.4539
    7.5000    0.0000   22.5000 2752.7473    9.7964
   -7.5000    7.5000   22.5000 2862.4817    9.3015
    0.0000    7.5000   22.5000 2874.6233    9.1315
    7.5000    7.5000   22.5000 2837.5813    9.4511
   -7.5000   15.0000   22.5000 2921.3660    9.0921
    0.0000   15.0000   22.5000 2918.4568    8.9142
    7.5000   15.0000   22.5000 2891.1194    9.2723
   -7.5000   22.5000   22.5000 2927.9534    9.1844
    0.0000   22.5000   22.5000 2944.1255    9.0464
    7.5000   22.5000   22.5000 2902.7014    9.3112
   -7.5000   30.0000   22.5000 2878.9922    9.5083
    0.0000   30.0000   22.5000 2903.2981    9.4275
    7.5000   30.0000   22.5000 2854.7834    9.6151
   -7.5000   37.5000   22.5000 2787.0850   10.0671
    0.0000   37.5000   22.5000 2806.8914   10.0313
    7.5000   37.5000   22.5000 2768.6599   10.1978
   -7.5000   45.0000   22.5000 2671.3071   10.8384
    0.0000   45.0000   22.5000 2684.8975   10.8166
    7.5000   45.0000   22.5000 2651.3867   10.9961
   -7.5000  -45.0000   30.0000 1974.7976   18.9472
    0.0000  -45.0000   30.0000 1983.9564   18.6710
    7.5000  -45.0000   30.0000 1966.1377   18.9757
   -7.5000  -37.5000   30.0000 2129.8386   16.3021
    0.0000  -37.5000   30.0000 2143.8164   16.0885
    7.5000  -37.5000   30.0000 2122.9409   16.3759
   -7.5000  -30.0000   30.0000 2268.7871   14.2754
    0.0000  -30.0000   30.0000 2287.5161   14.1172
    7.5000  -30.0000   30.0000 2265.3760   14.3509
   -7.5000  -22.5000   30.0000 2392.7781   12.7287
    0.0000  -22.5000   30.0000 2410.9741   12.5901
    7.5000  -22.5000   30.0000 2388.0728   12.8508
   -7.5000  -15.0000   30.0000 2513.3289   11.5776
    0.0000  -15.0000   30.0000 2526.9229   11.4569
    7.5000  -15.0000   30.0000 2500.5879   11.7023
   -7.5000   -7.5000   30.0000 2630.0764   10.7398
    0.0000   -7.5000   30.0000 2644.0549   10.6138
    7.5000   -7.5000   30.0000 2609.8518   10.8537
   -7.5000    0.0000   30.0000 2727.0596   10.1394
    0.0000    0.0000   30.0000 2746.8484   10.0341
    7.5000    0.0000   30.0000 2712.7793   10.2485
   -7.5000    7.5000   30.0000 2809.9341    9.6588
    0.0000    7.5000   30.0000 2825.3450    9.5217
    7.5000    7.5000   30.0000 2786.2498    9.8350
   -7.5000   15.0000   30.0000 2864.8562    9.4263
    0.0000   15.0000   30.0000 2870.3621    9.3300
    7.5000   15.0000   30.0000 2834.8965    9.6201
   -7.5000   22.5000   30.0000 2868.7854    9.5362
    0.0000   22.5000   30.0000 2888.2615    9.4444
    7.5000   22.5000   30.0000 2851.3394    9.6564
   -7.5000   30.0000   30.0000 2821.1584    9.8936
    0.0000   30.0000   30.0000 2843.0784    9.8323
    7.5000   30.0000   30.0000 2801.0044   10.0322
   -7.5000   37.5000   30.0000 2737.2498   10.4453
    0.0000   37.5000   30.0000 2760.0547   10.4322
    7.5000   37.5000   30.0000 2720.2224   10.5993
   -7.5000   45.0000   30.0000 2628.0042   11.1745
    0.0000   45.0000   30.0000 2642.9661   11.1756
    7.5000   45.0000   30.0000 2605.7908   11.3458
   -7.5000  -45.0000   37.5000 1930.5319   19.7266
    0.0000  -45.0000   37.5000 1937.4005   19.4477
    7.5000  -45.0000   37.5000 1925.2721   19.7746
   -7.5000  -37.5000   37.5000 2090.0928   17.0265
    0.0000  -37.5000   37.5000 2100.1382   16.8260
    7.5000  -37.5000   37.5000 2083.4946   17.0845
   -7.5000  -30.0000   37.5000 2233.8748   14.9675
    0.0000  -30.0000   37.5000 2249.9482   14.8536
    7.5000  -30.0000   37.5000 2227.2932   15.0518
   -7.5000  -22.5000   37.5000 2360.9878   13.4283
    0.0000  -22.5000   37.5000 2383.5730   13.3680
    7.5000  -22.5000   37.5000 2350.2612   13.5389
   -7.5000  -15.0000   37.5000 2475.5093   12.2443
    0.0000  -15.0000   37.5000 2500.9143   12.2118
    7.5000  -15.0000   37.5000 2459.5242   12.3669
   -7.5000   -7.5000   37.5000 2582.3486   11.3346
    0.0000   -7.5000   37.5000 2611.1538   11.3232
    7.5000   -7.5000   37.5000 2565.2979   11.4663
   -7.5000    0.0000   37.5000 2677.6379   10.6634
    0.0000    0.0000   37.5000 2703.5928   10.6053
    7.5000    0.0000   37.5000 2660.4988   10.7879
   -7.5000    7.5000   37.5000 2741.7686   10.1570
    0.0000    7.5000   37.5000 2764.9624   10.0964
    7.5000    7.5000   37.5000 2721.4385   10.3425
   -7.5000   15.0000   37.5000 2784.9592    9.9529
    0.0000   15.0000   37.5000 2798.2466    9.9125
    7.5000   15.0000   37.5000 2762.4490   10.1315
   -7.5000   22.5000   37.5000 2786.2749   10.0176
    0.0000   22.5000   37.5000 2808.6555    9.9711
    7.5000   22.5000   37.5000 2774.4988   10.1594
   -7.5000   30.0000   37.5000 2739.2188   10.3665
    0.0000   30.0000   37.5000 2760.8596   10.3186
    7.5000   30.0000   37.5000 2730.1462   10.5282
   -7.5000   37.5000   37.5000 2664.1853   10.9210
    0.0000   37.5000   37.5000 2684.4780   10.8817
    7.5000   37.5000   37.5000 2651.9272   11.0788
   -7.5000   45.0000   37.5000 2563.4329   11.6686
    0.0000   45.0000   37.5000 2579.8660   11.6697
    7.5000   45.0000   37.5000 2545.6533   11.8503
   -7.5000  -45.0000   45.0000 1877.8459   20.9017
    0.0000  -45.0000   45.0000 1884.5409   20.7032
    7.5000  -45.0000   45.0000 1864.0427   21.0122
   -7.5000  -37.5000   45.0000 2039.0371   18.0566
    0.0000  -37.5000   45.0000 2048.4036   17.9387
    7.5000  -37.5000   45.0000 2031.8876   18.1172
   -7.5000  -30.0000   45.0000 2185.3376   15.8837
    0.0000  -30.0000   45.0000 2200.3228   15.8473
    7.5000  -30.0000   45.0000 2175.6128   15.9588
   -7.5000  -22.5000   45.0000 2308.6262   14.2467
    0.0000  -22.5000   45.0000 2337.7258   14.2505
    7.5000  -22.5000   45.0000 2301.8496   14.3578
   -7.5000  -15.0000   45.0000 2422.4670   12.9923
    0.0000  -15.0000   45.0000 2450.3899   13.0262
    7.5000  -15.0000   45.0000 2408.0959   13.1272
   -7.5000   -7.5000   45.0000 2521.5681   12.0494
    0.0000   -7.5000   45.0000 2552.5520   12.0786
    7.5000   -7.5000   45.0000 2508.7100   12.2073
   -7.5000    0.0000   45.0000 2606.5786   11.3606
    0.0000    0.0000   45.0000 2637.9673   11.3219
    7.5000    0.0000   45.0000 2591.9883   11.4986
   -7.5000    7.5000   45.0000 2659.4270   10.8506
    0.0000    7.5000   45.0000 2683.2561   10.8347
    7.5000    7.5000   45.0000 2643.3420   11.0238
   -7.5000   15.0000   45.0000 2687.8733   10.6499
    0.0000   15.0000   45.0000 2703.0720   10.6349
    7.5000   15.0000   45.0000 2670.3235   10.8082
   -7.5000   22.5000   45.0000 2680.7876   10.6712
    0.0000   22.5000   45.0000 2702.8979   10.6383
    7.5000   22.5000   45.0000 2674.0701   10.8068
   -7.5000   30.0000   45.0000 2639.6497   10.9979
    0.0000   30.0000   45.0000 2658.3411   10.9597
    7.5000   30.0000   45.0000 2634.7644   11.1513
   -7.5000   37.5000   45.0000 2576.7751   11.5264
    0.0000   37.5000   45.0000 2596.7344   11.4997
    7.5000   37.5000   45.0000 2564.0217   11.6943
   -7.5000   45.0000   45.0000 2485.1621   12.2688
    0.0000   45.0000   45.0000 2501.3323   12.2694
    7.5000   45.0000   45.0000 2468.4849   12.4489

---------------------------------------------------------------------
imgreg_4dfp /opt/freesurfer/average/711-2C_as_mni_average_305 /opt/freesurfer/average/711-2B_as_mni_average_305_mask talsrcimg_g11 none talsrcimg_to_711-2C_as_mni_average_305_t4 1283
---------------------------------------------------------------------

freesurfer imgreg_4dfp.c
/opt/freesurfer/average/711-2C_as_mni_average_305.4dfp.img
       256       256       256         1
  1.000000  1.000000  1.000000
orientation T byte_order littleendian
Reading image: /opt/freesurfer/average/711-2C_as_mni_average_305.4dfp.img
dimensions:      256       256       256
mmppix:       1.0000   -1.0000   -1.0000
center:     128.0000 -129.0000 -129.0000
/opt/freesurfer/average/711-2B_as_mni_average_305_mask.4dfp.img
       256       256       256         1
  1.000000  1.000000  1.000000
orientation T byte_order littleendian
Reading mask: /opt/freesurfer/average/711-2B_as_mni_average_305_mask.4dfp.img (2306576 pixels)
talsrcimg_g11.4dfp.img
       256       256       256         1
  1.000000  1.000000  1.000000
orientation T byte_order littleendian
Reading image: talsrcimg_g11.4dfp.img
dimensions:      256       256       256
mmppix:       1.0000   -1.0000   -1.0000
center:     128.0000 -129.0000 -129.0000
rotation matrix determinant  1.000000
fimgreg.f
image alignment mode   1283 decimal      503 hex
parameters
    0.0000   22.5000   15.0000    0.0000    0.0000    0.0000
eta,q 0.92553  8.74498
niter,ni,del,rscale     5    3   12.0000    1.2000
parameter  2  1.821684 ->  0.500000 qaram    1.1500
parameter  4  0.830699 ->  0.500000 qaram    1.1500
parameter  5  0.872994 ->  0.500000 qaram    1.1500
parameters
   -0.8060   19.0500   15.9837   -3.4500   -3.4500    1.6399
eta,q 0.92817  8.52070
  0.0802  0.0753  0.0809  0.0746  0.0738  0.0785
  0.0807  0.0758  0.0798  0.0744  0.0720  0.0760
  0.0791  0.0772  0.0784  0.0746  0.0725  0.0734
  0.0785  0.0781  0.0766  0.0763  0.0744  0.0719
  0.0784  0.0781  0.0767  0.0774  0.0771  0.0719
  0.0794  0.0786  0.0777  0.0796  0.0793  0.0727
  0.0845  0.0818  0.0795  0.0820  0.0798  0.0741
niter,ni,del,rscale     7    3   12.0000    1.2000
parameters
   -1.4235   20.6146   17.7146   -6.4388   -3.7635    1.9723
eta,q 0.93009  8.66550
  0.0746  0.0803  0.0763  0.0736  0.0759  0.0766
  0.0736  0.0754  0.0766  0.0703  0.0736  0.0737
  0.0736  0.0721  0.0745  0.0703  0.0716  0.0712
  0.0718  0.0724  0.0728  0.0728  0.0698  0.0700
  0.0722  0.0729  0.0727  0.0744  0.0706  0.0705
  0.0746  0.0732  0.0725  0.0756  0.0741  0.0727
  0.0765  0.0742  0.0750  0.0773  0.0779  0.0755
niter,ni,del,rscale     6    3   12.0000    1.2000
parameters
   -0.8573   22.6373   17.4730   -6.1823   -3.2937    2.9368
eta,q 0.93144  8.66745
  0.0741  0.0791  0.0749  0.0774  0.0747  0.0758
  0.0711  0.0764  0.0712  0.0736  0.0730  0.0726
  0.0705  0.0725  0.0690  0.0691  0.0714  0.0700
  0.0699  0.0696  0.0688  0.0689  0.0690  0.0686
  0.0691  0.0688  0.0688  0.0708  0.0686  0.0688
  0.0702  0.0701  0.0719  0.0733  0.0713  0.0703
  0.0729  0.0731  0.0763  0.0753  0.0745  0.0724
niter,ni,del,rscale     5    3   12.0000    1.2000
parameters
   -1.0231   22.6691   17.5328   -5.9719   -3.0496    3.0716
eta,q 0.93144  8.67261
  0.0719  0.0767  0.0750  0.0776  0.0744  0.0742
  0.0694  0.0731  0.0718  0.0734  0.0728  0.0713
  0.0693  0.0698  0.0691  0.0686  0.0709  0.0692
  0.0686  0.0686  0.0686  0.0686  0.0687  0.0686
  0.0684  0.0693  0.0684  0.0705  0.0689  0.0693
  0.0697  0.0725  0.0709  0.0734  0.0717  0.0712
  0.0726  0.0770  0.0754  0.0755  0.0746  0.0735
niter,ni,del,rscale     4    3   12.0000    1.2000
parameters
   -1.0265   22.6451   17.5756   -5.8679   -2.9852    3.1048
eta,q 0.93142  8.67525
  0.0723  0.0766  0.0748  0.0773  0.0743  0.0741
  0.0697  0.0728  0.0717  0.0729  0.0726  0.0711
  0.0693  0.0699  0.0691  0.0683  0.0707  0.0691
  0.0686  0.0686  0.0686  0.0686  0.0686  0.0686
  0.0685  0.0692  0.0683  0.0706  0.0692  0.0694
  0.0698  0.0725  0.0709  0.0735  0.0720  0.0713
  0.0726  0.0772  0.0753  0.0754  0.0749  0.0737
niter,ni,del,rscale     3    3   12.0000    1.2000
parameters
   -1.0478   22.6234   17.5999   -5.8230   -2.9775    3.1151
eta,q 0.93139  8.67646
  0.0724  0.0766  0.0748  0.0772  0.0743  0.0741
  0.0698  0.0728  0.0717  0.0726  0.0726  0.0711
  0.0693  0.0700  0.0692  0.0682  0.0707  0.0692
  0.0686  0.0686  0.0686  0.0686  0.0686  0.0686
  0.0685  0.0692  0.0683  0.0707  0.0693  0.0695
  0.0698  0.0724  0.0709  0.0736  0.0721  0.0714
  0.0727  0.0772  0.0754  0.0755  0.0750  0.0737
registration optimization eta report
parameter search radius
    6.0000    6.9000    6.0000    6.9000    6.9000    6.0000
100000*second partial in parameter space
       11.       17.       19.       16.       12.       14.
  0.0724  0.0766  0.0748  0.0772  0.0743  0.0741
  0.0698  0.0728  0.0717  0.0726  0.0726  0.0711
  0.0693  0.0700  0.0692  0.0682  0.0707  0.0692
  0.0686  0.0686  0.0686  0.0686  0.0686  0.0686
  0.0685  0.0692  0.0683  0.0707  0.0693  0.0695
  0.0698  0.0724  0.0709  0.0736  0.0721  0.0714
  0.0727  0.0772  0.0754  0.0755  0.0750  0.0737
   -1.0478   22.6234   17.5999   -5.8230   -2.9775    3.1151
eta,q 0.93139  8.67646

---------------------------------------------------------------------
imgreg_4dfp /opt/freesurfer/average/711-2C_as_mni_average_305 /opt/freesurfer/average/711-2B_as_mni_average_305_mask talsrcimg_g11 none talsrcimg_to_711-2C_as_mni_average_305_t4 3335
---------------------------------------------------------------------

freesurfer imgreg_4dfp.c
/opt/freesurfer/average/711-2C_as_mni_average_305.4dfp.img
       256       256       256         1
  1.000000  1.000000  1.000000
orientation T byte_order littleendian
Reading image: /opt/freesurfer/average/711-2C_as_mni_average_305.4dfp.img
dimensions:      256       256       256
mmppix:       1.0000   -1.0000   -1.0000
center:     128.0000 -129.0000 -129.0000
/opt/freesurfer/average/711-2B_as_mni_average_305_mask.4dfp.img
       256       256       256         1
  1.000000  1.000000  1.000000
orientation T byte_order littleendian
Reading mask: /opt/freesurfer/average/711-2B_as_mni_average_305_mask.4dfp.img (2306576 pixels)
talsrcimg_g11.4dfp.img
       256       256       256         1
  1.000000  1.000000  1.000000
orientation T byte_order littleendian
Reading image: talsrcimg_g11.4dfp.img
dimensions:      256       256       256
mmppix:       1.0000   -1.0000   -1.0000
center:     128.0000 -129.0000 -129.0000
fimgreg.f
image alignment mode   3335 decimal      D07 hex
parameters
   -1.0478   22.6234   17.5999   -0.2826   -0.6916   -0.6503
   -5.9323    4.6086    5.4268   10.4114   -5.1944  -10.1319
eta,q 0.93200  8.74752
niter,ni,del,rscale     5    3    5.0000    1.2000
parameter  1  0.670172 ->  0.500000 qaram    1.1500
parameter  2 -1.050694 -> -0.500000 qaram    1.1500
parameter  4 -5.772659 ->  0.500000 qaram    1.1500
parameter  5  3.049570 ->  0.500000 qaram    1.1500
parameter  6  1.241409 ->  0.500000 qaram    1.1500
parameters
   -2.4278   24.0034   17.3923   -4.4226   -4.8316   -4.7903
   -6.9930    3.8056    2.4643    9.4759   -3.5993   -7.2414
eta,q 0.95130  8.55333
  0.0678  0.0691  0.0679  0.0522  0.0512  0.0479  0.0507  0.0528  0.0495  0.0510  0.0509  0.0510
  0.0677  0.0686  0.0674  0.0569  0.0534  0.0490  0.0498  0.0508  0.0491  0.0499  0.0500  0.0501
  0.0677  0.0682  0.0671  0.0619  0.0558  0.0507  0.0494  0.0495  0.0490  0.0492  0.0493  0.0494
  0.0680  0.0677  0.0670  0.0670  0.0583  0.0541  0.0493  0.0493  0.0492  0.0490  0.0490  0.0489
  0.0684  0.0672  0.0672  0.0718  0.0616  0.0591  0.0497  0.0503  0.0497  0.0494  0.0489  0.0487
  0.0688  0.0670  0.0677  0.0758  0.0652  0.0636  0.0506  0.0523  0.0505  0.0507  0.0492  0.0488
  0.0694  0.0672  0.0683  0.0794  0.0685  0.0695  0.0517  0.0546  0.0516  0.0526  0.0497  0.0492
niter,ni,del,rscale     7    3    5.0000    1.2000
parameter  2  0.796296 ->  0.500000 qaram    1.3225
parameter  3  1.528980 ->  0.500000 qaram    1.1500
parameter  4  1.977176 ->  0.500000 qaram    1.3225
parameter  5  5.350553 ->  0.500000 qaram    1.3225
parameter  6  0.533674 ->  0.500000 qaram    1.3225
parameters
   -1.7634   22.4164   16.0123   -9.1836   -9.5926   -9.5513
   -3.8033    3.9055    3.7894    8.5200   -3.5646  -10.8146
eta,q 0.97041  8.34368
  0.0531  0.0476  0.0447  0.0357  0.0289  0.0314  0.0362  0.0356  0.0334  0.0322  0.0315  0.0299
  0.0511  0.0473  0.0453  0.0365  0.0312  0.0307  0.0340  0.0328  0.0318  0.0309  0.0306  0.0296
  0.0496  0.0476  0.0462  0.0399  0.0345  0.0309  0.0322  0.0309  0.0306  0.0301  0.0301  0.0296
  0.0487  0.0485  0.0474  0.0455  0.0371  0.0321  0.0307  0.0300  0.0300  0.0299  0.0299  0.0299
  0.0485  0.0498  0.0489  0.0517  0.0403  0.0345  0.0300  0.0305  0.0300  0.0305  0.0301  0.0305
  0.0491  0.0513  0.0507  0.0575  0.0438  0.0400  0.0302  0.0324  0.0305  0.0319  0.0306  0.0314
  0.0503  0.0530  0.0526  0.0624  0.0473  0.0458  0.0313  0.0355  0.0316  0.0340  0.0315  0.0326
niter,ni,del,rscale     7    3    5.0000    1.2000
parameter  2  0.695784 ->  0.500000 qaram    1.5209
parameter  3  0.873938 ->  0.500000 qaram    1.3225
parameters
   -1.2987   20.5913   14.4253  -12.5732  -14.1903   -8.5705
   -4.0407    4.3956    5.4874    9.5519   -4.9987  -12.1807
eta,q 0.97559  8.26773
  0.0375  0.0284  0.0258  0.0289  0.0273  0.0290  0.0268  0.0289  0.0275  0.0278  0.0251  0.0252
  0.0338  0.0273  0.0260  0.0274  0.0259  0.0274  0.0257  0.0268  0.0263  0.0263  0.0247  0.0247
  0.0310  0.0278  0.0264  0.0262  0.0250  0.0262  0.0250  0.0254  0.0254  0.0253  0.0245  0.0244
  0.0296  0.0295  0.0273  0.0261  0.0263  0.0253  0.0248  0.0248  0.0248  0.0246  0.0245  0.0244
  0.0297  0.0320  0.0286  0.0294  0.0304  0.0241  0.0250  0.0250  0.0246  0.0245  0.0248  0.0247
  0.0311  0.0350  0.0304  0.0358  0.0350  0.0248  0.0258  0.0261  0.0249  0.0252  0.0252  0.0253
  0.0336  0.0381  0.0326  0.0423  0.0392  0.0289  0.0272  0.0280  0.0259  0.0265  0.0259  0.0261
niter,ni,del,rscale     7    3    5.0000    1.2000
parameters
   -1.1390   21.1233   13.9794  -12.6386  -14.8806   -8.5247
   -4.2283    4.2456    5.7936   10.1613   -5.3926  -14.1484
eta,q 0.97571  8.26263
  0.0287  0.0325  0.0259  0.0294  0.0294  0.0283  0.0266  0.0279  0.0265  0.0269  0.0252  0.0249
  0.0266  0.0286  0.0249  0.0274  0.0274  0.0268  0.0255  0.0260  0.0255  0.0256  0.0248  0.0245
  0.0251  0.0258  0.0243  0.0257  0.0257  0.0258  0.0248  0.0248  0.0248  0.0249  0.0245  0.0243
  0.0244  0.0244  0.0242  0.0242  0.0242  0.0245  0.0244  0.0244  0.0244  0.0244  0.0244  0.0244
  0.0246  0.0245  0.0247  0.0233  0.0245  0.0235  0.0247  0.0249  0.0245  0.0244  0.0245  0.0247
  0.0258  0.0260  0.0257  0.0257  0.0279  0.0258  0.0255  0.0261  0.0251  0.0250  0.0249  0.0253
  0.0280  0.0290  0.0273  0.0316  0.0325  0.0296  0.0270  0.0282  0.0263  0.0263  0.0254  0.0261
niter,ni,del,rscale     6    3    5.0000    1.2000
parameters
   -1.1778   21.3403   13.7572  -12.5612  -15.1254   -8.4991
   -4.3449    4.1338    6.0436   10.7189   -5.7930  -15.0139
eta,q 0.97575  8.27035
  0.0280  0.0310  0.0263  0.0294  0.0298  0.0283  0.0266  0.0277  0.0263  0.0267  0.0251  0.0251
  0.0260  0.0275  0.0252  0.0275  0.0277  0.0267  0.0254  0.0258  0.0253  0.0254  0.0246  0.0246
  0.0248  0.0252  0.0245  0.0258  0.0259  0.0257  0.0247  0.0247  0.0247  0.0247  0.0243  0.0243
  0.0243  0.0243  0.0243  0.0243  0.0242  0.0243  0.0243  0.0243  0.0243  0.0243  0.0243  0.0243
  0.0246  0.0248  0.0247  0.0234  0.0241  0.0234  0.0245  0.0248  0.0244  0.0243  0.0244  0.0245
  0.0260  0.0265  0.0256  0.0255  0.0271  0.0257  0.0254  0.0259  0.0250  0.0249  0.0248  0.0250
  0.0284  0.0296  0.0270  0.0313  0.0317  0.0296  0.0269  0.0279  0.0262  0.0261  0.0253  0.0257
niter,ni,del,rscale     5    3    5.0000    1.2000
parameters
   -1.2038   21.4625   13.6270  -12.5883  -15.2641   -8.5247
   -4.3927    4.0658    6.2207   10.9848   -6.0206  -15.4597
eta,q 0.97570  8.26914
  0.0280  0.0305  0.0264  0.0294  0.0299  0.0283  0.0266  0.0277  0.0263  0.0265  0.0251  0.0253
  0.0260  0.0272  0.0253  0.0275  0.0278  0.0268  0.0255  0.0257  0.0253  0.0253  0.0247  0.0247
  0.0248  0.0251  0.0245  0.0258  0.0260  0.0258  0.0247  0.0246  0.0247  0.0247  0.0244  0.0244
  0.0242  0.0243  0.0242  0.0242  0.0243  0.0243  0.0243  0.0243  0.0243  0.0243  0.0243  0.0243
  0.0246  0.0248  0.0246  0.0234  0.0241  0.0233  0.0245  0.0248  0.0244  0.0244  0.0244  0.0245
  0.0259  0.0267  0.0255  0.0257  0.0270  0.0258  0.0254  0.0258  0.0251  0.0250  0.0248  0.0249
  0.0283  0.0297  0.0268  0.0315  0.0317  0.0298  0.0268  0.0278  0.0262  0.0263  0.0252  0.0256
niter,ni,del,rscale     4    3    5.0000    1.2000
parameters
   -1.2192   21.5287   13.5607  -12.6143  -15.3461   -8.5543
   -4.4271    4.0266    6.3153   11.1407   -6.1419  -15.6891
eta,q 0.97565  8.26713
  0.0280  0.0303  0.0265  0.0294  0.0300  0.0284  0.0266  0.0278  0.0263  0.0265  0.0252  0.0254
  0.0261  0.0271  0.0254  0.0275  0.0279  0.0268  0.0255  0.0258  0.0253  0.0253  0.0247  0.0248
  0.0248  0.0250  0.0246  0.0258  0.0261  0.0258  0.0247  0.0247  0.0247  0.0247  0.0244  0.0244
  0.0243  0.0243  0.0243  0.0243  0.0243  0.0244  0.0244  0.0244  0.0244  0.0244  0.0243  0.0243
  0.0246  0.0249  0.0246  0.0234  0.0241  0.0233  0.0246  0.0248  0.0245  0.0244  0.0245  0.0245
  0.0259  0.0268  0.0255  0.0257  0.0270  0.0259  0.0254  0.0259  0.0251  0.0251  0.0248  0.0249
  0.0283  0.0299  0.0268  0.0315  0.0317  0.0299  0.0269  0.0278  0.0263  0.0264  0.0252  0.0256
niter,ni,del,rscale     3    3    5.0000    1.2000
parameters
   -1.2280   21.5682   13.5225  -12.6319  -15.3921   -8.5705
   -4.4463    4.0041    6.3698   11.2343   -6.2133  -15.8165
eta,q 0.97563  8.26596
  0.0280  0.0303  0.0266  0.0294  0.0301  0.0284  0.0267  0.0278  0.0263  0.0265  0.0252  0.0255
  0.0261  0.0270  0.0255  0.0275  0.0280  0.0268  0.0256  0.0258  0.0254  0.0253  0.0248  0.0248
  0.0249  0.0250  0.0247  0.0258  0.0261  0.0259  0.0248  0.0247  0.0247  0.0247  0.0245  0.0245
  0.0243  0.0243  0.0243  0.0243  0.0244  0.0244  0.0244  0.0244  0.0244  0.0244  0.0244  0.0244
  0.0247  0.0250  0.0247  0.0235  0.0241  0.0234  0.0246  0.0248  0.0245  0.0245  0.0245  0.0245
  0.0260  0.0269  0.0255  0.0257  0.0269  0.0259  0.0254  0.0259  0.0252  0.0251  0.0248  0.0249
  0.0283  0.0300  0.0267  0.0315  0.0316  0.0299  0.0269  0.0278  0.0264  0.0265  0.0253  0.0256
niter,ni,del,rscale     2    3    5.0000    1.2000
parameters
   -1.2331   21.5909   13.5024  -12.6417  -15.4197   -8.5825
   -4.4488    3.9880    6.4097   11.2935   -6.2514  -15.8771
eta,q 0.97561  8.26507
  0.0280  0.0302  0.0267  0.0294  0.0301  0.0284  0.0267  0.0278  0.0263  0.0265  0.0252  0.0256
  0.0261  0.0270  0.0255  0.0275  0.0281  0.0268  0.0256  0.0258  0.0254  0.0253  0.0248  0.0249
  0.0249  0.0251  0.0247  0.0259  0.0262  0.0259  0.0248  0.0247  0.0247  0.0247  0.0245  0.0245
  0.0244  0.0244  0.0244  0.0244  0.0244  0.0244  0.0244  0.0244  0.0244  0.0244  0.0244  0.0244
  0.0247  0.0250  0.0247  0.0235  0.0241  0.0234  0.0246  0.0248  0.0245  0.0245  0.0245  0.0245
  0.0260  0.0270  0.0255  0.0257  0.0269  0.0259  0.0254  0.0259  0.0252  0.0252  0.0248  0.0249
  0.0283  0.0300  0.0267  0.0315  0.0317  0.0299  0.0269  0.0278  0.0264  0.0265  0.0253  0.0256
registration optimization eta report
parameter search radius
    2.7600    3.6501    3.1740    9.5220    9.5220    9.5220
    7.2000    7.2000    7.2000    7.2000    7.2000    7.2000
100000*second partial in parameter space
       50.       43.       23.        7.        7.        6.
        5.        7.        4.        4.        2.        2.
  0.0280  0.0302  0.0267  0.0294  0.0301  0.0284  0.0267  0.0278  0.0263  0.0265  0.0252  0.0256
  0.0261  0.0270  0.0255  0.0275  0.0281  0.0268  0.0256  0.0258  0.0254  0.0253  0.0248  0.0249
  0.0249  0.0251  0.0247  0.0259  0.0262  0.0259  0.0248  0.0247  0.0247  0.0247  0.0245  0.0245
  0.0244  0.0244  0.0244  0.0244  0.0244  0.0244  0.0244  0.0244  0.0244  0.0244  0.0244  0.0244
  0.0247  0.0250  0.0247  0.0235  0.0241  0.0234  0.0246  0.0248  0.0245  0.0245  0.0245  0.0245
  0.0260  0.0270  0.0255  0.0257  0.0269  0.0259  0.0254  0.0259  0.0252  0.0252  0.0248  0.0249
  0.0283  0.0300  0.0267  0.0315  0.0317  0.0299  0.0269  0.0278  0.0264  0.0265  0.0253  0.0256
   -1.2331   21.5909   13.5024  -12.6417  -15.4197   -8.5825
   -4.4488    3.9880    6.4097   11.2935   -6.2514  -15.8771
eta,q 0.97561  8.26507

---------------------------------------------------------------------
imgreg_4dfp /opt/freesurfer/average/711-2C_as_mni_average_305 /opt/freesurfer/average/711-2B_as_mni_average_305_mask talsrcimg_g11 none talsrcimg_to_711-2C_as_mni_average_305_t4 2311
---------------------------------------------------------------------

freesurfer imgreg_4dfp.c
/opt/freesurfer/average/711-2C_as_mni_average_305.4dfp.img
       256       256       256         1
  1.000000  1.000000  1.000000
orientation T byte_order littleendian
Reading image: /opt/freesurfer/average/711-2C_as_mni_average_305.4dfp.img
dimensions:      256       256       256
mmppix:       1.0000   -1.0000   -1.0000
center:     128.0000 -129.0000 -129.0000
/opt/freesurfer/average/711-2B_as_mni_average_305_mask.4dfp.img
       256       256       256         1
  1.000000  1.000000  1.000000
orientation T byte_order littleendian
Reading mask: /opt/freesurfer/average/711-2B_as_mni_average_305_mask.4dfp.img (2306576 pixels)
talsrcimg_g11.4dfp.img
       256       256       256         1
  1.000000  1.000000  1.000000
orientation T byte_order littleendian
Reading image: talsrcimg_g11.4dfp.img
dimensions:      256       256       256
mmppix:       1.0000   -1.0000   -1.0000
center:     128.0000 -129.0000 -129.0000
fimgreg.f
image alignment mode   2311 decimal      907 hex
parameters
   -1.2331   21.5909   13.5024  -12.6417  -15.4197   -8.5825
   -4.4488    3.9880    6.4097   11.2935   -6.2514  -15.8771
eta,q 0.97561  8.26508
niter,ni,del,rscale     5    3    5.0000    0.8000
parameter  4 -0.685255 -> -0.500000 qaram    1.1500
parameter  6 -0.712907 -> -0.500000 qaram    1.1500
parameters
   -1.1467   21.5833   13.5253   -9.8817  -14.2678   -5.8225
   -5.3704    4.9502    5.6167   11.3917   -5.3561  -15.3884
eta,q 0.97797  8.48507
  0.0258  0.0255  0.0251  0.0267  0.0264  0.0255  0.0234  0.0267  0.0230  0.0238  0.0232  0.0232
  0.0251  0.0249  0.0247  0.0259  0.0254  0.0250  0.0226  0.0245  0.0224  0.0229  0.0226  0.0225
  0.0246  0.0245  0.0245  0.0251  0.0244  0.0243  0.0222  0.0230  0.0221  0.0223  0.0222  0.0222
  0.0244  0.0244  0.0244  0.0244  0.0236  0.0233  0.0223  0.0222  0.0221  0.0221  0.0221  0.0220
  0.0245  0.0245  0.0245  0.0238  0.0232  0.0226  0.0227  0.0221  0.0224  0.0222  0.0221  0.0221
  0.0248  0.0249  0.0247  0.0236  0.0236  0.0223  0.0235  0.0228  0.0230  0.0228  0.0222  0.0223
  0.0255  0.0256  0.0250  0.0241  0.0249  0.0232  0.0246  0.0242  0.0239  0.0237  0.0226  0.0227
niter,ni,del,rscale     6    3    5.0000    0.9000
parameters
   -1.3138   21.5529   13.5562  -11.0999  -14.2398   -6.8200
   -4.9347    4.4238    5.8984   11.1525   -5.3592  -15.2611
eta,q 0.97737  8.42817
  0.0243  0.0239  0.0235  0.0249  0.0255  0.0252  0.0247  0.0249  0.0241  0.0241  0.0233  0.0236
  0.0229  0.0229  0.0226  0.0239  0.0244  0.0243  0.0236  0.0235  0.0234  0.0233  0.0229  0.0230
  0.0221  0.0223  0.0221  0.0228  0.0232  0.0231  0.0229  0.0228  0.0229  0.0228  0.0227  0.0227
  0.0220  0.0220  0.0220  0.0220  0.0224  0.0223  0.0227  0.0226  0.0226  0.0226  0.0226  0.0226
  0.0226  0.0222  0.0222  0.0228  0.0224  0.0231  0.0228  0.0230  0.0227  0.0228  0.0227  0.0227
  0.0237  0.0229  0.0227  0.0259  0.0237  0.0258  0.0232  0.0242  0.0231  0.0234  0.0229  0.0230
  0.0253  0.0241  0.0233  0.0302  0.0262  0.0286  0.0241  0.0261  0.0239  0.0244  0.0233  0.0234
niter,ni,del,rscale     5    3    5.0000    0.8000
parameters
   -1.3130   21.5312   13.5508  -11.0020  -14.0379   -6.9143
   -5.0749    4.4845    5.8340   11.0416   -5.3155  -15.2409
eta,q 0.97743  8.43411
  0.0243  0.0240  0.0234  0.0254  0.0253  0.0251  0.0239  0.0248  0.0237  0.0238  0.0231  0.0233
  0.0233  0.0233  0.0230  0.0244  0.0243  0.0245  0.0232  0.0236  0.0231  0.0231  0.0228  0.0229
  0.0228  0.0228  0.0227  0.0235  0.0233  0.0234  0.0227  0.0228  0.0227  0.0227  0.0226  0.0226
  0.0226  0.0226  0.0226  0.0226  0.0226  0.0225  0.0226  0.0226  0.0226  0.0226  0.0226  0.0226
  0.0228  0.0228  0.0227  0.0223  0.0226  0.0222  0.0228  0.0227  0.0227  0.0227  0.0226  0.0227
  0.0233  0.0233  0.0230  0.0234  0.0235  0.0237  0.0233  0.0234  0.0231  0.0232  0.0228  0.0229
  0.0243  0.0241  0.0234  0.0262  0.0254  0.0264  0.0241  0.0248  0.0238  0.0240  0.0231  0.0232
niter,ni,del,rscale     4    3    5.0000    0.7000
parameters
   -1.3283   21.5268   13.5347  -10.6899  -13.8792   -6.7113
   -5.1965    4.5779    5.7097   11.0352   -5.1721  -15.2381
eta,q 0.97765  8.45358
  0.0238  0.0237  0.0232  0.0250  0.0247  0.0248  0.0235  0.0243  0.0232  0.0235  0.0228  0.0229
  0.0231  0.0231  0.0228  0.0242  0.0239  0.0241  0.0228  0.0232  0.0227  0.0228  0.0226  0.0226
  0.0227  0.0227  0.0226  0.0233  0.0230  0.0231  0.0225  0.0226  0.0225  0.0225  0.0224  0.0224
  0.0226  0.0226  0.0226  0.0226  0.0225  0.0224  0.0224  0.0224  0.0223  0.0224  0.0224  0.0223
  0.0227  0.0227  0.0226  0.0223  0.0225  0.0221  0.0225  0.0225  0.0225  0.0225  0.0224  0.0224
  0.0232  0.0231  0.0228  0.0230  0.0233  0.0229  0.0230  0.0230  0.0228  0.0229  0.0225  0.0226
  0.0239  0.0237  0.0232  0.0251  0.0248  0.0253  0.0236  0.0241  0.0234  0.0235  0.0228  0.0229
niter,ni,del,rscale     3    3    5.0000    0.6000
parameters
   -1.3596   21.5272   13.4963  -10.4332  -13.7502   -6.4794
   -5.2623    4.6202    5.6067   11.0587   -5.0662  -15.2652
eta,q 0.97783  8.46976
  0.0233  0.0232  0.0228  0.0244  0.0242  0.0244  0.0231  0.0237  0.0229  0.0231  0.0225  0.0226
  0.0228  0.0228  0.0225  0.0237  0.0234  0.0236  0.0226  0.0229  0.0225  0.0226  0.0223  0.0224
  0.0224  0.0225  0.0224  0.0230  0.0227  0.0228  0.0223  0.0224  0.0222  0.0223  0.0222  0.0222
  0.0223  0.0223  0.0223  0.0223  0.0223  0.0223  0.0222  0.0222  0.0222  0.0222  0.0222  0.0222
  0.0225  0.0224  0.0224  0.0222  0.0223  0.0220  0.0223  0.0223  0.0223  0.0223  0.0222  0.0222
  0.0228  0.0227  0.0226  0.0228  0.0230  0.0226  0.0226  0.0228  0.0225  0.0226  0.0223  0.0224
  0.0234  0.0232  0.0228  0.0245  0.0241  0.0245  0.0231  0.0236  0.0230  0.0230  0.0225  0.0226
niter,ni,del,rscale     2    3    5.0000    0.5000
parameters
   -1.3834   21.5215   13.4549  -10.2079  -13.6590   -6.2826
   -5.2939    4.6363    5.5223   11.0905   -4.9882  -15.2903
eta,q 0.97795  8.48170
  0.0229  0.0228  0.0225  0.0239  0.0236  0.0238  0.0227  0.0231  0.0226  0.0227  0.0223  0.0224
  0.0225  0.0225  0.0223  0.0233  0.0229  0.0231  0.0223  0.0226  0.0223  0.0223  0.0222  0.0222
  0.0222  0.0223  0.0222  0.0226  0.0224  0.0225  0.0221  0.0222  0.0221  0.0221  0.0221  0.0221
  0.0222  0.0222  0.0222  0.0222  0.0221  0.0221  0.0221  0.0221  0.0221  0.0220  0.0221  0.0221
  0.0223  0.0222  0.0222  0.0221  0.0222  0.0219  0.0221  0.0221  0.0221  0.0221  0.0221  0.0221
  0.0225  0.0225  0.0223  0.0226  0.0227  0.0224  0.0224  0.0225  0.0223  0.0223  0.0222  0.0222
  0.0230  0.0228  0.0225  0.0238  0.0235  0.0239  0.0228  0.0232  0.0226  0.0227  0.0223  0.0224
niter,ni,del,rscale     1    3    5.0000    0.4000
parameters
   -1.3976   21.5161   13.4329  -10.0115  -13.6053   -6.0901
   -5.2975    4.6486    5.4479   11.0987   -4.9671  -15.2995
eta,q 0.97804  8.49049
  0.0226  0.0225  0.0223  0.0233  0.0230  0.0232  0.0224  0.0227  0.0223  0.0224  0.0221  0.0222
  0.0223  0.0222  0.0221  0.0228  0.0225  0.0227  0.0222  0.0223  0.0221  0.0222  0.0220  0.0221
  0.0221  0.0221  0.0221  0.0224  0.0222  0.0223  0.0220  0.0221  0.0220  0.0220  0.0220  0.0220
  0.0221  0.0221  0.0221  0.0221  0.0220  0.0220  0.0220  0.0220  0.0220  0.0220  0.0220  0.0220
  0.0221  0.0221  0.0221  0.0220  0.0221  0.0219  0.0220  0.0220  0.0220  0.0220  0.0220  0.0220
  0.0223  0.0222  0.0222  0.0224  0.0224  0.0222  0.0222  0.0223  0.0221  0.0222  0.0220  0.0221
  0.0226  0.0225  0.0223  0.0232  0.0230  0.0232  0.0224  0.0227  0.0223  0.0224  0.0221  0.0222
registration optimization eta report
parameter search radius
    0.8000    0.8000    0.8000    2.7600    2.4000    2.7600
    2.4000    2.4000    2.4000    2.4000    2.4000    2.4000
100000*second partial in parameter space
       82.       66.       37.       16.       17.       16.
        8.       13.        6.        8.        3.        4.
  0.0226  0.0225  0.0223  0.0233  0.0230  0.0232  0.0224  0.0227  0.0223  0.0224  0.0221  0.0222
  0.0223  0.0222  0.0221  0.0228  0.0225  0.0227  0.0222  0.0223  0.0221  0.0222  0.0220  0.0221
  0.0221  0.0221  0.0221  0.0224  0.0222  0.0223  0.0220  0.0221  0.0220  0.0220  0.0220  0.0220
  0.0221  0.0221  0.0221  0.0221  0.0220  0.0220  0.0220  0.0220  0.0220  0.0220  0.0220  0.0220
  0.0221  0.0221  0.0221  0.0220  0.0221  0.0219  0.0220  0.0220  0.0220  0.0220  0.0220  0.0220
  0.0223  0.0222  0.0222  0.0224  0.0224  0.0222  0.0222  0.0223  0.0221  0.0222  0.0220  0.0221
  0.0226  0.0225  0.0223  0.0232  0.0230  0.0232  0.0224  0.0227  0.0223  0.0224  0.0221  0.0222
   -1.3976   21.5161   13.4329  -10.0115  -13.6053   -6.0901
   -5.2975    4.6486    5.4479   11.0987   -4.9671  -15.2995
eta,q 0.97804  8.49049

---------------------------------------------------------------------
imgreg_4dfp /opt/freesurfer/average/711-2C_as_mni_average_305 /opt/freesurfer/average/711-2B_as_mni_average_305_mask talsrcimg_g11 none talsrcimg_to_711-2C_as_mni_average_305_t4 2311
---------------------------------------------------------------------

freesurfer imgreg_4dfp.c
/opt/freesurfer/average/711-2C_as_mni_average_305.4dfp.img
       256       256       256         1
  1.000000  1.000000  1.000000
orientation T byte_order littleendian
Reading image: /opt/freesurfer/average/711-2C_as_mni_average_305.4dfp.img
dimensions:      256       256       256
mmppix:       1.0000   -1.0000   -1.0000
center:     128.0000 -129.0000 -129.0000
/opt/freesurfer/average/711-2B_as_mni_average_305_mask.4dfp.img
       256       256       256         1
  1.000000  1.000000  1.000000
orientation T byte_order littleendian
Reading mask: /opt/freesurfer/average/711-2B_as_mni_average_305_mask.4dfp.img (2306576 pixels)
talsrcimg_g11.4dfp.img
       256       256       256         1
  1.000000  1.000000  1.000000
orientation T byte_order littleendian
Reading image: talsrcimg_g11.4dfp.img
dimensions:      256       256       256
mmppix:       1.0000   -1.0000   -1.0000
center:     128.0000 -129.0000 -129.0000
fimgreg.f
image alignment mode   2311 decimal      907 hex
parameters
   -1.3976   21.5161   13.4329  -10.0115  -13.6052   -6.0901
   -5.2975    4.6486    5.4479   11.0987   -4.9671  -15.2995
eta,q 0.97804  8.49049
niter,ni,del,rscale     5    3    5.0000    0.8000
parameters
   -1.3765   21.4584   13.4981  -10.6775  -13.9502   -6.5402
   -5.0478    4.4868    5.6636   11.0411   -5.1112  -15.1456
eta,q 0.97769  8.45570
  0.0242  0.0235  0.0232  0.0242  0.0247  0.0245  0.0240  0.0246  0.0236  0.0238  0.0229  0.0232
  0.0230  0.0227  0.0225  0.0234  0.0236  0.0236  0.0231  0.0233  0.0229  0.0229  0.0226  0.0227
  0.0222  0.0221  0.0221  0.0225  0.0227  0.0227  0.0225  0.0226  0.0225  0.0225  0.0224  0.0224
  0.0220  0.0220  0.0220  0.0220  0.0221  0.0222  0.0223  0.0223  0.0223  0.0223  0.0223  0.0223
  0.0222  0.0222  0.0221  0.0223  0.0225  0.0223  0.0225  0.0226  0.0224  0.0225  0.0224  0.0224
  0.0229  0.0228  0.0224  0.0240  0.0238  0.0241  0.0229  0.0235  0.0228  0.0230  0.0226  0.0226
  0.0241  0.0238  0.0229  0.0270  0.0261  0.0263  0.0237  0.0251  0.0234  0.0238  0.0229  0.0230
niter,ni,del,rscale     4    3    5.0000    0.7000
parameters
   -1.3560   21.5039   13.5131  -10.4682  -13.8874   -6.4739
   -5.1765    4.5737    5.6275   11.0291   -5.0941  -15.2053
eta,q 0.97779  8.46464
  0.0238  0.0236  0.0230  0.0244  0.0245  0.0244  0.0234  0.0243  0.0232  0.0234  0.0227  0.0228
  0.0230  0.0229  0.0226  0.0237  0.0236  0.0236  0.0227  0.0231  0.0226  0.0227  0.0224  0.0224
  0.0225  0.0225  0.0224  0.0229  0.0228  0.0228  0.0223  0.0225  0.0223  0.0223  0.0223  0.0222
  0.0223  0.0223  0.0223  0.0223  0.0222  0.0222  0.0222  0.0222  0.0222  0.0222  0.0222  0.0222
  0.0225  0.0224  0.0224  0.0221  0.0223  0.0220  0.0224  0.0223  0.0223  0.0224  0.0223  0.0223
  0.0229  0.0228  0.0226  0.0228  0.0232  0.0229  0.0228  0.0230  0.0227  0.0227  0.0224  0.0225
  0.0237  0.0234  0.0229  0.0246  0.0248  0.0249  0.0235  0.0242  0.0232  0.0234  0.0227  0.0228
niter,ni,del,rscale     3    3    5.0000    0.6000
parameters
   -1.3726   21.5167   13.4839  -10.2434  -13.7769   -6.3018
   -5.2427    4.6149    5.5359   11.0766   -5.0237  -15.2523
eta,q 0.97792  8.47738
  0.0233  0.0231  0.0227  0.0240  0.0240  0.0239  0.0230  0.0237  0.0228  0.0230  0.0225  0.0226
  0.0227  0.0226  0.0224  0.0233  0.0233  0.0232  0.0225  0.0228  0.0224  0.0225  0.0223  0.0223
  0.0223  0.0223  0.0222  0.0227  0.0226  0.0226  0.0222  0.0223  0.0222  0.0222  0.0221  0.0221
  0.0222  0.0222  0.0222  0.0222  0.0221  0.0221  0.0221  0.0221  0.0221  0.0221  0.0221  0.0221
  0.0223  0.0223  0.0223  0.0221  0.0222  0.0219  0.0222  0.0222  0.0222  0.0222  0.0221  0.0221
  0.0227  0.0226  0.0224  0.0226  0.0229  0.0225  0.0226  0.0227  0.0224  0.0225  0.0222  0.0223
  0.0233  0.0231  0.0227  0.0240  0.0241  0.0241  0.0231  0.0236  0.0229  0.0230  0.0224  0.0226
niter,ni,del,rscale     2    3    5.0000    0.5000
parameters
   -1.3886   21.5177   13.4570  -10.0689  -13.6897   -6.1450
   -5.2670    4.6325    5.4780   11.1002   -4.9775  -15.2822
eta,q 0.97801  8.48647
  0.0229  0.0227  0.0224  0.0235  0.0235  0.0234  0.0227  0.0231  0.0225  0.0227  0.0223  0.0223
  0.0224  0.0224  0.0222  0.0229  0.0229  0.0228  0.0223  0.0225  0.0222  0.0223  0.0221  0.0221
  0.0221  0.0222  0.0221  0.0224  0.0223  0.0224  0.0221  0.0221  0.0220  0.0221  0.0220  0.0220
  0.0221  0.0221  0.0221  0.0221  0.0220  0.0220  0.0220  0.0220  0.0220  0.0220  0.0220  0.0220
  0.0222  0.0221  0.0221  0.0220  0.0221  0.0219  0.0221  0.0221  0.0221  0.0221  0.0220  0.0220
  0.0225  0.0224  0.0223  0.0225  0.0226  0.0223  0.0223  0.0225  0.0222  0.0223  0.0221  0.0222
  0.0229  0.0227  0.0225  0.0234  0.0235  0.0234  0.0227  0.0232  0.0226  0.0227  0.0223  0.0223
niter,ni,del,rscale     1    3    5.0000    0.4000
parameters
   -1.3995   21.5139   13.4302   -9.9287  -13.6291   -5.9832
   -5.2744    4.6391    5.4169   11.1136   -4.9434  -15.2944
eta,q 0.97808  8.49346
  0.0225  0.0224  0.0222  0.0230  0.0230  0.0229  0.0224  0.0227  0.0223  0.0224  0.0221  0.0222
  0.0222  0.0222  0.0221  0.0226  0.0225  0.0225  0.0221  0.0223  0.0221  0.0221  0.0220  0.0220
  0.0220  0.0220  0.0220  0.0222  0.0221  0.0222  0.0220  0.0220  0.0220  0.0220  0.0219  0.0219
  0.0220  0.0220  0.0220  0.0220  0.0220  0.0220  0.0219  0.0219  0.0219  0.0219  0.0219  0.0219
  0.0221  0.0220  0.0220  0.0220  0.0220  0.0219  0.0220  0.0220  0.0220  0.0220  0.0219  0.0220
  0.0222  0.0222  0.0221  0.0223  0.0224  0.0221  0.0221  0.0223  0.0221  0.0221  0.0220  0.0220
  0.0225  0.0224  0.0222  0.0229  0.0230  0.0229  0.0224  0.0227  0.0223  0.0224  0.0221  0.0222
registration optimization eta report
parameter search radius
    0.8000    0.8000    0.8000    2.4000    2.4000    2.4000
    2.4000    2.4000    2.4000    2.4000    2.4000    2.4000
100000*second partial in parameter space
       85.       67.       39.       17.       17.       17.
        8.       14.        6.        8.        3.        4.
  0.0225  0.0224  0.0222  0.0230  0.0230  0.0229  0.0224  0.0227  0.0223  0.0224  0.0221  0.0222
  0.0222  0.0222  0.0221  0.0226  0.0225  0.0225  0.0221  0.0223  0.0221  0.0221  0.0220  0.0220
  0.0220  0.0220  0.0220  0.0222  0.0221  0.0222  0.0220  0.0220  0.0220  0.0220  0.0219  0.0219
  0.0220  0.0220  0.0220  0.0220  0.0220  0.0220  0.0219  0.0219  0.0219  0.0219  0.0219  0.0219
  0.0221  0.0220  0.0220  0.0220  0.0220  0.0219  0.0220  0.0220  0.0220  0.0220  0.0219  0.0220
  0.0222  0.0222  0.0221  0.0223  0.0224  0.0221  0.0221  0.0223  0.0221  0.0221  0.0220  0.0220
  0.0225  0.0224  0.0222  0.0229  0.0230  0.0229  0.0224  0.0227  0.0223  0.0224  0.0221  0.0222
   -1.3995   21.5139   13.4302   -9.9287  -13.6291   -5.9832
   -5.2744    4.6391    5.4169   11.1136   -4.9434  -15.2944
eta,q 0.97808  8.49346

---------------------------------------------------------------------
compute_vox2vox talsrcimg talsrcimg_to_711-2C_as_mni_average_305_t4 /opt/freesurfer/average/711-2C_as_mni_average_305
---------------------------------------------------------------------

freesurfer compute_vox2vox.c
Reading: talsrcimg.4dfp.ifh
Reading: talsrcimg_to_711-2C_as_mni_average_305_t4
Reading: /opt/freesurfer/average/711-2C_as_mni_average_305.4dfp.ifh
Writing: talsrcimg_to_711-2C_as_mni_average_305_t4_vox2vox.txt

start time Fri Mar 13 04:02:06 CET 2026
end		time Fri Mar 13 04:03:35 CET 2026

mpr2mni305 success

avi2talxfm orig_nu.mgz /opt/freesurfer/average/mni305.cor.mgz talsrcimg_to_711-2C_as_mni_average_305_t4_vox2vox.txt transforms/talairach.auto.xfm
avi2talxfm done
mv -f /out/sourcedata/freesurfer/sub-v2s4x29593_ses-1/mri/talsrcimg_to_711-2C_as_mni_average_305_t4_vox2vox.txt /out/sourcedata/freesurfer/sub-v2s4x29593_ses-1/mri/transforms/talsrcimg_to_711-2C_as_mni_average_305_t4_vox2vox.txt
lta_convert --src orig_nu.mgz --trg /opt/freesurfer/average/mni305.cor.mgz --inxfm transforms/talairach.auto.xfm --outlta transforms/talairach.auto.xfm.lta --subject fsaverage
7.3.2

--src: orig_nu.mgz src image (geometry).
--trg: /opt/freesurfer/average/mni305.cor.mgz trg image (geometry).
--inmni: transforms/talairach.auto.xfm input MNI/XFM transform.
--outlta: transforms/talairach.auto.xfm.lta output LTA.
--s: fsaverage subject name
 LTA read, type : 1
 1.10347  -0.06114   0.05656   4.10696;
 0.04580   1.03929   0.18683  -12.70231;
-0.07510  -0.12990   1.13021  -11.93416;
 0.00000   0.00000   0.00000   1.00000;
setting subject to fsaverage
Writing  LTA to file transforms/talairach.auto.xfm.lta...
lta_convert successful.
 
 
Started at Fri Mar 13 04:02:05 CET 2026
Ended   at Fri Mar 13 04:03:35 CET 2026
talairach_avi done
