status file for recon-all
Fri Mar 13 05:41:48 CET 2026
#@# Tessellate lh Fri Mar 13 05:41:48 CET 2026
#@# Smooth1 lh Fri Mar 13 05:41:53 CET 2026
#@# Inflation1 lh Fri Mar 13 05:41:56 CET 2026
#@# QSphere lh Fri Mar 13 05:42:11 CET 2026
#@# Fix Topology lh Fri Mar 13 05:44:02 CET 2026
#@# Smooth2 lh Fri Mar 13 05:49:37 CET 2026
#@# Inflation2 lh Fri Mar 13 05:49:40 CET 2026
#@# Curv .H and .K lh Fri Mar 13 05:49:56 CET 2026
#@# Sphere lh Fri Mar 13 05:50:45 CET 2026
#@# Surf Reg lh Fri Mar 13 05:55:19 CET 2026
#@# Jacobian white lh Fri Mar 13 06:00:30 CET 2026
#@# AvgCurv lh Fri Mar 13 06:00:31 CET 2026
#@# Cortical Parc lh Fri Mar 13 06:00:32 CET 2026
#@# white curv lh Fri Mar 13 06:07:15 CET 2026
#@# white area lh Fri Mar 13 06:07:17 CET 2026
#@# pial curv lh Fri Mar 13 06:07:18 CET 2026
#@# pial area lh Fri Mar 13 06:07:20 CET 2026
#@# thickness lh Fri Mar 13 06:07:21 CET 2026
#@# area and vertex vol lh Fri Mar 13 06:07:54 CET 2026
#@# Curvature Stats lh Fri Mar 13 06:07:56 CET 2026
#@# Cortical Parc 2 lh Fri Mar 13 06:07:59 CET 2026
#@# Cortical Parc 3 lh Fri Mar 13 06:08:13 CET 2026
#@# WM/GM Contrast lh Fri Mar 13 06:08:24 CET 2026
recon-all -s sub-v2s4x29583_ses-1 finished without error at Fri Mar 13 06:08:27 CET 2026



#New# invocation of recon-all 



status file for recon-all
Fri Mar 13 06:36:53 CET 2026
#@# white curv lh Fri Mar 13 06:36:53 CET 2026
#@# white area lh Fri Mar 13 06:36:53 CET 2026
#@# pial curv lh Fri Mar 13 06:36:53 CET 2026
#@# pial area lh Fri Mar 13 06:36:53 CET 2026
#@# thickness lh Fri Mar 13 06:36:53 CET 2026
#@# area and vertex vol lh Fri Mar 13 06:36:53 CET 2026
#@# Parcellation Stats lh Fri Mar 13 06:36:53 CET 2026
#@# Parcellation Stats 2 lh Fri Mar 13 06:37:15 CET 2026
#@# Parcellation Stats 3 lh Fri Mar 13 06:37:26 CET 2026
#@# BA_exvivo Labels lh Fri Mar 13 06:37:37 CET 2026
recon-all -s sub-v2s4x29583_ses-1 finished without error at Fri Mar 13 06:40:39 CET 2026
