/out/sourcedata/freesurfer/sub-v2s4x29581_ses-1/mri
/opt/freesurfer/bin/talairach_avi
--i orig_nu.mgz --xfm transforms/talairach.auto.xfm
talairach_avi 7.3.2
Linux dna003 5.14.0-427.37.1.el9_4.x86_64 #1 SMP PREEMPT_DYNAMIC Fri Sep 13 12:41:50 EDT 2024 x86_64 x86_64 x86_64 GNU/Linux
Fri Mar 13 03:37:29 CET 2026
mri_convert orig_nu.mgz talsrcimg.img 
reading from orig_nu.mgz...
TR=0.00, TE=0.00, TI=0.00, flip angle=0.00
i_ras = (-1, -2.96859e-09, 9.31323e-10)
j_ras = (-4.65661e-10, 7.45058e-09, -1)
k_ras = (-9.8953e-10, 1, 0)
writing to talsrcimg.img...
Analyze Output Matrix
-1.00000  -0.00000  -0.00000   130.57877;
-0.00000   0.00000   1.00000  -130.50890;
 0.00000  -1.00000   0.00000   139.45792;
 0.00000   0.00000   0.00000   1.00000;
--------------------
INFO: set hdr.hist.orient to -1
mpr2mni305 talsrcimg
Fri Mar 13 03:37:30 CET 2026
/opt/freesurfer/bin/mpr2mni305 talsrcimg
mpr2mni305 7.3.2
target=711-2C_as_mni_average_305

---------------------------------------------------------------------
analyzeto4dfp talsrcimg -O0 -y
---------------------------------------------------------------------

freesurfer ifh2hdr.c
Fri Mar 13 03:37:30 2026
Writing: talsrcimg.4dfp.hdr
freesurfer analyzeto4dfp.c
Reading: talsrcimg.hdr
header size 348 bytes
hdr.dime.datatype	offset=70	value=2
hdr.dime.bitpix		offset=72	value=8
hdr.hist.orient		offset=252	value=-1
dimensionality     4
dimensions       256       256       256         1
Reading: talsrcimg.img
Writing: talsrcimg.4dfp.img
Writing: talsrcimg.4dfp.ifh
ifh2hdr talsrcimg -r0to255
ori=2

---------------------------------------------------------------------
gauss_4dfp talsrcimg 1.1
---------------------------------------------------------------------

freesurfer gauss_4dfp.c
Reading: talsrcimg.4dfp.img
Writing: talsrcimg_g11.4dfp.img
image dimensions 256 256 256 padded to 288 288 288
processing volume 1freesurfer ifh2hdr.c
Fri Mar 13 03:37:32 2026
Writing: talsrcimg_g11.4dfp.hdr

Writing: talsrcimg_g11.4dfp.ifh
including: talsrcimg.4dfp.img.rec in talsrcimg_g11.4dfp.img.rec

---------------------------------------------------------------------
imgreg_4dfp /opt/freesurfer/average/711-2C_as_mni_average_305 none talsrcimg_g11 none talsrcimg_to_711-2C_as_mni_average_305_t4 4355
---------------------------------------------------------------------

freesurfer imgreg_4dfp.c
/opt/freesurfer/average/711-2C_as_mni_average_305.4dfp.img
       256       256       256         1
  1.000000  1.000000  1.000000
orientation T byte_order littleendian
Reading image: /opt/freesurfer/average/711-2C_as_mni_average_305.4dfp.img
dimensions:      256       256       256
mmppix:       1.0000   -1.0000   -1.0000
center:     128.0000 -129.0000 -129.0000
talsrcimg_g11.4dfp.img
       256       256       256         1
  1.000000  1.000000  1.000000
orientation T byte_order littleendian
Reading image: talsrcimg_g11.4dfp.img
dimensions:      256       256       256
mmppix:       1.0000   -1.0000   -1.0000
center:     128.0000 -129.0000 -129.0000
t4_read: open error in t4_sub.f l:  41 t4_file(1:l)talsrcimg_to_711-2C_as_mni_average_305_t4 
t4_read: transform initialized to I4
rotation matrix determinant  1.000000
image alignment mode   4355 decimal     1103 hex
   -7.5000  -45.0000  -45.0000 5768.0918   14.2920
    0.0000  -45.0000  -45.0000 5983.8770   14.2933
    7.5000  -45.0000  -45.0000 5762.5552   14.2997
   -7.5000  -37.5000  -45.0000 6372.8628   13.9400
    0.0000  -37.5000  -45.0000 6602.0420   13.9448
    7.5000  -37.5000  -45.0000 6355.4399   13.9508
   -7.5000  -30.0000  -45.0000 7243.7212   13.7208
    0.0000  -30.0000  -45.0000 7514.1729   13.7314
    7.5000  -30.0000  -45.0000 7208.6646   13.7355
   -7.5000  -22.5000  -45.0000 8103.0278   13.7487
    0.0000  -22.5000  -45.0000 8420.3770   13.7621
    7.5000  -22.5000  -45.0000 8061.4497   13.7649
   -7.5000  -15.0000  -45.0000 8951.3701   13.8096
    0.0000  -15.0000  -45.0000 9320.2090   13.8201
    7.5000  -15.0000  -45.0000 8904.5957   13.8236
   -7.5000   -7.5000  -45.0000 9839.6709   13.8331
    0.0000   -7.5000  -45.000010265.2617   13.8378
    7.5000   -7.5000  -45.0000 9783.2051   13.8437
   -7.5000    0.0000  -45.000010567.0713   13.7987
    0.0000    0.0000  -45.000011026.9062   13.8004
    7.5000    0.0000  -45.000010525.5322   13.8074
   -7.5000    7.5000  -45.000010481.3027   13.7337
    0.0000    7.5000  -45.000010974.5469   13.7386
    7.5000    7.5000  -45.000010445.4141   13.7446
   -7.5000   15.0000  -45.000010376.9033   13.7072
    0.0000   15.0000  -45.000010870.5635   13.7179
    7.5000   15.0000  -45.000010333.4844   13.7220
   -7.5000   22.5000  -45.000010157.5889   13.7468
    0.0000   22.5000  -45.000010652.6416   13.7601
    7.5000   22.5000  -45.000010105.1084   13.7629
   -7.5000   30.0000  -45.0000 9845.2178   13.6255
    0.0000   30.0000  -45.000010324.6025   13.6360
    7.5000   30.0000  -45.0000 9805.9941   13.6394
   -7.5000   37.5000  -45.0000 9834.0840   13.6488
    0.0000   37.5000  -45.000010303.8291   13.6534
    7.5000   37.5000  -45.0000 9789.7832   13.6592
   -7.5000   45.0000  -45.0000 9454.2832   13.2691
    0.0000   45.0000  -45.0000 9895.7246   13.2707
    7.5000   45.0000  -45.0000 9410.8291   13.2774
   -7.5000  -45.0000  -37.5000 6182.5908   14.1663
    0.0000  -45.0000  -37.5000 6405.7900   14.1702
    7.5000  -45.0000  -37.5000 6164.2080   14.1827
   -7.5000  -37.5000  -37.5000 6807.6104   13.8182
    0.0000  -37.5000  -37.5000 7065.5952   13.8224
    7.5000  -37.5000  -37.5000 6795.2754   13.8361
   -7.5000  -30.0000  -37.5000 7723.2251   13.6002
    0.0000  -30.0000  -37.5000 8037.8687   13.6092
    7.5000  -30.0000  -37.5000 7712.1152   13.6226
   -7.5000  -22.5000  -37.5000 8642.8193   13.6293
    0.0000  -22.5000  -37.5000 9022.0156   13.6428
    7.5000  -22.5000  -37.5000 8637.7148   13.6540
   -7.5000  -15.0000  -37.5000 9580.0166   13.6929
    0.0000  -15.0000  -37.500010005.8408   13.7069
    7.5000  -15.0000  -37.5000 9554.2803   13.7164
   -7.5000   -7.5000  -37.500010547.3086   13.7168
    0.0000   -7.5000  -37.500011036.6738   13.7262
    7.5000   -7.5000  -37.500010485.9990   13.7370
   -7.5000    0.0000  -37.500011325.6045   13.6818
    0.0000    0.0000  -37.500011859.5557   13.6859
    7.5000    0.0000  -37.500011250.4287   13.6984
   -7.5000    7.5000  -37.500011238.1562   13.6155
    0.0000    7.5000  -37.500011814.5029   13.6198
    7.5000    7.5000  -37.500011156.5654   13.6333
   -7.5000   15.0000  -37.500011063.7314   13.5869
    0.0000   15.0000  -37.500011655.0166   13.5960
    7.5000   15.0000  -37.500010980.0166   13.6093
   -7.5000   22.5000  -37.500010784.9150   13.6274
    0.0000   22.5000  -37.500011359.6055   13.6409
    7.5000   22.5000  -37.500010716.1270   13.6520
   -7.5000   30.0000  -37.500010446.0361   13.5104
    0.0000   30.0000  -37.500010993.0146   13.5242
    7.5000   30.0000  -37.500010411.1631   13.5336
   -7.5000   37.5000  -37.500010446.7910   13.5340
    0.0000   37.5000  -37.500010981.1807   13.5432
    7.5000   37.5000  -37.500010398.9551   13.5539
   -7.5000   45.0000  -37.500010011.7559   13.1567
    0.0000   45.0000  -37.500010527.5723   13.1606
    7.5000   45.0000  -37.5000 9960.6260   13.1727
   -7.5000  -45.0000  -30.0000 6722.4897   14.7296
    0.0000  -45.0000  -30.0000 6990.4360   14.7246
    7.5000  -45.0000  -30.0000 6711.3394   14.7354
   -7.5000  -37.5000  -30.0000 7400.8120   14.3677
    0.0000  -37.5000  -30.0000 7710.7090   14.3617
    7.5000  -37.5000  -30.0000 7388.4355   14.3743
   -7.5000  -30.0000  -30.0000 8379.2949   14.1390
    0.0000  -30.0000  -30.0000 8749.1797   14.1378
    7.5000  -30.0000  -30.0000 8379.2969   14.1515
   -7.5000  -22.5000  -30.0000 9415.5439   14.1685
    0.0000  -22.5000  -30.0000 9858.3604   14.1727
    7.5000  -22.5000  -30.0000 9406.4492   14.1849
   -7.5000  -15.0000  -30.000010428.5977   14.2356
    0.0000  -15.0000  -30.000010917.6797   14.2424
    7.5000  -15.0000  -30.000010400.9092   14.2523
   -7.5000   -7.5000  -30.000011457.1797   14.2622
    0.0000   -7.5000  -30.000012014.8623   14.2647
    7.5000   -7.5000  -30.000011407.3740   14.2747
   -7.5000    0.0000  -30.000012297.2217   14.2277
    0.0000    0.0000  -30.000012926.7734   14.2231
    7.5000    0.0000  -30.000012229.1016   14.2339
   -7.5000    7.5000  -30.000012201.1562   14.1578
    0.0000    7.5000  -30.000012855.9111   14.1522
    7.5000    7.5000  -30.000012104.9043   14.1645
   -7.5000   15.0000  -30.000011983.4561   14.1253
    0.0000   15.0000  -30.000012651.5947   14.1241
    7.5000   15.0000  -30.000011875.3604   14.1378
   -7.5000   22.5000  -30.000011662.3916   14.1650
    0.0000   22.5000  -30.000012309.6699   14.1693
    7.5000   22.5000  -30.000011564.1260   14.1815
   -7.5000   30.0000  -30.000011287.0303   14.0473
    0.0000   30.0000  -30.000011886.7949   14.0539
    7.5000   30.0000  -30.000011194.5830   14.0638
   -7.5000   37.5000  -30.000011259.5156   14.0735
    0.0000   37.5000  -30.000011864.2373   14.0760
    7.5000   37.5000  -30.000011160.6357   14.0858
   -7.5000   45.0000  -30.000010750.9561   13.6916
    0.0000   45.0000  -30.000011343.5615   13.6873
    7.5000   45.0000  -30.000010643.7266   13.6977
   -7.5000  -45.0000  -22.5000 7271.8511   15.2501
    0.0000  -45.0000  -22.5000 7561.0996   15.2323
    7.5000  -45.0000  -22.5000 7242.8398   15.2337
   -7.5000  -37.5000  -22.5000 8016.0435   14.8767
    0.0000  -37.5000  -22.5000 8363.8457   14.8605
    7.5000  -37.5000  -22.5000 7985.4380   14.8628
   -7.5000  -30.0000  -22.5000 9077.6172   14.6400
    0.0000  -30.0000  -22.5000 9500.3154   14.6297
    7.5000  -30.0000  -22.5000 9056.3818   14.6330
   -7.5000  -22.5000  -22.500010200.7383   14.6679
    0.0000  -22.5000  -22.500010689.3828   14.6615
    7.5000  -22.5000  -22.500010161.6611   14.6650
   -7.5000  -15.0000  -22.500011289.8711   14.7342
    0.0000  -15.0000  -22.500011821.7080   14.7284
    7.5000  -15.0000  -22.500011233.4502   14.7315
   -7.5000   -7.5000  -22.500012376.2383   14.7630
    0.0000   -7.5000  -22.500012969.0488   14.7520
    7.5000   -7.5000  -22.500012308.9658   14.7546
   -7.5000    0.0000  -22.500013263.1299   14.7302
    0.0000    0.0000  -22.500013948.9727   14.7136
    7.5000    0.0000  -22.500013199.1436   14.7156
   -7.5000    7.5000  -22.500013186.7988   14.6594
    0.0000    7.5000  -22.500013873.2363   14.6440
    7.5000    7.5000  -22.500013073.3418   14.6464
   -7.5000   15.0000  -22.500012918.6562   14.6258
    0.0000   15.0000  -22.500013632.9111   14.6155
    7.5000   15.0000  -22.500012794.6309   14.6189
   -7.5000   22.5000  -22.500012557.4941   14.6633
    0.0000   22.5000  -22.500013242.3594   14.6569
    7.5000   22.5000  -22.500012427.9570   14.6605
   -7.5000   30.0000  -22.500012088.9092   14.5414
    0.0000   30.0000  -22.500012743.4756   14.5357
    7.5000   30.0000  -22.500011988.9941   14.5388
   -7.5000   37.5000  -22.500012018.5762   14.5699
    0.0000   37.5000  -22.500012678.6602   14.5590
    7.5000   37.5000  -22.500011904.8789   14.5616
   -7.5000   45.0000  -22.500011455.3486   14.1859
    0.0000   45.0000  -22.500012062.4834   14.1699
    7.5000   45.0000  -22.500011319.8623   14.1718
   -7.5000  -45.0000  -15.0000 7818.4746   15.6455
    0.0000  -45.0000  -15.0000 8131.3018   15.6231
    7.5000  -45.0000  -15.0000 7777.5356   15.6172
   -7.5000  -37.5000  -15.0000 8608.1553   15.2649
    0.0000  -37.5000  -15.0000 8994.9766   15.2478
    7.5000  -37.5000  -15.0000 8580.0908   15.2408
   -7.5000  -30.0000  -15.0000 9746.9658   15.0256
    0.0000  -30.0000  -15.000010214.5459   15.0153
    7.5000  -30.0000  -15.0000 9738.0283   15.0076
   -7.5000  -22.5000  -15.000010939.7363   15.0529
    0.0000  -22.5000  -15.000011475.7363   15.0444
    7.5000  -22.5000  -15.000010934.9785   15.0379
   -7.5000  -15.0000  -15.000012090.5098   15.1161
    0.0000  -15.0000  -15.000012673.8359   15.1046
    7.5000  -15.0000  -15.000012075.7129   15.1006
   -7.5000   -7.5000  -15.000013209.6426   15.1436
    0.0000   -7.5000  -15.000013869.3018   15.1259
    7.5000   -7.5000  -15.000013194.5449   15.1225
   -7.5000    0.0000  -15.000014188.1514   15.1109
    0.0000    0.0000  -15.000014911.6250   15.0900
    7.5000    0.0000  -15.000014169.1846   15.0853
   -7.5000    7.5000  -15.000014115.1582   15.0415
    0.0000    7.5000  -15.000014843.2480   15.0252
    7.5000    7.5000  -15.000014039.9141   15.0186
   -7.5000   15.0000  -15.000013782.5430   15.0110
    0.0000   15.0000  -15.000014522.7666   15.0007
    7.5000   15.0000  -15.000013695.5498   14.9931
   -7.5000   22.5000  -15.000013379.0000   15.0475
    0.0000   22.5000  -15.000014089.1973   15.0390
    7.5000   22.5000  -15.000013306.3682   15.0326
   -7.5000   30.0000  -15.000012911.9629   14.9205
    0.0000   30.0000  -15.000013614.3486   14.9092
    7.5000   30.0000  -15.000012840.4502   14.9052
   -7.5000   37.5000  -15.000012817.9141   14.9476
    0.0000   37.5000  -15.000013506.8291   14.9301
    7.5000   37.5000  -15.000012713.9912   14.9268
   -7.5000   45.0000  -15.000012161.6582   14.5613
    0.0000   45.0000  -15.000012795.0234   14.5412
    7.5000   45.0000  -15.000012022.5820   14.5366
   -7.5000  -45.0000   -7.5000 8363.6475   15.8431
    0.0000  -45.0000   -7.5000 8718.3906   15.8300
    7.5000  -45.0000   -7.5000 8340.5674   15.8278
   -7.5000  -37.5000   -7.5000 9232.5381   15.4579
    0.0000  -37.5000   -7.5000 9664.6377   15.4511
    7.5000  -37.5000   -7.5000 9223.5352   15.4470
   -7.5000  -30.0000   -7.500010464.9795   15.2182
    0.0000  -30.0000   -7.500010976.1729   15.2186
    7.5000  -30.0000   -7.500010466.9502   15.2122
   -7.5000  -22.5000   -7.500011730.3164   15.2475
    0.0000  -22.5000   -7.500012307.2871   15.2496
    7.5000  -22.5000   -7.500011764.1621   15.2436
   -7.5000  -15.0000   -7.500012908.4922   15.3111
    0.0000  -15.0000   -7.500013535.1211   15.3086
    7.5000  -15.0000   -7.500012959.3164   15.3054
   -7.5000   -7.5000   -7.500014113.5371   15.3365
    0.0000   -7.5000   -7.500014798.5039   15.3267
    7.5000   -7.5000   -7.500014149.8096   15.3260
   -7.5000    0.0000   -7.500015175.8154   15.3006
    0.0000    0.0000   -7.500015950.4131   15.2886
    7.5000    0.0000   -7.500015209.1484   15.2876
   -7.5000    7.5000   -7.500015051.5010   15.2311
    0.0000    7.5000   -7.500015870.7646   15.2247
    7.5000    7.5000   -7.500015053.0820   15.2210
   -7.5000   15.0000   -7.500014659.2383   15.2033
    0.0000   15.0000   -7.500015376.1973   15.2038
    7.5000   15.0000   -7.500014644.6699   15.1975
   -7.5000   22.5000   -7.500014226.5430   15.2404
    0.0000   22.5000   -7.500014905.4082   15.2425
    7.5000   22.5000   -7.500014197.7441   15.2365
   -7.5000   30.0000   -7.500013748.6299   15.1125
    0.0000   30.0000   -7.500014446.9863   15.1100
    7.5000   30.0000   -7.500013718.5898   15.1069
   -7.5000   37.5000   -7.500013659.3594   15.1376
    0.0000   37.5000   -7.500014340.3438   15.1280
    7.5000   37.5000   -7.500013573.3018   15.1272
   -7.5000   45.0000   -7.500012905.4678   14.7469
    0.0000   45.0000   -7.500013549.6592   14.7354
    7.5000   45.0000   -7.500012764.5186   14.7344
   -7.5000  -45.0000    0.0000 8885.6924   15.8662
    0.0000  -45.0000    0.0000 9282.8936   15.8669
    7.5000  -45.0000    0.0000 8891.5752   15.8742
   -7.5000  -37.5000    0.0000 9812.3037   15.4781
    0.0000  -37.5000    0.000010282.5908   15.4830
    7.5000  -37.5000    0.0000 9831.7979   15.4899
   -7.5000  -30.0000    0.000011117.9785   15.2369
    0.0000  -30.0000    0.000011663.4033   15.2484
    7.5000  -30.0000    0.000011156.7354   15.2534
   -7.5000  -22.5000    0.000012434.6230   15.2685
    0.0000  -22.5000    0.000013039.7637   15.2830
    7.5000  -22.5000    0.000012500.6406   15.2864
   -7.5000  -15.0000    0.000013652.2803   15.3359
    0.0000  -15.0000    0.000014307.3223   15.3471
    7.5000  -15.0000    0.000013737.3760   15.3511
   -7.5000   -7.5000    0.000014911.0205   15.3614
    0.0000   -7.5000    0.000015586.6289   15.3659
    7.5000   -7.5000    0.000014992.5977   15.3725
   -7.5000    0.0000    0.000016096.6680   15.3227
    0.0000    0.0000    0.000016932.9434   15.3239
    7.5000    0.0000    0.000016189.6006   15.3319
   -7.5000    7.5000    0.000015984.8721   15.2508
    0.0000    7.5000    0.000016807.3555   15.2557
    7.5000    7.5000    0.000016052.2305   15.2628
   -7.5000   15.0000    0.000015500.8115   15.2220
    0.0000   15.0000    0.000016119.1650   15.2335
    7.5000   15.0000    0.000015533.0156   15.2385
   -7.5000   22.5000    0.000015006.0957   15.2614
    0.0000   22.5000    0.000015560.2002   15.2759
    7.5000   22.5000    0.000015031.5615   15.2793
   -7.5000   30.0000    0.000014500.4346   15.1374
    0.0000   30.0000    0.000015097.9209   15.1485
    7.5000   30.0000    0.000014511.6367   15.1524
   -7.5000   37.5000    0.000014391.7109   15.1625
    0.0000   37.5000    0.000015015.7939   15.1670
    7.5000   37.5000    0.000014354.4795   15.1735
   -7.5000   45.0000    0.000013502.7295   14.7694
    0.0000   45.0000    0.000014108.6523   14.7705
    7.5000   45.0000    0.000013419.3506   14.7782
   -7.5000  -45.0000    7.5000 8707.0850   15.8377
    0.0000  -45.0000    7.5000 9144.5918   15.8418
    7.5000  -45.0000    7.5000 8731.7822   15.8556
   -7.5000  -37.5000    7.5000 9632.7168   15.4489
    0.0000  -37.5000    7.500010114.0137   15.4534
    7.5000  -37.5000    7.5000 9672.7002   15.4686
   -7.5000  -30.0000    7.500010921.9707   15.2054
    0.0000  -30.0000    7.500011445.8594   15.2153
    7.5000  -30.0000    7.500010979.7236   15.2301
   -7.5000  -22.5000    7.500012177.3779   15.2380
    0.0000  -22.5000    7.500012739.0059   15.2528
    7.5000  -22.5000    7.500012261.5693   15.2652
   -7.5000  -15.0000    7.500013332.7988   15.3089
    0.0000  -15.0000    7.500013912.3652   15.3244
    7.5000  -15.0000    7.500013412.9258   15.3349
   -7.5000   -7.5000    7.500014510.2500   15.3355
    0.0000   -7.5000    7.500015126.9023   15.3459
    7.5000   -7.5000    7.500014604.0459   15.3578
   -7.5000    0.0000    7.500015679.2510   15.2965
    0.0000    0.0000    7.500016568.8652   15.3009
    7.5000    0.0000    7.500015849.3271   15.3147
   -7.5000    7.5000    7.500015753.4160   15.2225
    0.0000    7.5000    7.500016491.7070   15.2271
    7.5000    7.5000    7.500015878.4473   15.2420
   -7.5000   15.0000    7.500015247.4121   15.1905
    0.0000   15.0000    7.500015720.7422   15.2005
    7.5000   15.0000    7.500015337.1445   15.2154
   -7.5000   22.5000    7.500014776.2441   15.2309
    0.0000   22.5000    7.500015157.8281   15.2457
    7.5000   22.5000    7.500014824.6133   15.2581
   -7.5000   30.0000    7.500014261.7236   15.1108
    0.0000   30.0000    7.500014702.7109   15.1261
    7.5000   30.0000    7.500014311.8359   15.1364
   -7.5000   37.5000    7.500014152.8740   15.1371
    0.0000   37.5000    7.500014636.1963   15.1473
    7.5000   37.5000    7.500014133.4395   15.1590
   -7.5000   45.0000    7.500013221.5381   14.7440
    0.0000   45.0000    7.500013712.4014   14.7483
    7.5000   45.0000    7.500013106.3096   14.7616
   -7.5000  -45.0000   15.0000 8404.9561   15.8172
    0.0000  -45.0000   15.0000 8785.7324   15.8118
    7.5000  -45.0000   15.0000 8404.3213   15.8234
   -7.5000  -37.5000   15.0000 9268.0557   15.4286
    0.0000  -37.5000   15.0000 9727.0537   15.4221
    7.5000  -37.5000   15.0000 9294.8398   15.4356
   -7.5000  -30.0000   15.000010492.6689   15.1830
    0.0000  -30.0000   15.000011040.1309   15.1817
    7.5000  -30.0000   15.000010558.7109   15.1964
   -7.5000  -22.5000   15.000011708.6484   15.2147
    0.0000  -22.5000   15.000012302.1914   15.2192
    7.5000  -22.5000   15.000011790.7422   15.2323
   -7.5000  -15.0000   15.000012808.8750   15.2867
    0.0000  -15.0000   15.000013397.1895   15.2939
    7.5000  -15.0000   15.000012899.2266   15.3047
   -7.5000   -7.5000   15.000013928.1553   15.3153
    0.0000   -7.5000   15.000014514.8711   15.3180
    7.5000   -7.5000   15.000014055.3105   15.3287
   -7.5000    0.0000   15.000015060.5215   15.2782
    0.0000    0.0000   15.000015790.3535   15.2733
    7.5000    0.0000   15.000015263.4619   15.2849
   -7.5000    7.5000   15.000015160.7285   15.2032
    0.0000    7.5000   15.000015762.8760   15.1972
    7.5000    7.5000   15.000015271.7324   15.2104
   -7.5000   15.0000   15.000014835.4229   15.1682
    0.0000   15.0000   15.000015270.4707   15.1670
    7.5000   15.0000   15.000014885.0742   15.1817
   -7.5000   22.5000   15.000014478.0928   15.2076
    0.0000   22.5000   15.000014886.6514   15.2121
    7.5000   22.5000   15.000014463.8379   15.2252
   -7.5000   30.0000   15.000014009.9990   15.0889
    0.0000   30.0000   15.000014454.3486   15.0960
    7.5000   30.0000   15.000013929.3438   15.1066
   -7.5000   37.5000   15.000013819.8760   15.1171
    0.0000   37.5000   15.000014285.6016   15.1197
    7.5000   37.5000   15.000013664.6807   15.1303
   -7.5000   45.0000   15.000012785.9697   14.7264
    0.0000   45.0000   15.000013246.1885   14.7217
    7.5000   45.0000   15.000012573.8799   14.7329
   -7.5000  -45.0000   22.5000 7978.7627   15.8308
    0.0000  -45.0000   22.5000 8352.0693   15.8123
    7.5000  -45.0000   22.5000 7984.8052   15.8138
   -7.5000  -37.5000   22.5000 8835.3613   15.4432
    0.0000  -37.5000   22.5000 9280.0439   15.4264
    7.5000  -37.5000   22.5000 8870.7363   15.4288
   -7.5000  -30.0000   22.500010018.3066   15.1975
    0.0000  -30.0000   22.500010514.1514   15.1868
    7.5000  -30.0000   22.500010079.2910   15.1902
   -7.5000  -22.5000   22.500011157.3760   15.2264
    0.0000  -22.5000   22.500011690.7363   15.2198
    7.5000  -22.5000   22.500011240.3682   15.2235
   -7.5000  -15.0000   22.500012199.8291   15.2952
    0.0000  -15.0000   22.500012750.3613   15.2893
    7.5000  -15.0000   22.500012302.1113   15.2925
   -7.5000   -7.5000   22.500013286.0635   15.3251
    0.0000   -7.5000   22.500013909.5400   15.3137
    7.5000   -7.5000   22.500013430.3623   15.3164
   -7.5000    0.0000   22.500014372.1348   15.2912
    0.0000    0.0000   22.500015017.0449   15.2739
    7.5000    0.0000   22.500014480.1172   15.2759
   -7.5000    7.5000   22.500014329.8770   15.2177
    0.0000    7.5000   22.500014865.4717   15.2016
    7.5000    7.5000   22.500014298.5537   15.2041
   -7.5000   15.0000   22.500014071.1572   15.1827
    0.0000   15.0000   22.500014641.2012   15.1721
    7.5000   15.0000   22.500013985.7393   15.1756
   -7.5000   22.5000   22.500013793.3281   15.2193
    0.0000   22.5000   22.500014478.9873   15.2127
    7.5000   22.5000   22.500013698.9062   15.2164
   -7.5000   30.0000   22.500013315.9609   15.0973
    0.0000   30.0000   22.500013989.5713   15.0914
    7.5000   30.0000   22.500013207.2109   15.0945
   -7.5000   37.5000   22.500013067.3008   15.1268
    0.0000   37.5000   22.500013686.1230   15.1156
    7.5000   37.5000   22.500012957.4033   15.1182
   -7.5000   45.0000   22.500012039.3037   14.7389
    0.0000   45.0000   22.500012592.5947   14.7223
    7.5000   45.0000   22.500011907.1484   14.7243
   -7.5000  -45.0000   30.0000 7481.0352   15.8604
    0.0000  -45.0000   30.0000 7811.7886   15.8377
    7.5000  -45.0000   30.0000 7501.9834   15.8318
   -7.5000  -37.5000   30.0000 8288.5293   15.4746
    0.0000  -37.5000   30.0000 8691.2207   15.4573
    7.5000  -37.5000   30.0000 8326.5850   15.4502
   -7.5000  -30.0000   30.0000 9393.6738   15.2321
    0.0000  -30.0000   30.0000 9872.4785   15.2216
    7.5000  -30.0000   30.0000 9440.8545   15.2137
   -7.5000  -22.5000   30.000010474.4570   15.2597
    0.0000  -22.5000   30.000011022.6367   15.2510
    7.5000  -22.5000   30.000010510.0205   15.2446
   -7.5000  -15.0000   30.000011502.9072   15.3238
    0.0000  -15.0000   30.000012125.6455   15.3122
    7.5000  -15.0000   30.000011538.8975   15.3081
   -7.5000   -7.5000   30.000012570.6670   15.3516
    0.0000   -7.5000   30.000013240.1143   15.3337
    7.5000   -7.5000   30.000012619.1904   15.3302
   -7.5000    0.0000   30.000013525.2041   15.3185
    0.0000    0.0000   30.000014161.7812   15.2973
    7.5000    0.0000   30.000013502.4785   15.2925
   -7.5000    7.5000   30.000013386.0215   15.2481
    0.0000    7.5000   30.000013933.6025   15.2316
    7.5000    7.5000   30.000013300.5156   15.2249
   -7.5000   15.0000   30.000013108.1982   15.2172
    0.0000   15.0000   30.000013637.2109   15.2068
    7.5000   15.0000   30.000013033.1953   15.1991
   -7.5000   22.5000   30.000012817.0176   15.2526
    0.0000   22.5000   30.000013336.2363   15.2439
    7.5000   22.5000   30.000012759.4072   15.2375
   -7.5000   30.0000   30.000012409.2021   15.1255
    0.0000   30.0000   30.000012901.1650   15.1140
    7.5000   30.0000   30.000012364.0293   15.1099
   -7.5000   37.5000   30.000012224.7832   15.1529
    0.0000   37.5000   30.000012713.4941   15.1352
    7.5000   37.5000   30.000012194.8193   15.1318
   -7.5000   45.0000   30.000011230.7812   14.7652
    0.0000   45.0000   30.000011708.5127   14.7448
    7.5000   45.0000   30.000011207.1484   14.7402
   -7.5000  -45.0000   37.5000 7159.3618   15.9208
    0.0000  -45.0000   37.5000 7495.9316   15.9078
    7.5000  -45.0000   37.5000 7193.6387   15.9053
   -7.5000  -37.5000   37.5000 7960.5054   15.5323
    0.0000  -37.5000   37.5000 8373.9326   15.5257
    7.5000  -37.5000   37.5000 7987.8672   15.5213
   -7.5000  -30.0000   37.5000 9045.4004   15.2907
    0.0000  -30.0000   37.5000 9543.8389   15.2912
    7.5000  -30.0000   37.5000 9074.3604   15.2845
   -7.5000  -22.5000   37.500010113.8037   15.3203
    0.0000  -22.5000   37.500010670.0576   15.3225
    7.5000  -22.5000   37.500010135.3965   15.3162
   -7.5000  -15.0000   37.500011116.8037   15.3845
    0.0000  -15.0000   37.500011745.8203   15.3822
    7.5000  -15.0000   37.500011152.3330   15.3787
   -7.5000   -7.5000   37.500012116.2021   15.4103
    0.0000   -7.5000   37.500012762.9648   15.4007
    7.5000   -7.5000   37.500012156.1641   15.3996
   -7.5000    0.0000   37.500012952.0078   15.3741
    0.0000    0.0000   37.500013562.9590   15.3622
    7.5000    0.0000   37.500012940.8545   15.3609
   -7.5000    7.5000   37.500012780.9375   15.3038
    0.0000    7.5000   37.500013356.4326   15.2976
    7.5000    7.5000   37.500012790.7412   15.2936
   -7.5000   15.0000   37.500012529.8545   15.2757
    0.0000   15.0000   37.500013084.1543   15.2763
    7.5000   15.0000   37.500012564.2705   15.2697
   -7.5000   22.5000   37.500012233.9697   15.3132
    0.0000   22.5000   37.500012764.8271   15.3154
    7.5000   22.5000   37.500012271.7930   15.3091
   -7.5000   30.0000   37.500011840.5215   15.1854
    0.0000   30.0000   37.500012330.2070   15.1831
    7.5000   30.0000   37.500011873.5400   15.1797
   -7.5000   37.5000   37.500011755.1426   15.2109
    0.0000   37.5000   37.500012263.0068   15.2014
    7.5000   37.5000   37.500011764.7783   15.2003
   -7.5000   45.0000   37.500010835.4453   14.8188
    0.0000   45.0000   37.500011313.3438   14.8074
    7.5000   45.0000   37.500010841.8203   14.8062
   -7.5000  -45.0000   45.0000 6561.3115   16.0000
    0.0000  -45.0000   45.0000 6850.4463   16.0011
    7.5000  -45.0000   45.0000 6583.7505   16.0088
   -7.5000  -37.5000   45.0000 7308.5186   15.6028
    0.0000  -37.5000   45.0000 7657.9438   15.6082
    7.5000  -37.5000   45.0000 7331.9429   15.6155
   -7.5000  -30.0000   45.0000 8286.7227   15.3559
    0.0000  -30.0000   45.0000 8715.2900   15.3681
    7.5000  -30.0000   45.0000 8329.1885   15.3734
   -7.5000  -22.5000   45.0000 9253.6943   15.3881
    0.0000  -22.5000   45.0000 9762.0068   15.4033
    7.5000  -22.5000   45.0000 9309.7246   15.4070
   -7.5000  -15.0000   45.000010168.4873   15.4570
    0.0000  -15.0000   45.000010730.5596   15.4689
    7.5000  -15.0000   45.000010233.4375   15.4732
   -7.5000   -7.5000   45.000011047.7549   15.4833
    0.0000   -7.5000   45.000011622.4463   15.4883
    7.5000   -7.5000   45.000011102.0518   15.4952
   -7.5000    0.0000   45.000011786.1660   15.4440
    0.0000    0.0000   45.000012370.4180   15.4456
    7.5000    0.0000   45.000011823.9365   15.4539
   -7.5000    7.5000   45.000011647.6875   15.3703
    0.0000    7.5000   45.000012207.2666   15.3758
    7.5000    7.5000   45.000011698.7920   15.3831
   -7.5000   15.0000   45.000011422.2920   15.3407
    0.0000   15.0000   45.000011958.3145   15.3529
    7.5000   15.0000   45.000011485.7910   15.3582
   -7.5000   22.5000   45.000011136.5869   15.3809
    0.0000   22.5000   45.000011647.2217   15.3961
    7.5000   22.5000   45.000011206.2773   15.3998
   -7.5000   30.0000   45.000010782.9502   15.2557
    0.0000   30.0000   45.000011276.1611   15.2674
    7.5000   30.0000   45.000010839.3076   15.2716
   -7.5000   37.5000   45.000010738.5127   15.2816
    0.0000   37.5000   45.000011238.5781   15.2865
    7.5000   37.5000   45.000010772.9814   15.2933
   -7.5000   45.0000   45.0000 9936.6582   14.8930
    0.0000   45.0000   45.000010390.6377   14.8945
    7.5000   45.0000   45.0000 9946.1699   14.9025

---------------------------------------------------------------------
imgreg_4dfp /opt/freesurfer/average/711-2C_as_mni_average_305 /opt/freesurfer/average/711-2B_as_mni_average_305_mask talsrcimg_g11 none talsrcimg_to_711-2C_as_mni_average_305_t4 4355
---------------------------------------------------------------------

freesurfer imgreg_4dfp.c
/opt/freesurfer/average/711-2C_as_mni_average_305.4dfp.img
       256       256       256         1
  1.000000  1.000000  1.000000
orientation T byte_order littleendian
Reading image: /opt/freesurfer/average/711-2C_as_mni_average_305.4dfp.img
dimensions:      256       256       256
mmppix:       1.0000   -1.0000   -1.0000
center:     128.0000 -129.0000 -129.0000
/opt/freesurfer/average/711-2B_as_mni_average_305_mask.4dfp.img
       256       256       256         1
  1.000000  1.000000  1.000000
orientation T byte_order littleendian
Reading mask: /opt/freesurfer/average/711-2B_as_mni_average_305_mask.4dfp.img (2306576 pixels)
talsrcimg_g11.4dfp.img
       256       256       256         1
  1.000000  1.000000  1.000000
orientation T byte_order littleendian
Reading image: talsrcimg_g11.4dfp.img
dimensions:      256       256       256
mmppix:       1.0000   -1.0000   -1.0000
center:     128.0000 -129.0000 -129.0000
rotation matrix determinant  1.000000
image alignment mode   4355 decimal     1103 hex
   -7.5000  -45.0000  -45.0000 1646.8351   23.7730
    0.0000  -45.0000  -45.0000 1650.7078   23.7159
    7.5000  -45.0000  -45.0000 1637.3430   23.7614
   -7.5000  -37.5000  -45.0000 1779.3170   20.5683
    0.0000  -37.5000  -45.0000 1782.4724   20.4036
    7.5000  -37.5000  -45.0000 1769.4072   20.5222
   -7.5000  -30.0000  -45.0000 1907.6733   18.1562
    0.0000  -30.0000  -45.0000 1913.2871   18.0003
    7.5000  -30.0000  -45.0000 1897.0637   18.0921
   -7.5000  -22.5000  -45.0000 2006.2809   16.3846
    0.0000  -22.5000  -45.0000 2011.8857   16.3118
    7.5000  -22.5000  -45.0000 1995.9019   16.3382
   -7.5000  -15.0000  -45.0000 2091.2256   15.1442
    0.0000  -15.0000  -45.0000 2099.4473   15.1333
    7.5000  -15.0000  -45.0000 2082.1287   15.1110
   -7.5000   -7.5000  -45.0000 2164.5273   14.2432
    0.0000   -7.5000  -45.0000 2171.2969   14.2402
    7.5000   -7.5000  -45.0000 2155.9294   14.2036
   -7.5000    0.0000  -45.0000 2194.8635   13.5570
    0.0000    0.0000  -45.0000 2202.3176   13.5585
    7.5000    0.0000  -45.0000 2193.1975   13.4835
   -7.5000    7.5000  -45.0000 2214.9961   13.0274
    0.0000    7.5000  -45.0000 2222.3838   13.0412
    7.5000    7.5000  -45.0000 2215.6699   13.0099
   -7.5000   15.0000  -45.0000 2222.4563   12.8806
    0.0000   15.0000  -45.0000 2234.7878   12.8371
    7.5000   15.0000  -45.0000 2224.4980   12.8801
   -7.5000   22.5000  -45.0000 2207.6475   13.0159
    0.0000   22.5000  -45.0000 2222.5774   13.0156
    7.5000   22.5000  -45.0000 2208.2400   13.0504
   -7.5000   30.0000  -45.0000 2180.7917   13.4358
    0.0000   30.0000  -45.0000 2197.3918   13.3930
    7.5000   30.0000  -45.0000 2177.1816   13.4078
   -7.5000   37.5000  -45.0000 2139.5559   14.0475
    0.0000   37.5000  -45.0000 2153.5991   13.9740
    7.5000   37.5000  -45.0000 2136.4006   14.0234
   -7.5000   45.0000  -45.0000 2083.4224   14.9448
    0.0000   45.0000  -45.0000 2101.2722   14.8364
    7.5000   45.0000  -45.0000 2085.2930   14.9300
   -7.5000  -45.0000  -37.5000 1717.9779   21.8563
    0.0000  -45.0000  -37.5000 1720.7059   21.7771
    7.5000  -45.0000  -37.5000 1707.2235   21.9347
   -7.5000  -37.5000  -37.5000 1852.1000   18.8964
    0.0000  -37.5000  -37.5000 1859.5059   18.8075
    7.5000  -37.5000  -37.5000 1846.0941   18.9246
   -7.5000  -30.0000  -37.5000 1983.5953   16.6389
    0.0000  -30.0000  -37.5000 1993.6091   16.5808
    7.5000  -30.0000  -37.5000 1980.9072   16.6666
   -7.5000  -22.5000  -37.5000 2089.3491   15.0416
    0.0000  -22.5000  -37.5000 2101.9473   15.0218
    7.5000  -22.5000  -37.5000 2089.4036   15.0449
   -7.5000  -15.0000  -37.5000 2191.0872   13.8871
    0.0000  -15.0000  -37.5000 2200.0847   13.8857
    7.5000  -15.0000  -37.5000 2184.8826   13.8667
   -7.5000   -7.5000  -37.5000 2274.8069   13.0424
    0.0000   -7.5000  -37.5000 2282.8672   13.0859
    7.5000   -7.5000  -37.5000 2259.8726   13.0235
   -7.5000    0.0000  -37.5000 2305.5974   12.4091
    0.0000    0.0000  -37.5000 2314.1631   12.4597
    7.5000    0.0000  -37.5000 2297.2170   12.3683
   -7.5000    7.5000  -37.5000 2324.0720   11.9462
    0.0000    7.5000  -37.5000 2341.4019   11.9840
    7.5000    7.5000  -37.5000 2319.6772   11.9132
   -7.5000   15.0000  -37.5000 2328.2910   11.7950
    0.0000   15.0000  -37.5000 2348.0127   11.7719
    7.5000   15.0000  -37.5000 2327.0869   11.7575
   -7.5000   22.5000  -37.5000 2308.0540   11.8914
    0.0000   22.5000  -37.5000 2332.3542   11.8977
    7.5000   22.5000  -37.5000 2307.9058   11.8862
   -7.5000   30.0000  -37.5000 2286.1091   12.2017
    0.0000   30.0000  -37.5000 2310.2151   12.1892
    7.5000   30.0000  -37.5000 2290.0654   12.2135
   -7.5000   37.5000  -37.5000 2248.4016   12.7656
    0.0000   37.5000  -37.5000 2268.1292   12.7350
    7.5000   37.5000  -37.5000 2252.1274   12.7626
   -7.5000   45.0000  -37.5000 2186.1040   13.6220
    0.0000   45.0000  -37.5000 2209.0959   13.5666
    7.5000   45.0000  -37.5000 2193.5068   13.6410
   -7.5000  -45.0000  -30.0000 1810.6290   20.8416
    0.0000  -45.0000  -30.0000 1813.5024   20.7999
    7.5000  -45.0000  -30.0000 1804.1699   20.9842
   -7.5000  -37.5000  -30.0000 1955.4851   17.9737
    0.0000  -37.5000  -30.0000 1964.3425   17.9620
    7.5000  -37.5000  -30.0000 1951.2028   18.0518
   -7.5000  -30.0000  -30.0000 2094.5479   15.8707
    0.0000  -30.0000  -30.0000 2104.8069   15.8736
    7.5000  -30.0000  -30.0000 2090.1624   15.8997
   -7.5000  -22.5000  -30.0000 2215.5173   14.3755
    0.0000  -22.5000  -30.0000 2229.0754   14.3849
    7.5000  -22.5000  -30.0000 2210.5039   14.3831
   -7.5000  -15.0000  -30.0000 2319.4612   13.2328
    0.0000  -15.0000  -30.0000 2333.1531   13.2323
    7.5000  -15.0000  -30.0000 2314.6509   13.2174
   -7.5000   -7.5000  -30.0000 2406.5161   12.3830
    0.0000   -7.5000  -30.0000 2422.1082   12.3897
    7.5000   -7.5000  -30.0000 2396.5540   12.3504
   -7.5000    0.0000  -30.0000 2447.9285   11.7708
    0.0000    0.0000  -30.0000 2463.6357   11.7796
    7.5000    0.0000  -30.0000 2438.1956   11.7353
   -7.5000    7.5000  -30.0000 2472.1143   11.3336
    0.0000    7.5000  -30.0000 2495.6602   11.3486
    7.5000    7.5000  -30.0000 2464.9207   11.3213
   -7.5000   15.0000  -30.0000 2482.3135   11.1598
    0.0000   15.0000  -30.0000 2502.0764   11.1413
    7.5000   15.0000  -30.0000 2477.0435   11.1426
   -7.5000   22.5000  -30.0000 2467.9058   11.2688
    0.0000   22.5000  -30.0000 2491.8062   11.2597
    7.5000   22.5000  -30.0000 2470.2649   11.2463
   -7.5000   30.0000  -30.0000 2445.4636   11.5703
    0.0000   30.0000  -30.0000 2468.8127   11.5217
    7.5000   30.0000  -30.0000 2447.5759   11.5511
   -7.5000   37.5000  -30.0000 2402.2795   12.1283
    0.0000   37.5000  -30.0000 2424.4080   12.0730
    7.5000   37.5000  -30.0000 2404.4595   12.0943
   -7.5000   45.0000  -30.0000 2331.8567   12.9621
    0.0000   45.0000  -30.0000 2356.0037   12.8912
    7.5000   45.0000  -30.0000 2336.0471   12.9307
   -7.5000  -45.0000  -22.5000 1877.4380   19.9110
    0.0000  -45.0000  -22.5000 1885.5208   19.8341
    7.5000  -45.0000  -22.5000 1872.1377   20.0408
   -7.5000  -37.5000  -22.5000 2032.9055   17.1554
    0.0000  -37.5000  -22.5000 2042.0763   17.1028
    7.5000  -37.5000  -22.5000 2024.5426   17.2388
   -7.5000  -30.0000  -22.5000 2180.5854   15.1422
    0.0000  -30.0000  -22.5000 2191.2678   15.0897
    7.5000  -30.0000  -22.5000 2170.3372   15.1455
   -7.5000  -22.5000  -22.5000 2310.8225   13.6584
    0.0000  -22.5000  -22.5000 2326.6799   13.6326
    7.5000  -22.5000  -22.5000 2297.9695   13.6514
   -7.5000  -15.0000  -22.5000 2422.3730   12.5667
    0.0000  -15.0000  -22.5000 2436.6401   12.5304
    7.5000  -15.0000  -22.5000 2410.9514   12.5089
   -7.5000   -7.5000  -22.5000 2509.8674   11.7204
    0.0000   -7.5000  -22.5000 2526.4744   11.6957
    7.5000   -7.5000  -22.5000 2501.3635   11.6715
   -7.5000    0.0000  -22.5000 2557.2832   11.1049
    0.0000    0.0000  -22.5000 2578.1218   11.0783
    7.5000    0.0000  -22.5000 2554.8779   11.0522
   -7.5000    7.5000  -22.5000 2596.1628   10.6984
    0.0000    7.5000  -22.5000 2620.8367   10.6799
    7.5000    7.5000  -22.5000 2588.8604   10.6594
   -7.5000   15.0000  -22.5000 2617.2041   10.4961
    0.0000   15.0000  -22.5000 2636.1143   10.4684
    7.5000   15.0000  -22.5000 2610.2522   10.4725
   -7.5000   22.5000  -22.5000 2610.3750   10.5969
    0.0000   22.5000  -22.5000 2629.0325   10.5648
    7.5000   22.5000  -22.5000 2606.8855   10.5547
   -7.5000   30.0000  -22.5000 2579.0056   10.9101
    0.0000   30.0000  -22.5000 2602.0518   10.8393
    7.5000   30.0000  -22.5000 2580.9158   10.8561
   -7.5000   37.5000  -22.5000 2529.8799   11.4680
    0.0000   37.5000  -22.5000 2555.3555   11.4071
    7.5000   37.5000  -22.5000 2530.8533   11.4107
   -7.5000   45.0000  -22.5000 2452.7339   12.2735
    0.0000   45.0000  -22.5000 2475.8013   12.2072
    7.5000   45.0000  -22.5000 2453.9697   12.2268
   -7.5000  -45.0000  -15.0000 1922.5332   19.1850
    0.0000  -45.0000  -15.0000 1932.2755   19.0375
    7.5000  -45.0000  -15.0000 1917.1742   19.2029
   -7.5000  -37.5000  -15.0000 2083.4656   16.4440
    0.0000  -37.5000  -15.0000 2091.3218   16.3739
    7.5000  -37.5000  -15.0000 2072.3809   16.5139
   -7.5000  -30.0000  -15.0000 2238.8513   14.4402
    0.0000  -30.0000  -15.0000 2250.2908   14.3860
    7.5000  -30.0000  -15.0000 2227.9351   14.4893
   -7.5000  -22.5000  -15.0000 2371.5688   13.0098
    0.0000  -22.5000  -15.0000 2389.7686   12.9402
    7.5000  -22.5000  -15.0000 2362.9124   13.0279
   -7.5000  -15.0000  -15.0000 2483.3079   11.9240
    0.0000  -15.0000  -15.0000 2500.5625   11.8482
    7.5000  -15.0000  -15.0000 2477.5867   11.9161
   -7.5000   -7.5000  -15.0000 2575.3911   11.1047
    0.0000   -7.5000  -15.0000 2599.2847   11.0462
    7.5000   -7.5000  -15.0000 2572.1160   11.0837
   -7.5000    0.0000  -15.0000 2638.3557   10.4827
    0.0000    0.0000  -15.0000 2658.9778   10.4621
    7.5000    0.0000  -15.0000 2641.5029   10.4643
   -7.5000    7.5000  -15.0000 2689.4412   10.0926
    0.0000    7.5000  -15.0000 2712.9182   10.0431
    7.5000    7.5000  -15.0000 2689.5454   10.0514
   -7.5000   15.0000  -15.0000 2716.6797    9.8709
    0.0000   15.0000  -15.0000 2743.6487    9.8294
    7.5000   15.0000  -15.0000 2715.4639    9.8452
   -7.5000   22.5000  -15.0000 2714.4949    9.9534
    0.0000   22.5000  -15.0000 2739.9531    9.9025
    7.5000   22.5000  -15.0000 2717.2729    9.9107
   -7.5000   30.0000  -15.0000 2686.4529   10.2843
    0.0000   30.0000  -15.0000 2713.6753   10.2289
    7.5000   30.0000  -15.0000 2688.3601   10.2506
   -7.5000   37.5000  -15.0000 2631.0510   10.8483
    0.0000   37.5000  -15.0000 2660.0984   10.7723
    7.5000   37.5000  -15.0000 2634.5945   10.8167
   -7.5000   45.0000  -15.0000 2544.1980   11.6336
    0.0000   45.0000  -15.0000 2570.5681   11.5576
    7.5000   45.0000  -15.0000 2549.6697   11.6141
   -7.5000  -45.0000   -7.5000 1957.3820   18.3905
    0.0000  -45.0000   -7.5000 1965.9784   18.2865
    7.5000  -45.0000   -7.5000 1953.0487   18.4996
   -7.5000  -37.5000   -7.5000 2122.7866   15.7878
    0.0000  -37.5000   -7.5000 2136.9426   15.7281
    7.5000  -37.5000   -7.5000 2117.5723   15.9037
   -7.5000  -30.0000   -7.5000 2281.4861   13.8594
    0.0000  -30.0000   -7.5000 2299.9170   13.7848
    7.5000  -30.0000   -7.5000 2271.9722   13.9428
   -7.5000  -22.5000   -7.5000 2415.0745   12.4811
    0.0000  -22.5000   -7.5000 2430.4275   12.3698
    7.5000  -22.5000   -7.5000 2408.3972   12.5148
   -7.5000  -15.0000   -7.5000 2524.9138   11.4105
    0.0000  -15.0000   -7.5000 2540.4270   11.3230
    7.5000  -15.0000   -7.5000 2523.4026   11.4437
   -7.5000   -7.5000   -7.5000 2627.2185   10.5756
    0.0000   -7.5000   -7.5000 2648.9958   10.4891
    7.5000   -7.5000   -7.5000 2627.7214   10.5790
   -7.5000    0.0000   -7.5000 2703.3489    9.9530
    0.0000    0.0000   -7.5000 2727.4968    9.8660
    7.5000    0.0000   -7.5000 2709.3647    9.9471
   -7.5000    7.5000   -7.5000 2765.6697    9.5513
    0.0000    7.5000   -7.5000 2796.5339    9.4584
    7.5000    7.5000   -7.5000 2770.3474    9.5136
   -7.5000   15.0000   -7.5000 2798.5190    9.2837
    0.0000   15.0000   -7.5000 2835.1592    9.2047
    7.5000   15.0000   -7.5000 2802.8552    9.2818
   -7.5000   22.5000   -7.5000 2802.3667    9.3581
    0.0000   22.5000   -7.5000 2838.1372    9.2828
    7.5000   22.5000   -7.5000 2810.0579    9.3528
   -7.5000   30.0000   -7.5000 2771.6741    9.7267
    0.0000   30.0000   -7.5000 2805.2607    9.6408
    7.5000   30.0000   -7.5000 2782.1606    9.7068
   -7.5000   37.5000   -7.5000 2711.5984   10.3018
    0.0000   37.5000   -7.5000 2738.2173   10.1927
    7.5000   37.5000   -7.5000 2720.8835   10.2720
   -7.5000   45.0000   -7.5000 2617.1335   11.0695
    0.0000   45.0000   -7.5000 2640.4114   10.9536
    7.5000   45.0000   -7.5000 2624.4734   11.0213
   -7.5000  -45.0000    0.0000 1984.0543   17.9091
    0.0000  -45.0000    0.0000 1991.7861   17.7740
    7.5000  -45.0000    0.0000 1980.9369   18.0965
   -7.5000  -37.5000    0.0000 2154.7964   15.3555
    0.0000  -37.5000    0.0000 2166.2681   15.2077
    7.5000  -37.5000    0.0000 2148.4521   15.4795
   -7.5000  -30.0000    0.0000 2308.8560   13.4519
    0.0000  -30.0000    0.0000 2327.1670   13.3250
    7.5000  -30.0000    0.0000 2304.3306   13.5602
   -7.5000  -22.5000    0.0000 2439.2385   12.0857
    0.0000  -22.5000    0.0000 2455.6382   11.9419
    7.5000  -22.5000    0.0000 2437.2913   12.1533
   -7.5000  -15.0000    0.0000 2546.2742   11.0384
    0.0000  -15.0000    0.0000 2567.2031   10.8832
    7.5000  -15.0000    0.0000 2549.6562   11.0686
   -7.5000   -7.5000    0.0000 2656.0540   10.2185
    0.0000   -7.5000    0.0000 2682.9854   10.0557
    7.5000   -7.5000    0.0000 2663.6321   10.2156
   -7.5000    0.0000    0.0000 2750.4531    9.5786
    0.0000    0.0000    0.0000 2781.4211    9.4271
    7.5000    0.0000    0.0000 2763.6680    9.5731
   -7.5000    7.5000    0.0000 2828.0452    9.1649
    0.0000    7.5000    0.0000 2869.6575    9.0159
    7.5000    7.5000    0.0000 2842.0801    9.1337
   -7.5000   15.0000    0.0000 2869.9714    8.8796
    0.0000   15.0000    0.0000 2915.0134    8.6926
    7.5000   15.0000    0.0000 2880.2737    8.8823
   -7.5000   22.5000    0.0000 2878.8455    8.9503
    0.0000   22.5000    0.0000 2911.3289    8.7796
    7.5000   22.5000    0.0000 2887.8901    8.9522
   -7.5000   30.0000    0.0000 2839.2566    9.3480
    0.0000   30.0000    0.0000 2867.8232    9.1828
    7.5000   30.0000    0.0000 2853.0681    9.3159
   -7.5000   37.5000    0.0000 2770.5798    9.8916
    0.0000   37.5000    0.0000 2795.9124    9.7279
    7.5000   37.5000    0.0000 2784.6321    9.8493
   -7.5000   45.0000    0.0000 2663.3196   10.6760
    0.0000   45.0000    0.0000 2690.2009   10.5058
    7.5000   45.0000    0.0000 2678.1528   10.6273
   -7.5000  -45.0000    7.5000 1999.0023   17.6983
    0.0000  -45.0000    7.5000 2014.7668   17.5618
    7.5000  -45.0000    7.5000 1993.9574   17.9042
   -7.5000  -37.5000    7.5000 2169.4104   15.1586
    0.0000  -37.5000    7.5000 2191.7251   14.9718
    7.5000  -37.5000    7.5000 2165.1426   15.3027
   -7.5000  -30.0000    7.5000 2323.7388   13.2683
    0.0000  -30.0000    7.5000 2347.4712   13.0249
    7.5000  -30.0000    7.5000 2322.5166   13.3660
   -7.5000  -22.5000    7.5000 2450.5923   11.8945
    0.0000  -22.5000    7.5000 2468.6721   11.6315
    7.5000  -22.5000    7.5000 2453.0234   11.9301
   -7.5000  -15.0000    7.5000 2561.8279   10.8281
    0.0000  -15.0000    7.5000 2579.7974   10.5717
    7.5000  -15.0000    7.5000 2564.7300   10.8307
   -7.5000   -7.5000    7.5000 2675.3564    9.9944
    0.0000   -7.5000    7.5000 2700.1685    9.7547
    7.5000   -7.5000    7.5000 2685.4138    9.9815
   -7.5000    0.0000    7.5000 2773.1309    9.3593
    0.0000    0.0000    7.5000 2807.6497    9.1186
    7.5000    0.0000    7.5000 2792.8616    9.3370
   -7.5000    7.5000    7.5000 2872.4263    8.9490
    0.0000    7.5000    7.5000 2914.1211    8.7684
    7.5000    7.5000    7.5000 2887.5691    8.9138
   -7.5000   15.0000    7.5000 2925.1838    8.6722
    0.0000   15.0000    7.5000 2975.7671    8.3960
    7.5000   15.0000    7.5000 2934.9312    8.6877
   -7.5000   22.5000    7.5000 2940.1238    8.7366
    0.0000   22.5000    7.5000 2977.0061    8.4593
    7.5000   22.5000    7.5000 2945.8884    8.7604
   -7.5000   30.0000    7.5000 2887.5898    9.1495
    0.0000   30.0000    7.5000 2917.2156    8.9153
    7.5000   30.0000    7.5000 2903.0859    9.1271
   -7.5000   37.5000    7.5000 2809.0222    9.7018
    0.0000   37.5000    7.5000 2835.3074    9.4881
    7.5000   37.5000    7.5000 2825.6086    9.6345
   -7.5000   45.0000    7.5000 2695.6711   10.4743
    0.0000   45.0000    7.5000 2720.4148   10.2937
    7.5000   45.0000    7.5000 2706.5320   10.3955
   -7.5000  -45.0000   15.0000 1994.9105   17.7437
    0.0000  -45.0000   15.0000 2011.7083   17.4729
    7.5000  -45.0000   15.0000 1992.1454   17.8842
   -7.5000  -37.5000   15.0000 2166.5686   15.1470
    0.0000  -37.5000   15.0000 2187.8008   14.8630
    7.5000  -37.5000   15.0000 2164.6301   15.2154
   -7.5000  -30.0000   15.0000 2322.3596   13.2326
    0.0000  -30.0000   15.0000 2349.4958   12.9866
    7.5000  -30.0000   15.0000 2322.8101   13.2953
   -7.5000  -22.5000   15.0000 2445.5203   11.8720
    0.0000  -22.5000   15.0000 2471.1675   11.6142
    7.5000  -22.5000   15.0000 2447.7305   11.8962
   -7.5000  -15.0000   15.0000 2555.3140   10.8050
    0.0000  -15.0000   15.0000 2581.1838   10.5362
    7.5000  -15.0000   15.0000 2558.0098   10.8091
   -7.5000   -7.5000   15.0000 2671.2146    9.9487
    0.0000   -7.5000   15.0000 2699.3547    9.6759
    7.5000   -7.5000   15.0000 2680.3420    9.9498
   -7.5000    0.0000   15.0000 2775.8577    9.3024
    0.0000    0.0000   15.0000 2805.4028    9.0138
    7.5000    0.0000   15.0000 2793.7549    9.2861
   -7.5000    7.5000   15.0000 2877.8396    8.9143
    0.0000    7.5000   15.0000 2919.4651    8.6320
    7.5000    7.5000   15.0000 2898.8250    8.8825
   -7.5000   15.0000   15.0000 2941.3074    8.7403
    0.0000   15.0000   15.0000 2987.8481    8.4379
    7.5000   15.0000   15.0000 2956.7271    8.6976
   -7.5000   22.5000   15.0000 2958.1250    8.8375
    0.0000   22.5000   15.0000 3006.8210    8.5594
    7.5000   22.5000   15.0000 2971.3833    8.7714
   -7.5000   30.0000   15.0000 2901.6477    9.1777
    0.0000   30.0000   15.0000 2942.8591    8.9827
    7.5000   30.0000   15.0000 2911.1709    9.1184
   -7.5000   37.5000   15.0000 2814.0559    9.6829
    0.0000   37.5000   15.0000 2844.6306    9.5252
    7.5000   37.5000   15.0000 2825.1548    9.5824
   -7.5000   45.0000   15.0000 2694.8169   10.4113
    0.0000   45.0000   15.0000 2720.2268   10.2774
    7.5000   45.0000   15.0000 2704.5967   10.2994
   -7.5000  -45.0000   22.5000 1971.4866   18.0126
    0.0000  -45.0000   22.5000 1987.2441   17.7763
    7.5000  -45.0000   22.5000 1973.7632   18.1142
   -7.5000  -37.5000   22.5000 2149.3528   15.3891
    0.0000  -37.5000   22.5000 2174.2454   15.1367
    7.5000  -37.5000   22.5000 2152.3018   15.4343
   -7.5000  -30.0000   22.5000 2309.3542   13.4477
    0.0000  -30.0000   22.5000 2339.6428   13.1890
    7.5000  -30.0000   22.5000 2312.8579   13.4667
   -7.5000  -22.5000   22.5000 2433.0813   12.0383
    0.0000  -22.5000   22.5000 2463.8257   11.7609
    7.5000  -22.5000   22.5000 2439.9441   12.0262
   -7.5000  -15.0000   22.5000 2538.4158   10.9902
    0.0000  -15.0000   22.5000 2568.3501   10.7018
    7.5000  -15.0000   22.5000 2552.2288   10.9647
   -7.5000   -7.5000   22.5000 2652.7390   10.1727
    0.0000   -7.5000   22.5000 2682.8333    9.8915
    7.5000   -7.5000   22.5000 2672.3931   10.1321
   -7.5000    0.0000   22.5000 2760.3508    9.5529
    0.0000    0.0000   22.5000 2789.0027    9.3192
    7.5000    0.0000   22.5000 2779.0947    9.5016
   -7.5000    7.5000   22.5000 2862.2966    9.1576
    0.0000    7.5000   22.5000 2897.3711    8.8734
    7.5000    7.5000   22.5000 2874.0657    9.0759
   -7.5000   15.0000   22.5000 2914.4133    8.9593
    0.0000   15.0000   22.5000 2949.8054    8.7297
    7.5000   15.0000   22.5000 2921.9087    8.8524
   -7.5000   22.5000   22.5000 2921.5869    9.0853
    0.0000   22.5000   22.5000 2975.5173    8.9366
    7.5000   22.5000   22.5000 2934.2693    8.9861
   -7.5000   30.0000   22.5000 2867.0859    9.4215
    0.0000   30.0000   22.5000 2910.1904    9.3204
    7.5000   30.0000   22.5000 2877.5215    9.3304
   -7.5000   37.5000   22.5000 2783.1248    9.8846
    0.0000   37.5000   22.5000 2812.2026    9.7998
    7.5000   37.5000   22.5000 2790.5764    9.7961
   -7.5000   45.0000   22.5000 2665.0215   10.5884
    0.0000   45.0000   22.5000 2691.2703   10.4913
    7.5000   45.0000   22.5000 2672.6155   10.4933
   -7.5000  -45.0000   30.0000 1936.4059   18.6686
    0.0000  -45.0000   30.0000 1954.0637   18.3655
    7.5000  -45.0000   30.0000 1944.5995   18.7091
   -7.5000  -37.5000   30.0000 2121.0698   15.8378
    0.0000  -37.5000   30.0000 2143.5413   15.6027
    7.5000  -37.5000   30.0000 2129.3542   15.8787
   -7.5000  -30.0000   30.0000 2283.6721   13.8336
    0.0000  -30.0000   30.0000 2309.4111   13.6128
    7.5000  -30.0000   30.0000 2290.8347   13.8163
   -7.5000  -22.5000   30.0000 2407.7336   12.4283
    0.0000  -22.5000   30.0000 2435.7522   12.2205
    7.5000  -22.5000   30.0000 2413.2932   12.3865
   -7.5000  -15.0000   30.0000 2511.2173   11.4206
    0.0000  -15.0000   30.0000 2544.8867   11.2228
    7.5000  -15.0000   30.0000 2522.5544   11.3564
   -7.5000   -7.5000   30.0000 2623.6487   10.6271
    0.0000   -7.5000   30.0000 2660.4087   10.4442
    7.5000   -7.5000   30.0000 2639.0144   10.5527
   -7.5000    0.0000   30.0000 2722.7280    9.9914
    0.0000    0.0000   30.0000 2761.6379    9.7962
    7.5000    0.0000   30.0000 2740.4373    9.9048
   -7.5000    7.5000   30.0000 2806.1963    9.5384
    0.0000    7.5000   30.0000 2846.2595    9.2777
    7.5000    7.5000   30.0000 2818.7358    9.4042
   -7.5000   15.0000   30.0000 2856.4287    9.3085
    0.0000   15.0000   30.0000 2888.2451    9.1347
    7.5000   15.0000   30.0000 2867.8635    9.2141
   -7.5000   22.5000   30.0000 2856.0947    9.4598
    0.0000   22.5000   30.0000 2898.2141    9.2848
    7.5000   22.5000   30.0000 2874.6699    9.3594
   -7.5000   30.0000   30.0000 2804.9148    9.7963
    0.0000   30.0000   30.0000 2843.7610    9.6256
    7.5000   30.0000   30.0000 2821.0171    9.6874
   -7.5000   37.5000   30.0000 2718.1545   10.2906
    0.0000   37.5000   30.0000 2748.5486   10.1305
    7.5000   37.5000   30.0000 2729.2937   10.1915
   -7.5000   45.0000   30.0000 2602.5312   10.9723
    0.0000   45.0000   30.0000 2635.3120   10.8543
    7.5000   45.0000   30.0000 2616.5095   10.8901
   -7.5000  -45.0000   37.5000 1897.6598   19.4544
    0.0000  -45.0000   37.5000 1914.7692   19.2310
    7.5000  -45.0000   37.5000 1905.1281   19.5335
   -7.5000  -37.5000   37.5000 2086.0298   16.5749
    0.0000  -37.5000   37.5000 2105.6699   16.4069
    7.5000  -37.5000   37.5000 2090.3042   16.5683
   -7.5000  -30.0000   37.5000 2247.4600   14.5286
    0.0000  -30.0000   37.5000 2273.7378   14.3890
    7.5000  -30.0000   37.5000 2251.3521   14.4907
   -7.5000  -22.5000   37.5000 2372.5090   13.1000
    0.0000  -22.5000   37.5000 2406.9360   12.9575
    7.5000  -22.5000   37.5000 2377.4316   13.0215
   -7.5000  -15.0000   37.5000 2477.4456   12.0637
    0.0000  -15.0000   37.5000 2519.1199   11.9235
    7.5000  -15.0000   37.5000 2488.5947   11.9830
   -7.5000   -7.5000   37.5000 2580.4207   11.2328
    0.0000   -7.5000   37.5000 2625.6533   11.0836
    7.5000   -7.5000   37.5000 2599.0081   11.1430
   -7.5000    0.0000   37.5000 2671.3921   10.5453
    0.0000    0.0000   37.5000 2712.9194   10.3071
    7.5000    0.0000   37.5000 2690.1008   10.4198
   -7.5000    7.5000   37.5000 2741.2373   10.0218
    0.0000    7.5000   37.5000 2784.9006    9.8308
    7.5000    7.5000   37.5000 2760.1497    9.9308
   -7.5000   15.0000   37.5000 2781.6118    9.8312
    0.0000   15.0000   37.5000 2815.9158    9.6835
    7.5000   15.0000   37.5000 2799.7764    9.7756
   -7.5000   22.5000   37.5000 2772.7043    9.9723
    0.0000   22.5000   37.5000 2808.1514    9.8054
    7.5000   22.5000   37.5000 2791.6458    9.8912
   -7.5000   30.0000   37.5000 2717.2415   10.3025
    0.0000   30.0000   37.5000 2753.8062   10.1252
    7.5000   30.0000   37.5000 2739.3599   10.2116
   -7.5000   37.5000   37.5000 2639.0676   10.7880
    0.0000   37.5000   37.5000 2673.1973   10.6313
    7.5000   37.5000   37.5000 2654.7983   10.6991
   -7.5000   45.0000   37.5000 2536.7915   11.4661
    0.0000   45.0000   37.5000 2568.3459   11.3397
    7.5000   45.0000   37.5000 2553.7021   11.3726
   -7.5000  -45.0000   45.0000 1856.4585   20.5257
    0.0000  -45.0000   45.0000 1872.7393   20.2650
    7.5000  -45.0000   45.0000 1864.0270   20.5501
   -7.5000  -37.5000   45.0000 2042.3695   17.5080
    0.0000  -37.5000   45.0000 2062.5256   17.3283
    7.5000  -37.5000   45.0000 2048.7705   17.4898
   -7.5000  -30.0000   45.0000 2198.9412   15.3798
    0.0000  -30.0000   45.0000 2227.0569   15.2583
    7.5000  -30.0000   45.0000 2208.0125   15.3347
   -7.5000  -22.5000   45.0000 2322.2698   13.8907
    0.0000  -22.5000   45.0000 2358.4075   13.7740
    7.5000  -22.5000   45.0000 2336.7996   13.8335
   -7.5000  -15.0000   45.0000 2426.4587   12.8094
    0.0000  -15.0000   45.0000 2466.1147   12.7076
    7.5000  -15.0000   45.0000 2441.2063   12.7434
   -7.5000   -7.5000   45.0000 2519.8413   11.9272
    0.0000   -7.5000   45.0000 2561.6301   11.7591
    7.5000   -7.5000   45.0000 2541.0437   11.8542
   -7.5000    0.0000   45.0000 2598.1245   11.1654
    0.0000    0.0000   45.0000 2642.3645   10.9755
    7.5000    0.0000   45.0000 2618.1707   11.0915
   -7.5000    7.5000   45.0000 2661.0759   10.6514
    0.0000    7.5000   45.0000 2697.2742   10.5318
    7.5000    7.5000   45.0000 2679.2488   10.6160
   -7.5000   15.0000   45.0000 2686.9648   10.5098
    0.0000   15.0000   45.0000 2720.2075   10.3956
    7.5000   15.0000   45.0000 2703.8647   10.4789
   -7.5000   22.5000   45.0000 2672.3557   10.6159
    0.0000   22.5000   45.0000 2708.5828   10.4996
    7.5000   22.5000   45.0000 2695.3770   10.5655
   -7.5000   30.0000   45.0000 2620.3967   10.9388
    0.0000   30.0000   45.0000 2656.8330   10.8142
    7.5000   30.0000   45.0000 2641.6785   10.8791
   -7.5000   37.5000   45.0000 2547.0212   11.4098
    0.0000   37.5000   45.0000 2584.5015   11.3180
    7.5000   37.5000   45.0000 2566.0190   11.3584
   -7.5000   45.0000   45.0000 2459.4775   12.1041
    0.0000   45.0000   45.0000 2490.2979   11.9930
    7.5000   45.0000   45.0000 2471.1914   12.0267

---------------------------------------------------------------------
imgreg_4dfp /opt/freesurfer/average/711-2C_as_mni_average_305 /opt/freesurfer/average/711-2B_as_mni_average_305_mask talsrcimg_g11 none talsrcimg_to_711-2C_as_mni_average_305_t4 1283
---------------------------------------------------------------------

freesurfer imgreg_4dfp.c
/opt/freesurfer/average/711-2C_as_mni_average_305.4dfp.img
       256       256       256         1
  1.000000  1.000000  1.000000
orientation T byte_order littleendian
Reading image: /opt/freesurfer/average/711-2C_as_mni_average_305.4dfp.img
dimensions:      256       256       256
mmppix:       1.0000   -1.0000   -1.0000
center:     128.0000 -129.0000 -129.0000
/opt/freesurfer/average/711-2B_as_mni_average_305_mask.4dfp.img
       256       256       256         1
  1.000000  1.000000  1.000000
orientation T byte_order littleendian
Reading mask: /opt/freesurfer/average/711-2B_as_mni_average_305_mask.4dfp.img (2306576 pixels)
talsrcimg_g11.4dfp.img
       256       256       256         1
  1.000000  1.000000  1.000000
orientation T byte_order littleendian
Reading image: talsrcimg_g11.4dfp.img
dimensions:      256       256       256
mmppix:       1.0000   -1.0000   -1.0000
center:     128.0000 -129.0000 -129.0000
rotation matrix determinant  1.000000
fimgreg.f
image alignment mode   1283 decimal      503 hex
parameters
    0.0000   22.5000   15.0000    0.0000    0.0000    0.0000
eta,q 0.94282  8.55925
niter,ni,del,rscale     5    3   12.0000    1.2000
parameters
    0.9701   20.3559   14.8847   -0.5983   -1.2368   -1.7507
eta,q 0.94370  8.41320
  0.0720  0.0614  0.0652  0.0635  0.0606  0.0592
  0.0660  0.0581  0.0623  0.0597  0.0585  0.0573
  0.0619  0.0580  0.0600  0.0568  0.0568  0.0564
  0.0592  0.0589  0.0580  0.0579  0.0574  0.0567
  0.0595  0.0614  0.0592  0.0599  0.0589  0.0586
  0.0624  0.0666  0.0627  0.0623  0.0615  0.0618
  0.0658  0.0721  0.0660  0.0646  0.0648  0.0649
niter,ni,del,rscale     4    3   12.0000    1.2000
parameters
    1.2738   20.4781   15.0020   -1.0133   -1.8077   -2.0858
eta,q 0.94439  8.43441
  0.0660  0.0645  0.0639  0.0626  0.0610  0.0609
  0.0612  0.0614  0.0612  0.0595  0.0579  0.0582
  0.0580  0.0573  0.0586  0.0559  0.0557  0.0563
  0.0563  0.0562  0.0562  0.0561  0.0559  0.0556
  0.0563  0.0576  0.0570  0.0582  0.0575  0.0565
  0.0596  0.0599  0.0604  0.0609  0.0597  0.0591
  0.0647  0.0644  0.0641  0.0639  0.0627  0.0624
niter,ni,del,rscale     3    3   12.0000    1.2000
parameters
    1.3595   20.6847   15.0841   -1.2018   -1.9489   -2.2169
eta,q 0.94449  8.44410
  0.0652  0.0646  0.0637  0.0627  0.0618  0.0612
  0.0603  0.0618  0.0611  0.0598  0.0584  0.0584
  0.0570  0.0572  0.0582  0.0561  0.0559  0.0563
  0.0556  0.0556  0.0557  0.0557  0.0556  0.0555
  0.0560  0.0574  0.0567  0.0575  0.0569  0.0562
  0.0597  0.0597  0.0603  0.0602  0.0590  0.0586
  0.0651  0.0642  0.0641  0.0634  0.0618  0.0619
niter,ni,del,rscale     2    3   12.0000    1.2000
parameters
    1.3837   20.7927   15.1109   -1.2882   -2.0000   -2.2686
eta,q 0.94450  8.44826
  0.0652  0.0646  0.0635  0.0628  0.0619  0.0613
  0.0601  0.0617  0.0610  0.0600  0.0585  0.0586
  0.0568  0.0569  0.0580  0.0564  0.0559  0.0563
  0.0555  0.0555  0.0556  0.0556  0.0555  0.0555
  0.0561  0.0575  0.0567  0.0572  0.0568  0.0562
  0.0598  0.0599  0.0604  0.0599  0.0589  0.0585
  0.0653  0.0646  0.0642  0.0632  0.0617  0.0618
niter,ni,del,rscale     1    3   12.0000    1.2000
parameters
    1.3927   20.8465   15.1200   -1.3238   -2.0241   -2.2926
eta,q 0.94449  8.44995
  0.0652  0.0646  0.0635  0.0629  0.0620  0.0614
  0.0600  0.0616  0.0609  0.0600  0.0586  0.0586
  0.0567  0.0568  0.0580  0.0564  0.0560  0.0563
  0.0555  0.0555  0.0555  0.0555  0.0555  0.0555
  0.0561  0.0576  0.0567  0.0570  0.0568  0.0562
  0.0599  0.0600  0.0604  0.0598  0.0589  0.0584
  0.0654  0.0648  0.0642  0.0631  0.0617  0.0617
registration optimization eta report
parameter search radius
    6.0000    6.0000    6.0000    6.0000    6.0000    6.0000
100000*second partial in parameter space
       27.       24.       22.       20.       17.       17.
  0.0652  0.0646  0.0635  0.0629  0.0620  0.0614
  0.0600  0.0616  0.0609  0.0600  0.0586  0.0586
  0.0567  0.0568  0.0580  0.0564  0.0560  0.0563
  0.0555  0.0555  0.0555  0.0555  0.0555  0.0555
  0.0561  0.0576  0.0567  0.0570  0.0568  0.0562
  0.0599  0.0600  0.0604  0.0598  0.0589  0.0584
  0.0654  0.0648  0.0642  0.0631  0.0617  0.0617
    1.3927   20.8465   15.1200   -1.3238   -2.0241   -2.2926
eta,q 0.94449  8.44995

---------------------------------------------------------------------
imgreg_4dfp /opt/freesurfer/average/711-2C_as_mni_average_305 /opt/freesurfer/average/711-2B_as_mni_average_305_mask talsrcimg_g11 none talsrcimg_to_711-2C_as_mni_average_305_t4 3335
---------------------------------------------------------------------

freesurfer imgreg_4dfp.c
/opt/freesurfer/average/711-2C_as_mni_average_305.4dfp.img
       256       256       256         1
  1.000000  1.000000  1.000000
orientation T byte_order littleendian
Reading image: /opt/freesurfer/average/711-2C_as_mni_average_305.4dfp.img
dimensions:      256       256       256
mmppix:       1.0000   -1.0000   -1.0000
center:     128.0000 -129.0000 -129.0000
/opt/freesurfer/average/711-2B_as_mni_average_305_mask.4dfp.img
       256       256       256         1
  1.000000  1.000000  1.000000
orientation T byte_order littleendian
Reading mask: /opt/freesurfer/average/711-2B_as_mni_average_305_mask.4dfp.img (2306576 pixels)
talsrcimg_g11.4dfp.img
       256       256       256         1
  1.000000  1.000000  1.000000
orientation T byte_order littleendian
Reading image: talsrcimg_g11.4dfp.img
dimensions:      256       256       256
mmppix:       1.0000   -1.0000   -1.0000
center:     128.0000 -129.0000 -129.0000
fimgreg.f
image alignment mode   3335 decimal      D07 hex
parameters
    1.3927   20.8465   15.1200   -0.1424   -0.1034   -0.0891
    3.9176    3.6207   -3.9977    2.1671   -3.5321   -2.3088
eta,q 0.94596  8.51331
niter,ni,del,rscale     5    3    5.0000    1.2000
parameter  4 17.438793 ->  0.500000 qaram    1.1500
parameter  5  5.573361 ->  0.500000 qaram    1.1500
parameter  6  0.956457 ->  0.500000 qaram    1.1500
parameter 12  0.540823 ->  0.500000 qaram    1.1500
parameters
    1.4886   20.8592   15.0657   -4.2824   -4.2434   -4.2291
    3.4962    4.9857   -1.5675    0.5317   -2.7594   -6.4488
eta,q 0.96451  8.31999
  0.0557  0.0555  0.0556  0.0415  0.0363  0.0363  0.0388  0.0444  0.0393  0.0383  0.0382  0.0359
  0.0548  0.0547  0.0547  0.0449  0.0394  0.0366  0.0377  0.0414  0.0380  0.0368  0.0371  0.0355
  0.0543  0.0542  0.0542  0.0493  0.0427  0.0377  0.0370  0.0387  0.0370  0.0360  0.0363  0.0355
  0.0540  0.0540  0.0540  0.0540  0.0460  0.0403  0.0368  0.0368  0.0364  0.0362  0.0360  0.0359
  0.0541  0.0542  0.0542  0.0585  0.0495  0.0447  0.0372  0.0365  0.0362  0.0374  0.0360  0.0367
  0.0546  0.0547  0.0548  0.0627  0.0533  0.0500  0.0381  0.0379  0.0364  0.0390  0.0365  0.0377
  0.0555  0.0555  0.0558  0.0671  0.0577  0.0547  0.0394  0.0407  0.0370  0.0414  0.0375  0.0389
niter,ni,del,rscale     7    3    5.0000    1.2000
parameter  3  0.842760 ->  0.500000 qaram    1.1500
parameter  4  1.032507 ->  0.500000 qaram    1.3225
parameter  5  2.487981 ->  0.500000 qaram    1.3225
parameters
    1.1947   19.7539   13.6857   -9.0434   -9.0044   -5.8756
    2.5957    4.7461   -1.8546    1.2043   -4.4764   -7.8646
eta,q 0.97704  8.19399
  0.0384  0.0356  0.0340  0.0291  0.0211  0.0256  0.0260  0.0280  0.0260  0.0287  0.0239  0.0246
  0.0367  0.0352  0.0339  0.0291  0.0222  0.0243  0.0243  0.0253  0.0244  0.0261  0.0233  0.0236
  0.0356  0.0351  0.0343  0.0306  0.0250  0.0235  0.0233  0.0237  0.0235  0.0242  0.0230  0.0231
  0.0355  0.0354  0.0351  0.0340  0.0293  0.0228  0.0233  0.0232  0.0232  0.0232  0.0231  0.0230
  0.0363  0.0362  0.0363  0.0392  0.0335  0.0231  0.0241  0.0238  0.0237  0.0233  0.0235  0.0236
  0.0379  0.0375  0.0378  0.0448  0.0371  0.0263  0.0256  0.0256  0.0248  0.0247  0.0243  0.0247
  0.0403  0.0391  0.0396  0.0499  0.0415  0.0318  0.0276  0.0288  0.0264  0.0271  0.0253  0.0263
niter,ni,del,rscale     7    3    5.0000    1.2000
parameters
    0.9036   19.5465   12.5551  -11.3614  -12.7842   -5.8613
    3.4154    4.7271   -1.2342    2.1048   -4.4038   -6.8244
eta,q 0.97812  8.03808
  0.0262  0.0260  0.0232  0.0261  0.0248  0.0255  0.0254  0.0263  0.0248  0.0268  0.0232  0.0245
  0.0241  0.0241  0.0226  0.0244  0.0230  0.0239  0.0238  0.0240  0.0234  0.0247  0.0225  0.0234
  0.0230  0.0230  0.0225  0.0230  0.0220  0.0229  0.0227  0.0225  0.0225  0.0230  0.0221  0.0224
  0.0230  0.0229  0.0228  0.0225  0.0227  0.0221  0.0221  0.0220  0.0220  0.0220  0.0219  0.0219
  0.0238  0.0236  0.0236  0.0240  0.0260  0.0215  0.0221  0.0225  0.0221  0.0221  0.0220  0.0220
  0.0256  0.0251  0.0248  0.0286  0.0309  0.0228  0.0229  0.0239  0.0228  0.0231  0.0225  0.0225
  0.0282  0.0272  0.0264  0.0348  0.0349  0.0267  0.0243  0.0265  0.0240  0.0251  0.0232  0.0236
niter,ni,del,rscale     6    3    5.0000    1.2000
parameters
    1.0357   19.7448   13.2505  -11.0995  -13.6310   -5.1992
    3.2644    4.7615   -1.2405    2.2613   -4.4202   -6.3172
eta,q 0.97850  8.04262
  0.0257  0.0255  0.0248  0.0270  0.0270  0.0257  0.0243  0.0262  0.0239  0.0257  0.0229  0.0239
  0.0238  0.0236  0.0233  0.0251  0.0247  0.0240  0.0229  0.0237  0.0226  0.0237  0.0221  0.0228
  0.0224  0.0224  0.0223  0.0232  0.0227  0.0228  0.0219  0.0221  0.0218  0.0222  0.0217  0.0219
  0.0219  0.0219  0.0218  0.0217  0.0217  0.0218  0.0215  0.0215  0.0215  0.0215  0.0215  0.0215
  0.0221  0.0220  0.0218  0.0214  0.0224  0.0209  0.0218  0.0220  0.0218  0.0219  0.0217  0.0217
  0.0232  0.0229  0.0221  0.0231  0.0255  0.0219  0.0229  0.0235  0.0226  0.0233  0.0221  0.0223
  0.0250  0.0245  0.0228  0.0279  0.0303  0.0256  0.0247  0.0263  0.0239  0.0255  0.0229  0.0235
niter,ni,del,rscale     5    3    5.0000    1.2000
parameters
    1.0226   19.7166   13.5292  -11.0326  -13.9535   -5.0864
    3.2470    4.7806   -1.2839    2.2584   -4.3639   -5.9383
eta,q 0.97852  8.03619
  0.0251  0.0246  0.0240  0.0269  0.0272  0.0254  0.0244  0.0263  0.0238  0.0256  0.0229  0.0239
  0.0231  0.0229  0.0226  0.0249  0.0248  0.0238  0.0229  0.0237  0.0226  0.0236  0.0221  0.0227
  0.0219  0.0218  0.0218  0.0230  0.0227  0.0226  0.0219  0.0221  0.0218  0.0221  0.0217  0.0219
  0.0215  0.0215  0.0215  0.0215  0.0215  0.0215  0.0215  0.0215  0.0215  0.0215  0.0215  0.0215
  0.0219  0.0219  0.0216  0.0212  0.0219  0.0208  0.0218  0.0220  0.0218  0.0220  0.0216  0.0217
  0.0231  0.0230  0.0222  0.0233  0.0245  0.0223  0.0228  0.0235  0.0226  0.0234  0.0221  0.0224
  0.0252  0.0247  0.0231  0.0283  0.0291  0.0266  0.0245  0.0264  0.0239  0.0257  0.0228  0.0235
niter,ni,del,rscale     4    3    5.0000    1.2000
parameters
    1.0245   19.6865   13.6250  -11.0107  -14.0542   -5.0592
    3.2556    4.7886   -1.3201    2.1945   -4.3318   -5.7605
eta,q 0.97852  8.03344
  0.0251  0.0245  0.0237  0.0269  0.0274  0.0254  0.0244  0.0263  0.0239  0.0255  0.0229  0.0238
  0.0232  0.0229  0.0224  0.0249  0.0250  0.0238  0.0229  0.0237  0.0226  0.0235  0.0221  0.0226
  0.0219  0.0218  0.0217  0.0230  0.0228  0.0226  0.0219  0.0221  0.0218  0.0220  0.0216  0.0218
  0.0215  0.0215  0.0215  0.0215  0.0215  0.0215  0.0215  0.0215  0.0215  0.0215  0.0215  0.0215
  0.0219  0.0219  0.0217  0.0212  0.0218  0.0208  0.0218  0.0220  0.0218  0.0220  0.0216  0.0217
  0.0231  0.0230  0.0223  0.0234  0.0242  0.0225  0.0228  0.0236  0.0226  0.0235  0.0221  0.0224
  0.0252  0.0247  0.0233  0.0284  0.0287  0.0267  0.0245  0.0264  0.0239  0.0258  0.0228  0.0236
niter,ni,del,rscale     3    3    5.0000    1.2000
parameters
    1.0258   19.6674   13.6589  -11.0041  -14.0798   -5.0527
    3.2659    4.7948   -1.3448    2.1496   -4.3204   -5.6787
eta,q 0.97852  8.03249
  0.0251  0.0246  0.0236  0.0269  0.0274  0.0254  0.0244  0.0263  0.0239  0.0256  0.0229  0.0237
  0.0232  0.0229  0.0224  0.0249  0.0250  0.0238  0.0229  0.0237  0.0226  0.0235  0.0221  0.0226
  0.0219  0.0218  0.0217  0.0230  0.0229  0.0226  0.0219  0.0221  0.0218  0.0220  0.0216  0.0218
  0.0215  0.0215  0.0215  0.0215  0.0215  0.0215  0.0215  0.0215  0.0215  0.0215  0.0215  0.0215
  0.0219  0.0219  0.0217  0.0212  0.0217  0.0208  0.0218  0.0220  0.0218  0.0220  0.0216  0.0217
  0.0231  0.0230  0.0224  0.0234  0.0241  0.0225  0.0228  0.0236  0.0226  0.0235  0.0221  0.0225
  0.0252  0.0247  0.0234  0.0285  0.0285  0.0268  0.0245  0.0264  0.0239  0.0258  0.0229  0.0237
niter,ni,del,rscale     2    3    5.0000    1.2000
parameters
    1.0273   19.6579   13.6698  -11.0010  -14.0883   -5.0490
    3.2742    4.7982   -1.3563    2.1267   -4.3074   -5.6469
eta,q 0.97852  8.03219
  0.0251  0.0246  0.0235  0.0269  0.0274  0.0254  0.0244  0.0263  0.0239  0.0256  0.0229  0.0237
  0.0232  0.0229  0.0223  0.0249  0.0250  0.0238  0.0229  0.0237  0.0226  0.0236  0.0221  0.0226
  0.0219  0.0218  0.0217  0.0230  0.0229  0.0226  0.0219  0.0221  0.0218  0.0220  0.0216  0.0218
  0.0215  0.0215  0.0215  0.0215  0.0215  0.0215  0.0215  0.0215  0.0215  0.0215  0.0215  0.0215
  0.0219  0.0219  0.0217  0.0213  0.0217  0.0208  0.0218  0.0220  0.0218  0.0220  0.0216  0.0217
  0.0231  0.0229  0.0224  0.0234  0.0241  0.0225  0.0228  0.0236  0.0226  0.0235  0.0221  0.0225
  0.0252  0.0246  0.0234  0.0285  0.0285  0.0268  0.0245  0.0264  0.0239  0.0257  0.0229  0.0237
registration optimization eta report
parameter search radius
    2.4000    2.4000    2.7600    9.5220    9.5220    8.2800
    7.2000    7.2000    7.2000    7.2000    7.2000    8.2800
100000*second partial in parameter space
       64.       54.       26.        7.        7.        7.
        6.        9.        5.        8.        3.        3.
  0.0251  0.0246  0.0235  0.0269  0.0274  0.0254  0.0244  0.0263  0.0239  0.0256  0.0229  0.0237
  0.0232  0.0229  0.0223  0.0249  0.0250  0.0238  0.0229  0.0237  0.0226  0.0236  0.0221  0.0226
  0.0219  0.0218  0.0217  0.0230  0.0229  0.0226  0.0219  0.0221  0.0218  0.0220  0.0216  0.0218
  0.0215  0.0215  0.0215  0.0215  0.0215  0.0215  0.0215  0.0215  0.0215  0.0215  0.0215  0.0215
  0.0219  0.0219  0.0217  0.0213  0.0217  0.0208  0.0218  0.0220  0.0218  0.0220  0.0216  0.0217
  0.0231  0.0229  0.0224  0.0234  0.0241  0.0225  0.0228  0.0236  0.0226  0.0235  0.0221  0.0225
  0.0252  0.0246  0.0234  0.0285  0.0285  0.0268  0.0245  0.0264  0.0239  0.0257  0.0229  0.0237
    1.0273   19.6579   13.6698  -11.0010  -14.0883   -5.0490
    3.2742    4.7982   -1.3563    2.1267   -4.3074   -5.6469
eta,q 0.97852  8.03219

---------------------------------------------------------------------
imgreg_4dfp /opt/freesurfer/average/711-2C_as_mni_average_305 /opt/freesurfer/average/711-2B_as_mni_average_305_mask talsrcimg_g11 none talsrcimg_to_711-2C_as_mni_average_305_t4 2311
---------------------------------------------------------------------

freesurfer imgreg_4dfp.c
/opt/freesurfer/average/711-2C_as_mni_average_305.4dfp.img
       256       256       256         1
  1.000000  1.000000  1.000000
orientation T byte_order littleendian
Reading image: /opt/freesurfer/average/711-2C_as_mni_average_305.4dfp.img
dimensions:      256       256       256
mmppix:       1.0000   -1.0000   -1.0000
center:     128.0000 -129.0000 -129.0000
/opt/freesurfer/average/711-2B_as_mni_average_305_mask.4dfp.img
       256       256       256         1
  1.000000  1.000000  1.000000
orientation T byte_order littleendian
Reading mask: /opt/freesurfer/average/711-2B_as_mni_average_305_mask.4dfp.img (2306576 pixels)
talsrcimg_g11.4dfp.img
       256       256       256         1
  1.000000  1.000000  1.000000
orientation T byte_order littleendian
Reading image: talsrcimg_g11.4dfp.img
dimensions:      256       256       256
mmppix:       1.0000   -1.0000   -1.0000
center:     128.0000 -129.0000 -129.0000
fimgreg.f
image alignment mode   2311 decimal      907 hex
parameters
    1.0273   19.6579   13.6698  -11.0010  -14.0883   -5.0490
    3.2742    4.7982   -1.3563    2.1267   -4.3074   -5.6469
eta,q 0.97852  8.03220
niter,ni,del,rscale     5    3    5.0000    0.8000
parameters
    1.0453   19.6517   13.6176   -9.1839  -13.4505   -3.8194
    3.0909    4.9293   -1.5287    1.5392   -4.3262   -6.2682
eta,q 0.97942  8.14789
  0.0232  0.0229  0.0221  0.0240  0.0235  0.0231  0.0222  0.0238  0.0218  0.0223  0.0216  0.0213
  0.0223  0.0221  0.0217  0.0230  0.0224  0.0224  0.0213  0.0222  0.0211  0.0213  0.0211  0.0209
  0.0217  0.0216  0.0215  0.0222  0.0216  0.0217  0.0208  0.0211  0.0207  0.0207  0.0207  0.0206
  0.0215  0.0215  0.0215  0.0215  0.0211  0.0210  0.0206  0.0206  0.0206  0.0206  0.0206  0.0206
  0.0217  0.0217  0.0216  0.0211  0.0211  0.0206  0.0209  0.0209  0.0208  0.0211  0.0207  0.0208
  0.0222  0.0221  0.0218  0.0213  0.0216  0.0209  0.0215  0.0219  0.0213  0.0220  0.0210  0.0212
  0.0231  0.0229  0.0222  0.0220  0.0226  0.0220  0.0224  0.0235  0.0220  0.0234  0.0216  0.0218
niter,ni,del,rscale     4    3    5.0000    0.7000
parameters
    0.9258   19.7516   13.7132   -9.4941  -13.3181   -3.3756
    3.1473    4.8819   -1.5953    1.6166   -4.2923   -6.5029
eta,q 0.97956  8.16138
  0.0219  0.0219  0.0214  0.0220  0.0222  0.0223  0.0217  0.0227  0.0214  0.0222  0.0212  0.0211
  0.0211  0.0212  0.0210  0.0213  0.0215  0.0217  0.0211  0.0215  0.0209  0.0213  0.0208  0.0207
  0.0207  0.0208  0.0207  0.0208  0.0209  0.0211  0.0206  0.0207  0.0205  0.0207  0.0206  0.0205
  0.0206  0.0206  0.0206  0.0205  0.0206  0.0206  0.0204  0.0204  0.0204  0.0204  0.0204  0.0204
  0.0208  0.0206  0.0206  0.0207  0.0206  0.0204  0.0206  0.0207  0.0206  0.0206  0.0205  0.0205
  0.0214  0.0210  0.0208  0.0215  0.0212  0.0209  0.0210  0.0215  0.0209  0.0212  0.0208  0.0208
  0.0224  0.0216  0.0212  0.0228  0.0222  0.0221  0.0217  0.0228  0.0215  0.0221  0.0212  0.0212
niter,ni,del,rscale     3    3    5.0000    0.6000
parameters
    0.9345   19.7792   13.8152   -9.5076  -13.3279   -3.0486
    3.1782    4.8820   -1.6396    1.6053   -4.2974   -6.6094
eta,q 0.97962  8.17068
  0.0216  0.0214  0.0211  0.0217  0.0216  0.0219  0.0213  0.0221  0.0211  0.0217  0.0210  0.0209
  0.0210  0.0209  0.0208  0.0211  0.0211  0.0214  0.0208  0.0212  0.0207  0.0210  0.0207  0.0206
  0.0206  0.0206  0.0205  0.0206  0.0206  0.0209  0.0205  0.0206  0.0204  0.0205  0.0205  0.0204
  0.0204  0.0204  0.0204  0.0204  0.0204  0.0204  0.0204  0.0204  0.0204  0.0204  0.0204  0.0204
  0.0206  0.0205  0.0205  0.0205  0.0205  0.0204  0.0205  0.0206  0.0205  0.0205  0.0204  0.0204
  0.0209  0.0208  0.0206  0.0210  0.0210  0.0208  0.0208  0.0212  0.0207  0.0210  0.0206  0.0206
  0.0216  0.0213  0.0209  0.0219  0.0218  0.0217  0.0213  0.0221  0.0211  0.0217  0.0210  0.0209
niter,ni,del,rscale     2    3    5.0000    0.5000
parameters
    0.9337   19.7982   13.8812   -9.4754  -13.3194   -2.8028
    3.1954    4.8834   -1.6698    1.5553   -4.3027   -6.7041
eta,q 0.97967  8.17910
  0.0212  0.0210  0.0209  0.0213  0.0212  0.0216  0.0210  0.0216  0.0208  0.0212  0.0207  0.0207
  0.0207  0.0207  0.0206  0.0208  0.0208  0.0211  0.0206  0.0209  0.0205  0.0207  0.0205  0.0205
  0.0205  0.0205  0.0204  0.0205  0.0205  0.0207  0.0204  0.0205  0.0204  0.0204  0.0204  0.0204
  0.0204  0.0204  0.0204  0.0204  0.0204  0.0204  0.0203  0.0203  0.0203  0.0203  0.0203  0.0203
  0.0205  0.0204  0.0204  0.0204  0.0204  0.0204  0.0204  0.0205  0.0204  0.0204  0.0204  0.0204
  0.0207  0.0206  0.0205  0.0207  0.0207  0.0207  0.0206  0.0209  0.0206  0.0208  0.0205  0.0205
  0.0212  0.0210  0.0207  0.0213  0.0213  0.0214  0.0210  0.0216  0.0209  0.0213  0.0208  0.0207
niter,ni,del,rscale     1    3    5.0000    0.4000
parameters
    0.9290   19.8151   13.9281   -9.4489  -13.2941   -2.6033
    3.1812    4.8841   -1.6983    1.5070   -4.3123   -6.7967
eta,q 0.97968  8.18656
  0.0208  0.0208  0.0207  0.0209  0.0209  0.0212  0.0207  0.0211  0.0206  0.0209  0.0206  0.0205
  0.0206  0.0205  0.0205  0.0206  0.0206  0.0208  0.0205  0.0207  0.0205  0.0206  0.0204  0.0204
  0.0204  0.0204  0.0204  0.0204  0.0204  0.0205  0.0204  0.0204  0.0203  0.0204  0.0204  0.0203
  0.0203  0.0203  0.0203  0.0203  0.0203  0.0203  0.0203  0.0203  0.0203  0.0203  0.0203  0.0203
  0.0204  0.0204  0.0204  0.0204  0.0204  0.0204  0.0204  0.0204  0.0204  0.0204  0.0203  0.0203
  0.0206  0.0205  0.0204  0.0206  0.0206  0.0206  0.0205  0.0207  0.0205  0.0206  0.0204  0.0204
  0.0209  0.0207  0.0206  0.0210  0.0209  0.0210  0.0208  0.0212  0.0207  0.0209  0.0206  0.0206
registration optimization eta report
parameter search radius
    0.8000    0.8000    0.8000    2.4000    2.4000    2.4000
    2.4000    2.4000    2.4000    2.4000    2.4000    2.4000
100000*second partial in parameter space
       82.       64.       45.       11.       10.       14.
        8.       14.        6.       10.        5.        4.
  0.0208  0.0208  0.0207  0.0209  0.0209  0.0212  0.0207  0.0211  0.0206  0.0209  0.0206  0.0205
  0.0206  0.0205  0.0205  0.0206  0.0206  0.0208  0.0205  0.0207  0.0205  0.0206  0.0204  0.0204
  0.0204  0.0204  0.0204  0.0204  0.0204  0.0205  0.0204  0.0204  0.0203  0.0204  0.0204  0.0203
  0.0203  0.0203  0.0203  0.0203  0.0203  0.0203  0.0203  0.0203  0.0203  0.0203  0.0203  0.0203
  0.0204  0.0204  0.0204  0.0204  0.0204  0.0204  0.0204  0.0204  0.0204  0.0204  0.0203  0.0203
  0.0206  0.0205  0.0204  0.0206  0.0206  0.0206  0.0205  0.0207  0.0205  0.0206  0.0204  0.0204
  0.0209  0.0207  0.0206  0.0210  0.0209  0.0210  0.0208  0.0212  0.0207  0.0209  0.0206  0.0206
    0.9290   19.8151   13.9281   -9.4489  -13.2941   -2.6033
    3.1812    4.8841   -1.6983    1.5070   -4.3123   -6.7967
eta,q 0.97968  8.18656

---------------------------------------------------------------------
imgreg_4dfp /opt/freesurfer/average/711-2C_as_mni_average_305 /opt/freesurfer/average/711-2B_as_mni_average_305_mask talsrcimg_g11 none talsrcimg_to_711-2C_as_mni_average_305_t4 2311
---------------------------------------------------------------------

freesurfer imgreg_4dfp.c
/opt/freesurfer/average/711-2C_as_mni_average_305.4dfp.img
       256       256       256         1
  1.000000  1.000000  1.000000
orientation T byte_order littleendian
Reading image: /opt/freesurfer/average/711-2C_as_mni_average_305.4dfp.img
dimensions:      256       256       256
mmppix:       1.0000   -1.0000   -1.0000
center:     128.0000 -129.0000 -129.0000
/opt/freesurfer/average/711-2B_as_mni_average_305_mask.4dfp.img
       256       256       256         1
  1.000000  1.000000  1.000000
orientation T byte_order littleendian
Reading mask: /opt/freesurfer/average/711-2B_as_mni_average_305_mask.4dfp.img (2306576 pixels)
talsrcimg_g11.4dfp.img
       256       256       256         1
  1.000000  1.000000  1.000000
orientation T byte_order littleendian
Reading image: talsrcimg_g11.4dfp.img
dimensions:      256       256       256
mmppix:       1.0000   -1.0000   -1.0000
center:     128.0000 -129.0000 -129.0000
fimgreg.f
image alignment mode   2311 decimal      907 hex
parameters
    0.9290   19.8151   13.9281   -9.4489  -13.2941   -2.6033
    3.1812    4.8841   -1.6983    1.5070   -4.3123   -6.7967
eta,q 0.97968  8.18656
niter,ni,del,rscale     5    3    5.0000    0.8000
parameters
    0.9351   19.8238   13.9479   -9.8720  -13.5268   -3.1761
    3.2550    4.8509   -1.6036    1.8933   -4.3345   -6.4145
eta,q 0.97957  8.15008
  0.0224  0.0219  0.0215  0.0222  0.0222  0.0222  0.0221  0.0232  0.0218  0.0229  0.0214  0.0215
  0.0212  0.0211  0.0209  0.0213  0.0213  0.0216  0.0212  0.0218  0.0211  0.0217  0.0209  0.0210
  0.0205  0.0205  0.0205  0.0206  0.0206  0.0209  0.0207  0.0208  0.0206  0.0209  0.0206  0.0206
  0.0203  0.0203  0.0203  0.0203  0.0203  0.0204  0.0205  0.0205  0.0205  0.0205  0.0204  0.0204
  0.0206  0.0205  0.0204  0.0206  0.0206  0.0206  0.0206  0.0208  0.0206  0.0206  0.0205  0.0205
  0.0212  0.0210  0.0208  0.0216  0.0214  0.0219  0.0211  0.0218  0.0210  0.0212  0.0209  0.0207
  0.0224  0.0219  0.0214  0.0234  0.0228  0.0242  0.0220  0.0234  0.0217  0.0223  0.0214  0.0212
niter,ni,del,rscale     4    3    5.0000    0.7000
parameters
    0.9552   19.7675   13.9354   -9.7028  -13.5361   -3.2102
    3.2236    4.8877   -1.5999    1.7914   -4.3026   -6.3128
eta,q 0.97958  8.15188
  0.0220  0.0216  0.0212  0.0222  0.0220  0.0222  0.0216  0.0227  0.0214  0.0221  0.0212  0.0212
  0.0211  0.0209  0.0208  0.0214  0.0212  0.0216  0.0210  0.0215  0.0209  0.0212  0.0208  0.0208
  0.0206  0.0205  0.0205  0.0208  0.0207  0.0209  0.0206  0.0207  0.0205  0.0206  0.0205  0.0205
  0.0204  0.0204  0.0204  0.0204  0.0204  0.0204  0.0204  0.0204  0.0204  0.0204  0.0204  0.0204
  0.0206  0.0206  0.0205  0.0205  0.0205  0.0205  0.0206  0.0206  0.0205  0.0206  0.0205  0.0205
  0.0211  0.0210  0.0208  0.0210  0.0211  0.0212  0.0210  0.0214  0.0209  0.0213  0.0208  0.0207
  0.0219  0.0217  0.0213  0.0221  0.0221  0.0227  0.0217  0.0227  0.0214  0.0222  0.0212  0.0211
niter,ni,del,rscale     3    3    5.0000    0.6000
parameters
    0.9478   19.7596   13.9233   -9.5717  -13.4725   -3.0359
    3.2023    4.8899   -1.6345    1.6559   -4.2890   -6.4055
eta,q 0.97963  8.16296
  0.0215  0.0213  0.0210  0.0218  0.0216  0.0219  0.0213  0.0221  0.0211  0.0216  0.0210  0.0209
  0.0209  0.0208  0.0207  0.0211  0.0211  0.0214  0.0208  0.0212  0.0207  0.0209  0.0207  0.0206
  0.0205  0.0205  0.0205  0.0207  0.0206  0.0208  0.0205  0.0206  0.0204  0.0205  0.0205  0.0204
  0.0204  0.0204  0.0204  0.0204  0.0204  0.0204  0.0204  0.0204  0.0204  0.0204  0.0204  0.0204
  0.0206  0.0205  0.0205  0.0205  0.0205  0.0204  0.0205  0.0206  0.0205  0.0206  0.0204  0.0204
  0.0209  0.0208  0.0207  0.0209  0.0209  0.0209  0.0208  0.0212  0.0207  0.0210  0.0206  0.0206
  0.0216  0.0213  0.0210  0.0217  0.0217  0.0219  0.0213  0.0222  0.0211  0.0218  0.0210  0.0209
niter,ni,del,rscale     2    3    5.0000    0.5000
parameters
    0.9379   19.7755   13.9334   -9.4990  -13.3886   -2.8167
    3.1921    4.8882   -1.6715    1.5579   -4.2844   -6.5474
eta,q 0.97966  8.17474
  0.0212  0.0210  0.0208  0.0213  0.0213  0.0216  0.0210  0.0216  0.0208  0.0212  0.0208  0.0207
  0.0207  0.0207  0.0206  0.0209  0.0208  0.0211  0.0206  0.0209  0.0206  0.0207  0.0205  0.0205
  0.0205  0.0205  0.0204  0.0205  0.0205  0.0207  0.0204  0.0205  0.0204  0.0204  0.0204  0.0204
  0.0204  0.0204  0.0204  0.0204  0.0204  0.0204  0.0203  0.0203  0.0203  0.0203  0.0203  0.0203
  0.0205  0.0204  0.0204  0.0204  0.0204  0.0204  0.0204  0.0205  0.0204  0.0205  0.0204  0.0204
  0.0207  0.0206  0.0206  0.0207  0.0207  0.0207  0.0206  0.0209  0.0206  0.0208  0.0205  0.0205
  0.0212  0.0210  0.0208  0.0213  0.0212  0.0214  0.0210  0.0216  0.0209  0.0213  0.0208  0.0208
niter,ni,del,rscale     1    3    5.0000    0.4000
parameters
    0.9291   19.7987   13.9512   -9.4573  -13.3314   -2.6259
    3.1910    4.8848   -1.6969    1.5048   -4.2886   -6.7035
eta,q 0.97968  8.18380
  0.0208  0.0208  0.0206  0.0210  0.0209  0.0212  0.0207  0.0212  0.0206  0.0209  0.0206  0.0205
  0.0206  0.0205  0.0205  0.0206  0.0206  0.0209  0.0205  0.0207  0.0205  0.0206  0.0204  0.0204
  0.0204  0.0204  0.0204  0.0204  0.0204  0.0205  0.0204  0.0204  0.0204  0.0204  0.0204  0.0203
  0.0203  0.0203  0.0203  0.0203  0.0203  0.0203  0.0203  0.0203  0.0203  0.0203  0.0203  0.0203
  0.0204  0.0204  0.0204  0.0204  0.0204  0.0204  0.0204  0.0204  0.0204  0.0204  0.0204  0.0204
  0.0206  0.0205  0.0205  0.0206  0.0206  0.0206  0.0205  0.0207  0.0205  0.0206  0.0204  0.0204
  0.0209  0.0207  0.0206  0.0210  0.0209  0.0211  0.0207  0.0212  0.0207  0.0209  0.0206  0.0206
registration optimization eta report
parameter search radius
    0.8000    0.8000    0.8000    2.4000    2.4000    2.4000
    2.4000    2.4000    2.4000    2.4000    2.4000    2.4000
100000*second partial in parameter space
       81.       64.       45.       11.       10.       14.
        7.       15.        6.       10.        5.        4.
  0.0208  0.0208  0.0206  0.0210  0.0209  0.0212  0.0207  0.0212  0.0206  0.0209  0.0206  0.0205
  0.0206  0.0205  0.0205  0.0206  0.0206  0.0209  0.0205  0.0207  0.0205  0.0206  0.0204  0.0204
  0.0204  0.0204  0.0204  0.0204  0.0204  0.0205  0.0204  0.0204  0.0204  0.0204  0.0204  0.0203
  0.0203  0.0203  0.0203  0.0203  0.0203  0.0203  0.0203  0.0203  0.0203  0.0203  0.0203  0.0203
  0.0204  0.0204  0.0204  0.0204  0.0204  0.0204  0.0204  0.0204  0.0204  0.0204  0.0204  0.0204
  0.0206  0.0205  0.0205  0.0206  0.0206  0.0206  0.0205  0.0207  0.0205  0.0206  0.0204  0.0204
  0.0209  0.0207  0.0206  0.0210  0.0209  0.0211  0.0207  0.0212  0.0207  0.0209  0.0206  0.0206
    0.9291   19.7987   13.9512   -9.4573  -13.3314   -2.6259
    3.1910    4.8848   -1.6969    1.5048   -4.2886   -6.7035
eta,q 0.97968  8.18380

---------------------------------------------------------------------
compute_vox2vox talsrcimg talsrcimg_to_711-2C_as_mni_average_305_t4 /opt/freesurfer/average/711-2C_as_mni_average_305
---------------------------------------------------------------------

freesurfer compute_vox2vox.c
Reading: talsrcimg.4dfp.ifh
Reading: talsrcimg_to_711-2C_as_mni_average_305_t4
Reading: /opt/freesurfer/average/711-2C_as_mni_average_305.4dfp.ifh
Writing: talsrcimg_to_711-2C_as_mni_average_305_t4_vox2vox.txt

start time Fri Mar 13 03:37:30 CET 2026
end		time Fri Mar 13 03:38:56 CET 2026

mpr2mni305 success

avi2talxfm orig_nu.mgz /opt/freesurfer/average/mni305.cor.mgz talsrcimg_to_711-2C_as_mni_average_305_t4_vox2vox.txt transforms/talairach.auto.xfm
avi2talxfm done
mv -f /out/sourcedata/freesurfer/sub-v2s4x29581_ses-1/mri/talsrcimg_to_711-2C_as_mni_average_305_t4_vox2vox.txt /out/sourcedata/freesurfer/sub-v2s4x29581_ses-1/mri/transforms/talsrcimg_to_711-2C_as_mni_average_305_t4_vox2vox.txt
lta_convert --src orig_nu.mgz --trg /opt/freesurfer/average/mni305.cor.mgz --inxfm transforms/talairach.auto.xfm --outlta transforms/talairach.auto.xfm.lta --subject fsaverage
7.3.2

--src: orig_nu.mgz src image (geometry).
--trg: /opt/freesurfer/average/mni305.cor.mgz trg image (geometry).
--inmni: transforms/talairach.auto.xfm input MNI/XFM transform.
--outlta: transforms/talairach.auto.xfm.lta output LTA.
--s: fsaverage subject name
 LTA read, type : 1
 1.10103  -0.05454  -0.04476  -0.78293;
 0.04992   1.02327   0.07731  -15.17281;
 0.02069  -0.01884   1.15160  -34.67996;
 0.00000   0.00000   0.00000   1.00000;
setting subject to fsaverage
Writing  LTA to file transforms/talairach.auto.xfm.lta...
lta_convert successful.
 
 
Started at Fri Mar 13 03:37:29 CET 2026
Ended   at Fri Mar 13 03:38:56 CET 2026
talairach_avi done
