/out/sourcedata/freesurfer/sub-v2s4x29599_ses-1/mri
/opt/freesurfer/bin/talairach_avi
--i orig_nu.mgz --xfm transforms/talairach.auto.xfm
talairach_avi 7.3.2
Linux dna056 5.14.0-427.37.1.el9_4.x86_64 #1 SMP PREEMPT_DYNAMIC Fri Sep 13 12:41:50 EDT 2024 x86_64 x86_64 x86_64 GNU/Linux
Fri Mar 13 04:26:36 CET 2026
mri_convert orig_nu.mgz talsrcimg.img 
reading from orig_nu.mgz...
TR=0.00, TE=0.00, TI=0.00, flip angle=0.00
i_ras = (-1, 1.10595e-09, 0)
j_ras = (0, 4.65661e-10, -1)
k_ras = (-1.10595e-09, 1, -4.65661e-10)
writing to talsrcimg.img...
Analyze Output Matrix
-1.00000   0.00000  -0.00000   136.42928;
 0.00000   0.00000   1.00000  -139.81323;
 0.00000  -1.00000  -0.00000   147.66544;
 0.00000   0.00000   0.00000   1.00000;
--------------------
INFO: set hdr.hist.orient to -1
mpr2mni305 talsrcimg
Fri Mar 13 04:26:37 CET 2026
/opt/freesurfer/bin/mpr2mni305 talsrcimg
mpr2mni305 7.3.2
target=711-2C_as_mni_average_305

---------------------------------------------------------------------
analyzeto4dfp talsrcimg -O0 -y
---------------------------------------------------------------------

freesurfer ifh2hdr.c
Fri Mar 13 04:26:37 2026
Writing: talsrcimg.4dfp.hdr
freesurfer analyzeto4dfp.c
Reading: talsrcimg.hdr
header size 348 bytes
hdr.dime.datatype	offset=70	value=2
hdr.dime.bitpix		offset=72	value=8
hdr.hist.orient		offset=252	value=-1
dimensionality     4
dimensions       256       256       256         1
Reading: talsrcimg.img
Writing: talsrcimg.4dfp.img
Writing: talsrcimg.4dfp.ifh
ifh2hdr talsrcimg -r0to224
ori=2

---------------------------------------------------------------------
gauss_4dfp talsrcimg 1.1
---------------------------------------------------------------------

freesurfer gauss_4dfp.c
Reading: talsrcimg.4dfp.img
Writing: talsrcimg_g11.4dfp.img
image dimensions 256 256 256 padded to 288 288 288
processing volume 1freesurfer ifh2hdr.c
Fri Mar 13 04:26:39 2026
Writing: talsrcimg_g11.4dfp.hdr

Writing: talsrcimg_g11.4dfp.ifh
including: talsrcimg.4dfp.img.rec in talsrcimg_g11.4dfp.img.rec

---------------------------------------------------------------------
imgreg_4dfp /opt/freesurfer/average/711-2C_as_mni_average_305 none talsrcimg_g11 none talsrcimg_to_711-2C_as_mni_average_305_t4 4355
---------------------------------------------------------------------

freesurfer imgreg_4dfp.c
/opt/freesurfer/average/711-2C_as_mni_average_305.4dfp.img
       256       256       256         1
  1.000000  1.000000  1.000000
orientation T byte_order littleendian
Reading image: /opt/freesurfer/average/711-2C_as_mni_average_305.4dfp.img
dimensions:      256       256       256
mmppix:       1.0000   -1.0000   -1.0000
center:     128.0000 -129.0000 -129.0000
talsrcimg_g11.4dfp.img
       256       256       256         1
  1.000000  1.000000  1.000000
orientation T byte_order littleendian
Reading image: talsrcimg_g11.4dfp.img
dimensions:      256       256       256
mmppix:       1.0000   -1.0000   -1.0000
center:     128.0000 -129.0000 -129.0000
t4_read: open error in t4_sub.f l:  41 t4_file(1:l)talsrcimg_to_711-2C_as_mni_average_305_t4 
t4_read: transform initialized to I4
rotation matrix determinant  1.000000
image alignment mode   4355 decimal     1103 hex
   -7.5000  -45.0000  -45.0000 7083.6421   16.3691
    0.0000  -45.0000  -45.0000 7341.0000   16.3833
    7.5000  -45.0000  -45.0000 7000.4434   16.4028
   -7.5000  -37.5000  -45.0000 7641.0581   16.3562
    0.0000  -37.5000  -45.0000 7923.6416   16.3707
    7.5000  -37.5000  -45.0000 7539.5728   16.3941
   -7.5000  -30.0000  -45.0000 8500.8408   16.3608
    0.0000  -30.0000  -45.0000 8792.1953   16.3789
    7.5000  -30.0000  -45.0000 8376.5215   16.4083
   -7.5000  -22.5000  -45.0000 9296.3027   16.3683
    0.0000  -22.5000  -45.0000 9615.1406   16.3894
    7.5000  -22.5000  -45.0000 9154.2607   16.4196
   -7.5000  -15.0000  -45.0000 9995.4062   16.3681
    0.0000  -15.0000  -45.000010363.0332   16.3895
    7.5000  -15.0000  -45.0000 9863.2207   16.4159
   -7.5000   -7.5000  -45.000010649.7314   16.3586
    0.0000   -7.5000  -45.000011050.1670   16.3766
    7.5000   -7.5000  -45.000010506.4971   16.3982
   -7.5000    0.0000  -45.000011262.5986   16.3525
    0.0000    0.0000  -45.000011681.2158   16.3666
    7.5000    0.0000  -45.000011090.8857   16.3860
   -7.5000    7.5000  -45.000011056.0430   16.3546
    0.0000    7.5000  -45.000011498.7002   16.3691
    7.5000    7.5000  -45.000010947.0469   16.3924
   -7.5000   15.0000  -45.000010786.4727   16.3608
    0.0000   15.0000  -45.000011233.3281   16.3789
    7.5000   15.0000  -45.000010690.5508   16.4083
   -7.5000   22.5000  -45.000010240.3291   16.3661
    0.0000   22.5000  -45.000010711.8057   16.3871
    7.5000   22.5000  -45.000010176.1475   16.4174
   -7.5000   30.0000  -45.0000 9539.8369   16.1500
    0.0000   30.0000  -45.0000 9953.7764   16.1711
    7.5000   30.0000  -45.0000 9447.8271   16.1971
   -7.5000   37.5000  -45.0000 9057.4834   16.1406
    0.0000   37.5000  -45.0000 9439.8750   16.1583
    7.5000   37.5000  -45.0000 8960.7734   16.1796
   -7.5000   45.0000  -45.0000 8284.0498   15.7249
    0.0000   45.0000  -45.0000 8643.4424   15.7385
    7.5000   45.0000  -45.0000 8207.3936   15.7571
   -7.5000  -45.0000  -37.5000 7624.6763   16.3306
    0.0000  -45.0000  -37.5000 7918.7939   16.3399
    7.5000  -45.0000  -37.5000 7538.6743   16.3632
   -7.5000  -37.5000  -37.5000 8240.5947   16.3140
    0.0000  -37.5000  -37.5000 8559.2051   16.3236
    7.5000  -37.5000  -37.5000 8133.9385   16.3499
   -7.5000  -30.0000  -37.5000 9167.7969   16.3175
    0.0000  -30.0000  -37.5000 9509.8584   16.3288
    7.5000  -30.0000  -37.5000 9036.5928   16.3593
   -7.5000  -22.5000  -37.500010026.4414   16.3286
    0.0000  -22.5000  -37.500010402.3682   16.3410
    7.5000  -22.5000  -37.5000 9878.2168   16.3717
   -7.5000  -15.0000  -37.500010764.1475   16.3333
    0.0000  -15.0000  -37.500011181.3584   16.3459
    7.5000  -15.0000  -37.500010624.4082   16.3734
   -7.5000   -7.5000  -37.500011476.2275   16.3239
    0.0000   -7.5000  -37.500011925.4668   16.3349
    7.5000   -7.5000  -37.500011323.9648   16.3595
   -7.5000    0.0000  -37.500012094.3857   16.3142
    0.0000    0.0000  -37.500012581.5742   16.3233
    7.5000    0.0000  -37.500011944.3574   16.3465
   -7.5000    7.5000  -37.500011872.9365   16.3124
    0.0000    7.5000  -37.500012357.4873   16.3220
    7.5000    7.5000  -37.500011734.8525   16.3482
   -7.5000   15.0000  -37.500011543.5879   16.3175
    0.0000   15.0000  -37.500012011.9375   16.3288
    7.5000   15.0000  -37.500011393.7773   16.3593
   -7.5000   22.5000  -37.500010951.8652   16.3264
    0.0000   22.5000  -37.500011408.7656   16.3388
    7.5000   22.5000  -37.500010824.2314   16.3694
   -7.5000   30.0000  -37.500010193.4346   16.1157
    0.0000   30.0000  -37.500010624.1055   16.1280
    7.5000   30.0000  -37.500010065.1201   16.1552
   -7.5000   37.5000  -37.5000 9654.3789   16.1064
    0.0000   37.5000  -37.500010071.5234   16.1172
    7.5000   37.5000  -37.5000 9537.9707   16.1415
   -7.5000   45.0000  -37.5000 8806.2197   15.6880
    0.0000   45.0000  -37.5000 9193.6025   15.6968
    7.5000   45.0000  -37.5000 8699.2354   15.7192
   -7.5000  -45.0000  -30.0000 8318.0342   17.0005
    0.0000  -45.0000  -30.0000 8647.0547   17.0058
    7.5000  -45.0000  -30.0000 8242.8496   17.0284
   -7.5000  -37.5000  -30.0000 8976.1680   16.9836
    0.0000  -37.5000  -30.0000 9344.5605   16.9883
    7.5000  -37.5000  -30.0000 8873.7578   17.0124
   -7.5000  -30.0000  -30.0000 9974.9297   16.9874
    0.0000  -30.0000  -30.000010379.3584   16.9922
    7.5000  -30.0000  -30.0000 9856.2480   17.0175
   -7.5000  -22.5000  -30.000010900.7021   16.9991
    0.0000  -22.5000  -30.000011334.4170   17.0047
    7.5000  -22.5000  -30.000010760.0410   17.0285
   -7.5000  -15.0000  -30.000011702.5459   17.0038
    0.0000  -15.0000  -30.000012164.3691   17.0105
    7.5000  -15.0000  -30.000011544.0469   17.0324
   -7.5000   -7.5000  -30.000012481.6094   16.9936
    0.0000   -7.5000  -30.000012966.9111   16.9999
    7.5000   -7.5000  -30.000012312.3164   17.0217
   -7.5000    0.0000  -30.000013158.1816   16.9834
    0.0000    0.0000  -30.000013688.0400   16.9885
    7.5000    0.0000  -30.000012987.9580   17.0110
   -7.5000    7.5000  -30.000012891.2236   16.9819
    0.0000    7.5000  -30.000013388.0811   16.9866
    7.5000    7.5000  -30.000012736.2305   17.0107
   -7.5000   15.0000  -30.000012479.4316   16.9874
    0.0000   15.0000  -30.000012967.5059   16.9922
    7.5000   15.0000  -30.000012320.5234   17.0175
   -7.5000   22.5000  -30.000011833.3193   16.9950
    0.0000   22.5000  -30.000012318.0088   17.0006
    7.5000   22.5000  -30.000011689.5605   17.0244
   -7.5000   30.0000  -30.000011016.7070   16.7788
    0.0000   30.0000  -30.000011473.7393   16.7854
    7.5000   30.0000  -30.000010854.1670   16.8070
   -7.5000   37.5000  -30.000010433.3369   16.7688
    0.0000   37.5000  -30.000010859.0059   16.7749
    7.5000   37.5000  -30.000010280.8516   16.7965
   -7.5000   45.0000  -30.0000 9480.4180   16.3435
    0.0000   45.0000  -30.0000 9889.1367   16.3485
    7.5000   45.0000  -30.0000 9370.8096   16.3702
   -7.5000  -45.0000  -22.5000 9015.9951   17.5630
    0.0000  -45.0000  -22.5000 9377.2393   17.5710
    7.5000  -45.0000  -22.5000 8940.9941   17.5864
   -7.5000  -37.5000  -22.5000 9724.1963   17.5498
    0.0000  -37.5000  -22.500010128.0557   17.5562
    7.5000  -37.5000  -22.5000 9635.2207   17.5730
   -7.5000  -30.0000  -22.500010789.7666   17.5544
    0.0000  -30.0000  -22.500011236.7363   17.5612
    7.5000  -30.0000  -22.500010697.1387   17.5781
   -7.5000  -22.5000  -22.500011776.8203   17.5615
    0.0000  -22.5000  -22.500012262.7500   17.5713
    7.5000  -22.5000  -22.500011668.9199   17.5857
   -7.5000  -15.0000  -22.500012638.8281   17.5608
    0.0000  -15.0000  -22.500013162.1592   17.5726
    7.5000  -15.0000  -22.500012531.3730   17.5851
   -7.5000   -7.5000  -22.500013496.6035   17.5506
    0.0000   -7.5000  -22.500014035.7266   17.5611
    7.5000   -7.5000  -22.500013352.9814   17.5748
   -7.5000    0.0000  -22.500014218.4072   17.5452
    0.0000    0.0000  -22.500014816.5127   17.5531
    7.5000    0.0000  -22.500014057.6807   17.5684
   -7.5000    7.5000  -22.500013922.9248   17.5481
    0.0000    7.5000  -22.500014485.0117   17.5545
    7.5000    7.5000  -22.500013756.2197   17.5712
   -7.5000   15.0000  -22.500013450.8906   17.5544
    0.0000   15.0000  -22.500013980.1309   17.5612
    7.5000   15.0000  -22.500013275.7783   17.5781
   -7.5000   22.5000  -22.500012706.1309   17.5560
    0.0000   22.5000  -22.500013237.5859   17.5658
    7.5000   22.5000  -22.500012564.6504   17.5803
   -7.5000   30.0000  -22.500011821.7324   17.3311
    0.0000   30.0000  -22.500012306.9141   17.3427
    7.5000   30.0000  -22.500011643.3789   17.3551
   -7.5000   37.5000  -22.500011200.0098   17.3211
    0.0000   37.5000  -22.500011658.7891   17.3314
    7.5000   37.5000  -22.500011029.7559   17.3449
   -7.5000   45.0000  -22.500010171.8311   16.8969
    0.0000   45.0000  -22.500010589.7393   16.9045
    7.5000   45.0000  -22.500010030.4492   16.9193
   -7.5000  -45.0000  -15.0000 9727.0693   17.9739
    0.0000  -45.0000  -15.000010132.3477   17.9879
    7.5000  -45.0000  -15.0000 9640.1445   17.9982
   -7.5000  -37.5000  -15.000010478.9678   17.9650
    0.0000  -37.5000  -15.000010926.9668   17.9770
    7.5000  -37.5000  -15.000010399.2275   17.9892
   -7.5000  -30.0000  -15.000011613.4180   17.9710
    0.0000  -30.0000  -15.000012109.3740   17.9856
    7.5000  -30.0000  -15.000011533.3477   17.9994
   -7.5000  -22.5000  -15.000012677.1719   17.9741
    0.0000  -22.5000  -15.000013229.1250   17.9939
    7.5000  -22.5000  -15.000012594.0830   18.0062
   -7.5000  -15.0000  -15.000013615.3750   17.9673
    0.0000  -15.0000  -15.000014207.7383   17.9896
    7.5000  -15.0000  -15.000013531.0186   17.9997
   -7.5000   -7.5000  -15.000014512.8389   17.9566
    0.0000   -7.5000  -15.000015141.6133   17.9755
    7.5000   -7.5000  -15.000014412.5439   17.9852
   -7.5000    0.0000  -15.000015269.5771   17.9556
    0.0000    0.0000  -15.000015943.9189   17.9695
    7.5000    0.0000  -15.000015135.4844   17.9797
   -7.5000    7.5000  -15.000014937.2578   17.9633
    0.0000    7.5000  -15.000015566.1006   17.9752
    7.5000    7.5000  -15.000014764.7881   17.9874
   -7.5000   15.0000  -15.000014403.8545   17.9710
    0.0000   15.0000  -15.000014992.4248   17.9856
    7.5000   15.0000  -15.000014191.2969   17.9994
   -7.5000   22.5000  -15.000013591.6084   17.9677
    0.0000   22.5000  -15.000014161.0293   17.9876
    7.5000   22.5000  -15.000013395.9326   17.9999
   -7.5000   30.0000  -15.000012631.6670   17.7348
    0.0000   30.0000  -15.000013138.5322   17.7568
    7.5000   30.0000  -15.000012414.8760   17.7667
   -7.5000   37.5000  -15.000011965.0762   17.7242
    0.0000   37.5000  -15.000012458.0000   17.7429
    7.5000   37.5000  -15.000011789.6729   17.7524
   -7.5000   45.0000  -15.000010856.2158   17.3026
    0.0000   45.0000  -15.000011312.1777   17.3159
    7.5000   45.0000  -15.000010696.8936   17.3258
   -7.5000  -45.0000   -7.500010493.5928   18.1968
    0.0000  -45.0000   -7.500010923.6494   18.2134
    7.5000  -45.0000   -7.500010391.7441   18.2278
   -7.5000  -37.5000   -7.500011269.4580   18.1875
    0.0000  -37.5000   -7.500011762.9912   18.2033
    7.5000  -37.5000   -7.500011204.4297   18.2208
   -7.5000  -30.0000   -7.500012495.9795   18.1945
    0.0000  -30.0000   -7.500013051.9092   18.2147
    7.5000  -30.0000   -7.500012440.8623   18.2370
   -7.5000  -22.5000   -7.500013639.2314   18.1988
    0.0000  -22.5000   -7.500014254.2168   18.2244
    7.5000  -22.5000   -7.500013574.6621   18.2469
   -7.5000  -15.0000   -7.500014646.1797   18.1925
    0.0000  -15.0000   -7.500015295.9873   18.2194
    7.5000  -15.0000   -7.500014579.0762   18.2387
   -7.5000   -7.5000   -7.500015547.5127   18.1808
    0.0000   -7.5000   -7.500016275.9053   18.2031
    7.5000   -7.5000   -7.500015488.8525   18.2190
   -7.5000    0.0000   -7.500016303.3896   18.1783
    0.0000    0.0000   -7.500017059.4316   18.1948
    7.5000    0.0000   -7.500016228.0762   18.2092
   -7.5000    7.5000   -7.500015946.5859   18.1857
    0.0000    7.5000   -7.500016648.7832   18.2015
    7.5000    7.5000   -7.500015812.0244   18.2190
   -7.5000   15.0000   -7.500015346.4951   18.1945
    0.0000   15.0000   -7.500016002.2588   18.2147
    7.5000   15.0000   -7.500015156.1230   18.2370
   -7.5000   22.5000   -7.500014484.7236   18.1904
    0.0000   22.5000   -7.500015074.6387   18.2160
    7.5000   22.5000   -7.500014255.9648   18.2385
   -7.5000   30.0000   -7.500013467.1592   17.9566
    0.0000   30.0000   -7.500013979.3555   17.9831
    7.5000   30.0000   -7.500013199.0723   18.0022
   -7.5000   37.5000   -7.500012731.0107   17.9451
    0.0000   37.5000   -7.500013270.1826   17.9671
    7.5000   37.5000   -7.500012540.3730   17.9827
   -7.5000   45.0000   -7.500011548.6211   17.5204
    0.0000   45.0000   -7.500012048.9717   17.5364
    7.5000   45.0000   -7.500011387.0010   17.5502
   -7.5000  -45.0000    0.000011172.0615   18.2594
    0.0000  -45.0000    0.000011661.5137   18.2749
    7.5000  -45.0000    0.000011092.2686   18.2968
   -7.5000  -37.5000    0.000011992.6729   18.2451
    0.0000  -37.5000    0.000012545.0488   18.2611
    7.5000  -37.5000    0.000011964.6289   18.2872
   -7.5000  -30.0000    0.000013270.6230   18.2506
    0.0000  -30.0000    0.000013899.6680   18.2706
    7.5000  -30.0000    0.000013289.1006   18.3035
   -7.5000  -22.5000    0.000014466.1543   18.2593
    0.0000  -22.5000    0.000015180.7480   18.2826
    7.5000  -22.5000    0.000014497.0137   18.3164
   -7.5000  -15.0000    0.000015551.2891   18.2591
    0.0000  -15.0000    0.000016280.9883   18.2826
    7.5000  -15.0000    0.000015559.2295   18.3121
   -7.5000   -7.5000    0.000016491.2891   18.2481
    0.0000   -7.5000    0.000017287.9004   18.2677
    7.5000   -7.5000    0.000016485.0176   18.2920
   -7.5000    0.0000    0.000017253.1191   18.2409
    0.0000    0.0000    0.000018045.1543   18.2564
    7.5000    0.0000    0.000017253.3691   18.2781
   -7.5000    7.5000    0.000016821.1758   18.2433
    0.0000    7.5000    0.000017590.4355   18.2593
    7.5000    7.5000    0.000016803.7441   18.2854
   -7.5000   15.0000    0.000016135.7285   18.2506
    0.0000   15.0000    0.000016866.3477   18.2706
    7.5000   15.0000    0.000016041.9893   18.3035
   -7.5000   22.5000    0.000015198.6729   18.2509
    0.0000   22.5000    0.000015845.9629   18.2742
    7.5000   22.5000    0.000015021.2471   18.3080
   -7.5000   30.0000    0.000014133.0156   18.0228
    0.0000   30.0000    0.000014682.1621   18.0460
    7.5000   30.0000    0.000013891.9648   18.0751
   -7.5000   37.5000    0.000013393.1670   18.0120
    0.0000   37.5000    0.000013954.3301   18.0313
    7.5000   37.5000    0.000013213.0742   18.0552
   -7.5000   45.0000    0.000012155.7207   17.5822
    0.0000   45.0000    0.000012694.1650   17.5970
    7.5000   45.0000    0.000012013.4941   17.6180
   -7.5000  -45.0000    7.500010968.8652   18.2705
    0.0000  -45.0000    7.500011461.4111   18.2808
    7.5000  -45.0000    7.500010924.7373   18.3069
   -7.5000  -37.5000    7.500011776.2490   18.2519
    0.0000  -37.5000    7.500012327.6885   18.2626
    7.5000  -37.5000    7.500011776.8330   18.2920
   -7.5000  -30.0000    7.500012995.0938   18.2559
    0.0000  -30.0000    7.500013636.4648   18.2684
    7.5000  -30.0000    7.500013059.6338   18.3027
   -7.5000  -22.5000    7.500014141.0635   18.2684
    0.0000  -22.5000    7.500014839.2598   18.2822
    7.5000  -22.5000    7.500014232.7500   18.3165
   -7.5000  -15.0000    7.500015215.8643   18.2736
    0.0000  -15.0000    7.500015929.6689   18.2876
    7.5000  -15.0000    7.500015270.8477   18.3185
   -7.5000   -7.5000    7.500016175.5107   18.2631
    0.0000   -7.5000    7.500016953.6855   18.2753
    7.5000   -7.5000    7.500016211.5586   18.3028
   -7.5000    0.0000    7.500016867.1348   18.2521
    0.0000    0.0000    7.500017543.1387   18.2623
    7.5000    0.0000    7.500016908.9492   18.2883
   -7.5000    7.5000    7.500016417.6973   18.2501
    0.0000    7.5000    7.500017088.5117   18.2608
    7.5000    7.5000    7.500016435.3262   18.2902
   -7.5000   15.0000    7.500015682.8652   18.2559
    0.0000   15.0000    7.500016360.7637   18.2684
    7.5000   15.0000    7.500015658.3066   18.3027
   -7.5000   22.5000    7.500014749.3584   18.2600
    0.0000   22.5000    7.500015357.3271   18.2738
    7.5000   22.5000    7.500014638.6318   18.3081
   -7.5000   30.0000    7.500013690.8457   18.0371
    0.0000   30.0000    7.500014207.1641   18.0509
    7.5000   30.0000    7.500013523.6309   18.0814
   -7.5000   37.5000    7.500012989.4980   18.0267
    0.0000   37.5000    7.500013514.1270   18.0388
    7.5000   37.5000    7.500012858.7510   18.0659
   -7.5000   45.0000    7.500011824.5859   17.5929
    0.0000   45.0000    7.500012342.0654   17.6027
    7.5000   45.0000    7.500011707.7227   17.6278
   -7.5000  -45.0000   15.000010690.5312   18.2558
    0.0000  -45.0000   15.000011133.0557   18.2614
    7.5000  -45.0000   15.000010625.6855   18.2857
   -7.5000  -37.5000   15.000011431.2031   18.2375
    0.0000  -37.5000   15.000011925.4502   18.2426
    7.5000  -37.5000   15.000011419.6572   18.2685
   -7.5000  -30.0000   15.000012565.2900   18.2417
    0.0000  -30.0000   15.000013131.0820   18.2468
    7.5000  -30.0000   15.000012639.4648   18.2740
   -7.5000  -22.5000   15.000013634.7852   18.2542
    0.0000  -22.5000   15.000014231.2246   18.2602
    7.5000  -22.5000   15.000013747.8174   18.2858
   -7.5000  -15.0000   15.000014647.9980   18.2592
    0.0000  -15.0000   15.000015276.8369   18.2665
    7.5000  -15.0000   15.000014754.4863   18.2900
   -7.5000   -7.5000   15.000015600.3945   18.2484
    0.0000   -7.5000   15.000016257.7969   18.2550
    7.5000   -7.5000   15.000015627.5527   18.2785
   -7.5000    0.0000   15.000016318.3740   18.2374
    0.0000    0.0000   15.000016885.9102   18.2429
    7.5000    0.0000   15.000016329.8926   18.2671
   -7.5000    7.5000   15.000015909.5615   18.2357
    0.0000    7.5000   15.000016472.4043   18.2408
    7.5000    7.5000   15.000015901.4824   18.2666
   -7.5000   15.0000   15.000015192.5908   18.2417
    0.0000   15.0000   15.000015765.0332   18.2468
    7.5000   15.0000   15.000015144.9043   18.2740
   -7.5000   22.5000   15.000014263.3506   18.2458
    0.0000   22.5000   15.000014771.3721   18.2518
    7.5000   22.5000   15.000014161.6152   18.2774
   -7.5000   30.0000   15.000013226.0400   18.0229
    0.0000   30.0000   15.000013624.4980   18.0301
    7.5000   30.0000   15.000013048.4482   18.0533
   -7.5000   37.5000   15.000012569.7178   18.0122
    0.0000   37.5000   15.000012953.5352   18.0188
    7.5000   37.5000   15.000012394.3281   18.0420
   -7.5000   45.0000   15.000011440.6553   17.5787
    0.0000   45.0000   15.000011840.8672   17.5840
    7.5000   45.0000   15.000011288.7588   17.6073
   -7.5000  -45.0000   22.500010245.5752   18.2318
    0.0000  -45.0000   22.500010658.1875   18.2401
    7.5000  -45.0000   22.500010174.1729   18.2561
   -7.5000  -37.5000   22.500010940.4307   18.2181
    0.0000  -37.5000   22.500011411.9131   18.2248
    7.5000  -37.5000   22.500010937.9141   18.2422
   -7.5000  -30.0000   22.500012025.6582   18.2228
    0.0000  -30.0000   22.500012548.9443   18.2299
    7.5000  -30.0000   22.500012087.0957   18.2475
   -7.5000  -22.5000   22.500013052.0820   18.2302
    0.0000  -22.5000   22.500013612.3428   18.2404
    7.5000  -22.5000   22.500013162.8711   18.2554
   -7.5000  -15.0000   22.500013992.4609   18.2295
    0.0000  -15.0000   22.500014580.2471   18.2417
    7.5000  -15.0000   22.500014118.5967   18.2548
   -7.5000   -7.5000   22.500014958.1729   18.2190
    0.0000   -7.5000   22.500015519.3203   18.2298
    7.5000   -7.5000   22.500014970.6328   18.2440
   -7.5000    0.0000   22.500015828.8926   18.2133
    0.0000    0.0000   22.500016275.7061   18.2215
    7.5000    0.0000   22.500015690.9414   18.2374
   -7.5000    7.5000   22.500015496.3047   18.2163
    0.0000    7.5000   22.500015954.7949   18.2230
    7.5000    7.5000   22.500015351.0215   18.2403
   -7.5000   15.0000   22.500014723.2764   18.2228
    0.0000   15.0000   22.500015209.0918   18.2299
    7.5000   15.0000   22.500014591.3760   18.2475
   -7.5000   22.5000   22.500013724.7061   18.2218
    0.0000   22.5000   22.500014184.7344   18.2320
    7.5000   22.5000   22.500013590.2764   18.2470
   -7.5000   30.0000   22.500012643.3115   17.9936
    0.0000   30.0000   22.500013045.5879   18.0057
    7.5000   30.0000   22.500012492.2295   18.0185
   -7.5000   37.5000   22.500012015.2627   17.9832
    0.0000   37.5000   22.500012382.9590   17.9939
    7.5000   37.5000   22.500011852.3350   18.0079
   -7.5000   45.0000   22.500010907.2275   17.5555
    0.0000   45.0000   22.500011270.1963   17.5634
    7.5000   45.0000   22.500010782.9385   17.5788
   -7.5000  -45.0000   30.0000 9682.1016   18.2208
    0.0000  -45.0000   30.000010065.9805   18.2349
    7.5000  -45.0000   30.0000 9608.2197   18.2454
   -7.5000  -37.5000   30.000010363.6289   18.2118
    0.0000  -37.5000   30.000010789.3799   18.2239
    7.5000  -37.5000   30.000010319.7559   18.2363
   -7.5000  -30.0000   30.000011415.1865   18.2178
    0.0000  -30.0000   30.000011893.9648   18.2326
    7.5000  -30.0000   30.000011399.7861   18.2466
   -7.5000  -22.5000   30.000012434.7646   18.2210
    0.0000  -22.5000   30.000012950.8809   18.2411
    7.5000  -22.5000   30.000012428.5352   18.2536
   -7.5000  -15.0000   30.000013355.3223   18.2141
    0.0000  -15.0000   30.000013886.1992   18.2367
    7.5000  -15.0000   30.000013340.4141   18.2469
   -7.5000   -7.5000   30.000014204.7607   18.2033
    0.0000   -7.5000   30.000014711.7793   18.2224
    7.5000   -7.5000   30.000014157.2754   18.2322
   -7.5000    0.0000   30.000014955.2520   18.2022
    0.0000    0.0000   30.000015478.1367   18.2163
    7.5000    0.0000   30.000014876.7314   18.2267
   -7.5000    7.5000   30.000014709.2451   18.2100
    0.0000    7.5000   30.000015229.7246   18.2221
    7.5000    7.5000   30.000014567.9873   18.2344
   -7.5000   15.0000   30.000014022.0303   18.2178
    0.0000   15.0000   30.000014525.1338   18.2326
    7.5000   15.0000   30.000013858.9336   18.2466
   -7.5000   22.5000   30.000013063.6748   18.2126
    0.0000   22.5000   30.000013519.7578   18.2327
    7.5000   22.5000   30.000012886.1133   18.2452
   -7.5000   30.0000   30.000011997.2568   17.9784
    0.0000   30.0000   30.000012385.3604   18.0007
    7.5000   30.0000   30.000011818.4639   18.0108
   -7.5000   37.5000   30.000011379.7324   17.9677
    0.0000   37.5000   30.000011734.3311   17.9866
    7.5000   37.5000   30.000011194.3008   17.9963
   -7.5000   45.0000   30.000010295.8447   17.5449
    0.0000   45.0000   30.000010626.6055   17.5584
    7.5000   45.0000   30.000010148.2207   17.5684
   -7.5000  -45.0000   37.5000 9430.4395   18.2398
    0.0000  -45.0000   37.5000 9822.3047   18.2564
    7.5000  -45.0000   37.5000 9332.8350   18.2710
   -7.5000  -37.5000   37.500010111.1738   18.2305
    0.0000  -37.5000   37.500010550.1152   18.2464
    7.5000  -37.5000   37.500010031.8652   18.2639
   -7.5000  -30.0000   37.500011153.4111   18.2376
    0.0000  -30.0000   37.500011647.1494   18.2578
    7.5000  -30.0000   37.500011092.4463   18.2802
   -7.5000  -22.5000   37.500012159.7305   18.2419
    0.0000  -22.5000   37.500012673.7637   18.2676
    7.5000  -22.5000   37.500012087.2578   18.2902
   -7.5000  -15.0000   37.500013027.0029   18.2357
    0.0000  -15.0000   37.500013540.4502   18.2626
    7.5000  -15.0000   37.500012940.3682   18.2819
   -7.5000   -7.5000   37.500013786.8799   18.2239
    0.0000   -7.5000   37.500014279.2510   18.2462
    7.5000   -7.5000   37.500013691.8281   18.2621
   -7.5000    0.0000   37.500014484.4414   18.2213
    0.0000    0.0000   37.500015010.8799   18.2378
    7.5000    0.0000   37.500014397.2021   18.2522
   -7.5000    7.5000   37.500014223.5303   18.2288
    0.0000    7.5000   37.500014754.8184   18.2446
    7.5000    7.5000   37.500014134.1152   18.2621
   -7.5000   15.0000   37.500013572.4463   18.2376
    0.0000   15.0000   37.500014097.8828   18.2578
    7.5000   15.0000   37.500013470.8438   18.2802
   -7.5000   22.5000   37.500012683.3945   18.2335
    0.0000   22.5000   37.500013163.4922   18.2592
    7.5000   22.5000   37.500012545.3965   18.2818
   -7.5000   30.0000   37.500011661.6631   17.9996
    0.0000   30.0000   37.500012089.3916   18.0262
    7.5000   30.0000   37.500011509.4775   18.0453
   -7.5000   37.5000   37.500011059.1699   17.9880
    0.0000   37.5000   37.500011449.8164   18.0101
    7.5000   37.5000   37.500010887.7119   18.0258
   -7.5000   45.0000   37.5000 9990.3789   17.5632
    0.0000   45.0000   37.500010334.3721   17.5792
    7.5000   45.0000   37.5000 9838.0977   17.5931
   -7.5000  -45.0000   45.0000 8683.7930   18.2000
    0.0000  -45.0000   45.0000 9079.0674   18.2151
    7.5000  -45.0000   45.0000 8615.6309   18.2368
   -7.5000  -37.5000   45.0000 9313.8223   18.1855
    0.0000  -37.5000   45.0000 9740.8730   18.2009
    7.5000  -37.5000   45.0000 9261.3750   18.2270
   -7.5000  -30.0000   45.000010272.8008   18.1910
    0.0000  -30.0000   45.000010743.3975   18.2105
    7.5000  -30.0000   45.000010221.6035   18.2433
   -7.5000  -22.5000   45.000011177.8867   18.2000
    0.0000  -22.5000   45.000011677.1787   18.2229
    7.5000  -22.5000   45.000011121.3105   18.2567
   -7.5000  -15.0000   45.000011955.5186   18.2002
    0.0000  -15.0000   45.000012457.1465   18.2232
    7.5000  -15.0000   45.000011888.6455   18.2527
   -7.5000   -7.5000   45.000012621.2920   18.1891
    0.0000   -7.5000   45.000013131.5195   18.2083
    7.5000   -7.5000   45.000012589.7051   18.2324
   -7.5000    0.0000   45.000013246.7637   18.1816
    0.0000    0.0000   45.000013778.6729   18.1965
    7.5000    0.0000   45.000013241.2441   18.2181
   -7.5000    7.5000   45.000013004.5205   18.1837
    0.0000    7.5000   45.000013506.6289   18.1991
    7.5000    7.5000   45.000012984.1270   18.2251
   -7.5000   15.0000   45.000012449.4893   18.1910
    0.0000   15.0000   45.000012943.1689   18.2105
    7.5000   15.0000   45.000012395.1309   18.2433
   -7.5000   22.5000   45.000011654.7520   18.1916
    0.0000   22.5000   45.000012117.9424   18.2144
    7.5000   22.5000   45.000011564.5781   18.2482
   -7.5000   30.0000   45.000010720.7393   17.9631
    0.0000   30.0000   45.000011146.4980   17.9858
    7.5000   30.0000   45.000010623.5498   18.0149
   -7.5000   37.5000   45.000010190.2539   17.9521
    0.0000   37.5000   45.000010571.3242   17.9711
    7.5000   37.5000   45.000010075.4521   17.9949
   -7.5000   45.0000   45.0000 9217.6055   17.5329
    0.0000   45.0000   45.0000 9550.1094   17.5473
    7.5000   45.0000   45.0000 9102.1123   17.5681

---------------------------------------------------------------------
imgreg_4dfp /opt/freesurfer/average/711-2C_as_mni_average_305 /opt/freesurfer/average/711-2B_as_mni_average_305_mask talsrcimg_g11 none talsrcimg_to_711-2C_as_mni_average_305_t4 4355
---------------------------------------------------------------------

freesurfer imgreg_4dfp.c
/opt/freesurfer/average/711-2C_as_mni_average_305.4dfp.img
       256       256       256         1
  1.000000  1.000000  1.000000
orientation T byte_order littleendian
Reading image: /opt/freesurfer/average/711-2C_as_mni_average_305.4dfp.img
dimensions:      256       256       256
mmppix:       1.0000   -1.0000   -1.0000
center:     128.0000 -129.0000 -129.0000
/opt/freesurfer/average/711-2B_as_mni_average_305_mask.4dfp.img
       256       256       256         1
  1.000000  1.000000  1.000000
orientation T byte_order littleendian
Reading mask: /opt/freesurfer/average/711-2B_as_mni_average_305_mask.4dfp.img (2306576 pixels)
talsrcimg_g11.4dfp.img
       256       256       256         1
  1.000000  1.000000  1.000000
orientation T byte_order littleendian
Reading image: talsrcimg_g11.4dfp.img
dimensions:      256       256       256
mmppix:       1.0000   -1.0000   -1.0000
center:     128.0000 -129.0000 -129.0000
rotation matrix determinant  1.000000
image alignment mode   4355 decimal     1103 hex
   -7.5000  -45.0000  -45.0000 1984.7498   22.3654
    0.0000  -45.0000  -45.0000 1987.1606   22.2164
    7.5000  -45.0000  -45.0000 1966.0245   22.5119
   -7.5000  -37.5000  -45.0000 2070.1814   20.5569
    0.0000  -37.5000  -45.0000 2072.9995   20.4572
    7.5000  -37.5000  -45.0000 2049.4958   20.6370
   -7.5000  -30.0000  -45.0000 2137.0042   19.2622
    0.0000  -30.0000  -45.0000 2133.8406   19.2240
    7.5000  -30.0000  -45.0000 2113.5786   19.4427
   -7.5000  -22.5000  -45.0000 2179.6672   18.3145
    0.0000  -22.5000  -45.0000 2173.8762   18.2918
    7.5000  -22.5000  -45.0000 2156.2053   18.5058
   -7.5000  -15.0000  -45.0000 2202.6421   17.7821
    0.0000  -15.0000  -45.0000 2196.9695   17.7091
    7.5000  -15.0000  -45.0000 2179.6501   17.9297
   -7.5000   -7.5000  -45.0000 2206.8604   17.4677
    0.0000   -7.5000  -45.0000 2201.3521   17.4382
    7.5000   -7.5000  -45.0000 2183.5200   17.6926
   -7.5000    0.0000  -45.0000 2201.5820   17.4592
    0.0000    0.0000  -45.0000 2196.1482   17.4691
    7.5000    0.0000  -45.0000 2177.3958   17.8120
   -7.5000    7.5000  -45.0000 2187.9680   17.7184
    0.0000    7.5000  -45.0000 2189.8640   17.7468
    7.5000    7.5000  -45.0000 2171.4258   18.0470
   -7.5000   15.0000  -45.0000 2162.2717   18.3451
    0.0000   15.0000  -45.0000 2166.5535   18.2805
    7.5000   15.0000  -45.0000 2152.4114   18.6197
   -7.5000   22.5000  -45.0000 2124.9136   19.2022
    0.0000   22.5000  -45.0000 2132.2903   19.1509
    7.5000   22.5000  -45.0000 2115.5317   19.4692
   -7.5000   30.0000  -45.0000 2070.2942   20.3696
    0.0000   30.0000  -45.0000 2075.0459   20.3096
    7.5000   30.0000  -45.0000 2060.8882   20.6487
   -7.5000   37.5000  -45.0000 2000.8763   21.9853
    0.0000   37.5000  -45.0000 2003.6227   21.9217
    7.5000   37.5000  -45.0000 1988.4304   22.3402
   -7.5000   45.0000  -45.0000 1904.7491   24.2836
    0.0000   45.0000  -45.0000 1911.7043   24.1800
    7.5000   45.0000  -45.0000 1899.9006   24.6505
   -7.5000  -45.0000  -37.5000 2077.1096   20.4596
    0.0000  -45.0000  -37.5000 2077.0452   20.3362
    7.5000  -45.0000  -37.5000 2050.4873   20.6023
   -7.5000  -37.5000  -37.5000 2172.5923   18.7466
    0.0000  -37.5000  -37.5000 2171.7178   18.6694
    7.5000  -37.5000  -37.5000 2143.3345   18.8782
   -7.5000  -30.0000  -37.5000 2246.1523   17.5682
    0.0000  -30.0000  -37.5000 2245.3633   17.5119
    7.5000  -30.0000  -37.5000 2215.0369   17.7126
   -7.5000  -22.5000  -37.5000 2290.4236   16.7179
    0.0000  -22.5000  -37.5000 2289.0686   16.6427
    7.5000  -22.5000  -37.5000 2263.9263   16.8314
   -7.5000  -15.0000  -37.5000 2308.7070   16.2238
    0.0000  -15.0000  -37.5000 2309.3325   16.1330
    7.5000  -15.0000  -37.5000 2288.0461   16.3031
   -7.5000   -7.5000  -37.5000 2314.9731   15.9438
    0.0000   -7.5000  -37.5000 2315.2986   15.9005
    7.5000   -7.5000  -37.5000 2296.8643   16.0846
   -7.5000    0.0000  -37.5000 2305.5720   15.8927
    0.0000    0.0000  -37.5000 2305.7600   15.8523
    7.5000    0.0000  -37.5000 2289.5979   16.1060
   -7.5000    7.5000  -37.5000 2291.7043   16.1246
    0.0000    7.5000  -37.5000 2297.6296   16.0339
    7.5000    7.5000  -37.5000 2277.4980   16.2852
   -7.5000   15.0000  -37.5000 2270.1123   16.6140
    0.0000   15.0000  -37.5000 2274.0168   16.5221
    7.5000   15.0000  -37.5000 2254.8552   16.7914
   -7.5000   22.5000  -37.5000 2231.6262   17.4197
    0.0000   22.5000  -37.5000 2234.9912   17.3208
    7.5000   22.5000  -37.5000 2219.6899   17.6021
   -7.5000   30.0000  -37.5000 2171.4824   18.5742
    0.0000   30.0000  -37.5000 2179.5854   18.4534
    7.5000   30.0000  -37.5000 2167.8022   18.7298
   -7.5000   37.5000  -37.5000 2097.8171   20.1275
    0.0000   37.5000  -37.5000 2106.2817   19.9915
    7.5000   37.5000  -37.5000 2090.4004   20.3037
   -7.5000   45.0000  -37.5000 1997.0024   22.1904
    0.0000   45.0000  -37.5000 2007.3960   22.0386
    7.5000   45.0000  -37.5000 1990.7415   22.3730
   -7.5000  -45.0000  -30.0000 2205.3269   19.4247
    0.0000  -45.0000  -30.0000 2207.6345   19.3228
    7.5000  -45.0000  -30.0000 2185.2808   19.5591
   -7.5000  -37.5000  -30.0000 2308.7566   17.7929
    0.0000  -37.5000  -30.0000 2310.6174   17.6975
    7.5000  -37.5000  -30.0000 2278.8691   17.9266
   -7.5000  -30.0000  -30.0000 2388.6716   16.6088
    0.0000  -30.0000  -30.0000 2390.8337   16.5326
    7.5000  -30.0000  -30.0000 2355.5129   16.7296
   -7.5000  -22.5000  -30.0000 2437.6108   15.7489
    0.0000  -22.5000  -30.0000 2436.8955   15.6696
    7.5000  -22.5000  -30.0000 2407.0745   15.8480
   -7.5000  -15.0000  -30.0000 2460.9800   15.2575
    0.0000  -15.0000  -30.0000 2462.3755   15.1504
    7.5000  -15.0000  -30.0000 2434.4053   15.3194
   -7.5000   -7.5000  -30.0000 2469.3271   15.0130
    0.0000   -7.5000  -30.0000 2470.3062   14.9060
    7.5000   -7.5000  -30.0000 2446.7026   15.0773
   -7.5000    0.0000  -30.0000 2465.1738   14.9671
    0.0000    0.0000  -30.0000 2465.3193   14.8885
    7.5000    0.0000  -30.0000 2446.7266   15.0631
   -7.5000    7.5000  -30.0000 2451.6287   15.1958
    0.0000    7.5000  -30.0000 2455.2251   15.0609
    7.5000    7.5000  -30.0000 2441.2036   15.2626
   -7.5000   15.0000  -30.0000 2424.3894   15.6497
    0.0000   15.0000  -30.0000 2431.8018   15.5143
    7.5000   15.0000  -30.0000 2419.1147   15.7422
   -7.5000   22.5000  -30.0000 2384.9014   16.4484
    0.0000   22.5000  -30.0000 2394.3911   16.2897
    7.5000   22.5000  -30.0000 2378.8762   16.5016
   -7.5000   30.0000  -30.0000 2320.9473   17.5533
    0.0000   30.0000  -30.0000 2331.6245   17.3941
    7.5000   30.0000  -30.0000 2314.9241   17.5941
   -7.5000   37.5000  -30.0000 2236.5952   19.0317
    0.0000   37.5000  -30.0000 2244.8066   18.9089
    7.5000   37.5000  -30.0000 2227.2166   19.1451
   -7.5000   45.0000  -30.0000 2128.5369   21.0056
    0.0000   45.0000  -30.0000 2137.8337   20.8608
    7.5000   45.0000  -30.0000 2121.8872   21.1028
   -7.5000  -45.0000  -22.5000 2305.3259   18.3664
    0.0000  -45.0000  -22.5000 2307.9609   18.2764
    7.5000  -45.0000  -22.5000 2284.7698   18.5536
   -7.5000  -37.5000  -22.5000 2416.8018   16.8251
    0.0000  -37.5000  -22.5000 2416.4006   16.7130
    7.5000  -37.5000  -22.5000 2388.0928   16.9667
   -7.5000  -30.0000  -22.5000 2501.3794   15.6054
    0.0000  -30.0000  -22.5000 2502.5784   15.5475
    7.5000  -30.0000  -22.5000 2471.9761   15.7334
   -7.5000  -22.5000  -22.5000 2555.0095   14.7448
    0.0000  -22.5000  -22.5000 2557.6865   14.6731
    7.5000  -22.5000  -22.5000 2526.7925   14.8345
   -7.5000  -15.0000  -22.5000 2584.8950   14.2202
    0.0000  -15.0000  -22.5000 2586.4277   14.1258
    7.5000  -15.0000  -22.5000 2562.2544   14.2654
   -7.5000   -7.5000  -22.5000 2604.6938   13.9650
    0.0000   -7.5000  -22.5000 2605.3557   13.8619
    7.5000   -7.5000  -22.5000 2580.2861   14.0347
   -7.5000    0.0000  -22.5000 2606.1228   13.9130
    0.0000    0.0000  -22.5000 2609.7773   13.8281
    7.5000    0.0000  -22.5000 2585.4863   13.9923
   -7.5000    7.5000  -22.5000 2596.8003   14.1742
    0.0000    7.5000  -22.5000 2603.6975   14.0221
    7.5000    7.5000  -22.5000 2584.1909   14.2134
   -7.5000   15.0000  -22.5000 2568.1890   14.6555
    0.0000   15.0000  -22.5000 2578.6716   14.4983
    7.5000   15.0000  -22.5000 2559.7019   14.6694
   -7.5000   22.5000  -22.5000 2521.7732   15.4075
    0.0000   22.5000  -22.5000 2535.8572   15.2308
    7.5000   22.5000  -22.5000 2515.5225   15.4130
   -7.5000   30.0000  -22.5000 2449.8542   16.4763
    0.0000   30.0000  -22.5000 2462.6274   16.3020
    7.5000   30.0000  -22.5000 2445.3726   16.4782
   -7.5000   37.5000  -22.5000 2357.5647   17.8953
    0.0000   37.5000  -22.5000 2369.0161   17.7328
    7.5000   37.5000  -22.5000 2349.6555   17.9275
   -7.5000   45.0000  -22.5000 2237.9258   19.7650
    0.0000   45.0000  -22.5000 2249.5481   19.5953
    7.5000   45.0000  -22.5000 2233.4836   19.7834
   -7.5000  -45.0000  -15.0000 2374.8508   17.3808
    0.0000  -45.0000  -15.0000 2377.9067   17.3278
    7.5000  -45.0000  -15.0000 2349.6580   17.6187
   -7.5000  -37.5000  -15.0000 2489.5454   15.8735
    0.0000  -37.5000  -15.0000 2492.2712   15.8054
    7.5000  -37.5000  -15.0000 2460.3923   16.0725
   -7.5000  -30.0000  -15.0000 2580.8320   14.6790
    0.0000  -30.0000  -15.0000 2582.3923   14.6337
    7.5000  -30.0000  -15.0000 2552.3960   14.8467
   -7.5000  -22.5000  -15.0000 2643.7554   13.8480
    0.0000  -22.5000  -15.0000 2649.1892   13.7682
    7.5000  -22.5000  -15.0000 2618.1956   13.9379
   -7.5000  -15.0000  -15.0000 2683.9524   13.2592
    0.0000  -15.0000  -15.0000 2688.2488   13.1994
    7.5000  -15.0000  -15.0000 2662.7690   13.3499
   -7.5000   -7.5000  -15.0000 2712.8169   12.9573
    0.0000   -7.5000  -15.0000 2713.8010   12.8911
    7.5000   -7.5000  -15.0000 2686.6438   13.0722
   -7.5000    0.0000  -15.0000 2724.9761   12.9043
    0.0000    0.0000  -15.0000 2725.9495   12.8216
    7.5000    0.0000  -15.0000 2697.1665   13.0028
   -7.5000    7.5000  -15.0000 2718.4949   13.1624
    0.0000    7.5000  -15.0000 2720.5310   13.0321
    7.5000    7.5000  -15.0000 2697.5530   13.2257
   -7.5000   15.0000  -15.0000 2689.5706   13.6866
    0.0000   15.0000  -15.0000 2697.3896   13.5197
    7.5000   15.0000  -15.0000 2673.0266   13.6978
   -7.5000   22.5000  -15.0000 2636.5283   14.4276
    0.0000   22.5000  -15.0000 2650.9973   14.2521
    7.5000   22.5000  -15.0000 2626.5920   14.4195
   -7.5000   30.0000  -15.0000 2552.7742   15.4494
    0.0000   30.0000  -15.0000 2566.7305   15.2738
    7.5000   30.0000  -15.0000 2548.4082   15.4461
   -7.5000   37.5000  -15.0000 2454.0598   16.8212
    0.0000   37.5000  -15.0000 2462.2241   16.6468
    7.5000   37.5000  -15.0000 2446.3633   16.8367
   -7.5000   45.0000  -15.0000 2327.7766   18.6092
    0.0000   45.0000  -15.0000 2340.9836   18.4201
    7.5000   45.0000  -15.0000 2321.4753   18.6180
   -7.5000  -45.0000   -7.5000 2427.7314   16.5519
    0.0000  -45.0000   -7.5000 2426.5627   16.5384
    7.5000  -45.0000   -7.5000 2397.1177   16.8930
   -7.5000  -37.5000   -7.5000 2541.2185   15.0713
    0.0000  -37.5000   -7.5000 2544.1121   15.0208
    7.5000  -37.5000   -7.5000 2514.3857   15.3469
   -7.5000  -30.0000   -7.5000 2640.3037   13.8717
    0.0000  -30.0000   -7.5000 2645.3379   13.8379
    7.5000  -30.0000   -7.5000 2615.2954   14.1026
   -7.5000  -22.5000   -7.5000 2716.9739   13.0061
    0.0000  -22.5000   -7.5000 2726.0562   12.9464
    7.5000  -22.5000   -7.5000 2692.0635   13.1682
   -7.5000  -15.0000   -7.5000 2769.4399   12.4215
    0.0000  -15.0000   -7.5000 2773.8706   12.3695
    7.5000  -15.0000   -7.5000 2746.9958   12.5600
   -7.5000   -7.5000   -7.5000 2804.8816   12.0784
    0.0000   -7.5000   -7.5000 2804.7986   12.0193
    7.5000   -7.5000   -7.5000 2775.3545   12.2119
   -7.5000    0.0000   -7.5000 2823.5828   11.9823
    0.0000    0.0000   -7.5000 2825.7749   11.9197
    7.5000    0.0000   -7.5000 2790.1387   12.1179
   -7.5000    7.5000   -7.5000 2818.8315   12.2581
    0.0000    7.5000   -7.5000 2823.5659   12.1329
    7.5000    7.5000   -7.5000 2793.8013   12.3596
   -7.5000   15.0000   -7.5000 2787.6223   12.7859
    0.0000   15.0000   -7.5000 2799.2512   12.6186
    7.5000   15.0000   -7.5000 2770.6875   12.8353
   -7.5000   22.5000   -7.5000 2728.7524   13.5356
    0.0000   22.5000   -7.5000 2742.8518   13.3496
    7.5000   22.5000   -7.5000 2720.1914   13.5455
   -7.5000   30.0000   -7.5000 2641.2161   14.5351
    0.0000   30.0000   -7.5000 2655.4233   14.3654
    7.5000   30.0000   -7.5000 2635.6553   14.5508
   -7.5000   37.5000   -7.5000 2526.9792   15.8464
    0.0000   37.5000   -7.5000 2542.0413   15.6976
    7.5000   37.5000   -7.5000 2524.0852   15.9090
   -7.5000   45.0000   -7.5000 2393.7122   17.5820
    0.0000   45.0000   -7.5000 2410.4802   17.4135
    7.5000   45.0000   -7.5000 2392.2722   17.6348
   -7.5000  -45.0000    0.0000 2457.1650   15.9713
    0.0000  -45.0000    0.0000 2459.7637   15.9906
    7.5000  -45.0000    0.0000 2429.4131   16.3745
   -7.5000  -37.5000    0.0000 2574.8503   14.4802
    0.0000  -37.5000    0.0000 2581.9614   14.4379
    7.5000  -37.5000    0.0000 2550.7861   14.8208
   -7.5000  -30.0000    0.0000 2677.1018   13.2714
    0.0000  -30.0000    0.0000 2687.7866   13.2236
    7.5000  -30.0000    0.0000 2658.4790   13.5787
   -7.5000  -22.5000    0.0000 2765.7810   12.3960
    0.0000  -22.5000    0.0000 2779.4849   12.3228
    7.5000  -22.5000    0.0000 2744.0364   12.6179
   -7.5000  -15.0000    0.0000 2830.1462   11.7674
    0.0000  -15.0000    0.0000 2844.3716   11.7036
    7.5000  -15.0000    0.0000 2808.2156   11.9538
   -7.5000   -7.5000    0.0000 2880.7546   11.4235
    0.0000   -7.5000    0.0000 2887.5757   11.3471
    7.5000   -7.5000    0.0000 2845.6555   11.5896
   -7.5000    0.0000    0.0000 2909.5605   11.2899
    0.0000    0.0000    0.0000 2920.2649   11.2186
    7.5000    0.0000    0.0000 2872.5129   11.4712
   -7.5000    7.5000    0.0000 2907.0979   11.5640
    0.0000    7.5000    0.0000 2922.0769   11.4526
    7.5000    7.5000    0.0000 2884.1609   11.7199
   -7.5000   15.0000    0.0000 2872.4875   12.0893
    0.0000   15.0000    0.0000 2889.1165   11.9313
    7.5000   15.0000    0.0000 2858.9778   12.1610
   -7.5000   22.5000    0.0000 2804.0000   12.8403
    0.0000   22.5000    0.0000 2823.1318   12.6446
    7.5000   22.5000    0.0000 2796.6787   12.8803
   -7.5000   30.0000    0.0000 2708.1345   13.8574
    0.0000   30.0000    0.0000 2726.0464   13.6913
    7.5000   30.0000    0.0000 2701.3066   13.9231
   -7.5000   37.5000    0.0000 2585.9976   15.1665
    0.0000   37.5000    0.0000 2604.6616   15.0215
    7.5000   37.5000    0.0000 2583.7495   15.2701
   -7.5000   45.0000    0.0000 2443.1401   16.8351
    0.0000   45.0000    0.0000 2463.1851   16.6675
    7.5000   45.0000    0.0000 2445.0547   16.9390
   -7.5000  -45.0000    7.5000 2471.1638   15.6181
    0.0000  -45.0000    7.5000 2476.0730   15.5986
    7.5000  -45.0000    7.5000 2451.5598   16.0250
   -7.5000  -37.5000    7.5000 2594.7720   14.1045
    0.0000  -37.5000    7.5000 2602.4207   14.0434
    7.5000  -37.5000    7.5000 2579.9258   14.4630
   -7.5000  -30.0000    7.5000 2703.0486   12.8969
    0.0000  -30.0000    7.5000 2714.7156   12.8083
    7.5000  -30.0000    7.5000 2690.2959   13.1967
   -7.5000  -22.5000    7.5000 2795.9080   11.9858
    0.0000  -22.5000    7.5000 2810.5435   11.8751
    7.5000  -22.5000    7.5000 2780.1921   12.2255
   -7.5000  -15.0000    7.5000 2873.7544   11.3303
    0.0000  -15.0000    7.5000 2893.3901   11.2212
    7.5000  -15.0000    7.5000 2853.5962   11.5395
   -7.5000   -7.5000    7.5000 2946.7056   10.9637
    0.0000   -7.5000    7.5000 2962.0029   10.8612
    7.5000   -7.5000    7.5000 2913.6606   11.1456
   -7.5000    0.0000    7.5000 2984.7627   10.8128
    0.0000    0.0000    7.5000 3009.3818   10.7256
    7.5000    0.0000    7.5000 2948.4094   11.0256
   -7.5000    7.5000    7.5000 2974.6040   11.0728
    0.0000    7.5000    7.5000 3007.8350   10.9523
    7.5000    7.5000    7.5000 2955.4631   11.2753
   -7.5000   15.0000    7.5000 2925.3706   11.6235
    0.0000   15.0000    7.5000 2957.1714   11.4769
    7.5000   15.0000    7.5000 2918.3179   11.7581
   -7.5000   22.5000    7.5000 2853.0864   12.3912
    0.0000   22.5000    7.5000 2877.9167   12.2332
    7.5000   22.5000    7.5000 2846.8547   12.4858
   -7.5000   30.0000    7.5000 2751.5723   13.4101
    0.0000   30.0000    7.5000 2771.4495   13.2675
    7.5000   30.0000    7.5000 2747.8123   13.5170
   -7.5000   37.5000    7.5000 2623.4756   14.7092
    0.0000   37.5000    7.5000 2642.8672   14.5725
    7.5000   37.5000    7.5000 2624.7227   14.8327
   -7.5000   45.0000    7.5000 2471.9854   16.3532
    0.0000   45.0000    7.5000 2493.8040   16.2119
    7.5000   45.0000    7.5000 2477.4739   16.4788
   -7.5000  -45.0000   15.0000 2477.1272   15.4916
    0.0000  -45.0000   15.0000 2483.3162   15.3881
    7.5000  -45.0000   15.0000 2460.7363   15.8459
   -7.5000  -37.5000   15.0000 2593.9724   13.9653
    0.0000  -37.5000   15.0000 2607.0725   13.8219
    7.5000  -37.5000   15.0000 2583.6943   14.2811
   -7.5000  -30.0000   15.0000 2698.1284   12.7399
    0.0000  -30.0000   15.0000 2716.3425   12.5716
    7.5000  -30.0000   15.0000 2697.6311   13.0083
   -7.5000  -22.5000   15.0000 2794.9636   11.7981
    0.0000  -22.5000   15.0000 2815.1326   11.6286
    7.5000  -22.5000   15.0000 2794.2668   12.0424
   -7.5000  -15.0000   15.0000 2882.0193   11.1125
    0.0000  -15.0000   15.0000 2901.0574   10.9293
    7.5000  -15.0000   15.0000 2874.3762   11.3111
   -7.5000   -7.5000   15.0000 2963.2734   10.7407
    0.0000   -7.5000   15.0000 2983.9441   10.5788
    7.5000   -7.5000   15.0000 2943.2280   10.9171
   -7.5000    0.0000   15.0000 3010.3269   10.6277
    0.0000    0.0000   15.0000 3042.8191   10.4740
    7.5000    0.0000   15.0000 2982.8469   10.8138
   -7.5000    7.5000   15.0000 3003.6389   10.8575
    0.0000    7.5000   15.0000 3043.8918   10.7283
    7.5000    7.5000   15.0000 2985.1279   11.0851
   -7.5000   15.0000   15.0000 2947.8501   11.4229
    0.0000   15.0000   15.0000 2982.8901   11.2926
    7.5000   15.0000   15.0000 2944.1011   11.5894
   -7.5000   22.5000   15.0000 2863.2009   12.1992
    0.0000   22.5000   15.0000 2893.2651   12.0360
    7.5000   22.5000   15.0000 2868.4890   12.3140
   -7.5000   30.0000   15.0000 2760.6807   13.2301
    0.0000   30.0000   15.0000 2782.7061   13.0535
    7.5000   30.0000   15.0000 2763.3232   13.3330
   -7.5000   37.5000   15.0000 2631.1458   14.5342
    0.0000   37.5000   15.0000 2651.0928   14.3523
    7.5000   37.5000   15.0000 2636.5325   14.6326
   -7.5000   45.0000   15.0000 2481.2227   16.1547
    0.0000   45.0000   15.0000 2501.3621   15.9620
    7.5000   45.0000   15.0000 2487.5962   16.2394
   -7.5000  -45.0000   22.5000 2468.0496   15.5332
    0.0000  -45.0000   22.5000 2475.3853   15.4173
    7.5000  -45.0000   22.5000 2449.7625   15.8784
   -7.5000  -37.5000   22.5000 2581.7876   13.9965
    0.0000  -37.5000   22.5000 2593.4822   13.8701
    7.5000  -37.5000   22.5000 2571.7461   14.3129
   -7.5000  -30.0000   22.5000 2683.5461   12.7741
    0.0000  -30.0000   22.5000 2699.1719   12.6219
    7.5000  -30.0000   22.5000 2684.4255   13.0559
   -7.5000  -22.5000   22.5000 2778.8938   11.8478
    0.0000  -22.5000   22.5000 2800.8752   11.6762
    7.5000  -22.5000   22.5000 2789.4333   12.0818
   -7.5000  -15.0000   22.5000 2865.2219   11.1887
    0.0000  -15.0000   22.5000 2888.9575   10.9889
    7.5000  -15.0000   22.5000 2875.0583   11.3797
   -7.5000   -7.5000   22.5000 2944.8679   10.8329
    0.0000   -7.5000   22.5000 2972.7534   10.6504
    7.5000   -7.5000   22.5000 2947.8923   11.0111
   -7.5000    0.0000   22.5000 2986.6660   10.7926
    0.0000    0.0000   22.5000 3018.8035   10.5857
    7.5000    0.0000   22.5000 2984.4705   10.9111
   -7.5000    7.5000   22.5000 2984.0059   11.0530
    0.0000    7.5000   22.5000 3025.8679   10.8654
    7.5000    7.5000   22.5000 2987.3499   11.1540
   -7.5000   15.0000   22.5000 2930.1611   11.4704
    0.0000   15.0000   22.5000 2971.2175   11.3798
    7.5000   15.0000   22.5000 2936.7324   11.6635
   -7.5000   22.5000   22.5000 2844.2839   12.2036
    0.0000   22.5000   22.5000 2878.1973   12.0962
    7.5000   22.5000   22.5000 2860.8916   12.3833
   -7.5000   30.0000   22.5000 2737.7668   13.2324
    0.0000   30.0000   22.5000 2764.5405   13.0866
    7.5000   30.0000   22.5000 2755.5488   13.3657
   -7.5000   37.5000   22.5000 2611.6382   14.5149
    0.0000   37.5000   22.5000 2634.2673   14.3688
    7.5000   37.5000   22.5000 2625.6243   14.6205
   -7.5000   45.0000   22.5000 2464.6440   16.1066
    0.0000   45.0000   22.5000 2489.1128   15.9530
    7.5000   45.0000   22.5000 2479.2170   16.1993
   -7.5000  -45.0000   30.0000 2443.7295   15.8468
    0.0000  -45.0000   30.0000 2453.0959   15.7032
    7.5000  -45.0000   30.0000 2426.4419   16.1440
   -7.5000  -37.5000   30.0000 2555.7944   14.3257
    0.0000  -37.5000   30.0000 2570.1094   14.1659
    7.5000  -37.5000   30.0000 2545.2246   14.5739
   -7.5000  -30.0000   30.0000 2654.8972   13.1407
    0.0000  -30.0000   30.0000 2672.7051   12.9741
    7.5000  -30.0000   30.0000 2655.6433   13.3436
   -7.5000  -22.5000   30.0000 2747.3008   12.2508
    0.0000  -22.5000   30.0000 2767.6155   12.0756
    7.5000  -22.5000   30.0000 2757.2354   12.4094
   -7.5000  -15.0000   30.0000 2825.3262   11.6075
    0.0000  -15.0000   30.0000 2849.1047   11.4161
    7.5000  -15.0000   30.0000 2842.3186   11.7449
   -7.5000   -7.5000   30.0000 2888.7495   11.2484
    0.0000   -7.5000   30.0000 2918.6938   11.0217
    7.5000   -7.5000   30.0000 2913.2002   11.3425
   -7.5000    0.0000   30.0000 2921.2678   11.1502
    0.0000    0.0000   30.0000 2956.2393   10.9519
    7.5000    0.0000   30.0000 2945.3159   11.2398
   -7.5000    7.5000   30.0000 2917.8103   11.3964
    0.0000    7.5000   30.0000 2958.1494   11.2581
    7.5000    7.5000   30.0000 2941.5342   11.5018
   -7.5000   15.0000   30.0000 2867.6768   11.8969
    0.0000   15.0000   30.0000 2910.7300   11.7979
    7.5000   15.0000   30.0000 2892.7668   12.0161
   -7.5000   22.5000   30.0000 2792.2866   12.6206
    0.0000   22.5000   30.0000 2827.7075   12.4972
    7.5000   22.5000   30.0000 2818.0522   12.7262
   -7.5000   30.0000   30.0000 2689.7371   13.5528
    0.0000   30.0000   30.0000 2719.7854   13.4044
    7.5000   30.0000   30.0000 2713.8452   13.6547
   -7.5000   37.5000   30.0000 2568.3018   14.7596
    0.0000   37.5000   30.0000 2598.1943   14.5913
    7.5000   37.5000   30.0000 2590.1023   14.8310
   -7.5000   45.0000   30.0000 2425.9060   16.2881
    0.0000   45.0000   30.0000 2454.6123   16.0904
    7.5000   45.0000   30.0000 2447.9663   16.3480
   -7.5000  -45.0000   37.5000 2402.8010   16.5547
    0.0000  -45.0000   37.5000 2414.8374   16.3521
    7.5000  -45.0000   37.5000 2389.5029   16.6630
   -7.5000  -37.5000   37.5000 2511.2551   15.0254
    0.0000  -37.5000   37.5000 2529.5903   14.8354
    7.5000  -37.5000   37.5000 2503.9988   15.1248
   -7.5000  -30.0000   37.5000 2606.8669   13.8316
    0.0000  -30.0000   37.5000 2632.9358   13.6466
    7.5000  -30.0000   37.5000 2609.6228   13.9242
   -7.5000  -22.5000   37.5000 2697.4717   12.9106
    0.0000  -22.5000   37.5000 2721.3003   12.7225
    7.5000  -22.5000   37.5000 2707.6804   13.0038
   -7.5000  -15.0000   37.5000 2767.6750   12.2529
    0.0000  -15.0000   37.5000 2792.6191   12.0447
    7.5000  -15.0000   37.5000 2785.8767   12.3132
   -7.5000   -7.5000   37.5000 2815.9861   11.8607
    0.0000   -7.5000   37.5000 2845.3965   11.6239
    7.5000   -7.5000   37.5000 2843.5701   11.8861
   -7.5000    0.0000   37.5000 2842.4600   11.7620
    0.0000    0.0000   37.5000 2871.6138   11.5406
    7.5000    0.0000   37.5000 2869.3706   11.7984
   -7.5000    7.5000   37.5000 2833.3242   12.0170
    0.0000    7.5000   37.5000 2867.0334   11.8287
    7.5000    7.5000   37.5000 2865.0320   12.0961
   -7.5000   15.0000   37.5000 2781.4368   12.4994
    0.0000   15.0000   37.5000 2824.0959   12.3643
    7.5000   15.0000   37.5000 2817.4656   12.5996
   -7.5000   22.5000   37.5000 2712.9851   13.2226
    0.0000   22.5000   37.5000 2748.2131   13.0711
    7.5000   22.5000   37.5000 2745.5300   13.2960
   -7.5000   30.0000   37.5000 2619.9619   14.1531
    0.0000   30.0000   37.5000 2651.1067   13.9885
    7.5000   30.0000   37.5000 2646.5608   14.1986
   -7.5000   37.5000   37.5000 2505.2244   15.3051
    0.0000   37.5000   37.5000 2535.8054   15.1298
    7.5000   37.5000   37.5000 2529.6892   15.3253
   -7.5000   45.0000   37.5000 2369.7292   16.7868
    0.0000   45.0000   37.5000 2395.9639   16.5745
    7.5000   45.0000   37.5000 2393.9727   16.7839
   -7.5000  -45.0000   45.0000 2346.5010   17.5742
    0.0000  -45.0000   45.0000 2361.1946   17.3579
    7.5000  -45.0000   45.0000 2338.3506   17.5195
   -7.5000  -37.5000   45.0000 2453.6982   15.9609
    0.0000  -37.5000   45.0000 2473.8853   15.7483
    7.5000  -37.5000   45.0000 2451.9045   15.9342
   -7.5000  -30.0000   45.0000 2548.8799   14.7150
    0.0000  -30.0000   45.0000 2575.5891   14.5097
    7.5000  -30.0000   45.0000 2553.1152   14.7243
   -7.5000  -22.5000   45.0000 2632.7756   13.7668
    0.0000  -22.5000   45.0000 2658.6196   13.5630
    7.5000  -22.5000   45.0000 2642.1299   13.7715
   -7.5000  -15.0000   45.0000 2693.2134   13.0676
    0.0000  -15.0000   45.0000 2724.2024   12.8646
    7.5000  -15.0000   45.0000 2716.4956   13.0796
   -7.5000   -7.5000   45.0000 2730.2654   12.6560
    0.0000   -7.5000   45.0000 2764.6655   12.4400
    7.5000   -7.5000   45.0000 2761.5381   12.6720
   -7.5000    0.0000   45.0000 2750.6912   12.5647
    0.0000    0.0000   45.0000 2777.0713   12.3662
    7.5000    0.0000   45.0000 2779.7434   12.5696
   -7.5000    7.5000   45.0000 2736.2473   12.8058
    0.0000    7.5000   45.0000 2762.0176   12.6180
    7.5000    7.5000   45.0000 2767.9336   12.8490
   -7.5000   15.0000   45.0000 2690.3772   13.3124
    0.0000   15.0000   45.0000 2725.5117   13.1390
    7.5000   15.0000   45.0000 2726.3228   13.3563
   -7.5000   22.5000   45.0000 2626.5833   14.0404
    0.0000   22.5000   45.0000 2660.9419   13.8558
    7.5000   22.5000   45.0000 2659.0532   14.0382
   -7.5000   30.0000   45.0000 2539.4575   14.9277
    0.0000   30.0000   45.0000 2567.2112   14.7459
    7.5000   30.0000   45.0000 2564.1611   14.9182
   -7.5000   37.5000   45.0000 2433.3877   16.1015
    0.0000   37.5000   45.0000 2456.6094   15.9199
    7.5000   37.5000   45.0000 2453.7864   16.0821
   -7.5000   45.0000   45.0000 2300.2209   17.6127
    0.0000   45.0000   45.0000 2322.5522   17.3911
    7.5000   45.0000   45.0000 2322.6975   17.5512

---------------------------------------------------------------------
imgreg_4dfp /opt/freesurfer/average/711-2C_as_mni_average_305 /opt/freesurfer/average/711-2B_as_mni_average_305_mask talsrcimg_g11 none talsrcimg_to_711-2C_as_mni_average_305_t4 1283
---------------------------------------------------------------------

freesurfer imgreg_4dfp.c
/opt/freesurfer/average/711-2C_as_mni_average_305.4dfp.img
       256       256       256         1
  1.000000  1.000000  1.000000
orientation T byte_order littleendian
Reading image: /opt/freesurfer/average/711-2C_as_mni_average_305.4dfp.img
dimensions:      256       256       256
mmppix:       1.0000   -1.0000   -1.0000
center:     128.0000 -129.0000 -129.0000
/opt/freesurfer/average/711-2B_as_mni_average_305_mask.4dfp.img
       256       256       256         1
  1.000000  1.000000  1.000000
orientation T byte_order littleendian
Reading mask: /opt/freesurfer/average/711-2B_as_mni_average_305_mask.4dfp.img (2306576 pixels)
talsrcimg_g11.4dfp.img
       256       256       256         1
  1.000000  1.000000  1.000000
orientation T byte_order littleendian
Reading image: talsrcimg_g11.4dfp.img
dimensions:      256       256       256
mmppix:       1.0000   -1.0000   -1.0000
center:     128.0000 -129.0000 -129.0000
rotation matrix determinant  1.000000
fimgreg.f
image alignment mode   1283 decimal      503 hex
parameters
    0.0000    7.5000   15.0000    0.0000    0.0000    0.0000
eta,q 0.95585 10.71432
niter,ni,del,rscale     5    3   12.0000    1.2000
parameter  2  1.411415 ->  0.500000 qaram    1.1500
parameter  4  0.987467 ->  0.500000 qaram    1.1500
parameter  6 11.116415 ->  0.500000 qaram    1.1500
parameters
   -0.3603    4.0500   16.1613   -3.4500   -1.4350   -3.4500
eta,q 0.96263 10.46903
  0.0579  0.0445  0.0506  0.0425  0.0450  0.0349
  0.0518  0.0443  0.0472  0.0422  0.0434  0.0367
  0.0490  0.0463  0.0456  0.0425  0.0423  0.0392
  0.0495  0.0491  0.0448  0.0443  0.0422  0.0422
  0.0515  0.0516  0.0442  0.0463  0.0437  0.0453
  0.0543  0.0543  0.0448  0.0483  0.0466  0.0481
  0.0588  0.0583  0.0474  0.0501  0.0508  0.0503
niter,ni,del,rscale     7    3   12.0000    1.2000
parameter  6  0.643023 ->  0.500000 qaram    1.3225
parameters
   -0.2153    4.2600   14.9937   -4.3039   -1.9059   -7.4175
eta,q 0.96548 10.45606
  0.0522  0.0495  0.0411  0.0418  0.0424  0.0366
  0.0452  0.0428  0.0392  0.0390  0.0406  0.0347
  0.0399  0.0390  0.0379  0.0372  0.0388  0.0350
  0.0374  0.0374  0.0374  0.0376  0.0372  0.0375
  0.0389  0.0389  0.0384  0.0391  0.0380  0.0403
  0.0442  0.0425  0.0420  0.0413  0.0411  0.0436
  0.0511  0.0477  0.0471  0.0437  0.0455  0.0471
niter,ni,del,rscale     7    3   12.0000    1.2000
parameters
   -0.4997    4.3480   14.7469   -4.3423   -2.0524   -7.4531
eta,q 0.96542 10.44366
  0.0494  0.0487  0.0404  0.0412  0.0421  0.0426
  0.0418  0.0419  0.0372  0.0376  0.0385  0.0394
  0.0363  0.0364  0.0355  0.0352  0.0357  0.0362
  0.0345  0.0345  0.0345  0.0346  0.0346  0.0346
  0.0380  0.0371  0.0346  0.0362  0.0356  0.0361
  0.0447  0.0421  0.0374  0.0383  0.0387  0.0394
  0.0515  0.0473  0.0423  0.0407  0.0432  0.0429
niter,ni,del,rscale     6    3   12.0000    1.2000
parameters
   -0.5382    4.3001   14.7236   -4.3320   -2.0434   -7.4652
eta,q 0.96542 10.44096
  0.0507  0.0482  0.0409  0.0414  0.0424  0.0426
  0.0430  0.0415  0.0374  0.0377  0.0388  0.0394
  0.0370  0.0362  0.0356  0.0352  0.0358  0.0362
  0.0346  0.0346  0.0346  0.0346  0.0346  0.0346
  0.0373  0.0376  0.0346  0.0361  0.0355  0.0360
  0.0439  0.0427  0.0370  0.0383  0.0384  0.0394
  0.0506  0.0476  0.0418  0.0406  0.0428  0.0428
registration optimization eta report
parameter search radius
    6.0000    6.9000    6.0000    6.9000    6.0000    7.9350
100000*second partial in parameter space
       43.       27.       19.       13.       22.       12.
  0.0507  0.0482  0.0409  0.0414  0.0424  0.0426
  0.0430  0.0415  0.0374  0.0377  0.0388  0.0394
  0.0370  0.0362  0.0356  0.0352  0.0358  0.0362
  0.0346  0.0346  0.0346  0.0346  0.0346  0.0346
  0.0373  0.0376  0.0346  0.0361  0.0355  0.0360
  0.0439  0.0427  0.0370  0.0383  0.0384  0.0394
  0.0506  0.0476  0.0418  0.0406  0.0428  0.0428
   -0.5382    4.3001   14.7236   -4.3320   -2.0434   -7.4652
eta,q 0.96542 10.44096

---------------------------------------------------------------------
imgreg_4dfp /opt/freesurfer/average/711-2C_as_mni_average_305 /opt/freesurfer/average/711-2B_as_mni_average_305_mask talsrcimg_g11 none talsrcimg_to_711-2C_as_mni_average_305_t4 3335
---------------------------------------------------------------------

freesurfer imgreg_4dfp.c
/opt/freesurfer/average/711-2C_as_mni_average_305.4dfp.img
       256       256       256         1
  1.000000  1.000000  1.000000
orientation T byte_order littleendian
Reading image: /opt/freesurfer/average/711-2C_as_mni_average_305.4dfp.img
dimensions:      256       256       256
mmppix:       1.0000   -1.0000   -1.0000
center:     128.0000 -129.0000 -129.0000
/opt/freesurfer/average/711-2B_as_mni_average_305_mask.4dfp.img
       256       256       256         1
  1.000000  1.000000  1.000000
orientation T byte_order littleendian
Reading mask: /opt/freesurfer/average/711-2B_as_mni_average_305_mask.4dfp.img (2306576 pixels)
talsrcimg_g11.4dfp.img
       256       256       256         1
  1.000000  1.000000  1.000000
orientation T byte_order littleendian
Reading image: talsrcimg_g11.4dfp.img
dimensions:      256       256       256
mmppix:       1.0000   -1.0000   -1.0000
center:     128.0000 -129.0000 -129.0000
fimgreg.f
image alignment mode   3335 decimal      D07 hex
parameters
   -0.5382    4.3001   14.7236   -0.9107   -1.0959   -0.3491
   12.6882    4.5066  -12.9841    7.0275   -3.5656   -7.5487
eta,q 0.96570 10.47705
niter,ni,del,rscale     5    3    5.0000    1.2000
parameter  4  0.642818 ->  0.500000 qaram    1.1500
parameter  5  0.928250 ->  0.500000 qaram    1.1500
parameter  6  1.288356 ->  0.500000 qaram    1.1500
parameter 11 -0.546463 -> -0.500000 qaram    1.1500
parameters
   -0.3098    4.9515   14.8306   -5.0507   -5.2359   -4.4891
   12.2709    6.0254  -11.5802    5.2291    0.5744   -5.9595
eta,q 0.97477 10.13224
  0.0377  0.0370  0.0352  0.0330  0.0306  0.0254  0.0285  0.0317  0.0285  0.0277  0.0288  0.0275
  0.0360  0.0355  0.0346  0.0328  0.0305  0.0258  0.0272  0.0291  0.0273  0.0264  0.0275  0.0264
  0.0348  0.0347  0.0343  0.0331  0.0313  0.0277  0.0264  0.0272  0.0265  0.0257  0.0264  0.0257
  0.0343  0.0343  0.0342  0.0342  0.0328  0.0306  0.0262  0.0262  0.0260  0.0259  0.0257  0.0253
  0.0344  0.0342  0.0343  0.0365  0.0345  0.0339  0.0266  0.0261  0.0260  0.0270  0.0254  0.0253
  0.0352  0.0345  0.0345  0.0399  0.0367  0.0376  0.0276  0.0269  0.0264  0.0288  0.0253  0.0256
  0.0367  0.0350  0.0349  0.0438  0.0397  0.0424  0.0292  0.0284  0.0271  0.0311  0.0256  0.0261
niter,ni,del,rscale     7    3    5.0000    1.2000
parameter  3  0.526491 ->  0.500000 qaram    1.1500
parameters
    0.0999    4.8289   13.4506   -3.9432   -5.3252   -7.6119
   12.0618    4.7951  -11.9923    4.8692    1.0071   -5.4329
eta,q 0.97689 10.07506
  0.0284  0.0272  0.0251  0.0286  0.0286  0.0263  0.0257  0.0259  0.0247  0.0260  0.0252  0.0249
  0.0269  0.0260  0.0247  0.0272  0.0265  0.0244  0.0244  0.0240  0.0238  0.0244  0.0240  0.0239
  0.0258  0.0253  0.0247  0.0259  0.0249  0.0233  0.0236  0.0231  0.0232  0.0234  0.0233  0.0233
  0.0252  0.0251  0.0251  0.0247  0.0243  0.0243  0.0233  0.0233  0.0231  0.0231  0.0231  0.0231
  0.0252  0.0255  0.0260  0.0241  0.0251  0.0272  0.0236  0.0243  0.0234  0.0236  0.0233  0.0232
  0.0257  0.0263  0.0272  0.0250  0.0267  0.0318  0.0246  0.0260  0.0241  0.0248  0.0239  0.0237
  0.0268  0.0276  0.0287  0.0277  0.0287  0.0368  0.0261  0.0282  0.0251  0.0267  0.0246  0.0244
niter,ni,del,rscale     7    3    5.0000    1.2000
parameters
   -0.0974    4.8271   12.8550   -3.0523   -4.3768   -8.7146
   11.9757    4.6697  -12.1805    4.7927    1.4923   -5.2658
eta,q 0.97720 10.08894
  0.0253  0.0254  0.0246  0.0270  0.0278  0.0276  0.0255  0.0268  0.0246  0.0259  0.0249  0.0244
  0.0240  0.0241  0.0235  0.0256  0.0255  0.0257  0.0241  0.0245  0.0236  0.0243  0.0237  0.0235
  0.0233  0.0233  0.0230  0.0242  0.0236  0.0237  0.0231  0.0231  0.0230  0.0232  0.0230  0.0230
  0.0231  0.0231  0.0231  0.0229  0.0226  0.0226  0.0228  0.0228  0.0228  0.0228  0.0228  0.0228
  0.0235  0.0234  0.0238  0.0224  0.0229  0.0240  0.0231  0.0234  0.0231  0.0232  0.0230  0.0230
  0.0246  0.0242  0.0250  0.0235  0.0242  0.0274  0.0241  0.0248  0.0238  0.0243  0.0235  0.0234
  0.0262  0.0253  0.0265  0.0265  0.0259  0.0320  0.0257  0.0269  0.0248  0.0261  0.0243  0.0242
niter,ni,del,rscale     6    3    5.0000    1.2000
parameters
   -0.1662    4.9247   12.5827   -2.9864   -3.9548   -9.1321
   12.0122    4.5575  -12.3503    4.8894    1.7621   -5.2518
eta,q 0.97709 10.08990
  0.0254  0.0253  0.0248  0.0267  0.0273  0.0281  0.0257  0.0269  0.0247  0.0261  0.0248  0.0244
  0.0239  0.0239  0.0235  0.0253  0.0251  0.0263  0.0243  0.0246  0.0237  0.0245  0.0237  0.0236
  0.0231  0.0231  0.0229  0.0239  0.0234  0.0244  0.0233  0.0232  0.0231  0.0234  0.0231  0.0231
  0.0228  0.0228  0.0228  0.0228  0.0227  0.0227  0.0229  0.0229  0.0229  0.0229  0.0229  0.0229
  0.0231  0.0230  0.0233  0.0226  0.0233  0.0233  0.0232  0.0235  0.0232  0.0232  0.0231  0.0231
  0.0241  0.0237  0.0243  0.0242  0.0245  0.0262  0.0241  0.0249  0.0239  0.0243  0.0236  0.0236
  0.0257  0.0249  0.0256  0.0276  0.0265  0.0305  0.0257  0.0269  0.0249  0.0260  0.0244  0.0244
niter,ni,del,rscale     5    3    5.0000    1.2000
parameters
   -0.1845    4.9788   12.4703   -2.9810   -3.8370   -9.2847
   12.0650    4.5120  -12.4456    4.9702    1.8918   -5.2711
eta,q 0.97704 10.08942
  0.0256  0.0253  0.0251  0.0268  0.0271  0.0283  0.0257  0.0270  0.0248  0.0261  0.0247  0.0245
  0.0241  0.0240  0.0238  0.0254  0.0250  0.0265  0.0243  0.0247  0.0238  0.0245  0.0237  0.0236
  0.0232  0.0232  0.0230  0.0240  0.0234  0.0246  0.0234  0.0233  0.0232  0.0234  0.0231  0.0231
  0.0229  0.0229  0.0229  0.0229  0.0229  0.0229  0.0230  0.0230  0.0230  0.0230  0.0230  0.0230
  0.0232  0.0232  0.0233  0.0228  0.0235  0.0231  0.0232  0.0235  0.0232  0.0233  0.0232  0.0231
  0.0242  0.0239  0.0241  0.0244  0.0248  0.0258  0.0242  0.0249  0.0239  0.0244  0.0237  0.0236
  0.0257  0.0250  0.0253  0.0278  0.0269  0.0300  0.0257  0.0269  0.0249  0.0261  0.0245  0.0245
niter,ni,del,rscale     4    3    5.0000    1.2000
parameters
   -0.1913    5.0053   12.4210   -2.9746   -3.8125   -9.3440
   12.0965    4.4914  -12.4985    5.0195    1.9595   -5.3006
eta,q 0.97702 10.08904
  0.0257  0.0253  0.0252  0.0268  0.0271  0.0284  0.0257  0.0270  0.0249  0.0261  0.0247  0.0245
  0.0242  0.0240  0.0239  0.0254  0.0249  0.0266  0.0243  0.0247  0.0238  0.0245  0.0237  0.0236
  0.0233  0.0232  0.0231  0.0241  0.0234  0.0247  0.0234  0.0233  0.0232  0.0234  0.0231  0.0231
  0.0230  0.0230  0.0230  0.0230  0.0230  0.0230  0.0230  0.0230  0.0230  0.0230  0.0230  0.0230
  0.0233  0.0232  0.0233  0.0229  0.0236  0.0230  0.0233  0.0235  0.0232  0.0233  0.0232  0.0232
  0.0242  0.0240  0.0241  0.0244  0.0249  0.0257  0.0242  0.0249  0.0239  0.0244  0.0237  0.0237
  0.0257  0.0251  0.0253  0.0279  0.0270  0.0298  0.0258  0.0269  0.0249  0.0261  0.0246  0.0245
niter,ni,del,rscale     3    3    5.0000    1.2000
parameters
   -0.1951    5.0200   12.3989   -2.9658   -3.8067   -9.3650
   12.1183    4.4833  -12.5265    5.0538    1.9990   -5.3166
eta,q 0.97701 10.08915
  0.0257  0.0252  0.0252  0.0268  0.0271  0.0284  0.0257  0.0270  0.0249  0.0261  0.0247  0.0245
  0.0242  0.0240  0.0239  0.0255  0.0249  0.0266  0.0243  0.0247  0.0238  0.0245  0.0237  0.0236
  0.0233  0.0232  0.0232  0.0241  0.0234  0.0248  0.0234  0.0233  0.0232  0.0234  0.0231  0.0231
  0.0230  0.0230  0.0230  0.0230  0.0230  0.0230  0.0230  0.0230  0.0230  0.0230  0.0230  0.0230
  0.0233  0.0233  0.0233  0.0229  0.0237  0.0230  0.0233  0.0235  0.0232  0.0233  0.0232  0.0232
  0.0242  0.0240  0.0241  0.0245  0.0249  0.0257  0.0242  0.0249  0.0239  0.0244  0.0237  0.0237
  0.0257  0.0251  0.0252  0.0279  0.0270  0.0297  0.0258  0.0269  0.0249  0.0261  0.0246  0.0245
registration optimization eta report
parameter search radius
    2.4000    2.4000    2.7600    8.2800    8.2800    8.2800
    7.2000    7.2000    7.2000    7.2000    8.2800    7.2000
100000*second partial in parameter space
       48.       38.       29.        6.        6.        9.
        5.        8.        4.        6.        2.        3.
  0.0257  0.0252  0.0252  0.0268  0.0271  0.0284  0.0257  0.0270  0.0249  0.0261  0.0247  0.0245
  0.0242  0.0240  0.0239  0.0255  0.0249  0.0266  0.0243  0.0247  0.0238  0.0245  0.0237  0.0236
  0.0233  0.0232  0.0232  0.0241  0.0234  0.0248  0.0234  0.0233  0.0232  0.0234  0.0231  0.0231
  0.0230  0.0230  0.0230  0.0230  0.0230  0.0230  0.0230  0.0230  0.0230  0.0230  0.0230  0.0230
  0.0233  0.0233  0.0233  0.0229  0.0237  0.0230  0.0233  0.0235  0.0232  0.0233  0.0232  0.0232
  0.0242  0.0240  0.0241  0.0245  0.0249  0.0257  0.0242  0.0249  0.0239  0.0244  0.0237  0.0237
  0.0257  0.0251  0.0252  0.0279  0.0270  0.0297  0.0258  0.0269  0.0249  0.0261  0.0246  0.0245
   -0.1951    5.0200   12.3989   -2.9658   -3.8067   -9.3650
   12.1183    4.4833  -12.5265    5.0538    1.9990   -5.3166
eta,q 0.97701 10.08915

---------------------------------------------------------------------
imgreg_4dfp /opt/freesurfer/average/711-2C_as_mni_average_305 /opt/freesurfer/average/711-2B_as_mni_average_305_mask talsrcimg_g11 none talsrcimg_to_711-2C_as_mni_average_305_t4 2311
---------------------------------------------------------------------

freesurfer imgreg_4dfp.c
/opt/freesurfer/average/711-2C_as_mni_average_305.4dfp.img
       256       256       256         1
  1.000000  1.000000  1.000000
orientation T byte_order littleendian
Reading image: /opt/freesurfer/average/711-2C_as_mni_average_305.4dfp.img
dimensions:      256       256       256
mmppix:       1.0000   -1.0000   -1.0000
center:     128.0000 -129.0000 -129.0000
/opt/freesurfer/average/711-2B_as_mni_average_305_mask.4dfp.img
       256       256       256         1
  1.000000  1.000000  1.000000
orientation T byte_order littleendian
Reading mask: /opt/freesurfer/average/711-2B_as_mni_average_305_mask.4dfp.img (2306576 pixels)
talsrcimg_g11.4dfp.img
       256       256       256         1
  1.000000  1.000000  1.000000
orientation T byte_order littleendian
Reading image: talsrcimg_g11.4dfp.img
dimensions:      256       256       256
mmppix:       1.0000   -1.0000   -1.0000
center:     128.0000 -129.0000 -129.0000
fimgreg.f
image alignment mode   2311 decimal      907 hex
parameters
   -0.1951    5.0200   12.3989   -2.9658   -3.8067   -9.3650
   12.1183    4.4833  -12.5265    5.0538    1.9990   -5.3166
eta,q 0.97701 10.08916
niter,ni,del,rscale     5    3    5.0000    0.8000
parameters
   -0.1867    5.0035   12.3204   -1.7440   -4.3309   -8.5607
   12.1072    4.6587  -12.4940    4.9812    2.4771   -5.7189
eta,q 0.97755 10.12493
  0.0242  0.0240  0.0237  0.0251  0.0240  0.0259  0.0238  0.0248  0.0234  0.0241  0.0233  0.0231
  0.0236  0.0234  0.0233  0.0243  0.0232  0.0248  0.0231  0.0235  0.0229  0.0232  0.0229  0.0227
  0.0231  0.0231  0.0230  0.0236  0.0228  0.0237  0.0226  0.0228  0.0226  0.0226  0.0226  0.0225
  0.0230  0.0230  0.0230  0.0230  0.0228  0.0227  0.0225  0.0225  0.0225  0.0225  0.0225  0.0224
  0.0231  0.0231  0.0231  0.0227  0.0232  0.0224  0.0226  0.0226  0.0226  0.0227  0.0225  0.0226
  0.0235  0.0235  0.0234  0.0230  0.0238  0.0231  0.0231  0.0233  0.0229  0.0232  0.0227  0.0229
  0.0242  0.0240  0.0238  0.0239  0.0246  0.0247  0.0239  0.0245  0.0234  0.0241  0.0230  0.0234
niter,ni,del,rscale     4    3    5.0000    0.7000
parameters
   -0.3156    5.0146   12.4198   -1.6667   -4.5874   -8.2597
   12.1156    4.4833  -12.6018    5.0681    2.6361   -5.8762
eta,q 0.97764 10.12969
  0.0233  0.0233  0.0233  0.0240  0.0236  0.0250  0.0234  0.0239  0.0231  0.0237  0.0230  0.0229
  0.0228  0.0228  0.0228  0.0233  0.0229  0.0240  0.0229  0.0230  0.0227  0.0230  0.0227  0.0226
  0.0225  0.0225  0.0225  0.0227  0.0225  0.0231  0.0225  0.0225  0.0224  0.0225  0.0224  0.0224
  0.0224  0.0224  0.0224  0.0224  0.0224  0.0224  0.0224  0.0224  0.0224  0.0224  0.0224  0.0224
  0.0226  0.0225  0.0225  0.0225  0.0227  0.0224  0.0225  0.0226  0.0225  0.0225  0.0224  0.0224
  0.0231  0.0228  0.0227  0.0230  0.0232  0.0232  0.0228  0.0232  0.0227  0.0229  0.0226  0.0227
  0.0237  0.0232  0.0230  0.0241  0.0239  0.0247  0.0234  0.0242  0.0231  0.0236  0.0229  0.0230
niter,ni,del,rscale     3    3    5.0000    0.6000
parameters
   -0.3539    5.0132   12.4827   -1.5662   -4.7630   -8.0915
   12.1640    4.4377  -12.6477    5.0957    2.6903   -5.9268
eta,q 0.97768 10.13277
  0.0231  0.0230  0.0230  0.0236  0.0233  0.0244  0.0231  0.0236  0.0229  0.0233  0.0228  0.0228
  0.0227  0.0226  0.0226  0.0230  0.0227  0.0236  0.0227  0.0229  0.0225  0.0228  0.0225  0.0225
  0.0224  0.0224  0.0224  0.0226  0.0224  0.0228  0.0224  0.0225  0.0224  0.0224  0.0224  0.0224
  0.0224  0.0224  0.0224  0.0223  0.0223  0.0223  0.0223  0.0223  0.0223  0.0223  0.0223  0.0223
  0.0225  0.0224  0.0224  0.0224  0.0225  0.0224  0.0224  0.0225  0.0224  0.0224  0.0224  0.0224
  0.0227  0.0226  0.0226  0.0228  0.0229  0.0231  0.0227  0.0229  0.0226  0.0227  0.0225  0.0225
  0.0232  0.0230  0.0228  0.0236  0.0235  0.0243  0.0231  0.0237  0.0229  0.0233  0.0227  0.0228
niter,ni,del,rscale     2    3    5.0000    0.5000
parameters
   -0.3699    5.0090   12.5161   -1.4711   -4.8677   -7.9781
   12.1893    4.4283  -12.6709    5.0837    2.7349   -5.9642
eta,q 0.97770 10.13541
  0.0229  0.0227  0.0227  0.0232  0.0230  0.0239  0.0229  0.0232  0.0227  0.0230  0.0226  0.0226
  0.0226  0.0225  0.0225  0.0228  0.0226  0.0232  0.0226  0.0227  0.0225  0.0226  0.0224  0.0224
  0.0224  0.0224  0.0224  0.0225  0.0224  0.0226  0.0224  0.0224  0.0223  0.0224  0.0223  0.0223
  0.0223  0.0223  0.0223  0.0223  0.0223  0.0223  0.0223  0.0223  0.0223  0.0223  0.0223  0.0223
  0.0224  0.0224  0.0224  0.0224  0.0224  0.0224  0.0224  0.0224  0.0223  0.0224  0.0223  0.0223
  0.0226  0.0225  0.0225  0.0226  0.0227  0.0229  0.0225  0.0227  0.0225  0.0226  0.0224  0.0224
  0.0229  0.0227  0.0227  0.0232  0.0231  0.0238  0.0229  0.0232  0.0227  0.0230  0.0226  0.0226
niter,ni,del,rscale     1    3    5.0000    0.4000
parameters
   -0.3806    5.0073   12.5380   -1.4056   -4.9224   -7.8939
   12.1951    4.4288  -12.6823    5.0732    2.7347   -5.9831
eta,q 0.97771 10.13752
  0.0227  0.0226  0.0226  0.0229  0.0228  0.0234  0.0227  0.0229  0.0225  0.0227  0.0225  0.0225
  0.0225  0.0224  0.0224  0.0226  0.0225  0.0229  0.0225  0.0226  0.0224  0.0225  0.0224  0.0224
  0.0223  0.0223  0.0223  0.0224  0.0223  0.0225  0.0223  0.0224  0.0223  0.0223  0.0223  0.0223
  0.0223  0.0223  0.0223  0.0223  0.0223  0.0223  0.0223  0.0223  0.0223  0.0223  0.0223  0.0223
  0.0223  0.0223  0.0223  0.0223  0.0224  0.0224  0.0223  0.0224  0.0223  0.0223  0.0223  0.0223
  0.0225  0.0224  0.0224  0.0225  0.0225  0.0227  0.0225  0.0226  0.0224  0.0225  0.0224  0.0224
  0.0227  0.0226  0.0225  0.0229  0.0228  0.0233  0.0227  0.0229  0.0225  0.0227  0.0225  0.0225
registration optimization eta report
parameter search radius
    0.8000    0.8000    0.8000    2.4000    2.4000    2.4000
    2.4000    2.4000    2.4000    2.4000    2.4000    2.4000
100000*second partial in parameter space
       58.       43.       41.       10.        8.       18.
        6.       11.        4.        8.        4.        4.
  0.0227  0.0226  0.0226  0.0229  0.0228  0.0234  0.0227  0.0229  0.0225  0.0227  0.0225  0.0225
  0.0225  0.0224  0.0224  0.0226  0.0225  0.0229  0.0225  0.0226  0.0224  0.0225  0.0224  0.0224
  0.0223  0.0223  0.0223  0.0224  0.0223  0.0225  0.0223  0.0224  0.0223  0.0223  0.0223  0.0223
  0.0223  0.0223  0.0223  0.0223  0.0223  0.0223  0.0223  0.0223  0.0223  0.0223  0.0223  0.0223
  0.0223  0.0223  0.0223  0.0223  0.0224  0.0224  0.0223  0.0224  0.0223  0.0223  0.0223  0.0223
  0.0225  0.0224  0.0224  0.0225  0.0225  0.0227  0.0225  0.0226  0.0224  0.0225  0.0224  0.0224
  0.0227  0.0226  0.0225  0.0229  0.0228  0.0233  0.0227  0.0229  0.0225  0.0227  0.0225  0.0225
   -0.3806    5.0073   12.5380   -1.4056   -4.9224   -7.8939
   12.1951    4.4288  -12.6823    5.0732    2.7347   -5.9831
eta,q 0.97771 10.13752

---------------------------------------------------------------------
imgreg_4dfp /opt/freesurfer/average/711-2C_as_mni_average_305 /opt/freesurfer/average/711-2B_as_mni_average_305_mask talsrcimg_g11 none talsrcimg_to_711-2C_as_mni_average_305_t4 2311
---------------------------------------------------------------------

freesurfer imgreg_4dfp.c
/opt/freesurfer/average/711-2C_as_mni_average_305.4dfp.img
       256       256       256         1
  1.000000  1.000000  1.000000
orientation T byte_order littleendian
Reading image: /opt/freesurfer/average/711-2C_as_mni_average_305.4dfp.img
dimensions:      256       256       256
mmppix:       1.0000   -1.0000   -1.0000
center:     128.0000 -129.0000 -129.0000
/opt/freesurfer/average/711-2B_as_mni_average_305_mask.4dfp.img
       256       256       256         1
  1.000000  1.000000  1.000000
orientation T byte_order littleendian
Reading mask: /opt/freesurfer/average/711-2B_as_mni_average_305_mask.4dfp.img (2306576 pixels)
talsrcimg_g11.4dfp.img
       256       256       256         1
  1.000000  1.000000  1.000000
orientation T byte_order littleendian
Reading image: talsrcimg_g11.4dfp.img
dimensions:      256       256       256
mmppix:       1.0000   -1.0000   -1.0000
center:     128.0000 -129.0000 -129.0000
fimgreg.f
image alignment mode   2311 decimal      907 hex
parameters
   -0.3806    5.0073   12.5380   -1.4056   -4.9224   -7.8938
   12.1951    4.4288  -12.6823    5.0732    2.7347   -5.9831
eta,q 0.97771 10.13753
niter,ni,del,rscale     5    3    5.0000    0.8000
parameters
   -0.3822    5.0120   12.5817   -1.7865   -4.7810   -8.1693
   12.1838    4.3320  -12.6689    5.1323    2.6308   -5.8931
eta,q 0.97765 10.12654
  0.0238  0.0234  0.0234  0.0240  0.0242  0.0251  0.0237  0.0245  0.0233  0.0240  0.0231  0.0232
  0.0229  0.0228  0.0228  0.0232  0.0232  0.0239  0.0230  0.0233  0.0228  0.0231  0.0227  0.0227
  0.0225  0.0224  0.0224  0.0226  0.0226  0.0229  0.0225  0.0226  0.0225  0.0225  0.0224  0.0224
  0.0223  0.0223  0.0223  0.0223  0.0223  0.0223  0.0224  0.0223  0.0224  0.0224  0.0223  0.0223
  0.0225  0.0224  0.0224  0.0225  0.0225  0.0227  0.0225  0.0226  0.0225  0.0225  0.0225  0.0224
  0.0229  0.0228  0.0227  0.0234  0.0231  0.0241  0.0230  0.0234  0.0228  0.0231  0.0227  0.0227
  0.0238  0.0234  0.0233  0.0250  0.0239  0.0261  0.0238  0.0246  0.0233  0.0239  0.0231  0.0231
niter,ni,del,rscale     4    3    5.0000    0.7000
parameters
   -0.3569    5.0128   12.5189   -1.6745   -4.7598   -8.1752
   12.1846    4.3931  -12.6537    5.1144    2.6538   -5.9003
eta,q 0.97766 10.12895
  0.0235  0.0232  0.0230  0.0239  0.0237  0.0248  0.0234  0.0241  0.0231  0.0236  0.0229  0.0229
  0.0229  0.0227  0.0226  0.0232  0.0230  0.0238  0.0228  0.0232  0.0227  0.0229  0.0226  0.0226
  0.0225  0.0224  0.0224  0.0227  0.0225  0.0229  0.0225  0.0226  0.0224  0.0225  0.0224  0.0224
  0.0223  0.0223  0.0223  0.0223  0.0223  0.0223  0.0223  0.0223  0.0223  0.0223  0.0223  0.0223
  0.0225  0.0224  0.0225  0.0224  0.0225  0.0225  0.0224  0.0225  0.0224  0.0225  0.0224  0.0224
  0.0228  0.0227  0.0227  0.0229  0.0230  0.0235  0.0228  0.0231  0.0227  0.0229  0.0226  0.0226
  0.0234  0.0232  0.0232  0.0240  0.0237  0.0251  0.0234  0.0240  0.0231  0.0236  0.0229  0.0230
niter,ni,del,rscale     3    3    5.0000    0.6000
parameters
   -0.3629    5.0131   12.5056   -1.5543   -4.8109   -8.0830
   12.1798    4.4123  -12.6520    5.1061    2.6968   -5.9502
eta,q 0.97768 10.13247
  0.0231  0.0229  0.0229  0.0236  0.0233  0.0243  0.0231  0.0236  0.0229  0.0233  0.0228  0.0228
  0.0227  0.0226  0.0226  0.0230  0.0228  0.0235  0.0227  0.0229  0.0226  0.0227  0.0225  0.0225
  0.0224  0.0224  0.0224  0.0226  0.0224  0.0227  0.0224  0.0225  0.0224  0.0224  0.0224  0.0224
  0.0223  0.0223  0.0223  0.0223  0.0223  0.0223  0.0223  0.0223  0.0223  0.0223  0.0223  0.0223
  0.0224  0.0224  0.0224  0.0224  0.0225  0.0224  0.0224  0.0225  0.0224  0.0224  0.0224  0.0224
  0.0227  0.0226  0.0226  0.0228  0.0228  0.0232  0.0227  0.0229  0.0226  0.0228  0.0225  0.0225
  0.0231  0.0229  0.0229  0.0235  0.0234  0.0244  0.0231  0.0236  0.0228  0.0233  0.0227  0.0228
niter,ni,del,rscale     2    3    5.0000    0.5000
parameters
   -0.3717    5.0095   12.5198   -1.4658   -4.8797   -7.9780
   12.1872    4.4250  -12.6669    5.0922    2.7233   -5.9679
eta,q 0.97770 10.13535
  0.0229  0.0227  0.0227  0.0232  0.0230  0.0239  0.0229  0.0232  0.0227  0.0230  0.0226  0.0226
  0.0226  0.0225  0.0225  0.0228  0.0226  0.0232  0.0226  0.0227  0.0225  0.0226  0.0224  0.0224
  0.0224  0.0224  0.0224  0.0225  0.0224  0.0226  0.0224  0.0224  0.0223  0.0224  0.0223  0.0223
  0.0223  0.0223  0.0223  0.0223  0.0223  0.0223  0.0223  0.0223  0.0223  0.0223  0.0223  0.0223
  0.0224  0.0224  0.0224  0.0224  0.0224  0.0224  0.0224  0.0224  0.0223  0.0224  0.0223  0.0223
  0.0226  0.0225  0.0225  0.0226  0.0227  0.0229  0.0225  0.0227  0.0225  0.0226  0.0224  0.0224
  0.0229  0.0227  0.0227  0.0232  0.0231  0.0238  0.0229  0.0232  0.0227  0.0230  0.0226  0.0226
niter,ni,del,rscale     1    3    5.0000    0.4000
parameters
   -0.3797    5.0065   12.5400   -1.3998   -4.9240   -7.8936
   12.1972    4.4337  -12.6881    5.0695    2.7349   -5.9751
eta,q 0.97771 10.13766
  0.0227  0.0226  0.0226  0.0229  0.0228  0.0234  0.0227  0.0229  0.0225  0.0227  0.0225  0.0225
  0.0225  0.0224  0.0224  0.0226  0.0225  0.0229  0.0225  0.0226  0.0224  0.0225  0.0224  0.0224
  0.0223  0.0223  0.0223  0.0224  0.0223  0.0225  0.0223  0.0224  0.0223  0.0223  0.0223  0.0223
  0.0223  0.0223  0.0223  0.0223  0.0223  0.0223  0.0223  0.0223  0.0223  0.0223  0.0223  0.0223
  0.0223  0.0223  0.0223  0.0223  0.0223  0.0224  0.0223  0.0224  0.0223  0.0223  0.0223  0.0223
  0.0225  0.0224  0.0224  0.0225  0.0225  0.0227  0.0224  0.0226  0.0224  0.0225  0.0224  0.0224
  0.0227  0.0226  0.0225  0.0229  0.0228  0.0233  0.0227  0.0229  0.0225  0.0227  0.0225  0.0225
registration optimization eta report
parameter search radius
    0.8000    0.8000    0.8000    2.4000    2.4000    2.4000
    2.4000    2.4000    2.4000    2.4000    2.4000    2.4000
100000*second partial in parameter space
       58.       43.       42.       10.        8.       18.
        6.       11.        4.        8.        4.        4.
  0.0227  0.0226  0.0226  0.0229  0.0228  0.0234  0.0227  0.0229  0.0225  0.0227  0.0225  0.0225
  0.0225  0.0224  0.0224  0.0226  0.0225  0.0229  0.0225  0.0226  0.0224  0.0225  0.0224  0.0224
  0.0223  0.0223  0.0223  0.0224  0.0223  0.0225  0.0223  0.0224  0.0223  0.0223  0.0223  0.0223
  0.0223  0.0223  0.0223  0.0223  0.0223  0.0223  0.0223  0.0223  0.0223  0.0223  0.0223  0.0223
  0.0223  0.0223  0.0223  0.0223  0.0223  0.0224  0.0223  0.0224  0.0223  0.0223  0.0223  0.0223
  0.0225  0.0224  0.0224  0.0225  0.0225  0.0227  0.0224  0.0226  0.0224  0.0225  0.0224  0.0224
  0.0227  0.0226  0.0225  0.0229  0.0228  0.0233  0.0227  0.0229  0.0225  0.0227  0.0225  0.0225
   -0.3797    5.0065   12.5400   -1.3998   -4.9240   -7.8936
   12.1972    4.4337  -12.6881    5.0695    2.7349   -5.9751
eta,q 0.97771 10.13766

---------------------------------------------------------------------
compute_vox2vox talsrcimg talsrcimg_to_711-2C_as_mni_average_305_t4 /opt/freesurfer/average/711-2C_as_mni_average_305
---------------------------------------------------------------------

freesurfer compute_vox2vox.c
Reading: talsrcimg.4dfp.ifh
Reading: talsrcimg_to_711-2C_as_mni_average_305_t4
Reading: /opt/freesurfer/average/711-2C_as_mni_average_305.4dfp.ifh
Writing: talsrcimg_to_711-2C_as_mni_average_305_t4_vox2vox.txt

start time Fri Mar 13 04:26:37 CET 2026
end		time Fri Mar 13 04:28:07 CET 2026

mpr2mni305 success

avi2talxfm orig_nu.mgz /opt/freesurfer/average/mni305.cor.mgz talsrcimg_to_711-2C_as_mni_average_305_t4_vox2vox.txt transforms/talairach.auto.xfm
avi2talxfm done
mv -f /out/sourcedata/freesurfer/sub-v2s4x29599_ses-1/mri/talsrcimg_to_711-2C_as_mni_average_305_t4_vox2vox.txt /out/sourcedata/freesurfer/sub-v2s4x29599_ses-1/mri/transforms/talsrcimg_to_711-2C_as_mni_average_305_t4_vox2vox.txt
lta_convert --src orig_nu.mgz --trg /opt/freesurfer/average/mni305.cor.mgz --inxfm transforms/talairach.auto.xfm --outlta transforms/talairach.auto.xfm.lta --subject fsaverage
7.3.2

--src: orig_nu.mgz src image (geometry).
--trg: /opt/freesurfer/average/mni305.cor.mgz trg image (geometry).
--inmni: transforms/talairach.auto.xfm input MNI/XFM transform.
--outlta: transforms/talairach.auto.xfm.lta output LTA.
--s: fsaverage subject name
 LTA read, type : 1
 0.99852  -0.04087  -0.13067  -3.91628;
-0.02093   1.08282   0.07074  -3.31381;
 0.13437  -0.06319   1.03058  -25.29721;
 0.00000   0.00000   0.00000   1.00000;
setting subject to fsaverage
Writing  LTA to file transforms/talairach.auto.xfm.lta...
lta_convert successful.
 
 
Started at Fri Mar 13 04:26:36 CET 2026
Ended   at Fri Mar 13 04:28:07 CET 2026
talairach_avi done
