status file for recon-all
Fri Mar 13 06:45:39 CET 2026
#@# Tessellate rh Fri Mar 13 06:45:39 CET 2026
#@# Smooth1 rh Fri Mar 13 06:45:42 CET 2026
#@# Inflation1 rh Fri Mar 13 06:45:44 CET 2026
#@# QSphere rh Fri Mar 13 06:45:52 CET 2026
#@# Fix Topology rh Fri Mar 13 06:46:37 CET 2026
#@# Smooth2 rh Fri Mar 13 06:50:43 CET 2026
#@# Inflation2 rh Fri Mar 13 06:50:45 CET 2026
#@# Curv .H and .K rh Fri Mar 13 06:50:53 CET 2026
#@# Sphere rh Fri Mar 13 06:51:28 CET 2026
#@# Surf Reg rh Fri Mar 13 06:52:45 CET 2026
#@# Jacobian white rh Fri Mar 13 06:55:07 CET 2026
#@# AvgCurv rh Fri Mar 13 06:55:07 CET 2026
#@# Cortical Parc rh Fri Mar 13 06:55:08 CET 2026
#@# white curv rh Fri Mar 13 06:59:28 CET 2026
#@# white area rh Fri Mar 13 06:59:29 CET 2026
#@# pial curv rh Fri Mar 13 06:59:29 CET 2026
#@# pial area rh Fri Mar 13 06:59:30 CET 2026
#@# thickness rh Fri Mar 13 06:59:31 CET 2026
#@# area and vertex vol rh Fri Mar 13 06:59:48 CET 2026
#@# Curvature Stats rh Fri Mar 13 06:59:49 CET 2026
#@# Cortical Parc 2 rh Fri Mar 13 06:59:50 CET 2026
#@# Cortical Parc 3 rh Fri Mar 13 06:59:59 CET 2026
#@# WM/GM Contrast rh Fri Mar 13 07:00:06 CET 2026
recon-all -s sub-v2s4x29612_ses-1 finished without error at Fri Mar 13 07:00:08 CET 2026



#New# invocation of recon-all 



status file for recon-all
Fri Mar 13 07:06:38 CET 2026
#@# white curv rh Fri Mar 13 07:06:38 CET 2026
#@# white area rh Fri Mar 13 07:06:38 CET 2026
#@# pial curv rh Fri Mar 13 07:06:38 CET 2026
#@# pial area rh Fri Mar 13 07:06:38 CET 2026
#@# thickness rh Fri Mar 13 07:06:38 CET 2026
#@# area and vertex vol rh Fri Mar 13 07:06:39 CET 2026
#@# Parcellation Stats rh Fri Mar 13 07:06:39 CET 2026
#@# Parcellation Stats 2 rh Fri Mar 13 07:06:51 CET 2026
#@# Parcellation Stats 3 rh Fri Mar 13 07:06:58 CET 2026
#@# BA_exvivo Labels rh Fri Mar 13 07:07:04 CET 2026
recon-all -s sub-v2s4x29612_ses-1 finished without error at Fri Mar 13 07:08:47 CET 2026
