/out/sourcedata/freesurfer/sub-v2s4x29618_ses-1/mri
/opt/freesurfer/bin/talairach_avi
--i orig_nu.mgz --xfm transforms/talairach.auto.xfm
talairach_avi 7.3.2
Linux dna079 5.14.0-427.37.1.el9_4.x86_64 #1 SMP PREEMPT_DYNAMIC Fri Sep 13 12:41:50 EDT 2024 x86_64 x86_64 x86_64 GNU/Linux
Fri Mar 13 05:35:58 CET 2026
mri_convert orig_nu.mgz talsrcimg.img 
reading from orig_nu.mgz...
TR=0.00, TE=0.00, TI=0.00, flip angle=0.00
i_ras = (-1, 0, 0)
j_ras = (-3.72529e-09, 0, -1)
k_ras = (0, 1, 0)
writing to talsrcimg.img...
Analyze Output Matrix
-1.00000  -0.00000   0.00000   134.23924;
 0.00000   0.00000   1.00000  -126.64985;
 0.00000  -1.00000   0.00000   157.81351;
 0.00000   0.00000   0.00000   1.00000;
--------------------
INFO: set hdr.hist.orient to -1
mpr2mni305 talsrcimg
Fri Mar 13 05:35:58 CET 2026
/opt/freesurfer/bin/mpr2mni305 talsrcimg
mpr2mni305 7.3.2
target=711-2C_as_mni_average_305

---------------------------------------------------------------------
analyzeto4dfp talsrcimg -O0 -y
---------------------------------------------------------------------

freesurfer ifh2hdr.c
Fri Mar 13 05:35:58 2026
Writing: talsrcimg.4dfp.hdr
freesurfer analyzeto4dfp.c
Reading: talsrcimg.hdr
header size 348 bytes
hdr.dime.datatype	offset=70	value=2
hdr.dime.bitpix		offset=72	value=8
hdr.hist.orient		offset=252	value=-1
dimensionality     4
dimensions       256       256       256         1
Reading: talsrcimg.img
Writing: talsrcimg.4dfp.img
Writing: talsrcimg.4dfp.ifh
ifh2hdr talsrcimg -r0to255
ori=2

---------------------------------------------------------------------
gauss_4dfp talsrcimg 1.1
---------------------------------------------------------------------

freesurfer gauss_4dfp.c
Reading: talsrcimg.4dfp.img
Writing: talsrcimg_g11.4dfp.img
image dimensions 256 256 256 padded to 288 288 288
processing volume 1freesurfer ifh2hdr.c
Fri Mar 13 05:36:00 2026
Writing: talsrcimg_g11.4dfp.hdr

Writing: talsrcimg_g11.4dfp.ifh
including: talsrcimg.4dfp.img.rec in talsrcimg_g11.4dfp.img.rec

---------------------------------------------------------------------
imgreg_4dfp /opt/freesurfer/average/711-2C_as_mni_average_305 none talsrcimg_g11 none talsrcimg_to_711-2C_as_mni_average_305_t4 4355
---------------------------------------------------------------------

freesurfer imgreg_4dfp.c
/opt/freesurfer/average/711-2C_as_mni_average_305.4dfp.img
       256       256       256         1
  1.000000  1.000000  1.000000
orientation T byte_order littleendian
Reading image: /opt/freesurfer/average/711-2C_as_mni_average_305.4dfp.img
dimensions:      256       256       256
mmppix:       1.0000   -1.0000   -1.0000
center:     128.0000 -129.0000 -129.0000
talsrcimg_g11.4dfp.img
       256       256       256         1
  1.000000  1.000000  1.000000
orientation T byte_order littleendian
Reading image: talsrcimg_g11.4dfp.img
dimensions:      256       256       256
mmppix:       1.0000   -1.0000   -1.0000
center:     128.0000 -129.0000 -129.0000
t4_read: open error in t4_sub.f l:  41 t4_file(1:l)talsrcimg_to_711-2C_as_mni_average_305_t4 
t4_read: transform initialized to I4
rotation matrix determinant  1.000000
image alignment mode   4355 decimal     1103 hex
   -7.5000  -45.0000  -45.0000 5987.6685   11.5659
    0.0000  -45.0000  -45.0000 6255.0947   11.5442
    7.5000  -45.0000  -45.0000 5970.4131   11.5377
   -7.5000  -37.5000  -45.0000 6455.7446   11.3251
    0.0000  -37.5000  -45.0000 6754.7666   11.3079
    7.5000  -37.5000  -45.0000 6438.4214   11.3036
   -7.5000  -30.0000  -45.0000 7229.3398   11.2379
    0.0000  -30.0000  -45.0000 7565.9189   11.2260
    7.5000  -30.0000  -45.0000 7213.7866   11.2182
   -7.5000  -22.5000  -45.0000 8044.7349   11.2380
    0.0000  -22.5000  -45.0000 8413.5107   11.2271
    7.5000  -22.5000  -45.0000 8019.1470   11.2144
   -7.5000  -15.0000  -45.0000 8865.8467   11.2308
    0.0000  -15.0000  -45.0000 9252.3477   11.2164
    7.5000  -15.0000  -45.0000 8830.6260   11.2018
   -7.5000   -7.5000  -45.0000 9651.6895   11.2235
    0.0000   -7.5000  -45.000010079.2012   11.2041
    7.5000   -7.5000  -45.0000 9624.1631   11.1925
   -7.5000    0.0000  -45.000010330.8662   11.2231
    0.0000    0.0000  -45.000010786.8457   11.2021
    7.5000    0.0000  -45.000010298.4961   11.1957
   -7.5000    7.5000  -45.000010222.0850   11.2293
    0.0000    7.5000  -45.000010702.4297   11.2122
    7.5000    7.5000  -45.000010182.8652   11.2077
   -7.5000   15.0000  -45.000010107.6182   11.2368
    0.0000   15.0000  -45.000010554.8516   11.2250
    7.5000   15.0000  -45.000010064.5322   11.2171
   -7.5000   22.5000  -45.0000 9984.8613   11.2364
    0.0000   22.5000  -45.000010419.1270   11.2255
    7.5000   22.5000  -45.0000 9923.7471   11.2129
   -7.5000   30.0000  -45.0000 9616.3271   11.0811
    0.0000   30.0000  -45.000010026.8398   11.0669
    7.5000   30.0000  -45.0000 9545.1738   11.0525
   -7.5000   37.5000  -45.0000 9488.3789   11.0739
    0.0000   37.5000  -45.0000 9882.1836   11.0548
    7.5000   37.5000  -45.0000 9382.9189   11.0434
   -7.5000   45.0000  -45.0000 8950.5957   10.7923
    0.0000   45.0000  -45.0000 9332.4209   10.7722
    7.5000   45.0000  -45.0000 8847.9414   10.7660
   -7.5000  -45.0000  -37.5000 6358.3853   11.4325
    0.0000  -45.0000  -37.5000 6640.3945   11.4137
    7.5000  -45.0000  -37.5000 6324.3979   11.4079
   -7.5000  -37.5000  -37.5000 6857.0669   11.2005
    0.0000  -37.5000  -37.5000 7166.8638   11.1868
    7.5000  -37.5000  -37.5000 6829.1099   11.1846
   -7.5000  -30.0000  -37.5000 7700.2734   11.1152
    0.0000  -30.0000  -37.5000 8042.7085   11.1053
    7.5000  -30.0000  -37.5000 7650.7710   11.0987
   -7.5000  -22.5000  -37.5000 8585.9014   11.1117
    0.0000  -22.5000  -37.5000 8946.8467   11.1006
    7.5000  -22.5000  -37.5000 8517.9541   11.0865
   -7.5000  -15.0000  -37.5000 9469.1221   11.1009
    0.0000  -15.0000  -37.5000 9840.3799   11.0856
    7.5000  -15.0000  -37.5000 9376.7920   11.0680
   -7.5000   -7.5000  -37.500010339.0264   11.0945
    0.0000   -7.5000  -37.500010740.2002   11.0759
    7.5000   -7.5000  -37.500010241.5303   11.0626
   -7.5000    0.0000  -37.500011055.7207   11.0979
    0.0000    0.0000  -37.500011494.8115   11.0798
    7.5000    0.0000  -37.500010967.9160   11.0740
   -7.5000    7.5000  -37.500010891.7002   11.1068
    0.0000    7.5000  -37.500011358.4922   11.0931
    7.5000    7.5000  -37.500010830.9346   11.0906
   -7.5000   15.0000  -37.500010756.5381   11.1143
    0.0000   15.0000  -37.500011193.4014   11.1043
    7.5000   15.0000  -37.500010686.7285   11.0977
   -7.5000   22.5000  -37.500010589.7148   11.1102
    0.0000   22.5000  -37.500011038.4932   11.0991
    7.5000   22.5000  -37.500010524.1855   11.0850
   -7.5000   30.0000  -37.500010200.8457   10.9530
    0.0000   30.0000  -37.500010626.2705   10.9378
    7.5000   30.0000  -37.500010120.8477   10.9205
   -7.5000   37.5000  -37.500010033.7305   10.9467
    0.0000   37.5000  -37.500010452.6025   10.9283
    7.5000   37.5000  -37.5000 9925.4150   10.9152
   -7.5000   45.0000  -37.5000 9487.4590   10.6719
    0.0000   45.0000  -37.5000 9883.8506   10.6546
    7.5000   45.0000  -37.5000 9380.8047   10.6490
   -7.5000  -45.0000  -30.0000 6842.3916   11.8145
    0.0000  -45.0000  -30.0000 7134.1865   11.7996
    7.5000  -45.0000  -30.0000 6800.6206   11.7958
   -7.5000  -37.5000  -30.0000 7403.5776   11.5743
    0.0000  -37.5000  -30.0000 7719.2661   11.5630
    7.5000  -37.5000  -30.0000 7357.0679   11.5629
   -7.5000  -30.0000  -30.0000 8333.8467   11.4830
    0.0000  -30.0000  -30.0000 8678.1016   11.4730
    7.5000  -30.0000  -30.0000 8264.6650   11.4677
   -7.5000  -22.5000  -30.0000 9308.9609   11.4779
    0.0000  -22.5000  -30.0000 9679.0918   11.4653
    7.5000  -22.5000  -30.0000 9225.4922   11.4518
   -7.5000  -15.0000  -30.000010254.5508   11.4691
    0.0000  -15.0000  -30.000010639.6943   11.4536
    7.5000  -15.0000  -30.000010145.3604   11.4368
   -7.5000   -7.5000  -30.000011214.1504   11.4667
    0.0000   -7.5000  -30.000011629.3125   11.4507
    7.5000   -7.5000  -30.000011092.1709   11.4390
   -7.5000    0.0000  -30.000012005.0586   11.4720
    0.0000    0.0000  -30.000012459.7539   11.4575
    7.5000    0.0000  -30.000011886.7041   11.4540
   -7.5000    7.5000  -30.000011821.6768   11.4784
    0.0000    7.5000  -30.000012294.7305   11.4670
    7.5000    7.5000  -30.000011732.0430   11.4665
   -7.5000   15.0000  -30.000011620.4756   11.4820
    0.0000   15.0000  -30.000012070.1572   11.4719
    7.5000   15.0000  -30.000011522.8750   11.4666
   -7.5000   22.5000  -30.000011401.7500   11.4752
    0.0000   22.5000  -30.000011846.5342   11.4626
    7.5000   22.5000  -30.000011312.0303   11.4491
   -7.5000   30.0000  -30.000010967.6016   11.3173
    0.0000   30.0000  -30.000011406.9443   11.3020
    7.5000   30.0000  -30.000010893.6514   11.2855
   -7.5000   37.5000  -30.000010777.0752   11.3150
    0.0000   37.5000  -30.000011217.3057   11.2991
    7.5000   37.5000  -30.000010695.6982   11.2877
   -7.5000   45.0000  -30.000010198.8174   11.0398
    0.0000   45.0000  -30.000010633.9727   11.0259
    7.5000   45.0000  -30.000010128.4795   11.0224
   -7.5000  -45.0000  -22.5000 7353.3735   12.2019
    0.0000  -45.0000  -22.5000 7661.5420   12.1863
    7.5000  -45.0000  -22.5000 7304.8545   12.1829
   -7.5000  -37.5000  -22.5000 7979.3975   11.9519
    0.0000  -37.5000  -22.5000 8314.5137   11.9384
    7.5000  -37.5000  -22.5000 7917.5952   11.9374
   -7.5000  -30.0000  -22.5000 8984.7510   11.8563
    0.0000  -30.0000  -22.5000 9343.3008   11.8435
    7.5000  -30.0000  -22.5000 8897.1035   11.8379
   -7.5000  -22.5000  -22.500010039.8955   11.8522
    0.0000  -22.5000  -22.500010441.5537   11.8379
    7.5000  -22.5000  -22.5000 9948.6240   11.8264
   -7.5000  -15.0000  -22.500011076.7285   11.8459
    0.0000  -15.0000  -22.500011496.5879   11.8304
    7.5000  -15.0000  -22.500010959.6494   11.8175
   -7.5000   -7.5000  -22.500012104.1436   11.8445
    0.0000   -7.5000  -22.500012556.5898   11.8288
    7.5000   -7.5000  -22.500011980.4463   11.8203
   -7.5000    0.0000  -22.500012954.2627   11.8486
    0.0000    0.0000  -22.500013448.7646   11.8334
    7.5000    0.0000  -22.500012852.6289   11.8305
   -7.5000    7.5000  -22.500012779.3662   11.8531
    0.0000    7.5000  -22.500013268.2930   11.8396
    7.5000    7.5000  -22.500012694.1875   11.8382
   -7.5000   15.0000  -22.500012538.8604   11.8552
    0.0000   15.0000  -22.500013004.8428   11.8425
    7.5000   15.0000  -22.500012442.5977   11.8368
   -7.5000   22.5000  -22.500012253.6523   11.8486
    0.0000   22.5000  -22.500012730.1787   11.8342
    7.5000   22.5000  -22.500012200.4121   11.8228
   -7.5000   30.0000  -22.500011790.6104   11.6910
    0.0000   30.0000  -22.500012257.4746   11.6757
    7.5000   30.0000  -22.500011756.5889   11.6630
   -7.5000   37.5000  -22.500011578.4658   11.6896
    0.0000   37.5000  -22.500012044.5254   11.6741
    7.5000   37.5000  -22.500011539.6055   11.6656
   -7.5000   45.0000  -22.500010930.7236   11.4108
    0.0000   45.0000  -22.500011390.4912   11.3962
    7.5000   45.0000  -22.500010912.0225   11.3934
   -7.5000  -45.0000  -15.0000 7859.3730   12.5065
    0.0000  -45.0000  -15.0000 8180.3247   12.4869
    7.5000  -45.0000  -15.0000 7793.2720   12.4826
   -7.5000  -37.5000  -15.0000 8553.8936   12.2486
    0.0000  -37.5000  -15.0000 8922.7969   12.2309
    7.5000  -37.5000  -15.0000 8484.8408   12.2278
   -7.5000  -30.0000  -15.0000 9646.3867   12.1512
    0.0000  -30.0000  -15.000010055.6582   12.1357
    7.5000  -30.0000  -15.0000 9575.0791   12.1288
   -7.5000  -22.5000  -15.000010797.2402   12.1496
    0.0000  -22.5000  -15.000011236.9424   12.1344
    7.5000  -22.5000  -15.000010709.1826   12.1240
   -7.5000  -15.0000  -15.000011923.7715   12.1452
    0.0000  -15.0000  -15.000012378.8516   12.1293
    7.5000  -15.0000  -15.000011809.3438   12.1188
   -7.5000   -7.5000  -15.000013012.3633   12.1421
    0.0000   -7.5000  -15.000013496.7002   12.1243
    7.5000   -7.5000  -15.000012900.3174   12.1171
   -7.5000    0.0000  -15.000013924.2803   12.1437
    0.0000    0.0000  -15.000014474.3721   12.1244
    7.5000    0.0000  -15.000013826.4941   12.1208
   -7.5000    7.5000  -15.000013764.2930   12.1472
    0.0000    7.5000  -15.000014273.2979   12.1296
    7.5000    7.5000  -15.000013665.9756   12.1262
   -7.5000   15.0000  -15.000013491.1572   12.1501
    0.0000   15.0000  -15.000013988.8135   12.1346
    7.5000   15.0000  -15.000013404.6777   12.1277
   -7.5000   22.5000  -15.000013226.3203   12.1453
    0.0000   22.5000  -15.000013713.6143   12.1301
    7.5000   22.5000  -15.000013156.8154   12.1197
   -7.5000   30.0000  -15.000012733.0605   11.9880
    0.0000   30.0000  -15.000013210.8857   11.9723
    7.5000   30.0000  -15.000012684.7686   11.9619
   -7.5000   37.5000  -15.000012455.1006   11.9850
    0.0000   37.5000  -15.000012934.4307   11.9674
    7.5000   37.5000  -15.000012439.8857   11.9603
   -7.5000   45.0000  -15.000011714.2354   11.7020
    0.0000   45.0000  -15.000012170.7461   11.6835
    7.5000   45.0000  -15.000011705.3027   11.6800
   -7.5000  -45.0000   -7.5000 8405.2568   12.6633
    0.0000  -45.0000   -7.5000 8757.6846   12.6393
    7.5000  -45.0000   -7.5000 8364.9863   12.6330
   -7.5000  -37.5000   -7.5000 9168.2656   12.4034
    0.0000  -37.5000   -7.5000 9560.0625   12.3831
    7.5000  -37.5000   -7.5000 9109.3906   12.3781
   -7.5000  -30.0000   -7.500010366.3408   12.3075
    0.0000  -30.0000   -7.500010815.2451   12.2921
    7.5000  -30.0000   -7.500010302.7314   12.2835
   -7.5000  -22.5000   -7.500011600.6064   12.3070
    0.0000  -22.5000   -7.500012095.9570   12.2931
    7.5000  -22.5000   -7.500011529.2988   12.2810
   -7.5000  -15.0000   -7.500012821.9287   12.3009
    0.0000  -15.0000   -7.500013335.0752   12.2848
    7.5000  -15.0000   -7.500012722.9043   12.2722
   -7.5000   -7.5000   -7.500013997.9141   12.2949
    0.0000   -7.5000   -7.500014564.9609   12.2741
    7.5000   -7.5000   -7.500013896.4404   12.2643
   -7.5000    0.0000   -7.500014997.7715   12.2952
    0.0000    0.0000   -7.500015605.5205   12.2718
    7.5000    0.0000   -7.500014870.9775   12.2659
   -7.5000    7.5000   -7.500014823.5244   12.3006
    0.0000    7.5000   -7.500015381.1035   12.2804
    7.5000    7.5000   -7.500014690.9512   12.2752
   -7.5000   15.0000   -7.500014532.5703   12.3064
    0.0000   15.0000   -7.500015082.1670   12.2910
    7.5000   15.0000   -7.500014421.7734   12.2824
   -7.5000   22.5000   -7.500014287.8271   12.3013
    0.0000   22.5000   -7.500014835.2090   12.2874
    7.5000   22.5000   -7.500014210.9570   12.2753
   -7.5000   30.0000   -7.500013779.4238   12.1414
    0.0000   30.0000   -7.500014317.8594   12.1255
    7.5000   30.0000   -7.500013741.1465   12.1130
   -7.5000   37.5000   -7.500013430.5303   12.1355
    0.0000   37.5000   -7.500013978.3047   12.1149
    7.5000   37.5000   -7.500013427.9326   12.1053
   -7.5000   45.0000   -7.500012574.4355   11.8502
    0.0000   45.0000   -7.500013068.8320   11.8277
    7.5000   45.0000   -7.500012571.3184   11.8220
   -7.5000  -45.0000    0.0000 8903.5957   12.6909
    0.0000  -45.0000    0.0000 9282.8506   12.6661
    7.5000  -45.0000    0.0000 8879.3359   12.6579
   -7.5000  -37.5000    0.0000 9738.1436   12.4333
    0.0000  -37.5000    0.000010145.1611   12.4140
    7.5000  -37.5000    0.0000 9660.4746   12.4087
   -7.5000  -30.0000    0.000011029.9805   12.3382
    0.0000  -30.0000    0.000011488.4150   12.3253
    7.5000  -30.0000    0.000010896.7441   12.3165
   -7.5000  -22.5000    0.000012363.3184   12.3354
    0.0000  -22.5000    0.000012870.1064   12.3236
    7.5000  -22.5000    0.000012207.7051   12.3094
   -7.5000  -15.0000    0.000013684.6602   12.3261
    0.0000  -15.0000    0.000014243.8838   12.3098
    7.5000  -15.0000    0.000013516.1611   12.2930
   -7.5000   -7.5000    0.000014975.4170   12.3196
    0.0000   -7.5000    0.000015612.5781   12.2974
    7.5000   -7.5000    0.000014827.4619   12.2835
   -7.5000    0.0000    0.000016093.8467   12.3219
    0.0000    0.0000    0.000016774.0508   12.2979
    7.5000    0.0000    0.000015915.6113   12.2898
   -7.5000    7.5000    0.000015864.2070   12.3301
    0.0000    7.5000    0.000016501.4004   12.3109
    7.5000    7.5000    0.000015706.3477   12.3054
   -7.5000   15.0000    0.000015553.4053   12.3371
    0.0000   15.0000    0.000016178.2939   12.3242
    7.5000   15.0000    0.000015410.2949   12.3154
   -7.5000   22.5000    0.000015324.5938   12.3298
    0.0000   22.5000    0.000015960.7402   12.3179
    7.5000   22.5000    0.000015187.4580   12.3037
   -7.5000   30.0000    0.000014791.5586   12.1666
    0.0000   30.0000    0.000015422.4062   12.1505
    7.5000   30.0000    0.000014690.0615   12.1339
   -7.5000   37.5000    0.000014436.8779   12.1601
    0.0000   37.5000    0.000015049.7686   12.1382
    7.5000   37.5000    0.000014361.3672   12.1245
   -7.5000   45.0000    0.000013472.2109   11.8769
    0.0000   45.0000    0.000014018.3428   11.8538
    7.5000   45.0000    0.000013383.3916   11.8459
   -7.5000  -45.0000    7.5000 8722.1650   12.6791
    0.0000  -45.0000    7.5000 9095.0713   12.6588
    7.5000  -45.0000    7.5000 8675.4980   12.6520
   -7.5000  -37.5000    7.5000 9546.1250   12.4225
    0.0000  -37.5000    7.5000 9949.2275   12.4078
    7.5000  -37.5000    7.5000 9446.9160   12.4052
   -7.5000  -30.0000    7.500010778.2764   12.3263
    0.0000  -30.0000    7.500011223.3027   12.3158
    7.5000  -30.0000    7.500010641.1748   12.3086
   -7.5000  -22.5000    7.500012094.2861   12.3214
    0.0000  -22.5000    7.500012574.0596   12.3097
    7.5000  -22.5000    7.500011890.9082   12.2941
   -7.5000  -15.0000    7.500013471.1016   12.3109
    0.0000  -15.0000    7.500014013.5781   12.2944
    7.5000  -15.0000    7.500013189.6455   12.2748
   -7.5000   -7.5000    7.500014869.4199   12.3064
    0.0000   -7.5000    7.500015518.1133   12.2862
    7.5000   -7.5000    7.500014594.7646   12.2711
   -7.5000    0.0000    7.500016149.8906   12.3112
    0.0000    0.0000    7.500016925.7168   12.2916
    7.5000    0.0000    7.500015837.7812   12.2848
   -7.5000    7.5000    7.500015968.1738   12.3195
    0.0000    7.5000    7.500016746.8789   12.3048
    7.5000    7.5000    7.500015667.7695   12.3019
   -7.5000   15.0000    7.500015586.1494   12.3252
    0.0000   15.0000    7.500016336.3213   12.3147
    7.5000   15.0000    7.500015296.8027   12.3075
   -7.5000   22.5000    7.500015329.6230   12.3158
    0.0000   22.5000    7.500016046.1592   12.3040
    7.5000   22.5000    7.500015028.6777   12.2885
   -7.5000   30.0000    7.500014766.3174   12.1516
    0.0000   30.0000    7.500015455.5947   12.1352
    7.5000   30.0000    7.500014500.0830   12.1160
   -7.5000   37.5000    7.500014419.6172   12.1471
    0.0000   37.5000    7.500015056.1025   12.1272
    7.5000   37.5000    7.500014156.6172   12.1123
   -7.5000   45.0000    7.500013424.1143   11.8666
    0.0000   45.0000    7.500013969.0811   11.8477
    7.5000   45.0000    7.500013158.3535   11.8411
   -7.5000  -45.0000   15.0000 8382.7334   12.6654
    0.0000  -45.0000   15.0000 8761.9521   12.6497
    7.5000  -45.0000   15.0000 8325.6436   12.6455
   -7.5000  -37.5000   15.0000 9190.0400   12.4081
    0.0000  -37.5000   15.0000 9617.6309   12.3962
    7.5000  -37.5000   15.0000 9110.3945   12.3959
   -7.5000  -30.0000   15.000010394.4658   12.3103
    0.0000  -30.0000   15.000010888.8975   12.2997
    7.5000  -30.0000   15.000010269.6299   12.2938
   -7.5000  -22.5000   15.000011672.6758   12.3050
    0.0000  -22.5000   15.000012217.6826   12.2917
    7.5000  -22.5000   15.000011459.8193   12.2770
   -7.5000  -15.0000   15.000013009.3223   12.2958
    0.0000  -15.0000   15.000013585.2119   12.2794
    7.5000  -15.0000   15.000012669.5762   12.2613
   -7.5000   -7.5000   15.000014611.3047   12.2933
    0.0000   -7.5000   15.000015271.6895   12.2763
    7.5000   -7.5000   15.000014098.0977   12.2638
   -7.5000    0.0000   15.000016277.3721   12.2988
    0.0000    0.0000   15.000017110.7051   12.2836
    7.5000    0.0000   15.000015474.0703   12.2796
   -7.5000    7.5000   15.000016280.8135   12.3054
    0.0000    7.5000   15.000017184.8945   12.2934
    7.5000    7.5000   15.000015427.2334   12.2928
   -7.5000   15.0000   15.000015726.7266   12.3092
    0.0000   15.0000   15.000016556.2402   12.2986
    7.5000   15.0000   15.000014998.3027   12.2927
   -7.5000   22.5000   15.000015203.6943   12.2993
    0.0000   22.5000   15.000015946.7500   12.2860
    7.5000   22.5000   15.000014624.8926   12.2714
   -7.5000   30.0000   15.000014504.5557   12.1366
    0.0000   30.0000   15.000015222.4238   12.1204
    7.5000   30.0000   15.000014086.5098   12.1026
   -7.5000   37.5000   15.000014113.3945   12.1342
    0.0000   37.5000   15.000014789.2324   12.1175
    7.5000   37.5000   15.000013793.4062   12.1051
   -7.5000   45.0000   15.000013110.8574   11.8546
    0.0000   45.0000   15.000013706.5947   11.8399
    7.5000   45.0000   15.000012822.2920   11.8361
   -7.5000  -45.0000   22.5000 7948.8682   12.6665
    0.0000  -45.0000   22.5000 8324.0576   12.6504
    7.5000  -45.0000   22.5000 7904.5449   12.6469
   -7.5000  -37.5000   22.5000 8732.3027   12.4071
    0.0000  -37.5000   22.5000 9165.8848   12.3930
    7.5000  -37.5000   22.5000 8681.9980   12.3919
   -7.5000  -30.0000   22.5000 9916.6191   12.3078
    0.0000  -30.0000   22.500010424.3564   12.2945
    7.5000  -30.0000   22.5000 9816.3135   12.2887
   -7.5000  -22.5000   22.500011159.6357   12.3036
    0.0000  -22.5000   22.500011738.3740   12.2887
    7.5000  -22.5000   22.500010978.1992   12.2768
   -7.5000  -15.0000   22.500012479.5449   12.2970
    0.0000  -15.0000   22.500013109.3096   12.2809
    7.5000  -15.0000   22.500012191.2246   12.2675
   -7.5000   -7.5000   22.500013994.9648   12.2955
    0.0000   -7.5000   22.500014748.9561   12.2792
    7.5000   -7.5000   22.500013568.2988   12.2704
   -7.5000    0.0000   22.500015522.7285   12.2998
    0.0000    0.0000   22.500016501.8047   12.2840
    7.5000    0.0000   22.500014842.2998   12.2810
   -7.5000    7.5000   22.500015546.7100   12.3044
    0.0000    7.5000   22.500016586.8340   12.2904
    7.5000    7.5000   22.500014764.9502   12.2890
   -7.5000   15.0000   22.500015055.4062   12.3067
    0.0000   15.0000   22.500015934.1045   12.2934
    7.5000   15.0000   22.500014364.7266   12.2876
   -7.5000   22.5000   22.500014529.7402   12.2979
    0.0000   22.5000   22.500015309.3516   12.2830
    7.5000   22.5000   22.500013991.1006   12.2711
   -7.5000   30.0000   22.500013853.3477   12.1379
    0.0000   30.0000   22.500014596.6123   12.1220
    7.5000   30.0000   22.500013481.7217   12.1088
   -7.5000   37.5000   22.500013489.1475   12.1364
    0.0000   37.5000   22.500014191.7197   12.1203
    7.5000   37.5000   22.500013221.3438   12.1116
   -7.5000   45.0000   22.500012517.9658   11.8556
    0.0000   45.0000   22.500013153.4775   11.8404
    7.5000   45.0000   22.500012287.1396   11.8375
   -7.5000  -45.0000   30.0000 7394.7153   12.6786
    0.0000  -45.0000   30.0000 7780.1689   12.6587
    7.5000  -45.0000   30.0000 7373.8130   12.6543
   -7.5000  -37.5000   30.0000 8178.2666   12.4171
    0.0000  -37.5000   30.0000 8609.6865   12.3991
    7.5000  -37.5000   30.0000 8156.2778   12.3960
   -7.5000  -30.0000   30.0000 9333.8262   12.3183
    0.0000  -30.0000   30.0000 9817.4854   12.3026
    7.5000  -30.0000   30.0000 9279.7178   12.2956
   -7.5000  -22.5000   30.000010519.1562   12.3168
    0.0000  -22.5000   30.000011077.5000   12.3014
    7.5000  -22.5000   30.000010446.2490   12.2908
   -7.5000  -15.0000   30.000011691.6387   12.3123
    0.0000  -15.0000   30.000012332.8779   12.2961
    7.5000  -15.0000   30.000011621.0254   12.2855
   -7.5000   -7.5000   30.000012969.4482   12.3091
    0.0000   -7.5000   30.000013703.4307   12.2911
    7.5000   -7.5000   30.000012828.1455   12.2838
   -7.5000    0.0000   30.000014132.1572   12.3107
    0.0000    0.0000   30.000015072.0205   12.2912
    7.5000    0.0000   30.000013920.8984   12.2875
   -7.5000    7.5000   30.000014042.4932   12.3143
    0.0000    7.5000   30.000014920.2705   12.2964
    7.5000    7.5000   30.000013791.9941   12.2930
   -7.5000   15.0000   30.000013704.5420   12.3172
    0.0000   15.0000   30.000014473.3750   12.3016
    7.5000   15.0000   30.000013438.6182   12.2945
   -7.5000   22.5000   30.000013414.5205   12.3111
    0.0000   22.5000   30.000014138.9688   12.2957
    7.5000   22.5000   30.000013148.0820   12.2851
   -7.5000   30.0000   30.000012924.0664   12.1529
    0.0000   30.0000   30.000013660.3408   12.1370
    7.5000   30.0000   30.000012709.1572   12.1265
   -7.5000   37.5000   30.000012660.5254   12.1498
    0.0000   37.5000   30.000013379.3721   12.1320
    7.5000   37.5000   30.000012484.8516   12.1248
   -7.5000   45.0000   30.000011777.6211   11.8661
    0.0000   45.0000   30.000012428.6914   11.8473
    7.5000   45.0000   30.000011609.1729   11.8437
   -7.5000  -45.0000   37.5000 7090.1846   12.7649
    0.0000  -45.0000   37.5000 7459.3257   12.7408
    7.5000  -45.0000   37.5000 7071.9731   12.7344
   -7.5000  -37.5000   37.5000 7863.2642   12.5013
    0.0000  -37.5000   37.5000 8275.0107   12.4809
    7.5000  -37.5000   37.5000 7844.6841   12.4760
   -7.5000  -30.0000   37.5000 8981.3750   12.4038
    0.0000  -30.0000   37.5000 9450.3672   12.3886
    7.5000  -30.0000   37.5000 8953.1826   12.3799
   -7.5000  -22.5000   37.500010120.6533   12.4032
    0.0000  -22.5000   37.500010638.3994   12.3896
    7.5000  -22.5000   37.500010077.3320   12.3773
   -7.5000  -15.0000   37.500011209.1113   12.3972
    0.0000  -15.0000   37.500011757.1357   12.3812
    7.5000  -15.0000   37.500011173.4873   12.3684
   -7.5000   -7.5000   37.500012368.6074   12.3913
    0.0000   -7.5000   37.500012983.1465   12.3705
    7.5000   -7.5000   37.500012302.1416   12.3606
   -7.5000    0.0000   37.500013413.1699   12.3916
    0.0000    0.0000   37.500014168.0029   12.3682
    7.5000    0.0000   37.500013322.5693   12.3623
   -7.5000    7.5000   37.500013333.9287   12.3970
    0.0000    7.5000   37.500013984.3301   12.3769
    7.5000    7.5000   37.500013225.2070   12.3716
   -7.5000   15.0000   37.500013050.5098   12.4027
    0.0000   15.0000   37.500013670.1660   12.3875
    7.5000   15.0000   37.500012946.6553   12.3788
   -7.5000   22.5000   37.500012787.2520   12.3975
    0.0000   22.5000   37.500013376.0352   12.3839
    7.5000   22.5000   37.500012661.4473   12.3716
   -7.5000   30.0000   37.500012410.4766   12.2368
    0.0000   30.0000   37.500013025.3975   12.2209
    7.5000   30.0000   37.500012292.8125   12.2084
   -7.5000   37.5000   37.500012247.7373   12.2310
    0.0000   37.5000   37.500012879.4307   12.2104
    7.5000   37.5000   37.500012125.0723   12.2006
   -7.5000   45.0000   37.500011437.8135   11.9441
    0.0000   45.0000   37.500012021.4219   11.9215
    7.5000   45.0000   37.500011313.8496   11.9158
   -7.5000  -45.0000   45.0000 6483.9233   12.9123
    0.0000  -45.0000   45.0000 6822.1211   12.8864
    7.5000  -45.0000   45.0000 6474.5220   12.8779
   -7.5000  -37.5000   45.0000 7202.2529   12.6436
    0.0000  -37.5000   45.0000 7562.7339   12.6236
    7.5000  -37.5000   45.0000 7198.5840   12.6181
   -7.5000  -30.0000   45.0000 8238.0020   12.5442
    0.0000  -30.0000   45.0000 8631.1250   12.5307
    7.5000  -30.0000   45.0000 8220.0039   12.5216
   -7.5000  -22.5000   45.0000 9286.9121   12.5411
    0.0000  -22.5000   45.0000 9706.5469   12.5285
    7.5000  -22.5000   45.0000 9240.9561   12.5140
   -7.5000  -15.0000   45.000010291.7744   12.5316
    0.0000  -15.0000   45.000010735.9834   12.5143
    7.5000  -15.0000   45.000010233.1982   12.4973
   -7.5000   -7.5000   45.000011346.4541   12.5253
    0.0000   -7.5000   45.000011859.1074   12.5020
    7.5000   -7.5000   45.000011283.2988   12.4879
   -7.5000    0.0000   45.000012295.5879   12.5280
    0.0000    0.0000   45.000012889.2764   12.5030
    7.5000    0.0000   45.000012215.9805   12.4947
   -7.5000    7.5000   45.000012223.4316   12.5362
    0.0000    7.5000   45.000012732.0723   12.5163
    7.5000    7.5000   45.000012129.4785   12.5106
   -7.5000   15.0000   45.000011960.4893   12.5431
    0.0000   15.0000   45.000012468.8623   12.5295
    7.5000   15.0000   45.000011881.8789   12.5205
   -7.5000   22.5000   45.000011676.5801   12.5353
    0.0000   22.5000   45.000012187.1426   12.5227
    7.5000   22.5000   45.000011589.0518   12.5082
   -7.5000   30.0000   45.000011358.5488   12.3683
    0.0000   30.0000   45.000011870.1895   12.3513
    7.5000   30.0000   45.000011260.4238   12.3345
   -7.5000   37.5000   45.000011284.2637   12.3621
    0.0000   37.5000   45.000011813.0752   12.3391
    7.5000   37.5000   45.000011187.4150   12.3252
   -7.5000   45.0000   45.000010590.7002   12.0810
    0.0000   45.0000   45.000011098.9883   12.0569
    7.5000   45.0000   45.000010483.9736   12.0489

---------------------------------------------------------------------
imgreg_4dfp /opt/freesurfer/average/711-2C_as_mni_average_305 /opt/freesurfer/average/711-2B_as_mni_average_305_mask talsrcimg_g11 none talsrcimg_to_711-2C_as_mni_average_305_t4 4355
---------------------------------------------------------------------

freesurfer imgreg_4dfp.c
/opt/freesurfer/average/711-2C_as_mni_average_305.4dfp.img
       256       256       256         1
  1.000000  1.000000  1.000000
orientation T byte_order littleendian
Reading image: /opt/freesurfer/average/711-2C_as_mni_average_305.4dfp.img
dimensions:      256       256       256
mmppix:       1.0000   -1.0000   -1.0000
center:     128.0000 -129.0000 -129.0000
/opt/freesurfer/average/711-2B_as_mni_average_305_mask.4dfp.img
       256       256       256         1
  1.000000  1.000000  1.000000
orientation T byte_order littleendian
Reading mask: /opt/freesurfer/average/711-2B_as_mni_average_305_mask.4dfp.img (2306576 pixels)
talsrcimg_g11.4dfp.img
       256       256       256         1
  1.000000  1.000000  1.000000
orientation T byte_order littleendian
Reading image: talsrcimg_g11.4dfp.img
dimensions:      256       256       256
mmppix:       1.0000   -1.0000   -1.0000
center:     128.0000 -129.0000 -129.0000
rotation matrix determinant  1.000000
image alignment mode   4355 decimal     1103 hex
   -7.5000  -37.5000  -30.0000 2095.7090   15.6112
    0.0000  -37.5000  -30.0000 2094.4866   15.6376
    7.5000  -37.5000  -30.0000 2072.6270   15.7513
   -7.5000  -30.0000  -30.0000 2216.2644   14.0798
    0.0000  -30.0000  -30.0000 2216.5571   14.0843
    7.5000  -30.0000  -30.0000 2188.1575   14.2098
   -7.5000  -22.5000  -30.0000 2327.4751   12.8247
    0.0000  -22.5000  -30.0000 2324.2512   12.8179
    7.5000  -22.5000  -30.0000 2296.8008   12.9386
   -7.5000  -15.0000  -30.0000 2414.5796   11.7920
    0.0000  -15.0000  -30.0000 2406.9131   11.7749
    7.5000  -15.0000  -30.0000 2381.9722   11.9117
   -7.5000   -7.5000  -30.0000 2479.2439   11.0370
    0.0000   -7.5000  -30.0000 2475.4468   11.0216
    7.5000   -7.5000  -30.0000 2452.1023   11.1777
   -7.5000    0.0000  -30.0000 2512.7917   10.5711
    0.0000    0.0000  -30.0000 2504.9480   10.5344
    7.5000    0.0000  -30.0000 2477.8645   10.7033
   -7.5000    7.5000  -30.0000 2520.6423   10.3447
    0.0000    7.5000  -30.0000 2514.8894   10.3225
    7.5000    7.5000  -30.0000 2484.7246   10.4831
   -7.5000   15.0000  -30.0000 2517.0713   10.3501
    0.0000   15.0000  -30.0000 2509.9917   10.2968
    7.5000   15.0000  -30.0000 2484.1543   10.4542
   -7.5000   22.5000  -30.0000 2496.6523   10.4908
    0.0000   22.5000  -30.0000 2496.5078   10.5084
    7.5000   22.5000  -30.0000 2464.6194   10.6461
   -7.5000   30.0000  -30.0000 2462.6108   10.9307
    0.0000   30.0000  -30.0000 2463.0259   10.9455
    7.5000   30.0000  -30.0000 2434.7043   11.0998
   -7.5000   37.5000  -30.0000 2414.8726   11.5775
    0.0000   37.5000  -30.0000 2415.7849   11.5796
    7.5000   37.5000  -30.0000 2387.1294   11.7320
   -7.5000   45.0000  -30.0000 2337.3992   12.4431
    0.0000   45.0000  -30.0000 2341.8149   12.4465
    7.5000   45.0000  -30.0000 2307.9971   12.5961
   -7.5000   52.5000  -30.0000 2214.7751   13.4144
    0.0000   52.5000  -30.0000 2221.4624   13.4265
    7.5000   52.5000  -30.0000 2189.7258   13.6231
   -7.5000  -37.5000  -22.5000 2173.6287   15.0945
    0.0000  -37.5000  -22.5000 2173.6550   15.0704
    7.5000  -37.5000  -22.5000 2145.2380   15.2339
   -7.5000  -30.0000  -22.5000 2305.3237   13.6041
    0.0000  -30.0000  -22.5000 2302.6472   13.5562
    7.5000  -30.0000  -22.5000 2274.2952   13.7077
   -7.5000  -22.5000  -22.5000 2423.0818   12.3716
    0.0000  -22.5000  -22.5000 2422.5161   12.3146
    7.5000  -22.5000  -22.5000 2394.4702   12.4610
   -7.5000  -15.0000  -22.5000 2517.1675   11.3435
    0.0000  -15.0000  -22.5000 2513.5645   11.2864
    7.5000  -15.0000  -22.5000 2489.0581   11.4225
   -7.5000   -7.5000  -22.5000 2591.2769   10.5542
    0.0000   -7.5000  -22.5000 2588.0596   10.4952
    7.5000   -7.5000  -22.5000 2566.5703   10.6480
   -7.5000    0.0000  -22.5000 2627.9956   10.0628
    0.0000    0.0000  -22.5000 2624.7236   10.0227
    7.5000    0.0000  -22.5000 2605.8889   10.1580
   -7.5000    7.5000  -22.5000 2643.3279    9.7881
    0.0000    7.5000  -22.5000 2643.3596    9.7600
    7.5000    7.5000  -22.5000 2619.8298    9.9080
   -7.5000   15.0000  -22.5000 2648.2275    9.7307
    0.0000   15.0000  -22.5000 2642.5793    9.6881
    7.5000   15.0000  -22.5000 2618.3113    9.8515
   -7.5000   22.5000  -22.5000 2622.0049    9.8861
    0.0000   22.5000  -22.5000 2623.8979    9.8835
    7.5000   22.5000  -22.5000 2598.4360   10.0700
   -7.5000   30.0000  -22.5000 2588.1111   10.2992
    0.0000   30.0000  -22.5000 2591.4495   10.2957
    7.5000   30.0000  -22.5000 2564.1729   10.4884
   -7.5000   37.5000  -22.5000 2541.1880   10.9017
    0.0000   37.5000  -22.5000 2543.3186   10.8827
    7.5000   37.5000  -22.5000 2515.5142   11.0720
   -7.5000   45.0000  -22.5000 2460.0415   11.6937
    0.0000   45.0000  -22.5000 2465.4360   11.6763
    7.5000   45.0000  -22.5000 2436.5703   11.8606
   -7.5000   52.5000  -22.5000 2328.7578   12.6041
    0.0000   52.5000  -22.5000 2337.2246   12.5970
    7.5000   52.5000  -22.5000 2308.8254   12.7994
   -7.5000  -37.5000  -15.0000 2220.5559   14.6851
    0.0000  -37.5000  -15.0000 2224.7764   14.6082
    7.5000  -37.5000  -15.0000 2196.5444   14.8054
   -7.5000  -30.0000  -15.0000 2354.6685   13.1532
    0.0000  -30.0000  -15.0000 2354.6304   13.1105
    7.5000  -30.0000  -15.0000 2328.3367   13.2935
   -7.5000  -22.5000  -15.0000 2480.8289   11.9092
    0.0000  -22.5000  -15.0000 2480.8948   11.8637
    7.5000  -22.5000  -15.0000 2454.4941   12.0362
   -7.5000  -15.0000  -15.0000 2583.4622   10.9142
    0.0000  -15.0000  -15.0000 2579.4221   10.8518
    7.5000  -15.0000  -15.0000 2558.4507   11.0100
   -7.5000   -7.5000  -15.0000 2658.8574   10.1021
    0.0000   -7.5000  -15.0000 2657.9924   10.0391
    7.5000   -7.5000  -15.0000 2638.8540   10.1864
   -7.5000    0.0000  -15.0000 2705.1575    9.5470
    0.0000    0.0000  -15.0000 2708.6218    9.4977
    7.5000    0.0000  -15.0000 2687.8015    9.6430
   -7.5000    7.5000  -15.0000 2733.2336    9.2383
    0.0000    7.5000  -15.0000 2731.3247    9.1892
    7.5000    7.5000  -15.0000 2713.6787    9.3555
   -7.5000   15.0000  -15.0000 2744.6672    9.1400
    0.0000   15.0000  -15.0000 2739.7065    9.0907
    7.5000   15.0000  -15.0000 2721.3745    9.2721
   -7.5000   22.5000  -15.0000 2728.9202    9.3383
    0.0000   22.5000  -15.0000 2729.8416    9.3072
    7.5000   22.5000  -15.0000 2708.2144    9.5033
   -7.5000   30.0000  -15.0000 2696.8945    9.7332
    0.0000   30.0000  -15.0000 2697.6841    9.6954
    7.5000   30.0000  -15.0000 2671.8201    9.8815
   -7.5000   37.5000  -15.0000 2640.6841   10.3015
    0.0000   37.5000  -15.0000 2642.9355   10.2492
    7.5000   37.5000  -15.0000 2616.7349   10.4408
   -7.5000   45.0000  -15.0000 2554.3450   11.0311
    0.0000   45.0000  -15.0000 2559.1570   10.9785
    7.5000   45.0000  -15.0000 2533.6653   11.1701
   -7.5000   52.5000  -15.0000 2423.0754   11.8886
    0.0000   52.5000  -15.0000 2430.6152   11.8568
    7.5000   52.5000  -15.0000 2405.7620   12.0477
   -7.5000  -37.5000   -7.5000 2243.2251   14.3299
    0.0000  -37.5000   -7.5000 2247.8142   14.2762
    7.5000  -37.5000   -7.5000 2226.0791   14.4354
   -7.5000  -30.0000   -7.5000 2380.3901   12.8174
    0.0000  -30.0000   -7.5000 2383.7915   12.7625
    7.5000  -30.0000   -7.5000 2360.8049   12.9194
   -7.5000  -22.5000   -7.5000 2506.2175   11.5407
    0.0000  -22.5000   -7.5000 2510.6406   11.4972
    7.5000  -22.5000   -7.5000 2486.5662   11.6775
   -7.5000  -15.0000   -7.5000 2613.9983   10.5138
    0.0000  -15.0000   -7.5000 2612.6064   10.4575
    7.5000  -15.0000   -7.5000 2593.1165   10.6365
   -7.5000   -7.5000   -7.5000 2698.1926    9.6945
    0.0000   -7.5000   -7.5000 2702.0388    9.6439
    7.5000   -7.5000   -7.5000 2681.1755    9.8124
   -7.5000    0.0000   -7.5000 2757.0215    9.0960
    0.0000    0.0000   -7.5000 2762.0115    9.0300
    7.5000    0.0000   -7.5000 2740.6243    9.2028
   -7.5000    7.5000   -7.5000 2796.4978    8.7272
    0.0000    7.5000   -7.5000 2793.3643    8.6548
    7.5000    7.5000   -7.5000 2777.0872    8.8636
   -7.5000   15.0000   -7.5000 2818.1750    8.5904
    0.0000   15.0000   -7.5000 2818.5876    8.5499
    7.5000   15.0000   -7.5000 2801.6064    8.7542
   -7.5000   22.5000   -7.5000 2811.7844    8.8168
    0.0000   22.5000   -7.5000 2817.0330    8.7787
    7.5000   22.5000   -7.5000 2798.8015    8.9721
   -7.5000   30.0000   -7.5000 2785.1367    9.2008
    0.0000   30.0000   -7.5000 2791.0996    9.1635
    7.5000   30.0000   -7.5000 2769.1680    9.3673
   -7.5000   37.5000   -7.5000 2723.7231    9.7295
    0.0000   37.5000   -7.5000 2731.8789    9.6880
    7.5000   37.5000   -7.5000 2707.8677    9.8906
   -7.5000   45.0000   -7.5000 2630.1748   10.4077
    0.0000   45.0000   -7.5000 2638.6101   10.3728
    7.5000   45.0000   -7.5000 2614.5027   10.5900
   -7.5000   52.5000   -7.5000 2495.9629   11.2206
    0.0000   52.5000   -7.5000 2504.9614   11.1994
    7.5000   52.5000   -7.5000 2482.3958   11.4175
   -7.5000  -37.5000    0.0000 2248.6277   14.1493
    0.0000  -37.5000    0.0000 2247.7075   14.0875
    7.5000  -37.5000    0.0000 2235.0933   14.2575
   -7.5000  -30.0000    0.0000 2386.3469   12.6098
    0.0000  -30.0000    0.0000 2385.6445   12.5420
    7.5000  -30.0000    0.0000 2367.6260   12.6795
   -7.5000  -22.5000    0.0000 2511.7595   11.3378
    0.0000  -22.5000    0.0000 2509.9707   11.2804
    7.5000  -22.5000    0.0000 2493.3843   11.4068
   -7.5000  -15.0000    0.0000 2619.9521   10.2894
    0.0000  -15.0000    0.0000 2616.8071   10.2363
    7.5000  -15.0000    0.0000 2602.1716   10.3781
   -7.5000   -7.5000    0.0000 2712.5103    9.4211
    0.0000   -7.5000    0.0000 2713.6626    9.3976
    7.5000   -7.5000    0.0000 2702.5369    9.5474
   -7.5000    0.0000    0.0000 2791.4082    8.7731
    0.0000    0.0000    0.0000 2792.8735    8.7441
    7.5000    0.0000    0.0000 2777.5483    8.9258
   -7.5000    7.5000    0.0000 2832.9788    8.3409
    0.0000    7.5000    0.0000 2830.1816    8.2911
    7.5000    7.5000    0.0000 2820.3738    8.5221
   -7.5000   15.0000    0.0000 2868.5725    8.1914
    0.0000   15.0000    0.0000 2869.5369    8.1756
    7.5000   15.0000    0.0000 2852.8418    8.4141
   -7.5000   22.5000    0.0000 2877.4761    8.4071
    0.0000   22.5000    0.0000 2886.9856    8.3919
    7.5000   22.5000    0.0000 2866.1899    8.5997
   -7.5000   30.0000    0.0000 2851.3857    8.7733
    0.0000   30.0000    0.0000 2862.5056    8.7594
    7.5000   30.0000    0.0000 2842.3401    8.9676
   -7.5000   37.5000    0.0000 2788.0083    9.2556
    0.0000   37.5000    0.0000 2797.9285    9.2564
    7.5000   37.5000    0.0000 2777.7842    9.4659
   -7.5000   45.0000    0.0000 2693.6150    9.9071
    0.0000   45.0000    0.0000 2701.4700    9.9036
    7.5000   45.0000    0.0000 2681.3105   10.1154
   -7.5000   52.5000    0.0000 2554.6392   10.7195
    0.0000   52.5000    0.0000 2561.2141   10.7177
    7.5000   52.5000    0.0000 2539.6985   10.9382
   -7.5000  -37.5000    7.5000 2238.7222   14.1628
    0.0000  -37.5000    7.5000 2235.7603   14.0773
    7.5000  -37.5000    7.5000 2222.1848   14.2206
   -7.5000  -30.0000    7.5000 2375.2783   12.5432
    0.0000  -30.0000    7.5000 2370.6001   12.4656
    7.5000  -30.0000    7.5000 2356.7236   12.5658
   -7.5000  -22.5000    7.5000 2497.6736   11.2510
    0.0000  -22.5000    7.5000 2491.0857   11.1869
    7.5000  -22.5000    7.5000 2478.1008   11.2730
   -7.5000  -15.0000    7.5000 2604.4094   10.2271
    0.0000  -15.0000    7.5000 2599.3599   10.1812
    7.5000  -15.0000    7.5000 2588.4280   10.2450
   -7.5000   -7.5000    7.5000 2707.9080    9.3728
    0.0000   -7.5000    7.5000 2707.5120    9.3670
    7.5000   -7.5000    7.5000 2702.8252    9.4272
   -7.5000    0.0000    7.5000 2804.9587    8.7130
    0.0000    0.0000    7.5000 2809.0264    8.7256
    7.5000    0.0000    7.5000 2800.6829    8.8063
   -7.5000    7.5000    7.5000 2868.6201    8.2382
    0.0000    7.5000    7.5000 2872.0022    8.2469
    7.5000    7.5000    7.5000 2859.5701    8.3763
   -7.5000   15.0000    7.5000 2913.7717    8.0392
    0.0000   15.0000    7.5000 2920.1929    8.0545
    7.5000   15.0000    7.5000 2895.7017    8.2278
   -7.5000   22.5000    7.5000 2934.8213    8.1741
    0.0000   22.5000    7.5000 2944.6279    8.1771
    7.5000   22.5000    7.5000 2917.8113    8.3312
   -7.5000   30.0000    7.5000 2904.8462    8.4913
    0.0000   30.0000    7.5000 2917.3501    8.4641
    7.5000   30.0000    7.5000 2891.1970    8.6210
   -7.5000   37.5000    7.5000 2844.1758    8.9587
    0.0000   37.5000    7.5000 2852.2339    8.9099
    7.5000   37.5000    7.5000 2827.8413    9.0775
   -7.5000   45.0000    7.5000 2748.3401    9.6327
    0.0000   45.0000    7.5000 2754.9724    9.5817
    7.5000   45.0000    7.5000 2729.2642    9.7556
   -7.5000   52.5000    7.5000 2604.6438   10.4568
    0.0000   52.5000    7.5000 2611.6753   10.4046
    7.5000   52.5000    7.5000 2582.6729   10.5967
   -7.5000  -37.5000   15.0000 2210.1482   14.3876
    0.0000  -37.5000   15.0000 2211.2898   14.3875
    7.5000  -37.5000   15.0000 2195.2222   14.4046
   -7.5000  -30.0000   15.0000 2345.8208   12.6659
    0.0000  -30.0000   15.0000 2348.3069   12.6710
    7.5000  -30.0000   15.0000 2331.6013   12.6715
   -7.5000  -22.5000   15.0000 2467.6250   11.3592
    0.0000  -22.5000   15.0000 2471.4094   11.3662
    7.5000  -22.5000   15.0000 2458.1140   11.3460
   -7.5000  -15.0000   15.0000 2576.1689   10.3444
    0.0000  -15.0000   15.0000 2583.0864   10.3652
    7.5000  -15.0000   15.0000 2567.3760   10.2919
   -7.5000   -7.5000   15.0000 2695.0513    9.5406
    0.0000   -7.5000   15.0000 2705.2217    9.5872
    7.5000   -7.5000   15.0000 2689.4502    9.4889
   -7.5000    0.0000   15.0000 2814.0491    8.9824
    0.0000    0.0000   15.0000 2825.7886    9.0291
    7.5000    0.0000   15.0000 2798.4236    8.8765
   -7.5000    7.5000   15.0000 2913.4312    8.5219
    0.0000    7.5000   15.0000 2931.8049    8.5768
    7.5000    7.5000   15.0000 2884.6323    8.4374
   -7.5000   15.0000   15.0000 2957.3049    8.1235
    0.0000   15.0000   15.0000 2976.3975    8.1706
    7.5000   15.0000   15.0000 2925.8040    8.1660
   -7.5000   22.5000   15.0000 2972.0059    8.0619
    0.0000   22.5000   15.0000 2985.3308    8.0680
    7.5000   22.5000   15.0000 2941.7112    8.1501
   -7.5000   30.0000   15.0000 2931.5002    8.3243
    0.0000   30.0000   15.0000 2950.7319    8.2987
    7.5000   30.0000   15.0000 2915.4631    8.4162
   -7.5000   37.5000   15.0000 2872.5686    8.8025
    0.0000   37.5000   15.0000 2887.4099    8.7498
    7.5000   37.5000   15.0000 2857.8386    8.8993
   -7.5000   45.0000   15.0000 2777.0181    9.4928
    0.0000   45.0000   15.0000 2791.3057    9.4391
    7.5000   45.0000   15.0000 2760.3235    9.5892
   -7.5000   52.5000   15.0000 2629.1699   10.3466
    0.0000   52.5000   15.0000 2639.2324   10.2834
    7.5000   52.5000   15.0000 2607.7964   10.4401
   -7.5000  -37.5000   22.5000 2184.6868   14.7600
    0.0000  -37.5000   22.5000 2183.6541   14.8560
    7.5000  -37.5000   22.5000 2168.2915   14.8026
   -7.5000  -30.0000   22.5000 2320.7991   13.0106
    0.0000  -30.0000   22.5000 2323.5420   13.0999
    7.5000  -30.0000   22.5000 2305.6055   13.0293
   -7.5000  -22.5000   22.5000 2442.5642   11.7043
    0.0000  -22.5000   22.5000 2448.4089   11.7975
    7.5000  -22.5000   22.5000 2429.4390   11.6689
   -7.5000  -15.0000   22.5000 2561.6113   10.6981
    0.0000  -15.0000   22.5000 2570.1099   10.7852
    7.5000  -15.0000   22.5000 2544.4460   10.6221
   -7.5000   -7.5000   22.5000 2692.1047    9.8899
    0.0000   -7.5000   22.5000 2702.8672    9.9782
    7.5000   -7.5000   22.5000 2669.0637    9.7950
   -7.5000    0.0000   22.5000 2814.4932    9.2498
    0.0000    0.0000   22.5000 2831.0525    9.3742
    7.5000    0.0000   22.5000 2784.4363    9.1239
   -7.5000    7.5000   22.5000 2918.6697    8.7543
    0.0000    7.5000   22.5000 2939.9451    8.8387
    7.5000    7.5000   22.5000 2877.4429    8.6271
   -7.5000   15.0000   22.5000 2970.5354    8.3178
    0.0000   15.0000   22.5000 2992.5598    8.3692
    7.5000   15.0000   22.5000 2925.0957    8.2740
   -7.5000   22.5000   22.5000 2984.5100    8.1812
    0.0000   22.5000   22.5000 3001.3723    8.1666
    7.5000   22.5000   22.5000 2951.2461    8.2084
   -7.5000   30.0000   22.5000 2944.9553    8.3884
    0.0000   30.0000   22.5000 2963.5396    8.3354
    7.5000   30.0000   22.5000 2925.0505    8.4525
   -7.5000   37.5000   22.5000 2874.3127    8.8473
    0.0000   37.5000   22.5000 2886.1377    8.7852
    7.5000   37.5000   22.5000 2862.7744    8.9212
   -7.5000   45.0000   22.5000 2777.2537    9.5225
    0.0000   45.0000   22.5000 2787.8608    9.4490
    7.5000   45.0000   22.5000 2765.4321    9.6026
   -7.5000   52.5000   22.5000 2631.1433   10.3473
    0.0000   52.5000   22.5000 2638.2178   10.2759
    7.5000   52.5000   22.5000 2618.5625   10.4345
   -7.5000  -37.5000   30.0000 2150.3713   15.4118
    0.0000  -37.5000   30.0000 2151.4150   15.5729
    7.5000  -37.5000   30.0000 2133.8540   15.5250
   -7.5000  -30.0000   30.0000 2292.8962   13.5938
    0.0000  -30.0000   30.0000 2293.9419   13.7043
    7.5000  -30.0000   30.0000 2278.7300   13.6431
   -7.5000  -22.5000   30.0000 2420.7837   12.1965
    0.0000  -22.5000   30.0000 2424.5073   12.2980
    7.5000  -22.5000   30.0000 2407.0930   12.2102
   -7.5000  -15.0000   30.0000 2537.5908   11.0675
    0.0000  -15.0000   30.0000 2547.5044   11.1687
    7.5000  -15.0000   30.0000 2532.2485   11.0773
   -7.5000   -7.5000   30.0000 2663.1567   10.1385
    0.0000   -7.5000   30.0000 2673.9417   10.2377
    7.5000   -7.5000   30.0000 2650.8533   10.1462
   -7.5000    0.0000   30.0000 2778.9082    9.4164
    0.0000    0.0000   30.0000 2796.9785    9.5127
    7.5000    0.0000   30.0000 2765.0483    9.4007
   -7.5000    7.5000   30.0000 2877.7590    8.8526
    0.0000    7.5000   30.0000 2896.9150    8.9198
    7.5000    7.5000   30.0000 2853.9001    8.8645
   -7.5000   15.0000   30.0000 2937.4299    8.4528
    0.0000   15.0000   30.0000 2956.4678    8.4622
    7.5000   15.0000   30.0000 2904.6389    8.4988
   -7.5000   22.5000   30.0000 2974.9282    8.3982
    0.0000   22.5000   30.0000 2989.7678    8.3541
    7.5000   22.5000   30.0000 2939.0676    8.4417
   -7.5000   30.0000   30.0000 2933.0562    8.6397
    0.0000   30.0000   30.0000 2953.8269    8.5923
    7.5000   30.0000   30.0000 2912.4961    8.6893
   -7.5000   37.5000   30.0000 2851.7720    9.1239
    0.0000   37.5000   30.0000 2868.5232    9.0633
    7.5000   37.5000   30.0000 2839.8633    9.1758
   -7.5000   45.0000   30.0000 2748.2454    9.7713
    0.0000   45.0000   30.0000 2756.3452    9.6970
    7.5000   45.0000   30.0000 2734.6980    9.8224
   -7.5000   52.5000   30.0000 2606.7983   10.5427
    0.0000   52.5000   30.0000 2611.9031   10.4605
    7.5000   52.5000   30.0000 2596.0876   10.6004
   -7.5000  -37.5000   37.5000 2107.6079   16.2341
    0.0000  -37.5000   37.5000 2108.4829   16.3930
    7.5000  -37.5000   37.5000 2092.5481   16.4007
   -7.5000  -30.0000   37.5000 2256.3350   14.2476
    0.0000  -30.0000   37.5000 2257.8691   14.3527
    7.5000  -30.0000   37.5000 2244.6375   14.3471
   -7.5000  -22.5000   37.5000 2388.3638   12.7252
    0.0000  -22.5000   37.5000 2390.9373   12.7939
    7.5000  -22.5000   37.5000 2374.6726   12.7824
   -7.5000  -15.0000   37.5000 2502.5042   11.4593
    0.0000  -15.0000   37.5000 2508.1602   11.5067
    7.5000  -15.0000   37.5000 2498.9490   11.5141
   -7.5000   -7.5000   37.5000 2621.0708   10.4483
    0.0000   -7.5000   37.5000 2627.1753   10.4784
    7.5000   -7.5000   37.5000 2615.5142   10.4826
   -7.5000    0.0000   37.5000 2740.6890    9.6989
    0.0000    0.0000   37.5000 2746.9563    9.7068
    7.5000    0.0000   37.5000 2728.8267    9.7264
   -7.5000    7.5000   37.5000 2834.4141    9.1350
    0.0000    7.5000   37.5000 2846.1199    9.1332
    7.5000    7.5000   37.5000 2819.6572    9.2051
   -7.5000   15.0000   37.5000 2894.6187    8.8005
    0.0000   15.0000   37.5000 2911.9236    8.7497
    7.5000   15.0000   37.5000 2875.5259    8.8938
   -7.5000   22.5000   37.5000 2925.4963    8.7521
    0.0000   22.5000   37.5000 2936.5449    8.7136
    7.5000   22.5000   37.5000 2901.1865    8.8364
   -7.5000   30.0000   37.5000 2889.4121    8.9836
    0.0000   30.0000   37.5000 2905.6995    8.9457
    7.5000   30.0000   37.5000 2873.7854    9.0557
   -7.5000   37.5000   37.5000 2814.8206    9.4665
    0.0000   37.5000   37.5000 2831.4802    9.4023
    7.5000   37.5000   37.5000 2803.3535    9.5250
   -7.5000   45.0000   37.5000 2703.9421   10.1503
    0.0000   45.0000   37.5000 2713.0186   10.0641
    7.5000   45.0000   37.5000 2695.0862   10.1982
   -7.5000   52.5000   37.5000 2562.4875   10.8831
    0.0000   52.5000   37.5000 2570.7703   10.8078
    7.5000   52.5000   37.5000 2555.1121   10.9380
   -7.5000  -37.5000   45.0000 2056.0046   17.1170
    0.0000  -37.5000   45.0000 2055.3977   17.2058
    7.5000  -37.5000   45.0000 2044.0338   17.2888
   -7.5000  -30.0000   45.0000 2207.9968   14.9780
    0.0000  -30.0000   45.0000 2207.7922   14.9979
    7.5000  -30.0000   45.0000 2199.7632   15.0950
   -7.5000  -22.5000   45.0000 2345.0884   13.3148
    0.0000  -22.5000   45.0000 2344.6831   13.2933
    7.5000  -22.5000   45.0000 2335.3516   13.3962
   -7.5000  -15.0000   45.0000 2460.3811   11.9590
    0.0000  -15.0000   45.0000 2462.2148   11.9354
    7.5000  -15.0000   45.0000 2455.6018   12.0192
   -7.5000   -7.5000   45.0000 2577.7441   10.9234
    0.0000   -7.5000   45.0000 2576.1213   10.8662
    7.5000   -7.5000   45.0000 2572.7275   10.9562
   -7.5000    0.0000   45.0000 2691.8975   10.1087
    0.0000    0.0000   45.0000 2697.2815   10.0818
    7.5000    0.0000   45.0000 2685.5505   10.1689
   -7.5000    7.5000   45.0000 2778.5034    9.5696
    0.0000    7.5000   45.0000 2787.9409    9.4766
    7.5000    7.5000   45.0000 2770.0254    9.6605
   -7.5000   15.0000   45.0000 2830.5371    9.2868
    0.0000   15.0000   45.0000 2845.1687    9.2183
    7.5000   15.0000   45.0000 2818.6667    9.3771
   -7.5000   22.5000   45.0000 2845.4163    9.2470
    0.0000   22.5000   45.0000 2858.3657    9.1970
    7.5000   22.5000   45.0000 2828.9514    9.3397
   -7.5000   30.0000   45.0000 2814.3979    9.4387
    0.0000   30.0000   45.0000 2828.9663    9.3965
    7.5000   30.0000   45.0000 2802.6340    9.5174
   -7.5000   37.5000   45.0000 2751.2407    9.8996
    0.0000   37.5000   45.0000 2767.1514    9.8259
    7.5000   37.5000   45.0000 2745.5874    9.9515
   -7.5000   45.0000   45.0000 2651.7874   10.5801
    0.0000   45.0000   45.0000 2665.1116   10.4892
    7.5000   45.0000   45.0000 2648.3174   10.6288
   -7.5000   52.5000   45.0000 2509.4480   11.3630
    0.0000   52.5000   45.0000 2520.0244   11.2735
    7.5000   52.5000   45.0000 2504.9163   11.3954
   -7.5000  -37.5000   52.5000 2008.1948   18.0477
    0.0000  -37.5000   52.5000 2005.6196   18.0387
    7.5000  -37.5000   52.5000 2000.7740   18.2264
   -7.5000  -30.0000   52.5000 2160.0103   15.7623
    0.0000  -30.0000   52.5000 2157.1077   15.7148
    7.5000  -30.0000   52.5000 2152.0403   15.8895
   -7.5000  -22.5000   52.5000 2292.6726   13.9889
    0.0000  -22.5000   52.5000 2290.4851   13.8928
    7.5000  -22.5000   52.5000 2286.2598   14.0741
   -7.5000  -15.0000   52.5000 2411.9919   12.6004
    0.0000  -15.0000   52.5000 2408.9011   12.4862
    7.5000  -15.0000   52.5000 2408.6589   12.6477
   -7.5000   -7.5000   52.5000 2524.3691   11.5013
    0.0000   -7.5000   52.5000 2520.9199   11.3880
    7.5000   -7.5000   52.5000 2520.5474   11.5534
   -7.5000    0.0000   52.5000 2631.9814   10.6883
    0.0000    0.0000   52.5000 2636.8171   10.5990
    7.5000    0.0000   52.5000 2626.6016   10.7659
   -7.5000    7.5000   52.5000 2710.3416   10.1558
    0.0000    7.5000   52.5000 2717.5085   10.0318
    7.5000    7.5000   52.5000 2702.4541   10.2568
   -7.5000   15.0000   52.5000 2755.7097    9.8876
    0.0000   15.0000   52.5000 2764.5029    9.7980
    7.5000   15.0000   52.5000 2745.9797    9.9778
   -7.5000   22.5000   52.5000 2753.9229    9.8569
    0.0000   22.5000   52.5000 2768.2170    9.7857
    7.5000   22.5000   52.5000 2742.9326    9.9305
   -7.5000   30.0000   52.5000 2728.9355   10.0363
    0.0000   30.0000   52.5000 2741.0491    9.9750
    7.5000   30.0000   52.5000 2721.9846   10.1049
   -7.5000   37.5000   52.5000 2668.6748   10.4497
    0.0000   37.5000   52.5000 2685.2043   10.3801
    7.5000   37.5000   52.5000 2664.9890   10.4999
   -7.5000   45.0000   52.5000 2580.8962   11.0869
    0.0000   45.0000   52.5000 2591.2048   10.9967
    7.5000   45.0000   52.5000 2574.5667   11.1316
   -7.5000   52.5000   52.5000 2447.8276   11.8791
    0.0000   52.5000   52.5000 2455.9651   11.8011
    7.5000   52.5000   52.5000 2438.9092   11.9380
   -7.5000  -37.5000   60.0000 1938.3026   19.0298
    0.0000  -37.5000   60.0000 1931.3973   18.9811
    7.5000  -37.5000   60.0000 1925.1742   19.2430
   -7.5000  -30.0000   60.0000 2086.0010   16.6007
    0.0000  -30.0000   60.0000 2080.9688   16.4840
    7.5000  -30.0000   60.0000 2074.3013   16.7416
   -7.5000  -22.5000   60.0000 2219.1372   14.7264
    0.0000  -22.5000   60.0000 2213.4307   14.5543
    7.5000  -22.5000   60.0000 2212.4646   14.8214
   -7.5000  -15.0000   60.0000 2335.7559   13.2789
    0.0000  -15.0000   60.0000 2332.1042   13.0891
    7.5000  -15.0000   60.0000 2331.6338   13.3199
   -7.5000   -7.5000   60.0000 2443.7659   12.1580
    0.0000   -7.5000   60.0000 2440.6274   11.9988
    7.5000   -7.5000   60.0000 2439.3284   12.2303
   -7.5000    0.0000   60.0000 2542.7810   11.3438
    0.0000    0.0000   60.0000 2543.1104   11.2108
    7.5000    0.0000   60.0000 2537.4678   11.4601
   -7.5000    7.5000   60.0000 2610.9458   10.7965
    0.0000    7.5000   60.0000 2614.1436   10.6707
    7.5000    7.5000   60.0000 2601.9941   10.9236
   -7.5000   15.0000   60.0000 2645.1509   10.5672
    0.0000   15.0000   60.0000 2649.2175   10.4527
    7.5000   15.0000   60.0000 2636.4729   10.6533
   -7.5000   22.5000   60.0000 2639.0171   10.5323
    0.0000   22.5000   60.0000 2649.3525   10.4362
    7.5000   22.5000   60.0000 2631.0098   10.5876
   -7.5000   30.0000   60.0000 2616.6082   10.6859
    0.0000   30.0000   60.0000 2626.9568   10.5950
    7.5000   30.0000   60.0000 2613.5786   10.7229
   -7.5000   37.5000   60.0000 2562.2852   11.0802
    0.0000   37.5000   60.0000 2581.0098   10.9781
    7.5000   37.5000   60.0000 2561.1533   11.1197
   -7.5000   45.0000   60.0000 2479.6899   11.6730
    0.0000   45.0000   60.0000 2496.8547   11.5617
    7.5000   45.0000   60.0000 2475.3315   11.7108
   -7.5000   52.5000   60.0000 2349.4265   12.4681
    0.0000   52.5000   60.0000 2365.3584   12.3671
    7.5000   52.5000   60.0000 2347.5278   12.5085

---------------------------------------------------------------------
imgreg_4dfp /opt/freesurfer/average/711-2C_as_mni_average_305 /opt/freesurfer/average/711-2B_as_mni_average_305_mask talsrcimg_g11 none talsrcimg_to_711-2C_as_mni_average_305_t4 1283
---------------------------------------------------------------------

freesurfer imgreg_4dfp.c
/opt/freesurfer/average/711-2C_as_mni_average_305.4dfp.img
       256       256       256         1
  1.000000  1.000000  1.000000
orientation T byte_order littleendian
Reading image: /opt/freesurfer/average/711-2C_as_mni_average_305.4dfp.img
dimensions:      256       256       256
mmppix:       1.0000   -1.0000   -1.0000
center:     128.0000 -129.0000 -129.0000
/opt/freesurfer/average/711-2B_as_mni_average_305_mask.4dfp.img
       256       256       256         1
  1.000000  1.000000  1.000000
orientation T byte_order littleendian
Reading mask: /opt/freesurfer/average/711-2B_as_mni_average_305_mask.4dfp.img (2306576 pixels)
talsrcimg_g11.4dfp.img
       256       256       256         1
  1.000000  1.000000  1.000000
orientation T byte_order littleendian
Reading image: talsrcimg_g11.4dfp.img
dimensions:      256       256       256
mmppix:       1.0000   -1.0000   -1.0000
center:     128.0000 -129.0000 -129.0000
rotation matrix determinant  1.000000
fimgreg.f
image alignment mode   1283 decimal      503 hex
parameters
    0.0000   22.5000   22.5000    0.0000    0.0000    0.0000
eta,q 0.94256  8.18204
niter,ni,del,rscale     5    3   12.0000    1.2000
parameter  2  0.689023 ->  0.500000 qaram    1.1500
parameter  4  2.206846 ->  0.500000 qaram    1.1500
parameters
   -2.4494   19.0500   22.5322   -3.4500   -1.2302    1.2944
eta,q 0.95149  8.14856
  0.0602  0.0519  0.0608  0.0486  0.0531  0.0560
  0.0561  0.0530  0.0577  0.0484  0.0503  0.0527
  0.0551  0.0541  0.0552  0.0504  0.0490  0.0503
  0.0579  0.0547  0.0538  0.0538  0.0488  0.0488
  0.0621  0.0553  0.0553  0.0562  0.0503  0.0486
  0.0671  0.0592  0.0578  0.0584  0.0540  0.0496
  0.0727  0.0653  0.0605  0.0612  0.0600  0.0519
niter,ni,del,rscale     6    3   12.0000    1.2000
parameters
   -1.7055   20.5501   21.7447   -6.1167   -1.9870    1.1571
eta,q 0.95285  8.18033
  0.0638  0.0653  0.0559  0.0508  0.0538  0.0521
  0.0571  0.0568  0.0527  0.0489  0.0498  0.0499
  0.0523  0.0487  0.0498  0.0473  0.0474  0.0480
  0.0485  0.0479  0.0492  0.0490  0.0474  0.0471
  0.0483  0.0500  0.0519  0.0521  0.0492  0.0479
  0.0525  0.0517  0.0558  0.0556  0.0526  0.0499
  0.0586  0.0531  0.0597  0.0596  0.0580  0.0528
niter,ni,del,rscale     5    3   12.0000    1.2000
parameters
   -1.4458   21.1615   20.7527   -7.2947   -2.3246    0.9906
eta,q 0.95255  8.19068
  0.0621  0.0587  0.0538  0.0518  0.0552  0.0521
  0.0556  0.0528  0.0501  0.0497  0.0513  0.0500
  0.0502  0.0481  0.0478  0.0483  0.0484  0.0483
  0.0471  0.0472  0.0477  0.0474  0.0475  0.0474
  0.0490  0.0498  0.0504  0.0494  0.0491  0.0480
  0.0538  0.0519  0.0545  0.0526  0.0524  0.0500
  0.0601  0.0539  0.0582  0.0557  0.0574  0.0531
niter,ni,del,rscale     4    3   12.0000    1.2000
parameters
   -1.4460   20.8124   20.0575   -8.0061   -2.3272    0.9353
eta,q 0.95213  8.23507
  0.0618  0.0548  0.0545  0.0517  0.0568  0.0522
  0.0553  0.0511  0.0507  0.0498  0.0528  0.0500
  0.0498  0.0481  0.0481  0.0487  0.0496  0.0485
  0.0474  0.0474  0.0473  0.0473  0.0479  0.0479
  0.0500  0.0500  0.0494  0.0479  0.0490  0.0482
  0.0553  0.0528  0.0539  0.0512  0.0523  0.0497
  0.0617  0.0552  0.0581  0.0547  0.0573  0.0528
niter,ni,del,rscale     3    3   12.0000    1.2000
parameters
   -1.4153   20.3191   19.7357   -8.4528   -2.3516    0.8902
eta,q 0.95171  8.27568
  0.0634  0.0541  0.0561  0.0513  0.0571  0.0521
  0.0568  0.0511  0.0521  0.0500  0.0533  0.0498
  0.0509  0.0486  0.0493  0.0487  0.0499  0.0486
  0.0479  0.0479  0.0479  0.0480  0.0483  0.0483
  0.0504  0.0497  0.0491  0.0470  0.0494  0.0486
  0.0563  0.0529  0.0535  0.0500  0.0528  0.0498
  0.0634  0.0555  0.0582  0.0539  0.0578  0.0523
niter,ni,del,rscale     2    3   12.0000    1.2000
parameters
   -1.3406   20.0139   19.6097   -8.5885   -2.4293    0.8260
eta,q 0.95160  8.29490
  0.0648  0.0545  0.0572  0.0512  0.0570  0.0520
  0.0581  0.0515  0.0529  0.0502  0.0532  0.0496
  0.0518  0.0491  0.0499  0.0488  0.0499  0.0486
  0.0483  0.0483  0.0483  0.0483  0.0484  0.0484
  0.0507  0.0495  0.0492  0.0469  0.0496  0.0488
  0.0571  0.0525  0.0534  0.0490  0.0531  0.0498
  0.0646  0.0555  0.0584  0.0532  0.0579  0.0521
niter,ni,del,rscale     1    3   12.0000    1.2000
parameters
   -1.2793   19.8953   19.5609   -8.6086   -2.4903    0.8099
eta,q 0.95160  8.30113
  0.0651  0.0550  0.0577  0.0512  0.0570  0.0520
  0.0584  0.0516  0.0532  0.0502  0.0533  0.0496
  0.0519  0.0494  0.0501  0.0488  0.0500  0.0486
  0.0484  0.0484  0.0484  0.0484  0.0484  0.0484
  0.0509  0.0493  0.0491  0.0469  0.0495  0.0488
  0.0574  0.0523  0.0533  0.0487  0.0530  0.0498
  0.0651  0.0552  0.0584  0.0529  0.0578  0.0519
registration optimization eta report
parameter search radius
    6.0000    6.9000    6.0000    6.9000    6.0000    6.0000
100000*second partial in parameter space
       44.       14.       26.        9.       24.       10.
  0.0651  0.0550  0.0577  0.0512  0.0570  0.0520
  0.0584  0.0516  0.0532  0.0502  0.0533  0.0496
  0.0519  0.0494  0.0501  0.0488  0.0500  0.0486
  0.0484  0.0484  0.0484  0.0484  0.0484  0.0484
  0.0509  0.0493  0.0491  0.0469  0.0495  0.0488
  0.0574  0.0523  0.0533  0.0487  0.0530  0.0498
  0.0651  0.0552  0.0584  0.0529  0.0578  0.0519
   -1.2793   19.8953   19.5609   -8.6086   -2.4903    0.8099
eta,q 0.95160  8.30113

---------------------------------------------------------------------
imgreg_4dfp /opt/freesurfer/average/711-2C_as_mni_average_305 /opt/freesurfer/average/711-2B_as_mni_average_305_mask talsrcimg_g11 none talsrcimg_to_711-2C_as_mni_average_305_t4 3335
---------------------------------------------------------------------

freesurfer imgreg_4dfp.c
/opt/freesurfer/average/711-2C_as_mni_average_305.4dfp.img
       256       256       256         1
  1.000000  1.000000  1.000000
orientation T byte_order littleendian
Reading image: /opt/freesurfer/average/711-2C_as_mni_average_305.4dfp.img
dimensions:      256       256       256
mmppix:       1.0000   -1.0000   -1.0000
center:     128.0000 -129.0000 -129.0000
/opt/freesurfer/average/711-2B_as_mni_average_305_mask.4dfp.img
       256       256       256         1
  1.000000  1.000000  1.000000
orientation T byte_order littleendian
Reading mask: /opt/freesurfer/average/711-2B_as_mni_average_305_mask.4dfp.img (2306576 pixels)
talsrcimg_g11.4dfp.img
       256       256       256         1
  1.000000  1.000000  1.000000
orientation T byte_order littleendian
Reading image: talsrcimg_g11.4dfp.img
dimensions:      256       256       256
mmppix:       1.0000   -1.0000   -1.0000
center:     128.0000 -129.0000 -129.0000
fimgreg.f
image alignment mode   3335 decimal      D07 hex
parameters
   -1.2793   19.8953   19.5609   -0.1044   -1.1457   -1.2200
   -2.0479    4.0841    1.4121   15.0276   -4.3450  -14.9542
eta,q 0.95075  8.27917
niter,ni,del,rscale     5    3    5.0000    1.2000
parameter  2 -1.539075 -> -0.500000 qaram    1.1500
parameter  4  0.950680 ->  0.500000 qaram    1.1500
parameter  5 -5.548532 ->  0.500000 qaram    1.1500
parameter  6  0.733712 ->  0.500000 qaram    1.1500
parameter 12 -0.718311 -> -0.500000 qaram    1.1500
parameters
   -1.3339   21.2753   19.9653   -4.2444   -5.2857   -5.3600
   -1.5903    4.8372    1.6630   13.7773   -3.2101  -10.8142
eta,q 0.96466  8.12047
  0.0521  0.0516  0.0502  0.0450  0.0322  0.0362  0.0385  0.0411  0.0389  0.0384  0.0377  0.0402
  0.0505  0.0507  0.0493  0.0452  0.0369  0.0362  0.0373  0.0385  0.0376  0.0372  0.0369  0.0385
  0.0496  0.0499  0.0487  0.0462  0.0413  0.0367  0.0366  0.0369  0.0367  0.0363  0.0364  0.0371
  0.0492  0.0492  0.0484  0.0484  0.0453  0.0382  0.0363  0.0363  0.0362  0.0362  0.0362  0.0361
  0.0496  0.0487  0.0484  0.0516  0.0490  0.0405  0.0364  0.0364  0.0364  0.0372  0.0362  0.0355
  0.0507  0.0483  0.0487  0.0557  0.0526  0.0439  0.0370  0.0374  0.0373  0.0387  0.0364  0.0353
  0.0524  0.0480  0.0493  0.0598  0.0562  0.0481  0.0380  0.0393  0.0386  0.0405  0.0369  0.0354
niter,ni,del,rscale     7    3    5.0000    1.2000
parameter  3  0.681659 ->  0.500000 qaram    1.1500
parameter  5  3.748442 ->  0.500000 qaram    1.3225
parameters
   -0.9936   20.1557   18.5853   -6.8337  -10.0467   -6.2369
   -1.2777    4.2132    1.6723   12.1189   -3.5853  -11.7022
eta,q 0.97367  8.06872
  0.0386  0.0358  0.0343  0.0353  0.0240  0.0289  0.0289  0.0295  0.0289  0.0288  0.0271  0.0280
  0.0370  0.0349  0.0341  0.0347  0.0260  0.0277  0.0278  0.0277  0.0277  0.0271  0.0267  0.0268
  0.0359  0.0348  0.0343  0.0343  0.0296  0.0270  0.0271  0.0269  0.0270  0.0264  0.0265  0.0263
  0.0353  0.0353  0.0348  0.0341  0.0343  0.0268  0.0268  0.0268  0.0267  0.0267  0.0264  0.0264
  0.0354  0.0362  0.0355  0.0350  0.0392  0.0272  0.0269  0.0274  0.0270  0.0278  0.0265  0.0269
  0.0360  0.0374  0.0366  0.0373  0.0438  0.0281  0.0275  0.0287  0.0277  0.0295  0.0268  0.0276
  0.0372  0.0389  0.0379  0.0414  0.0478  0.0307  0.0286  0.0304  0.0289  0.0322  0.0273  0.0285
niter,ni,del,rscale     7    3    5.0000    1.2000
parameter  5  0.771329 ->  0.500000 qaram    1.5209
parameters
   -0.9668   19.7565   17.9755   -6.2518  -15.5219   -5.9966
   -1.8619    4.2778    1.7459   12.8307   -3.4109  -14.4120
eta,q 0.97722  8.02995
  0.0288  0.0292  0.0273  0.0289  0.0231  0.0262  0.0249  0.0269  0.0252  0.0270  0.0239  0.0235
  0.0275  0.0275  0.0265  0.0276  0.0230  0.0246  0.0239  0.0246  0.0241  0.0252  0.0234  0.0230
  0.0266  0.0265  0.0262  0.0267  0.0238  0.0236  0.0233  0.0234  0.0234  0.0239  0.0231  0.0228
  0.0263  0.0263  0.0263  0.0262  0.0261  0.0231  0.0231  0.0231  0.0231  0.0231  0.0230  0.0230
  0.0265  0.0272  0.0268  0.0259  0.0309  0.0234  0.0235  0.0236  0.0233  0.0230  0.0231  0.0235
  0.0273  0.0290  0.0276  0.0266  0.0366  0.0240  0.0244  0.0248  0.0240  0.0240  0.0234  0.0243
  0.0287  0.0316  0.0288  0.0287  0.0425  0.0261  0.0256  0.0265  0.0252  0.0260  0.0238  0.0253
niter,ni,del,rscale     7    3    5.0000    1.2000
parameters
   -0.9430   19.8957   18.2951   -5.3552  -18.1788   -5.0896
   -1.7985    4.3860    1.9514   13.9299   -3.3388  -14.9126
eta,q 0.97781  8.02394
  0.0255  0.0268  0.0251  0.0260  0.0265  0.0261  0.0248  0.0265  0.0246  0.0264  0.0231  0.0237
  0.0241  0.0246  0.0240  0.0245  0.0239  0.0243  0.0235  0.0240  0.0235  0.0245  0.0226  0.0228
  0.0231  0.0232  0.0232  0.0235  0.0224  0.0230  0.0227  0.0226  0.0227  0.0231  0.0223  0.0223
  0.0228  0.0228  0.0228  0.0228  0.0226  0.0224  0.0223  0.0223  0.0223  0.0223  0.0222  0.0222
  0.0230  0.0232  0.0228  0.0225  0.0242  0.0225  0.0226  0.0228  0.0225  0.0222  0.0223  0.0225
  0.0239  0.0243  0.0233  0.0232  0.0288  0.0230  0.0234  0.0241  0.0233  0.0229  0.0226  0.0231
  0.0254  0.0259  0.0242  0.0252  0.0356  0.0250  0.0248  0.0260  0.0244  0.0247  0.0230  0.0240
niter,ni,del,rscale     6    3    5.0000    1.2000
parameters
   -0.9383   19.8812   18.4786   -5.1663  -18.8307   -4.7564
   -1.7457    4.3712    2.0033   14.0611   -3.3247  -14.9706
eta,q 0.97784  8.02290
  0.0250  0.0258  0.0243  0.0254  0.0280  0.0256  0.0247  0.0262  0.0245  0.0255  0.0231  0.0238
  0.0236  0.0237  0.0232  0.0240  0.0254  0.0238  0.0234  0.0237  0.0233  0.0238  0.0225  0.0229
  0.0226  0.0225  0.0225  0.0229  0.0230  0.0226  0.0225  0.0224  0.0225  0.0226  0.0222  0.0223
  0.0222  0.0222  0.0222  0.0222  0.0221  0.0222  0.0222  0.0222  0.0222  0.0222  0.0222  0.0222
  0.0225  0.0227  0.0223  0.0221  0.0228  0.0224  0.0225  0.0227  0.0224  0.0224  0.0223  0.0224
  0.0235  0.0239  0.0228  0.0231  0.0254  0.0230  0.0233  0.0240  0.0232  0.0234  0.0226  0.0230
  0.0251  0.0256  0.0238  0.0258  0.0308  0.0254  0.0247  0.0260  0.0245  0.0255  0.0230  0.0238
niter,ni,del,rscale     5    3    5.0000    1.2000
parameters
   -0.9358   19.8840   18.5291   -5.1064  -18.9299   -4.7353
   -1.7492    4.3723    2.0116   14.0764   -3.3427  -14.9753
eta,q 0.97785  8.02234
  0.0250  0.0258  0.0240  0.0254  0.0284  0.0254  0.0247  0.0262  0.0245  0.0254  0.0231  0.0239
  0.0235  0.0237  0.0230  0.0240  0.0258  0.0237  0.0234  0.0237  0.0233  0.0237  0.0225  0.0229
  0.0225  0.0225  0.0224  0.0229  0.0233  0.0225  0.0225  0.0224  0.0225  0.0226  0.0222  0.0223
  0.0222  0.0222  0.0222  0.0222  0.0221  0.0222  0.0222  0.0222  0.0222  0.0222  0.0222  0.0222
  0.0224  0.0227  0.0223  0.0221  0.0226  0.0224  0.0225  0.0227  0.0224  0.0224  0.0223  0.0224
  0.0234  0.0238  0.0229  0.0232  0.0248  0.0231  0.0234  0.0240  0.0233  0.0235  0.0226  0.0230
  0.0251  0.0256  0.0239  0.0260  0.0297  0.0258  0.0247  0.0260  0.0245  0.0256  0.0230  0.0238
niter,ni,del,rscale     4    3    5.0000    1.2000
parameters
   -0.9348   19.8846   18.5377   -5.0952  -18.9375   -4.7354
   -1.7485    4.3731    2.0142   14.0763   -3.3474  -14.9753
eta,q 0.97785  8.02231
  0.0250  0.0258  0.0240  0.0254  0.0285  0.0254  0.0247  0.0262  0.0245  0.0254  0.0231  0.0239
  0.0235  0.0237  0.0230  0.0240  0.0258  0.0237  0.0234  0.0237  0.0233  0.0237  0.0225  0.0229
  0.0225  0.0225  0.0224  0.0229  0.0233  0.0225  0.0225  0.0224  0.0225  0.0226  0.0222  0.0223
  0.0222  0.0222  0.0222  0.0222  0.0221  0.0222  0.0222  0.0222  0.0222  0.0222  0.0222  0.0222
  0.0224  0.0226  0.0223  0.0221  0.0226  0.0224  0.0225  0.0227  0.0224  0.0224  0.0223  0.0224
  0.0234  0.0238  0.0230  0.0233  0.0247  0.0231  0.0234  0.0240  0.0233  0.0235  0.0226  0.0230
  0.0251  0.0256  0.0240  0.0261  0.0295  0.0258  0.0247  0.0260  0.0245  0.0256  0.0230  0.0238
registration optimization eta report
parameter search radius
    2.4000    2.7600    2.7600    8.2800   10.9503    8.2800
    7.2000    7.2000    7.2000    7.2000    7.2000    8.2800
100000*second partial in parameter space
       50.       46.       24.        5.        6.        5.
        5.        8.        4.        7.        2.        2.
  0.0250  0.0258  0.0240  0.0254  0.0285  0.0254  0.0247  0.0262  0.0245  0.0254  0.0231  0.0239
  0.0235  0.0237  0.0230  0.0240  0.0258  0.0237  0.0234  0.0237  0.0233  0.0237  0.0225  0.0229
  0.0225  0.0225  0.0224  0.0229  0.0233  0.0225  0.0225  0.0224  0.0225  0.0226  0.0222  0.0223
  0.0222  0.0222  0.0222  0.0222  0.0221  0.0222  0.0222  0.0222  0.0222  0.0222  0.0222  0.0222
  0.0224  0.0226  0.0223  0.0221  0.0226  0.0224  0.0225  0.0227  0.0224  0.0224  0.0223  0.0224
  0.0234  0.0238  0.0230  0.0233  0.0247  0.0231  0.0234  0.0240  0.0233  0.0235  0.0226  0.0230
  0.0251  0.0256  0.0240  0.0261  0.0295  0.0258  0.0247  0.0260  0.0245  0.0256  0.0230  0.0238
   -0.9348   19.8846   18.5377   -5.0952  -18.9375   -4.7354
   -1.7485    4.3731    2.0142   14.0763   -3.3474  -14.9753
eta,q 0.97785  8.02231

---------------------------------------------------------------------
imgreg_4dfp /opt/freesurfer/average/711-2C_as_mni_average_305 /opt/freesurfer/average/711-2B_as_mni_average_305_mask talsrcimg_g11 none talsrcimg_to_711-2C_as_mni_average_305_t4 2311
---------------------------------------------------------------------

freesurfer imgreg_4dfp.c
/opt/freesurfer/average/711-2C_as_mni_average_305.4dfp.img
       256       256       256         1
  1.000000  1.000000  1.000000
orientation T byte_order littleendian
Reading image: /opt/freesurfer/average/711-2C_as_mni_average_305.4dfp.img
dimensions:      256       256       256
mmppix:       1.0000   -1.0000   -1.0000
center:     128.0000 -129.0000 -129.0000
/opt/freesurfer/average/711-2B_as_mni_average_305_mask.4dfp.img
       256       256       256         1
  1.000000  1.000000  1.000000
orientation T byte_order littleendian
Reading mask: /opt/freesurfer/average/711-2B_as_mni_average_305_mask.4dfp.img (2306576 pixels)
talsrcimg_g11.4dfp.img
       256       256       256         1
  1.000000  1.000000  1.000000
orientation T byte_order littleendian
Reading image: talsrcimg_g11.4dfp.img
dimensions:      256       256       256
mmppix:       1.0000   -1.0000   -1.0000
center:     128.0000 -129.0000 -129.0000
fimgreg.f
image alignment mode   2311 decimal      907 hex
parameters
   -0.9348   19.8846   18.5377   -5.0952  -18.9375   -4.7354
   -1.7485    4.3731    2.0142   14.0763   -3.3474  -14.9753
eta,q 0.97785  8.02232
niter,ni,del,rscale     5    3    5.0000    0.8000
parameters
   -0.9028   19.8129   18.5577   -3.9655  -18.2814   -4.4466
   -1.9368    4.5097    1.9122   14.2110   -2.9748  -15.1518
eta,q 0.97801  8.06921
  0.0235  0.0233  0.0228  0.0237  0.0238  0.0231  0.0231  0.0240  0.0230  0.0235  0.0225  0.0225
  0.0228  0.0226  0.0224  0.0231  0.0229  0.0225  0.0225  0.0229  0.0225  0.0227  0.0222  0.0222
  0.0223  0.0222  0.0222  0.0226  0.0223  0.0221  0.0221  0.0222  0.0221  0.0222  0.0220  0.0220
  0.0222  0.0221  0.0221  0.0221  0.0220  0.0220  0.0220  0.0220  0.0220  0.0220  0.0220  0.0220
  0.0223  0.0223  0.0222  0.0220  0.0220  0.0221  0.0222  0.0222  0.0221  0.0221  0.0220  0.0221
  0.0227  0.0228  0.0224  0.0222  0.0224  0.0223  0.0226  0.0228  0.0225  0.0225  0.0221  0.0223
  0.0234  0.0235  0.0228  0.0228  0.0230  0.0228  0.0233  0.0238  0.0231  0.0234  0.0223  0.0226
niter,ni,del,rscale     4    3    5.0000    0.7000
parameters
   -0.9816   19.6838   18.4543   -3.8591  -18.2493   -4.2329
   -1.8280    4.4689    1.9219   14.2768   -2.7943  -15.1308
eta,q 0.97804  8.08176
  0.0229  0.0228  0.0224  0.0230  0.0231  0.0227  0.0229  0.0234  0.0228  0.0231  0.0223  0.0224
  0.0224  0.0223  0.0221  0.0226  0.0224  0.0223  0.0224  0.0226  0.0224  0.0225  0.0221  0.0222
  0.0221  0.0220  0.0220  0.0222  0.0221  0.0220  0.0221  0.0221  0.0221  0.0221  0.0220  0.0220
  0.0220  0.0220  0.0220  0.0220  0.0220  0.0220  0.0220  0.0220  0.0220  0.0220  0.0220  0.0220
  0.0221  0.0222  0.0220  0.0220  0.0221  0.0220  0.0220  0.0221  0.0221  0.0220  0.0220  0.0220
  0.0225  0.0225  0.0222  0.0224  0.0224  0.0222  0.0223  0.0226  0.0223  0.0224  0.0221  0.0222
  0.0232  0.0231  0.0225  0.0231  0.0230  0.0225  0.0228  0.0235  0.0228  0.0231  0.0222  0.0224
niter,ni,del,rscale     3    3    5.0000    0.6000
parameters
   -0.9979   19.6505   18.4541   -3.7357  -18.2809   -4.2387
   -1.8157    4.4525    1.9235   14.3325   -2.7516  -15.1202
eta,q 0.97806  8.08490
  0.0227  0.0226  0.0223  0.0228  0.0227  0.0224  0.0226  0.0230  0.0226  0.0228  0.0222  0.0223
  0.0223  0.0222  0.0221  0.0224  0.0223  0.0221  0.0223  0.0224  0.0222  0.0224  0.0221  0.0221
  0.0220  0.0220  0.0220  0.0221  0.0220  0.0220  0.0220  0.0221  0.0220  0.0221  0.0220  0.0220
  0.0220  0.0220  0.0219  0.0219  0.0220  0.0219  0.0219  0.0219  0.0219  0.0219  0.0219  0.0219
  0.0221  0.0221  0.0220  0.0220  0.0220  0.0220  0.0220  0.0221  0.0220  0.0220  0.0220  0.0220
  0.0223  0.0223  0.0221  0.0223  0.0223  0.0222  0.0223  0.0224  0.0222  0.0223  0.0220  0.0221
  0.0228  0.0227  0.0223  0.0228  0.0228  0.0224  0.0226  0.0230  0.0226  0.0228  0.0222  0.0223
niter,ni,del,rscale     2    3    5.0000    0.5000
parameters
   -1.0057   19.6362   18.4532   -3.6266  -18.2901   -4.2788
   -1.8273    4.4520    1.9201   14.3955   -2.7586  -15.1133
eta,q 0.97806  8.08714
  0.0225  0.0224  0.0222  0.0226  0.0225  0.0223  0.0224  0.0227  0.0224  0.0225  0.0221  0.0222
  0.0222  0.0222  0.0221  0.0223  0.0222  0.0221  0.0222  0.0223  0.0221  0.0222  0.0220  0.0220
  0.0220  0.0220  0.0220  0.0221  0.0220  0.0220  0.0220  0.0220  0.0220  0.0220  0.0220  0.0220
  0.0219  0.0219  0.0219  0.0219  0.0219  0.0219  0.0219  0.0219  0.0219  0.0219  0.0219  0.0219
  0.0220  0.0220  0.0220  0.0220  0.0220  0.0220  0.0220  0.0220  0.0220  0.0220  0.0220  0.0220
  0.0222  0.0222  0.0221  0.0222  0.0222  0.0221  0.0222  0.0223  0.0221  0.0222  0.0220  0.0220
  0.0225  0.0225  0.0222  0.0225  0.0225  0.0223  0.0224  0.0227  0.0224  0.0225  0.0221  0.0222
niter,ni,del,rscale     1    3    5.0000    0.4000
parameters
   -1.0116   19.6293   18.4410   -3.5558  -18.2744   -4.3453
   -1.8344    4.4653    1.9210   14.4471   -2.7418  -15.0916
eta,q 0.97807  8.08829
  0.0223  0.0223  0.0221  0.0224  0.0223  0.0221  0.0222  0.0224  0.0222  0.0223  0.0220  0.0221
  0.0221  0.0221  0.0220  0.0221  0.0221  0.0220  0.0221  0.0221  0.0221  0.0221  0.0220  0.0220
  0.0220  0.0220  0.0220  0.0220  0.0220  0.0220  0.0220  0.0220  0.0220  0.0220  0.0220  0.0220
  0.0219  0.0219  0.0219  0.0219  0.0219  0.0219  0.0219  0.0219  0.0219  0.0219  0.0219  0.0219
  0.0220  0.0220  0.0220  0.0220  0.0220  0.0220  0.0220  0.0220  0.0220  0.0220  0.0219  0.0220
  0.0221  0.0221  0.0220  0.0221  0.0221  0.0220  0.0221  0.0221  0.0221  0.0221  0.0220  0.0220
  0.0223  0.0223  0.0221  0.0223  0.0223  0.0222  0.0222  0.0224  0.0222  0.0223  0.0220  0.0221
registration optimization eta report
parameter search radius
    0.8000    0.8000    0.8000    2.4000    2.4000    2.4000
    2.4000    2.4000    2.4000    2.4000    2.4000    2.4000
100000*second partial in parameter space
       56.       51.       25.        7.        6.        4.
        5.        8.        5.        7.        2.        3.
  0.0223  0.0223  0.0221  0.0224  0.0223  0.0221  0.0222  0.0224  0.0222  0.0223  0.0220  0.0221
  0.0221  0.0221  0.0220  0.0221  0.0221  0.0220  0.0221  0.0221  0.0221  0.0221  0.0220  0.0220
  0.0220  0.0220  0.0220  0.0220  0.0220  0.0220  0.0220  0.0220  0.0220  0.0220  0.0220  0.0220
  0.0219  0.0219  0.0219  0.0219  0.0219  0.0219  0.0219  0.0219  0.0219  0.0219  0.0219  0.0219
  0.0220  0.0220  0.0220  0.0220  0.0220  0.0220  0.0220  0.0220  0.0220  0.0220  0.0219  0.0220
  0.0221  0.0221  0.0220  0.0221  0.0221  0.0220  0.0221  0.0221  0.0221  0.0221  0.0220  0.0220
  0.0223  0.0223  0.0221  0.0223  0.0223  0.0222  0.0222  0.0224  0.0222  0.0223  0.0220  0.0221
   -1.0116   19.6293   18.4410   -3.5558  -18.2744   -4.3453
   -1.8344    4.4653    1.9210   14.4471   -2.7418  -15.0916
eta,q 0.97807  8.08829

---------------------------------------------------------------------
imgreg_4dfp /opt/freesurfer/average/711-2C_as_mni_average_305 /opt/freesurfer/average/711-2B_as_mni_average_305_mask talsrcimg_g11 none talsrcimg_to_711-2C_as_mni_average_305_t4 2311
---------------------------------------------------------------------

freesurfer imgreg_4dfp.c
/opt/freesurfer/average/711-2C_as_mni_average_305.4dfp.img
       256       256       256         1
  1.000000  1.000000  1.000000
orientation T byte_order littleendian
Reading image: /opt/freesurfer/average/711-2C_as_mni_average_305.4dfp.img
dimensions:      256       256       256
mmppix:       1.0000   -1.0000   -1.0000
center:     128.0000 -129.0000 -129.0000
/opt/freesurfer/average/711-2B_as_mni_average_305_mask.4dfp.img
       256       256       256         1
  1.000000  1.000000  1.000000
orientation T byte_order littleendian
Reading mask: /opt/freesurfer/average/711-2B_as_mni_average_305_mask.4dfp.img (2306576 pixels)
talsrcimg_g11.4dfp.img
       256       256       256         1
  1.000000  1.000000  1.000000
orientation T byte_order littleendian
Reading image: talsrcimg_g11.4dfp.img
dimensions:      256       256       256
mmppix:       1.0000   -1.0000   -1.0000
center:     128.0000 -129.0000 -129.0000
fimgreg.f
image alignment mode   2311 decimal      907 hex
parameters
   -1.0116   19.6293   18.4410   -3.5558  -18.2744   -4.3453
   -1.8344    4.4653    1.9210   14.4471   -2.7418  -15.0916
eta,q 0.97807  8.08829
niter,ni,del,rscale     5    3    5.0000    0.8000
parameters
   -1.0282   19.6746   18.4306   -3.9469  -18.2911   -4.1515
   -1.7652    4.4008    1.9411   14.2092   -2.7728  -15.1210
eta,q 0.97803  8.08077
  0.0233  0.0233  0.0226  0.0231  0.0234  0.0229  0.0232  0.0238  0.0231  0.0233  0.0224  0.0225
  0.0226  0.0225  0.0222  0.0226  0.0226  0.0224  0.0225  0.0227  0.0225  0.0226  0.0221  0.0222
  0.0221  0.0221  0.0220  0.0221  0.0221  0.0220  0.0221  0.0221  0.0221  0.0221  0.0220  0.0220
  0.0219  0.0219  0.0219  0.0219  0.0220  0.0220  0.0220  0.0220  0.0220  0.0220  0.0220  0.0220
  0.0221  0.0221  0.0220  0.0221  0.0221  0.0221  0.0221  0.0222  0.0221  0.0221  0.0220  0.0220
  0.0226  0.0225  0.0222  0.0227  0.0226  0.0223  0.0225  0.0228  0.0225  0.0227  0.0222  0.0222
  0.0234  0.0231  0.0226  0.0238  0.0235  0.0228  0.0231  0.0239  0.0231  0.0238  0.0224  0.0226
niter,ni,del,rscale     4    3    5.0000    0.7000
parameters
   -1.0076   19.6575   18.4767   -3.8852  -18.2883   -4.2227
   -1.8061    4.4252    1.9403   14.2552   -2.8246  -15.0936
eta,q 0.97805  8.08085
  0.0231  0.0229  0.0225  0.0230  0.0230  0.0226  0.0229  0.0234  0.0228  0.0231  0.0223  0.0224
  0.0225  0.0224  0.0222  0.0226  0.0224  0.0222  0.0224  0.0226  0.0224  0.0225  0.0221  0.0222
  0.0221  0.0220  0.0220  0.0222  0.0221  0.0220  0.0221  0.0221  0.0221  0.0221  0.0220  0.0220
  0.0220  0.0220  0.0220  0.0220  0.0220  0.0220  0.0220  0.0220  0.0220  0.0220  0.0220  0.0220
  0.0221  0.0221  0.0220  0.0220  0.0221  0.0221  0.0221  0.0221  0.0221  0.0220  0.0220  0.0220
  0.0224  0.0224  0.0222  0.0224  0.0224  0.0223  0.0224  0.0226  0.0224  0.0224  0.0221  0.0222
  0.0230  0.0229  0.0224  0.0231  0.0231  0.0226  0.0229  0.0234  0.0228  0.0232  0.0223  0.0224
niter,ni,del,rscale     3    3    5.0000    0.6000
parameters
   -0.9985   19.6496   18.4691   -3.7473  -18.2896   -4.2541
   -1.8212    4.4458    1.9320   14.3288   -2.7778  -15.1065
eta,q 0.97806  8.08400
  0.0228  0.0227  0.0223  0.0228  0.0227  0.0224  0.0226  0.0230  0.0226  0.0228  0.0222  0.0223
  0.0223  0.0223  0.0221  0.0224  0.0223  0.0221  0.0223  0.0224  0.0222  0.0224  0.0221  0.0221
  0.0221  0.0220  0.0220  0.0221  0.0220  0.0220  0.0220  0.0221  0.0220  0.0221  0.0220  0.0220
  0.0220  0.0220  0.0220  0.0220  0.0220  0.0220  0.0219  0.0220  0.0220  0.0219  0.0219  0.0219
  0.0220  0.0221  0.0220  0.0220  0.0220  0.0220  0.0220  0.0221  0.0220  0.0220  0.0220  0.0220
  0.0223  0.0223  0.0221  0.0223  0.0223  0.0222  0.0223  0.0224  0.0222  0.0223  0.0220  0.0221
  0.0228  0.0227  0.0223  0.0228  0.0228  0.0224  0.0226  0.0230  0.0226  0.0228  0.0222  0.0223
niter,ni,del,rscale     2    3    5.0000    0.5000
parameters
   -1.0046   19.6376   18.4561   -3.6357  -18.2879   -4.2821
   -1.8288    4.4560    1.9233   14.3892   -2.7449  -15.1073
eta,q 0.97806  8.08677
  0.0225  0.0224  0.0222  0.0226  0.0225  0.0223  0.0224  0.0227  0.0224  0.0225  0.0221  0.0222
  0.0222  0.0222  0.0221  0.0223  0.0222  0.0221  0.0221  0.0223  0.0221  0.0222  0.0220  0.0220
  0.0220  0.0220  0.0220  0.0221  0.0220  0.0220  0.0220  0.0220  0.0220  0.0220  0.0220  0.0220
  0.0219  0.0219  0.0219  0.0219  0.0219  0.0219  0.0219  0.0219  0.0219  0.0219  0.0219  0.0219
  0.0220  0.0220  0.0220  0.0220  0.0220  0.0220  0.0220  0.0220  0.0220  0.0220  0.0220  0.0220
  0.0222  0.0222  0.0221  0.0222  0.0222  0.0221  0.0222  0.0223  0.0221  0.0222  0.0220  0.0220
  0.0225  0.0225  0.0222  0.0225  0.0225  0.0223  0.0224  0.0227  0.0224  0.0225  0.0221  0.0222
niter,ni,del,rscale     1    3    5.0000    0.4000
parameters
   -1.0117   19.6303   18.4381   -3.5533  -18.2740   -4.3450
   -1.8344    4.4629    1.9155   14.4515   -2.7366  -15.0960
eta,q 0.97806  8.08842
  0.0223  0.0223  0.0221  0.0224  0.0223  0.0221  0.0222  0.0224  0.0222  0.0223  0.0220  0.0221
  0.0221  0.0221  0.0220  0.0222  0.0221  0.0220  0.0221  0.0221  0.0221  0.0221  0.0220  0.0220
  0.0220  0.0220  0.0220  0.0220  0.0220  0.0220  0.0220  0.0220  0.0220  0.0220  0.0219  0.0220
  0.0219  0.0219  0.0219  0.0219  0.0219  0.0219  0.0219  0.0219  0.0219  0.0219  0.0219  0.0219
  0.0220  0.0220  0.0220  0.0220  0.0220  0.0220  0.0220  0.0220  0.0220  0.0220  0.0219  0.0220
  0.0221  0.0221  0.0220  0.0221  0.0221  0.0220  0.0221  0.0221  0.0221  0.0221  0.0220  0.0220
  0.0223  0.0223  0.0221  0.0223  0.0223  0.0222  0.0222  0.0224  0.0222  0.0223  0.0220  0.0221
registration optimization eta report
parameter search radius
    0.8000    0.8000    0.8000    2.4000    2.4000    2.4000
    2.4000    2.4000    2.4000    2.4000    2.4000    2.4000
100000*second partial in parameter space
       56.       51.       25.        7.        6.        4.
        5.        8.        5.        7.        2.        3.
  0.0223  0.0223  0.0221  0.0224  0.0223  0.0221  0.0222  0.0224  0.0222  0.0223  0.0220  0.0221
  0.0221  0.0221  0.0220  0.0222  0.0221  0.0220  0.0221  0.0221  0.0221  0.0221  0.0220  0.0220
  0.0220  0.0220  0.0220  0.0220  0.0220  0.0220  0.0220  0.0220  0.0220  0.0220  0.0219  0.0220
  0.0219  0.0219  0.0219  0.0219  0.0219  0.0219  0.0219  0.0219  0.0219  0.0219  0.0219  0.0219
  0.0220  0.0220  0.0220  0.0220  0.0220  0.0220  0.0220  0.0220  0.0220  0.0220  0.0219  0.0220
  0.0221  0.0221  0.0220  0.0221  0.0221  0.0220  0.0221  0.0221  0.0221  0.0221  0.0220  0.0220
  0.0223  0.0223  0.0221  0.0223  0.0223  0.0222  0.0222  0.0224  0.0222  0.0223  0.0220  0.0221
   -1.0117   19.6303   18.4381   -3.5533  -18.2740   -4.3450
   -1.8344    4.4629    1.9155   14.4515   -2.7366  -15.0960
eta,q 0.97806  8.08842

---------------------------------------------------------------------
compute_vox2vox talsrcimg talsrcimg_to_711-2C_as_mni_average_305_t4 /opt/freesurfer/average/711-2C_as_mni_average_305
---------------------------------------------------------------------

freesurfer compute_vox2vox.c
Reading: talsrcimg.4dfp.ifh
Reading: talsrcimg_to_711-2C_as_mni_average_305_t4
Reading: /opt/freesurfer/average/711-2C_as_mni_average_305.4dfp.ifh
Writing: talsrcimg_to_711-2C_as_mni_average_305_t4_vox2vox.txt

start time Fri Mar 13 05:35:58 CET 2026
end		time Fri Mar 13 05:36:12 CET 2026

mpr2mni305 success

avi2talxfm orig_nu.mgz /opt/freesurfer/average/mni305.cor.mgz talsrcimg_to_711-2C_as_mni_average_305_t4_vox2vox.txt transforms/talairach.auto.xfm
avi2talxfm done
mv -f /out/sourcedata/freesurfer/sub-v2s4x29618_ses-1/mri/talsrcimg_to_711-2C_as_mni_average_305_t4_vox2vox.txt /out/sourcedata/freesurfer/sub-v2s4x29618_ses-1/mri/transforms/talsrcimg_to_711-2C_as_mni_average_305_t4_vox2vox.txt
lta_convert --src orig_nu.mgz --trg /opt/freesurfer/average/mni305.cor.mgz --inxfm transforms/talairach.auto.xfm --outlta transforms/talairach.auto.xfm.lta --subject fsaverage
7.3.2

--src: orig_nu.mgz src image (geometry).
--trg: /opt/freesurfer/average/mni305.cor.mgz trg image (geometry).
--inmni: transforms/talairach.auto.xfm input MNI/XFM transform.
--outlta: transforms/talairach.auto.xfm.lta output LTA.
--s: fsaverage subject name
 LTA read, type : 1
 1.03514  -0.05040   0.01393  -4.05337;
 0.02509   1.01582   0.18820  -30.32445;
-0.02870  -0.17844   1.19000  -53.99545;
 0.00000   0.00000   0.00000   1.00000;
setting subject to fsaverage
Writing  LTA to file transforms/talairach.auto.xfm.lta...
lta_convert successful.
 
 
Started at Fri Mar 13 05:35:58 CET 2026
Ended   at Fri Mar 13 05:36:12 CET 2026
talairach_avi done
