/out/sourcedata/freesurfer/sub-v2s4x29624_ses-1/mri
/opt/freesurfer/bin/talairach_avi
--i orig_nu.mgz --xfm transforms/talairach.auto.xfm
talairach_avi 7.3.2
Linux dna017 5.14.0-427.37.1.el9_4.x86_64 #1 SMP PREEMPT_DYNAMIC Fri Sep 13 12:41:50 EDT 2024 x86_64 x86_64 x86_64 GNU/Linux
Fri Mar 13 05:45:25 CET 2026
mri_convert orig_nu.mgz talsrcimg.img 
reading from orig_nu.mgz...
TR=0.00, TE=0.00, TI=0.00, flip angle=0.00
i_ras = (-1, 0, 0)
j_ras = (0, 0, -1)
k_ras = (0, 1, 0)
writing to talsrcimg.img...
Analyze Output Matrix
-1.00000   0.00000   0.00000   127.75439;
 0.00000   0.00000   1.00000  -133.69429;
 0.00000  -1.00000   0.00000   135.96158;
 0.00000   0.00000   0.00000   1.00000;
--------------------
INFO: set hdr.hist.orient to -1
mpr2mni305 talsrcimg
Fri Mar 13 05:45:26 CET 2026
/opt/freesurfer/bin/mpr2mni305 talsrcimg
mpr2mni305 7.3.2
target=711-2C_as_mni_average_305

---------------------------------------------------------------------
analyzeto4dfp talsrcimg -O0 -y
---------------------------------------------------------------------

freesurfer ifh2hdr.c
Fri Mar 13 05:45:26 2026
Writing: talsrcimg.4dfp.hdr
freesurfer analyzeto4dfp.c
Reading: talsrcimg.hdr
header size 348 bytes
hdr.dime.datatype	offset=70	value=2
hdr.dime.bitpix		offset=72	value=8
hdr.hist.orient		offset=252	value=-1
dimensionality     4
dimensions       256       256       256         1
Reading: talsrcimg.img
Writing: talsrcimg.4dfp.img
Writing: talsrcimg.4dfp.ifh
ifh2hdr talsrcimg -r0to255
ori=2

---------------------------------------------------------------------
gauss_4dfp talsrcimg 1.1
---------------------------------------------------------------------

freesurfer gauss_4dfp.c
Reading: talsrcimg.4dfp.img
Writing: talsrcimg_g11.4dfp.img
image dimensions 256 256 256 padded to 288 288 288
processing volume 1freesurfer ifh2hdr.c
Fri Mar 13 05:45:28 2026
Writing: talsrcimg_g11.4dfp.hdr

Writing: talsrcimg_g11.4dfp.ifh
including: talsrcimg.4dfp.img.rec in talsrcimg_g11.4dfp.img.rec

---------------------------------------------------------------------
imgreg_4dfp /opt/freesurfer/average/711-2C_as_mni_average_305 none talsrcimg_g11 none talsrcimg_to_711-2C_as_mni_average_305_t4 4355
---------------------------------------------------------------------

freesurfer imgreg_4dfp.c
/opt/freesurfer/average/711-2C_as_mni_average_305.4dfp.img
       256       256       256         1
  1.000000  1.000000  1.000000
orientation T byte_order littleendian
Reading image: /opt/freesurfer/average/711-2C_as_mni_average_305.4dfp.img
dimensions:      256       256       256
mmppix:       1.0000   -1.0000   -1.0000
center:     128.0000 -129.0000 -129.0000
talsrcimg_g11.4dfp.img
       256       256       256         1
  1.000000  1.000000  1.000000
orientation T byte_order littleendian
Reading image: talsrcimg_g11.4dfp.img
dimensions:      256       256       256
mmppix:       1.0000   -1.0000   -1.0000
center:     128.0000 -129.0000 -129.0000
t4_read: open error in t4_sub.f l:  41 t4_file(1:l)talsrcimg_to_711-2C_as_mni_average_305_t4 
t4_read: transform initialized to I4
rotation matrix determinant  1.000000
image alignment mode   4355 decimal     1103 hex
   -7.5000  -45.0000  -45.0000 4675.8618   16.8771
    0.0000  -45.0000  -45.0000 4878.3149   16.8341
    7.5000  -45.0000  -45.0000 4686.2734   16.8244
   -7.5000  -37.5000  -45.0000 5195.0762   16.2782
    0.0000  -37.5000  -45.0000 5394.9487   16.2361
    7.5000  -37.5000  -45.0000 5182.4736   16.2351
   -7.5000  -30.0000  -45.0000 5937.6729   15.8808
    0.0000  -30.0000  -45.0000 6143.2534   15.8369
    7.5000  -30.0000  -45.0000 5916.6890   15.8387
   -7.5000  -22.5000  -45.0000 6725.5029   15.6013
    0.0000  -22.5000  -45.0000 6961.4385   15.5612
    7.5000  -22.5000  -45.0000 6702.5356   15.5600
   -7.5000  -15.0000  -45.0000 7613.7529   15.4788
    0.0000  -15.0000  -45.0000 7896.5654   15.4422
    7.5000  -15.0000  -45.0000 7575.2837   15.4348
   -7.5000   -7.5000  -45.0000 8518.9629   15.4663
    0.0000   -7.5000  -45.0000 8853.0186   15.4301
    7.5000   -7.5000  -45.0000 8469.9316   15.4192
   -7.5000    0.0000  -45.0000 9411.1953   15.4899
    0.0000    0.0000  -45.0000 9792.4775   15.4526
    7.5000    0.0000  -45.0000 9359.1143   15.4442
   -7.5000    7.5000  -45.0000 9549.7539   15.5272
    0.0000    7.5000  -45.0000 9940.2207   15.4870
    7.5000    7.5000  -45.0000 9496.5967   15.4858
   -7.5000   15.0000  -45.0000 9463.7168   15.5463
    0.0000   15.0000  -45.0000 9857.6914   15.5042
    7.5000   15.0000  -45.0000 9391.8096   15.5067
   -7.5000   22.5000  -45.0000 9331.0752   15.5194
    0.0000   22.5000  -45.0000 9723.7979   15.4798
    7.5000   22.5000  -45.0000 9235.9492   15.4786
   -7.5000   30.0000  -45.0000 9206.3848   15.2725
    0.0000   30.0000  -45.0000 9586.1826   15.2363
    7.5000   30.0000  -45.0000 9094.0029   15.2290
   -7.5000   37.5000  -45.0000 9383.6270   15.2602
    0.0000   37.5000  -45.0000 9749.4492   15.2245
    7.5000   37.5000  -45.0000 9265.8789   15.2137
   -7.5000   45.0000  -45.0000 9167.1338   14.8954
    0.0000   45.0000  -45.0000 9536.1133   14.8595
    7.5000   45.0000  -45.0000 9077.2598   14.8515
   -7.5000  -45.0000  -37.5000 5027.7759   16.7444
    0.0000  -45.0000  -37.5000 5230.8535   16.7138
    7.5000  -45.0000  -37.5000 5028.5889   16.7148
   -7.5000  -37.5000  -37.5000 5570.8169   16.1590
    0.0000  -37.5000  -37.5000 5769.3491   16.1241
    7.5000  -37.5000  -37.5000 5555.0420   16.1307
   -7.5000  -30.0000  -37.5000 6360.3071   15.7770
    0.0000  -30.0000  -37.5000 6581.0820   15.7332
    7.5000  -30.0000  -37.5000 6339.5020   15.7384
   -7.5000  -22.5000  -37.5000 7215.6255   15.5066
    0.0000  -22.5000  -37.5000 7484.6294   15.4660
    7.5000  -22.5000  -37.5000 7181.4824   15.4673
   -7.5000  -15.0000  -37.5000 8174.6040   15.3819
    0.0000  -15.0000  -37.5000 8512.9365   15.3492
    7.5000  -15.0000  -37.5000 8117.7183   15.3463
   -7.5000   -7.5000  -37.5000 9156.2676   15.3590
    0.0000   -7.5000  -37.5000 9555.4346   15.3324
    7.5000   -7.5000  -37.5000 9088.4912   15.3292
   -7.5000    0.0000  -37.500010109.6445   15.3757
    0.0000    0.0000  -37.500010563.1328   15.3497
    7.5000    0.0000  -37.500010039.4893   15.3507
   -7.5000    7.5000  -37.500010263.4336   15.4176
    0.0000    7.5000  -37.500010718.6670   15.3840
    7.5000    7.5000  -37.500010178.2070   15.3898
   -7.5000   15.0000  -37.500010169.6650   15.4469
    0.0000   15.0000  -37.500010647.6885   15.4051
    7.5000   15.0000  -37.500010065.5547   15.4111
   -7.5000   22.5000  -37.5000 9992.8184   15.4257
    0.0000   22.5000  -37.500010480.5098   15.3855
    7.5000   22.5000  -37.5000 9871.2021   15.3869
   -7.5000   30.0000  -37.5000 9834.9531   15.1768
    0.0000   30.0000  -37.500010294.3271   15.1446
    7.5000   30.0000  -37.5000 9710.1885   15.1417
   -7.5000   37.5000  -37.5000 9988.4082   15.1543
    0.0000   37.5000  -37.500010424.1582   15.1281
    7.5000   37.5000  -37.5000 9859.8760   15.1250
   -7.5000   45.0000  -37.5000 9770.8115   14.7856
    0.0000   45.0000  -37.500010214.1699   14.7606
    7.5000   45.0000  -37.5000 9652.3291   14.7616
   -7.5000  -45.0000  -30.0000 5468.5923   17.3887
    0.0000  -45.0000  -30.0000 5691.7705   17.3651
    7.5000  -45.0000  -30.0000 5472.3633   17.3760
   -7.5000  -37.5000  -30.0000 6036.2090   16.7734
    0.0000  -37.5000  -30.0000 6266.1382   16.7417
    7.5000  -37.5000  -30.0000 6028.7114   16.7551
   -7.5000  -30.0000  -30.0000 6894.7930   16.3744
    0.0000  -30.0000  -30.0000 7166.6167   16.3282
    7.5000  -30.0000  -30.0000 6879.5415   16.3370
   -7.5000  -22.5000  -30.0000 7837.8945   16.1063
    0.0000  -22.5000  -30.0000 8185.1733   16.0616
    7.5000  -22.5000  -30.0000 7827.8105   16.0659
   -7.5000  -15.0000  -30.0000 8890.5098   15.9902
    0.0000  -15.0000  -30.0000 9310.8027   15.9561
    7.5000  -15.0000  -30.0000 8851.2979   15.9574
   -7.5000   -7.5000  -30.0000 9977.3652   15.9664
    0.0000   -7.5000  -30.000010454.8945   15.9433
    7.5000   -7.5000  -30.0000 9907.9883   15.9470
   -7.5000    0.0000  -30.000011001.9463   15.9738
    0.0000    0.0000  -30.000011526.2803   15.9535
    7.5000    0.0000  -30.000010915.5947   15.9624
   -7.5000    7.5000  -30.000011170.2881   16.0063
    0.0000    7.5000  -30.000011703.5303   15.9756
    7.5000    7.5000  -30.000011048.7471   15.9872
   -7.5000   15.0000  -30.000011093.2676   16.0336
    0.0000   15.0000  -30.000011633.2949   15.9898
    7.5000   15.0000  -30.000010953.0654   15.9992
   -7.5000   22.5000  -30.000010915.4561   16.0209
    0.0000   22.5000  -30.000011482.3623   15.9766
    7.5000   22.5000  -30.000010755.0664   15.9810
   -7.5000   30.0000  -30.000010698.5566   15.7785
    0.0000   30.0000  -30.000011220.9658   15.7449
    7.5000   30.0000  -30.000010524.4326   15.7462
   -7.5000   37.5000  -30.000010805.0371   15.7551
    0.0000   37.5000  -30.000011331.3369   15.7324
    7.5000   37.5000  -30.000010649.0576   15.7360
   -7.5000   45.0000  -30.000010566.7812   15.3720
    0.0000   45.0000  -30.000011085.8535   15.3525
    7.5000   45.0000  -30.000010414.3438   15.3611
   -7.5000  -45.0000  -22.5000 5903.8872   17.9959
    0.0000  -45.0000  -22.5000 6135.4429   17.9673
    7.5000  -45.0000  -22.5000 5908.7622   17.9778
   -7.5000  -37.5000  -22.5000 6527.8228   17.3438
    0.0000  -37.5000  -22.5000 6789.1445   17.3090
    7.5000  -37.5000  -22.5000 6525.2964   17.3212
   -7.5000  -30.0000  -22.5000 7477.1201   16.9141
    0.0000  -30.0000  -22.5000 7798.0054   16.8671
    7.5000  -30.0000  -22.5000 7448.2822   16.8758
   -7.5000  -22.5000  -22.5000 8532.4355   16.6418
    0.0000  -22.5000  -22.5000 8923.3145   16.5953
    7.5000  -22.5000  -22.5000 8500.7949   16.5998
   -7.5000  -15.0000  -22.5000 9677.5137   16.5405
    0.0000  -15.0000  -22.500010131.8945   16.5022
    7.5000  -15.0000  -22.5000 9635.6455   16.5034
   -7.5000   -7.5000  -22.500010844.9316   16.5298
    0.0000   -7.5000  -22.500011367.2383   16.5014
    7.5000   -7.5000  -22.500010778.2930   16.5043
   -7.5000    0.0000  -22.500011953.3262   16.5359
    0.0000    0.0000  -22.500012527.2891   16.5105
    7.5000    0.0000  -22.500011850.4570   16.5180
   -7.5000    7.5000  -22.500012116.9287   16.5517
    0.0000    7.5000  -22.500012693.3711   16.5181
    7.5000    7.5000  -22.500011976.4277   16.5285
   -7.5000   15.0000  -22.500012038.8818   16.5630
    0.0000   15.0000  -22.500012621.6982   16.5184
    7.5000   15.0000  -22.500011885.0410   16.5276
   -7.5000   22.5000  -22.500011882.4160   16.5526
    0.0000   22.5000  -22.500012489.4424   16.5065
    7.5000   22.5000  -22.500011693.5771   16.5110
   -7.5000   30.0000  -22.500011625.8135   16.3240
    0.0000   30.0000  -22.500012221.8398   16.2862
    7.5000   30.0000  -22.500011423.2686   16.2874
   -7.5000   37.5000  -22.500011702.8525   16.3136
    0.0000   37.5000  -22.500012309.5566   16.2855
    7.5000   37.5000  -22.500011502.4893   16.2884
   -7.5000   45.0000  -22.500011377.4043   15.9249
    0.0000   45.0000  -22.500011971.4229   15.9004
    7.5000   45.0000  -22.500011205.3018   15.9077
   -7.5000  -45.0000  -15.0000 6348.7148   18.4465
    0.0000  -45.0000  -15.0000 6613.9375   18.4057
    7.5000  -45.0000  -15.0000 6343.8003   18.4062
   -7.5000  -37.5000  -15.0000 7042.0693   17.7705
    0.0000  -37.5000  -15.0000 7335.1685   17.7295
    7.5000  -37.5000  -15.0000 7037.0112   17.7349
   -7.5000  -30.0000  -15.0000 8084.1650   17.3162
    0.0000  -30.0000  -15.0000 8436.7070   17.2707
    7.5000  -30.0000  -15.0000 8058.0464   17.2765
   -7.5000  -22.5000  -15.0000 9237.0449   17.0310
    0.0000  -22.5000  -15.0000 9662.3477   16.9861
    7.5000  -22.5000  -15.0000 9189.7168   16.9882
   -7.5000  -15.0000  -15.000010493.9189   16.9336
    0.0000  -15.0000  -15.000010975.5303   16.8918
    7.5000  -15.0000  -15.000010428.3672   16.8884
   -7.5000   -7.5000  -15.000011740.7725   16.9374
    0.0000   -7.5000  -15.000012281.4648   16.8993
    7.5000   -7.5000  -15.000011649.9707   16.8947
   -7.5000    0.0000  -15.000012904.4629   16.9516
    0.0000    0.0000  -15.000013497.2910   16.9149
    7.5000    0.0000  -15.000012783.7334   16.9137
   -7.5000    7.5000  -15.000013063.6943   16.9598
    0.0000    7.5000  -15.000013659.9609   16.9204
    7.5000    7.5000  -15.000012906.4375   16.9244
   -7.5000   15.0000  -15.000012955.3613   16.9569
    0.0000   15.0000  -15.000013584.9062   16.9135
    7.5000   15.0000  -15.000012801.1963   16.9197
   -7.5000   22.5000  -15.000012805.7090   16.9389
    0.0000   22.5000  -15.000013459.2656   16.8945
    7.5000   22.5000  -15.000012595.1387   16.8966
   -7.5000   30.0000  -15.000012553.8174   16.7143
    0.0000   30.0000  -15.000013194.9561   16.6731
    7.5000   30.0000  -15.000012297.9932   16.6697
   -7.5000   37.5000  -15.000012628.5566   16.7182
    0.0000   37.5000  -15.000013273.7012   16.6806
    7.5000   37.5000  -15.000012377.5283   16.6760
   -7.5000   45.0000  -15.000012230.9678   16.3351
    0.0000   45.0000  -15.000012884.0938   16.2997
    7.5000   45.0000  -15.000012044.3164   16.2986
   -7.5000  -45.0000   -7.5000 6842.9248   18.6710
    0.0000  -45.0000   -7.5000 7108.5186   18.6219
    7.5000  -45.0000   -7.5000 6813.1128   18.6124
   -7.5000  -37.5000   -7.5000 7587.5967   17.9979
    0.0000  -37.5000   -7.5000 7911.3525   17.9518
    7.5000  -37.5000   -7.5000 7574.7578   17.9511
   -7.5000  -30.0000   -7.5000 8710.9971   17.5437
    0.0000  -30.0000   -7.5000 9110.7061   17.4980
    7.5000  -30.0000   -7.5000 8705.0469   17.5009
   -7.5000  -22.5000   -7.5000 9956.2686   17.2424
    0.0000  -22.5000   -7.500010428.4717   17.1993
    7.5000  -22.5000   -7.5000 9935.4590   17.1991
   -7.5000  -15.0000   -7.500011330.3945   17.1280
    0.0000  -15.0000   -7.500011838.1348   17.0861
    7.5000  -15.0000   -7.500011271.7383   17.0787
   -7.5000   -7.5000   -7.500012664.2100   17.1299
    0.0000   -7.5000   -7.500013220.2588   17.0872
    7.5000   -7.5000   -7.500012589.0576   17.0755
   -7.5000    0.0000   -7.500013892.7568   17.1547
    0.0000    0.0000   -7.500014503.4385   17.1111
    7.5000    0.0000   -7.500013783.0781   17.1019
   -7.5000    7.5000   -7.500014064.7490   17.1763
    0.0000    7.5000   -7.500014666.3486   17.1322
    7.5000    7.5000   -7.500013903.2090   17.1308
   -7.5000   15.0000   -7.500013957.0068   17.1787
    0.0000   15.0000   -7.500014582.2656   17.1347
    7.5000   15.0000   -7.500013760.1240   17.1382
   -7.5000   22.5000   -7.500013768.2676   17.1473
    0.0000   22.5000   -7.500014405.6289   17.1046
    7.5000   22.5000   -7.500013500.5596   17.1045
   -7.5000   30.0000   -7.500013447.1699   16.9057
    0.0000   30.0000   -7.500014079.5146   16.8644
    7.5000   30.0000   -7.500013162.1758   16.8571
   -7.5000   37.5000   -7.500013527.7217   16.9078
    0.0000   37.5000   -7.500014207.0645   16.8656
    7.5000   37.5000   -7.500013267.9600   16.8541
   -7.5000   45.0000   -7.500013140.7451   16.5339
    0.0000   45.0000   -7.500013797.8340   16.4919
    7.5000   45.0000   -7.500012914.9746   16.4830
   -7.5000  -45.0000    0.0000 7285.6387   18.7012
    0.0000  -45.0000    0.0000 7574.2002   18.6547
    7.5000  -45.0000    0.0000 7244.0215   18.6448
   -7.5000  -37.5000    0.0000 8090.3481   18.0444
    0.0000  -37.5000    0.0000 8446.5527   17.9984
    7.5000  -37.5000    0.0000 8087.9966   17.9980
   -7.5000  -30.0000    0.0000 9302.1309   17.6070
    0.0000  -30.0000    0.0000 9728.8701   17.5589
    7.5000  -30.0000    0.0000 9297.8027   17.5616
   -7.5000  -22.5000    0.000010633.6416   17.2983
    0.0000  -22.5000    0.000011113.8896   17.2547
    7.5000  -22.5000    0.000010608.1416   17.2541
   -7.5000  -15.0000    0.000012089.0322   17.1629
    0.0000  -15.0000    0.000012611.3115   17.1236
    7.5000  -15.0000    0.000012039.8867   17.1161
   -7.5000   -7.5000    0.000013525.9053   17.1502
    0.0000   -7.5000    0.000014096.1758   17.1114
    7.5000   -7.5000    0.000013439.9053   17.1000
   -7.5000    0.0000    0.000014838.3584   17.1779
    0.0000    0.0000    0.000015458.9600   17.1375
    7.5000    0.0000    0.000014732.4014   17.1289
   -7.5000    7.5000    0.000015029.8799   17.2194
    0.0000    7.5000    0.000015633.4414   17.1754
    7.5000    7.5000    0.000014861.7998   17.1748
   -7.5000   15.0000    0.000014932.3281   17.2396
    0.0000   15.0000    0.000015559.0674   17.1933
    7.5000   15.0000    0.000014678.2773   17.1968
   -7.5000   22.5000    0.000014647.0674   17.2028
    0.0000   22.5000    0.000015236.0186   17.1597
    7.5000   22.5000    0.000014359.4082   17.1591
   -7.5000   30.0000    0.000014215.8262   16.9407
    0.0000   30.0000    0.000014813.4092   16.9019
    7.5000   30.0000    0.000013961.1387   16.8945
   -7.5000   37.5000    0.000014305.0449   16.9282
    0.0000   37.5000    0.000014914.3555   16.8900
    7.5000   37.5000    0.000014067.3066   16.8787
   -7.5000   45.0000    0.000013915.6689   16.5575
    0.0000   45.0000    0.000014535.4541   16.5186
    7.5000   45.0000    0.000013683.8125   16.5103
   -7.5000  -45.0000    7.5000 7094.3145   18.6835
    0.0000  -45.0000    7.5000 7395.4727   18.6492
    7.5000  -45.0000    7.5000 7076.4233   18.6503
   -7.5000  -37.5000    7.5000 7937.4136   18.0322
    0.0000  -37.5000    7.5000 8278.5049   17.9930
    7.5000  -37.5000    7.5000 7936.1504   18.0004
   -7.5000  -30.0000    7.5000 9176.8262   17.6068
    0.0000  -30.0000    7.5000 9584.0518   17.5578
    7.5000  -30.0000    7.5000 9158.0645   17.5637
   -7.5000  -22.5000    7.500010512.7695   17.3057
    0.0000  -22.5000    7.500010967.5312   17.2602
    7.5000  -22.5000    7.500010465.6074   17.2618
   -7.5000  -15.0000    7.500011905.0547   17.1668
    0.0000  -15.0000    7.500012392.9746   17.1302
    7.5000  -15.0000    7.500011848.9326   17.1270
   -7.5000   -7.5000    7.500013271.2939   17.1415
    0.0000   -7.5000    7.500013820.9424   17.1117
    7.5000   -7.5000    7.500013194.2354   17.1082
   -7.5000    0.0000    7.500014586.3848   17.1603
    0.0000    0.0000    7.500015163.8467   17.1311
    7.5000    0.0000    7.500014495.5400   17.1323
   -7.5000    7.5000    7.500014873.3975   17.2070
    0.0000    7.5000    7.500015434.5830   17.1693
    7.5000    7.5000    7.500014697.7285   17.1758
   -7.5000   15.0000    7.500014843.8457   17.2394
    0.0000   15.0000    7.500015422.5850   17.1926
    7.5000   15.0000    7.500014558.3887   17.1994
   -7.5000   22.5000    7.500014423.8467   17.2101
    0.0000   22.5000    7.500014898.6270   17.1651
    7.5000   22.5000    7.500014190.6660   17.1667
   -7.5000   30.0000    7.500013896.1289   16.9445
    0.0000   30.0000    7.500014342.8682   16.9084
    7.5000   30.0000    7.500013761.2285   16.9052
   -7.5000   37.5000    7.500014041.3486   16.9196
    0.0000   37.5000    7.500014543.3623   16.8902
    7.5000   37.5000    7.500013892.3613   16.8867
   -7.5000   45.0000    7.500013686.7324   16.5406
    0.0000   45.0000    7.500014234.5732   16.5125
    7.5000   45.0000    7.500013529.3174   16.5136
   -7.5000  -45.0000   15.0000 6852.9512   18.6726
    0.0000  -45.0000   15.0000 7139.7402   18.6473
    7.5000  -45.0000   15.0000 6839.3838   18.6589
   -7.5000  -37.5000   15.0000 7685.7705   18.0119
    0.0000  -37.5000   15.0000 8011.6870   17.9779
    7.5000  -37.5000   15.0000 7666.0415   17.9922
   -7.5000  -30.0000   15.0000 8914.0000   17.5834
    0.0000  -30.0000   15.0000 9286.9600   17.5338
    7.5000  -30.0000   15.0000 8859.7822   17.5432
   -7.5000  -22.5000   15.000010210.4414   17.2955
    0.0000  -22.5000   15.000010634.0635   17.2475
    7.5000  -22.5000   15.000010136.4619   17.2521
   -7.5000  -15.0000   15.000011566.4883   17.1708
    0.0000  -15.0000   15.000012049.2891   17.1342
    7.5000  -15.0000   15.000011492.8838   17.1357
   -7.5000   -7.5000   15.000012850.1484   17.1453
    0.0000   -7.5000   15.000013401.2305   17.1205
    7.5000   -7.5000   15.000012776.2900   17.1244
   -7.5000    0.0000   15.000014093.3633   17.1532
    0.0000    0.0000   15.000014670.3457   17.1315
    7.5000    0.0000   15.000013983.6094   17.1410
   -7.5000    7.5000   15.000014464.8672   17.1881
    0.0000    7.5000   15.000015083.8154   17.1551
    7.5000    7.5000   15.000014255.7754   17.1677
   -7.5000   15.0000   15.000014556.9932   17.2174
    0.0000   15.0000   15.000015086.9873   17.1704
    7.5000   15.0000   15.000014303.9502   17.1805
   -7.5000   22.5000   15.000014072.5166   17.2000
    0.0000   22.5000   15.000014377.7188   17.1525
    7.5000   22.5000   15.000014003.6133   17.1571
   -7.5000   30.0000   15.000013590.9795   16.9485
    0.0000   30.0000   15.000013866.0723   16.9124
    7.5000   30.0000   15.000013554.8457   16.9138
   -7.5000   37.5000   15.000013844.4375   16.9234
    0.0000   37.5000   15.000014222.0420   16.8989
    7.5000   37.5000   15.000013707.0234   16.9028
   -7.5000   45.0000   15.000013470.4453   16.5337
    0.0000   45.0000   15.000013958.7266   16.5128
    7.5000   45.0000   15.000013304.1191   16.5220
   -7.5000  -45.0000   22.5000 6510.4863   18.6812
    0.0000  -45.0000   22.5000 6788.0752   18.6515
    7.5000  -45.0000   22.5000 6500.0752   18.6624
   -7.5000  -37.5000   22.5000 7329.5425   18.0042
    0.0000  -37.5000   22.5000 7677.3525   17.9681
    7.5000  -37.5000   22.5000 7304.8247   17.9808
   -7.5000  -30.0000   22.5000 8514.0498   17.5582
    0.0000  -30.0000   22.5000 8929.2656   17.5094
    7.5000  -30.0000   22.5000 8478.9531   17.5184
   -7.5000  -22.5000   22.5000 9782.4844   17.2756
    0.0000  -22.5000   22.500010251.0010   17.2272
    7.5000  -22.5000   22.5000 9733.8242   17.2319
   -7.5000  -15.0000   22.500011114.5361   17.1703
    0.0000  -15.0000   22.500011614.6777   17.1306
    7.5000  -15.0000   22.500011033.2578   17.1319
   -7.5000   -7.5000   22.500012352.6279   17.1592
    0.0000   -7.5000   22.500012854.5645   17.1297
    7.5000   -7.5000   22.500012267.4561   17.1328
   -7.5000    0.0000   22.500013489.0625   17.1656
    0.0000    0.0000   22.500013999.2266   17.1392
    7.5000    0.0000   22.500013403.2939   17.1470
   -7.5000    7.5000   22.500013717.5967   17.1820
    0.0000    7.5000   22.500014289.6377   17.1471
    7.5000    7.5000   22.500013602.6504   17.1579
   -7.5000   15.0000   22.500013740.9336   17.1937
    0.0000   15.0000   22.500014326.0811   17.1474
    7.5000   15.0000   22.500013636.1416   17.1569
   -7.5000   22.5000   22.500013481.3809   17.1803
    0.0000   22.5000   22.500014018.7773   17.1325
    7.5000   22.5000   22.500013464.3516   17.1372
   -7.5000   30.0000   22.500013174.3447   16.9480
    0.0000   30.0000   22.500013694.8164   16.9088
    7.5000   30.0000   22.500013110.0537   16.9100
   -7.5000   37.5000   22.500013384.7021   16.9372
    0.0000   37.5000   22.500013932.4189   16.9080
    7.5000   37.5000   22.500013192.6309   16.9110
   -7.5000   45.0000   22.500012908.3408   16.5456
    0.0000   45.0000   22.500013472.5947   16.5202
    7.5000   45.0000   22.500012713.1650   16.5278
   -7.5000  -45.0000   30.0000 6116.8291   18.6996
    0.0000  -45.0000   30.0000 6386.6606   18.6583
    7.5000  -45.0000   30.0000 6118.1626   18.6588
   -7.5000  -37.5000   30.0000 6892.0342   18.0144
    0.0000  -37.5000   30.0000 7204.9292   17.9728
    7.5000  -37.5000   30.0000 6878.9897   17.9783
   -7.5000  -30.0000   30.0000 8008.6514   17.5539
    0.0000  -30.0000   30.0000 8390.4209   17.5078
    7.5000  -30.0000   30.0000 7990.9165   17.5136
   -7.5000  -22.5000   30.0000 9204.0693   17.2647
    0.0000  -22.5000   30.0000 9653.8682   17.2192
    7.5000  -22.5000   30.0000 9157.5449   17.2213
   -7.5000  -15.0000   30.000010437.5850   17.1660
    0.0000  -15.0000   30.000010940.2764   17.1237
    7.5000  -15.0000   30.000010364.6270   17.1202
   -7.5000   -7.5000   30.000011596.5430   17.1698
    0.0000   -7.5000   30.000012144.0420   17.1312
    7.5000   -7.5000   30.000011525.4971   17.1265
   -7.5000    0.0000   30.000012678.5508   17.1843
    0.0000    0.0000   30.000013339.6484   17.1470
    7.5000    0.0000   30.000012631.6660   17.1458
   -7.5000    7.5000   30.000012882.0088   17.1925
    0.0000    7.5000   30.000013590.8975   17.1526
    7.5000    7.5000   30.000012842.0391   17.1567
   -7.5000   15.0000   30.000012813.6719   17.1897
    0.0000   15.0000   30.000013505.8320   17.1456
    7.5000   15.0000   30.000012803.2363   17.1519
   -7.5000   22.5000   30.000012544.7236   17.1696
    0.0000   22.5000   30.000013218.2607   17.1245
    7.5000   22.5000   30.000012575.0586   17.1267
   -7.5000   30.0000   30.000012289.3105   16.9437
    0.0000   30.0000   30.000012925.8252   16.9019
    7.5000   30.0000   30.000012288.3018   16.8985
   -7.5000   37.5000   30.000012451.6396   16.9476
    0.0000   37.5000   30.000013082.2100   16.9095
    7.5000   37.5000   30.000012389.7295   16.9049
   -7.5000   45.0000   30.000012029.0771   16.5637
    0.0000   45.0000   30.000012623.4727   16.5278
    7.5000   45.0000   30.000011961.5107   16.5266
   -7.5000  -45.0000   37.5000 5886.8037   18.7210
    0.0000  -45.0000   37.5000 6111.6123   18.6718
    7.5000  -45.0000   37.5000 5893.5732   18.6622
   -7.5000  -37.5000   37.5000 6621.0146   18.0456
    0.0000  -37.5000   37.5000 6925.4282   17.9994
    7.5000  -37.5000   37.5000 6623.5244   17.9988
   -7.5000  -30.0000   37.5000 7694.3608   17.5899
    0.0000  -30.0000   37.5000 8100.3833   17.5442
    7.5000  -30.0000   37.5000 7692.8018   17.5472
   -7.5000  -22.5000   37.5000 8831.9658   17.2876
    0.0000  -22.5000   37.5000 9327.2891   17.2445
    7.5000  -22.5000   37.5000 8828.8984   17.2443
   -7.5000  -15.0000   37.500010033.9561   17.1728
    0.0000  -15.0000   37.500010563.8984   17.1310
    7.5000  -15.0000   37.5000 9997.9873   17.1236
   -7.5000   -7.5000   37.500011180.9111   17.1748
    0.0000   -7.5000   37.500011755.5479   17.1320
    7.5000   -7.5000   37.500011133.1680   17.1204
   -7.5000    0.0000   37.500012240.0371   17.1997
    0.0000    0.0000   37.500012869.7627   17.1560
    7.5000    0.0000   37.500012201.6416   17.1468
   -7.5000    7.5000   37.500012420.1182   17.2213
    0.0000    7.5000   37.500013010.0791   17.1772
    7.5000    7.5000   37.500012393.2920   17.1759
   -7.5000   15.0000   37.500012323.9990   17.2237
    0.0000   15.0000   37.500012858.3037   17.1797
    7.5000   15.0000   37.500012335.6592   17.1833
   -7.5000   22.5000   37.500012046.3447   17.1922
    0.0000   22.5000   37.500012529.4082   17.1496
    7.5000   22.5000   37.500012097.2334   17.1495
   -7.5000   30.0000   37.500011761.0410   16.9504
    0.0000   30.0000   37.500012234.4873   16.9091
    7.5000   30.0000   37.500011821.8047   16.9018
   -7.5000   37.5000   37.500011928.3115   16.9525
    0.0000   37.5000   37.500012413.5342   16.9103
    7.5000   37.5000   37.500011960.3594   16.8988
   -7.5000   45.0000   37.500011571.5674   16.5785
    0.0000   45.0000   37.500012052.6826   16.5364
    7.5000   45.0000   37.500011569.4492   16.5275
   -7.5000  -45.0000   45.0000 5420.2280   18.8173
    0.0000  -45.0000   45.0000 5613.5425   18.7705
    7.5000  -45.0000   45.0000 5418.1387   18.7605
   -7.5000  -37.5000   45.0000 6090.9292   18.1479
    0.0000  -37.5000   45.0000 6351.1025   18.1015
    7.5000  -37.5000   45.0000 6091.3833   18.1013
   -7.5000  -30.0000   45.0000 7082.2129   17.7023
    0.0000  -30.0000   45.0000 7414.9556   17.6536
    7.5000  -30.0000   45.0000 7074.9243   17.6565
   -7.5000  -22.5000   45.0000 8134.9307   17.3882
    0.0000  -22.5000   45.0000 8524.5547   17.3441
    7.5000  -22.5000   45.0000 8127.4551   17.3435
   -7.5000  -15.0000   45.0000 9227.7178   17.2508
    0.0000  -15.0000   45.0000 9675.8760   17.2111
    7.5000  -15.0000   45.0000 9204.1172   17.2034
   -7.5000   -7.5000   45.000010276.7881   17.2382
    0.0000   -7.5000   45.000010776.6758   17.1992
    7.5000   -7.5000   45.000010241.4385   17.1875
   -7.5000    0.0000   45.000011226.7754   17.2664
    0.0000    0.0000   45.000011755.0283   17.2258
    7.5000    0.0000   45.000011200.5645   17.2171
   -7.5000    7.5000   45.000011375.4717   17.3084
    0.0000    7.5000   45.000011879.9814   17.2640
    7.5000    7.5000   45.000011337.9805   17.2635
   -7.5000   15.0000   45.000011267.5781   17.3284
    0.0000   15.0000   45.000011739.2051   17.2817
    7.5000   15.0000   45.000011256.3574   17.2854
   -7.5000   22.5000   45.000011031.2090   17.2910
    0.0000   22.5000   45.000011475.8623   17.2475
    7.5000   22.5000   45.000011062.4121   17.2469
   -7.5000   30.0000   45.000010760.6348   17.0260
    0.0000   30.0000   45.000011200.1387   16.9868
    7.5000   30.0000   45.000010802.5215   16.9792
   -7.5000   37.5000   45.000010901.2344   17.0136
    0.0000   37.5000   45.000011336.1191   16.9751
    7.5000   37.5000   45.000010928.3340   16.9636
   -7.5000   45.0000   45.000010592.8838   16.6504
    0.0000   45.0000   45.000011034.4453   16.6112
    7.5000   45.0000   45.000010595.8184   16.6029

---------------------------------------------------------------------
imgreg_4dfp /opt/freesurfer/average/711-2C_as_mni_average_305 /opt/freesurfer/average/711-2B_as_mni_average_305_mask talsrcimg_g11 none talsrcimg_to_711-2C_as_mni_average_305_t4 4355
---------------------------------------------------------------------

freesurfer imgreg_4dfp.c
/opt/freesurfer/average/711-2C_as_mni_average_305.4dfp.img
       256       256       256         1
  1.000000  1.000000  1.000000
orientation T byte_order littleendian
Reading image: /opt/freesurfer/average/711-2C_as_mni_average_305.4dfp.img
dimensions:      256       256       256
mmppix:       1.0000   -1.0000   -1.0000
center:     128.0000 -129.0000 -129.0000
/opt/freesurfer/average/711-2B_as_mni_average_305_mask.4dfp.img
       256       256       256         1
  1.000000  1.000000  1.000000
orientation T byte_order littleendian
Reading mask: /opt/freesurfer/average/711-2B_as_mni_average_305_mask.4dfp.img (2306576 pixels)
talsrcimg_g11.4dfp.img
       256       256       256         1
  1.000000  1.000000  1.000000
orientation T byte_order littleendian
Reading image: talsrcimg_g11.4dfp.img
dimensions:      256       256       256
mmppix:       1.0000   -1.0000   -1.0000
center:     128.0000 -129.0000 -129.0000
rotation matrix determinant  1.000000
image alignment mode   4355 decimal     1103 hex
   -7.5000  -37.5000  -45.0000 1549.9220   30.5514
    0.0000  -37.5000  -45.0000 1557.9519   30.3519
    7.5000  -37.5000  -45.0000 1538.4370   30.4360
   -7.5000  -30.0000  -45.0000 1662.7695   26.7379
    0.0000  -30.0000  -45.0000 1665.9800   26.4388
    7.5000  -30.0000  -45.0000 1650.2196   26.5543
   -7.5000  -22.5000  -45.0000 1774.5765   23.4565
    0.0000  -22.5000  -45.0000 1776.3689   23.2230
    7.5000  -22.5000  -45.0000 1760.9478   23.3384
   -7.5000  -15.0000  -45.0000 1890.2388   20.7181
    0.0000  -15.0000  -45.0000 1895.5266   20.5876
    7.5000  -15.0000  -45.0000 1880.1469   20.6607
   -7.5000   -7.5000  -45.0000 1990.5570   18.6524
    0.0000   -7.5000  -45.0000 1993.4597   18.6268
    7.5000   -7.5000  -45.0000 1979.9742   18.6184
   -7.5000    0.0000  -45.0000 2075.7095   17.1675
    0.0000    0.0000  -45.0000 2077.4211   17.1706
    7.5000    0.0000  -45.0000 2066.6228   17.1471
   -7.5000    7.5000  -45.0000 2133.4302   16.1685
    0.0000    7.5000  -45.0000 2135.7139   16.1138
    7.5000    7.5000  -45.0000 2127.4614   16.1590
   -7.5000   15.0000  -45.0000 2156.4788   15.5235
    0.0000   15.0000  -45.0000 2160.6072   15.4741
    7.5000   15.0000  -45.0000 2148.0603   15.5706
   -7.5000   22.5000  -45.0000 2171.5859   15.1164
    0.0000   22.5000  -45.0000 2178.1089   15.0592
    7.5000   22.5000  -45.0000 2161.5747   15.1909
   -7.5000   30.0000  -45.0000 2168.8083   15.0203
    0.0000   30.0000  -45.0000 2176.2969   14.9676
    7.5000   30.0000  -45.0000 2159.3105   15.0957
   -7.5000   37.5000  -45.0000 2155.5752   15.2961
    0.0000   37.5000  -45.0000 2162.0437   15.2231
    7.5000   37.5000  -45.0000 2141.6794   15.3786
   -7.5000   45.0000  -45.0000 2116.6418   15.8856
    0.0000   45.0000  -45.0000 2124.8721   15.8055
    7.5000   45.0000  -45.0000 2107.0994   15.9699
   -7.5000   52.5000  -45.0000 2049.0510   16.6703
    0.0000   52.5000  -45.0000 2054.6316   16.5783
    7.5000   52.5000  -45.0000 2036.1401   16.7807
   -7.5000  -37.5000  -37.5000 1611.1628   28.2857
    0.0000  -37.5000  -37.5000 1620.5768   28.1863
    7.5000  -37.5000  -37.5000 1602.3105   28.2903
   -7.5000  -30.0000  -37.5000 1728.6371   24.5243
    0.0000  -30.0000  -37.5000 1732.8262   24.4660
    7.5000  -30.0000  -37.5000 1718.6871   24.5473
   -7.5000  -22.5000  -37.5000 1850.8232   21.4087
    0.0000  -22.5000  -37.5000 1854.4541   21.3475
    7.5000  -22.5000  -37.5000 1840.8940   21.4149
   -7.5000  -15.0000  -37.5000 1976.6389   18.9459
    0.0000  -15.0000  -37.5000 1984.7375   18.9341
    7.5000  -15.0000  -37.5000 1967.9727   18.9268
   -7.5000   -7.5000  -37.5000 2084.0530   17.0909
    0.0000   -7.5000  -37.5000 2095.0068   17.1538
    7.5000   -7.5000  -37.5000 2077.5396   17.1000
   -7.5000    0.0000  -37.5000 2176.4536   15.7422
    0.0000    0.0000  -37.5000 2184.6182   15.8369
    7.5000    0.0000  -37.5000 2169.7180   15.7503
   -7.5000    7.5000  -37.5000 2238.1687   14.8074
    0.0000    7.5000  -37.5000 2245.2422   14.8515
    7.5000    7.5000  -37.5000 2231.7090   14.8072
   -7.5000   15.0000  -37.5000 2258.9292   14.2202
    0.0000   15.0000  -37.5000 2271.7683   14.2515
    7.5000   15.0000  -37.5000 2253.0435   14.2694
   -7.5000   22.5000  -37.5000 2271.3347   13.8692
    0.0000   22.5000  -37.5000 2286.7988   13.8811
    7.5000   22.5000  -37.5000 2263.2107   13.9357
   -7.5000   30.0000  -37.5000 2271.5432   13.7441
    0.0000   30.0000  -37.5000 2286.1370   13.7663
    7.5000   30.0000  -37.5000 2264.3118   13.8395
   -7.5000   37.5000  -37.5000 2255.7979   13.9197
    0.0000   37.5000  -37.5000 2265.6948   13.9320
    7.5000   37.5000  -37.5000 2242.2539   14.0224
   -7.5000   45.0000  -37.5000 2225.8547   14.3799
    0.0000   45.0000  -37.5000 2237.9612   14.3896
    7.5000   45.0000  -37.5000 2214.9294   14.5125
   -7.5000   52.5000  -37.5000 2160.1978   15.0914
    0.0000   52.5000  -37.5000 2170.0144   15.1009
    7.5000   52.5000  -37.5000 2149.9895   15.2728
   -7.5000  -37.5000  -30.0000 1691.7020   27.1239
    0.0000  -37.5000  -30.0000 1700.1742   27.1198
    7.5000  -37.5000  -30.0000 1689.3273   27.1765
   -7.5000  -30.0000  -30.0000 1817.8464   23.4046
    0.0000  -30.0000  -30.0000 1826.4257   23.4779
    7.5000  -30.0000  -30.0000 1819.7335   23.5100
   -7.5000  -22.5000  -30.0000 1949.0446   20.4428
    0.0000  -22.5000  -30.0000 1963.9354   20.5224
    7.5000  -22.5000  -30.0000 1953.0680   20.4846
   -7.5000  -15.0000  -30.0000 2087.2473   18.0457
    0.0000  -15.0000  -30.0000 2104.0862   18.1841
    7.5000  -15.0000  -30.0000 2085.8171   18.1010
   -7.5000   -7.5000  -30.0000 2213.8738   16.2581
    0.0000   -7.5000  -30.0000 2227.8857   16.3750
    7.5000   -7.5000  -30.0000 2207.0071   16.3260
   -7.5000    0.0000  -30.0000 2310.4729   14.9636
    0.0000    0.0000  -30.0000 2322.2769   15.0835
    7.5000    0.0000  -30.0000 2300.1675   15.0161
   -7.5000    7.5000  -30.0000 2379.5640   14.0592
    0.0000    7.5000  -30.0000 2391.2944   14.1593
    7.5000    7.5000  -30.0000 2367.4062   14.0994
   -7.5000   15.0000  -30.0000 2407.3162   13.5044
    0.0000   15.0000  -30.0000 2422.8418   13.5612
    7.5000   15.0000  -30.0000 2398.4419   13.5636
   -7.5000   22.5000  -30.0000 2429.1958   13.1698
    0.0000   22.5000  -30.0000 2446.5652   13.2019
    7.5000   22.5000  -30.0000 2419.0747   13.2389
   -7.5000   30.0000  -30.0000 2426.1938   13.0659
    0.0000   30.0000  -30.0000 2442.7314   13.0785
    7.5000   30.0000  -30.0000 2416.0713   13.1481
   -7.5000   37.5000  -30.0000 2406.5305   13.1875
    0.0000   37.5000  -30.0000 2419.8508   13.2207
    7.5000   37.5000  -30.0000 2398.0938   13.3045
   -7.5000   45.0000  -30.0000 2376.9238   13.6096
    0.0000   45.0000  -30.0000 2394.0437   13.6469
    7.5000   45.0000  -30.0000 2367.2729   13.7448
   -7.5000   52.5000  -30.0000 2308.9707   14.3053
    0.0000   52.5000  -30.0000 2320.5278   14.3269
    7.5000   52.5000  -30.0000 2299.1726   14.4594
   -7.5000  -37.5000  -22.5000 1754.0647   25.8698
    0.0000  -37.5000  -22.5000 1762.4720   25.8618
    7.5000  -37.5000  -22.5000 1753.0197   25.9436
   -7.5000  -30.0000  -22.5000 1888.4503   22.2325
    0.0000  -30.0000  -22.5000 1902.0238   22.3028
    7.5000  -30.0000  -22.5000 1891.3187   22.3042
   -7.5000  -22.5000  -22.5000 2031.3926   19.3913
    0.0000  -22.5000  -22.5000 2048.7075   19.4882
    7.5000  -22.5000  -22.5000 2034.8707   19.3959
   -7.5000  -15.0000  -22.5000 2177.5139   17.1698
    0.0000  -15.0000  -22.5000 2194.7668   17.2778
    7.5000  -15.0000  -22.5000 2176.5317   17.1786
   -7.5000   -7.5000  -22.5000 2308.7288   15.4529
    0.0000   -7.5000  -22.5000 2329.8601   15.5243
    7.5000   -7.5000  -22.5000 2304.1653   15.4745
   -7.5000    0.0000  -22.5000 2414.2979   14.1373
    0.0000    0.0000  -22.5000 2435.3767   14.1962
    7.5000    0.0000  -22.5000 2404.1785   14.1663
   -7.5000    7.5000  -22.5000 2490.7402   13.2558
    0.0000    7.5000  -22.5000 2507.8372   13.2978
    7.5000    7.5000  -22.5000 2480.2283   13.2931
   -7.5000   15.0000  -22.5000 2529.7603   12.6908
    0.0000   15.0000  -22.5000 2544.2588   12.7284
    7.5000   15.0000  -22.5000 2519.0132   12.7325
   -7.5000   22.5000  -22.5000 2565.6650   12.3561
    0.0000   22.5000  -22.5000 2578.4304   12.3741
    7.5000   22.5000  -22.5000 2551.5247   12.4043
   -7.5000   30.0000  -22.5000 2569.5378   12.2768
    0.0000   30.0000  -22.5000 2584.0996   12.2669
    7.5000   30.0000  -22.5000 2557.1406   12.3402
   -7.5000   37.5000  -22.5000 2545.7229   12.3993
    0.0000   37.5000  -22.5000 2562.1172   12.4128
    7.5000   37.5000  -22.5000 2535.3931   12.4963
   -7.5000   45.0000  -22.5000 2510.7063   12.8083
    0.0000   45.0000  -22.5000 2530.8213   12.8310
    7.5000   45.0000  -22.5000 2498.1624   12.9521
   -7.5000   52.5000  -22.5000 2433.7747   13.4362
    0.0000   52.5000  -22.5000 2454.3853   13.4918
    7.5000   52.5000  -22.5000 2421.6670   13.6086
   -7.5000  -37.5000  -15.0000 1796.6152   24.7073
    0.0000  -37.5000  -15.0000 1802.6274   24.6791
    7.5000  -37.5000  -15.0000 1792.1263   24.7260
   -7.5000  -30.0000  -15.0000 1936.2980   21.1711
    0.0000  -30.0000  -15.0000 1950.2295   21.1410
    7.5000  -30.0000  -15.0000 1938.4150   21.1898
   -7.5000  -22.5000  -15.0000 2087.4700   18.4594
    0.0000  -22.5000  -15.0000 2105.5625   18.3985
    7.5000  -22.5000  -15.0000 2088.5205   18.4652
   -7.5000  -15.0000  -15.0000 2240.1450   16.3069
    0.0000  -15.0000  -15.0000 2259.5842   16.2608
    7.5000  -15.0000  -15.0000 2237.9006   16.2980
   -7.5000   -7.5000  -15.0000 2375.8391   14.6467
    0.0000   -7.5000  -15.0000 2395.1702   14.6195
    7.5000   -7.5000  -15.0000 2370.0491   14.6372
   -7.5000    0.0000  -15.0000 2484.7593   13.3882
    0.0000    0.0000  -15.0000 2505.6775   13.3753
    7.5000    0.0000  -15.0000 2476.8408   13.3729
   -7.5000    7.5000  -15.0000 2567.2893   12.4811
    0.0000    7.5000  -15.0000 2586.8901   12.4678
    7.5000    7.5000  -15.0000 2558.0977   12.4810
   -7.5000   15.0000  -15.0000 2617.4521   11.8851
    0.0000   15.0000  -15.0000 2638.2463   11.8839
    7.5000   15.0000  -15.0000 2610.1448   11.9080
   -7.5000   22.5000  -15.0000 2665.2144   11.5426
    0.0000   22.5000  -15.0000 2678.6692   11.5507
    7.5000   22.5000  -15.0000 2649.3181   11.5824
   -7.5000   30.0000  -15.0000 2681.9119   11.4522
    0.0000   30.0000  -15.0000 2695.1052   11.4461
    7.5000   30.0000  -15.0000 2664.6851   11.5062
   -7.5000   37.5000  -15.0000 2662.3994   11.5932
    0.0000   37.5000  -15.0000 2680.2109   11.5920
    7.5000   37.5000  -15.0000 2650.3130   11.6638
   -7.5000   45.0000  -15.0000 2622.2791   12.0234
    0.0000   45.0000  -15.0000 2645.8210   12.0248
    7.5000   45.0000  -15.0000 2610.1812   12.1376
   -7.5000   52.5000  -15.0000 2534.8066   12.6297
    0.0000   52.5000  -15.0000 2556.1313   12.6517
    7.5000   52.5000  -15.0000 2522.2317   12.7995
   -7.5000  -37.5000   -7.5000 1827.2379   23.7021
    0.0000  -37.5000   -7.5000 1833.5664   23.6145
    7.5000  -37.5000   -7.5000 1823.3760   23.7043
   -7.5000  -30.0000   -7.5000 1971.1483   20.2495
    0.0000  -30.0000   -7.5000 1981.8385   20.1339
    7.5000  -30.0000   -7.5000 1974.8456   20.2644
   -7.5000  -22.5000   -7.5000 2126.5757   17.5885
    0.0000  -22.5000   -7.5000 2145.2876   17.4771
    7.5000  -22.5000   -7.5000 2130.4333   17.6173
   -7.5000  -15.0000   -7.5000 2283.9768   15.5246
    0.0000  -15.0000   -7.5000 2304.5051   15.4066
    7.5000  -15.0000   -7.5000 2286.4868   15.5634
   -7.5000   -7.5000   -7.5000 2416.6030   13.9346
    0.0000   -7.5000   -7.5000 2436.0137   13.8298
    7.5000   -7.5000   -7.5000 2420.3813   13.9701
   -7.5000    0.0000   -7.5000 2528.7163   12.7147
    0.0000    0.0000   -7.5000 2550.7107   12.6055
    7.5000    0.0000   -7.5000 2529.7991   12.7042
   -7.5000    7.5000   -7.5000 2628.3191   11.8023
    0.0000    7.5000   -7.5000 2648.3057   11.7223
    7.5000    7.5000   -7.5000 2622.2900   11.7935
   -7.5000   15.0000   -7.5000 2692.8826   11.1508
    0.0000   15.0000   -7.5000 2712.9163   11.1323
    7.5000   15.0000   -7.5000 2686.5979   11.1734
   -7.5000   22.5000   -7.5000 2745.7305   10.7673
    0.0000   22.5000   -7.5000 2761.2927   10.7815
    7.5000   22.5000   -7.5000 2732.3162   10.8221
   -7.5000   30.0000   -7.5000 2772.6470   10.6593
    0.0000   30.0000   -7.5000 2792.0742   10.6640
    7.5000   30.0000   -7.5000 2754.6167   10.7329
   -7.5000   37.5000   -7.5000 2763.8352   10.8281
    0.0000   37.5000   -7.5000 2785.0552   10.7933
    7.5000   37.5000   -7.5000 2749.9546   10.8851
   -7.5000   45.0000   -7.5000 2726.9351   11.2734
    0.0000   45.0000   -7.5000 2742.7053   11.2405
    7.5000   45.0000   -7.5000 2710.2183   11.3921
   -7.5000   52.5000   -7.5000 2627.8481   11.8992
    0.0000   52.5000   -7.5000 2641.0266   11.8666
    7.5000   52.5000   -7.5000 2607.9370   12.0396
   -7.5000  -37.5000    0.0000 1838.6167   23.0868
    0.0000  -37.5000    0.0000 1853.1307   22.9477
    7.5000  -37.5000    0.0000 1844.4141   23.1434
   -7.5000  -30.0000    0.0000 1991.2765   19.6403
    0.0000  -30.0000    0.0000 2006.1652   19.5070
    7.5000  -30.0000    0.0000 1999.5334   19.7315
   -7.5000  -22.5000    0.0000 2151.5845   17.0159
    0.0000  -22.5000    0.0000 2168.4302   16.8543
    7.5000  -22.5000    0.0000 2157.3684   17.0744
   -7.5000  -15.0000    0.0000 2309.4954   14.9801
    0.0000  -15.0000    0.0000 2326.8896   14.8173
    7.5000  -15.0000    0.0000 2315.4009   15.0464
   -7.5000   -7.5000    0.0000 2445.8030   13.4028
    0.0000   -7.5000    0.0000 2463.9966   13.2531
    7.5000   -7.5000    0.0000 2450.9229   13.4697
   -7.5000    0.0000    0.0000 2559.8115   12.2147
    0.0000    0.0000    0.0000 2580.0259   12.0773
    7.5000    0.0000    0.0000 2563.9053   12.2591
   -7.5000    7.5000    0.0000 2669.8672   11.3110
    0.0000    7.5000    0.0000 2692.8652   11.1653
    7.5000    7.5000    0.0000 2668.9614   11.3341
   -7.5000   15.0000    0.0000 2756.2200   10.6407
    0.0000   15.0000    0.0000 2781.8772   10.5354
    7.5000   15.0000    0.0000 2747.7761   10.6668
   -7.5000   22.5000    0.0000 2820.3301   10.1947
    0.0000   22.5000    0.0000 2838.5706   10.1469
    7.5000   22.5000    0.0000 2804.3877   10.2622
   -7.5000   30.0000    0.0000 2859.4087   10.0656
    0.0000   30.0000    0.0000 2875.0002   10.0228
    7.5000   30.0000    0.0000 2832.8384   10.1495
   -7.5000   37.5000    0.0000 2852.0469   10.2238
    0.0000   37.5000    0.0000 2865.9517   10.1660
    7.5000   37.5000    0.0000 2830.8105   10.3020
   -7.5000   45.0000    0.0000 2805.2209   10.7010
    0.0000   45.0000    0.0000 2816.4148   10.6258
    7.5000   45.0000    0.0000 2784.5781   10.8097
   -7.5000   52.5000    0.0000 2696.1343   11.3710
    0.0000   52.5000    0.0000 2707.1331   11.2901
    7.5000   52.5000    0.0000 2675.4836   11.5009
   -7.5000  -37.5000    7.5000 1840.7162   22.7905
    0.0000  -37.5000    7.5000 1854.4364   22.5472
    7.5000  -37.5000    7.5000 1852.1483   22.8744
   -7.5000  -30.0000    7.5000 1999.7850   19.4347
    0.0000  -30.0000    7.5000 2018.0625   19.1889
    7.5000  -30.0000    7.5000 2011.6987   19.5537
   -7.5000  -22.5000    7.5000 2164.0020   16.7621
    0.0000  -22.5000    7.5000 2186.3528   16.5254
    7.5000  -22.5000    7.5000 2174.2661   16.8620
   -7.5000  -15.0000    7.5000 2323.4050   14.6716
    0.0000  -15.0000    7.5000 2341.7859   14.4325
    7.5000  -15.0000    7.5000 2332.3323   14.7701
   -7.5000   -7.5000    7.5000 2461.1963   13.1108
    0.0000   -7.5000    7.5000 2480.9189   12.8720
    7.5000   -7.5000    7.5000 2465.2432   13.1833
   -7.5000    0.0000    7.5000 2579.0627   11.9420
    0.0000    0.0000    7.5000 2598.2734   11.7294
    7.5000    0.0000    7.5000 2581.2244   11.9980
   -7.5000    7.5000    7.5000 2697.1663   11.0603
    0.0000    7.5000    7.5000 2715.3157   10.8383
    7.5000    7.5000    7.5000 2696.7803   11.0980
   -7.5000   15.0000    7.5000 2799.3269   10.3713
    0.0000   15.0000    7.5000 2824.9546   10.1716
    7.5000   15.0000    7.5000 2791.0601   10.4127
   -7.5000   22.5000    7.5000 2879.7974    9.8524
    0.0000   22.5000    7.5000 2907.2148    9.6930
    7.5000   22.5000    7.5000 2858.9661    9.9574
   -7.5000   30.0000    7.5000 2922.2388    9.6788
    0.0000   30.0000    7.5000 2940.0962    9.5282
    7.5000   30.0000    7.5000 2894.5435    9.7924
   -7.5000   37.5000    7.5000 2917.3691    9.8973
    0.0000   37.5000    7.5000 2932.6975    9.7580
    7.5000   37.5000    7.5000 2892.3159   10.0111
   -7.5000   45.0000    7.5000 2864.4390   10.4035
    0.0000   45.0000    7.5000 2875.5483   10.2892
    7.5000   45.0000    7.5000 2844.7566   10.5388
   -7.5000   52.5000    7.5000 2745.7712   11.0796
    0.0000   52.5000    7.5000 2755.8472   10.9635
    7.5000   52.5000    7.5000 2726.6201   11.2358
   -7.5000  -37.5000   15.0000 1837.9475   22.8975
    0.0000  -37.5000   15.0000 1845.3046   22.4556
    7.5000  -37.5000   15.0000 1842.1025   22.9032
   -7.5000  -30.0000   15.0000 2004.4739   19.4525
    0.0000  -30.0000   15.0000 2016.5481   19.0495
    7.5000  -30.0000   15.0000 2009.5840   19.4711
   -7.5000  -22.5000   15.0000 2166.0371   16.7451
    0.0000  -22.5000   15.0000 2183.2397   16.3672
    7.5000  -22.5000   15.0000 2171.1887   16.7630
   -7.5000  -15.0000   15.0000 2323.6584   14.6304
    0.0000  -15.0000   15.0000 2341.5979   14.3127
    7.5000  -15.0000   15.0000 2328.1956   14.6647
   -7.5000   -7.5000   15.0000 2459.2415   13.0438
    0.0000   -7.5000   15.0000 2477.6929   12.7584
    7.5000   -7.5000   15.0000 2457.7461   13.0991
   -7.5000    0.0000   15.0000 2577.6938   11.8405
    0.0000    0.0000   15.0000 2591.4365   11.5779
    7.5000    0.0000   15.0000 2572.2637   11.9130
   -7.5000    7.5000   15.0000 2698.5293   10.9613
    0.0000    7.5000   15.0000 2714.5864   10.6882
    7.5000    7.5000   15.0000 2696.5422   11.0192
   -7.5000   15.0000   15.0000 2811.0288   10.3306
    0.0000   15.0000   15.0000 2833.9966   10.0704
    7.5000   15.0000   15.0000 2804.3174   10.3451
   -7.5000   22.5000   15.0000 2909.3098    9.8185
    0.0000   22.5000   15.0000 2928.1836    9.5470
    7.5000   22.5000   15.0000 2882.6660    9.9198
   -7.5000   30.0000   15.0000 2966.1736    9.5773
    0.0000   30.0000   15.0000 2976.3784    9.3086
    7.5000   30.0000   15.0000 2927.1628    9.7892
   -7.5000   37.5000   15.0000 2961.9644    9.8552
    0.0000   37.5000   15.0000 2977.7939    9.6760
    7.5000   37.5000   15.0000 2923.0227   10.0005
   -7.5000   45.0000   15.0000 2887.7952   10.3806
    0.0000   45.0000   15.0000 2903.7258   10.2545
    7.5000   45.0000   15.0000 2866.5320   10.4817
   -7.5000   52.5000   15.0000 2761.3418   10.9896
    0.0000   52.5000   15.0000 2776.2878   10.8668
    7.5000   52.5000   15.0000 2741.2209   11.0812
   -7.5000  -37.5000   22.5000 1814.8413   23.2240
    0.0000  -37.5000   22.5000 1822.6196   22.8603
    7.5000  -37.5000   22.5000 1817.0612   23.1426
   -7.5000  -30.0000   22.5000 1988.9270   19.6581
    0.0000  -30.0000   22.5000 2003.4272   19.3435
    7.5000  -30.0000   22.5000 1988.1444   19.6295
   -7.5000  -22.5000   22.5000 2156.8635   16.8450
    0.0000  -22.5000   22.5000 2178.1345   16.5641
    7.5000  -22.5000   22.5000 2157.6633   16.9117
   -7.5000  -15.0000   22.5000 2313.9768   14.7269
    0.0000  -15.0000   22.5000 2337.2107   14.4414
    7.5000  -15.0000   22.5000 2313.4004   14.7822
   -7.5000   -7.5000   22.5000 2448.3040   13.1339
    0.0000   -7.5000   22.5000 2465.4104   12.8366
    7.5000   -7.5000   22.5000 2444.6816   13.1758
   -7.5000    0.0000   22.5000 2565.7937   11.9602
    0.0000    0.0000   22.5000 2572.6438   11.6484
    7.5000    0.0000   22.5000 2556.7358   12.0078
   -7.5000    7.5000   22.5000 2690.2942   11.0716
    0.0000    7.5000   22.5000 2697.4167   10.7831
    7.5000    7.5000   22.5000 2680.2483   11.1382
   -7.5000   15.0000   22.5000 2802.1504   10.4217
    0.0000   15.0000   22.5000 2817.9915   10.1960
    7.5000   15.0000   22.5000 2789.3445   10.4921
   -7.5000   22.5000   22.5000 2899.9644    9.9450
    0.0000   22.5000   22.5000 2922.6145    9.7588
    7.5000   22.5000   22.5000 2872.8408   10.0917
   -7.5000   30.0000   22.5000 2958.2058    9.7807
    0.0000   30.0000   22.5000 2978.7273    9.6540
    7.5000   30.0000   22.5000 2917.4260    9.9428
   -7.5000   37.5000   22.5000 2955.4834   10.0234
    0.0000   37.5000   22.5000 2978.1011    9.9505
    7.5000   37.5000   22.5000 2907.3552   10.1510
   -7.5000   45.0000   22.5000 2871.9778   10.4883
    0.0000   45.0000   22.5000 2892.4246   10.4062
    7.5000   45.0000   22.5000 2844.1226   10.5684
   -7.5000   52.5000   22.5000 2748.6069   11.0838
    0.0000   52.5000   22.5000 2759.9553   10.9840
    7.5000   52.5000   22.5000 2725.4397   11.1560
   -7.5000  -37.5000   30.0000 1786.0823   23.8313
    0.0000  -37.5000   30.0000 1789.9321   23.6232
    7.5000  -37.5000   30.0000 1786.0109   23.8640
   -7.5000  -30.0000   30.0000 1959.8447   20.0690
    0.0000  -30.0000   30.0000 1972.5856   19.7950
    7.5000  -30.0000   30.0000 1962.3591   20.0936
   -7.5000  -22.5000   30.0000 2133.9946   17.1955
    0.0000  -22.5000   30.0000 2151.8718   16.9344
    7.5000  -22.5000   30.0000 2133.7488   17.2291
   -7.5000  -15.0000   30.0000 2294.9294   15.0552
    0.0000  -15.0000   30.0000 2315.0034   14.8279
    7.5000  -15.0000   30.0000 2289.9773   15.0959
   -7.5000   -7.5000   30.0000 2427.0571   13.4400
    0.0000   -7.5000   30.0000 2444.9304   13.2735
    7.5000   -7.5000   30.0000 2417.7808   13.5533
   -7.5000    0.0000   30.0000 2540.7065   12.2967
    0.0000    0.0000   30.0000 2558.7317   12.1486
    7.5000    0.0000   30.0000 2527.0117   12.4248
   -7.5000    7.5000   30.0000 2664.0388   11.4281
    0.0000    7.5000   30.0000 2680.5552   11.2904
    7.5000    7.5000   30.0000 2646.8550   11.5594
   -7.5000   15.0000   30.0000 2769.0664   10.7452
    0.0000   15.0000   30.0000 2784.3174   10.5875
    7.5000   15.0000   30.0000 2747.6926   10.9033
   -7.5000   22.5000   30.0000 2851.4680   10.2651
    0.0000   22.5000   30.0000 2868.5144   10.1356
    7.5000   22.5000   30.0000 2826.6431   10.4614
   -7.5000   30.0000   30.0000 2903.2454   10.1617
    0.0000   30.0000   30.0000 2917.9741   10.0750
    7.5000   30.0000   30.0000 2873.3848   10.3047
   -7.5000   37.5000   30.0000 2896.2117   10.3214
    0.0000   37.5000   30.0000 2916.0005   10.2646
    7.5000   37.5000   30.0000 2859.6750   10.4366
   -7.5000   45.0000   30.0000 2819.6218   10.7996
    0.0000   45.0000   30.0000 2840.8577   10.7467
    7.5000   45.0000   30.0000 2792.3328   10.8895
   -7.5000   52.5000   30.0000 2696.8599   11.3678
    0.0000   52.5000   30.0000 2714.3564   11.3246
    7.5000   52.5000   30.0000 2672.5562   11.4896
   -7.5000  -37.5000   37.5000 1744.0116   24.7848
    0.0000  -37.5000   37.5000 1746.3025   24.5360
    7.5000  -37.5000   37.5000 1743.5913   24.8764
   -7.5000  -30.0000   37.5000 1921.5760   20.8531
    0.0000  -30.0000   37.5000 1933.5950   20.6216
    7.5000  -30.0000   37.5000 1923.7634   20.9595
   -7.5000  -22.5000   37.5000 2101.6963   17.8526
    0.0000  -22.5000   37.5000 2123.5261   17.7097
    7.5000  -22.5000   37.5000 2098.0022   17.9671
   -7.5000  -15.0000   37.5000 2268.1484   15.6473
    0.0000  -15.0000   37.5000 2290.5388   15.5238
    7.5000  -15.0000   37.5000 2256.4482   15.7867
   -7.5000   -7.5000   37.5000 2404.5869   14.0440
    0.0000   -7.5000   37.5000 2424.7502   13.9196
    7.5000   -7.5000   37.5000 2389.1868   14.2180
   -7.5000    0.0000   37.5000 2513.6338   12.8855
    0.0000    0.0000   37.5000 2535.4680   12.7938
    7.5000    0.0000   37.5000 2496.0198   13.0568
   -7.5000    7.5000   37.5000 2629.2725   11.9753
    0.0000    7.5000   37.5000 2645.5750   11.8408
    7.5000    7.5000   37.5000 2611.6655   12.1504
   -7.5000   15.0000   37.5000 2719.2676   11.2726
    0.0000   15.0000   37.5000 2735.1682   11.0854
    7.5000   15.0000   37.5000 2699.0869   11.4604
   -7.5000   22.5000   37.5000 2788.6819   10.7981
    0.0000   22.5000   37.5000 2796.8142   10.6521
    7.5000   22.5000   37.5000 2769.5554   10.9952
   -7.5000   30.0000   37.5000 2821.2107   10.6761
    0.0000   30.0000   37.5000 2833.5762   10.5305
    7.5000   30.0000   37.5000 2804.9734   10.8491
   -7.5000   37.5000   37.5000 2813.3784   10.8266
    0.0000   37.5000   37.5000 2826.2041   10.7231
    7.5000   37.5000   37.5000 2787.7898   10.9788
   -7.5000   45.0000   37.5000 2744.9934   11.2941
    0.0000   45.0000   37.5000 2761.2605   11.1944
    7.5000   45.0000   37.5000 2718.6726   11.4130
   -7.5000   52.5000   37.5000 2633.4292   11.8524
    0.0000   52.5000   37.5000 2647.7468   11.8044
    7.5000   52.5000   37.5000 2612.7329   11.9909
   -7.5000  -37.5000   45.0000 1706.0526   26.0563
    0.0000  -37.5000   45.0000 1706.8586   25.7967
    7.5000  -37.5000   45.0000 1701.2928   26.3101
   -7.5000  -30.0000   45.0000 1881.5143   21.8459
    0.0000  -30.0000   45.0000 1890.1876   21.7195
    7.5000  -30.0000   45.0000 1876.0311   22.0386
   -7.5000  -22.5000   45.0000 2060.8933   18.7412
    0.0000  -22.5000   45.0000 2075.5549   18.6337
    7.5000  -22.5000   45.0000 2053.3621   18.9278
   -7.5000  -15.0000   45.0000 2228.0630   16.4221
    0.0000  -15.0000   45.0000 2248.9685   16.3029
    7.5000  -15.0000   45.0000 2216.0017   16.5997
   -7.5000   -7.5000   45.0000 2366.1616   14.7693
    0.0000   -7.5000   45.0000 2389.1187   14.6744
    7.5000   -7.5000   45.0000 2350.1831   14.9387
   -7.5000    0.0000   45.0000 2468.8770   13.5972
    0.0000    0.0000   45.0000 2490.7424   13.4823
    7.5000    0.0000   45.0000 2452.6208   13.7800
   -7.5000    7.5000   45.0000 2573.7424   12.6741
    0.0000    7.5000   45.0000 2593.8396   12.5354
    7.5000    7.5000   45.0000 2554.8252   12.8475
   -7.5000   15.0000   45.0000 2649.2607   11.9493
    0.0000   15.0000   45.0000 2669.1184   11.8001
    7.5000   15.0000   45.0000 2628.4758   12.1367
   -7.5000   22.5000   45.0000 2705.1975   11.4844
    0.0000   22.5000   45.0000 2715.2839   11.3624
    7.5000   22.5000   45.0000 2689.7285   11.6577
   -7.5000   30.0000   45.0000 2721.8765   11.3368
    0.0000   30.0000   45.0000 2740.0654   11.2120
    7.5000   30.0000   45.0000 2710.0217   11.4952
   -7.5000   37.5000   45.0000 2714.2378   11.4558
    0.0000   37.5000   45.0000 2727.6670   11.3612
    7.5000   37.5000   45.0000 2697.3909   11.6196
   -7.5000   45.0000   45.0000 2650.8032   11.9247
    0.0000   45.0000   45.0000 2667.7803   11.8341
    7.5000   45.0000   45.0000 2632.2183   12.0962
   -7.5000   52.5000   45.0000 2549.8420   12.4658
    0.0000   52.5000   45.0000 2563.2170   12.4244
    7.5000   52.5000   45.0000 2532.6030   12.6514

---------------------------------------------------------------------
imgreg_4dfp /opt/freesurfer/average/711-2C_as_mni_average_305 /opt/freesurfer/average/711-2B_as_mni_average_305_mask talsrcimg_g11 none talsrcimg_to_711-2C_as_mni_average_305_t4 1283
---------------------------------------------------------------------

freesurfer imgreg_4dfp.c
/opt/freesurfer/average/711-2C_as_mni_average_305.4dfp.img
       256       256       256         1
  1.000000  1.000000  1.000000
orientation T byte_order littleendian
Reading image: /opt/freesurfer/average/711-2C_as_mni_average_305.4dfp.img
dimensions:      256       256       256
mmppix:       1.0000   -1.0000   -1.0000
center:     128.0000 -129.0000 -129.0000
/opt/freesurfer/average/711-2B_as_mni_average_305_mask.4dfp.img
       256       256       256         1
  1.000000  1.000000  1.000000
orientation T byte_order littleendian
Reading mask: /opt/freesurfer/average/711-2B_as_mni_average_305_mask.4dfp.img (2306576 pixels)
talsrcimg_g11.4dfp.img
       256       256       256         1
  1.000000  1.000000  1.000000
orientation T byte_order littleendian
Reading image: talsrcimg_g11.4dfp.img
dimensions:      256       256       256
mmppix:       1.0000   -1.0000   -1.0000
center:     128.0000 -129.0000 -129.0000
rotation matrix determinant  1.000000
fimgreg.f
image alignment mode   1283 decimal      503 hex
parameters
    0.0000   30.0000   22.5000    0.0000    0.0000    0.0000
eta,q 0.93452  9.67155
niter,ni,del,rscale     5    3   12.0000    1.2000
parameter  2 -1.180832 -> -0.500000 qaram    1.1500
parameter  3  1.007951 ->  0.500000 qaram    1.1500
parameters
   -1.8576   33.4500   19.0500   -0.5565    0.8240   -0.7130
eta,q 0.94053  9.41866
  0.0724  0.0772  0.0599  0.0664  0.0658  0.0634
  0.0690  0.0738  0.0596  0.0633  0.0626  0.0616
  0.0690  0.0713  0.0609  0.0597  0.0604  0.0601
  0.0690  0.0687  0.0638  0.0600  0.0595  0.0594
  0.0710  0.0656  0.0670  0.0627  0.0597  0.0602
  0.0774  0.0639  0.0703  0.0655  0.0610  0.0629
  0.0854  0.0652  0.0751  0.0679  0.0630  0.0666
niter,ni,del,rscale     6    3   12.0000    1.2000
parameters
   -2.4710   33.9989   17.9066   -0.6385    0.8905   -1.1211
eta,q 0.94129  9.37379
  0.0665  0.0691  0.0644  0.0666  0.0638  0.0624
  0.0611  0.0671  0.0612  0.0628  0.0608  0.0607
  0.0581  0.0624  0.0591  0.0591  0.0588  0.0594
  0.0595  0.0589  0.0589  0.0587  0.0586  0.0587
  0.0607  0.0597  0.0611  0.0605  0.0598  0.0590
  0.0633  0.0619  0.0651  0.0637  0.0613  0.0610
  0.0704  0.0688  0.0691  0.0662  0.0628  0.0643
niter,ni,del,rscale     5    3   12.0000    1.2000
parameters
   -2.2203   34.1258   17.7320   -0.6073    0.9612   -1.1695
eta,q 0.94100  9.36761
  0.0678  0.0687  0.0663  0.0670  0.0633  0.0627
  0.0621  0.0660  0.0624  0.0631  0.0606  0.0611
  0.0582  0.0615  0.0600  0.0595  0.0589  0.0599
  0.0587  0.0590  0.0589  0.0589  0.0590  0.0590
  0.0601  0.0598  0.0600  0.0605  0.0599  0.0591
  0.0606  0.0626  0.0632  0.0636  0.0611  0.0605
  0.0660  0.0704  0.0670  0.0661  0.0624  0.0635
niter,ni,del,rscale     4    3   12.0000    1.2000
parameters
   -2.2189   34.1365   17.7014   -0.5876    0.9791   -1.1770
eta,q 0.94098  9.36661
  0.0670  0.0687  0.0666  0.0669  0.0632  0.0627
  0.0614  0.0658  0.0627  0.0631  0.0605  0.0611
  0.0580  0.0614  0.0601  0.0595  0.0589  0.0599
  0.0590  0.0590  0.0590  0.0590  0.0590  0.0590
  0.0599  0.0599  0.0599  0.0605  0.0600  0.0591
  0.0608  0.0629  0.0629  0.0636  0.0611  0.0605
  0.0667  0.0710  0.0667  0.0661  0.0624  0.0634
registration optimization eta report
parameter search radius
    6.0000    6.9000    6.9000    6.0000    6.0000    6.0000
100000*second partial in parameter space
       23.       22.       16.       21.       10.       11.
  0.0670  0.0687  0.0666  0.0669  0.0632  0.0627
  0.0614  0.0658  0.0627  0.0631  0.0605  0.0611
  0.0580  0.0614  0.0601  0.0595  0.0589  0.0599
  0.0590  0.0590  0.0590  0.0590  0.0590  0.0590
  0.0599  0.0599  0.0599  0.0605  0.0600  0.0591
  0.0608  0.0629  0.0629  0.0636  0.0611  0.0605
  0.0667  0.0710  0.0667  0.0661  0.0624  0.0634
   -2.2189   34.1365   17.7014   -0.5876    0.9791   -1.1770
eta,q 0.94098  9.36661

---------------------------------------------------------------------
imgreg_4dfp /opt/freesurfer/average/711-2C_as_mni_average_305 /opt/freesurfer/average/711-2B_as_mni_average_305_mask talsrcimg_g11 none talsrcimg_to_711-2C_as_mni_average_305_t4 3335
---------------------------------------------------------------------

freesurfer imgreg_4dfp.c
/opt/freesurfer/average/711-2C_as_mni_average_305.4dfp.img
       256       256       256         1
  1.000000  1.000000  1.000000
orientation T byte_order littleendian
Reading image: /opt/freesurfer/average/711-2C_as_mni_average_305.4dfp.img
dimensions:      256       256       256
mmppix:       1.0000   -1.0000   -1.0000
center:     128.0000 -129.0000 -129.0000
/opt/freesurfer/average/711-2B_as_mni_average_305_mask.4dfp.img
       256       256       256         1
  1.000000  1.000000  1.000000
orientation T byte_order littleendian
Reading mask: /opt/freesurfer/average/711-2B_as_mni_average_305_mask.4dfp.img (2306576 pixels)
talsrcimg_g11.4dfp.img
       256       256       256         1
  1.000000  1.000000  1.000000
orientation T byte_order littleendian
Reading image: talsrcimg_g11.4dfp.img
dimensions:      256       256       256
mmppix:       1.0000   -1.0000   -1.0000
center:     128.0000 -129.0000 -129.0000
fimgreg.f
image alignment mode   3335 decimal      D07 hex
parameters
   -2.2189   34.1365   17.7014   -0.0357   -0.0267   -0.0199
    2.0715   -1.6872   -2.0538    1.0605    1.7088   -1.0254
eta,q 0.94252  9.50204
niter,ni,del,rscale     5    3    5.0000    1.2000
parameter  4  9.932887 ->  0.500000 qaram    1.1500
parameter  5  1.632833 ->  0.500000 qaram    1.1500
parameter  6  1.197617 ->  0.500000 qaram    1.1500
parameters
   -2.4698   34.7817   18.8826   -4.1757   -4.1667   -4.1599
   -0.1727   -1.5112   -2.3346    3.0903    1.2706    1.9379
eta,q 0.96057  9.36834
  0.0584  0.0596  0.0596  0.0442  0.0426  0.0387  0.0411  0.0467  0.0417  0.0443  0.0417  0.0421
  0.0580  0.0586  0.0586  0.0472  0.0440  0.0398  0.0403  0.0434  0.0408  0.0425  0.0405  0.0411
  0.0576  0.0579  0.0578  0.0519  0.0459  0.0416  0.0400  0.0409  0.0402  0.0410  0.0399  0.0403
  0.0575  0.0575  0.0574  0.0571  0.0483  0.0445  0.0402  0.0400  0.0400  0.0400  0.0397  0.0397
  0.0576  0.0574  0.0571  0.0622  0.0512  0.0488  0.0410  0.0409  0.0403  0.0398  0.0401  0.0394
  0.0582  0.0575  0.0571  0.0669  0.0546  0.0539  0.0423  0.0431  0.0410  0.0403  0.0409  0.0395
  0.0591  0.0582  0.0574  0.0712  0.0590  0.0591  0.0440  0.0459  0.0420  0.0414  0.0421  0.0400
niter,ni,del,rscale     7    3    5.0000    1.2000
parameter  2  0.638923 ->  0.500000 qaram    1.1500
parameter  3  0.529394 ->  0.500000 qaram    1.1500
parameter  4  0.699684 ->  0.500000 qaram    1.3225
parameter  5  2.685818 ->  0.500000 qaram    1.3225
parameter 12  1.446986 ->  0.500000 qaram    1.1500
parameters
   -2.2403   33.4017   17.5026   -8.9367   -8.9277   -7.3801
    0.5956   -1.9022   -1.3415    2.0918    1.6927   -2.2021
eta,q 0.97003  9.02824
  0.0439  0.0389  0.0387  0.0360  0.0288  0.0319  0.0330  0.0342  0.0328  0.0329  0.0316  0.0298
  0.0417  0.0388  0.0383  0.0352  0.0306  0.0312  0.0319  0.0320  0.0318  0.0316  0.0311  0.0299
  0.0401  0.0389  0.0383  0.0355  0.0327  0.0308  0.0312  0.0310  0.0311  0.0309  0.0309  0.0302
  0.0394  0.0394  0.0388  0.0382  0.0352  0.0311  0.0308  0.0308  0.0308  0.0308  0.0307  0.0307
  0.0396  0.0403  0.0396  0.0434  0.0377  0.0327  0.0309  0.0313  0.0308  0.0314  0.0307  0.0313
  0.0407  0.0417  0.0409  0.0497  0.0406  0.0375  0.0314  0.0326  0.0312  0.0328  0.0310  0.0320
  0.0425  0.0433  0.0423  0.0557  0.0442  0.0447  0.0322  0.0351  0.0319  0.0345  0.0315  0.0327
niter,ni,del,rscale     7    3    5.0000    1.2000
parameter  2  0.881726 ->  0.500000 qaram    1.3225
parameter  3  0.707550 ->  0.500000 qaram    1.3225
parameter  5  0.882568 ->  0.500000 qaram    1.5209
parameters
   -2.0477   31.8147   15.9156  -10.4640  -14.4029   -7.6380
    1.0297   -1.7758   -0.6065    2.3403    2.5879   -4.6843
eta,q 0.97508  8.94235
  0.0331  0.0285  0.0277  0.0311  0.0254  0.0274  0.0276  0.0284  0.0272  0.0282  0.0256  0.0256
  0.0315  0.0283  0.0275  0.0299  0.0250  0.0264  0.0264  0.0264  0.0262  0.0265  0.0253  0.0251
  0.0305  0.0288  0.0277  0.0287  0.0257  0.0257  0.0255  0.0255  0.0255  0.0255  0.0252  0.0249
  0.0300  0.0299  0.0284  0.0275  0.0281  0.0251  0.0251  0.0251  0.0251  0.0251  0.0251  0.0250
  0.0301  0.0316  0.0294  0.0275  0.0321  0.0244  0.0253  0.0253  0.0252  0.0252  0.0250  0.0254
  0.0309  0.0335  0.0307  0.0312  0.0359  0.0250  0.0260  0.0262  0.0256  0.0261  0.0251  0.0262
  0.0323  0.0355  0.0324  0.0375  0.0398  0.0294  0.0271  0.0282  0.0266  0.0279  0.0254  0.0273
niter,ni,del,rscale     7    3    5.0000    1.2000
parameters
   -1.8210   31.9335   16.1175   -9.2779  -16.7868   -6.7160
    1.0057   -1.8374   -0.6995    3.2234    1.9781   -4.9175
eta,q 0.97603  8.94458
  0.0276  0.0291  0.0269  0.0291  0.0282  0.0272  0.0263  0.0281  0.0258  0.0273  0.0246  0.0252
  0.0263  0.0268  0.0259  0.0277  0.0259  0.0260  0.0251  0.0255  0.0249  0.0255  0.0242  0.0245
  0.0254  0.0254  0.0252  0.0264  0.0245  0.0250  0.0243  0.0243  0.0242  0.0245  0.0240  0.0241
  0.0249  0.0249  0.0249  0.0249  0.0243  0.0242  0.0240  0.0240  0.0240  0.0240  0.0240  0.0240
  0.0250  0.0252  0.0249  0.0236  0.0257  0.0236  0.0242  0.0244  0.0242  0.0241  0.0241  0.0241
  0.0256  0.0264  0.0255  0.0246  0.0299  0.0237  0.0250  0.0257  0.0249  0.0247  0.0244  0.0246
  0.0268  0.0285  0.0265  0.0288  0.0348  0.0271  0.0264  0.0282  0.0260  0.0260  0.0250  0.0254
niter,ni,del,rscale     6    3    5.0000    1.2000
parameters
   -1.8550   32.0311   16.1406   -9.2913  -17.3072   -6.9132
    1.0441   -1.7807   -0.5294    3.3737    1.9181   -4.9331
eta,q 0.97590  8.91686
  0.0265  0.0280  0.0260  0.0284  0.0294  0.0270  0.0264  0.0281  0.0259  0.0267  0.0248  0.0254
  0.0251  0.0258  0.0249  0.0270  0.0271  0.0259  0.0252  0.0256  0.0250  0.0252  0.0244  0.0246
  0.0243  0.0244  0.0243  0.0256  0.0250  0.0249  0.0244  0.0244  0.0244  0.0244  0.0242  0.0242
  0.0240  0.0240  0.0240  0.0240  0.0240  0.0240  0.0241  0.0241  0.0241  0.0241  0.0241  0.0241
  0.0242  0.0244  0.0241  0.0230  0.0243  0.0234  0.0243  0.0244  0.0243  0.0244  0.0242  0.0242
  0.0251  0.0256  0.0248  0.0251  0.0268  0.0244  0.0251  0.0256  0.0248  0.0251  0.0244  0.0246
  0.0267  0.0274  0.0260  0.0305  0.0317  0.0291  0.0264  0.0279  0.0258  0.0265  0.0249  0.0254
niter,ni,del,rscale     5    3    5.0000    1.2000
parameters
   -1.8451   32.0919   16.1400   -9.2357  -17.3925   -6.9111
    1.0070   -1.7782   -0.5060    3.4467    1.8734   -4.9980
eta,q 0.97590  8.91522
  0.0266  0.0279  0.0260  0.0284  0.0297  0.0271  0.0263  0.0281  0.0258  0.0266  0.0248  0.0253
  0.0253  0.0258  0.0250  0.0271  0.0274  0.0259  0.0252  0.0255  0.0249  0.0252  0.0244  0.0246
  0.0245  0.0245  0.0244  0.0257  0.0253  0.0249  0.0244  0.0244  0.0243  0.0244  0.0242  0.0242
  0.0241  0.0241  0.0241  0.0241  0.0241  0.0241  0.0241  0.0241  0.0241  0.0241  0.0241  0.0241
  0.0243  0.0246  0.0243  0.0231  0.0242  0.0235  0.0243  0.0245  0.0243  0.0244  0.0242  0.0242
  0.0252  0.0258  0.0249  0.0251  0.0263  0.0242  0.0251  0.0256  0.0249  0.0251  0.0244  0.0246
  0.0267  0.0275  0.0262  0.0303  0.0311  0.0287  0.0265  0.0280  0.0259  0.0265  0.0249  0.0254
niter,ni,del,rscale     4    3    5.0000    1.2000
parameters
   -1.8480   32.1082   16.1266   -9.2358  -17.4078   -6.9184
    1.0030   -1.7707   -0.4838    3.4830    1.8574   -5.0218
eta,q 0.97589  8.91454
  0.0266  0.0278  0.0260  0.0284  0.0297  0.0271  0.0264  0.0281  0.0258  0.0265  0.0249  0.0254
  0.0253  0.0257  0.0250  0.0271  0.0274  0.0259  0.0252  0.0256  0.0249  0.0252  0.0244  0.0246
  0.0244  0.0244  0.0244  0.0257  0.0254  0.0249  0.0244  0.0244  0.0243  0.0244  0.0242  0.0242
  0.0241  0.0241  0.0241  0.0241  0.0241  0.0241  0.0241  0.0241  0.0241  0.0241  0.0241  0.0241
  0.0243  0.0246  0.0243  0.0231  0.0242  0.0235  0.0243  0.0245  0.0243  0.0244  0.0242  0.0242
  0.0252  0.0258  0.0249  0.0252  0.0263  0.0242  0.0251  0.0256  0.0249  0.0251  0.0244  0.0246
  0.0267  0.0275  0.0262  0.0305  0.0310  0.0287  0.0264  0.0280  0.0259  0.0265  0.0249  0.0254
registration optimization eta report
parameter search radius
    2.4000    3.1740    3.1740    9.5220   10.9503    8.2800
    7.2000    7.2000    7.2000    7.2000    7.2000    8.2800
100000*second partial in parameter space
       45.       35.       20.        6.        5.        6.
        4.        8.        3.        5.        2.        2.
  0.0266  0.0278  0.0260  0.0284  0.0297  0.0271  0.0264  0.0281  0.0258  0.0265  0.0249  0.0254
  0.0253  0.0257  0.0250  0.0271  0.0274  0.0259  0.0252  0.0256  0.0249  0.0252  0.0244  0.0246
  0.0244  0.0244  0.0244  0.0257  0.0254  0.0249  0.0244  0.0244  0.0243  0.0244  0.0242  0.0242
  0.0241  0.0241  0.0241  0.0241  0.0241  0.0241  0.0241  0.0241  0.0241  0.0241  0.0241  0.0241
  0.0243  0.0246  0.0243  0.0231  0.0242  0.0235  0.0243  0.0245  0.0243  0.0244  0.0242  0.0242
  0.0252  0.0258  0.0249  0.0252  0.0263  0.0242  0.0251  0.0256  0.0249  0.0251  0.0244  0.0246
  0.0267  0.0275  0.0262  0.0305  0.0310  0.0287  0.0264  0.0280  0.0259  0.0265  0.0249  0.0254
   -1.8480   32.1082   16.1266   -9.2358  -17.4078   -6.9184
    1.0030   -1.7707   -0.4838    3.4830    1.8574   -5.0218
eta,q 0.97589  8.91454

---------------------------------------------------------------------
imgreg_4dfp /opt/freesurfer/average/711-2C_as_mni_average_305 /opt/freesurfer/average/711-2B_as_mni_average_305_mask talsrcimg_g11 none talsrcimg_to_711-2C_as_mni_average_305_t4 2311
---------------------------------------------------------------------

freesurfer imgreg_4dfp.c
/opt/freesurfer/average/711-2C_as_mni_average_305.4dfp.img
       256       256       256         1
  1.000000  1.000000  1.000000
orientation T byte_order littleendian
Reading image: /opt/freesurfer/average/711-2C_as_mni_average_305.4dfp.img
dimensions:      256       256       256
mmppix:       1.0000   -1.0000   -1.0000
center:     128.0000 -129.0000 -129.0000
/opt/freesurfer/average/711-2B_as_mni_average_305_mask.4dfp.img
       256       256       256         1
  1.000000  1.000000  1.000000
orientation T byte_order littleendian
Reading mask: /opt/freesurfer/average/711-2B_as_mni_average_305_mask.4dfp.img (2306576 pixels)
talsrcimg_g11.4dfp.img
       256       256       256         1
  1.000000  1.000000  1.000000
orientation T byte_order littleendian
Reading image: talsrcimg_g11.4dfp.img
dimensions:      256       256       256
mmppix:       1.0000   -1.0000   -1.0000
center:     128.0000 -129.0000 -129.0000
fimgreg.f
image alignment mode   2311 decimal      907 hex
parameters
   -1.8480   32.1082   16.1266   -9.2358  -17.4078   -6.9184
    1.0030   -1.7707   -0.4838    3.4830    1.8574   -5.0218
eta,q 0.97589  8.91454
niter,ni,del,rscale     5    3    5.0000    0.8000
parameter  4 -0.740368 -> -0.500000 qaram    1.1500
parameters
   -1.7917   31.9848   16.2776   -6.4758  -16.5203   -5.5791
    0.3691   -1.6779   -1.0539    3.2909    1.3515   -4.7814
eta,q 0.97729  9.05686
  0.0253  0.0249  0.0247  0.0264  0.0248  0.0250  0.0239  0.0264  0.0235  0.0241  0.0235  0.0233
  0.0247  0.0244  0.0244  0.0257  0.0240  0.0242  0.0232  0.0244  0.0230  0.0233  0.0230  0.0230
  0.0243  0.0242  0.0242  0.0249  0.0235  0.0236  0.0228  0.0231  0.0228  0.0229  0.0227  0.0228
  0.0241  0.0241  0.0241  0.0241  0.0231  0.0231  0.0227  0.0227  0.0227  0.0227  0.0227  0.0227
  0.0242  0.0243  0.0241  0.0233  0.0231  0.0227  0.0230  0.0231  0.0229  0.0229  0.0229  0.0227
  0.0245  0.0247  0.0242  0.0231  0.0233  0.0228  0.0237  0.0243  0.0234  0.0234  0.0233  0.0229
  0.0252  0.0252  0.0245  0.0238  0.0240  0.0238  0.0247  0.0260  0.0240  0.0243  0.0239  0.0232
niter,ni,del,rscale     5    3    5.0000    0.8000
parameters
   -1.9986   31.8081   16.1567   -7.4099  -16.1275   -5.5169
    0.7657   -1.7591   -0.7684    3.2228    1.4448   -4.8343
eta,q 0.97724  9.06170
  0.0242  0.0236  0.0234  0.0251  0.0244  0.0245  0.0244  0.0259  0.0239  0.0242  0.0237  0.0233
  0.0233  0.0230  0.0230  0.0242  0.0236  0.0239  0.0236  0.0240  0.0233  0.0234  0.0232  0.0230
  0.0228  0.0227  0.0227  0.0232  0.0231  0.0233  0.0230  0.0230  0.0229  0.0230  0.0229  0.0228
  0.0227  0.0227  0.0227  0.0227  0.0228  0.0228  0.0228  0.0228  0.0228  0.0228  0.0228  0.0228
  0.0231  0.0229  0.0228  0.0233  0.0228  0.0226  0.0228  0.0232  0.0228  0.0229  0.0228  0.0228
  0.0240  0.0234  0.0231  0.0254  0.0232  0.0232  0.0232  0.0243  0.0231  0.0234  0.0231  0.0230
  0.0253  0.0241  0.0236  0.0286  0.0240  0.0251  0.0239  0.0260  0.0237  0.0243  0.0236  0.0234
niter,ni,del,rscale     4    3    5.0000    0.7000
parameters
   -1.9218   31.7948   16.1141   -7.4408  -16.1116   -5.2503
    0.6777   -1.7721   -0.7787    3.2767    1.4341   -4.9267
eta,q 0.97730  9.06923
  0.0243  0.0236  0.0233  0.0252  0.0238  0.0242  0.0237  0.0253  0.0235  0.0239  0.0234  0.0231
  0.0235  0.0231  0.0230  0.0243  0.0233  0.0237  0.0232  0.0238  0.0231  0.0233  0.0230  0.0229
  0.0230  0.0228  0.0228  0.0234  0.0229  0.0232  0.0228  0.0229  0.0228  0.0229  0.0228  0.0227
  0.0228  0.0228  0.0227  0.0228  0.0228  0.0228  0.0227  0.0227  0.0227  0.0227  0.0227  0.0227
  0.0228  0.0228  0.0228  0.0228  0.0228  0.0226  0.0228  0.0230  0.0228  0.0228  0.0228  0.0227
  0.0233  0.0232  0.0231  0.0238  0.0232  0.0230  0.0232  0.0239  0.0230  0.0232  0.0230  0.0229
  0.0240  0.0236  0.0234  0.0259  0.0239  0.0243  0.0238  0.0252  0.0235  0.0239  0.0234  0.0232
niter,ni,del,rscale     3    3    5.0000    0.6000
parameters
   -1.9149   31.7803   16.1147   -7.3039  -16.0900   -5.0605
    0.6434   -1.7776   -0.8158    3.3210    1.4298   -4.9653
eta,q 0.97737  9.07766
  0.0238  0.0233  0.0232  0.0248  0.0235  0.0238  0.0234  0.0247  0.0232  0.0236  0.0232  0.0230
  0.0232  0.0230  0.0229  0.0240  0.0230  0.0234  0.0230  0.0235  0.0229  0.0231  0.0229  0.0228
  0.0228  0.0228  0.0227  0.0233  0.0228  0.0230  0.0227  0.0228  0.0227  0.0228  0.0227  0.0227
  0.0227  0.0227  0.0227  0.0227  0.0227  0.0227  0.0226  0.0226  0.0226  0.0226  0.0226  0.0226
  0.0228  0.0228  0.0228  0.0227  0.0227  0.0226  0.0227  0.0229  0.0227  0.0227  0.0227  0.0227
  0.0232  0.0230  0.0229  0.0234  0.0230  0.0229  0.0230  0.0236  0.0229  0.0230  0.0229  0.0228
  0.0238  0.0234  0.0232  0.0250  0.0235  0.0239  0.0235  0.0246  0.0232  0.0235  0.0232  0.0230
niter,ni,del,rscale     2    3    5.0000    0.5000
parameters
   -1.9230   31.7689   16.1137   -7.1522  -16.1085   -4.8814
    0.6296   -1.7873   -0.8535    3.3515    1.4295   -4.9996
eta,q 0.97743  9.08412
  0.0234  0.0231  0.0230  0.0243  0.0231  0.0235  0.0232  0.0241  0.0230  0.0232  0.0230  0.0228
  0.0230  0.0228  0.0228  0.0236  0.0228  0.0232  0.0228  0.0232  0.0228  0.0229  0.0228  0.0227
  0.0227  0.0227  0.0227  0.0230  0.0227  0.0228  0.0226  0.0227  0.0226  0.0227  0.0226  0.0226
  0.0226  0.0226  0.0226  0.0226  0.0226  0.0226  0.0226  0.0226  0.0226  0.0226  0.0226  0.0226
  0.0227  0.0227  0.0227  0.0226  0.0226  0.0226  0.0226  0.0228  0.0226  0.0226  0.0226  0.0226
  0.0230  0.0228  0.0228  0.0232  0.0228  0.0228  0.0228  0.0233  0.0228  0.0229  0.0228  0.0227
  0.0234  0.0231  0.0230  0.0243  0.0232  0.0235  0.0232  0.0241  0.0230  0.0232  0.0230  0.0228
niter,ni,del,rscale     1    3    5.0000    0.4000
parameters
   -1.9385   31.7593   16.1301   -7.0307  -16.1361   -4.7264
    0.6156   -1.8011   -0.8957    3.3710    1.4333   -5.0349
eta,q 0.97746  9.08873
  0.0231  0.0229  0.0228  0.0238  0.0229  0.0232  0.0229  0.0236  0.0228  0.0230  0.0228  0.0227
  0.0228  0.0227  0.0227  0.0233  0.0227  0.0229  0.0227  0.0230  0.0227  0.0228  0.0227  0.0226
  0.0226  0.0226  0.0226  0.0228  0.0226  0.0227  0.0226  0.0226  0.0226  0.0226  0.0226  0.0226
  0.0226  0.0226  0.0226  0.0226  0.0226  0.0226  0.0225  0.0225  0.0225  0.0225  0.0225  0.0225
  0.0226  0.0226  0.0226  0.0226  0.0226  0.0225  0.0226  0.0227  0.0226  0.0226  0.0226  0.0226
  0.0228  0.0227  0.0227  0.0230  0.0227  0.0227  0.0227  0.0230  0.0227  0.0227  0.0227  0.0226
  0.0231  0.0229  0.0228  0.0237  0.0229  0.0232  0.0229  0.0236  0.0228  0.0230  0.0228  0.0227
registration optimization eta report
parameter search radius
    0.8000    0.8000    0.8000    2.7600    2.4000    2.4000
    2.4000    2.4000    2.4000    2.4000    2.4000    2.4000
100000*second partial in parameter space
       81.       48.       37.       15.        6.       11.
        7.       18.        5.        8.        5.        3.
  0.0231  0.0229  0.0228  0.0238  0.0229  0.0232  0.0229  0.0236  0.0228  0.0230  0.0228  0.0227
  0.0228  0.0227  0.0227  0.0233  0.0227  0.0229  0.0227  0.0230  0.0227  0.0228  0.0227  0.0226
  0.0226  0.0226  0.0226  0.0228  0.0226  0.0227  0.0226  0.0226  0.0226  0.0226  0.0226  0.0226
  0.0226  0.0226  0.0226  0.0226  0.0226  0.0226  0.0225  0.0225  0.0225  0.0225  0.0225  0.0225
  0.0226  0.0226  0.0226  0.0226  0.0226  0.0225  0.0226  0.0227  0.0226  0.0226  0.0226  0.0226
  0.0228  0.0227  0.0227  0.0230  0.0227  0.0227  0.0227  0.0230  0.0227  0.0227  0.0227  0.0226
  0.0231  0.0229  0.0228  0.0237  0.0229  0.0232  0.0229  0.0236  0.0228  0.0230  0.0228  0.0227
   -1.9385   31.7593   16.1301   -7.0307  -16.1361   -4.7264
    0.6156   -1.8011   -0.8957    3.3710    1.4333   -5.0349
eta,q 0.97746  9.08873

---------------------------------------------------------------------
imgreg_4dfp /opt/freesurfer/average/711-2C_as_mni_average_305 /opt/freesurfer/average/711-2B_as_mni_average_305_mask talsrcimg_g11 none talsrcimg_to_711-2C_as_mni_average_305_t4 2311
---------------------------------------------------------------------

freesurfer imgreg_4dfp.c
/opt/freesurfer/average/711-2C_as_mni_average_305.4dfp.img
       256       256       256         1
  1.000000  1.000000  1.000000
orientation T byte_order littleendian
Reading image: /opt/freesurfer/average/711-2C_as_mni_average_305.4dfp.img
dimensions:      256       256       256
mmppix:       1.0000   -1.0000   -1.0000
center:     128.0000 -129.0000 -129.0000
/opt/freesurfer/average/711-2B_as_mni_average_305_mask.4dfp.img
       256       256       256         1
  1.000000  1.000000  1.000000
orientation T byte_order littleendian
Reading mask: /opt/freesurfer/average/711-2B_as_mni_average_305_mask.4dfp.img (2306576 pixels)
talsrcimg_g11.4dfp.img
       256       256       256         1
  1.000000  1.000000  1.000000
orientation T byte_order littleendian
Reading image: talsrcimg_g11.4dfp.img
dimensions:      256       256       256
mmppix:       1.0000   -1.0000   -1.0000
center:     128.0000 -129.0000 -129.0000
fimgreg.f
image alignment mode   2311 decimal      907 hex
parameters
   -1.9385   31.7593   16.1301   -7.0307  -16.1361   -4.7264
    0.6156   -1.8011   -0.8957    3.3710    1.4333   -5.0349
eta,q 0.97746  9.08873
niter,ni,del,rscale     5    3    5.0000    0.8000
parameters
   -1.9831   31.7417   16.1775   -7.5660  -16.2644   -5.3762
    0.7700   -1.7987   -0.7213    3.2402    1.4891   -4.8355
eta,q 0.97722  9.05956
  0.0245  0.0237  0.0236  0.0248  0.0240  0.0242  0.0242  0.0260  0.0238  0.0242  0.0237  0.0234
  0.0234  0.0231  0.0230  0.0239  0.0233  0.0236  0.0235  0.0241  0.0233  0.0234  0.0232  0.0231
  0.0228  0.0227  0.0227  0.0231  0.0228  0.0231  0.0230  0.0230  0.0229  0.0230  0.0229  0.0229
  0.0225  0.0225  0.0225  0.0225  0.0227  0.0227  0.0228  0.0228  0.0228  0.0228  0.0228  0.0228
  0.0228  0.0227  0.0226  0.0229  0.0228  0.0227  0.0229  0.0232  0.0229  0.0229  0.0229  0.0228
  0.0236  0.0231  0.0230  0.0244  0.0233  0.0239  0.0233  0.0242  0.0232  0.0235  0.0231  0.0230
  0.0248  0.0238  0.0235  0.0268  0.0243  0.0264  0.0241  0.0258  0.0237  0.0244  0.0236  0.0233
niter,ni,del,rscale     4    3    5.0000    0.7000
parameters
   -1.9080   31.7773   16.1270   -7.2760  -16.1818   -5.3389
    0.6392   -1.7601   -0.7949    3.2701    1.4387   -4.8551
eta,q 0.97732  9.06793
  0.0243  0.0237  0.0233  0.0249  0.0238  0.0241  0.0237  0.0254  0.0234  0.0238  0.0234  0.0231
  0.0235  0.0232  0.0230  0.0242  0.0232  0.0236  0.0231  0.0238  0.0230  0.0232  0.0230  0.0229
  0.0230  0.0229  0.0228  0.0234  0.0228  0.0231  0.0228  0.0229  0.0228  0.0228  0.0228  0.0227
  0.0228  0.0228  0.0228  0.0228  0.0227  0.0227  0.0227  0.0227  0.0227  0.0227  0.0227  0.0227
  0.0229  0.0228  0.0228  0.0227  0.0228  0.0226  0.0228  0.0230  0.0228  0.0228  0.0228  0.0227
  0.0233  0.0231  0.0231  0.0233  0.0231  0.0231  0.0232  0.0239  0.0230  0.0232  0.0230  0.0229
  0.0240  0.0236  0.0234  0.0248  0.0238  0.0245  0.0239  0.0252  0.0235  0.0239  0.0234  0.0231
niter,ni,del,rscale     3    3    5.0000    0.6000
parameters
   -1.9250   31.7822   16.1213   -7.1002  -16.1347   -5.1388
    0.6085   -1.7580   -0.8398    3.3095    1.4066   -4.8988
eta,q 0.97740  9.07748
  0.0237  0.0233  0.0232  0.0244  0.0234  0.0238  0.0234  0.0247  0.0232  0.0235  0.0232  0.0230
  0.0232  0.0230  0.0229  0.0238  0.0230  0.0234  0.0230  0.0235  0.0229  0.0230  0.0229  0.0228
  0.0228  0.0228  0.0227  0.0231  0.0227  0.0230  0.0227  0.0228  0.0227  0.0227  0.0227  0.0226
  0.0227  0.0227  0.0227  0.0227  0.0226  0.0226  0.0226  0.0226  0.0226  0.0226  0.0226  0.0226
  0.0228  0.0227  0.0227  0.0227  0.0227  0.0225  0.0227  0.0229  0.0227  0.0227  0.0227  0.0226
  0.0232  0.0230  0.0229  0.0232  0.0230  0.0229  0.0230  0.0236  0.0229  0.0230  0.0229  0.0228
  0.0238  0.0233  0.0232  0.0244  0.0234  0.0239  0.0235  0.0246  0.0232  0.0235  0.0232  0.0230
niter,ni,del,rscale     2    3    5.0000    0.5000
parameters
   -1.9398   31.7694   16.1241   -6.9952  -16.1304   -4.9439
    0.5991   -1.7685   -0.8743    3.3401    1.4059   -4.9532
eta,q 0.97744  9.08423
  0.0234  0.0230  0.0230  0.0240  0.0231  0.0235  0.0231  0.0241  0.0230  0.0232  0.0230  0.0228
  0.0230  0.0228  0.0228  0.0234  0.0228  0.0231  0.0228  0.0232  0.0227  0.0229  0.0228  0.0227
  0.0227  0.0227  0.0226  0.0229  0.0227  0.0228  0.0226  0.0227  0.0226  0.0227  0.0226  0.0226
  0.0226  0.0226  0.0226  0.0226  0.0226  0.0226  0.0226  0.0226  0.0226  0.0226  0.0226  0.0226
  0.0227  0.0227  0.0226  0.0226  0.0226  0.0225  0.0226  0.0228  0.0226  0.0226  0.0226  0.0226
  0.0230  0.0228  0.0228  0.0231  0.0228  0.0228  0.0228  0.0233  0.0228  0.0228  0.0228  0.0227
  0.0234  0.0231  0.0230  0.0240  0.0232  0.0235  0.0232  0.0241  0.0230  0.0232  0.0230  0.0228
niter,ni,del,rscale     1    3    5.0000    0.4000
parameters
   -1.9524   31.7591   16.1324   -6.9231  -16.1488   -4.7730
    0.5955   -1.7866   -0.8993    3.3622    1.4148   -5.0011
eta,q 0.97746  9.08876
  0.0231  0.0228  0.0228  0.0235  0.0229  0.0232  0.0229  0.0236  0.0228  0.0230  0.0228  0.0227
  0.0228  0.0227  0.0227  0.0231  0.0227  0.0229  0.0227  0.0230  0.0227  0.0227  0.0227  0.0226
  0.0226  0.0226  0.0226  0.0227  0.0226  0.0227  0.0226  0.0226  0.0226  0.0226  0.0226  0.0226
  0.0226  0.0226  0.0226  0.0226  0.0226  0.0226  0.0225  0.0225  0.0225  0.0225  0.0225  0.0225
  0.0226  0.0226  0.0226  0.0226  0.0226  0.0225  0.0226  0.0227  0.0226  0.0226  0.0226  0.0226
  0.0228  0.0227  0.0227  0.0229  0.0227  0.0227  0.0227  0.0230  0.0227  0.0227  0.0227  0.0226
  0.0231  0.0229  0.0228  0.0235  0.0229  0.0231  0.0229  0.0236  0.0228  0.0230  0.0228  0.0227
registration optimization eta report
parameter search radius
    0.8000    0.8000    0.8000    2.4000    2.4000    2.4000
    2.4000    2.4000    2.4000    2.4000    2.4000    2.4000
100000*second partial in parameter space
       83.       47.       37.       16.        6.       11.
        7.       18.        5.        8.        5.        3.
  0.0231  0.0228  0.0228  0.0235  0.0229  0.0232  0.0229  0.0236  0.0228  0.0230  0.0228  0.0227
  0.0228  0.0227  0.0227  0.0231  0.0227  0.0229  0.0227  0.0230  0.0227  0.0227  0.0227  0.0226
  0.0226  0.0226  0.0226  0.0227  0.0226  0.0227  0.0226  0.0226  0.0226  0.0226  0.0226  0.0226
  0.0226  0.0226  0.0226  0.0226  0.0226  0.0226  0.0225  0.0225  0.0225  0.0225  0.0225  0.0225
  0.0226  0.0226  0.0226  0.0226  0.0226  0.0225  0.0226  0.0227  0.0226  0.0226  0.0226  0.0226
  0.0228  0.0227  0.0227  0.0229  0.0227  0.0227  0.0227  0.0230  0.0227  0.0227  0.0227  0.0226
  0.0231  0.0229  0.0228  0.0235  0.0229  0.0231  0.0229  0.0236  0.0228  0.0230  0.0228  0.0227
   -1.9524   31.7591   16.1324   -6.9231  -16.1488   -4.7730
    0.5955   -1.7866   -0.8993    3.3622    1.4148   -5.0011
eta,q 0.97746  9.08876

---------------------------------------------------------------------
compute_vox2vox talsrcimg talsrcimg_to_711-2C_as_mni_average_305_t4 /opt/freesurfer/average/711-2C_as_mni_average_305
---------------------------------------------------------------------

freesurfer compute_vox2vox.c
Reading: talsrcimg.4dfp.ifh
Reading: talsrcimg_to_711-2C_as_mni_average_305_t4
Reading: /opt/freesurfer/average/711-2C_as_mni_average_305.4dfp.ifh
Writing: talsrcimg_to_711-2C_as_mni_average_305_t4_vox2vox.txt

start time Fri Mar 13 05:45:26 CET 2026
end		time Fri Mar 13 05:46:53 CET 2026

mpr2mni305 success

avi2talxfm orig_nu.mgz /opt/freesurfer/average/mni305.cor.mgz talsrcimg_to_711-2C_as_mni_average_305_t4_vox2vox.txt transforms/talairach.auto.xfm
avi2talxfm done
mv -f /out/sourcedata/freesurfer/sub-v2s4x29624_ses-1/mri/talsrcimg_to_711-2C_as_mni_average_305_t4_vox2vox.txt /out/sourcedata/freesurfer/sub-v2s4x29624_ses-1/mri/transforms/talsrcimg_to_711-2C_as_mni_average_305_t4_vox2vox.txt
lta_convert --src orig_nu.mgz --trg /opt/freesurfer/average/mni305.cor.mgz --inxfm transforms/talairach.auto.xfm --outlta transforms/talairach.auto.xfm.lta --subject fsaverage
7.3.2

--src: orig_nu.mgz src image (geometry).
--trg: /opt/freesurfer/average/mni305.cor.mgz trg image (geometry).
--inmni: transforms/talairach.auto.xfm input MNI/XFM transform.
--outlta: transforms/talairach.auto.xfm.lta output LTA.
--s: fsaverage subject name
 LTA read, type : 1
 1.07401   0.02038  -0.00641   3.47024;
-0.01532   1.04762   0.06259  -14.40776;
 0.01213  -0.04179   1.19001  -45.60298;
 0.00000   0.00000   0.00000   1.00000;
setting subject to fsaverage
Writing  LTA to file transforms/talairach.auto.xfm.lta...
lta_convert successful.
 
 
Started at Fri Mar 13 05:45:25 CET 2026
Ended   at Fri Mar 13 05:46:53 CET 2026
talairach_avi done
