status file for recon-all
Fri Mar 13 05:50:05 CET 2026
#@# Tessellate lh Fri Mar 13 05:50:05 CET 2026
#@# Smooth1 lh Fri Mar 13 05:50:09 CET 2026
#@# Inflation1 lh Fri Mar 13 05:50:12 CET 2026
#@# QSphere lh Fri Mar 13 05:50:26 CET 2026
#@# Fix Topology lh Fri Mar 13 05:52:09 CET 2026
#@# Smooth2 lh Fri Mar 13 05:58:09 CET 2026
#@# Inflation2 lh Fri Mar 13 05:58:12 CET 2026
#@# Curv .H and .K lh Fri Mar 13 05:58:28 CET 2026
#@# Sphere lh Fri Mar 13 05:59:18 CET 2026
#@# Surf Reg lh Fri Mar 13 06:04:28 CET 2026
#@# Jacobian white lh Fri Mar 13 06:09:17 CET 2026
#@# AvgCurv lh Fri Mar 13 06:09:18 CET 2026
#@# Cortical Parc lh Fri Mar 13 06:09:19 CET 2026
#@# white curv lh Fri Mar 13 06:16:44 CET 2026
#@# white area lh Fri Mar 13 06:16:46 CET 2026
#@# pial curv lh Fri Mar 13 06:16:47 CET 2026
#@# pial area lh Fri Mar 13 06:16:49 CET 2026
#@# thickness lh Fri Mar 13 06:16:50 CET 2026
#@# area and vertex vol lh Fri Mar 13 06:17:23 CET 2026
#@# Curvature Stats lh Fri Mar 13 06:17:25 CET 2026
#@# Cortical Parc 2 lh Fri Mar 13 06:17:28 CET 2026
#@# Cortical Parc 3 lh Fri Mar 13 06:17:43 CET 2026
#@# WM/GM Contrast lh Fri Mar 13 06:17:54 CET 2026
recon-all -s sub-v2s4x29592_ses-1 finished without error at Fri Mar 13 06:17:58 CET 2026



#New# invocation of recon-all 



status file for recon-all
Fri Mar 13 06:50:03 CET 2026
#@# white curv lh Fri Mar 13 06:50:03 CET 2026
#@# white area lh Fri Mar 13 06:50:03 CET 2026
#@# pial curv lh Fri Mar 13 06:50:03 CET 2026
#@# pial area lh Fri Mar 13 06:50:03 CET 2026
#@# thickness lh Fri Mar 13 06:50:03 CET 2026
#@# area and vertex vol lh Fri Mar 13 06:50:03 CET 2026
#@# Parcellation Stats lh Fri Mar 13 06:50:03 CET 2026
#@# Parcellation Stats 2 lh Fri Mar 13 06:50:30 CET 2026
#@# Parcellation Stats 3 lh Fri Mar 13 06:50:42 CET 2026
#@# BA_exvivo Labels lh Fri Mar 13 06:50:55 CET 2026
recon-all -s sub-v2s4x29592_ses-1 finished without error at Fri Mar 13 06:53:54 CET 2026
