status file for recon-all
Fri Mar 13 08:06:46 CET 2026
#@# Tessellate rh Fri Mar 13 08:06:46 CET 2026
#@# Smooth1 rh Fri Mar 13 08:06:49 CET 2026
#@# Inflation1 rh Fri Mar 13 08:06:51 CET 2026
#@# QSphere rh Fri Mar 13 08:07:03 CET 2026
#@# Fix Topology rh Fri Mar 13 08:07:53 CET 2026
#@# Smooth2 rh Fri Mar 13 08:13:05 CET 2026
#@# Inflation2 rh Fri Mar 13 08:13:07 CET 2026
#@# Curv .H and .K rh Fri Mar 13 08:13:20 CET 2026
#@# Sphere rh Fri Mar 13 08:13:56 CET 2026
#@# Surf Reg rh Fri Mar 13 08:17:17 CET 2026
#@# Jacobian white rh Fri Mar 13 08:21:00 CET 2026
#@# AvgCurv rh Fri Mar 13 08:21:00 CET 2026
#@# Cortical Parc rh Fri Mar 13 08:21:01 CET 2026
#@# white curv rh Fri Mar 13 08:26:19 CET 2026
#@# white area rh Fri Mar 13 08:26:20 CET 2026
#@# pial curv rh Fri Mar 13 08:26:21 CET 2026
#@# pial area rh Fri Mar 13 08:26:22 CET 2026
#@# thickness rh Fri Mar 13 08:26:23 CET 2026
#@# area and vertex vol rh Fri Mar 13 08:26:41 CET 2026
#@# Curvature Stats rh Fri Mar 13 08:26:43 CET 2026
#@# Cortical Parc 2 rh Fri Mar 13 08:26:44 CET 2026
#@# Cortical Parc 3 rh Fri Mar 13 08:26:54 CET 2026
#@# WM/GM Contrast rh Fri Mar 13 08:27:02 CET 2026
recon-all -s sub-v2s4x29633_ses-1 finished without error at Fri Mar 13 08:27:04 CET 2026



#New# invocation of recon-all 



status file for recon-all
Fri Mar 13 08:32:35 CET 2026
#@# white curv rh Fri Mar 13 08:32:35 CET 2026
#@# white area rh Fri Mar 13 08:32:35 CET 2026
#@# pial curv rh Fri Mar 13 08:32:35 CET 2026
#@# pial area rh Fri Mar 13 08:32:35 CET 2026
#@# thickness rh Fri Mar 13 08:32:35 CET 2026
#@# area and vertex vol rh Fri Mar 13 08:32:36 CET 2026
#@# Parcellation Stats rh Fri Mar 13 08:32:36 CET 2026
#@# Parcellation Stats 2 rh Fri Mar 13 08:32:50 CET 2026
#@# Parcellation Stats 3 rh Fri Mar 13 08:32:58 CET 2026
#@# BA_exvivo Labels rh Fri Mar 13 08:33:05 CET 2026
recon-all -s sub-v2s4x29633_ses-1 finished without error at Fri Mar 13 08:35:09 CET 2026
