/out/sourcedata/freesurfer/sub-v2s4x29629_ses-1/mri
/opt/freesurfer/bin/talairach_avi
--i orig_nu.mgz --xfm transforms/talairach.auto.xfm
talairach_avi 7.3.2
Linux dna030 5.14.0-427.37.1.el9_4.x86_64 #1 SMP PREEMPT_DYNAMIC Fri Sep 13 12:41:50 EDT 2024 x86_64 x86_64 x86_64 GNU/Linux
Fri Mar 13 05:57:40 CET 2026
mri_convert orig_nu.mgz talsrcimg.img 
reading from orig_nu.mgz...
TR=0.00, TE=0.00, TI=0.00, flip angle=0.00
i_ras = (-1, -1.19326e-09, -7.45058e-09)
j_ras = (-7.45058e-09, -2.32831e-10, -1)
k_ras = (1.19326e-09, 1, 0)
writing to talsrcimg.img...
Analyze Output Matrix
-1.00000  -0.00000   0.00000   132.68939;
-0.00000  -0.00000   1.00000  -132.13080;
-0.00000  -1.00000   0.00000   134.29320;
 0.00000   0.00000   0.00000   1.00000;
--------------------
INFO: set hdr.hist.orient to -1
mpr2mni305 talsrcimg
Fri Mar 13 05:57:41 CET 2026
/opt/freesurfer/bin/mpr2mni305 talsrcimg
mpr2mni305 7.3.2
target=711-2C_as_mni_average_305

---------------------------------------------------------------------
analyzeto4dfp talsrcimg -O0 -y
---------------------------------------------------------------------

freesurfer ifh2hdr.c
Fri Mar 13 05:57:41 2026
Writing: talsrcimg.4dfp.hdr
freesurfer analyzeto4dfp.c
Reading: talsrcimg.hdr
header size 348 bytes
hdr.dime.datatype	offset=70	value=2
hdr.dime.bitpix		offset=72	value=8
hdr.hist.orient		offset=252	value=-1
dimensionality     4
dimensions       256       256       256         1
Reading: talsrcimg.img
Writing: talsrcimg.4dfp.img
Writing: talsrcimg.4dfp.ifh
ifh2hdr talsrcimg -r0to255
ori=2

---------------------------------------------------------------------
gauss_4dfp talsrcimg 1.1
---------------------------------------------------------------------

freesurfer gauss_4dfp.c
Reading: talsrcimg.4dfp.img
Writing: talsrcimg_g11.4dfp.img
image dimensions 256 256 256 padded to 288 288 288
processing volume 1freesurfer ifh2hdr.c
Fri Mar 13 05:57:43 2026
Writing: talsrcimg_g11.4dfp.hdr

Writing: talsrcimg_g11.4dfp.ifh
including: talsrcimg.4dfp.img.rec in talsrcimg_g11.4dfp.img.rec

---------------------------------------------------------------------
imgreg_4dfp /opt/freesurfer/average/711-2C_as_mni_average_305 none talsrcimg_g11 none talsrcimg_to_711-2C_as_mni_average_305_t4 4355
---------------------------------------------------------------------

freesurfer imgreg_4dfp.c
/opt/freesurfer/average/711-2C_as_mni_average_305.4dfp.img
       256       256       256         1
  1.000000  1.000000  1.000000
orientation T byte_order littleendian
Reading image: /opt/freesurfer/average/711-2C_as_mni_average_305.4dfp.img
dimensions:      256       256       256
mmppix:       1.0000   -1.0000   -1.0000
center:     128.0000 -129.0000 -129.0000
talsrcimg_g11.4dfp.img
       256       256       256         1
  1.000000  1.000000  1.000000
orientation T byte_order littleendian
Reading image: talsrcimg_g11.4dfp.img
dimensions:      256       256       256
mmppix:       1.0000   -1.0000   -1.0000
center:     128.0000 -129.0000 -129.0000
t4_read: open error in t4_sub.f l:  41 t4_file(1:l)talsrcimg_to_711-2C_as_mni_average_305_t4 
t4_read: transform initialized to I4
rotation matrix determinant  1.000000
image alignment mode   4355 decimal     1103 hex
   -7.5000  -45.0000  -45.0000 5756.1255   13.6300
    0.0000  -45.0000  -45.0000 5992.0645   13.6095
    7.5000  -45.0000  -45.0000 5732.0464   13.6071
   -7.5000  -37.5000  -45.0000 6248.3325   13.2524
    0.0000  -37.5000  -45.0000 6521.0742   13.2261
    7.5000  -37.5000  -45.0000 6209.2964   13.2210
   -7.5000  -30.0000  -45.0000 7023.6958   13.0235
    0.0000  -30.0000  -45.0000 7340.4014   12.9914
    7.5000  -30.0000  -45.0000 6985.7612   12.9834
   -7.5000  -22.5000  -45.0000 7862.7178   12.9230
    0.0000  -22.5000  -45.0000 8216.2734   12.8894
    7.5000  -22.5000  -45.0000 7818.7158   12.8812
   -7.5000  -15.0000  -45.0000 8718.9902   12.9325
    0.0000  -15.0000  -45.0000 9112.7588   12.9039
    7.5000  -15.0000  -45.0000 8688.6299   12.8989
   -7.5000   -7.5000  -45.0000 9550.8984   12.9321
    0.0000   -7.5000  -45.0000 9993.8828   12.9110
    7.5000   -7.5000  -45.0000 9535.1211   12.9097
   -7.5000    0.0000  -45.000010291.6221   12.9178
    0.0000    0.0000  -45.000010791.4844   12.8990
    7.5000    0.0000  -45.000010261.0566   12.8975
   -7.5000    7.5000  -45.000010265.8027   12.9025
    0.0000    7.5000  -45.000010740.7842   12.8783
    7.5000    7.5000  -45.000010198.9834   12.8733
   -7.5000   15.0000  -45.000010151.2412   12.8990
    0.0000   15.0000  -45.000010615.5400   12.8675
    7.5000   15.0000  -45.000010065.7871   12.8596
   -7.5000   22.5000  -45.000010009.1543   12.9128
    0.0000   22.5000  -45.000010459.4668   12.8793
    7.5000   22.5000  -45.0000 9928.4082   12.8711
   -7.5000   30.0000  -45.0000 9701.5635   12.7601
    0.0000   30.0000  -45.000010134.4209   12.7319
    7.5000   30.0000  -45.0000 9619.1143   12.7270
   -7.5000   37.5000  -45.0000 9726.3311   12.7598
    0.0000   37.5000  -45.000010157.2900   12.7390
    7.5000   37.5000  -45.0000 9626.3545   12.7377
   -7.5000   45.0000  -45.0000 9289.4307   12.4220
    0.0000   45.0000  -45.0000 9696.3955   12.4039
    7.5000   45.0000  -45.0000 9177.5332   12.4025
   -7.5000  -45.0000  -37.5000 6141.1973   13.5309
    0.0000  -45.0000  -37.5000 6413.1064   13.5085
    7.5000  -45.0000  -37.5000 6124.5112   13.4973
   -7.5000  -37.5000  -37.5000 6680.6514   13.1591
    0.0000  -37.5000  -37.5000 6980.2383   13.1344
    7.5000  -37.5000  -37.5000 6653.8696   13.1247
   -7.5000  -30.0000  -37.5000 7521.0977   12.9318
    0.0000  -30.0000  -37.5000 7861.6323   12.9053
    7.5000  -30.0000  -37.5000 7505.5610   12.8973
   -7.5000  -22.5000  -37.5000 8436.7490   12.8308
    0.0000  -22.5000  -37.5000 8824.3740   12.8041
    7.5000  -22.5000  -37.5000 8411.2100   12.7976
   -7.5000  -15.0000  -37.5000 9365.4424   12.8403
    0.0000  -15.0000  -37.5000 9808.9668   12.8159
    7.5000  -15.0000  -37.5000 9331.6084   12.8100
   -7.5000   -7.5000  -37.500010274.2266   12.8422
    0.0000   -7.5000  -37.500010778.0527   12.8211
    7.5000   -7.5000  -37.500010230.0303   12.8139
   -7.5000    0.0000  -37.500011064.8936   12.8300
    0.0000    0.0000  -37.500011621.5938   12.8096
    7.5000    0.0000  -37.500011006.4814   12.8003
   -7.5000    7.5000  -37.500011039.0146   12.8143
    0.0000    7.5000  -37.500011562.8408   12.7914
    7.5000    7.5000  -37.500010950.4775   12.7819
   -7.5000   15.0000  -37.500010898.3242   12.8088
    0.0000   15.0000  -37.500011415.5264   12.7829
    7.5000   15.0000  -37.500010794.8350   12.7748
   -7.5000   22.5000  -37.500010710.8516   12.8207
    0.0000   22.5000  -37.500011230.1650   12.7941
    7.5000   22.5000  -37.500010617.4199   12.7876
   -7.5000   30.0000  -37.500010363.7754   12.6692
    0.0000   30.0000  -37.500010872.9092   12.6451
    7.5000   30.0000  -37.500010269.8438   12.6393
   -7.5000   37.5000  -37.500010347.5615   12.6711
    0.0000   37.5000  -37.500010844.9121   12.6502
    7.5000   37.5000  -37.500010242.4395   12.6431
   -7.5000   45.0000  -37.5000 9886.9141   12.3375
    0.0000   45.0000  -37.500010357.1621   12.3179
    7.5000   45.0000  -37.5000 9779.3047   12.3090
   -7.5000  -45.0000  -30.0000 6644.2749   14.0762
    0.0000  -45.0000  -30.0000 6943.1504   14.0528
    7.5000  -45.0000  -30.0000 6639.8506   14.0314
   -7.5000  -37.5000  -30.0000 7234.8882   13.6950
    0.0000  -37.5000  -30.0000 7563.1523   13.6715
    7.5000  -37.5000  -30.0000 7215.1230   13.6532
   -7.5000  -30.0000  -30.0000 8168.8799   13.4580
    0.0000  -30.0000  -30.0000 8555.1416   13.4345
    7.5000  -30.0000  -30.0000 8149.6729   13.4199
   -7.5000  -22.5000  -30.0000 9168.6289   13.3497
    0.0000  -22.5000  -30.0000 9608.9697   13.3261
    7.5000  -22.5000  -30.0000 9142.3867   13.3144
   -7.5000  -15.0000  -30.000010169.4258   13.3565
    0.0000  -15.0000  -30.000010671.7002   13.3338
    7.5000  -15.0000  -30.000010129.1992   13.3223
   -7.5000   -7.5000  -30.000011167.0752   13.3598
    0.0000   -7.5000  -30.000011730.3555   13.3382
    7.5000   -7.5000  -30.000011120.6650   13.3233
   -7.5000    0.0000  -30.000012055.9033   13.3513
    0.0000    0.0000  -30.000012654.4131   13.3299
    7.5000    0.0000  -30.000011991.7197   13.3114
   -7.5000    7.5000  -30.000012021.4189   13.3373
    0.0000    7.5000  -30.000012612.9072   13.3152
    7.5000    7.5000  -30.000011931.6328   13.2975
   -7.5000   15.0000  -30.000011863.7627   13.3304
    0.0000   15.0000  -30.000012449.6270   13.3074
    7.5000   15.0000  -30.000011769.5293   13.2929
   -7.5000   22.5000  -30.000011637.8740   13.3378
    0.0000   22.5000  -30.000012209.7197   13.3143
    7.5000   22.5000  -30.000011531.0938   13.3026
   -7.5000   30.0000  -30.000011231.0352   13.1798
    0.0000   30.0000  -30.000011787.6357   13.1574
    7.5000   30.0000  -30.000011117.7949   13.1460
   -7.5000   37.5000  -30.000011174.3789   13.1831
    0.0000   37.5000  -30.000011702.8682   13.1617
    7.5000   37.5000  -30.000011046.5820   13.1470
   -7.5000   45.0000  -30.000010680.0928   12.8483
    0.0000   45.0000  -30.000011172.2051   12.8277
    7.5000   45.0000  -30.000010569.1230   12.8099
   -7.5000  -45.0000  -22.5000 7151.2759   14.5475
    0.0000  -45.0000  -22.5000 7487.8047   14.5257
    7.5000  -45.0000  -22.5000 7143.1665   14.5040
   -7.5000  -37.5000  -22.5000 7823.3672   14.1625
    0.0000  -37.5000  -22.5000 8193.4082   14.1390
    7.5000  -37.5000  -22.5000 7783.3745   14.1173
   -7.5000  -30.0000  -22.5000 8854.8779   13.9211
    0.0000  -30.0000  -22.5000 9286.5352   13.8951
    7.5000  -30.0000  -22.5000 8823.3066   13.8736
   -7.5000  -22.5000  -22.5000 9938.7422   13.8065
    0.0000  -22.5000  -22.500010419.8535   13.7791
    7.5000  -22.5000  -22.5000 9895.2139   13.7595
   -7.5000  -15.0000  -22.500011025.2383   13.8072
    0.0000  -15.0000  -22.500011546.3701   13.7820
    7.5000  -15.0000  -22.500010950.7373   13.7649
   -7.5000   -7.5000  -22.500012096.0508   13.8072
    0.0000   -7.5000  -22.500012683.8818   13.7856
    7.5000   -7.5000  -22.500012022.9629   13.7688
   -7.5000    0.0000  -22.500013066.8574   13.8009
    0.0000    0.0000  -22.500013673.5039   13.7807
    7.5000    0.0000  -22.500012978.3203   13.7616
   -7.5000    7.5000  -22.500013019.0840   13.7930
    0.0000    7.5000  -22.500013644.8623   13.7710
    7.5000    7.5000  -22.500012913.7627   13.7499
   -7.5000   15.0000  -22.500012861.7568   13.7898
    0.0000   15.0000  -22.500013485.3115   13.7642
    7.5000   15.0000  -22.500012732.5830   13.7429
   -7.5000   22.5000  -22.500012608.7539   13.7934
    0.0000   22.5000  -22.500013221.4219   13.7660
    7.5000   22.5000  -22.500012464.1016   13.7464
   -7.5000   30.0000  -22.500012142.4092   13.6266
    0.0000   30.0000  -22.500012748.0615   13.6017
    7.5000   30.0000  -22.500012018.1543   13.5848
   -7.5000   37.5000  -22.500012018.6094   13.6266
    0.0000   37.5000  -22.500012607.9922   13.6053
    7.5000   37.5000  -22.500011885.9609   13.5887
   -7.5000   45.0000  -22.500011513.6328   13.2909
    0.0000   45.0000  -22.500012055.7197   13.2715
    7.5000   45.0000  -22.500011367.5947   13.2531
   -7.5000  -45.0000  -15.0000 7707.2456   14.8903
    0.0000  -45.0000  -15.0000 8070.5615   14.8708
    7.5000  -45.0000  -15.0000 7681.5542   14.8574
   -7.5000  -37.5000  -15.0000 8427.4014   14.4997
    0.0000  -37.5000  -15.0000 8829.1807   14.4748
    7.5000  -37.5000  -15.0000 8391.4453   14.4573
   -7.5000  -30.0000  -15.0000 9542.4121   14.2568
    0.0000  -30.0000  -15.000010005.8975   14.2250
    7.5000  -30.0000  -15.0000 9488.5420   14.2027
   -7.5000  -22.5000  -15.000010700.9229   14.1404
    0.0000  -22.5000  -15.000011217.1221   14.1055
    7.5000  -22.5000  -15.000010626.5703   14.0828
   -7.5000  -15.0000  -15.000011856.5098   14.1379
    0.0000  -15.0000  -15.000012422.9131   14.1078
    7.5000  -15.0000  -15.000011771.1104   14.0900
   -7.5000   -7.5000  -15.000013001.8828   14.1332
    0.0000   -7.5000  -15.000013645.7314   14.1115
    7.5000   -7.5000  -15.000012927.1816   14.0995
   -7.5000    0.0000  -15.000014043.0654   14.1253
    0.0000    0.0000  -15.000014701.7344   14.1070
    7.5000    0.0000  -15.000013931.1338   14.0951
   -7.5000    7.5000  -15.000013976.5947   14.1212
    0.0000    7.5000  -15.000014635.6631   14.0981
    7.5000    7.5000  -15.000013836.7354   14.0811
   -7.5000   15.0000  -15.000013838.3154   14.1226
    0.0000   15.0000  -15.000014498.6592   14.0913
    7.5000   15.0000  -15.000013655.8818   14.0693
   -7.5000   22.5000  -15.000013611.4971   14.1263
    0.0000   22.5000  -15.000014261.9287   14.0915
    7.5000   22.5000  -15.000013408.7803   14.0688
   -7.5000   30.0000  -15.000013112.3906   13.9549
    0.0000   30.0000  -15.000013773.0830   13.9252
    7.5000   30.0000  -15.000012941.7666   13.9077
   -7.5000   37.5000  -15.000012902.7334   13.9503
    0.0000   37.5000  -15.000013526.5537   13.9289
    7.5000   37.5000  -15.000012746.4365   13.9170
   -7.5000   45.0000  -15.000012307.9033   13.6116
    0.0000   45.0000  -15.000012852.2275   13.5940
    7.5000   45.0000  -15.000012114.8965   13.5825
   -7.5000  -45.0000   -7.5000 8281.7471   15.0716
    0.0000  -45.0000   -7.5000 8691.6670   15.0520
    7.5000  -45.0000   -7.5000 8241.9668   15.0484
   -7.5000  -37.5000   -7.5000 9055.0215   14.6695
    0.0000  -37.5000   -7.5000 9506.5215   14.6423
    7.5000  -37.5000   -7.5000 9011.1729   14.6330
   -7.5000  -30.0000   -7.500010261.7324   14.4242
    0.0000  -30.0000   -7.500010743.9912   14.3883
    7.5000  -30.0000   -7.500010185.7188   14.3728
   -7.5000  -22.5000   -7.500011508.4414   14.3107
    0.0000  -22.5000   -7.500012031.1924   14.2718
    7.5000  -22.5000   -7.500011422.4941   14.2550
   -7.5000  -15.0000   -7.500012742.5352   14.3122
    0.0000  -15.0000   -7.500013323.1533   14.2797
    7.5000  -15.0000   -7.500012659.4805   14.2683
   -7.5000   -7.5000   -7.500013979.1436   14.3065
    0.0000   -7.5000   -7.500014632.0889   14.2843
    7.5000   -7.5000   -7.500013888.0850   14.2804
   -7.5000    0.0000   -7.500015090.9697   14.2936
    0.0000    0.0000   -7.500015775.0273   14.2753
    7.5000    0.0000   -7.500014955.1807   14.2723
   -7.5000    7.5000   -7.500015007.3232   14.2859
    0.0000    7.5000   -7.500015697.8369   14.2608
    7.5000    7.5000   -7.500014852.2939   14.2519
   -7.5000   15.0000   -7.500014892.3623   14.2880
    0.0000   15.0000   -7.500015557.1768   14.2528
    7.5000   15.0000   -7.500014639.9004   14.2375
   -7.5000   22.5000   -7.500014649.7988   14.2949
    0.0000   22.5000   -7.500015332.8516   14.2560
    7.5000   22.5000   -7.500014377.6641   14.2393
   -7.5000   30.0000   -7.500014106.8096   14.1266
    0.0000   30.0000   -7.500014782.9180   14.0945
    7.5000   30.0000   -7.500013894.4199   14.0833
   -7.5000   37.5000   -7.500013823.0127   14.1209
    0.0000   37.5000   -7.500014490.2773   14.0991
    7.5000   37.5000   -7.500013649.2852   14.0952
   -7.5000   45.0000   -7.500013129.1699   13.7763
    0.0000   45.0000   -7.500013708.2891   13.7587
    7.5000   45.0000   -7.500012909.7852   13.7558
   -7.5000  -45.0000    0.0000 8781.0986   15.1160
    0.0000  -45.0000    0.0000 9223.0898   15.0935
    7.5000  -45.0000    0.0000 8759.4922   15.0911
   -7.5000  -37.5000    0.0000 9638.4541   14.7034
    0.0000  -37.5000    0.000010103.4463   14.6744
    7.5000  -37.5000    0.0000 9579.5410   14.6688
   -7.5000  -30.0000    0.000010944.0332   14.4534
    0.0000  -30.0000    0.000011424.4580   14.4182
    7.5000  -30.0000    0.000010849.6865   14.4095
   -7.5000  -22.5000    0.000012286.7422   14.3422
    0.0000  -22.5000    0.000012817.4189   14.3055
    7.5000  -22.5000    0.000012175.2881   14.2965
   -7.5000  -15.0000    0.000013616.3369   14.3506
    0.0000  -15.0000    0.000014199.9443   14.3194
    7.5000  -15.0000    0.000013499.3076   14.3139
   -7.5000   -7.5000    0.000014926.1699   14.3485
    0.0000   -7.5000    0.000015572.4971   14.3254
    7.5000   -7.5000    0.000014795.4824   14.3241
   -7.5000    0.0000    0.000016140.8818   14.3328
    0.0000    0.0000    0.000016842.5176   14.3122
    7.5000    0.0000    0.000015956.2803   14.3107
   -7.5000    7.5000    0.000016071.7910   14.3183
    0.0000    7.5000    0.000016797.1328   14.2917
    7.5000    7.5000    0.000015876.6885   14.2863
   -7.5000   15.0000    0.000015948.3301   14.3164
    0.0000   15.0000    0.000016615.1953   14.2819
    7.5000   15.0000    0.000015634.0762   14.2732
   -7.5000   22.5000    0.000015623.8037   14.3264
    0.0000   22.5000    0.000016309.5840   14.2898
    7.5000   22.5000    0.000015312.5928   14.2807
   -7.5000   30.0000    0.000014988.6719   14.1649
    0.0000   30.0000    0.000015706.9141   14.1340
    7.5000   30.0000    0.000014754.1738   14.1287
   -7.5000   37.5000    0.000014675.9824   14.1628
    0.0000   37.5000    0.000015410.2354   14.1400
    7.5000   37.5000    0.000014482.8135   14.1387
   -7.5000   45.0000    0.000013878.3613   13.8152
    0.0000   45.0000    0.000014508.5469   13.7953
    7.5000   45.0000    0.000013628.6201   13.7939
   -7.5000  -45.0000    7.5000 8631.4980   15.1226
    0.0000  -45.0000    7.5000 9058.9932   15.0974
    7.5000  -45.0000    7.5000 8612.0059   15.0847
   -7.5000  -37.5000    7.5000 9520.2803   14.7073
    0.0000  -37.5000    7.5000 9932.1934   14.6795
    7.5000  -37.5000    7.5000 9430.8789   14.6684
   -7.5000  -30.0000    7.500010785.5146   14.4530
    0.0000  -30.0000    7.500011224.1191   14.4233
    7.5000  -30.0000    7.500010674.0840   14.4141
   -7.5000  -22.5000    7.500012087.8301   14.3402
    0.0000  -22.5000    7.500012576.7637   14.3102
    7.5000  -22.5000    7.500011975.7031   14.3029
   -7.5000  -15.0000    7.500013425.3896   14.3510
    0.0000  -15.0000    7.500013934.7578   14.3237
    7.5000  -15.0000    7.500013269.8672   14.3171
   -7.5000   -7.5000    7.500014781.3672   14.3536
    0.0000   -7.5000    7.500015317.4150   14.3299
    7.5000   -7.5000    7.500014555.3076   14.3218
   -7.5000    0.0000    7.500016049.8838   14.3401
    0.0000    0.0000    7.500016653.4766   14.3172
    7.5000    0.0000    7.500015744.7920   14.3067
   -7.5000    7.5000    7.500016108.0977   14.3223
    0.0000    7.5000    7.500016740.9707   14.2966
    7.5000    7.5000    7.500015754.2012   14.2858
   -7.5000   15.0000    7.500015923.4912   14.3157
    0.0000   15.0000    7.500016515.0898   14.2866
    7.5000   15.0000    7.500015512.1855   14.2775
   -7.5000   22.5000    7.500015427.6641   14.3243
    0.0000   22.5000    7.500016114.3174   14.2944
    7.5000   22.5000    7.500015160.1123   14.2871
   -7.5000   30.0000    7.500014769.6846   14.1653
    0.0000   30.0000    7.500015527.1582   14.1384
    7.5000   30.0000    7.500014568.9004   14.1318
   -7.5000   37.5000    7.500014490.2100   14.1679
    0.0000   37.5000    7.500015260.2148   14.1444
    7.5000   37.5000    7.500014280.3154   14.1364
   -7.5000   45.0000    7.500013680.7402   13.8222
    0.0000   45.0000    7.500014328.8838   13.8002
    7.5000   45.0000    7.500013371.0488   13.7900
   -7.5000  -45.0000   15.0000 8357.3770   15.1155
    0.0000  -45.0000   15.0000 8770.3369   15.0903
    7.5000  -45.0000   15.0000 8327.3369   15.0674
   -7.5000  -37.5000   15.0000 9210.9941   14.7062
    0.0000  -37.5000   15.0000 9647.2549   14.6809
    7.5000  -37.5000   15.0000 9134.1797   14.6613
   -7.5000  -30.0000   15.000010454.1260   14.4517
    0.0000  -30.0000   15.000010924.9199   14.4265
    7.5000  -30.0000   15.000010341.2949   14.4107
   -7.5000  -22.5000   15.000011728.6270   14.3354
    0.0000  -22.5000   15.000012221.8057   14.3100
    7.5000  -22.5000   15.000011606.3750   14.2974
   -7.5000  -15.0000   15.000013072.7705   14.3427
    0.0000  -15.0000   15.000013548.7812   14.3183
    7.5000  -15.0000   15.000012890.5332   14.3060
   -7.5000   -7.5000   15.000014462.4043   14.3463
    0.0000   -7.5000   15.000014936.6182   14.3230
    7.5000   -7.5000   15.000014163.8887   14.3070
   -7.5000    0.0000   15.000015814.0947   14.3371
    0.0000    0.0000   15.000016381.0752   14.3141
    7.5000    0.0000   15.000015386.1426   14.2942
   -7.5000    7.5000   15.000015931.7979   14.3220
    0.0000    7.5000   15.000016533.7129   14.2984
    7.5000    7.5000   15.000015431.6553   14.2793
   -7.5000   15.0000   15.000015631.1299   14.3147
    0.0000   15.0000   15.000016265.8730   14.2899
    7.5000   15.0000   15.000015244.7695   14.2744
   -7.5000   22.5000   15.000015018.8057   14.3195
    0.0000   22.5000   15.000015783.6172   14.2942
    7.5000   22.5000   15.000014862.3857   14.2816
   -7.5000   30.0000   15.000014414.2744   14.1571
    0.0000   30.0000   15.000015203.8506   14.1330
    7.5000   30.0000   15.000014217.6514   14.1208
   -7.5000   37.5000   15.000014152.2500   14.1606
    0.0000   37.5000   15.000014914.9863   14.1377
    7.5000   37.5000   15.000013898.4404   14.1219
   -7.5000   45.0000   15.000013276.4072   13.8193
    0.0000   45.0000   15.000013895.7344   13.7971
    7.5000   45.0000   15.000012949.6309   13.7780
   -7.5000  -45.0000   22.5000 8013.9004   15.1015
    0.0000  -45.0000   22.5000 8399.5996   15.0788
    7.5000  -45.0000   22.5000 7993.7163   15.0563
   -7.5000  -37.5000   22.5000 8846.5957   14.7018
    0.0000  -37.5000   22.5000 9259.8760   14.6774
    7.5000  -37.5000   22.5000 8799.9844   14.6549
   -7.5000  -30.0000   22.500010067.7715   14.4512
    0.0000  -30.0000   22.500010509.6133   14.4243
    7.5000  -30.0000   22.5000 9979.1963   14.4019
   -7.5000  -22.5000   22.500011296.7236   14.3323
    0.0000  -22.5000   22.500011785.5986   14.3038
    7.5000  -22.5000   22.500011180.3066   14.2834
   -7.5000  -15.0000   22.500012566.8613   14.3330
    0.0000  -15.0000   22.500013082.3623   14.3068
    7.5000  -15.0000   22.500012377.0156   14.2891
   -7.5000   -7.5000   22.500013904.1465   14.3330
    0.0000   -7.5000   22.500014481.4756   14.3106
    7.5000   -7.5000   22.500013603.3506   14.2931
   -7.5000    0.0000   22.500015170.1025   14.3264
    0.0000    0.0000   22.500015859.3252   14.3055
    7.5000    0.0000   22.500014773.4756   14.2856
   -7.5000    7.5000   22.500015213.1992   14.3182
    0.0000    7.5000   22.500015959.4111   14.2954
    7.5000    7.5000   22.500014793.3906   14.2735
   -7.5000   15.0000   22.500014928.4600   14.3149
    0.0000   15.0000   22.500015636.4746   14.2883
    7.5000   15.0000   22.500014572.1104   14.2662
   -7.5000   22.5000   22.500014446.9355   14.3164
    0.0000   22.5000   22.500015173.6562   14.2880
    7.5000   22.5000   22.500014250.9473   14.2677
   -7.5000   30.0000   22.500013882.2842   14.1475
    0.0000   30.0000   22.500014588.6123   14.1217
    7.5000   30.0000   22.500013658.9424   14.1041
   -7.5000   37.5000   22.500013630.9873   14.1475
    0.0000   37.5000   22.500014289.3359   14.1254
    7.5000   37.5000   22.500013382.9717   14.1082
   -7.5000   45.0000   22.500012707.3926   13.8090
    0.0000   45.0000   22.500013252.1045   13.7889
    7.5000   45.0000   22.500012420.8154   13.7697
   -7.5000  -45.0000   30.0000 7492.3560   15.0948
    0.0000  -45.0000   30.0000 7887.1494   15.0750
    7.5000  -45.0000   30.0000 7507.5791   15.0615
   -7.5000  -37.5000   30.0000 8296.2520   14.6988
    0.0000  -37.5000   30.0000 8740.4395   14.6736
    7.5000  -37.5000   30.0000 8287.0234   14.6558
   -7.5000  -30.0000   30.0000 9455.9619   14.4526
    0.0000  -30.0000   30.0000 9963.7275   14.4203
    7.5000  -30.0000   30.0000 9412.4736   14.3977
   -7.5000  -22.5000   30.000010634.6514   14.3346
    0.0000  -22.5000   30.000011186.7930   14.2992
    7.5000  -22.5000   30.000010558.4414   14.2762
   -7.5000  -15.0000   30.000011831.4648   14.3320
    0.0000  -15.0000   30.000012401.6982   14.3015
    7.5000  -15.0000   30.000011721.2061   14.2835
   -7.5000   -7.5000   30.000013067.5293   14.3273
    0.0000   -7.5000   30.000013651.8936   14.3053
    7.5000   -7.5000   30.000012887.4951   14.2931
   -7.5000    0.0000   30.000014209.4307   14.3192
    0.0000    0.0000   30.000014849.3252   14.3008
    7.5000    0.0000   30.000013963.6572   14.2887
   -7.5000    7.5000   30.000014203.1885   14.3151
    0.0000    7.5000   30.000014834.9736   14.2917
    7.5000    7.5000   30.000013970.4551   14.2745
   -7.5000   15.0000   30.000013908.2100   14.3166
    0.0000   15.0000   30.000014464.0771   14.2848
    7.5000   15.0000   30.000013740.6973   14.2625
   -7.5000   22.5000   30.000013543.7188   14.3188
    0.0000   22.5000   30.000014081.8447   14.2835
    7.5000   22.5000   30.000013415.8213   14.2605
   -7.5000   30.0000   30.000013108.2158   14.1465
    0.0000   30.0000   30.000013659.4004   14.1164
    7.5000   30.0000   30.000012926.6025   14.0987
   -7.5000   37.5000   30.000012910.0332   14.1419
    0.0000   37.5000   30.000013446.4121   14.1201
    7.5000   37.5000   30.000012682.5391   14.1081
   -7.5000   45.0000   30.000012018.5342   13.8021
    0.0000   45.0000   30.000012495.2227   13.7843
    7.5000   45.0000   30.000011783.5889   13.7726
   -7.5000  -45.0000   37.5000 7177.6646   15.1121
    0.0000  -45.0000   37.5000 7586.9434   15.0925
    7.5000  -45.0000   37.5000 7209.3125   15.0889
   -7.5000  -37.5000   37.5000 7966.8345   14.7088
    0.0000  -37.5000   37.5000 8387.4912   14.6814
    7.5000  -37.5000   37.5000 7960.7715   14.6722
   -7.5000  -30.0000   37.5000 9090.9258   14.4627
    0.0000  -30.0000   37.5000 9535.0469   14.4267
    7.5000  -30.0000   37.5000 9072.1836   14.4111
   -7.5000  -22.5000   37.500010249.7646   14.3488
    0.0000  -22.5000   37.500010692.5801   14.3098
    7.5000  -22.5000   37.500010196.5186   14.2929
   -7.5000  -15.0000   37.500011403.2549   14.3503
    0.0000  -15.0000   37.500011862.5156   14.3177
    7.5000  -15.0000   37.500011334.2764   14.3062
   -7.5000   -7.5000   37.500012541.3535   14.3445
    0.0000   -7.5000   37.500013040.7197   14.3223
    7.5000   -7.5000   37.500012459.7432   14.3183
   -7.5000    0.0000   37.500013614.2051   14.3315
    0.0000    0.0000   37.500014157.8525   14.3132
    7.5000    0.0000   37.500013514.3848   14.3102
   -7.5000    7.5000   37.500013597.6533   14.3239
    0.0000    7.5000   37.500014136.4941   14.2987
    7.5000    7.5000   37.500013503.5537   14.2898
   -7.5000   15.0000   37.500013361.5586   14.3261
    0.0000   15.0000   37.500013827.9531   14.2907
    7.5000   15.0000   37.500013274.3164   14.2753
   -7.5000   22.5000   37.500013036.4355   14.3330
    0.0000   22.5000   37.500013492.1895   14.2940
    7.5000   22.5000   37.500012963.4795   14.2771
   -7.5000   30.0000   37.500012667.2812   14.1646
    0.0000   30.0000   37.500013127.8418   14.1324
    7.5000   30.0000   37.500012526.9561   14.1211
   -7.5000   37.5000   37.500012517.8086   14.1588
    0.0000   37.5000   37.500012976.9805   14.1369
    7.5000   37.5000   37.500012333.3867   14.1330
   -7.5000   45.0000   37.500011677.3057   13.8140
    0.0000   45.0000   37.500012094.8262   13.7963
    7.5000   45.0000   37.500011488.9561   13.7934
   -7.5000  -45.0000   45.0000 6598.0625   15.1898
    0.0000  -45.0000   45.0000 6937.7393   15.1671
    7.5000  -45.0000   45.0000 6576.4062   15.1648
   -7.5000  -37.5000   45.0000 7305.7734   14.7704
    0.0000  -37.5000   45.0000 7664.3286   14.7412
    7.5000  -37.5000   45.0000 7270.5210   14.7356
   -7.5000  -30.0000   45.0000 8315.1260   14.5167
    0.0000  -30.0000   45.0000 8697.5537   14.4812
    7.5000  -30.0000   45.0000 8280.2227   14.4722
   -7.5000  -22.5000   45.0000 9370.9893   14.4040
    0.0000  -22.5000   45.0000 9769.5947   14.3670
    7.5000  -22.5000   45.0000 9317.0488   14.3577
   -7.5000  -15.0000   45.000010435.8008   14.4126
    0.0000  -15.0000   45.000010845.2617   14.3811
    7.5000  -15.0000   45.000010348.4951   14.3755
   -7.5000   -7.5000   45.000011469.2393   14.4103
    0.0000   -7.5000   45.000011914.3057   14.3871
    7.5000   -7.5000   45.000011383.6504   14.3858
   -7.5000    0.0000   45.000012464.8945   14.3942
    0.0000    0.0000   45.000012924.7998   14.3735
    7.5000    0.0000   45.000012352.8682   14.3720
   -7.5000    7.5000   45.000012430.1201   14.3794
    0.0000    7.5000   45.000012863.5977   14.3525
    7.5000    7.5000   45.000012331.8438   14.3471
   -7.5000   15.0000   45.000012224.8223   14.3776
    0.0000   15.0000   45.000012616.8770   14.3427
    7.5000   15.0000   45.000012127.3027   14.3338
   -7.5000   22.5000   45.000011928.7148   14.3880
    0.0000   22.5000   45.000012313.2744   14.3510
    7.5000   22.5000   45.000011850.2686   14.3417
   -7.5000   30.0000   45.000011617.4824   14.2249
    0.0000   30.0000   45.000012020.4834   14.1938
    7.5000   30.0000   45.000011503.0576   14.1883
   -7.5000   37.5000   45.000011520.2715   14.2226
    0.0000   37.5000   45.000011929.9092   14.1997
    7.5000   37.5000   45.000011363.1543   14.1984
   -7.5000   45.0000   45.000010773.6807   13.8806
    0.0000   45.0000   45.000011144.0859   13.8606
    7.5000   45.0000   45.000010613.5879   13.8593

---------------------------------------------------------------------
imgreg_4dfp /opt/freesurfer/average/711-2C_as_mni_average_305 /opt/freesurfer/average/711-2B_as_mni_average_305_mask talsrcimg_g11 none talsrcimg_to_711-2C_as_mni_average_305_t4 4355
---------------------------------------------------------------------

freesurfer imgreg_4dfp.c
/opt/freesurfer/average/711-2C_as_mni_average_305.4dfp.img
       256       256       256         1
  1.000000  1.000000  1.000000
orientation T byte_order littleendian
Reading image: /opt/freesurfer/average/711-2C_as_mni_average_305.4dfp.img
dimensions:      256       256       256
mmppix:       1.0000   -1.0000   -1.0000
center:     128.0000 -129.0000 -129.0000
/opt/freesurfer/average/711-2B_as_mni_average_305_mask.4dfp.img
       256       256       256         1
  1.000000  1.000000  1.000000
orientation T byte_order littleendian
Reading mask: /opt/freesurfer/average/711-2B_as_mni_average_305_mask.4dfp.img (2306576 pixels)
talsrcimg_g11.4dfp.img
       256       256       256         1
  1.000000  1.000000  1.000000
orientation T byte_order littleendian
Reading image: talsrcimg_g11.4dfp.img
dimensions:      256       256       256
mmppix:       1.0000   -1.0000   -1.0000
center:     128.0000 -129.0000 -129.0000
rotation matrix determinant  1.000000
image alignment mode   4355 decimal     1103 hex
   -7.5000  -45.0000  -45.0000 1750.9412   23.1933
    0.0000  -45.0000  -45.0000 1752.8210   23.3392
    7.5000  -45.0000  -45.0000 1732.7417   23.6520
   -7.5000  -37.5000  -45.0000 1866.0460   20.4916
    0.0000  -37.5000  -45.0000 1868.4519   20.6565
    7.5000  -37.5000  -45.0000 1842.7251   20.9137
   -7.5000  -30.0000  -45.0000 1967.6794   18.3741
    0.0000  -30.0000  -45.0000 1972.2053   18.5009
    7.5000  -30.0000  -45.0000 1945.7893   18.7157
   -7.5000  -22.5000  -45.0000 2064.9485   16.7283
    0.0000  -22.5000  -45.0000 2065.8486   16.8073
    7.5000  -22.5000  -45.0000 2044.1827   16.9621
   -7.5000  -15.0000  -45.0000 2142.2815   15.5059
    0.0000  -15.0000  -45.0000 2140.2134   15.5558
    7.5000  -15.0000  -45.0000 2123.2412   15.6677
   -7.5000   -7.5000  -45.0000 2193.1233   14.6149
    0.0000   -7.5000  -45.0000 2195.2078   14.6353
    7.5000   -7.5000  -45.0000 2181.2812   14.7513
   -7.5000    0.0000  -45.0000 2222.9558   14.0215
    0.0000    0.0000  -45.0000 2227.9797   14.0266
    7.5000    0.0000  -45.0000 2208.0342   14.1677
   -7.5000    7.5000  -45.0000 2234.6997   13.6799
    0.0000    7.5000  -45.0000 2239.4495   13.6867
    7.5000    7.5000  -45.0000 2214.9277   13.8328
   -7.5000   15.0000  -45.0000 2227.2007   13.6057
    0.0000   15.0000  -45.0000 2230.5449   13.5769
    7.5000   15.0000  -45.0000 2206.7827   13.7086
   -7.5000   22.5000  -45.0000 2217.2124   13.7143
    0.0000   22.5000  -45.0000 2215.5649   13.6521
    7.5000   22.5000  -45.0000 2188.8333   13.7979
   -7.5000   30.0000  -45.0000 2189.7305   14.0774
    0.0000   30.0000  -45.0000 2186.4268   13.9850
    7.5000   30.0000  -45.0000 2163.6838   14.1716
   -7.5000   37.5000  -45.0000 2148.9143   14.6397
    0.0000   37.5000  -45.0000 2150.0989   14.5916
    7.5000   37.5000  -45.0000 2132.3313   14.8122
   -7.5000   45.0000  -45.0000 2100.7227   15.4107
    0.0000   45.0000  -45.0000 2100.2288   15.3787
    7.5000   45.0000  -45.0000 2077.7625   15.6675
   -7.5000  -45.0000  -37.5000 1819.1843   21.4517
    0.0000  -45.0000  -37.5000 1820.6193   21.6879
    7.5000  -45.0000  -37.5000 1797.1088   21.9163
   -7.5000  -37.5000  -37.5000 1944.3407   18.9108
    0.0000  -37.5000  -37.5000 1945.2111   19.1282
    7.5000  -37.5000  -37.5000 1918.3657   19.2921
   -7.5000  -30.0000  -37.5000 2053.2671   16.9153
    0.0000  -30.0000  -37.5000 2051.3325   17.0847
    7.5000  -30.0000  -37.5000 2031.4023   17.2314
   -7.5000  -22.5000  -37.5000 2160.5564   15.3914
    0.0000  -22.5000  -37.5000 2157.4355   15.5176
    7.5000  -22.5000  -37.5000 2136.5686   15.6116
   -7.5000  -15.0000  -37.5000 2244.8247   14.2560
    0.0000  -15.0000  -37.5000 2242.9026   14.3686
    7.5000  -15.0000  -37.5000 2219.3796   14.4322
   -7.5000   -7.5000  -37.5000 2306.2856   13.4452
    0.0000   -7.5000  -37.5000 2309.3750   13.5028
    7.5000   -7.5000  -37.5000 2281.3372   13.5464
   -7.5000    0.0000  -37.5000 2331.9192   12.8727
    0.0000    0.0000  -37.5000 2337.9983   12.9033
    7.5000    0.0000  -37.5000 2308.7322   12.9653
   -7.5000    7.5000  -37.5000 2345.1733   12.5158
    0.0000    7.5000  -37.5000 2348.4548   12.5311
    7.5000    7.5000  -37.5000 2315.3218   12.6256
   -7.5000   15.0000  -37.5000 2336.8530   12.3726
    0.0000   15.0000  -37.5000 2339.5056   12.3967
    7.5000   15.0000  -37.5000 2310.9590   12.4681
   -7.5000   22.5000  -37.5000 2326.7527   12.4622
    0.0000   22.5000  -37.5000 2324.9380   12.4519
    7.5000   22.5000  -37.5000 2300.2725   12.5501
   -7.5000   30.0000  -37.5000 2302.4597   12.7645
    0.0000   30.0000  -37.5000 2299.1589   12.7314
    7.5000   30.0000  -37.5000 2274.1189   12.8727
   -7.5000   37.5000  -37.5000 2264.3960   13.2669
    0.0000   37.5000  -37.5000 2263.5623   13.2340
    7.5000   37.5000  -37.5000 2243.6621   13.4135
   -7.5000   45.0000  -37.5000 2212.9644   13.9696
    0.0000   45.0000  -37.5000 2209.6289   13.9267
    7.5000   45.0000  -37.5000 2188.7917   14.1555
   -7.5000  -45.0000  -30.0000 1912.3353   20.6361
    0.0000  -45.0000  -30.0000 1908.5752   20.8910
    7.5000  -45.0000  -30.0000 1891.8774   21.0395
   -7.5000  -37.5000  -30.0000 2044.4036   18.1846
    0.0000  -37.5000  -30.0000 2040.6539   18.3759
    7.5000  -37.5000  -30.0000 2020.9528   18.5022
   -7.5000  -30.0000  -30.0000 2167.8928   16.2548
    0.0000  -30.0000  -30.0000 2168.2002   16.4020
    7.5000  -30.0000  -30.0000 2145.5513   16.5016
   -7.5000  -22.5000  -30.0000 2286.0591   14.7485
    0.0000  -22.5000  -30.0000 2286.0327   14.8686
    7.5000  -22.5000  -30.0000 2260.2734   14.9221
   -7.5000  -15.0000  -30.0000 2377.7454   13.6035
    0.0000  -15.0000  -30.0000 2380.5945   13.7060
    7.5000  -15.0000  -30.0000 2349.9890   13.7530
   -7.5000   -7.5000  -30.0000 2447.2146   12.7738
    0.0000   -7.5000  -30.0000 2451.7805   12.8478
    7.5000   -7.5000  -30.0000 2421.6262   12.8954
   -7.5000    0.0000  -30.0000 2480.5034   12.2583
    0.0000    0.0000  -30.0000 2480.6807   12.2687
    7.5000    0.0000  -30.0000 2453.0547   12.3086
   -7.5000    7.5000  -30.0000 2499.7585   11.8898
    0.0000    7.5000  -30.0000 2499.2041   11.8916
    7.5000    7.5000  -30.0000 2467.3931   11.9631
   -7.5000   15.0000  -30.0000 2496.9131   11.7244
    0.0000   15.0000  -30.0000 2500.0386   11.7316
    7.5000   15.0000  -30.0000 2469.5862   11.8002
   -7.5000   22.5000  -30.0000 2487.5957   11.7798
    0.0000   22.5000  -30.0000 2485.5339   11.7778
    7.5000   22.5000  -30.0000 2454.5615   11.8861
   -7.5000   30.0000  -30.0000 2461.1943   12.0630
    0.0000   30.0000  -30.0000 2458.2866   12.0411
    7.5000   30.0000  -30.0000 2427.4614   12.1732
   -7.5000   37.5000  -30.0000 2424.2485   12.5045
    0.0000   37.5000  -30.0000 2421.3647   12.4857
    7.5000   37.5000  -30.0000 2395.7336   12.6651
   -7.5000   45.0000  -30.0000 2370.6567   13.1594
    0.0000   45.0000  -30.0000 2363.5955   13.1564
    7.5000   45.0000  -30.0000 2337.7820   13.3650
   -7.5000  -45.0000  -22.5000 1978.9471   19.8335
    0.0000  -45.0000  -22.5000 1978.2826   19.9537
    7.5000  -45.0000  -22.5000 1960.9706   20.0833
   -7.5000  -37.5000  -22.5000 2119.8430   17.4351
    0.0000  -37.5000  -22.5000 2119.2544   17.5355
    7.5000  -37.5000  -22.5000 2098.1582   17.6339
   -7.5000  -30.0000  -22.5000 2251.8289   15.5245
    0.0000  -30.0000  -22.5000 2258.4756   15.6350
    7.5000  -30.0000  -22.5000 2235.1421   15.7045
   -7.5000  -22.5000  -22.5000 2379.0647   14.0760
    0.0000  -22.5000  -22.5000 2385.0178   14.1484
    7.5000  -22.5000  -22.5000 2358.8142   14.2301
   -7.5000  -15.0000  -22.5000 2477.7144   12.9388
    0.0000  -15.0000  -22.5000 2481.4221   12.9777
    7.5000  -15.0000  -22.5000 2453.4531   13.0508
   -7.5000   -7.5000  -22.5000 2559.0244   12.0740
    0.0000   -7.5000  -22.5000 2559.4954   12.0937
    7.5000   -7.5000  -22.5000 2529.6177   12.1495
   -7.5000    0.0000  -22.5000 2605.0667   11.5224
    0.0000    0.0000  -22.5000 2595.3921   11.5131
    7.5000    0.0000  -22.5000 2569.0608   11.5683
   -7.5000    7.5000  -22.5000 2628.0359   11.1673
    0.0000    7.5000  -22.5000 2621.6470   11.1618
    7.5000    7.5000  -22.5000 2596.9514   11.2255
   -7.5000   15.0000  -22.5000 2635.5137   10.9928
    0.0000   15.0000  -22.5000 2633.1826   10.9738
    7.5000   15.0000  -22.5000 2604.0938   11.0675
   -7.5000   22.5000  -22.5000 2627.3491   11.0524
    0.0000   22.5000  -22.5000 2625.5244   11.0455
    7.5000   22.5000  -22.5000 2590.6216   11.1768
   -7.5000   30.0000  -22.5000 2600.6565   11.3087
    0.0000   30.0000  -22.5000 2602.2327   11.3128
    7.5000   30.0000  -22.5000 2568.7305   11.4658
   -7.5000   37.5000  -22.5000 2563.6887   11.7223
    0.0000   37.5000  -22.5000 2563.3689   11.7240
    7.5000   37.5000  -22.5000 2530.0664   11.8955
   -7.5000   45.0000  -22.5000 2504.8203   12.3650
    0.0000   45.0000  -22.5000 2501.1875   12.3728
    7.5000   45.0000  -22.5000 2465.3850   12.5375
   -7.5000  -45.0000  -15.0000 2024.0686   19.0731
    0.0000  -45.0000  -15.0000 2026.6885   19.1517
    7.5000  -45.0000  -15.0000 2006.4807   19.2577
   -7.5000  -37.5000  -15.0000 2166.1018   16.7233
    0.0000  -37.5000  -15.0000 2171.7390   16.7404
    7.5000  -37.5000  -15.0000 2151.4607   16.8650
   -7.5000  -30.0000  -15.0000 2303.1597   14.8648
    0.0000  -30.0000  -15.0000 2312.9912   14.8754
    7.5000  -30.0000  -15.0000 2289.9297   14.9903
   -7.5000  -22.5000  -15.0000 2432.1006   13.4101
    0.0000  -22.5000  -15.0000 2444.5625   13.4156
    7.5000  -22.5000  -15.0000 2416.0171   13.5352
   -7.5000  -15.0000  -15.0000 2538.4009   12.2714
    0.0000  -15.0000  -15.0000 2547.2959   12.2609
    7.5000  -15.0000  -15.0000 2519.2473   12.3857
   -7.5000   -7.5000  -15.0000 2629.5669   11.4024
    0.0000   -7.5000  -15.0000 2635.8433   11.3873
    7.5000   -7.5000  -15.0000 2606.2271   11.4892
   -7.5000    0.0000  -15.0000 2683.4739   10.8105
    0.0000    0.0000  -15.0000 2679.1741   10.7875
    7.5000    0.0000  -15.0000 2653.4800   10.8659
   -7.5000    7.5000  -15.0000 2719.1289   10.4266
    0.0000    7.5000  -15.0000 2711.0269   10.4129
    7.5000    7.5000  -15.0000 2687.0479   10.5032
   -7.5000   15.0000  -15.0000 2738.7395   10.2504
    0.0000   15.0000  -15.0000 2736.0315   10.2422
    7.5000   15.0000  -15.0000 2706.9812   10.3241
   -7.5000   22.5000  -15.0000 2736.9590   10.3434
    0.0000   22.5000  -15.0000 2736.3982   10.3197
    7.5000   22.5000  -15.0000 2703.0549   10.4511
   -7.5000   30.0000  -15.0000 2717.2715   10.6040
    0.0000   30.0000  -15.0000 2719.6814   10.5799
    7.5000   30.0000  -15.0000 2687.6079   10.7469
   -7.5000   37.5000  -15.0000 2680.3743   10.9952
    0.0000   37.5000  -15.0000 2679.2444   10.9807
    7.5000   37.5000  -15.0000 2644.4893   11.1585
   -7.5000   45.0000  -15.0000 2614.8828   11.5785
    0.0000   45.0000  -15.0000 2608.7913   11.5724
    7.5000   45.0000  -15.0000 2572.8652   11.7544
   -7.5000  -45.0000   -7.5000 2053.8020   18.4059
    0.0000  -45.0000   -7.5000 2059.0754   18.4160
    7.5000  -45.0000   -7.5000 2035.5701   18.5787
   -7.5000  -37.5000   -7.5000 2194.9976   16.0908
    0.0000  -37.5000   -7.5000 2207.0933   16.0458
    7.5000  -37.5000   -7.5000 2183.5002   16.2043
   -7.5000  -30.0000   -7.5000 2334.6299   14.2711
    0.0000  -30.0000   -7.5000 2350.5857   14.2095
    7.5000  -30.0000   -7.5000 2325.2483   14.3538
   -7.5000  -22.5000   -7.5000 2464.9934   12.8416
    0.0000  -22.5000   -7.5000 2479.3630   12.7608
    7.5000  -22.5000   -7.5000 2454.1135   12.9327
   -7.5000  -15.0000   -7.5000 2577.3030   11.7166
    0.0000  -15.0000   -7.5000 2587.2083   11.6563
    7.5000  -15.0000   -7.5000 2564.4734   11.8173
   -7.5000   -7.5000   -7.5000 2677.9961   10.8277
    0.0000   -7.5000   -7.5000 2686.0457   10.7858
    7.5000   -7.5000   -7.5000 2658.4692   10.9224
   -7.5000    0.0000   -7.5000 2748.8328   10.1778
    0.0000    0.0000   -7.5000 2750.2539   10.1476
    7.5000    0.0000   -7.5000 2719.8577   10.2768
   -7.5000    7.5000   -7.5000 2795.1660    9.7501
    0.0000    7.5000   -7.5000 2792.8945    9.7402
    7.5000    7.5000   -7.5000 2763.1650    9.8604
   -7.5000   15.0000   -7.5000 2832.5049    9.5584
    0.0000   15.0000   -7.5000 2823.8855    9.5207
    7.5000   15.0000   -7.5000 2791.9182    9.6457
   -7.5000   22.5000   -7.5000 2840.9695    9.6744
    0.0000   22.5000   -7.5000 2832.7910    9.6238
    7.5000   22.5000   -7.5000 2801.1538    9.7739
   -7.5000   30.0000   -7.5000 2819.6182    9.9354
    0.0000   30.0000   -7.5000 2814.6907    9.8909
    7.5000   30.0000   -7.5000 2784.7639   10.0487
   -7.5000   37.5000   -7.5000 2778.1741   10.2887
    0.0000   37.5000   -7.5000 2772.3184   10.2699
    7.5000   37.5000   -7.5000 2739.9368   10.4647
   -7.5000   45.0000   -7.5000 2708.4429   10.8622
    0.0000   45.0000   -7.5000 2703.3848   10.8473
    7.5000   45.0000   -7.5000 2663.5867   11.0604
   -7.5000  -45.0000    0.0000 2063.1597   18.0556
    0.0000  -45.0000    0.0000 2068.3079   17.9741
    7.5000  -45.0000    0.0000 2049.1948   18.1822
   -7.5000  -37.5000    0.0000 2209.8269   15.7292
    0.0000  -37.5000    0.0000 2220.9463   15.6182
    7.5000  -37.5000    0.0000 2200.6196   15.7962
   -7.5000  -30.0000    0.0000 2352.9805   13.8963
    0.0000  -30.0000    0.0000 2364.7913   13.7642
    7.5000  -30.0000    0.0000 2345.0632   13.9485
   -7.5000  -22.5000    0.0000 2485.2954   12.4626
    0.0000  -22.5000    0.0000 2498.2996   12.3384
    7.5000  -22.5000    0.0000 2477.3647   12.5333
   -7.5000  -15.0000    0.0000 2600.3755   11.3443
    0.0000  -15.0000    0.0000 2611.1079   11.2369
    7.5000  -15.0000    0.0000 2587.7864   11.4123
   -7.5000   -7.5000    0.0000 2708.1755   10.4413
    0.0000   -7.5000    0.0000 2718.1770   10.3590
    7.5000   -7.5000    0.0000 2689.2234   10.5187
   -7.5000    0.0000    0.0000 2798.3718    9.7430
    0.0000    0.0000    0.0000 2805.3870    9.6915
    7.5000    0.0000    0.0000 2767.9016    9.8334
   -7.5000    7.5000    0.0000 2862.8616    9.2767
    0.0000    7.5000    0.0000 2863.3699    9.2317
    7.5000    7.5000    0.0000 2829.6465    9.3695
   -7.5000   15.0000    0.0000 2911.2375    9.0528
    0.0000   15.0000    0.0000 2903.7288    8.9994
    7.5000   15.0000    0.0000 2869.1096    9.1602
   -7.5000   22.5000    0.0000 2930.2358    9.1405
    0.0000   22.5000    0.0000 2921.2427    9.0908
    7.5000   22.5000    0.0000 2883.4602    9.2479
   -7.5000   30.0000    0.0000 2908.6665    9.3898
    0.0000   30.0000    0.0000 2900.1309    9.3352
    7.5000   30.0000    0.0000 2870.1794    9.5149
   -7.5000   37.5000    0.0000 2863.4019    9.7392
    0.0000   37.5000    0.0000 2857.7236    9.7126
    7.5000   37.5000    0.0000 2821.8035    9.9474
   -7.5000   45.0000    0.0000 2786.6804   10.3005
    0.0000   45.0000    0.0000 2779.2764   10.2784
    7.5000   45.0000    0.0000 2739.7197   10.5553
   -7.5000  -45.0000    7.5000 2064.5879   18.0318
    0.0000  -45.0000    7.5000 2075.6606   17.8626
    7.5000  -45.0000    7.5000 2055.4941   18.0494
   -7.5000  -37.5000    7.5000 2217.7844   15.7181
    0.0000  -37.5000    7.5000 2228.1372   15.4680
    7.5000  -37.5000    7.5000 2209.7510   15.6688
   -7.5000  -30.0000    7.5000 2356.3943   13.8113
    0.0000  -30.0000    7.5000 2365.2988   13.5664
    7.5000  -30.0000    7.5000 2348.0168   13.7776
   -7.5000  -22.5000    7.5000 2486.9236   12.3191
    0.0000  -22.5000    7.5000 2496.5537   12.1073
    7.5000  -22.5000    7.5000 2481.8950   12.3378
   -7.5000  -15.0000    7.5000 2605.4644   11.1705
    0.0000  -15.0000    7.5000 2612.7336   10.9780
    7.5000  -15.0000    7.5000 2592.6340   11.1906
   -7.5000   -7.5000    7.5000 2722.5405   10.2429
    0.0000   -7.5000    7.5000 2724.9241   10.0869
    7.5000   -7.5000    7.5000 2699.4441   10.2770
   -7.5000    0.0000    7.5000 2820.8628    9.5173
    0.0000    0.0000    7.5000 2824.4873    9.4063
    7.5000    0.0000    7.5000 2792.3857    9.5703
   -7.5000    7.5000    7.5000 2907.0039    9.0147
    0.0000    7.5000    7.5000 2908.7500    8.9203
    7.5000    7.5000    7.5000 2870.1169    9.0995
   -7.5000   15.0000    7.5000 2977.7229    8.7663
    0.0000   15.0000    7.5000 2970.5537    8.6836
    7.5000   15.0000    7.5000 2927.7817    8.8769
   -7.5000   22.5000    7.5000 2999.9148    8.7706
    0.0000   22.5000    7.5000 2996.3389    8.7037
    7.5000   22.5000    7.5000 2943.6958    8.9325
   -7.5000   30.0000    7.5000 2971.5757    9.0079
    0.0000   30.0000    7.5000 2970.1194    8.9497
    7.5000   30.0000    7.5000 2921.6531    9.1952
   -7.5000   37.5000    7.5000 2923.1018    9.3921
    0.0000   37.5000    7.5000 2918.4460    9.3475
    7.5000   37.5000    7.5000 2871.8960    9.6145
   -7.5000   45.0000    7.5000 2842.4883    9.9831
    0.0000   45.0000    7.5000 2834.7739    9.9470
    7.5000   45.0000    7.5000 2788.2866   10.2102
   -7.5000  -45.0000   15.0000 2049.2676   18.1664
    0.0000  -45.0000   15.0000 2062.9285   17.9340
    7.5000  -45.0000   15.0000 2047.6383   18.0849
   -7.5000  -37.5000   15.0000 2201.8875   15.7710
    0.0000  -37.5000   15.0000 2216.2419   15.5032
    7.5000  -37.5000   15.0000 2197.0359   15.6491
   -7.5000  -30.0000   15.0000 2341.3687   13.8077
    0.0000  -30.0000   15.0000 2351.2979   13.5748
    7.5000  -30.0000   15.0000 2333.1028   13.7585
   -7.5000  -22.5000   15.0000 2468.1760   12.3078
    0.0000  -22.5000   15.0000 2476.0464   12.0860
    7.5000  -22.5000   15.0000 2457.8472   12.3022
   -7.5000  -15.0000   15.0000 2588.7437   11.1471
    0.0000  -15.0000   15.0000 2591.1409   10.9177
    7.5000  -15.0000   15.0000 2573.4614   11.1423
   -7.5000   -7.5000   15.0000 2709.2490   10.2227
    0.0000   -7.5000   15.0000 2701.5845   10.0214
    7.5000   -7.5000   15.0000 2686.8643   10.2375
   -7.5000    0.0000   15.0000 2809.0439    9.5004
    0.0000    0.0000   15.0000 2809.4570    9.3653
    7.5000    0.0000   15.0000 2788.0237    9.5478
   -7.5000    7.5000   15.0000 2912.6025    8.9967
    0.0000    7.5000   15.0000 2920.3123    8.9081
    7.5000    7.5000   15.0000 2878.0759    9.0411
   -7.5000   15.0000   15.0000 2996.8271    8.6770
    0.0000   15.0000   15.0000 2998.9426    8.6195
    7.5000   15.0000   15.0000 2949.5808    8.7882
   -7.5000   22.5000   15.0000 3026.5781    8.5284
    0.0000   22.5000   15.0000 3039.3157    8.5420
    7.5000   22.5000   15.0000 2972.4319    8.7715
   -7.5000   30.0000   15.0000 3000.1929    8.7721
    0.0000   30.0000   15.0000 3007.6262    8.7561
    7.5000   30.0000   15.0000 2944.7273    9.0131
   -7.5000   37.5000   15.0000 2943.2324    9.2451
    0.0000   37.5000   15.0000 2944.7527    9.2090
    7.5000   37.5000   15.0000 2893.9258    9.4368
   -7.5000   45.0000   15.0000 2862.0239    9.8693
    0.0000   45.0000   15.0000 2855.5034    9.8322
    7.5000   45.0000   15.0000 2812.1533   10.0440
   -7.5000  -45.0000   22.5000 2021.2480   18.5595
    0.0000  -45.0000   22.5000 2027.6875   18.2943
    7.5000  -45.0000   22.5000 2014.9514   18.4812
   -7.5000  -37.5000   22.5000 2175.6614   15.9976
    0.0000  -37.5000   22.5000 2187.9377   15.7267
    7.5000  -37.5000   22.5000 2170.2908   15.9525
   -7.5000  -30.0000   22.5000 2319.6162   13.9843
    0.0000  -30.0000   22.5000 2329.0715   13.7248
    7.5000  -30.0000   22.5000 2312.5181   13.9788
   -7.5000  -22.5000   22.5000 2443.8616   12.4466
    0.0000  -22.5000   22.5000 2450.1733   12.2200
    7.5000  -22.5000   22.5000 2437.9495   12.4700
   -7.5000  -15.0000   22.5000 2559.7268   11.2910
    0.0000  -15.0000   22.5000 2561.4299   11.1064
    7.5000  -15.0000   22.5000 2545.6531   11.3195
   -7.5000   -7.5000   22.5000 2682.4756   10.3642
    0.0000   -7.5000   22.5000 2679.9365   10.2468
    7.5000   -7.5000   22.5000 2659.2114   10.4126
   -7.5000    0.0000   22.5000 2786.5554    9.6191
    0.0000    0.0000   22.5000 2787.3284    9.5592
    7.5000    0.0000   22.5000 2764.3169    9.6865
   -7.5000    7.5000   22.5000 2883.8369    9.0646
    0.0000    7.5000   22.5000 2889.7100    9.0522
    7.5000    7.5000   22.5000 2851.5693    9.1657
   -7.5000   15.0000   22.5000 2965.5300    8.7160
    0.0000   15.0000   22.5000 2966.5645    8.7042
    7.5000   15.0000   22.5000 2924.0120    8.8783
   -7.5000   22.5000   22.5000 3005.0786    8.5853
    0.0000   22.5000   22.5000 3014.2268    8.5887
    7.5000   22.5000   22.5000 2959.4011    8.8041
   -7.5000   30.0000   22.5000 2993.6514    8.8192
    0.0000   30.0000   22.5000 3000.9543    8.8083
    7.5000   30.0000   22.5000 2936.4324    9.0523
   -7.5000   37.5000   22.5000 2936.0085    9.3220
    0.0000   37.5000   22.5000 2938.6069    9.2671
    7.5000   37.5000   22.5000 2890.4985    9.4730
   -7.5000   45.0000   22.5000 2848.4692    9.9431
    0.0000   45.0000   22.5000 2845.6367    9.8927
    7.5000   45.0000   22.5000 2805.6365   10.0958
   -7.5000  -45.0000   30.0000 1975.3816   19.1055
    0.0000  -45.0000   30.0000 1976.4152   18.9148
    7.5000  -45.0000   30.0000 1963.6310   19.1280
   -7.5000  -37.5000   30.0000 2136.3127   16.4482
    0.0000  -37.5000   30.0000 2143.7366   16.2606
    7.5000  -37.5000   30.0000 2125.5457   16.5248
   -7.5000  -30.0000   30.0000 2281.3335   14.3662
    0.0000  -30.0000   30.0000 2291.5237   14.2097
    7.5000  -30.0000   30.0000 2271.0530   14.4535
   -7.5000  -22.5000   30.0000 2407.7048   12.8307
    0.0000  -22.5000   30.0000 2416.7056   12.6985
    7.5000  -22.5000   30.0000 2395.0908   12.9391
   -7.5000  -15.0000   30.0000 2523.6677   11.6488
    0.0000  -15.0000   30.0000 2522.5994   11.5089
    7.5000  -15.0000   30.0000 2502.4980   11.7532
   -7.5000   -7.5000   30.0000 2641.9573   10.6847
    0.0000   -7.5000   30.0000 2635.2061   10.5654
    7.5000   -7.5000   30.0000 2617.9619   10.8004
   -7.5000    0.0000   30.0000 2747.0847    9.9148
    0.0000    0.0000   30.0000 2742.3547    9.8120
    7.5000    0.0000   30.0000 2722.6470   10.0401
   -7.5000    7.5000   30.0000 2839.5291    9.3377
    0.0000    7.5000   30.0000 2837.2344    9.2895
    7.5000    7.5000   30.0000 2809.3054    9.5077
   -7.5000   15.0000   30.0000 2912.1025    8.9822
    0.0000   15.0000   30.0000 2904.6174    8.9294
    7.5000   15.0000   30.0000 2872.1829    9.1867
   -7.5000   22.5000   30.0000 2951.4644    8.8463
    0.0000   22.5000   30.0000 2948.2856    8.8033
    7.5000   22.5000   30.0000 2907.0127    9.0555
   -7.5000   30.0000   30.0000 2941.0928    9.0980
    0.0000   30.0000   30.0000 2946.4036    9.0591
    7.5000   30.0000   30.0000 2891.4668    9.2717
   -7.5000   37.5000   30.0000 2889.3042    9.5727
    0.0000   37.5000   30.0000 2892.7471    9.5116
    7.5000   37.5000   30.0000 2843.4082    9.6907
   -7.5000   45.0000   30.0000 2801.6658   10.1773
    0.0000   45.0000   30.0000 2801.6584   10.1277
    7.5000   45.0000   30.0000 2766.0823   10.3185
   -7.5000  -45.0000   37.5000 1921.9941   19.9683
    0.0000  -45.0000   37.5000 1929.5427   19.9415
    7.5000  -45.0000   37.5000 1914.3214   20.2318
   -7.5000  -37.5000   37.5000 2083.9578   17.1740
    0.0000  -37.5000   37.5000 2092.2468   17.0927
    7.5000  -37.5000   37.5000 2072.1396   17.4107
   -7.5000  -30.0000   37.5000 2230.4636   15.0471
    0.0000  -30.0000   37.5000 2241.9966   14.9178
    7.5000  -30.0000   37.5000 2222.1370   15.2234
   -7.5000  -22.5000   37.5000 2364.1506   13.4449
    0.0000  -22.5000   37.5000 2369.3018   13.2795
    7.5000  -22.5000   37.5000 2350.5837   13.6031
   -7.5000  -15.0000   37.5000 2483.9600   12.1849
    0.0000  -15.0000   37.5000 2482.3162   12.0083
    7.5000  -15.0000   37.5000 2464.2478   12.3537
   -7.5000   -7.5000   37.5000 2600.6409   11.1692
    0.0000   -7.5000   37.5000 2595.6992   10.9969
    7.5000   -7.5000   37.5000 2580.6462   11.3473
   -7.5000    0.0000   37.5000 2702.6223   10.3504
    0.0000    0.0000   37.5000 2699.9495   10.2102
    7.5000    0.0000   37.5000 2680.3169   10.5440
   -7.5000    7.5000   37.5000 2787.3535    9.7609
    0.0000    7.5000   37.5000 2784.5515    9.6730
    7.5000    7.5000   37.5000 2758.8323    9.9941
   -7.5000   15.0000   37.5000 2850.0320    9.4245
    0.0000   15.0000   37.5000 2837.0798    9.3456
    7.5000   15.0000   37.5000 2807.5249    9.6549
   -7.5000   22.5000   37.5000 2878.5645    9.3132
    0.0000   22.5000   37.5000 2867.8638    9.2557
    7.5000   22.5000   37.5000 2838.7808    9.5335
   -7.5000   30.0000   37.5000 2865.1165    9.5453
    0.0000   30.0000   37.5000 2864.9880    9.4875
    7.5000   30.0000   37.5000 2817.8770    9.7146
   -7.5000   37.5000   37.5000 2816.0332    9.9825
    0.0000   37.5000   37.5000 2816.8613    9.9248
    7.5000   37.5000   37.5000 2770.2651   10.1072
   -7.5000   45.0000   37.5000 2732.3777   10.5490
    0.0000   45.0000   37.5000 2736.6270   10.5032
    7.5000   45.0000   37.5000 2701.8489   10.6969
   -7.5000  -45.0000   45.0000 1871.6937   21.1385
    0.0000  -45.0000   45.0000 1875.0516   21.1339
    7.5000  -45.0000   45.0000 1859.2327   21.4011
   -7.5000  -37.5000   45.0000 2031.3252   18.1367
    0.0000  -37.5000   45.0000 2039.3644   18.0473
    7.5000  -37.5000   45.0000 2021.3629   18.3546
   -7.5000  -30.0000   45.0000 2177.1304   15.8615
    0.0000  -30.0000   45.0000 2190.2920   15.7182
    7.5000  -30.0000   45.0000 2167.7722   16.0627
   -7.5000  -22.5000   45.0000 2310.6609   14.1709
    0.0000  -22.5000   45.0000 2323.1960   13.9736
    7.5000  -22.5000   45.0000 2299.8247   14.3455
   -7.5000  -15.0000   45.0000 2430.9148   12.8516
    0.0000  -15.0000   45.0000 2434.3691   12.6552
    7.5000  -15.0000   45.0000 2410.7979   13.0260
   -7.5000   -7.5000   45.0000 2542.4858   11.7810
    0.0000   -7.5000   45.0000 2543.9028   11.6415
    7.5000   -7.5000   45.0000 2523.5417   12.0030
   -7.5000    0.0000   45.0000 2643.8391   10.9449
    0.0000    0.0000   45.0000 2643.6096   10.7999
    7.5000    0.0000   45.0000 2617.7480   11.1854
   -7.5000    7.5000   45.0000 2719.3372   10.3496
    0.0000    7.5000   45.0000 2715.9583   10.2565
    7.5000    7.5000   45.0000 2687.2595   10.6082
   -7.5000   15.0000   45.0000 2771.9924   10.0279
    0.0000   15.0000   45.0000 2759.3430    9.9294
    7.5000   15.0000   45.0000 2730.4653   10.2616
   -7.5000   22.5000   45.0000 2788.4272    9.9334
    0.0000   22.5000   45.0000 2777.8918    9.8551
    7.5000   22.5000   45.0000 2754.9495   10.1577
   -7.5000   30.0000   45.0000 2770.5007   10.1603
    0.0000   30.0000   45.0000 2769.4004   10.0892
    7.5000   30.0000   45.0000 2730.1182   10.3416
   -7.5000   37.5000   45.0000 2723.2378   10.5675
    0.0000   37.5000   45.0000 2725.7559   10.4875
    7.5000   37.5000   45.0000 2685.4385   10.6972
   -7.5000   45.0000   45.0000 2647.7854   11.0804
    0.0000   45.0000   45.0000 2649.2244   11.0241
    7.5000   45.0000   45.0000 2619.0220   11.2254

---------------------------------------------------------------------
imgreg_4dfp /opt/freesurfer/average/711-2C_as_mni_average_305 /opt/freesurfer/average/711-2B_as_mni_average_305_mask talsrcimg_g11 none talsrcimg_to_711-2C_as_mni_average_305_t4 1283
---------------------------------------------------------------------

freesurfer imgreg_4dfp.c
/opt/freesurfer/average/711-2C_as_mni_average_305.4dfp.img
       256       256       256         1
  1.000000  1.000000  1.000000
orientation T byte_order littleendian
Reading image: /opt/freesurfer/average/711-2C_as_mni_average_305.4dfp.img
dimensions:      256       256       256
mmppix:       1.0000   -1.0000   -1.0000
center:     128.0000 -129.0000 -129.0000
/opt/freesurfer/average/711-2B_as_mni_average_305_mask.4dfp.img
       256       256       256         1
  1.000000  1.000000  1.000000
orientation T byte_order littleendian
Reading mask: /opt/freesurfer/average/711-2B_as_mni_average_305_mask.4dfp.img (2306576 pixels)
talsrcimg_g11.4dfp.img
       256       256       256         1
  1.000000  1.000000  1.000000
orientation T byte_order littleendian
Reading image: talsrcimg_g11.4dfp.img
dimensions:      256       256       256
mmppix:       1.0000   -1.0000   -1.0000
center:     128.0000 -129.0000 -129.0000
rotation matrix determinant  1.000000
fimgreg.f
image alignment mode   1283 decimal      503 hex
parameters
    0.0000   22.5000   15.0000    0.0000    0.0000    0.0000
eta,q 0.95352  8.58338
niter,ni,del,rscale     5    3   12.0000    1.2000
parameter  1  0.517416 ->  0.500000 qaram    1.1500
parameter  4  0.873054 ->  0.500000 qaram    1.1500
parameter  6 -0.711867 -> -0.500000 qaram    1.1500
parameters
   -3.4500   23.1602   15.8964   -3.4500    1.0293    3.4500
eta,q 0.96060  8.49512
  0.0477  0.0544  0.0554  0.0415  0.0515  0.0490
  0.0443  0.0486  0.0507  0.0415  0.0475  0.0463
  0.0449  0.0449  0.0461  0.0422  0.0437  0.0437
  0.0478  0.0438  0.0440  0.0439  0.0416  0.0415
  0.0519  0.0448  0.0446  0.0461  0.0419  0.0399
  0.0584  0.0471  0.0470  0.0491  0.0437  0.0394
  0.0659  0.0498  0.0504  0.0527  0.0468  0.0404
niter,ni,del,rscale     7    3   12.0000    1.2000
parameters
   -2.9830   23.4500   15.2035   -5.2888    1.1515    3.9522
eta,q 0.96149  8.49326
  0.0598  0.0507  0.0471  0.0424  0.0466  0.0459
  0.0494  0.0441  0.0424  0.0387  0.0426  0.0425
  0.0420  0.0403  0.0395  0.0384  0.0398  0.0399
  0.0394  0.0396  0.0397  0.0393  0.0385  0.0385
  0.0424  0.0407  0.0422  0.0413  0.0394  0.0392
  0.0474  0.0433  0.0460  0.0439  0.0421  0.0411
  0.0539  0.0481  0.0502  0.0469  0.0461  0.0442
niter,ni,del,rscale     6    3   12.0000    1.2000
parameters
   -3.1101   23.6749   14.8603   -5.1243    1.2358    4.0914
eta,q 0.96156  8.48541
  0.0555  0.0511  0.0477  0.0471  0.0464  0.0451
  0.0462  0.0429  0.0430  0.0408  0.0425  0.0420
  0.0398  0.0388  0.0392  0.0385  0.0396  0.0394
  0.0385  0.0384  0.0385  0.0384  0.0384  0.0384
  0.0424  0.0397  0.0409  0.0396  0.0394  0.0393
  0.0479  0.0431  0.0450  0.0420  0.0421  0.0415
  0.0554  0.0480  0.0493  0.0447  0.0460  0.0447
niter,ni,del,rscale     5    3   12.0000    1.2000
parameters
   -3.1517   23.6256   14.8250   -5.1177    1.2703    4.1197
eta,q 0.96160  8.48594
  0.0555  0.0496  0.0486  0.0466  0.0463  0.0449
  0.0464  0.0420  0.0439  0.0404  0.0424  0.0418
  0.0401  0.0386  0.0397  0.0384  0.0395  0.0393
  0.0384  0.0384  0.0384  0.0384  0.0384  0.0384
  0.0419  0.0399  0.0403  0.0397  0.0394  0.0394
  0.0473  0.0437  0.0441  0.0422  0.0422  0.0417
  0.0549  0.0486  0.0485  0.0449  0.0462  0.0448
registration optimization eta report
parameter search radius
    6.9000    6.0000    6.0000    6.9000    6.0000    6.9000
100000*second partial in parameter space
       34.       30.       27.       16.       21.       13.
  0.0555  0.0496  0.0486  0.0466  0.0463  0.0449
  0.0464  0.0420  0.0439  0.0404  0.0424  0.0418
  0.0401  0.0386  0.0397  0.0384  0.0395  0.0393
  0.0384  0.0384  0.0384  0.0384  0.0384  0.0384
  0.0419  0.0399  0.0403  0.0397  0.0394  0.0394
  0.0473  0.0437  0.0441  0.0422  0.0422  0.0417
  0.0549  0.0486  0.0485  0.0449  0.0462  0.0448
   -3.1517   23.6256   14.8250   -5.1177    1.2703    4.1197
eta,q 0.96160  8.48594

---------------------------------------------------------------------
imgreg_4dfp /opt/freesurfer/average/711-2C_as_mni_average_305 /opt/freesurfer/average/711-2B_as_mni_average_305_mask talsrcimg_g11 none talsrcimg_to_711-2C_as_mni_average_305_t4 3335
---------------------------------------------------------------------

freesurfer imgreg_4dfp.c
/opt/freesurfer/average/711-2C_as_mni_average_305.4dfp.img
       256       256       256         1
  1.000000  1.000000  1.000000
orientation T byte_order littleendian
Reading image: /opt/freesurfer/average/711-2C_as_mni_average_305.4dfp.img
dimensions:      256       256       256
mmppix:       1.0000   -1.0000   -1.0000
center:     128.0000 -129.0000 -129.0000
/opt/freesurfer/average/711-2B_as_mni_average_305_mask.4dfp.img
       256       256       256         1
  1.000000  1.000000  1.000000
orientation T byte_order littleendian
Reading mask: /opt/freesurfer/average/711-2B_as_mni_average_305_mask.4dfp.img (2306576 pixels)
talsrcimg_g11.4dfp.img
       256       256       256         1
  1.000000  1.000000  1.000000
orientation T byte_order littleendian
Reading image: talsrcimg_g11.4dfp.img
dimensions:      256       256       256
mmppix:       1.0000   -1.0000   -1.0000
center:     128.0000 -129.0000 -129.0000
fimgreg.f
image alignment mode   3335 decimal      D07 hex
parameters
   -3.1517   23.6256   14.8250   -0.2829   -0.6418   -0.4231
   -6.9581   -2.8433    7.1823    8.7385    2.2170   -8.9180
eta,q 0.96310  8.55682
niter,ni,del,rscale     5    3    5.0000    1.2000
parameter  4  0.852023 ->  0.500000 qaram    1.1500
parameter  5  0.754062 ->  0.500000 qaram    1.1500
parameter  6  0.665388 ->  0.500000 qaram    1.1500
parameters
   -3.0246   23.7871   14.4866   -4.4229   -4.7818   -4.5631
   -8.7714   -1.5735    5.7988    7.8473    1.0642  -10.4702
eta,q 0.96897  8.41484
  0.0401  0.0391  0.0383  0.0343  0.0333  0.0318  0.0323  0.0365  0.0317  0.0327  0.0319  0.0318
  0.0384  0.0379  0.0374  0.0343  0.0333  0.0315  0.0316  0.0342  0.0314  0.0317  0.0314  0.0312
  0.0374  0.0372  0.0369  0.0351  0.0336  0.0316  0.0313  0.0324  0.0312  0.0312  0.0311  0.0310
  0.0369  0.0369  0.0369  0.0369  0.0344  0.0333  0.0314  0.0313  0.0312  0.0311  0.0311  0.0311
  0.0371  0.0370  0.0373  0.0395  0.0359  0.0367  0.0319  0.0313  0.0314  0.0315  0.0314  0.0314
  0.0380  0.0376  0.0381  0.0432  0.0379  0.0408  0.0327  0.0322  0.0318  0.0324  0.0319  0.0320
  0.0395  0.0386  0.0393  0.0470  0.0401  0.0458  0.0338  0.0340  0.0325  0.0337  0.0326  0.0327
niter,ni,del,rscale     7    3    5.0000    1.2000
parameter  3  0.729883 ->  0.500000 qaram    1.1500
parameter  5  0.782449 ->  0.500000 qaram    1.3225
parameters
   -3.3275   23.0101   13.1066   -6.8131   -9.5428   -7.7713
   -8.9800   -0.8397    4.7286    9.6477    3.1105  -11.9922
eta,q 0.97084  8.24886
  0.0330  0.0315  0.0302  0.0315  0.0289  0.0299  0.0309  0.0332  0.0302  0.0318  0.0305  0.0298
  0.0318  0.0310  0.0301  0.0307  0.0292  0.0296  0.0300  0.0313  0.0296  0.0306  0.0300  0.0293
  0.0311  0.0308  0.0303  0.0300  0.0296  0.0294  0.0295  0.0301  0.0294  0.0298  0.0296  0.0292
  0.0310  0.0310  0.0308  0.0301  0.0300  0.0293  0.0295  0.0294  0.0294  0.0293  0.0293  0.0292
  0.0316  0.0315  0.0316  0.0311  0.0307  0.0304  0.0297  0.0295  0.0297  0.0293  0.0292  0.0295
  0.0327  0.0323  0.0327  0.0331  0.0321  0.0336  0.0302  0.0304  0.0301  0.0296  0.0293  0.0299
  0.0342  0.0333  0.0341  0.0361  0.0341  0.0380  0.0310  0.0320  0.0308  0.0301  0.0297  0.0305
niter,ni,del,rscale     7    3    5.0000    1.2000
parameter  2  0.533122 ->  0.500000 qaram    1.1500
parameters
   -3.0503   21.6301   12.3587   -7.7795  -11.8750   -7.9438
   -6.9967   -1.6002    6.7123   10.8906    1.5138  -10.4512
eta,q 0.97222  8.24176
  0.0320  0.0291  0.0294  0.0305  0.0304  0.0308  0.0314  0.0308  0.0305  0.0311  0.0283  0.0296
  0.0306  0.0287  0.0288  0.0295  0.0291  0.0297  0.0301  0.0292  0.0294  0.0296  0.0280  0.0288
  0.0296  0.0287  0.0285  0.0289  0.0283  0.0289  0.0290  0.0283  0.0286  0.0285  0.0279  0.0282
  0.0292  0.0291  0.0286  0.0285  0.0286  0.0283  0.0283  0.0281  0.0281  0.0280  0.0279  0.0279
  0.0292  0.0299  0.0291  0.0287  0.0297  0.0280  0.0281  0.0287  0.0280  0.0279  0.0281  0.0278
  0.0298  0.0309  0.0300  0.0300  0.0315  0.0290  0.0285  0.0302  0.0282  0.0285  0.0285  0.0280
  0.0310  0.0321  0.0312  0.0323  0.0334  0.0320  0.0293  0.0323  0.0288  0.0295  0.0291  0.0286
niter,ni,del,rscale     7    3    5.0000    1.2000
parameters
   -2.7822   21.5065   12.7715   -8.3517  -13.0633   -7.7476
   -6.9408   -1.7135    7.3788   10.8270    1.1121  -10.1748
eta,q 0.97244  8.22144
  0.0309  0.0304  0.0297  0.0298  0.0312  0.0303  0.0303  0.0309  0.0297  0.0301  0.0283  0.0291
  0.0293  0.0288  0.0287  0.0287  0.0294  0.0291  0.0290  0.0290  0.0286  0.0287  0.0279  0.0283
  0.0283  0.0279  0.0281  0.0280  0.0280  0.0282  0.0280  0.0279  0.0279  0.0278  0.0276  0.0278
  0.0278  0.0277  0.0277  0.0277  0.0277  0.0276  0.0276  0.0276  0.0276  0.0276  0.0276  0.0276
  0.0279  0.0283  0.0277  0.0278  0.0289  0.0272  0.0279  0.0280  0.0277  0.0279  0.0277  0.0277
  0.0285  0.0293  0.0281  0.0289  0.0309  0.0281  0.0288  0.0292  0.0282  0.0288  0.0280  0.0282
  0.0298  0.0307  0.0288  0.0309  0.0331  0.0309  0.0303  0.0312  0.0291  0.0302  0.0285  0.0289
niter,ni,del,rscale     6    3    5.0000    1.2000
parameters
   -2.7760   21.5966   12.8970   -8.0588  -13.3732   -7.8259
   -7.1297   -1.6736    7.5232   10.8176    1.0776  -10.2236
eta,q 0.97247  8.21839
  0.0301  0.0308  0.0292  0.0303  0.0316  0.0301  0.0302  0.0311  0.0294  0.0301  0.0283  0.0289
  0.0287  0.0290  0.0284  0.0289  0.0299  0.0289  0.0288  0.0291  0.0284  0.0287  0.0279  0.0282
  0.0278  0.0279  0.0278  0.0281  0.0282  0.0281  0.0279  0.0279  0.0278  0.0278  0.0276  0.0277
  0.0276  0.0276  0.0276  0.0276  0.0275  0.0275  0.0275  0.0275  0.0275  0.0275  0.0275  0.0275
  0.0278  0.0279  0.0277  0.0275  0.0284  0.0272  0.0279  0.0279  0.0277  0.0279  0.0276  0.0277
  0.0287  0.0289  0.0282  0.0284  0.0301  0.0281  0.0290  0.0291  0.0283  0.0288  0.0279  0.0282
  0.0301  0.0303  0.0290  0.0302  0.0323  0.0311  0.0305  0.0310  0.0293  0.0300  0.0284  0.0290
niter,ni,del,rscale     5    3    5.0000    1.2000
parameters
   -2.7637   21.6211   12.9317   -7.9661  -13.4439   -7.8182
   -7.1878   -1.6616    7.5408   10.8341    1.0922  -10.2515
eta,q 0.97248  8.21893
  0.0301  0.0306  0.0291  0.0302  0.0318  0.0301  0.0302  0.0310  0.0293  0.0301  0.0284  0.0289
  0.0287  0.0288  0.0283  0.0289  0.0300  0.0289  0.0289  0.0291  0.0283  0.0287  0.0279  0.0282
  0.0278  0.0278  0.0277  0.0281  0.0283  0.0281  0.0279  0.0279  0.0277  0.0278  0.0276  0.0277
  0.0275  0.0275  0.0275  0.0275  0.0275  0.0275  0.0275  0.0275  0.0275  0.0275  0.0275  0.0275
  0.0278  0.0279  0.0277  0.0275  0.0282  0.0272  0.0279  0.0279  0.0277  0.0279  0.0276  0.0277
  0.0287  0.0289  0.0282  0.0285  0.0299  0.0281  0.0289  0.0291  0.0283  0.0287  0.0279  0.0282
  0.0301  0.0303  0.0291  0.0304  0.0321  0.0310  0.0304  0.0310  0.0293  0.0300  0.0283  0.0289
niter,ni,del,rscale     4    3    5.0000    1.2000
parameters
   -2.7586   21.6271   12.9360   -7.9398  -13.4667   -7.8154
   -7.1992   -1.6619    7.5410   10.8482    1.0872  -10.2703
eta,q 0.97248  8.21919
  0.0301  0.0305  0.0291  0.0301  0.0318  0.0301  0.0303  0.0310  0.0293  0.0300  0.0283  0.0289
  0.0287  0.0288  0.0282  0.0289  0.0300  0.0289  0.0289  0.0291  0.0283  0.0287  0.0279  0.0282
  0.0278  0.0278  0.0277  0.0280  0.0283  0.0281  0.0279  0.0279  0.0277  0.0278  0.0276  0.0277
  0.0275  0.0275  0.0275  0.0275  0.0275  0.0275  0.0275  0.0275  0.0275  0.0275  0.0275  0.0275
  0.0278  0.0279  0.0277  0.0275  0.0282  0.0272  0.0279  0.0279  0.0277  0.0279  0.0276  0.0277
  0.0287  0.0289  0.0282  0.0285  0.0299  0.0281  0.0288  0.0291  0.0283  0.0287  0.0279  0.0282
  0.0301  0.0303  0.0291  0.0305  0.0320  0.0310  0.0303  0.0310  0.0293  0.0300  0.0283  0.0289
registration optimization eta report
parameter search radius
    2.4000    2.7600    2.7600    8.2800    9.5220    8.2800
    7.2000    7.2000    7.2000    7.2000    7.2000    7.2000
100000*second partial in parameter space
       45.       38.       20.        4.        5.        5.
        5.        7.        3.        5.        2.        3.
  0.0301  0.0305  0.0291  0.0301  0.0318  0.0301  0.0303  0.0310  0.0293  0.0300  0.0283  0.0289
  0.0287  0.0288  0.0282  0.0289  0.0300  0.0289  0.0289  0.0291  0.0283  0.0287  0.0279  0.0282
  0.0278  0.0278  0.0277  0.0280  0.0283  0.0281  0.0279  0.0279  0.0277  0.0278  0.0276  0.0277
  0.0275  0.0275  0.0275  0.0275  0.0275  0.0275  0.0275  0.0275  0.0275  0.0275  0.0275  0.0275
  0.0278  0.0279  0.0277  0.0275  0.0282  0.0272  0.0279  0.0279  0.0277  0.0279  0.0276  0.0277
  0.0287  0.0289  0.0282  0.0285  0.0299  0.0281  0.0288  0.0291  0.0283  0.0287  0.0279  0.0282
  0.0301  0.0303  0.0291  0.0305  0.0320  0.0310  0.0303  0.0310  0.0293  0.0300  0.0283  0.0289
   -2.7586   21.6271   12.9360   -7.9398  -13.4667   -7.8154
   -7.1992   -1.6619    7.5410   10.8482    1.0872  -10.2703
eta,q 0.97248  8.21919

---------------------------------------------------------------------
imgreg_4dfp /opt/freesurfer/average/711-2C_as_mni_average_305 /opt/freesurfer/average/711-2B_as_mni_average_305_mask talsrcimg_g11 none talsrcimg_to_711-2C_as_mni_average_305_t4 2311
---------------------------------------------------------------------

freesurfer imgreg_4dfp.c
/opt/freesurfer/average/711-2C_as_mni_average_305.4dfp.img
       256       256       256         1
  1.000000  1.000000  1.000000
orientation T byte_order littleendian
Reading image: /opt/freesurfer/average/711-2C_as_mni_average_305.4dfp.img
dimensions:      256       256       256
mmppix:       1.0000   -1.0000   -1.0000
center:     128.0000 -129.0000 -129.0000
/opt/freesurfer/average/711-2B_as_mni_average_305_mask.4dfp.img
       256       256       256         1
  1.000000  1.000000  1.000000
orientation T byte_order littleendian
Reading mask: /opt/freesurfer/average/711-2B_as_mni_average_305_mask.4dfp.img (2306576 pixels)
talsrcimg_g11.4dfp.img
       256       256       256         1
  1.000000  1.000000  1.000000
orientation T byte_order littleendian
Reading image: talsrcimg_g11.4dfp.img
dimensions:      256       256       256
mmppix:       1.0000   -1.0000   -1.0000
center:     128.0000 -129.0000 -129.0000
fimgreg.f
image alignment mode   2311 decimal      907 hex
parameters
   -2.7586   21.6271   12.9360   -7.9398  -13.4667   -7.8154
   -7.1992   -1.6619    7.5410   10.8482    1.0872  -10.2703
eta,q 0.97248  8.21919
niter,ni,del,rscale     5    3    5.0000    0.8000
parameters
   -2.7552   21.5511   12.9579   -7.0674  -13.4604   -5.9598
   -7.1841   -1.5528    7.4222   10.9882    1.3485  -10.5713
eta,q 0.97286  8.28349
  0.0287  0.0285  0.0281  0.0286  0.0289  0.0286  0.0285  0.0292  0.0279  0.0284  0.0277  0.0277
  0.0280  0.0279  0.0278  0.0282  0.0282  0.0281  0.0278  0.0281  0.0275  0.0277  0.0274  0.0274
  0.0277  0.0276  0.0276  0.0278  0.0276  0.0277  0.0273  0.0274  0.0272  0.0273  0.0272  0.0272
  0.0275  0.0275  0.0275  0.0275  0.0274  0.0274  0.0272  0.0272  0.0272  0.0272  0.0272  0.0272
  0.0277  0.0277  0.0276  0.0274  0.0276  0.0272  0.0273  0.0273  0.0272  0.0273  0.0272  0.0272
  0.0280  0.0281  0.0277  0.0276  0.0282  0.0271  0.0277  0.0280  0.0275  0.0276  0.0273  0.0275
  0.0287  0.0286  0.0280  0.0282  0.0289  0.0277  0.0285  0.0291  0.0280  0.0283  0.0276  0.0279
niter,ni,del,rscale     4    3    5.0000    0.7000
parameters
   -2.7315   21.3176   12.9847   -7.1663  -13.5746   -6.0894
   -7.1005   -1.6073    7.4993   10.8752    1.3810  -10.3480
eta,q 0.97286  8.28274
  0.0282  0.0277  0.0277  0.0280  0.0283  0.0280  0.0282  0.0286  0.0278  0.0281  0.0275  0.0277
  0.0276  0.0273  0.0274  0.0276  0.0277  0.0277  0.0277  0.0278  0.0274  0.0275  0.0273  0.0274
  0.0273  0.0271  0.0272  0.0273  0.0273  0.0274  0.0273  0.0273  0.0272  0.0272  0.0272  0.0272
  0.0271  0.0271  0.0271  0.0271  0.0271  0.0271  0.0271  0.0271  0.0271  0.0271  0.0271  0.0271
  0.0272  0.0273  0.0272  0.0272  0.0273  0.0271  0.0272  0.0273  0.0272  0.0273  0.0272  0.0272
  0.0276  0.0277  0.0274  0.0275  0.0277  0.0275  0.0276  0.0279  0.0274  0.0276  0.0273  0.0273
  0.0281  0.0282  0.0276  0.0282  0.0284  0.0284  0.0281  0.0287  0.0277  0.0282  0.0275  0.0276
niter,ni,del,rscale     3    3    5.0000    0.6000
parameters
   -2.7323   21.3170   12.9851   -6.9805  -13.5995   -5.9145
   -7.1220   -1.5883    7.4944   10.8342    1.3697  -10.3539
eta,q 0.97289  8.28882
  0.0279  0.0277  0.0275  0.0279  0.0280  0.0278  0.0279  0.0283  0.0276  0.0278  0.0274  0.0275
  0.0275  0.0274  0.0273  0.0275  0.0276  0.0276  0.0275  0.0277  0.0273  0.0274  0.0272  0.0273
  0.0272  0.0272  0.0272  0.0273  0.0272  0.0273  0.0272  0.0273  0.0272  0.0272  0.0271  0.0271
  0.0271  0.0271  0.0271  0.0271  0.0271  0.0271  0.0271  0.0271  0.0271  0.0271  0.0271  0.0271
  0.0272  0.0272  0.0272  0.0271  0.0272  0.0271  0.0272  0.0272  0.0272  0.0272  0.0271  0.0271
  0.0275  0.0274  0.0273  0.0274  0.0276  0.0273  0.0275  0.0276  0.0273  0.0274  0.0272  0.0273
  0.0279  0.0277  0.0275  0.0278  0.0281  0.0279  0.0279  0.0283  0.0276  0.0278  0.0274  0.0275
niter,ni,del,rscale     2    3    5.0000    0.5000
parameters
   -2.7268   21.2819   13.0043   -6.8835  -13.6164   -5.6754
   -7.1200   -1.5790    7.4740   10.8285    1.3680  -10.3516
eta,q 0.97293  8.29609
  0.0276  0.0275  0.0274  0.0276  0.0277  0.0277  0.0276  0.0279  0.0274  0.0276  0.0273  0.0273
  0.0273  0.0273  0.0272  0.0274  0.0274  0.0274  0.0273  0.0275  0.0272  0.0273  0.0272  0.0272
  0.0272  0.0271  0.0271  0.0272  0.0272  0.0273  0.0271  0.0272  0.0271  0.0271  0.0271  0.0271
  0.0271  0.0271  0.0271  0.0271  0.0271  0.0271  0.0271  0.0271  0.0271  0.0271  0.0271  0.0271
  0.0272  0.0272  0.0271  0.0271  0.0272  0.0270  0.0271  0.0272  0.0271  0.0271  0.0271  0.0271
  0.0273  0.0273  0.0272  0.0273  0.0274  0.0272  0.0273  0.0275  0.0272  0.0273  0.0272  0.0272
  0.0276  0.0275  0.0274  0.0276  0.0278  0.0276  0.0276  0.0279  0.0274  0.0276  0.0273  0.0273
niter,ni,del,rscale     1    3    5.0000    0.4000
parameters
   -2.7205   21.2541   13.0312   -6.8159  -13.6498   -5.4725
   -7.1102   -1.5738    7.4524   10.8129    1.3300  -10.3462
eta,q 0.97295  8.30142
  0.0274  0.0273  0.0273  0.0274  0.0275  0.0275  0.0274  0.0276  0.0273  0.0274  0.0272  0.0272
  0.0272  0.0272  0.0272  0.0273  0.0273  0.0273  0.0272  0.0273  0.0271  0.0272  0.0271  0.0271
  0.0271  0.0271  0.0271  0.0271  0.0271  0.0272  0.0271  0.0271  0.0271  0.0271  0.0271  0.0271
  0.0271  0.0271  0.0271  0.0271  0.0271  0.0271  0.0270  0.0271  0.0270  0.0270  0.0270  0.0270
  0.0271  0.0271  0.0271  0.0271  0.0271  0.0270  0.0271  0.0271  0.0271  0.0271  0.0271  0.0271
  0.0272  0.0272  0.0271  0.0272  0.0273  0.0272  0.0272  0.0273  0.0271  0.0272  0.0271  0.0271
  0.0274  0.0274  0.0272  0.0274  0.0275  0.0274  0.0274  0.0276  0.0273  0.0274  0.0272  0.0272
registration optimization eta report
parameter search radius
    0.8000    0.8000    0.8000    2.4000    2.4000    2.4000
    2.4000    2.4000    2.4000    2.4000    2.4000    2.4000
100000*second partial in parameter space
       54.       42.       29.        6.        7.        7.
        6.       10.        4.        6.        3.        3.
  0.0274  0.0273  0.0273  0.0274  0.0275  0.0275  0.0274  0.0276  0.0273  0.0274  0.0272  0.0272
  0.0272  0.0272  0.0272  0.0273  0.0273  0.0273  0.0272  0.0273  0.0271  0.0272  0.0271  0.0271
  0.0271  0.0271  0.0271  0.0271  0.0271  0.0272  0.0271  0.0271  0.0271  0.0271  0.0271  0.0271
  0.0271  0.0271  0.0271  0.0271  0.0271  0.0271  0.0270  0.0271  0.0270  0.0270  0.0270  0.0270
  0.0271  0.0271  0.0271  0.0271  0.0271  0.0270  0.0271  0.0271  0.0271  0.0271  0.0271  0.0271
  0.0272  0.0272  0.0271  0.0272  0.0273  0.0272  0.0272  0.0273  0.0271  0.0272  0.0271  0.0271
  0.0274  0.0274  0.0272  0.0274  0.0275  0.0274  0.0274  0.0276  0.0273  0.0274  0.0272  0.0272
   -2.7205   21.2541   13.0312   -6.8159  -13.6498   -5.4725
   -7.1102   -1.5738    7.4524   10.8129    1.3300  -10.3462
eta,q 0.97295  8.30142

---------------------------------------------------------------------
imgreg_4dfp /opt/freesurfer/average/711-2C_as_mni_average_305 /opt/freesurfer/average/711-2B_as_mni_average_305_mask talsrcimg_g11 none talsrcimg_to_711-2C_as_mni_average_305_t4 2311
---------------------------------------------------------------------

freesurfer imgreg_4dfp.c
/opt/freesurfer/average/711-2C_as_mni_average_305.4dfp.img
       256       256       256         1
  1.000000  1.000000  1.000000
orientation T byte_order littleendian
Reading image: /opt/freesurfer/average/711-2C_as_mni_average_305.4dfp.img
dimensions:      256       256       256
mmppix:       1.0000   -1.0000   -1.0000
center:     128.0000 -129.0000 -129.0000
/opt/freesurfer/average/711-2B_as_mni_average_305_mask.4dfp.img
       256       256       256         1
  1.000000  1.000000  1.000000
orientation T byte_order littleendian
Reading mask: /opt/freesurfer/average/711-2B_as_mni_average_305_mask.4dfp.img (2306576 pixels)
talsrcimg_g11.4dfp.img
       256       256       256         1
  1.000000  1.000000  1.000000
orientation T byte_order littleendian
Reading image: talsrcimg_g11.4dfp.img
dimensions:      256       256       256
mmppix:       1.0000   -1.0000   -1.0000
center:     128.0000 -129.0000 -129.0000
fimgreg.f
image alignment mode   2311 decimal      907 hex
parameters
   -2.7205   21.2541   13.0312   -6.8159  -13.6498   -5.4725
   -7.1102   -1.5738    7.4524   10.8129    1.3300  -10.3462
eta,q 0.97295  8.30142
niter,ni,del,rscale     5    3    5.0000    0.8000
parameters
   -2.7286   21.2664   13.1110   -7.2701  -13.6327   -6.1630
   -7.1077   -1.6178    7.5393   10.7235    1.3451  -10.2177
eta,q 0.97284  8.27827
  0.0284  0.0281  0.0279  0.0281  0.0286  0.0280  0.0285  0.0291  0.0280  0.0284  0.0277  0.0279
  0.0277  0.0275  0.0274  0.0276  0.0278  0.0276  0.0278  0.0280  0.0276  0.0277  0.0274  0.0275
  0.0272  0.0272  0.0271  0.0272  0.0273  0.0273  0.0273  0.0274  0.0273  0.0273  0.0272  0.0273
  0.0270  0.0270  0.0270  0.0271  0.0271  0.0271  0.0272  0.0272  0.0272  0.0272  0.0272  0.0272
  0.0272  0.0272  0.0271  0.0272  0.0273  0.0272  0.0273  0.0274  0.0272  0.0273  0.0272  0.0272
  0.0277  0.0275  0.0273  0.0278  0.0278  0.0279  0.0278  0.0281  0.0275  0.0278  0.0274  0.0275
  0.0285  0.0281  0.0277  0.0287  0.0286  0.0294  0.0285  0.0292  0.0280  0.0285  0.0277  0.0278
niter,ni,del,rscale     4    3    5.0000    0.7000
parameters
   -2.7368   21.3292   13.0155   -7.0850  -13.5779   -6.1460
   -7.1485   -1.6011    7.5066   10.7840    1.3673  -10.2940
eta,q 0.97286  8.28149
  0.0282  0.0281  0.0276  0.0281  0.0284  0.0280  0.0282  0.0287  0.0278  0.0282  0.0275  0.0277
  0.0276  0.0276  0.0273  0.0277  0.0277  0.0277  0.0276  0.0279  0.0274  0.0276  0.0273  0.0274
  0.0273  0.0273  0.0272  0.0274  0.0273  0.0274  0.0273  0.0273  0.0272  0.0273  0.0272  0.0272
  0.0272  0.0272  0.0272  0.0272  0.0271  0.0271  0.0271  0.0271  0.0271  0.0271  0.0271  0.0271
  0.0273  0.0272  0.0272  0.0272  0.0273  0.0271  0.0273  0.0273  0.0272  0.0272  0.0272  0.0272
  0.0276  0.0275  0.0274  0.0274  0.0277  0.0274  0.0276  0.0278  0.0274  0.0276  0.0273  0.0274
  0.0282  0.0279  0.0277  0.0280  0.0283  0.0283  0.0282  0.0287  0.0278  0.0281  0.0275  0.0277
niter,ni,del,rscale     3    3    5.0000    0.6000
parameters
   -2.7301   21.3074   13.0028   -6.9642  -13.5772   -5.9026
   -7.1278   -1.5852    7.4859   10.8067    1.3763  -10.3280
eta,q 0.97290  8.28961
  0.0279  0.0277  0.0275  0.0278  0.0280  0.0278  0.0279  0.0283  0.0276  0.0278  0.0274  0.0275
  0.0275  0.0274  0.0273  0.0275  0.0276  0.0276  0.0275  0.0277  0.0273  0.0274  0.0272  0.0273
  0.0272  0.0272  0.0272  0.0273  0.0273  0.0273  0.0272  0.0272  0.0272  0.0272  0.0271  0.0271
  0.0271  0.0271  0.0271  0.0271  0.0271  0.0271  0.0271  0.0271  0.0271  0.0271  0.0271  0.0271
  0.0272  0.0272  0.0272  0.0271  0.0272  0.0270  0.0272  0.0272  0.0271  0.0272  0.0271  0.0272
  0.0275  0.0274  0.0273  0.0274  0.0276  0.0273  0.0274  0.0276  0.0273  0.0274  0.0272  0.0273
  0.0279  0.0278  0.0275  0.0278  0.0280  0.0278  0.0279  0.0283  0.0276  0.0278  0.0274  0.0275
niter,ni,del,rscale     2    3    5.0000    0.5000
parameters
   -2.7226   21.2733   13.0108   -6.8847  -13.6131   -5.6763
   -7.1158   -1.5756    7.4677   10.8083    1.3570  -10.3466
eta,q 0.97293  8.29609
  0.0276  0.0275  0.0274  0.0276  0.0277  0.0277  0.0276  0.0279  0.0274  0.0276  0.0273  0.0273
  0.0273  0.0273  0.0272  0.0274  0.0274  0.0274  0.0273  0.0275  0.0272  0.0273  0.0272  0.0272
  0.0272  0.0271  0.0271  0.0272  0.0272  0.0273  0.0271  0.0272  0.0271  0.0271  0.0271  0.0271
  0.0271  0.0271  0.0271  0.0271  0.0271  0.0271  0.0271  0.0271  0.0271  0.0271  0.0271  0.0271
  0.0272  0.0272  0.0271  0.0271  0.0272  0.0270  0.0271  0.0272  0.0271  0.0271  0.0271  0.0271
  0.0273  0.0273  0.0272  0.0273  0.0274  0.0272  0.0273  0.0275  0.0272  0.0273  0.0272  0.0272
  0.0276  0.0275  0.0274  0.0276  0.0278  0.0276  0.0276  0.0279  0.0274  0.0276  0.0273  0.0274
niter,ni,del,rscale     1    3    5.0000    0.4000
parameters
   -2.7217   21.2499   13.0344   -6.8106  -13.6509   -5.4685
   -7.1034   -1.5719    7.4520   10.8052    1.3139  -10.3395
eta,q 0.97295  8.30161
  0.0274  0.0273  0.0273  0.0274  0.0275  0.0275  0.0274  0.0276  0.0272  0.0274  0.0272  0.0272
  0.0272  0.0272  0.0272  0.0273  0.0273  0.0273  0.0272  0.0273  0.0271  0.0272  0.0271  0.0271
  0.0271  0.0271  0.0271  0.0271  0.0271  0.0272  0.0271  0.0271  0.0271  0.0271  0.0271  0.0271
  0.0271  0.0271  0.0271  0.0271  0.0271  0.0271  0.0270  0.0271  0.0271  0.0271  0.0271  0.0270
  0.0271  0.0271  0.0271  0.0271  0.0271  0.0270  0.0271  0.0271  0.0271  0.0271  0.0271  0.0271
  0.0272  0.0272  0.0271  0.0272  0.0273  0.0271  0.0272  0.0273  0.0271  0.0272  0.0271  0.0271
  0.0274  0.0274  0.0272  0.0274  0.0275  0.0274  0.0274  0.0276  0.0273  0.0274  0.0272  0.0272
registration optimization eta report
parameter search radius
    0.8000    0.8000    0.8000    2.4000    2.4000    2.4000
    2.4000    2.4000    2.4000    2.4000    2.4000    2.4000
100000*second partial in parameter space
       54.       42.       28.        6.        7.        7.
        6.       10.        4.        6.        3.        3.
  0.0274  0.0273  0.0273  0.0274  0.0275  0.0275  0.0274  0.0276  0.0272  0.0274  0.0272  0.0272
  0.0272  0.0272  0.0272  0.0273  0.0273  0.0273  0.0272  0.0273  0.0271  0.0272  0.0271  0.0271
  0.0271  0.0271  0.0271  0.0271  0.0271  0.0272  0.0271  0.0271  0.0271  0.0271  0.0271  0.0271
  0.0271  0.0271  0.0271  0.0271  0.0271  0.0271  0.0270  0.0271  0.0271  0.0271  0.0271  0.0270
  0.0271  0.0271  0.0271  0.0271  0.0271  0.0270  0.0271  0.0271  0.0271  0.0271  0.0271  0.0271
  0.0272  0.0272  0.0271  0.0272  0.0273  0.0271  0.0272  0.0273  0.0271  0.0272  0.0271  0.0271
  0.0274  0.0274  0.0272  0.0274  0.0275  0.0274  0.0274  0.0276  0.0273  0.0274  0.0272  0.0272
   -2.7217   21.2499   13.0344   -6.8106  -13.6509   -5.4685
   -7.1034   -1.5719    7.4520   10.8052    1.3139  -10.3395
eta,q 0.97295  8.30161

---------------------------------------------------------------------
compute_vox2vox talsrcimg talsrcimg_to_711-2C_as_mni_average_305_t4 /opt/freesurfer/average/711-2C_as_mni_average_305
---------------------------------------------------------------------

freesurfer compute_vox2vox.c
Reading: talsrcimg.4dfp.ifh
Reading: talsrcimg_to_711-2C_as_mni_average_305_t4
Reading: /opt/freesurfer/average/711-2C_as_mni_average_305.4dfp.ifh
Writing: talsrcimg_to_711-2C_as_mni_average_305_t4_vox2vox.txt

start time Fri Mar 13 05:57:41 CET 2026
end		time Fri Mar 13 05:59:07 CET 2026

mpr2mni305 success

avi2talxfm orig_nu.mgz /opt/freesurfer/average/mni305.cor.mgz talsrcimg_to_711-2C_as_mni_average_305_t4_vox2vox.txt transforms/talairach.auto.xfm
avi2talxfm done
mv -f /out/sourcedata/freesurfer/sub-v2s4x29629_ses-1/mri/talsrcimg_to_711-2C_as_mni_average_305_t4_vox2vox.txt /out/sourcedata/freesurfer/sub-v2s4x29629_ses-1/mri/transforms/talsrcimg_to_711-2C_as_mni_average_305_t4_vox2vox.txt
lta_convert --src orig_nu.mgz --trg /opt/freesurfer/average/mni305.cor.mgz --inxfm transforms/talairach.auto.xfm --outlta transforms/talairach.auto.xfm.lta --subject fsaverage
7.3.2

--src: orig_nu.mgz src image (geometry).
--trg: /opt/freesurfer/average/mni305.cor.mgz trg image (geometry).
--inmni: transforms/talairach.auto.xfm input MNI/XFM transform.
--outlta: transforms/talairach.auto.xfm.lta output LTA.
--s: fsaverage subject name
 LTA read, type : 1
 1.06589   0.00760   0.08859  -3.45068;
-0.02454   1.04339   0.12292  -13.52878;
-0.08892  -0.13122   1.13506  -28.87370;
 0.00000   0.00000   0.00000   1.00000;
setting subject to fsaverage
Writing  LTA to file transforms/talairach.auto.xfm.lta...
lta_convert successful.
 
 
Started at Fri Mar 13 05:57:40 CET 2026
Ended   at Fri Mar 13 05:59:07 CET 2026
talairach_avi done
