/out/sourcedata/freesurfer/sub-v2s4x29591_ses-1/mri
/opt/freesurfer/bin/talairach_avi
--i orig_nu.mgz --xfm transforms/talairach.auto.xfm
talairach_avi 7.3.2
Linux dna073 5.14.0-427.37.1.el9_4.x86_64 #1 SMP PREEMPT_DYNAMIC Fri Sep 13 12:41:50 EDT 2024 x86_64 x86_64 x86_64 GNU/Linux
Fri Mar 13 03:52:12 CET 2026
mri_convert orig_nu.mgz talsrcimg.img 
reading from orig_nu.mgz...
TR=0.00, TE=0.00, TI=0.00, flip angle=0.00
i_ras = (-1, 7.45058e-09, 0)
j_ras = (0, 0, -1)
k_ras = (7.45058e-09, 1, 0)
writing to talsrcimg.img...
Analyze Output Matrix
-1.00000   0.00000   0.00000   128.09027;
 0.00000   0.00000   1.00000  -145.74892;
 0.00000  -1.00000   0.00000   132.24617;
 0.00000   0.00000   0.00000   1.00000;
--------------------
INFO: set hdr.hist.orient to -1
mpr2mni305 talsrcimg
Fri Mar 13 03:52:12 CET 2026
/opt/freesurfer/bin/mpr2mni305 talsrcimg
mpr2mni305 7.3.2
target=711-2C_as_mni_average_305

---------------------------------------------------------------------
analyzeto4dfp talsrcimg -O0 -y
---------------------------------------------------------------------

freesurfer ifh2hdr.c
Fri Mar 13 03:52:12 2026
Writing: talsrcimg.4dfp.hdr
freesurfer analyzeto4dfp.c
Reading: talsrcimg.hdr
header size 348 bytes
hdr.dime.datatype	offset=70	value=2
hdr.dime.bitpix		offset=72	value=8
hdr.hist.orient		offset=252	value=-1
dimensionality     4
dimensions       256       256       256         1
Reading: talsrcimg.img
Writing: talsrcimg.4dfp.img
Writing: talsrcimg.4dfp.ifh
ifh2hdr talsrcimg -r0to239
ori=2

---------------------------------------------------------------------
gauss_4dfp talsrcimg 1.1
---------------------------------------------------------------------

freesurfer gauss_4dfp.c
Reading: talsrcimg.4dfp.img
Writing: talsrcimg_g11.4dfp.img
image dimensions 256 256 256 padded to 288 288 288
processing volume 1freesurfer ifh2hdr.c
Fri Mar 13 03:52:14 2026
Writing: talsrcimg_g11.4dfp.hdr

Writing: talsrcimg_g11.4dfp.ifh
including: talsrcimg.4dfp.img.rec in talsrcimg_g11.4dfp.img.rec

---------------------------------------------------------------------
imgreg_4dfp /opt/freesurfer/average/711-2C_as_mni_average_305 none talsrcimg_g11 none talsrcimg_to_711-2C_as_mni_average_305_t4 4355
---------------------------------------------------------------------

freesurfer imgreg_4dfp.c
/opt/freesurfer/average/711-2C_as_mni_average_305.4dfp.img
       256       256       256         1
  1.000000  1.000000  1.000000
orientation T byte_order littleendian
Reading image: /opt/freesurfer/average/711-2C_as_mni_average_305.4dfp.img
dimensions:      256       256       256
mmppix:       1.0000   -1.0000   -1.0000
center:     128.0000 -129.0000 -129.0000
talsrcimg_g11.4dfp.img
       256       256       256         1
  1.000000  1.000000  1.000000
orientation T byte_order littleendian
Reading image: talsrcimg_g11.4dfp.img
dimensions:      256       256       256
mmppix:       1.0000   -1.0000   -1.0000
center:     128.0000 -129.0000 -129.0000
t4_read: open error in t4_sub.f l:  41 t4_file(1:l)talsrcimg_to_711-2C_as_mni_average_305_t4 
t4_read: transform initialized to I4
rotation matrix determinant  1.000000
image alignment mode   4355 decimal     1103 hex
   -7.5000  -45.0000  -45.0000 5151.2642   22.2511
    0.0000  -45.0000  -45.0000 5349.9912   22.2500
    7.5000  -45.0000  -45.0000 5091.1934   22.2561
   -7.5000  -37.5000  -45.0000 5672.8926   21.8605
    0.0000  -37.5000  -45.0000 5895.0410   21.8647
    7.5000  -37.5000  -45.0000 5637.8940   21.8788
   -7.5000  -30.0000  -45.0000 6442.6538   21.6535
    0.0000  -30.0000  -45.0000 6703.4561   21.6660
    7.5000  -30.0000  -45.0000 6421.7632   21.6861
   -7.5000  -22.5000  -45.0000 7286.6133   21.6319
    0.0000  -22.5000  -45.0000 7583.4268   21.6456
    7.5000  -22.5000  -45.0000 7245.3223   21.6634
   -7.5000  -15.0000  -45.0000 8145.3643   21.6589
    0.0000  -15.0000  -45.0000 8495.3770   21.6672
    7.5000  -15.0000  -45.0000 8099.5859   21.6771
   -7.5000   -7.5000  -45.0000 8995.3174   21.7059
    0.0000   -7.5000  -45.0000 9382.7236   21.7070
    7.5000   -7.5000  -45.0000 8933.2188   21.7108
   -7.5000    0.0000  -45.0000 9726.5176   21.7263
    0.0000    0.0000  -45.000010112.9980   21.7241
    7.5000    0.0000  -45.0000 9621.6914   21.7292
   -7.5000    7.5000  -45.0000 9690.0254   21.6958
    0.0000    7.5000  -45.000010038.6064   21.6997
    7.5000    7.5000  -45.0000 9555.2061   21.7131
   -7.5000   15.0000  -45.0000 9495.1094   21.6486
    0.0000   15.0000  -45.0000 9857.2285   21.6611
    7.5000   15.0000  -45.0000 9375.4902   21.6812
   -7.5000   22.5000  -45.0000 9250.5967   21.6289
    0.0000   22.5000  -45.0000 9576.3350   21.6426
    7.5000   22.5000  -45.0000 9132.8506   21.6604
   -7.5000   30.0000  -45.0000 8993.5186   21.3702
    0.0000   30.0000  -45.0000 9302.6523   21.3784
    7.5000   30.0000  -45.0000 8836.8408   21.3882
   -7.5000   37.5000  -45.0000 9071.9033   21.4166
    0.0000   37.5000  -45.0000 9393.0654   21.4177
    7.5000   37.5000  -45.0000 8922.1123   21.4214
   -7.5000   45.0000  -45.0000 8828.5938   20.8924
    0.0000   45.0000  -45.0000 9135.0732   20.8903
    7.5000   45.0000  -45.0000 8681.3369   20.8953
   -7.5000  -45.0000  -37.5000 5634.8994   22.2841
    0.0000  -45.0000  -37.5000 5849.5967   22.2951
    7.5000  -45.0000  -37.5000 5571.8794   22.3184
   -7.5000  -37.5000  -37.5000 6198.9062   21.8859
    0.0000  -37.5000  -37.5000 6430.6011   21.9032
    7.5000  -37.5000  -37.5000 6159.3867   21.9343
   -7.5000  -30.0000  -37.5000 7053.8032   21.6659
    0.0000  -30.0000  -37.5000 7325.4346   21.6963
    7.5000  -30.0000  -37.5000 7015.5835   21.7358
   -7.5000  -22.5000  -37.5000 7966.8823   21.6386
    0.0000  -22.5000  -37.5000 8285.4727   21.6738
    7.5000  -22.5000  -37.5000 7931.6079   21.7133
   -7.5000  -15.0000  -37.5000 8883.6387   21.6717
    0.0000  -15.0000  -37.5000 9244.9453   21.7007
    7.5000  -15.0000  -37.5000 8817.4062   21.7319
   -7.5000   -7.5000  -37.5000 9760.4922   21.7328
    0.0000   -7.5000  -37.500010161.8545   21.7497
    7.5000   -7.5000  -37.5000 9679.6992   21.7718
   -7.5000    0.0000  -37.500010539.4082   21.7601
    0.0000    0.0000  -37.500010963.9609   21.7694
    7.5000    0.0000  -37.500010447.9502   21.7906
   -7.5000    7.5000  -37.500010486.8643   21.7211
    0.0000    7.5000  -37.500010905.7354   21.7378
    7.5000    7.5000  -37.500010392.0430   21.7681
   -7.5000   15.0000  -37.500010248.2412   21.6609
    0.0000   15.0000  -37.500010664.9307   21.6914
    7.5000   15.0000  -37.500010172.7051   21.7308
   -7.5000   22.5000  -37.5000 9925.1309   21.6356
    0.0000   22.5000  -37.500010302.6924   21.6708
    7.5000   22.5000  -37.5000 9843.2285   21.7102
   -7.5000   30.0000  -37.5000 9639.0508   21.3829
    0.0000   30.0000  -37.5000 9991.5039   21.4115
    7.5000   30.0000  -37.5000 9518.0283   21.4423
   -7.5000   37.5000  -37.5000 9724.2734   21.4432
    0.0000   37.5000  -37.500010097.2705   21.4598
    7.5000   37.5000  -37.5000 9608.2334   21.4817
   -7.5000   45.0000  -37.5000 9429.6221   20.9249
    0.0000   45.0000  -37.5000 9768.6484   20.9339
    7.5000   45.0000  -37.5000 9320.4521   20.9542
   -7.5000  -45.0000  -30.0000 6188.6606   23.2524
    0.0000  -45.0000  -30.0000 6441.8887   23.2738
    7.5000  -45.0000  -30.0000 6164.0684   23.3041
   -7.5000  -37.5000  -30.0000 6813.2593   22.8346
    0.0000  -37.5000  -30.0000 7092.8950   22.8657
    7.5000  -37.5000  -30.0000 6788.3188   22.9043
   -7.5000  -30.0000  -30.0000 7766.4795   22.6063
    0.0000  -30.0000  -30.0000 8104.5132   22.6529
    7.5000  -30.0000  -30.0000 7739.7212   22.7017
   -7.5000  -22.5000  -30.0000 8724.4199   22.5812
    0.0000  -22.5000  -30.0000 9115.3613   22.6328
    7.5000  -22.5000  -30.0000 8722.5488   22.6823
   -7.5000  -15.0000  -30.0000 9703.0801   22.6173
    0.0000  -15.0000  -30.000010131.0391   22.6601
    7.5000  -15.0000  -30.0000 9681.8311   22.7006
   -7.5000   -7.5000  -30.000010643.2988   22.6814
    0.0000   -7.5000  -30.000011106.5928   22.7085
    7.5000   -7.5000  -30.000010629.5283   22.7380
   -7.5000    0.0000  -30.000011494.9238   22.7069
    0.0000    0.0000  -30.000011966.9873   22.7265
    7.5000    0.0000  -30.000011473.4023   22.7540
   -7.5000    7.5000  -30.000011402.9912   22.6628
    0.0000    7.5000  -30.000011904.1855   22.6930
    7.5000    7.5000  -30.000011400.3076   22.7308
   -7.5000   15.0000  -30.000011121.7246   22.6012
    0.0000   15.0000  -30.000011617.0801   22.6477
    7.5000   15.0000  -30.000011120.7568   22.6966
   -7.5000   22.5000  -30.000010756.4805   22.5757
    0.0000   22.5000  -30.000011208.0049   22.6273
    7.5000   22.5000  -30.000010726.9443   22.6769
   -7.5000   30.0000  -30.000010413.4199   22.3180
    0.0000   30.0000  -30.000010822.4775   22.3603
    7.5000   30.0000  -30.000010349.1973   22.4002
   -7.5000   37.5000  -30.000010498.8408   22.3813
    0.0000   37.5000  -30.000010895.5166   22.4080
    7.5000   37.5000  -30.000010410.9785   22.4371
   -7.5000   45.0000  -30.000010137.2275   21.8514
    0.0000   45.0000  -30.000010522.6387   21.8703
    7.5000   45.0000  -30.000010052.2695   21.8967
   -7.5000  -45.0000  -22.5000 6778.4458   24.0433
    0.0000  -45.0000  -22.5000 7054.5771   24.0625
    7.5000  -45.0000  -22.5000 6754.8135   24.0808
   -7.5000  -37.5000  -22.5000 7461.7578   23.6167
    0.0000  -37.5000  -22.5000 7778.6382   23.6474
    7.5000  -37.5000  -22.5000 7442.2969   23.6753
   -7.5000  -30.0000  -22.5000 8489.9092   23.3981
    0.0000  -30.0000  -22.5000 8864.8027   23.4412
    7.5000  -30.0000  -22.5000 8479.7324   23.4781
   -7.5000  -22.5000  -22.5000 9499.6396   23.3840
    0.0000  -22.5000  -22.5000 9934.3213   23.4283
    7.5000  -22.5000  -22.5000 9512.8896   23.4635
   -7.5000  -15.0000  -22.500010558.3330   23.4161
    0.0000  -15.0000  -22.500011014.0303   23.4503
    7.5000  -15.0000  -22.500010550.4160   23.4755
   -7.5000   -7.5000  -22.500011563.6963   23.4647
    0.0000   -7.5000  -22.500012064.8652   23.4855
    7.5000   -7.5000  -22.500011571.7061   23.5013
   -7.5000    0.0000  -22.500012459.5059   23.4790
    0.0000    0.0000  -22.500012977.4297   23.4967
    7.5000    0.0000  -22.500012474.4180   23.5129
   -7.5000    7.5000  -22.500012278.3477   23.4392
    0.0000    7.5000  -22.500012847.8926   23.4691
    7.5000    7.5000  -22.500012343.7129   23.4964
   -7.5000   15.0000  -22.500011928.7334   23.3928
    0.0000   15.0000  -22.500012500.7529   23.4359
    7.5000   15.0000  -22.500012026.1719   23.4729
   -7.5000   22.5000  -22.500011538.8213   23.3767
    0.0000   22.5000  -22.500012061.5293   23.4210
    7.5000   22.5000  -22.500011607.3721   23.4562
   -7.5000   30.0000  -22.500011163.0117   23.1098
    0.0000   30.0000  -22.500011629.5449   23.1436
    7.5000   30.0000  -22.500011188.6201   23.1685
   -7.5000   37.5000  -22.500011251.9434   23.1577
    0.0000   37.5000  -22.500011696.8184   23.1783
    7.5000   37.5000  -22.500011222.6611   23.1939
   -7.5000   45.0000  -22.500010835.9180   22.6114
    0.0000   45.0000  -22.500011235.5615   22.6285
    7.5000   45.0000  -22.500010747.8291   22.6441
   -7.5000  -45.0000  -15.0000 7392.3330   24.5887
    0.0000  -45.0000  -15.0000 7713.8779   24.5962
    7.5000  -45.0000  -15.0000 7379.2905   24.5954
   -7.5000  -37.5000  -15.0000 8126.2607   24.1614
    0.0000  -37.5000  -15.0000 8496.5781   24.1787
    7.5000  -37.5000  -15.0000 8121.1826   24.1887
   -7.5000  -30.0000  -15.0000 9205.9619   23.9533
    0.0000  -30.0000  -15.0000 9627.4434   23.9779
    7.5000  -30.0000  -15.0000 9208.8701   23.9941
   -7.5000  -22.5000  -15.000010297.0117   23.9457
    0.0000  -22.5000  -15.000010755.7715   23.9675
    7.5000  -22.5000  -15.000010302.7979   23.9785
   -7.5000  -15.0000  -15.000011419.3096   23.9709
    0.0000  -15.0000  -15.000011905.2441   23.9835
    7.5000  -15.0000  -15.000011417.1768   23.9840
   -7.5000   -7.5000  -15.000012472.2266   24.0032
    0.0000   -7.5000  -15.000013016.3252   24.0083
    7.5000   -7.5000  -15.000012509.2461   24.0029
   -7.5000    0.0000  -15.000013390.0439   24.0099
    0.0000    0.0000  -15.000013946.2188   24.0163
    7.5000    0.0000  -15.000013441.5625   24.0149
   -7.5000    7.5000  -15.000013125.8672   23.9797
    0.0000    7.5000  -15.000013717.0166   23.9966
    7.5000    7.5000  -15.000013218.6006   24.0062
   -7.5000   15.0000  -15.000012689.8906   23.9479
    0.0000   15.0000  -15.000013242.5254   23.9725
    7.5000   15.0000  -15.000012823.9814   23.9887
   -7.5000   22.5000  -15.000012269.2588   23.9372
    0.0000   22.5000  -15.000012785.4746   23.9589
    7.5000   22.5000  -15.000012396.5811   23.9700
   -7.5000   30.0000  -15.000011890.4883   23.6606
    0.0000   30.0000  -15.000012365.4785   23.6731
    7.5000   30.0000  -15.000011943.2266   23.6736
   -7.5000   37.5000  -15.000011974.0801   23.6925
    0.0000   37.5000  -15.000012429.8730   23.6976
    7.5000   37.5000  -15.000011974.3828   23.6923
   -7.5000   45.0000  -15.000011448.9346   23.1367
    0.0000   45.0000  -15.000011822.1543   23.1429
    7.5000   45.0000  -15.000011373.7246   23.1415
   -7.5000  -45.0000   -7.5000 8020.3667   24.8472
    0.0000  -45.0000   -7.5000 8363.0088   24.8444
    7.5000  -45.0000   -7.5000 8002.2734   24.8378
   -7.5000  -37.5000   -7.5000 8803.4990   24.4176
    0.0000  -37.5000   -7.5000 9193.4854   24.4220
    7.5000  -37.5000   -7.5000 8780.3584   24.4255
   -7.5000  -30.0000   -7.5000 9955.5889   24.2035
    0.0000  -30.0000   -7.500010404.0605   24.2136
    7.5000  -30.0000   -7.5000 9947.5605   24.2224
   -7.5000  -22.5000   -7.500011141.3496   24.1900
    0.0000  -22.5000   -7.500011640.6377   24.1972
    7.5000  -22.5000   -7.500011147.3145   24.2010
   -7.5000  -15.0000   -7.500012276.0557   24.2139
    0.0000  -15.0000   -7.500012811.8613   24.2141
    7.5000  -15.0000   -7.500012287.5371   24.2081
   -7.5000   -7.5000   -7.500013349.2588   24.2492
    0.0000   -7.5000   -7.500013928.1162   24.2444
    7.5000   -7.5000   -7.500013392.7061   24.2334
   -7.5000    0.0000   -7.500014261.7930   24.2610
    0.0000    0.0000   -7.500014855.8174   24.2572
    7.5000    0.0000   -7.500014314.5762   24.2505
   -7.5000    7.5000   -7.500013916.5293   24.2338
    0.0000    7.5000   -7.500014496.7012   24.2379
    7.5000    7.5000   -7.500014030.5859   24.2410
   -7.5000   15.0000   -7.500013428.3447   24.1981
    0.0000   15.0000   -7.500013940.8682   24.2082
    7.5000   15.0000   -7.500013580.1611   24.2170
   -7.5000   22.5000   -7.500013036.9062   24.1788
    0.0000   22.5000   -7.500013511.3008   24.1860
    7.5000   22.5000   -7.500013128.5215   24.1898
   -7.5000   30.0000   -7.500012585.2695   23.8999
    0.0000   30.0000   -7.500013052.4053   23.9001
    7.5000   30.0000   -7.500012643.5908   23.8942
   -7.5000   37.5000   -7.500012603.0664   23.9347
    0.0000   37.5000   -7.500013059.2832   23.9299
    7.5000   37.5000   -7.500012633.7363   23.9191
   -7.5000   45.0000   -7.500011979.5508   23.3830
    0.0000   45.0000   -7.500012342.8564   23.3794
    7.5000   45.0000   -7.500011914.4521   23.3729
   -7.5000  -45.0000    0.0000 8568.2656   24.8973
    0.0000  -45.0000    0.0000 8939.9902   24.8961
    7.5000  -45.0000    0.0000 8541.6152   24.9029
   -7.5000  -37.5000    0.0000 9414.3945   24.4603
    0.0000  -37.5000    0.0000 9845.2510   24.4650
    7.5000  -37.5000    0.0000 9376.7949   24.4807
   -7.5000  -30.0000    0.000010651.2969   24.2287
    0.0000  -30.0000    0.000011148.7920   24.2427
    7.5000  -30.0000    0.000010635.3350   24.2651
   -7.5000  -22.5000    0.000011892.9814   24.2046
    0.0000  -22.5000    0.000012441.1484   24.2199
    7.5000  -22.5000    0.000011899.2988   24.2398
   -7.5000  -15.0000    0.000013028.0752   24.2347
    0.0000  -15.0000    0.000013619.5146   24.2440
    7.5000  -15.0000    0.000013075.3564   24.2551
   -7.5000   -7.5000    0.000014124.2959   24.2874
    0.0000   -7.5000    0.000014738.0654   24.2886
    7.5000   -7.5000    0.000014154.6562   24.2928
   -7.5000    0.0000    0.000014997.5742   24.3101
    0.0000    0.0000    0.000015579.7812   24.3077
    7.5000    0.0000    0.000015008.6006   24.3135
   -7.5000    7.5000    0.000014597.1084   24.2761
    0.0000    7.5000    0.000015055.0146   24.2804
    7.5000    7.5000    0.000014630.4678   24.2954
   -7.5000   15.0000    0.000014150.5840   24.2232
    0.0000   15.0000    0.000014570.1797   24.2372
    7.5000   15.0000    0.000014183.8838   24.2596
   -7.5000   22.5000    0.000013735.4023   24.1934
    0.0000   22.5000    0.000014162.3096   24.2087
    7.5000   22.5000    0.000013733.8633   24.2286
   -7.5000   30.0000    0.000013263.7256   23.9211
    0.0000   30.0000    0.000013676.6484   23.9303
    7.5000   30.0000    0.000013237.8359   23.9412
   -7.5000   37.5000    0.000013193.4014   23.9730
    0.0000   37.5000    0.000013606.4854   23.9742
    7.5000   37.5000    0.000013174.4404   23.9784
   -7.5000   45.0000    0.000012411.4775   23.4322
    0.0000   45.0000    0.000012766.1865   23.4298
    7.5000   45.0000    0.000012379.2842   23.4354
   -7.5000  -45.0000    7.5000 8463.1250   24.9365
    0.0000  -45.0000    7.5000 8849.0654   24.9488
    7.5000  -45.0000    7.5000 8433.5537   24.9749
   -7.5000  -37.5000    7.5000 9322.9648   24.4909
    0.0000  -37.5000    7.5000 9735.7168   24.5103
    7.5000  -37.5000    7.5000 9271.5020   24.5451
   -7.5000  -30.0000    7.500010554.9434   24.2447
    0.0000  -30.0000    7.500011010.8330   24.2788
    7.5000  -30.0000    7.500010501.2637   24.3229
   -7.5000  -22.5000    7.500011742.1377   24.2142
    0.0000  -22.5000    7.500012256.8320   24.2536
    7.5000  -22.5000    7.500011721.4102   24.2977
   -7.5000  -15.0000    7.500012804.4160   24.2512
    0.0000  -15.0000    7.500013362.7119   24.2836
    7.5000  -15.0000    7.500012810.1641   24.3186
   -7.5000   -7.5000    7.500013784.9551   24.3196
    0.0000   -7.5000    7.500014340.5400   24.3385
    7.5000   -7.5000    7.500013754.2471   24.3633
   -7.5000    0.0000    7.500014506.8818   24.3501
    0.0000    0.0000    7.500014999.1895   24.3606
    7.5000    0.0000    7.500014441.8506   24.3842
   -7.5000    7.5000    7.500014072.0830   24.3065
    0.0000    7.5000    7.500014468.1436   24.3252
    7.5000    7.5000    7.500014043.4990   24.3590
   -7.5000   15.0000    7.500013681.4971   24.2392
    0.0000   15.0000    7.500014103.8633   24.2732
    7.5000   15.0000    7.500013681.4072   24.3174
   -7.5000   22.5000    7.500013312.3447   24.2030
    0.0000   22.5000    7.500013752.6699   24.2424
    7.5000   22.5000    7.500013288.2578   24.2865
   -7.5000   30.0000    7.500012903.2236   23.9373
    0.0000   30.0000    7.500013281.2715   23.9694
    7.5000   30.0000    7.500012821.0527   24.0038
   -7.5000   37.5000    7.500012821.1543   24.0049
    0.0000   37.5000    7.500013165.7715   24.0235
    7.5000   37.5000    7.500012723.1221   24.0480
   -7.5000   45.0000    7.500011975.7314   23.4707
    0.0000   45.0000    7.500012291.3545   23.4808
    7.5000   45.0000    7.500011890.5762   23.5036
   -7.5000  -45.0000   15.0000 8239.1309   24.9692
    0.0000  -45.0000   15.0000 8586.3828   24.9922
    7.5000  -45.0000   15.0000 8189.8472   25.0247
   -7.5000  -37.5000   15.0000 9063.1367   24.5206
    0.0000  -37.5000   15.0000 9439.4941   24.5540
    7.5000  -37.5000   15.0000 9001.3232   24.5954
   -7.5000  -30.0000   15.000010261.5684   24.2755
    0.0000  -30.0000   15.000010702.9883   24.3255
    7.5000  -30.0000   15.000010215.6465   24.3779
   -7.5000  -22.5000   15.000011421.6289   24.2485
    0.0000  -22.5000   15.000011920.0898   24.3039
    7.5000  -22.5000   15.000011401.0049   24.3571
   -7.5000  -15.0000   15.000012477.5332   24.2873
    0.0000  -15.0000   15.000013005.4814   24.3332
    7.5000  -15.0000   15.000012460.8262   24.3767
   -7.5000   -7.5000   15.000013381.8516   24.3561
    0.0000   -7.5000   15.000013911.9707   24.3852
    7.5000   -7.5000   15.000013347.5713   24.4168
   -7.5000    0.0000   15.000014041.7510   24.3835
    0.0000    0.0000   15.000014538.0020   24.4046
    7.5000    0.0000   15.000013998.8633   24.4340
   -7.5000    7.5000   15.000013595.0635   24.3361
    0.0000    7.5000   15.000014041.8984   24.3686
    7.5000    7.5000   15.000013605.5771   24.4091
   -7.5000   15.0000   15.000013170.2861   24.2699
    0.0000   15.0000   15.000013623.0791   24.3199
    7.5000   15.0000   15.000013194.0381   24.3724
   -7.5000   22.5000   15.000012785.4707   24.2373
    0.0000   22.5000   15.000013261.3984   24.2926
    7.5000   22.5000   15.000012796.3438   24.3458
   -7.5000   30.0000   15.000012357.5977   23.9729
    0.0000   30.0000   15.000012784.1846   24.0183
    7.5000   30.0000   15.000012367.3838   24.0613
   -7.5000   37.5000   15.000012285.8643   24.0409
    0.0000   37.5000   15.000012657.3359   24.0696
    7.5000   37.5000   15.000012248.6885   24.1008
   -7.5000   45.0000   15.000011430.1377   23.5029
    0.0000   45.0000   15.000011759.0088   23.5232
    7.5000   45.0000   15.000011385.7285   23.5516
   -7.5000  -45.0000   22.5000 7919.2842   24.9589
    0.0000  -45.0000   22.5000 8263.6318   24.9788
    7.5000  -45.0000   22.5000 7893.7241   24.9978
   -7.5000  -37.5000   22.5000 8724.2295   24.5160
    0.0000  -37.5000   22.5000 9090.8955   24.5479
    7.5000  -37.5000   22.5000 8672.9473   24.5768
   -7.5000  -30.0000   22.5000 9871.2578   24.2891
    0.0000  -30.0000   22.500010302.5654   24.3338
    7.5000  -30.0000   22.5000 9846.8477   24.3721
   -7.5000  -22.5000   22.500011008.3096   24.2744
    0.0000  -22.5000   22.500011471.7266   24.3204
    7.5000  -22.5000   22.500010982.9033   24.3570
   -7.5000  -15.0000   22.500012036.6055   24.3078
    0.0000  -15.0000   22.500012531.5068   24.3433
    7.5000  -15.0000   22.500012003.7324   24.3695
   -7.5000   -7.5000   22.500012905.0488   24.3582
    0.0000   -7.5000   22.500013405.7754   24.3799
    7.5000   -7.5000   22.500012850.7842   24.3963
   -7.5000    0.0000   22.500013560.7148   24.3731
    0.0000    0.0000   22.500014063.1328   24.3914
    7.5000    0.0000   22.500013520.7119   24.4083
   -7.5000    7.5000   22.500013126.9658   24.3318
    0.0000    7.5000   22.500013598.6787   24.3628
    7.5000    7.5000   22.500013166.0742   24.3911
   -7.5000   15.0000   22.500012620.8076   24.2836
    0.0000   15.0000   22.500013076.9043   24.3283
    7.5000   15.0000   22.500012689.4502   24.3667
   -7.5000   22.5000   22.500012188.6279   24.2632
    0.0000   22.5000   22.500012655.2314   24.3091
    7.5000   22.5000   22.500012249.1875   24.3457
   -7.5000   30.0000   22.500011767.0342   23.9932
    0.0000   30.0000   22.500012209.1777   24.0282
    7.5000   30.0000   22.500011835.0840   24.0541
   -7.5000   37.5000   22.500011720.9287   24.0429
    0.0000   37.5000   22.500012124.6660   24.0643
    7.5000   37.5000   22.500011740.1865   24.0805
   -7.5000   45.0000   22.500010951.0703   23.4928
    0.0000   45.0000   22.500011302.2002   23.5105
    7.5000   45.0000   22.500010909.9766   23.5268
   -7.5000  -45.0000   30.0000 7485.3940   24.9262
    0.0000  -45.0000   30.0000 7835.5879   24.9337
    7.5000  -45.0000   30.0000 7489.0913   24.9330
   -7.5000  -37.5000   30.0000 8221.5996   24.4930
    0.0000  -37.5000   30.0000 8608.1377   24.5105
    7.5000  -37.5000   30.0000 8215.3125   24.5207
   -7.5000  -30.0000   30.0000 9326.2617   24.2820
    0.0000  -30.0000   30.0000 9758.3926   24.3069
    7.5000  -30.0000   30.0000 9332.3926   24.3234
   -7.5000  -22.5000   30.000010438.3379   24.2743
    0.0000  -22.5000   30.000010899.5498   24.2964
    7.5000  -22.5000   30.000010424.4482   24.3076
   -7.5000  -15.0000   30.000011439.5586   24.2998
    0.0000  -15.0000   30.000011931.7529   24.3127
    7.5000  -15.0000   30.000011414.7324   24.3131
   -7.5000   -7.5000   30.000012311.5146   24.3326
    0.0000   -7.5000   30.000012815.5059   24.3377
    7.5000   -7.5000   30.000012264.8418   24.3323
   -7.5000    0.0000   30.000012973.8271   24.3394
    0.0000    0.0000   30.000013483.1436   24.3459
    7.5000    0.0000   30.000012943.5225   24.3444
   -7.5000    7.5000   30.000012605.4346   24.3088
    0.0000    7.5000   30.000013074.0684   24.3259
    7.5000    7.5000   30.000012597.7510   24.3357
   -7.5000   15.0000   30.000012122.1562   24.2766
    0.0000   15.0000   30.000012559.4844   24.3015
    7.5000   15.0000   30.000012167.0156   24.3180
   -7.5000   22.5000   30.000011683.8447   24.2631
    0.0000   22.5000   30.000012110.5205   24.2851
    7.5000   22.5000   30.000011728.1104   24.2964
   -7.5000   30.0000   30.000011264.5283   23.9853
    0.0000   30.0000   30.000011677.5957   23.9980
    7.5000   30.0000   30.000011284.2490   23.9985
   -7.5000   37.5000   30.000011191.3076   24.0177
    0.0000   37.5000   30.000011601.5244   24.0228
    7.5000   37.5000   30.000011180.7871   24.0174
   -7.5000   45.0000   30.000010448.4424   23.4604
    0.0000   45.0000   30.000010788.8447   23.4667
    7.5000   45.0000   30.000010383.3379   23.4652
   -7.5000  -45.0000   37.5000 7312.9189   24.8975
    0.0000  -45.0000   37.5000 7650.4492   24.8946
    7.5000  -45.0000   37.5000 7321.8433   24.8881
   -7.5000  -37.5000   37.5000 8036.8276   24.4670
    0.0000  -37.5000   37.5000 8417.2412   24.4714
    7.5000  -37.5000   37.5000 8050.9224   24.4749
   -7.5000  -30.0000   37.5000 9129.2900   24.2525
    0.0000  -30.0000   37.5000 9543.3389   24.2626
    7.5000  -30.0000   37.5000 9133.6211   24.2714
   -7.5000  -22.5000   37.500010194.2471   24.2390
    0.0000  -22.5000   37.500010639.0742   24.2462
    7.5000  -22.5000   37.500010190.2461   24.2500
   -7.5000  -15.0000   37.500011163.5117   24.2629
    0.0000  -15.0000   37.500011643.7686   24.2631
    7.5000  -15.0000   37.500011138.4854   24.2571
   -7.5000   -7.5000   37.500012031.2217   24.2983
    0.0000   -7.5000   37.500012557.5410   24.2934
    7.5000   -7.5000   37.500011991.7930   24.2824
   -7.5000    0.0000   37.500012743.7109   24.3101
    0.0000    0.0000   37.500013323.5352   24.3063
    7.5000    0.0000   37.500012706.8574   24.2995
   -7.5000    7.5000   37.500012445.1797   24.2829
    0.0000    7.5000   37.500013005.2988   24.2869
    7.5000    7.5000   37.500012414.3994   24.2901
   -7.5000   15.0000   37.500012002.3652   24.2471
    0.0000   15.0000   37.500012517.4453   24.2572
    7.5000   15.0000   37.500011990.5605   24.2660
   -7.5000   22.5000   37.500011573.4521   24.2278
    0.0000   22.5000   37.500012054.3740   24.2350
    7.5000   22.5000   37.500011563.5977   24.2387
   -7.5000   30.0000   37.500011138.8379   23.9489
    0.0000   30.0000   37.500011572.6006   23.9491
    7.5000   30.0000   37.500011120.1494   23.9431
   -7.5000   37.5000   37.500011034.0332   23.9838
    0.0000   37.5000   37.500011443.1172   23.9790
    7.5000   37.5000   37.500011003.9434   23.9682
   -7.5000   45.0000   37.500010270.4834   23.4321
    0.0000   45.0000   37.500010624.2578   23.4285
    7.5000   45.0000   37.500010217.8623   23.4220
   -7.5000  -45.0000   45.0000 6743.2520   24.7362
    0.0000  -45.0000   45.0000 7053.1528   24.7351
    7.5000  -45.0000   45.0000 6763.8892   24.7417
   -7.5000  -37.5000   45.0000 7414.9688   24.3020
    0.0000  -37.5000   45.0000 7762.5220   24.3066
    7.5000  -37.5000   45.0000 7452.7368   24.3222
   -7.5000  -30.0000   45.0000 8417.6143   24.0717
    0.0000  -30.0000   45.0000 8821.1885   24.0856
    7.5000  -30.0000   45.0000 8453.1416   24.1079
   -7.5000  -22.5000   45.0000 9415.8389   24.0477
    0.0000  -22.5000   45.0000 9847.7334   24.0629
    7.5000  -22.5000   45.0000 9425.0205   24.0827
   -7.5000  -15.0000   45.000010320.4512   24.0776
    0.0000  -15.0000   45.000010782.4639   24.0869
    7.5000  -15.0000   45.000010302.6992   24.0979
   -7.5000   -7.5000   45.000011135.7559   24.1300
    0.0000   -7.5000   45.000011637.1260   24.1313
    7.5000   -7.5000   45.000011100.8076   24.1354
   -7.5000    0.0000   45.000011836.1729   24.1528
    0.0000    0.0000   45.000012380.1279   24.1503
    7.5000    0.0000   45.000011804.3584   24.1560
   -7.5000    7.5000   45.000011576.7334   24.1189
    0.0000    7.5000   45.000012094.5117   24.1231
    7.5000    7.5000   45.000011543.3320   24.1381
   -7.5000   15.0000   45.000011169.9609   24.0663
    0.0000   15.0000   45.000011653.3350   24.0801
    7.5000   15.0000   45.000011149.6123   24.1025
   -7.5000   22.5000   45.000010794.2100   24.0365
    0.0000   22.5000   45.000011231.0654   24.0517
    7.5000   22.5000   45.000010780.5801   24.0715
   -7.5000   30.0000   45.000010423.5479   23.7640
    0.0000   30.0000   45.000010811.5303   23.7731
    7.5000   30.0000   45.000010383.7803   23.7839
   -7.5000   37.5000   45.000010348.9697   23.8157
    0.0000   37.5000   45.000010709.2725   23.8169
    7.5000   37.5000   45.000010297.6748   23.8210
   -7.5000   45.0000   45.0000 9620.1543   23.2911
    0.0000   45.0000   45.0000 9937.1465   23.2887
    7.5000   45.0000   45.0000 9537.0488   23.2942

---------------------------------------------------------------------
imgreg_4dfp /opt/freesurfer/average/711-2C_as_mni_average_305 /opt/freesurfer/average/711-2B_as_mni_average_305_mask talsrcimg_g11 none talsrcimg_to_711-2C_as_mni_average_305_t4 4355
---------------------------------------------------------------------

freesurfer imgreg_4dfp.c
/opt/freesurfer/average/711-2C_as_mni_average_305.4dfp.img
       256       256       256         1
  1.000000  1.000000  1.000000
orientation T byte_order littleendian
Reading image: /opt/freesurfer/average/711-2C_as_mni_average_305.4dfp.img
dimensions:      256       256       256
mmppix:       1.0000   -1.0000   -1.0000
center:     128.0000 -129.0000 -129.0000
/opt/freesurfer/average/711-2B_as_mni_average_305_mask.4dfp.img
       256       256       256         1
  1.000000  1.000000  1.000000
orientation T byte_order littleendian
Reading mask: /opt/freesurfer/average/711-2B_as_mni_average_305_mask.4dfp.img (2306576 pixels)
talsrcimg_g11.4dfp.img
       256       256       256         1
  1.000000  1.000000  1.000000
orientation T byte_order littleendian
Reading image: talsrcimg_g11.4dfp.img
dimensions:      256       256       256
mmppix:       1.0000   -1.0000   -1.0000
center:     128.0000 -129.0000 -129.0000
rotation matrix determinant  1.000000
image alignment mode   4355 decimal     1103 hex
   -7.5000  -45.0000  -45.0000 1446.0023   39.1322
    0.0000  -45.0000  -45.0000 1451.5571   38.8257
    7.5000  -45.0000  -45.0000 1430.0625   39.1849
   -7.5000  -37.5000  -45.0000 1564.8734   33.5448
    0.0000  -37.5000  -45.0000 1568.7144   33.1636
    7.5000  -37.5000  -45.0000 1554.9402   33.6322
   -7.5000  -30.0000  -45.0000 1667.3116   29.3061
    0.0000  -30.0000  -45.0000 1676.4115   29.0076
    7.5000  -30.0000  -45.0000 1666.1473   29.5404
   -7.5000  -22.5000  -45.0000 1771.3173   26.3157
    0.0000  -22.5000  -45.0000 1780.6254   26.0348
    7.5000  -22.5000  -45.0000 1762.1339   26.5680
   -7.5000  -15.0000  -45.0000 1856.0181   24.2730
    0.0000  -15.0000  -45.0000 1869.9623   24.0701
    7.5000  -15.0000  -45.0000 1845.8602   24.5012
   -7.5000   -7.5000  -45.0000 1939.1969   22.8921
    0.0000   -7.5000  -45.0000 1950.0316   22.7245
    7.5000   -7.5000  -45.0000 1923.8037   23.0513
   -7.5000    0.0000  -45.0000 1986.2330   21.9663
    0.0000    0.0000  -45.0000 1994.7993   21.8111
    7.5000    0.0000  -45.0000 1970.9214   22.0508
   -7.5000    7.5000  -45.0000 2011.9823   21.3036
    0.0000    7.5000  -45.0000 2021.1337   21.1262
    7.5000    7.5000  -45.0000 1998.8738   21.3950
   -7.5000   15.0000  -45.0000 2014.3678   20.9077
    0.0000   15.0000  -45.0000 2023.9188   20.7350
    7.5000   15.0000  -45.0000 2003.1270   21.0281
   -7.5000   22.5000  -45.0000 2007.4260   20.8098
    0.0000   22.5000  -45.0000 2020.5483   20.6293
    7.5000   22.5000  -45.0000 2000.2780   20.9796
   -7.5000   30.0000  -45.0000 1984.1989   21.2344
    0.0000   30.0000  -45.0000 1994.2094   21.1038
    7.5000   30.0000  -45.0000 1974.9504   21.4592
   -7.5000   37.5000  -45.0000 1950.2260   22.1793
    0.0000   37.5000  -45.0000 1959.3042   22.0663
    7.5000   37.5000  -45.0000 1936.9982   22.4679
   -7.5000   45.0000  -45.0000 1903.8239   23.6662
    0.0000   45.0000  -45.0000 1913.9686   23.5009
    7.5000   45.0000  -45.0000 1892.8539   23.9729
   -7.5000  -45.0000  -37.5000 1535.0056   34.7043
    0.0000  -45.0000  -37.5000 1539.2191   34.6470
    7.5000  -45.0000  -37.5000 1517.0195   35.1947
   -7.5000  -37.5000  -37.5000 1655.6023   29.8114
    0.0000  -37.5000  -37.5000 1663.3030   29.6240
    7.5000  -37.5000  -37.5000 1647.6125   30.3182
   -7.5000  -30.0000  -37.5000 1770.6527   26.1547
    0.0000  -30.0000  -37.5000 1776.6467   25.8874
    7.5000  -30.0000  -37.5000 1761.3490   26.6012
   -7.5000  -22.5000  -37.5000 1879.2228   23.5529
    0.0000  -22.5000  -37.5000 1882.3844   23.3317
    7.5000  -22.5000  -37.5000 1866.5021   23.9148
   -7.5000  -15.0000  -37.5000 1969.9254   21.7526
    0.0000  -15.0000  -37.5000 1970.5874   21.5525
    7.5000  -15.0000  -37.5000 1945.0184   22.0469
   -7.5000   -7.5000  -37.5000 2046.8938   20.4957
    0.0000   -7.5000  -37.5000 2050.3252   20.3921
    7.5000   -7.5000  -37.5000 2016.6943   20.7645
   -7.5000    0.0000  -37.5000 2094.5291   19.6615
    0.0000    0.0000  -37.5000 2103.1096   19.5610
    7.5000    0.0000  -37.5000 2073.7158   19.8862
   -7.5000    7.5000  -37.5000 2126.1384   19.0652
    0.0000    7.5000  -37.5000 2133.0537   18.9302
    7.5000    7.5000  -37.5000 2110.1880   19.2456
   -7.5000   15.0000  -37.5000 2128.0486   18.7693
    0.0000   15.0000  -37.5000 2138.0100   18.6497
    7.5000   15.0000  -37.5000 2118.4644   18.9393
   -7.5000   22.5000  -37.5000 2116.5149   18.7881
    0.0000   22.5000  -37.5000 2128.4102   18.6125
    7.5000   22.5000  -37.5000 2108.7466   18.9520
   -7.5000   30.0000  -37.5000 2087.6809   19.3565
    0.0000   30.0000  -37.5000 2101.4058   19.1795
    7.5000   30.0000  -37.5000 2080.5720   19.5510
   -7.5000   37.5000  -37.5000 2052.7312   20.2070
    0.0000   37.5000  -37.5000 2066.6709   20.0591
    7.5000   37.5000  -37.5000 2047.8438   20.4549
   -7.5000   45.0000  -37.5000 2000.0167   21.5549
    0.0000   45.0000  -37.5000 2010.5033   21.3514
    7.5000   45.0000  -37.5000 1990.8851   21.7941
   -7.5000  -45.0000  -30.0000 1640.9532   32.0441
    0.0000  -45.0000  -30.0000 1639.4091   31.9787
    7.5000  -45.0000  -30.0000 1626.5419   32.7445
   -7.5000  -37.5000  -30.0000 1770.6082   27.5860
    0.0000  -37.5000  -30.0000 1777.4523   27.5185
    7.5000  -37.5000  -30.0000 1761.6606   28.2769
   -7.5000  -30.0000  -30.0000 1899.0096   24.2870
    0.0000  -30.0000  -30.0000 1908.4236   24.1854
    7.5000  -30.0000  -30.0000 1887.1313   24.8591
   -7.5000  -22.5000  -30.0000 2006.7155   21.8286
    0.0000  -22.5000  -30.0000 2019.2349   21.7040
    7.5000  -22.5000  -30.0000 1997.2892   22.3507
   -7.5000  -15.0000  -30.0000 2106.3220   20.1995
    0.0000  -15.0000  -30.0000 2109.9961   20.0389
    7.5000  -15.0000  -30.0000 2084.4456   20.5700
   -7.5000   -7.5000  -30.0000 2181.6790   19.0321
    0.0000   -7.5000  -30.0000 2187.6448   18.9481
    7.5000   -7.5000  -30.0000 2160.4050   19.3613
   -7.5000    0.0000  -30.0000 2237.4126   18.2580
    0.0000    0.0000  -30.0000 2244.6177   18.1618
    7.5000    0.0000  -30.0000 2221.0928   18.5216
   -7.5000    7.5000  -30.0000 2273.1147   17.7381
    0.0000    7.5000  -30.0000 2282.8372   17.6080
    7.5000    7.5000  -30.0000 2261.5452   17.9079
   -7.5000   15.0000  -30.0000 2281.5396   17.4832
    0.0000   15.0000  -30.0000 2291.8467   17.3516
    7.5000   15.0000  -30.0000 2268.7053   17.6470
   -7.5000   22.5000  -30.0000 2273.9470   17.5729
    0.0000   22.5000  -30.0000 2284.8132   17.4156
    7.5000   22.5000  -30.0000 2260.2893   17.7818
   -7.5000   30.0000  -30.0000 2242.6118   18.2108
    0.0000   30.0000  -30.0000 2255.7017   18.0231
    7.5000   30.0000  -30.0000 2233.5354   18.3800
   -7.5000   37.5000  -30.0000 2198.8528   19.1344
    0.0000   37.5000  -30.0000 2212.9673   18.9322
    7.5000   37.5000  -30.0000 2190.3950   19.2976
   -7.5000   45.0000  -30.0000 2136.5701   20.4318
    0.0000   45.0000  -30.0000 2148.4795   20.2220
    7.5000   45.0000  -30.0000 2127.9602   20.6237
   -7.5000  -45.0000  -22.5000 1733.2423   29.7442
    0.0000  -45.0000  -22.5000 1730.5620   29.4457
    7.5000  -45.0000  -22.5000 1717.6084   30.2225
   -7.5000  -37.5000  -22.5000 1872.6532   25.6809
    0.0000  -37.5000  -22.5000 1874.7175   25.5160
    7.5000  -37.5000  -22.5000 1857.9862   26.2311
   -7.5000  -30.0000  -22.5000 2003.5411   22.6204
    0.0000  -30.0000  -22.5000 2013.5092   22.5381
    7.5000  -30.0000  -22.5000 1989.8986   23.1255
   -7.5000  -22.5000  -22.5000 2118.4878   20.2842
    0.0000  -22.5000  -22.5000 2131.4421   20.1544
    7.5000  -22.5000  -22.5000 2103.9934   20.7416
   -7.5000  -15.0000  -22.5000 2227.1565   18.6950
    0.0000  -15.0000  -22.5000 2231.9766   18.4947
    7.5000  -15.0000  -22.5000 2201.0874   19.0390
   -7.5000   -7.5000  -22.5000 2305.4121   17.5880
    0.0000   -7.5000  -22.5000 2311.4463   17.4095
    7.5000   -7.5000  -22.5000 2283.3123   17.8899
   -7.5000    0.0000  -22.5000 2362.2156   16.8162
    0.0000    0.0000  -22.5000 2373.2915   16.6863
    7.5000    0.0000  -22.5000 2345.6714   17.0447
   -7.5000    7.5000  -22.5000 2398.6580   16.3327
    0.0000    7.5000  -22.5000 2414.2429   16.2164
    7.5000    7.5000  -22.5000 2389.9653   16.5163
   -7.5000   15.0000  -22.5000 2412.3582   16.1591
    0.0000   15.0000  -22.5000 2430.9937   16.0217
    7.5000   15.0000  -22.5000 2404.7468   16.3192
   -7.5000   22.5000  -22.5000 2412.9927   16.3529
    0.0000   22.5000  -22.5000 2428.6248   16.1875
    7.5000   22.5000  -22.5000 2402.3394   16.5404
   -7.5000   30.0000  -22.5000 2387.6143   17.0061
    0.0000   30.0000  -22.5000 2401.1589   16.8139
    7.5000   30.0000  -22.5000 2373.9521   17.1291
   -7.5000   37.5000  -22.5000 2338.3918   17.9799
    0.0000   37.5000  -22.5000 2351.2393   17.7355
    7.5000   37.5000  -22.5000 2325.3406   18.0508
   -7.5000   45.0000  -22.5000 2260.7598   19.3404
    0.0000   45.0000  -22.5000 2275.9011   19.0334
    7.5000   45.0000  -22.5000 2252.8064   19.3537
   -7.5000  -45.0000  -15.0000 1804.9044   27.8609
    0.0000  -45.0000  -15.0000 1811.6234   27.5660
    7.5000  -45.0000  -15.0000 1797.1735   28.1759
   -7.5000  -37.5000  -15.0000 1948.6836   24.0772
    0.0000  -37.5000  -15.0000 1957.6255   23.8843
    7.5000  -37.5000  -15.0000 1938.9030   24.4389
   -7.5000  -30.0000  -15.0000 2081.8696   21.1764
    0.0000  -30.0000  -15.0000 2093.4910   21.0570
    7.5000  -30.0000  -15.0000 2068.8579   21.5139
   -7.5000  -22.5000  -15.0000 2206.1152   18.9899
    0.0000  -22.5000  -15.0000 2214.9121   18.8350
    7.5000  -22.5000  -15.0000 2187.7563   19.2969
   -7.5000  -15.0000  -15.0000 2318.7683   17.4081
    0.0000  -15.0000  -15.0000 2326.6101   17.1898
    7.5000  -15.0000  -15.0000 2297.3547   17.6648
   -7.5000   -7.5000  -15.0000 2406.3594   16.3126
    0.0000   -7.5000  -15.0000 2417.2725   16.0784
    7.5000   -7.5000  -15.0000 2392.0723   16.5153
   -7.5000    0.0000  -15.0000 2468.6982   15.5564
    0.0000    0.0000  -15.0000 2485.1990   15.3364
    7.5000    0.0000  -15.0000 2456.7571   15.7431
   -7.5000    7.5000  -15.0000 2509.4595   15.0904
    0.0000    7.5000  -15.0000 2531.1401   14.9379
    7.5000    7.5000  -15.0000 2500.3306   15.2574
   -7.5000   15.0000  -15.0000 2527.1824   14.9730
    0.0000   15.0000  -15.0000 2552.3455   14.8344
    7.5000   15.0000  -15.0000 2521.0356   15.1403
   -7.5000   22.5000  -15.0000 2529.3418   15.2701
    0.0000   22.5000  -15.0000 2552.3184   15.1005
    7.5000   22.5000  -15.0000 2522.7161   15.4032
   -7.5000   30.0000  -15.0000 2507.5413   15.9596
    0.0000   30.0000  -15.0000 2527.9419   15.7100
    7.5000   30.0000  -15.0000 2494.1890   16.0226
   -7.5000   37.5000  -15.0000 2450.6028   16.9425
    0.0000   37.5000  -15.0000 2471.4187   16.6634
    7.5000   37.5000  -15.0000 2440.7397   16.9118
   -7.5000   45.0000  -15.0000 2360.1125   18.2495
    0.0000   45.0000  -15.0000 2377.3032   17.9723
    7.5000   45.0000  -15.0000 2348.6467   18.2246
   -7.5000  -45.0000   -7.5000 1861.9874   26.2955
    0.0000  -45.0000   -7.5000 1871.1527   26.0378
    7.5000  -45.0000   -7.5000 1854.9497   26.5580
   -7.5000  -37.5000   -7.5000 2009.5981   22.7379
    0.0000  -37.5000   -7.5000 2023.6801   22.5546
    7.5000  -37.5000   -7.5000 1996.2882   23.0095
   -7.5000  -30.0000   -7.5000 2148.6504   19.9615
    0.0000  -30.0000   -7.5000 2161.3494   19.7881
    7.5000  -30.0000   -7.5000 2132.3362   20.2267
   -7.5000  -22.5000   -7.5000 2280.5125   17.8543
    0.0000  -22.5000   -7.5000 2292.3716   17.7058
    7.5000  -22.5000   -7.5000 2261.7529   18.0821
   -7.5000  -15.0000   -7.5000 2398.3457   16.3125
    0.0000  -15.0000   -7.5000 2409.5535   16.1214
    7.5000  -15.0000   -7.5000 2379.1060   16.5095
   -7.5000   -7.5000   -7.5000 2489.3479   15.2583
    0.0000   -7.5000   -7.5000 2505.6951   15.0051
    7.5000   -7.5000   -7.5000 2477.3059   15.3891
   -7.5000    0.0000   -7.5000 2563.7405   14.4801
    0.0000    0.0000   -7.5000 2580.7603   14.2280
    7.5000    0.0000   -7.5000 2552.6848   14.6320
   -7.5000    7.5000   -7.5000 2610.3843   14.0405
    0.0000    7.5000   -7.5000 2634.6316   13.8220
    7.5000    7.5000   -7.5000 2602.5974   14.1759
   -7.5000   15.0000   -7.5000 2637.6609   13.9410
    0.0000   15.0000   -7.5000 2667.4285   13.7783
    7.5000   15.0000   -7.5000 2631.9592   14.1147
   -7.5000   22.5000   -7.5000 2643.7974   14.3522
    0.0000   22.5000   -7.5000 2672.6443   14.1336
    7.5000   22.5000   -7.5000 2632.9590   14.4342
   -7.5000   30.0000   -7.5000 2609.3323   15.0781
    0.0000   30.0000   -7.5000 2635.1436   14.8590
    7.5000   30.0000   -7.5000 2599.2551   15.0968
   -7.5000   37.5000   -7.5000 2539.6445   16.0028
    0.0000   37.5000   -7.5000 2564.4629   15.8137
    7.5000   37.5000   -7.5000 2528.6482   16.0042
   -7.5000   45.0000   -7.5000 2437.2991   17.2869
    0.0000   45.0000   -7.5000 2458.2051   17.0666
    7.5000   45.0000   -7.5000 2426.3655   17.2493
   -7.5000  -45.0000    0.0000 1902.5264   25.2286
    0.0000  -45.0000    0.0000 1912.2719   24.9463
    7.5000  -45.0000    0.0000 1892.2002   25.4385
   -7.5000  -37.5000    0.0000 2055.6880   21.7984
    0.0000  -37.5000    0.0000 2072.9233   21.6209
    7.5000  -37.5000    0.0000 2039.9369   22.0673
   -7.5000  -30.0000    0.0000 2202.6958   19.0997
    0.0000  -30.0000    0.0000 2219.1206   18.9666
    7.5000  -30.0000    0.0000 2184.7971   19.3608
   -7.5000  -22.5000    0.0000 2338.5901   17.0555
    0.0000  -22.5000    0.0000 2354.8926   16.9180
    7.5000  -22.5000    0.0000 2320.0154   17.2881
   -7.5000  -15.0000    0.0000 2450.7192   15.5532
    0.0000  -15.0000    0.0000 2469.0632   15.3571
    7.5000  -15.0000    0.0000 2436.9558   15.7185
   -7.5000   -7.5000    0.0000 2558.7642   14.4495
    0.0000   -7.5000    0.0000 2575.0266   14.2085
    7.5000   -7.5000    0.0000 2543.2153   14.5561
   -7.5000    0.0000    0.0000 2643.8494   13.7129
    0.0000    0.0000    0.0000 2658.8865   13.4391
    7.5000    0.0000    0.0000 2630.6541   13.7827
   -7.5000    7.5000    0.0000 2704.0972   13.2377
    0.0000    7.5000    0.0000 2726.5415   13.0103
    7.5000    7.5000    0.0000 2697.0244   13.3565
   -7.5000   15.0000    0.0000 2742.4421   13.2238
    0.0000   15.0000    0.0000 2771.5510   12.9584
    7.5000   15.0000    0.0000 2732.7024   13.3525
   -7.5000   22.5000    0.0000 2738.7927   13.7184
    0.0000   22.5000    0.0000 2773.6953   13.4924
    7.5000   22.5000    0.0000 2729.8010   13.7483
   -7.5000   30.0000    0.0000 2697.9629   14.4450
    0.0000   30.0000    0.0000 2726.9019   14.2890
    7.5000   30.0000    0.0000 2686.7122   14.4520
   -7.5000   37.5000    0.0000 2613.8098   15.2910
    0.0000   37.5000    0.0000 2638.3459   15.1614
    7.5000   37.5000    0.0000 2603.8892   15.3295
   -7.5000   45.0000    0.0000 2496.9900   16.5013
    0.0000   45.0000    0.0000 2517.6216   16.3434
    7.5000   45.0000    0.0000 2490.5127   16.5527
   -7.5000  -45.0000    7.5000 1928.9225   24.4823
    0.0000  -45.0000    7.5000 1946.4087   24.2430
    7.5000  -45.0000    7.5000 1920.5856   24.7131
   -7.5000  -37.5000    7.5000 2092.9526   21.1823
    0.0000  -37.5000    7.5000 2111.4846   20.9897
    7.5000  -37.5000    7.5000 2077.2131   21.4380
   -7.5000  -30.0000    7.5000 2246.3120   18.5763
    0.0000  -30.0000    7.5000 2263.6570   18.4141
    7.5000  -30.0000    7.5000 2226.8145   18.8299
   -7.5000  -22.5000    7.5000 2379.7007   16.6063
    0.0000  -22.5000    7.5000 2397.9470   16.4397
    7.5000  -22.5000    7.5000 2362.5427   16.8126
   -7.5000  -15.0000    7.5000 2491.6733   15.1016
    0.0000  -15.0000    7.5000 2513.4546   14.9276
    7.5000  -15.0000    7.5000 2478.8555   15.2539
   -7.5000   -7.5000    7.5000 2607.2710   13.9891
    0.0000   -7.5000    7.5000 2625.8655   13.7822
    7.5000   -7.5000    7.5000 2591.9744   14.0870
   -7.5000    0.0000    7.5000 2697.4883   13.1663
    0.0000    0.0000    7.5000 2715.6895   12.9498
    7.5000    0.0000    7.5000 2683.0134   13.2544
   -7.5000    7.5000    7.5000 2768.0552   12.7197
    0.0000    7.5000    7.5000 2792.9790   12.4691
    7.5000    7.5000    7.5000 2760.6045   12.8054
   -7.5000   15.0000    7.5000 2818.0522   12.7186
    0.0000   15.0000    7.5000 2845.5996   12.4864
    7.5000   15.0000    7.5000 2807.7441   12.8082
   -7.5000   22.5000    7.5000 2812.9988   13.2399
    0.0000   22.5000    7.5000 2848.0134   13.0668
    7.5000   22.5000    7.5000 2802.5576   13.2914
   -7.5000   30.0000    7.5000 2768.8284   13.9822
    0.0000   30.0000    7.5000 2795.6589   13.8497
    7.5000   30.0000    7.5000 2751.6973   14.0247
   -7.5000   37.5000    7.5000 2673.9016   14.8210
    0.0000   37.5000    7.5000 2694.2710   14.7047
    7.5000   37.5000    7.5000 2661.7646   14.8825
   -7.5000   45.0000    7.5000 2538.7671   16.0128
    0.0000   45.0000    7.5000 2559.9197   15.8663
    7.5000   45.0000    7.5000 2530.0007   16.0962
   -7.5000  -45.0000   15.0000 1939.9393   24.1376
    0.0000  -45.0000   15.0000 1956.5444   23.8367
    7.5000  -45.0000   15.0000 1934.0138   24.2393
   -7.5000  -37.5000   15.0000 2107.5681   20.8914
    0.0000  -37.5000   15.0000 2123.1812   20.6567
    7.5000  -37.5000   15.0000 2094.9695   21.0362
   -7.5000  -30.0000   15.0000 2264.1333   18.3506
    0.0000  -30.0000   15.0000 2282.2229   18.1870
    7.5000  -30.0000   15.0000 2250.7178   18.5577
   -7.5000  -22.5000   15.0000 2400.2402   16.4218
    0.0000  -22.5000   15.0000 2423.9336   16.2868
    7.5000  -22.5000   15.0000 2388.0466   16.6201
   -7.5000  -15.0000   15.0000 2520.9973   14.9575
    0.0000  -15.0000   15.0000 2543.2781   14.8032
    7.5000  -15.0000   15.0000 2509.0432   15.1036
   -7.5000   -7.5000   15.0000 2631.7239   13.8272
    0.0000   -7.5000   15.0000 2653.8184   13.6765
    7.5000   -7.5000   15.0000 2621.7598   13.9424
   -7.5000    0.0000   15.0000 2721.9541   12.9998
    0.0000    0.0000   15.0000 2744.4524   12.8350
    7.5000    0.0000   15.0000 2710.5347   13.1012
   -7.5000    7.5000   15.0000 2799.4719   12.5171
    0.0000    7.5000   15.0000 2830.8015   12.3222
    7.5000    7.5000   15.0000 2791.3516   12.6390
   -7.5000   15.0000   15.0000 2848.1514   12.4443
    0.0000   15.0000   15.0000 2876.1392   12.2914
    7.5000   15.0000   15.0000 2840.5859   12.6209
   -7.5000   22.5000   15.0000 2841.4456   12.9389
    0.0000   22.5000   15.0000 2873.4209   12.7922
    7.5000   22.5000   15.0000 2830.9563   13.0356
   -7.5000   30.0000   15.0000 2790.6548   13.6442
    0.0000   30.0000   15.0000 2817.5020   13.5173
    7.5000   30.0000   15.0000 2778.3396   13.7224
   -7.5000   37.5000   15.0000 2693.3374   14.5360
    0.0000   37.5000   15.0000 2715.2205   14.4291
    7.5000   37.5000   15.0000 2679.8035   14.6543
   -7.5000   45.0000   15.0000 2551.8445   15.7770
    0.0000   45.0000   15.0000 2574.1008   15.6491
    7.5000   45.0000   15.0000 2542.9150   15.9130
   -7.5000  -45.0000   22.5000 1944.6539   24.2029
    0.0000  -45.0000   22.5000 1958.5992   23.9140
    7.5000  -45.0000   22.5000 1938.4731   24.2838
   -7.5000  -37.5000   22.5000 2109.5068   21.0202
    0.0000  -37.5000   22.5000 2126.8843   20.7455
    7.5000  -37.5000   22.5000 2102.3035   21.1040
   -7.5000  -30.0000   22.5000 2262.1926   18.5075
    0.0000  -30.0000   22.5000 2287.4202   18.3026
    7.5000  -30.0000   22.5000 2261.8875   18.6346
   -7.5000  -22.5000   22.5000 2402.4211   16.5894
    0.0000  -22.5000   22.5000 2428.4460   16.3950
    7.5000  -22.5000   22.5000 2399.7869   16.6991
   -7.5000  -15.0000   22.5000 2525.4336   15.1055
    0.0000  -15.0000   22.5000 2551.9910   14.9215
    7.5000  -15.0000   22.5000 2520.0801   15.1975
   -7.5000   -7.5000   22.5000 2630.0869   13.9560
    0.0000   -7.5000   22.5000 2656.9858   13.7898
    7.5000   -7.5000   22.5000 2625.2644   14.0319
   -7.5000    0.0000   22.5000 2714.0754   13.1064
    0.0000    0.0000   22.5000 2742.8176   12.9434
    7.5000    0.0000   22.5000 2708.9797   13.1947
   -7.5000    7.5000   22.5000 2789.3135   12.5769
    0.0000    7.5000   22.5000 2821.7109   12.4460
    7.5000    7.5000   22.5000 2780.5325   12.7136
   -7.5000   15.0000   22.5000 2830.8730   12.4747
    0.0000   15.0000   22.5000 2862.1851   12.2973
    7.5000   15.0000   22.5000 2823.7146   12.6456
   -7.5000   22.5000   22.5000 2823.7153   12.8023
    0.0000   22.5000   22.5000 2850.3076   12.6397
    7.5000   22.5000   22.5000 2811.0669   12.9403
   -7.5000   30.0000   22.5000 2769.8796   13.5207
    0.0000   30.0000   22.5000 2795.4578   13.3590
    7.5000   30.0000   22.5000 2758.2261   13.6259
   -7.5000   37.5000   22.5000 2676.0017   14.5133
    0.0000   37.5000   22.5000 2702.1262   14.3924
    7.5000   37.5000   22.5000 2666.0303   14.6200
   -7.5000   45.0000   22.5000 2539.0593   15.7623
    0.0000   45.0000   22.5000 2565.2319   15.6192
    7.5000   45.0000   22.5000 2531.0908   15.8474
   -7.5000  -45.0000   30.0000 1933.6365   24.5832
    0.0000  -45.0000   30.0000 1945.7688   24.2974
    7.5000  -45.0000   30.0000 1929.9220   24.6447
   -7.5000  -37.5000   30.0000 2091.4839   21.3731
    0.0000  -37.5000   30.0000 2109.2888   21.1511
    7.5000  -37.5000   30.0000 2088.5620   21.4511
   -7.5000  -30.0000   30.0000 2244.5342   18.8801
    0.0000  -30.0000   30.0000 2266.5129   18.6960
    7.5000  -30.0000   30.0000 2246.0664   18.9947
   -7.5000  -22.5000   30.0000 2384.6604   16.9717
    0.0000  -22.5000   30.0000 2406.7910   16.7841
    7.5000  -22.5000   30.0000 2381.4272   17.0592
   -7.5000  -15.0000   30.0000 2501.7581   15.4792
    0.0000  -15.0000   30.0000 2530.7791   15.3070
    7.5000  -15.0000   30.0000 2501.4631   15.5483
   -7.5000   -7.5000   30.0000 2603.8164   14.3419
    0.0000   -7.5000   30.0000 2634.4534   14.1741
    7.5000   -7.5000   30.0000 2601.7820   14.3838
   -7.5000    0.0000   30.0000 2680.0120   13.4698
    0.0000    0.0000   30.0000 2711.3994   13.3163
    7.5000    0.0000   30.0000 2677.1973   13.5757
   -7.5000    7.5000   30.0000 2741.8428   12.9394
    0.0000    7.5000   30.0000 2770.4097   12.8016
    7.5000    7.5000   30.0000 2734.7368   13.0549
   -7.5000   15.0000   30.0000 2768.2153   12.8076
    0.0000   15.0000   30.0000 2798.0005   12.6395
    7.5000   15.0000   30.0000 2766.3035   12.9113
   -7.5000   22.5000   30.0000 2756.2488   13.0686
    0.0000   22.5000   30.0000 2785.9390   12.8801
    7.5000   22.5000   30.0000 2749.6035   13.1654
   -7.5000   30.0000   30.0000 2710.1921   13.6592
    0.0000   30.0000   30.0000 2733.4170   13.4701
    7.5000   30.0000   30.0000 2699.6208   13.7491
   -7.5000   37.5000   30.0000 2619.1594   14.6102
    0.0000   37.5000   30.0000 2646.0735   14.4646
    7.5000   37.5000   30.0000 2614.1858   14.7180
   -7.5000   45.0000   30.0000 2496.2007   15.8286
    0.0000   45.0000   30.0000 2520.1104   15.6910
    7.5000   45.0000   30.0000 2492.6938   15.9329
   -7.5000  -45.0000   37.5000 1910.7423   25.4378
    0.0000  -45.0000   37.5000 1921.0632   25.1441
    7.5000  -45.0000   37.5000 1912.7300   25.4486
   -7.5000  -37.5000   37.5000 2064.3362   22.1655
    0.0000  -37.5000   37.5000 2084.3345   21.9372
    7.5000  -37.5000   37.5000 2068.5232   22.2373
   -7.5000  -30.0000   37.5000 2220.8003   19.5610
    0.0000  -30.0000   37.5000 2238.1450   19.3549
    7.5000  -30.0000   37.5000 2221.2981   19.6735
   -7.5000  -22.5000   37.5000 2355.1201   17.5587
    0.0000  -22.5000   37.5000 2371.2754   17.3821
    7.5000  -22.5000   37.5000 2353.2900   17.6661
   -7.5000  -15.0000   37.5000 2463.8811   16.0669
    0.0000  -15.0000   37.5000 2483.3418   15.8978
    7.5000  -15.0000   37.5000 2463.2388   16.1311
   -7.5000   -7.5000   37.5000 2557.6960   14.9410
    0.0000   -7.5000   37.5000 2581.4558   14.7884
    7.5000   -7.5000   37.5000 2558.3269   15.0005
   -7.5000    0.0000   37.5000 2626.0942   14.1270
    0.0000    0.0000   37.5000 2652.5469   14.0124
    7.5000    0.0000   37.5000 2624.6970   14.2188
   -7.5000    7.5000   37.5000 2671.9336   13.6142
    0.0000    7.5000   37.5000 2695.8286   13.5240
    7.5000    7.5000   37.5000 2669.9578   13.7345
   -7.5000   15.0000   37.5000 2683.0627   13.4222
    0.0000   15.0000   37.5000 2708.9434   13.3061
    7.5000   15.0000   37.5000 2683.5325   13.5367
   -7.5000   22.5000   37.5000 2667.7649   13.5761
    0.0000   22.5000   37.5000 2691.8193   13.4462
    7.5000   22.5000   37.5000 2666.1616   13.6693
   -7.5000   30.0000   37.5000 2617.1794   14.1065
    0.0000   30.0000   37.5000 2637.1919   13.9500
    7.5000   30.0000   37.5000 2613.0957   14.1985
   -7.5000   37.5000   37.5000 2539.9204   15.0117
    0.0000   37.5000   37.5000 2559.8760   14.8749
    7.5000   37.5000   37.5000 2535.2671   15.1265
   -7.5000   45.0000   37.5000 2429.7129   16.1931
    0.0000   45.0000   37.5000 2452.6143   16.0170
    7.5000   45.0000   37.5000 2431.1494   16.3169
   -7.5000  -45.0000   45.0000 1871.0839   26.6071
    0.0000  -45.0000   45.0000 1883.9720   26.2603
    7.5000  -45.0000   45.0000 1874.5642   26.5414
   -7.5000  -37.5000   45.0000 2024.8612   23.1973
    0.0000  -37.5000   45.0000 2044.7344   22.9649
    7.5000  -37.5000   45.0000 2038.0336   23.2459
   -7.5000  -30.0000   45.0000 2173.5964   20.5546
    0.0000  -30.0000   45.0000 2195.1924   20.3590
    7.5000  -30.0000   45.0000 2186.0183   20.6001
   -7.5000  -22.5000   45.0000 2300.9358   18.5321
    0.0000  -22.5000   45.0000 2318.3682   18.3726
    7.5000  -22.5000   45.0000 2307.9150   18.5900
   -7.5000  -15.0000   45.0000 2403.8975   17.0051
    0.0000  -15.0000   45.0000 2421.1975   16.8546
    7.5000  -15.0000   45.0000 2406.9998   17.0349
   -7.5000   -7.5000   45.0000 2485.4663   15.8837
    0.0000   -7.5000   45.0000 2508.3479   15.7456
    7.5000   -7.5000   45.0000 2488.7271   15.9294
   -7.5000    0.0000   45.0000 2544.3784   15.0908
    0.0000    0.0000   45.0000 2571.2170   14.9813
    7.5000    0.0000   45.0000 2550.3262   15.1582
   -7.5000    7.5000   45.0000 2576.5190   14.5451
    0.0000    7.5000   45.0000 2598.7993   14.4342
    7.5000    7.5000   45.0000 2581.6584   14.6307
   -7.5000   15.0000   45.0000 2577.4895   14.2600
    0.0000   15.0000   45.0000 2602.3010   14.1346
    7.5000   15.0000   45.0000 2587.0359   14.3611
   -7.5000   22.5000   45.0000 2562.0186   14.3593
    0.0000   22.5000   45.0000 2583.2498   14.2105
    7.5000   22.5000   45.0000 2570.2290   14.4334
   -7.5000   30.0000   45.0000 2518.4880   14.8657
    0.0000   30.0000   45.0000 2533.5217   14.7207
    7.5000   30.0000   45.0000 2516.6343   14.9301
   -7.5000   37.5000   45.0000 2447.1865   15.7364
    0.0000   37.5000   45.0000 2462.9226   15.6017
    7.5000   37.5000   45.0000 2447.3936   15.8563
   -7.5000   45.0000   45.0000 2346.6377   16.9322
    0.0000   45.0000   45.0000 2362.7654   16.7664
    7.5000   45.0000   45.0000 2347.7400   17.0301

---------------------------------------------------------------------
imgreg_4dfp /opt/freesurfer/average/711-2C_as_mni_average_305 /opt/freesurfer/average/711-2B_as_mni_average_305_mask talsrcimg_g11 none talsrcimg_to_711-2C_as_mni_average_305_t4 1283
---------------------------------------------------------------------

freesurfer imgreg_4dfp.c
/opt/freesurfer/average/711-2C_as_mni_average_305.4dfp.img
       256       256       256         1
  1.000000  1.000000  1.000000
orientation T byte_order littleendian
Reading image: /opt/freesurfer/average/711-2C_as_mni_average_305.4dfp.img
dimensions:      256       256       256
mmppix:       1.0000   -1.0000   -1.0000
center:     128.0000 -129.0000 -129.0000
/opt/freesurfer/average/711-2B_as_mni_average_305_mask.4dfp.img
       256       256       256         1
  1.000000  1.000000  1.000000
orientation T byte_order littleendian
Reading mask: /opt/freesurfer/average/711-2B_as_mni_average_305_mask.4dfp.img (2306576 pixels)
talsrcimg_g11.4dfp.img
       256       256       256         1
  1.000000  1.000000  1.000000
orientation T byte_order littleendian
Reading image: talsrcimg_g11.4dfp.img
dimensions:      256       256       256
mmppix:       1.0000   -1.0000   -1.0000
center:     128.0000 -129.0000 -129.0000
rotation matrix determinant  1.000000
fimgreg.f
image alignment mode   1283 decimal      503 hex
parameters
    0.0000   15.0000   15.0000    0.0000    0.0000    0.0000
eta,q 0.90483 12.27393
niter,ni,del,rscale     5    3   12.0000    1.2000
parameter  2 -0.528306 -> -0.500000 qaram    1.1500
parameter  4 -2.464923 -> -0.500000 qaram    1.1500
parameter  5  0.727772 ->  0.500000 qaram    1.1500
parameter  6  1.035164 ->  0.500000 qaram    1.1500
parameters
    0.3300   18.4500   15.1936    3.4500   -3.4500   -3.4500
eta,q 0.91395 12.38615
  0.1057  0.1057  0.1027  0.1010  0.0876  0.0861
  0.1002  0.1005  0.0986  0.0988  0.0870  0.0859
  0.0968  0.0964  0.0943  0.0959  0.0875  0.0865
  0.0944  0.0939  0.0927  0.0925  0.0885  0.0870
  0.0950  0.0933  0.0942  0.0897  0.0906  0.0881
  0.0988  0.0929  0.0977  0.0883  0.0935  0.0893
  0.1038  0.0936  0.1016  0.0872  0.0955  0.0903
niter,ni,del,rscale     7    3   12.0000    1.2000
parameter  4 -1.613851 -> -0.500000 qaram    1.3225
parameters
    0.6231   18.0779   14.9713    7.4175   -4.6484   -3.0563
eta,q 0.91693 12.48693
  0.1005  0.0939  0.0950  0.0949  0.0870  0.0868
  0.0932  0.0877  0.0900  0.0919  0.0849  0.0848
  0.0872  0.0848  0.0863  0.0884  0.0831  0.0837
  0.0860  0.0863  0.0859  0.0859  0.0836  0.0831
  0.0884  0.0887  0.0874  0.0846  0.0852  0.0833
  0.0917  0.0900  0.0916  0.0832  0.0873  0.0845
  0.0972  0.0937  0.0957  0.0814  0.0901  0.0860
niter,ni,del,rscale     7    3   12.0000    1.2000
parameter  4 -0.775237 -> -0.500000 qaram    1.5209
parameters
    0.9307   16.9575   15.2825   11.9801   -5.1846   -2.6328
eta,q 0.92062 12.40477
  0.0949  0.0876  0.0938  0.0909  0.0841  0.0857
  0.0890  0.0849  0.0883  0.0863  0.0813  0.0837
  0.0847  0.0835  0.0835  0.0836  0.0796  0.0814
  0.0831  0.0831  0.0830  0.0831  0.0797  0.0796
  0.0842  0.0842  0.0837  0.0818  0.0811  0.0797
  0.0870  0.0869  0.0871  0.0793  0.0828  0.0820
  0.0930  0.0936  0.0914  0.0808  0.0848  0.0852
niter,ni,del,rscale     7    3   12.0000    1.2000
parameters
    0.9416   15.7108   16.0738   13.2460   -4.8876   -2.7968
eta,q 0.92120 12.30933
  0.0888  0.0864  0.0948  0.0856  0.0844  0.0842
  0.0839  0.0843  0.0877  0.0839  0.0814  0.0820
  0.0811  0.0822  0.0820  0.0836  0.0792  0.0800
  0.0794  0.0794  0.0808  0.0806  0.0787  0.0787
  0.0802  0.0818  0.0808  0.0782  0.0794  0.0794
  0.0834  0.0886  0.0843  0.0813  0.0810  0.0820
  0.0893  0.0959  0.0883  0.0849  0.0832  0.0853
niter,ni,del,rscale     6    3   12.0000    1.2000
parameters
    0.8272   14.9796   16.1520   14.0515   -4.7025   -2.8331
eta,q 0.92147 12.25339
  0.0873  0.0868  0.0918  0.0850  0.0842  0.0839
  0.0822  0.0853  0.0841  0.0844  0.0810  0.0818
  0.0800  0.0820  0.0804  0.0835  0.0789  0.0798
  0.0788  0.0788  0.0797  0.0796  0.0785  0.0785
  0.0792  0.0807  0.0809  0.0784  0.0792  0.0790
  0.0825  0.0866  0.0855  0.0821  0.0810  0.0815
  0.0885  0.0932  0.0898  0.0854  0.0832  0.0846
niter,ni,del,rscale     5    3   12.0000    1.2000
parameters
    0.8356   14.3331   16.1054   14.9347   -4.7423   -2.7753
eta,q 0.92183 12.20650
  0.0874  0.0865  0.0909  0.0853  0.0836  0.0837
  0.0824  0.0852  0.0835  0.0848  0.0805  0.0818
  0.0801  0.0820  0.0798  0.0836  0.0786  0.0796
  0.0785  0.0785  0.0792  0.0792  0.0782  0.0782
  0.0786  0.0803  0.0808  0.0785  0.0789  0.0787
  0.0820  0.0860  0.0854  0.0823  0.0810  0.0812
  0.0881  0.0923  0.0899  0.0854  0.0833  0.0841
niter,ni,del,rscale     4    3   12.0000    1.2000
parameters
    0.8828   13.7334   16.0318   15.7946   -4.8616   -2.6808
eta,q 0.92205 12.17266
  0.0873  0.0863  0.0902  0.0857  0.0832  0.0836
  0.0826  0.0846  0.0834  0.0852  0.0803  0.0816
  0.0802  0.0818  0.0795  0.0834  0.0786  0.0794
  0.0782  0.0781  0.0788  0.0788  0.0780  0.0780
  0.0781  0.0798  0.0804  0.0788  0.0788  0.0787
  0.0818  0.0855  0.0849  0.0826  0.0810  0.0811
  0.0881  0.0919  0.0896  0.0855  0.0833  0.0837
niter,ni,del,rscale     3    3   12.0000    1.2000
parameters
    0.9179   13.2220   15.9103   16.6405   -4.8917   -2.5570
eta,q 0.92208 12.15024
  0.0871  0.0865  0.0892  0.0859  0.0829  0.0836
  0.0826  0.0839  0.0834  0.0852  0.0804  0.0816
  0.0801  0.0813  0.0793  0.0830  0.0788  0.0793
  0.0780  0.0779  0.0785  0.0785  0.0779  0.0779
  0.0780  0.0793  0.0803  0.0794  0.0786  0.0789
  0.0818  0.0847  0.0847  0.0828  0.0808  0.0812
  0.0880  0.0914  0.0894  0.0853  0.0829  0.0834
niter,ni,del,rscale     2    3   12.0000    1.2000
parameters
    0.8775   12.7913   15.6935   17.5394   -4.7687   -2.3907
eta,q 0.92191 12.13180
  0.0867  0.0869  0.0881  0.0861  0.0825  0.0837
  0.0824  0.0835  0.0833  0.0851  0.0804  0.0816
  0.0800  0.0808  0.0796  0.0825  0.0791  0.0794
  0.0779  0.0779  0.0783  0.0784  0.0781  0.0781
  0.0783  0.0792  0.0801  0.0800  0.0787  0.0791
  0.0820  0.0841  0.0845  0.0827  0.0805  0.0812
  0.0880  0.0912  0.0894  0.0850  0.0822  0.0832
niter,ni,del,rscale     1    3   12.0000    1.2000
parameters
    0.7447   12.3860   15.4844   18.4197   -4.4077   -2.2785
eta,q 0.92148 12.11277
  0.0863  0.0873  0.0874  0.0860  0.0820  0.0837
  0.0822  0.0833  0.0832  0.0849  0.0803  0.0817
  0.0798  0.0803  0.0800  0.0820  0.0794  0.0796
  0.0781  0.0782  0.0783  0.0784  0.0786  0.0785
  0.0787  0.0796  0.0796  0.0805  0.0789  0.0795
  0.0822  0.0838  0.0839  0.0826  0.0800  0.0814
  0.0878  0.0911  0.0892  0.0847  0.0814  0.0834
registration optimization eta report
parameter search radius
    6.0000    6.9000    6.0000    9.1253    6.9000    6.9000
100000*second partial in parameter space
       25.       22.       27.        7.        6.       10.
  0.0863  0.0873  0.0874  0.0860  0.0820  0.0837
  0.0822  0.0833  0.0832  0.0849  0.0803  0.0817
  0.0798  0.0803  0.0800  0.0820  0.0794  0.0796
  0.0781  0.0782  0.0783  0.0784  0.0786  0.0785
  0.0787  0.0796  0.0796  0.0805  0.0789  0.0795
  0.0822  0.0838  0.0839  0.0826  0.0800  0.0814
  0.0878  0.0911  0.0892  0.0847  0.0814  0.0834
    0.7447   12.3860   15.4844   18.4197   -4.4077   -2.2785
eta,q 0.92148 12.11277

---------------------------------------------------------------------
imgreg_4dfp /opt/freesurfer/average/711-2C_as_mni_average_305 /opt/freesurfer/average/711-2B_as_mni_average_305_mask talsrcimg_g11 none talsrcimg_to_711-2C_as_mni_average_305_t4 3335
---------------------------------------------------------------------

freesurfer imgreg_4dfp.c
/opt/freesurfer/average/711-2C_as_mni_average_305.4dfp.img
       256       256       256         1
  1.000000  1.000000  1.000000
orientation T byte_order littleendian
Reading image: /opt/freesurfer/average/711-2C_as_mni_average_305.4dfp.img
dimensions:      256       256       256
mmppix:       1.0000   -1.0000   -1.0000
center:     128.0000 -129.0000 -129.0000
/opt/freesurfer/average/711-2B_as_mni_average_305_mask.4dfp.img
       256       256       256         1
  1.000000  1.000000  1.000000
orientation T byte_order littleendian
Reading mask: /opt/freesurfer/average/711-2B_as_mni_average_305_mask.4dfp.img (2306576 pixels)
talsrcimg_g11.4dfp.img
       256       256       256         1
  1.000000  1.000000  1.000000
orientation T byte_order littleendian
Reading image: talsrcimg_g11.4dfp.img
dimensions:      256       256       256
mmppix:       1.0000   -1.0000   -1.0000
center:     128.0000 -129.0000 -129.0000
fimgreg.f
image alignment mode   3335 decimal      D07 hex
parameters
    0.7447   12.3860   15.4844   -0.3746   -5.2948   -5.4039
    6.1984    6.0296   -3.9638  -31.8625   -7.6853   31.5041
eta,q 0.92071 12.20908
niter,ni,del,rscale     5    3    5.0000    1.2000
parameter  4  5.445508 ->  0.500000 qaram    1.1500
parameter  5  2.884460 ->  0.500000 qaram    1.1500
parameter  6  2.559613 ->  0.500000 qaram    1.1500
parameter 10 -0.597511 -> -0.500000 qaram    1.1500
parameter 11 -0.644275 -> -0.500000 qaram    1.1500
parameter 12  1.769661 ->  0.500000 qaram    1.1500
parameters
    0.6317   12.0815   16.3365   -4.5146   -9.4348   -9.5439
    4.8977    6.2363   -1.5608  -27.7225   -3.5453   27.3641
eta,q 0.94679 10.79854
  0.0806  0.0804  0.0815  0.0654  0.0614  0.0517  0.0573  0.0595  0.0582  0.0623  0.0583  0.0520
  0.0798  0.0797  0.0805  0.0699  0.0641  0.0555  0.0568  0.0579  0.0574  0.0598  0.0572  0.0529
  0.0794  0.0793  0.0797  0.0745  0.0674  0.0596  0.0566  0.0569  0.0568  0.0578  0.0564  0.0540
  0.0793  0.0793  0.0793  0.0791  0.0711  0.0650  0.0565  0.0565  0.0565  0.0564  0.0557  0.0553
  0.0795  0.0796  0.0791  0.0841  0.0755  0.0710  0.0568  0.0567  0.0564  0.0559  0.0554  0.0569
  0.0800  0.0802  0.0793  0.0895  0.0802  0.0777  0.0574  0.0576  0.0565  0.0557  0.0553  0.0588
  0.0808  0.0810  0.0796  0.0956  0.0851  0.0847  0.0583  0.0593  0.0568  0.0559  0.0555  0.0611
niter,ni,del,rscale     7    3    5.0000    1.2000
parameter  2 -1.923075 -> -0.500000 qaram    1.1500
parameter  4  2.749869 ->  0.500000 qaram    1.3225
parameter  5  1.449625 ->  0.500000 qaram    1.3225
parameter  6  1.829235 ->  0.500000 qaram    1.3225
parameter 12  1.553886 ->  0.500000 qaram    1.3225
parameters
    0.3128   13.4615   15.3328   -9.2756  -14.1958  -14.3049
    4.5817    5.4928   -2.4071  -27.3267   -5.2237   22.6031
eta,q 0.97040  9.92620
  0.0542  0.0572  0.0517  0.0401  0.0375  0.0293  0.0340  0.0356  0.0334  0.0364  0.0334  0.0288
  0.0536  0.0556  0.0514  0.0426  0.0388  0.0312  0.0330  0.0334  0.0326  0.0340  0.0324  0.0293
  0.0532  0.0543  0.0513  0.0464  0.0407  0.0350  0.0324  0.0322  0.0321  0.0325  0.0319  0.0304
  0.0532  0.0532  0.0515  0.0513  0.0436  0.0393  0.0321  0.0321  0.0320  0.0320  0.0320  0.0319
  0.0534  0.0522  0.0519  0.0564  0.0470  0.0441  0.0324  0.0330  0.0324  0.0324  0.0326  0.0336
  0.0540  0.0513  0.0525  0.0617  0.0508  0.0496  0.0332  0.0347  0.0332  0.0336  0.0336  0.0357
  0.0550  0.0508  0.0533  0.0674  0.0558  0.0565  0.0345  0.0371  0.0343  0.0355  0.0351  0.0380
niter,ni,del,rscale     7    3    5.0000    1.2000
parameter  2 -1.018273 -> -0.500000 qaram    1.3225
parameter  4  0.606364 ->  0.500000 qaram    1.5209
parameters
    0.5310   15.0485   14.6216  -14.7507  -17.6935  -18.1374
    4.9820    6.6878   -3.6562  -24.3316   -6.3769   20.5795
eta,q 0.97667  9.59067
  0.0333  0.0360  0.0286  0.0264  0.0261  0.0263  0.0262  0.0282  0.0248  0.0283  0.0248  0.0246
  0.0315  0.0335  0.0279  0.0252  0.0250  0.0251  0.0251  0.0261  0.0242  0.0261  0.0239  0.0237
  0.0302  0.0313  0.0275  0.0251  0.0245  0.0238  0.0244  0.0248  0.0238  0.0246  0.0235  0.0233
  0.0296  0.0296  0.0277  0.0275  0.0250  0.0245  0.0241  0.0241  0.0238  0.0238  0.0235  0.0234
  0.0298  0.0283  0.0284  0.0326  0.0266  0.0283  0.0242  0.0238  0.0242  0.0235  0.0238  0.0238
  0.0306  0.0276  0.0295  0.0388  0.0293  0.0334  0.0248  0.0245  0.0249  0.0236  0.0246  0.0248
  0.0322  0.0274  0.0311  0.0453  0.0333  0.0397  0.0258  0.0263  0.0259  0.0245  0.0258  0.0265
niter,ni,del,rscale     7    3    5.0000    1.2000
parameter  2 -0.532978 -> -0.500000 qaram    1.5209
parameter  3  0.601494 ->  0.500000 qaram    1.1500
parameters
    1.1850   16.8735   13.2416  -14.8946  -16.2916  -19.3311
    5.0792    7.4209   -3.6313  -22.8733   -7.3572   18.0417
eta,q 0.97820  9.59390
  0.0268  0.0293  0.0220  0.0269  0.0265  0.0258  0.0244  0.0261  0.0239  0.0267  0.0231  0.0229
  0.0252  0.0267  0.0216  0.0252  0.0244  0.0246  0.0233  0.0241  0.0229  0.0243  0.0223  0.0221
  0.0240  0.0246  0.0217  0.0234  0.0227  0.0234  0.0225  0.0228  0.0223  0.0229  0.0220  0.0218
  0.0233  0.0231  0.0222  0.0216  0.0217  0.0215  0.0222  0.0222  0.0221  0.0221  0.0220  0.0220
  0.0231  0.0223  0.0230  0.0209  0.0216  0.0217  0.0224  0.0222  0.0223  0.0221  0.0223  0.0225
  0.0235  0.0223  0.0241  0.0236  0.0226  0.0255  0.0232  0.0230  0.0229  0.0228  0.0228  0.0235
  0.0244  0.0230  0.0254  0.0293  0.0246  0.0310  0.0243  0.0249  0.0238  0.0243  0.0237  0.0252
niter,ni,del,rscale     7    3    5.0000    1.2000
parameters
    1.2177   17.2084   12.9553  -14.8557  -15.6672  -19.1990
    5.0388    7.6054   -3.3312  -22.3138   -7.5972   17.2942
eta,q 0.97848  9.61206
  0.0242  0.0273  0.0231  0.0267  0.0264  0.0261  0.0238  0.0252  0.0236  0.0258  0.0229  0.0233
  0.0229  0.0246  0.0222  0.0250  0.0243  0.0246  0.0226  0.0232  0.0225  0.0235  0.0220  0.0222
  0.0221  0.0227  0.0218  0.0234  0.0226  0.0234  0.0218  0.0220  0.0218  0.0221  0.0216  0.0216
  0.0218  0.0218  0.0218  0.0217  0.0217  0.0217  0.0216  0.0216  0.0216  0.0215  0.0215  0.0215
  0.0220  0.0221  0.0221  0.0208  0.0219  0.0203  0.0218  0.0217  0.0217  0.0219  0.0218  0.0219
  0.0228  0.0234  0.0227  0.0231  0.0232  0.0229  0.0226  0.0228  0.0223  0.0229  0.0222  0.0226
  0.0241  0.0256  0.0237  0.0286  0.0256  0.0279  0.0239  0.0250  0.0233  0.0247  0.0230  0.0240
niter,ni,del,rscale     6    3    5.0000    1.2000
parameters
    1.1981   17.3662   12.8498  -14.9360  -15.4317  -19.1205
    4.9331    7.6612   -3.2045  -22.0506   -7.6534   16.9655
eta,q 0.97853  9.61586
  0.0239  0.0267  0.0231  0.0265  0.0261  0.0261  0.0237  0.0250  0.0234  0.0256  0.0229  0.0234
  0.0226  0.0241  0.0221  0.0248  0.0240  0.0245  0.0225  0.0231  0.0224  0.0233  0.0220  0.0223
  0.0218  0.0223  0.0216  0.0232  0.0224  0.0232  0.0217  0.0219  0.0217  0.0219  0.0216  0.0216
  0.0215  0.0215  0.0215  0.0215  0.0216  0.0215  0.0215  0.0215  0.0215  0.0215  0.0215  0.0215
  0.0218  0.0220  0.0218  0.0207  0.0219  0.0202  0.0218  0.0217  0.0217  0.0219  0.0217  0.0217
  0.0226  0.0236  0.0223  0.0231  0.0234  0.0229  0.0226  0.0228  0.0223  0.0231  0.0221  0.0225
  0.0240  0.0259  0.0233  0.0287  0.0260  0.0279  0.0239  0.0250  0.0233  0.0250  0.0229  0.0238
niter,ni,del,rscale     5    3    5.0000    1.2000
parameters
    1.1949   17.4388   12.8197  -14.9679  -15.3282  -19.0748
    4.8782    7.6819   -3.1643  -21.9325   -7.6719   16.8193
eta,q 0.97856  9.61778
  0.0239  0.0265  0.0232  0.0264  0.0260  0.0261  0.0237  0.0249  0.0234  0.0255  0.0229  0.0235
  0.0226  0.0239  0.0221  0.0248  0.0239  0.0245  0.0225  0.0230  0.0223  0.0232  0.0220  0.0223
  0.0217  0.0221  0.0216  0.0232  0.0223  0.0232  0.0217  0.0219  0.0217  0.0218  0.0215  0.0216
  0.0215  0.0215  0.0215  0.0215  0.0215  0.0215  0.0214  0.0214  0.0214  0.0214  0.0214  0.0214
  0.0217  0.0220  0.0217  0.0206  0.0219  0.0202  0.0217  0.0217  0.0216  0.0219  0.0216  0.0217
  0.0225  0.0237  0.0223  0.0230  0.0234  0.0229  0.0225  0.0228  0.0223  0.0232  0.0221  0.0224
  0.0239  0.0261  0.0232  0.0286  0.0262  0.0280  0.0238  0.0251  0.0233  0.0251  0.0228  0.0237
niter,ni,del,rscale     4    3    5.0000    1.2000
parameters
    1.1955   17.4704   12.8059  -14.9793  -15.2844  -19.0552
    4.8600    7.6880   -3.1510  -21.8789   -7.6817   16.7617
eta,q 0.97856  9.61873
  0.0239  0.0264  0.0232  0.0264  0.0259  0.0261  0.0237  0.0249  0.0233  0.0254  0.0229  0.0235
  0.0225  0.0238  0.0221  0.0248  0.0239  0.0245  0.0225  0.0230  0.0223  0.0232  0.0220  0.0224
  0.0217  0.0221  0.0216  0.0231  0.0223  0.0232  0.0217  0.0218  0.0217  0.0218  0.0215  0.0217
  0.0214  0.0214  0.0214  0.0214  0.0214  0.0214  0.0214  0.0214  0.0214  0.0214  0.0214  0.0214
  0.0217  0.0221  0.0217  0.0206  0.0219  0.0202  0.0217  0.0217  0.0216  0.0220  0.0216  0.0217
  0.0225  0.0237  0.0222  0.0229  0.0234  0.0229  0.0225  0.0228  0.0223  0.0232  0.0221  0.0223
  0.0239  0.0262  0.0231  0.0286  0.0262  0.0280  0.0238  0.0251  0.0233  0.0252  0.0228  0.0236
registration optimization eta report
parameter search radius
    2.4000    3.6501    2.7600   10.9503    9.5220    9.5220
    7.2000    7.2000    7.2000    8.2800    8.2800    9.5220
100000*second partial in parameter space
       42.       36.       22.        5.        5.        6.
        4.        7.        4.        6.        2.        2.
  0.0239  0.0264  0.0232  0.0264  0.0259  0.0261  0.0237  0.0249  0.0233  0.0254  0.0229  0.0235
  0.0225  0.0238  0.0221  0.0248  0.0239  0.0245  0.0225  0.0230  0.0223  0.0232  0.0220  0.0224
  0.0217  0.0221  0.0216  0.0231  0.0223  0.0232  0.0217  0.0218  0.0217  0.0218  0.0215  0.0217
  0.0214  0.0214  0.0214  0.0214  0.0214  0.0214  0.0214  0.0214  0.0214  0.0214  0.0214  0.0214
  0.0217  0.0221  0.0217  0.0206  0.0219  0.0202  0.0217  0.0217  0.0216  0.0220  0.0216  0.0217
  0.0225  0.0237  0.0222  0.0229  0.0234  0.0229  0.0225  0.0228  0.0223  0.0232  0.0221  0.0223
  0.0239  0.0262  0.0231  0.0286  0.0262  0.0280  0.0238  0.0251  0.0233  0.0252  0.0228  0.0236
    1.1955   17.4704   12.8059  -14.9793  -15.2844  -19.0552
    4.8600    7.6880   -3.1510  -21.8789   -7.6817   16.7617
eta,q 0.97856  9.61873

---------------------------------------------------------------------
imgreg_4dfp /opt/freesurfer/average/711-2C_as_mni_average_305 /opt/freesurfer/average/711-2B_as_mni_average_305_mask talsrcimg_g11 none talsrcimg_to_711-2C_as_mni_average_305_t4 2311
---------------------------------------------------------------------

freesurfer imgreg_4dfp.c
/opt/freesurfer/average/711-2C_as_mni_average_305.4dfp.img
       256       256       256         1
  1.000000  1.000000  1.000000
orientation T byte_order littleendian
Reading image: /opt/freesurfer/average/711-2C_as_mni_average_305.4dfp.img
dimensions:      256       256       256
mmppix:       1.0000   -1.0000   -1.0000
center:     128.0000 -129.0000 -129.0000
/opt/freesurfer/average/711-2B_as_mni_average_305_mask.4dfp.img
       256       256       256         1
  1.000000  1.000000  1.000000
orientation T byte_order littleendian
Reading mask: /opt/freesurfer/average/711-2B_as_mni_average_305_mask.4dfp.img (2306576 pixels)
talsrcimg_g11.4dfp.img
       256       256       256         1
  1.000000  1.000000  1.000000
orientation T byte_order littleendian
Reading image: talsrcimg_g11.4dfp.img
dimensions:      256       256       256
mmppix:       1.0000   -1.0000   -1.0000
center:     128.0000 -129.0000 -129.0000
fimgreg.f
image alignment mode   2311 decimal      907 hex
parameters
    1.1955   17.4704   12.8059  -14.9793  -15.2844  -19.0552
    4.8600    7.6880   -3.1510  -21.8789   -7.6817   16.7617
eta,q 0.97856  9.61874
niter,ni,del,rscale     5    3    5.0000    0.8000
parameter  4 -0.935389 -> -0.500000 qaram    1.1500
parameters
    1.2029   17.4481   12.7376  -12.2193  -15.6451  -17.0327
    4.7643    7.8476   -3.1464  -21.1969   -7.4411   15.6459
eta,q 0.98044  9.72145
  0.0225  0.0225  0.0219  0.0237  0.0218  0.0232  0.0210  0.0228  0.0208  0.0221  0.0209  0.0200
  0.0219  0.0219  0.0216  0.0229  0.0211  0.0224  0.0203  0.0212  0.0201  0.0209  0.0202  0.0197
  0.0216  0.0215  0.0215  0.0222  0.0207  0.0216  0.0198  0.0201  0.0198  0.0200  0.0198  0.0196
  0.0214  0.0214  0.0214  0.0214  0.0206  0.0206  0.0196  0.0196  0.0196  0.0196  0.0196  0.0196
  0.0216  0.0216  0.0215  0.0208  0.0208  0.0197  0.0198  0.0199  0.0198  0.0197  0.0197  0.0198
  0.0219  0.0219  0.0217  0.0205  0.0214  0.0198  0.0203  0.0209  0.0201  0.0201  0.0200  0.0202
  0.0225  0.0225  0.0220  0.0208  0.0222  0.0212  0.0212  0.0225  0.0208  0.0210  0.0206  0.0209
niter,ni,del,rscale     5    3    5.0000    0.8000
parameters
    1.0432   17.4142   13.0521  -12.8516  -15.5037  -16.9609
    4.7718    7.6816   -3.2317  -21.1294   -7.3912   15.8045
eta,q 0.98045  9.71015
  0.0209  0.0207  0.0212  0.0218  0.0211  0.0224  0.0209  0.0221  0.0206  0.0214  0.0206  0.0203
  0.0201  0.0200  0.0204  0.0208  0.0204  0.0216  0.0202  0.0208  0.0200  0.0204  0.0200  0.0199
  0.0196  0.0197  0.0198  0.0199  0.0198  0.0205  0.0197  0.0199  0.0197  0.0198  0.0197  0.0197
  0.0196  0.0195  0.0195  0.0195  0.0196  0.0196  0.0196  0.0196  0.0196  0.0196  0.0196  0.0196
  0.0199  0.0197  0.0195  0.0199  0.0197  0.0196  0.0197  0.0199  0.0197  0.0198  0.0197  0.0196
  0.0206  0.0201  0.0198  0.0213  0.0202  0.0208  0.0202  0.0210  0.0201  0.0204  0.0200  0.0198
  0.0216  0.0208  0.0202  0.0237  0.0210  0.0230  0.0209  0.0226  0.0207  0.0213  0.0206  0.0203
niter,ni,del,rscale     4    3    5.0000    0.7000
parameters
    1.0499   17.4143   13.0614  -12.7709  -15.5364  -16.7954
    4.8039    7.6701   -3.2526  -21.1201   -7.3563   15.7240
eta,q 0.98051  9.71387
  0.0208  0.0205  0.0204  0.0217  0.0207  0.0221  0.0206  0.0217  0.0203  0.0209  0.0203  0.0200
  0.0201  0.0200  0.0199  0.0208  0.0201  0.0212  0.0200  0.0206  0.0199  0.0201  0.0199  0.0197
  0.0197  0.0196  0.0196  0.0201  0.0197  0.0203  0.0196  0.0198  0.0196  0.0196  0.0196  0.0196
  0.0196  0.0196  0.0196  0.0196  0.0195  0.0195  0.0195  0.0195  0.0195  0.0195  0.0195  0.0195
  0.0197  0.0197  0.0197  0.0196  0.0197  0.0195  0.0196  0.0197  0.0196  0.0197  0.0196  0.0195
  0.0201  0.0200  0.0199  0.0203  0.0201  0.0205  0.0200  0.0205  0.0199  0.0202  0.0199  0.0197
  0.0208  0.0204  0.0204  0.0219  0.0207  0.0222  0.0206  0.0218  0.0203  0.0209  0.0203  0.0201
niter,ni,del,rscale     3    3    5.0000    0.6000
parameters
    1.0445   17.4011   13.0927  -12.6256  -15.5868  -16.6199
    4.7998    7.6672   -3.2615  -21.0757   -7.3507   15.6288
eta,q 0.98056  9.71840
  0.0204  0.0201  0.0202  0.0212  0.0203  0.0216  0.0202  0.0212  0.0201  0.0205  0.0201  0.0198
  0.0199  0.0198  0.0198  0.0205  0.0199  0.0208  0.0198  0.0203  0.0197  0.0199  0.0197  0.0196
  0.0196  0.0196  0.0196  0.0199  0.0196  0.0200  0.0195  0.0197  0.0195  0.0196  0.0195  0.0195
  0.0195  0.0195  0.0195  0.0195  0.0195  0.0195  0.0194  0.0194  0.0194  0.0194  0.0194  0.0194
  0.0196  0.0196  0.0196  0.0195  0.0196  0.0195  0.0195  0.0196  0.0195  0.0196  0.0195  0.0195
  0.0199  0.0198  0.0198  0.0201  0.0199  0.0202  0.0198  0.0202  0.0197  0.0199  0.0197  0.0196
  0.0204  0.0202  0.0201  0.0212  0.0204  0.0216  0.0203  0.0212  0.0201  0.0205  0.0201  0.0199
niter,ni,del,rscale     2    3    5.0000    0.5000
parameters
    1.0371   17.3952   13.1247  -12.5097  -15.6223  -16.4670
    4.7937    7.6714   -3.2641  -21.0367   -7.3365   15.5212
eta,q 0.98060  9.72198
  0.0201  0.0199  0.0199  0.0207  0.0200  0.0211  0.0200  0.0207  0.0199  0.0202  0.0199  0.0197
  0.0197  0.0196  0.0197  0.0202  0.0197  0.0204  0.0197  0.0200  0.0196  0.0198  0.0196  0.0195
  0.0195  0.0195  0.0195  0.0197  0.0195  0.0198  0.0195  0.0196  0.0195  0.0195  0.0195  0.0194
  0.0194  0.0194  0.0194  0.0194  0.0194  0.0194  0.0194  0.0194  0.0194  0.0194  0.0194  0.0194
  0.0195  0.0195  0.0195  0.0195  0.0195  0.0195  0.0195  0.0195  0.0195  0.0195  0.0195  0.0194
  0.0197  0.0197  0.0196  0.0199  0.0197  0.0200  0.0197  0.0200  0.0196  0.0197  0.0196  0.0195
  0.0201  0.0199  0.0199  0.0207  0.0201  0.0210  0.0200  0.0207  0.0199  0.0201  0.0199  0.0197
niter,ni,del,rscale     1    3    5.0000    0.4000
parameters
    1.0352   17.3871   13.1531  -12.4224  -15.6411  -16.3372
    4.7896    7.6746   -3.2633  -20.9981   -7.3284   15.4566
eta,q 0.98061  9.72523
  0.0198  0.0197  0.0197  0.0203  0.0198  0.0206  0.0198  0.0202  0.0197  0.0199  0.0197  0.0196
  0.0196  0.0195  0.0195  0.0199  0.0196  0.0201  0.0196  0.0198  0.0195  0.0196  0.0195  0.0195
  0.0194  0.0194  0.0194  0.0196  0.0194  0.0196  0.0194  0.0195  0.0194  0.0194  0.0194  0.0194
  0.0194  0.0194  0.0194  0.0194  0.0194  0.0194  0.0194  0.0194  0.0194  0.0194  0.0194  0.0194
  0.0195  0.0194  0.0194  0.0194  0.0194  0.0194  0.0194  0.0195  0.0194  0.0194  0.0194  0.0194
  0.0196  0.0195  0.0195  0.0197  0.0196  0.0198  0.0196  0.0198  0.0195  0.0196  0.0195  0.0195
  0.0198  0.0197  0.0197  0.0202  0.0198  0.0205  0.0198  0.0202  0.0197  0.0199  0.0197  0.0196
registration optimization eta report
parameter search radius
    0.8000    0.8000    0.8000    2.7600    2.4000    2.4000
    2.4000    2.4000    2.4000    2.4000    2.4000    2.4000
100000*second partial in parameter space
       67.       47.       47.       11.        7.       20.
        7.       15.        5.        9.        5.        3.
  0.0198  0.0197  0.0197  0.0203  0.0198  0.0206  0.0198  0.0202  0.0197  0.0199  0.0197  0.0196
  0.0196  0.0195  0.0195  0.0199  0.0196  0.0201  0.0196  0.0198  0.0195  0.0196  0.0195  0.0195
  0.0194  0.0194  0.0194  0.0196  0.0194  0.0196  0.0194  0.0195  0.0194  0.0194  0.0194  0.0194
  0.0194  0.0194  0.0194  0.0194  0.0194  0.0194  0.0194  0.0194  0.0194  0.0194  0.0194  0.0194
  0.0195  0.0194  0.0194  0.0194  0.0194  0.0194  0.0194  0.0195  0.0194  0.0194  0.0194  0.0194
  0.0196  0.0195  0.0195  0.0197  0.0196  0.0198  0.0196  0.0198  0.0195  0.0196  0.0195  0.0195
  0.0198  0.0197  0.0197  0.0202  0.0198  0.0205  0.0198  0.0202  0.0197  0.0199  0.0197  0.0196
    1.0352   17.3871   13.1531  -12.4224  -15.6411  -16.3372
    4.7896    7.6746   -3.2633  -20.9981   -7.3284   15.4566
eta,q 0.98061  9.72523

---------------------------------------------------------------------
imgreg_4dfp /opt/freesurfer/average/711-2C_as_mni_average_305 /opt/freesurfer/average/711-2B_as_mni_average_305_mask talsrcimg_g11 none talsrcimg_to_711-2C_as_mni_average_305_t4 2311
---------------------------------------------------------------------

freesurfer imgreg_4dfp.c
/opt/freesurfer/average/711-2C_as_mni_average_305.4dfp.img
       256       256       256         1
  1.000000  1.000000  1.000000
orientation T byte_order littleendian
Reading image: /opt/freesurfer/average/711-2C_as_mni_average_305.4dfp.img
dimensions:      256       256       256
mmppix:       1.0000   -1.0000   -1.0000
center:     128.0000 -129.0000 -129.0000
/opt/freesurfer/average/711-2B_as_mni_average_305_mask.4dfp.img
       256       256       256         1
  1.000000  1.000000  1.000000
orientation T byte_order littleendian
Reading mask: /opt/freesurfer/average/711-2B_as_mni_average_305_mask.4dfp.img (2306576 pixels)
talsrcimg_g11.4dfp.img
       256       256       256         1
  1.000000  1.000000  1.000000
orientation T byte_order littleendian
Reading image: talsrcimg_g11.4dfp.img
dimensions:      256       256       256
mmppix:       1.0000   -1.0000   -1.0000
center:     128.0000 -129.0000 -129.0000
fimgreg.f
image alignment mode   2311 decimal      907 hex
parameters
    1.0352   17.3871   13.1531  -12.4224  -15.6411  -16.3372
    4.7896    7.6746   -3.2633  -20.9981   -7.3284   15.4566
eta,q 0.98061  9.72523
niter,ni,del,rscale     5    3    5.0000    0.8000
parameters
    1.0292   17.3978   13.2269  -12.8592  -15.6087  -16.7062
    4.8079    7.6184   -3.2818  -21.0900   -7.3376   15.7810
eta,q 0.98050  9.71114
  0.0211  0.0206  0.0207  0.0213  0.0209  0.0222  0.0209  0.0222  0.0206  0.0213  0.0206  0.0203
  0.0201  0.0199  0.0200  0.0204  0.0202  0.0212  0.0201  0.0208  0.0200  0.0203  0.0200  0.0199
  0.0196  0.0195  0.0195  0.0197  0.0197  0.0201  0.0197  0.0199  0.0196  0.0197  0.0196  0.0196
  0.0194  0.0194  0.0194  0.0194  0.0194  0.0194  0.0195  0.0195  0.0195  0.0195  0.0195  0.0195
  0.0196  0.0195  0.0195  0.0196  0.0196  0.0198  0.0197  0.0198  0.0196  0.0198  0.0196  0.0195
  0.0202  0.0199  0.0199  0.0207  0.0201  0.0214  0.0201  0.0209  0.0200  0.0204  0.0200  0.0197
  0.0211  0.0205  0.0205  0.0225  0.0209  0.0238  0.0209  0.0224  0.0206  0.0214  0.0206  0.0201
niter,ni,del,rscale     4    3    5.0000    0.7000
parameters
    1.0471   17.3935   13.1285  -12.6529  -15.6278  -16.7412
    4.8143    7.6383   -3.2751  -21.1211   -7.3338   15.7435
eta,q 0.98053  9.71516
  0.0208  0.0204  0.0203  0.0213  0.0206  0.0219  0.0205  0.0217  0.0203  0.0209  0.0203  0.0200
  0.0201  0.0199  0.0198  0.0205  0.0200  0.0211  0.0200  0.0206  0.0199  0.0201  0.0198  0.0197
  0.0196  0.0196  0.0195  0.0199  0.0196  0.0201  0.0196  0.0198  0.0196  0.0196  0.0196  0.0195
  0.0195  0.0195  0.0195  0.0195  0.0195  0.0195  0.0195  0.0195  0.0195  0.0195  0.0195  0.0195
  0.0196  0.0196  0.0196  0.0195  0.0196  0.0196  0.0196  0.0197  0.0196  0.0197  0.0196  0.0195
  0.0200  0.0199  0.0200  0.0200  0.0200  0.0207  0.0200  0.0205  0.0199  0.0201  0.0199  0.0197
  0.0207  0.0204  0.0205  0.0212  0.0206  0.0225  0.0205  0.0217  0.0203  0.0209  0.0203  0.0201
niter,ni,del,rscale     3    3    5.0000    0.6000
parameters
    1.0395   17.3888   13.1088  -12.5003  -15.6507  -16.6322
    4.8035    7.6481   -3.2677  -21.0833   -7.3293   15.6422
eta,q 0.98057  9.71937
  0.0204  0.0201  0.0201  0.0209  0.0203  0.0216  0.0202  0.0212  0.0201  0.0205  0.0201  0.0198
  0.0199  0.0198  0.0197  0.0203  0.0199  0.0208  0.0198  0.0203  0.0197  0.0199  0.0197  0.0196
  0.0196  0.0195  0.0195  0.0197  0.0196  0.0200  0.0195  0.0197  0.0195  0.0195  0.0195  0.0195
  0.0195  0.0195  0.0195  0.0195  0.0194  0.0195  0.0194  0.0194  0.0194  0.0194  0.0194  0.0194
  0.0196  0.0195  0.0196  0.0195  0.0195  0.0195  0.0195  0.0196  0.0195  0.0196  0.0195  0.0195
  0.0199  0.0198  0.0198  0.0199  0.0199  0.0203  0.0198  0.0202  0.0197  0.0199  0.0197  0.0196
  0.0204  0.0201  0.0201  0.0208  0.0204  0.0217  0.0203  0.0212  0.0201  0.0205  0.0201  0.0199
niter,ni,del,rscale     2    3    5.0000    0.5000
parameters
    1.0316   17.3874   13.1262  -12.4054  -15.6584  -16.4868
    4.7867    7.6564   -3.2681  -21.0357   -7.3217   15.5241
eta,q 0.98060  9.72299
  0.0201  0.0199  0.0199  0.0204  0.0200  0.0211  0.0200  0.0207  0.0199  0.0202  0.0199  0.0197
  0.0197  0.0196  0.0196  0.0200  0.0197  0.0204  0.0197  0.0200  0.0196  0.0198  0.0196  0.0195
  0.0195  0.0195  0.0195  0.0196  0.0195  0.0198  0.0195  0.0196  0.0194  0.0195  0.0194  0.0194
  0.0194  0.0194  0.0194  0.0194  0.0194  0.0194  0.0194  0.0194  0.0194  0.0194  0.0194  0.0194
  0.0195  0.0195  0.0195  0.0195  0.0195  0.0195  0.0195  0.0195  0.0195  0.0195  0.0195  0.0194
  0.0197  0.0196  0.0196  0.0198  0.0197  0.0200  0.0197  0.0200  0.0196  0.0197  0.0196  0.0195
  0.0201  0.0199  0.0199  0.0204  0.0201  0.0210  0.0200  0.0207  0.0199  0.0201  0.0199  0.0197
niter,ni,del,rscale     1    3    5.0000    0.4000
parameters
    1.0293   17.3885   13.1508  -12.3476  -15.6629  -16.3570
    4.7877    7.6616   -3.2717  -20.9898   -7.3179   15.4485
eta,q 0.98062  9.72596
  0.0198  0.0197  0.0197  0.0201  0.0198  0.0206  0.0198  0.0202  0.0197  0.0199  0.0197  0.0196
  0.0196  0.0195  0.0195  0.0197  0.0196  0.0201  0.0196  0.0198  0.0195  0.0196  0.0195  0.0195
  0.0194  0.0194  0.0194  0.0195  0.0194  0.0196  0.0194  0.0195  0.0194  0.0194  0.0194  0.0194
  0.0194  0.0194  0.0194  0.0194  0.0194  0.0194  0.0194  0.0194  0.0194  0.0194  0.0194  0.0194
  0.0195  0.0194  0.0194  0.0194  0.0194  0.0194  0.0194  0.0195  0.0194  0.0194  0.0194  0.0194
  0.0196  0.0195  0.0195  0.0197  0.0196  0.0198  0.0196  0.0198  0.0195  0.0196  0.0195  0.0195
  0.0198  0.0197  0.0197  0.0201  0.0198  0.0205  0.0198  0.0202  0.0197  0.0199  0.0197  0.0196
registration optimization eta report
parameter search radius
    0.8000    0.8000    0.8000    2.4000    2.4000    2.4000
    2.4000    2.4000    2.4000    2.4000    2.4000    2.4000
100000*second partial in parameter space
       67.       47.       47.       11.        7.       20.
        7.       15.        5.        9.        5.        3.
  0.0198  0.0197  0.0197  0.0201  0.0198  0.0206  0.0198  0.0202  0.0197  0.0199  0.0197  0.0196
  0.0196  0.0195  0.0195  0.0197  0.0196  0.0201  0.0196  0.0198  0.0195  0.0196  0.0195  0.0195
  0.0194  0.0194  0.0194  0.0195  0.0194  0.0196  0.0194  0.0195  0.0194  0.0194  0.0194  0.0194
  0.0194  0.0194  0.0194  0.0194  0.0194  0.0194  0.0194  0.0194  0.0194  0.0194  0.0194  0.0194
  0.0195  0.0194  0.0194  0.0194  0.0194  0.0194  0.0194  0.0195  0.0194  0.0194  0.0194  0.0194
  0.0196  0.0195  0.0195  0.0197  0.0196  0.0198  0.0196  0.0198  0.0195  0.0196  0.0195  0.0195
  0.0198  0.0197  0.0197  0.0201  0.0198  0.0205  0.0198  0.0202  0.0197  0.0199  0.0197  0.0196
    1.0293   17.3885   13.1508  -12.3476  -15.6629  -16.3570
    4.7877    7.6616   -3.2717  -20.9898   -7.3179   15.4485
eta,q 0.98062  9.72596

---------------------------------------------------------------------
compute_vox2vox talsrcimg talsrcimg_to_711-2C_as_mni_average_305_t4 /opt/freesurfer/average/711-2C_as_mni_average_305
---------------------------------------------------------------------

freesurfer compute_vox2vox.c
Reading: talsrcimg.4dfp.ifh
Reading: talsrcimg_to_711-2C_as_mni_average_305_t4
Reading: /opt/freesurfer/average/711-2C_as_mni_average_305.4dfp.ifh
Writing: talsrcimg_to_711-2C_as_mni_average_305_t4_vox2vox.txt

start time Fri Mar 13 03:52:12 CET 2026
end		time Fri Mar 13 03:52:26 CET 2026

mpr2mni305 success

avi2talxfm orig_nu.mgz /opt/freesurfer/average/mni305.cor.mgz talsrcimg_to_711-2C_as_mni_average_305_t4_vox2vox.txt transforms/talairach.auto.xfm
avi2talxfm done
mv -f /out/sourcedata/freesurfer/sub-v2s4x29591_ses-1/mri/talsrcimg_to_711-2C_as_mni_average_305_t4_vox2vox.txt /out/sourcedata/freesurfer/sub-v2s4x29591_ses-1/mri/transforms/talsrcimg_to_711-2C_as_mni_average_305_t4_vox2vox.txt
lta_convert --src orig_nu.mgz --trg /opt/freesurfer/average/mni305.cor.mgz --inxfm transforms/talairach.auto.xfm --outlta transforms/talairach.auto.xfm.lta --subject fsaverage
7.3.2

--src: orig_nu.mgz src image (geometry).
--trg: /opt/freesurfer/average/mni305.cor.mgz trg image (geometry).
--inmni: transforms/talairach.auto.xfm input MNI/XFM transform.
--outlta: transforms/talairach.auto.xfm.lta output LTA.
--s: fsaverage subject name
 LTA read, type : 1
 1.12971  -0.11432  -0.04319   0.23052;
 0.08676   1.13424  -0.21269   8.59377;
 0.06542   0.27785   1.13111  -22.07036;
 0.00000   0.00000   0.00000   1.00000;
setting subject to fsaverage
Writing  LTA to file transforms/talairach.auto.xfm.lta...
lta_convert successful.
 
 
Started at Fri Mar 13 03:52:12 CET 2026
Ended   at Fri Mar 13 03:52:27 CET 2026
talairach_avi done
