/out/sourcedata/freesurfer/sub-v2s4x29620_ses-1/mri
/opt/freesurfer/bin/talairach_avi
--i orig_nu.mgz --xfm transforms/talairach.auto.xfm
talairach_avi 7.3.2
Linux dna039 5.14.0-427.37.1.el9_4.x86_64 #1 SMP PREEMPT_DYNAMIC Fri Sep 13 12:41:50 EDT 2024 x86_64 x86_64 x86_64 GNU/Linux
Fri Mar 13 05:38:39 CET 2026
mri_convert orig_nu.mgz talsrcimg.img 
reading from orig_nu.mgz...
TR=0.00, TE=0.00, TI=0.00, flip angle=0.00
i_ras = (-1, -3.56522e-10, 0)
j_ras = (7.45058e-09, 1.16415e-10, -1)
k_ras = (3.63798e-10, 1, 1.16415e-10)
writing to talsrcimg.img...
Analyze Output Matrix
-1.00000   0.00000   0.00000   126.55043;
-0.00000   0.00000   1.00000  -131.55429;
 0.00000  -1.00000   0.00000   135.76736;
 0.00000   0.00000   0.00000   1.00000;
--------------------
INFO: set hdr.hist.orient to -1
mpr2mni305 talsrcimg
Fri Mar 13 05:38:40 CET 2026
/opt/freesurfer/bin/mpr2mni305 talsrcimg
mpr2mni305 7.3.2
target=711-2C_as_mni_average_305

---------------------------------------------------------------------
analyzeto4dfp talsrcimg -O0 -y
---------------------------------------------------------------------

freesurfer ifh2hdr.c
Fri Mar 13 05:38:40 2026
Writing: talsrcimg.4dfp.hdr
freesurfer analyzeto4dfp.c
Reading: talsrcimg.hdr
header size 348 bytes
hdr.dime.datatype	offset=70	value=2
hdr.dime.bitpix		offset=72	value=8
hdr.hist.orient		offset=252	value=-1
dimensionality     4
dimensions       256       256       256         1
Reading: talsrcimg.img
Writing: talsrcimg.4dfp.img
Writing: talsrcimg.4dfp.ifh
ifh2hdr talsrcimg -r0to255
ori=2

---------------------------------------------------------------------
gauss_4dfp talsrcimg 1.1
---------------------------------------------------------------------

freesurfer gauss_4dfp.c
Reading: talsrcimg.4dfp.img
Writing: talsrcimg_g11.4dfp.img
image dimensions 256 256 256 padded to 288 288 288
processing volume 1freesurfer ifh2hdr.c
Fri Mar 13 05:38:42 2026
Writing: talsrcimg_g11.4dfp.hdr

Writing: talsrcimg_g11.4dfp.ifh
including: talsrcimg.4dfp.img.rec in talsrcimg_g11.4dfp.img.rec

---------------------------------------------------------------------
imgreg_4dfp /opt/freesurfer/average/711-2C_as_mni_average_305 none talsrcimg_g11 none talsrcimg_to_711-2C_as_mni_average_305_t4 4355
---------------------------------------------------------------------

freesurfer imgreg_4dfp.c
/opt/freesurfer/average/711-2C_as_mni_average_305.4dfp.img
       256       256       256         1
  1.000000  1.000000  1.000000
orientation T byte_order littleendian
Reading image: /opt/freesurfer/average/711-2C_as_mni_average_305.4dfp.img
dimensions:      256       256       256
mmppix:       1.0000   -1.0000   -1.0000
center:     128.0000 -129.0000 -129.0000
talsrcimg_g11.4dfp.img
       256       256       256         1
  1.000000  1.000000  1.000000
orientation T byte_order littleendian
Reading image: talsrcimg_g11.4dfp.img
dimensions:      256       256       256
mmppix:       1.0000   -1.0000   -1.0000
center:     128.0000 -129.0000 -129.0000
t4_read: open error in t4_sub.f l:  41 t4_file(1:l)talsrcimg_to_711-2C_as_mni_average_305_t4 
t4_read: transform initialized to I4
rotation matrix determinant  1.000000
image alignment mode   4355 decimal     1103 hex
   -7.5000  -45.0000  -45.0000 6823.2397   14.0154
    0.0000  -45.0000  -45.0000 7130.1948   13.9884
    7.5000  -45.0000  -45.0000 6840.2637   13.9837
   -7.5000  -37.5000  -45.0000 7340.0698   13.9760
    0.0000  -37.5000  -45.0000 7682.0396   13.9450
    7.5000  -37.5000  -45.0000 7353.9897   13.9337
   -7.5000  -30.0000  -45.0000 8180.1333   13.9581
    0.0000  -30.0000  -45.0000 8552.2236   13.9271
    7.5000  -30.0000  -45.0000 8185.6494   13.9138
   -7.5000  -22.5000  -45.0000 9015.4727   13.9401
    0.0000  -22.5000  -45.0000 9413.1514   13.9130
    7.5000  -22.5000  -45.0000 8998.5098   13.9043
   -7.5000  -15.0000  -45.0000 9750.7061   13.9389
    0.0000  -15.0000  -45.000010171.4199   13.9145
    7.5000  -15.0000  -45.0000 9718.0400   13.9120
   -7.5000   -7.5000  -45.000010433.1416   13.9589
    0.0000   -7.5000  -45.000010918.5732   13.9349
    7.5000   -7.5000  -45.000010406.5078   13.9344
   -7.5000    0.0000  -45.000011030.4863   13.9780
    0.0000    0.0000  -45.000011576.6895   13.9512
    7.5000    0.0000  -45.000011024.7793   13.9465
   -7.5000    7.5000  -45.000010845.7920   13.9758
    0.0000    7.5000  -45.000011398.2520   13.9448
    7.5000    7.5000  -45.000010849.0801   13.9335
   -7.5000   15.0000  -45.000010488.8730   13.9580
    0.0000   15.0000  -45.000010988.4189   13.9270
    7.5000   15.0000  -45.000010456.1680   13.9137
   -7.5000   22.5000  -45.000010129.3691   13.9382
    0.0000   22.5000  -45.000010574.3018   13.9111
    7.5000   22.5000  -45.000010004.0479   13.9024
   -7.5000   30.0000  -45.0000 9602.3633   13.7531
    0.0000   30.0000  -45.000010031.4160   13.7291
    7.5000   30.0000  -45.0000 9460.5469   13.7266
   -7.5000   37.5000  -45.0000 9240.3076   13.7728
    0.0000   37.5000  -45.0000 9675.6289   13.7492
    7.5000   37.5000  -45.0000 9138.3086   13.7487
   -7.5000   45.0000  -45.0000 8446.6504   13.4416
    0.0000   45.0000  -45.0000 8867.1953   13.4157
    7.5000   45.0000  -45.0000 8358.4531   13.4112
   -7.5000  -45.0000  -37.5000 7287.7437   13.9351
    0.0000  -45.0000  -37.5000 7614.8760   13.9124
    7.5000  -45.0000  -37.5000 7288.2544   13.9169
   -7.5000  -37.5000  -37.5000 7854.4268   13.8925
    0.0000  -37.5000  -37.5000 8215.3750   13.8650
    7.5000  -37.5000  -37.5000 7858.0249   13.8654
   -7.5000  -30.0000  -37.5000 8748.3867   13.8757
    0.0000  -30.0000  -37.5000 9151.1484   13.8481
    7.5000  -30.0000  -37.5000 8735.2402   13.8469
   -7.5000  -22.5000  -37.5000 9630.8408   13.8630
    0.0000  -22.5000  -37.500010073.2354   13.8403
    7.5000  -22.5000  -37.5000 9600.7568   13.8422
   -7.5000  -15.0000  -37.500010398.3955   13.8668
    0.0000  -15.0000  -37.500010882.1875   13.8479
    7.5000  -15.0000  -37.500010365.9600   13.8533
   -7.5000   -7.5000  -37.500011118.8301   13.8853
    0.0000   -7.5000  -37.500011673.0088   13.8664
    7.5000   -7.5000  -37.500011098.8477   13.8729
   -7.5000    0.0000  -37.500011757.7617   13.8982
    0.0000    0.0000  -37.500012382.5234   13.8756
    7.5000    0.0000  -37.500011744.3789   13.8800
   -7.5000    7.5000  -37.500011586.2891   13.8924
    0.0000    7.5000  -37.500012170.1973   13.8649
    7.5000    7.5000  -37.500011552.7148   13.8652
   -7.5000   15.0000  -37.500011160.7686   13.8756
    0.0000   15.0000  -37.500011705.7598   13.8480
    7.5000   15.0000  -37.500011099.9951   13.8468
   -7.5000   22.5000  -37.500010721.0742   13.8611
    0.0000   22.5000  -37.500011244.1045   13.8384
    7.5000   22.5000  -37.500010603.8936   13.8403
   -7.5000   30.0000  -37.500010184.4990   13.6820
    0.0000   30.0000  -37.500010714.1699   13.6634
    7.5000   30.0000  -37.500010089.4014   13.6687
   -7.5000   37.5000  -37.5000 9792.9668   13.7003
    0.0000   37.5000  -37.500010331.8955   13.6816
    7.5000   37.5000  -37.5000 9712.8760   13.6880
   -7.5000   45.0000  -37.5000 8935.9541   13.3648
    0.0000   45.0000  -37.5000 9417.5830   13.3431
    7.5000   45.0000  -37.5000 8858.6338   13.3473
   -7.5000  -45.0000  -30.0000 7864.5308   14.5007
    0.0000  -45.0000  -30.0000 8253.3174   14.4826
    7.5000  -45.0000  -30.0000 7882.6230   14.4973
   -7.5000  -37.5000  -30.0000 8530.7891   14.4538
    0.0000  -37.5000  -30.0000 8936.6787   14.4322
    7.5000  -37.5000  -30.0000 8521.4453   14.4463
   -7.5000  -30.0000  -30.0000 9499.8574   14.4395
    0.0000  -30.0000  -30.0000 9944.3896   14.4192
    7.5000  -30.0000  -30.0000 9467.8828   14.4318
   -7.5000  -22.5000  -30.000010440.9775   14.4326
    0.0000  -22.5000  -30.000010944.2070   14.4173
    7.5000  -22.5000  -30.000010401.5186   14.4291
   -7.5000  -15.0000  -30.000011271.0029   14.4404
    0.0000  -15.0000  -30.000011826.5957   14.4274
    7.5000  -15.0000  -30.000011225.7578   14.4386
   -7.5000   -7.5000  -30.000012035.4297   14.4560
    0.0000   -7.5000  -30.000012635.6025   14.4415
    7.5000   -7.5000  -30.000012000.7480   14.4540
   -7.5000    0.0000  -30.000012744.3184   14.4624
    0.0000    0.0000  -30.000013410.4160   14.4443
    7.5000    0.0000  -30.000012699.0996   14.4589
   -7.5000    7.5000  -30.000012564.1201   14.4536
    0.0000    7.5000  -30.000013201.1836   14.4320
    7.5000    7.5000  -30.000012507.0967   14.4461
   -7.5000   15.0000  -30.000012070.2402   14.4395
    0.0000   15.0000  -30.000012710.3262   14.4191
    7.5000   15.0000  -30.000012016.6934   14.4317
   -7.5000   22.5000  -30.000011538.5420   14.4292
    0.0000   22.5000  -30.000012145.1006   14.4138
    7.5000   22.5000  -30.000011441.5752   14.4257
   -7.5000   30.0000  -30.000010960.2695   14.2493
    0.0000   30.0000  -30.000011555.0645   14.2365
    7.5000   30.0000  -30.000010881.2197   14.2475
   -7.5000   37.5000  -30.000010531.9834   14.2647
    0.0000   37.5000  -30.000011106.4883   14.2504
    7.5000   37.5000  -30.000010463.1719   14.2628
   -7.5000   45.0000  -30.0000 9589.7441   13.9175
    0.0000   45.0000  -30.000010107.4775   13.9001
    7.5000   45.0000  -30.0000 9524.8643   13.9141
   -7.5000  -45.0000  -22.5000 8510.0723   15.0091
    0.0000  -45.0000  -22.5000 8928.0674   14.9906
    7.5000  -45.0000  -22.5000 8503.6416   15.0055
   -7.5000  -37.5000  -22.5000 9235.2295   14.9611
    0.0000  -37.5000  -22.5000 9680.1943   14.9421
    7.5000  -37.5000  -22.5000 9212.3359   14.9584
   -7.5000  -30.0000  -22.500010275.8535   14.9488
    0.0000  -30.0000  -22.500010773.1602   14.9339
    7.5000  -30.0000  -22.500010234.9365   14.9491
   -7.5000  -22.5000  -22.500011284.5703   14.9439
    0.0000  -22.5000  -22.500011818.3037   14.9328
    7.5000  -22.5000  -22.500011223.6992   14.9447
   -7.5000  -15.0000  -22.500012197.0771   14.9508
    0.0000  -15.0000  -22.500012799.0449   14.9385
    7.5000  -15.0000  -22.500012129.5566   14.9476
   -7.5000   -7.5000  -22.500013005.8643   14.9641
    0.0000   -7.5000  -22.500013660.0557   14.9485
    7.5000   -7.5000  -22.500012937.7539   14.9593
   -7.5000    0.0000  -22.500013766.0850   14.9694
    0.0000    0.0000  -22.500014490.3125   14.9509
    7.5000    0.0000  -22.500013699.0264   14.9656
   -7.5000    7.5000  -22.500013551.7080   14.9609
    0.0000    7.5000  -22.500014258.7490   14.9419
    7.5000    7.5000  -22.500013482.0713   14.9582
   -7.5000   15.0000  -22.500013017.5781   14.9487
    0.0000   15.0000  -22.500013726.8066   14.9338
    7.5000   15.0000  -22.500012966.2754   14.9490
   -7.5000   22.5000  -22.500012365.0283   14.9393
    0.0000   22.5000  -22.500013024.4033   14.9282
    7.5000   22.5000  -22.500012292.1221   14.9401
   -7.5000   30.0000  -22.500011754.7158   14.7553
    0.0000   30.0000  -22.500012389.6914   14.7431
    7.5000   30.0000  -22.500011655.0986   14.7521
   -7.5000   37.5000  -22.500011319.6211   14.7684
    0.0000   37.5000  -22.500011925.8164   14.7530
    7.5000   37.5000  -22.500011235.7871   14.7636
   -7.5000   45.0000  -22.500010282.5928   14.4163
    0.0000   45.0000  -22.500010849.9248   14.3984
    7.5000   45.0000  -22.500010231.1904   14.4126
   -7.5000  -45.0000  -15.0000 9185.8066   15.3974
    0.0000  -45.0000  -15.0000 9619.7236   15.3746
    7.5000  -45.0000  -15.0000 9171.1543   15.3803
   -7.5000  -37.5000  -15.0000 9959.6221   15.3515
    0.0000  -37.5000  -15.000010438.7998   15.3297
    7.5000  -37.5000  -15.0000 9948.6162   15.3349
   -7.5000  -30.0000  -15.000011064.6738   15.3380
    0.0000  -30.0000  -15.000011612.0752   15.3213
    7.5000  -30.0000  -15.000011054.1094   15.3249
   -7.5000  -22.5000  -15.000012128.8701   15.3280
    0.0000  -22.5000  -15.000012731.0850   15.3145
    7.5000  -22.5000  -15.000012097.2256   15.3159
   -7.5000  -15.0000  -15.000013124.3350   15.3299
    0.0000  -15.0000  -15.000013789.3994   15.3140
    7.5000  -15.0000  -15.000013062.9121   15.3148
   -7.5000   -7.5000  -15.000013984.2646   15.3450
    0.0000   -7.5000  -15.000014693.3799   15.3251
    7.5000   -7.5000  -15.000013893.1133   15.3284
   -7.5000    0.0000  -15.000014781.5732   15.3566
    0.0000    0.0000  -15.000015533.0039   15.3339
    7.5000    0.0000  -15.000014670.8896   15.3393
   -7.5000    7.5000  -15.000014502.7168   15.3513
    0.0000    7.5000  -15.000015274.2109   15.3294
    7.5000    7.5000  -15.000014416.3584   15.3347
   -7.5000   15.0000  -15.000013947.8398   15.3379
    0.0000   15.0000  -15.000014731.5146   15.3212
    7.5000   15.0000  -15.000013885.3926   15.3248
   -7.5000   22.5000  -15.000013228.1025   15.3226
    0.0000   22.5000  -15.000013964.6973   15.3091
    7.5000   22.5000  -15.000013151.9355   15.3105
   -7.5000   30.0000  -15.000012535.4922   15.1315
    0.0000   30.0000  -15.000013220.0664   15.1158
    7.5000   30.0000  -15.000012414.8594   15.1166
   -7.5000   37.5000  -15.000012077.0225   15.1464
    0.0000   37.5000  -15.000012712.8936   15.1267
    7.5000   37.5000  -15.000011963.0625   15.1300
   -7.5000   45.0000  -15.000010982.4453   14.7981
    0.0000   45.0000  -15.000011572.7344   14.7762
    7.5000   45.0000  -15.000010921.5664   14.7815
   -7.5000  -45.0000   -7.5000 9874.8604   15.5997
    0.0000  -45.0000   -7.500010341.4678   15.5719
    7.5000  -45.0000   -7.5000 9850.5264   15.5677
   -7.5000  -37.5000   -7.500010698.8486   15.5568
    0.0000  -37.5000   -7.500011210.9219   15.5275
    7.5000  -37.5000   -7.500010674.9248   15.5180
   -7.5000  -30.0000   -7.500011893.5303   15.5395
    0.0000  -30.0000   -7.500012472.9414   15.5128
    7.5000  -30.0000   -7.500011880.9043   15.5010
   -7.5000  -22.5000   -7.500013057.7568   15.5215
    0.0000  -22.5000   -7.500013703.9688   15.4982
    7.5000  -22.5000   -7.500013029.5029   15.4884
   -7.5000  -15.0000   -7.500014127.2998   15.5187
    0.0000  -15.0000   -7.500014834.9854   15.4957
    7.5000  -15.0000   -7.500014044.9014   15.4904
   -7.5000   -7.5000   -7.500015017.4004   15.5382
    0.0000   -7.5000   -7.500015761.3408   15.5136
    7.5000   -7.5000   -7.500014878.3115   15.5113
   -7.5000    0.0000   -7.500015833.7773   15.5582
    0.0000    0.0000   -7.500016607.5156   15.5306
    7.5000    0.0000   -7.500015647.6953   15.5263
   -7.5000    7.5000   -7.500015519.3994   15.5566
    0.0000    7.5000   -7.500016318.4707   15.5273
    7.5000    7.5000   -7.500015366.9092   15.5178
   -7.5000   15.0000   -7.500014963.9082   15.5394
    0.0000   15.0000   -7.500015761.2373   15.5127
    7.5000   15.0000   -7.500014827.5820   15.5009
   -7.5000   22.5000   -7.500014157.3242   15.5143
    0.0000   22.5000   -7.500014943.0137   15.4910
    7.5000   22.5000   -7.500014030.2695   15.4813
   -7.5000   30.0000   -7.500013352.9912   15.3174
    0.0000   30.0000   -7.500014080.0156   15.2948
    7.5000   30.0000   -7.500013193.5996   15.2895
   -7.5000   37.5000   -7.500012891.5225   15.3367
    0.0000   37.5000   -7.500013569.3584   15.3124
    7.5000   37.5000   -7.500012735.5557   15.3102
   -7.5000   45.0000   -7.500011732.9072   14.9952
    0.0000   45.0000   -7.500012363.3604   14.9686
    7.5000   45.0000   -7.500011621.5635   14.9644
   -7.5000  -45.0000    0.000010491.1895   15.6247
    0.0000  -45.0000    0.000010977.4346   15.5947
    7.5000  -45.0000    0.000010465.4814   15.5895
   -7.5000  -37.5000    0.000011377.8564   15.5810
    0.0000  -37.5000    0.000011922.2910   15.5466
    7.5000  -37.5000    0.000011357.7080   15.5340
   -7.5000  -30.0000    0.000012673.5273   15.5612
    0.0000  -30.0000    0.000013291.7490   15.5268
    7.5000  -30.0000    0.000012645.7217   15.5121
   -7.5000  -22.5000    0.000013895.0830   15.5413
    0.0000  -22.5000    0.000014590.6826   15.5113
    7.5000  -22.5000    0.000013853.4844   15.5017
   -7.5000  -15.0000    0.000015058.8037   15.5399
    0.0000  -15.0000    0.000015807.5879   15.5130
    7.5000  -15.0000    0.000014957.5410   15.5102
   -7.5000   -7.5000    0.000015982.1211   15.5619
    0.0000   -7.5000    0.000016775.6250   15.5354
    7.5000   -7.5000    0.000015825.7461   15.5348
   -7.5000    0.0000    0.000016791.4180   15.5832
    0.0000    0.0000    0.000017550.7578   15.5534
    7.5000    0.0000    0.000016545.2246   15.5481
   -7.5000    7.5000    0.000016452.3184   15.5808
    0.0000    7.5000    0.000017183.3965   15.5464
    7.5000    7.5000    0.000016229.2676   15.5338
   -7.5000   15.0000    0.000015850.4209   15.5611
    0.0000   15.0000    0.000016648.1777   15.5268
    7.5000   15.0000    0.000015672.5547   15.5120
   -7.5000   22.5000    0.000014992.3281   15.5342
    0.0000   22.5000    0.000015796.3730   15.5042
    7.5000   22.5000    0.000014834.1318   15.4946
   -7.5000   30.0000    0.000014071.5586   15.3387
    0.0000   30.0000    0.000014813.9492   15.3122
    7.5000   30.0000    0.000013872.0439   15.3095
   -7.5000   37.5000    0.000013588.6777   15.3605
    0.0000   37.5000    0.000014291.7246   15.3344
    7.5000   37.5000    0.000013384.7510   15.3338
   -7.5000   45.0000    0.000012408.1992   15.0204
    0.0000   45.0000    0.000013055.4629   14.9917
    7.5000   45.0000    0.000012249.3789   14.9866
   -7.5000  -45.0000    7.500010321.5127   15.5930
    0.0000  -45.0000    7.500010799.6836   15.5676
    7.5000  -45.0000    7.500010267.2744   15.5726
   -7.5000  -37.5000    7.500011172.9414   15.5453
    0.0000  -37.5000    7.500011710.8818   15.5145
    7.5000  -37.5000    7.500011137.5156   15.5149
   -7.5000  -30.0000    7.500012437.0674   15.5264
    0.0000  -30.0000    7.500013040.1641   15.4955
    7.5000  -30.0000    7.500012401.7441   15.4942
   -7.5000  -22.5000    7.500013633.9287   15.5122
    0.0000  -22.5000    7.500014287.4375   15.4868
    7.5000  -22.5000    7.500013582.1074   15.4889
   -7.5000  -15.0000    7.500014767.6611   15.5166
    0.0000  -15.0000    7.500015520.7412   15.4954
    7.5000  -15.0000    7.500014695.9141   15.5014
   -7.5000   -7.5000    7.500015788.0420   15.5373
    0.0000   -7.5000    7.500016577.8848   15.5160
    7.5000   -7.5000    7.500015634.8789   15.5233
   -7.5000    0.0000    7.500016577.1445   15.5517
    0.0000    0.0000    7.500017237.4160   15.5264
    7.5000    0.0000    7.500016322.3271   15.5313
   -7.5000    7.5000    7.500016162.7627   15.5451
    0.0000    7.5000    7.500016787.8906   15.5143
    7.5000    7.5000    7.500015974.9834   15.5147
   -7.5000   15.0000    7.500015566.4277   15.5264
    0.0000   15.0000    7.500016256.8350   15.4955
    7.5000   15.0000    7.500015451.8896   15.4941
   -7.5000   22.5000    7.500014743.9590   15.5051
    0.0000   22.5000    7.500015477.9316   15.4797
    7.5000   22.5000    7.500014641.2422   15.4818
   -7.5000   30.0000    7.500013779.8799   15.3157
    0.0000   30.0000    7.500014488.9336   15.2948
    7.5000   30.0000    7.500013637.0342   15.3008
   -7.5000   37.5000    7.500013319.8203   15.3362
    0.0000   37.5000    7.500013993.1357   15.3152
    7.5000   37.5000    7.500013135.6504   15.3224
   -7.5000   45.0000    7.500012163.1816   14.9900
    0.0000   45.0000    7.500012773.5127   14.9656
    7.5000   45.0000    7.500011995.7178   14.9704
   -7.5000  -45.0000   15.0000 9943.4600   15.5713
    0.0000  -45.0000   15.000010446.8535   15.5519
    7.5000  -45.0000   15.0000 9940.1992   15.5677
   -7.5000  -37.5000   15.000010787.6104   15.5210
    0.0000  -37.5000   15.000011336.4385   15.4978
    7.5000  -37.5000   15.000010782.7314   15.5129
   -7.5000  -30.0000   15.000012023.0029   15.5057
    0.0000  -30.0000   15.000012626.6631   15.4838
    7.5000  -30.0000   15.000011992.2988   15.4974
   -7.5000  -22.5000   15.000013186.6572   15.4983
    0.0000  -22.5000   15.000013797.1670   15.4818
    7.5000  -22.5000   15.000013126.2988   15.4945
   -7.5000  -15.0000   15.000014263.7891   15.5066
    0.0000  -15.0000   15.000014902.9980   15.4926
    7.5000  -15.0000   15.000014198.2861   15.5046
   -7.5000   -7.5000   15.000015293.1123   15.5233
    0.0000   -7.5000   15.000016018.0586   15.5078
    7.5000   -7.5000   15.000015195.3262   15.5212
   -7.5000    0.0000   15.000016022.5576   15.5302
    0.0000    0.0000   15.000016655.4648   15.5108
    7.5000    0.0000   15.000016010.8770   15.5264
   -7.5000    7.5000   15.000015646.2930   15.5208
    0.0000    7.5000   15.000016235.6318   15.4976
    7.5000    7.5000   15.000015673.9863   15.5127
   -7.5000   15.0000   15.000015080.1924   15.5056
    0.0000   15.0000   15.000015772.8896   15.4838
    7.5000   15.0000   15.000015105.8223   15.4973
   -7.5000   22.5000   15.000014284.3330   15.4911
    0.0000   22.5000   15.000015075.7842   15.4747
    7.5000   22.5000   15.000014291.0273   15.4874
   -7.5000   30.0000   15.000013316.0146   15.3059
    0.0000   30.0000   15.000014056.6221   15.2921
    7.5000   30.0000   15.000013253.4043   15.3040
   -7.5000   37.5000   15.000012824.0225   15.3224
    0.0000   37.5000   15.000013512.8525   15.3071
    7.5000   37.5000   15.000012676.4678   15.3204
   -7.5000   45.0000   15.000011719.3564   14.9693
    0.0000   45.0000   15.000012316.9131   14.9506
    7.5000   45.0000   15.000011567.3076   14.9657
   -7.5000  -45.0000   22.5000 9532.2480   15.5806
    0.0000  -45.0000   22.500010002.3271   15.5614
    7.5000  -45.0000   22.5000 9559.9297   15.5769
   -7.5000  -37.5000   22.500010316.5781   15.5308
    0.0000  -37.5000   22.500010802.9248   15.5111
    7.5000  -37.5000   22.500010320.0391   15.5280
   -7.5000  -30.0000   22.500011479.3594   15.5181
    0.0000  -30.0000   22.500011982.4277   15.5026
    7.5000  -30.0000   22.500011448.8037   15.5183
   -7.5000  -22.5000   22.500012596.7217   15.5130
    0.0000  -22.5000   22.500013086.8164   15.5015
    7.5000  -22.5000   22.500012549.4395   15.5138
   -7.5000  -15.0000   22.500013635.3691   15.5201
    0.0000  -15.0000   22.500014159.7754   15.5074
    7.5000  -15.0000   22.500013600.3477   15.5168
   -7.5000   -7.5000   22.500014574.4395   15.5340
    0.0000   -7.5000   22.500015288.1504   15.5178
    7.5000   -7.5000   22.500014598.8203   15.5289
   -7.5000    0.0000   22.500015284.8398   15.5394
    0.0000    0.0000   22.500016206.9521   15.5202
    7.5000    0.0000   22.500015510.1211   15.5355
   -7.5000    7.5000   22.500015030.3447   15.5306
    0.0000    7.5000   22.500016014.3965   15.5109
    7.5000    7.5000   22.500015287.9355   15.5278
   -7.5000   15.0000   22.500014498.7373   15.5180
    0.0000   15.0000   22.500015459.3311   15.5025
    7.5000   15.0000   22.500014682.0801   15.5182
   -7.5000   22.5000   22.500013713.9014   15.5059
    0.0000   22.5000   22.500014592.6240   15.4943
    7.5000   22.5000   22.500013826.6553   15.5066
   -7.5000   30.0000   22.500012727.9434   15.3193
    0.0000   30.0000   22.500013454.7666   15.3067
    7.5000   30.0000   22.500012767.7275   15.3160
   -7.5000   37.5000   22.500012191.5723   15.3329
    0.0000   37.5000   22.500012807.7207   15.3169
    7.5000   37.5000   22.500012130.3340   15.3280
   -7.5000   45.0000   22.500011174.5732   14.9782
    0.0000   45.0000   22.500011690.1494   14.9597
    7.5000   45.0000   22.500011089.1533   14.9744
   -7.5000  -45.0000   30.0000 8973.2793   15.6088
    0.0000  -45.0000   30.0000 9412.3047   15.5858
    7.5000  -45.0000   30.0000 8973.0732   15.5915
   -7.5000  -37.5000   30.0000 9711.6719   15.5623
    0.0000  -37.5000   30.000010159.2393   15.5401
    7.5000  -37.5000   30.0000 9695.9551   15.5454
   -7.5000  -30.0000   30.000010790.5127   15.5486
    0.0000  -30.0000   30.000011286.3604   15.5316
    7.5000  -30.0000   30.000010788.4561   15.5354
   -7.5000  -22.5000   30.000011856.7988   15.5384
    0.0000  -22.5000   30.000012390.6699   15.5248
    7.5000  -22.5000   30.000011886.6660   15.5262
   -7.5000  -15.0000   30.000012874.5732   15.5403
    0.0000  -15.0000   30.000013477.7715   15.5243
    7.5000  -15.0000   30.000012928.3193   15.5250
   -7.5000   -7.5000   30.000013773.8447   15.5557
    0.0000   -7.5000   30.000014476.9492   15.5355
    7.5000   -7.5000   30.000013870.1230   15.5389
   -7.5000    0.0000   30.000014457.4961   15.5674
    0.0000    0.0000   30.000015244.4629   15.5444
    7.5000    0.0000   30.000014651.5322   15.5500
   -7.5000    7.5000   30.000014212.5879   15.5621
    0.0000    7.5000   30.000014979.0098   15.5399
    7.5000    7.5000   30.000014364.5742   15.5452
   -7.5000   15.0000   30.000013721.9590   15.5485
    0.0000   15.0000   30.000014449.5557   15.5315
    7.5000   15.0000   30.000013831.5557   15.5353
   -7.5000   22.5000   30.000012983.2021   15.5313
    0.0000   22.5000   30.000013676.0469   15.5176
    7.5000   22.5000   30.000013068.6152   15.5191
   -7.5000   30.0000   30.000012047.3037   15.3392
    0.0000   30.0000   30.000012663.4541   15.3234
    7.5000   30.0000   30.000012101.9082   15.3241
   -7.5000   37.5000   30.000011483.5410   15.3543
    0.0000   37.5000   30.000012042.9434   15.3344
    7.5000   37.5000   30.000011465.7812   15.3378
   -7.5000   45.0000   30.000010505.2920   15.0052
    0.0000   45.0000   30.000010989.2344   14.9830
    7.5000   45.0000   30.000010461.4189   14.9884
   -7.5000  -45.0000   37.5000 8685.2305   15.6355
    0.0000  -45.0000   37.5000 9122.9932   15.6077
    7.5000  -45.0000   37.5000 8683.2695   15.6034
   -7.5000  -37.5000   37.5000 9417.1592   15.5925
    0.0000  -37.5000   37.5000 9870.6211   15.5631
    7.5000  -37.5000   37.5000 9404.5576   15.5536
   -7.5000  -30.0000   37.500010491.2480   15.5751
    0.0000  -30.0000   37.500010993.6133   15.5483
    7.5000  -30.0000   37.500010481.7109   15.5365
   -7.5000  -22.5000   37.500011524.0176   15.5570
    0.0000  -22.5000   37.500012051.4951   15.5337
    7.5000  -22.5000   37.500011511.1787   15.5239
   -7.5000  -15.0000   37.500012478.7207   15.5542
    0.0000  -15.0000   37.500013022.1055   15.5312
    7.5000  -15.0000   37.500012460.0889   15.5259
   -7.5000   -7.5000   37.500013295.9414   15.5738
    0.0000   -7.5000   37.500013853.7285   15.5491
    7.5000   -7.5000   37.500013319.8955   15.5469
   -7.5000    0.0000   37.500013971.1602   15.5939
    0.0000    0.0000   37.500014572.1484   15.5662
    7.5000    0.0000   37.500014046.6572   15.5619
   -7.5000    7.5000   37.500013692.0557   15.5923
    0.0000    7.5000   37.500014282.9912   15.5629
    7.5000    7.5000   37.500013754.0098   15.5534
   -7.5000   15.0000   37.500013211.5107   15.5750
    0.0000   15.0000   37.500013775.2383   15.5482
    7.5000   15.0000   37.500013251.9873   15.5364
   -7.5000   22.5000   37.500012542.2041   15.5498
    0.0000   22.5000   37.500013102.0488   15.5265
    7.5000   22.5000   37.500012569.5264   15.5167
   -7.5000   30.0000   37.500011683.7559   15.3529
    0.0000   30.0000   37.500012208.8115   15.3302
    7.5000   30.0000   37.500011686.7529   15.3250
   -7.5000   37.5000   37.500011120.3555   15.3723
    0.0000   37.5000   37.500011616.6523   15.3479
    7.5000   37.5000   37.500011094.6807   15.3457
   -7.5000   45.0000   37.500010130.7520   15.0307
    0.0000   45.0000   37.500010600.8936   15.0041
    7.5000   45.0000   37.500010108.2949   14.9999
   -7.5000  -45.0000   45.0000 8006.3213   15.6873
    0.0000  -45.0000   45.0000 8401.8340   15.6566
    7.5000  -45.0000   45.0000 8003.6304   15.6511
   -7.5000  -37.5000   45.0000 8681.6748   15.6428
    0.0000  -37.5000   45.0000 9088.9756   15.6075
    7.5000  -37.5000   45.0000 8655.6914   15.5945
   -7.5000  -30.0000   45.0000 9652.2920   15.6227
    0.0000  -30.0000   45.000010096.0615   15.5874
    7.5000  -30.0000   45.0000 9618.7295   15.5722
   -7.5000  -22.5000   45.000010578.9971   15.6027
    0.0000  -22.5000   45.000011049.5283   15.5719
    7.5000  -22.5000   45.000010537.7666   15.5619
   -7.5000  -15.0000   45.000011424.6709   15.6015
    0.0000  -15.0000   45.000011924.0273   15.5739
    7.5000  -15.0000   45.000011386.0400   15.5709
   -7.5000   -7.5000   45.000012145.5703   15.6238
    0.0000   -7.5000   45.000012670.2373   15.5967
    7.5000   -7.5000   45.000012180.4629   15.5959
   -7.5000    0.0000   45.000012767.4717   15.6451
    0.0000    0.0000   45.000013333.8955   15.6146
    7.5000    0.0000   45.000012842.1836   15.6091
   -7.5000    7.5000   45.000012508.1865   15.6426
    0.0000    7.5000   45.000013043.7871   15.6073
    7.5000    7.5000   45.000012547.3428   15.5943
   -7.5000   15.0000   45.000012078.7500   15.6226
    0.0000   15.0000   45.000012601.8584   15.5873
    7.5000   15.0000   45.000012110.6113   15.5721
   -7.5000   22.5000   45.000011497.0205   15.5955
    0.0000   22.5000   45.000012004.4639   15.5647
    7.5000   22.5000   45.000011516.8467   15.5547
   -7.5000   30.0000   45.000010728.3223   15.3982
    0.0000   30.0000   45.000011215.6338   15.3710
    7.5000   30.0000   45.000010738.5088   15.3680
   -7.5000   37.5000   45.000010202.4775   15.4203
    0.0000   37.5000   45.000010648.1807   15.3935
    7.5000   37.5000   45.000010182.5771   15.3927
   -7.5000   45.0000   45.0000 9320.0732   15.0870
    0.0000   45.0000   45.0000 9727.4990   15.0575
    7.5000   45.0000   45.0000 9276.8516   15.0522

---------------------------------------------------------------------
imgreg_4dfp /opt/freesurfer/average/711-2C_as_mni_average_305 /opt/freesurfer/average/711-2B_as_mni_average_305_mask talsrcimg_g11 none talsrcimg_to_711-2C_as_mni_average_305_t4 4355
---------------------------------------------------------------------

freesurfer imgreg_4dfp.c
/opt/freesurfer/average/711-2C_as_mni_average_305.4dfp.img
       256       256       256         1
  1.000000  1.000000  1.000000
orientation T byte_order littleendian
Reading image: /opt/freesurfer/average/711-2C_as_mni_average_305.4dfp.img
dimensions:      256       256       256
mmppix:       1.0000   -1.0000   -1.0000
center:     128.0000 -129.0000 -129.0000
/opt/freesurfer/average/711-2B_as_mni_average_305_mask.4dfp.img
       256       256       256         1
  1.000000  1.000000  1.000000
orientation T byte_order littleendian
Reading mask: /opt/freesurfer/average/711-2B_as_mni_average_305_mask.4dfp.img (2306576 pixels)
talsrcimg_g11.4dfp.img
       256       256       256         1
  1.000000  1.000000  1.000000
orientation T byte_order littleendian
Reading image: talsrcimg_g11.4dfp.img
dimensions:      256       256       256
mmppix:       1.0000   -1.0000   -1.0000
center:     128.0000 -129.0000 -129.0000
rotation matrix determinant  1.000000
image alignment mode   4355 decimal     1103 hex
   -7.5000  -45.0000  -45.0000 1933.6083   19.0492
    0.0000  -45.0000  -45.0000 1946.3171   19.0089
    7.5000  -45.0000  -45.0000 1932.4716   19.0282
   -7.5000  -37.5000  -45.0000 2025.8949   17.2331
    0.0000  -37.5000  -45.0000 2041.8005   17.1884
    7.5000  -37.5000  -45.0000 2027.7616   17.2289
   -7.5000  -30.0000  -45.0000 2109.2334   15.8393
    0.0000  -30.0000  -45.0000 2121.5171   15.8174
    7.5000  -30.0000  -45.0000 2111.8760   15.8636
   -7.5000  -22.5000  -45.0000 2171.7827   14.8749
    0.0000  -22.5000  -45.0000 2185.0789   14.8159
    7.5000  -22.5000  -45.0000 2174.7388   14.8852
   -7.5000  -15.0000  -45.0000 2202.6196   14.2932
    0.0000  -15.0000  -45.0000 2217.0486   14.2436
    7.5000  -15.0000  -45.0000 2203.2451   14.3391
   -7.5000   -7.5000  -45.0000 2227.5149   13.9997
    0.0000   -7.5000  -45.0000 2235.7673   13.9253
    7.5000   -7.5000  -45.0000 2219.9177   14.0475
   -7.5000    0.0000  -45.0000 2226.9382   14.0413
    0.0000    0.0000  -45.0000 2239.9119   13.9588
    7.5000    0.0000  -45.0000 2223.1951   14.0858
   -7.5000    7.5000  -45.0000 2218.0210   14.2080
    0.0000    7.5000  -45.0000 2230.2925   14.2011
    7.5000    7.5000  -45.0000 2214.2468   14.3006
   -7.5000   15.0000  -45.0000 2193.5791   14.6170
    0.0000   15.0000  -45.0000 2209.5837   14.5992
    7.5000   15.0000  -45.0000 2190.7046   14.7105
   -7.5000   22.5000  -45.0000 2153.4895   15.2251
    0.0000   22.5000  -45.0000 2166.7515   15.1932
    7.5000   22.5000  -45.0000 2147.6255   15.3130
   -7.5000   30.0000  -45.0000 2102.8894   16.0724
    0.0000   30.0000  -45.0000 2115.1602   16.0334
    7.5000   30.0000  -45.0000 2091.1311   16.1763
   -7.5000   37.5000  -45.0000 2034.1794   17.3316
    0.0000   37.5000  -45.0000 2044.1849   17.2522
    7.5000   37.5000  -45.0000 2021.8584   17.4981
   -7.5000   45.0000  -45.0000 1942.9303   18.9831
    0.0000   45.0000  -45.0000 1953.1846   18.9194
    7.5000   45.0000  -45.0000 1927.2646   19.2197
   -7.5000  -45.0000  -37.5000 2014.1136   17.5822
    0.0000  -45.0000  -37.5000 2027.1371   17.5660
    7.5000  -45.0000  -37.5000 2014.1895   17.6571
   -7.5000  -37.5000  -37.5000 2114.8367   15.8919
    0.0000  -37.5000  -37.5000 2127.2366   15.8795
    7.5000  -37.5000  -37.5000 2115.9785   15.9558
   -7.5000  -30.0000  -37.5000 2204.5232   14.5814
    0.0000  -30.0000  -37.5000 2212.8435   14.5612
    7.5000  -30.0000  -37.5000 2203.9927   14.6198
   -7.5000  -22.5000  -37.5000 2272.1423   13.6579
    0.0000  -22.5000  -37.5000 2281.0132   13.6344
    7.5000  -22.5000  -37.5000 2272.0447   13.6862
   -7.5000  -15.0000  -37.5000 2301.6394   13.1359
    0.0000  -15.0000  -37.5000 2317.2302   13.0826
    7.5000  -15.0000  -37.5000 2304.5344   13.1724
   -7.5000   -7.5000  -37.5000 2323.7517   12.8507
    0.0000   -7.5000  -37.5000 2343.2424   12.8080
    7.5000   -7.5000  -37.5000 2325.0137   12.9126
   -7.5000    0.0000  -37.5000 2328.7471   12.8274
    0.0000    0.0000  -37.5000 2346.6990   12.7898
    7.5000    0.0000  -37.5000 2327.8574   12.8950
   -7.5000    7.5000  -37.5000 2322.5735   12.9390
    0.0000    7.5000  -37.5000 2337.3921   12.9252
    7.5000    7.5000  -37.5000 2318.4495   13.0143
   -7.5000   15.0000  -37.5000 2303.7832   13.2445
    0.0000   15.0000  -37.5000 2315.7676   13.2381
    7.5000   15.0000  -37.5000 2294.6975   13.3519
   -7.5000   22.5000  -37.5000 2265.7708   13.8024
    0.0000   22.5000  -37.5000 2277.6912   13.8018
    7.5000   22.5000  -37.5000 2254.9954   13.9319
   -7.5000   30.0000  -37.5000 2209.4158   14.5975
    0.0000   30.0000  -37.5000 2220.5129   14.6131
    7.5000   30.0000  -37.5000 2200.4480   14.7523
   -7.5000   37.5000  -37.5000 2134.3054   15.7547
    0.0000   37.5000  -37.5000 2144.8293   15.7359
    7.5000   37.5000  -37.5000 2120.1567   15.9154
   -7.5000   45.0000  -37.5000 2039.4406   17.2673
    0.0000   45.0000  -37.5000 2047.2626   17.2560
    7.5000   45.0000  -37.5000 2023.5955   17.4778
   -7.5000  -45.0000  -30.0000 2122.0012   16.9035
    0.0000  -45.0000  -30.0000 2141.0513   16.9520
    7.5000  -45.0000  -30.0000 2127.5894   17.0372
   -7.5000  -37.5000  -30.0000 2239.6782   15.3064
    0.0000  -37.5000  -30.0000 2256.5642   15.3257
    7.5000  -37.5000  -30.0000 2241.6160   15.3879
   -7.5000  -30.0000  -30.0000 2337.9253   14.0004
    0.0000  -30.0000  -30.0000 2351.4534   13.9877
    7.5000  -30.0000  -30.0000 2334.6079   14.0585
   -7.5000  -22.5000  -30.0000 2413.6121   13.0314
    0.0000  -22.5000  -30.0000 2430.0623   13.0138
    7.5000  -22.5000  -30.0000 2412.1685   13.0831
   -7.5000  -15.0000  -30.0000 2449.0276   12.4853
    0.0000  -15.0000  -30.0000 2467.6233   12.4367
    7.5000  -15.0000  -30.0000 2447.2314   12.5079
   -7.5000   -7.5000  -30.0000 2470.1289   12.2139
    0.0000   -7.5000  -30.0000 2487.7683   12.1377
    7.5000   -7.5000  -30.0000 2469.7830   12.2359
   -7.5000    0.0000  -30.0000 2481.9116   12.1368
    0.0000    0.0000  -30.0000 2494.8250   12.0839
    7.5000    0.0000  -30.0000 2476.5952   12.1868
   -7.5000    7.5000  -30.0000 2479.2566   12.2586
    0.0000    7.5000  -30.0000 2493.1401   12.2205
    7.5000    7.5000  -30.0000 2471.8188   12.3358
   -7.5000   15.0000  -30.0000 2459.0884   12.5574
    0.0000   15.0000  -30.0000 2472.9390   12.5250
    7.5000   15.0000  -30.0000 2450.6638   12.6623
   -7.5000   22.5000  -30.0000 2420.8157   13.0747
    0.0000   22.5000  -30.0000 2437.1223   13.0732
    7.5000   22.5000  -30.0000 2408.4021   13.2099
   -7.5000   30.0000  -30.0000 2356.6267   13.8341
    0.0000   30.0000  -30.0000 2369.7256   13.8544
    7.5000   30.0000  -30.0000 2344.1504   13.9950
   -7.5000   37.5000  -30.0000 2271.6545   14.8997
    0.0000   37.5000  -30.0000 2284.1582   14.9170
    7.5000   37.5000  -30.0000 2259.1956   15.0995
   -7.5000   45.0000  -30.0000 2168.6985   16.3252
    0.0000   45.0000  -30.0000 2177.2239   16.3433
    7.5000   45.0000  -30.0000 2154.9309   16.5627
   -7.5000  -45.0000  -22.5000 2212.7078   16.2461
    0.0000  -45.0000  -22.5000 2230.2217   16.2729
    7.5000  -45.0000  -22.5000 2212.0476   16.3428
   -7.5000  -37.5000  -22.5000 2338.7903   14.6675
    0.0000  -37.5000  -22.5000 2357.3955   14.6829
    7.5000  -37.5000  -22.5000 2337.3618   14.7572
   -7.5000  -30.0000  -22.5000 2440.9055   13.3871
    0.0000  -30.0000  -22.5000 2463.2388   13.3878
    7.5000  -30.0000  -22.5000 2439.7361   13.4548
   -7.5000  -22.5000  -22.5000 2522.2671   12.4046
    0.0000  -22.5000  -22.5000 2541.5596   12.3752
    7.5000  -22.5000  -22.5000 2521.3530   12.4386
   -7.5000  -15.0000  -22.5000 2577.4407   11.7931
    0.0000  -15.0000  -22.5000 2593.2249   11.7143
    7.5000  -15.0000  -22.5000 2574.3770   11.7765
   -7.5000   -7.5000  -22.5000 2605.2073   11.4926
    0.0000   -7.5000  -22.5000 2620.1147   11.3997
    7.5000   -7.5000  -22.5000 2599.3516   11.4842
   -7.5000    0.0000  -22.5000 2619.0022   11.3863
    0.0000    0.0000  -22.5000 2632.3967   11.3218
    7.5000    0.0000  -22.5000 2612.7332   11.4224
   -7.5000    7.5000  -22.5000 2614.5757   11.5438
    0.0000    7.5000  -22.5000 2631.9419   11.4702
    7.5000    7.5000  -22.5000 2610.7517   11.5965
   -7.5000   15.0000  -22.5000 2593.3516   11.8196
    0.0000   15.0000  -22.5000 2610.7910   11.7698
    7.5000   15.0000  -22.5000 2587.1138   11.9185
   -7.5000   22.5000  -22.5000 2551.7627   12.3014
    0.0000   22.5000  -22.5000 2568.8296   12.2692
    7.5000   22.5000  -22.5000 2541.1914   12.4446
   -7.5000   30.0000  -22.5000 2487.5667   13.0248
    0.0000   30.0000  -22.5000 2503.0315   13.0127
    7.5000   30.0000  -22.5000 2473.0840   13.1834
   -7.5000   37.5000  -22.5000 2392.8376   14.0195
    0.0000   37.5000  -22.5000 2408.7544   14.0200
    7.5000   37.5000  -22.5000 2381.6094   14.1891
   -7.5000   45.0000  -22.5000 2279.4263   15.3912
    0.0000   45.0000  -22.5000 2293.7419   15.3690
    7.5000   45.0000  -22.5000 2267.0288   15.5760
   -7.5000  -45.0000  -15.0000 2274.7163   15.6632
    0.0000  -45.0000  -15.0000 2291.0024   15.6059
    7.5000  -45.0000  -15.0000 2272.8433   15.6644
   -7.5000  -37.5000  -15.0000 2405.6243   14.0756
    0.0000  -37.5000  -15.0000 2426.5901   14.0343
    7.5000  -37.5000  -15.0000 2404.4062   14.0980
   -7.5000  -30.0000  -15.0000 2507.1965   12.7781
    0.0000  -30.0000  -15.0000 2534.0696   12.7512
    7.5000  -30.0000  -15.0000 2513.6033   12.8149
   -7.5000  -22.5000  -15.0000 2593.1167   11.7882
    0.0000  -22.5000  -15.0000 2617.4429   11.7526
    7.5000  -22.5000  -15.0000 2599.1038   11.8152
   -7.5000  -15.0000  -15.0000 2664.1819   11.1302
    0.0000  -15.0000  -15.0000 2683.1885   11.0697
    7.5000  -15.0000  -15.0000 2665.7568   11.1132
   -7.5000   -7.5000  -15.0000 2705.5693   10.7735
    0.0000   -7.5000  -15.0000 2720.8179   10.6873
    7.5000   -7.5000  -15.0000 2699.6440   10.7715
   -7.5000    0.0000  -15.0000 2721.4153   10.6260
    0.0000    0.0000  -15.0000 2734.5017   10.5687
    7.5000    0.0000  -15.0000 2715.4365   10.6563
   -7.5000    7.5000  -15.0000 2719.5566   10.7765
    0.0000    7.5000  -15.0000 2739.3267   10.7029
    7.5000    7.5000  -15.0000 2715.9121   10.8255
   -7.5000   15.0000  -15.0000 2701.3389   11.0958
    0.0000   15.0000  -15.0000 2724.7251   11.0276
    7.5000   15.0000  -15.0000 2697.8953   11.1656
   -7.5000   22.5000  -15.0000 2662.9907   11.5693
    0.0000   22.5000  -15.0000 2682.8086   11.4908
    7.5000   22.5000  -15.0000 2652.7295   11.6510
   -7.5000   30.0000  -15.0000 2593.6499   12.2561
    0.0000   30.0000  -15.0000 2612.6213   12.2030
    7.5000   30.0000  -15.0000 2578.0532   12.3542
   -7.5000   37.5000  -15.0000 2491.3967   13.2140
    0.0000   37.5000  -15.0000 2509.0295   13.1714
    7.5000   37.5000  -15.0000 2476.4473   13.3151
   -7.5000   45.0000  -15.0000 2368.9656   14.5218
    0.0000   45.0000  -15.0000 2386.5962   14.4704
    7.5000   45.0000  -15.0000 2357.1853   14.6258
   -7.5000  -45.0000   -7.5000 2309.1189   15.0635
    0.0000  -45.0000   -7.5000 2329.9844   14.9712
    7.5000  -45.0000   -7.5000 2310.2830   15.0661
   -7.5000  -37.5000   -7.5000 2441.0654   13.5124
    0.0000  -37.5000   -7.5000 2465.3596   13.4083
    7.5000  -37.5000   -7.5000 2444.1746   13.4988
   -7.5000  -30.0000   -7.5000 2551.1501   12.2409
    0.0000  -30.0000   -7.5000 2579.5515   12.1644
    7.5000  -30.0000   -7.5000 2558.7837   12.2307
   -7.5000  -22.5000   -7.5000 2649.2212   11.2538
    0.0000  -22.5000   -7.5000 2676.4041   11.1745
    7.5000  -22.5000   -7.5000 2655.5095   11.2471
   -7.5000  -15.0000   -7.5000 2730.2197   10.5432
    0.0000  -15.0000   -7.5000 2755.0510   10.4789
    7.5000  -15.0000   -7.5000 2728.5918   10.5357
   -7.5000   -7.5000   -7.5000 2779.2046   10.1170
    0.0000   -7.5000   -7.5000 2800.0054   10.0374
    7.5000   -7.5000   -7.5000 2776.0989   10.1048
   -7.5000    0.0000   -7.5000 2809.1199    9.9187
    0.0000    0.0000   -7.5000 2826.6741    9.8406
    7.5000    0.0000   -7.5000 2797.8577    9.9362
   -7.5000    7.5000   -7.5000 2815.6111   10.0537
    0.0000    7.5000   -7.5000 2837.6592    9.9659
    7.5000    7.5000   -7.5000 2809.3713   10.0890
   -7.5000   15.0000   -7.5000 2799.3201   10.4170
    0.0000   15.0000   -7.5000 2824.4368   10.3149
    7.5000   15.0000   -7.5000 2794.9624   10.4424
   -7.5000   22.5000   -7.5000 2762.3252   10.8838
    0.0000   22.5000   -7.5000 2783.4451   10.7868
    7.5000   22.5000   -7.5000 2749.4822   10.9357
   -7.5000   30.0000   -7.5000 2686.0559   11.5345
    0.0000   30.0000   -7.5000 2703.0010   11.4594
    7.5000   30.0000   -7.5000 2668.3337   11.6268
   -7.5000   37.5000   -7.5000 2575.4844   12.4639
    0.0000   37.5000   -7.5000 2591.2778   12.3875
    7.5000   37.5000   -7.5000 2559.2356   12.5534
   -7.5000   45.0000   -7.5000 2439.7112   13.7507
    0.0000   45.0000   -7.5000 2457.5078   13.6817
    7.5000   45.0000   -7.5000 2425.1406   13.8391
   -7.5000  -45.0000    0.0000 2324.0247   14.6317
    0.0000  -45.0000    0.0000 2341.2737   14.4991
    7.5000  -45.0000    0.0000 2328.0105   14.6649
   -7.5000  -37.5000    0.0000 2457.1418   13.0803
    0.0000  -37.5000    0.0000 2481.5671   12.9611
    7.5000  -37.5000    0.0000 2466.8157   13.1044
   -7.5000  -30.0000    0.0000 2574.7927   11.8290
    0.0000  -30.0000    0.0000 2604.4028   11.7255
    7.5000  -30.0000    0.0000 2586.9160   11.8481
   -7.5000  -22.5000    0.0000 2677.0195   10.8567
    0.0000  -22.5000    0.0000 2710.8000   10.7452
    7.5000  -22.5000    0.0000 2689.1787   10.8585
   -7.5000  -15.0000    0.0000 2769.5059   10.1435
    0.0000  -15.0000    0.0000 2800.4907   10.0386
    7.5000  -15.0000    0.0000 2770.8511   10.1343
   -7.5000   -7.5000    0.0000 2832.2988    9.6585
    0.0000   -7.5000    0.0000 2863.6318    9.5545
    7.5000   -7.5000    0.0000 2835.1533    9.6365
   -7.5000    0.0000    0.0000 2881.8596    9.4067
    0.0000    0.0000    0.0000 2904.5752    9.2664
    7.5000    0.0000    0.0000 2870.4878    9.3874
   -7.5000    7.5000    0.0000 2907.9482    9.5096
    0.0000    7.5000    0.0000 2921.9634    9.3710
    7.5000    7.5000    0.0000 2893.7820    9.5124
   -7.5000   15.0000    0.0000 2886.9839    9.8606
    0.0000   15.0000    0.0000 2911.5754    9.7260
    7.5000   15.0000    0.0000 2876.6482    9.8626
   -7.5000   22.5000    0.0000 2838.2031   10.3542
    0.0000   22.5000    0.0000 2860.1216   10.2314
    7.5000   22.5000    0.0000 2820.1135   10.4034
   -7.5000   30.0000    0.0000 2754.4175   11.0165
    0.0000   30.0000    0.0000 2768.3508   10.9021
    7.5000   30.0000    0.0000 2733.0654   11.0831
   -7.5000   37.5000    0.0000 2636.3499   11.9513
    0.0000   37.5000    0.0000 2650.6213   11.8280
    7.5000   37.5000    0.0000 2616.4749   12.0261
   -7.5000   45.0000    0.0000 2493.4246   13.2125
    0.0000   45.0000    0.0000 2509.8298   13.1036
    7.5000   45.0000    0.0000 2477.2832   13.2841
   -7.5000  -45.0000    7.5000 2331.4839   14.4842
    0.0000  -45.0000    7.5000 2352.1184   14.2900
    7.5000  -45.0000    7.5000 2335.0442   14.4545
   -7.5000  -37.5000    7.5000 2463.3447   12.8851
    0.0000  -37.5000    7.5000 2486.4614   12.7062
    7.5000  -37.5000    7.5000 2472.2224   12.8790
   -7.5000  -30.0000    7.5000 2580.9575   11.6153
    0.0000  -30.0000    7.5000 2607.8850   11.4536
    7.5000  -30.0000    7.5000 2596.0215   11.6266
   -7.5000  -22.5000    7.5000 2689.6882   10.6124
    0.0000  -22.5000    7.5000 2716.8394   10.4669
    7.5000  -22.5000    7.5000 2702.5391   10.6383
   -7.5000  -15.0000    7.5000 2786.2249    9.8672
    0.0000  -15.0000    7.5000 2815.1584    9.7328
    7.5000  -15.0000    7.5000 2790.1406    9.8963
   -7.5000   -7.5000    7.5000 2867.9551    9.3757
    0.0000   -7.5000    7.5000 2900.8323    9.2633
    7.5000   -7.5000    7.5000 2869.9905    9.3799
   -7.5000    0.0000    7.5000 2935.7297    9.0814
    0.0000    0.0000    7.5000 2963.8618    8.9111
    7.5000    0.0000    7.5000 2926.5498    9.0889
   -7.5000    7.5000    7.5000 2972.3887    9.1492
    0.0000    7.5000    7.5000 2993.7637    8.9550
    7.5000    7.5000    7.5000 2954.3987    9.1587
   -7.5000   15.0000    7.5000 2950.3135    9.5199
    0.0000   15.0000    7.5000 2976.0908    9.3482
    7.5000   15.0000    7.5000 2938.3945    9.5349
   -7.5000   22.5000    7.5000 2890.1357   10.0591
    0.0000   22.5000    7.5000 2913.4097    9.8752
    7.5000   22.5000    7.5000 2876.6921   10.1012
   -7.5000   30.0000    7.5000 2796.5967   10.7459
    0.0000   30.0000    7.5000 2812.8992   10.5784
    7.5000   30.0000    7.5000 2780.2593   10.7964
   -7.5000   37.5000    7.5000 2671.0664   11.6731
    0.0000   37.5000    7.5000 2687.3669   11.5151
    7.5000   37.5000    7.5000 2657.1899   11.7329
   -7.5000   45.0000    7.5000 2528.1868   12.8987
    0.0000   45.0000    7.5000 2544.7158   12.7664
    7.5000   45.0000    7.5000 2511.4329   12.9702
   -7.5000  -45.0000   15.0000 2314.4795   14.4020
    0.0000  -45.0000   15.0000 2336.7788   14.2106
    7.5000  -45.0000   15.0000 2324.5552   14.3988
   -7.5000  -37.5000   15.0000 2445.8677   12.8064
    0.0000  -37.5000   15.0000 2470.1584   12.6131
    7.5000  -37.5000   15.0000 2457.9490   12.8123
   -7.5000  -30.0000   15.0000 2568.8306   11.5430
    0.0000  -30.0000   15.0000 2590.5212   11.3467
    7.5000  -30.0000   15.0000 2578.4270   11.5589
   -7.5000  -22.5000   15.0000 2683.4072   10.5367
    0.0000  -22.5000   15.0000 2703.1597   10.3614
    7.5000  -22.5000   15.0000 2687.9065   10.5651
   -7.5000  -15.0000   15.0000 2781.5737    9.7667
    0.0000  -15.0000   15.0000 2800.9854    9.5939
    7.5000  -15.0000   15.0000 2782.8101    9.8065
   -7.5000   -7.5000   15.0000 2874.7336    9.2717
    0.0000   -7.5000   15.0000 2896.3606    9.1066
    7.5000   -7.5000   15.0000 2870.8230    9.2901
   -7.5000    0.0000   15.0000 2949.1033    9.0105
    0.0000    0.0000   15.0000 2984.3398    8.8578
    7.5000    0.0000   15.0000 2940.5625    9.0625
   -7.5000    7.5000   15.0000 2993.6277    9.0016
    0.0000    7.5000   15.0000 3032.5884    8.8294
    7.5000    7.5000   15.0000 2981.7341    9.1127
   -7.5000   15.0000   15.0000 2973.7568    9.3206
    0.0000   15.0000   15.0000 3011.3887    9.1572
    7.5000   15.0000   15.0000 2962.2156    9.3980
   -7.5000   22.5000   15.0000 2905.2581    9.8631
    0.0000   22.5000   15.0000 2936.2371    9.7203
    7.5000   22.5000   15.0000 2892.1833    9.9052
   -7.5000   30.0000   15.0000 2803.9539   10.6118
    0.0000   30.0000   15.0000 2821.9204   10.4803
    7.5000   30.0000   15.0000 2790.9839   10.6246
   -7.5000   37.5000   15.0000 2678.7297   11.5743
    0.0000   37.5000   15.0000 2694.3582   11.4401
    7.5000   37.5000   15.0000 2664.3782   11.5820
   -7.5000   45.0000   15.0000 2532.1492   12.7757
    0.0000   45.0000   15.0000 2549.6384   12.6696
    7.5000   45.0000   15.0000 2519.5845   12.8067
   -7.5000  -45.0000   22.5000 2295.4038   14.5331
    0.0000  -45.0000   22.5000 2317.0293   14.2862
    7.5000  -45.0000   22.5000 2307.6111   14.5847
   -7.5000  -37.5000   22.5000 2423.0090   12.9135
    0.0000  -37.5000   22.5000 2439.8542   12.6557
    7.5000  -37.5000   22.5000 2432.4851   12.9381
   -7.5000  -30.0000   22.5000 2542.6511   11.6506
    0.0000  -30.0000   22.5000 2555.0549   11.3740
    7.5000  -30.0000   22.5000 2546.2686   11.6414
   -7.5000  -22.5000   22.5000 2660.0232   10.6543
    0.0000  -22.5000   22.5000 2668.1848   10.3868
    7.5000  -22.5000   22.5000 2659.2949   10.6584
   -7.5000  -15.0000   22.5000 2761.2012    9.9045
    0.0000  -15.0000   22.5000 2769.9700    9.6654
    7.5000  -15.0000   22.5000 2758.9651    9.9574
   -7.5000   -7.5000   22.5000 2862.6431    9.4349
    0.0000   -7.5000   22.5000 2880.6445    9.2572
    7.5000   -7.5000   22.5000 2853.1746    9.5233
   -7.5000    0.0000   22.5000 2939.3467    9.1637
    0.0000    0.0000   22.5000 2981.9956    9.0796
    7.5000    0.0000   22.5000 2925.7964    9.3063
   -7.5000    7.5000   22.5000 2979.6504    9.1749
    0.0000    7.5000   22.5000 3026.5747    9.1087
    7.5000    7.5000   22.5000 2969.9067    9.3228
   -7.5000   15.0000   22.5000 2959.7200    9.4349
    0.0000   15.0000   22.5000 3002.4087    9.3615
    7.5000   15.0000   22.5000 2947.9128    9.5376
   -7.5000   22.5000   22.5000 2891.6924    9.9537
    0.0000   22.5000   22.5000 2925.0498    9.8377
    7.5000   22.5000   22.5000 2879.7603   10.0025
   -7.5000   30.0000   22.5000 2789.7529   10.6793
    0.0000   30.0000   22.5000 2809.3601   10.5458
    7.5000   30.0000   22.5000 2777.1912   10.6805
   -7.5000   37.5000   22.5000 2665.4397   11.6267
    0.0000   37.5000   22.5000 2676.5293   11.4949
    7.5000   37.5000   22.5000 2648.7212   11.6102
   -7.5000   45.0000   22.5000 2522.0234   12.8013
    0.0000   45.0000   22.5000 2533.7170   12.6796
    7.5000   45.0000   22.5000 2510.4341   12.8160
   -7.5000  -45.0000   30.0000 2262.6609   14.9249
    0.0000  -45.0000   30.0000 2277.7104   14.6184
    7.5000  -45.0000   30.0000 2270.2786   14.9085
   -7.5000  -37.5000   30.0000 2391.5730   13.3478
    0.0000  -37.5000   30.0000 2399.5762   13.0129
    7.5000  -37.5000   30.0000 2389.0168   13.2940
   -7.5000  -30.0000   30.0000 2504.1296   12.0509
    0.0000  -30.0000   30.0000 2513.3940   11.7613
    7.5000  -30.0000   30.0000 2503.1187   12.0756
   -7.5000  -22.5000   30.0000 2619.3301   11.0386
    0.0000  -22.5000   30.0000 2629.3137   10.8028
    7.5000  -22.5000   30.0000 2618.9395   11.1268
   -7.5000  -15.0000   30.0000 2723.0522   10.3083
    0.0000  -15.0000   30.0000 2731.9983   10.1036
    7.5000  -15.0000   30.0000 2720.2527   10.4399
   -7.5000   -7.5000   30.0000 2820.3745    9.8324
    0.0000   -7.5000   30.0000 2838.2104    9.6554
    7.5000   -7.5000   30.0000 2809.5562    9.9447
   -7.5000    0.0000   30.0000 2894.3892    9.5227
    0.0000    0.0000   30.0000 2924.5405    9.4019
    7.5000    0.0000   30.0000 2879.7480    9.6940
   -7.5000    7.5000   30.0000 2932.0051    9.5395
    0.0000    7.5000   30.0000 2960.9036    9.4242
    7.5000    7.5000   30.0000 2917.1499    9.6714
   -7.5000   15.0000   30.0000 2907.2158    9.8234
    0.0000   15.0000   30.0000 2933.9299    9.6995
    7.5000   15.0000   30.0000 2890.8215    9.9041
   -7.5000   22.5000   30.0000 2842.6956   10.3111
    0.0000   22.5000   30.0000 2866.3508   10.1766
    7.5000   22.5000   30.0000 2828.5381   10.3684
   -7.5000   30.0000   30.0000 2744.3289   10.9933
    0.0000   30.0000   30.0000 2759.8196   10.8662
    7.5000   30.0000   30.0000 2730.7905   11.0347
   -7.5000   37.5000   30.0000 2622.4006   11.8936
    0.0000   37.5000   30.0000 2634.1831   11.7727
    7.5000   37.5000   30.0000 2608.5454   11.9163
   -7.5000   45.0000   30.0000 2485.8325   13.0255
    0.0000   45.0000   30.0000 2495.5950   12.9321
    7.5000   45.0000   30.0000 2470.9702   13.0674
   -7.5000  -45.0000   37.5000 2219.1545   15.6223
    0.0000  -45.0000   37.5000 2231.1282   15.3345
    7.5000  -45.0000   37.5000 2219.3616   15.6214
   -7.5000  -37.5000   37.5000 2348.2578   13.9663
    0.0000  -37.5000   37.5000 2360.7920   13.7040
    7.5000  -37.5000   37.5000 2345.5222   14.0012
   -7.5000  -30.0000   37.5000 2463.1025   12.6872
    0.0000  -30.0000   37.5000 2477.5010   12.4420
    7.5000  -30.0000   37.5000 2461.1697   12.7360
   -7.5000  -22.5000   37.5000 2570.4343   11.6708
    0.0000  -22.5000   37.5000 2584.5613   11.4394
    7.5000  -22.5000   37.5000 2567.9937   11.7567
   -7.5000  -15.0000   37.5000 2670.0234   10.8909
    0.0000  -15.0000   37.5000 2677.0232   10.6608
    7.5000  -15.0000   37.5000 2664.1323   10.9862
   -7.5000   -7.5000   37.5000 2762.3938   10.3526
    0.0000   -7.5000   37.5000 2772.3523   10.1345
    7.5000   -7.5000   37.5000 2751.4004   10.4740
   -7.5000    0.0000   37.5000 2827.9509   10.0467
    0.0000    0.0000   37.5000 2838.9202    9.8986
    7.5000    0.0000   37.5000 2809.7061   10.2084
   -7.5000    7.5000   37.5000 2850.7190   10.0812
    0.0000    7.5000   37.5000 2864.4568    9.9308
    7.5000    7.5000   37.5000 2835.9124   10.1833
   -7.5000   15.0000   37.5000 2826.2893   10.3519
    0.0000   15.0000   37.5000 2839.0681   10.2164
    7.5000   15.0000   37.5000 2809.5847   10.4278
   -7.5000   22.5000   37.5000 2762.8286   10.8310
    0.0000   22.5000   37.5000 2778.8828   10.6985
    7.5000   22.5000   37.5000 2747.2219   10.8949
   -7.5000   30.0000   37.5000 2673.5076   11.5015
    0.0000   30.0000   37.5000 2690.2463   11.3425
    7.5000   30.0000   37.5000 2657.3206   11.5416
   -7.5000   37.5000   37.5000 2559.4368   12.3848
    0.0000   37.5000   37.5000 2571.1853   12.2578
    7.5000   37.5000   37.5000 2546.4058   12.4333
   -7.5000   45.0000   37.5000 2428.7344   13.4723
    0.0000   45.0000   37.5000 2439.1599   13.3879
    7.5000   45.0000   37.5000 2415.6965   13.5505
   -7.5000  -45.0000   45.0000 2162.8704   16.5731
    0.0000  -45.0000   45.0000 2178.2361   16.3344
    7.5000  -45.0000   45.0000 2164.8123   16.6056
   -7.5000  -37.5000   45.0000 2291.6919   14.8344
    0.0000  -37.5000   45.0000 2308.3853   14.5632
    7.5000  -37.5000   45.0000 2290.8376   14.8500
   -7.5000  -30.0000   45.0000 2405.2500   13.4607
    0.0000  -30.0000   45.0000 2423.9775   13.2016
    7.5000  -30.0000   45.0000 2404.0007   13.4961
   -7.5000  -22.5000   45.0000 2513.5166   12.3903
    0.0000  -22.5000   45.0000 2528.5283   12.1574
    7.5000  -22.5000   45.0000 2508.2131   12.4605
   -7.5000  -15.0000   45.0000 2609.9492   11.5709
    0.0000  -15.0000   45.0000 2620.6104   11.3463
    7.5000  -15.0000   45.0000 2599.6501   11.6514
   -7.5000   -7.5000   45.0000 2689.0283   11.0176
    0.0000   -7.5000   45.0000 2702.2810   10.8132
    7.5000   -7.5000   45.0000 2677.3179   11.1448
   -7.5000    0.0000   45.0000 2737.3513   10.7195
    0.0000    0.0000   45.0000 2748.5149   10.5784
    7.5000    0.0000   45.0000 2726.3113   10.8615
   -7.5000    7.5000   45.0000 2748.6404   10.7333
    0.0000    7.5000   45.0000 2761.5845   10.5820
    7.5000    7.5000   45.0000 2739.9966   10.8144
   -7.5000   15.0000   45.0000 2718.1619   10.9853
    0.0000   15.0000   45.0000 2732.7776   10.8542
    7.5000   15.0000   45.0000 2715.9888   11.0629
   -7.5000   22.5000   45.0000 2666.1182   11.4508
    0.0000   22.5000   45.0000 2682.0020   11.3315
    7.5000   22.5000   45.0000 2656.5391   11.5262
   -7.5000   30.0000   45.0000 2584.6680   12.1048
    0.0000   30.0000   45.0000 2599.8281   11.9844
    7.5000   30.0000   45.0000 2571.9714   12.1803
   -7.5000   37.5000   45.0000 2483.6926   12.9636
    0.0000   37.5000   45.0000 2492.2666   12.8605
    7.5000   37.5000   45.0000 2467.9250   13.0532
   -7.5000   45.0000   45.0000 2359.7915   14.0745
    0.0000   45.0000   45.0000 2367.5320   13.9952
    7.5000   45.0000   45.0000 2343.9875   14.1674

---------------------------------------------------------------------
imgreg_4dfp /opt/freesurfer/average/711-2C_as_mni_average_305 /opt/freesurfer/average/711-2B_as_mni_average_305_mask talsrcimg_g11 none talsrcimg_to_711-2C_as_mni_average_305_t4 1283
---------------------------------------------------------------------

freesurfer imgreg_4dfp.c
/opt/freesurfer/average/711-2C_as_mni_average_305.4dfp.img
       256       256       256         1
  1.000000  1.000000  1.000000
orientation T byte_order littleendian
Reading image: /opt/freesurfer/average/711-2C_as_mni_average_305.4dfp.img
dimensions:      256       256       256
mmppix:       1.0000   -1.0000   -1.0000
center:     128.0000 -129.0000 -129.0000
/opt/freesurfer/average/711-2B_as_mni_average_305_mask.4dfp.img
       256       256       256         1
  1.000000  1.000000  1.000000
orientation T byte_order littleendian
Reading mask: /opt/freesurfer/average/711-2B_as_mni_average_305_mask.4dfp.img (2306576 pixels)
talsrcimg_g11.4dfp.img
       256       256       256         1
  1.000000  1.000000  1.000000
orientation T byte_order littleendian
Reading image: talsrcimg_g11.4dfp.img
dimensions:      256       256       256
mmppix:       1.0000   -1.0000   -1.0000
center:     128.0000 -129.0000 -129.0000
rotation matrix determinant  1.000000
fimgreg.f
image alignment mode   1283 decimal      503 hex
parameters
    0.0000    7.5000   15.0000    0.0000    0.0000    0.0000
eta,q 0.95171  8.86713
niter,ni,del,rscale     5    3   12.0000    1.2000
parameter  4  1.504087 ->  0.500000 qaram    1.1500
parameters
   -0.7101    8.2179   16.4418   -3.4500   -0.0081    2.4545
eta,q 0.95593  8.79291
  0.0575  0.0568  0.0598  0.0435  0.0494  0.0515
  0.0520  0.0523  0.0567  0.0443  0.0469  0.0488
  0.0484  0.0488  0.0511  0.0455  0.0456  0.0463
  0.0485  0.0477  0.0478  0.0469  0.0445  0.0445
  0.0515  0.0480  0.0472  0.0488  0.0450  0.0441
  0.0554  0.0499  0.0493  0.0508  0.0470  0.0444
  0.0626  0.0532  0.0533  0.0537  0.0496  0.0455
niter,ni,del,rscale     5    3   12.0000    1.2000
parameter  4  1.633012 ->  0.500000 qaram    1.3225
parameters
   -0.3513    9.6164   16.5858   -7.4175   -0.6706    2.4595
eta,q 0.95923  8.78934
  0.0580  0.0554  0.0547  0.0406  0.0464  0.0452
  0.0513  0.0497  0.0500  0.0409  0.0432  0.0430
  0.0457  0.0453  0.0457  0.0420  0.0410  0.0414
  0.0441  0.0441  0.0446  0.0445  0.0410  0.0408
  0.0456  0.0447  0.0460  0.0468  0.0428  0.0412
  0.0488  0.0453  0.0496  0.0489  0.0455  0.0429
  0.0551  0.0477  0.0535  0.0516  0.0488  0.0453
niter,ni,del,rscale     5    3   12.0000    1.2000
parameter  4  0.552546 ->  0.500000 qaram    1.5209
parameters
   -0.1140   11.3487   16.3397  -11.9801   -0.5227    2.3852
eta,q 0.96117  8.78326
  0.0559  0.0530  0.0494  0.0410  0.0451  0.0438
  0.0489  0.0474  0.0448  0.0387  0.0426  0.0411
  0.0429  0.0430  0.0420  0.0394  0.0402  0.0394
  0.0408  0.0407  0.0410  0.0411  0.0388  0.0388
  0.0419  0.0411  0.0422  0.0433  0.0396  0.0391
  0.0465  0.0419  0.0460  0.0464  0.0417  0.0410
  0.0543  0.0439  0.0507  0.0498  0.0450  0.0444
niter,ni,del,rscale     5    3   12.0000    1.2000
parameters
   -0.2529   12.6576   15.7957  -11.1061   -0.3964    2.2324
eta,q 0.96083  8.81876
  0.0530  0.0546  0.0450  0.0515  0.0458  0.0436
  0.0450  0.0471  0.0406  0.0454  0.0431  0.0412
  0.0397  0.0407  0.0388  0.0392  0.0405  0.0398
  0.0388  0.0387  0.0389  0.0389  0.0391  0.0391
  0.0406  0.0393  0.0397  0.0404  0.0398  0.0395
  0.0455  0.0411  0.0427  0.0430  0.0423  0.0415
  0.0545  0.0445  0.0476  0.0465  0.0457  0.0444
niter,ni,del,rscale     4    3   12.0000    1.2000
parameters
   -0.3192   12.4035   15.8444  -10.8433   -0.4273    2.2391
eta,q 0.96085  8.81458
  0.0532  0.0475  0.0468  0.0503  0.0456  0.0438
  0.0456  0.0419  0.0420  0.0434  0.0428  0.0414
  0.0403  0.0392  0.0393  0.0388  0.0403  0.0399
  0.0392  0.0391  0.0390  0.0390  0.0392  0.0392
  0.0409  0.0404  0.0394  0.0410  0.0400  0.0394
  0.0454  0.0431  0.0419  0.0437  0.0426  0.0412
  0.0541  0.0487  0.0464  0.0476  0.0460  0.0441
niter,ni,del,rscale     3    3   12.0000    1.2000
parameters
   -0.3168   12.3420   15.8705  -10.7834   -0.4436    2.2405
eta,q 0.96084  8.81404
  0.0535  0.0479  0.0469  0.0499  0.0456  0.0438
  0.0460  0.0424  0.0421  0.0428  0.0429  0.0414
  0.0405  0.0395  0.0394  0.0388  0.0403  0.0399
  0.0392  0.0392  0.0391  0.0391  0.0392  0.0392
  0.0408  0.0403  0.0395  0.0412  0.0400  0.0394
  0.0452  0.0427  0.0421  0.0439  0.0426  0.0412
  0.0539  0.0480  0.0467  0.0479  0.0460  0.0441
niter,ni,del,rscale     2    3   12.0000    1.2000
parameters
   -0.3109   12.3286   15.8797  -10.7686   -0.4492    2.2385
eta,q 0.96083  8.81409
  0.0535  0.0480  0.0469  0.0498  0.0457  0.0438
  0.0460  0.0425  0.0421  0.0427  0.0429  0.0414
  0.0405  0.0396  0.0395  0.0388  0.0404  0.0399
  0.0392  0.0392  0.0392  0.0392  0.0392  0.0392
  0.0408  0.0402  0.0396  0.0413  0.0400  0.0394
  0.0452  0.0426  0.0422  0.0440  0.0426  0.0412
  0.0539  0.0479  0.0467  0.0480  0.0460  0.0441
registration optimization eta report
parameter search radius
    6.0000    6.0000    6.0000    9.1253    6.0000    6.0000
100000*second partial in parameter space
       41.       25.       22.       12.       18.       13.
  0.0535  0.0480  0.0469  0.0498  0.0457  0.0438
  0.0460  0.0425  0.0421  0.0427  0.0429  0.0414
  0.0405  0.0396  0.0395  0.0388  0.0404  0.0399
  0.0392  0.0392  0.0392  0.0392  0.0392  0.0392
  0.0408  0.0402  0.0396  0.0413  0.0400  0.0394
  0.0452  0.0426  0.0422  0.0440  0.0426  0.0412
  0.0539  0.0479  0.0467  0.0480  0.0460  0.0441
   -0.3109   12.3286   15.8797  -10.7686   -0.4492    2.2385
eta,q 0.96083  8.81409

---------------------------------------------------------------------
imgreg_4dfp /opt/freesurfer/average/711-2C_as_mni_average_305 /opt/freesurfer/average/711-2B_as_mni_average_305_mask talsrcimg_g11 none talsrcimg_to_711-2C_as_mni_average_305_t4 3335
---------------------------------------------------------------------

freesurfer imgreg_4dfp.c
/opt/freesurfer/average/711-2C_as_mni_average_305.4dfp.img
       256       256       256         1
  1.000000  1.000000  1.000000
orientation T byte_order littleendian
Reading image: /opt/freesurfer/average/711-2C_as_mni_average_305.4dfp.img
dimensions:      256       256       256
mmppix:       1.0000   -1.0000   -1.0000
center:     128.0000 -129.0000 -129.0000
/opt/freesurfer/average/711-2B_as_mni_average_305_mask.4dfp.img
       256       256       256         1
  1.000000  1.000000  1.000000
orientation T byte_order littleendian
Reading mask: /opt/freesurfer/average/711-2B_as_mni_average_305_mask.4dfp.img (2306576 pixels)
talsrcimg_g11.4dfp.img
       256       256       256         1
  1.000000  1.000000  1.000000
orientation T byte_order littleendian
Reading image: talsrcimg_g11.4dfp.img
dimensions:      256       256       256
mmppix:       1.0000   -1.0000   -1.0000
center:     128.0000 -129.0000 -129.0000
fimgreg.f
image alignment mode   3335 decimal      D07 hex
parameters
   -0.3109   12.3286   15.8797   -0.0794   -1.8417   -1.7640
   -3.9835    0.0398    3.9058   18.7001   -0.7840  -18.6837
eta,q 0.96421  8.93310
niter,ni,del,rscale     5    3    5.0000    1.2000
parameter  4  1.105750 ->  0.500000 qaram    1.1500
parameter  5  2.059554 ->  0.500000 qaram    1.1500
parameter  6  0.867427 ->  0.500000 qaram    1.1500
parameter 11  0.997792 ->  0.500000 qaram    1.1500
parameters
   -0.3277   13.0478   15.3716   -4.2194   -5.9817   -5.9040
   -4.2872   -0.5479    2.8875   18.6187   -4.9240  -16.5542
eta,q 0.97622  8.69378
  0.0390  0.0388  0.0368  0.0309  0.0258  0.0249  0.0272  0.0291  0.0265  0.0282  0.0237  0.0262
  0.0374  0.0375  0.0359  0.0313  0.0276  0.0250  0.0261  0.0270  0.0256  0.0267  0.0238  0.0252
  0.0362  0.0365  0.0355  0.0328  0.0295  0.0258  0.0253  0.0255  0.0251  0.0256  0.0243  0.0244
  0.0358  0.0358  0.0356  0.0355  0.0316  0.0281  0.0251  0.0251  0.0251  0.0250  0.0251  0.0239
  0.0362  0.0356  0.0362  0.0396  0.0346  0.0323  0.0254  0.0259  0.0255  0.0252  0.0261  0.0238
  0.0374  0.0359  0.0371  0.0445  0.0381  0.0368  0.0263  0.0280  0.0264  0.0264  0.0275  0.0240
  0.0392  0.0366  0.0383  0.0488  0.0414  0.0417  0.0277  0.0308  0.0277  0.0288  0.0292  0.0245
niter,ni,del,rscale     7    3    5.0000    1.2000
parameter  2  0.662488 ->  0.500000 qaram    1.1500
parameter  3  0.628444 ->  0.500000 qaram    1.1500
parameter  5  0.729465 ->  0.500000 qaram    1.3225
parameters
   -0.8201   11.6678   13.9916   -5.9229  -10.7427   -7.9103
   -4.0122    0.5935    3.6232   18.5187   -7.5677  -19.5356
eta,q 0.98024  8.56435
  0.0257  0.0231  0.0223  0.0250  0.0208  0.0232  0.0228  0.0254  0.0225  0.0235  0.0205  0.0203
  0.0243  0.0227  0.0219  0.0238  0.0199  0.0221  0.0216  0.0231  0.0214  0.0219  0.0202  0.0199
  0.0237  0.0229  0.0220  0.0226  0.0206  0.0208  0.0208  0.0215  0.0205  0.0207  0.0200  0.0198
  0.0238  0.0236  0.0227  0.0219  0.0222  0.0199  0.0204  0.0204  0.0201  0.0201  0.0201  0.0200
  0.0246  0.0247  0.0239  0.0228  0.0244  0.0216  0.0206  0.0201  0.0202  0.0204  0.0205  0.0206
  0.0262  0.0261  0.0253  0.0260  0.0272  0.0256  0.0213  0.0211  0.0208  0.0218  0.0213  0.0214
  0.0283  0.0279  0.0271  0.0312  0.0305  0.0310  0.0225  0.0233  0.0218  0.0240  0.0224  0.0224
niter,ni,del,rscale     7    3    5.0000    1.2000
parameters
   -0.5979   11.4385   13.3302   -4.6944  -11.2091   -8.3915
   -4.0444    0.9646    3.7874   19.1656   -8.3103  -20.5620
eta,q 0.98091  8.59256
  0.0230  0.0227  0.0208  0.0237  0.0245  0.0233  0.0218  0.0244  0.0215  0.0231  0.0205  0.0202
  0.0214  0.0210  0.0200  0.0224  0.0219  0.0219  0.0205  0.0219  0.0204  0.0214  0.0197  0.0195
  0.0203  0.0199  0.0196  0.0211  0.0197  0.0206  0.0196  0.0201  0.0196  0.0200  0.0192  0.0191
  0.0198  0.0197  0.0197  0.0196  0.0190  0.0190  0.0193  0.0193  0.0192  0.0192  0.0191  0.0191
  0.0199  0.0204  0.0203  0.0187  0.0202  0.0187  0.0195  0.0195  0.0194  0.0192  0.0194  0.0194
  0.0206  0.0218  0.0213  0.0197  0.0225  0.0216  0.0205  0.0210  0.0202  0.0202  0.0200  0.0201
  0.0221  0.0238  0.0228  0.0228  0.0257  0.0263  0.0219  0.0236  0.0214  0.0223  0.0211  0.0209
niter,ni,del,rscale     6    3    5.0000    1.2000
parameters
   -0.5375   11.4968   13.1627   -4.7221  -11.3954   -8.4814
   -4.0215    1.0986    3.8706   19.4546   -8.4668  -20.9957
eta,q 0.98092  8.59163
  0.0225  0.0228  0.0210  0.0232  0.0249  0.0236  0.0218  0.0241  0.0214  0.0228  0.0207  0.0204
  0.0207  0.0209  0.0198  0.0219  0.0223  0.0221  0.0204  0.0216  0.0202  0.0211  0.0198  0.0196
  0.0195  0.0196  0.0192  0.0205  0.0200  0.0208  0.0195  0.0198  0.0195  0.0198  0.0193  0.0192
  0.0191  0.0191  0.0191  0.0191  0.0191  0.0191  0.0191  0.0191  0.0191  0.0191  0.0191  0.0191
  0.0194  0.0195  0.0194  0.0188  0.0200  0.0184  0.0194  0.0195  0.0193  0.0193  0.0193  0.0193
  0.0204  0.0207  0.0203  0.0207  0.0223  0.0210  0.0203  0.0212  0.0201  0.0204  0.0198  0.0199
  0.0222  0.0225  0.0215  0.0247  0.0256  0.0255  0.0218  0.0239  0.0213  0.0225  0.0208  0.0207
niter,ni,del,rscale     5    3    5.0000    1.2000
parameters
   -0.5200   11.5385   13.0993   -4.7065  -11.4945   -8.5138
   -4.0162    1.1178    3.8918   19.5866   -8.5214  -21.1758
eta,q 0.98092  8.59148
  0.0224  0.0228  0.0212  0.0233  0.0250  0.0237  0.0217  0.0240  0.0213  0.0226  0.0207  0.0205
  0.0206  0.0208  0.0200  0.0219  0.0224  0.0222  0.0204  0.0215  0.0202  0.0210  0.0198  0.0197
  0.0195  0.0195  0.0193  0.0205  0.0201  0.0208  0.0195  0.0197  0.0194  0.0197  0.0193  0.0192
  0.0191  0.0191  0.0191  0.0191  0.0191  0.0191  0.0191  0.0191  0.0191  0.0191  0.0191  0.0191
  0.0194  0.0195  0.0194  0.0188  0.0200  0.0184  0.0194  0.0196  0.0193  0.0193  0.0193  0.0193
  0.0205  0.0207  0.0201  0.0207  0.0222  0.0210  0.0203  0.0213  0.0201  0.0205  0.0198  0.0198
  0.0223  0.0225  0.0213  0.0246  0.0255  0.0254  0.0218  0.0240  0.0213  0.0227  0.0208  0.0206
niter,ni,del,rscale     4    3    5.0000    1.2000
parameters
   -0.5167   11.5601   13.0773   -4.6885  -11.5437   -8.5248
   -4.0240    1.1187    3.9003   19.6462   -8.5457  -21.2615
eta,q 0.98092  8.59163
  0.0223  0.0227  0.0212  0.0233  0.0250  0.0237  0.0217  0.0239  0.0213  0.0225  0.0208  0.0205
  0.0206  0.0208  0.0200  0.0220  0.0224  0.0222  0.0203  0.0214  0.0202  0.0209  0.0198  0.0197
  0.0195  0.0195  0.0193  0.0205  0.0201  0.0208  0.0194  0.0197  0.0194  0.0197  0.0192  0.0192
  0.0191  0.0191  0.0191  0.0191  0.0191  0.0191  0.0191  0.0191  0.0191  0.0191  0.0191  0.0191
  0.0194  0.0195  0.0194  0.0188  0.0199  0.0184  0.0194  0.0196  0.0193  0.0193  0.0193  0.0193
  0.0205  0.0207  0.0201  0.0207  0.0222  0.0209  0.0203  0.0213  0.0201  0.0205  0.0198  0.0198
  0.0224  0.0225  0.0212  0.0246  0.0254  0.0254  0.0218  0.0241  0.0213  0.0227  0.0208  0.0206
niter,ni,del,rscale     3    3    5.0000    1.2000
parameters
   -0.5164   11.5700   13.0670   -4.6807  -11.5655   -8.5288
   -4.0213    1.1172    3.9023   19.6735   -8.5561  -21.2936
eta,q 0.98093  8.59168
  0.0223  0.0227  0.0212  0.0233  0.0251  0.0237  0.0217  0.0240  0.0213  0.0225  0.0208  0.0205
  0.0206  0.0207  0.0200  0.0220  0.0224  0.0222  0.0203  0.0214  0.0201  0.0209  0.0198  0.0197
  0.0195  0.0195  0.0193  0.0205  0.0201  0.0208  0.0194  0.0197  0.0194  0.0197  0.0192  0.0192
  0.0191  0.0191  0.0191  0.0191  0.0191  0.0191  0.0191  0.0191  0.0191  0.0191  0.0191  0.0191
  0.0194  0.0195  0.0194  0.0188  0.0199  0.0184  0.0193  0.0196  0.0193  0.0193  0.0192  0.0193
  0.0205  0.0208  0.0201  0.0207  0.0221  0.0209  0.0203  0.0213  0.0201  0.0205  0.0198  0.0198
  0.0224  0.0226  0.0212  0.0246  0.0254  0.0254  0.0218  0.0241  0.0213  0.0228  0.0208  0.0205
registration optimization eta report
parameter search radius
    2.4000    2.7600    2.7600    8.2800    9.5220    8.2800
    7.2000    7.2000    7.2000    7.2000    8.2800    7.2000
100000*second partial in parameter space
       57.       46.       28.        7.        7.        8.
        5.       10.        4.        7.        2.        3.
  0.0223  0.0227  0.0212  0.0233  0.0251  0.0237  0.0217  0.0240  0.0213  0.0225  0.0208  0.0205
  0.0206  0.0207  0.0200  0.0220  0.0224  0.0222  0.0203  0.0214  0.0201  0.0209  0.0198  0.0197
  0.0195  0.0195  0.0193  0.0205  0.0201  0.0208  0.0194  0.0197  0.0194  0.0197  0.0192  0.0192
  0.0191  0.0191  0.0191  0.0191  0.0191  0.0191  0.0191  0.0191  0.0191  0.0191  0.0191  0.0191
  0.0194  0.0195  0.0194  0.0188  0.0199  0.0184  0.0193  0.0196  0.0193  0.0193  0.0192  0.0193
  0.0205  0.0208  0.0201  0.0207  0.0221  0.0209  0.0203  0.0213  0.0201  0.0205  0.0198  0.0198
  0.0224  0.0226  0.0212  0.0246  0.0254  0.0254  0.0218  0.0241  0.0213  0.0228  0.0208  0.0205
   -0.5164   11.5700   13.0670   -4.6807  -11.5655   -8.5288
   -4.0213    1.1172    3.9023   19.6735   -8.5561  -21.2936
eta,q 0.98093  8.59168

---------------------------------------------------------------------
imgreg_4dfp /opt/freesurfer/average/711-2C_as_mni_average_305 /opt/freesurfer/average/711-2B_as_mni_average_305_mask talsrcimg_g11 none talsrcimg_to_711-2C_as_mni_average_305_t4 2311
---------------------------------------------------------------------

freesurfer imgreg_4dfp.c
/opt/freesurfer/average/711-2C_as_mni_average_305.4dfp.img
       256       256       256         1
  1.000000  1.000000  1.000000
orientation T byte_order littleendian
Reading image: /opt/freesurfer/average/711-2C_as_mni_average_305.4dfp.img
dimensions:      256       256       256
mmppix:       1.0000   -1.0000   -1.0000
center:     128.0000 -129.0000 -129.0000
/opt/freesurfer/average/711-2B_as_mni_average_305_mask.4dfp.img
       256       256       256         1
  1.000000  1.000000  1.000000
orientation T byte_order littleendian
Reading mask: /opt/freesurfer/average/711-2B_as_mni_average_305_mask.4dfp.img (2306576 pixels)
talsrcimg_g11.4dfp.img
       256       256       256         1
  1.000000  1.000000  1.000000
orientation T byte_order littleendian
Reading image: talsrcimg_g11.4dfp.img
dimensions:      256       256       256
mmppix:       1.0000   -1.0000   -1.0000
center:     128.0000 -129.0000 -129.0000
fimgreg.f
image alignment mode   2311 decimal      907 hex
parameters
   -0.5164   11.5700   13.0670   -4.6807  -11.5655   -8.5288
   -4.0213    1.1172    3.9023   19.6735   -8.5561  -21.2936
eta,q 0.98093  8.59168
niter,ni,del,rscale     5    3    5.0000    0.8000
parameters
   -0.5045   11.5456   13.0202   -3.2932  -11.5806   -7.4156
   -4.1231    0.9872    3.6570   19.5283   -8.7476  -21.4488
eta,q 0.98178  8.63476
  0.0206  0.0203  0.0198  0.0216  0.0207  0.0215  0.0196  0.0212  0.0193  0.0201  0.0191  0.0190
  0.0198  0.0196  0.0194  0.0207  0.0197  0.0207  0.0188  0.0196  0.0187  0.0191  0.0186  0.0185
  0.0193  0.0192  0.0191  0.0198  0.0189  0.0197  0.0184  0.0186  0.0183  0.0185  0.0183  0.0183
  0.0191  0.0191  0.0191  0.0191  0.0187  0.0187  0.0182  0.0182  0.0182  0.0182  0.0182  0.0182
  0.0192  0.0192  0.0192  0.0187  0.0190  0.0181  0.0184  0.0187  0.0184  0.0185  0.0184  0.0183
  0.0197  0.0197  0.0194  0.0190  0.0197  0.0186  0.0189  0.0199  0.0188  0.0192  0.0187  0.0186
  0.0205  0.0204  0.0198  0.0200  0.0207  0.0203  0.0197  0.0215  0.0195  0.0204  0.0193  0.0191
niter,ni,del,rscale     4    3    5.0000    0.7000
parameters
   -0.5099   11.5674   13.2250   -3.5218  -11.7266   -7.1147
   -4.0502    1.0168    3.6631   19.5632   -8.8039  -21.4242
eta,q 0.98187  8.63464
  0.0197  0.0193  0.0193  0.0200  0.0198  0.0207  0.0192  0.0206  0.0190  0.0197  0.0189  0.0188
  0.0189  0.0187  0.0188  0.0192  0.0189  0.0199  0.0187  0.0193  0.0185  0.0189  0.0185  0.0184
  0.0184  0.0184  0.0184  0.0185  0.0184  0.0190  0.0183  0.0184  0.0182  0.0184  0.0182  0.0182
  0.0182  0.0182  0.0182  0.0182  0.0182  0.0182  0.0181  0.0181  0.0181  0.0181  0.0181  0.0181
  0.0184  0.0183  0.0182  0.0184  0.0185  0.0181  0.0182  0.0184  0.0182  0.0183  0.0182  0.0182
  0.0189  0.0187  0.0184  0.0193  0.0191  0.0189  0.0186  0.0193  0.0185  0.0188  0.0185  0.0184
  0.0197  0.0193  0.0188  0.0206  0.0200  0.0206  0.0192  0.0206  0.0190  0.0197  0.0189  0.0187
niter,ni,del,rscale     3    3    5.0000    0.6000
parameters
   -0.5090   11.5809   13.2852   -3.5001  -11.8109   -6.9023
   -4.0328    1.0084    3.6553   19.5410   -8.8182  -21.4416
eta,q 0.98192  8.63624
  0.0192  0.0189  0.0188  0.0196  0.0193  0.0202  0.0189  0.0200  0.0187  0.0193  0.0187  0.0185
  0.0186  0.0185  0.0185  0.0189  0.0187  0.0194  0.0185  0.0190  0.0184  0.0186  0.0183  0.0183
  0.0182  0.0182  0.0182  0.0184  0.0183  0.0187  0.0182  0.0183  0.0182  0.0182  0.0182  0.0181
  0.0181  0.0181  0.0181  0.0181  0.0181  0.0181  0.0181  0.0181  0.0181  0.0181  0.0181  0.0181
  0.0183  0.0182  0.0182  0.0182  0.0183  0.0181  0.0182  0.0183  0.0181  0.0182  0.0181  0.0181
  0.0186  0.0185  0.0184  0.0188  0.0188  0.0187  0.0184  0.0190  0.0184  0.0186  0.0183  0.0183
  0.0192  0.0189  0.0187  0.0197  0.0194  0.0201  0.0189  0.0200  0.0188  0.0193  0.0187  0.0185
niter,ni,del,rscale     2    3    5.0000    0.5000
parameters
   -0.5132   11.5889   13.3214   -3.4588  -11.8704   -6.7272
   -4.0288    0.9959    3.6430   19.5175   -8.8211  -21.4695
eta,q 0.98195  8.63799
  0.0188  0.0187  0.0186  0.0192  0.0190  0.0197  0.0186  0.0194  0.0185  0.0189  0.0185  0.0184
  0.0184  0.0183  0.0183  0.0187  0.0185  0.0190  0.0183  0.0187  0.0183  0.0184  0.0182  0.0182
  0.0182  0.0181  0.0181  0.0183  0.0182  0.0184  0.0181  0.0182  0.0181  0.0182  0.0181  0.0181
  0.0181  0.0181  0.0181  0.0181  0.0181  0.0181  0.0180  0.0180  0.0180  0.0180  0.0181  0.0181
  0.0182  0.0181  0.0181  0.0182  0.0182  0.0181  0.0181  0.0182  0.0181  0.0181  0.0181  0.0181
  0.0184  0.0183  0.0183  0.0185  0.0185  0.0186  0.0183  0.0187  0.0183  0.0184  0.0182  0.0182
  0.0188  0.0186  0.0185  0.0192  0.0190  0.0195  0.0186  0.0194  0.0185  0.0189  0.0185  0.0184
niter,ni,del,rscale     1    3    5.0000    0.4000
parameters
   -0.5220   11.5920   13.3535   -3.4305  -11.9182   -6.5839
   -4.0184    0.9816    3.6407   19.5062   -8.8316  -21.5072
eta,q 0.98196  8.63937
  0.0185  0.0184  0.0184  0.0188  0.0186  0.0192  0.0184  0.0189  0.0183  0.0186  0.0183  0.0182
  0.0183  0.0182  0.0182  0.0184  0.0183  0.0187  0.0182  0.0184  0.0182  0.0183  0.0182  0.0181
  0.0181  0.0181  0.0181  0.0182  0.0181  0.0183  0.0181  0.0181  0.0181  0.0181  0.0181  0.0181
  0.0181  0.0181  0.0181  0.0181  0.0181  0.0181  0.0180  0.0180  0.0180  0.0180  0.0180  0.0180
  0.0181  0.0181  0.0181  0.0181  0.0181  0.0181  0.0181  0.0181  0.0181  0.0181  0.0181  0.0181
  0.0183  0.0182  0.0182  0.0184  0.0183  0.0184  0.0182  0.0185  0.0182  0.0183  0.0182  0.0181
  0.0185  0.0184  0.0183  0.0188  0.0187  0.0190  0.0184  0.0190  0.0183  0.0186  0.0183  0.0183
registration optimization eta report
parameter search radius
    0.8000    0.8000    0.8000    2.4000    2.4000    2.4000
    2.4000    2.4000    2.4000    2.4000    2.4000    2.4000
100000*second partial in parameter space
       75.       57.       47.       13.       11.       18.
        6.       16.        5.       10.        5.        4.
  0.0185  0.0184  0.0184  0.0188  0.0186  0.0192  0.0184  0.0189  0.0183  0.0186  0.0183  0.0182
  0.0183  0.0182  0.0182  0.0184  0.0183  0.0187  0.0182  0.0184  0.0182  0.0183  0.0182  0.0181
  0.0181  0.0181  0.0181  0.0182  0.0181  0.0183  0.0181  0.0181  0.0181  0.0181  0.0181  0.0181
  0.0181  0.0181  0.0181  0.0181  0.0181  0.0181  0.0180  0.0180  0.0180  0.0180  0.0180  0.0180
  0.0181  0.0181  0.0181  0.0181  0.0181  0.0181  0.0181  0.0181  0.0181  0.0181  0.0181  0.0181
  0.0183  0.0182  0.0182  0.0184  0.0183  0.0184  0.0182  0.0185  0.0182  0.0183  0.0182  0.0181
  0.0185  0.0184  0.0183  0.0188  0.0187  0.0190  0.0184  0.0190  0.0183  0.0186  0.0183  0.0183
   -0.5220   11.5920   13.3535   -3.4305  -11.9182   -6.5839
   -4.0184    0.9816    3.6407   19.5062   -8.8316  -21.5072
eta,q 0.98196  8.63937

---------------------------------------------------------------------
imgreg_4dfp /opt/freesurfer/average/711-2C_as_mni_average_305 /opt/freesurfer/average/711-2B_as_mni_average_305_mask talsrcimg_g11 none talsrcimg_to_711-2C_as_mni_average_305_t4 2311
---------------------------------------------------------------------

freesurfer imgreg_4dfp.c
/opt/freesurfer/average/711-2C_as_mni_average_305.4dfp.img
       256       256       256         1
  1.000000  1.000000  1.000000
orientation T byte_order littleendian
Reading image: /opt/freesurfer/average/711-2C_as_mni_average_305.4dfp.img
dimensions:      256       256       256
mmppix:       1.0000   -1.0000   -1.0000
center:     128.0000 -129.0000 -129.0000
/opt/freesurfer/average/711-2B_as_mni_average_305_mask.4dfp.img
       256       256       256         1
  1.000000  1.000000  1.000000
orientation T byte_order littleendian
Reading mask: /opt/freesurfer/average/711-2B_as_mni_average_305_mask.4dfp.img (2306576 pixels)
talsrcimg_g11.4dfp.img
       256       256       256         1
  1.000000  1.000000  1.000000
orientation T byte_order littleendian
Reading image: talsrcimg_g11.4dfp.img
dimensions:      256       256       256
mmppix:       1.0000   -1.0000   -1.0000
center:     128.0000 -129.0000 -129.0000
fimgreg.f
image alignment mode   2311 decimal      907 hex
parameters
   -0.5220   11.5920   13.3535   -3.4306  -11.9182   -6.5839
   -4.0184    0.9816    3.6407   19.5062   -8.8316  -21.5072
eta,q 0.98196  8.63937
niter,ni,del,rscale     5    3    5.0000    0.8000
parameters
   -0.5153   11.6049   13.3973   -3.8283  -11.8795   -7.0340
   -4.0361    1.0275    3.6809   19.5972   -8.8260  -21.3452
eta,q 0.98185  8.62923
  0.0200  0.0195  0.0193  0.0201  0.0202  0.0206  0.0195  0.0212  0.0193  0.0202  0.0191  0.0190
  0.0189  0.0187  0.0186  0.0192  0.0191  0.0197  0.0188  0.0196  0.0187  0.0192  0.0186  0.0185
  0.0183  0.0182  0.0182  0.0184  0.0184  0.0187  0.0183  0.0186  0.0183  0.0185  0.0183  0.0183
  0.0180  0.0180  0.0180  0.0180  0.0181  0.0181  0.0182  0.0182  0.0182  0.0182  0.0181  0.0181
  0.0183  0.0182  0.0182  0.0184  0.0183  0.0184  0.0183  0.0185  0.0183  0.0183  0.0183  0.0182
  0.0189  0.0187  0.0185  0.0195  0.0191  0.0200  0.0188  0.0195  0.0186  0.0190  0.0186  0.0185
  0.0199  0.0194  0.0191  0.0213  0.0202  0.0225  0.0196  0.0211  0.0193  0.0201  0.0191  0.0189
niter,ni,del,rscale     4    3    5.0000    0.7000
parameters
   -0.5066   11.5893   13.3048   -3.6203  -11.8097   -7.0477
   -4.0429    1.0285    3.6765   19.5617   -8.8245  -21.3847
eta,q 0.98188  8.63281
  0.0195  0.0192  0.0189  0.0201  0.0198  0.0205  0.0192  0.0206  0.0190  0.0197  0.0189  0.0187
  0.0188  0.0186  0.0185  0.0193  0.0190  0.0197  0.0186  0.0193  0.0185  0.0189  0.0185  0.0184
  0.0183  0.0183  0.0182  0.0186  0.0183  0.0187  0.0183  0.0184  0.0182  0.0183  0.0182  0.0182
  0.0182  0.0181  0.0182  0.0181  0.0181  0.0181  0.0181  0.0181  0.0181  0.0181  0.0181  0.0181
  0.0183  0.0183  0.0183  0.0182  0.0183  0.0182  0.0182  0.0184  0.0182  0.0183  0.0182  0.0182
  0.0188  0.0187  0.0186  0.0188  0.0189  0.0192  0.0186  0.0193  0.0185  0.0188  0.0185  0.0184
  0.0195  0.0192  0.0191  0.0200  0.0197  0.0210  0.0192  0.0206  0.0190  0.0198  0.0189  0.0187
niter,ni,del,rscale     3    3    5.0000    0.6000
parameters
   -0.5074   11.5829   13.2979   -3.5081  -11.8264   -6.8961
   -4.0339    1.0176    3.6494   19.5355   -8.8216  -21.4345
eta,q 0.98192  8.63595
  0.0192  0.0189  0.0187  0.0197  0.0194  0.0201  0.0189  0.0200  0.0187  0.0193  0.0187  0.0185
  0.0186  0.0185  0.0184  0.0190  0.0187  0.0194  0.0184  0.0190  0.0184  0.0186  0.0183  0.0183
  0.0182  0.0182  0.0182  0.0184  0.0183  0.0186  0.0182  0.0183  0.0182  0.0182  0.0182  0.0181
  0.0181  0.0181  0.0181  0.0181  0.0181  0.0181  0.0181  0.0181  0.0181  0.0181  0.0181  0.0181
  0.0182  0.0182  0.0182  0.0182  0.0183  0.0181  0.0182  0.0183  0.0181  0.0182  0.0181  0.0181
  0.0186  0.0185  0.0184  0.0187  0.0187  0.0188  0.0184  0.0190  0.0184  0.0186  0.0183  0.0183
  0.0192  0.0189  0.0188  0.0196  0.0194  0.0202  0.0189  0.0200  0.0188  0.0193  0.0187  0.0185
niter,ni,del,rscale     2    3    5.0000    0.5000
parameters
   -0.5120   11.5868   13.3235   -3.4559  -11.8706   -6.7261
   -4.0231    0.9999    3.6427   19.5175   -8.8349  -21.4669
eta,q 0.98195  8.63802
  0.0188  0.0187  0.0186  0.0192  0.0190  0.0197  0.0186  0.0194  0.0185  0.0189  0.0185  0.0184
  0.0184  0.0183  0.0183  0.0187  0.0185  0.0190  0.0183  0.0187  0.0183  0.0185  0.0182  0.0182
  0.0182  0.0181  0.0181  0.0183  0.0182  0.0184  0.0181  0.0182  0.0181  0.0182  0.0181  0.0181
  0.0181  0.0181  0.0181  0.0181  0.0181  0.0181  0.0181  0.0181  0.0181  0.0181  0.0181  0.0181
  0.0182  0.0181  0.0181  0.0182  0.0182  0.0181  0.0181  0.0182  0.0181  0.0181  0.0181  0.0181
  0.0184  0.0183  0.0183  0.0185  0.0185  0.0186  0.0183  0.0187  0.0183  0.0184  0.0182  0.0182
  0.0188  0.0186  0.0185  0.0192  0.0190  0.0195  0.0186  0.0194  0.0185  0.0189  0.0185  0.0184
niter,ni,del,rscale     1    3    5.0000    0.4000
parameters
   -0.5203   11.5908   13.3563   -3.4316  -11.9192   -6.5838
   -4.0110    0.9852    3.6313   19.5083   -8.8254  -21.4972
eta,q 0.98196  8.63935
  0.0185  0.0184  0.0184  0.0188  0.0186  0.0192  0.0184  0.0189  0.0183  0.0186  0.0183  0.0182
  0.0183  0.0182  0.0182  0.0184  0.0183  0.0187  0.0182  0.0184  0.0182  0.0183  0.0182  0.0181
  0.0181  0.0181  0.0181  0.0182  0.0181  0.0183  0.0181  0.0181  0.0181  0.0181  0.0181  0.0181
  0.0181  0.0181  0.0180  0.0181  0.0181  0.0180  0.0180  0.0180  0.0180  0.0180  0.0180  0.0180
  0.0181  0.0181  0.0181  0.0181  0.0181  0.0181  0.0181  0.0181  0.0181  0.0181  0.0181  0.0181
  0.0183  0.0182  0.0182  0.0184  0.0183  0.0184  0.0182  0.0185  0.0182  0.0183  0.0182  0.0181
  0.0185  0.0184  0.0183  0.0188  0.0187  0.0190  0.0184  0.0190  0.0183  0.0186  0.0183  0.0182
registration optimization eta report
parameter search radius
    0.8000    0.8000    0.8000    2.4000    2.4000    2.4000
    2.4000    2.4000    2.4000    2.4000    2.4000    2.4000
100000*second partial in parameter space
       75.       57.       47.       13.       11.       18.
        6.       16.        5.       10.        5.        4.
  0.0185  0.0184  0.0184  0.0188  0.0186  0.0192  0.0184  0.0189  0.0183  0.0186  0.0183  0.0182
  0.0183  0.0182  0.0182  0.0184  0.0183  0.0187  0.0182  0.0184  0.0182  0.0183  0.0182  0.0181
  0.0181  0.0181  0.0181  0.0182  0.0181  0.0183  0.0181  0.0181  0.0181  0.0181  0.0181  0.0181
  0.0181  0.0181  0.0180  0.0181  0.0181  0.0180  0.0180  0.0180  0.0180  0.0180  0.0180  0.0180
  0.0181  0.0181  0.0181  0.0181  0.0181  0.0181  0.0181  0.0181  0.0181  0.0181  0.0181  0.0181
  0.0183  0.0182  0.0182  0.0184  0.0183  0.0184  0.0182  0.0185  0.0182  0.0183  0.0182  0.0181
  0.0185  0.0184  0.0183  0.0188  0.0187  0.0190  0.0184  0.0190  0.0183  0.0186  0.0183  0.0182
   -0.5203   11.5908   13.3563   -3.4316  -11.9192   -6.5838
   -4.0110    0.9852    3.6313   19.5083   -8.8254  -21.4972
eta,q 0.98196  8.63935

---------------------------------------------------------------------
compute_vox2vox talsrcimg talsrcimg_to_711-2C_as_mni_average_305_t4 /opt/freesurfer/average/711-2C_as_mni_average_305
---------------------------------------------------------------------

freesurfer compute_vox2vox.c
Reading: talsrcimg.4dfp.ifh
Reading: talsrcimg_to_711-2C_as_mni_average_305_t4
Reading: /opt/freesurfer/average/711-2C_as_mni_average_305.4dfp.ifh
Writing: talsrcimg_to_711-2C_as_mni_average_305_t4_vox2vox.txt

start time Fri Mar 13 05:38:40 CET 2026
end		time Fri Mar 13 05:40:12 CET 2026

mpr2mni305 success

avi2talxfm orig_nu.mgz /opt/freesurfer/average/mni305.cor.mgz talsrcimg_to_711-2C_as_mni_average_305_t4_vox2vox.txt transforms/talairach.auto.xfm
avi2talxfm done
mv -f /out/sourcedata/freesurfer/sub-v2s4x29620_ses-1/mri/talsrcimg_to_711-2C_as_mni_average_305_t4_vox2vox.txt /out/sourcedata/freesurfer/sub-v2s4x29620_ses-1/mri/transforms/talsrcimg_to_711-2C_as_mni_average_305_t4_vox2vox.txt
lta_convert --src orig_nu.mgz --trg /opt/freesurfer/average/mni305.cor.mgz --inxfm transforms/talairach.auto.xfm --outlta transforms/talairach.auto.xfm.lta --subject fsaverage
7.3.2

--src: orig_nu.mgz src image (geometry).
--trg: /opt/freesurfer/average/mni305.cor.mgz trg image (geometry).
--inmni: transforms/talairach.auto.xfm input MNI/XFM transform.
--outlta: transforms/talairach.auto.xfm.lta output LTA.
--s: fsaverage subject name
 LTA read, type : 1
 1.03215  -0.01970   0.04219   2.48375;
 0.08347   1.01697   0.25201  -15.34682;
-0.06104  -0.22443   1.07777  -17.76720;
 0.00000   0.00000   0.00000   1.00000;
setting subject to fsaverage
Writing  LTA to file transforms/talairach.auto.xfm.lta...
lta_convert successful.
 
 
Started at Fri Mar 13 05:38:39 CET 2026
Ended   at Fri Mar 13 05:40:12 CET 2026
talairach_avi done
