/out/sourcedata/freesurfer/sub-v2s4x29601_ses-1/mri
/opt/freesurfer/bin/talairach_avi
--i orig_nu.mgz --xfm transforms/talairach.auto.xfm
talairach_avi 7.3.2
Linux dna013 5.14.0-427.37.1.el9_4.x86_64 #1 SMP PREEMPT_DYNAMIC Fri Sep 13 12:41:50 EDT 2024 x86_64 x86_64 x86_64 GNU/Linux
Fri Mar 13 04:32:38 CET 2026
mri_convert orig_nu.mgz talsrcimg.img 
reading from orig_nu.mgz...
TR=0.00, TE=0.00, TI=0.00, flip angle=0.00
i_ras = (-1, -2.32831e-10, 0)
j_ras = (0, 0, -1)
k_ras = (2.47383e-10, 1, 0)
writing to talsrcimg.img...
Analyze Output Matrix
-1.00000   0.00000   0.00000   133.77719;
-0.00000   0.00000   1.00000  -134.87415;
 0.00000  -1.00000   0.00000   126.06288;
 0.00000   0.00000   0.00000   1.00000;
--------------------
INFO: set hdr.hist.orient to -1
mpr2mni305 talsrcimg
Fri Mar 13 04:32:39 CET 2026
/opt/freesurfer/bin/mpr2mni305 talsrcimg
mpr2mni305 7.3.2
target=711-2C_as_mni_average_305

---------------------------------------------------------------------
analyzeto4dfp talsrcimg -O0 -y
---------------------------------------------------------------------

freesurfer ifh2hdr.c
Fri Mar 13 04:32:39 2026
Writing: talsrcimg.4dfp.hdr
freesurfer analyzeto4dfp.c
Reading: talsrcimg.hdr
header size 348 bytes
hdr.dime.datatype	offset=70	value=2
hdr.dime.bitpix		offset=72	value=8
hdr.hist.orient		offset=252	value=-1
dimensionality     4
dimensions       256       256       256         1
Reading: talsrcimg.img
Writing: talsrcimg.4dfp.img
Writing: talsrcimg.4dfp.ifh
ifh2hdr talsrcimg -r0to255
ori=2

---------------------------------------------------------------------
gauss_4dfp talsrcimg 1.1
---------------------------------------------------------------------

freesurfer gauss_4dfp.c
Reading: talsrcimg.4dfp.img
Writing: talsrcimg_g11.4dfp.img
image dimensions 256 256 256 padded to 288 288 288
processing volume 1freesurfer ifh2hdr.c
Fri Mar 13 04:32:41 2026
Writing: talsrcimg_g11.4dfp.hdr

Writing: talsrcimg_g11.4dfp.ifh
including: talsrcimg.4dfp.img.rec in talsrcimg_g11.4dfp.img.rec

---------------------------------------------------------------------
imgreg_4dfp /opt/freesurfer/average/711-2C_as_mni_average_305 none talsrcimg_g11 none talsrcimg_to_711-2C_as_mni_average_305_t4 4355
---------------------------------------------------------------------

freesurfer imgreg_4dfp.c
/opt/freesurfer/average/711-2C_as_mni_average_305.4dfp.img
       256       256       256         1
  1.000000  1.000000  1.000000
orientation T byte_order littleendian
Reading image: /opt/freesurfer/average/711-2C_as_mni_average_305.4dfp.img
dimensions:      256       256       256
mmppix:       1.0000   -1.0000   -1.0000
center:     128.0000 -129.0000 -129.0000
talsrcimg_g11.4dfp.img
       256       256       256         1
  1.000000  1.000000  1.000000
orientation T byte_order littleendian
Reading image: talsrcimg_g11.4dfp.img
dimensions:      256       256       256
mmppix:       1.0000   -1.0000   -1.0000
center:     128.0000 -129.0000 -129.0000
t4_read: open error in t4_sub.f l:  41 t4_file(1:l)talsrcimg_to_711-2C_as_mni_average_305_t4 
t4_read: transform initialized to I4
rotation matrix determinant  1.000000
image alignment mode   4355 decimal     1103 hex
   -7.5000  -45.0000  -45.0000 6280.5020   14.4714
    0.0000  -45.0000  -45.0000 6507.6855   14.4797
    7.5000  -45.0000  -45.0000 6232.1431   14.4719
   -7.5000  -37.5000  -45.0000 6753.7017   14.2407
    0.0000  -37.5000  -45.0000 7018.7822   14.2520
    7.5000  -37.5000  -45.0000 6715.7842   14.2520
   -7.5000  -30.0000  -45.0000 7566.3428   14.2096
    0.0000  -30.0000  -45.0000 7878.4932   14.2191
    7.5000  -30.0000  -45.0000 7502.2310   14.2218
   -7.5000  -22.5000  -45.0000 8412.7393   14.2238
    0.0000  -22.5000  -45.0000 8765.6240   14.2279
    7.5000  -22.5000  -45.0000 8334.7002   14.2246
   -7.5000  -15.0000  -45.0000 9166.9854   14.2486
    0.0000  -15.0000  -45.0000 9551.7520   14.2486
    7.5000  -15.0000  -45.0000 9106.0645   14.2365
   -7.5000   -7.5000  -45.0000 9852.7158   14.2584
    0.0000   -7.5000  -45.000010291.0830   14.2605
    7.5000   -7.5000  -45.0000 9823.2422   14.2468
   -7.5000    0.0000  -45.000010501.8740   14.2438
    0.0000    0.0000  -45.000010983.0557   14.2517
    7.5000    0.0000  -45.000010456.1182   14.2440
   -7.5000    7.5000  -45.000010401.7383   14.2198
    0.0000    7.5000  -45.000010867.8936   14.2310
    7.5000    7.5000  -45.000010345.2744   14.2309
   -7.5000   15.0000  -45.000010218.1592   14.2095
    0.0000   15.0000  -45.000010648.2285   14.2191
    7.5000   15.0000  -45.000010143.5703   14.2218
   -7.5000   22.5000  -45.0000 9936.8223   14.2218
    0.0000   22.5000  -45.000010312.3809   14.2259
    7.5000   22.5000  -45.0000 9820.2305   14.2226
   -7.5000   30.0000  -45.0000 9532.8350   14.0587
    0.0000   30.0000  -45.0000 9887.7832   14.0587
    7.5000   30.0000  -45.0000 9396.7100   14.0468
   -7.5000   37.5000  -45.0000 9340.6387   14.0684
    0.0000   37.5000  -45.0000 9697.0371   14.0704
    7.5000   37.5000  -45.0000 9202.1729   14.0569
   -7.5000   45.0000  -45.0000 8622.4834   13.6971
    0.0000   45.0000  -45.0000 8983.2979   13.7047
    7.5000   45.0000  -45.0000 8516.0820   13.6973
   -7.5000  -45.0000  -37.5000 6687.3833   14.3629
    0.0000  -45.0000  -37.5000 6949.1138   14.3747
    7.5000  -45.0000  -37.5000 6634.0664   14.3701
   -7.5000  -37.5000  -37.5000 7188.0845   14.1443
    0.0000  -37.5000  -37.5000 7518.5283   14.1575
    7.5000  -37.5000  -37.5000 7166.0938   14.1618
   -7.5000  -30.0000  -37.5000 8078.9399   14.1180
    0.0000  -30.0000  -37.5000 8450.6221   14.1297
    7.5000  -30.0000  -37.5000 8038.1011   14.1374
   -7.5000  -22.5000  -37.5000 8996.0176   14.1274
    0.0000  -22.5000  -37.5000 9415.7129   14.1358
    7.5000  -22.5000  -37.5000 8953.4668   14.1368
   -7.5000  -15.0000  -37.5000 9835.4688   14.1430
    0.0000  -15.0000  -37.500010284.4492   14.1490
    7.5000  -15.0000  -37.5000 9789.7822   14.1397
   -7.5000   -7.5000  -37.500010576.3867   14.1484
    0.0000   -7.5000  -37.500011080.5156   14.1559
    7.5000   -7.5000  -37.500010561.3008   14.1445
   -7.5000    0.0000  -37.500011249.6758   14.1385
    0.0000    0.0000  -37.500011787.9102   14.1498
    7.5000    0.0000  -37.500011219.9502   14.1453
   -7.5000    7.5000  -37.500011108.5742   14.1236
    0.0000    7.5000  -37.500011624.1260   14.1367
    7.5000    7.5000  -37.500011058.2197   14.1409
   -7.5000   15.0000  -37.500010902.9131   14.1179
    0.0000   15.0000  -37.500011375.2881   14.1296
    7.5000   15.0000  -37.500010847.6133   14.1373
   -7.5000   22.5000  -37.500010590.5625   14.1255
    0.0000   22.5000  -37.500011019.9209   14.1339
    7.5000   22.5000  -37.500010486.9004   14.1349
   -7.5000   30.0000  -37.500010147.9111   13.9546
    0.0000   30.0000  -37.500010577.4902   13.9604
    7.5000   30.0000  -37.500010031.4189   13.9513
   -7.5000   37.5000  -37.5000 9941.9902   13.9599
    0.0000   37.5000  -37.500010355.9922   13.9672
    7.5000   37.5000  -37.5000 9811.6738   13.9560
   -7.5000   45.0000  -37.5000 9142.1338   13.5958
    0.0000   45.0000  -37.5000 9554.2383   13.6067
    7.5000   45.0000  -37.5000 9057.8291   13.6024
   -7.5000  -45.0000  -30.0000 7254.4214   14.9372
    0.0000  -45.0000  -30.0000 7561.0181   14.9438
    7.5000  -45.0000  -30.0000 7195.9233   14.9386
   -7.5000  -37.5000  -30.0000 7839.7588   14.7142
    0.0000  -37.5000  -30.0000 8208.9600   14.7232
    7.5000  -37.5000  -30.0000 7811.7026   14.7260
   -7.5000  -30.0000  -30.0000 8826.4170   14.6871
    0.0000  -30.0000  -30.0000 9249.7705   14.6967
    7.5000  -30.0000  -30.0000 8790.2412   14.7041
   -7.5000  -22.5000  -30.0000 9849.3848   14.6935
    0.0000  -22.5000  -30.000010305.3418   14.7012
    7.5000  -22.5000  -30.0000 9801.7061   14.7044
   -7.5000  -15.0000  -30.000010758.1377   14.7049
    0.0000  -15.0000  -30.000011269.3691   14.7096
    7.5000  -15.0000  -30.000010694.1035   14.7039
   -7.5000   -7.5000  -30.000011567.5547   14.7100
    0.0000   -7.5000  -30.000012124.1689   14.7139
    7.5000   -7.5000  -30.000011518.3750   14.7046
   -7.5000    0.0000  -30.000012308.0283   14.7042
    0.0000    0.0000  -30.000012882.8945   14.7104
    7.5000    0.0000  -30.000012230.0186   14.7054
   -7.5000    7.5000  -30.000012133.9736   14.6927
    0.0000    7.5000  -30.000012687.8242   14.7016
    7.5000    7.5000  -30.000012043.1572   14.7044
   -7.5000   15.0000  -30.000011850.9902   14.6871
    0.0000   15.0000  -30.000012393.2197   14.6967
    7.5000   15.0000  -30.000011792.4873   14.7040
   -7.5000   22.5000  -30.000011452.9141   14.6900
    0.0000   22.5000  -30.000011978.6797   14.6977
    7.5000   22.5000  -30.000011380.6338   14.7008
   -7.5000   30.0000  -30.000010979.3184   14.5103
    0.0000   30.0000  -30.000011482.9336   14.5150
    7.5000   30.0000  -30.000010872.8135   14.5093
   -7.5000   37.5000  -30.000010736.1631   14.5153
    0.0000   37.5000  -30.000011225.3760   14.5192
    7.5000   37.5000  -30.000010611.2969   14.5100
   -7.5000   45.0000  -30.0000 9863.5010   14.1503
    0.0000   45.0000  -30.000010325.8818   14.1562
    7.5000   45.0000  -30.0000 9793.5117   14.1514
   -7.5000  -45.0000  -22.5000 7885.2915   15.4418
    0.0000  -45.0000  -22.5000 8242.4609   15.4380
    7.5000  -45.0000  -22.5000 7830.7456   15.4285
   -7.5000  -37.5000  -22.5000 8539.8809   15.2064
    0.0000  -37.5000  -22.5000 8959.1152   15.2080
    7.5000  -37.5000  -22.5000 8500.0947   15.2042
   -7.5000  -30.0000  -22.5000 9625.5830   15.1748
    0.0000  -30.0000  -22.500010089.3242   15.1787
    7.5000  -30.0000  -22.5000 9571.6748   15.1798
   -7.5000  -22.5000  -22.500010730.5195   15.1828
    0.0000  -22.5000  -22.500011227.1445   15.1840
    7.5000  -22.5000  -22.500010649.1006   15.1845
   -7.5000  -15.0000  -22.500011731.8398   15.1984
    0.0000  -15.0000  -22.500012273.4473   15.1947
    7.5000  -15.0000  -22.500011624.3320   15.1896
   -7.5000   -7.5000  -22.500012591.0127   15.2073
    0.0000   -7.5000  -22.500013180.1992   15.2010
    7.5000   -7.5000  -22.500012501.5840   15.1910
   -7.5000    0.0000  -22.500013380.8174   15.2012
    0.0000    0.0000  -22.500013992.5664   15.1974
    7.5000    0.0000  -22.500013250.1797   15.1882
   -7.5000    7.5000  -22.500013175.3438   15.1842
    0.0000    7.5000  -22.500013789.6309   15.1857
    7.5000    7.5000  -22.500013045.0781   15.1819
   -7.5000   15.0000  -22.500012831.9482   15.1748
    0.0000   15.0000  -22.500013449.7598   15.1787
    7.5000   15.0000  -22.500012758.3242   15.1797
   -7.5000   22.5000  -22.500012345.7441   15.1781
    0.0000   22.5000  -22.500012959.4629   15.1793
    7.5000   22.5000  -22.500012273.6602   15.1799
   -7.5000   30.0000  -22.500011802.7207   14.9996
    0.0000   30.0000  -22.500012363.4131   14.9959
    7.5000   30.0000  -22.500011696.9404   14.9909
   -7.5000   37.5000  -22.500011558.8193   15.0084
    0.0000   37.5000  -22.500012079.2725   15.0021
    7.5000   37.5000  -22.500011390.0938   14.9923
   -7.5000   45.0000  -22.500010638.7578   14.6395
    0.0000   45.0000  -22.500011147.8467   14.6358
    7.5000   45.0000  -22.500010543.2676   14.6270
   -7.5000  -45.0000  -15.0000 8516.7285   15.8027
    0.0000  -45.0000  -15.0000 8921.2480   15.7940
    7.5000  -45.0000  -15.0000 8470.5635   15.7795
   -7.5000  -37.5000  -15.0000 9248.7031   15.5537
    0.0000  -37.5000  -15.0000 9708.8311   15.5520
    7.5000  -37.5000  -15.0000 9218.6445   15.5419
   -7.5000  -30.0000  -15.000010414.5117   15.5176
    0.0000  -30.0000  -15.000010922.1445   15.5179
    7.5000  -30.0000  -15.000010362.7441   15.5123
   -7.5000  -22.5000  -15.000011571.5039   15.5300
    0.0000  -22.5000  -15.000012112.4004   15.5258
    7.5000  -22.5000  -15.000011503.0000   15.5212
   -7.5000  -15.0000  -15.000012659.1621   15.5540
    0.0000  -15.0000  -15.000013240.4316   15.5435
    7.5000  -15.0000  -15.000012550.1309   15.5353
   -7.5000   -7.5000  -15.000013607.1357   15.5673
    0.0000   -7.5000  -15.000014236.1855   15.5544
    7.5000   -7.5000  -15.000013471.2910   15.5411
   -7.5000    0.0000  -15.000014448.9951   15.5568
    0.0000    0.0000  -15.000015121.8340   15.5482
    7.5000    0.0000  -15.000014275.6436   15.5341
   -7.5000    7.5000  -15.000014226.8184   15.5311
    0.0000    7.5000  -15.000014897.5088   15.5293
    7.5000    7.5000  -15.000014019.9307   15.5192
   -7.5000   15.0000  -15.000013862.2178   15.5175
    0.0000   15.0000  -15.000014548.2266   15.5178
    7.5000   15.0000  -15.000013701.7061   15.5122
   -7.5000   22.5000  -15.000013306.5752   15.5245
    0.0000   22.5000  -15.000013989.9824   15.5203
    7.5000   22.5000  -15.000013186.8789   15.5157
   -7.5000   30.0000  -15.000012689.8857   15.3527
    0.0000   30.0000  -15.000013312.4180   15.3423
    7.5000   30.0000  -15.000012510.6631   15.3342
   -7.5000   37.5000  -15.000012358.1621   15.3659
    0.0000   37.5000  -15.000012941.2910   15.3531
    7.5000   37.5000  -15.000012181.2666   15.3400
   -7.5000   45.0000  -15.000011412.4434   14.9910
    0.0000   45.0000  -15.000011964.9814   14.9828
    7.5000   45.0000  -15.000011297.1729   14.9691
   -7.5000  -45.0000   -7.5000 9175.0264   15.9877
    0.0000  -45.0000   -7.5000 9611.8145   15.9865
    7.5000  -45.0000   -7.5000 9130.4365   15.9729
   -7.5000  -37.5000   -7.5000 9970.9541   15.7321
    0.0000  -37.5000   -7.500010457.0332   15.7368
    7.5000  -37.5000   -7.5000 9933.8232   15.7290
   -7.5000  -30.0000   -7.500011211.8604   15.6952
    0.0000  -30.0000   -7.500011716.7158   15.6999
    7.5000  -30.0000   -7.500011141.9375   15.6958
   -7.5000  -22.5000   -7.500012451.0244   15.7110
    0.0000  -22.5000   -7.500012999.5684   15.7098
    7.5000  -22.5000   -7.500012379.0361   15.7039
   -7.5000  -15.0000   -7.500013655.2539   15.7403
    0.0000  -15.0000   -7.500014260.0342   15.7331
    7.5000  -15.0000   -7.500013518.0059   15.7215
   -7.5000   -7.5000   -7.500014678.5967   15.7542
    0.0000   -7.5000   -7.500015338.4902   15.7468
    7.5000   -7.5000   -7.500014512.8730   15.7316
   -7.5000    0.0000   -7.500015554.7666   15.7391
    0.0000    0.0000   -7.500016262.6523   15.7376
    7.5000    0.0000   -7.500015327.2314   15.7244
   -7.5000    7.5000   -7.500015299.5361   15.7092
    0.0000    7.5000   -7.500016010.7959   15.7138
    7.5000    7.5000   -7.500015033.5625   15.7061
   -7.5000   15.0000   -7.500014900.5400   15.6951
    0.0000   15.0000   -7.500015666.5234   15.6998
    7.5000   15.0000   -7.500014727.4316   15.6958
   -7.5000   22.5000   -7.500014320.4131   15.7038
    0.0000   22.5000   -7.500015074.4678   15.7026
    7.5000   22.5000   -7.500014178.1816   15.6966
   -7.5000   30.0000   -7.500013621.3516   15.5362
    0.0000   30.0000   -7.500014319.4893   15.5291
    7.5000   30.0000   -7.500013438.4316   15.5176
   -7.5000   37.5000   -7.500013221.2754   15.5499
    0.0000   37.5000   -7.500013889.3604   15.5426
    7.5000   37.5000   -7.500013068.8906   15.5276
   -7.5000   45.0000   -7.500012209.5811   15.1695
    0.0000   45.0000   -7.500012834.7705   15.1681
    7.5000   45.0000   -7.500012087.9297   15.1553
   -7.5000  -45.0000    0.0000 9806.9590   16.0282
    0.0000  -45.0000    0.000010272.0527   16.0380
    7.5000  -45.0000    0.0000 9761.9775   16.0296
   -7.5000  -37.5000    0.000010652.0869   15.7760
    0.0000  -37.5000    0.000011145.8350   15.7891
    7.5000  -37.5000    0.000010618.6094   15.7893
   -7.5000  -30.0000    0.000011965.1611   15.7424
    0.0000  -30.0000    0.000012463.5244   15.7538
    7.5000  -30.0000    0.000011873.2021   15.7571
   -7.5000  -22.5000    0.000013289.5508   15.7577
    0.0000  -22.5000    0.000013828.2061   15.7633
    7.5000  -22.5000    0.000013169.2100   15.7602
   -7.5000  -15.0000    0.000014595.0049   15.7841
    0.0000  -15.0000    0.000015186.8447   15.7853
    7.5000  -15.0000    0.000014447.4082   15.7725
   -7.5000   -7.5000    0.000015734.4053   15.7945
    0.0000   -7.5000    0.000016394.3828   15.7976
    7.5000   -7.5000    0.000015541.3652   15.7829
   -7.5000    0.0000    0.000016622.7324   15.7787
    0.0000    0.0000    0.000017348.4395   15.7879
    7.5000    0.0000    0.000016376.6924   15.7797
   -7.5000    7.5000    0.000016268.8184   15.7531
    0.0000    7.5000    0.000016991.5527   15.7660
    7.5000    7.5000    0.000016048.8633   15.7662
   -7.5000   15.0000    0.000015809.5479   15.7423
    0.0000   15.0000    0.000016585.8789   15.7537
    7.5000   15.0000    0.000015700.0049   15.7571
   -7.5000   22.5000    0.000015175.0518   15.7504
    0.0000   22.5000    0.000015985.7480   15.7560
    7.5000   22.5000    0.000015101.9229   15.7529
   -7.5000   30.0000    0.000014376.1191   15.5799
    0.0000   30.0000    0.000015155.2598   15.5810
    7.5000   30.0000    0.000014288.7373   15.5684
   -7.5000   37.5000    0.000013981.1270   15.5901
    0.0000   37.5000    0.000014715.6523   15.5932
    7.5000   37.5000    0.000013854.0781   15.5786
   -7.5000   45.0000    0.000012932.6357   15.2088
    0.0000   45.0000    0.000013615.0518   15.2178
    7.5000   45.0000    0.000012780.4209   15.2098
   -7.5000  -45.0000    7.5000 9680.8955   16.0381
    0.0000  -45.0000    7.500010153.7256   16.0513
    7.5000  -45.0000    7.5000 9666.0488   16.0461
   -7.5000  -37.5000    7.500010511.3330   15.7944
    0.0000  -37.5000    7.500010979.1943   15.8092
    7.5000  -37.5000    7.500010475.0596   15.8139
   -7.5000  -30.0000    7.500011774.9043   15.7649
    0.0000  -30.0000    7.500012243.7471   15.7781
    7.5000  -30.0000    7.500011688.6328   15.7867
   -7.5000  -22.5000    7.500013085.5605   15.7755
    0.0000  -22.5000    7.500013555.4785   15.7850
    7.5000  -22.5000    7.500012927.0283   15.7860
   -7.5000  -15.0000    7.500014368.2549   15.7930
    0.0000  -15.0000    7.500014838.4512   15.7997
    7.5000  -15.0000    7.500014142.7549   15.7893
   -7.5000   -7.5000    7.500015566.1396   15.7991
    0.0000   -7.5000    7.500016109.1221   15.8074
    7.5000   -7.5000    7.500015258.5576   15.7947
   -7.5000    0.0000    7.500016531.0273   15.7880
    0.0000    0.0000    7.500017137.6445   15.8007
    7.5000    0.0000    7.500016147.0781   15.7955
   -7.5000    7.5000    7.500016086.7803   15.7714
    0.0000    7.5000    7.500016686.6523   15.7860
    7.5000    7.5000    7.500015854.1396   15.7907
   -7.5000   15.0000    7.500015605.8438   15.7649
    0.0000   15.0000    7.500016275.9922   15.7781
    7.5000   15.0000    7.500015520.9648   15.7866
   -7.5000   22.5000    7.500014938.4971   15.7682
    0.0000   22.5000    7.500015697.9287   15.7777
    7.5000   22.5000    7.500014903.0742   15.7787
   -7.5000   30.0000    7.500014109.6689   15.5886
    0.0000   30.0000    7.500014861.3311   15.5952
    7.5000   30.0000    7.500014016.7168   15.5850
   -7.5000   37.5000    7.500013712.4854   15.5946
    0.0000   37.5000    7.500014401.8857   15.6028
    7.5000   37.5000    7.500013527.4590   15.5903
   -7.5000   45.0000    7.500012712.6152   15.2178
    0.0000   45.0000    7.500013321.7637   15.2300
    7.5000   45.0000    7.500012449.0801   15.2251
   -7.5000  -45.0000   15.0000 9429.2520   16.0401
    0.0000  -45.0000   15.0000 9871.7812   16.0471
    7.5000  -45.0000   15.0000 9390.8994   16.0416
   -7.5000  -37.5000   15.000010213.1035   15.8006
    0.0000  -37.5000   15.000010633.4600   15.8102
    7.5000  -37.5000   15.000010136.7861   15.8133
   -7.5000  -30.0000   15.000011399.3281   15.7715
    0.0000  -30.0000   15.000011832.5811   15.7818
    7.5000  -30.0000   15.000011294.6035   15.7897
   -7.5000  -22.5000   15.000012613.5684   15.7784
    0.0000  -22.5000   15.000013040.2471   15.7866
    7.5000  -22.5000   15.000012454.9873   15.7900
   -7.5000  -15.0000   15.000013807.2646   15.7906
    0.0000  -15.0000   15.000014172.9658   15.7957
    7.5000  -15.0000   15.000013586.3271   15.7895
   -7.5000   -7.5000   15.000015102.3438   15.7961
    0.0000   -7.5000   15.000015515.5645   15.8003
    7.5000   -7.5000   15.000014680.7832   15.7903
   -7.5000    0.0000   15.000016346.4160   15.7899
    0.0000    0.0000   15.000016814.1406   15.7965
    7.5000    0.0000   15.000015747.1943   15.7912
   -7.5000    7.5000   15.000015867.2402   15.7775
    0.0000    7.5000   15.000016381.8926   15.7870
    7.5000    7.5000   15.000015586.4463   15.7901
   -7.5000   15.0000   15.000015285.1533   15.7715
    0.0000   15.0000   15.000015890.4004   15.7817
    7.5000   15.0000   15.000015216.5420   15.7897
   -7.5000   22.5000   15.000014631.5391   15.7711
    0.0000   22.5000   15.000015337.4922   15.7793
    7.5000   22.5000   15.000014553.0400   15.7827
   -7.5000   30.0000   15.000013788.7598   15.5862
    0.0000   30.0000   15.000014460.7578   15.5913
    7.5000   30.0000   15.000013592.8779   15.5852
   -7.5000   37.5000   15.000013309.6572   15.5916
    0.0000   37.5000   15.000013919.7705   15.5958
    7.5000   37.5000   15.000013027.1641   15.5859
   -7.5000   45.0000   15.000012311.9111   15.2196
    0.0000   45.0000   15.000012843.7969   15.2260
    7.5000   45.0000   15.000012005.7275   15.2209
   -7.5000  -45.0000   22.5000 9067.7490   16.0298
    0.0000  -45.0000   22.5000 9495.5117   16.0259
    7.5000  -45.0000   22.5000 9003.7139   16.0160
   -7.5000  -37.5000   22.5000 9833.0225   15.7854
    0.0000  -37.5000   22.500010225.3467   15.7871
    7.5000  -37.5000   22.5000 9738.3008   15.7831
   -7.5000  -30.0000   22.500010992.3135   15.7527
    0.0000  -30.0000   22.500011367.1348   15.7567
    7.5000  -30.0000   22.500010857.5557   15.7578
   -7.5000  -22.5000   22.500012130.4336   15.7609
    0.0000  -22.5000   22.500012482.1729   15.7622
    7.5000  -22.5000   22.500011962.3838   15.7628
   -7.5000  -15.0000   22.500013229.7773   15.7772
    0.0000  -15.0000   22.500013526.0664   15.7733
    7.5000  -15.0000   22.500013030.2910   15.7680
   -7.5000   -7.5000   22.500014468.8691   15.7864
    0.0000   -7.5000   22.500014839.3223   15.7798
    7.5000   -7.5000   22.500014090.3955   15.7694
   -7.5000    0.0000   22.500015724.7510   15.7801
    0.0000    0.0000   22.500016190.0977   15.7761
    7.5000    0.0000   22.500015152.8574   15.7665
   -7.5000    7.5000   22.500015375.1338   15.7624
    0.0000    7.5000   22.500015908.5576   15.7640
    7.5000    7.5000   22.500014988.7598   15.7601
   -7.5000   15.0000   22.500014860.5518   15.7526
    0.0000   15.0000   22.500015446.9141   15.7567
    7.5000   15.0000   22.500014547.9736   15.7578
   -7.5000   22.5000   22.500014178.7842   15.7537
    0.0000   22.5000   22.500014764.6562   15.7549
    7.5000   22.5000   22.500013906.6963   15.7555
   -7.5000   30.0000   22.500013254.3945   15.5730
    0.0000   30.0000   22.500013791.5654   15.5692
    7.5000   30.0000   22.500013012.2178   15.5640
   -7.5000   37.5000   22.500012724.8730   15.5821
    0.0000   37.5000   22.500013199.4834   15.5756
    7.5000   37.5000   22.500012483.9873   15.5653
   -7.5000   45.0000   22.500011757.8652   15.2102
    0.0000   45.0000   22.500012199.0146   15.2063
    7.5000   45.0000   22.500011526.4287   15.1971
   -7.5000  -45.0000   30.0000 8543.7598   16.0196
    0.0000  -45.0000   30.0000 8943.3584   16.0109
    7.5000  -45.0000   30.0000 8481.4912   15.9961
   -7.5000  -37.5000   30.0000 9265.6934   15.7672
    0.0000  -37.5000   30.0000 9663.3008   15.7655
    7.5000  -37.5000   30.0000 9184.4541   15.7553
   -7.5000  -30.0000   30.000010355.7910   15.7306
    0.0000  -30.0000   30.000010753.0127   15.7309
    7.5000  -30.0000   30.000010244.3691   15.7252
   -7.5000  -22.5000   30.000011456.6016   15.7432
    0.0000  -22.5000   30.000011868.8516   15.7389
    7.5000  -22.5000   30.000011300.7461   15.7343
   -7.5000  -15.0000   30.000012544.6631   15.7675
    0.0000  -15.0000   30.000012977.9170   15.7569
    7.5000  -15.0000   30.000012359.3516   15.7486
   -7.5000   -7.5000   30.000013611.7920   15.7810
    0.0000   -7.5000   30.000014124.1533   15.7680
    7.5000   -7.5000   30.000013372.1484   15.7544
   -7.5000    0.0000   30.000014500.6143   15.7704
    0.0000    0.0000   30.000015035.0752   15.7617
    7.5000    0.0000   30.000014258.2607   15.7474
   -7.5000    7.5000   30.000014181.3262   15.7443
    0.0000    7.5000   30.000014674.2695   15.7425
    7.5000    7.5000   30.000014031.1113   15.7323
   -7.5000   15.0000   30.000013883.0742   15.7306
    0.0000   15.0000   30.000014379.2646   15.7309
    7.5000   15.0000   30.000013678.3906   15.7252
   -7.5000   22.5000   30.000013338.4941   15.7359
    0.0000   22.5000   30.000013836.1836   15.7317
    7.5000   22.5000   30.000013130.1436   15.7270
   -7.5000   30.0000   30.000012487.6885   15.5635
    0.0000   30.0000   30.000012947.7480   15.5529
    7.5000   30.0000   30.000012324.6689   15.5447
   -7.5000   37.5000   30.000011963.0654   15.5768
    0.0000   37.5000   30.000012406.5859   15.5639
    7.5000   37.5000   30.000011825.4121   15.5506
   -7.5000   45.0000   30.000011006.3594   15.2008
    0.0000   45.0000   30.000011436.2148   15.1925
    7.5000   45.0000   30.000010877.6807   15.1786
   -7.5000  -45.0000   37.5000 8250.3516   16.0208
    0.0000  -45.0000   37.5000 8679.4639   16.0196
    7.5000  -45.0000   37.5000 8204.1094   16.0060
   -7.5000  -37.5000   37.5000 8970.7725   15.7647
    0.0000  -37.5000   37.5000 9405.3496   15.7694
    7.5000  -37.5000   37.5000 8919.8838   15.7616
   -7.5000  -30.0000   37.500010064.2891   15.7277
    0.0000  -30.0000   37.500010493.5420   15.7324
    7.5000  -30.0000   37.5000 9979.1533   15.7283
   -7.5000  -22.5000   37.500011131.2871   15.7436
    0.0000  -22.5000   37.500011576.0010   15.7424
    7.5000  -22.5000   37.500011021.4648   15.7364
   -7.5000  -15.0000   37.500012165.3594   15.7729
    0.0000  -15.0000   37.500012615.3633   15.7657
    7.5000  -15.0000   37.500012033.6016   15.7540
   -7.5000   -7.5000   37.500013107.4941   15.7868
    0.0000   -7.5000   37.500013593.3965   15.7795
    7.5000   -7.5000   37.500012995.6631   15.7642
   -7.5000    0.0000   37.500013861.8457   15.7717
    0.0000    0.0000   37.500014344.5332   15.7702
    7.5000    0.0000   37.500013795.8545   15.7569
   -7.5000    7.5000   37.500013565.3945   15.7418
    0.0000    7.5000   37.500013995.3252   15.7464
    7.5000    7.5000   37.500013510.0254   15.7386
   -7.5000   15.0000   37.500013294.9541   15.7276
    0.0000   15.0000   37.500013705.0293   15.7323
    7.5000   15.0000   37.500013189.8965   15.7283
   -7.5000   22.5000   37.500012827.5303   15.7363
    0.0000   22.5000   37.500013241.8662   15.7351
    7.5000   22.5000   37.500012708.7256   15.7292
   -7.5000   30.0000   37.500012083.1924   15.5688
    0.0000   30.0000   37.500012482.5137   15.5617
    7.5000   30.0000   37.500011973.8906   15.5501
   -7.5000   37.5000   37.500011593.5654   15.5825
    0.0000   37.5000   37.500012007.9697   15.5752
    7.5000   37.5000   37.500011518.4170   15.5602
   -7.5000   45.0000   37.500010671.2324   15.2021
    0.0000   45.0000   37.500011078.7051   15.2007
    7.5000   45.0000   37.500010580.4658   15.1879
   -7.5000  -45.0000   45.0000 7598.9429   16.0441
    0.0000  -45.0000   45.0000 7969.5439   16.0535
    7.5000  -45.0000   45.0000 7576.9639   16.0453
   -7.5000  -37.5000   45.0000 8270.0254   15.7899
    0.0000  -37.5000   45.0000 8655.2793   15.8027
    7.5000  -37.5000   45.0000 8227.5410   15.8031
   -7.5000  -30.0000   45.0000 9258.7930   15.7560
    0.0000  -30.0000   45.0000 9680.1465   15.7671
    7.5000  -30.0000   45.0000 9188.8818   15.7707
   -7.5000  -22.5000   45.000010243.1357   15.7714
    0.0000  -22.5000   45.000010676.1035   15.7766
    7.5000  -22.5000   45.000010144.2334   15.7736
   -7.5000  -15.0000   45.000011180.9502   15.7980
    0.0000  -15.0000   45.000011630.4004   15.7987
    7.5000  -15.0000   45.000011064.2715   15.7860
   -7.5000   -7.5000   45.000012015.8154   15.8084
    0.0000   -7.5000   45.000012502.4160   15.8111
    7.5000   -7.5000   45.000011955.5879   15.7964
   -7.5000    0.0000   45.000012700.1221   15.7925
    0.0000    0.0000   45.000013161.5420   15.8014
    7.5000    0.0000   45.000012652.7080   15.7933
   -7.5000    7.5000   45.000012483.4707   15.7668
    0.0000    7.5000   45.000012876.4746   15.7794
    7.5000    7.5000   45.000012399.2432   15.7798
   -7.5000   15.0000   45.000012226.8828   15.7560
    0.0000   15.0000   45.000012586.7969   15.7670
    7.5000   15.0000   45.000012119.1611   15.7706
   -7.5000   22.5000   45.000011778.5000   15.7641
    0.0000   22.5000   45.000012158.6133   15.7692
    7.5000   22.5000   45.000011687.2471   15.7663
   -7.5000   30.0000   45.000011109.5820   15.5922
    0.0000   30.0000   45.000011465.1992   15.5929
    7.5000   30.0000   45.000011035.5635   15.5803
   -7.5000   37.5000   45.000010677.6836   15.6024
    0.0000   37.5000   45.000011037.5234   15.6051
    7.5000   37.5000   45.000010611.4180   15.5906
   -7.5000   45.0000   45.0000 9829.7100   15.2291
    0.0000   45.0000   45.000010194.7129   15.2376
    7.5000   45.0000   45.0000 9760.0889   15.2298

---------------------------------------------------------------------
imgreg_4dfp /opt/freesurfer/average/711-2C_as_mni_average_305 /opt/freesurfer/average/711-2B_as_mni_average_305_mask talsrcimg_g11 none talsrcimg_to_711-2C_as_mni_average_305_t4 4355
---------------------------------------------------------------------

freesurfer imgreg_4dfp.c
/opt/freesurfer/average/711-2C_as_mni_average_305.4dfp.img
       256       256       256         1
  1.000000  1.000000  1.000000
orientation T byte_order littleendian
Reading image: /opt/freesurfer/average/711-2C_as_mni_average_305.4dfp.img
dimensions:      256       256       256
mmppix:       1.0000   -1.0000   -1.0000
center:     128.0000 -129.0000 -129.0000
/opt/freesurfer/average/711-2B_as_mni_average_305_mask.4dfp.img
       256       256       256         1
  1.000000  1.000000  1.000000
orientation T byte_order littleendian
Reading mask: /opt/freesurfer/average/711-2B_as_mni_average_305_mask.4dfp.img (2306576 pixels)
talsrcimg_g11.4dfp.img
       256       256       256         1
  1.000000  1.000000  1.000000
orientation T byte_order littleendian
Reading image: talsrcimg_g11.4dfp.img
dimensions:      256       256       256
mmppix:       1.0000   -1.0000   -1.0000
center:     128.0000 -129.0000 -129.0000
rotation matrix determinant  1.000000
image alignment mode   4355 decimal     1103 hex
   -7.5000  -45.0000  -45.0000 1826.3965   22.0181
    0.0000  -45.0000  -45.0000 1830.4587   22.1002
    7.5000  -45.0000  -45.0000 1810.2855   22.6564
   -7.5000  -37.5000  -45.0000 1920.7526   19.6965
    0.0000  -37.5000  -45.0000 1923.5359   19.8025
    7.5000  -37.5000  -45.0000 1901.9512   20.2160
   -7.5000  -30.0000  -45.0000 2013.5679   17.9519
    0.0000  -30.0000  -45.0000 2013.0051   18.0486
    7.5000  -30.0000  -45.0000 1987.9504   18.3453
   -7.5000  -22.5000  -45.0000 2097.3909   16.6431
    0.0000  -22.5000  -45.0000 2092.8638   16.7095
    7.5000  -22.5000  -45.0000 2067.1687   16.8742
   -7.5000  -15.0000  -45.0000 2141.5747   15.7014
    0.0000  -15.0000  -45.0000 2139.4348   15.7252
    7.5000  -15.0000  -45.0000 2118.5266   15.8716
   -7.5000   -7.5000  -45.0000 2169.5232   15.0718
    0.0000   -7.5000  -45.0000 2167.1848   15.0698
    7.5000   -7.5000  -45.0000 2148.3584   15.2498
   -7.5000    0.0000  -45.0000 2183.3394   14.7440
    0.0000    0.0000  -45.0000 2183.2349   14.7003
    7.5000    0.0000  -45.0000 2163.8286   14.9248
   -7.5000    7.5000  -45.0000 2189.9944   14.6940
    0.0000    7.5000  -45.0000 2189.0520   14.6685
    7.5000    7.5000  -45.0000 2164.9985   14.8581
   -7.5000   15.0000  -45.0000 2178.3367   14.8665
    0.0000   15.0000  -45.0000 2171.7681   14.8688
    7.5000   15.0000  -45.0000 2146.7036   15.0621
   -7.5000   22.5000  -45.0000 2156.6665   15.3754
    0.0000   22.5000  -45.0000 2151.3220   15.3494
    7.5000   22.5000  -45.0000 2127.9497   15.5779
   -7.5000   30.0000  -45.0000 2111.1587   16.1455
    0.0000   30.0000  -45.0000 2105.8376   16.1099
    7.5000   30.0000  -45.0000 2085.6421   16.3692
   -7.5000   37.5000  -45.0000 2052.7451   17.2109
    0.0000   37.5000  -45.0000 2047.5095   17.1794
    7.5000   37.5000  -45.0000 2025.8607   17.4389
   -7.5000   45.0000  -45.0000 1975.0605   18.6066
    0.0000   45.0000  -45.0000 1971.8081   18.5865
    7.5000   45.0000  -45.0000 1948.5391   18.9529
   -7.5000  -45.0000  -37.5000 1901.6248   20.3747
    0.0000  -45.0000  -37.5000 1903.0880   20.5346
    7.5000  -45.0000  -37.5000 1877.5649   20.8965
   -7.5000  -37.5000  -37.5000 2003.9010   18.1682
    0.0000  -37.5000  -37.5000 2007.5636   18.3725
    7.5000  -37.5000  -37.5000 1979.9163   18.6396
   -7.5000  -30.0000  -37.5000 2106.5984   16.5057
    0.0000  -30.0000  -37.5000 2104.4802   16.6952
    7.5000  -30.0000  -37.5000 2079.9258   16.8537
   -7.5000  -22.5000  -37.5000 2196.4541   15.2973
    0.0000  -22.5000  -37.5000 2191.4429   15.4603
    7.5000  -22.5000  -37.5000 2170.2002   15.5470
   -7.5000  -15.0000  -37.5000 2244.1077   14.4525
    0.0000  -15.0000  -37.5000 2245.9880   14.5200
    7.5000  -15.0000  -37.5000 2229.8330   14.6049
   -7.5000   -7.5000  -37.5000 2274.6912   13.8689
    0.0000   -7.5000  -37.5000 2278.9148   13.9012
    7.5000   -7.5000  -37.5000 2257.4663   14.0185
   -7.5000    0.0000  -37.5000 2289.4817   13.5074
    0.0000    0.0000  -37.5000 2290.4861   13.4946
    7.5000    0.0000  -37.5000 2266.7666   13.6854
   -7.5000    7.5000  -37.5000 2291.4006   13.4289
    0.0000    7.5000  -37.5000 2291.1431   13.4004
    7.5000    7.5000  -37.5000 2266.1814   13.5826
   -7.5000   15.0000  -37.5000 2280.9812   13.5326
    0.0000   15.0000  -37.5000 2277.3806   13.5538
    7.5000   15.0000  -37.5000 2253.3948   13.7491
   -7.5000   22.5000  -37.5000 2266.1775   13.9888
    0.0000   22.5000  -37.5000 2255.8914   13.9927
    7.5000   22.5000  -37.5000 2228.2573   14.2087
   -7.5000   30.0000  -37.5000 2225.0586   14.7081
    0.0000   30.0000  -37.5000 2217.3306   14.7103
    7.5000   30.0000  -37.5000 2188.2920   14.9235
   -7.5000   37.5000  -37.5000 2161.4626   15.6971
    0.0000   37.5000  -37.5000 2154.4146   15.6686
    7.5000   37.5000  -37.5000 2130.6147   15.8902
   -7.5000   45.0000  -37.5000 2078.9109   17.0000
    0.0000   45.0000  -37.5000 2073.3650   16.9620
    7.5000   45.0000  -37.5000 2049.0854   17.2876
   -7.5000  -45.0000  -30.0000 2008.3722   19.5789
    0.0000  -45.0000  -30.0000 2007.8474   19.7736
    7.5000  -45.0000  -30.0000 1977.8671   20.0809
   -7.5000  -37.5000  -30.0000 2122.8162   17.4584
    0.0000  -37.5000  -30.0000 2127.5405   17.6618
    7.5000  -37.5000  -30.0000 2098.0745   17.8602
   -7.5000  -30.0000  -30.0000 2238.0020   15.8274
    0.0000  -30.0000  -30.0000 2240.4119   15.9985
    7.5000  -30.0000  -30.0000 2208.6455   16.1007
   -7.5000  -22.5000  -30.0000 2337.2637   14.6029
    0.0000  -22.5000  -30.0000 2334.9780   14.7490
    7.5000  -22.5000  -30.0000 2308.6709   14.8074
   -7.5000  -15.0000  -30.0000 2392.5056   13.7481
    0.0000  -15.0000  -30.0000 2395.9048   13.8174
    7.5000  -15.0000  -30.0000 2366.6506   13.8956
   -7.5000   -7.5000  -30.0000 2429.0557   13.1972
    0.0000   -7.5000  -30.0000 2429.5127   13.1953
    7.5000   -7.5000  -30.0000 2395.3931   13.3025
   -7.5000    0.0000  -30.0000 2448.0732   12.8080
    0.0000    0.0000  -30.0000 2446.5596   12.7805
    7.5000    0.0000  -30.0000 2415.0913   12.9447
   -7.5000    7.5000  -30.0000 2452.2261   12.7166
    0.0000    7.5000  -30.0000 2450.4612   12.6652
    7.5000    7.5000  -30.0000 2423.5869   12.8559
   -7.5000   15.0000  -30.0000 2438.3838   12.8088
    0.0000   15.0000  -30.0000 2433.6606   12.8199
    7.5000   15.0000  -30.0000 2407.6370   13.0300
   -7.5000   22.5000  -30.0000 2417.2920   13.2169
    0.0000   22.5000  -30.0000 2408.3616   13.2225
    7.5000   22.5000  -30.0000 2377.5630   13.4689
   -7.5000   30.0000  -30.0000 2371.9536   13.9067
    0.0000   30.0000  -30.0000 2365.1306   13.8965
    7.5000   30.0000  -30.0000 2333.2317   14.1107
   -7.5000   37.5000  -30.0000 2311.1409   14.8245
    0.0000   37.5000  -30.0000 2304.3088   14.8232
    7.5000   37.5000  -30.0000 2271.8352   15.0341
   -7.5000   45.0000  -30.0000 2221.7012   16.0587
    0.0000   45.0000  -30.0000 2217.0708   16.0759
    7.5000   45.0000  -30.0000 2185.4221   16.3177
   -7.5000  -45.0000  -22.5000 2095.1096   18.5223
    0.0000  -45.0000  -22.5000 2094.9998   18.7613
    7.5000  -45.0000  -22.5000 2065.3142   19.0327
   -7.5000  -37.5000  -22.5000 2221.6917   16.5399
    0.0000  -37.5000  -22.5000 2227.7549   16.7226
    7.5000  -37.5000  -22.5000 2194.2156   16.9048
   -7.5000  -30.0000  -22.5000 2341.4526   15.0101
    0.0000  -30.0000  -22.5000 2347.3606   15.1486
    7.5000  -30.0000  -22.5000 2310.7009   15.2530
   -7.5000  -22.5000  -22.5000 2441.3943   13.8204
    0.0000  -22.5000  -22.5000 2444.5779   13.9249
    7.5000  -22.5000  -22.5000 2410.9907   13.9785
   -7.5000  -15.0000  -22.5000 2508.7483   12.9509
    0.0000  -15.0000  -22.5000 2510.0493   12.9751
    7.5000  -15.0000  -22.5000 2477.8716   13.0521
   -7.5000   -7.5000  -22.5000 2552.8152   12.3685
    0.0000   -7.5000  -22.5000 2551.6611   12.3444
    7.5000   -7.5000  -22.5000 2517.6880   12.4563
   -7.5000    0.0000  -22.5000 2582.9233   11.9845
    0.0000    0.0000  -22.5000 2575.9534   11.9574
    7.5000    0.0000  -22.5000 2542.7322   12.0789
   -7.5000    7.5000  -22.5000 2594.8406   11.8567
    0.0000    7.5000  -22.5000 2586.7219   11.8075
    7.5000    7.5000  -22.5000 2560.1108   11.9859
   -7.5000   15.0000  -22.5000 2579.0537   11.9697
    0.0000   15.0000  -22.5000 2571.9089   11.9742
    7.5000   15.0000  -22.5000 2544.0242   12.1804
   -7.5000   22.5000  -22.5000 2554.0068   12.3516
    0.0000   22.5000  -22.5000 2548.9485   12.3685
    7.5000   22.5000  -22.5000 2513.4509   12.6034
   -7.5000   30.0000  -22.5000 2504.8042   12.9938
    0.0000   30.0000  -22.5000 2499.6755   13.0218
    7.5000   30.0000  -22.5000 2465.4705   13.2299
   -7.5000   37.5000  -22.5000 2441.8604   13.8415
    0.0000   37.5000  -22.5000 2434.0950   13.8747
    7.5000   37.5000  -22.5000 2396.2908   14.0741
   -7.5000   45.0000  -22.5000 2346.1099   15.0188
    0.0000   45.0000  -22.5000 2343.8647   15.0367
    7.5000   45.0000  -22.5000 2306.4353   15.2519
   -7.5000  -45.0000  -15.0000 2143.7131   17.6028
    0.0000  -45.0000  -15.0000 2148.6865   17.7969
    7.5000  -45.0000  -15.0000 2123.7395   18.0523
   -7.5000  -37.5000  -15.0000 2279.8965   15.6845
    0.0000  -37.5000  -15.0000 2289.5474   15.7835
    7.5000  -37.5000  -15.0000 2260.0061   15.9894
   -7.5000  -30.0000  -15.0000 2401.8684   14.1616
    0.0000  -30.0000  -15.0000 2411.9358   14.2192
    7.5000  -30.0000  -15.0000 2375.7356   14.3991
   -7.5000  -22.5000  -15.0000 2503.4194   13.0078
    0.0000  -22.5000  -15.0000 2510.8735   13.0578
    7.5000  -22.5000  -15.0000 2477.9685   13.1752
   -7.5000  -15.0000  -15.0000 2582.6912   12.1541
    0.0000  -15.0000  -15.0000 2588.9746   12.1770
    7.5000  -15.0000  -15.0000 2557.3552   12.2638
   -7.5000   -7.5000  -15.0000 2642.1555   11.5451
    0.0000   -7.5000  -15.0000 2639.8918   11.5240
    7.5000   -7.5000  -15.0000 2607.6611   11.6460
   -7.5000    0.0000  -15.0000 2683.7808   11.1754
    0.0000    0.0000  -15.0000 2678.2524   11.1405
    7.5000    0.0000  -15.0000 2642.8635   11.2556
   -7.5000    7.5000  -15.0000 2702.1768   11.0011
    0.0000    7.5000  -15.0000 2693.3933   10.9850
    7.5000    7.5000  -15.0000 2664.5769   11.1278
   -7.5000   15.0000  -15.0000 2695.9211   11.1442
    0.0000   15.0000  -15.0000 2691.4126   11.1341
    7.5000   15.0000  -15.0000 2658.6294   11.3148
   -7.5000   22.5000  -15.0000 2663.8208   11.5237
    0.0000   22.5000  -15.0000 2663.4436   11.5139
    7.5000   22.5000  -15.0000 2627.1008   11.7375
   -7.5000   30.0000  -15.0000 2612.5344   12.1459
    0.0000   30.0000  -15.0000 2610.3992   12.1480
    7.5000   30.0000  -15.0000 2571.7671   12.3734
   -7.5000   37.5000  -15.0000 2536.2227   12.9627
    0.0000   37.5000  -15.0000 2534.1338   12.9569
    7.5000   37.5000  -15.0000 2499.7168   13.1851
   -7.5000   45.0000  -15.0000 2438.1121   14.0606
    0.0000   45.0000  -15.0000 2434.6609   14.0342
    7.5000   45.0000  -15.0000 2401.5728   14.2807
   -7.5000  -45.0000   -7.5000 2179.0120   16.8341
    0.0000  -45.0000   -7.5000 2185.0481   16.9034
    7.5000  -45.0000   -7.5000 2159.4700   17.1526
   -7.5000  -37.5000   -7.5000 2319.7036   14.9623
    0.0000  -37.5000   -7.5000 2331.0137   14.9969
    7.5000  -37.5000   -7.5000 2300.5947   15.2157
   -7.5000  -30.0000   -7.5000 2444.5842   13.4808
    0.0000  -30.0000   -7.5000 2447.9177   13.4637
    7.5000  -30.0000   -7.5000 2418.3560   13.6722
   -7.5000  -22.5000   -7.5000 2553.9089   12.3081
    0.0000  -22.5000   -7.5000 2557.3250   12.3092
    7.5000  -22.5000   -7.5000 2528.8386   12.4655
   -7.5000  -15.0000   -7.5000 2647.5583   11.4554
    0.0000  -15.0000   -7.5000 2651.9844   11.4520
    7.5000  -15.0000   -7.5000 2616.6301   11.5770
   -7.5000   -7.5000   -7.5000 2717.8345   10.8498
    0.0000   -7.5000   -7.5000 2716.7200   10.8189
    7.5000   -7.5000   -7.5000 2685.3127   10.9342
   -7.5000    0.0000   -7.5000 2767.2971   10.4330
    0.0000    0.0000   -7.5000 2763.0432   10.4056
    7.5000    0.0000   -7.5000 2728.3894   10.5178
   -7.5000    7.5000   -7.5000 2791.8943   10.2313
    0.0000    7.5000   -7.5000 2786.0574   10.2353
    7.5000    7.5000   -7.5000 2749.1694   10.3672
   -7.5000   15.0000   -7.5000 2790.4539   10.4127
    0.0000   15.0000   -7.5000 2787.6367   10.3668
    7.5000   15.0000   -7.5000 2752.5383   10.5564
   -7.5000   22.5000   -7.5000 2765.4121   10.8146
    0.0000   22.5000   -7.5000 2763.3096   10.7710
    7.5000   22.5000   -7.5000 2728.7490   10.9902
   -7.5000   30.0000   -7.5000 2710.9910   11.3966
    0.0000   30.0000   -7.5000 2704.9143   11.3637
    7.5000   30.0000   -7.5000 2669.2871   11.6105
   -7.5000   37.5000   -7.5000 2619.5376   12.1897
    0.0000   37.5000   -7.5000 2616.4741   12.1703
    7.5000   37.5000   -7.5000 2585.0142   12.4142
   -7.5000   45.0000   -7.5000 2506.9775   13.2568
    0.0000   45.0000   -7.5000 2505.5691   13.2158
    7.5000   45.0000   -7.5000 2474.9033   13.4530
   -7.5000  -45.0000    0.0000 2208.6958   16.3520
    0.0000  -45.0000    0.0000 2213.1406   16.3383
    7.5000  -45.0000    0.0000 2186.7947   16.5636
   -7.5000  -37.5000    0.0000 2348.3228   14.5072
    0.0000  -37.5000    0.0000 2355.8794   14.4547
    7.5000  -37.5000    0.0000 2329.9319   14.6544
   -7.5000  -30.0000    0.0000 2472.4480   13.0213
    0.0000  -30.0000    0.0000 2472.7043   12.9381
    7.5000  -30.0000    0.0000 2450.2979   13.1466
   -7.5000  -22.5000    0.0000 2588.1401   11.8655
    0.0000  -22.5000    0.0000 2589.6677   11.8035
    7.5000  -22.5000    0.0000 2565.7283   11.9792
   -7.5000  -15.0000    0.0000 2691.9065   10.9970
    0.0000  -15.0000    0.0000 2696.3967   10.9359
    7.5000  -15.0000    0.0000 2667.8611   11.0964
   -7.5000   -7.5000    0.0000 2778.1733   10.3650
    0.0000   -7.5000    0.0000 2781.5920   10.3035
    7.5000   -7.5000    0.0000 2748.7073   10.4465
   -7.5000    0.0000    0.0000 2836.2419    9.9038
    0.0000    0.0000    0.0000 2839.8101    9.8637
    7.5000    0.0000    0.0000 2797.7612   10.0209
   -7.5000    7.5000    0.0000 2873.1252    9.6769
    0.0000    7.5000    0.0000 2870.5479    9.6433
    7.5000    7.5000    0.0000 2826.8518    9.8564
   -7.5000   15.0000    0.0000 2870.1519    9.8363
    0.0000   15.0000    0.0000 2869.6875    9.7803
    7.5000   15.0000    0.0000 2831.6438   10.0157
   -7.5000   22.5000    0.0000 2843.1909   10.2436
    0.0000   22.5000    0.0000 2838.9290   10.1786
    7.5000   22.5000    0.0000 2804.2996   10.4310
   -7.5000   30.0000    0.0000 2779.5725   10.8060
    0.0000   30.0000    0.0000 2775.3318   10.7731
    7.5000   30.0000    0.0000 2743.5586   11.0504
   -7.5000   37.5000    0.0000 2684.2463   11.6161
    0.0000   37.5000    0.0000 2680.0867   11.5723
    7.5000   37.5000    0.0000 2649.5217   11.8528
   -7.5000   45.0000    0.0000 2568.1995   12.6560
    0.0000   45.0000    0.0000 2567.5757   12.6222
    7.5000   45.0000    0.0000 2532.6367   12.9019
   -7.5000  -45.0000    7.5000 2225.1760   16.1242
    0.0000  -45.0000    7.5000 2238.2231   15.9944
    7.5000  -45.0000    7.5000 2213.4309   16.2433
   -7.5000  -37.5000    7.5000 2363.5408   14.2672
    0.0000  -37.5000    7.5000 2373.2566   14.0841
    7.5000  -37.5000    7.5000 2352.0115   14.3479
   -7.5000  -30.0000    7.5000 2484.3350   12.7645
    0.0000  -30.0000    7.5000 2486.5923   12.5746
    7.5000  -30.0000    7.5000 2466.7820   12.8154
   -7.5000  -22.5000    7.5000 2610.7002   11.5969
    0.0000  -22.5000    7.5000 2610.5759   11.4213
    7.5000  -22.5000    7.5000 2585.7419   11.6466
   -7.5000  -15.0000    7.5000 2726.2307   10.7267
    0.0000  -15.0000    7.5000 2724.2380   10.5422
    7.5000  -15.0000    7.5000 2696.7600   10.7638
   -7.5000   -7.5000    7.5000 2817.6067   10.0854
    0.0000   -7.5000    7.5000 2815.1785    9.9503
    7.5000   -7.5000    7.5000 2785.2717   10.1128
   -7.5000    0.0000    7.5000 2889.5022    9.6467
    0.0000    0.0000    7.5000 2896.0347    9.5566
    7.5000    0.0000    7.5000 2851.1125    9.6992
   -7.5000    7.5000    7.5000 2940.1848    9.3544
    0.0000    7.5000    7.5000 2938.6982    9.3014
    7.5000    7.5000    7.5000 2887.2556    9.5355
   -7.5000   15.0000    7.5000 2944.2427    9.4804
    0.0000   15.0000    7.5000 2942.5618    9.4192
    7.5000   15.0000    7.5000 2892.3005    9.7061
   -7.5000   22.5000    7.5000 2905.6960    9.8700
    0.0000   22.5000    7.5000 2903.6011    9.8132
    7.5000   22.5000    7.5000 2861.3564   10.0850
   -7.5000   30.0000    7.5000 2837.1340   10.4198
    0.0000   30.0000    7.5000 2835.2993   10.3836
    7.5000   30.0000    7.5000 2789.7029   10.6599
   -7.5000   37.5000    7.5000 2735.9866   11.2351
    0.0000   37.5000    7.5000 2735.5725   11.1971
    7.5000   37.5000    7.5000 2697.9207   11.4415
   -7.5000   45.0000    7.5000 2611.6841   12.3015
    0.0000   45.0000    7.5000 2609.8303   12.2720
    7.5000   45.0000    7.5000 2572.5432   12.5001
   -7.5000  -45.0000   15.0000 2223.7898   16.0858
    0.0000  -45.0000   15.0000 2245.1074   15.8393
    7.5000  -45.0000   15.0000 2221.0730   16.1076
   -7.5000  -37.5000   15.0000 2360.8245   14.1561
    0.0000  -37.5000   15.0000 2372.3896   13.8746
    7.5000  -37.5000   15.0000 2353.5583   14.1424
   -7.5000  -30.0000   15.0000 2477.2456   12.6342
    0.0000  -30.0000   15.0000 2483.7529   12.3726
    7.5000  -30.0000   15.0000 2463.4519   12.6321
   -7.5000  -22.5000   15.0000 2608.5698   11.4474
    0.0000  -22.5000   15.0000 2610.2537   11.2044
    7.5000  -22.5000   15.0000 2581.0679   11.4669
   -7.5000  -15.0000   15.0000 2732.3240   10.5549
    0.0000  -15.0000   15.0000 2724.9688   10.3235
    7.5000  -15.0000   15.0000 2694.3186   10.5961
   -7.5000   -7.5000   15.0000 2833.5188    9.9178
    0.0000   -7.5000   15.0000 2823.4128    9.7198
    7.5000   -7.5000   15.0000 2792.1301    9.9744
   -7.5000    0.0000   15.0000 2922.4624    9.6180
    0.0000    0.0000   15.0000 2919.1516    9.4407
    7.5000    0.0000   15.0000 2876.0698    9.6122
   -7.5000    7.5000   15.0000 2986.8896    9.3382
    0.0000    7.5000   15.0000 2991.5193    9.2367
    7.5000    7.5000   15.0000 2930.4258    9.4690
   -7.5000   15.0000   15.0000 2990.0598    9.3484
    0.0000   15.0000   15.0000 2997.8486    9.3093
    7.5000   15.0000   15.0000 2928.0615    9.5736
   -7.5000   22.5000   15.0000 2943.8462    9.6809
    0.0000   22.5000   15.0000 2947.6726    9.6714
    7.5000   22.5000   15.0000 2887.6929    9.8900
   -7.5000   30.0000   15.0000 2862.1238   10.2514
    0.0000   30.0000   15.0000 2857.7417   10.2330
    7.5000   30.0000   15.0000 2812.7976   10.4332
   -7.5000   37.5000   15.0000 2757.3394   11.0698
    0.0000   37.5000   15.0000 2755.9824   11.0264
    7.5000   37.5000   15.0000 2719.4622   11.2067
   -7.5000   45.0000   15.0000 2627.0684   12.1466
    0.0000   45.0000   15.0000 2626.2129   12.0849
    7.5000   45.0000   15.0000 2588.7734   12.2518
   -7.5000  -45.0000   22.5000 2212.7725   16.2510
    0.0000  -45.0000   22.5000 2234.7007   15.9623
    7.5000  -45.0000   22.5000 2205.8936   16.2105
   -7.5000  -37.5000   22.5000 2349.3323   14.2717
    0.0000  -37.5000   22.5000 2362.8152   13.9431
    7.5000  -37.5000   22.5000 2339.4373   14.2312
   -7.5000  -30.0000   22.5000 2471.1865   12.7171
    0.0000  -30.0000   22.5000 2476.5159   12.3927
    7.5000  -30.0000   22.5000 2453.2285   12.6983
   -7.5000  -22.5000   22.5000 2598.3926   11.5301
    0.0000  -22.5000   22.5000 2595.4519   11.2205
    7.5000  -22.5000   22.5000 2571.0554   11.5318
   -7.5000  -15.0000   22.5000 2721.5452   10.6351
    0.0000  -15.0000   22.5000 2710.2122   10.3618
    7.5000  -15.0000   22.5000 2686.2578   10.6741
   -7.5000   -7.5000   22.5000 2827.3367   10.0097
    0.0000   -7.5000   22.5000 2815.5603    9.8018
    7.5000   -7.5000   22.5000 2790.0308   10.0821
   -7.5000    0.0000   22.5000 2926.9336    9.7260
    0.0000    0.0000   22.5000 2921.2566    9.5678
    7.5000    0.0000   22.5000 2878.6440    9.7319
   -7.5000    7.5000   22.5000 2987.3289    9.4745
    0.0000    7.5000   22.5000 2993.1514    9.4012
    7.5000    7.5000   22.5000 2931.4028    9.5380
   -7.5000   15.0000   22.5000 2988.6636    9.4454
    0.0000   15.0000   22.5000 3001.1194    9.4055
    7.5000   15.0000   22.5000 2928.3560    9.6046
   -7.5000   22.5000   22.5000 2944.3718    9.7525
    0.0000   22.5000   22.5000 2951.2690    9.7284
    7.5000   22.5000   22.5000 2889.7102    9.8756
   -7.5000   30.0000   22.5000 2857.9011   10.3145
    0.0000   30.0000   22.5000 2856.9683   10.2621
    7.5000   30.0000   22.5000 2814.9756   10.4117
   -7.5000   37.5000   22.5000 2750.6372   11.1075
    0.0000   37.5000   22.5000 2747.2786   11.0428
    7.5000   37.5000   22.5000 2715.8911   11.2078
   -7.5000   45.0000   22.5000 2619.8992   12.1518
    0.0000   45.0000   22.5000 2616.2034   12.0860
    7.5000   45.0000   22.5000 2588.3945   12.2719
   -7.5000  -45.0000   30.0000 2188.6135   16.6030
    0.0000  -45.0000   30.0000 2204.2727   16.2762
    7.5000  -45.0000   30.0000 2176.7646   16.5243
   -7.5000  -37.5000   30.0000 2326.0544   14.5905
    0.0000  -37.5000   30.0000 2338.9539   14.2674
    7.5000  -37.5000   30.0000 2314.0320   14.5365
   -7.5000  -30.0000   30.0000 2446.7253   13.0108
    0.0000  -30.0000   30.0000 2451.8997   12.7436
    7.5000  -30.0000   30.0000 2425.6907   13.0231
   -7.5000  -22.5000   30.0000 2571.3459   11.8479
    0.0000  -22.5000   30.0000 2570.5430   11.6268
    7.5000  -22.5000   30.0000 2537.4170   11.8914
   -7.5000  -15.0000   30.0000 2689.7832   10.9844
    0.0000  -15.0000   30.0000 2685.5598   10.7921
    7.5000  -15.0000   30.0000 2650.4780   11.0380
   -7.5000   -7.5000   30.0000 2790.5398   10.3610
    0.0000   -7.5000   30.0000 2787.4316   10.1993
    7.5000   -7.5000   30.0000 2756.1897   10.4397
   -7.5000    0.0000   30.0000 2881.1106    9.9653
    0.0000    0.0000   30.0000 2878.5732    9.8493
    7.5000    0.0000   30.0000 2836.1089   10.0447
   -7.5000    7.5000   30.0000 2935.9429    9.6566
    0.0000    7.5000   30.0000 2928.5576    9.5847
    7.5000    7.5000   30.0000 2885.5234    9.8568
   -7.5000   15.0000   30.0000 2938.3450    9.7487
    0.0000   15.0000   30.0000 2940.1721    9.6758
    7.5000   15.0000   30.0000 2885.7891    9.9120
   -7.5000   22.5000   30.0000 2897.8435   10.1271
    0.0000   22.5000   30.0000 2902.8794   10.0571
    7.5000   22.5000   30.0000 2847.0212   10.2037
   -7.5000   30.0000   30.0000 2816.5923   10.6992
    0.0000   30.0000   30.0000 2818.5005   10.6251
    7.5000   30.0000   30.0000 2777.2253   10.7341
   -7.5000   37.5000   30.0000 2707.8003   11.4234
    0.0000   37.5000   30.0000 2708.5374   11.3590
    7.5000   37.5000   30.0000 2677.1731   11.4979
   -7.5000   45.0000   30.0000 2581.5999   12.3748
    0.0000   45.0000   30.0000 2585.6987   12.3238
    7.5000   45.0000   30.0000 2556.0537   12.4867
   -7.5000  -45.0000   37.5000 2147.8779   17.1660
    0.0000  -45.0000   37.5000 2165.8423   16.9279
    7.5000  -45.0000   37.5000 2136.9978   17.1343
   -7.5000  -37.5000   37.5000 2292.2725   15.1197
    0.0000  -37.5000   37.5000 2308.9568   14.9227
    7.5000  -37.5000   37.5000 2279.2952   15.1522
   -7.5000  -30.0000   37.5000 2416.4534   13.5772
    0.0000  -30.0000   37.5000 2426.2085   13.3803
    7.5000  -30.0000   37.5000 2392.6208   13.6437
   -7.5000  -22.5000   37.5000 2534.7676   12.3928
    0.0000  -22.5000   37.5000 2543.4482   12.2003
    7.5000  -22.5000   37.5000 2505.4417   12.4545
   -7.5000  -15.0000   37.5000 2646.0090   11.4908
    0.0000  -15.0000   37.5000 2649.5300   11.2996
    7.5000  -15.0000   37.5000 2616.0522   11.5443
   -7.5000   -7.5000   37.5000 2740.0339   10.8263
    0.0000   -7.5000   37.5000 2741.0896   10.6534
    7.5000   -7.5000   37.5000 2714.8210   10.9008
   -7.5000    0.0000   37.5000 2814.8357   10.3510
    0.0000    0.0000   37.5000 2814.9397   10.2199
    7.5000    0.0000   37.5000 2780.6104   10.4925
   -7.5000    7.5000   37.5000 2865.6042   10.0386
    0.0000    7.5000   37.5000 2849.4839    9.9707
    7.5000    7.5000   37.5000 2821.1606   10.2733
   -7.5000   15.0000   37.5000 2867.2971   10.1712
    0.0000   15.0000   37.5000 2859.2139   10.0733
    7.5000   15.0000   37.5000 2827.5051   10.3452
   -7.5000   22.5000   37.5000 2829.4856   10.5649
    0.0000   22.5000   37.5000 2832.2778   10.4469
    7.5000   22.5000   37.5000 2789.0950   10.6698
   -7.5000   30.0000   37.5000 2753.5500   11.1546
    0.0000   30.0000   37.5000 2754.9111   11.0374
    7.5000   30.0000   37.5000 2720.0989   11.1919
   -7.5000   37.5000   37.5000 2650.8833   11.9154
    0.0000   37.5000   37.5000 2654.9287   11.8366
    7.5000   37.5000   37.5000 2625.1697   11.9826
   -7.5000   45.0000   37.5000 2532.6636   12.8703
    0.0000   45.0000   37.5000 2539.1416   12.8127
    7.5000   45.0000   37.5000 2507.3220   12.9440
   -7.5000  -45.0000   45.0000 2099.7478   17.9437
    0.0000  -45.0000   45.0000 2116.2688   17.8212
    7.5000  -45.0000   45.0000 2093.4285   18.0366
   -7.5000  -37.5000   45.0000 2246.4053   15.8729
    0.0000  -37.5000   45.0000 2261.0579   15.7117
    7.5000  -37.5000   45.0000 2235.1687   15.9685
   -7.5000  -30.0000   45.0000 2366.4902   14.2622
    0.0000  -30.0000   45.0000 2385.3350   14.1185
    7.5000  -30.0000   45.0000 2350.0251   14.3726
   -7.5000  -22.5000   45.0000 2483.8462   13.0332
    0.0000  -22.5000   45.0000 2498.0210   12.8899
    7.5000  -22.5000   45.0000 2461.5513   13.1262
   -7.5000  -15.0000   45.0000 2589.2161   12.0967
    0.0000  -15.0000   45.0000 2596.7791   11.9541
    7.5000  -15.0000   45.0000 2563.2188   12.1789
   -7.5000   -7.5000   45.0000 2674.5449   11.4182
    0.0000   -7.5000   45.0000 2682.1875   11.2746
    7.5000   -7.5000   45.0000 2656.1633   11.5299
   -7.5000    0.0000   45.0000 2734.4814   10.9041
    0.0000    0.0000   45.0000 2736.2742   10.8020
    7.5000    0.0000   45.0000 2705.1167   11.0798
   -7.5000    7.5000   45.0000 2777.6990   10.6657
    0.0000    7.5000   45.0000 2766.2363   10.5890
    7.5000    7.5000   45.0000 2741.2988   10.8495
   -7.5000   15.0000   45.0000 2776.6135   10.7868
    0.0000   15.0000   45.0000 2768.4319   10.6707
    7.5000   15.0000   45.0000 2745.4177   10.9228
   -7.5000   22.5000   45.0000 2738.8723   11.1536
    0.0000   22.5000   45.0000 2738.6799   11.0462
    7.5000   22.5000   45.0000 2702.0193   11.2714
   -7.5000   30.0000   45.0000 2670.1313   11.7147
    0.0000   30.0000   45.0000 2666.6243   11.6017
    7.5000   30.0000   45.0000 2637.5359   11.8215
   -7.5000   37.5000   45.0000 2578.7324   12.4591
    0.0000   37.5000   45.0000 2576.2578   12.3864
    7.5000   37.5000   45.0000 2548.5298   12.5934
   -7.5000   45.0000   45.0000 2464.9958   13.4541
    0.0000   45.0000   45.0000 2470.3545   13.4109
    7.5000   45.0000   45.0000 2441.8206   13.5685

---------------------------------------------------------------------
imgreg_4dfp /opt/freesurfer/average/711-2C_as_mni_average_305 /opt/freesurfer/average/711-2B_as_mni_average_305_mask talsrcimg_g11 none talsrcimg_to_711-2C_as_mni_average_305_t4 1283
---------------------------------------------------------------------

freesurfer imgreg_4dfp.c
/opt/freesurfer/average/711-2C_as_mni_average_305.4dfp.img
       256       256       256         1
  1.000000  1.000000  1.000000
orientation T byte_order littleendian
Reading image: /opt/freesurfer/average/711-2C_as_mni_average_305.4dfp.img
dimensions:      256       256       256
mmppix:       1.0000   -1.0000   -1.0000
center:     128.0000 -129.0000 -129.0000
/opt/freesurfer/average/711-2B_as_mni_average_305_mask.4dfp.img
       256       256       256         1
  1.000000  1.000000  1.000000
orientation T byte_order littleendian
Reading mask: /opt/freesurfer/average/711-2B_as_mni_average_305_mask.4dfp.img (2306576 pixels)
talsrcimg_g11.4dfp.img
       256       256       256         1
  1.000000  1.000000  1.000000
orientation T byte_order littleendian
Reading image: talsrcimg_g11.4dfp.img
dimensions:      256       256       256
mmppix:       1.0000   -1.0000   -1.0000
center:     128.0000 -129.0000 -129.0000
rotation matrix determinant  1.000000
fimgreg.f
image alignment mode   1283 decimal      503 hex
parameters
    0.0000   15.0000   22.5000    0.0000    0.0000    0.0000
eta,q 0.94262  9.43481
niter,ni,del,rscale     5    3   12.0000    1.2000
parameter  3  0.553974 ->  0.500000 qaram    1.1500
parameter  4  0.685465 ->  0.500000 qaram    1.1500
parameter  6 -2.366092 -> -0.500000 qaram    1.1500
parameters
   -2.4386   12.6368   19.0500   -3.4500   -1.7420    3.4500
eta,q 0.95662  9.21133
  0.0622  0.0573  0.0544  0.0501  0.0525  0.0590
  0.0579  0.0551  0.0509  0.0490  0.0496  0.0556
  0.0567  0.0549  0.0503  0.0494  0.0485  0.0518
  0.0598  0.0561  0.0545  0.0506  0.0490  0.0484
  0.0646  0.0581  0.0603  0.0525  0.0520  0.0454
  0.0721  0.0622  0.0663  0.0545  0.0556  0.0428
  0.0812  0.0678  0.0728  0.0563  0.0598  0.0416
niter,ni,del,rscale     7    3   12.0000    1.2000
parameters
   -2.2866   13.0042   18.5628   -4.0055   -1.3839    6.5705
eta,q 0.95869  9.18150
  0.0638  0.0556  0.0575  0.0501  0.0538  0.0550
  0.0536  0.0502  0.0516  0.0455  0.0490  0.0507
  0.0463  0.0453  0.0454  0.0428  0.0451  0.0468
  0.0434  0.0434  0.0434  0.0435  0.0432  0.0431
  0.0464  0.0451  0.0465  0.0455  0.0440  0.0413
  0.0535  0.0486  0.0545  0.0482  0.0472  0.0421
  0.0609  0.0528  0.0621  0.0509  0.0519  0.0444
niter,ni,del,rscale     6    3   12.0000    1.2000
parameters
   -2.4504   13.0260   18.5289   -4.3160   -1.0897    6.4516
eta,q 0.95905  9.17912
  0.0610  0.0543  0.0570  0.0503  0.0520  0.0494
  0.0504  0.0473  0.0507  0.0434  0.0468  0.0453
  0.0430  0.0428  0.0441  0.0404  0.0428  0.0419
  0.0413  0.0412  0.0412  0.0412  0.0410  0.0410
  0.0458  0.0436  0.0430  0.0433  0.0416  0.0424
  0.0531  0.0481  0.0503  0.0467  0.0446  0.0454
  0.0615  0.0532  0.0581  0.0498  0.0507  0.0501
niter,ni,del,rscale     5    3   12.0000    1.2000
parameters
   -2.5187   13.0913   18.4790   -4.4004   -1.0370    6.4578
eta,q 0.95910  9.17704
  0.0616  0.0549  0.0568  0.0510  0.0513  0.0496
  0.0507  0.0475  0.0506  0.0443  0.0463  0.0455
  0.0431  0.0424  0.0438  0.0405  0.0424  0.0420
  0.0410  0.0409  0.0409  0.0409  0.0409  0.0409
  0.0452  0.0436  0.0428  0.0429  0.0418  0.0422
  0.0526  0.0482  0.0502  0.0462  0.0452  0.0452
  0.0610  0.0532  0.0581  0.0497  0.0516  0.0497
niter,ni,del,rscale     4    3   12.0000    1.2000
parameters
   -2.5405   13.1151   18.4576   -4.4308   -1.0191    6.4663
eta,q 0.95912  9.17622
  0.0619  0.0548  0.0568  0.0511  0.0512  0.0496
  0.0509  0.0473  0.0506  0.0445  0.0462  0.0455
  0.0432  0.0422  0.0439  0.0405  0.0423  0.0420
  0.0409  0.0409  0.0409  0.0409  0.0409  0.0409
  0.0450  0.0437  0.0427  0.0427  0.0419  0.0422
  0.0524  0.0483  0.0500  0.0460  0.0454  0.0452
  0.0608  0.0533  0.0579  0.0496  0.0517  0.0498
registration optimization eta report
parameter search radius
    6.0000    6.0000    6.9000    6.9000    6.0000    6.9000
100000*second partial in parameter space
       55.       36.       34.       20.       29.       18.
  0.0619  0.0548  0.0568  0.0511  0.0512  0.0496
  0.0509  0.0473  0.0506  0.0445  0.0462  0.0455
  0.0432  0.0422  0.0439  0.0405  0.0423  0.0420
  0.0409  0.0409  0.0409  0.0409  0.0409  0.0409
  0.0450  0.0437  0.0427  0.0427  0.0419  0.0422
  0.0524  0.0483  0.0500  0.0460  0.0454  0.0452
  0.0608  0.0533  0.0579  0.0496  0.0517  0.0498
   -2.5405   13.1151   18.4576   -4.4308   -1.0191    6.4663
eta,q 0.95912  9.17622

---------------------------------------------------------------------
imgreg_4dfp /opt/freesurfer/average/711-2C_as_mni_average_305 /opt/freesurfer/average/711-2B_as_mni_average_305_mask talsrcimg_g11 none talsrcimg_to_711-2C_as_mni_average_305_t4 3335
---------------------------------------------------------------------

freesurfer imgreg_4dfp.c
/opt/freesurfer/average/711-2C_as_mni_average_305.4dfp.img
       256       256       256         1
  1.000000  1.000000  1.000000
orientation T byte_order littleendian
Reading image: /opt/freesurfer/average/711-2C_as_mni_average_305.4dfp.img
dimensions:      256       256       256
mmppix:       1.0000   -1.0000   -1.0000
center:     128.0000 -129.0000 -129.0000
/opt/freesurfer/average/711-2B_as_mni_average_305_mask.4dfp.img
       256       256       256         1
  1.000000  1.000000  1.000000
orientation T byte_order littleendian
Reading mask: /opt/freesurfer/average/711-2B_as_mni_average_305_mask.4dfp.img (2306576 pixels)
talsrcimg_g11.4dfp.img
       256       256       256         1
  1.000000  1.000000  1.000000
orientation T byte_order littleendian
Reading image: talsrcimg_g11.4dfp.img
dimensions:      256       256       256
mmppix:       1.0000   -1.0000   -1.0000
center:     128.0000 -129.0000 -129.0000
fimgreg.f
image alignment mode   3335 decimal      D07 hex
parameters
   -2.5405   13.1151   18.4576   -0.6519   -0.9486   -0.3146
  -11.3648    0.8919   11.2601    7.8761   -1.7786   -7.7243
eta,q 0.95904  9.28789
niter,ni,del,rscale     5    3    5.0000    1.2000
parameter  4  1.620238 ->  0.500000 qaram    1.1500
parameter  5  9.849587 ->  0.500000 qaram    1.1500
parameter  6  0.561647 ->  0.500000 qaram    1.1500
parameters
   -2.5452   13.4845   18.0353   -4.7919   -5.0886   -4.4546
  -10.6699    0.7573   10.6901    7.2088   -2.0950   -4.2763
eta,q 0.97482  9.22564
  0.0448  0.0431  0.0426  0.0326  0.0238  0.0269  0.0297  0.0319  0.0280  0.0289  0.0273  0.0290
  0.0427  0.0422  0.0415  0.0334  0.0265  0.0258  0.0277  0.0282  0.0266  0.0269  0.0262  0.0274
  0.0414  0.0415  0.0409  0.0361  0.0301  0.0257  0.0263  0.0261  0.0258  0.0258  0.0256  0.0262
  0.0410  0.0410  0.0408  0.0408  0.0339  0.0275  0.0256  0.0256  0.0256  0.0256  0.0256  0.0255
  0.0414  0.0408  0.0415  0.0465  0.0378  0.0319  0.0258  0.0265  0.0261  0.0264  0.0258  0.0252
  0.0427  0.0413  0.0427  0.0523  0.0416  0.0373  0.0268  0.0287  0.0272  0.0280  0.0265  0.0252
  0.0449  0.0423  0.0445  0.0571  0.0452  0.0440  0.0284  0.0323  0.0288  0.0303  0.0275  0.0256
niter,ni,del,rscale     7    3    5.0000    1.2000
parameter  3  0.538414 ->  0.500000 qaram    1.1500
parameter  5  0.700994 ->  0.500000 qaram    1.3225
parameters
   -2.5010   12.6212   16.6553   -7.3077   -9.8496   -5.6213
  -10.3727    0.8847   11.7721    5.7454   -1.5147   -5.6237
eta,q 0.97842  9.07226
  0.0301  0.0261  0.0246  0.0271  0.0228  0.0252  0.0256  0.0271  0.0254  0.0239  0.0231  0.0225
  0.0275  0.0250  0.0241  0.0255  0.0217  0.0239  0.0237  0.0242  0.0238  0.0224  0.0223  0.0219
  0.0258  0.0247  0.0242  0.0242  0.0220  0.0227  0.0225  0.0225  0.0226  0.0217  0.0218  0.0216
  0.0252  0.0252  0.0247  0.0241  0.0241  0.0216  0.0220  0.0219  0.0219  0.0219  0.0217  0.0216
  0.0257  0.0263  0.0258  0.0265  0.0275  0.0219  0.0223  0.0225  0.0220  0.0228  0.0217  0.0220
  0.0272  0.0279  0.0273  0.0316  0.0313  0.0251  0.0233  0.0240  0.0226  0.0242  0.0220  0.0226
  0.0298  0.0299  0.0293  0.0377  0.0349  0.0298  0.0250  0.0267  0.0239  0.0264  0.0227  0.0234
niter,ni,del,rscale     7    3    5.0000    1.2000
parameters
   -2.3641   12.8095   16.7938   -6.6572  -11.0050   -5.7206
  -10.6785    0.9079   11.9956    5.8935   -1.7855   -5.9755
eta,q 0.97872  9.05442
  0.0258  0.0256  0.0240  0.0272  0.0266  0.0250  0.0244  0.0263  0.0243  0.0247  0.0225  0.0226
  0.0237  0.0235  0.0227  0.0252  0.0239  0.0235  0.0227  0.0234  0.0228  0.0227  0.0218  0.0218
  0.0222  0.0222  0.0219  0.0233  0.0219  0.0225  0.0216  0.0217  0.0217  0.0216  0.0214  0.0213
  0.0216  0.0216  0.0215  0.0215  0.0212  0.0213  0.0213  0.0213  0.0213  0.0213  0.0213  0.0213
  0.0218  0.0218  0.0217  0.0210  0.0227  0.0207  0.0218  0.0218  0.0216  0.0218  0.0214  0.0215
  0.0230  0.0228  0.0224  0.0227  0.0260  0.0226  0.0231  0.0234  0.0225  0.0227  0.0219  0.0220
  0.0251  0.0245  0.0236  0.0270  0.0302  0.0265  0.0249  0.0262  0.0240  0.0243  0.0227  0.0227
niter,ni,del,rscale     6    3    5.0000    1.2000
parameters
   -2.3809   12.9345   16.7969   -6.4925  -11.1942   -5.6943
  -10.7446    0.9201   12.0107    6.0233   -1.8425   -6.1776
eta,q 0.97878  9.05595
  0.0252  0.0250  0.0236  0.0268  0.0276  0.0250  0.0246  0.0263  0.0240  0.0246  0.0225  0.0226
  0.0231  0.0231  0.0223  0.0249  0.0247  0.0235  0.0228  0.0233  0.0226  0.0226  0.0218  0.0217
  0.0218  0.0218  0.0215  0.0229  0.0224  0.0226  0.0216  0.0216  0.0216  0.0215  0.0213  0.0213
  0.0213  0.0213  0.0213  0.0213  0.0212  0.0212  0.0212  0.0212  0.0212  0.0212  0.0212  0.0212
  0.0217  0.0216  0.0215  0.0210  0.0220  0.0207  0.0217  0.0218  0.0215  0.0217  0.0214  0.0214
  0.0231  0.0226  0.0223  0.0232  0.0247  0.0224  0.0228  0.0234  0.0225  0.0227  0.0218  0.0219
  0.0254  0.0243  0.0236  0.0278  0.0286  0.0263  0.0247  0.0262  0.0241  0.0241  0.0225  0.0227
niter,ni,del,rscale     5    3    5.0000    1.2000
parameters
   -2.3937   12.9691   16.7800   -6.4576  -11.2291   -5.6788
  -10.7444    0.9088   12.0105    6.0932   -1.8481   -6.2712
eta,q 0.97879  9.05722
  0.0252  0.0247  0.0235  0.0267  0.0277  0.0250  0.0246  0.0263  0.0240  0.0245  0.0225  0.0226
  0.0231  0.0228  0.0223  0.0248  0.0249  0.0235  0.0228  0.0233  0.0226  0.0225  0.0217  0.0218
  0.0217  0.0216  0.0215  0.0229  0.0225  0.0225  0.0216  0.0216  0.0216  0.0214  0.0213  0.0213
  0.0212  0.0212  0.0212  0.0212  0.0212  0.0212  0.0212  0.0212  0.0212  0.0212  0.0212  0.0212
  0.0217  0.0216  0.0215  0.0210  0.0218  0.0207  0.0216  0.0218  0.0215  0.0217  0.0213  0.0214
  0.0231  0.0227  0.0223  0.0234  0.0245  0.0225  0.0228  0.0234  0.0225  0.0227  0.0218  0.0219
  0.0254  0.0244  0.0236  0.0281  0.0284  0.0263  0.0246  0.0262  0.0241  0.0242  0.0225  0.0226
niter,ni,del,rscale     4    3    5.0000    1.2000
parameters
   -2.3992   12.9805   16.7708   -6.4521  -11.2378   -5.6710
  -10.7442    0.9003   12.0125    6.1260   -1.8434   -6.3022
eta,q 0.97880  9.05782
  0.0252  0.0246  0.0235  0.0267  0.0278  0.0250  0.0246  0.0263  0.0240  0.0245  0.0225  0.0227
  0.0231  0.0227  0.0223  0.0248  0.0249  0.0236  0.0228  0.0233  0.0225  0.0225  0.0217  0.0218
  0.0217  0.0216  0.0215  0.0229  0.0225  0.0225  0.0216  0.0216  0.0216  0.0214  0.0213  0.0213
  0.0212  0.0212  0.0212  0.0212  0.0212  0.0212  0.0212  0.0212  0.0212  0.0212  0.0212  0.0212
  0.0216  0.0216  0.0215  0.0211  0.0218  0.0207  0.0216  0.0218  0.0215  0.0217  0.0213  0.0214
  0.0230  0.0227  0.0223  0.0234  0.0245  0.0225  0.0228  0.0234  0.0225  0.0227  0.0218  0.0219
  0.0254  0.0245  0.0236  0.0282  0.0283  0.0264  0.0246  0.0262  0.0240  0.0242  0.0225  0.0226
registration optimization eta report
parameter search radius
    2.4000    2.4000    2.7600    8.2800    9.5220    8.2800
    7.2000    7.2000    7.2000    7.2000    7.2000    7.2000
100000*second partial in parameter space
       71.       57.       31.        9.        7.        7.
        7.       10.        5.        6.        3.        3.
  0.0252  0.0246  0.0235  0.0267  0.0278  0.0250  0.0246  0.0263  0.0240  0.0245  0.0225  0.0227
  0.0231  0.0227  0.0223  0.0248  0.0249  0.0236  0.0228  0.0233  0.0225  0.0225  0.0217  0.0218
  0.0217  0.0216  0.0215  0.0229  0.0225  0.0225  0.0216  0.0216  0.0216  0.0214  0.0213  0.0213
  0.0212  0.0212  0.0212  0.0212  0.0212  0.0212  0.0212  0.0212  0.0212  0.0212  0.0212  0.0212
  0.0216  0.0216  0.0215  0.0211  0.0218  0.0207  0.0216  0.0218  0.0215  0.0217  0.0213  0.0214
  0.0230  0.0227  0.0223  0.0234  0.0245  0.0225  0.0228  0.0234  0.0225  0.0227  0.0218  0.0219
  0.0254  0.0245  0.0236  0.0282  0.0283  0.0264  0.0246  0.0262  0.0240  0.0242  0.0225  0.0226
   -2.3992   12.9805   16.7708   -6.4521  -11.2378   -5.6710
  -10.7442    0.9003   12.0125    6.1260   -1.8434   -6.3022
eta,q 0.97880  9.05782

---------------------------------------------------------------------
imgreg_4dfp /opt/freesurfer/average/711-2C_as_mni_average_305 /opt/freesurfer/average/711-2B_as_mni_average_305_mask talsrcimg_g11 none talsrcimg_to_711-2C_as_mni_average_305_t4 2311
---------------------------------------------------------------------

freesurfer imgreg_4dfp.c
/opt/freesurfer/average/711-2C_as_mni_average_305.4dfp.img
       256       256       256         1
  1.000000  1.000000  1.000000
orientation T byte_order littleendian
Reading image: /opt/freesurfer/average/711-2C_as_mni_average_305.4dfp.img
dimensions:      256       256       256
mmppix:       1.0000   -1.0000   -1.0000
center:     128.0000 -129.0000 -129.0000
/opt/freesurfer/average/711-2B_as_mni_average_305_mask.4dfp.img
       256       256       256         1
  1.000000  1.000000  1.000000
orientation T byte_order littleendian
Reading mask: /opt/freesurfer/average/711-2B_as_mni_average_305_mask.4dfp.img (2306576 pixels)
talsrcimg_g11.4dfp.img
       256       256       256         1
  1.000000  1.000000  1.000000
orientation T byte_order littleendian
Reading image: talsrcimg_g11.4dfp.img
dimensions:      256       256       256
mmppix:       1.0000   -1.0000   -1.0000
center:     128.0000 -129.0000 -129.0000
fimgreg.f
image alignment mode   2311 decimal      907 hex
parameters
   -2.3992   12.9805   16.7708   -6.4521  -11.2378   -5.6710
  -10.7442    0.9003   12.0125    6.1260   -1.8434   -6.3022
eta,q 0.97879  9.05783
niter,ni,del,rscale     5    3    5.0000    0.8000
parameters
   -2.3767   12.9667   16.7622   -5.2369  -11.0013   -4.0261
  -10.8050    0.9468   11.7450    6.3213   -2.0889   -6.6146
eta,q 0.97959  9.14848
  0.0231  0.0227  0.0220  0.0243  0.0232  0.0230  0.0222  0.0236  0.0217  0.0222  0.0212  0.0210
  0.0221  0.0219  0.0216  0.0232  0.0221  0.0224  0.0212  0.0218  0.0210  0.0212  0.0207  0.0206
  0.0215  0.0214  0.0213  0.0221  0.0213  0.0217  0.0206  0.0207  0.0205  0.0206  0.0205  0.0204
  0.0212  0.0212  0.0212  0.0212  0.0209  0.0209  0.0204  0.0204  0.0204  0.0204  0.0204  0.0204
  0.0214  0.0214  0.0213  0.0209  0.0210  0.0204  0.0207  0.0208  0.0206  0.0206  0.0206  0.0205
  0.0220  0.0219  0.0216  0.0212  0.0217  0.0205  0.0213  0.0218  0.0212  0.0211  0.0209  0.0208
  0.0230  0.0227  0.0220  0.0225  0.0229  0.0216  0.0223  0.0234  0.0221  0.0218  0.0214  0.0212
niter,ni,del,rscale     4    3    5.0000    0.7000
parameters
   -2.4617   12.9142   16.9214   -5.4175  -11.0111   -4.0363
  -10.7372    0.8508   11.7838    6.2724   -2.1225   -6.4476
eta,q 0.97959  9.14438
  0.0219  0.0215  0.0213  0.0225  0.0221  0.0223  0.0219  0.0226  0.0216  0.0216  0.0211  0.0210
  0.0210  0.0209  0.0208  0.0216  0.0213  0.0215  0.0211  0.0213  0.0210  0.0209  0.0207  0.0207
  0.0205  0.0205  0.0205  0.0208  0.0207  0.0208  0.0206  0.0206  0.0206  0.0205  0.0205  0.0205
  0.0204  0.0204  0.0204  0.0204  0.0204  0.0204  0.0204  0.0204  0.0204  0.0204  0.0204  0.0204
  0.0207  0.0206  0.0204  0.0206  0.0206  0.0204  0.0206  0.0207  0.0205  0.0206  0.0205  0.0205
  0.0213  0.0210  0.0206  0.0215  0.0212  0.0211  0.0210  0.0215  0.0209  0.0210  0.0207  0.0206
  0.0223  0.0217  0.0210  0.0233  0.0223  0.0228  0.0218  0.0227  0.0215  0.0216  0.0211  0.0209
niter,ni,del,rscale     3    3    5.0000    0.6000
parameters
   -2.4497   12.9119   16.9509   -5.3108  -10.9924   -3.8453
  -10.7549    0.8654   11.7722    6.2358   -2.1306   -6.4544
eta,q 0.97963  9.15147
  0.0217  0.0213  0.0210  0.0222  0.0217  0.0220  0.0214  0.0221  0.0212  0.0213  0.0209  0.0208
  0.0210  0.0208  0.0207  0.0214  0.0211  0.0213  0.0208  0.0211  0.0208  0.0207  0.0206  0.0205
  0.0206  0.0205  0.0205  0.0208  0.0206  0.0207  0.0205  0.0205  0.0205  0.0204  0.0204  0.0204
  0.0204  0.0204  0.0204  0.0204  0.0204  0.0204  0.0204  0.0204  0.0204  0.0204  0.0204  0.0204
  0.0205  0.0205  0.0205  0.0205  0.0205  0.0203  0.0205  0.0206  0.0205  0.0205  0.0204  0.0204
  0.0209  0.0208  0.0206  0.0211  0.0210  0.0208  0.0209  0.0211  0.0208  0.0208  0.0206  0.0205
  0.0216  0.0213  0.0209  0.0222  0.0218  0.0219  0.0214  0.0220  0.0212  0.0212  0.0209  0.0208
niter,ni,del,rscale     2    3    5.0000    0.5000
parameters
   -2.4613   12.8978   16.9642   -5.2372  -10.9763   -3.6886
  -10.7605    0.8598   11.7546    6.2144   -2.0984   -6.4446
eta,q 0.97966  9.15728
  0.0212  0.0210  0.0208  0.0217  0.0213  0.0215  0.0211  0.0216  0.0209  0.0210  0.0207  0.0206
  0.0207  0.0206  0.0205  0.0211  0.0208  0.0210  0.0207  0.0209  0.0206  0.0206  0.0205  0.0205
  0.0205  0.0204  0.0204  0.0206  0.0205  0.0206  0.0204  0.0205  0.0204  0.0204  0.0204  0.0204
  0.0204  0.0204  0.0204  0.0204  0.0204  0.0204  0.0203  0.0203  0.0203  0.0203  0.0203  0.0203
  0.0205  0.0204  0.0204  0.0204  0.0204  0.0203  0.0204  0.0205  0.0204  0.0204  0.0204  0.0204
  0.0208  0.0207  0.0205  0.0209  0.0208  0.0206  0.0207  0.0209  0.0206  0.0206  0.0205  0.0205
  0.0213  0.0210  0.0207  0.0217  0.0213  0.0215  0.0211  0.0215  0.0210  0.0210  0.0207  0.0206
niter,ni,del,rscale     1    3    5.0000    0.4000
parameters
   -2.4696   12.8868   16.9670   -5.1760  -10.9570   -3.5616
  -10.7762    0.8587   11.7536    6.1951   -2.0805   -6.4520
eta,q 0.97967  9.16202
  0.0209  0.0207  0.0206  0.0212  0.0210  0.0211  0.0208  0.0211  0.0207  0.0207  0.0206  0.0205
  0.0206  0.0205  0.0205  0.0208  0.0206  0.0207  0.0205  0.0207  0.0205  0.0205  0.0204  0.0204
  0.0204  0.0204  0.0204  0.0205  0.0204  0.0205  0.0204  0.0204  0.0204  0.0204  0.0204  0.0203
  0.0203  0.0203  0.0203  0.0203  0.0203  0.0203  0.0203  0.0203  0.0203  0.0203  0.0203  0.0203
  0.0204  0.0204  0.0204  0.0204  0.0204  0.0203  0.0204  0.0204  0.0204  0.0204  0.0203  0.0204
  0.0206  0.0205  0.0205  0.0207  0.0206  0.0205  0.0206  0.0207  0.0205  0.0205  0.0204  0.0204
  0.0209  0.0208  0.0206  0.0212  0.0210  0.0210  0.0208  0.0211  0.0207  0.0207  0.0206  0.0205
registration optimization eta report
parameter search radius
    0.8000    0.8000    0.8000    2.4000    2.4000    2.4000
    2.4000    2.4000    2.4000    2.4000    2.4000    2.4000
100000*second partial in parameter space
       88.       64.       40.       15.       11.       13.
        9.       14.        7.        7.        4.        3.
  0.0209  0.0207  0.0206  0.0212  0.0210  0.0211  0.0208  0.0211  0.0207  0.0207  0.0206  0.0205
  0.0206  0.0205  0.0205  0.0208  0.0206  0.0207  0.0205  0.0207  0.0205  0.0205  0.0204  0.0204
  0.0204  0.0204  0.0204  0.0205  0.0204  0.0205  0.0204  0.0204  0.0204  0.0204  0.0204  0.0203
  0.0203  0.0203  0.0203  0.0203  0.0203  0.0203  0.0203  0.0203  0.0203  0.0203  0.0203  0.0203
  0.0204  0.0204  0.0204  0.0204  0.0204  0.0203  0.0204  0.0204  0.0204  0.0204  0.0203  0.0204
  0.0206  0.0205  0.0205  0.0207  0.0206  0.0205  0.0206  0.0207  0.0205  0.0205  0.0204  0.0204
  0.0209  0.0208  0.0206  0.0212  0.0210  0.0210  0.0208  0.0211  0.0207  0.0207  0.0206  0.0205
   -2.4696   12.8868   16.9670   -5.1760  -10.9570   -3.5616
  -10.7762    0.8587   11.7536    6.1951   -2.0805   -6.4520
eta,q 0.97967  9.16202

---------------------------------------------------------------------
imgreg_4dfp /opt/freesurfer/average/711-2C_as_mni_average_305 /opt/freesurfer/average/711-2B_as_mni_average_305_mask talsrcimg_g11 none talsrcimg_to_711-2C_as_mni_average_305_t4 2311
---------------------------------------------------------------------

freesurfer imgreg_4dfp.c
/opt/freesurfer/average/711-2C_as_mni_average_305.4dfp.img
       256       256       256         1
  1.000000  1.000000  1.000000
orientation T byte_order littleendian
Reading image: /opt/freesurfer/average/711-2C_as_mni_average_305.4dfp.img
dimensions:      256       256       256
mmppix:       1.0000   -1.0000   -1.0000
center:     128.0000 -129.0000 -129.0000
/opt/freesurfer/average/711-2B_as_mni_average_305_mask.4dfp.img
       256       256       256         1
  1.000000  1.000000  1.000000
orientation T byte_order littleendian
Reading mask: /opt/freesurfer/average/711-2B_as_mni_average_305_mask.4dfp.img (2306576 pixels)
talsrcimg_g11.4dfp.img
       256       256       256         1
  1.000000  1.000000  1.000000
orientation T byte_order littleendian
Reading image: talsrcimg_g11.4dfp.img
dimensions:      256       256       256
mmppix:       1.0000   -1.0000   -1.0000
center:     128.0000 -129.0000 -129.0000
fimgreg.f
image alignment mode   2311 decimal      907 hex
parameters
   -2.4696   12.8868   16.9670   -5.1760  -10.9570   -3.5616
  -10.7762    0.8587   11.7536    6.1951   -2.0805   -6.4520
eta,q 0.97967  9.16203
niter,ni,del,rscale     5    3    5.0000    0.8000
parameters
   -2.4840   12.8961   17.0055   -5.6332  -11.0841   -4.0940
  -10.7339    0.8355   11.8388    6.2345   -2.1101   -6.3074
eta,q 0.97953  9.13620
  0.0225  0.0220  0.0214  0.0228  0.0225  0.0224  0.0223  0.0233  0.0219  0.0221  0.0213  0.0212
  0.0213  0.0211  0.0208  0.0217  0.0214  0.0216  0.0213  0.0216  0.0212  0.0211  0.0208  0.0208
  0.0206  0.0205  0.0205  0.0207  0.0207  0.0208  0.0207  0.0207  0.0207  0.0206  0.0205  0.0205
  0.0203  0.0203  0.0203  0.0203  0.0204  0.0204  0.0205  0.0205  0.0205  0.0205  0.0205  0.0205
  0.0206  0.0205  0.0204  0.0207  0.0206  0.0206  0.0207  0.0208  0.0206  0.0207  0.0206  0.0205
  0.0214  0.0211  0.0208  0.0221  0.0215  0.0219  0.0213  0.0217  0.0211  0.0212  0.0208  0.0207
  0.0226  0.0219  0.0213  0.0245  0.0229  0.0242  0.0222  0.0233  0.0219  0.0219  0.0213  0.0211
niter,ni,del,rscale     4    3    5.0000    0.7000
parameters
   -2.4369   12.9230   16.9792   -5.4271  -11.0196   -4.0250
  -10.7644    0.8756   11.8006    6.2013   -2.1435   -6.3788
eta,q 0.97959  9.14315
  0.0222  0.0217  0.0212  0.0228  0.0222  0.0223  0.0218  0.0227  0.0215  0.0216  0.0211  0.0209
  0.0213  0.0210  0.0208  0.0218  0.0213  0.0216  0.0210  0.0214  0.0209  0.0209  0.0207  0.0206
  0.0207  0.0206  0.0205  0.0210  0.0207  0.0208  0.0206  0.0206  0.0205  0.0205  0.0205  0.0204
  0.0205  0.0205  0.0205  0.0205  0.0204  0.0204  0.0204  0.0204  0.0204  0.0204  0.0204  0.0204
  0.0206  0.0206  0.0206  0.0205  0.0206  0.0204  0.0206  0.0207  0.0205  0.0206  0.0205  0.0205
  0.0211  0.0210  0.0208  0.0212  0.0212  0.0210  0.0211  0.0214  0.0209  0.0210  0.0207  0.0207
  0.0220  0.0216  0.0212  0.0227  0.0222  0.0226  0.0218  0.0226  0.0216  0.0216  0.0211  0.0209
niter,ni,del,rscale     3    3    5.0000    0.6000
parameters
   -2.4463   12.9079   16.9616   -5.3153  -10.9983   -3.8500
  -10.7627    0.8790   11.7735    6.2047   -2.1253   -6.4280
eta,q 0.97963  9.15080
  0.0216  0.0213  0.0209  0.0222  0.0217  0.0220  0.0214  0.0221  0.0212  0.0213  0.0209  0.0208
  0.0209  0.0208  0.0206  0.0214  0.0211  0.0213  0.0208  0.0211  0.0208  0.0207  0.0206  0.0205
  0.0205  0.0205  0.0205  0.0208  0.0206  0.0207  0.0205  0.0205  0.0205  0.0204  0.0204  0.0204
  0.0204  0.0204  0.0204  0.0204  0.0204  0.0204  0.0204  0.0204  0.0204  0.0204  0.0204  0.0204
  0.0205  0.0205  0.0205  0.0205  0.0205  0.0203  0.0205  0.0206  0.0205  0.0205  0.0204  0.0204
  0.0210  0.0208  0.0207  0.0211  0.0210  0.0208  0.0209  0.0211  0.0208  0.0208  0.0206  0.0206
  0.0217  0.0213  0.0210  0.0222  0.0218  0.0219  0.0214  0.0220  0.0212  0.0212  0.0209  0.0208
niter,ni,del,rscale     2    3    5.0000    0.5000
parameters
   -2.4588   12.8997   16.9649   -5.2347  -10.9828   -3.6898
  -10.7640    0.8646   11.7586    6.2063   -2.1069   -6.4400
eta,q 0.97966  9.15702
  0.0212  0.0210  0.0208  0.0217  0.0213  0.0215  0.0211  0.0215  0.0209  0.0210  0.0207  0.0206
  0.0207  0.0206  0.0205  0.0211  0.0208  0.0210  0.0207  0.0209  0.0206  0.0206  0.0205  0.0205
  0.0205  0.0204  0.0204  0.0206  0.0205  0.0206  0.0204  0.0205  0.0204  0.0204  0.0204  0.0204
  0.0204  0.0204  0.0204  0.0204  0.0204  0.0204  0.0203  0.0203  0.0203  0.0203  0.0203  0.0203
  0.0205  0.0204  0.0204  0.0204  0.0204  0.0203  0.0204  0.0205  0.0204  0.0204  0.0204  0.0204
  0.0208  0.0207  0.0205  0.0209  0.0208  0.0206  0.0207  0.0209  0.0206  0.0206  0.0205  0.0205
  0.0213  0.0210  0.0207  0.0217  0.0213  0.0214  0.0211  0.0216  0.0210  0.0209  0.0207  0.0206
niter,ni,del,rscale     1    3    5.0000    0.4000
parameters
   -2.4695   12.8875   16.9686   -5.1746  -10.9627   -3.5630
  -10.7756    0.8590   11.7555    6.1915   -2.0869   -6.4502
eta,q 0.97967  9.16179
  0.0209  0.0207  0.0206  0.0212  0.0210  0.0211  0.0208  0.0211  0.0207  0.0207  0.0206  0.0205
  0.0206  0.0205  0.0205  0.0208  0.0206  0.0207  0.0205  0.0207  0.0205  0.0205  0.0204  0.0204
  0.0204  0.0204  0.0204  0.0205  0.0204  0.0205  0.0204  0.0204  0.0204  0.0204  0.0204  0.0203
  0.0203  0.0203  0.0203  0.0203  0.0203  0.0203  0.0203  0.0203  0.0203  0.0203  0.0203  0.0203
  0.0204  0.0204  0.0204  0.0204  0.0204  0.0203  0.0204  0.0204  0.0204  0.0204  0.0203  0.0204
  0.0206  0.0205  0.0205  0.0207  0.0206  0.0205  0.0206  0.0207  0.0205  0.0205  0.0204  0.0204
  0.0209  0.0208  0.0206  0.0212  0.0210  0.0210  0.0208  0.0211  0.0207  0.0207  0.0206  0.0205
registration optimization eta report
parameter search radius
    0.8000    0.8000    0.8000    2.4000    2.4000    2.4000
    2.4000    2.4000    2.4000    2.4000    2.4000    2.4000
100000*second partial in parameter space
       88.       64.       40.       15.       11.       13.
        9.       14.        7.        7.        4.        3.
  0.0209  0.0207  0.0206  0.0212  0.0210  0.0211  0.0208  0.0211  0.0207  0.0207  0.0206  0.0205
  0.0206  0.0205  0.0205  0.0208  0.0206  0.0207  0.0205  0.0207  0.0205  0.0205  0.0204  0.0204
  0.0204  0.0204  0.0204  0.0205  0.0204  0.0205  0.0204  0.0204  0.0204  0.0204  0.0204  0.0203
  0.0203  0.0203  0.0203  0.0203  0.0203  0.0203  0.0203  0.0203  0.0203  0.0203  0.0203  0.0203
  0.0204  0.0204  0.0204  0.0204  0.0204  0.0203  0.0204  0.0204  0.0204  0.0204  0.0203  0.0204
  0.0206  0.0205  0.0205  0.0207  0.0206  0.0205  0.0206  0.0207  0.0205  0.0205  0.0204  0.0204
  0.0209  0.0208  0.0206  0.0212  0.0210  0.0210  0.0208  0.0211  0.0207  0.0207  0.0206  0.0205
   -2.4695   12.8875   16.9686   -5.1746  -10.9627   -3.5630
  -10.7756    0.8590   11.7555    6.1915   -2.0869   -6.4502
eta,q 0.97967  9.16179

---------------------------------------------------------------------
compute_vox2vox talsrcimg talsrcimg_to_711-2C_as_mni_average_305_t4 /opt/freesurfer/average/711-2C_as_mni_average_305
---------------------------------------------------------------------

freesurfer compute_vox2vox.c
Reading: talsrcimg.4dfp.ifh
Reading: talsrcimg_to_711-2C_as_mni_average_305_t4
Reading: /opt/freesurfer/average/711-2C_as_mni_average_305.4dfp.ifh
Writing: talsrcimg_to_711-2C_as_mni_average_305_t4_vox2vox.txt

start time Fri Mar 13 04:32:39 CET 2026
end		time Fri Mar 13 04:34:07 CET 2026

mpr2mni305 success

avi2talxfm orig_nu.mgz /opt/freesurfer/average/mni305.cor.mgz talsrcimg_to_711-2C_as_mni_average_305_t4_vox2vox.txt transforms/talairach.auto.xfm
avi2talxfm done
mv -f /out/sourcedata/freesurfer/sub-v2s4x29601_ses-1/mri/talsrcimg_to_711-2C_as_mni_average_305_t4_vox2vox.txt /out/sourcedata/freesurfer/sub-v2s4x29601_ses-1/mri/transforms/talsrcimg_to_711-2C_as_mni_average_305_t4_vox2vox.txt
lta_convert --src orig_nu.mgz --trg /opt/freesurfer/average/mni305.cor.mgz --inxfm transforms/talairach.auto.xfm --outlta transforms/talairach.auto.xfm.lta --subject fsaverage
7.3.2

--src: orig_nu.mgz src image (geometry).
--trg: /opt/freesurfer/average/mni305.cor.mgz trg image (geometry).
--inmni: transforms/talairach.auto.xfm input MNI/XFM transform.
--outlta: transforms/talairach.auto.xfm.lta output LTA.
--s: fsaverage subject name
 LTA read, type : 1
 1.03876  -0.01724   0.12447  -3.46153;
 0.01324   1.03193   0.07636  -12.20709;
-0.13807  -0.06948   1.10138  -9.93920;
 0.00000   0.00000   0.00000   1.00000;
setting subject to fsaverage
Writing  LTA to file transforms/talairach.auto.xfm.lta...
lta_convert successful.
 
 
Started at Fri Mar 13 04:32:38 CET 2026
Ended   at Fri Mar 13 04:34:07 CET 2026
talairach_avi done
