/out/sourcedata/freesurfer/sub-v2s4x29582_ses-1/mri
/opt/freesurfer/bin/talairach_avi
--i orig_nu.mgz --xfm transforms/talairach.auto.xfm
talairach_avi 7.3.2
Linux dna013 5.14.0-427.37.1.el9_4.x86_64 #1 SMP PREEMPT_DYNAMIC Fri Sep 13 12:41:50 EDT 2024 x86_64 x86_64 x86_64 GNU/Linux
Fri Mar 13 03:41:07 CET 2026
mri_convert orig_nu.mgz talsrcimg.img 
reading from orig_nu.mgz...
TR=0.00, TE=0.00, TI=0.00, flip angle=0.00
i_ras = (-1, -3.7257e-09, 0)
j_ras = (0, -2.25642e-11, -1)
k_ras = (0, 1, -5.82077e-11)
writing to talsrcimg.img...
Analyze Output Matrix
-1.00000   0.00000   0.00000   130.35970;
-0.00000  -0.00000   1.00000  -123.18804;
 0.00000  -1.00000  -0.00000   146.34952;
 0.00000   0.00000   0.00000   1.00000;
--------------------
INFO: set hdr.hist.orient to -1
mpr2mni305 talsrcimg
Fri Mar 13 03:41:07 CET 2026
/opt/freesurfer/bin/mpr2mni305 talsrcimg
mpr2mni305 7.3.2
target=711-2C_as_mni_average_305

---------------------------------------------------------------------
analyzeto4dfp talsrcimg -O0 -y
---------------------------------------------------------------------

freesurfer ifh2hdr.c
Fri Mar 13 03:41:08 2026
Writing: talsrcimg.4dfp.hdr
freesurfer analyzeto4dfp.c
Reading: talsrcimg.hdr
header size 348 bytes
hdr.dime.datatype	offset=70	value=2
hdr.dime.bitpix		offset=72	value=8
hdr.hist.orient		offset=252	value=-1
dimensionality     4
dimensions       256       256       256         1
Reading: talsrcimg.img
Writing: talsrcimg.4dfp.img
Writing: talsrcimg.4dfp.ifh
ifh2hdr talsrcimg -r0to255
ori=2

---------------------------------------------------------------------
gauss_4dfp talsrcimg 1.1
---------------------------------------------------------------------

freesurfer gauss_4dfp.c
Reading: talsrcimg.4dfp.img
Writing: talsrcimg_g11.4dfp.img
image dimensions 256 256 256 padded to 288 288 288
processing volume 1freesurfer ifh2hdr.c
Fri Mar 13 03:41:09 2026
Writing: talsrcimg_g11.4dfp.hdr

Writing: talsrcimg_g11.4dfp.ifh
including: talsrcimg.4dfp.img.rec in talsrcimg_g11.4dfp.img.rec

---------------------------------------------------------------------
imgreg_4dfp /opt/freesurfer/average/711-2C_as_mni_average_305 none talsrcimg_g11 none talsrcimg_to_711-2C_as_mni_average_305_t4 4355
---------------------------------------------------------------------

freesurfer imgreg_4dfp.c
/opt/freesurfer/average/711-2C_as_mni_average_305.4dfp.img
       256       256       256         1
  1.000000  1.000000  1.000000
orientation T byte_order littleendian
Reading image: /opt/freesurfer/average/711-2C_as_mni_average_305.4dfp.img
dimensions:      256       256       256
mmppix:       1.0000   -1.0000   -1.0000
center:     128.0000 -129.0000 -129.0000
talsrcimg_g11.4dfp.img
       256       256       256         1
  1.000000  1.000000  1.000000
orientation T byte_order littleendian
Reading image: talsrcimg_g11.4dfp.img
dimensions:      256       256       256
mmppix:       1.0000   -1.0000   -1.0000
center:     128.0000 -129.0000 -129.0000
t4_read: open error in t4_sub.f l:  41 t4_file(1:l)talsrcimg_to_711-2C_as_mni_average_305_t4 
t4_read: transform initialized to I4
rotation matrix determinant  1.000000
image alignment mode   4355 decimal     1103 hex
   -7.5000  -45.0000  -45.0000 6098.4224   13.9295
    0.0000  -45.0000  -45.0000 6303.4292   13.9444
    7.5000  -45.0000  -45.0000 6074.3711   13.9210
   -7.5000  -37.5000  -45.0000 6681.7344   13.7522
    0.0000  -37.5000  -45.0000 6914.9307   13.7678
    7.5000  -37.5000  -45.0000 6637.0088   13.7424
   -7.5000  -30.0000  -45.0000 7578.9683   13.6826
    0.0000  -30.0000  -45.0000 7865.5938   13.6971
    7.5000  -30.0000  -45.0000 7529.8936   13.6677
   -7.5000  -22.5000  -45.0000 8450.5283   13.6597
    0.0000  -22.5000  -45.0000 8796.8789   13.6736
    7.5000  -22.5000  -45.0000 8400.4639   13.6424
   -7.5000  -15.0000  -45.0000 9335.2031   13.6570
    0.0000  -15.0000  -45.0000 9718.8965   13.6712
    7.5000  -15.0000  -45.0000 9271.1406   13.6423
   -7.5000   -7.5000  -45.000010172.4287   13.6773
    0.0000   -7.5000  -45.000010576.6846   13.6911
    7.5000   -7.5000  -45.000010085.4707   13.6667
   -7.5000    0.0000  -45.000010821.2598   13.7009
    0.0000    0.0000  -45.000011283.5000   13.7156
    7.5000    0.0000  -45.000010707.6631   13.6931
   -7.5000    7.5000  -45.000010650.4180   13.7035
    0.0000    7.5000  -45.000011141.2227   13.7191
    7.5000    7.5000  -45.000010544.9336   13.6940
   -7.5000   15.0000  -45.000010458.4414   13.6826
    0.0000   15.0000  -45.000010947.1729   13.6971
    7.5000   15.0000  -45.000010356.6035   13.6677
   -7.5000   22.5000  -45.000010205.3594   13.6578
    0.0000   22.5000  -45.000010688.8428   13.6717
    7.5000   22.5000  -45.000010130.2217   13.6405
   -7.5000   30.0000  -45.0000 9929.9795   13.4750
    0.0000   30.0000  -45.000010396.5957   13.4890
    7.5000   30.0000  -45.0000 9871.7119   13.4605
   -7.5000   37.5000  -45.0000 9851.8535   13.4950
    0.0000   37.5000  -45.000010274.5186   13.5087
    7.5000   37.5000  -45.0000 9741.9355   13.4845
   -7.5000   45.0000  -45.0000 9340.5264   13.1750
    0.0000   45.0000  -45.0000 9725.9355   13.1892
    7.5000   45.0000  -45.0000 9205.6904   13.1676
   -7.5000  -45.0000  -37.5000 6494.1509   13.7931
    0.0000  -45.0000  -37.5000 6710.8765   13.8061
    7.5000  -45.0000  -37.5000 6449.7046   13.7783
   -7.5000  -37.5000  -37.5000 7111.3257   13.6223
    0.0000  -37.5000  -37.5000 7379.8608   13.6388
    7.5000  -37.5000  -37.5000 7070.9663   13.6117
   -7.5000  -30.0000  -37.5000 8060.6108   13.5485
    0.0000  -30.0000  -37.5000 8399.6963   13.5638
    7.5000  -30.0000  -37.5000 8016.0547   13.5349
   -7.5000  -22.5000  -37.5000 9019.4248   13.5167
    0.0000  -22.5000  -37.5000 9415.7090   13.5278
    7.5000  -22.5000  -37.5000 8960.7773   13.4972
   -7.5000  -15.0000  -37.5000 9961.6670   13.5102
    0.0000  -15.0000  -37.500010391.4170   13.5190
    7.5000  -15.0000  -37.5000 9871.4092   13.4889
   -7.5000   -7.5000  -37.500010842.8789   13.5362
    0.0000   -7.5000  -37.500011301.5020   13.5456
    7.5000   -7.5000  -37.500010709.7910   13.5175
   -7.5000    0.0000  -37.500011533.0908   13.5687
    0.0000    0.0000  -37.500012059.1318   13.5816
    7.5000    0.0000  -37.500011386.2422   13.5552
   -7.5000    7.5000  -37.500011329.9229   13.5745
    0.0000    7.5000  -37.500011900.1709   13.5910
    7.5000    7.5000  -37.500011215.4062   13.5642
   -7.5000   15.0000  -37.500011078.0039   13.5485
    0.0000   15.0000  -37.500011642.2471   13.5638
    7.5000   15.0000  -37.500010978.9736   13.5349
   -7.5000   22.5000  -37.500010772.9785   13.5148
    0.0000   22.5000  -37.500011333.0195   13.5260
    7.5000   22.5000  -37.500010705.4160   13.4954
   -7.5000   30.0000  -37.500010503.3516   13.3302
    0.0000   30.0000  -37.500011022.7227   13.3389
    7.5000   30.0000  -37.500010409.6182   13.3091
   -7.5000   37.5000  -37.500010396.8447   13.3558
    0.0000   37.5000  -37.500010899.1738   13.3650
    7.5000   37.5000  -37.500010269.9580   13.3374
   -7.5000   45.0000  -37.5000 9834.5869   13.0479
    0.0000   45.0000  -37.500010295.1787   13.0604
    7.5000   45.0000  -37.5000 9698.3555   13.0349
   -7.5000  -45.0000  -30.0000 7033.9688   14.3568
    0.0000  -45.0000  -30.0000 7294.2256   14.3621
    7.5000  -45.0000  -30.0000 6980.1602   14.3267
   -7.5000  -37.5000  -30.0000 7723.4917   14.1799
    0.0000  -37.5000  -30.0000 8034.3623   14.1907
    7.5000  -37.5000  -30.0000 7670.6245   14.1589
   -7.5000  -30.0000  -30.0000 8752.8232   14.1046
    0.0000  -30.0000  -30.0000 9127.7305   14.1142
    7.5000  -30.0000  -30.0000 8702.5557   14.0821
   -7.5000  -22.5000  -30.0000 9818.0645   14.0708
    0.0000  -22.5000  -30.000010240.0293   14.0739
    7.5000  -22.5000  -30.0000 9742.4102   14.0388
   -7.5000  -15.0000  -30.000010819.7803   14.0621
    0.0000  -15.0000  -30.000011294.7529   14.0608
    7.5000  -15.0000  -30.000010708.9951   14.0236
   -7.5000   -7.5000  -30.000011771.9199   14.0884
    0.0000   -7.5000  -30.000012297.9404   14.0884
    7.5000   -7.5000  -30.000011612.8760   14.0521
   -7.5000    0.0000  -30.000012520.9336   14.1229
    0.0000    0.0000  -30.000013104.9551   14.1284
    7.5000    0.0000  -30.000012376.0732   14.0948
   -7.5000    7.5000  -30.000012313.3984   14.1304
    0.0000    7.5000  -30.000012958.1836   14.1411
    7.5000    7.5000  -30.000012187.1621   14.1095
   -7.5000   15.0000  -30.000011997.7334   14.1046
    0.0000   15.0000  -30.000012642.6562   14.1141
    7.5000   15.0000  -30.000011880.4717   14.0820
   -7.5000   22.5000  -30.000011640.1416   14.0674
    0.0000   22.5000  -30.000012244.2461   14.0705
    7.5000   22.5000  -30.000011513.5771   14.0355
   -7.5000   30.0000  -30.000011288.9258   13.8760
    0.0000   30.0000  -30.000011869.0508   13.8747
    7.5000   30.0000  -30.000011151.7217   13.8381
   -7.5000   37.5000  -30.000011144.6152   13.9020
    0.0000   37.5000  -30.000011751.4922   13.9020
    7.5000   37.5000  -30.000011025.3174   13.8662
   -7.5000   45.0000  -30.000010544.0654   13.5908
    0.0000   45.0000  -30.000011113.1143   13.5962
    7.5000   45.0000  -30.000010408.1465   13.5638
   -7.5000  -45.0000  -22.5000 7590.4312   14.8550
    0.0000  -45.0000  -22.5000 7892.6733   14.8533
    7.5000  -45.0000  -22.5000 7533.8564   14.8158
   -7.5000  -37.5000  -22.5000 8343.4717   14.6680
    0.0000  -37.5000  -22.5000 8705.1035   14.6699
    7.5000  -37.5000  -22.5000 8284.2715   14.6354
   -7.5000  -30.0000  -22.5000 9488.5498   14.5971
    0.0000  -30.0000  -22.5000 9921.2207   14.5977
    7.5000  -30.0000  -22.5000 9428.6904   14.5624
   -7.5000  -22.5000  -22.500010622.3242   14.5730
    0.0000  -22.5000  -22.500011105.5264   14.5690
    7.5000  -22.5000  -22.500010537.0791   14.5300
   -7.5000  -15.0000  -22.500011693.7637   14.5676
    0.0000  -15.0000  -22.500012231.3467   14.5611
    7.5000  -15.0000  -22.500011563.2236   14.5197
   -7.5000   -7.5000  -22.500012684.7764   14.5878
    0.0000   -7.5000  -22.500013284.7959   14.5824
    7.5000   -7.5000  -22.500012539.9424   14.5431
   -7.5000    0.0000  -22.500013488.2471   14.6126
    0.0000    0.0000  -22.500014147.2520   14.6113
    7.5000    0.0000  -22.500013353.1484   14.5755
   -7.5000    7.5000  -22.500013279.0332   14.6167
    0.0000    7.5000  -22.500014010.6465   14.6186
    7.5000    7.5000  -22.500013154.3535   14.5845
   -7.5000   15.0000  -22.500012939.8545   14.5971
    0.0000   15.0000  -22.500013646.4385   14.5976
    7.5000   15.0000  -22.500012813.7256   14.5623
   -7.5000   22.5000  -22.500012531.6680   14.5685
    0.0000   22.5000  -22.500013196.3809   14.5645
    7.5000   22.5000  -22.500012374.1172   14.5255
   -7.5000   30.0000  -22.500012121.4541   14.3771
    0.0000   30.0000  -22.500012768.4424   14.3706
    7.5000   30.0000  -22.500011965.3887   14.3298
   -7.5000   37.5000  -22.500011903.7578   14.3970
    0.0000   37.5000  -22.500012578.9824   14.3916
    7.5000   37.5000  -22.500011787.7549   14.3529
   -7.5000   45.0000  -22.500011241.8682   14.0727
    0.0000   45.0000  -22.500011880.6670   14.0714
    7.5000   45.0000  -22.500011119.4326   14.0369
   -7.5000  -45.0000  -15.0000 8140.3818   15.1973
    0.0000  -45.0000  -15.0000 8490.8574   15.1962
    7.5000  -45.0000  -15.0000 8074.6777   15.1637
   -7.5000  -37.5000  -15.0000 8950.0742   15.0004
    0.0000  -37.5000  -15.0000 9368.7627   14.9994
    7.5000  -37.5000  -15.0000 8900.0137   14.9668
   -7.5000  -30.0000  -15.000010167.0596   14.9330
    0.0000  -30.0000  -15.000010670.2715   14.9307
    7.5000  -30.0000  -15.000010126.0898   14.8954
   -7.5000  -22.5000  -15.000011356.0303   14.9200
    0.0000  -22.5000  -15.000011923.2832   14.9175
    7.5000  -22.5000  -15.000011312.0566   14.8792
   -7.5000  -15.0000  -15.000012498.5098   14.9212
    0.0000  -15.0000  -15.000013130.7285   14.9195
    7.5000  -15.0000  -15.000012415.3232   14.8812
   -7.5000   -7.5000  -15.000013558.3359   14.9360
    0.0000   -7.5000  -15.000014259.2617   14.9345
    7.5000   -7.5000  -15.000013466.6162   14.9001
   -7.5000    0.0000  -15.000014422.6963   14.9498
    0.0000    0.0000  -15.000015175.3457   14.9489
    7.5000    0.0000  -15.000014322.0332   14.9177
   -7.5000    7.5000  -15.000014180.4385   14.9479
    0.0000    7.5000  -15.000014973.5557   14.9470
    7.5000    7.5000  -15.000014106.8994   14.9148
   -7.5000   15.0000  -15.000013818.0635   14.9329
    0.0000   15.0000  -15.000014579.6611   14.9307
    7.5000   15.0000  -15.000013741.2070   14.8953
   -7.5000   22.5000  -15.000013377.8545   14.9148
    0.0000   22.5000  -15.000014133.2998   14.9123
    7.5000   22.5000  -15.000013285.7441   14.8740
   -7.5000   30.0000  -15.000012965.8965   14.7281
    0.0000   30.0000  -15.000013675.6396   14.7264
    7.5000   30.0000  -15.000012842.1387   14.6886
   -7.5000   37.5000  -15.000012710.4395   14.7427
    0.0000   37.5000  -15.000013426.8232   14.7412
    7.5000   37.5000  -15.000012603.8516   14.7073
   -7.5000   45.0000  -15.000011950.5889   14.4061
    0.0000   45.0000  -15.000012623.3369   14.4052
    7.5000   45.0000  -15.000011846.2559   14.3752
   -7.5000  -45.0000   -7.5000 8708.1055   15.3546
    0.0000  -45.0000   -7.5000 9116.9512   15.3621
    7.5000  -45.0000   -7.5000 8670.6748   15.3357
   -7.5000  -37.5000   -7.5000 9559.5859   15.1556
    0.0000  -37.5000   -7.500010023.9502   15.1622
    7.5000  -37.5000   -7.5000 9534.4473   15.1334
   -7.5000  -30.0000   -7.500010846.2197   15.0858
    0.0000  -30.0000   -7.500011397.6553   15.0913
    7.5000  -30.0000   -7.500010816.7939   15.0583
   -7.5000  -22.5000   -7.500012104.8154   15.0728
    0.0000  -22.5000   -7.500012736.4346   15.0796
    7.5000  -22.5000   -7.500012090.1152   15.0444
   -7.5000  -15.0000   -7.500013327.0586   15.0754
    0.0000  -15.0000   -7.500014026.5273   15.0842
    7.5000  -15.0000   -7.500013294.2441   15.0511
   -7.5000   -7.5000   -7.500014512.8252   15.0913
    0.0000   -7.5000   -7.500015287.5498   15.0994
    7.5000   -7.5000   -7.500014479.2588   15.0715
   -7.5000    0.0000   -7.500015418.7900   15.1054
    0.0000    0.0000   -7.500016284.5107   15.1128
    7.5000    0.0000   -7.500015415.3887   15.0875
   -7.5000    7.5000   -7.500015088.4844   15.1026
    0.0000    7.5000   -7.500015915.2500   15.1093
    7.5000    7.5000   -7.500015124.7061   15.0809
   -7.5000   15.0000   -7.500014659.7441   15.0858
    0.0000   15.0000   -7.500015459.9268   15.0912
    7.5000   15.0000   -7.500014711.5420   15.0582
   -7.5000   22.5000   -7.500014235.1094   15.0658
    0.0000   22.5000   -7.500015050.7520   15.0726
    7.5000   22.5000   -7.500014274.8203   15.0374
   -7.5000   30.0000   -7.500013820.8848   14.8799
    0.0000   30.0000   -7.500014600.7832   14.8886
    7.5000   30.0000   -7.500013807.0977   14.8559
   -7.5000   37.5000   -7.500013536.4863   14.8956
    0.0000   37.5000   -7.500014310.4736   14.9036
    7.5000   37.5000   -7.500013506.8516   14.8760
   -7.5000   45.0000   -7.500012690.6338   14.5588
    0.0000   45.0000   -7.500013421.9170   14.5659
    7.5000   45.0000   -7.500012643.3623   14.5415
   -7.5000  -45.0000    0.0000 9231.3066   15.3789
    0.0000  -45.0000    0.0000 9680.7227   15.3947
    7.5000  -45.0000    0.0000 9206.3652   15.3692
   -7.5000  -37.5000    0.000010149.7510   15.1846
    0.0000  -37.5000    0.000010663.3174   15.2011
    7.5000  -37.5000    0.000010140.9775   15.1736
   -7.5000  -30.0000    0.000011495.1240   15.1085
    0.0000  -30.0000    0.000012086.3496   15.1237
    7.5000  -30.0000    0.000011502.2334   15.0920
   -7.5000  -22.5000    0.000012791.2197   15.0845
    0.0000  -22.5000    0.000013453.6025   15.0990
    7.5000  -22.5000    0.000012809.0732   15.0656
   -7.5000  -15.0000    0.000014055.0410   15.0827
    0.0000  -15.0000    0.000014765.1338   15.0977
    7.5000  -15.0000    0.000014067.0615   15.0666
   -7.5000   -7.5000    0.000015395.9648   15.1049
    0.0000   -7.5000    0.000016174.7090   15.1195
    7.5000   -7.5000    0.000015356.2920   15.0931
   -7.5000    0.0000    0.000016475.5586   15.1298
    0.0000    0.0000    0.000017406.7441   15.1453
    7.5000    0.0000    0.000016486.8281   15.1210
   -7.5000    7.5000    0.000016042.7969   15.1316
    0.0000    7.5000    0.000016850.2051   15.1481
    7.5000    7.5000    0.000016147.5332   15.1209
   -7.5000   15.0000    0.000015504.1406   15.1085
    0.0000   15.0000    0.000016252.1182   15.1237
    7.5000   15.0000    0.000015658.6816   15.0920
   -7.5000   22.5000    0.000015045.1689   15.0775
    0.0000   22.5000    0.000015817.0547   15.0921
    7.5000   22.5000    0.000015182.7979   15.0586
   -7.5000   30.0000    0.000014618.2344   14.8875
    0.0000   30.0000    0.000015404.4561   14.9023
    7.5000   30.0000    0.000014702.1875   14.8716
   -7.5000   37.5000    0.000014332.4785   14.9094
    0.0000   37.5000    0.000015145.9160   14.9238
    7.5000   37.5000    0.000014362.7637   14.8977
   -7.5000   45.0000    0.000013420.5117   14.5834
    0.0000   45.0000    0.000014200.6377   14.5984
    7.5000   45.0000    0.000013384.4971   14.5749
   -7.5000  -45.0000    7.5000 9021.4893   15.3952
    0.0000  -45.0000    7.5000 9470.4697   15.4098
    7.5000  -45.0000    7.5000 9017.7539   15.3788
   -7.5000  -37.5000    7.5000 9923.7871   15.2050
    0.0000  -37.5000    7.500010433.8975   15.2235
    7.5000  -37.5000    7.5000 9936.6689   15.1934
   -7.5000  -30.0000    7.500011250.0889   15.1231
    0.0000  -30.0000    7.500011799.5654   15.1403
    7.5000  -30.0000    7.500011274.3359   15.1081
   -7.5000  -22.5000    7.500012510.1309   15.0879
    0.0000  -22.5000    7.500013115.5342   15.1004
    7.5000  -22.5000    7.500012543.9189   15.0662
   -7.5000  -15.0000    7.500013708.6523   15.0807
    0.0000  -15.0000    7.500014331.8008   15.0906
    7.5000  -15.0000    7.500013742.5811   15.0569
   -7.5000   -7.5000    7.500014993.3750   15.1094
    0.0000   -7.5000    7.500015789.7451   15.1199
    7.5000   -7.5000    7.500014996.7939   15.0886
   -7.5000    0.0000    7.500016271.2656   15.1454
    0.0000    0.0000    7.500017294.0820   15.1599
    7.5000    0.0000    7.500016328.7656   15.1304
   -7.5000    7.5000    7.500016041.7148   15.1519
    0.0000    7.5000    7.500016817.9395   15.1703
    7.5000    7.5000    7.500016169.8428   15.1405
   -7.5000   15.0000    7.500015481.3760   15.1230
    0.0000   15.0000    7.500016113.0010   15.1402
    7.5000   15.0000    7.500015623.0898   15.1080
   -7.5000   22.5000    7.500015004.6426   15.0809
    0.0000   22.5000    7.500015659.8359   15.0935
    7.5000   22.5000    7.500015091.4160   15.0593
   -7.5000   30.0000    7.500014570.1631   14.8856
    0.0000   30.0000    7.500015260.5732   14.8953
    7.5000   30.0000    7.500014544.2549   14.8620
   -7.5000   37.5000    7.500014272.1221   14.9138
    0.0000   37.5000    7.500014962.3857   14.9242
    7.5000   37.5000    7.500014134.5244   14.8933
   -7.5000   45.0000    7.500013262.4678   14.5984
    0.0000   45.0000    7.500013922.0908   14.6124
    7.5000   45.0000    7.500013081.1406   14.5840
   -7.5000  -45.0000   15.0000 8684.6445   15.4168
    0.0000  -45.0000   15.0000 9126.9785   15.4225
    7.5000  -45.0000   15.0000 8699.0996   15.3845
   -7.5000  -37.5000   15.0000 9591.6768   15.2269
    0.0000  -37.5000   15.000010072.9268   15.2384
    7.5000  -37.5000   15.0000 9625.6670   15.2043
   -7.5000  -30.0000   15.000010877.6367   15.1460
    0.0000  -30.0000   15.000011418.7021   15.1563
    7.5000  -30.0000   15.000010923.1367   15.1218
   -7.5000  -22.5000   15.000012085.3799   15.1097
    0.0000  -22.5000   15.000012654.9932   15.1130
    7.5000  -22.5000   15.000012143.4355   15.0754
   -7.5000  -15.0000   15.000013207.9326   15.1003
    0.0000  -15.0000   15.000013793.1914   15.0989
    7.5000  -15.0000   15.000013276.2227   15.0591
   -7.5000   -7.5000   15.000014388.7109   15.1286
    0.0000   -7.5000   15.000015171.8350   15.1286
    7.5000   -7.5000   15.000014517.0830   15.0897
   -7.5000    0.0000   15.000015615.8604   15.1657
    0.0000    0.0000   15.000016425.8457   15.1716
    7.5000    0.0000   15.000015623.7490   15.1355
   -7.5000    7.5000   15.000015575.5205   15.1737
    0.0000    7.5000   15.000016168.0957   15.1852
    7.5000    7.5000   15.000015376.4512   15.1513
   -7.5000   15.0000   15.000015248.1650   15.1460
    0.0000   15.0000   15.000015812.6826   15.1563
    7.5000   15.0000   15.000014965.3281   15.1218
   -7.5000   22.5000   15.000014811.7627   15.1028
    0.0000   22.5000   15.000015462.2852   15.1060
    7.5000   22.5000   15.000014516.8535   15.0684
   -7.5000   30.0000   15.000014232.1455   14.9049
    0.0000   30.0000   15.000014855.5957   14.9035
    7.5000   30.0000   15.000013945.4736   14.8642
   -7.5000   37.5000   15.000013776.1924   14.9328
    0.0000   37.5000   15.000014348.3506   14.9328
    7.5000   37.5000   15.000013504.3799   14.8944
   -7.5000   45.0000   15.000012682.0811   14.6180
    0.0000   45.0000   15.000013245.1426   14.6237
    7.5000   45.0000   15.000012475.7627   14.5889
   -7.5000  -45.0000   22.5000 8282.2119   15.4208
    0.0000  -45.0000   22.5000 8704.5488   15.4190
    7.5000  -45.0000   22.5000 8311.5029   15.3801
   -7.5000  -37.5000   22.5000 9139.2949   15.2267
    0.0000  -37.5000   22.5000 9591.0508   15.2286
    7.5000  -37.5000   22.5000 9170.9111   15.1928
   -7.5000  -30.0000   22.500010337.9180   15.1531
    0.0000  -30.0000   22.500010838.8018   15.1536
    7.5000  -30.0000   22.500010377.9590   15.1170
   -7.5000  -22.5000   22.500011481.8564   15.1280
    0.0000  -22.5000   22.500012018.6455   15.1239
    7.5000  -22.5000   22.500011513.6250   15.0834
   -7.5000  -15.0000   22.500012558.4297   15.1224
    0.0000  -15.0000   22.500013161.2939   15.1156
    7.5000  -15.0000   22.500012580.7783   15.0727
   -7.5000   -7.5000   22.500013728.3408   15.1433
    0.0000   -7.5000   22.500014389.2588   15.1378
    7.5000   -7.5000   22.500013714.8682   15.0970
   -7.5000    0.0000   22.500014762.8711   15.1692
    0.0000    0.0000   22.500015319.0703   15.1677
    7.5000    0.0000   22.500014567.5293   15.1306
   -7.5000    7.5000   22.500014598.5967   15.1734
    0.0000    7.5000   22.500015072.2266   15.1754
    7.5000    7.5000   22.500014278.2861   15.1399
   -7.5000   15.0000   22.500014296.0488   15.1530
    0.0000   15.0000   22.500014796.4307   15.1536
    7.5000   15.0000   22.500013990.9941   15.1170
   -7.5000   22.5000   22.500013920.1787   15.1210
    0.0000   22.5000   22.500014510.5205   15.1169
    7.5000   22.5000   22.500013665.1943   15.0764
   -7.5000   30.0000   22.500013384.6709   14.9267
    0.0000   30.0000   22.500013965.8682   14.9200
    7.5000   30.0000   22.500013189.6855   14.8777
   -7.5000   37.5000   22.500012982.6582   14.9474
    0.0000   37.5000   22.500013563.5020   14.9418
    7.5000   37.5000   22.500012828.1807   14.9016
   -7.5000   45.0000   22.500011948.3984   14.6213
    0.0000   45.0000   22.500012495.3604   14.6200
    7.5000   45.0000   22.500011815.4688   14.5842
   -7.5000  -45.0000   30.0000 7732.4849   15.4205
    0.0000  -45.0000   30.0000 8109.5981   15.4192
    7.5000  -45.0000   30.0000 7746.0396   15.3860
   -7.5000  -37.5000   30.0000 8523.6514   15.2205
    0.0000  -37.5000   30.0000 8927.1318   15.2194
    7.5000  -37.5000   30.0000 8502.9414   15.1861
   -7.5000  -30.0000   30.0000 9659.9336   15.1521
    0.0000  -30.0000   30.000010123.9512   15.1497
    7.5000  -30.0000   30.0000 9628.6055   15.1136
   -7.5000  -22.5000   30.000010757.3945   15.1390
    0.0000  -22.5000   30.000011284.1230   15.1363
    7.5000  -22.5000   30.000010708.9922   15.0972
   -7.5000  -15.0000   30.000011792.6904   15.1402
    0.0000  -15.0000   30.000012372.5010   15.1382
    7.5000  -15.0000   30.000011746.2529   15.0992
   -7.5000   -7.5000   30.000012831.9980   15.1551
    0.0000   -7.5000   30.000013402.3779   15.1534
    7.5000   -7.5000   30.000012749.2383   15.1184
   -7.5000    0.0000   30.000013675.7451   15.1691
    0.0000    0.0000   30.000014146.2217   15.1680
    7.5000    0.0000   30.000013489.3125   15.1362
   -7.5000    7.5000   30.000013405.9863   15.1672
    0.0000    7.5000   30.000013865.0703   15.1662
    7.5000    7.5000   30.000013219.7520   15.1332
   -7.5000   15.0000   30.000013122.1611   15.1520
    0.0000   15.0000   30.000013598.0303   15.1496
    7.5000   15.0000   30.000012983.7891   15.1135
   -7.5000   22.5000   30.000012775.1807   15.1320
    0.0000   22.5000   30.000013262.0820   15.1293
    7.5000   22.5000   30.000012667.8770   15.0903
   -7.5000   30.0000   30.000012325.3203   14.9442
    0.0000   30.0000   30.000012790.1631   14.9423
    7.5000   30.0000   30.000012238.3203   14.9038
   -7.5000   37.5000   30.000012026.8594   14.9590
    0.0000   37.5000   30.000012516.0146   14.9573
    7.5000   37.5000   30.000011948.8887   14.9227
   -7.5000   45.0000   30.000011098.2061   14.6213
    0.0000   45.0000   30.000011580.7158   14.6202
    7.5000   45.0000   30.000011013.3721   14.5895
   -7.5000  -45.0000   37.5000 7438.8521   15.5875
    0.0000  -45.0000   37.5000 7790.6514   15.5949
    7.5000  -45.0000   37.5000 7451.3257   15.5681
   -7.5000  -37.5000   37.5000 8209.7998   15.3829
    0.0000  -37.5000   37.5000 8595.5723   15.3894
    7.5000  -37.5000   37.5000 8200.4355   15.3602
   -7.5000  -30.0000   37.5000 9307.7637   15.3108
    0.0000  -30.0000   37.5000 9762.0205   15.3163
    7.5000  -30.0000   37.5000 9296.8789   15.2828
   -7.5000  -22.5000   37.500010366.8340   15.2970
    0.0000  -22.5000   37.500010884.9277   15.3041
    7.5000  -22.5000   37.500010370.7734   15.2683
   -7.5000  -15.0000   37.500011343.7744   15.2997
    0.0000  -15.0000   37.500011898.9414   15.3087
    7.5000  -15.0000   37.500011369.5850   15.2751
   -7.5000   -7.5000   37.500012290.2080   15.3163
    0.0000   -7.5000   37.500012830.4766   15.3245
    7.5000   -7.5000   37.500012267.6006   15.2962
   -7.5000    0.0000   37.500013053.4121   15.3313
    0.0000    0.0000   37.500013568.8867   15.3386
    7.5000    0.0000   37.500012982.8184   15.3129
   -7.5000    7.5000   37.500012814.4365   15.3284
    0.0000    7.5000   37.500013315.4746   15.3350
    7.5000    7.5000   37.500012747.9834   15.3062
   -7.5000   15.0000   37.500012547.2158   15.3107
    0.0000   15.0000   37.500013033.1230   15.3162
    7.5000   15.0000   37.500012479.3232   15.2827
   -7.5000   22.5000   37.500012213.8477   15.2899
    0.0000   22.5000   37.500012695.9941   15.2970
    7.5000   22.5000   37.500012162.0381   15.2613
   -7.5000   30.0000   37.500011830.8447   15.1017
    0.0000   30.0000   37.500012300.0303   15.1106
    7.5000   30.0000   37.500011764.1484   15.0774
   -7.5000   37.5000   37.500011608.8115   15.1181
    0.0000   37.5000   37.500012073.5303   15.1262
    7.5000   37.5000   37.500011526.0537   15.0983
   -7.5000   45.0000   37.500010712.4980   14.7776
    0.0000   45.0000   37.500011147.4082   14.7846
    7.5000   45.0000   37.500010642.1084   14.7598
   -7.5000  -45.0000   45.0000 6815.0566   15.7696
    0.0000  -45.0000   45.0000 7115.6011   15.7873
    7.5000  -45.0000   45.0000 6861.0747   15.7622
   -7.5000  -37.5000   45.0000 7514.5308   15.5631
    0.0000  -37.5000   45.0000 7866.3003   15.5813
    7.5000  -37.5000   45.0000 7564.5088   15.5539
   -7.5000  -30.0000   45.0000 8507.4648   15.4818
    0.0000  -30.0000   45.0000 8936.3896   15.4985
    7.5000  -30.0000   45.0000 8575.1523   15.4668
   -7.5000  -22.5000   45.0000 9480.6650   15.4568
    0.0000  -22.5000   45.0000 9962.8164   15.4729
    7.5000  -22.5000   45.0000 9546.4229   15.4392
   -7.5000  -15.0000   45.000010375.0127   15.4559
    0.0000  -15.0000   45.000010887.4521   15.4726
    7.5000  -15.0000   45.000010429.6416   15.4415
   -7.5000   -7.5000   45.000011228.1533   15.4800
    0.0000   -7.5000   45.000011737.9277   15.4964
    7.5000   -7.5000   45.000011223.5840   15.4703
   -7.5000    0.0000   45.000011910.5098   15.5062
    0.0000    0.0000   45.000012442.8770   15.5235
    7.5000    0.0000   45.000011892.6670   15.4995
   -7.5000    7.5000   45.000011692.5156   15.5070
    0.0000    7.5000   45.000012212.4199   15.5252
    7.5000    7.5000   45.000011683.1221   15.4982
   -7.5000   15.0000   45.000011440.8545   15.4817
    0.0000   15.0000   45.000011925.7803   15.4984
    7.5000   15.0000   45.000011409.6377   15.4667
   -7.5000   22.5000   45.000011139.9219   15.4496
    0.0000   22.5000   45.000011608.4414   15.4657
    7.5000   22.5000   45.000011112.5264   15.4321
   -7.5000   30.0000   45.000010792.3232   15.2545
    0.0000   30.0000   45.000011255.7031   15.2710
    7.5000   30.0000   45.000010757.5684   15.2403
   -7.5000   37.5000   45.000010635.1270   15.2783
    0.0000   37.5000   45.000011106.3008   15.2945
    7.5000   37.5000   45.000010588.3770   15.2687
   -7.5000   45.0000   45.0000 9825.4111   14.9529
    0.0000   45.0000   45.000010232.1621   14.9696
    7.5000   45.0000   45.0000 9749.3477   14.9465

---------------------------------------------------------------------
imgreg_4dfp /opt/freesurfer/average/711-2C_as_mni_average_305 /opt/freesurfer/average/711-2B_as_mni_average_305_mask talsrcimg_g11 none talsrcimg_to_711-2C_as_mni_average_305_t4 4355
---------------------------------------------------------------------

freesurfer imgreg_4dfp.c
/opt/freesurfer/average/711-2C_as_mni_average_305.4dfp.img
       256       256       256         1
  1.000000  1.000000  1.000000
orientation T byte_order littleendian
Reading image: /opt/freesurfer/average/711-2C_as_mni_average_305.4dfp.img
dimensions:      256       256       256
mmppix:       1.0000   -1.0000   -1.0000
center:     128.0000 -129.0000 -129.0000
/opt/freesurfer/average/711-2B_as_mni_average_305_mask.4dfp.img
       256       256       256         1
  1.000000  1.000000  1.000000
orientation T byte_order littleendian
Reading mask: /opt/freesurfer/average/711-2B_as_mni_average_305_mask.4dfp.img (2306576 pixels)
talsrcimg_g11.4dfp.img
       256       256       256         1
  1.000000  1.000000  1.000000
orientation T byte_order littleendian
Reading image: talsrcimg_g11.4dfp.img
dimensions:      256       256       256
mmppix:       1.0000   -1.0000   -1.0000
center:     128.0000 -129.0000 -129.0000
rotation matrix determinant  1.000000
image alignment mode   4355 decimal     1103 hex
   -7.5000  -45.0000  -45.0000 1734.4948   22.2168
    0.0000  -45.0000  -45.0000 1734.9417   22.1063
    7.5000  -45.0000  -45.0000 1725.7876   22.2512
   -7.5000  -37.5000  -45.0000 1865.0491   19.5064
    0.0000  -37.5000  -45.0000 1865.7034   19.4432
    7.5000  -37.5000  -45.0000 1851.6526   19.5510
   -7.5000  -30.0000  -45.0000 1990.6550   17.3612
    0.0000  -30.0000  -45.0000 1992.1586   17.3525
    7.5000  -30.0000  -45.0000 1974.7772   17.4000
   -7.5000  -22.5000  -45.0000 2092.1172   15.6965
    0.0000  -22.5000  -45.0000 2096.0061   15.7108
    7.5000  -22.5000  -45.0000 2080.8616   15.7091
   -7.5000  -15.0000  -45.0000 2183.7822   14.4732
    0.0000  -15.0000  -45.0000 2189.3335   14.5157
    7.5000  -15.0000  -45.0000 2175.1294   14.4974
   -7.5000   -7.5000  -45.0000 2246.7678   13.6054
    0.0000   -7.5000  -45.0000 2250.0862   13.6574
    7.5000   -7.5000  -45.0000 2235.7212   13.6427
   -7.5000    0.0000  -45.0000 2272.9219   13.0624
    0.0000    0.0000  -45.0000 2282.8809   13.0937
    7.5000    0.0000  -45.0000 2262.6514   13.0943
   -7.5000    7.5000  -45.0000 2285.1733   12.7767
    0.0000    7.5000  -45.0000 2297.7351   12.8198
    7.5000    7.5000  -45.0000 2273.1477   12.8626
   -7.5000   15.0000  -45.0000 2284.8174   12.7660
    0.0000   15.0000  -45.0000 2299.4229   12.8085
    7.5000   15.0000  -45.0000 2271.9929   12.8553
   -7.5000   22.5000  -45.0000 2272.9316   13.0129
    0.0000   22.5000  -45.0000 2283.8552   13.0140
    7.5000   22.5000  -45.0000 2255.0574   13.1127
   -7.5000   30.0000  -45.0000 2237.9224   13.5112
    0.0000   30.0000  -45.0000 2249.0249   13.5065
    7.5000   30.0000  -45.0000 2221.9155   13.6144
   -7.5000   37.5000  -45.0000 2187.3066   14.2844
    0.0000   37.5000  -45.0000 2198.0598   14.2740
    7.5000   37.5000  -45.0000 2170.1006   14.4152
   -7.5000   45.0000  -45.0000 2114.2717   15.3977
    0.0000   45.0000  -45.0000 2124.8435   15.3541
    7.5000   45.0000  -45.0000 2098.6130   15.5615
   -7.5000  -45.0000  -37.5000 1799.2823   20.6153
    0.0000  -45.0000  -37.5000 1804.1785   20.5634
    7.5000  -45.0000  -37.5000 1796.6022   20.6294
   -7.5000  -37.5000  -37.5000 1937.2155   18.1049
    0.0000  -37.5000  -37.5000 1943.6697   18.1137
    7.5000  -37.5000  -37.5000 1931.4945   18.1172
   -7.5000  -30.0000  -37.5000 2068.7607   16.1069
    0.0000  -30.0000  -37.5000 2077.0361   16.1371
    7.5000  -30.0000  -37.5000 2060.9297   16.1023
   -7.5000  -22.5000  -37.5000 2181.8091   14.5125
    0.0000  -22.5000  -37.5000 2192.6348   14.5896
    7.5000  -22.5000  -37.5000 2174.5081   14.5109
   -7.5000  -15.0000  -37.5000 2278.9658   13.3367
    0.0000  -15.0000  -37.5000 2288.0496   13.4059
    7.5000  -15.0000  -37.5000 2268.8525   13.3637
   -7.5000   -7.5000  -37.5000 2344.5706   12.5357
    0.0000   -7.5000  -37.5000 2353.3982   12.6194
    7.5000   -7.5000  -37.5000 2329.0852   12.6015
   -7.5000    0.0000  -37.5000 2373.3264   12.0507
    0.0000    0.0000  -37.5000 2387.2593   12.1300
    7.5000    0.0000  -37.5000 2360.8335   12.0970
   -7.5000    7.5000  -37.5000 2386.2588   11.8074
    0.0000    7.5000  -37.5000 2404.9500   11.8760
    7.5000    7.5000  -37.5000 2377.1550   11.8815
   -7.5000   15.0000  -37.5000 2385.8440   11.7702
    0.0000   15.0000  -37.5000 2404.8435   11.8286
    7.5000   15.0000  -37.5000 2375.5994   11.8578
   -7.5000   22.5000  -37.5000 2372.9075   11.9357
    0.0000   22.5000  -37.5000 2390.9744   11.9875
    7.5000   22.5000  -37.5000 2362.7710   12.0342
   -7.5000   30.0000  -37.5000 2344.0579   12.3861
    0.0000   30.0000  -37.5000 2363.9106   12.4053
    7.5000   30.0000  -37.5000 2334.5605   12.4767
   -7.5000   37.5000  -37.5000 2292.6616   13.1185
    0.0000   37.5000  -37.5000 2307.7083   13.1312
    7.5000   37.5000  -37.5000 2281.0398   13.2306
   -7.5000   45.0000  -37.5000 2210.9041   14.1758
    0.0000   45.0000  -37.5000 2224.8628   14.1588
    7.5000   45.0000  -37.5000 2196.5613   14.3057
   -7.5000  -45.0000  -30.0000 1892.4890   19.9043
    0.0000  -45.0000  -30.0000 1898.2759   19.8925
    7.5000  -45.0000  -30.0000 1895.5983   19.9273
   -7.5000  -37.5000  -30.0000 2040.1525   17.4400
    0.0000  -37.5000  -30.0000 2045.7400   17.5095
    7.5000  -37.5000  -30.0000 2035.6007   17.4478
   -7.5000  -30.0000  -30.0000 2177.9473   15.5010
    0.0000  -30.0000  -30.0000 2186.7432   15.5541
    7.5000  -30.0000  -30.0000 2173.6809   15.4935
   -7.5000  -22.5000  -30.0000 2303.9434   13.9832
    0.0000  -22.5000  -30.0000 2314.7529   14.0423
    7.5000  -22.5000  -30.0000 2297.7935   13.9825
   -7.5000  -15.0000  -30.0000 2403.2485   12.7930
    0.0000  -15.0000  -30.0000 2415.3992   12.8533
    7.5000  -15.0000  -30.0000 2391.5876   12.8077
   -7.5000   -7.5000  -30.0000 2480.2002   11.9953
    0.0000   -7.5000  -30.0000 2493.8650   12.0427
    7.5000   -7.5000  -30.0000 2465.3362   12.0365
   -7.5000    0.0000  -30.0000 2518.5149   11.5318
    0.0000    0.0000  -30.0000 2531.7117   11.6023
    7.5000    0.0000  -30.0000 2506.4131   11.5883
   -7.5000    7.5000  -30.0000 2542.7864   11.2725
    0.0000    7.5000  -30.0000 2560.2065   11.3470
    7.5000    7.5000  -30.0000 2531.1663   11.3632
   -7.5000   15.0000  -30.0000 2546.3384   11.2281
    0.0000   15.0000  -30.0000 2562.5103   11.2896
    7.5000   15.0000  -30.0000 2534.4402   11.3214
   -7.5000   22.5000  -30.0000 2527.6353   11.4042
    0.0000   22.5000  -30.0000 2542.5891   11.4379
    7.5000   22.5000  -30.0000 2519.0107   11.4705
   -7.5000   30.0000  -30.0000 2491.8467   11.8349
    0.0000   30.0000  -30.0000 2510.4526   11.8475
    7.5000   30.0000  -30.0000 2481.5820   11.8946
   -7.5000   37.5000  -30.0000 2432.2976   12.5612
    0.0000   37.5000  -30.0000 2455.2034   12.5844
    7.5000   37.5000  -30.0000 2424.8853   12.6325
   -7.5000   45.0000  -30.0000 2345.2261   13.5760
    0.0000   45.0000  -30.0000 2367.3611   13.6114
    7.5000   45.0000  -30.0000 2334.2349   13.6836
   -7.5000  -45.0000  -22.5000 1957.5024   19.1069
    0.0000  -45.0000  -22.5000 1965.5509   19.1443
    7.5000  -45.0000  -22.5000 1959.7985   19.1891
   -7.5000  -37.5000  -22.5000 2115.1047   16.6957
    0.0000  -37.5000  -22.5000 2123.6560   16.7391
    7.5000  -37.5000  -22.5000 2109.4409   16.7540
   -7.5000  -30.0000  -22.5000 2264.7659   14.7892
    0.0000  -30.0000  -22.5000 2278.0552   14.8319
    7.5000  -30.0000  -22.5000 2257.7517   14.8229
   -7.5000  -22.5000  -22.5000 2391.3279   13.3220
    0.0000  -22.5000  -22.5000 2405.6345   13.3553
    7.5000  -22.5000  -22.5000 2381.8333   13.3367
   -7.5000  -15.0000  -22.5000 2494.8855   12.1966
    0.0000  -15.0000  -22.5000 2511.8833   12.2444
    7.5000  -15.0000  -22.5000 2484.0823   12.2192
   -7.5000   -7.5000  -22.5000 2577.1477   11.4049
    0.0000   -7.5000  -22.5000 2594.2009   11.4417
    7.5000   -7.5000  -22.5000 2566.2930   11.4253
   -7.5000    0.0000  -22.5000 2625.3513   10.9253
    0.0000    0.0000  -22.5000 2642.0898   10.9696
    7.5000    0.0000  -22.5000 2618.6606   10.9720
   -7.5000    7.5000  -22.5000 2665.2480   10.6547
    0.0000    7.5000  -22.5000 2683.8955   10.7050
    7.5000    7.5000  -22.5000 2655.8301   10.7229
   -7.5000   15.0000  -22.5000 2677.6228   10.6095
    0.0000   15.0000  -22.5000 2694.9800   10.6565
    7.5000   15.0000  -22.5000 2666.2791   10.6647
   -7.5000   22.5000  -22.5000 2659.4790   10.7880
    0.0000   22.5000  -22.5000 2675.4438   10.8214
    7.5000   22.5000  -22.5000 2645.3323   10.8268
   -7.5000   30.0000  -22.5000 2617.3423   11.2346
    0.0000   30.0000  -22.5000 2640.0764   11.2606
    7.5000   30.0000  -22.5000 2608.8525   11.2791
   -7.5000   37.5000  -22.5000 2545.5815   11.9354
    0.0000   37.5000  -22.5000 2570.4639   11.9587
    7.5000   37.5000  -22.5000 2542.0413   11.9890
   -7.5000   45.0000  -22.5000 2451.7629   12.9042
    0.0000   45.0000  -22.5000 2476.0942   12.9146
    7.5000   45.0000  -22.5000 2446.4385   12.9859
   -7.5000  -45.0000  -15.0000 1999.6484   18.3417
    0.0000  -45.0000  -15.0000 2006.7188   18.3895
    7.5000  -45.0000  -15.0000 1995.5634   18.4394
   -7.5000  -37.5000  -15.0000 2160.6169   15.9445
    0.0000  -37.5000  -15.0000 2173.0850   15.9967
    7.5000  -37.5000  -15.0000 2153.1511   16.0316
   -7.5000  -30.0000  -15.0000 2311.8286   14.1112
    0.0000  -30.0000  -15.0000 2328.2559   14.1203
    7.5000  -30.0000  -15.0000 2305.8245   14.1664
   -7.5000  -22.5000  -15.0000 2435.5771   12.6850
    0.0000  -22.5000  -15.0000 2453.7764   12.7065
    7.5000  -22.5000  -15.0000 2433.7131   12.7507
   -7.5000  -15.0000  -15.0000 2544.3582   11.6029
    0.0000  -15.0000  -15.0000 2566.6240   11.6252
    7.5000  -15.0000  -15.0000 2539.6055   11.6651
   -7.5000   -7.5000  -15.0000 2639.2444   10.8162
    0.0000   -7.5000  -15.0000 2661.2585   10.8508
    7.5000   -7.5000  -15.0000 2634.3518   10.8839
   -7.5000    0.0000  -15.0000 2703.6069   10.3014
    0.0000    0.0000  -15.0000 2722.3740   10.3380
    7.5000    0.0000  -15.0000 2696.2676   10.3764
   -7.5000    7.5000  -15.0000 2752.1116   10.0036
    0.0000    7.5000  -15.0000 2774.0315   10.0597
    7.5000    7.5000  -15.0000 2742.9946   10.0899
   -7.5000   15.0000  -15.0000 2772.2280    9.9566
    0.0000   15.0000  -15.0000 2798.6145    9.9929
    7.5000   15.0000  -15.0000 2762.6921   10.0247
   -7.5000   22.5000  -15.0000 2755.5862   10.1611
    0.0000   22.5000  -15.0000 2782.5745   10.1832
    7.5000   22.5000  -15.0000 2748.5718   10.2269
   -7.5000   30.0000  -15.0000 2713.9077   10.6391
    0.0000   30.0000  -15.0000 2739.9021   10.6591
    7.5000   30.0000  -15.0000 2708.3721   10.7057
   -7.5000   37.5000  -15.0000 2640.4358   11.3581
    0.0000   37.5000  -15.0000 2662.2646   11.3345
    7.5000   37.5000  -15.0000 2636.6919   11.3943
   -7.5000   45.0000  -15.0000 2534.2756   12.2564
    0.0000   45.0000  -15.0000 2551.9668   12.2534
    7.5000   45.0000  -15.0000 2529.6226   12.3199
   -7.5000  -45.0000   -7.5000 2026.0350   17.6270
    0.0000  -45.0000   -7.5000 2038.0354   17.6766
    7.5000  -45.0000   -7.5000 2025.6876   17.8174
   -7.5000  -37.5000   -7.5000 2185.9478   15.3081
    0.0000  -37.5000   -7.5000 2201.8416   15.3355
    7.5000  -37.5000   -7.5000 2184.5066   15.4329
   -7.5000  -30.0000   -7.5000 2339.0789   13.5449
    0.0000  -30.0000   -7.5000 2354.7153   13.5487
    7.5000  -30.0000   -7.5000 2333.2454   13.6152
   -7.5000  -22.5000   -7.5000 2465.1194   12.1686
    0.0000  -22.5000   -7.5000 2482.5908   12.1710
    7.5000  -22.5000   -7.5000 2463.4431   12.2291
   -7.5000  -15.0000   -7.5000 2579.9714   11.1051
    0.0000  -15.0000   -7.5000 2600.1631   11.0982
    7.5000  -15.0000   -7.5000 2577.4153   11.1808
   -7.5000   -7.5000   -7.5000 2685.6042   10.3120
    0.0000   -7.5000   -7.5000 2710.4341   10.3204
    7.5000   -7.5000   -7.5000 2688.5586   10.4115
   -7.5000    0.0000   -7.5000 2761.6958    9.7575
    0.0000    0.0000   -7.5000 2791.3464    9.7761
    7.5000    0.0000   -7.5000 2761.6658    9.8815
   -7.5000    7.5000   -7.5000 2820.1880    9.4074
    0.0000    7.5000   -7.5000 2847.9321    9.4317
    7.5000    7.5000   -7.5000 2811.5037    9.5622
   -7.5000   15.0000   -7.5000 2849.8010    9.3636
    0.0000   15.0000   -7.5000 2873.9128    9.3478
    7.5000   15.0000   -7.5000 2841.9836    9.4890
   -7.5000   22.5000   -7.5000 2838.8335    9.5889
    0.0000   22.5000   -7.5000 2862.7095    9.5780
    7.5000   22.5000   -7.5000 2836.9751    9.6845
   -7.5000   30.0000   -7.5000 2789.8999   10.1013
    0.0000   30.0000   -7.5000 2814.2144   10.0591
    7.5000   30.0000   -7.5000 2791.5393   10.1589
   -7.5000   37.5000   -7.5000 2703.7788   10.7824
    0.0000   37.5000   -7.5000 2726.1089   10.7458
    7.5000   37.5000   -7.5000 2705.5898   10.8545
   -7.5000   45.0000   -7.5000 2589.3691   11.7223
    0.0000   45.0000   -7.5000 2609.7070   11.7000
    7.5000   45.0000   -7.5000 2585.3677   11.8126
   -7.5000  -45.0000    0.0000 2042.2417   17.2248
    0.0000  -45.0000    0.0000 2055.7273   17.2536
    7.5000  -45.0000    0.0000 2045.3624   17.4199
   -7.5000  -37.5000    0.0000 2204.6042   14.9776
    0.0000  -37.5000    0.0000 2224.2456   14.9684
    7.5000  -37.5000    0.0000 2206.4255   15.1511
   -7.5000  -30.0000    0.0000 2357.6545   13.2276
    0.0000  -30.0000    0.0000 2374.7930   13.1942
    7.5000  -30.0000    0.0000 2358.1982   13.3512
   -7.5000  -22.5000    0.0000 2480.7314   11.8565
    0.0000  -22.5000    0.0000 2500.5967   11.7859
    7.5000  -22.5000    0.0000 2484.6484   11.9336
   -7.5000  -15.0000    0.0000 2593.9634   10.8129
    0.0000  -15.0000    0.0000 2612.5967   10.7254
    7.5000  -15.0000    0.0000 2599.8381   10.8786
   -7.5000   -7.5000    0.0000 2708.3298   10.0302
    0.0000   -7.5000    0.0000 2732.5461    9.9544
    7.5000   -7.5000    0.0000 2717.7346   10.1056
   -7.5000    0.0000    0.0000 2804.3032    9.4820
    0.0000    0.0000    0.0000 2837.9836    9.4347
    7.5000    0.0000    0.0000 2809.7207    9.5707
   -7.5000    7.5000    0.0000 2872.4075    9.0733
    0.0000    7.5000    0.0000 2904.2356    9.0037
    7.5000    7.5000    0.0000 2871.2090    9.2281
   -7.5000   15.0000    0.0000 2904.0513    8.9643
    0.0000   15.0000    0.0000 2927.3284    8.8762
    7.5000   15.0000    0.0000 2900.7188    9.1306
   -7.5000   22.5000    0.0000 2892.6069    9.1960
    0.0000   22.5000    0.0000 2913.8992    9.1204
    7.5000   22.5000    0.0000 2895.0176    9.3409
   -7.5000   30.0000    0.0000 2838.6523    9.7273
    0.0000   30.0000    0.0000 2862.0525    9.6190
    7.5000   30.0000    0.0000 2846.1824    9.8177
   -7.5000   37.5000    0.0000 2750.5857   10.4524
    0.0000   37.5000    0.0000 2776.0388   10.3589
    7.5000   37.5000    0.0000 2752.6399   10.5288
   -7.5000   45.0000    0.0000 2630.7817   11.4030
    0.0000   45.0000    0.0000 2650.4907   11.3526
    7.5000   45.0000    0.0000 2622.1980   11.5002
   -7.5000  -45.0000    7.5000 2052.1736   17.1204
    0.0000  -45.0000    7.5000 2068.3079   17.0252
    7.5000  -45.0000    7.5000 2061.0227   17.2882
   -7.5000  -37.5000    7.5000 2214.8342   14.8603
    0.0000  -37.5000    7.5000 2234.4177   14.7409
    7.5000  -37.5000    7.5000 2223.2043   15.0120
   -7.5000  -30.0000    7.5000 2364.1580   13.1108
    0.0000  -30.0000    7.5000 2377.9822   12.9737
    7.5000  -30.0000    7.5000 2372.1523   13.1968
   -7.5000  -22.5000    7.5000 2489.6946   11.7352
    0.0000  -22.5000    7.5000 2506.6372   11.5759
    7.5000  -22.5000    7.5000 2496.1567   11.7691
   -7.5000  -15.0000    7.5000 2603.0969   10.6727
    0.0000  -15.0000    7.5000 2621.5181   10.5109
    7.5000  -15.0000    7.5000 2615.1772   10.7241
   -7.5000   -7.5000    7.5000 2718.2068    9.8855
    0.0000   -7.5000    7.5000 2738.2109    9.7228
    7.5000   -7.5000    7.5000 2734.3989    9.9384
   -7.5000    0.0000    7.5000 2821.2625    9.3857
    0.0000    0.0000    7.5000 2850.4985    9.2585
    7.5000    0.0000    7.5000 2838.3252    9.4154
   -7.5000    7.5000    7.5000 2908.5942    9.0466
    0.0000    7.5000    7.5000 2945.3730    8.9226
    7.5000    7.5000    7.5000 2919.3069    9.1417
   -7.5000   15.0000    7.5000 2947.1216    8.8629
    0.0000   15.0000    7.5000 2973.2839    8.7129
    7.5000   15.0000    7.5000 2953.5659    9.0363
   -7.5000   22.5000    7.5000 2936.2046    9.0953
    0.0000   22.5000    7.5000 2958.7761    8.9542
    7.5000   22.5000    7.5000 2938.5671    9.2129
   -7.5000   30.0000    7.5000 2870.3020    9.6298
    0.0000   30.0000    7.5000 2894.5779    9.4908
    7.5000   30.0000    7.5000 2873.1692    9.6573
   -7.5000   37.5000    7.5000 2777.0115   10.3250
    0.0000   37.5000    7.5000 2797.6519   10.2156
    7.5000   37.5000    7.5000 2775.7866   10.3306
   -7.5000   45.0000    7.5000 2648.4250   11.2580
    0.0000   45.0000    7.5000 2667.9568   11.1920
    7.5000   45.0000    7.5000 2646.6631   11.2751
   -7.5000  -45.0000   15.0000 2042.7207   17.2397
    0.0000  -45.0000   15.0000 2057.4014   17.0813
    7.5000  -45.0000   15.0000 2055.3809   17.3445
   -7.5000  -37.5000   15.0000 2209.2510   14.9505
    0.0000  -37.5000   15.0000 2224.3362   14.7659
    7.5000  -37.5000   15.0000 2220.0571   15.0440
   -7.5000  -30.0000   15.0000 2361.3457   13.1638
    0.0000  -30.0000   15.0000 2375.7424   12.9465
    7.5000  -30.0000   15.0000 2368.5022   13.2250
   -7.5000  -22.5000   15.0000 2485.4644   11.7337
    0.0000  -22.5000   15.0000 2502.5449   11.5162
    7.5000  -22.5000   15.0000 2497.8374   11.7761
   -7.5000  -15.0000   15.0000 2593.9224   10.6692
    0.0000  -15.0000   15.0000 2612.2039   10.4397
    7.5000  -15.0000   15.0000 2612.6985   10.6928
   -7.5000   -7.5000   15.0000 2709.1335    9.9137
    0.0000   -7.5000   15.0000 2725.3630    9.6962
    7.5000   -7.5000   15.0000 2733.6252    9.9422
   -7.5000    0.0000   15.0000 2817.5168    9.4295
    0.0000    0.0000   15.0000 2842.8838    9.2527
    7.5000    0.0000   15.0000 2837.5625    9.4380
   -7.5000    7.5000   15.0000 2911.1982    9.1420
    0.0000    7.5000   15.0000 2947.2961    8.9484
    7.5000    7.5000   15.0000 2916.7605    9.1398
   -7.5000   15.0000   15.0000 2955.8711    9.0905
    0.0000   15.0000   15.0000 2989.9966    8.8785
    7.5000   15.0000   15.0000 2956.9453    9.0557
   -7.5000   22.5000   15.0000 2939.8950    9.2648
    0.0000   22.5000   15.0000 2978.0396    9.1480
    7.5000   22.5000   15.0000 2936.7146    9.2514
   -7.5000   30.0000   15.0000 2865.7612    9.7084
    0.0000   30.0000   15.0000 2891.2815    9.6160
    7.5000   30.0000   15.0000 2867.0369    9.6724
   -7.5000   37.5000   15.0000 2765.8242   10.3137
    0.0000   37.5000   15.0000 2783.7385   10.2180
    7.5000   37.5000   15.0000 2769.3999   10.2838
   -7.5000   45.0000   15.0000 2636.7144   11.2166
    0.0000   45.0000   15.0000 2658.3015   11.1572
    7.5000   45.0000   15.0000 2641.9268   11.2083
   -7.5000  -45.0000   22.5000 2016.1564   17.6442
    0.0000  -45.0000   22.5000 2036.8794   17.4004
    7.5000  -45.0000   22.5000 2033.6556   17.6501
   -7.5000  -37.5000   22.5000 2192.6570   15.2212
    0.0000  -37.5000   22.5000 2210.4475   14.9357
    7.5000  -37.5000   22.5000 2206.4983   15.2161
   -7.5000  -30.0000   22.5000 2343.5659   13.3392
    0.0000  -30.0000   22.5000 2362.1509   13.0698
    7.5000  -30.0000   22.5000 2358.8647   13.3247
   -7.5000  -22.5000   22.5000 2464.1472   11.9396
    0.0000  -22.5000   22.5000 2484.0852   11.6683
    7.5000  -22.5000   22.5000 2484.6311   11.8996
   -7.5000  -15.0000   22.5000 2571.9744   10.9316
    0.0000  -15.0000   22.5000 2588.3716   10.6715
    7.5000  -15.0000   22.5000 2590.1245   10.8569
   -7.5000   -7.5000   22.5000 2694.2532   10.2041
    0.0000   -7.5000   22.5000 2709.8872    9.9861
    7.5000   -7.5000   22.5000 2708.4148   10.1321
   -7.5000    0.0000   22.5000 2793.1943    9.6714
    0.0000    0.0000   22.5000 2818.7505    9.4681
    7.5000    0.0000   22.5000 2806.1562    9.6199
   -7.5000    7.5000   22.5000 2882.2119    9.3380
    0.0000    7.5000   22.5000 2906.7178    9.0888
    7.5000    7.5000   22.5000 2882.0059    9.2349
   -7.5000   15.0000   22.5000 2924.4646    9.2705
    0.0000   15.0000   22.5000 2952.3232    9.0967
    7.5000   15.0000   22.5000 2921.6887    9.1847
   -7.5000   22.5000   22.5000 2910.0205    9.4823
    0.0000   22.5000   22.5000 2949.8132    9.3812
    7.5000   22.5000   22.5000 2909.0137    9.4353
   -7.5000   30.0000   22.5000 2835.2214    9.9585
    0.0000   30.0000   22.5000 2867.4866    9.8912
    7.5000   30.0000   22.5000 2836.3767    9.9159
   -7.5000   37.5000   22.5000 2735.1125   10.5795
    0.0000   37.5000   22.5000 2762.2195   10.5261
    7.5000   37.5000   22.5000 2737.4192   10.5517
   -7.5000   45.0000   22.5000 2607.6399   11.4239
    0.0000   45.0000   22.5000 2635.7903   11.3976
    7.5000   45.0000   22.5000 2614.1689   11.4297
   -7.5000  -45.0000   30.0000 1976.4515   18.1689
    0.0000  -45.0000   30.0000 1998.3407   17.8271
    7.5000  -45.0000   30.0000 2001.4010   18.0582
   -7.5000  -37.5000   30.0000 2155.0908   15.6481
    0.0000  -37.5000   30.0000 2175.8533   15.3358
    7.5000  -37.5000   30.0000 2172.8044   15.5292
   -7.5000  -30.0000   30.0000 2308.7422   13.7261
    0.0000  -30.0000   30.0000 2333.9473   13.4769
    7.5000  -30.0000   30.0000 2326.9377   13.6489
   -7.5000  -22.5000   30.0000 2436.5244   12.3645
    0.0000  -22.5000   30.0000 2465.6270   12.1137
    7.5000  -22.5000   30.0000 2454.3586   12.2627
   -7.5000  -15.0000   30.0000 2548.7771   11.3949
    0.0000  -15.0000   30.0000 2576.0813   11.1608
    7.5000  -15.0000   30.0000 2562.0632   11.2758
   -7.5000   -7.5000   30.0000 2665.4109   10.6413
    0.0000   -7.5000   30.0000 2689.9807   10.4437
    7.5000   -7.5000   30.0000 2680.4846   10.5506
   -7.5000    0.0000   30.0000 2759.5696   10.0783
    0.0000    0.0000   30.0000 2782.4067    9.7791
    7.5000    0.0000   30.0000 2770.3660    9.9458
   -7.5000    7.5000   30.0000 2830.1333    9.6735
    0.0000    7.5000   30.0000 2851.4075    9.4390
    7.5000    7.5000   30.0000 2833.5789    9.5681
   -7.5000   15.0000   30.0000 2864.6917    9.6108
    0.0000   15.0000   30.0000 2889.2971    9.4353
    7.5000   15.0000   30.0000 2871.6094    9.5362
   -7.5000   22.5000   30.0000 2846.4683    9.8047
    0.0000   22.5000   30.0000 2881.8086    9.6814
    7.5000   22.5000   30.0000 2855.6450    9.7670
   -7.5000   30.0000   30.0000 2776.0510   10.2750
    0.0000   30.0000   30.0000 2805.9385   10.1806
    7.5000   30.0000   30.0000 2780.9841   10.2514
   -7.5000   37.5000   30.0000 2680.8125   10.9319
    0.0000   37.5000   30.0000 2711.9700   10.8584
    7.5000   37.5000   30.0000 2686.2808   10.9129
   -7.5000   45.0000   30.0000 2556.6299   11.8285
    0.0000   45.0000   30.0000 2593.5518   11.7902
    7.5000   45.0000   30.0000 2566.3560   11.8293
   -7.5000  -45.0000   37.5000 1941.9343   18.9668
    0.0000  -45.0000   37.5000 1963.6571   18.6310
    7.5000  -45.0000   37.5000 1962.7096   18.8119
   -7.5000  -37.5000   37.5000 2117.0791   16.3178
    0.0000  -37.5000   37.5000 2145.1116   16.0518
    7.5000  -37.5000   37.5000 2138.5325   16.1902
   -7.5000  -30.0000   37.5000 2271.4536   14.3629
    0.0000  -30.0000   37.5000 2309.0532   14.1442
    7.5000  -30.0000   37.5000 2293.6631   14.2508
   -7.5000  -22.5000   37.5000 2406.7698   12.9448
    0.0000  -22.5000   37.5000 2445.5894   12.7263
    7.5000  -22.5000   37.5000 2426.0552   12.8420
   -7.5000  -15.0000   37.5000 2515.3994   11.9442
    0.0000  -15.0000   37.5000 2551.7744   11.7125
    7.5000  -15.0000   37.5000 2536.4661   11.8257
   -7.5000   -7.5000   37.5000 2623.3237   11.1685
    0.0000   -7.5000   37.5000 2658.4912   10.9010
    7.5000   -7.5000   37.5000 2647.3042   11.0341
   -7.5000    0.0000   37.5000 2706.7734   10.5533
    0.0000    0.0000   37.5000 2741.3262   10.2683
    7.5000    0.0000   37.5000 2723.4099   10.4068
   -7.5000    7.5000   37.5000 2768.4316   10.1550
    0.0000    7.5000   37.5000 2793.4968    9.9783
    7.5000    7.5000   37.5000 2780.1628   10.0804
   -7.5000   15.0000   37.5000 2791.5505   10.1151
    0.0000   15.0000   37.5000 2819.1448    9.9404
    7.5000   15.0000   37.5000 2803.9231   10.0209
   -7.5000   22.5000   37.5000 2766.8535   10.3071
    0.0000   22.5000   37.5000 2800.1099   10.1549
    7.5000   22.5000   37.5000 2784.5496   10.2413
   -7.5000   30.0000   37.5000 2699.7527   10.7465
    0.0000   30.0000   37.5000 2733.6047   10.6334
    7.5000   30.0000   37.5000 2713.4094   10.7012
   -7.5000   37.5000   37.5000 2612.3120   11.4022
    0.0000   37.5000   37.5000 2645.2756   11.2802
    7.5000   37.5000   37.5000 2623.0693   11.3385
   -7.5000   45.0000   37.5000 2497.7961   12.2998
    0.0000   45.0000   37.5000 2530.1472   12.2345
    7.5000   45.0000   37.5000 2512.5349   12.2602
   -7.5000  -45.0000   45.0000 1903.9565   19.8360
    0.0000  -45.0000   45.0000 1926.6290   19.4540
    7.5000  -45.0000   45.0000 1924.5977   19.6720
   -7.5000  -37.5000   45.0000 2074.8672   17.1280
    0.0000  -37.5000   45.0000 2107.2581   16.8264
    7.5000  -37.5000   45.0000 2099.8572   16.9616
   -7.5000  -30.0000   45.0000 2224.4993   15.0774
    0.0000  -30.0000   45.0000 2270.6106   14.8611
    7.5000  -30.0000   45.0000 2257.3149   14.9605
   -7.5000  -22.5000   45.0000 2359.3926   13.6154
    0.0000  -22.5000   45.0000 2405.2310   13.4181
    7.5000  -22.5000   45.0000 2388.4849   13.4833
   -7.5000  -15.0000   45.0000 2465.5112   12.5739
    0.0000  -15.0000   45.0000 2507.6792   12.3656
    7.5000  -15.0000   45.0000 2494.3889   12.4288
   -7.5000   -7.5000   45.0000 2565.1208   11.7994
    0.0000   -7.5000   45.0000 2606.7354   11.5264
    7.5000   -7.5000   45.0000 2593.1719   11.6144
   -7.5000    0.0000   45.0000 2634.9814   11.1495
    0.0000    0.0000   45.0000 2677.7256   10.9403
    7.5000    0.0000   45.0000 2657.7197   11.0300
   -7.5000    7.5000   45.0000 2683.5891   10.7972
    0.0000    7.5000   45.0000 2716.4526   10.6552
    7.5000    7.5000   45.0000 2704.3865   10.7243
   -7.5000   15.0000   45.0000 2696.5168   10.7390
    0.0000   15.0000   45.0000 2734.4834   10.5952
    7.5000   15.0000   45.0000 2717.7334   10.6504
   -7.5000   22.5000   45.0000 2672.2344   10.9194
    0.0000   22.5000   45.0000 2709.8501   10.7844
    7.5000   22.5000   45.0000 2695.6763   10.8505
   -7.5000   30.0000   45.0000 2606.8105   11.3421
    0.0000   30.0000   45.0000 2646.7361   11.2552
    7.5000   30.0000   45.0000 2625.3284   11.3064
   -7.5000   37.5000   45.0000 2526.6194   11.9909
    0.0000   37.5000   45.0000 2563.4080   11.8850
    7.5000   37.5000   45.0000 2541.0081   11.9465
   -7.5000   45.0000   45.0000 2425.3992   12.8733
    0.0000   45.0000   45.0000 2453.0779   12.7963
    7.5000   45.0000   45.0000 2433.1104   12.8141

---------------------------------------------------------------------
imgreg_4dfp /opt/freesurfer/average/711-2C_as_mni_average_305 /opt/freesurfer/average/711-2B_as_mni_average_305_mask talsrcimg_g11 none talsrcimg_to_711-2C_as_mni_average_305_t4 1283
---------------------------------------------------------------------

freesurfer imgreg_4dfp.c
/opt/freesurfer/average/711-2C_as_mni_average_305.4dfp.img
       256       256       256         1
  1.000000  1.000000  1.000000
orientation T byte_order littleendian
Reading image: /opt/freesurfer/average/711-2C_as_mni_average_305.4dfp.img
dimensions:      256       256       256
mmppix:       1.0000   -1.0000   -1.0000
center:     128.0000 -129.0000 -129.0000
/opt/freesurfer/average/711-2B_as_mni_average_305_mask.4dfp.img
       256       256       256         1
  1.000000  1.000000  1.000000
orientation T byte_order littleendian
Reading mask: /opt/freesurfer/average/711-2B_as_mni_average_305_mask.4dfp.img (2306576 pixels)
talsrcimg_g11.4dfp.img
       256       256       256         1
  1.000000  1.000000  1.000000
orientation T byte_order littleendian
Reading image: talsrcimg_g11.4dfp.img
dimensions:      256       256       256
mmppix:       1.0000   -1.0000   -1.0000
center:     128.0000 -129.0000 -129.0000
rotation matrix determinant  1.000000
fimgreg.f
image alignment mode   1283 decimal      503 hex
parameters
    0.0000   15.0000   15.0000    0.0000    0.0000    0.0000
eta,q 0.93982  8.84452
niter,ni,del,rscale     5    3   12.0000    1.2000
parameters
   -0.1012   17.6740   14.0282   -0.0680   -1.3572   -2.3474
eta,q 0.94495  8.85979
  0.0703  0.0712  0.0639  0.0652  0.0608  0.0577
  0.0645  0.0679  0.0588  0.0619  0.0581  0.0557
  0.0624  0.0647  0.0566  0.0579  0.0561  0.0550
  0.0615  0.0613  0.0575  0.0567  0.0566  0.0559
  0.0611  0.0583  0.0607  0.0581  0.0588  0.0587
  0.0657  0.0583  0.0639  0.0616  0.0626  0.0629
  0.0710  0.0629  0.0670  0.0660  0.0673  0.0667
niter,ni,del,rscale     4    3   12.0000    1.2000
parameters
    0.3129   17.0384   13.8850   -0.0658   -1.8055   -2.5896
eta,q 0.94515  8.86374
  0.0684  0.0630  0.0645  0.0627  0.0615  0.0611
  0.0628  0.0603  0.0592  0.0602  0.0583  0.0580
  0.0579  0.0565  0.0554  0.0562  0.0557  0.0558
  0.0550  0.0547  0.0549  0.0548  0.0548  0.0548
  0.0544  0.0566  0.0567  0.0564  0.0562  0.0558
  0.0588  0.0617  0.0605  0.0594  0.0596  0.0585
  0.0668  0.0693  0.0646  0.0631  0.0641  0.0625
niter,ni,del,rscale     3    3   12.0000    1.2000
parameters
    0.4056   16.9216   13.8564   -0.0639   -1.8979   -2.6445
eta,q 0.94514  8.86456
  0.0666  0.0633  0.0645  0.0623  0.0620  0.0615
  0.0615  0.0610  0.0595  0.0600  0.0591  0.0583
  0.0573  0.0576  0.0557  0.0563  0.0561  0.0560
  0.0548  0.0548  0.0548  0.0548  0.0548  0.0548
  0.0547  0.0554  0.0563  0.0564  0.0558  0.0556
  0.0597  0.0594  0.0600  0.0592  0.0588  0.0582
  0.0675  0.0663  0.0643  0.0628  0.0631  0.0621
niter,ni,del,rscale     2    3   12.0000    1.2000
parameters
    0.4287   16.9124   13.8530   -0.0640   -1.9212   -2.6600
eta,q 0.94515  8.86507
  0.0662  0.0634  0.0645  0.0623  0.0621  0.0616
  0.0613  0.0611  0.0596  0.0599  0.0592  0.0583
  0.0572  0.0578  0.0558  0.0563  0.0562  0.0561
  0.0549  0.0548  0.0548  0.0548  0.0548  0.0548
  0.0548  0.0553  0.0563  0.0564  0.0557  0.0555
  0.0600  0.0590  0.0599  0.0591  0.0586  0.0581
  0.0676  0.0658  0.0642  0.0628  0.0629  0.0620
registration optimization eta report
parameter search radius
    6.0000    6.0000    6.0000    6.0000    6.0000    6.0000
100000*second partial in parameter space
       34.       26.       26.       20.       21.       19.
  0.0662  0.0634  0.0645  0.0623  0.0621  0.0616
  0.0613  0.0611  0.0596  0.0599  0.0592  0.0583
  0.0572  0.0578  0.0558  0.0563  0.0562  0.0561
  0.0549  0.0548  0.0548  0.0548  0.0548  0.0548
  0.0548  0.0553  0.0563  0.0564  0.0557  0.0555
  0.0600  0.0590  0.0599  0.0591  0.0586  0.0581
  0.0676  0.0658  0.0642  0.0628  0.0629  0.0620
    0.4287   16.9124   13.8530   -0.0640   -1.9212   -2.6600
eta,q 0.94515  8.86507

---------------------------------------------------------------------
imgreg_4dfp /opt/freesurfer/average/711-2C_as_mni_average_305 /opt/freesurfer/average/711-2B_as_mni_average_305_mask talsrcimg_g11 none talsrcimg_to_711-2C_as_mni_average_305_t4 3335
---------------------------------------------------------------------

freesurfer imgreg_4dfp.c
/opt/freesurfer/average/711-2C_as_mni_average_305.4dfp.img
       256       256       256         1
  1.000000  1.000000  1.000000
orientation T byte_order littleendian
Reading image: /opt/freesurfer/average/711-2C_as_mni_average_305.4dfp.img
dimensions:      256       256       256
mmppix:       1.0000   -1.0000   -1.0000
center:     128.0000 -129.0000 -129.0000
/opt/freesurfer/average/711-2B_as_mni_average_305_mask.4dfp.img
       256       256       256         1
  1.000000  1.000000  1.000000
orientation T byte_order littleendian
Reading mask: /opt/freesurfer/average/711-2B_as_mni_average_305_mask.4dfp.img (2306576 pixels)
talsrcimg_g11.4dfp.img
       256       256       256         1
  1.000000  1.000000  1.000000
orientation T byte_order littleendian
Reading image: talsrcimg_g11.4dfp.img
dimensions:      256       256       256
mmppix:       1.0000   -1.0000   -1.0000
center:     128.0000 -129.0000 -129.0000
fimgreg.f
image alignment mode   3335 decimal      D07 hex
parameters
    0.4287   16.9124   13.8530   -0.1639   -0.1076   -0.0563
    4.6371    3.3540   -4.6383   -0.0440   -3.3525   -0.1116
eta,q 0.94437  8.84835
niter,ni,del,rscale     5    3    5.0000    1.2000
parameter  4 22.174469 ->  0.500000 qaram    1.1500
parameter  5  2.695036 ->  0.500000 qaram    1.1500
parameter  6  0.845868 ->  0.500000 qaram    1.1500
parameter 12  0.589578 ->  0.500000 qaram    1.1500
parameters
    0.2058   17.4754   13.9121   -4.3039   -4.2476   -4.1963
    1.8066    4.7191   -4.1393   -0.3222   -2.0240   -4.2516
eta,q 0.96440  8.68298
  0.0563  0.0577  0.0572  0.0410  0.0371  0.0361  0.0375  0.0451  0.0382  0.0394  0.0387  0.0359
  0.0558  0.0566  0.0562  0.0444  0.0397  0.0366  0.0366  0.0414  0.0371  0.0375  0.0374  0.0356
  0.0556  0.0559  0.0557  0.0496  0.0426  0.0380  0.0364  0.0382  0.0365  0.0364  0.0366  0.0357
  0.0556  0.0556  0.0556  0.0556  0.0457  0.0404  0.0369  0.0364  0.0362  0.0362  0.0361  0.0361
  0.0557  0.0556  0.0558  0.0607  0.0491  0.0442  0.0379  0.0363  0.0363  0.0369  0.0361  0.0368
  0.0560  0.0558  0.0562  0.0652  0.0532  0.0503  0.0394  0.0378  0.0368  0.0380  0.0365  0.0378
  0.0566  0.0563  0.0570  0.0703  0.0580  0.0570  0.0413  0.0406  0.0377  0.0397  0.0373  0.0390
niter,ni,del,rscale     7    3    5.0000    1.2000
parameter  2  0.839865 ->  0.500000 qaram    1.1500
parameter  3  0.657616 ->  0.500000 qaram    1.1500
parameter  4  0.827090 ->  0.500000 qaram    1.3225
parameter  5  1.665855 ->  0.500000 qaram    1.3225
parameters
    0.5768   16.0954   12.5321   -9.0649   -9.0086   -5.2423
    2.7041    5.0751   -3.7792    0.8270   -2.8470   -7.5012
eta,q 0.97570  8.59363
  0.0403  0.0343  0.0338  0.0302  0.0234  0.0267  0.0284  0.0290  0.0274  0.0303  0.0253  0.0251
  0.0382  0.0344  0.0336  0.0299  0.0243  0.0258  0.0267  0.0266  0.0261  0.0278  0.0249  0.0245
  0.0365  0.0347  0.0338  0.0307  0.0266  0.0251  0.0255  0.0253  0.0252  0.0259  0.0247  0.0243
  0.0356  0.0354  0.0344  0.0336  0.0300  0.0248  0.0249  0.0248  0.0248  0.0248  0.0247  0.0247
  0.0355  0.0365  0.0355  0.0392  0.0333  0.0245  0.0249  0.0249  0.0250  0.0249  0.0248  0.0255
  0.0364  0.0380  0.0371  0.0456  0.0371  0.0253  0.0257  0.0260  0.0257  0.0260  0.0251  0.0266
  0.0383  0.0399  0.0390  0.0510  0.0417  0.0304  0.0270  0.0283  0.0269  0.0277  0.0257  0.0281
niter,ni,del,rscale     7    3    5.0000    1.2000
parameters
    0.7401   15.3769   11.8207  -11.3234  -13.0463   -2.8616
    2.9482    5.1146   -3.6889    1.9029   -3.5407   -8.0946
eta,q 0.97726  8.53598
  0.0282  0.0262  0.0248  0.0271  0.0256  0.0258  0.0257  0.0262  0.0253  0.0276  0.0233  0.0243
  0.0261  0.0247  0.0242  0.0256  0.0238  0.0244  0.0242  0.0241  0.0240  0.0254  0.0229  0.0234
  0.0248  0.0241  0.0239  0.0245  0.0230  0.0235  0.0233  0.0231  0.0232  0.0238  0.0228  0.0228
  0.0243  0.0243  0.0240  0.0239  0.0242  0.0231  0.0229  0.0229  0.0229  0.0229  0.0228  0.0228
  0.0245  0.0255  0.0245  0.0249  0.0274  0.0228  0.0231  0.0232  0.0232  0.0229  0.0229  0.0230
  0.0255  0.0274  0.0253  0.0292  0.0314  0.0221  0.0240  0.0241  0.0239  0.0238  0.0231  0.0237
  0.0272  0.0300  0.0265  0.0360  0.0360  0.0241  0.0253  0.0260  0.0252  0.0256  0.0235  0.0248
niter,ni,del,rscale     6    3    5.0000    1.2000
parameters
    0.8497   15.3968   12.6915  -10.7555  -13.8807   -3.5268
    2.8956    5.0106   -3.7948    2.0666   -4.3244   -7.1530
eta,q 0.97747  8.49585
  0.0257  0.0267  0.0248  0.0279  0.0277  0.0249  0.0251  0.0258  0.0247  0.0261  0.0231  0.0246
  0.0242  0.0245  0.0238  0.0258  0.0253  0.0238  0.0237  0.0237  0.0235  0.0244  0.0228  0.0236
  0.0232  0.0231  0.0232  0.0240  0.0233  0.0230  0.0229  0.0227  0.0228  0.0231  0.0226  0.0229
  0.0227  0.0227  0.0227  0.0225  0.0223  0.0224  0.0226  0.0226  0.0226  0.0226  0.0226  0.0226
  0.0229  0.0233  0.0225  0.0217  0.0233  0.0218  0.0229  0.0230  0.0229  0.0229  0.0227  0.0226
  0.0238  0.0245  0.0226  0.0230  0.0265  0.0232  0.0238  0.0240  0.0236  0.0241  0.0230  0.0230
  0.0253  0.0264  0.0232  0.0283  0.0306  0.0278  0.0252  0.0258  0.0248  0.0259  0.0235  0.0239
niter,ni,del,rscale     5    3    5.0000    1.2000
parameters
    0.8592   15.3624   12.8417  -10.8151  -14.0084   -3.6056
    2.9352    5.0548   -3.7627    1.9038   -4.1359   -6.8081
eta,q 0.97744  8.48197
  0.0254  0.0262  0.0242  0.0275  0.0283  0.0253  0.0251  0.0260  0.0248  0.0259  0.0234  0.0244
  0.0239  0.0240  0.0234  0.0255  0.0259  0.0241  0.0237  0.0238  0.0236  0.0242  0.0229  0.0234
  0.0229  0.0228  0.0228  0.0239  0.0238  0.0233  0.0229  0.0227  0.0228  0.0230  0.0226  0.0228
  0.0225  0.0225  0.0225  0.0225  0.0225  0.0225  0.0226  0.0226  0.0226  0.0226  0.0226  0.0226
  0.0228  0.0231  0.0225  0.0219  0.0229  0.0220  0.0228  0.0230  0.0228  0.0230  0.0226  0.0227
  0.0238  0.0244  0.0230  0.0238  0.0256  0.0228  0.0237  0.0240  0.0235  0.0243  0.0229  0.0232
  0.0255  0.0262  0.0240  0.0295  0.0294  0.0268  0.0251  0.0257  0.0247  0.0263  0.0233  0.0242
niter,ni,del,rscale     4    3    5.0000    1.2000
parameters
    0.8614   15.3195   12.9087  -10.7953  -14.0308   -3.5695
    2.9432    5.0527   -3.7789    1.8352   -4.0717   -6.6391
eta,q 0.97747  8.48143
  0.0255  0.0262  0.0242  0.0275  0.0284  0.0253  0.0251  0.0259  0.0247  0.0260  0.0233  0.0243
  0.0239  0.0240  0.0234  0.0255  0.0260  0.0241  0.0237  0.0237  0.0235  0.0243  0.0229  0.0234
  0.0229  0.0228  0.0228  0.0239  0.0239  0.0233  0.0228  0.0227  0.0228  0.0231  0.0226  0.0228
  0.0226  0.0226  0.0226  0.0225  0.0225  0.0225  0.0225  0.0225  0.0225  0.0225  0.0225  0.0225
  0.0228  0.0231  0.0226  0.0220  0.0229  0.0220  0.0228  0.0230  0.0228  0.0229  0.0226  0.0227
  0.0238  0.0244  0.0231  0.0237  0.0255  0.0228  0.0237  0.0240  0.0235  0.0242  0.0229  0.0233
  0.0255  0.0262  0.0242  0.0293  0.0292  0.0266  0.0251  0.0257  0.0247  0.0263  0.0233  0.0242
niter,ni,del,rscale     3    3    5.0000    1.2000
parameters
    0.8602   15.3014   12.9362  -10.7971  -14.0441   -3.5790
    2.9508    5.0513   -3.7898    1.8031   -4.0359   -6.5701
eta,q 0.97746  8.47968
  0.0254  0.0262  0.0241  0.0275  0.0284  0.0253  0.0251  0.0259  0.0247  0.0260  0.0233  0.0243
  0.0239  0.0241  0.0234  0.0255  0.0260  0.0241  0.0237  0.0238  0.0235  0.0243  0.0229  0.0234
  0.0229  0.0228  0.0228  0.0239  0.0238  0.0233  0.0228  0.0227  0.0228  0.0231  0.0226  0.0228
  0.0225  0.0225  0.0225  0.0225  0.0225  0.0225  0.0225  0.0225  0.0225  0.0225  0.0225  0.0225
  0.0228  0.0231  0.0226  0.0220  0.0228  0.0220  0.0228  0.0230  0.0228  0.0229  0.0226  0.0227
  0.0238  0.0243  0.0231  0.0237  0.0254  0.0228  0.0237  0.0240  0.0235  0.0242  0.0229  0.0233
  0.0255  0.0261  0.0242  0.0293  0.0292  0.0266  0.0251  0.0257  0.0247  0.0262  0.0233  0.0242
registration optimization eta report
parameter search radius
    2.4000    2.7600    2.7600    9.5220    9.5220    8.2800
    7.2000    7.2000    7.2000    7.2000    7.2000    8.2800
100000*second partial in parameter space
       51.       48.       22.        7.        7.        5.
        5.        6.        4.        7.        2.        2.
  0.0254  0.0262  0.0241  0.0275  0.0284  0.0253  0.0251  0.0259  0.0247  0.0260  0.0233  0.0243
  0.0239  0.0241  0.0234  0.0255  0.0260  0.0241  0.0237  0.0238  0.0235  0.0243  0.0229  0.0234
  0.0229  0.0228  0.0228  0.0239  0.0238  0.0233  0.0228  0.0227  0.0228  0.0231  0.0226  0.0228
  0.0225  0.0225  0.0225  0.0225  0.0225  0.0225  0.0225  0.0225  0.0225  0.0225  0.0225  0.0225
  0.0228  0.0231  0.0226  0.0220  0.0228  0.0220  0.0228  0.0230  0.0228  0.0229  0.0226  0.0227
  0.0238  0.0243  0.0231  0.0237  0.0254  0.0228  0.0237  0.0240  0.0235  0.0242  0.0229  0.0233
  0.0255  0.0261  0.0242  0.0293  0.0292  0.0266  0.0251  0.0257  0.0247  0.0262  0.0233  0.0242
    0.8602   15.3014   12.9362  -10.7971  -14.0441   -3.5790
    2.9508    5.0513   -3.7898    1.8031   -4.0359   -6.5701
eta,q 0.97746  8.47968

---------------------------------------------------------------------
imgreg_4dfp /opt/freesurfer/average/711-2C_as_mni_average_305 /opt/freesurfer/average/711-2B_as_mni_average_305_mask talsrcimg_g11 none talsrcimg_to_711-2C_as_mni_average_305_t4 2311
---------------------------------------------------------------------

freesurfer imgreg_4dfp.c
/opt/freesurfer/average/711-2C_as_mni_average_305.4dfp.img
       256       256       256         1
  1.000000  1.000000  1.000000
orientation T byte_order littleendian
Reading image: /opt/freesurfer/average/711-2C_as_mni_average_305.4dfp.img
dimensions:      256       256       256
mmppix:       1.0000   -1.0000   -1.0000
center:     128.0000 -129.0000 -129.0000
/opt/freesurfer/average/711-2B_as_mni_average_305_mask.4dfp.img
       256       256       256         1
  1.000000  1.000000  1.000000
orientation T byte_order littleendian
Reading mask: /opt/freesurfer/average/711-2B_as_mni_average_305_mask.4dfp.img (2306576 pixels)
talsrcimg_g11.4dfp.img
       256       256       256         1
  1.000000  1.000000  1.000000
orientation T byte_order littleendian
Reading image: talsrcimg_g11.4dfp.img
dimensions:      256       256       256
mmppix:       1.0000   -1.0000   -1.0000
center:     128.0000 -129.0000 -129.0000
fimgreg.f
image alignment mode   2311 decimal      907 hex
parameters
    0.8602   15.3014   12.9362  -10.7971  -14.0441   -3.5790
    2.9508    5.0513   -3.7898    1.8031   -4.0359   -6.5701
eta,q 0.97746  8.47968
niter,ni,del,rscale     5    3    5.0000    0.8000
parameter  4 -0.566598 -> -0.500000 qaram    1.1500
parameter  6 -0.557623 -> -0.500000 qaram    1.1500
parameters
    0.8938   15.2054   13.1173   -8.0371  -13.6963   -0.8190
    3.0392    5.7384   -3.7062    1.6234   -3.6382   -7.0043
eta,q 0.97862  8.65331
  0.0239  0.0237  0.0232  0.0247  0.0243  0.0238  0.0231  0.0251  0.0227  0.0233  0.0224  0.0220
  0.0232  0.0230  0.0229  0.0239  0.0233  0.0231  0.0222  0.0231  0.0220  0.0223  0.0218  0.0217
  0.0227  0.0226  0.0226  0.0231  0.0225  0.0225  0.0216  0.0219  0.0215  0.0216  0.0215  0.0214
  0.0225  0.0225  0.0225  0.0225  0.0220  0.0219  0.0214  0.0214  0.0214  0.0214  0.0214  0.0214
  0.0226  0.0228  0.0225  0.0221  0.0220  0.0215  0.0215  0.0215  0.0215  0.0216  0.0215  0.0215
  0.0231  0.0232  0.0227  0.0220  0.0226  0.0214  0.0221  0.0221  0.0219  0.0224  0.0217  0.0218
  0.0238  0.0239  0.0230  0.0225  0.0239  0.0220  0.0230  0.0234  0.0226  0.0239  0.0221  0.0223
niter,ni,del,rscale     6    3    5.0000    0.9000
parameters
    0.6109   15.2383   12.2806   -9.1697  -13.6221   -2.2288
    3.0292    5.3396   -3.6979    2.0042   -3.2482   -7.3749
eta,q 0.97826  8.60942
  0.0231  0.0232  0.0214  0.0238  0.0239  0.0230  0.0234  0.0237  0.0232  0.0244  0.0224  0.0225
  0.0219  0.0222  0.0211  0.0227  0.0227  0.0225  0.0225  0.0224  0.0224  0.0232  0.0220  0.0220
  0.0214  0.0215  0.0211  0.0217  0.0218  0.0220  0.0220  0.0219  0.0219  0.0222  0.0218  0.0218
  0.0214  0.0213  0.0213  0.0210  0.0213  0.0213  0.0218  0.0218  0.0218  0.0218  0.0217  0.0217
  0.0219  0.0215  0.0218  0.0216  0.0214  0.0215  0.0220  0.0220  0.0219  0.0218  0.0218  0.0219
  0.0230  0.0221  0.0226  0.0243  0.0223  0.0240  0.0225  0.0228  0.0224  0.0226  0.0220  0.0222
  0.0245  0.0231  0.0237  0.0287  0.0241  0.0285  0.0235  0.0245  0.0232  0.0239  0.0222  0.0227
niter,ni,del,rscale     5    3    5.0000    0.8000
parameters
    0.6780   15.3084   12.6147   -8.9845  -13.4714   -2.0645
    2.9675    5.3225   -3.7272    2.1366   -3.5425   -7.2377
eta,q 0.97843  8.62037
  0.0233  0.0233  0.0225  0.0241  0.0238  0.0232  0.0229  0.0234  0.0227  0.0236  0.0220  0.0223
  0.0225  0.0224  0.0221  0.0232  0.0228  0.0227  0.0222  0.0222  0.0221  0.0226  0.0217  0.0219
  0.0219  0.0219  0.0219  0.0224  0.0221  0.0221  0.0217  0.0217  0.0217  0.0219  0.0216  0.0217
  0.0217  0.0217  0.0217  0.0217  0.0216  0.0216  0.0216  0.0216  0.0216  0.0216  0.0216  0.0216
  0.0219  0.0219  0.0217  0.0215  0.0217  0.0211  0.0217  0.0217  0.0217  0.0217  0.0217  0.0216
  0.0223  0.0223  0.0218  0.0222  0.0224  0.0216  0.0222  0.0223  0.0221  0.0223  0.0219  0.0218
  0.0231  0.0230  0.0221  0.0245  0.0238  0.0239  0.0230  0.0234  0.0228  0.0235  0.0221  0.0222
niter,ni,del,rscale     4    3    5.0000    0.7000
parameters
    0.6728   15.3139   12.5751   -8.7420  -13.4523   -1.7357
    3.0039    5.4492   -3.6939    2.1078   -3.4775   -7.3545
eta,q 0.97860  8.63754
  0.0227  0.0227  0.0220  0.0236  0.0232  0.0230  0.0225  0.0230  0.0223  0.0229  0.0219  0.0219
  0.0221  0.0220  0.0218  0.0228  0.0224  0.0224  0.0219  0.0220  0.0218  0.0221  0.0216  0.0216
  0.0217  0.0217  0.0216  0.0221  0.0218  0.0220  0.0215  0.0215  0.0215  0.0216  0.0214  0.0215
  0.0216  0.0216  0.0216  0.0216  0.0215  0.0215  0.0214  0.0214  0.0214  0.0214  0.0214  0.0214
  0.0217  0.0217  0.0216  0.0214  0.0216  0.0211  0.0215  0.0215  0.0215  0.0215  0.0215  0.0215
  0.0221  0.0221  0.0218  0.0220  0.0222  0.0214  0.0219  0.0219  0.0218  0.0221  0.0216  0.0216
  0.0228  0.0226  0.0221  0.0238  0.0233  0.0232  0.0225  0.0228  0.0223  0.0231  0.0218  0.0220
niter,ni,del,rscale     3    3    5.0000    0.6000
parameters
    0.6345   15.3171   12.4537   -8.4524  -13.3829   -1.3463
    2.9965    5.5236   -3.6996    2.0623   -3.3761   -7.6608
eta,q 0.97880  8.65856
  0.0223  0.0222  0.0217  0.0232  0.0226  0.0226  0.0220  0.0225  0.0219  0.0224  0.0216  0.0215
  0.0218  0.0218  0.0215  0.0225  0.0220  0.0222  0.0216  0.0218  0.0215  0.0217  0.0214  0.0213
  0.0215  0.0215  0.0214  0.0219  0.0216  0.0218  0.0213  0.0213  0.0213  0.0214  0.0212  0.0212
  0.0214  0.0214  0.0214  0.0214  0.0213  0.0213  0.0212  0.0212  0.0212  0.0212  0.0212  0.0212
  0.0215  0.0215  0.0215  0.0213  0.0214  0.0209  0.0213  0.0213  0.0213  0.0213  0.0213  0.0213
  0.0218  0.0218  0.0216  0.0217  0.0218  0.0212  0.0216  0.0217  0.0215  0.0217  0.0214  0.0214
  0.0224  0.0222  0.0219  0.0231  0.0227  0.0227  0.0221  0.0224  0.0219  0.0225  0.0216  0.0217
niter,ni,del,rscale     2    3    5.0000    0.5000
parameters
    0.5874   15.3432   12.2740   -8.1986  -13.2791   -0.9670
    2.9681    5.5700   -3.7226    1.9830   -3.2840   -8.1618
eta,q 0.97901  8.67781
  0.0218  0.0218  0.0214  0.0226  0.0221  0.0222  0.0216  0.0221  0.0215  0.0218  0.0214  0.0212
  0.0215  0.0215  0.0213  0.0221  0.0216  0.0219  0.0213  0.0215  0.0212  0.0214  0.0212  0.0211
  0.0212  0.0213  0.0212  0.0216  0.0213  0.0215  0.0211  0.0211  0.0211  0.0211  0.0210  0.0210
  0.0212  0.0212  0.0212  0.0212  0.0211  0.0211  0.0210  0.0210  0.0210  0.0210  0.0210  0.0210
  0.0213  0.0213  0.0213  0.0211  0.0212  0.0208  0.0211  0.0211  0.0211  0.0211  0.0210  0.0211
  0.0215  0.0214  0.0214  0.0215  0.0215  0.0211  0.0213  0.0214  0.0212  0.0214  0.0211  0.0212
  0.0219  0.0217  0.0216  0.0225  0.0221  0.0222  0.0216  0.0220  0.0215  0.0219  0.0213  0.0214
niter,ni,del,rscale     1    3    5.0000    0.4000
parameters
    0.5475   15.3925   12.1161   -8.0089  -13.1556   -0.5818
    2.9210    5.5767   -3.7493    1.9077   -3.2271   -8.6719
eta,q 0.97918  8.69233
  0.0214  0.0214  0.0211  0.0221  0.0216  0.0219  0.0212  0.0216  0.0212  0.0214  0.0211  0.0210
  0.0212  0.0212  0.0210  0.0216  0.0213  0.0216  0.0210  0.0212  0.0210  0.0211  0.0209  0.0209
  0.0210  0.0210  0.0210  0.0212  0.0211  0.0213  0.0209  0.0209  0.0209  0.0209  0.0209  0.0208
  0.0210  0.0210  0.0210  0.0210  0.0210  0.0209  0.0208  0.0208  0.0208  0.0208  0.0208  0.0208
  0.0211  0.0210  0.0210  0.0210  0.0210  0.0207  0.0209  0.0209  0.0209  0.0209  0.0209  0.0209
  0.0212  0.0211  0.0211  0.0212  0.0212  0.0210  0.0210  0.0212  0.0210  0.0211  0.0209  0.0210
  0.0215  0.0213  0.0213  0.0220  0.0215  0.0218  0.0213  0.0216  0.0212  0.0215  0.0211  0.0211
registration optimization eta report
parameter search radius
    0.8000    0.8000    0.8000    2.7600    2.4000    2.7600
    2.4000    2.4000    2.4000    2.4000    2.4000    2.4000
100000*second partial in parameter space
       74.       59.       35.       13.       11.       12.
        7.       14.        6.       10.        4.        4.
  0.0214  0.0214  0.0211  0.0221  0.0216  0.0219  0.0212  0.0216  0.0212  0.0214  0.0211  0.0210
  0.0212  0.0212  0.0210  0.0216  0.0213  0.0216  0.0210  0.0212  0.0210  0.0211  0.0209  0.0209
  0.0210  0.0210  0.0210  0.0212  0.0211  0.0213  0.0209  0.0209  0.0209  0.0209  0.0209  0.0208
  0.0210  0.0210  0.0210  0.0210  0.0210  0.0209  0.0208  0.0208  0.0208  0.0208  0.0208  0.0208
  0.0211  0.0210  0.0210  0.0210  0.0210  0.0207  0.0209  0.0209  0.0209  0.0209  0.0209  0.0209
  0.0212  0.0211  0.0211  0.0212  0.0212  0.0210  0.0210  0.0212  0.0210  0.0211  0.0209  0.0210
  0.0215  0.0213  0.0213  0.0220  0.0215  0.0218  0.0213  0.0216  0.0212  0.0215  0.0211  0.0211
    0.5475   15.3925   12.1161   -8.0089  -13.1556   -0.5818
    2.9210    5.5767   -3.7493    1.9077   -3.2271   -8.6719
eta,q 0.97918  8.69233

---------------------------------------------------------------------
imgreg_4dfp /opt/freesurfer/average/711-2C_as_mni_average_305 /opt/freesurfer/average/711-2B_as_mni_average_305_mask talsrcimg_g11 none talsrcimg_to_711-2C_as_mni_average_305_t4 2311
---------------------------------------------------------------------

freesurfer imgreg_4dfp.c
/opt/freesurfer/average/711-2C_as_mni_average_305.4dfp.img
       256       256       256         1
  1.000000  1.000000  1.000000
orientation T byte_order littleendian
Reading image: /opt/freesurfer/average/711-2C_as_mni_average_305.4dfp.img
dimensions:      256       256       256
mmppix:       1.0000   -1.0000   -1.0000
center:     128.0000 -129.0000 -129.0000
/opt/freesurfer/average/711-2B_as_mni_average_305_mask.4dfp.img
       256       256       256         1
  1.000000  1.000000  1.000000
orientation T byte_order littleendian
Reading mask: /opt/freesurfer/average/711-2B_as_mni_average_305_mask.4dfp.img (2306576 pixels)
talsrcimg_g11.4dfp.img
       256       256       256         1
  1.000000  1.000000  1.000000
orientation T byte_order littleendian
Reading image: talsrcimg_g11.4dfp.img
dimensions:      256       256       256
mmppix:       1.0000   -1.0000   -1.0000
center:     128.0000 -129.0000 -129.0000
fimgreg.f
image alignment mode   2311 decimal      907 hex
parameters
    0.5475   15.3925   12.1161   -8.0089  -13.1557   -0.5818
    2.9210    5.5767   -3.7493    1.9077   -3.2271   -8.6719
eta,q 0.97918  8.69233
niter,ni,del,rscale     5    3    5.0000    0.8000
parameters
    0.5459   15.4698   12.0563   -8.6834  -13.4666   -1.4170
    2.9306    5.4124   -3.7506    2.2954   -3.2314   -8.2939
eta,q 0.97871  8.65770
  0.0229  0.0225  0.0219  0.0229  0.0229  0.0225  0.0227  0.0234  0.0225  0.0236  0.0220  0.0221
  0.0217  0.0216  0.0213  0.0221  0.0220  0.0221  0.0220  0.0221  0.0218  0.0225  0.0216  0.0217
  0.0210  0.0210  0.0209  0.0213  0.0213  0.0216  0.0215  0.0215  0.0214  0.0217  0.0213  0.0214
  0.0208  0.0208  0.0208  0.0208  0.0209  0.0210  0.0213  0.0213  0.0213  0.0213  0.0213  0.0213
  0.0211  0.0210  0.0210  0.0211  0.0211  0.0210  0.0215  0.0215  0.0215  0.0214  0.0214  0.0213
  0.0218  0.0214  0.0214  0.0227  0.0221  0.0227  0.0219  0.0223  0.0219  0.0219  0.0216  0.0215
  0.0229  0.0222  0.0220  0.0256  0.0238  0.0257  0.0228  0.0238  0.0225  0.0230  0.0219  0.0219
niter,ni,del,rscale     4    3    5.0000    0.7000
parameters
    0.5931   15.4286   12.2198   -8.4094  -13.4183   -1.3349
    2.9315    5.4808   -3.7274    2.2260   -3.2818   -8.1100
eta,q 0.97882  8.66370
  0.0227  0.0223  0.0220  0.0232  0.0229  0.0225  0.0223  0.0231  0.0221  0.0227  0.0217  0.0218
  0.0219  0.0217  0.0216  0.0224  0.0221  0.0221  0.0217  0.0220  0.0216  0.0219  0.0214  0.0214
  0.0214  0.0214  0.0214  0.0218  0.0215  0.0217  0.0213  0.0214  0.0213  0.0214  0.0212  0.0212
  0.0213  0.0213  0.0213  0.0213  0.0212  0.0212  0.0212  0.0212  0.0212  0.0212  0.0212  0.0212
  0.0214  0.0214  0.0213  0.0211  0.0213  0.0208  0.0213  0.0213  0.0213  0.0213  0.0213  0.0212
  0.0218  0.0218  0.0214  0.0217  0.0219  0.0214  0.0217  0.0219  0.0216  0.0219  0.0214  0.0214
  0.0225  0.0224  0.0217  0.0231  0.0230  0.0231  0.0223  0.0230  0.0221  0.0229  0.0217  0.0217
niter,ni,del,rscale     3    3    5.0000    0.6000
parameters
    0.5690   15.4038   12.2063   -8.2224  -13.3493   -1.0144
    2.9324    5.5276   -3.7238    2.0886   -3.2355   -8.2656
eta,q 0.97899  8.67587
  0.0221  0.0220  0.0216  0.0227  0.0224  0.0223  0.0219  0.0226  0.0217  0.0221  0.0215  0.0214
  0.0216  0.0215  0.0214  0.0221  0.0218  0.0219  0.0214  0.0217  0.0213  0.0215  0.0212  0.0212
  0.0213  0.0212  0.0212  0.0216  0.0214  0.0216  0.0211  0.0212  0.0211  0.0211  0.0211  0.0210
  0.0212  0.0212  0.0212  0.0212  0.0211  0.0211  0.0210  0.0210  0.0210  0.0210  0.0210  0.0210
  0.0213  0.0213  0.0212  0.0211  0.0212  0.0208  0.0211  0.0211  0.0211  0.0211  0.0211  0.0211
  0.0216  0.0216  0.0214  0.0216  0.0216  0.0211  0.0214  0.0216  0.0213  0.0216  0.0212  0.0212
  0.0222  0.0220  0.0216  0.0227  0.0225  0.0224  0.0219  0.0225  0.0217  0.0224  0.0215  0.0215
niter,ni,del,rscale     2    3    5.0000    0.5000
parameters
    0.5473   15.4172   12.1229   -8.0595  -13.2517   -0.6961
    2.9145    5.5515   -3.7401    1.9925   -3.2155   -8.5876
eta,q 0.97914  8.68767
  0.0217  0.0216  0.0213  0.0222  0.0219  0.0220  0.0215  0.0221  0.0214  0.0217  0.0213  0.0211
  0.0213  0.0213  0.0211  0.0217  0.0215  0.0217  0.0211  0.0214  0.0211  0.0212  0.0210  0.0210
  0.0211  0.0211  0.0210  0.0213  0.0212  0.0214  0.0209  0.0210  0.0209  0.0210  0.0209  0.0209
  0.0210  0.0210  0.0210  0.0210  0.0210  0.0210  0.0209  0.0209  0.0209  0.0209  0.0209  0.0209
  0.0211  0.0211  0.0211  0.0210  0.0210  0.0207  0.0209  0.0210  0.0209  0.0210  0.0209  0.0209
  0.0214  0.0213  0.0212  0.0213  0.0213  0.0210  0.0212  0.0214  0.0211  0.0213  0.0210  0.0211
  0.0218  0.0216  0.0214  0.0222  0.0219  0.0220  0.0215  0.0220  0.0214  0.0218  0.0212  0.0212
niter,ni,del,rscale     1    3    5.0000    0.4000
parameters
    0.5241   15.4451   12.0546   -7.9438  -13.1553   -0.4162
    2.8949    5.5635   -3.7664    1.9420   -3.2196   -8.8815
eta,q 0.97924  8.69603
  0.0213  0.0213  0.0211  0.0217  0.0215  0.0218  0.0212  0.0216  0.0211  0.0213  0.0210  0.0209
  0.0211  0.0210  0.0209  0.0214  0.0212  0.0215  0.0210  0.0211  0.0209  0.0210  0.0209  0.0208
  0.0209  0.0209  0.0209  0.0210  0.0210  0.0211  0.0208  0.0209  0.0208  0.0208  0.0208  0.0208
  0.0209  0.0209  0.0209  0.0209  0.0208  0.0208  0.0208  0.0208  0.0208  0.0208  0.0208  0.0208
  0.0209  0.0209  0.0209  0.0209  0.0209  0.0207  0.0208  0.0208  0.0208  0.0208  0.0208  0.0208
  0.0211  0.0210  0.0210  0.0211  0.0211  0.0209  0.0210  0.0211  0.0209  0.0210  0.0209  0.0209
  0.0214  0.0212  0.0212  0.0217  0.0215  0.0216  0.0212  0.0216  0.0211  0.0214  0.0210  0.0210
registration optimization eta report
parameter search radius
    0.8000    0.8000    0.8000    2.4000    2.4000    2.4000
    2.4000    2.4000    2.4000    2.4000    2.4000    2.4000
100000*second partial in parameter space
       78.       59.       42.       15.       11.       15.
        7.       15.        6.       11.        5.        4.
  0.0213  0.0213  0.0211  0.0217  0.0215  0.0218  0.0212  0.0216  0.0211  0.0213  0.0210  0.0209
  0.0211  0.0210  0.0209  0.0214  0.0212  0.0215  0.0210  0.0211  0.0209  0.0210  0.0209  0.0208
  0.0209  0.0209  0.0209  0.0210  0.0210  0.0211  0.0208  0.0209  0.0208  0.0208  0.0208  0.0208
  0.0209  0.0209  0.0209  0.0209  0.0208  0.0208  0.0208  0.0208  0.0208  0.0208  0.0208  0.0208
  0.0209  0.0209  0.0209  0.0209  0.0209  0.0207  0.0208  0.0208  0.0208  0.0208  0.0208  0.0208
  0.0211  0.0210  0.0210  0.0211  0.0211  0.0209  0.0210  0.0211  0.0209  0.0210  0.0209  0.0209
  0.0214  0.0212  0.0212  0.0217  0.0215  0.0216  0.0212  0.0216  0.0211  0.0214  0.0210  0.0210
    0.5241   15.4451   12.0546   -7.9438  -13.1553   -0.4162
    2.8949    5.5635   -3.7664    1.9420   -3.2196   -8.8815
eta,q 0.97924  8.69603

---------------------------------------------------------------------
compute_vox2vox talsrcimg talsrcimg_to_711-2C_as_mni_average_305_t4 /opt/freesurfer/average/711-2C_as_mni_average_305
---------------------------------------------------------------------

freesurfer compute_vox2vox.c
Reading: talsrcimg.4dfp.ifh
Reading: talsrcimg_to_711-2C_as_mni_average_305_t4
Reading: /opt/freesurfer/average/711-2C_as_mni_average_305.4dfp.ifh
Writing: talsrcimg_to_711-2C_as_mni_average_305_t4_vox2vox.txt

start time Fri Mar 13 03:41:07 CET 2026
end		time Fri Mar 13 03:42:34 CET 2026

mpr2mni305 success

avi2talxfm orig_nu.mgz /opt/freesurfer/average/mni305.cor.mgz talsrcimg_to_711-2C_as_mni_average_305_t4_vox2vox.txt transforms/talairach.auto.xfm
avi2talxfm done
mv -f /out/sourcedata/freesurfer/sub-v2s4x29582_ses-1/mri/talsrcimg_to_711-2C_as_mni_average_305_t4_vox2vox.txt /out/sourcedata/freesurfer/sub-v2s4x29582_ses-1/mri/transforms/talsrcimg_to_711-2C_as_mni_average_305_t4_vox2vox.txt
lta_convert --src orig_nu.mgz --trg /opt/freesurfer/average/mni305.cor.mgz --inxfm transforms/talairach.auto.xfm --outlta transforms/talairach.auto.xfm.lta --subject fsaverage
7.3.2

--src: orig_nu.mgz src image (geometry).
--trg: /opt/freesurfer/average/mni305.cor.mgz trg image (geometry).
--inmni: transforms/talairach.auto.xfm input MNI/XFM transform.
--outlta: transforms/talairach.auto.xfm.lta output LTA.
--s: fsaverage subject name
 LTA read, type : 1
 1.08248  -0.05965  -0.04218   0.35033;
 0.03911   1.00003   0.10097  -21.25188;
 0.04607  -0.02495   1.14739  -37.29436;
 0.00000   0.00000   0.00000   1.00000;
setting subject to fsaverage
Writing  LTA to file transforms/talairach.auto.xfm.lta...
lta_convert successful.
 
 
Started at Fri Mar 13 03:41:07 CET 2026
Ended   at Fri Mar 13 03:42:34 CET 2026
talairach_avi done
