/out/sourcedata/freesurfer/sub-v2s4x29614_ses-1/mri
/opt/freesurfer/bin/talairach_avi
--i orig_nu.mgz --xfm transforms/talairach.auto.xfm
talairach_avi 7.3.2
Linux dna050 5.14.0-427.37.1.el9_4.x86_64 #1 SMP PREEMPT_DYNAMIC Fri Sep 13 12:41:50 EDT 2024 x86_64 x86_64 x86_64 GNU/Linux
Fri Mar 13 05:25:49 CET 2026
mri_convert orig_nu.mgz talsrcimg.img 
reading from orig_nu.mgz...
TR=0.00, TE=0.00, TI=0.00, flip angle=0.00
i_ras = (-1, -3.49246e-10, 0)
j_ras = (3.72529e-09, -1.86265e-09, -1)
k_ras = (6.98492e-10, 1, -1.86265e-09)
writing to talsrcimg.img...
Analyze Output Matrix
-1.00000   0.00000   0.00000   130.57831;
-0.00000  -0.00000   1.00000  -121.65079;
 0.00000  -1.00000  -0.00000   160.56046;
 0.00000   0.00000   0.00000   1.00000;
--------------------
INFO: set hdr.hist.orient to -1
mpr2mni305 talsrcimg
Fri Mar 13 05:25:50 CET 2026
/opt/freesurfer/bin/mpr2mni305 talsrcimg
mpr2mni305 7.3.2
target=711-2C_as_mni_average_305

---------------------------------------------------------------------
analyzeto4dfp talsrcimg -O0 -y
---------------------------------------------------------------------

freesurfer ifh2hdr.c
Fri Mar 13 05:25:50 2026
Writing: talsrcimg.4dfp.hdr
freesurfer analyzeto4dfp.c
Reading: talsrcimg.hdr
header size 348 bytes
hdr.dime.datatype	offset=70	value=2
hdr.dime.bitpix		offset=72	value=8
hdr.hist.orient		offset=252	value=-1
dimensionality     4
dimensions       256       256       256         1
Reading: talsrcimg.img
Writing: talsrcimg.4dfp.img
Writing: talsrcimg.4dfp.ifh
ifh2hdr talsrcimg -r0to247
ori=2

---------------------------------------------------------------------
gauss_4dfp talsrcimg 1.1
---------------------------------------------------------------------

freesurfer gauss_4dfp.c
Reading: talsrcimg.4dfp.img
Writing: talsrcimg_g11.4dfp.img
image dimensions 256 256 256 padded to 288 288 288
processing volume 1freesurfer ifh2hdr.c
Fri Mar 13 05:25:51 2026
Writing: talsrcimg_g11.4dfp.hdr

Writing: talsrcimg_g11.4dfp.ifh
including: talsrcimg.4dfp.img.rec in talsrcimg_g11.4dfp.img.rec

---------------------------------------------------------------------
imgreg_4dfp /opt/freesurfer/average/711-2C_as_mni_average_305 none talsrcimg_g11 none talsrcimg_to_711-2C_as_mni_average_305_t4 4355
---------------------------------------------------------------------

freesurfer imgreg_4dfp.c
/opt/freesurfer/average/711-2C_as_mni_average_305.4dfp.img
       256       256       256         1
  1.000000  1.000000  1.000000
orientation T byte_order littleendian
Reading image: /opt/freesurfer/average/711-2C_as_mni_average_305.4dfp.img
dimensions:      256       256       256
mmppix:       1.0000   -1.0000   -1.0000
center:     128.0000 -129.0000 -129.0000
talsrcimg_g11.4dfp.img
       256       256       256         1
  1.000000  1.000000  1.000000
orientation T byte_order littleendian
Reading image: talsrcimg_g11.4dfp.img
dimensions:      256       256       256
mmppix:       1.0000   -1.0000   -1.0000
center:     128.0000 -129.0000 -129.0000
t4_read: open error in t4_sub.f l:  41 t4_file(1:l)talsrcimg_to_711-2C_as_mni_average_305_t4 
t4_read: transform initialized to I4
rotation matrix determinant  1.000000
image alignment mode   4355 decimal     1103 hex
   -7.5000  -45.0000  -45.0000 4772.2344   16.9838
    0.0000  -45.0000  -45.0000 4988.8076   16.9764
    7.5000  -45.0000  -45.0000 4793.7549   17.0384
   -7.5000  -37.5000  -45.0000 5343.9521   16.3883
    0.0000  -37.5000  -45.0000 5559.0801   16.3786
    7.5000  -37.5000  -45.0000 5358.1616   16.4273
   -7.5000  -30.0000  -45.0000 6107.6587   15.9687
    0.0000  -30.0000  -45.0000 6366.3926   15.9576
    7.5000  -30.0000  -45.0000 6140.4517   16.0001
   -7.5000  -22.5000  -45.0000 6904.4136   15.6922
    0.0000  -22.5000  -45.0000 7199.7012   15.6887
    7.5000  -22.5000  -45.0000 6946.8950   15.7370
   -7.5000  -15.0000  -45.0000 7750.1694   15.5253
    0.0000  -15.0000  -45.0000 8093.7593   15.5292
    7.5000  -15.0000  -45.0000 7789.1240   15.5846
   -7.5000   -7.5000  -45.0000 8652.9209   15.4870
    0.0000   -7.5000  -45.0000 9061.4463   15.4907
    7.5000   -7.5000  -45.0000 8699.1094   15.5467
   -7.5000    0.0000  -45.0000 9551.2656   15.4814
    0.0000    0.0000  -45.000010018.3633   15.4781
    7.5000    0.0000  -45.0000 9618.9375   15.5278
   -7.5000    7.5000  -45.0000 9647.1953   15.4778
    0.0000    7.5000  -45.000010111.2061   15.4677
    7.5000    7.5000  -45.0000 9724.1152   15.5093
   -7.5000   15.0000  -45.0000 9644.2910   15.4802
    0.0000   15.0000  -45.000010122.5771   15.4700
    7.5000   15.0000  -45.0000 9716.8379   15.5099
   -7.5000   22.5000  -45.0000 9536.5205   15.4852
    0.0000   22.5000  -45.000010007.2969   15.4821
    7.5000   22.5000  -45.0000 9605.9346   15.5292
   -7.5000   30.0000  -45.0000 9336.8477   15.2840
    0.0000   30.0000  -45.0000 9797.7471   15.2880
    7.5000   30.0000  -45.0000 9378.5166   15.3424
   -7.5000   37.5000  -45.0000 9483.4521   15.2806
    0.0000   37.5000  -45.0000 9934.2383   15.2842
    7.5000   37.5000  -45.0000 9475.4258   15.3395
   -7.5000   45.0000  -45.0000 9286.4219   14.8873
    0.0000   45.0000  -45.0000 9716.1768   14.8841
    7.5000   45.0000  -45.0000 9280.5566   14.9319
   -7.5000  -45.0000  -37.5000 5153.5049   16.7064
    0.0000  -45.0000  -37.5000 5384.8813   16.6911
    7.5000  -45.0000  -37.5000 5199.9995   16.7371
   -7.5000  -37.5000  -37.5000 5742.4517   16.1317
    0.0000  -37.5000  -37.5000 5992.2173   16.1173
    7.5000  -37.5000  -37.5000 5796.1870   16.1535
   -7.5000  -30.0000  -37.5000 6557.1479   15.7289
    0.0000  -30.0000  -37.5000 6854.4731   15.7171
    7.5000  -30.0000  -37.5000 6628.4141   15.7525
   -7.5000  -22.5000  -37.5000 7417.7134   15.4611
    0.0000  -22.5000  -37.5000 7747.5166   15.4576
    7.5000  -22.5000  -37.5000 7485.4658   15.5004
   -7.5000  -15.0000  -37.5000 8325.9414   15.2967
    0.0000  -15.0000  -37.5000 8728.9785   15.2980
    7.5000  -15.0000  -37.5000 8408.3057   15.3464
   -7.5000   -7.5000  -37.5000 9314.4014   15.2573
    0.0000   -7.5000  -37.5000 9764.9707   15.2553
    7.5000   -7.5000  -37.5000 9404.0312   15.3004
   -7.5000    0.0000  -37.500010254.6914   15.2518
    0.0000    0.0000  -37.500010760.1914   15.2420
    7.5000    0.0000  -37.500010367.2695   15.2786
   -7.5000    7.5000  -37.500010344.5752   15.2493
    0.0000    7.5000  -37.500010854.0605   15.2353
    7.5000    7.5000  -37.500010435.5146   15.2662
   -7.5000   15.0000  -37.500010329.2734   15.2542
    0.0000   15.0000  -37.500010859.8467   15.2434
    7.5000   15.0000  -37.500010420.3701   15.2765
   -7.5000   22.5000  -37.500010195.7559   15.2602
    0.0000   22.5000  -37.500010749.3369   15.2571
    7.5000   22.5000  -37.500010281.1299   15.2988
   -7.5000   30.0000  -37.5000 9955.7520   15.0595
    0.0000   30.0000  -37.500010508.8350   15.0609
    7.5000   30.0000  -37.500010008.0430   15.1085
   -7.5000   37.5000  -37.500010108.1045   15.0540
    0.0000   37.5000  -37.500010654.7080   15.0520
    7.5000   37.5000  -37.500010136.5664   15.0965
   -7.5000   45.0000  -37.5000 9893.3330   14.6665
    0.0000   45.0000  -37.500010428.0830   14.6570
    7.5000   45.0000  -37.5000 9917.3691   14.6922
   -7.5000  -45.0000  -30.0000 5638.2695   17.2572
    0.0000  -45.0000  -30.0000 5914.4375   17.2458
    7.5000  -45.0000  -30.0000 5711.1675   17.2833
   -7.5000  -37.5000  -30.0000 6266.3062   16.6669
    0.0000  -37.5000  -30.0000 6557.7993   16.6569
    7.5000  -37.5000  -30.0000 6335.0918   16.6887
   -7.5000  -30.0000  -30.0000 7154.5312   16.2554
    0.0000  -30.0000  -30.0000 7488.4453   16.2478
    7.5000  -30.0000  -30.0000 7222.7075   16.2839
   -7.5000  -22.5000  -30.0000 8105.6719   15.9810
    0.0000  -22.5000  -30.0000 8502.5625   15.9800
    7.5000  -22.5000  -30.0000 8181.3188   16.0244
   -7.5000  -15.0000  -30.0000 9100.9492   15.8109
    0.0000  -15.0000  -30.0000 9562.1768   15.8142
    7.5000  -15.0000  -30.0000 9187.9551   15.8615
   -7.5000   -7.5000  -30.000010184.3359   15.7694
    0.0000   -7.5000  -30.000010688.2109   15.7704
    7.5000   -7.5000  -30.000010278.2178   15.8099
   -7.5000    0.0000  -30.000011171.5449   15.7635
    0.0000    0.0000  -30.000011737.6553   15.7579
    7.5000    0.0000  -30.000011292.3486   15.7872
   -7.5000    7.5000  -30.000011266.8770   15.7613
    0.0000    7.5000  -30.000011842.4795   15.7520
    7.5000    7.5000  -30.000011386.4111   15.7792
   -7.5000   15.0000  -30.000011229.6299   15.7685
    0.0000   15.0000  -30.000011824.8613   15.7616
    7.5000   15.0000  -30.000011348.9092   15.7951
   -7.5000   22.5000  -30.000011091.1006   15.7738
    0.0000   22.5000  -30.000011682.9951   15.7730
    7.5000   22.5000  -30.000011186.5273   15.8164
   -7.5000   30.0000  -30.000010814.5225   15.5676
    0.0000   30.0000  -30.000011424.4297   15.5710
    7.5000   30.0000  -30.000010894.3643   15.6175
   -7.5000   37.5000  -30.000010949.9932   15.5608
    0.0000   37.5000  -30.000011585.6582   15.5617
    7.5000   37.5000  -30.000011006.8984   15.6007
   -7.5000   45.0000  -30.000010692.2441   15.1696
    0.0000   45.0000  -30.000011335.4424   15.1642
    7.5000   45.0000  -30.000010738.2568   15.1925
   -7.5000  -45.0000  -22.5000 6134.7515   17.8514
    0.0000  -45.0000  -22.5000 6445.6318   17.8545
    7.5000  -45.0000  -22.5000 6232.6528   17.9013
   -7.5000  -37.5000  -22.5000 6801.4941   17.2332
    0.0000  -37.5000  -22.5000 7140.7656   17.2347
    7.5000  -37.5000  -22.5000 6893.2632   17.2770
   -7.5000  -30.0000  -22.5000 7771.0459   16.8040
    0.0000  -30.0000  -22.5000 8155.5400   16.8020
    7.5000  -30.0000  -22.5000 7853.2690   16.8482
   -7.5000  -22.5000  -22.5000 8839.3154   16.5228
    0.0000  -22.5000  -22.5000 9279.2051   16.5243
    7.5000  -22.5000  -22.5000 8928.1562   16.5770
   -7.5000  -15.0000  -22.5000 9923.0635   16.3519
    0.0000  -15.0000  -22.500010428.9082   16.3597
    7.5000  -15.0000  -22.500010020.6279   16.4135
   -7.5000   -7.5000  -22.500011071.2598   16.3106
    0.0000   -7.5000  -22.500011627.6367   16.3213
    7.5000   -7.5000  -22.500011177.7129   16.3671
   -7.5000    0.0000  -22.500012146.4307   16.3014
    0.0000    0.0000  -22.500012763.0039   16.3089
    7.5000    0.0000  -22.500012263.6719   16.3458
   -7.5000    7.5000  -22.500012253.2021   16.2951
    0.0000    7.5000  -22.500012889.3975   16.2965
    7.5000    7.5000  -22.500012380.0303   16.3328
   -7.5000   15.0000  -22.500012215.2861   16.3012
    0.0000   15.0000  -22.500012862.1191   16.2997
    7.5000   15.0000  -22.500012336.3955   16.3426
   -7.5000   22.5000  -22.500012068.1152   16.3079
    0.0000   22.5000  -22.500012701.3008   16.3097
    7.5000   22.5000  -22.500012171.3213   16.3610
   -7.5000   30.0000  -22.500011775.2217   16.1027
    0.0000   30.0000  -22.500012452.3408   16.1105
    7.5000   30.0000  -22.500011880.0205   16.1634
   -7.5000   37.5000  -22.500011867.5557   16.0973
    0.0000   37.5000  -22.500012584.0293   16.1079
    7.5000   37.5000  -22.500011978.9277   16.1530
   -7.5000   45.0000  -22.500011538.0918   15.6991
    0.0000   45.0000  -22.500012249.3105   15.7063
    7.5000   45.0000  -22.500011636.6699   15.7418
   -7.5000  -45.0000  -15.0000 6618.1460   18.2844
    0.0000  -45.0000  -15.0000 6960.0830   18.2980
    7.5000  -45.0000  -15.0000 6707.3428   18.3633
   -7.5000  -37.5000  -15.0000 7361.0894   17.6454
    0.0000  -37.5000  -15.0000 7732.1543   17.6543
    7.5000  -37.5000  -15.0000 7433.2339   17.7126
   -7.5000  -30.0000  -15.0000 8438.9658   17.2032
    0.0000  -30.0000  -15.0000 8867.2422   17.2034
    7.5000  -30.0000  -15.0000 8526.0254   17.2596
   -7.5000  -22.5000  -15.0000 9611.0068   16.9201
    0.0000  -22.5000  -15.000010093.3301   16.9220
    7.5000  -22.5000  -15.0000 9704.9180   16.9810
   -7.5000  -15.0000  -15.000010775.0938   16.7510
    0.0000  -15.0000  -15.000011314.4424   16.7615
    7.5000  -15.0000  -15.000010869.5049   16.8220
   -7.5000   -7.5000  -15.000011982.0957   16.7091
    0.0000   -7.5000  -15.000012582.7900   16.7266
    7.5000   -7.5000  -15.000012090.9307   16.7837
   -7.5000    0.0000  -15.000013130.3574   16.6947
    0.0000    0.0000  -15.000013816.0420   16.7111
    7.5000    0.0000  -15.000013268.4912   16.7632
   -7.5000    7.5000  -15.000013257.3037   16.6841
    0.0000    7.5000  -15.000013977.0566   16.6919
    7.5000    7.5000  -15.000013402.1934   16.7421
   -7.5000   15.0000  -15.000013192.8535   16.6892
    0.0000   15.0000  -15.000013935.7783   16.6899
    7.5000   15.0000  -15.000013363.7441   16.7422
   -7.5000   22.5000  -15.000013012.1787   16.6992
    0.0000   22.5000  -15.000013752.2461   16.7015
    7.5000   22.5000  -15.000013166.8301   16.7590
   -7.5000   30.0000  -15.000012670.4053   16.4979
    0.0000   30.0000  -15.000013460.0723   16.5084
    7.5000   30.0000  -15.000012857.1797   16.5680
   -7.5000   37.5000  -15.000012741.7363   16.4928
    0.0000   37.5000  -15.000013555.5967   16.5101
    7.5000   37.5000  -15.000012926.1055   16.5665
   -7.5000   45.0000  -15.000012351.8516   16.0875
    0.0000   45.0000  -15.000013158.9756   16.1033
    7.5000   45.0000  -15.000012531.7744   16.1536
   -7.5000  -45.0000   -7.5000 7133.4370   18.5019
    0.0000  -45.0000   -7.5000 7488.7607   18.5094
    7.5000  -45.0000   -7.5000 7208.1221   18.5844
   -7.5000  -37.5000   -7.5000 7961.7817   17.8591
    0.0000  -37.5000   -7.5000 8366.0859   17.8617
    7.5000  -37.5000   -7.5000 8027.0981   17.9248
   -7.5000  -30.0000   -7.5000 9161.9902   17.4114
    0.0000  -30.0000   -7.5000 9652.4209   17.4066
    7.5000  -30.0000   -7.5000 9252.0859   17.4622
   -7.5000  -22.5000   -7.500010423.5107   17.1237
    0.0000  -22.5000   -7.500010972.0928   17.1231
    7.5000  -22.5000   -7.500010511.9600   17.1812
   -7.5000  -15.0000   -7.500011676.5283   16.9523
    0.0000  -15.0000   -7.500012266.4082   16.9609
    7.5000  -15.0000   -7.500011753.1719   17.0236
   -7.5000   -7.5000   -7.500012959.6504   16.9101
    0.0000   -7.5000   -7.500013611.4482   16.9238
    7.5000   -7.5000   -7.500013065.5107   16.9878
   -7.5000    0.0000   -7.500014194.8184   16.8967
    0.0000    0.0000   -7.500014928.9932   16.9069
    7.5000    0.0000   -7.500014331.2305   16.9674
   -7.5000    7.5000   -7.500014328.0811   16.8873
    0.0000    7.5000   -7.500015110.2881   16.8886
    7.5000    7.5000   -7.500014512.1543   16.9430
   -7.5000   15.0000   -7.500014243.1162   16.8912
    0.0000   15.0000   -7.500015039.6865   16.8872
    7.5000   15.0000   -7.500014446.1846   16.9391
   -7.5000   22.5000   -7.500014007.4561   16.8978
    0.0000   22.5000   -7.500014842.5098   16.8977
    7.5000   22.5000   -7.500014194.8291   16.9543
   -7.5000   30.0000   -7.500013599.9854   16.6957
    0.0000   30.0000   -7.500014476.8848   16.7043
    7.5000   30.0000   -7.500013838.6055   16.7660
   -7.5000   37.5000   -7.500013643.0459   16.6908
    0.0000   37.5000   -7.500014543.1182   16.7043
    7.5000   37.5000   -7.500013911.7588   16.7675
   -7.5000   45.0000   -7.500013220.3564   16.2852
    0.0000   45.0000   -7.500014080.6924   16.2951
    7.5000   45.0000   -7.500013442.1260   16.3534
   -7.5000  -45.0000    0.0000 7624.3755   18.5392
    0.0000  -45.0000    0.0000 8019.9443   18.5313
    7.5000  -45.0000    0.0000 7705.7451   18.5989
   -7.5000  -37.5000    0.0000 8519.7861   17.9027
    0.0000  -37.5000    0.0000 8989.1221   17.8924
    7.5000  -37.5000    0.0000 8626.1455   17.9458
   -7.5000  -30.0000    0.0000 9811.0117   17.4555
    0.0000  -30.0000    0.000010367.4053   17.4435
    7.5000  -30.0000    0.0000 9938.2891   17.4899
   -7.5000  -22.5000    0.000011149.4336   17.1625
    0.0000  -22.5000    0.000011738.1514   17.1585
    7.5000  -22.5000    0.000011242.9648   17.2104
   -7.5000  -15.0000    0.000012500.5371   16.9860
    0.0000  -15.0000    0.000013117.5693   16.9899
    7.5000  -15.0000    0.000012568.9180   17.0493
   -7.5000   -7.5000    0.000013897.7646   16.9443
    0.0000   -7.5000    0.000014564.8027   16.9481
    7.5000   -7.5000    0.000013950.8154   17.0087
   -7.5000    0.0000    0.000015227.6963   16.9360
    0.0000    0.0000    0.000015937.3721   16.9325
    7.5000    0.0000    0.000015264.0225   16.9869
   -7.5000    7.5000    0.000015351.1582   16.9305
    0.0000    7.5000    0.000016067.8086   16.9197
    7.5000    7.5000    0.000015440.1836   16.9655
   -7.5000   15.0000    0.000015266.0391   16.9335
    0.0000   15.0000    0.000016002.2725   16.9225
    7.5000   15.0000    0.000015414.8848   16.9660
   -7.5000   22.5000    0.000014978.9980   16.9357
    0.0000   22.5000    0.000015829.6504   16.9322
    7.5000   22.5000    0.000015169.2012   16.9827
   -7.5000   30.0000    0.000014497.5801   16.7294
    0.0000   30.0000    0.000015365.9502   16.7333
    7.5000   30.0000    0.000014755.4014   16.7917
   -7.5000   37.5000    0.000014507.1016   16.7250
    0.0000   37.5000    0.000015355.6162   16.7288
    7.5000   37.5000    0.000014770.2471   16.7886
   -7.5000   45.0000    0.000014042.0879   16.3244
    0.0000   45.0000    0.000014842.2217   16.3209
    7.5000   45.0000    0.000014223.9141   16.3735
   -7.5000  -45.0000    7.5000 7464.7466   18.5326
    0.0000  -45.0000    7.5000 7860.9912   18.5157
    7.5000  -45.0000    7.5000 7553.1641   18.5659
   -7.5000  -37.5000    7.5000 8369.2930   17.9006
    0.0000  -37.5000    7.5000 8835.0654   17.8845
    7.5000  -37.5000    7.5000 8458.9482   17.9239
   -7.5000  -30.0000    7.5000 9700.7832   17.4575
    0.0000  -30.0000    7.500010235.0938   17.4443
    7.5000  -30.0000    7.5000 9793.2285   17.4829
   -7.5000  -22.5000    7.500011059.2793   17.1629
    0.0000  -22.5000    7.500011623.5488   17.1589
    7.5000  -22.5000    7.500011120.0947   17.2056
   -7.5000  -15.0000    7.500012417.2725   16.9818
    0.0000  -15.0000    7.500013001.5908   16.9833
    7.5000  -15.0000    7.500012453.4814   17.0361
   -7.5000   -7.5000    7.500013780.3789   16.9381
    0.0000   -7.5000    7.500014384.5762   16.9359
    7.5000   -7.5000    7.500013764.7305   16.9852
   -7.5000    0.0000    7.500015079.9971   16.9319
    0.0000    0.0000    7.500015692.0703   16.9210
    7.5000    0.0000    7.500014995.5205   16.9609
   -7.5000    7.5000    7.500015226.5391   16.9292
    0.0000    7.5000    7.500015820.0029   16.9136
    7.5000    7.5000    7.500015149.4668   16.9473
   -7.5000   15.0000    7.500015211.9678   16.9348
    0.0000   15.0000    7.500015906.1855   16.9228
    7.5000   15.0000    7.500015277.6523   16.9588
   -7.5000   22.5000    7.500014923.3887   16.9362
    0.0000   22.5000    7.500015771.7637   16.9326
    7.5000   22.5000    7.500015150.3682   16.9781
   -7.5000   30.0000    7.500014347.4648   16.7254
    0.0000   30.0000    7.500015073.3154   16.7269
    7.5000   30.0000    7.500014607.7012   16.7788
   -7.5000   37.5000    7.500014327.1807   16.7189
    0.0000   37.5000    7.500014973.1865   16.7167
    7.5000   37.5000    7.500014546.9033   16.7654
   -7.5000   45.0000    7.500013845.8291   16.3204
    0.0000   45.0000    7.500014509.6934   16.3099
    7.5000   45.0000    7.500014026.0889   16.3483
   -7.5000  -45.0000   15.0000 7252.5332   18.5286
    0.0000  -45.0000   15.0000 7625.6597   18.5164
    7.5000  -45.0000   15.0000 7337.9160   18.5566
   -7.5000  -37.5000   15.0000 8122.8677   17.8949
    0.0000  -37.5000   15.0000 8551.4639   17.8842
    7.5000  -37.5000   15.0000 8196.8242   17.9183
   -7.5000  -30.0000   15.0000 9380.0664   17.4532
    0.0000  -30.0000   15.0000 9901.8916   17.4450
    7.5000  -30.0000   15.0000 9452.5674   17.4837
   -7.5000  -22.5000   15.000010695.7002   17.1585
    0.0000  -22.5000   15.000011268.3447   17.1574
    7.5000  -22.5000   15.000010748.1846   17.2052
   -7.5000  -15.0000   15.000012050.0449   16.9759
    0.0000  -15.0000   15.000012647.2236   16.9795
    7.5000  -15.0000   15.000012063.7666   17.0303
   -7.5000   -7.5000   15.000013444.5527   16.9314
    0.0000   -7.5000   15.000014048.2891   16.9324
    7.5000   -7.5000   15.000013395.5078   16.9749
   -7.5000    0.0000   15.000014737.5605   16.9251
    0.0000    0.0000   15.000015338.1396   16.9191
    7.5000    0.0000   15.000014644.1299   16.9506
   -7.5000    7.5000   15.000014902.3564   16.9227
    0.0000    7.5000   15.000015469.8428   16.9128
    7.5000    7.5000   15.000014813.4033   16.9419
   -7.5000   15.0000   15.000014898.6455   16.9304
    0.0000   15.0000   15.000015543.3457   16.9230
    7.5000   15.0000   15.000014895.6211   16.9590
   -7.5000   22.5000   15.000014711.3652   16.9323
    0.0000   22.5000   15.000015312.0371   16.9316
    7.5000   22.5000   15.000014765.5029   16.9781
   -7.5000   30.0000   15.000014231.9600   16.7196
    0.0000   30.0000   15.000014664.5967   16.7232
    7.5000   30.0000   15.000014299.8779   16.7732
   -7.5000   37.5000   15.000014181.4453   16.7123
    0.0000   37.5000   15.000014632.9824   16.7133
    7.5000   37.5000   15.000014264.2549   16.7552
   -7.5000   45.0000   15.000013641.8779   16.3138
    0.0000   45.0000   15.000014216.6826   16.3080
    7.5000   45.0000   15.000013738.7822   16.3384
   -7.5000  -45.0000   22.5000 6930.2861   18.5312
    0.0000  -45.0000   22.5000 7325.1592   18.5344
    7.5000  -45.0000   22.5000 7037.8105   18.5830
   -7.5000  -37.5000   22.5000 7784.1172   17.8894
    0.0000  -37.5000   22.5000 8216.4355   17.8910
    7.5000  -37.5000   22.5000 7883.0303   17.9349
   -7.5000  -30.0000   22.5000 9027.7656   17.4439
    0.0000  -30.0000   22.5000 9496.2139   17.4418
    7.5000  -30.0000   22.5000 9099.4609   17.4898
   -7.5000  -22.5000   22.500010328.1309   17.1520
    0.0000  -22.5000   22.500010828.4521   17.1535
    7.5000  -22.5000   22.500010361.3828   17.2082
   -7.5000  -15.0000   22.500011617.5176   16.9746
    0.0000  -15.0000   22.500012173.7793   16.9827
    7.5000  -15.0000   22.500011642.0430   17.0385
   -7.5000   -7.5000   22.500012904.0684   16.9317
    0.0000   -7.5000   22.500013526.9160   16.9429
    7.5000   -7.5000   22.500012933.4521   16.9903
   -7.5000    0.0000   22.500014100.8887   16.9222
    0.0000    0.0000   22.500014742.9521   16.9300
    7.5000    0.0000   22.500014071.0918   16.9682
   -7.5000    7.5000   22.500014201.2168   16.9156
    0.0000    7.5000   22.500014803.0420   16.9171
    7.5000    7.5000   22.500014112.3975   16.9548
   -7.5000   15.0000   22.500014136.1592   16.9220
    0.0000   15.0000   22.500014732.7178   16.9203
    7.5000   15.0000   22.500014045.2490   16.9649
   -7.5000   22.5000   22.500013946.3232   16.9263
    0.0000   22.5000   22.500014540.2002   16.9282
    7.5000   22.5000   22.500013805.5322   16.9815
   -7.5000   30.0000   22.500013597.8643   16.7182
    0.0000   30.0000   22.500014181.9375   16.7263
    7.5000   30.0000   22.500013497.1953   16.7813
   -7.5000   37.5000   22.500013663.4805   16.7126
    0.0000   37.5000   22.500014269.5303   16.7236
    7.5000   37.5000   22.500013605.5430   16.7705
   -7.5000   45.0000   22.500013105.0859   16.3110
    0.0000   45.0000   22.500013707.4932   16.3185
    7.5000   45.0000   22.500013095.3418   16.3554
   -7.5000  -45.0000   30.0000 6581.7368   18.5355
    0.0000  -45.0000   30.0000 6949.1904   18.5493
    7.5000  -45.0000   30.0000 6712.4658   18.6155
   -7.5000  -37.5000   30.0000 7383.3296   17.8878
    0.0000  -37.5000   30.0000 7775.4565   17.8968
    7.5000  -37.5000   30.0000 7509.5942   17.9559
   -7.5000  -30.0000   30.0000 8528.5410   17.4394
    0.0000  -30.0000   30.0000 8967.7578   17.4397
    7.5000  -30.0000   30.0000 8621.5771   17.4967
   -7.5000  -22.5000   30.0000 9728.4297   17.1525
    0.0000  -22.5000   30.000010236.0430   17.1545
    7.5000  -22.5000   30.0000 9800.0996   17.2142
   -7.5000  -15.0000   30.000010923.1338   16.9811
    0.0000  -15.0000   30.000011526.8154   16.9917
    7.5000  -15.0000   30.000011009.4590   17.0531
   -7.5000   -7.5000   30.000012105.5430   16.9385
    0.0000   -7.5000   30.000012801.5166   16.9563
    7.5000   -7.5000   30.000012225.7656   17.0142
   -7.5000    0.0000   30.000013233.0605   16.9239
    0.0000    0.0000   30.000013946.5332   16.9406
    7.5000    0.0000   30.000013287.6250   16.9934
   -7.5000    7.5000   30.000013310.8086   16.9132
    0.0000    7.5000   30.000013964.7051   16.9211
    7.5000    7.5000   30.000013293.5488   16.9720
   -7.5000   15.0000   30.000013255.7510   16.9184
    0.0000   15.0000   30.000013867.5977   16.9191
    7.5000   15.0000   30.000013207.0947   16.9721
   -7.5000   22.5000   30.000013066.4004   16.9267
    0.0000   22.5000   30.000013613.1182   16.9291
    7.5000   22.5000   30.000012962.9551   16.9874
   -7.5000   30.0000   30.000012761.7969   16.7245
    0.0000   30.0000   30.000013277.3193   16.7352
    7.5000   30.0000   30.000012671.6514   16.7955
   -7.5000   37.5000   30.000012844.3174   16.7193
    0.0000   37.5000   30.000013371.4785   16.7368
    7.5000   37.5000   30.000012798.1152   16.7940
   -7.5000   45.0000   30.000012354.1465   16.3127
    0.0000   45.0000   30.000012851.9736   16.3288
    7.5000   45.0000   30.000012322.5996   16.3797
   -7.5000  -45.0000   37.5000 6430.9409   18.5885
    0.0000  -45.0000   37.5000 6784.5132   18.5958
    7.5000  -45.0000   37.5000 6540.0146   18.6712
   -7.5000  -37.5000   37.5000 7205.8071   17.9412
    0.0000  -37.5000   37.5000 7610.5918   17.9435
    7.5000  -37.5000   37.5000 7320.3545   18.0071
   -7.5000  -30.0000   37.5000 8296.6699   17.4901
    0.0000  -30.0000   37.5000 8765.1543   17.4852
    7.5000  -30.0000   37.5000 8425.3018   17.5412
   -7.5000  -22.5000   37.5000 9459.9629   17.2002
    0.0000  -22.5000   37.5000 9968.9219   17.1995
    7.5000  -22.5000   37.5000 9583.0840   17.2580
   -7.5000  -15.0000   37.500010605.2520   17.0274
    0.0000  -15.0000   37.500011185.2500   17.0360
    7.5000  -15.0000   37.500010748.0752   17.0991
   -7.5000   -7.5000   37.500011779.0381   16.9850
    0.0000   -7.5000   37.500012400.0176   16.9987
    7.5000   -7.5000   37.500011898.2119   17.0630
   -7.5000    0.0000   37.500012864.0586   16.9718
    0.0000    0.0000   37.500013482.6572   16.9820
    7.5000    0.0000   37.500012910.7344   17.0428
   -7.5000    7.5000   37.500012940.7461   16.9625
    0.0000    7.5000   37.500013490.0977   16.9637
    7.5000    7.5000   37.500012890.4121   17.0184
   -7.5000   15.0000   37.500012854.5273   16.9663
    0.0000   15.0000   37.500013379.5186   16.9621
    7.5000   15.0000   37.500012799.1680   17.0145
   -7.5000   22.5000   37.500012632.8994   16.9727
    0.0000   22.5000   37.500013115.1270   16.9725
    7.5000   22.5000   37.500012550.0840   17.0295
   -7.5000   30.0000   37.500012335.9463   16.7701
    0.0000   30.0000   37.500012802.4297   16.7786
    7.5000   30.0000   37.500012253.3701   16.8407
   -7.5000   37.5000   37.500012433.9883   16.7652
    0.0000   37.5000   37.500012927.0146   16.7787
    7.5000   37.5000   37.500012385.3545   16.8422
   -7.5000   45.0000   37.500011986.4844   16.3589
    0.0000   45.0000   37.500012456.6523   16.3687
    7.5000   45.0000   37.500011955.6641   16.4273
   -7.5000  -45.0000   45.0000 6000.8989   18.6916
    0.0000  -45.0000   45.0000 6325.7651   18.6827
    7.5000  -45.0000   45.0000 6099.5928   18.7511
   -7.5000  -37.5000   45.0000 6717.6084   18.0411
    0.0000  -37.5000   45.0000 7074.0547   18.0298
    7.5000  -37.5000   45.0000 6826.5884   18.0836
   -7.5000  -30.0000   45.0000 7725.1533   17.5845
    0.0000  -30.0000   45.0000 8141.0039   17.5712
    7.5000  -30.0000   45.0000 7843.0640   17.6177
   -7.5000  -22.5000   45.0000 8767.2920   17.2852
    0.0000  -22.5000   45.0000 9248.8447   17.2801
    7.5000  -22.5000   45.0000 8899.5684   17.3321
   -7.5000  -15.0000   45.0000 9818.2578   17.1045
    0.0000  -15.0000   45.000010353.5078   17.1077
    7.5000  -15.0000   45.0000 9959.4648   17.1674
   -7.5000   -7.5000   45.000010882.7959   17.0616
    0.0000   -7.5000   45.000011447.3867   17.0649
    7.5000   -7.5000   45.000010984.5410   17.1259
   -7.5000    0.0000   45.000011863.4668   17.0532
    0.0000    0.0000   45.000012452.9102   17.0490
    7.5000    0.0000   45.000011916.7031   17.1039
   -7.5000    7.5000   45.000011916.3037   17.0480
    0.0000    7.5000   45.000012461.2529   17.0363
    7.5000    7.5000   45.000011902.0908   17.0823
   -7.5000   15.0000   45.000011822.6455   17.0514
    0.0000   15.0000   45.000012306.2842   17.0393
    7.5000   15.0000   45.000011767.8008   17.0829
   -7.5000   22.5000   45.000011611.3018   17.0537
    0.0000   22.5000   45.000012065.6729   17.0491
    7.5000   22.5000   45.000011526.7725   17.0998
   -7.5000   30.0000   45.000011339.8516   16.8442
    0.0000   30.0000   45.000011784.8359   16.8474
    7.5000   30.0000   45.000011259.2100   16.9060
   -7.5000   37.5000   45.000011475.0527   16.8393
    0.0000   37.5000   45.000011921.6045   16.8426
    7.5000   37.5000   45.000011421.2568   16.9028
   -7.5000   45.0000   45.000011090.0000   16.4448
    0.0000   45.0000   45.000011535.0693   16.4407
    7.5000   45.0000   45.000011063.5664   16.4937

---------------------------------------------------------------------
imgreg_4dfp /opt/freesurfer/average/711-2C_as_mni_average_305 /opt/freesurfer/average/711-2B_as_mni_average_305_mask talsrcimg_g11 none talsrcimg_to_711-2C_as_mni_average_305_t4 4355
---------------------------------------------------------------------

freesurfer imgreg_4dfp.c
/opt/freesurfer/average/711-2C_as_mni_average_305.4dfp.img
       256       256       256         1
  1.000000  1.000000  1.000000
orientation T byte_order littleendian
Reading image: /opt/freesurfer/average/711-2C_as_mni_average_305.4dfp.img
dimensions:      256       256       256
mmppix:       1.0000   -1.0000   -1.0000
center:     128.0000 -129.0000 -129.0000
/opt/freesurfer/average/711-2B_as_mni_average_305_mask.4dfp.img
       256       256       256         1
  1.000000  1.000000  1.000000
orientation T byte_order littleendian
Reading mask: /opt/freesurfer/average/711-2B_as_mni_average_305_mask.4dfp.img (2306576 pixels)
talsrcimg_g11.4dfp.img
       256       256       256         1
  1.000000  1.000000  1.000000
orientation T byte_order littleendian
Reading image: talsrcimg_g11.4dfp.img
dimensions:      256       256       256
mmppix:       1.0000   -1.0000   -1.0000
center:     128.0000 -129.0000 -129.0000
rotation matrix determinant  1.000000
image alignment mode   4355 decimal     1103 hex
   -7.5000  -37.5000  -45.0000 1547.6628   31.2864
    0.0000  -37.5000  -45.0000 1553.4381   31.1606
    7.5000  -37.5000  -45.0000 1541.6483   31.5384
   -7.5000  -30.0000  -45.0000 1675.0287   26.8993
    0.0000  -30.0000  -45.0000 1678.4878   26.8122
    7.5000  -30.0000  -45.0000 1669.6589   27.0231
   -7.5000  -22.5000  -45.0000 1797.5438   23.5466
    0.0000  -22.5000  -45.0000 1800.5648   23.3987
    7.5000  -22.5000  -45.0000 1794.4757   23.6310
   -7.5000  -15.0000  -45.0000 1908.0739   21.0767
    0.0000  -15.0000  -45.0000 1918.8552   21.0124
    7.5000  -15.0000  -45.0000 1903.3455   21.1855
   -7.5000   -7.5000  -45.0000 2008.8000   19.3254
    0.0000   -7.5000  -45.0000 2022.7656   19.3169
    7.5000   -7.5000  -45.0000 2006.7946   19.4453
   -7.5000    0.0000  -45.0000 2097.7930   18.0882
    0.0000    0.0000  -45.0000 2114.9270   18.0584
    7.5000    0.0000  -45.0000 2101.2197   18.1479
   -7.5000    7.5000  -45.0000 2154.3157   17.1534
    0.0000    7.5000  -45.0000 2165.0767   17.1246
    7.5000    7.5000  -45.0000 2153.9946   17.1965
   -7.5000   15.0000  -45.0000 2186.3547   16.4731
    0.0000   15.0000  -45.0000 2199.4841   16.4688
    7.5000   15.0000  -45.0000 2189.3545   16.4892
   -7.5000   22.5000  -45.0000 2200.6016   16.0143
    0.0000   22.5000  -45.0000 2209.7874   16.0175
    7.5000   22.5000  -45.0000 2204.2375   16.0832
   -7.5000   30.0000  -45.0000 2198.6943   15.9118
    0.0000   30.0000  -45.0000 2207.4290   15.8590
    7.5000   30.0000  -45.0000 2202.2053   15.9635
   -7.5000   37.5000  -45.0000 2182.3191   16.1269
    0.0000   37.5000  -45.0000 2194.2451   16.0501
    7.5000   37.5000  -45.0000 2182.4570   16.1472
   -7.5000   45.0000  -45.0000 2147.8191   16.6618
    0.0000   45.0000  -45.0000 2161.8965   16.5150
    7.5000   45.0000  -45.0000 2147.2961   16.6708
   -7.5000   52.5000  -45.0000 2090.0325   17.3673
    0.0000   52.5000  -45.0000 2102.7820   17.1946
    7.5000   52.5000  -45.0000 2083.6572   17.3912
   -7.5000  -37.5000  -37.5000 1623.4694   28.4384
    0.0000  -37.5000  -37.5000 1628.6230   28.3344
    7.5000  -37.5000  -37.5000 1621.0404   28.7714
   -7.5000  -30.0000  -37.5000 1759.3146   24.4913
    0.0000  -30.0000  -37.5000 1763.6556   24.3487
    7.5000  -30.0000  -37.5000 1756.3735   24.6560
   -7.5000  -22.5000  -37.5000 1885.8744   21.4919
    0.0000  -22.5000  -37.5000 1890.3535   21.3157
    7.5000  -22.5000  -37.5000 1882.0536   21.5382
   -7.5000  -15.0000  -37.5000 2003.4304   19.2153
    0.0000  -15.0000  -37.5000 2015.1445   19.1746
    7.5000  -15.0000  -37.5000 2001.7041   19.3064
   -7.5000   -7.5000  -37.5000 2112.8135   17.6213
    0.0000   -7.5000  -37.5000 2122.0588   17.6267
    7.5000   -7.5000  -37.5000 2111.7251   17.7218
   -7.5000    0.0000  -37.5000 2201.3845   16.4760
    0.0000    0.0000  -37.5000 2210.8333   16.4610
    7.5000    0.0000  -37.5000 2204.9390   16.5100
   -7.5000    7.5000  -37.5000 2259.7288   15.6403
    0.0000    7.5000  -37.5000 2269.3064   15.6193
    7.5000    7.5000  -37.5000 2253.7815   15.6725
   -7.5000   15.0000  -37.5000 2296.9080   15.0421
    0.0000   15.0000  -37.5000 2312.1067   14.9827
    7.5000   15.0000  -37.5000 2294.2583   15.0273
   -7.5000   22.5000  -37.5000 2309.5420   14.6341
    0.0000   22.5000  -37.5000 2327.2190   14.6492
    7.5000   22.5000  -37.5000 2311.8093   14.6867
   -7.5000   30.0000  -37.5000 2310.3853   14.5215
    0.0000   30.0000  -37.5000 2321.8979   14.5282
    7.5000   30.0000  -37.5000 2306.9417   14.5401
   -7.5000   37.5000  -37.5000 2292.8926   14.7158
    0.0000   37.5000  -37.5000 2305.2351   14.6621
    7.5000   37.5000  -37.5000 2290.4697   14.7113
   -7.5000   45.0000  -37.5000 2263.9099   15.1374
    0.0000   45.0000  -37.5000 2278.4216   15.0456
    7.5000   45.0000  -37.5000 2263.2363   15.1432
   -7.5000   52.5000  -37.5000 2201.9446   15.7877
    0.0000   52.5000  -37.5000 2215.8318   15.6511
    7.5000   52.5000  -37.5000 2198.0596   15.7715
   -7.5000  -37.5000  -30.0000 1726.2317   26.9237
    0.0000  -37.5000  -30.0000 1723.9479   26.8549
    7.5000  -37.5000  -30.0000 1716.5925   27.1311
   -7.5000  -30.0000  -30.0000 1870.1539   23.1607
    0.0000  -30.0000  -30.0000 1870.1554   23.0923
    7.5000  -30.0000  -30.0000 1860.9431   23.1979
   -7.5000  -22.5000  -30.0000 2004.4709   20.3504
    0.0000  -22.5000  -30.0000 2013.7615   20.2051
    7.5000  -22.5000  -30.0000 1998.9897   20.3010
   -7.5000  -15.0000  -30.0000 2129.6704   18.2229
    0.0000  -15.0000  -30.0000 2144.2297   18.1407
    7.5000  -15.0000  -30.0000 2128.3435   18.2316
   -7.5000   -7.5000  -30.0000 2249.0146   16.6859
    0.0000   -7.5000  -30.0000 2261.0112   16.6715
    7.5000   -7.5000  -30.0000 2244.4854   16.7319
   -7.5000    0.0000  -30.0000 2336.9185   15.5744
    0.0000    0.0000  -30.0000 2353.2549   15.5631
    7.5000    0.0000  -30.0000 2339.4700   15.5967
   -7.5000    7.5000  -30.0000 2400.0071   14.7585
    0.0000    7.5000  -30.0000 2412.5066   14.7465
    7.5000    7.5000  -30.0000 2400.6218   14.8135
   -7.5000   15.0000  -30.0000 2444.8359   14.2142
    0.0000   15.0000  -30.0000 2459.7283   14.1636
    7.5000   15.0000  -30.0000 2441.0469   14.2144
   -7.5000   22.5000  -30.0000 2468.6055   13.8478
    0.0000   22.5000  -30.0000 2483.3235   13.8348
    7.5000   22.5000  -30.0000 2464.6003   13.8707
   -7.5000   30.0000  -30.0000 2473.5227   13.7212
    0.0000   30.0000  -30.0000 2485.2590   13.7445
    7.5000   30.0000  -30.0000 2466.7986   13.7247
   -7.5000   37.5000  -30.0000 2458.5669   13.9139
    0.0000   37.5000  -30.0000 2474.0273   13.8810
    7.5000   37.5000  -30.0000 2450.6238   13.8796
   -7.5000   45.0000  -30.0000 2428.6294   14.3000
    0.0000   45.0000  -30.0000 2447.7588   14.2522
    7.5000   45.0000  -30.0000 2421.0759   14.2880
   -7.5000   52.5000  -30.0000 2363.2280   14.9112
    0.0000   52.5000  -30.0000 2380.4966   14.8435
    7.5000   52.5000  -30.0000 2352.1001   14.8967
   -7.5000  -37.5000  -22.5000 1797.0983   25.4778
    0.0000  -37.5000  -22.5000 1801.6440   25.3156
    7.5000  -37.5000  -22.5000 1791.6307   25.5886
   -7.5000  -30.0000  -22.5000 1943.0170   21.8942
    0.0000  -30.0000  -22.5000 1953.4403   21.7053
    7.5000  -30.0000  -22.5000 1938.1138   21.8414
   -7.5000  -22.5000  -22.5000 2091.9438   19.2474
    0.0000  -22.5000  -22.5000 2106.4966   19.0190
    7.5000  -22.5000  -22.5000 2089.1726   19.1530
   -7.5000  -15.0000  -22.5000 2224.8918   17.1878
    0.0000  -15.0000  -22.5000 2243.6843   17.0575
    7.5000  -15.0000  -22.5000 2226.1230   17.1414
   -7.5000   -7.5000  -22.5000 2351.3472   15.6695
    0.0000   -7.5000  -22.5000 2367.1709   15.6400
    7.5000   -7.5000  -22.5000 2349.7437   15.7076
   -7.5000    0.0000  -22.5000 2446.1819   14.6022
    0.0000    0.0000  -22.5000 2463.2336   14.5731
    7.5000    0.0000  -22.5000 2444.5637   14.6358
   -7.5000    7.5000  -22.5000 2515.4517   13.8249
    0.0000    7.5000  -22.5000 2528.8618   13.7945
    7.5000    7.5000  -22.5000 2513.6816   13.8814
   -7.5000   15.0000  -22.5000 2570.6433   13.2852
    0.0000   15.0000  -22.5000 2579.8103   13.2403
    7.5000   15.0000  -22.5000 2562.5359   13.3201
   -7.5000   22.5000  -22.5000 2606.0442   12.9639
    0.0000   22.5000  -22.5000 2613.2825   12.9244
    7.5000   22.5000  -22.5000 2596.3462   12.9875
   -7.5000   30.0000  -22.5000 2619.3555   12.8480
    0.0000   30.0000  -22.5000 2632.7812   12.8194
    7.5000   30.0000  -22.5000 2607.4407   12.8541
   -7.5000   37.5000  -22.5000 2605.3508   13.0504
    0.0000   37.5000  -22.5000 2622.8186   13.0117
    7.5000   37.5000  -22.5000 2597.6980   13.0498
   -7.5000   45.0000  -22.5000 2571.1643   13.4174
    0.0000   45.0000  -22.5000 2593.3901   13.3807
    7.5000   45.0000  -22.5000 2565.9485   13.4430
   -7.5000   52.5000  -22.5000 2497.9653   13.9964
    0.0000   52.5000  -22.5000 2517.3650   13.9592
    7.5000   52.5000  -22.5000 2487.4434   14.0342
   -7.5000  -37.5000  -15.0000 1852.4946   24.2690
    0.0000  -37.5000  -15.0000 1854.7280   23.9978
    7.5000  -37.5000  -15.0000 1839.4730   24.0085
   -7.5000  -30.0000  -15.0000 2000.3453   20.8505
    0.0000  -30.0000  -15.0000 2011.0978   20.5807
    7.5000  -30.0000  -15.0000 1998.7377   20.6231
   -7.5000  -22.5000  -15.0000 2153.2358   18.3263
    0.0000  -22.5000  -15.0000 2170.5547   18.0608
    7.5000  -22.5000  -15.0000 2155.8748   18.1435
   -7.5000  -15.0000  -15.0000 2291.1902   16.3025
    0.0000  -15.0000  -15.0000 2310.7563   16.1010
    7.5000  -15.0000  -15.0000 2296.5994   16.2261
   -7.5000   -7.5000  -15.0000 2421.7695   14.7832
    0.0000   -7.5000  -15.0000 2438.3074   14.6600
    7.5000   -7.5000  -15.0000 2422.0610   14.8155
   -7.5000    0.0000  -15.0000 2522.6421   13.6991
    0.0000    0.0000  -15.0000 2541.7695   13.6252
    7.5000    0.0000  -15.0000 2522.9775   13.7336
   -7.5000    7.5000  -15.0000 2601.8110   12.9440
    0.0000    7.5000  -15.0000 2619.0830   12.8952
    7.5000    7.5000  -15.0000 2598.5256   12.9791
   -7.5000   15.0000  -15.0000 2660.0681   12.4233
    0.0000   15.0000  -15.0000 2677.8572   12.3716
    7.5000   15.0000  -15.0000 2658.2859   12.4497
   -7.5000   22.5000  -15.0000 2707.3540   12.1111
    0.0000   22.5000  -15.0000 2722.2964   12.0539
    7.5000   22.5000  -15.0000 2701.2390   12.1333
   -7.5000   30.0000  -15.0000 2725.5566   12.0127
    0.0000   30.0000  -15.0000 2745.4307   11.9604
    7.5000   30.0000  -15.0000 2722.4250   12.0357
   -7.5000   37.5000  -15.0000 2718.6345   12.1939
    0.0000   37.5000  -15.0000 2742.1682   12.1476
    7.5000   37.5000  -15.0000 2716.8430   12.2308
   -7.5000   45.0000  -15.0000 2683.8247   12.5780
    0.0000   45.0000  -15.0000 2713.2036   12.5299
    7.5000   45.0000  -15.0000 2684.6428   12.6038
   -7.5000   52.5000  -15.0000 2605.4705   13.1911
    0.0000   52.5000  -15.0000 2628.6895   13.1170
    7.5000   52.5000  -15.0000 2598.9509   13.2077
   -7.5000  -37.5000   -7.5000 1894.1979   23.1308
    0.0000  -37.5000   -7.5000 1897.5129   22.6941
    7.5000  -37.5000   -7.5000 1882.9207   22.7771
   -7.5000  -30.0000   -7.5000 2050.7898   19.9629
    0.0000  -30.0000   -7.5000 2065.0625   19.6113
    7.5000  -30.0000   -7.5000 2051.3618   19.5685
   -7.5000  -22.5000   -7.5000 2203.2942   17.5020
    0.0000  -22.5000   -7.5000 2226.3154   17.1858
    7.5000  -22.5000   -7.5000 2209.4399   17.2310
   -7.5000  -15.0000   -7.5000 2340.0630   15.5129
    0.0000  -15.0000   -7.5000 2361.9712   15.2695
    7.5000  -15.0000   -7.5000 2348.4214   15.3679
   -7.5000   -7.5000   -7.5000 2468.6433   14.0290
    0.0000   -7.5000   -7.5000 2488.5415   13.8388
    7.5000   -7.5000   -7.5000 2479.4780   13.9629
   -7.5000    0.0000   -7.5000 2578.6438   12.9415
    0.0000    0.0000   -7.5000 2600.9280   12.7781
    7.5000    0.0000   -7.5000 2586.7866   12.9058
   -7.5000    7.5000   -7.5000 2667.4014   12.1778
    0.0000    7.5000   -7.5000 2690.5281   12.0495
    7.5000    7.5000   -7.5000 2675.7278   12.1594
   -7.5000   15.0000   -7.5000 2733.4050   11.6456
    0.0000   15.0000   -7.5000 2761.2200   11.5563
    7.5000   15.0000   -7.5000 2742.0896   11.6501
   -7.5000   22.5000   -7.5000 2791.2849   11.3475
    0.0000   22.5000   -7.5000 2818.5405   11.2694
    7.5000   22.5000   -7.5000 2794.7961   11.3561
   -7.5000   30.0000   -7.5000 2815.7280   11.2547
    0.0000   30.0000   -7.5000 2845.5342   11.1885
    7.5000   30.0000   -7.5000 2819.6606   11.2860
   -7.5000   37.5000   -7.5000 2812.2312   11.4367
    0.0000   37.5000   -7.5000 2844.8687   11.3567
    7.5000   37.5000   -7.5000 2817.9377   11.4587
   -7.5000   45.0000   -7.5000 2777.5352   11.8116
    0.0000   45.0000   -7.5000 2809.4146   11.7135
    7.5000   45.0000   -7.5000 2784.8555   11.8262
   -7.5000   52.5000   -7.5000 2689.8459   12.4455
    0.0000   52.5000   -7.5000 2714.6118   12.3319
    7.5000   52.5000   -7.5000 2688.6221   12.4377
   -7.5000  -37.5000    0.0000 1921.8612   22.3885
    0.0000  -37.5000    0.0000 1932.8901   21.8983
    7.5000  -37.5000    0.0000 1918.3928   21.8573
   -7.5000  -30.0000    0.0000 2085.0854   19.2695
    0.0000  -30.0000    0.0000 2106.1235   18.8595
    7.5000  -30.0000    0.0000 2096.9712   18.8179
   -7.5000  -22.5000    0.0000 2235.7092   16.8592
    0.0000  -22.5000    0.0000 2259.9026   16.4960
    7.5000  -22.5000    0.0000 2249.7578   16.5058
   -7.5000  -15.0000    0.0000 2375.2776   14.9491
    0.0000  -15.0000    0.0000 2400.3884   14.6311
    7.5000  -15.0000    0.0000 2387.1694   14.6929
   -7.5000   -7.5000    0.0000 2506.3550   13.4723
    0.0000   -7.5000    0.0000 2532.3601   13.2123
    7.5000   -7.5000    0.0000 2520.1853   13.2998
   -7.5000    0.0000    0.0000 2620.8923   12.3743
    0.0000    0.0000    0.0000 2644.2573   12.1372
    7.5000    0.0000    0.0000 2632.3657   12.2505
   -7.5000    7.5000    0.0000 2713.4329   11.5992
    0.0000    7.5000    0.0000 2740.5557   11.3896
    7.5000    7.5000    0.0000 2731.8179   11.5007
   -7.5000   15.0000    0.0000 2792.4827   11.0704
    0.0000   15.0000    0.0000 2821.8345   10.8930
    7.5000   15.0000    0.0000 2810.8201   10.9995
   -7.5000   22.5000    0.0000 2858.0459   10.7562
    0.0000   22.5000    0.0000 2892.9771   10.6256
    7.5000   22.5000    0.0000 2869.6516   10.7397
   -7.5000   30.0000    0.0000 2889.8672   10.6617
    0.0000   30.0000    0.0000 2930.6155   10.5661
    7.5000   30.0000    0.0000 2903.0105   10.6771
   -7.5000   37.5000    0.0000 2889.8513   10.7901
    0.0000   37.5000    0.0000 2926.5896   10.6827
    7.5000   37.5000    0.0000 2902.0581   10.8300
   -7.5000   45.0000    0.0000 2848.8054   11.2102
    0.0000   45.0000    0.0000 2882.0718   11.0548
    7.5000   45.0000    0.0000 2860.4192   11.2017
   -7.5000   52.5000    0.0000 2746.6775   11.8998
    0.0000   52.5000    0.0000 2774.2158   11.7379
    7.5000   52.5000    0.0000 2756.5220   11.8522
   -7.5000  -37.5000    7.5000 1932.2969   21.9486
    0.0000  -37.5000    7.5000 1949.6537   21.3826
    7.5000  -37.5000    7.5000 1936.2966   21.2534
   -7.5000  -30.0000    7.5000 2104.3235   18.9161
    0.0000  -30.0000    7.5000 2130.9575   18.4504
    7.5000  -30.0000    7.5000 2121.2922   18.3558
   -7.5000  -22.5000    7.5000 2268.4380   16.5301
    0.0000  -22.5000    7.5000 2292.0974   16.0793
    7.5000  -22.5000    7.5000 2280.2712   16.0931
   -7.5000  -15.0000    7.5000 2410.4587   14.6442
    0.0000  -15.0000    7.5000 2434.0764   14.2334
    7.5000  -15.0000    7.5000 2423.5005   14.2899
   -7.5000   -7.5000    7.5000 2541.3496   13.1708
    0.0000   -7.5000    7.5000 2561.7617   12.7984
    7.5000   -7.5000    7.5000 2551.3167   12.8806
   -7.5000    0.0000    7.5000 2656.0454   12.0298
    0.0000    0.0000    7.5000 2678.6284   11.6905
    7.5000    0.0000    7.5000 2664.3672   11.7985
   -7.5000    7.5000    7.5000 2755.6399   11.2249
    0.0000    7.5000    7.5000 2779.1924   10.9181
    7.5000    7.5000    7.5000 2767.6189   11.0346
   -7.5000   15.0000    7.5000 2839.2249   10.7116
    0.0000   15.0000    7.5000 2867.2534   10.4435
    7.5000   15.0000    7.5000 2858.3557   10.5750
   -7.5000   22.5000    7.5000 2908.5396   10.4347
    0.0000   22.5000    7.5000 2957.0955   10.2193
    7.5000   22.5000    7.5000 2934.2532   10.3532
   -7.5000   30.0000    7.5000 2949.7351   10.2686
    0.0000   30.0000    7.5000 3003.2871   10.0912
    7.5000   30.0000    7.5000 2969.8489   10.2853
   -7.5000   37.5000    7.5000 2951.8665   10.3908
    0.0000   37.5000    7.5000 2987.9866   10.1470
    7.5000   37.5000    7.5000 2962.8906   10.4049
   -7.5000   45.0000    7.5000 2904.3511   10.8809
    0.0000   45.0000    7.5000 2933.2881   10.6363
    7.5000   45.0000    7.5000 2915.3179   10.8471
   -7.5000   52.5000    7.5000 2790.5007   11.6193
    0.0000   52.5000    7.5000 2817.0552   11.3908
    7.5000   52.5000    7.5000 2800.2668   11.5838
   -7.5000  -37.5000   15.0000 1944.1897   21.9307
    0.0000  -37.5000   15.0000 1958.4232   21.2428
    7.5000  -37.5000   15.0000 1952.7950   21.0768
   -7.5000  -30.0000   15.0000 2114.2205   18.8245
    0.0000  -30.0000   15.0000 2139.0476   18.2836
    7.5000  -30.0000   15.0000 2131.1511   18.1813
   -7.5000  -22.5000   15.0000 2277.5305   16.3668
    0.0000  -22.5000   15.0000 2299.9990   15.9089
    7.5000  -22.5000   15.0000 2291.9238   15.8837
   -7.5000  -15.0000   15.0000 2423.4199   14.4960
    0.0000  -15.0000   15.0000 2446.8875   14.0793
    7.5000  -15.0000   15.0000 2434.1865   14.1046
   -7.5000   -7.5000   15.0000 2560.8701   13.0344
    0.0000   -7.5000   15.0000 2582.6257   12.6363
    7.5000   -7.5000   15.0000 2566.7114   12.6752
   -7.5000    0.0000   15.0000 2675.2224   11.8950
    0.0000    0.0000   15.0000 2700.5176   11.5050
    7.5000    0.0000   15.0000 2681.4912   11.5866
   -7.5000    7.5000   15.0000 2781.2908   11.0592
    0.0000    7.5000   15.0000 2801.2585   10.6904
    7.5000    7.5000   15.0000 2784.2527   10.8040
   -7.5000   15.0000   15.0000 2869.4070   10.5381
    0.0000   15.0000   15.0000 2893.6436   10.2183
    7.5000   15.0000   15.0000 2882.0298   10.3822
   -7.5000   22.5000   15.0000 2936.6609   10.2594
    0.0000   22.5000   15.0000 2984.7151   10.0156
    7.5000   22.5000   15.0000 2968.4375   10.1737
   -7.5000   30.0000   15.0000 2977.4607   10.2066
    0.0000   30.0000   15.0000 3032.5781    9.8979
    7.5000   30.0000   15.0000 3000.8347   10.1374
   -7.5000   37.5000   15.0000 2978.8748   10.3418
    0.0000   37.5000   15.0000 3023.2053   10.0296
    7.5000   37.5000   15.0000 2985.4255   10.3087
   -7.5000   45.0000   15.0000 2927.3535   10.8193
    0.0000   45.0000   15.0000 2964.3081   10.5959
    7.5000   45.0000   15.0000 2934.2981   10.7843
   -7.5000   52.5000   15.0000 2802.9668   11.4978
    0.0000   52.5000   15.0000 2834.8577   11.3100
    7.5000   52.5000   15.0000 2815.3530   11.4546
   -7.5000  -37.5000   22.5000 1941.9662   21.9358
    0.0000  -37.5000   22.5000 1961.1392   21.2720
    7.5000  -37.5000   22.5000 1956.7214   21.1854
   -7.5000  -30.0000   22.5000 2116.9399   18.9122
    0.0000  -30.0000   22.5000 2138.4158   18.3299
    7.5000  -30.0000   22.5000 2131.5908   18.2931
   -7.5000  -22.5000   22.5000 2281.9768   16.4840
    0.0000  -22.5000   22.5000 2304.1123   15.9358
    7.5000  -22.5000   22.5000 2297.8435   15.9923
   -7.5000  -15.0000   22.5000 2429.3625   14.5828
    0.0000  -15.0000   22.5000 2454.4397   14.0925
    7.5000  -15.0000   22.5000 2447.6272   14.1730
   -7.5000   -7.5000   22.5000 2562.6062   13.0703
    0.0000   -7.5000   22.5000 2590.9531   12.6529
    7.5000   -7.5000   22.5000 2581.7332   12.7202
   -7.5000    0.0000   22.5000 2680.5447   11.9200
    0.0000    0.0000   22.5000 2703.6804   11.5210
    7.5000    0.0000   22.5000 2690.7439   11.5900
   -7.5000    7.5000   22.5000 2779.4087   11.0469
    0.0000    7.5000   22.5000 2804.0769   10.7009
    7.5000    7.5000   22.5000 2787.0730   10.7783
   -7.5000   15.0000   22.5000 2858.4778   10.4904
    0.0000   15.0000   22.5000 2895.0117   10.2100
    7.5000   15.0000   22.5000 2877.8608   10.3010
   -7.5000   22.5000   22.5000 2927.8225   10.2631
    0.0000   22.5000   22.5000 2975.2095   10.0022
    7.5000   22.5000   22.5000 2945.9404   10.1168
   -7.5000   30.0000   22.5000 2959.0037   10.2451
    0.0000   30.0000   22.5000 3017.2358   10.0114
    7.5000   30.0000   22.5000 2974.5688   10.1404
   -7.5000   37.5000   22.5000 2955.0981   10.4565
    0.0000   37.5000   22.5000 3004.6277   10.2998
    7.5000   37.5000   22.5000 2967.8345   10.4121
   -7.5000   45.0000   22.5000 2905.4001   10.9143
    0.0000   45.0000   22.5000 2944.3284   10.7805
    7.5000   45.0000   22.5000 2914.6797   10.9080
   -7.5000   52.5000   22.5000 2788.6111   11.5982
    0.0000   52.5000   22.5000 2814.1792   11.4596
    7.5000   52.5000   22.5000 2795.8298   11.5853
   -7.5000  -37.5000   30.0000 1929.7577   22.1531
    0.0000  -37.5000   30.0000 1954.8069   21.4616
    7.5000  -37.5000   30.0000 1951.3126   21.4539
   -7.5000  -30.0000   30.0000 2103.5398   19.0777
    0.0000  -30.0000   30.0000 2125.1448   18.4809
    7.5000  -30.0000   30.0000 2121.1592   18.5123
   -7.5000  -22.5000   30.0000 2273.3025   16.6397
    0.0000  -22.5000   30.0000 2294.1873   16.1334
    7.5000  -22.5000   30.0000 2289.9128   16.1903
   -7.5000  -15.0000   30.0000 2419.7361   14.7612
    0.0000  -15.0000   30.0000 2448.3855   14.3220
    7.5000  -15.0000   30.0000 2440.4878   14.3946
   -7.5000   -7.5000   30.0000 2550.7400   13.2785
    0.0000   -7.5000   30.0000 2590.0962   12.8972
    7.5000   -7.5000   30.0000 2581.1353   12.9867
   -7.5000    0.0000   30.0000 2669.3660   12.1525
    0.0000    0.0000   30.0000 2703.4907   11.7947
    7.5000    0.0000   30.0000 2691.2009   11.8855
   -7.5000    7.5000   30.0000 2766.0813   11.3079
    0.0000    7.5000   30.0000 2795.6763   10.9851
    7.5000    7.5000   30.0000 2781.3933   11.0749
   -7.5000   15.0000   30.0000 2842.1113   10.7628
    0.0000   15.0000   30.0000 2878.7659   10.4668
    7.5000   15.0000   30.0000 2866.6147   10.5806
   -7.5000   22.5000   30.0000 2897.4299   10.5068
    0.0000   22.5000   30.0000 2939.3120   10.2178
    7.5000   22.5000   30.0000 2919.3909   10.3647
   -7.5000   30.0000   30.0000 2916.8577   10.5061
    0.0000   30.0000   30.0000 2965.3108   10.2655
    7.5000   30.0000   30.0000 2937.5234   10.4247
   -7.5000   37.5000   30.0000 2906.7666   10.7388
    0.0000   37.5000   30.0000 2948.6470   10.5549
    7.5000   37.5000   30.0000 2923.6555   10.6915
   -7.5000   45.0000   30.0000 2850.4280   11.2360
    0.0000   45.0000   30.0000 2886.7185   11.0694
    7.5000   45.0000   30.0000 2864.4993   11.1902
   -7.5000   52.5000   30.0000 2740.4517   11.8898
    0.0000   52.5000   30.0000 2770.2222   11.7473
    7.5000   52.5000   30.0000 2753.4143   11.8562
   -7.5000  -37.5000   37.5000 1918.6567   22.6028
    0.0000  -37.5000   37.5000 1944.3330   21.9902
    7.5000  -37.5000   37.5000 1943.5490   21.9031
   -7.5000  -30.0000   37.5000 2087.2246   19.4456
    0.0000  -30.0000   37.5000 2115.9480   18.9664
    7.5000  -30.0000   37.5000 2119.5742   18.9435
   -7.5000  -22.5000   37.5000 2257.0874   17.0202
    0.0000  -22.5000   37.5000 2279.7124   16.6159
    7.5000  -22.5000   37.5000 2283.4324   16.6450
   -7.5000  -15.0000   37.5000 2399.0981   15.1785
    0.0000  -15.0000   37.5000 2428.8765   14.8069
    7.5000  -15.0000   37.5000 2428.6797   14.8817
   -7.5000   -7.5000   37.5000 2530.3064   13.6923
    0.0000   -7.5000   37.5000 2566.7861   13.3470
    7.5000   -7.5000   37.5000 2559.3999   13.4446
   -7.5000    0.0000   37.5000 2646.0698   12.5870
    0.0000    0.0000   37.5000 2679.9753   12.2232
    7.5000    0.0000   37.5000 2669.3848   12.3184
   -7.5000    7.5000   37.5000 2743.9934   11.7598
    0.0000    7.5000   37.5000 2773.0596   11.3891
    7.5000    7.5000   37.5000 2757.6484   11.4721
   -7.5000   15.0000   37.5000 2811.3547   11.2458
    0.0000   15.0000   37.5000 2852.9131   10.8559
    7.5000   15.0000   37.5000 2839.5164   10.9658
   -7.5000   22.5000   37.5000 2851.7141   10.9702
    0.0000   22.5000   37.5000 2894.3184   10.6580
    7.5000   22.5000   37.5000 2879.1255   10.7788
   -7.5000   30.0000   37.5000 2865.7261   10.9511
    0.0000   30.0000   37.5000 2905.8433   10.7123
    7.5000   30.0000   37.5000 2886.2090   10.8444
   -7.5000   37.5000   37.5000 2845.0918   11.2155
    0.0000   37.5000   37.5000 2881.3533   10.9908
    7.5000   37.5000   37.5000 2862.8689   11.1262
   -7.5000   45.0000   37.5000 2787.0833   11.7207
    0.0000   45.0000   37.5000 2820.1802   11.5101
    7.5000   45.0000   37.5000 2803.6758   11.6533
   -7.5000   52.5000   37.5000 2679.4634   12.3571
    0.0000   52.5000   37.5000 2703.3706   12.1689
    7.5000   52.5000   37.5000 2689.9736   12.3100
   -7.5000  -37.5000   45.0000 1897.6263   23.2996
    0.0000  -37.5000   45.0000 1922.7069   22.6553
    7.5000  -37.5000   45.0000 1924.3916   22.5908
   -7.5000  -30.0000   45.0000 2064.5193   20.0886
    0.0000  -30.0000   45.0000 2092.5273   19.5695
    7.5000  -30.0000   45.0000 2100.5222   19.5577
   -7.5000  -22.5000   45.0000 2224.8948   17.6447
    0.0000  -22.5000   45.0000 2252.2651   17.2450
    7.5000  -22.5000   45.0000 2261.8699   17.2494
   -7.5000  -15.0000   45.0000 2366.5061   15.7628
    0.0000  -15.0000   45.0000 2398.9651   15.4269
    7.5000  -15.0000   45.0000 2403.3787   15.4571
   -7.5000   -7.5000   45.0000 2493.8093   14.2775
    0.0000   -7.5000   45.0000 2528.4214   13.9332
    7.5000   -7.5000   45.0000 2524.0623   13.9970
   -7.5000    0.0000   45.0000 2600.8745   13.1437
    0.0000    0.0000   45.0000 2639.3000   12.7865
    7.5000    0.0000   45.0000 2625.0366   12.8386
   -7.5000    7.5000   45.0000 2693.1995   12.3468
    0.0000    7.5000   45.0000 2727.0098   11.9650
    7.5000    7.5000   45.0000 2709.1628   12.0245
   -7.5000   15.0000   45.0000 2757.5708   11.8244
    0.0000   15.0000   45.0000 2792.7285   11.4412
    7.5000   15.0000   45.0000 2776.4783   11.5143
   -7.5000   22.5000   45.0000 2792.1575   11.5770
    0.0000   22.5000   45.0000 2828.5403   11.2564
    7.5000   22.5000   45.0000 2812.7485   11.3398
   -7.5000   30.0000   45.0000 2794.8408   11.5640
    0.0000   30.0000   45.0000 2830.9910   11.3240
    7.5000   30.0000   45.0000 2815.7234   11.3940
   -7.5000   37.5000   45.0000 2763.6133   11.8198
    0.0000   37.5000   45.0000 2798.7612   11.5947
    7.5000   37.5000   45.0000 2785.4346   11.6875
   -7.5000   45.0000   45.0000 2706.1812   12.3339
    0.0000   45.0000   45.0000 2737.0996   12.1236
    7.5000   45.0000   45.0000 2723.5071   12.2401
   -7.5000   52.5000   45.0000 2597.4060   12.9551
    0.0000   52.5000   45.0000 2623.0159   12.7848
    7.5000   52.5000   45.0000 2612.5735   12.9039

---------------------------------------------------------------------
imgreg_4dfp /opt/freesurfer/average/711-2C_as_mni_average_305 /opt/freesurfer/average/711-2B_as_mni_average_305_mask talsrcimg_g11 none talsrcimg_to_711-2C_as_mni_average_305_t4 1283
---------------------------------------------------------------------

freesurfer imgreg_4dfp.c
/opt/freesurfer/average/711-2C_as_mni_average_305.4dfp.img
       256       256       256         1
  1.000000  1.000000  1.000000
orientation T byte_order littleendian
Reading image: /opt/freesurfer/average/711-2C_as_mni_average_305.4dfp.img
dimensions:      256       256       256
mmppix:       1.0000   -1.0000   -1.0000
center:     128.0000 -129.0000 -129.0000
/opt/freesurfer/average/711-2B_as_mni_average_305_mask.4dfp.img
       256       256       256         1
  1.000000  1.000000  1.000000
orientation T byte_order littleendian
Reading mask: /opt/freesurfer/average/711-2B_as_mni_average_305_mask.4dfp.img (2306576 pixels)
talsrcimg_g11.4dfp.img
       256       256       256         1
  1.000000  1.000000  1.000000
orientation T byte_order littleendian
Reading image: talsrcimg_g11.4dfp.img
dimensions:      256       256       256
mmppix:       1.0000   -1.0000   -1.0000
center:     128.0000 -129.0000 -129.0000
rotation matrix determinant  1.000000
fimgreg.f
image alignment mode   1283 decimal      503 hex
parameters
    0.0000   30.0000   15.0000    0.0000    0.0000    0.0000
eta,q 0.95247  9.90828
niter,ni,del,rscale     5    3   12.0000    1.2000
parameter  4 -1.387330 -> -0.500000 qaram    1.1500
parameters
    1.4823   32.5833   15.7247    3.4500   -2.3519    1.9048
eta,q 0.95955  9.87923
  0.0668  0.0592  0.0537  0.0552  0.0429  0.0467
  0.0586  0.0538  0.0514  0.0516  0.0415  0.0444
  0.0508  0.0505  0.0484  0.0486  0.0410  0.0425
  0.0486  0.0483  0.0464  0.0458  0.0418  0.0410
  0.0487  0.0468  0.0461  0.0433  0.0437  0.0405
  0.0499  0.0469  0.0485  0.0414  0.0470  0.0410
  0.0546  0.0490  0.0517  0.0413  0.0515  0.0425
niter,ni,del,rscale     5    3   12.0000    1.2000
parameters
    1.7269   31.5490   16.3266    6.1507   -2.7077    2.0445
eta,q 0.96156  9.86493
  0.0555  0.0465  0.0491  0.0492  0.0432  0.0436
  0.0483  0.0437  0.0465  0.0462  0.0412  0.0415
  0.0423  0.0413  0.0431  0.0432  0.0394  0.0396
  0.0405  0.0404  0.0405  0.0403  0.0384  0.0385
  0.0410  0.0431  0.0405  0.0384  0.0391  0.0389
  0.0458  0.0476  0.0433  0.0397  0.0414  0.0409
  0.0539  0.0523  0.0474  0.0420  0.0453  0.0435
niter,ni,del,rscale     4    3   12.0000    1.2000
parameters
    2.0076   29.9486   16.3566    9.0645   -3.0798    2.5593
eta,q 0.96180  9.85785
  0.0548  0.0425  0.0467  0.0461  0.0428  0.0414
  0.0472  0.0413  0.0437  0.0437  0.0403  0.0399
  0.0408  0.0387  0.0399  0.0410  0.0388  0.0388
  0.0384  0.0383  0.0384  0.0384  0.0382  0.0382
  0.0386  0.0415  0.0393  0.0380  0.0388  0.0384
  0.0441  0.0464  0.0424  0.0385  0.0410  0.0392
  0.0531  0.0523  0.0475  0.0397  0.0444  0.0406
niter,ni,del,rscale     3    3   12.0000    1.2000
parameters
    2.2778   27.1947   16.4604   12.1253   -3.1118    2.1215
eta,q 0.96659  9.83047
  0.0539  0.0386  0.0442  0.0462  0.0395  0.0366
  0.0469  0.0353  0.0409  0.0439  0.0360  0.0342
  0.0410  0.0348  0.0371  0.0402  0.0343  0.0332
  0.0382  0.0379  0.0344  0.0344  0.0335  0.0335
  0.0374  0.0410  0.0355  0.0332  0.0337  0.0342
  0.0434  0.0451  0.0392  0.0344  0.0359  0.0353
  0.0530  0.0507  0.0448  0.0372  0.0400  0.0372
niter,ni,del,rscale     2    3   12.0000    1.2000
parameters
    2.3831   26.3692   16.8153   12.3186   -3.2286    2.2694
eta,q 0.96760  9.81877
  0.0514  0.0433  0.0432  0.0436  0.0385  0.0373
  0.0424  0.0357  0.0386  0.0386  0.0350  0.0346
  0.0356  0.0322  0.0348  0.0331  0.0331  0.0326
  0.0334  0.0334  0.0325  0.0323  0.0323  0.0324
  0.0341  0.0368  0.0329  0.0341  0.0327  0.0331
  0.0412  0.0423  0.0364  0.0375  0.0351  0.0343
  0.0507  0.0482  0.0417  0.0422  0.0394  0.0366
niter,ni,del,rscale     1    3   12.0000    1.2000
parameters
    2.4436   26.2353   16.8369   12.4210   -3.2342    2.3031
eta,q 0.96767  9.81677
  0.0511  0.0462  0.0424  0.0433  0.0387  0.0372
  0.0415  0.0382  0.0379  0.0382  0.0351  0.0345
  0.0344  0.0327  0.0342  0.0328  0.0332  0.0325
  0.0324  0.0324  0.0323  0.0323  0.0323  0.0323
  0.0336  0.0351  0.0333  0.0341  0.0326  0.0331
  0.0408  0.0399  0.0371  0.0377  0.0348  0.0344
  0.0506  0.0462  0.0429  0.0423  0.0391  0.0369
registration optimization eta report
parameter search radius
    6.0000    6.0000    6.0000    6.9000    6.0000    6.0000
100000*second partial in parameter space
       52.       38.       28.       22.       19.       13.
  0.0511  0.0462  0.0424  0.0433  0.0387  0.0372
  0.0415  0.0382  0.0379  0.0382  0.0351  0.0345
  0.0344  0.0327  0.0342  0.0328  0.0332  0.0325
  0.0324  0.0324  0.0323  0.0323  0.0323  0.0323
  0.0336  0.0351  0.0333  0.0341  0.0326  0.0331
  0.0408  0.0399  0.0371  0.0377  0.0348  0.0344
  0.0506  0.0462  0.0429  0.0423  0.0391  0.0369
    2.4436   26.2353   16.8369   12.4210   -3.2342    2.3031
eta,q 0.96767  9.81677

---------------------------------------------------------------------
imgreg_4dfp /opt/freesurfer/average/711-2C_as_mni_average_305 /opt/freesurfer/average/711-2B_as_mni_average_305_mask talsrcimg_g11 none talsrcimg_to_711-2C_as_mni_average_305_t4 3335
---------------------------------------------------------------------

freesurfer imgreg_4dfp.c
/opt/freesurfer/average/711-2C_as_mni_average_305.4dfp.img
       256       256       256         1
  1.000000  1.000000  1.000000
orientation T byte_order littleendian
Reading image: /opt/freesurfer/average/711-2C_as_mni_average_305.4dfp.img
dimensions:      256       256       256
mmppix:       1.0000   -1.0000   -1.0000
center:     128.0000 -129.0000 -129.0000
/opt/freesurfer/average/711-2B_as_mni_average_305_mask.4dfp.img
       256       256       256         1
  1.000000  1.000000  1.000000
orientation T byte_order littleendian
Reading mask: /opt/freesurfer/average/711-2B_as_mni_average_305_mask.4dfp.img (2306576 pixels)
talsrcimg_g11.4dfp.img
       256       256       256         1
  1.000000  1.000000  1.000000
orientation T byte_order littleendian
Reading image: talsrcimg_g11.4dfp.img
dimensions:      256       256       256
mmppix:       1.0000   -1.0000   -1.0000
center:     128.0000 -129.0000 -129.0000
fimgreg.f
image alignment mode   3335 decimal      D07 hex
parameters
    2.4436   26.2353   16.8369   -0.2399   -2.3708   -2.4962
   -2.7119    6.3696    4.0121  -21.2706   -5.6417   21.4751
eta,q 0.96859  9.82383
niter,ni,del,rscale     5    3    5.0000    1.2000
parameter  4  1.375779 ->  0.500000 qaram    1.1500
parameter  5  1.317417 ->  0.500000 qaram    1.1500
parameter  6  0.537791 ->  0.500000 qaram    1.1500
parameter 12  0.542208 ->  0.500000 qaram    1.1500
parameters
    2.8810   26.2262   17.2559   -4.3799   -6.5108   -6.6362
   -3.2614    7.0484    4.4798  -21.7647   -5.2757   17.3351
eta,q 0.97963  9.64854
  0.0358  0.0334  0.0340  0.0252  0.0216  0.0225  0.0242  0.0278  0.0233  0.0242  0.0233  0.0207
  0.0338  0.0322  0.0327  0.0257  0.0222  0.0212  0.0224  0.0248  0.0221  0.0225  0.0220  0.0204
  0.0322  0.0315  0.0318  0.0275  0.0238  0.0211  0.0213  0.0223  0.0213  0.0213  0.0212  0.0204
  0.0314  0.0313  0.0313  0.0312  0.0260  0.0226  0.0211  0.0210  0.0209  0.0209  0.0209  0.0209
  0.0314  0.0316  0.0312  0.0360  0.0286  0.0261  0.0217  0.0213  0.0211  0.0217  0.0211  0.0220
  0.0321  0.0322  0.0316  0.0405  0.0317  0.0319  0.0231  0.0230  0.0217  0.0232  0.0218  0.0235
  0.0335  0.0334  0.0327  0.0449  0.0356  0.0369  0.0252  0.0259  0.0228  0.0251  0.0228  0.0256
niter,ni,del,rscale     7    3    5.0000    1.2000
parameters
    3.0380   25.8456   16.7789   -5.8692   -7.9676   -5.8840
   -3.6296    7.0795    4.8778  -21.1274   -5.3142   16.9788
eta,q 0.98004  9.58807
  0.0248  0.0223  0.0214  0.0240  0.0231  0.0252  0.0228  0.0254  0.0222  0.0241  0.0216  0.0220
  0.0224  0.0210  0.0206  0.0225  0.0215  0.0236  0.0212  0.0227  0.0211  0.0222  0.0206  0.0210
  0.0209  0.0203  0.0202  0.0209  0.0206  0.0220  0.0203  0.0208  0.0203  0.0208  0.0201  0.0203
  0.0204  0.0204  0.0203  0.0202  0.0204  0.0204  0.0200  0.0200  0.0200  0.0200  0.0199  0.0199
  0.0207  0.0210  0.0208  0.0212  0.0214  0.0196  0.0205  0.0205  0.0202  0.0201  0.0202  0.0202
  0.0218  0.0222  0.0216  0.0250  0.0233  0.0203  0.0217  0.0224  0.0208  0.0213  0.0207  0.0210
  0.0237  0.0238  0.0228  0.0295  0.0260  0.0254  0.0234  0.0255  0.0218  0.0230  0.0216  0.0227
niter,ni,del,rscale     6    3    5.0000    1.2000
parameters
    3.0846   25.8008   16.7868   -6.0839   -8.0709   -5.9052
   -3.7241    7.0999    5.0557  -21.0353   -5.3787   17.0344
eta,q 0.97997  9.57834
  0.0237  0.0227  0.0218  0.0246  0.0238  0.0248  0.0230  0.0253  0.0221  0.0236  0.0216  0.0223
  0.0216  0.0211  0.0208  0.0230  0.0220  0.0232  0.0214  0.0226  0.0210  0.0219  0.0207  0.0212
  0.0204  0.0202  0.0201  0.0213  0.0207  0.0216  0.0203  0.0208  0.0203  0.0206  0.0202  0.0204
  0.0200  0.0200  0.0200  0.0200  0.0200  0.0200  0.0200  0.0200  0.0200  0.0200  0.0200  0.0200
  0.0203  0.0204  0.0202  0.0198  0.0205  0.0195  0.0204  0.0205  0.0202  0.0204  0.0202  0.0201
  0.0215  0.0214  0.0208  0.0221  0.0220  0.0210  0.0215  0.0224  0.0209  0.0217  0.0207  0.0209
  0.0234  0.0227  0.0217  0.0266  0.0242  0.0271  0.0232  0.0254  0.0219  0.0235  0.0216  0.0224
niter,ni,del,rscale     5    3    5.0000    1.2000
parameters
    3.0996   25.7978   16.7762   -6.1027   -8.0879   -5.9298
   -3.7619    7.1233    5.1094  -21.0324   -5.3893   17.0530
eta,q 0.97996  9.57688
  0.0236  0.0228  0.0219  0.0247  0.0239  0.0248  0.0231  0.0253  0.0220  0.0235  0.0216  0.0222
  0.0216  0.0212  0.0208  0.0232  0.0221  0.0232  0.0214  0.0226  0.0210  0.0218  0.0207  0.0212
  0.0204  0.0203  0.0202  0.0215  0.0208  0.0216  0.0204  0.0208  0.0203  0.0206  0.0202  0.0204
  0.0200  0.0200  0.0200  0.0200  0.0200  0.0200  0.0200  0.0201  0.0200  0.0200  0.0200  0.0200
  0.0204  0.0204  0.0203  0.0198  0.0204  0.0195  0.0204  0.0205  0.0203  0.0205  0.0202  0.0202
  0.0216  0.0214  0.0209  0.0218  0.0220  0.0211  0.0215  0.0224  0.0209  0.0218  0.0207  0.0209
  0.0235  0.0227  0.0218  0.0263  0.0241  0.0271  0.0231  0.0254  0.0220  0.0236  0.0216  0.0224
registration optimization eta report
parameter search radius
    2.4000    2.4000    2.4000    8.2800    8.2800    8.2800
    7.2000    7.2000    7.2000    7.2000    7.2000    8.2800
100000*second partial in parameter space
       61.       47.       31.        8.        6.        9.
        6.       10.        4.        7.        3.        3.
  0.0236  0.0228  0.0219  0.0247  0.0239  0.0248  0.0231  0.0253  0.0220  0.0235  0.0216  0.0222
  0.0216  0.0212  0.0208  0.0232  0.0221  0.0232  0.0214  0.0226  0.0210  0.0218  0.0207  0.0212
  0.0204  0.0203  0.0202  0.0215  0.0208  0.0216  0.0204  0.0208  0.0203  0.0206  0.0202  0.0204
  0.0200  0.0200  0.0200  0.0200  0.0200  0.0200  0.0200  0.0201  0.0200  0.0200  0.0200  0.0200
  0.0204  0.0204  0.0203  0.0198  0.0204  0.0195  0.0204  0.0205  0.0203  0.0205  0.0202  0.0202
  0.0216  0.0214  0.0209  0.0218  0.0220  0.0211  0.0215  0.0224  0.0209  0.0218  0.0207  0.0209
  0.0235  0.0227  0.0218  0.0263  0.0241  0.0271  0.0231  0.0254  0.0220  0.0236  0.0216  0.0224
    3.0996   25.7978   16.7762   -6.1027   -8.0879   -5.9298
   -3.7619    7.1233    5.1094  -21.0324   -5.3893   17.0530
eta,q 0.97996  9.57688

---------------------------------------------------------------------
imgreg_4dfp /opt/freesurfer/average/711-2C_as_mni_average_305 /opt/freesurfer/average/711-2B_as_mni_average_305_mask talsrcimg_g11 none talsrcimg_to_711-2C_as_mni_average_305_t4 2311
---------------------------------------------------------------------

freesurfer imgreg_4dfp.c
/opt/freesurfer/average/711-2C_as_mni_average_305.4dfp.img
       256       256       256         1
  1.000000  1.000000  1.000000
orientation T byte_order littleendian
Reading image: /opt/freesurfer/average/711-2C_as_mni_average_305.4dfp.img
dimensions:      256       256       256
mmppix:       1.0000   -1.0000   -1.0000
center:     128.0000 -129.0000 -129.0000
/opt/freesurfer/average/711-2B_as_mni_average_305_mask.4dfp.img
       256       256       256         1
  1.000000  1.000000  1.000000
orientation T byte_order littleendian
Reading mask: /opt/freesurfer/average/711-2B_as_mni_average_305_mask.4dfp.img (2306576 pixels)
talsrcimg_g11.4dfp.img
       256       256       256         1
  1.000000  1.000000  1.000000
orientation T byte_order littleendian
Reading image: talsrcimg_g11.4dfp.img
dimensions:      256       256       256
mmppix:       1.0000   -1.0000   -1.0000
center:     128.0000 -129.0000 -129.0000
fimgreg.f
image alignment mode   2311 decimal      907 hex
parameters
    3.0996   25.7978   16.7762   -6.1027   -8.0879   -5.9298
   -3.7619    7.1233    5.1094  -21.0324   -5.3893   17.0530
eta,q 0.97996  9.57687
niter,ni,del,rscale     5    3    5.0000    0.8000
parameters
    3.0959   25.7439   16.7455   -4.6867   -8.1875   -4.4348
   -3.8048    7.2586    4.8940  -21.2229   -5.3009   16.1809
eta,q 0.98059  9.63789
  0.0216  0.0213  0.0209  0.0228  0.0212  0.0225  0.0211  0.0229  0.0203  0.0212  0.0205  0.0200
  0.0207  0.0205  0.0204  0.0218  0.0205  0.0215  0.0201  0.0211  0.0198  0.0203  0.0199  0.0196
  0.0202  0.0201  0.0201  0.0208  0.0200  0.0205  0.0196  0.0199  0.0195  0.0196  0.0195  0.0194
  0.0200  0.0200  0.0200  0.0200  0.0197  0.0197  0.0194  0.0194  0.0194  0.0194  0.0194  0.0194
  0.0202  0.0202  0.0202  0.0197  0.0199  0.0194  0.0196  0.0197  0.0196  0.0197  0.0195  0.0196
  0.0208  0.0207  0.0205  0.0199  0.0205  0.0196  0.0202  0.0208  0.0199  0.0204  0.0199  0.0201
  0.0216  0.0214  0.0209  0.0210  0.0215  0.0206  0.0211  0.0226  0.0205  0.0215  0.0204  0.0208
niter,ni,del,rscale     4    3    5.0000    0.7000
parameters
    3.0162   25.7583   16.9307   -4.9850   -8.1492   -4.0742
   -3.8286    7.1980    4.8564  -21.0727   -5.3834   16.0839
eta,q 0.98066  9.64011
  0.0206  0.0204  0.0203  0.0211  0.0207  0.0213  0.0206  0.0218  0.0201  0.0209  0.0201  0.0200
  0.0199  0.0199  0.0198  0.0202  0.0201  0.0205  0.0199  0.0205  0.0197  0.0201  0.0197  0.0197
  0.0195  0.0195  0.0195  0.0196  0.0196  0.0198  0.0195  0.0196  0.0194  0.0196  0.0194  0.0194
  0.0194  0.0194  0.0194  0.0194  0.0194  0.0194  0.0193  0.0193  0.0193  0.0194  0.0193  0.0193
  0.0196  0.0195  0.0194  0.0196  0.0195  0.0193  0.0195  0.0196  0.0194  0.0194  0.0195  0.0194
  0.0201  0.0199  0.0196  0.0204  0.0199  0.0197  0.0199  0.0205  0.0197  0.0199  0.0197  0.0197
  0.0209  0.0204  0.0199  0.0220  0.0207  0.0211  0.0206  0.0220  0.0201  0.0208  0.0202  0.0201
niter,ni,del,rscale     3    3    5.0000    0.6000
parameters
    2.9982   25.7408   16.9498   -4.9618   -8.1788   -3.9026
   -3.8015    7.2134    4.8812  -21.0470   -5.4210   16.0179
eta,q 0.98068  9.64240
  0.0203  0.0201  0.0199  0.0208  0.0203  0.0208  0.0203  0.0213  0.0199  0.0204  0.0199  0.0198
  0.0198  0.0197  0.0196  0.0201  0.0198  0.0201  0.0197  0.0202  0.0196  0.0199  0.0196  0.0196
  0.0194  0.0194  0.0194  0.0196  0.0195  0.0196  0.0194  0.0196  0.0194  0.0195  0.0194  0.0194
  0.0193  0.0193  0.0193  0.0193  0.0193  0.0193  0.0193  0.0193  0.0193  0.0193  0.0193  0.0193
  0.0195  0.0194  0.0194  0.0194  0.0194  0.0193  0.0194  0.0195  0.0194  0.0194  0.0194  0.0194
  0.0198  0.0197  0.0196  0.0199  0.0198  0.0197  0.0197  0.0202  0.0196  0.0198  0.0196  0.0196
  0.0204  0.0201  0.0199  0.0209  0.0204  0.0207  0.0202  0.0213  0.0199  0.0205  0.0200  0.0199
niter,ni,del,rscale     2    3    5.0000    0.5000
parameters
    2.9957   25.7305   16.9746   -4.9034   -8.1753   -3.7314
   -3.8204    7.2335    4.8956  -21.0414   -5.4273   15.9290
eta,q 0.98070  9.64635
  0.0200  0.0199  0.0197  0.0204  0.0200  0.0203  0.0200  0.0207  0.0197  0.0201  0.0198  0.0197
  0.0196  0.0195  0.0195  0.0198  0.0197  0.0198  0.0196  0.0199  0.0195  0.0197  0.0195  0.0195
  0.0194  0.0194  0.0194  0.0195  0.0194  0.0195  0.0194  0.0195  0.0194  0.0194  0.0194  0.0193
  0.0193  0.0193  0.0193  0.0193  0.0193  0.0193  0.0193  0.0193  0.0193  0.0193  0.0193  0.0193
  0.0194  0.0194  0.0194  0.0194  0.0194  0.0193  0.0194  0.0194  0.0193  0.0194  0.0194  0.0193
  0.0196  0.0196  0.0195  0.0197  0.0196  0.0196  0.0196  0.0199  0.0195  0.0197  0.0195  0.0195
  0.0200  0.0199  0.0197  0.0204  0.0201  0.0202  0.0200  0.0207  0.0197  0.0201  0.0198  0.0197
niter,ni,del,rscale     1    3    5.0000    0.4000
parameters
    2.9911   25.7233   16.9939   -4.8721   -8.1526   -3.5776
   -3.8376    7.2427    4.9057  -21.0185   -5.4281   15.8320
eta,q 0.98070  9.64991
  0.0198  0.0196  0.0196  0.0200  0.0198  0.0199  0.0197  0.0202  0.0196  0.0198  0.0196  0.0195
  0.0195  0.0195  0.0194  0.0196  0.0195  0.0196  0.0195  0.0197  0.0194  0.0196  0.0194  0.0194
  0.0194  0.0193  0.0193  0.0194  0.0194  0.0194  0.0193  0.0194  0.0193  0.0194  0.0193  0.0193
  0.0193  0.0193  0.0193  0.0193  0.0193  0.0193  0.0193  0.0193  0.0193  0.0193  0.0193  0.0193
  0.0194  0.0193  0.0193  0.0194  0.0193  0.0193  0.0193  0.0194  0.0193  0.0193  0.0193  0.0193
  0.0195  0.0195  0.0194  0.0196  0.0195  0.0195  0.0195  0.0197  0.0194  0.0195  0.0194  0.0194
  0.0198  0.0197  0.0195  0.0200  0.0198  0.0198  0.0197  0.0202  0.0196  0.0198  0.0196  0.0196
registration optimization eta report
parameter search radius
    0.8000    0.8000    0.8000    2.4000    2.4000    2.4000
    2.4000    2.4000    2.4000    2.4000    2.4000    2.4000
100000*second partial in parameter space
       72.       54.       38.       12.        8.       10.
        8.       16.        5.        9.        5.        5.
  0.0198  0.0196  0.0196  0.0200  0.0198  0.0199  0.0197  0.0202  0.0196  0.0198  0.0196  0.0195
  0.0195  0.0195  0.0194  0.0196  0.0195  0.0196  0.0195  0.0197  0.0194  0.0196  0.0194  0.0194
  0.0194  0.0193  0.0193  0.0194  0.0194  0.0194  0.0193  0.0194  0.0193  0.0194  0.0193  0.0193
  0.0193  0.0193  0.0193  0.0193  0.0193  0.0193  0.0193  0.0193  0.0193  0.0193  0.0193  0.0193
  0.0194  0.0193  0.0193  0.0194  0.0193  0.0193  0.0193  0.0194  0.0193  0.0193  0.0193  0.0193
  0.0195  0.0195  0.0194  0.0196  0.0195  0.0195  0.0195  0.0197  0.0194  0.0195  0.0194  0.0194
  0.0198  0.0197  0.0195  0.0200  0.0198  0.0198  0.0197  0.0202  0.0196  0.0198  0.0196  0.0196
    2.9911   25.7233   16.9939   -4.8721   -8.1526   -3.5776
   -3.8376    7.2427    4.9057  -21.0185   -5.4281   15.8320
eta,q 0.98070  9.64991

---------------------------------------------------------------------
imgreg_4dfp /opt/freesurfer/average/711-2C_as_mni_average_305 /opt/freesurfer/average/711-2B_as_mni_average_305_mask talsrcimg_g11 none talsrcimg_to_711-2C_as_mni_average_305_t4 2311
---------------------------------------------------------------------

freesurfer imgreg_4dfp.c
/opt/freesurfer/average/711-2C_as_mni_average_305.4dfp.img
       256       256       256         1
  1.000000  1.000000  1.000000
orientation T byte_order littleendian
Reading image: /opt/freesurfer/average/711-2C_as_mni_average_305.4dfp.img
dimensions:      256       256       256
mmppix:       1.0000   -1.0000   -1.0000
center:     128.0000 -129.0000 -129.0000
/opt/freesurfer/average/711-2B_as_mni_average_305_mask.4dfp.img
       256       256       256         1
  1.000000  1.000000  1.000000
orientation T byte_order littleendian
Reading mask: /opt/freesurfer/average/711-2B_as_mni_average_305_mask.4dfp.img (2306576 pixels)
talsrcimg_g11.4dfp.img
       256       256       256         1
  1.000000  1.000000  1.000000
orientation T byte_order littleendian
Reading image: talsrcimg_g11.4dfp.img
dimensions:      256       256       256
mmppix:       1.0000   -1.0000   -1.0000
center:     128.0000 -129.0000 -129.0000
fimgreg.f
image alignment mode   2311 decimal      907 hex
parameters
    2.9911   25.7233   16.9939   -4.8721   -8.1526   -3.5776
   -3.8376    7.2427    4.9057  -21.0185   -5.4281   15.8320
eta,q 0.98070  9.64991
niter,ni,del,rscale     5    3    5.0000    0.8000
parameters
    3.0093   25.7755   17.0014   -5.3211   -8.2551   -4.1346
   -3.7883    7.1913    4.9492  -20.9779   -5.4565   16.2210
eta,q 0.98061  9.62934
  0.0212  0.0208  0.0203  0.0214  0.0209  0.0213  0.0210  0.0224  0.0204  0.0212  0.0204  0.0204
  0.0201  0.0199  0.0197  0.0204  0.0201  0.0204  0.0201  0.0208  0.0199  0.0203  0.0198  0.0199
  0.0195  0.0195  0.0194  0.0196  0.0196  0.0197  0.0196  0.0198  0.0195  0.0197  0.0195  0.0196
  0.0193  0.0193  0.0193  0.0193  0.0193  0.0193  0.0194  0.0194  0.0194  0.0194  0.0194  0.0194
  0.0195  0.0195  0.0194  0.0196  0.0195  0.0194  0.0196  0.0198  0.0195  0.0196  0.0195  0.0194
  0.0201  0.0199  0.0197  0.0207  0.0201  0.0206  0.0201  0.0209  0.0198  0.0202  0.0199  0.0197
  0.0211  0.0205  0.0203  0.0229  0.0211  0.0235  0.0209  0.0226  0.0204  0.0212  0.0204  0.0202
niter,ni,del,rscale     4    3    5.0000    0.7000
parameters
    3.0119   25.7278   16.9402   -5.0679   -8.2497   -4.1210
   -3.7943    7.2245    4.9278  -21.0616   -5.4442   16.1894
eta,q 0.98065  9.63460
  0.0208  0.0203  0.0200  0.0214  0.0206  0.0212  0.0206  0.0219  0.0201  0.0208  0.0202  0.0201
  0.0200  0.0198  0.0197  0.0205  0.0200  0.0203  0.0199  0.0205  0.0197  0.0200  0.0197  0.0197
  0.0195  0.0195  0.0194  0.0198  0.0196  0.0197  0.0195  0.0197  0.0194  0.0195  0.0194  0.0195
  0.0194  0.0194  0.0194  0.0194  0.0194  0.0194  0.0194  0.0193  0.0193  0.0194  0.0194  0.0194
  0.0196  0.0195  0.0195  0.0194  0.0195  0.0194  0.0195  0.0196  0.0194  0.0195  0.0195  0.0194
  0.0200  0.0199  0.0197  0.0199  0.0199  0.0199  0.0199  0.0205  0.0197  0.0201  0.0197  0.0197
  0.0207  0.0204  0.0202  0.0212  0.0207  0.0215  0.0206  0.0219  0.0201  0.0209  0.0202  0.0201
niter,ni,del,rscale     3    3    5.0000    0.6000
parameters
    3.0083   25.7264   16.9523   -4.9492   -8.2027   -3.9337
   -3.8149    7.2380    4.9024  -21.0721   -5.4365   16.0491
eta,q 0.98068  9.64141
  0.0204  0.0201  0.0199  0.0209  0.0203  0.0208  0.0203  0.0213  0.0199  0.0204  0.0200  0.0198
  0.0198  0.0197  0.0196  0.0201  0.0199  0.0201  0.0197  0.0202  0.0196  0.0199  0.0196  0.0196
  0.0195  0.0194  0.0194  0.0196  0.0195  0.0196  0.0194  0.0196  0.0194  0.0195  0.0194  0.0194
  0.0194  0.0193  0.0193  0.0194  0.0193  0.0193  0.0193  0.0193  0.0193  0.0193  0.0193  0.0193
  0.0195  0.0195  0.0194  0.0194  0.0194  0.0193  0.0194  0.0195  0.0194  0.0194  0.0194  0.0194
  0.0198  0.0197  0.0196  0.0198  0.0198  0.0197  0.0198  0.0202  0.0196  0.0198  0.0196  0.0196
  0.0204  0.0201  0.0199  0.0208  0.0203  0.0207  0.0203  0.0213  0.0199  0.0205  0.0199  0.0199
niter,ni,del,rscale     2    3    5.0000    0.5000
parameters
    2.9982   25.7243   16.9702   -4.8956   -8.1730   -3.7423
   -3.8247    7.2407    4.8881  -21.0528   -5.4270   15.9258
eta,q 0.98070  9.64633
  0.0200  0.0199  0.0197  0.0204  0.0200  0.0203  0.0200  0.0207  0.0197  0.0201  0.0198  0.0197
  0.0196  0.0196  0.0195  0.0198  0.0197  0.0198  0.0196  0.0199  0.0195  0.0197  0.0195  0.0195
  0.0194  0.0194  0.0194  0.0195  0.0194  0.0195  0.0194  0.0195  0.0194  0.0194  0.0194  0.0193
  0.0193  0.0193  0.0193  0.0193  0.0193  0.0193  0.0193  0.0193  0.0193  0.0193  0.0193  0.0193
  0.0194  0.0194  0.0194  0.0194  0.0194  0.0193  0.0194  0.0195  0.0194  0.0194  0.0194  0.0194
  0.0197  0.0196  0.0195  0.0197  0.0196  0.0195  0.0196  0.0199  0.0195  0.0197  0.0195  0.0195
  0.0200  0.0198  0.0197  0.0204  0.0200  0.0202  0.0200  0.0207  0.0197  0.0201  0.0197  0.0197
niter,ni,del,rscale     1    3    5.0000    0.4000
parameters
    2.9934   25.7228   16.9912   -4.8703   -8.1513   -3.5794
   -3.8377    7.2466    4.9192  -21.0233   -5.4383   15.8191
eta,q 0.98070  9.64983
  0.0198  0.0197  0.0196  0.0200  0.0198  0.0199  0.0197  0.0202  0.0196  0.0198  0.0196  0.0195
  0.0195  0.0195  0.0194  0.0196  0.0195  0.0196  0.0195  0.0197  0.0194  0.0196  0.0194  0.0194
  0.0194  0.0193  0.0193  0.0194  0.0194  0.0194  0.0193  0.0194  0.0193  0.0194  0.0193  0.0193
  0.0193  0.0193  0.0193  0.0193  0.0193  0.0193  0.0193  0.0193  0.0193  0.0193  0.0193  0.0193
  0.0194  0.0193  0.0193  0.0193  0.0193  0.0193  0.0193  0.0194  0.0193  0.0193  0.0193  0.0193
  0.0195  0.0195  0.0194  0.0196  0.0195  0.0195  0.0195  0.0197  0.0194  0.0195  0.0194  0.0194
  0.0198  0.0196  0.0195  0.0200  0.0198  0.0198  0.0197  0.0202  0.0196  0.0198  0.0196  0.0196
registration optimization eta report
parameter search radius
    0.8000    0.8000    0.8000    2.4000    2.4000    2.4000
    2.4000    2.4000    2.4000    2.4000    2.4000    2.4000
100000*second partial in parameter space
       72.       55.       38.       12.        8.       10.
        7.       16.        5.        9.        5.        4.
  0.0198  0.0197  0.0196  0.0200  0.0198  0.0199  0.0197  0.0202  0.0196  0.0198  0.0196  0.0195
  0.0195  0.0195  0.0194  0.0196  0.0195  0.0196  0.0195  0.0197  0.0194  0.0196  0.0194  0.0194
  0.0194  0.0193  0.0193  0.0194  0.0194  0.0194  0.0193  0.0194  0.0193  0.0194  0.0193  0.0193
  0.0193  0.0193  0.0193  0.0193  0.0193  0.0193  0.0193  0.0193  0.0193  0.0193  0.0193  0.0193
  0.0194  0.0193  0.0193  0.0193  0.0193  0.0193  0.0193  0.0194  0.0193  0.0193  0.0193  0.0193
  0.0195  0.0195  0.0194  0.0196  0.0195  0.0195  0.0195  0.0197  0.0194  0.0195  0.0194  0.0194
  0.0198  0.0196  0.0195  0.0200  0.0198  0.0198  0.0197  0.0202  0.0196  0.0198  0.0196  0.0196
    2.9934   25.7228   16.9912   -4.8703   -8.1513   -3.5794
   -3.8377    7.2466    4.9192  -21.0233   -5.4383   15.8191
eta,q 0.98070  9.64983

---------------------------------------------------------------------
compute_vox2vox talsrcimg talsrcimg_to_711-2C_as_mni_average_305_t4 /opt/freesurfer/average/711-2C_as_mni_average_305
---------------------------------------------------------------------

freesurfer compute_vox2vox.c
Reading: talsrcimg.4dfp.ifh
Reading: talsrcimg_to_711-2C_as_mni_average_305_t4
Reading: /opt/freesurfer/average/711-2C_as_mni_average_305.4dfp.ifh
Writing: talsrcimg_to_711-2C_as_mni_average_305_t4_vox2vox.txt

start time Fri Mar 13 05:25:50 CET 2026
end		time Fri Mar 13 05:27:17 CET 2026

mpr2mni305 success

avi2talxfm orig_nu.mgz /opt/freesurfer/average/mni305.cor.mgz talsrcimg_to_711-2C_as_mni_average_305_t4_vox2vox.txt transforms/talairach.auto.xfm
avi2talxfm done
mv -f /out/sourcedata/freesurfer/sub-v2s4x29614_ses-1/mri/talsrcimg_to_711-2C_as_mni_average_305_t4_vox2vox.txt /out/sourcedata/freesurfer/sub-v2s4x29614_ses-1/mri/transforms/talsrcimg_to_711-2C_as_mni_average_305_t4_vox2vox.txt
lta_convert --src orig_nu.mgz --trg /opt/freesurfer/average/mni305.cor.mgz --inxfm transforms/talairach.auto.xfm --outlta transforms/talairach.auto.xfm.lta --subject fsaverage
7.3.2

--src: orig_nu.mgz src image (geometry).
--trg: /opt/freesurfer/average/mni305.cor.mgz trg image (geometry).
--inmni: transforms/talairach.auto.xfm input MNI/XFM transform.
--outlta: transforms/talairach.auto.xfm.lta output LTA.
--s: fsaverage subject name
 LTA read, type : 1
 1.04455  -0.06649   0.05510  -6.37953;
 0.06563   0.99541  -0.16870  -14.86980;
-0.04092   0.23140   1.04718  -65.19997;
 0.00000   0.00000   0.00000   1.00000;
setting subject to fsaverage
Writing  LTA to file transforms/talairach.auto.xfm.lta...
lta_convert successful.
 
 
Started at Fri Mar 13 05:25:49 CET 2026
Ended   at Fri Mar 13 05:27:18 CET 2026
talairach_avi done
