/out/sourcedata/freesurfer/sub-v2s4x29627_ses-1/mri
/opt/freesurfer/bin/talairach_avi
--i orig_nu.mgz --xfm transforms/talairach.auto.xfm
talairach_avi 7.3.2
Linux dna085 5.14.0-427.37.1.el9_4.x86_64 #1 SMP PREEMPT_DYNAMIC Fri Sep 13 12:41:50 EDT 2024 x86_64 x86_64 x86_64 GNU/Linux
Fri Mar 13 05:49:58 CET 2026
mri_convert orig_nu.mgz talsrcimg.img 
reading from orig_nu.mgz...
TR=0.00, TE=0.00, TI=0.00, flip angle=0.00
i_ras = (-1, -4.51837e-09, -3.72529e-09)
j_ras = (0, 0, -1)
k_ras = (7.85803e-10, 1, 0)
writing to talsrcimg.img...
Analyze Output Matrix
-1.00000   0.00000   0.00000   131.87442;
-0.00000   0.00000   1.00000  -122.47006;
-0.00000  -1.00000   0.00000   125.89051;
 0.00000   0.00000   0.00000   1.00000;
--------------------
INFO: set hdr.hist.orient to -1
mpr2mni305 talsrcimg
Fri Mar 13 05:49:58 CET 2026
/opt/freesurfer/bin/mpr2mni305 talsrcimg
mpr2mni305 7.3.2
target=711-2C_as_mni_average_305

---------------------------------------------------------------------
analyzeto4dfp talsrcimg -O0 -y
---------------------------------------------------------------------

freesurfer ifh2hdr.c
Fri Mar 13 05:49:59 2026
Writing: talsrcimg.4dfp.hdr
freesurfer analyzeto4dfp.c
Reading: talsrcimg.hdr
header size 348 bytes
hdr.dime.datatype	offset=70	value=2
hdr.dime.bitpix		offset=72	value=8
hdr.hist.orient		offset=252	value=-1
dimensionality     4
dimensions       256       256       256         1
Reading: talsrcimg.img
Writing: talsrcimg.4dfp.img
Writing: talsrcimg.4dfp.ifh
ifh2hdr talsrcimg -r0to255
ori=2

---------------------------------------------------------------------
gauss_4dfp talsrcimg 1.1
---------------------------------------------------------------------

freesurfer gauss_4dfp.c
Reading: talsrcimg.4dfp.img
Writing: talsrcimg_g11.4dfp.img
image dimensions 256 256 256 padded to 288 288 288
processing volume 1freesurfer ifh2hdr.c
Fri Mar 13 05:50:00 2026
Writing: talsrcimg_g11.4dfp.hdr

Writing: talsrcimg_g11.4dfp.ifh
including: talsrcimg.4dfp.img.rec in talsrcimg_g11.4dfp.img.rec

---------------------------------------------------------------------
imgreg_4dfp /opt/freesurfer/average/711-2C_as_mni_average_305 none talsrcimg_g11 none talsrcimg_to_711-2C_as_mni_average_305_t4 4355
---------------------------------------------------------------------

freesurfer imgreg_4dfp.c
/opt/freesurfer/average/711-2C_as_mni_average_305.4dfp.img
       256       256       256         1
  1.000000  1.000000  1.000000
orientation T byte_order littleendian
Reading image: /opt/freesurfer/average/711-2C_as_mni_average_305.4dfp.img
dimensions:      256       256       256
mmppix:       1.0000   -1.0000   -1.0000
center:     128.0000 -129.0000 -129.0000
talsrcimg_g11.4dfp.img
       256       256       256         1
  1.000000  1.000000  1.000000
orientation T byte_order littleendian
Reading image: talsrcimg_g11.4dfp.img
dimensions:      256       256       256
mmppix:       1.0000   -1.0000   -1.0000
center:     128.0000 -129.0000 -129.0000
t4_read: open error in t4_sub.f l:  41 t4_file(1:l)talsrcimg_to_711-2C_as_mni_average_305_t4 
t4_read: transform initialized to I4
rotation matrix determinant  1.000000
image alignment mode   4355 decimal     1103 hex
   -7.5000  -45.0000  -45.0000 6645.7017    9.9748
    0.0000  -45.0000  -45.0000 6923.6006    9.9694
    7.5000  -45.0000  -45.0000 6567.1870    9.9733
   -7.5000  -37.5000  -45.0000 7164.0679    9.6567
    0.0000  -37.5000  -45.0000 7452.1924    9.6509
    7.5000  -37.5000  -45.0000 7085.6738    9.6562
   -7.5000  -30.0000  -45.0000 8007.6182    9.4388
    0.0000  -30.0000  -45.0000 8308.6221    9.4302
    7.5000  -30.0000  -45.0000 7901.0317    9.4313
   -7.5000  -22.5000  -45.0000 8935.7480    9.3225
    0.0000  -22.5000  -45.0000 9258.3906    9.3114
    7.5000  -22.5000  -45.0000 8816.7227    9.3087
   -7.5000  -15.0000  -45.0000 9875.7539    9.2815
    0.0000  -15.0000  -45.000010227.2178    9.2708
    7.5000  -15.0000  -45.0000 9749.9209    9.2668
   -7.5000   -7.5000  -45.000010840.1816    9.2735
    0.0000   -7.5000  -45.000011219.7695    9.2656
    7.5000   -7.5000  -45.000010675.2998    9.2644
   -7.5000    0.0000  -45.000011657.1924    9.2756
    0.0000    0.0000  -45.000012062.5801    9.2703
    7.5000    0.0000  -45.000011489.0557    9.2737
   -7.5000    7.5000  -45.000011670.2383    9.2878
    0.0000    7.5000  -45.000012076.7891    9.2822
    7.5000    7.5000  -45.000011467.7539    9.2864
   -7.5000   15.0000  -45.000011622.5195    9.2975
    0.0000   15.0000  -45.000012024.6240    9.2889
    7.5000   15.0000  -45.000011391.9658    9.2898
   -7.5000   22.5000  -45.000011484.0098    9.2919
    0.0000   22.5000  -45.000011871.1670    9.2808
    7.5000   22.5000  -45.000011265.5000    9.2781
   -7.5000   30.0000  -45.000011070.3398    9.1577
    0.0000   30.0000  -45.000011448.1172    9.1471
    7.5000   30.0000  -45.000010879.2334    9.1432
   -7.5000   37.5000  -45.000010948.5596    9.1499
    0.0000   37.5000  -45.000011312.4551    9.1422
    7.5000   37.5000  -45.000010744.0420    9.1409
   -7.5000   45.0000  -45.000010425.9092    8.9196
    0.0000   45.0000  -45.000010751.0869    8.9145
    7.5000   45.0000  -45.000010216.4824    8.9178
   -7.5000  -45.0000  -37.5000 6957.4209    9.8917
    0.0000  -45.0000  -37.5000 7236.1982    9.8902
    7.5000  -45.0000  -37.5000 6875.0835    9.8922
   -7.5000  -37.5000  -37.5000 7505.8516    9.5777
    0.0000  -37.5000  -37.5000 7793.2744    9.5772
    7.5000  -37.5000  -37.5000 7417.5347    9.5805
   -7.5000  -30.0000  -37.5000 8415.9971    9.3658
    0.0000  -30.0000  -37.5000 8720.7822    9.3637
    7.5000  -30.0000  -37.5000 8302.1426    9.3624
   -7.5000  -22.5000  -37.5000 9412.9629    9.2545
    0.0000  -22.5000  -37.5000 9756.3467    9.2493
    7.5000  -22.5000  -37.5000 9296.5537    9.2439
   -7.5000  -15.0000  -37.500010424.9492    9.2151
    0.0000  -15.0000  -37.500010803.9648    9.2092
    7.5000  -15.0000  -37.500010299.8213    9.2029
   -7.5000   -7.5000  -37.500011438.3691    9.2052
    0.0000   -7.5000  -37.500011852.5098    9.2013
    7.5000   -7.5000  -37.500011288.0840    9.1982
   -7.5000    0.0000  -37.500012310.3760    9.2042
    0.0000    0.0000  -37.500012761.8330    9.2028
    7.5000    0.0000  -37.500012171.9639    9.2044
   -7.5000    7.5000  -37.500012319.7266    9.2151
    0.0000    7.5000  -37.500012752.2842    9.2146
    7.5000    7.5000  -37.500012129.7529    9.2170
   -7.5000   15.0000  -37.500012234.7285    9.2267
    0.0000   15.0000  -37.500012656.4512    9.2243
    7.5000   15.0000  -37.500012016.7227    9.2230
   -7.5000   22.5000  -37.500012056.1797    9.2243
    0.0000   22.5000  -37.500012469.0156    9.2190
    7.5000   22.5000  -37.500011860.5264    9.2137
   -7.5000   30.0000  -37.500011637.2646    9.0922
    0.0000   30.0000  -37.500012041.5566    9.0863
    7.5000   30.0000  -37.500011456.4258    9.0802
   -7.5000   37.5000  -37.500011497.2461    9.0826
    0.0000   37.5000  -37.500011898.5957    9.0787
    7.5000   37.5000  -37.500011307.5771    9.0756
   -7.5000   45.0000  -37.500010964.6572    8.8510
    0.0000   45.0000  -37.500011337.3447    8.8496
    7.5000   45.0000  -37.500010775.6416    8.8512
   -7.5000  -45.0000  -30.0000 7387.4019   10.2545
    0.0000  -45.0000  -30.0000 7687.9214   10.2560
    7.5000  -45.0000  -30.0000 7321.1035   10.2559
   -7.5000  -37.5000  -30.0000 7966.0903    9.9295
    0.0000  -37.5000  -30.0000 8284.9639    9.9335
    7.5000  -37.5000  -30.0000 7892.1138    9.9345
   -7.5000  -30.0000  -30.0000 8954.6885    9.7180
    0.0000  -30.0000  -30.0000 9297.9443    9.7209
    7.5000  -30.0000  -30.0000 8849.1787    9.7172
   -7.5000  -22.5000  -30.000010045.4590    9.6086
    0.0000  -22.5000  -30.000010426.1338    9.6077
    7.5000  -22.5000  -30.0000 9924.4092    9.5999
   -7.5000  -15.0000  -30.000011155.4502    9.5686
    0.0000  -15.0000  -30.000011576.6855    9.5659
    7.5000  -15.0000  -30.000011033.8174    9.5576
   -7.5000   -7.5000  -30.000012251.1035    9.5531
    0.0000   -7.5000  -30.000012708.9844    9.5519
    7.5000   -7.5000  -30.000012096.7773    9.5473
   -7.5000    0.0000  -30.000013198.9980    9.5456
    0.0000    0.0000  -30.000013702.2627    9.5476
    7.5000    0.0000  -30.000013059.3623    9.5477
   -7.5000    7.5000  -30.000013211.5840    9.5564
    0.0000    7.5000  -30.000013700.1484    9.5604
    7.5000    7.5000  -30.000013013.5762    9.5610
   -7.5000   15.0000  -30.000013099.3047    9.5741
    0.0000   15.0000  -30.000013572.8633    9.5767
    7.5000   15.0000  -30.000012871.4238    9.5730
   -7.5000   22.5000  -30.000012921.5537    9.5763
    0.0000   22.5000  -30.000013378.4131    9.5754
    7.5000   22.5000  -30.000012716.7227    9.5676
   -7.5000   30.0000  -30.000012475.8369    9.4418
    0.0000   30.0000  -30.000012919.6104    9.4392
    7.5000   30.0000  -30.000012294.5586    9.4310
   -7.5000   37.5000  -30.000012299.6025    9.4267
    0.0000   37.5000  -30.000012740.8340    9.4255
    7.5000   37.5000  -30.000012121.4736    9.4210
   -7.5000   45.0000  -30.000011718.5010    9.1860
    0.0000   45.0000  -30.000012132.4648    9.1879
    7.5000   45.0000  -30.000011539.7168    9.1880
   -7.5000  -45.0000  -22.5000 7802.6392   10.6052
    0.0000  -45.0000  -22.5000 8129.4272   10.6047
    7.5000  -45.0000  -22.5000 7749.9854   10.6048
   -7.5000  -37.5000  -22.5000 8423.6299   10.2710
    0.0000  -37.5000  -22.5000 8757.4609   10.2733
    7.5000  -37.5000  -22.5000 8352.1533   10.2745
   -7.5000  -30.0000  -22.5000 9492.9033   10.0570
    0.0000  -30.0000  -22.5000 9866.4473   10.0580
    7.5000  -30.0000  -22.5000 9386.2695   10.0544
   -7.5000  -22.5000  -22.500010685.5117    9.9444
    0.0000  -22.5000  -22.500011099.3984    9.9413
    7.5000  -22.5000  -22.500010551.3516    9.9336
   -7.5000  -15.0000  -22.500011887.1562    9.9005
    0.0000  -15.0000  -22.500012341.4219    9.8954
    7.5000  -15.0000  -22.500011743.8584    9.8871
   -7.5000   -7.5000  -22.500013081.3271    9.8811
    0.0000   -7.5000  -22.500013583.2168    9.8779
    7.5000   -7.5000  -22.500012916.5068    9.8735
   -7.5000    0.0000  -22.500014126.4453    9.8720
    0.0000    0.0000  -22.500014678.4648    9.8725
    7.5000    0.0000  -22.500013953.1494    9.8731
   -7.5000    7.5000  -22.500014131.2090    9.8857
    0.0000    7.5000  -22.500014672.4170    9.8883
    7.5000    7.5000  -22.500013904.4180    9.8893
   -7.5000   15.0000  -22.500014006.2061    9.9078
    0.0000   15.0000  -22.500014535.7900    9.9086
    7.5000   15.0000  -22.500013775.1924    9.9052
   -7.5000   22.5000  -22.500013863.6289    9.9103
    0.0000   22.5000  -22.500014374.2725    9.9072
    7.5000   22.5000  -22.500013634.5586    9.8994
   -7.5000   30.0000  -22.500013397.9131    9.7709
    0.0000   30.0000  -22.500013896.7275    9.7659
    7.5000   30.0000  -22.500013209.3604    9.7577
   -7.5000   37.5000  -22.500013166.9521    9.7518
    0.0000   37.5000  -22.500013652.0068    9.7487
    7.5000   37.5000  -22.500013008.1064    9.7443
   -7.5000   45.0000  -22.500012525.3848    9.5072
    0.0000   45.0000  -22.500012994.8506    9.5077
    7.5000   45.0000  -22.500012372.4951    9.5083
   -7.5000  -45.0000  -15.0000 8220.5166   10.8590
    0.0000  -45.0000  -15.0000 8546.1436   10.8538
    7.5000  -45.0000  -15.0000 8154.4097   10.8554
   -7.5000  -37.5000  -15.0000 8911.2256   10.5179
    0.0000  -37.5000  -15.0000 9267.5713   10.5146
    7.5000  -37.5000  -15.0000 8823.8584   10.5177
   -7.5000  -30.0000  -15.000010037.4287   10.2952
    0.0000  -30.0000  -15.000010441.1406   10.2897
    7.5000  -30.0000  -15.0000 9918.9160   10.2884
   -7.5000  -22.5000  -15.000011290.1279   10.1752
    0.0000  -22.5000  -15.000011736.3506   10.1661
    7.5000  -22.5000  -15.000011143.4951   10.1606
   -7.5000  -15.0000  -15.000012609.8887   10.1291
    0.0000  -15.0000  -15.000013104.2959   10.1185
    7.5000  -15.0000  -15.000012430.6260   10.1118
   -7.5000   -7.5000  -15.000013919.0293   10.1124
    0.0000   -7.5000  -15.000014480.6279   10.1044
    7.5000   -7.5000  -15.000013707.9082   10.1013
   -7.5000    0.0000  -15.000015112.6299   10.1077
    0.0000    0.0000  -15.000015755.5186   10.1037
    7.5000    0.0000  -15.000014868.9600   10.1057
   -7.5000    7.5000  -15.000015111.3701   10.1231
    0.0000    7.5000  -15.000015730.2783   10.1202
    7.5000    7.5000  -15.000014827.1240   10.1231
   -7.5000   15.0000  -15.000014976.6758   10.1424
    0.0000   15.0000  -15.000015583.5596   10.1369
    7.5000   15.0000  -15.000014700.2783   10.1358
   -7.5000   22.5000  -15.000014837.4619   10.1399
    0.0000   22.5000  -15.000015432.6592   10.1308
    7.5000   22.5000  -15.000014573.1182   10.1253
   -7.5000   30.0000  -15.000014367.6396    9.9979
    0.0000   30.0000  -15.000014926.0840    9.9874
    7.5000   30.0000  -15.000014145.5947    9.9808
   -7.5000   37.5000  -15.000014106.8643    9.9816
    0.0000   37.5000  -15.000014665.3975    9.9736
    7.5000   37.5000  -15.000013919.8525    9.9705
   -7.5000   45.0000  -15.000013382.1543    9.7401
    0.0000   45.0000  -15.000013874.8701    9.7362
    7.5000   45.0000  -15.000013184.8848    9.7382
   -7.5000  -45.0000   -7.5000 8624.0488   10.9769
    0.0000  -45.0000   -7.5000 8949.6934   10.9691
    7.5000  -45.0000   -7.5000 8540.4453   10.9727
   -7.5000  -37.5000   -7.5000 9387.6230   10.6321
    0.0000  -37.5000   -7.5000 9751.6836   10.6247
    7.5000  -37.5000   -7.5000 9278.5986   10.6302
   -7.5000  -30.0000   -7.500010580.5039   10.3985
    0.0000  -30.0000   -7.500011000.1934   10.3882
    7.5000  -30.0000   -7.500010448.7168   10.3893
   -7.5000  -22.5000   -7.500011904.7637   10.2722
    0.0000  -22.5000   -7.500012356.9385   10.2588
    7.5000  -22.5000   -7.500011734.3496   10.2557
   -7.5000  -15.0000   -7.500013298.1182   10.2266
    0.0000  -15.0000   -7.500013801.2773   10.2127
    7.5000  -15.0000   -7.500013075.8604   10.2079
   -7.5000   -7.5000   -7.500014734.3838   10.2163
    0.0000   -7.5000   -7.500015317.8525   10.2056
    7.5000   -7.5000   -7.500014471.4893   10.2038
   -7.5000    0.0000   -7.500016142.3223   10.2178
    0.0000    0.0000   -7.500016828.2793   10.2107
    7.5000    0.0000   -7.500015821.7793   10.2142
   -7.5000    7.5000   -7.500016301.4141   10.2322
    0.0000    7.5000   -7.500016969.4980   10.2252
    7.5000    7.5000   -7.500015891.2061   10.2300
   -7.5000   15.0000   -7.500016181.2871   10.2446
    0.0000   15.0000   -7.500016862.4473   10.2344
    7.5000   15.0000   -7.500015772.0625   10.2356
   -7.5000   22.5000   -7.500016006.5225   10.2356
    0.0000   22.5000   -7.500016663.4473   10.2221
    7.5000   22.5000   -7.500015595.6680   10.2191
   -7.5000   30.0000   -7.500015506.0742   10.0939
    0.0000   30.0000   -7.500016133.4658   10.0802
    7.5000   30.0000   -7.500015134.0146   10.0754
   -7.5000   37.5000   -7.500015227.0859   10.0838
    0.0000   37.5000   -7.500015814.0195   10.0732
    7.5000   37.5000   -7.500014874.2822   10.0715
   -7.5000   45.0000   -7.500014391.5234    9.8480
    0.0000   45.0000   -7.500014893.0098    9.8412
    7.5000   45.0000   -7.500014026.3721    9.8445
   -7.5000  -45.0000    0.0000 8952.6963   10.9925
    0.0000  -45.0000    0.0000 9272.1719   10.9861
    7.5000  -45.0000    0.0000 8842.8193   10.9903
   -7.5000  -37.5000    0.0000 9793.9502   10.6458
    0.0000  -37.5000    0.000010146.5771   10.6393
    7.5000  -37.5000    0.0000 9658.4795   10.6453
   -7.5000  -30.0000    0.000011069.4814   10.4069
    0.0000  -30.0000    0.000011472.2617   10.3976
    7.5000  -30.0000    0.000010907.0195   10.3989
   -7.5000  -22.5000    0.000012452.0195   10.2797
    0.0000  -22.5000    0.000012935.7812   10.2675
    7.5000  -22.5000    0.000012262.3369   10.2644
   -7.5000  -15.0000    0.000013904.5547   10.2363
    0.0000  -15.0000    0.000014481.9893   10.2240
    7.5000  -15.0000    0.000013652.9443   10.2192
   -7.5000   -7.5000    0.000015466.7803   10.2296
    0.0000   -7.5000    0.000016135.3877   10.2202
    7.5000   -7.5000    0.000015132.8135   10.2186
   -7.5000    0.0000    0.000017108.0293   10.2329
    0.0000    0.0000    0.000017861.6016   10.2266
    7.5000    0.0000    0.000016639.9141   10.2303
   -7.5000    7.5000    0.000017452.8320   10.2450
    0.0000    7.5000    0.000018196.5117   10.2387
    7.5000    7.5000    0.000016824.8789   10.2435
   -7.5000   15.0000    0.000017499.8164   10.2533
    0.0000   15.0000    0.000018278.7148   10.2440
    7.5000   15.0000    0.000016734.6680   10.2452
   -7.5000   22.5000    0.000017260.2598   10.2431
    0.0000   22.5000    0.000017991.8516   10.2309
    7.5000   22.5000    0.000016482.1914   10.2277
   -7.5000   30.0000    0.000016589.7188   10.1037
    0.0000   30.0000    0.000017288.4785   10.0915
    7.5000   30.0000    0.000015908.5244   10.0868
   -7.5000   37.5000    0.000016213.4922   10.0972
    0.0000   37.5000    0.000016840.5391   10.0879
    7.5000   37.5000    0.000015638.9492   10.0863
   -7.5000   45.0000    0.000015262.4131    9.8634
    0.0000   45.0000    0.000015799.1016    9.8573
    7.5000   45.0000    0.000014759.7637    9.8608
   -7.5000  -45.0000    7.5000 8586.8115   10.9951
    0.0000  -45.0000    7.5000 8960.7588   10.9934
    7.5000  -45.0000    7.5000 8463.2734   10.9956
   -7.5000  -37.5000    7.5000 9411.8623   10.6466
    0.0000  -37.5000    7.5000 9824.0186   10.6461
    7.5000  -37.5000    7.5000 9270.6240   10.6498
   -7.5000  -30.0000    7.500010670.4678   10.4118
    0.0000  -30.0000    7.500011136.1943   10.4097
    7.5000  -30.0000    7.500010484.3135   10.4082
   -7.5000  -22.5000    7.500012035.5293   10.2900
    0.0000  -22.5000    7.500012574.5742   10.2843
    7.5000  -22.5000    7.500011787.9873   10.2784
   -7.5000  -15.0000    7.500013451.6191   10.2481
    0.0000  -15.0000    7.500014059.2920   10.2414
    7.5000  -15.0000    7.500013129.6318   10.2346
   -7.5000   -7.5000    7.500014950.5586   10.2377
    0.0000   -7.5000    7.500015644.2783   10.2331
    7.5000   -7.5000    7.500014573.1416   10.2298
   -7.5000    0.0000    7.500016548.6836   10.2357
    0.0000    0.0000    7.500017316.8340   10.2340
    7.5000    0.0000    7.500016027.7412   10.2358
   -7.5000    7.5000    7.500016987.8086   10.2461
    0.0000    7.5000    7.500017765.9863   10.2456
    7.5000    7.5000    7.500016309.3789   10.2483
   -7.5000   15.0000    7.500017083.6055   10.2582
    0.0000   15.0000    7.500017910.8750   10.2557
    7.5000   15.0000    7.500016309.0664   10.2542
   -7.5000   22.5000    7.500016840.2383   10.2533
    0.0000   22.5000    7.500017697.7812   10.2476
    7.5000   22.5000    7.500016068.4277   10.2417
   -7.5000   30.0000    7.500016118.7178   10.1153
    0.0000   30.0000    7.500016892.0645   10.1087
    7.5000   30.0000    7.500015490.4121   10.1020
   -7.5000   37.5000    7.500015722.9521   10.1052
    0.0000   37.5000    7.500016418.0898   10.1007
    7.5000   37.5000    7.500015208.0889   10.0974
   -7.5000   45.0000    7.500014763.8535    9.8660
    0.0000   45.0000    7.500015366.8213    9.8644
    7.5000   45.0000    7.500014332.2500    9.8662
   -7.5000  -45.0000   15.0000 8076.6484   11.0027
    0.0000  -45.0000   15.0000 8433.0947   11.0044
    7.5000  -45.0000   15.0000 7975.8872   11.0044
   -7.5000  -37.5000   15.0000 8905.2607   10.6542
    0.0000  -37.5000   15.0000 9299.6328   10.6587
    7.5000  -37.5000   15.0000 8785.2246   10.6598
   -7.5000  -30.0000   15.000010113.8496   10.4280
    0.0000  -30.0000   15.000010575.7773   10.4314
    7.5000  -30.0000   15.0000 9946.1270   10.4274
   -7.5000  -22.5000   15.000011396.8633   10.3114
    0.0000  -22.5000   15.000011921.2275   10.3106
    7.5000  -22.5000   15.000011170.2061   10.3023
   -7.5000  -15.0000   15.000012717.6113   10.2685
    0.0000  -15.0000   15.000013284.3652   10.2658
    7.5000  -15.0000   15.000012434.5059   10.2569
   -7.5000   -7.5000   15.000014108.3857   10.2512
    0.0000   -7.5000   15.000014729.6230   10.2501
    7.5000   -7.5000   15.000013797.8213   10.2453
   -7.5000    0.0000   15.000015566.7090   10.2427
    0.0000    0.0000   15.000016274.1240   10.2449
    7.5000    0.0000   15.000015176.5557   10.2451
   -7.5000    7.5000   15.000016050.9727   10.2542
    0.0000    7.5000   15.000016817.1113   10.2586
    7.5000    7.5000   15.000015526.3193   10.2593
   -7.5000   15.0000   15.000016191.8789   10.2737
    0.0000   15.0000   15.000017050.7734   10.2766
    7.5000   15.0000   15.000015604.9736   10.2728
   -7.5000   22.5000   15.000015941.8125   10.2745
    0.0000   22.5000   15.000016804.6211   10.2736
    7.5000   22.5000   15.000015347.2637   10.2654
   -7.5000   30.0000   15.000015279.5957   10.1355
    0.0000   30.0000   15.000016050.0605   10.1328
    7.5000   30.0000   15.000014804.4980   10.1240
   -7.5000   37.5000   15.000014940.0029   10.1186
    0.0000   37.5000   15.000015629.4844   10.1175
    7.5000   37.5000   15.000014552.2588   10.1127
   -7.5000   45.0000   15.000014033.3408    9.8727
    0.0000   45.0000   15.000014635.9941    9.8749
    7.5000   45.0000   15.000013696.0869    9.8751
   -7.5000  -45.0000   22.5000 7480.1982   11.0623
    0.0000  -45.0000   22.5000 7772.6240   11.0617
    7.5000  -45.0000   22.5000 7408.7388   11.0617
   -7.5000  -37.5000   22.5000 8256.3223   10.7119
    0.0000  -37.5000   22.5000 8582.6963   10.7143
    7.5000  -37.5000   22.5000 8192.8936   10.7155
   -7.5000  -30.0000   22.5000 9400.9180   10.4878
    0.0000  -30.0000   22.5000 9782.5000   10.4887
    7.5000  -30.0000   22.5000 9301.8652   10.4849
   -7.5000  -22.5000   22.500010617.0127   10.3698
    0.0000  -22.5000   22.500011036.0713   10.3665
    7.5000  -22.5000   22.500010463.2158   10.3585
   -7.5000  -15.0000   22.500011869.1934   10.3240
    0.0000  -15.0000   22.500012346.9834   10.3186
    7.5000  -15.0000   22.500011677.9072   10.3099
   -7.5000   -7.5000   22.500013215.4043   10.3037
    0.0000   -7.5000   22.500013782.8984   10.3003
    7.5000   -7.5000   22.500013004.2256   10.2956
   -7.5000    0.0000   22.500014600.2441   10.2940
    0.0000    0.0000   22.500015286.6426   10.2946
    7.5000    0.0000   22.500014310.3008   10.2951
   -7.5000    7.5000   22.500014972.3623   10.3083
    0.0000    7.5000   22.500015718.2422   10.3110
    7.5000    7.5000   22.500014599.5723   10.3119
   -7.5000   15.0000   22.500015000.0205   10.3314
    0.0000   15.0000   22.500015840.1709   10.3322
    7.5000   15.0000   22.500014586.5234   10.3286
   -7.5000   22.5000   22.500014722.0537   10.3326
    0.0000   22.5000   22.500015498.4082   10.3292
    7.5000   22.5000   22.500014342.5771   10.3212
   -7.5000   30.0000   22.500014201.7637   10.1903
    0.0000   30.0000   22.500014885.0283   10.1850
    7.5000   30.0000   22.500013872.1367   10.1763
   -7.5000   37.5000   22.500014036.2354   10.1703
    0.0000   37.5000   22.500014669.9141   10.1670
    7.5000   37.5000   22.500013719.4160   10.1623
   -7.5000   45.0000   22.500013189.4590    9.9223
    0.0000   45.0000   22.500013753.0723    9.9228
    7.5000   45.0000   22.500012894.4639    9.9233
   -7.5000  -45.0000   30.0000 6880.0854   11.2575
    0.0000  -45.0000   30.0000 7123.1992   11.2517
    7.5000  -45.0000   30.0000 6804.8608   11.2531
   -7.5000  -37.5000   30.0000 7626.7593   10.8967
    0.0000  -37.5000   30.0000 7887.9785   10.8930
    7.5000  -37.5000   30.0000 7564.0386   10.8962
   -7.5000  -30.0000   30.0000 8701.4365   10.6602
    0.0000  -30.0000   30.0000 8997.4072   10.6545
    7.5000  -30.0000   30.0000 8610.6885   10.6532
   -7.5000  -22.5000   30.0000 9862.4678   10.5322
    0.0000  -22.5000   30.000010205.9541   10.5226
    7.5000  -22.5000   30.0000 9713.3691   10.5170
   -7.5000  -15.0000   30.000011066.5576   10.4831
    0.0000  -15.0000   30.000011492.6250   10.4719
    7.5000  -15.0000   30.000010885.6895   10.4649
   -7.5000   -7.5000   30.000012321.4326   10.4662
    0.0000   -7.5000   30.000012830.7295   10.4575
    7.5000   -7.5000   30.000012137.9668   10.4541
   -7.5000    0.0000   30.000013566.6758   10.4623
    0.0000    0.0000   30.000014197.0820   10.4577
    7.5000    0.0000   30.000013354.3896   10.4597
   -7.5000    7.5000   30.000013794.2432   10.4790
    0.0000    7.5000   30.000014469.5996   10.4758
    7.5000    7.5000   30.000013539.4844   10.4787
   -7.5000   15.0000   30.000013712.3984   10.4987
    0.0000   15.0000   30.000014394.9297   10.4929
    7.5000   15.0000   30.000013443.6309   10.4919
   -7.5000   22.5000   30.000013406.3066   10.4939
    0.0000   22.5000   30.000014022.9502   10.4843
    7.5000   22.5000   30.000013197.7451   10.4787
   -7.5000   30.0000   30.000013090.8154   10.3473
    0.0000   30.0000   30.000013644.7236   10.3362
    7.5000   30.0000   30.000012869.8350   10.3294
   -7.5000   37.5000   30.000013044.1514   10.3307
    0.0000   37.5000   30.000013605.8447   10.3221
    7.5000   37.5000   30.000012795.0254   10.3188
   -7.5000   45.0000   30.000012287.0645   10.0844
    0.0000   45.0000   30.000012806.0029   10.0800
    7.5000   45.0000   30.000012046.9141   10.0819
   -7.5000  -45.0000   37.5000 6626.6919   11.6079
    0.0000  -45.0000   37.5000 6882.7832   11.5978
    7.5000  -45.0000   37.5000 6545.3105   11.6008
   -7.5000  -37.5000   37.5000 7362.3711   11.2213
    0.0000  -37.5000   37.5000 7631.9565   11.2124
    7.5000  -37.5000   37.5000 7278.4316   11.2180
   -7.5000  -30.0000   37.5000 8432.5850   10.9566
    0.0000  -30.0000   37.5000 8725.5664   10.9451
    7.5000  -30.0000   37.5000 8311.0361   10.9467
   -7.5000  -22.5000   37.5000 9577.0342   10.8143
    0.0000  -22.5000   37.5000 9913.8145   10.7995
    7.5000  -22.5000   37.5000 9411.0859   10.7968
   -7.5000  -15.0000   37.500010752.3057   10.7661
    0.0000  -15.0000   37.500011134.3174   10.7504
    7.5000  -15.0000   37.500010566.4102   10.7453
   -7.5000   -7.5000   37.500011927.6484   10.7593
    0.0000   -7.5000   37.500012399.1543   10.7465
    7.5000   -7.5000   37.500011749.1221   10.7440
   -7.5000    0.0000   37.500013096.7256   10.7639
    0.0000    0.0000   37.500013660.7510   10.7549
    7.5000    0.0000   37.500012912.9463   10.7578
   -7.5000    7.5000   37.500013269.9355   10.7776
    0.0000    7.5000   37.500013861.6934   10.7692
    7.5000    7.5000   37.500013053.8037   10.7740
   -7.5000   15.0000   37.500013128.2539   10.7862
    0.0000   15.0000   37.500013712.9492   10.7748
    7.5000   15.0000   37.500012896.4521   10.7765
   -7.5000   22.5000   37.500012858.9229   10.7741
    0.0000   22.5000   37.500013377.6357   10.7593
    7.5000   22.5000   37.500012650.2090   10.7565
   -7.5000   30.0000   37.500012633.4893   10.6266
    0.0000   30.0000   37.500013128.6992   10.6111
    7.5000   30.0000   37.500012413.0508   10.6061
   -7.5000   37.5000   37.500012646.8057   10.6200
    0.0000   37.5000   37.500013159.8789   10.6074
    7.5000   37.5000   37.500012399.2080   10.6050
   -7.5000   45.0000   37.500011937.7539   10.3751
    0.0000   45.0000   37.500012409.1846   10.3665
    7.5000   45.0000   37.500011692.1055   10.3693
   -7.5000  -45.0000   45.0000 6131.5298   11.9516
    0.0000  -45.0000   45.0000 6376.9810   11.9445
    7.5000  -45.0000   45.0000 6046.8467   11.9462
   -7.5000  -37.5000   45.0000 6808.4771   11.5328
    0.0000  -37.5000   45.0000 7076.7695   11.5262
    7.5000  -37.5000   45.0000 6716.3257   11.5306
   -7.5000  -30.0000   45.0000 7804.2485   11.2425
    0.0000  -30.0000   45.0000 8101.5405   11.2334
    7.5000  -30.0000   45.0000 7691.9658   11.2334
   -7.5000  -22.5000   45.0000 8876.5439   11.0927
    0.0000  -22.5000   45.0000 9189.8730   11.0800
    7.5000  -22.5000   45.0000 8738.1211   11.0755
   -7.5000  -15.0000   45.0000 9938.7578   11.0478
    0.0000  -15.0000   45.000010298.0215   11.0345
    7.5000  -15.0000   45.0000 9796.2715   11.0277
   -7.5000   -7.5000   45.000011027.3584   11.0474
    0.0000   -7.5000   45.000011447.7930   11.0370
    7.5000   -7.5000   45.000010883.1104   11.0328
   -7.5000    0.0000   45.000012098.1611   11.0535
    0.0000    0.0000   45.000012595.4277   11.0466
    7.5000    0.0000   45.000011932.2939   11.0480
   -7.5000    7.5000   45.000012212.6064   11.0608
    0.0000    7.5000   45.000012739.8223   11.0544
    7.5000    7.5000   45.000012026.0996   11.0577
   -7.5000   15.0000   45.000012068.9375   11.0624
    0.0000   15.0000   45.000012566.2373   11.0531
    7.5000   15.0000   45.000011867.2646   11.0531
   -7.5000   22.5000   45.000011852.1025   11.0502
    0.0000   22.5000   45.000012303.6895   11.0375
    7.5000   22.5000   45.000011653.5840   11.0330
   -7.5000   30.0000   45.000011668.1807   10.9037
    0.0000   30.0000   45.000012109.5928   10.8906
    7.5000   30.0000   45.000011451.5938   10.8839
   -7.5000   37.5000   45.000011689.1318   10.9034
    0.0000   37.5000   45.000012133.6289   10.8932
    7.5000   37.5000   45.000011450.9414   10.8891
   -7.5000   45.0000   45.000011038.8105   10.6591
    0.0000   45.0000   45.000011451.7051   10.6525
    7.5000   45.0000   45.000010812.3379   10.6538

---------------------------------------------------------------------
imgreg_4dfp /opt/freesurfer/average/711-2C_as_mni_average_305 /opt/freesurfer/average/711-2B_as_mni_average_305_mask talsrcimg_g11 none talsrcimg_to_711-2C_as_mni_average_305_t4 4355
---------------------------------------------------------------------

freesurfer imgreg_4dfp.c
/opt/freesurfer/average/711-2C_as_mni_average_305.4dfp.img
       256       256       256         1
  1.000000  1.000000  1.000000
orientation T byte_order littleendian
Reading image: /opt/freesurfer/average/711-2C_as_mni_average_305.4dfp.img
dimensions:      256       256       256
mmppix:       1.0000   -1.0000   -1.0000
center:     128.0000 -129.0000 -129.0000
/opt/freesurfer/average/711-2B_as_mni_average_305_mask.4dfp.img
       256       256       256         1
  1.000000  1.000000  1.000000
orientation T byte_order littleendian
Reading mask: /opt/freesurfer/average/711-2B_as_mni_average_305_mask.4dfp.img (2306576 pixels)
talsrcimg_g11.4dfp.img
       256       256       256         1
  1.000000  1.000000  1.000000
orientation T byte_order littleendian
Reading image: talsrcimg_g11.4dfp.img
dimensions:      256       256       256
mmppix:       1.0000   -1.0000   -1.0000
center:     128.0000 -129.0000 -129.0000
rotation matrix determinant  1.000000
image alignment mode   4355 decimal     1103 hex
   -7.5000  -30.0000  -45.0000 2235.7495   13.2079
    0.0000  -30.0000  -45.0000 2236.4368   13.2443
    7.5000  -30.0000  -45.0000 2212.3145   13.3804
   -7.5000  -22.5000  -45.0000 2341.4697   12.0156
    0.0000  -22.5000  -45.0000 2339.7024   12.0288
    7.5000  -22.5000  -45.0000 2314.8386   12.1562
   -7.5000  -15.0000  -45.0000 2426.9590   11.0551
    0.0000  -15.0000  -45.0000 2425.7461   11.0372
    7.5000  -15.0000  -45.0000 2406.0854   11.1846
   -7.5000   -7.5000  -45.0000 2503.3572   10.3705
    0.0000   -7.5000  -45.0000 2500.9778   10.3500
    7.5000   -7.5000  -45.0000 2478.9507   10.4710
   -7.5000    0.0000  -45.0000 2536.2371    9.9389
    0.0000    0.0000  -45.0000 2531.4727    9.9219
    7.5000    0.0000  -45.0000 2510.5903   10.0555
   -7.5000    7.5000  -45.0000 2557.4587    9.7317
    0.0000    7.5000  -45.0000 2553.1987    9.7151
    7.5000    7.5000  -45.0000 2529.1479    9.8440
   -7.5000   15.0000  -45.0000 2553.7751    9.6879
    0.0000   15.0000  -45.0000 2552.0940    9.6718
    7.5000   15.0000  -45.0000 2527.1116    9.7938
   -7.5000   22.5000  -45.0000 2541.2957    9.7575
    0.0000   22.5000  -45.0000 2539.1831    9.7584
    7.5000   22.5000  -45.0000 2519.3333    9.8925
   -7.5000   30.0000  -45.0000 2515.3621   10.0138
    0.0000   30.0000  -45.0000 2514.7839    9.9996
    7.5000   30.0000  -45.0000 2490.7744   10.1564
   -7.5000   37.5000  -45.0000 2472.3062   10.4082
    0.0000   37.5000  -45.0000 2472.6003   10.4008
    7.5000   37.5000  -45.0000 2448.0581   10.5592
   -7.5000   45.0000  -45.0000 2410.5457   10.9097
    0.0000   45.0000  -45.0000 2414.1238   10.9225
    7.5000   45.0000  -45.0000 2384.9788   11.0982
   -7.5000   52.5000  -45.0000 2312.7297   11.5170
    0.0000   52.5000  -45.0000 2312.3000   11.5389
    7.5000   52.5000  -45.0000 2286.0032   11.7337
   -7.5000   60.0000  -45.0000 2168.8030   12.1946
    0.0000   60.0000  -45.0000 2168.9417   12.2109
    7.5000   60.0000  -45.0000 2146.6228   12.4182
   -7.5000  -30.0000  -37.5000 2290.1555   12.6068
    0.0000  -30.0000  -37.5000 2288.0120   12.6129
    7.5000  -30.0000  -37.5000 2265.3367   12.7791
   -7.5000  -22.5000  -37.5000 2406.3000   11.4258
    0.0000  -22.5000  -37.5000 2403.9175   11.4357
    7.5000  -22.5000  -37.5000 2378.7473   11.5761
   -7.5000  -15.0000  -37.5000 2503.6416   10.4858
    0.0000  -15.0000  -37.5000 2501.5725   10.4901
    7.5000  -15.0000  -37.5000 2481.8862   10.6321
   -7.5000   -7.5000  -37.5000 2584.6199    9.7956
    0.0000   -7.5000  -37.5000 2582.2095    9.7879
    7.5000   -7.5000  -37.5000 2563.9626    9.9150
   -7.5000    0.0000  -37.5000 2623.1685    9.3303
    0.0000    0.0000  -37.5000 2620.9016    9.3174
    7.5000    0.0000  -37.5000 2603.8962    9.4626
   -7.5000    7.5000  -37.5000 2650.6987    9.0734
    0.0000    7.5000  -37.5000 2647.6360    9.0761
    7.5000    7.5000  -37.5000 2622.7329    9.1988
   -7.5000   15.0000  -37.5000 2650.5928    8.9766
    0.0000   15.0000  -37.5000 2649.1174    8.9758
    7.5000   15.0000  -37.5000 2626.8467    9.1078
   -7.5000   22.5000  -37.5000 2636.4463    9.0432
    0.0000   22.5000  -37.5000 2635.4971    9.0507
    7.5000   22.5000  -37.5000 2617.4268    9.1845
   -7.5000   30.0000  -37.5000 2613.8025    9.2635
    0.0000   30.0000  -37.5000 2614.3447    9.2660
    7.5000   30.0000  -37.5000 2592.5872    9.4178
   -7.5000   37.5000  -37.5000 2575.1052    9.5856
    0.0000   37.5000  -37.5000 2578.4624    9.6056
    7.5000   37.5000  -37.5000 2551.9150    9.7722
   -7.5000   45.0000  -37.5000 2516.7119   10.0484
    0.0000   45.0000  -37.5000 2520.9175   10.0695
    7.5000   45.0000  -37.5000 2493.2051   10.2767
   -7.5000   52.5000  -37.5000 2414.8250   10.6156
    0.0000   52.5000  -37.5000 2415.1128   10.6440
    7.5000   52.5000  -37.5000 2391.2864   10.8601
   -7.5000   60.0000  -37.5000 2262.7349   11.2506
    0.0000   60.0000  -37.5000 2260.4353   11.2657
    7.5000   60.0000  -37.5000 2239.8550   11.4722
   -7.5000  -30.0000  -30.0000 2380.4551   12.4659
    0.0000  -30.0000  -30.0000 2380.6841   12.4839
    7.5000  -30.0000  -30.0000 2358.2102   12.6470
   -7.5000  -22.5000  -30.0000 2505.6492   11.2879
    0.0000  -22.5000  -30.0000 2504.7207   11.2974
    7.5000  -22.5000  -30.0000 2480.7458   11.4407
   -7.5000  -15.0000  -30.0000 2612.0227   10.3181
    0.0000  -15.0000  -30.0000 2613.0425   10.3146
    7.5000  -15.0000  -30.0000 2596.1030   10.4501
   -7.5000   -7.5000  -30.0000 2695.7048    9.5821
    0.0000   -7.5000  -30.0000 2697.0051    9.5812
    7.5000   -7.5000  -30.0000 2676.5740    9.7039
   -7.5000    0.0000  -30.0000 2740.6304    9.0879
    0.0000    0.0000  -30.0000 2743.6626    9.0922
    7.5000    0.0000  -30.0000 2723.7639    9.2076
   -7.5000    7.5000  -30.0000 2776.2122    8.7716
    0.0000    7.5000  -30.0000 2776.0837    8.7602
    7.5000    7.5000  -30.0000 2752.7961    8.8971
   -7.5000   15.0000  -30.0000 2790.8523    8.6167
    0.0000   15.0000  -30.0000 2788.1484    8.6195
    7.5000   15.0000  -30.0000 2763.3074    8.7542
   -7.5000   22.5000  -30.0000 2781.5286    8.6822
    0.0000   22.5000  -30.0000 2782.1262    8.7003
    7.5000   22.5000  -30.0000 2759.2385    8.8399
   -7.5000   30.0000  -30.0000 2758.4934    8.8972
    0.0000   30.0000  -30.0000 2759.1433    8.9059
    7.5000   30.0000  -30.0000 2737.7368    9.0638
   -7.5000   37.5000  -30.0000 2721.7471    9.1897
    0.0000   37.5000  -30.0000 2723.2478    9.2036
    7.5000   37.5000  -30.0000 2703.3833    9.3882
   -7.5000   45.0000  -30.0000 2660.7822    9.6230
    0.0000   45.0000  -30.0000 2664.1750    9.6478
    7.5000   45.0000  -30.0000 2642.3547    9.8594
   -7.5000   52.5000  -30.0000 2554.9316   10.1501
    0.0000   52.5000  -30.0000 2558.3218   10.1954
    7.5000   52.5000  -30.0000 2532.1899   10.4159
   -7.5000   60.0000  -30.0000 2397.4905   10.7773
    0.0000   60.0000  -30.0000 2397.5178   10.7969
    7.5000   60.0000  -30.0000 2375.9465   11.0182
   -7.5000  -30.0000  -22.5000 2433.0225   12.2427
    0.0000  -30.0000  -22.5000 2435.6914   12.2489
    7.5000  -30.0000  -22.5000 2417.7344   12.3922
   -7.5000  -22.5000  -22.5000 2563.5862   11.0515
    0.0000  -22.5000  -22.5000 2565.8296   11.0697
    7.5000  -22.5000  -22.5000 2545.7449   11.1813
   -7.5000  -15.0000  -22.5000 2676.4441   10.0720
    0.0000  -15.0000  -22.5000 2678.4165   10.0750
    7.5000  -15.0000  -22.5000 2662.1328   10.1999
   -7.5000   -7.5000  -22.5000 2762.1079    9.3055
    0.0000   -7.5000  -22.5000 2764.4800    9.2990
    7.5000   -7.5000  -22.5000 2746.1995    9.4153
   -7.5000    0.0000  -22.5000 2814.0693    8.7605
    0.0000    0.0000  -22.5000 2818.9114    8.7554
    7.5000    0.0000  -22.5000 2801.7585    8.8862
   -7.5000    7.5000  -22.5000 2856.5444    8.4114
    0.0000    7.5000  -22.5000 2859.1333    8.4116
    7.5000    7.5000  -22.5000 2835.8015    8.5562
   -7.5000   15.0000  -22.5000 2882.9910    8.2241
    0.0000   15.0000  -22.5000 2885.7017    8.2303
    7.5000   15.0000  -22.5000 2859.1902    8.3774
   -7.5000   22.5000  -22.5000 2888.1472    8.2814
    0.0000   22.5000  -22.5000 2888.0559    8.2904
    7.5000   22.5000  -22.5000 2860.0896    8.4631
   -7.5000   30.0000  -22.5000 2869.9219    8.4722
    0.0000   30.0000  -22.5000 2873.5508    8.4750
    7.5000   30.0000  -22.5000 2850.0183    8.6701
   -7.5000   37.5000  -22.5000 2829.3855    8.7527
    0.0000   37.5000  -22.5000 2837.4541    8.7526
    7.5000   37.5000  -22.5000 2813.7952    8.9633
   -7.5000   45.0000  -22.5000 2769.1677    9.1600
    0.0000   45.0000  -22.5000 2776.5837    9.1788
    7.5000   45.0000  -22.5000 2754.2510    9.4017
   -7.5000   52.5000  -22.5000 2664.2100    9.6545
    0.0000   52.5000  -22.5000 2669.7930    9.6854
    7.5000   52.5000  -22.5000 2644.9141    9.9224
   -7.5000   60.0000  -22.5000 2504.8435   10.2491
    0.0000   60.0000  -22.5000 2505.0715   10.2611
    7.5000   60.0000  -22.5000 2478.3594   10.5230
   -7.5000  -30.0000  -15.0000 2451.7727   12.0780
    0.0000  -30.0000  -15.0000 2456.3186   12.0473
    7.5000  -30.0000  -15.0000 2437.0068   12.2004
   -7.5000  -22.5000  -15.0000 2577.1853   10.8412
    0.0000  -22.5000  -15.0000 2582.9224   10.8241
    7.5000  -22.5000  -15.0000 2565.0630   10.9623
   -7.5000  -15.0000  -15.0000 2689.0994    9.8481
    0.0000  -15.0000  -15.0000 2694.8418    9.8371
    7.5000  -15.0000  -15.0000 2678.1294    9.9625
   -7.5000   -7.5000  -15.0000 2779.0088    9.0729
    0.0000   -7.5000  -15.0000 2786.6079    9.0639
    7.5000   -7.5000  -15.0000 2770.4839    9.1812
   -7.5000    0.0000  -15.0000 2838.4722    8.5137
    0.0000    0.0000  -15.0000 2849.4980    8.5111
    7.5000    0.0000  -15.0000 2831.5359    8.6317
   -7.5000    7.5000  -15.0000 2887.7100    8.1297
    0.0000    7.5000  -15.0000 2895.9087    8.1327
    7.5000    7.5000  -15.0000 2874.3113    8.2514
   -7.5000   15.0000  -15.0000 2930.1411    7.8857
    0.0000   15.0000  -15.0000 2934.3057    7.8998
    7.5000   15.0000  -15.0000 2913.2234    8.0452
   -7.5000   22.5000  -15.0000 2945.2822    7.9182
    0.0000   22.5000  -15.0000 2949.6077    7.9287
    7.5000   22.5000  -15.0000 2921.8381    8.1020
   -7.5000   30.0000  -15.0000 2938.3032    8.0776
    0.0000   30.0000  -15.0000 2943.0745    8.0752
    7.5000   30.0000  -15.0000 2918.1931    8.3006
   -7.5000   37.5000  -15.0000 2901.4844    8.3311
    0.0000   37.5000  -15.0000 2912.7759    8.3343
    7.5000   37.5000  -15.0000 2887.1648    8.5609
   -7.5000   45.0000  -15.0000 2843.0002    8.7168
    0.0000   45.0000  -15.0000 2854.1226    8.7276
    7.5000   45.0000  -15.0000 2826.4060    8.9535
   -7.5000   52.5000  -15.0000 2740.3623    9.2086
    0.0000   52.5000  -15.0000 2744.4260    9.2182
    7.5000   52.5000  -15.0000 2719.4158    9.4506
   -7.5000   60.0000  -15.0000 2580.7739    9.7881
    0.0000   60.0000  -15.0000 2581.9985    9.7992
    7.5000   60.0000  -15.0000 2555.0039   10.0467
   -7.5000  -30.0000   -7.5000 2439.8254   11.9979
    0.0000  -30.0000   -7.5000 2447.1719   11.9301
    7.5000  -30.0000   -7.5000 2432.6628   12.0872
   -7.5000  -22.5000   -7.5000 2567.4998   10.7254
    0.0000  -22.5000   -7.5000 2571.0835   10.6741
    7.5000  -22.5000   -7.5000 2556.6899   10.8202
   -7.5000  -15.0000   -7.5000 2673.8689    9.7177
    0.0000  -15.0000   -7.5000 2673.5596    9.6816
    7.5000  -15.0000   -7.5000 2665.9436    9.8068
   -7.5000   -7.5000   -7.5000 2767.2930    8.9313
    0.0000   -7.5000   -7.5000 2767.3152    8.9161
    7.5000   -7.5000   -7.5000 2762.4609    9.0199
   -7.5000    0.0000   -7.5000 2840.5186    8.3743
    0.0000    0.0000   -7.5000 2843.2788    8.3768
    7.5000    0.0000   -7.5000 2836.6448    8.4635
   -7.5000    7.5000   -7.5000 2895.8965    7.9827
    0.0000    7.5000   -7.5000 2900.5320    7.9812
    7.5000    7.5000   -7.5000 2889.9539    8.0774
   -7.5000   15.0000   -7.5000 2948.2280    7.7218
    0.0000   15.0000   -7.5000 2950.6064    7.7366
    7.5000   15.0000   -7.5000 2942.2236    7.8482
   -7.5000   22.5000   -7.5000 2980.5547    7.6490
    0.0000   22.5000   -7.5000 2982.7634    7.6584
    7.5000   22.5000   -7.5000 2963.0112    7.8173
   -7.5000   30.0000   -7.5000 2983.5972    7.7545
    0.0000   30.0000   -7.5000 2985.9153    7.7568
    7.5000   30.0000   -7.5000 2964.0613    7.9387
   -7.5000   37.5000   -7.5000 2953.6003    7.9838
    0.0000   37.5000   -7.5000 2957.8777    7.9797
    7.5000   37.5000   -7.5000 2935.3613    8.1745
   -7.5000   45.0000   -7.5000 2899.5410    8.3609
    0.0000   45.0000   -7.5000 2902.2090    8.3515
    7.5000   45.0000   -7.5000 2878.0869    8.5467
   -7.5000   52.5000   -7.5000 2792.5054    8.8637
    0.0000   52.5000   -7.5000 2794.4729    8.8468
    7.5000   52.5000   -7.5000 2770.9819    9.0624
   -7.5000   60.0000   -7.5000 2633.7163    9.4469
    0.0000   60.0000   -7.5000 2633.4778    9.4327
    7.5000   60.0000   -7.5000 2609.1589    9.6424
   -7.5000  -30.0000    0.0000 2425.5916   12.1007
    0.0000  -30.0000    0.0000 2423.8418   12.0567
    7.5000  -30.0000    0.0000 2417.6965   12.1554
   -7.5000  -22.5000    0.0000 2549.8933   10.7999
    0.0000  -22.5000    0.0000 2546.4197   10.7807
    7.5000  -22.5000    0.0000 2541.4487   10.8689
   -7.5000  -15.0000    0.0000 2649.9858    9.7949
    0.0000  -15.0000    0.0000 2647.9829    9.8027
    7.5000  -15.0000    0.0000 2644.9031    9.8469
   -7.5000   -7.5000    0.0000 2744.8381    9.0124
    0.0000   -7.5000    0.0000 2744.5747    9.0363
    7.5000   -7.5000    0.0000 2742.9302    9.0531
   -7.5000    0.0000    0.0000 2831.9990    8.4489
    0.0000    0.0000    0.0000 2833.5042    8.4745
    7.5000    0.0000    0.0000 2830.9966    8.4572
   -7.5000    7.5000    0.0000 2903.9258    8.0326
    0.0000    7.5000    0.0000 2906.4414    8.0618
    7.5000    7.5000    0.0000 2897.1748    8.0418
   -7.5000   15.0000    0.0000 2961.7410    7.7570
    0.0000   15.0000    0.0000 2963.7996    7.8075
    7.5000   15.0000    0.0000 2951.4839    7.7777
   -7.5000   22.5000    0.0000 3001.2239    7.5977
    0.0000   22.5000    0.0000 3004.7239    7.6192
    7.5000   22.5000    0.0000 2978.8665    7.6563
   -7.5000   30.0000    0.0000 3010.6069    7.5909
    0.0000   30.0000    0.0000 3013.3269    7.5906
    7.5000   30.0000    0.0000 2983.0574    7.7014
   -7.5000   37.5000    0.0000 2985.7715    7.7535
    0.0000   37.5000    0.0000 2988.7759    7.7414
    7.5000   37.5000    0.0000 2966.7439    7.8922
   -7.5000   45.0000    0.0000 2938.2739    8.1195
    0.0000   45.0000    0.0000 2941.6992    8.1144
    7.5000   45.0000    0.0000 2918.3840    8.2848
   -7.5000   52.5000    0.0000 2831.8557    8.6405
    0.0000   52.5000    0.0000 2833.8640    8.6371
    7.5000   52.5000    0.0000 2810.1423    8.8124
   -7.5000   60.0000    0.0000 2670.5671    9.2503
    0.0000   60.0000    0.0000 2675.4543    9.2398
    7.5000   60.0000    0.0000 2649.9517    9.4232
   -7.5000  -30.0000    7.5000 2402.1711   12.3729
    0.0000  -30.0000    7.5000 2400.1943   12.4071
    7.5000  -30.0000    7.5000 2394.6409   12.3827
   -7.5000  -22.5000    7.5000 2521.8359   11.0661
    0.0000  -22.5000    7.5000 2523.2092   11.1439
    7.5000  -22.5000    7.5000 2517.0642   11.1016
   -7.5000  -15.0000    7.5000 2623.6755   10.0637
    0.0000  -15.0000    7.5000 2624.2556   10.1483
    7.5000  -15.0000    7.5000 2614.3535   10.0853
   -7.5000   -7.5000    7.5000 2726.2664    9.2548
    0.0000   -7.5000    7.5000 2728.9480    9.3288
    7.5000   -7.5000    7.5000 2716.7905    9.2663
   -7.5000    0.0000    7.5000 2821.3076    8.6397
    0.0000    0.0000    7.5000 2822.8152    8.7072
    7.5000    0.0000    7.5000 2810.4043    8.6268
   -7.5000    7.5000    7.5000 2914.7227    8.2232
    0.0000    7.5000    7.5000 2916.0159    8.2799
    7.5000    7.5000    7.5000 2893.4170    8.1722
   -7.5000   15.0000    7.5000 2973.2126    7.8635
    0.0000   15.0000    7.5000 2980.5669    7.9490
    7.5000   15.0000    7.5000 2947.3574    7.8713
   -7.5000   22.5000    7.5000 3016.7585    7.6740
    0.0000   22.5000    7.5000 3026.4709    7.7034
    7.5000   22.5000    7.5000 2984.2466    7.6951
   -7.5000   30.0000    7.5000 3020.3232    7.5916
    0.0000   30.0000    7.5000 3025.2043    7.6059
    7.5000   30.0000    7.5000 2992.5620    7.6748
   -7.5000   37.5000    7.5000 2997.3025    7.6967
    0.0000   37.5000    7.5000 3000.0701    7.6960
    7.5000   37.5000    7.5000 2977.8247    7.8293
   -7.5000   45.0000    7.5000 2957.0269    8.0149
    0.0000   45.0000    7.5000 2960.1736    8.0128
    7.5000   45.0000    7.5000 2936.5518    8.1899
   -7.5000   52.5000    7.5000 2854.3308    8.5334
    0.0000   52.5000    7.5000 2856.7683    8.5239
    7.5000   52.5000    7.5000 2831.3040    8.7037
   -7.5000   60.0000    7.5000 2690.6047    9.1473
    0.0000   60.0000    7.5000 2695.1934    9.1326
    7.5000   60.0000    7.5000 2670.3535    9.3076
   -7.5000  -30.0000   15.0000 2372.8337   12.8547
    0.0000  -30.0000   15.0000 2375.6665   12.9559
    7.5000  -30.0000   15.0000 2363.5415   12.9049
   -7.5000  -22.5000   15.0000 2488.2866   11.4829
    0.0000  -22.5000   15.0000 2491.1572   11.5903
    7.5000  -22.5000   15.0000 2479.2471   11.5295
   -7.5000  -15.0000   15.0000 2589.2268   10.3824
    0.0000  -15.0000   15.0000 2590.6970   10.4753
    7.5000  -15.0000   15.0000 2577.8359   10.4353
   -7.5000   -7.5000   15.0000 2698.5127    9.5107
    0.0000   -7.5000   15.0000 2700.8677    9.5882
    7.5000   -7.5000   15.0000 2687.8884    9.5397
   -7.5000    0.0000   15.0000 2798.4094    8.8198
    0.0000    0.0000   15.0000 2798.4551    8.8903
    7.5000    0.0000   15.0000 2787.2063    8.8471
   -7.5000    7.5000   15.0000 2890.0786    8.3511
    0.0000    7.5000   15.0000 2892.0732    8.4127
    7.5000    7.5000   15.0000 2874.8213    8.3661
   -7.5000   15.0000   15.0000 2965.8354    8.0161
    0.0000   15.0000   15.0000 2975.1184    8.0978
    7.5000   15.0000   15.0000 2944.6926    8.0513
   -7.5000   22.5000   15.0000 3014.4011    7.7528
    0.0000   22.5000   15.0000 3026.9678    7.7940
    7.5000   22.5000   15.0000 2985.6743    7.8121
   -7.5000   30.0000   15.0000 3014.6448    7.6422
    0.0000   30.0000   15.0000 3023.5312    7.6588
    7.5000   30.0000   15.0000 2987.8389    7.7569
   -7.5000   37.5000   15.0000 2992.4580    7.7501
    0.0000   37.5000   15.0000 2999.2136    7.7368
    7.5000   37.5000   15.0000 2972.8369    7.9038
   -7.5000   45.0000   15.0000 2951.6934    8.0709
    0.0000   45.0000   15.0000 2955.4980    8.0499
    7.5000   45.0000   15.0000 2933.7087    8.2439
   -7.5000   52.5000   15.0000 2850.3564    8.5574
    0.0000   52.5000   15.0000 2855.6108    8.5384
    7.5000   52.5000   15.0000 2834.5757    8.7397
   -7.5000   60.0000   15.0000 2688.7893    9.1437
    0.0000   60.0000   15.0000 2694.0427    9.1276
    7.5000   60.0000   15.0000 2671.7385    9.3235
   -7.5000  -30.0000   22.5000 2333.1206   13.3989
    0.0000  -30.0000   22.5000 2338.1802   13.4514
    7.5000  -30.0000   22.5000 2329.5813   13.4845
   -7.5000  -22.5000   22.5000 2450.3640   11.9266
    0.0000  -22.5000   22.5000 2451.7004   11.9787
    7.5000  -22.5000   22.5000 2443.5076   12.0106
   -7.5000  -15.0000   22.5000 2549.7888   10.7549
    0.0000  -15.0000   22.5000 2551.8962   10.7960
    7.5000  -15.0000   22.5000 2544.9180   10.8353
   -7.5000   -7.5000   22.5000 2662.4250    9.8137
    0.0000   -7.5000   22.5000 2666.7893    9.8687
    7.5000   -7.5000   22.5000 2659.8237    9.8884
   -7.5000    0.0000   22.5000 2765.2966    9.0719
    0.0000    0.0000   22.5000 2764.7686    9.1333
    7.5000    0.0000   22.5000 2757.3892    9.1404
   -7.5000    7.5000   22.5000 2855.2795    8.5430
    0.0000    7.5000   22.5000 2860.8965    8.6285
    7.5000    7.5000   22.5000 2848.0059    8.5997
   -7.5000   15.0000   22.5000 2926.9756    8.1156
    0.0000   15.0000   22.5000 2936.4985    8.1995
    7.5000   15.0000   22.5000 2918.6301    8.2131
   -7.5000   22.5000   22.5000 2979.7214    7.8222
    0.0000   22.5000   22.5000 2993.2305    7.8721
    7.5000   22.5000   22.5000 2961.8691    7.9487
   -7.5000   30.0000   22.5000 2993.8145    7.7599
    0.0000   30.0000   22.5000 3005.0583    7.7761
    7.5000   30.0000   22.5000 2969.5474    7.9128
   -7.5000   37.5000   22.5000 2982.9912    7.9320
    0.0000   37.5000   22.5000 2991.3145    7.9164
    7.5000   37.5000   22.5000 2960.9185    8.0932
   -7.5000   45.0000   22.5000 2938.3042    8.2704
    0.0000   45.0000   22.5000 2944.7366    8.2427
    7.5000   45.0000   22.5000 2919.9138    8.4367
   -7.5000   52.5000   22.5000 2837.2393    8.7500
    0.0000   52.5000   22.5000 2841.3850    8.7285
    7.5000   52.5000   22.5000 2817.3311    8.9122
   -7.5000   60.0000   22.5000 2679.2559    9.3094
    0.0000   60.0000   22.5000 2682.7590    9.2899
    7.5000   60.0000   22.5000 2657.0476    9.4706
   -7.5000  -30.0000   30.0000 2278.4575   14.0008
    0.0000  -30.0000   30.0000 2277.9688   14.0143
    7.5000  -30.0000   30.0000 2275.7910   14.1348
   -7.5000  -22.5000   30.0000 2403.4019   12.4474
    0.0000  -22.5000   30.0000 2399.6821   12.4403
    7.5000  -22.5000   30.0000 2395.6311   12.5553
   -7.5000  -15.0000   30.0000 2510.4070   11.1717
    0.0000  -15.0000   30.0000 2509.8716   11.1786
    7.5000  -15.0000   30.0000 2506.9158   11.2836
   -7.5000   -7.5000   30.0000 2618.9036   10.1721
    0.0000   -7.5000   30.0000 2620.6248   10.2089
    7.5000   -7.5000   30.0000 2617.4346   10.2870
   -7.5000    0.0000   30.0000 2722.0569    9.3670
    0.0000    0.0000   30.0000 2725.3479    9.4427
    7.5000    0.0000   30.0000 2718.0586    9.4788
   -7.5000    7.5000   30.0000 2809.4302    8.7855
    0.0000    7.5000   30.0000 2820.1045    8.8614
    7.5000    7.5000   30.0000 2802.8818    8.8913
   -7.5000   15.0000   30.0000 2875.7605    8.2899
    0.0000   15.0000   30.0000 2883.3110    8.3519
    7.5000   15.0000   30.0000 2871.2957    8.4366
   -7.5000   22.5000   30.0000 2932.5488    8.0031
    0.0000   22.5000   30.0000 2945.5764    8.0353
    7.5000   22.5000   30.0000 2919.0808    8.1687
   -7.5000   30.0000   30.0000 2959.1003    8.0049
    0.0000   30.0000   30.0000 2962.6135    7.9917
    7.5000   30.0000   30.0000 2938.4700    8.1714
   -7.5000   37.5000   30.0000 2949.0940    8.2258
    0.0000   37.5000   30.0000 2959.0771    8.2049
    7.5000   37.5000   30.0000 2931.4365    8.3728
   -7.5000   45.0000   30.0000 2900.9050    8.6043
    0.0000   45.0000   30.0000 2909.4270    8.5800
    7.5000   45.0000   30.0000 2885.9150    8.7507
   -7.5000   52.5000   30.0000 2802.9509    9.0858
    0.0000   52.5000   30.0000 2811.2827    9.0790
    7.5000   52.5000   30.0000 2781.7156    9.2361
   -7.5000   60.0000   30.0000 2645.4922    9.6179
    0.0000   60.0000   30.0000 2653.7100    9.6158
    7.5000   60.0000   30.0000 2623.6428    9.7601
   -7.5000  -30.0000   37.5000 2226.4404   14.6823
    0.0000  -30.0000   37.5000 2218.3340   14.6554
    7.5000  -30.0000   37.5000 2224.1086   14.8476
   -7.5000  -22.5000   37.5000 2353.6511   13.0055
    0.0000  -22.5000   37.5000 2347.1072   12.9867
    7.5000  -22.5000   37.5000 2348.2686   13.1673
   -7.5000  -15.0000   37.5000 2467.8596   11.6554
    0.0000  -15.0000   37.5000 2461.9021   11.6614
    7.5000  -15.0000   37.5000 2463.1199   11.8170
   -7.5000   -7.5000   37.5000 2573.2722   10.5823
    0.0000   -7.5000   37.5000 2573.7031   10.6069
    7.5000   -7.5000   37.5000 2571.7747   10.7445
   -7.5000    0.0000   37.5000 2675.5044    9.7461
    0.0000    0.0000   37.5000 2678.7446    9.7955
    7.5000    0.0000   37.5000 2671.4087    9.8921
   -7.5000    7.5000   37.5000 2759.1597    9.1209
    0.0000    7.5000   37.5000 2764.8381    9.1430
    7.5000    7.5000   37.5000 2753.4563    9.2693
   -7.5000   15.0000   37.5000 2822.1299    8.6118
    0.0000   15.0000   37.5000 2834.7300    8.6601
    7.5000   15.0000   37.5000 2814.4287    8.7514
   -7.5000   22.5000   37.5000 2881.4290    8.3476
    0.0000   22.5000   37.5000 2892.2703    8.3412
    7.5000   22.5000   37.5000 2867.7983    8.5077
   -7.5000   30.0000   37.5000 2910.1150    8.3866
    0.0000   30.0000   37.5000 2916.3311    8.3783
    7.5000   30.0000   37.5000 2893.7344    8.5227
   -7.5000   37.5000   37.5000 2898.7593    8.6033
    0.0000   37.5000   37.5000 2911.1216    8.5949
    7.5000   37.5000   37.5000 2884.2419    8.7343
   -7.5000   45.0000   37.5000 2848.3977    9.0004
    0.0000   45.0000   37.5000 2858.3313    8.9807
    7.5000   45.0000   37.5000 2833.3679    9.1363
   -7.5000   52.5000   37.5000 2753.4802    9.4811
    0.0000   52.5000   37.5000 2761.5342    9.4788
    7.5000   52.5000   37.5000 2736.4595    9.6231
   -7.5000   60.0000   37.5000 2597.4307   10.0199
    0.0000   60.0000   37.5000 2606.5132   10.0196
    7.5000   60.0000   37.5000 2581.3555   10.1502
   -7.5000  -30.0000   45.0000 2171.1863   15.4697
    0.0000  -30.0000   45.0000 2165.0544   15.4360
    7.5000  -30.0000   45.0000 2169.9734   15.6934
   -7.5000  -22.5000   45.0000 2303.4065   13.6865
    0.0000  -22.5000   45.0000 2295.5046   13.6454
    7.5000  -22.5000   45.0000 2297.7473   13.9006
   -7.5000  -15.0000   45.0000 2416.7949   12.2416
    0.0000  -15.0000   45.0000 2411.2285   12.2042
    7.5000  -15.0000   45.0000 2412.1482   12.4540
   -7.5000   -7.5000   45.0000 2522.1384   11.1278
    0.0000   -7.5000   45.0000 2519.8716   11.1015
    7.5000   -7.5000   45.0000 2519.0737   11.3173
   -7.5000    0.0000   45.0000 2619.8835   10.2432
    0.0000    0.0000   45.0000 2622.3716   10.2371
    7.5000    0.0000   45.0000 2615.2559   10.4131
   -7.5000    7.5000   45.0000 2703.2778    9.5768
    0.0000    7.5000   45.0000 2713.7129    9.5708
    7.5000    7.5000   45.0000 2697.2764    9.7265
   -7.5000   15.0000   45.0000 2768.3208    9.0707
    0.0000   15.0000   45.0000 2782.6414    9.0656
    7.5000   15.0000   45.0000 2759.7061    9.2118
   -7.5000   22.5000   45.0000 2822.8699    8.8424
    0.0000   22.5000   45.0000 2834.2544    8.8259
    7.5000   22.5000   45.0000 2808.1218    8.9777
   -7.5000   30.0000   45.0000 2851.5090    8.8772
    0.0000   30.0000   45.0000 2858.0476    8.8677
    7.5000   30.0000   45.0000 2835.9219    8.9961
   -7.5000   37.5000   45.0000 2829.7566    9.1033
    0.0000   37.5000   45.0000 2842.6587    9.0884
    7.5000   37.5000   45.0000 2817.2261    9.2208
   -7.5000   45.0000   45.0000 2779.2266    9.4881
    0.0000   45.0000   45.0000 2790.8933    9.4697
    7.5000   45.0000   45.0000 2767.7383    9.6081
   -7.5000   52.5000   45.0000 2688.4075    9.9636
    0.0000   52.5000   45.0000 2697.2180    9.9680
    7.5000   52.5000   45.0000 2674.3545   10.0980
   -7.5000   60.0000   45.0000 2532.3525   10.5081
    0.0000   60.0000   45.0000 2540.9927   10.4873
    7.5000   60.0000   45.0000 2522.6592   10.6206

---------------------------------------------------------------------
imgreg_4dfp /opt/freesurfer/average/711-2C_as_mni_average_305 /opt/freesurfer/average/711-2B_as_mni_average_305_mask talsrcimg_g11 none talsrcimg_to_711-2C_as_mni_average_305_t4 1283
---------------------------------------------------------------------

freesurfer imgreg_4dfp.c
/opt/freesurfer/average/711-2C_as_mni_average_305.4dfp.img
       256       256       256         1
  1.000000  1.000000  1.000000
orientation T byte_order littleendian
Reading image: /opt/freesurfer/average/711-2C_as_mni_average_305.4dfp.img
dimensions:      256       256       256
mmppix:       1.0000   -1.0000   -1.0000
center:     128.0000 -129.0000 -129.0000
/opt/freesurfer/average/711-2B_as_mni_average_305_mask.4dfp.img
       256       256       256         1
  1.000000  1.000000  1.000000
orientation T byte_order littleendian
Reading mask: /opt/freesurfer/average/711-2B_as_mni_average_305_mask.4dfp.img (2306576 pixels)
talsrcimg_g11.4dfp.img
       256       256       256         1
  1.000000  1.000000  1.000000
orientation T byte_order littleendian
Reading image: talsrcimg_g11.4dfp.img
dimensions:      256       256       256
mmppix:       1.0000   -1.0000   -1.0000
center:     128.0000 -129.0000 -129.0000
rotation matrix determinant  1.000000
fimgreg.f
image alignment mode   1283 decimal      503 hex
parameters
    0.0000   22.5000   15.0000    0.0000    0.0000    0.0000
eta,q 0.94918  7.81522
niter,ni,del,rscale     5    3   12.0000    1.2000
parameter  2 -0.552764 -> -0.500000 qaram    1.1500
parameter  4  0.971202 ->  0.500000 qaram    1.1500
parameters
   -1.4898   25.9500   12.0175   -3.4500   -1.5311    0.8366
eta,q 0.95714  7.69177
  0.0537  0.0559  0.0470  0.0425  0.0469  0.0478
  0.0507  0.0518  0.0455  0.0433  0.0444  0.0456
  0.0484  0.0496  0.0454  0.0439  0.0431  0.0441
  0.0490  0.0480  0.0468  0.0452  0.0435  0.0431
  0.0524  0.0468  0.0492  0.0470  0.0457  0.0429
  0.0563  0.0465  0.0523  0.0499  0.0490  0.0439
  0.0617  0.0474  0.0561  0.0531  0.0530  0.0461
niter,ni,del,rscale     6    3   12.0000    1.2000
parameters
   -1.8350   25.3969    9.9866   -5.7943   -1.6182    0.8236
eta,q 0.95882  7.67523
  0.0529  0.0473  0.0453  0.0446  0.0471  0.0460
  0.0472  0.0448  0.0436  0.0416  0.0446  0.0439
  0.0431  0.0445  0.0430  0.0412  0.0421  0.0421
  0.0429  0.0426  0.0431  0.0430  0.0412  0.0412
  0.0455  0.0419  0.0453  0.0448  0.0421  0.0418
  0.0496  0.0455  0.0491  0.0461  0.0447  0.0437
  0.0544  0.0511  0.0529  0.0483  0.0476  0.0463
niter,ni,del,rscale     5    3   12.0000    1.2000
parameters
   -1.7365   25.7741    9.3200   -5.2531   -1.8271    0.9138
eta,q 0.95850  7.67460
  0.0530  0.0498  0.0463  0.0497  0.0471  0.0458
  0.0471  0.0442  0.0447  0.0452  0.0445  0.0439
  0.0424  0.0422  0.0424  0.0419  0.0421  0.0423
  0.0412  0.0412  0.0411  0.0413  0.0415  0.0415
  0.0428  0.0413  0.0422  0.0427  0.0426  0.0418
  0.0468  0.0440  0.0458  0.0449  0.0450  0.0434
  0.0519  0.0476  0.0504  0.0465  0.0479  0.0459
niter,ni,del,rscale     4    3   12.0000    1.2000
parameters
   -1.7493   25.7582    9.1811   -5.1584   -1.9296    0.9306
eta,q 0.95842  7.67611
  0.0529  0.0483  0.0467  0.0485  0.0472  0.0459
  0.0466  0.0446  0.0454  0.0444  0.0447  0.0439
  0.0421  0.0431  0.0431  0.0415  0.0423  0.0423
  0.0415  0.0415  0.0415  0.0416  0.0416  0.0416
  0.0435  0.0416  0.0417  0.0431  0.0426  0.0419
  0.0474  0.0448  0.0444  0.0452  0.0448  0.0436
  0.0521  0.0488  0.0487  0.0469  0.0477  0.0461
niter,ni,del,rscale     3    3   12.0000    1.2000
parameters
   -1.7303   25.7544    9.1620   -5.1324   -1.9578    0.9408
eta,q 0.95840  7.67673
  0.0531  0.0484  0.0468  0.0483  0.0474  0.0459
  0.0467  0.0448  0.0455  0.0443  0.0448  0.0439
  0.0422  0.0433  0.0433  0.0415  0.0424  0.0423
  0.0416  0.0416  0.0416  0.0416  0.0416  0.0416
  0.0435  0.0417  0.0417  0.0432  0.0426  0.0419
  0.0473  0.0449  0.0442  0.0453  0.0447  0.0436
  0.0520  0.0489  0.0483  0.0469  0.0475  0.0461
registration optimization eta report
parameter search radius
    6.0000    6.9000    6.0000    6.9000    6.0000    6.0000
100000*second partial in parameter space
       30.       15.       16.       12.       16.       12.
  0.0531  0.0484  0.0468  0.0483  0.0474  0.0459
  0.0467  0.0448  0.0455  0.0443  0.0448  0.0439
  0.0422  0.0433  0.0433  0.0415  0.0424  0.0423
  0.0416  0.0416  0.0416  0.0416  0.0416  0.0416
  0.0435  0.0417  0.0417  0.0432  0.0426  0.0419
  0.0473  0.0449  0.0442  0.0453  0.0447  0.0436
  0.0520  0.0489  0.0483  0.0469  0.0475  0.0461
   -1.7303   25.7544    9.1620   -5.1324   -1.9578    0.9408
eta,q 0.95840  7.67673

---------------------------------------------------------------------
imgreg_4dfp /opt/freesurfer/average/711-2C_as_mni_average_305 /opt/freesurfer/average/711-2B_as_mni_average_305_mask talsrcimg_g11 none talsrcimg_to_711-2C_as_mni_average_305_t4 3335
---------------------------------------------------------------------

freesurfer imgreg_4dfp.c
/opt/freesurfer/average/711-2C_as_mni_average_305.4dfp.img
       256       256       256         1
  1.000000  1.000000  1.000000
orientation T byte_order littleendian
Reading image: /opt/freesurfer/average/711-2C_as_mni_average_305.4dfp.img
dimensions:      256       256       256
mmppix:       1.0000   -1.0000   -1.0000
center:     128.0000 -129.0000 -129.0000
/opt/freesurfer/average/711-2B_as_mni_average_305_mask.4dfp.img
       256       256       256         1
  1.000000  1.000000  1.000000
orientation T byte_order littleendian
Reading mask: /opt/freesurfer/average/711-2B_as_mni_average_305_mask.4dfp.img (2306576 pixels)
talsrcimg_g11.4dfp.img
       256       256       256         1
  1.000000  1.000000  1.000000
orientation T byte_order littleendian
Reading image: talsrcimg_g11.4dfp.img
dimensions:      256       256       256
mmppix:       1.0000   -1.0000   -1.0000
center:     128.0000 -129.0000 -129.0000
fimgreg.f
image alignment mode   3335 decimal      D07 hex
parameters
   -1.7303   25.7544    9.1620   -0.0718   -0.4194   -0.4591
   -1.9410    3.2552    1.6410    9.0004   -3.4163   -8.9406
eta,q 0.95697  7.70216
niter,ni,del,rscale     5    3    5.0000    1.2000
parameter  3 -0.678927 -> -0.500000 qaram    1.1500
parameter  4  2.085450 ->  0.500000 qaram    1.1500
parameter  5  3.737757 ->  0.500000 qaram    1.1500
parameter  6  0.715190 ->  0.500000 qaram    1.1500
parameters
   -1.7244   26.0979   10.5420   -4.2118   -4.5594   -4.5991
    0.8439    2.3310    2.4313   12.1279   -2.9105   -8.4243
eta,q 0.96045  7.62979
  0.0443  0.0445  0.0449  0.0421  0.0394  0.0403  0.0417  0.0417  0.0411  0.0426  0.0403  0.0403
  0.0435  0.0438  0.0442  0.0423  0.0406  0.0401  0.0411  0.0407  0.0405  0.0414  0.0399  0.0400
  0.0431  0.0433  0.0435  0.0425  0.0415  0.0402  0.0405  0.0401  0.0401  0.0405  0.0397  0.0397
  0.0430  0.0430  0.0430  0.0426  0.0423  0.0408  0.0401  0.0399  0.0399  0.0399  0.0396  0.0396
  0.0432  0.0431  0.0427  0.0425  0.0432  0.0423  0.0399  0.0404  0.0400  0.0396  0.0396  0.0396
  0.0436  0.0434  0.0426  0.0427  0.0446  0.0443  0.0401  0.0415  0.0402  0.0396  0.0398  0.0398
  0.0442  0.0438  0.0428  0.0433  0.0462  0.0455  0.0404  0.0429  0.0406  0.0402  0.0401  0.0402
niter,ni,del,rscale     7    3    5.0000    1.2000
parameter  2  0.521815 ->  0.500000 qaram    1.1500
parameter  5  4.980368 ->  0.500000 qaram    1.3225
parameters
   -1.4642   24.7179    9.5886   -5.0185   -9.3204   -4.6352
   -1.1510    3.2712    0.7268   13.5373   -2.6473   -9.5344
eta,q 0.96549  7.63838
  0.0416  0.0395  0.0397  0.0404  0.0338  0.0382  0.0361  0.0379  0.0357  0.0385  0.0353  0.0355
  0.0406  0.0392  0.0392  0.0393  0.0346  0.0369  0.0353  0.0366  0.0350  0.0368  0.0349  0.0349
  0.0399  0.0393  0.0391  0.0388  0.0367  0.0358  0.0349  0.0355  0.0347  0.0355  0.0347  0.0346
  0.0395  0.0395  0.0392  0.0391  0.0389  0.0351  0.0351  0.0349  0.0348  0.0347  0.0346  0.0346
  0.0396  0.0400  0.0397  0.0396  0.0408  0.0351  0.0358  0.0349  0.0353  0.0346  0.0346  0.0349
  0.0401  0.0406  0.0406  0.0400  0.0431  0.0365  0.0368  0.0356  0.0361  0.0352  0.0348  0.0355
  0.0409  0.0415  0.0417  0.0404  0.0449  0.0389  0.0380  0.0368  0.0372  0.0365  0.0352  0.0363
niter,ni,del,rscale     7    3    5.0000    1.2000
parameter  5  0.507648 ->  0.500000 qaram    1.5209
parameters
   -1.4578   24.7315    9.3673   -5.3883  -14.7956   -2.4403
   -1.2712    3.9513    0.8108   15.7771   -3.1881  -13.1161
eta,q 0.96777  7.62930
  0.0368  0.0375  0.0358  0.0367  0.0350  0.0369  0.0350  0.0356  0.0344  0.0358  0.0330  0.0325
  0.0356  0.0358  0.0350  0.0352  0.0336  0.0356  0.0338  0.0343  0.0335  0.0343  0.0327  0.0323
  0.0348  0.0349  0.0346  0.0344  0.0330  0.0344  0.0330  0.0333  0.0329  0.0333  0.0325  0.0323
  0.0345  0.0345  0.0345  0.0345  0.0344  0.0333  0.0328  0.0328  0.0327  0.0327  0.0325  0.0325
  0.0348  0.0349  0.0348  0.0353  0.0375  0.0327  0.0331  0.0329  0.0329  0.0325  0.0326  0.0329
  0.0356  0.0359  0.0354  0.0360  0.0404  0.0333  0.0339  0.0336  0.0334  0.0327  0.0328  0.0334
  0.0368  0.0373  0.0363  0.0365  0.0432  0.0348  0.0351  0.0348  0.0343  0.0334  0.0332  0.0340
niter,ni,del,rscale     7    3    5.0000    1.2000
parameter  2 -0.627607 -> -0.500000 qaram    1.3225
parameter 10 -0.586802 -> -0.500000 qaram    1.1500
parameters
   -1.3271   26.3185    9.6341   -4.8794  -17.3618   -2.3114
   -1.6644    4.0164    1.1733   19.9171   -3.5394  -15.9848
eta,q 0.96965  7.57453
  0.0348  0.0380  0.0333  0.0341  0.0348  0.0347  0.0333  0.0340  0.0329  0.0355  0.0312  0.0308
  0.0335  0.0357  0.0323  0.0326  0.0332  0.0335  0.0322  0.0327  0.0321  0.0337  0.0308  0.0304
  0.0326  0.0337  0.0315  0.0314  0.0317  0.0323  0.0315  0.0317  0.0315  0.0323  0.0306  0.0304
  0.0322  0.0322  0.0312  0.0312  0.0312  0.0314  0.0313  0.0313  0.0313  0.0313  0.0306  0.0306
  0.0324  0.0314  0.0313  0.0318  0.0333  0.0316  0.0317  0.0316  0.0314  0.0307  0.0306  0.0309
  0.0332  0.0312  0.0318  0.0326  0.0373  0.0332  0.0326  0.0326  0.0319  0.0306  0.0309  0.0315
  0.0343  0.0316  0.0327  0.0331  0.0403  0.0348  0.0338  0.0339  0.0326  0.0310  0.0314  0.0321
niter,ni,del,rscale     7    3    5.0000    1.2000
parameters
   -1.3357   27.5424    9.0011   -5.1826  -19.6897   -2.6166
   -1.8304    3.7369    1.4592   21.7358   -3.4892  -17.5215
eta,q 0.97040  7.50672
  0.0327  0.0367  0.0307  0.0320  0.0335  0.0330  0.0319  0.0324  0.0315  0.0346  0.0304  0.0302
  0.0315  0.0341  0.0300  0.0306  0.0318  0.0317  0.0308  0.0311  0.0306  0.0324  0.0300  0.0298
  0.0306  0.0319  0.0296  0.0296  0.0302  0.0305  0.0301  0.0302  0.0301  0.0307  0.0298  0.0296
  0.0304  0.0304  0.0297  0.0296  0.0295  0.0298  0.0298  0.0298  0.0298  0.0298  0.0297  0.0297
  0.0307  0.0297  0.0302  0.0304  0.0312  0.0305  0.0301  0.0303  0.0300  0.0297  0.0297  0.0299
  0.0315  0.0300  0.0311  0.0312  0.0355  0.0320  0.0309  0.0314  0.0304  0.0303  0.0300  0.0303
  0.0328  0.0314  0.0325  0.0318  0.0395  0.0336  0.0321  0.0329  0.0312  0.0318  0.0304  0.0308
niter,ni,del,rscale     6    3    5.0000    1.2000
parameters
   -1.3867   28.3038    8.6993   -4.8659  -21.0711   -2.9926
   -1.9412    3.5469    1.4906   22.6779   -3.0037  -18.7573
eta,q 0.97041  7.47361
  0.0320  0.0346  0.0306  0.0320  0.0339  0.0327  0.0316  0.0323  0.0311  0.0338  0.0304  0.0302
  0.0307  0.0324  0.0299  0.0306  0.0321  0.0314  0.0306  0.0310  0.0303  0.0317  0.0300  0.0298
  0.0298  0.0306  0.0294  0.0295  0.0304  0.0302  0.0299  0.0300  0.0298  0.0303  0.0297  0.0296
  0.0296  0.0296  0.0293  0.0293  0.0293  0.0296  0.0297  0.0297  0.0297  0.0297  0.0296  0.0296
  0.0300  0.0293  0.0296  0.0300  0.0301  0.0303  0.0299  0.0301  0.0298  0.0298  0.0297  0.0298
  0.0308  0.0299  0.0303  0.0308  0.0336  0.0318  0.0307  0.0312  0.0303  0.0307  0.0299  0.0302
  0.0321  0.0315  0.0314  0.0312  0.0380  0.0333  0.0318  0.0326  0.0311  0.0323  0.0302  0.0307
niter,ni,del,rscale     5    3    5.0000    1.2000
parameters
   -1.4149   28.6951    8.5172   -4.5142  -21.8566   -3.2606
   -2.0063    3.4152    1.4764   23.2788   -2.6307  -19.5569
eta,q 0.97026  7.45880
  0.0319  0.0336  0.0309  0.0321  0.0342  0.0328  0.0317  0.0325  0.0311  0.0336  0.0304  0.0304
  0.0307  0.0317  0.0301  0.0307  0.0325  0.0316  0.0307  0.0311  0.0304  0.0316  0.0301  0.0299
  0.0298  0.0303  0.0296  0.0297  0.0308  0.0304  0.0300  0.0301  0.0299  0.0303  0.0299  0.0298
  0.0296  0.0296  0.0295  0.0295  0.0295  0.0298  0.0298  0.0298  0.0298  0.0298  0.0298  0.0298
  0.0299  0.0296  0.0297  0.0302  0.0297  0.0304  0.0300  0.0302  0.0299  0.0300  0.0298  0.0299
  0.0307  0.0304  0.0303  0.0309  0.0327  0.0318  0.0307  0.0313  0.0304  0.0310  0.0300  0.0302
  0.0320  0.0322  0.0313  0.0312  0.0372  0.0333  0.0318  0.0327  0.0312  0.0326  0.0303  0.0307
niter,ni,del,rscale     4    3    5.0000    1.2000
parameters
   -1.4321   28.9072    8.3869   -4.3070  -22.2977   -3.4354
   -2.0488    3.3371    1.4606   23.6556   -2.3859  -20.0148
eta,q 0.97013  7.45129
  0.0320  0.0332  0.0310  0.0321  0.0345  0.0330  0.0318  0.0326  0.0312  0.0335  0.0305  0.0306
  0.0308  0.0315  0.0303  0.0307  0.0327  0.0317  0.0308  0.0312  0.0305  0.0315  0.0302  0.0301
  0.0300  0.0303  0.0298  0.0298  0.0311  0.0305  0.0301  0.0302  0.0300  0.0303  0.0300  0.0299
  0.0297  0.0297  0.0297  0.0297  0.0297  0.0299  0.0299  0.0299  0.0299  0.0299  0.0299  0.0299
  0.0300  0.0299  0.0299  0.0304  0.0297  0.0304  0.0301  0.0303  0.0300  0.0302  0.0299  0.0300
  0.0308  0.0308  0.0305  0.0310  0.0323  0.0318  0.0308  0.0313  0.0305  0.0312  0.0301  0.0303
  0.0321  0.0325  0.0314  0.0314  0.0367  0.0333  0.0318  0.0327  0.0312  0.0328  0.0304  0.0307
niter,ni,del,rscale     3    3    5.0000    1.2000
parameters
   -1.4430   29.0290    8.2926   -4.1974  -22.5454   -3.5579
   -2.0765    3.2933    1.4502   23.9001   -2.2292  -20.3006
eta,q 0.97004  7.44726
  0.0321  0.0331  0.0312  0.0321  0.0346  0.0330  0.0319  0.0327  0.0312  0.0334  0.0305  0.0307
  0.0309  0.0315  0.0304  0.0308  0.0329  0.0318  0.0308  0.0313  0.0305  0.0315  0.0302  0.0302
  0.0301  0.0304  0.0300  0.0299  0.0312  0.0306  0.0302  0.0303  0.0301  0.0304  0.0300  0.0300
  0.0299  0.0299  0.0299  0.0299  0.0299  0.0299  0.0300  0.0300  0.0300  0.0300  0.0300  0.0300
  0.0302  0.0301  0.0300  0.0306  0.0297  0.0305  0.0302  0.0303  0.0301  0.0303  0.0300  0.0301
  0.0309  0.0310  0.0305  0.0311  0.0321  0.0319  0.0309  0.0314  0.0305  0.0313  0.0302  0.0303
  0.0321  0.0328  0.0314  0.0315  0.0365  0.0333  0.0319  0.0327  0.0313  0.0329  0.0305  0.0308
niter,ni,del,rscale     2    3    5.0000    1.2000
parameters
   -1.4495   29.1033    8.2254   -4.1385  -22.6854   -3.6440
   -2.0944    3.2692    1.4448   24.0567   -2.1215  -20.4685
eta,q 0.97000  7.44493
  0.0322  0.0330  0.0313  0.0321  0.0347  0.0331  0.0319  0.0327  0.0313  0.0333  0.0306  0.0308
  0.0310  0.0315  0.0305  0.0308  0.0330  0.0318  0.0309  0.0314  0.0306  0.0315  0.0302  0.0303
  0.0302  0.0304  0.0301  0.0299  0.0313  0.0307  0.0302  0.0304  0.0302  0.0304  0.0301  0.0300
  0.0300  0.0300  0.0299  0.0299  0.0300  0.0300  0.0300  0.0300  0.0300  0.0300  0.0300  0.0300
  0.0302  0.0302  0.0301  0.0307  0.0297  0.0305  0.0302  0.0304  0.0301  0.0304  0.0301  0.0301
  0.0310  0.0311  0.0306  0.0312  0.0320  0.0319  0.0309  0.0314  0.0306  0.0314  0.0302  0.0304
  0.0322  0.0329  0.0314  0.0315  0.0363  0.0333  0.0319  0.0327  0.0313  0.0330  0.0305  0.0308
niter,ni,del,rscale     1    3    5.0000    1.2000
parameters
   -1.4528   29.1488    8.1743   -4.1107  -22.7661   -3.7089
   -2.1043    3.2518    1.4312   24.1637   -2.0671  -20.5862
eta,q 0.96997  7.44358
  0.0322  0.0330  0.0313  0.0321  0.0347  0.0331  0.0319  0.0327  0.0313  0.0333  0.0306  0.0308
  0.0310  0.0315  0.0306  0.0308  0.0330  0.0319  0.0309  0.0314  0.0306  0.0315  0.0303  0.0303
  0.0303  0.0304  0.0301  0.0300  0.0314  0.0307  0.0303  0.0304  0.0302  0.0304  0.0301  0.0301
  0.0300  0.0300  0.0300  0.0300  0.0300  0.0300  0.0300  0.0300  0.0300  0.0300  0.0300  0.0300
  0.0303  0.0302  0.0302  0.0307  0.0297  0.0305  0.0303  0.0304  0.0302  0.0304  0.0301  0.0301
  0.0310  0.0312  0.0306  0.0312  0.0319  0.0319  0.0309  0.0314  0.0306  0.0314  0.0303  0.0304
  0.0322  0.0329  0.0315  0.0316  0.0363  0.0333  0.0319  0.0328  0.0313  0.0331  0.0306  0.0308
registration optimization eta report
parameter search radius
    2.4000    3.1740    2.7600    8.2800   10.9503    8.2800
    7.2000    7.2000    7.2000    8.2800    7.2000    7.2000
100000*second partial in parameter space
       38.       29.       18.        3.        5.        4.
        4.        5.        2.        5.        1.        1.
  0.0322  0.0330  0.0313  0.0321  0.0347  0.0331  0.0319  0.0327  0.0313  0.0333  0.0306  0.0308
  0.0310  0.0315  0.0306  0.0308  0.0330  0.0319  0.0309  0.0314  0.0306  0.0315  0.0303  0.0303
  0.0303  0.0304  0.0301  0.0300  0.0314  0.0307  0.0303  0.0304  0.0302  0.0304  0.0301  0.0301
  0.0300  0.0300  0.0300  0.0300  0.0300  0.0300  0.0300  0.0300  0.0300  0.0300  0.0300  0.0300
  0.0303  0.0302  0.0302  0.0307  0.0297  0.0305  0.0303  0.0304  0.0302  0.0304  0.0301  0.0301
  0.0310  0.0312  0.0306  0.0312  0.0319  0.0319  0.0309  0.0314  0.0306  0.0314  0.0303  0.0304
  0.0322  0.0329  0.0315  0.0316  0.0363  0.0333  0.0319  0.0328  0.0313  0.0331  0.0306  0.0308
   -1.4528   29.1488    8.1743   -4.1107  -22.7661   -3.7089
   -2.1043    3.2518    1.4312   24.1637   -2.0671  -20.5862
eta,q 0.96997  7.44358

---------------------------------------------------------------------
imgreg_4dfp /opt/freesurfer/average/711-2C_as_mni_average_305 /opt/freesurfer/average/711-2B_as_mni_average_305_mask talsrcimg_g11 none talsrcimg_to_711-2C_as_mni_average_305_t4 2311
---------------------------------------------------------------------

freesurfer imgreg_4dfp.c
/opt/freesurfer/average/711-2C_as_mni_average_305.4dfp.img
       256       256       256         1
  1.000000  1.000000  1.000000
orientation T byte_order littleendian
Reading image: /opt/freesurfer/average/711-2C_as_mni_average_305.4dfp.img
dimensions:      256       256       256
mmppix:       1.0000   -1.0000   -1.0000
center:     128.0000 -129.0000 -129.0000
/opt/freesurfer/average/711-2B_as_mni_average_305_mask.4dfp.img
       256       256       256         1
  1.000000  1.000000  1.000000
orientation T byte_order littleendian
Reading mask: /opt/freesurfer/average/711-2B_as_mni_average_305_mask.4dfp.img (2306576 pixels)
talsrcimg_g11.4dfp.img
       256       256       256         1
  1.000000  1.000000  1.000000
orientation T byte_order littleendian
Reading image: talsrcimg_g11.4dfp.img
dimensions:      256       256       256
mmppix:       1.0000   -1.0000   -1.0000
center:     128.0000 -129.0000 -129.0000
fimgreg.f
image alignment mode   2311 decimal      907 hex
parameters
   -1.4528   29.1488    8.1743   -4.1107  -22.7661   -3.7089
   -2.1043    3.2518    1.4312   24.1637   -2.0671  -20.5862
eta,q 0.96997  7.44358
niter,ni,del,rscale     5    3    5.0000    0.8000
parameter  5 -0.595465 -> -0.500000 qaram    1.1500
parameters
   -1.4541   29.2741    8.1427   -5.4538  -20.0061   -4.2130
   -2.2711    3.2396    1.0778   24.0206   -2.4246  -20.0948
eta,q 0.97064  7.46548
  0.0310  0.0309  0.0305  0.0305  0.0318  0.0306  0.0305  0.0308  0.0300  0.0306  0.0296  0.0300
  0.0305  0.0305  0.0302  0.0300  0.0311  0.0300  0.0298  0.0300  0.0296  0.0299  0.0295  0.0296
  0.0301  0.0302  0.0301  0.0298  0.0304  0.0295  0.0295  0.0296  0.0294  0.0295  0.0294  0.0294
  0.0300  0.0300  0.0300  0.0300  0.0298  0.0294  0.0294  0.0294  0.0294  0.0294  0.0294  0.0294
  0.0301  0.0301  0.0301  0.0304  0.0295  0.0296  0.0295  0.0295  0.0295  0.0296  0.0294  0.0294
  0.0305  0.0303  0.0302  0.0309  0.0294  0.0304  0.0300  0.0300  0.0298  0.0300  0.0295  0.0295
  0.0311  0.0307  0.0305  0.0312  0.0298  0.0314  0.0306  0.0308  0.0302  0.0308  0.0297  0.0297
niter,ni,del,rscale     5    3    5.0000    0.8000
parameters
   -1.4599   28.7933    7.9879   -5.6962  -19.9077   -4.0347
   -2.0272    3.3610    1.0607   23.9876   -2.4979  -19.6743
eta,q 0.97077  7.47572
  0.0305  0.0298  0.0297  0.0304  0.0312  0.0308  0.0305  0.0307  0.0300  0.0305  0.0295  0.0298
  0.0299  0.0294  0.0294  0.0298  0.0304  0.0301  0.0298  0.0300  0.0296  0.0298  0.0294  0.0295
  0.0295  0.0293  0.0293  0.0294  0.0297  0.0296  0.0294  0.0294  0.0293  0.0294  0.0293  0.0293
  0.0294  0.0294  0.0293  0.0293  0.0293  0.0293  0.0292  0.0292  0.0292  0.0292  0.0292  0.0292
  0.0295  0.0297  0.0294  0.0296  0.0292  0.0293  0.0293  0.0294  0.0293  0.0294  0.0293  0.0293
  0.0299  0.0302  0.0296  0.0301  0.0300  0.0298  0.0297  0.0298  0.0296  0.0298  0.0294  0.0294
  0.0305  0.0310  0.0299  0.0306  0.0315  0.0307  0.0302  0.0306  0.0300  0.0305  0.0295  0.0296
niter,ni,del,rscale     4    3    5.0000    0.7000
parameters
   -1.4695   28.7598    8.0382   -5.8222  -19.6422   -3.9712
   -2.0177    3.3568    1.0033   23.7777   -2.5034  -19.4525
eta,q 0.97081  7.47779
  0.0301  0.0299  0.0296  0.0302  0.0309  0.0304  0.0301  0.0303  0.0298  0.0301  0.0294  0.0296
  0.0296  0.0295  0.0294  0.0297  0.0302  0.0298  0.0296  0.0297  0.0294  0.0295  0.0293  0.0294
  0.0293  0.0293  0.0293  0.0293  0.0296  0.0294  0.0293  0.0293  0.0292  0.0293  0.0292  0.0292
  0.0292  0.0292  0.0292  0.0292  0.0292  0.0292  0.0292  0.0292  0.0292  0.0292  0.0292  0.0292
  0.0293  0.0293  0.0293  0.0294  0.0292  0.0293  0.0293  0.0293  0.0293  0.0293  0.0292  0.0292
  0.0297  0.0296  0.0294  0.0298  0.0297  0.0297  0.0296  0.0297  0.0295  0.0297  0.0293  0.0293
  0.0302  0.0300  0.0296  0.0303  0.0308  0.0304  0.0301  0.0303  0.0298  0.0303  0.0294  0.0295
niter,ni,del,rscale     3    3    5.0000    0.6000
parameters
   -1.4683   28.6917    8.0876   -5.9046  -19.3432   -3.8720
   -2.0054    3.3663    0.9482   23.6423   -2.5642  -19.3105
eta,q 0.97085  7.48250
  0.0299  0.0297  0.0295  0.0300  0.0305  0.0301  0.0298  0.0300  0.0296  0.0298  0.0293  0.0294
  0.0295  0.0294  0.0293  0.0296  0.0299  0.0297  0.0294  0.0295  0.0293  0.0294  0.0292  0.0293
  0.0293  0.0292  0.0292  0.0293  0.0295  0.0293  0.0292  0.0293  0.0292  0.0292  0.0292  0.0292
  0.0292  0.0292  0.0292  0.0292  0.0292  0.0292  0.0291  0.0291  0.0291  0.0291  0.0291  0.0291
  0.0293  0.0293  0.0292  0.0293  0.0291  0.0292  0.0292  0.0292  0.0292  0.0292  0.0292  0.0292
  0.0295  0.0295  0.0293  0.0296  0.0295  0.0295  0.0294  0.0295  0.0293  0.0295  0.0292  0.0293
  0.0299  0.0298  0.0294  0.0300  0.0303  0.0301  0.0298  0.0300  0.0296  0.0299  0.0293  0.0294
niter,ni,del,rscale     2    3    5.0000    0.5000
parameters
   -1.4688   28.6040    8.1461   -5.9823  -19.0514   -3.7548
   -1.9967    3.3795    0.8825   23.5255   -2.5860  -19.1643
eta,q 0.97089  7.48786
  0.0296  0.0295  0.0294  0.0297  0.0301  0.0298  0.0296  0.0297  0.0294  0.0296  0.0292  0.0293
  0.0294  0.0293  0.0292  0.0294  0.0297  0.0295  0.0293  0.0294  0.0292  0.0293  0.0292  0.0292
  0.0292  0.0292  0.0292  0.0292  0.0294  0.0292  0.0292  0.0292  0.0291  0.0292  0.0291  0.0291
  0.0291  0.0291  0.0291  0.0291  0.0291  0.0291  0.0291  0.0291  0.0291  0.0291  0.0291  0.0291
  0.0292  0.0292  0.0292  0.0292  0.0291  0.0291  0.0292  0.0292  0.0291  0.0292  0.0291  0.0291
  0.0294  0.0294  0.0292  0.0295  0.0294  0.0294  0.0293  0.0294  0.0293  0.0293  0.0292  0.0292
  0.0296  0.0296  0.0293  0.0298  0.0299  0.0298  0.0296  0.0297  0.0294  0.0297  0.0292  0.0293
niter,ni,del,rscale     1    3    5.0000    0.4000
parameters
   -1.4635   28.5162    8.1889   -6.0398  -18.7841   -3.6510
   -1.9850    3.3999    0.8228   23.4429   -2.6641  -19.0552
eta,q 0.97092  7.49329
  0.0294  0.0293  0.0293  0.0295  0.0298  0.0296  0.0294  0.0295  0.0293  0.0294  0.0292  0.0292
  0.0292  0.0292  0.0292  0.0293  0.0295  0.0293  0.0292  0.0293  0.0292  0.0292  0.0291  0.0291
  0.0291  0.0291  0.0291  0.0292  0.0292  0.0292  0.0291  0.0291  0.0291  0.0291  0.0291  0.0291
  0.0291  0.0291  0.0291  0.0291  0.0291  0.0291  0.0291  0.0291  0.0291  0.0291  0.0291  0.0291
  0.0291  0.0292  0.0291  0.0292  0.0291  0.0291  0.0291  0.0291  0.0291  0.0291  0.0291  0.0291
  0.0292  0.0293  0.0292  0.0293  0.0293  0.0292  0.0292  0.0292  0.0292  0.0292  0.0291  0.0291
  0.0294  0.0294  0.0292  0.0295  0.0296  0.0295  0.0294  0.0295  0.0293  0.0294  0.0292  0.0292
registration optimization eta report
parameter search radius
    0.8000    0.8000    0.8000    2.4000    2.7600    2.4000
    2.4000    2.4000    2.4000    2.4000    2.4000    2.4000
100000*second partial in parameter space
       48.       41.       21.        7.        8.        8.
        5.        7.        4.        6.        1.        2.
  0.0294  0.0293  0.0293  0.0295  0.0298  0.0296  0.0294  0.0295  0.0293  0.0294  0.0292  0.0292
  0.0292  0.0292  0.0292  0.0293  0.0295  0.0293  0.0292  0.0293  0.0292  0.0292  0.0291  0.0291
  0.0291  0.0291  0.0291  0.0292  0.0292  0.0292  0.0291  0.0291  0.0291  0.0291  0.0291  0.0291
  0.0291  0.0291  0.0291  0.0291  0.0291  0.0291  0.0291  0.0291  0.0291  0.0291  0.0291  0.0291
  0.0291  0.0292  0.0291  0.0292  0.0291  0.0291  0.0291  0.0291  0.0291  0.0291  0.0291  0.0291
  0.0292  0.0293  0.0292  0.0293  0.0293  0.0292  0.0292  0.0292  0.0292  0.0292  0.0291  0.0291
  0.0294  0.0294  0.0292  0.0295  0.0296  0.0295  0.0294  0.0295  0.0293  0.0294  0.0292  0.0292
   -1.4635   28.5162    8.1889   -6.0398  -18.7841   -3.6510
   -1.9850    3.3999    0.8228   23.4429   -2.6641  -19.0552
eta,q 0.97092  7.49329

---------------------------------------------------------------------
imgreg_4dfp /opt/freesurfer/average/711-2C_as_mni_average_305 /opt/freesurfer/average/711-2B_as_mni_average_305_mask talsrcimg_g11 none talsrcimg_to_711-2C_as_mni_average_305_t4 2311
---------------------------------------------------------------------

freesurfer imgreg_4dfp.c
/opt/freesurfer/average/711-2C_as_mni_average_305.4dfp.img
       256       256       256         1
  1.000000  1.000000  1.000000
orientation T byte_order littleendian
Reading image: /opt/freesurfer/average/711-2C_as_mni_average_305.4dfp.img
dimensions:      256       256       256
mmppix:       1.0000   -1.0000   -1.0000
center:     128.0000 -129.0000 -129.0000
/opt/freesurfer/average/711-2B_as_mni_average_305_mask.4dfp.img
       256       256       256         1
  1.000000  1.000000  1.000000
orientation T byte_order littleendian
Reading mask: /opt/freesurfer/average/711-2B_as_mni_average_305_mask.4dfp.img (2306576 pixels)
talsrcimg_g11.4dfp.img
       256       256       256         1
  1.000000  1.000000  1.000000
orientation T byte_order littleendian
Reading image: talsrcimg_g11.4dfp.img
dimensions:      256       256       256
mmppix:       1.0000   -1.0000   -1.0000
center:     128.0000 -129.0000 -129.0000
fimgreg.f
image alignment mode   2311 decimal      907 hex
parameters
   -1.4635   28.5162    8.1889   -6.0398  -18.7841   -3.6510
   -1.9850    3.3999    0.8228   23.4429   -2.6641  -19.0552
eta,q 0.97092  7.49330
niter,ni,del,rscale     5    3    5.0000    0.8000
parameters
   -1.4472   28.4071    8.2262   -5.9731  -19.1433   -3.7241
   -1.9006    3.4094    0.9227   23.3714   -2.7103  -18.8939
eta,q 0.97088  7.49015
  0.0303  0.0300  0.0296  0.0305  0.0305  0.0305  0.0303  0.0305  0.0299  0.0304  0.0294  0.0296
  0.0296  0.0295  0.0293  0.0298  0.0299  0.0299  0.0296  0.0298  0.0295  0.0297  0.0293  0.0293
  0.0292  0.0292  0.0292  0.0293  0.0294  0.0294  0.0293  0.0293  0.0292  0.0293  0.0291  0.0292
  0.0291  0.0291  0.0291  0.0291  0.0291  0.0291  0.0291  0.0291  0.0291  0.0291  0.0291  0.0291
  0.0292  0.0292  0.0291  0.0293  0.0292  0.0292  0.0292  0.0293  0.0292  0.0293  0.0291  0.0292
  0.0296  0.0297  0.0293  0.0298  0.0300  0.0299  0.0296  0.0298  0.0294  0.0297  0.0293  0.0293
  0.0303  0.0303  0.0296  0.0303  0.0314  0.0307  0.0302  0.0305  0.0299  0.0305  0.0294  0.0296
niter,ni,del,rscale     4    3    5.0000    0.7000
parameters
   -1.4543   28.5057    8.2148   -5.9565  -19.1206   -3.7480
   -1.9493    3.4065    0.9380   23.3303   -2.6792  -18.9396
eta,q 0.97089  7.48782
  0.0300  0.0300  0.0295  0.0302  0.0304  0.0303  0.0300  0.0302  0.0297  0.0301  0.0294  0.0295
  0.0295  0.0296  0.0293  0.0296  0.0298  0.0297  0.0295  0.0296  0.0294  0.0295  0.0292  0.0293
  0.0292  0.0292  0.0292  0.0293  0.0294  0.0293  0.0292  0.0292  0.0292  0.0292  0.0291  0.0291
  0.0291  0.0291  0.0291  0.0291  0.0291  0.0291  0.0291  0.0291  0.0291  0.0291  0.0291  0.0291
  0.0292  0.0292  0.0292  0.0293  0.0291  0.0292  0.0292  0.0292  0.0292  0.0292  0.0291  0.0292
  0.0296  0.0294  0.0293  0.0297  0.0296  0.0297  0.0295  0.0296  0.0294  0.0295  0.0292  0.0293
  0.0300  0.0298  0.0295  0.0302  0.0306  0.0304  0.0300  0.0302  0.0297  0.0301  0.0293  0.0295
niter,ni,del,rscale     3    3    5.0000    0.6000
parameters
   -1.4563   28.5106    8.2199   -5.9837  -18.9625   -3.7141
   -1.9683    3.4087    0.9034   23.3337   -2.6685  -18.9598
eta,q 0.97090  7.49004
  0.0298  0.0297  0.0294  0.0299  0.0301  0.0300  0.0298  0.0299  0.0295  0.0298  0.0293  0.0294
  0.0294  0.0294  0.0292  0.0295  0.0297  0.0296  0.0294  0.0295  0.0293  0.0294  0.0292  0.0292
  0.0292  0.0292  0.0291  0.0292  0.0293  0.0293  0.0292  0.0292  0.0291  0.0292  0.0291  0.0291
  0.0291  0.0291  0.0291  0.0291  0.0291  0.0291  0.0291  0.0291  0.0291  0.0291  0.0291  0.0291
  0.0292  0.0292  0.0291  0.0292  0.0291  0.0292  0.0292  0.0292  0.0292  0.0292  0.0291  0.0291
  0.0294  0.0294  0.0292  0.0295  0.0294  0.0295  0.0294  0.0295  0.0293  0.0294  0.0292  0.0292
  0.0298  0.0297  0.0294  0.0299  0.0301  0.0301  0.0298  0.0299  0.0296  0.0298  0.0293  0.0294
niter,ni,del,rscale     2    3    5.0000    0.5000
parameters
   -1.4611   28.4676    8.2281   -6.0253  -18.7681   -3.6548
   -1.9719    3.4032    0.8681   23.3283   -2.6834  -18.9432
eta,q 0.97092  7.49383
  0.0296  0.0295  0.0293  0.0297  0.0299  0.0298  0.0295  0.0297  0.0294  0.0296  0.0292  0.0293
  0.0293  0.0293  0.0292  0.0294  0.0295  0.0294  0.0293  0.0293  0.0292  0.0293  0.0291  0.0292
  0.0291  0.0291  0.0291  0.0292  0.0293  0.0292  0.0291  0.0292  0.0291  0.0291  0.0291  0.0291
  0.0291  0.0291  0.0291  0.0291  0.0291  0.0291  0.0291  0.0291  0.0291  0.0291  0.0291  0.0291
  0.0292  0.0292  0.0291  0.0292  0.0291  0.0291  0.0291  0.0291  0.0291  0.0291  0.0291  0.0291
  0.0293  0.0293  0.0292  0.0294  0.0293  0.0294  0.0293  0.0293  0.0292  0.0293  0.0291  0.0292
  0.0296  0.0295  0.0293  0.0297  0.0298  0.0298  0.0295  0.0297  0.0294  0.0296  0.0292  0.0293
niter,ni,del,rscale     1    3    5.0000    0.4000
parameters
   -1.4592   28.4093    8.2498   -6.0723  -18.5864   -3.5669
   -1.9706    3.4135    0.8021   23.3116   -2.7186  -18.8900
eta,q 0.97093  7.49789
  0.0294  0.0293  0.0292  0.0295  0.0296  0.0295  0.0294  0.0294  0.0293  0.0294  0.0291  0.0292
  0.0292  0.0292  0.0291  0.0293  0.0294  0.0293  0.0292  0.0292  0.0292  0.0292  0.0291  0.0291
  0.0291  0.0291  0.0291  0.0291  0.0292  0.0291  0.0291  0.0291  0.0291  0.0291  0.0291  0.0291
  0.0291  0.0291  0.0291  0.0291  0.0291  0.0291  0.0291  0.0291  0.0291  0.0291  0.0291  0.0291
  0.0291  0.0291  0.0291  0.0291  0.0291  0.0291  0.0291  0.0291  0.0291  0.0291  0.0291  0.0291
  0.0292  0.0292  0.0291  0.0293  0.0292  0.0292  0.0292  0.0292  0.0292  0.0292  0.0291  0.0291
  0.0294  0.0294  0.0292  0.0295  0.0295  0.0295  0.0294  0.0294  0.0293  0.0294  0.0292  0.0292
registration optimization eta report
parameter search radius
    0.8000    0.8000    0.8000    2.4000    2.4000    2.4000
    2.4000    2.4000    2.4000    2.4000    2.4000    2.4000
100000*second partial in parameter space
       48.       42.       21.        7.        8.        8.
        5.        7.        4.        6.        1.        2.
  0.0294  0.0293  0.0292  0.0295  0.0296  0.0295  0.0294  0.0294  0.0293  0.0294  0.0291  0.0292
  0.0292  0.0292  0.0291  0.0293  0.0294  0.0293  0.0292  0.0292  0.0292  0.0292  0.0291  0.0291
  0.0291  0.0291  0.0291  0.0291  0.0292  0.0291  0.0291  0.0291  0.0291  0.0291  0.0291  0.0291
  0.0291  0.0291  0.0291  0.0291  0.0291  0.0291  0.0291  0.0291  0.0291  0.0291  0.0291  0.0291
  0.0291  0.0291  0.0291  0.0291  0.0291  0.0291  0.0291  0.0291  0.0291  0.0291  0.0291  0.0291
  0.0292  0.0292  0.0291  0.0293  0.0292  0.0292  0.0292  0.0292  0.0292  0.0292  0.0291  0.0291
  0.0294  0.0294  0.0292  0.0295  0.0295  0.0295  0.0294  0.0294  0.0293  0.0294  0.0292  0.0292
   -1.4592   28.4093    8.2498   -6.0723  -18.5864   -3.5669
   -1.9706    3.4135    0.8021   23.3116   -2.7186  -18.8900
eta,q 0.97093  7.49789

---------------------------------------------------------------------
compute_vox2vox talsrcimg talsrcimg_to_711-2C_as_mni_average_305_t4 /opt/freesurfer/average/711-2C_as_mni_average_305
---------------------------------------------------------------------

freesurfer compute_vox2vox.c
Reading: talsrcimg.4dfp.ifh
Reading: talsrcimg_to_711-2C_as_mni_average_305_t4
Reading: /opt/freesurfer/average/711-2C_as_mni_average_305.4dfp.ifh
Writing: talsrcimg_to_711-2C_as_mni_average_305_t4_vox2vox.txt

start time Fri Mar 13 05:49:58 CET 2026
end		time Fri Mar 13 05:50:13 CET 2026

mpr2mni305 success

avi2talxfm orig_nu.mgz /opt/freesurfer/average/mni305.cor.mgz talsrcimg_to_711-2C_as_mni_average_305_t4_vox2vox.txt transforms/talairach.auto.xfm
avi2talxfm done
mv -f /out/sourcedata/freesurfer/sub-v2s4x29627_ses-1/mri/talsrcimg_to_711-2C_as_mni_average_305_t4_vox2vox.txt /out/sourcedata/freesurfer/sub-v2s4x29627_ses-1/mri/transforms/talsrcimg_to_711-2C_as_mni_average_305_t4_vox2vox.txt
lta_convert --src orig_nu.mgz --trg /opt/freesurfer/average/mni305.cor.mgz --inxfm transforms/talairach.auto.xfm --outlta transforms/talairach.auto.xfm.lta --subject fsaverage
7.3.2

--src: orig_nu.mgz src image (geometry).
--trg: /opt/freesurfer/average/mni305.cor.mgz trg image (geometry).
--inmni: transforms/talairach.auto.xfm input MNI/XFM transform.
--outlta: transforms/talairach.auto.xfm.lta output LTA.
--s: fsaverage subject name
 LTA read, type : 1
 1.06331  -0.04153   0.01610  -1.33986;
 0.02644   0.98088   0.22823  -20.32787;
-0.01805  -0.28045   1.16279  -25.52826;
 0.00000   0.00000   0.00000   1.00000;
setting subject to fsaverage
Writing  LTA to file transforms/talairach.auto.xfm.lta...
lta_convert successful.
 
 
Started at Fri Mar 13 05:49:58 CET 2026
Ended   at Fri Mar 13 05:50:13 CET 2026
talairach_avi done
