/out/sourcedata/freesurfer/sub-v2s4x29595_ses-1/mri
/opt/freesurfer/bin/talairach_avi
--i orig_nu.mgz --xfm transforms/talairach.auto.xfm
talairach_avi 7.3.2
Linux dna020 5.14.0-427.37.1.el9_4.x86_64 #1 SMP PREEMPT_DYNAMIC Fri Sep 13 12:41:50 EDT 2024 x86_64 x86_64 x86_64 GNU/Linux
Fri Mar 13 04:07:28 CET 2026
mri_convert orig_nu.mgz talsrcimg.img 
reading from orig_nu.mgz...
TR=0.00, TE=0.00, TI=0.00, flip angle=0.00
i_ras = (-1, 2.91038e-10, -7.45058e-09)
j_ras = (3.72529e-09, 9.31323e-10, -1)
k_ras = (-2.32831e-10, 1, 9.31323e-10)
writing to talsrcimg.img...
Analyze Output Matrix
-1.00000   0.00000  -0.00000   129.29062;
 0.00000   0.00000   1.00000  -126.58308;
-0.00000  -1.00000   0.00000   129.79358;
 0.00000   0.00000   0.00000   1.00000;
--------------------
INFO: set hdr.hist.orient to -1
mpr2mni305 talsrcimg
Fri Mar 13 04:07:29 CET 2026
/opt/freesurfer/bin/mpr2mni305 talsrcimg
mpr2mni305 7.3.2
target=711-2C_as_mni_average_305

---------------------------------------------------------------------
analyzeto4dfp talsrcimg -O0 -y
---------------------------------------------------------------------

freesurfer ifh2hdr.c
Fri Mar 13 04:07:29 2026
Writing: talsrcimg.4dfp.hdr
freesurfer analyzeto4dfp.c
Reading: talsrcimg.hdr
header size 348 bytes
hdr.dime.datatype	offset=70	value=2
hdr.dime.bitpix		offset=72	value=8
hdr.hist.orient		offset=252	value=-1
dimensionality     4
dimensions       256       256       256         1
Reading: talsrcimg.img
Writing: talsrcimg.4dfp.img
Writing: talsrcimg.4dfp.ifh
ifh2hdr talsrcimg -r0to255
ori=2

---------------------------------------------------------------------
gauss_4dfp talsrcimg 1.1
---------------------------------------------------------------------

freesurfer gauss_4dfp.c
Reading: talsrcimg.4dfp.img
Writing: talsrcimg_g11.4dfp.img
image dimensions 256 256 256 padded to 288 288 288
processing volume 1freesurfer ifh2hdr.c
Fri Mar 13 04:07:30 2026
Writing: talsrcimg_g11.4dfp.hdr

Writing: talsrcimg_g11.4dfp.ifh
including: talsrcimg.4dfp.img.rec in talsrcimg_g11.4dfp.img.rec

---------------------------------------------------------------------
imgreg_4dfp /opt/freesurfer/average/711-2C_as_mni_average_305 none talsrcimg_g11 none talsrcimg_to_711-2C_as_mni_average_305_t4 4355
---------------------------------------------------------------------

freesurfer imgreg_4dfp.c
/opt/freesurfer/average/711-2C_as_mni_average_305.4dfp.img
       256       256       256         1
  1.000000  1.000000  1.000000
orientation T byte_order littleendian
Reading image: /opt/freesurfer/average/711-2C_as_mni_average_305.4dfp.img
dimensions:      256       256       256
mmppix:       1.0000   -1.0000   -1.0000
center:     128.0000 -129.0000 -129.0000
talsrcimg_g11.4dfp.img
       256       256       256         1
  1.000000  1.000000  1.000000
orientation T byte_order littleendian
Reading image: talsrcimg_g11.4dfp.img
dimensions:      256       256       256
mmppix:       1.0000   -1.0000   -1.0000
center:     128.0000 -129.0000 -129.0000
t4_read: open error in t4_sub.f l:  41 t4_file(1:l)talsrcimg_to_711-2C_as_mni_average_305_t4 
t4_read: transform initialized to I4
rotation matrix determinant  1.000000
image alignment mode   4355 decimal     1103 hex
   -7.5000  -45.0000  -45.0000 6614.9517   14.5447
    0.0000  -45.0000  -45.0000 6929.2769   14.5762
    7.5000  -45.0000  -45.0000 6627.9395   14.5866
   -7.5000  -37.5000  -45.0000 7203.5225   14.3279
    0.0000  -37.5000  -45.0000 7556.2148   14.3567
    7.5000  -37.5000  -45.0000 7212.0801   14.3597
   -7.5000  -30.0000  -45.0000 8129.2583   14.2822
    0.0000  -30.0000  -45.0000 8531.9561   14.3050
    7.5000  -30.0000  -45.0000 8144.5156   14.2971
   -7.5000  -22.5000  -45.0000 9071.5400   14.2665
    0.0000  -22.5000  -45.0000 9507.1387   14.2857
    7.5000  -22.5000  -45.0000 9090.7744   14.2738
   -7.5000  -15.0000  -45.0000 9974.9150   14.2556
    0.0000  -15.0000  -45.000010454.5020   14.2759
    7.5000  -15.0000  -45.0000 9964.1455   14.2701
   -7.5000   -7.5000  -45.000010843.4912   14.2637
    0.0000   -7.5000  -45.000011369.2705   14.2891
    7.5000   -7.5000  -45.000010835.2383   14.2941
   -7.5000    0.0000  -45.000011553.4326   14.2793
    0.0000    0.0000  -45.000012103.4980   14.3095
    7.5000    0.0000  -45.000011548.5059   14.3193
   -7.5000    7.5000  -45.000011441.8379   14.2866
    0.0000    7.5000  -45.000011976.1963   14.3152
    7.5000    7.5000  -45.000011401.9336   14.3182
   -7.5000   15.0000  -45.000011238.7441   14.2819
    0.0000   15.0000  -45.000011735.5801   14.3047
    7.5000   15.0000  -45.000011196.6348   14.2969
   -7.5000   22.5000  -45.000010956.2012   14.2645
    0.0000   22.5000  -45.000011441.8232   14.2838
    7.5000   22.5000  -45.000010912.2568   14.2718
   -7.5000   30.0000  -45.000010393.7520   14.0657
    0.0000   30.0000  -45.000010879.2822   14.0856
    7.5000   30.0000  -45.000010361.6396   14.0799
   -7.5000   37.5000  -45.000010249.2578   14.0736
    0.0000   37.5000  -45.000010735.6992   14.0987
    7.5000   37.5000  -45.000010239.6689   14.1036
   -7.5000   45.0000  -45.0000 9628.5859   13.7312
    0.0000   45.0000  -45.000010087.8398   13.7603
    7.5000   45.0000  -45.0000 9644.6426   13.7697
   -7.5000  -45.0000  -37.5000 6995.6909   14.5448
    0.0000  -45.0000  -37.5000 7320.4053   14.5793
    7.5000  -45.0000  -37.5000 6987.4097   14.5887
   -7.5000  -37.5000  -37.5000 7641.0435   14.3307
    0.0000  -37.5000  -37.5000 7999.8774   14.3608
    7.5000  -37.5000  -37.5000 7623.9175   14.3637
   -7.5000  -30.0000  -37.5000 8640.5400   14.2878
    0.0000  -30.0000  -37.5000 9042.7627   14.3095
    7.5000  -30.0000  -37.5000 8630.7139   14.3010
   -7.5000  -22.5000  -37.5000 9635.8604   14.2730
    0.0000  -22.5000  -37.500010075.5215   14.2902
    7.5000  -22.5000  -37.5000 9617.3906   14.2761
   -7.5000  -15.0000  -37.500010581.1143   14.2600
    0.0000  -15.0000  -37.500011069.2861   14.2794
    7.5000  -15.0000  -37.500010556.4521   14.2707
   -7.5000   -7.5000  -37.500011496.6572   14.2645
    0.0000   -7.5000  -37.500012043.1553   14.2917
    7.5000   -7.5000  -37.500011485.0293   14.2944
   -7.5000    0.0000  -37.500012241.7842   14.2795
    0.0000    0.0000  -37.500012799.4082   14.3126
    7.5000    0.0000  -37.500012221.9912   14.3212
   -7.5000    7.5000  -37.500012106.7461   14.2894
    0.0000    7.5000  -37.500012654.3691   14.3193
    7.5000    7.5000  -37.500012048.8447   14.3221
   -7.5000   15.0000  -37.500011907.2510   14.2875
    0.0000   15.0000  -37.500012411.4629   14.3092
    7.5000   15.0000  -37.500011816.5752   14.3007
   -7.5000   22.5000  -37.500011602.1807   14.2711
    0.0000   22.5000  -37.500012101.9902   14.2882
    7.5000   22.5000  -37.500011521.1416   14.2741
   -7.5000   30.0000  -37.500011019.1943   14.0699
    0.0000   30.0000  -37.500011491.1309   14.0891
    7.5000   30.0000  -37.500010961.7832   14.0805
   -7.5000   37.5000  -37.500010837.4834   14.0744
    0.0000   37.5000  -37.500011308.3516   14.1013
    7.5000   37.5000  -37.500010814.2158   14.1039
   -7.5000   45.0000  -37.500010184.2695   13.7314
    0.0000   45.0000  -37.500010635.5439   13.7632
    7.5000   45.0000  -37.500010163.6191   13.7716
   -7.5000  -45.0000  -30.0000 7485.6792   15.1701
    0.0000  -45.0000  -30.0000 7822.9785   15.2070
    7.5000  -45.0000  -30.0000 7478.3066   15.2154
   -7.5000  -37.5000  -30.0000 8202.7842   14.9444
    0.0000  -37.5000  -30.0000 8572.9717   14.9785
    7.5000  -37.5000  -30.0000 8179.1323   14.9836
   -7.5000  -30.0000  -30.0000 9294.1973   14.8972
    0.0000  -30.0000  -30.0000 9710.8877   14.9237
    7.5000  -30.0000  -30.0000 9258.0010   14.9177
   -7.5000  -22.5000  -30.000010340.6680   14.8834
    0.0000  -22.5000  -30.000010813.0479   14.9038
    7.5000  -22.5000  -30.000010315.1191   14.8891
   -7.5000  -15.0000  -30.000011353.6113   14.8729
    0.0000  -15.0000  -30.000011884.0645   14.8939
    7.5000  -15.0000  -30.000011330.6367   14.8812
   -7.5000   -7.5000  -30.000012314.2412   14.8783
    0.0000   -7.5000  -30.000012917.8613   14.9068
    7.5000   -7.5000  -30.000012304.1113   14.9054
   -7.5000    0.0000  -30.000013096.3398   14.8931
    0.0000    0.0000  -30.000013731.7051   14.9284
    7.5000    0.0000  -30.000013079.8438   14.9360
   -7.5000    7.5000  -30.000012934.5918   14.9012
    0.0000    7.5000  -30.000013553.2383   14.9351
    7.5000    7.5000  -30.000012866.2734   14.9401
   -7.5000   15.0000  -30.000012743.8779   14.8969
    0.0000   15.0000  -30.000013327.5352   14.9234
    7.5000   15.0000  -30.000012636.0000   14.9174
   -7.5000   22.5000  -30.000012444.6631   14.8799
    0.0000   22.5000  -30.000013020.8096   14.9003
    7.5000   22.5000  -30.000012339.8125   14.8855
   -7.5000   30.0000  -30.000011819.5889   14.6761
    0.0000   30.0000  -30.000012359.7881   14.6968
    7.5000   30.0000  -30.000011735.8828   14.6842
   -7.5000   37.5000  -30.000011581.8291   14.6814
    0.0000   37.5000  -30.000012076.2627   14.7095
    7.5000   37.5000  -30.000011526.7725   14.7082
   -7.5000   45.0000  -30.000010847.1533   14.3320
    0.0000   45.0000  -30.000011310.8398   14.3660
    7.5000   45.0000  -30.000010825.8018   14.3733
   -7.5000  -45.0000  -22.5000 7983.3511   15.7083
    0.0000  -45.0000  -22.5000 8360.2041   15.7431
    7.5000  -45.0000  -22.5000 7990.7905   15.7512
   -7.5000  -37.5000  -22.5000 8733.0186   15.4679
    0.0000  -37.5000  -22.5000 9124.6924   15.5040
    7.5000  -37.5000  -22.5000 8715.1709   15.5115
   -7.5000  -30.0000  -22.5000 9897.1729   15.4125
    0.0000  -30.0000  -22.500010327.2871   15.4446
    7.5000  -30.0000  -22.5000 9856.8320   15.4422
   -7.5000  -22.5000  -22.500011026.0459   15.3987
    0.0000  -22.5000  -22.500011529.1826   15.4239
    7.5000  -22.5000  -22.500010994.4531   15.4109
   -7.5000  -15.0000  -22.500012101.1523   15.3943
    0.0000  -15.0000  -22.500012683.0547   15.4163
    7.5000  -15.0000  -22.500012073.0430   15.4026
   -7.5000   -7.5000  -22.500013109.6299   15.4055
    0.0000   -7.5000  -22.500013773.0352   15.4319
    7.5000   -7.5000  -22.500013101.4072   15.4287
   -7.5000    0.0000  -22.500013936.5879   15.4210
    0.0000    0.0000  -22.500014659.2324   15.4543
    7.5000    0.0000  -22.500013897.2871   15.4616
   -7.5000    7.5000  -22.500013749.7090   15.4232
    0.0000    7.5000  -22.500014432.2002   15.4591
    7.5000    7.5000  -22.500013646.3496   15.4665
   -7.5000   15.0000  -22.500013544.4131   15.4122
    0.0000   15.0000  -22.500014208.2510   15.4442
    7.5000   15.0000  -22.500013410.6016   15.4419
   -7.5000   22.5000  -22.500013265.2139   15.3940
    0.0000   22.5000  -22.500013943.0557   15.4192
    7.5000   22.5000  -22.500013134.7803   15.4061
   -7.5000   30.0000  -22.500012632.3770   15.1929
    0.0000   30.0000  -22.500013234.8428   15.2147
    7.5000   30.0000  -22.500012506.8496   15.2011
   -7.5000   37.5000  -22.500012290.3516   15.2040
    0.0000   37.5000  -22.500012858.0254   15.2301
    7.5000   37.5000  -22.500012209.4609   15.2269
   -7.5000   45.0000  -22.500011471.4219   14.8512
    0.0000   45.0000  -22.500011984.5693   14.8833
    7.5000   45.0000  -22.500011433.2578   14.8903
   -7.5000  -45.0000  -15.0000 8469.5430   16.0881
    0.0000  -45.0000  -15.0000 8867.0078   16.1210
    7.5000  -45.0000  -15.0000 8452.7480   16.1304
   -7.5000  -37.5000  -15.0000 9236.6855   15.8372
    0.0000  -37.5000  -15.0000 9668.2188   15.8734
    7.5000  -37.5000  -15.0000 9216.6152   15.8816
   -7.5000  -30.0000  -15.000010459.6553   15.7761
    0.0000  -30.0000  -15.000010945.5234   15.8106
    7.5000  -30.0000  -15.000010432.4727   15.8094
   -7.5000  -22.5000  -15.000011661.4043   15.7613
    0.0000  -22.5000  -15.000012232.6553   15.7893
    7.5000  -22.5000  -15.000011642.1074   15.7785
   -7.5000  -15.0000  -15.000012815.2275   15.7606
    0.0000  -15.0000  -15.000013470.0215   15.7837
    7.5000  -15.0000  -15.000012808.5029   15.7726
   -7.5000   -7.5000  -15.000013896.6514   15.7773
    0.0000   -7.5000  -15.000014638.2705   15.8024
    7.5000   -7.5000  -15.000013910.8223   15.8014
   -7.5000    0.0000  -15.000014775.0488   15.7937
    0.0000    0.0000  -15.000015582.7930   15.8252
    7.5000    0.0000  -15.000014726.5244   15.8338
   -7.5000    7.5000  -15.000014579.2930   15.7915
    0.0000    7.5000  -15.000015308.4561   15.8274
    7.5000    7.5000  -15.000014438.9336   15.8356
   -7.5000   15.0000  -15.000014352.6865   15.7758
    0.0000   15.0000  -15.000015073.6348   15.8102
    7.5000   15.0000  -15.000014175.0078   15.8091
   -7.5000   22.5000  -15.000014075.2773   15.7558
    0.0000   22.5000  -15.000014816.6924   15.7837
    7.5000   22.5000  -15.000013886.1309   15.7729
   -7.5000   30.0000  -15.000013377.4355   15.5566
    0.0000   30.0000  -15.000014084.8350   15.5794
    7.5000   30.0000  -15.000013210.4980   15.5684
   -7.5000   37.5000  -15.000012981.5947   15.5731
    0.0000   37.5000  -15.000013640.7754   15.5979
    7.5000   37.5000  -15.000012842.5439   15.5969
   -7.5000   45.0000  -15.000012081.5332   15.2193
    0.0000   45.0000  -15.000012675.6357   15.2496
    7.5000   45.0000  -15.000011995.0342   15.2580
   -7.5000  -45.0000   -7.5000 8969.4961   16.2596
    0.0000  -45.0000   -7.5000 9393.7891   16.2929
    7.5000  -45.0000   -7.5000 8927.4355   16.3042
   -7.5000  -37.5000   -7.5000 9792.8926   16.0098
    0.0000  -37.5000   -7.500010249.1680   16.0441
    7.5000  -37.5000   -7.5000 9755.5537   16.0504
   -7.5000  -30.0000   -7.500011065.8691   15.9518
    0.0000  -30.0000   -7.500011566.9004   15.9830
    7.5000  -30.0000   -7.500011025.9688   15.9787
   -7.5000  -22.5000   -7.500012330.7314   15.9354
    0.0000  -22.5000   -7.500012904.5889   15.9615
    7.5000  -22.5000   -7.500012290.8535   15.9509
   -7.5000  -15.0000   -7.500013563.7539   15.9305
    0.0000  -15.0000   -7.500014243.1875   15.9542
    7.5000  -15.0000   -7.500013529.4961   15.9469
   -7.5000   -7.5000   -7.500014729.0654   15.9454
    0.0000   -7.5000   -7.500015514.7754   15.9719
    7.5000   -7.5000   -7.500014737.4766   15.9754
   -7.5000    0.0000   -7.500015759.5762   15.9624
    0.0000    0.0000   -7.500016664.3555   15.9944
    7.5000    0.0000   -7.500015690.4043   16.0049
   -7.5000    7.5000   -7.500015608.0752   15.9637
    0.0000    7.5000   -7.500016412.3223   15.9978
    7.5000    7.5000   -7.500015384.2891   16.0040
   -7.5000   15.0000   -7.500015352.5068   15.9515
    0.0000   15.0000   -7.500016126.5596   15.9827
    7.5000   15.0000   -7.500015039.1602   15.9783
   -7.5000   22.5000   -7.500015040.1562   15.9280
    0.0000   22.5000   -7.500015853.4883   15.9542
    7.5000   22.5000   -7.500014721.8516   15.9435
   -7.5000   30.0000   -7.500014249.8125   15.7240
    0.0000   30.0000   -7.500015034.3203   15.7473
    7.5000   30.0000   -7.500013958.9844   15.7401
   -7.5000   37.5000   -7.500013789.7432   15.7386
    0.0000   37.5000   -7.500014552.9541   15.7648
    7.5000   37.5000   -7.500013550.0928   15.7682
   -7.5000   45.0000   -7.500012817.1045   15.3848
    0.0000   45.0000   -7.500013533.4932   15.4156
    7.5000   45.0000   -7.500012636.2822   15.4257
   -7.5000  -45.0000    0.0000 9370.0352   16.2759
    0.0000  -45.0000    0.0000 9837.0020   16.3111
    7.5000  -45.0000    0.0000 9324.0176   16.3228
   -7.5000  -37.5000    0.000010250.9688   16.0332
    0.0000  -37.5000    0.000010744.7363   16.0654
    7.5000  -37.5000    0.000010190.6172   16.0688
   -7.5000  -30.0000    0.000011544.4033   15.9821
    0.0000  -30.0000    0.000012097.3135   16.0077
    7.5000  -30.0000    0.000011486.7461   15.9988
   -7.5000  -22.5000    0.000012847.6533   15.9645
    0.0000  -22.5000    0.000013461.7080   15.9861
    7.5000  -22.5000    0.000012759.8369   15.9727
   -7.5000  -15.0000    0.000014131.3750   15.9524
    0.0000  -15.0000    0.000014833.8193   15.9750
    7.5000  -15.0000    0.000014064.7334   15.9685
   -7.5000   -7.5000    0.000015503.7666   15.9614
    0.0000   -7.5000    0.000016374.6475   15.9899
    7.5000   -7.5000    0.000015440.7803   15.9955
   -7.5000    0.0000    0.000016796.0781   15.9788
    0.0000    0.0000    0.000017972.5703   16.0127
    7.5000    0.0000    0.000016648.3359   16.0236
   -7.5000    7.5000    0.000016667.3145   15.9871
    0.0000    7.5000    0.000017787.3887   16.0191
    7.5000    7.5000    0.000016335.3789   16.0224
   -7.5000   15.0000    0.000016289.1494   15.9817
    0.0000   15.0000    0.000017272.8184   16.0073
    7.5000   15.0000    0.000015861.5840   15.9985
   -7.5000   22.5000    0.000015886.7607   15.9572
    0.0000   22.5000    0.000016841.0898   15.9787
    7.5000   22.5000    0.000015448.7412   15.9653
   -7.5000   30.0000    0.000015013.0928   15.7459
    0.0000   30.0000    0.000015919.3467   15.7683
    7.5000   30.0000    0.000014619.3154   15.7619
   -7.5000   37.5000    0.000014509.5117   15.7548
    0.0000   37.5000    0.000015396.7461   15.7829
    7.5000   37.5000    0.000014171.4463   15.7885
   -7.5000   45.0000    0.000013422.0342   15.4018
    0.0000   45.0000    0.000014252.2324   15.4344
    7.5000   45.0000    0.000013152.9355   15.4449
   -7.5000  -45.0000    7.5000 9040.1201   16.2760
    0.0000  -45.0000    7.5000 9498.3467   16.3146
    7.5000  -45.0000    7.5000 8998.0820   16.3251
   -7.5000  -37.5000    7.5000 9954.2324   16.0365
    0.0000  -37.5000    7.500010419.7725   16.0701
    7.5000  -37.5000    7.5000 9888.4580   16.0734
   -7.5000  -30.0000    7.500011247.3789   15.9884
    0.0000  -30.0000    7.500011792.0332   16.0128
    7.5000  -30.0000    7.500011168.2334   16.0032
   -7.5000  -22.5000    7.500012506.3350   15.9719
    0.0000  -22.5000    7.500013135.2891   15.9911
    7.5000  -22.5000    7.500012380.2080   15.9753
   -7.5000  -15.0000    7.500013683.4541   15.9573
    0.0000  -15.0000    7.500014444.2119   15.9790
    7.5000  -15.0000    7.500013568.8984   15.9692
   -7.5000   -7.5000    7.500014975.7412   15.9623
    0.0000   -7.5000    7.500015978.1465   15.9928
    7.5000   -7.5000    7.500014892.7217   15.9958
   -7.5000    0.0000    7.500016191.6074   15.9791
    0.0000    0.0000    7.500017681.6289   16.0161
    7.5000    0.0000    7.500016125.9521   16.0258
   -7.5000    7.5000    7.500016001.9307   15.9903
    0.0000    7.5000    7.500017553.6309   16.0236
    7.5000    7.5000    7.500015961.9385   16.0268
   -7.5000   15.0000    7.500015627.7686   15.9881
    0.0000   15.0000    7.500016926.9531   16.0124
    7.5000   15.0000    7.500015493.5762   16.0029
   -7.5000   22.5000    7.500015227.6895   15.9645
    0.0000   22.5000    7.500016330.5439   15.9837
    7.5000   22.5000    7.500014957.9805   15.9680
   -7.5000   30.0000    7.500014453.1016   15.7508
    0.0000   30.0000    7.500015359.6855   15.7723
    7.5000   30.0000    7.500014121.1377   15.7626
   -7.5000   37.5000    7.500013987.5293   15.7557
    0.0000   37.5000    7.500014788.9785   15.7859
    7.5000   37.5000    7.500013669.2227   15.7888
   -7.5000   45.0000    7.500012927.5518   15.4020
    0.0000   45.0000    7.500013641.3545   15.4377
    7.5000   45.0000    7.500012683.4121   15.4471
   -7.5000  -45.0000   15.0000 8523.4512   16.2902
    0.0000  -45.0000   15.0000 9036.8965   16.3299
    7.5000  -45.0000   15.0000 8467.6533   16.3388
   -7.5000  -37.5000   15.0000 9418.4258   16.0478
    0.0000  -37.5000   15.0000 9977.7646   16.0844
    7.5000  -37.5000   15.0000 9341.7598   16.0900
   -7.5000  -30.0000   15.000010681.3203   15.9972
    0.0000  -30.0000   15.000011299.3877   16.0256
    7.5000  -30.0000   15.000010583.7676   16.0192
   -7.5000  -22.5000   15.000011880.4863   15.9824
    0.0000  -22.5000   15.000012579.2295   16.0043
    7.5000  -22.5000   15.000011776.2412   15.9884
   -7.5000  -15.0000   15.000012993.4355   15.9711
    0.0000  -15.0000   15.000013754.5137   15.9936
    7.5000  -15.0000   15.000012916.8926   15.9799
   -7.5000   -7.5000   15.000014186.8232   15.9768
    0.0000   -7.5000   15.000015053.3926   16.0074
    7.5000   -7.5000   15.000014135.6650   16.0060
   -7.5000    0.0000   15.000015228.4609   15.9927
    0.0000    0.0000   15.000016334.3301   16.0307
    7.5000    0.0000   15.000015202.2646   16.0388
   -7.5000    7.5000   15.000014977.8848   16.0015
    0.0000    7.5000   15.000015987.0811   16.0378
    7.5000    7.5000   15.000014993.7549   16.0432
   -7.5000   15.0000   15.000014614.9883   15.9968
    0.0000   15.0000   15.000015521.1758   16.0253
    7.5000   15.0000   15.000014616.9229   16.0189
   -7.5000   22.5000   15.000014296.7686   15.9750
    0.0000   22.5000   15.000015154.5176   15.9969
    7.5000   22.5000   15.000014213.8848   15.9810
   -7.5000   30.0000   15.000013659.7588   15.7644
    0.0000   30.0000   15.000014406.6680   15.7866
    7.5000   30.0000   15.000013461.3242   15.7731
   -7.5000   37.5000   15.000013270.8193   15.7700
    0.0000   37.5000   15.000013958.4395   15.8003
    7.5000   37.5000   15.000013046.1650   15.7988
   -7.5000   45.0000   15.000012269.3809   15.4151
    0.0000   45.0000   15.000012871.9746   15.4517
    7.5000   45.0000   15.000012055.6123   15.4596
   -7.5000  -45.0000   22.5000 7933.5166   16.3066
    0.0000  -45.0000   22.5000 8344.1172   16.3428
    7.5000  -45.0000   22.5000 7846.6152   16.3512
   -7.5000  -37.5000   22.5000 8782.5508   16.0571
    0.0000  -37.5000   22.5000 9204.3535   16.0946
    7.5000  -37.5000   22.5000 8693.1758   16.1023
   -7.5000  -30.0000   22.5000 9952.7500   15.9995
    0.0000  -30.0000   22.500010420.0928   16.0329
    7.5000  -30.0000   22.5000 9883.8906   16.0304
   -7.5000  -22.5000   22.500011061.9883   15.9853
    0.0000  -22.5000   22.500011573.2783   16.0114
    7.5000  -22.5000   22.500011015.7764   15.9979
   -7.5000  -15.0000   22.500012100.8770   15.9806
    0.0000  -15.0000   22.500012640.2695   16.0036
    7.5000  -15.0000   22.500012079.2861   15.9892
   -7.5000   -7.5000   22.500013177.6729   15.9923
    0.0000   -7.5000   22.500013806.3604   16.0197
    7.5000   -7.5000   22.500013182.4082   16.0164
   -7.5000    0.0000   22.500014097.4824   16.0084
    0.0000    0.0000   22.500014814.4785   16.0430
    7.5000    0.0000   22.500014129.6152   16.0506
   -7.5000    7.5000   22.500013866.0283   16.0107
    0.0000    7.5000   22.500014452.9521   16.0479
    7.5000    7.5000   22.500013880.5176   16.0556
   -7.5000   15.0000   22.500013533.6855   15.9992
    0.0000   15.0000   22.500014056.9541   16.0325
    7.5000   15.0000   22.500013510.0850   16.0301
   -7.5000   22.5000   22.500013198.9434   15.9779
    0.0000   22.5000   22.500013714.6660   16.0041
    7.5000   22.5000   22.500013145.7900   15.9905
   -7.5000   30.0000   22.500012694.0244   15.7738
    0.0000   30.0000   22.500013200.6543   15.7964
    7.5000   30.0000   22.500012564.4961   15.7823
   -7.5000   37.5000   22.500012428.1514   15.7853
    0.0000   37.5000   22.500012935.7344   15.8124
    7.5000   37.5000   22.500012254.1309   15.8091
   -7.5000   45.0000   22.500011513.0361   15.4302
    0.0000   45.0000   22.500011990.4053   15.4636
    7.5000   45.0000   22.500011337.9170   15.4709
   -7.5000  -45.0000   30.0000 7225.2607   16.4161
    0.0000  -45.0000   30.0000 7567.9531   16.4497
    7.5000  -45.0000   30.0000 7164.2969   16.4592
   -7.5000  -37.5000   30.0000 7988.0459   16.1584
    0.0000  -37.5000   30.0000 8341.0908   16.1953
    7.5000  -37.5000   30.0000 7949.5718   16.2036
   -7.5000  -30.0000   30.0000 9061.0469   16.0957
    0.0000  -30.0000   30.0000 9450.1865   16.1308
    7.5000  -30.0000   30.0000 9065.6016   16.1294
   -7.5000  -22.5000   30.000010105.7695   16.0805
    0.0000  -22.5000   30.000010530.5879   16.1090
    7.5000  -22.5000   30.000010129.0039   16.0977
   -7.5000  -15.0000   30.000011081.7939   16.0797
    0.0000  -15.0000   30.000011555.3398   16.1033
    7.5000  -15.0000   30.000011126.0850   16.0917
   -7.5000   -7.5000   30.000012079.5742   16.0969
    0.0000   -7.5000   30.000012610.1367   16.1225
    7.5000   -7.5000   30.000012132.7676   16.1214
   -7.5000    0.0000   30.000012903.4248   16.1138
    0.0000    0.0000   30.000013488.1689   16.1459
    7.5000    0.0000   30.000012961.7480   16.1546
   -7.5000    7.5000   30.000012718.9023   16.1115
    0.0000    7.5000   30.000013207.6875   16.1482
    7.5000    7.5000   30.000012741.0479   16.1564
   -7.5000   15.0000   30.000012424.4736   16.0953
    0.0000   15.0000   30.000012868.8750   16.1305
    7.5000   15.0000   30.000012408.4170   16.1290
   -7.5000   22.5000   30.000012071.6719   16.0731
    0.0000   22.5000   30.000012526.9541   16.1016
    7.5000   22.5000   30.000012034.8066   16.0903
   -7.5000   30.0000   30.000011652.9258   15.8716
    0.0000   30.0000   30.000012082.3467   15.8949
    7.5000   30.0000   30.000011535.8887   15.8835
   -7.5000   37.5000   30.000011469.3223   15.8886
    0.0000   37.5000   30.000011888.2188   15.9139
    7.5000   37.5000   30.000011315.5869   15.9127
   -7.5000   45.0000   30.000010639.5156   15.5318
    0.0000   45.0000   30.000011049.7295   15.5628
    7.5000   45.0000   30.000010480.3213   15.5712
   -7.5000  -45.0000   37.5000 6856.8193   16.7718
    0.0000  -45.0000   37.5000 7193.1084   16.8064
    7.5000  -45.0000   37.5000 6823.9561   16.8172
   -7.5000  -37.5000   37.5000 7568.8740   16.5074
    0.0000  -37.5000   37.5000 7934.0889   16.5433
    7.5000  -37.5000   37.5000 7583.6177   16.5488
   -7.5000  -30.0000   37.5000 8613.4609   16.4435
    0.0000  -30.0000   37.5000 9001.4463   16.4762
    7.5000  -30.0000   37.5000 8652.0137   16.4705
   -7.5000  -22.5000   37.5000 9636.5078   16.4223
    0.0000  -22.5000   37.500010055.7686   16.4497
    7.5000  -22.5000   37.5000 9683.6328   16.4373
   -7.5000  -15.0000   37.500010601.9531   16.4161
    0.0000  -15.0000   37.500011071.0410   16.4407
    7.5000  -15.0000   37.500010644.5938   16.4318
   -7.5000   -7.5000   37.500011539.7188   16.4348
    0.0000   -7.5000   37.500012054.4170   16.4623
    7.5000   -7.5000   37.500011589.0479   16.4648
   -7.5000    0.0000   37.500012332.9385   16.4564
    0.0000    0.0000   37.500012865.1670   16.4896
    7.5000    0.0000   37.500012381.5264   16.4996
   -7.5000    7.5000   37.500012153.4736   16.4585
    0.0000    7.5000   37.500012631.2764   16.4942
    7.5000    7.5000   37.500012164.3418   16.4996
   -7.5000   15.0000   37.500011850.1855   16.4431
    0.0000   15.0000   37.500012308.0293   16.4758
    7.5000   15.0000   37.500011866.7031   16.4702
   -7.5000   22.5000   37.500011502.1748   16.4147
    0.0000   22.5000   37.500011952.9482   16.4421
    7.5000   22.5000   37.500011495.8525   16.4297
   -7.5000   30.0000   37.500011121.6045   16.2036
    0.0000   30.0000   37.500011551.8672   16.2280
    7.5000   30.0000   37.500011070.2510   16.2192
   -7.5000   37.5000   37.500010984.3086   16.2221
    0.0000   37.5000   37.500011427.3691   16.2492
    7.5000   37.5000   37.500010884.2412   16.2517
   -7.5000   45.0000   37.500010206.6846   15.8620
    0.0000   45.0000   37.500010626.5137   15.8940
    7.5000   45.0000   37.500010089.4824   15.9037
   -7.5000  -45.0000   45.0000 6230.8120   17.2140
    0.0000  -45.0000   45.0000 6538.0674   17.2534
    7.5000  -45.0000   45.0000 6219.6504   17.2652
   -7.5000  -37.5000   45.0000 6898.4121   16.9395
    0.0000  -37.5000   45.0000 7234.7222   16.9756
    7.5000  -37.5000   45.0000 6909.2871   16.9780
   -7.5000  -30.0000   45.0000 7860.5464   16.8700
    0.0000  -30.0000   45.0000 8247.9023   16.8981
    7.5000  -30.0000   45.0000 7881.5659   16.8871
   -7.5000  -22.5000   45.0000 8809.4766   16.8400
    0.0000  -22.5000   45.0000 9232.3193   16.8627
    7.5000  -22.5000   45.0000 8824.2988   16.8469
   -7.5000  -15.0000   45.0000 9705.1094   16.8276
    0.0000  -15.0000   45.000010166.0732   16.8514
    7.5000  -15.0000   45.0000 9712.4863   16.8434
   -7.5000   -7.5000   45.000010550.7041   16.8497
    0.0000   -7.5000   45.000011051.8545   16.8806
    7.5000   -7.5000   45.000010583.2490   16.8860
   -7.5000    0.0000   45.000011284.2441   16.8800
    0.0000    0.0000   45.000011789.5576   16.9177
    7.5000    0.0000   45.000011302.7930   16.9287
   -7.5000    7.5000   45.000011095.7998   16.8876
    0.0000    7.5000   45.000011591.3975   16.9235
    7.5000    7.5000   45.000011111.5693   16.9258
   -7.5000   15.0000   45.000010822.9072   16.8697
    0.0000   15.0000   45.000011289.8438   16.8978
    7.5000   15.0000   45.000010842.6611   16.8867
   -7.5000   22.5000   45.000010501.7549   16.8322
    0.0000   22.5000   45.000010947.3535   16.8549
    7.5000   22.5000   45.000010501.1387   16.8391
   -7.5000   30.0000   45.000010155.9883   16.6084
    0.0000   30.0000   45.000010572.1621   16.6318
    7.5000   30.0000   45.000010123.2979   16.6239
   -7.5000   37.5000   45.000010067.1143   16.6301
    0.0000   37.5000   45.000010493.5244   16.6607
    7.5000   37.5000   45.0000 9990.2051   16.6660
   -7.5000   45.0000   45.0000 9384.0527   16.2777
    0.0000   45.0000   45.0000 9797.8701   16.3141
    7.5000   45.0000   45.0000 9285.1670   16.3247

---------------------------------------------------------------------
imgreg_4dfp /opt/freesurfer/average/711-2C_as_mni_average_305 /opt/freesurfer/average/711-2B_as_mni_average_305_mask talsrcimg_g11 none talsrcimg_to_711-2C_as_mni_average_305_t4 4355
---------------------------------------------------------------------

freesurfer imgreg_4dfp.c
/opt/freesurfer/average/711-2C_as_mni_average_305.4dfp.img
       256       256       256         1
  1.000000  1.000000  1.000000
orientation T byte_order littleendian
Reading image: /opt/freesurfer/average/711-2C_as_mni_average_305.4dfp.img
dimensions:      256       256       256
mmppix:       1.0000   -1.0000   -1.0000
center:     128.0000 -129.0000 -129.0000
/opt/freesurfer/average/711-2B_as_mni_average_305_mask.4dfp.img
       256       256       256         1
  1.000000  1.000000  1.000000
orientation T byte_order littleendian
Reading mask: /opt/freesurfer/average/711-2B_as_mni_average_305_mask.4dfp.img (2306576 pixels)
talsrcimg_g11.4dfp.img
       256       256       256         1
  1.000000  1.000000  1.000000
orientation T byte_order littleendian
Reading image: talsrcimg_g11.4dfp.img
dimensions:      256       256       256
mmppix:       1.0000   -1.0000   -1.0000
center:     128.0000 -129.0000 -129.0000
rotation matrix determinant  1.000000
image alignment mode   4355 decimal     1103 hex
   -7.5000  -45.0000  -45.0000 1859.8400   21.2262
    0.0000  -45.0000  -45.0000 1872.6604   21.2607
    7.5000  -45.0000  -45.0000 1862.4648   21.0537
   -7.5000  -37.5000  -45.0000 1985.6907   18.8008
    0.0000  -37.5000  -45.0000 2002.1223   18.8236
    7.5000  -37.5000  -45.0000 1986.3695   18.6668
   -7.5000  -30.0000  -45.0000 2098.2834   16.8778
    0.0000  -30.0000  -45.0000 2116.1401   16.9144
    7.5000  -30.0000  -45.0000 2099.7886   16.8088
   -7.5000  -22.5000  -45.0000 2195.3611   15.3603
    0.0000  -22.5000  -45.0000 2211.2400   15.3674
    7.5000  -22.5000  -45.0000 2202.1667   15.3254
   -7.5000  -15.0000  -45.0000 2272.7161   14.1949
    0.0000  -15.0000  -45.0000 2288.9795   14.1392
    7.5000  -15.0000  -45.0000 2276.5796   14.1347
   -7.5000   -7.5000  -45.0000 2330.6074   13.4307
    0.0000   -7.5000  -45.0000 2346.4023   13.3578
    7.5000   -7.5000  -45.0000 2328.7351   13.3779
   -7.5000    0.0000  -45.0000 2355.5098   12.9425
    0.0000    0.0000  -45.0000 2372.6799   12.8167
    7.5000    0.0000  -45.0000 2354.8894   12.8813
   -7.5000    7.5000  -45.0000 2372.4426   12.7614
    0.0000    7.5000  -45.0000 2390.9348   12.6327
    7.5000    7.5000  -45.0000 2376.2192   12.6735
   -7.5000   15.0000  -45.0000 2363.7390   12.8548
    0.0000   15.0000  -45.0000 2381.3967   12.7316
    7.5000   15.0000  -45.0000 2373.0002   12.7875
   -7.5000   22.5000  -45.0000 2343.0022   13.1647
    0.0000   22.5000  -45.0000 2363.0598   13.0436
    7.5000   22.5000  -45.0000 2355.2620   13.1312
   -7.5000   30.0000  -45.0000 2299.2871   13.7569
    0.0000   30.0000  -45.0000 2323.8828   13.6131
    7.5000   30.0000  -45.0000 2316.0347   13.6957
   -7.5000   37.5000  -45.0000 2246.0366   14.5856
    0.0000   37.5000  -45.0000 2268.0762   14.4492
    7.5000   37.5000  -45.0000 2261.5193   14.5236
   -7.5000   45.0000  -45.0000 2161.8018   15.7670
    0.0000   45.0000  -45.0000 2184.0012   15.6337
    7.5000   45.0000  -45.0000 2178.0156   15.6944
   -7.5000  -45.0000  -37.5000 1916.3555   19.9674
    0.0000  -45.0000  -37.5000 1929.3431   19.9303
    7.5000  -45.0000  -37.5000 1917.1847   19.8109
   -7.5000  -37.5000  -37.5000 2047.4880   17.7272
    0.0000  -37.5000  -37.5000 2062.3823   17.6859
    7.5000  -37.5000  -37.5000 2047.9221   17.5958
   -7.5000  -30.0000  -37.5000 2169.4026   15.9309
    0.0000  -30.0000  -37.5000 2183.8459   15.9095
    7.5000  -30.0000  -37.5000 2173.2708   15.8429
   -7.5000  -22.5000  -37.5000 2271.1724   14.4605
    0.0000  -22.5000  -37.5000 2287.1194   14.4133
    7.5000  -22.5000  -37.5000 2274.9775   14.3866
   -7.5000  -15.0000  -37.5000 2355.5444   13.2925
    0.0000  -15.0000  -37.5000 2371.9280   13.2125
    7.5000  -15.0000  -37.5000 2357.9771   13.2019
   -7.5000   -7.5000  -37.5000 2425.1475   12.5103
    0.0000   -7.5000  -37.5000 2437.2976   12.3950
    7.5000   -7.5000  -37.5000 2424.8174   12.4293
   -7.5000    0.0000  -37.5000 2452.5659   11.9936
    0.0000    0.0000  -37.5000 2463.8789   11.8838
    7.5000    0.0000  -37.5000 2453.4258   11.9550
   -7.5000    7.5000  -37.5000 2477.8884   11.7915
    0.0000    7.5000  -37.5000 2490.5273   11.6657
    7.5000    7.5000  -37.5000 2478.0327   11.7569
   -7.5000   15.0000  -37.5000 2475.8076   11.8897
    0.0000   15.0000  -37.5000 2487.7551   11.7690
    7.5000   15.0000  -37.5000 2477.7661   11.8758
   -7.5000   22.5000  -37.5000 2449.4580   12.1612
    0.0000   22.5000  -37.5000 2472.4055   12.0448
    7.5000   22.5000  -37.5000 2457.7083   12.1462
   -7.5000   30.0000  -37.5000 2406.8718   12.6939
    0.0000   30.0000  -37.5000 2434.7832   12.5445
    7.5000   30.0000  -37.5000 2421.0127   12.6422
   -7.5000   37.5000  -37.5000 2346.7981   13.4267
    0.0000   37.5000  -37.5000 2376.0986   13.2880
    7.5000   37.5000  -37.5000 2364.1221   13.3934
   -7.5000   45.0000  -37.5000 2258.5308   14.4709
    0.0000   45.0000  -37.5000 2288.7678   14.3532
    7.5000   45.0000  -37.5000 2276.3689   14.4451
   -7.5000  -45.0000  -30.0000 1995.4146   19.5962
    0.0000  -45.0000  -30.0000 2007.4491   19.4653
    7.5000  -45.0000  -30.0000 1997.4187   19.4747
   -7.5000  -37.5000  -30.0000 2133.1067   17.3678
    0.0000  -37.5000  -30.0000 2147.9082   17.2618
    7.5000  -37.5000  -30.0000 2136.8855   17.2467
   -7.5000  -30.0000  -30.0000 2264.2751   15.5504
    0.0000  -30.0000  -30.0000 2280.6240   15.4703
    7.5000  -30.0000  -30.0000 2267.4380   15.4480
   -7.5000  -22.5000  -30.0000 2371.9036   14.0742
    0.0000  -22.5000  -30.0000 2389.2371   13.9881
    7.5000  -22.5000  -30.0000 2374.2725   13.9893
   -7.5000  -15.0000  -30.0000 2464.2803   12.9251
    0.0000  -15.0000  -30.0000 2480.6868   12.8371
    7.5000  -15.0000  -30.0000 2466.9099   12.8248
   -7.5000   -7.5000  -30.0000 2538.6284   12.0852
    0.0000   -7.5000  -30.0000 2558.1973   11.9989
    7.5000   -7.5000  -30.0000 2544.2913   11.9830
   -7.5000    0.0000  -30.0000 2577.0833   11.5219
    0.0000    0.0000  -30.0000 2595.8694   11.4379
    7.5000    0.0000  -30.0000 2587.8772   11.4681
   -7.5000    7.5000  -30.0000 2613.8970   11.2667
    0.0000    7.5000  -30.0000 2630.5320   11.1549
    7.5000    7.5000  -30.0000 2620.3191   11.2395
   -7.5000   15.0000  -30.0000 2624.9624   11.3665
    0.0000   15.0000  -30.0000 2640.0667   11.2565
    7.5000   15.0000  -30.0000 2625.0166   11.3505
   -7.5000   22.5000  -30.0000 2601.4578   11.6816
    0.0000   22.5000  -30.0000 2626.2554   11.5512
    7.5000   22.5000  -30.0000 2606.5178   11.6516
   -7.5000   30.0000  -30.0000 2559.9250   12.1845
    0.0000   30.0000  -30.0000 2588.4033   12.0221
    7.5000   30.0000  -30.0000 2571.1287   12.1278
   -7.5000   37.5000  -30.0000 2493.0811   12.8897
    0.0000   37.5000  -30.0000 2523.4265   12.7142
    7.5000   37.5000  -30.0000 2508.9370   12.8287
   -7.5000   45.0000  -30.0000 2403.1948   13.8614
    0.0000   45.0000  -30.0000 2432.6377   13.7239
    7.5000   45.0000  -30.0000 2417.2900   13.8407
   -7.5000  -45.0000  -22.5000 2045.6975   19.1487
    0.0000  -45.0000  -22.5000 2060.8013   18.9890
    7.5000  -45.0000  -22.5000 2052.4575   19.0095
   -7.5000  -37.5000  -22.5000 2186.2949   16.9016
    0.0000  -37.5000  -22.5000 2201.8884   16.7642
    7.5000  -37.5000  -22.5000 2194.7180   16.8046
   -7.5000  -30.0000  -22.5000 2317.1072   15.0834
    0.0000  -30.0000  -22.5000 2335.7581   14.9394
    7.5000  -30.0000  -22.5000 2328.3379   14.9662
   -7.5000  -22.5000  -22.5000 2432.0981   13.6166
    0.0000  -22.5000  -22.5000 2453.4294   13.4733
    7.5000  -22.5000  -22.5000 2443.1814   13.5019
   -7.5000  -15.0000  -22.5000 2534.2871   12.4749
    0.0000  -15.0000  -22.5000 2556.9128   12.3323
    7.5000  -15.0000  -22.5000 2543.8225   12.3582
   -7.5000   -7.5000  -22.5000 2616.1982   11.6256
    0.0000   -7.5000  -22.5000 2645.3152   11.5334
    7.5000   -7.5000  -22.5000 2632.6392   11.5061
   -7.5000    0.0000  -22.5000 2672.6245   11.0475
    0.0000    0.0000  -22.5000 2697.3108   10.9508
    7.5000    0.0000  -22.5000 2689.4397   10.9435
   -7.5000    7.5000  -22.5000 2718.6362   10.7450
    0.0000    7.5000  -22.5000 2737.9080   10.6342
    7.5000    7.5000  -22.5000 2731.9233   10.6692
   -7.5000   15.0000  -22.5000 2742.1787   10.7823
    0.0000   15.0000  -22.5000 2758.9668   10.6741
    7.5000   15.0000  -22.5000 2746.6179   10.7385
   -7.5000   22.5000  -22.5000 2728.4663   11.1507
    0.0000   22.5000  -22.5000 2756.9585   11.0075
    7.5000   22.5000  -22.5000 2732.3357   11.1028
   -7.5000   30.0000  -22.5000 2684.6819   11.6465
    0.0000   30.0000  -22.5000 2715.5752   11.4870
    7.5000   30.0000  -22.5000 2696.8909   11.5739
   -7.5000   37.5000  -22.5000 2613.1833   12.3164
    0.0000   37.5000  -22.5000 2644.0210   12.1502
    7.5000   37.5000  -22.5000 2630.0413   12.2483
   -7.5000   45.0000  -22.5000 2509.5815   13.2338
    0.0000   45.0000  -22.5000 2536.7463   13.0969
    7.5000   45.0000  -22.5000 2527.4309   13.1988
   -7.5000  -45.0000  -15.0000 2066.1572   18.7133
    0.0000  -45.0000  -15.0000 2085.1562   18.5603
    7.5000  -45.0000  -15.0000 2079.0232   18.5858
   -7.5000  -37.5000  -15.0000 2203.7500   16.4729
    0.0000  -37.5000  -15.0000 2225.0908   16.2945
    7.5000  -37.5000  -15.0000 2217.4358   16.3428
   -7.5000  -30.0000  -15.0000 2333.7612   14.6338
    0.0000  -30.0000  -15.0000 2358.0793   14.4824
    7.5000  -30.0000  -15.0000 2353.4177   14.5198
   -7.5000  -22.5000  -15.0000 2455.8904   13.2130
    0.0000  -22.5000  -15.0000 2480.4731   13.0527
    7.5000  -22.5000  -15.0000 2475.6929   13.0897
   -7.5000  -15.0000  -15.0000 2565.5872   12.0892
    0.0000  -15.0000  -15.0000 2593.5559   11.9592
    7.5000  -15.0000  -15.0000 2586.0798   11.9840
   -7.5000   -7.5000  -15.0000 2662.5618   11.2430
    0.0000   -7.5000  -15.0000 2692.2036   11.1211
    7.5000   -7.5000  -15.0000 2684.0669   11.1296
   -7.5000    0.0000  -15.0000 2735.5242   10.6433
    0.0000    0.0000  -15.0000 2765.6599   10.5453
    7.5000    0.0000  -15.0000 2757.8276   10.5180
   -7.5000    7.5000  -15.0000 2791.0706   10.3094
    0.0000    7.5000  -15.0000 2815.0364   10.1770
    7.5000    7.5000  -15.0000 2806.2729   10.1917
   -7.5000   15.0000  -15.0000 2826.9790   10.3085
    0.0000   15.0000  -15.0000 2845.1240   10.1806
    7.5000   15.0000  -15.0000 2833.7671   10.2281
   -7.5000   22.5000  -15.0000 2820.3655   10.6851
    0.0000   22.5000  -15.0000 2844.9321   10.5276
    7.5000   22.5000  -15.0000 2827.4072   10.5939
   -7.5000   30.0000  -15.0000 2772.7512   11.1655
    0.0000   30.0000  -15.0000 2802.4795   10.9901
    7.5000   30.0000  -15.0000 2785.7378   11.0792
   -7.5000   37.5000  -15.0000 2694.1245   11.8110
    0.0000   37.5000  -15.0000 2722.7266   11.6364
    7.5000   37.5000  -15.0000 2709.5408   11.7542
   -7.5000   45.0000  -15.0000 2587.8730   12.7028
    0.0000   45.0000  -15.0000 2611.4631   12.5275
    7.5000   45.0000  -15.0000 2602.8318   12.6687
   -7.5000  -45.0000   -7.5000 2075.1506   18.4754
    0.0000  -45.0000   -7.5000 2095.7056   18.2751
    7.5000  -45.0000   -7.5000 2083.9387   18.3117
   -7.5000  -37.5000   -7.5000 2212.6846   16.1785
    0.0000  -37.5000   -7.5000 2234.3950   15.9705
    7.5000  -37.5000   -7.5000 2230.2524   16.0415
   -7.5000  -30.0000   -7.5000 2345.1702   14.3458
    0.0000  -30.0000   -7.5000 2365.9319   14.1507
    7.5000  -30.0000   -7.5000 2363.2029   14.2370
   -7.5000  -22.5000   -7.5000 2467.1133   12.9379
    0.0000  -22.5000   -7.5000 2483.8403   12.7363
    7.5000  -22.5000   -7.5000 2481.9792   12.8117
   -7.5000  -15.0000   -7.5000 2579.6675   11.8369
    0.0000  -15.0000   -7.5000 2599.5935   11.6752
    7.5000  -15.0000   -7.5000 2596.7288   11.7171
   -7.5000   -7.5000   -7.5000 2684.3289   10.9737
    0.0000   -7.5000   -7.5000 2707.1357   10.8508
    7.5000   -7.5000   -7.5000 2704.2930   10.8741
   -7.5000    0.0000   -7.5000 2776.6921   10.3773
    0.0000    0.0000   -7.5000 2804.4441   10.2848
    7.5000    0.0000   -7.5000 2795.9258   10.2794
   -7.5000    7.5000   -7.5000 2845.8840   10.0208
    0.0000    7.5000   -7.5000 2879.8513    9.8825
    7.5000    7.5000   -7.5000 2863.2456    9.9109
   -7.5000   15.0000   -7.5000 2889.1089    9.9779
    0.0000   15.0000   -7.5000 2916.0439    9.8234
    7.5000   15.0000   -7.5000 2897.9260    9.8831
   -7.5000   22.5000   -7.5000 2890.5193   10.3101
    0.0000   22.5000   -7.5000 2915.8181   10.1635
    7.5000   22.5000   -7.5000 2894.0530   10.2050
   -7.5000   30.0000   -7.5000 2838.1963   10.7751
    0.0000   30.0000   -7.5000 2866.4792   10.6130
    7.5000   30.0000   -7.5000 2844.4268   10.7049
   -7.5000   37.5000   -7.5000 2754.4768   11.3890
    0.0000   37.5000   -7.5000 2780.2832   11.1939
    7.5000   37.5000   -7.5000 2765.7009   11.3466
   -7.5000   45.0000   -7.5000 2639.7629   12.2938
    0.0000   45.0000   -7.5000 2664.4609   12.0841
    7.5000   45.0000   -7.5000 2652.8149   12.2697
   -7.5000  -45.0000    0.0000 2058.9714   18.5327
    0.0000  -45.0000    0.0000 2074.9226   18.3341
    7.5000  -45.0000    0.0000 2067.3823   18.3410
   -7.5000  -37.5000    0.0000 2202.2334   16.0776
    0.0000  -37.5000    0.0000 2219.8357   15.9379
    7.5000  -37.5000    0.0000 2212.9248   15.9767
   -7.5000  -30.0000    0.0000 2330.5420   14.2179
    0.0000  -30.0000    0.0000 2343.2925   14.0790
    7.5000  -30.0000    0.0000 2341.1174   14.1520
   -7.5000  -22.5000    0.0000 2452.5908   12.8101
    0.0000  -22.5000    0.0000 2462.2700   12.6716
    7.5000  -22.5000    0.0000 2460.4919   12.7129
   -7.5000  -15.0000    0.0000 2568.2927   11.7160
    0.0000  -15.0000    0.0000 2581.2524   11.6069
    7.5000  -15.0000    0.0000 2578.7954   11.6179
   -7.5000   -7.5000    0.0000 2684.6577   10.9090
    0.0000   -7.5000    0.0000 2700.6335   10.8338
    7.5000   -7.5000    0.0000 2697.3020   10.8132
   -7.5000    0.0000    0.0000 2792.8872   10.3483
    0.0000    0.0000    0.0000 2825.8716   10.3446
    7.5000    0.0000    0.0000 2804.3003   10.2562
   -7.5000    7.5000    0.0000 2878.5920    9.9476
    0.0000    7.5000    0.0000 2927.0898    9.9721
    7.5000    7.5000    0.0000 2887.8362    9.8714
   -7.5000   15.0000    0.0000 2931.9238    9.8086
    0.0000   15.0000    0.0000 2980.5715    9.7518
    7.5000   15.0000    0.0000 2930.8369    9.7211
   -7.5000   22.5000    0.0000 2935.6387   10.0318
    0.0000   22.5000    0.0000 2979.6907    9.9839
    7.5000   22.5000    0.0000 2925.8726    9.9729
   -7.5000   30.0000    0.0000 2871.7095   10.4731
    0.0000   30.0000    0.0000 2906.9221   10.3888
    7.5000   30.0000    0.0000 2868.7598   10.4331
   -7.5000   37.5000    0.0000 2781.5596   11.1124
    0.0000   37.5000    0.0000 2815.9644   11.0131
    7.5000   37.5000    0.0000 2788.6428   11.0742
   -7.5000   45.0000    0.0000 2664.4285   11.9968
    0.0000   45.0000    0.0000 2694.7822   11.9097
    7.5000   45.0000    0.0000 2674.0911   11.9804
   -7.5000  -45.0000    7.5000 2023.0958   18.9278
    0.0000  -45.0000    7.5000 2036.5793   18.7968
    7.5000  -45.0000    7.5000 2035.4990   18.8466
   -7.5000  -37.5000    7.5000 2179.7759   16.3781
    0.0000  -37.5000    7.5000 2187.9619   16.2530
    7.5000  -37.5000    7.5000 2187.0227   16.3665
   -7.5000  -30.0000    7.5000 2310.1406   14.4231
    0.0000  -30.0000    7.5000 2315.1882   14.3306
    7.5000  -30.0000    7.5000 2318.2034   14.4515
   -7.5000  -22.5000    7.5000 2430.9856   12.9490
    0.0000  -22.5000    7.5000 2435.0054   12.8719
    7.5000  -22.5000    7.5000 2436.5378   12.9373
   -7.5000  -15.0000    7.5000 2547.6904   11.8407
    0.0000  -15.0000    7.5000 2562.3210   11.7914
    7.5000  -15.0000    7.5000 2556.6682   11.8094
   -7.5000   -7.5000    7.5000 2670.8940   11.0204
    0.0000   -7.5000    7.5000 2697.7112   11.0307
    7.5000   -7.5000    7.5000 2682.6018   10.9838
   -7.5000    0.0000    7.5000 2781.7737   10.4689
    0.0000    0.0000    7.5000 2828.6453   10.5685
    7.5000    0.0000    7.5000 2793.8071   10.4367
   -7.5000    7.5000    7.5000 2871.9575   10.0203
    0.0000    7.5000    7.5000 2935.9626   10.2003
    7.5000    7.5000    7.5000 2888.1626   10.0515
   -7.5000   15.0000    7.5000 2937.6199    9.8262
    0.0000   15.0000    7.5000 3002.2212    9.9294
    7.5000   15.0000    7.5000 2940.7688    9.8551
   -7.5000   22.5000    7.5000 2948.0430    9.9180
    0.0000   22.5000    7.5000 2996.3003    9.8956
    7.5000   22.5000    7.5000 2937.8225    9.9375
   -7.5000   30.0000    7.5000 2889.9617   10.3705
    0.0000   30.0000    7.5000 2925.2659   10.2837
    7.5000   30.0000    7.5000 2881.4146   10.3517
   -7.5000   37.5000    7.5000 2786.8845   11.0694
    0.0000   37.5000    7.5000 2814.4019   10.9583
    7.5000   37.5000    7.5000 2791.6179   11.0439
   -7.5000   45.0000    7.5000 2667.0923   11.9930
    0.0000   45.0000    7.5000 2692.0818   11.8678
    7.5000   45.0000    7.5000 2676.2485   11.9794
   -7.5000  -45.0000   15.0000 1975.8323   19.5862
    0.0000  -45.0000   15.0000 1993.9138   19.5991
    7.5000  -45.0000   15.0000 1984.4448   19.6180
   -7.5000  -37.5000   15.0000 2139.8267   16.9102
    0.0000  -37.5000   15.0000 2156.7900   16.9006
    7.5000  -37.5000   15.0000 2146.7898   16.9974
   -7.5000  -30.0000   15.0000 2273.5110   14.8808
    0.0000  -30.0000   15.0000 2283.7593   14.8988
    7.5000  -30.0000   15.0000 2279.5989   15.0123
   -7.5000  -22.5000   15.0000 2400.2512   13.3679
    0.0000  -22.5000   15.0000 2410.5303   13.3393
    7.5000  -22.5000   15.0000 2404.3811   13.4759
   -7.5000  -15.0000   15.0000 2515.2122   12.2096
    0.0000  -15.0000   15.0000 2529.7239   12.1853
    7.5000  -15.0000   15.0000 2523.7798   12.3023
   -7.5000   -7.5000   15.0000 2640.3320   11.3653
    0.0000   -7.5000   15.0000 2656.4414   11.3383
    7.5000   -7.5000   15.0000 2652.0461   11.4429
   -7.5000    0.0000   15.0000 2752.1460   10.7695
    0.0000    0.0000   15.0000 2780.8867   10.7830
    7.5000    0.0000   15.0000 2764.8794   10.8208
   -7.5000    7.5000   15.0000 2842.0603   10.3171
    0.0000    7.5000   15.0000 2885.9565   10.3524
    7.5000    7.5000   15.0000 2861.7668   10.3845
   -7.5000   15.0000   15.0000 2893.4211   10.1142
    0.0000   15.0000   15.0000 2940.9858   10.0285
    7.5000   15.0000   15.0000 2908.8752   10.1731
   -7.5000   22.5000   15.0000 2906.7869   10.2084
    0.0000   22.5000   15.0000 2951.8650   10.1210
    7.5000   22.5000   15.0000 2908.6213   10.2314
   -7.5000   30.0000   15.0000 2860.3555   10.6397
    0.0000   30.0000   15.0000 2894.4241   10.5677
    7.5000   30.0000   15.0000 2849.5740   10.6534
   -7.5000   37.5000   15.0000 2757.0186   11.3007
    0.0000   37.5000   15.0000 2784.7971   11.1986
    7.5000   37.5000   15.0000 2760.6189   11.3031
   -7.5000   45.0000   15.0000 2638.0234   12.1945
    0.0000   45.0000   15.0000 2660.0364   12.0559
    7.5000   45.0000   15.0000 2652.1179   12.1709
   -7.5000  -45.0000   22.5000 1930.3235   20.7419
    0.0000  -45.0000   22.5000 1946.6907   20.7203
    7.5000  -45.0000   22.5000 1938.5170   20.8508
   -7.5000  -37.5000   22.5000 2092.8486   17.8329
    0.0000  -37.5000   22.5000 2105.7927   17.7639
    7.5000  -37.5000   22.5000 2102.7429   18.0129
   -7.5000  -30.0000   22.5000 2237.6543   15.6021
    0.0000  -30.0000   22.5000 2243.7883   15.5049
    7.5000  -30.0000   22.5000 2242.3059   15.8003
   -7.5000  -22.5000   22.5000 2364.4775   13.9483
    0.0000  -22.5000   22.5000 2373.7539   13.8257
    7.5000  -22.5000   22.5000 2370.6653   14.1503
   -7.5000  -15.0000   22.5000 2478.6404   12.7231
    0.0000  -15.0000   22.5000 2490.4199   12.5877
    7.5000  -15.0000   22.5000 2489.3438   12.9031
   -7.5000   -7.5000   22.5000 2598.5901   11.8686
    0.0000   -7.5000   22.5000 2615.6790   11.7120
    7.5000   -7.5000   22.5000 2613.9060   11.9571
   -7.5000    0.0000   22.5000 2705.9021   11.2186
    0.0000    0.0000   22.5000 2725.8530   11.0643
    7.5000    0.0000   22.5000 2720.9480   11.2750
   -7.5000    7.5000   22.5000 2791.8289   10.7236
    0.0000    7.5000   22.5000 2817.7139   10.5675
    7.5000    7.5000   22.5000 2801.5564   10.7836
   -7.5000   15.0000   22.5000 2831.1040   10.5344
    0.0000   15.0000   22.5000 2859.9990   10.3225
    7.5000   15.0000   22.5000 2839.7380   10.5704
   -7.5000   22.5000   22.5000 2837.5627   10.6383
    0.0000   22.5000   22.5000 2871.3811   10.4422
    7.5000   22.5000   22.5000 2849.3623   10.6120
   -7.5000   30.0000   22.5000 2797.1477   11.0796
    0.0000   30.0000   22.5000 2825.6191   10.9128
    7.5000   30.0000   22.5000 2795.5029   11.0375
   -7.5000   37.5000   22.5000 2710.4351   11.7595
    0.0000   37.5000   22.5000 2732.6768   11.5951
    7.5000   37.5000   22.5000 2707.6997   11.7412
   -7.5000   45.0000   22.5000 2593.1484   12.6420
    0.0000   45.0000   22.5000 2613.0061   12.4947
    7.5000   45.0000   22.5000 2602.7444   12.6298
   -7.5000  -45.0000   30.0000 1871.8680   21.9314
    0.0000  -45.0000   30.0000 1886.6766   21.8420
    7.5000  -45.0000   30.0000 1886.6345   22.1836
   -7.5000  -37.5000   30.0000 2035.9026   18.7729
    0.0000  -37.5000   30.0000 2045.9996   18.6379
    7.5000  -37.5000   30.0000 2049.0193   19.0646
   -7.5000  -30.0000   30.0000 2182.5032   16.3831
    0.0000  -30.0000   30.0000 2192.0281   16.2162
    7.5000  -30.0000   30.0000 2191.7192   16.7056
   -7.5000  -22.5000   30.0000 2314.6216   14.6534
    0.0000  -22.5000   30.0000 2326.7791   14.4454
    7.5000  -22.5000   30.0000 2322.7578   14.9295
   -7.5000  -15.0000   30.0000 2431.6870   13.3958
    0.0000  -15.0000   30.0000 2444.6892   13.1775
    7.5000  -15.0000   30.0000 2444.0171   13.6065
   -7.5000   -7.5000   30.0000 2549.3093   12.4819
    0.0000   -7.5000   30.0000 2563.0586   12.2749
    7.5000   -7.5000   30.0000 2560.4922   12.6135
   -7.5000    0.0000   30.0000 2647.2930   11.7737
    0.0000    0.0000   30.0000 2662.1094   11.5666
    7.5000    0.0000   30.0000 2657.3545   11.8667
   -7.5000    7.5000   30.0000 2720.8413   11.2746
    0.0000    7.5000   30.0000 2737.3582   11.0594
    7.5000    7.5000   30.0000 2725.4446   11.3800
   -7.5000   15.0000   30.0000 2754.0847   11.0968
    0.0000   15.0000   30.0000 2767.0781   10.8716
    7.5000   15.0000   30.0000 2756.9338   11.1508
   -7.5000   22.5000   30.0000 2746.7444   11.2317
    0.0000   22.5000   30.0000 2770.7449   11.0058
    7.5000   22.5000   30.0000 2758.5308   11.1824
   -7.5000   30.0000   30.0000 2711.6270   11.6333
    0.0000   30.0000   30.0000 2734.1980   11.4294
    7.5000   30.0000   30.0000 2711.8467   11.5671
   -7.5000   37.5000   30.0000 2640.0156   12.2905
    0.0000   37.5000   30.0000 2656.8340   12.0735
    7.5000   37.5000   30.0000 2637.3479   12.2215
   -7.5000   45.0000   30.0000 2534.8220   13.1737
    0.0000   45.0000   30.0000 2548.0952   12.9870
    7.5000   45.0000   30.0000 2538.1780   13.1576
   -7.5000  -45.0000   37.5000 1814.8986   23.2650
    0.0000  -45.0000   37.5000 1827.2137   23.1648
    7.5000  -45.0000   37.5000 1826.0996   23.6462
   -7.5000  -37.5000   37.5000 1978.6821   19.8078
    0.0000  -37.5000   37.5000 1987.7797   19.6725
    7.5000  -37.5000   37.5000 1988.0280   20.2165
   -7.5000  -30.0000   37.5000 2130.4836   17.2709
    0.0000  -30.0000   37.5000 2139.0940   17.0876
    7.5000  -30.0000   37.5000 2134.2175   17.6691
   -7.5000  -22.5000   37.5000 2265.2185   15.5197
    0.0000  -22.5000   37.5000 2275.7373   15.2719
    7.5000  -22.5000   37.5000 2266.9258   15.8192
   -7.5000  -15.0000   37.5000 2382.8462   14.2135
    0.0000  -15.0000   37.5000 2395.8164   13.9714
    7.5000  -15.0000   37.5000 2386.3145   14.4260
   -7.5000   -7.5000   37.5000 2489.4988   13.2580
    0.0000   -7.5000   37.5000 2503.5396   13.0024
    7.5000   -7.5000   37.5000 2493.3906   13.3967
   -7.5000    0.0000   37.5000 2574.8843   12.5178
    0.0000    0.0000   37.5000 2592.4309   12.2907
    7.5000    0.0000   37.5000 2584.1438   12.6238
   -7.5000    7.5000   37.5000 2637.8284   12.0136
    0.0000    7.5000   37.5000 2654.8518   11.7874
    7.5000    7.5000   37.5000 2641.2058   12.1307
   -7.5000   15.0000   37.5000 2661.2539   11.8330
    0.0000   15.0000   37.5000 2675.2700   11.6185
    7.5000   15.0000   37.5000 2669.3713   11.9074
   -7.5000   22.5000   37.5000 2654.8369   11.9607
    0.0000   22.5000   37.5000 2673.5669   11.7622
    7.5000   22.5000   37.5000 2665.5842   11.9441
   -7.5000   30.0000   37.5000 2623.5791   12.3467
    0.0000   30.0000   37.5000 2643.1436   12.1471
    7.5000   30.0000   37.5000 2627.4729   12.3081
   -7.5000   37.5000   37.5000 2559.7036   12.9630
    0.0000   37.5000   37.5000 2575.8777   12.7654
    7.5000   37.5000   37.5000 2556.9062   12.9362
   -7.5000   45.0000   37.5000 2467.3713   13.7989
    0.0000   45.0000   37.5000 2481.1309   13.6296
    7.5000   45.0000   37.5000 2465.6519   13.7987
   -7.5000  -45.0000   45.0000 1742.5999   24.9267
    0.0000  -45.0000   45.0000 1759.1425   24.8323
    7.5000  -45.0000   45.0000 1756.9435   25.3738
   -7.5000  -37.5000   45.0000 1917.4434   21.1159
    0.0000  -37.5000   45.0000 1927.7651   21.0247
    7.5000  -37.5000   45.0000 1922.2008   21.6887
   -7.5000  -30.0000   45.0000 2068.1672   18.4359
    0.0000  -30.0000   45.0000 2082.2600   18.2995
    7.5000  -30.0000   45.0000 2069.8896   18.8854
   -7.5000  -22.5000   45.0000 2201.5459   16.5865
    0.0000  -22.5000   45.0000 2217.2551   16.3965
    7.5000  -22.5000   45.0000 2199.0166   16.8939
   -7.5000  -15.0000   45.0000 2317.3584   15.2321
    0.0000  -15.0000   45.0000 2332.9050   14.9966
    7.5000  -15.0000   45.0000 2313.4070   15.4485
   -7.5000   -7.5000   45.0000 2414.7109   14.2241
    0.0000   -7.5000   45.0000 2432.9556   13.9878
    7.5000   -7.5000   45.0000 2414.5056   14.3625
   -7.5000    0.0000   45.0000 2491.1316   13.4530
    0.0000    0.0000   45.0000 2511.0867   13.2368
    7.5000    0.0000   45.0000 2494.2195   13.5771
   -7.5000    7.5000   45.0000 2540.0842   12.9301
    0.0000    7.5000   45.0000 2560.6096   12.7452
    7.5000    7.5000   45.0000 2545.0754   13.0595
   -7.5000   15.0000   45.0000 2559.2751   12.7668
    0.0000   15.0000   45.0000 2578.5784   12.5912
    7.5000   15.0000   45.0000 2570.8059   12.8480
   -7.5000   22.5000   45.0000 2553.0627   12.8689
    0.0000   22.5000   45.0000 2574.5640   12.7135
    7.5000   22.5000   45.0000 2565.2759   12.8838
   -7.5000   30.0000   45.0000 2519.7708   13.2505
    0.0000   30.0000   45.0000 2538.5962   13.0831
    7.5000   30.0000   45.0000 2524.9595   13.2450
   -7.5000   37.5000   45.0000 2471.8252   13.8257
    0.0000   37.5000   45.0000 2492.6072   13.6674
    7.5000   37.5000   45.0000 2467.7405   13.8241
   -7.5000   45.0000   45.0000 2382.9548   14.6448
    0.0000   45.0000   45.0000 2404.9141   14.5017
    7.5000   45.0000   45.0000 2385.8210   14.6411

---------------------------------------------------------------------
imgreg_4dfp /opt/freesurfer/average/711-2C_as_mni_average_305 /opt/freesurfer/average/711-2B_as_mni_average_305_mask talsrcimg_g11 none talsrcimg_to_711-2C_as_mni_average_305_t4 1283
---------------------------------------------------------------------

freesurfer imgreg_4dfp.c
/opt/freesurfer/average/711-2C_as_mni_average_305.4dfp.img
       256       256       256         1
  1.000000  1.000000  1.000000
orientation T byte_order littleendian
Reading image: /opt/freesurfer/average/711-2C_as_mni_average_305.4dfp.img
dimensions:      256       256       256
mmppix:       1.0000   -1.0000   -1.0000
center:     128.0000 -129.0000 -129.0000
/opt/freesurfer/average/711-2B_as_mni_average_305_mask.4dfp.img
       256       256       256         1
  1.000000  1.000000  1.000000
orientation T byte_order littleendian
Reading mask: /opt/freesurfer/average/711-2B_as_mni_average_305_mask.4dfp.img (2306576 pixels)
talsrcimg_g11.4dfp.img
       256       256       256         1
  1.000000  1.000000  1.000000
orientation T byte_order littleendian
Reading image: talsrcimg_g11.4dfp.img
dimensions:      256       256       256
mmppix:       1.0000   -1.0000   -1.0000
center:     128.0000 -129.0000 -129.0000
rotation matrix determinant  1.000000
fimgreg.f
image alignment mode   1283 decimal      503 hex
parameters
    0.0000   15.0000    7.5000    0.0000    0.0000    0.0000
eta,q 0.94177  9.93640
niter,ni,del,rscale     5    3   12.0000    1.2000
parameter  3  0.666734 ->  0.500000 qaram    1.1500
parameter  4  1.088611 ->  0.500000 qaram    1.1500
parameters
    0.3760   17.0798    4.0500   -3.4500    0.6131   -2.0661
eta,q 0.95173  9.67797
  0.0743  0.0742  0.0559  0.0499  0.0605  0.0509
  0.0671  0.0665  0.0530  0.0488  0.0552  0.0489
  0.0613  0.0606  0.0541  0.0500  0.0509  0.0483
  0.0576  0.0571  0.0569  0.0533  0.0490  0.0491
  0.0587  0.0570  0.0600  0.0563  0.0496  0.0511
  0.0639  0.0578  0.0632  0.0598  0.0524  0.0543
  0.0715  0.0602  0.0671  0.0628  0.0567  0.0589
niter,ni,del,rscale     6    3   12.0000    1.2000
parameters
    0.0359   17.6601    4.3957   -5.3397    1.7135   -2.1291
eta,q 0.95121  9.74900
  0.0663  0.0631  0.0641  0.0516  0.0601  0.0530
  0.0583  0.0537  0.0576  0.0513  0.0554  0.0506
  0.0514  0.0486  0.0511  0.0496  0.0519  0.0492
  0.0483  0.0483  0.0489  0.0491  0.0495  0.0488
  0.0526  0.0508  0.0518  0.0510  0.0488  0.0494
  0.0620  0.0534  0.0565  0.0545  0.0508  0.0508
  0.0701  0.0559  0.0607  0.0587  0.0550  0.0531
niter,ni,del,rscale     5    3   12.0000    1.2000
parameters
   -0.3664   18.7246    4.1139   -6.9564    2.6081   -2.5763
eta,q 0.95139  9.75568
  0.0662  0.0618  0.0608  0.0512  0.0596  0.0517
  0.0580  0.0539  0.0547  0.0505  0.0553  0.0500
  0.0516  0.0491  0.0498  0.0491  0.0513  0.0490
  0.0488  0.0488  0.0494  0.0492  0.0490  0.0486
  0.0536  0.0499  0.0525  0.0499  0.0489  0.0496
  0.0627  0.0511  0.0562  0.0525  0.0510  0.0508
  0.0700  0.0534  0.0618  0.0567  0.0555  0.0525
niter,ni,del,rscale     4    3   12.0000    1.2000
parameters
   -0.6282   19.5624    3.7909   -7.3341    3.0451   -2.6510
eta,q 0.95182  9.71907
  0.0663  0.0582  0.0603  0.0533  0.0581  0.0526
  0.0580  0.0532  0.0540  0.0510  0.0537  0.0504
  0.0517  0.0502  0.0492  0.0494  0.0501  0.0488
  0.0486  0.0487  0.0486  0.0484  0.0483  0.0482
  0.0525  0.0490  0.0513  0.0495  0.0484  0.0492
  0.0611  0.0504  0.0555  0.0514  0.0511  0.0508
  0.0689  0.0540  0.0622  0.0548  0.0564  0.0526
niter,ni,del,rscale     3    3   12.0000    1.2000
parameters
   -0.7876   19.6900    3.6958   -7.4037    3.2233   -2.6532
eta,q 0.95191  9.71073
  0.0657  0.0560  0.0611  0.0539  0.0576  0.0529
  0.0574  0.0524  0.0548  0.0513  0.0531  0.0506
  0.0512  0.0497  0.0495  0.0495  0.0498  0.0488
  0.0482  0.0482  0.0482  0.0482  0.0482  0.0481
  0.0517  0.0490  0.0506  0.0493  0.0486  0.0492
  0.0595  0.0512  0.0550  0.0512  0.0516  0.0508
  0.0670  0.0561  0.0617  0.0545  0.0573  0.0526
niter,ni,del,rscale     2    3   12.0000    1.2000
parameters
   -0.8572   19.7389    3.6686   -7.4313    3.2987   -2.6416
eta,q 0.95193  9.70771
  0.0661  0.0558  0.0614  0.0541  0.0573  0.0530
  0.0577  0.0523  0.0551  0.0515  0.0528  0.0506
  0.0513  0.0496  0.0497  0.0495  0.0496  0.0488
  0.0481  0.0481  0.0481  0.0481  0.0481  0.0481
  0.0514  0.0489  0.0504  0.0493  0.0486  0.0491
  0.0590  0.0512  0.0549  0.0513  0.0518  0.0508
  0.0664  0.0564  0.0616  0.0545  0.0576  0.0527
niter,ni,del,rscale     1    3   12.0000    1.2000
parameters
   -0.8865   19.7588    3.6602   -7.4432    3.3295   -2.6328
eta,q 0.95194  9.70661
  0.0663  0.0558  0.0615  0.0542  0.0572  0.0530
  0.0578  0.0523  0.0551  0.0515  0.0527  0.0506
  0.0514  0.0496  0.0497  0.0495  0.0496  0.0488
  0.0481  0.0481  0.0481  0.0481  0.0481  0.0481
  0.0512  0.0489  0.0504  0.0493  0.0487  0.0491
  0.0588  0.0513  0.0548  0.0513  0.0519  0.0508
  0.0662  0.0565  0.0615  0.0545  0.0578  0.0527
registration optimization eta report
parameter search radius
    6.0000    6.0000    6.9000    6.9000    6.0000    6.0000
100000*second partial in parameter space
       48.       22.       28.       12.       26.       13.
  0.0663  0.0558  0.0615  0.0542  0.0572  0.0530
  0.0578  0.0523  0.0551  0.0515  0.0527  0.0506
  0.0514  0.0496  0.0497  0.0495  0.0496  0.0488
  0.0481  0.0481  0.0481  0.0481  0.0481  0.0481
  0.0512  0.0489  0.0504  0.0493  0.0487  0.0491
  0.0588  0.0513  0.0548  0.0513  0.0519  0.0508
  0.0662  0.0565  0.0615  0.0545  0.0578  0.0527
   -0.8865   19.7588    3.6602   -7.4432    3.3295   -2.6328
eta,q 0.95194  9.70661

---------------------------------------------------------------------
imgreg_4dfp /opt/freesurfer/average/711-2C_as_mni_average_305 /opt/freesurfer/average/711-2B_as_mni_average_305_mask talsrcimg_g11 none talsrcimg_to_711-2C_as_mni_average_305_t4 3335
---------------------------------------------------------------------

freesurfer imgreg_4dfp.c
/opt/freesurfer/average/711-2C_as_mni_average_305.4dfp.img
       256       256       256         1
  1.000000  1.000000  1.000000
orientation T byte_order littleendian
Reading image: /opt/freesurfer/average/711-2C_as_mni_average_305.4dfp.img
dimensions:      256       256       256
mmppix:       1.0000   -1.0000   -1.0000
center:     128.0000 -129.0000 -129.0000
/opt/freesurfer/average/711-2B_as_mni_average_305_mask.4dfp.img
       256       256       256         1
  1.000000  1.000000  1.000000
orientation T byte_order littleendian
Reading mask: /opt/freesurfer/average/711-2B_as_mni_average_305_mask.4dfp.img (2306576 pixels)
talsrcimg_g11.4dfp.img
       256       256       256         1
  1.000000  1.000000  1.000000
orientation T byte_order littleendian
Reading image: talsrcimg_g11.4dfp.img
dimensions:      256       256       256
mmppix:       1.0000   -1.0000   -1.0000
center:     128.0000 -129.0000 -129.0000
fimgreg.f
image alignment mode   3335 decimal      D07 hex
parameters
   -0.8865   19.7588    3.6602   -0.2742   -0.9818   -1.0100
    5.3063   -5.1578   -4.5857   13.2051    5.8078  -12.9324
eta,q 0.95279  9.81647
niter,ni,del,rscale     5    3    5.0000    1.2000
parameter  4  0.923329 ->  0.500000 qaram    1.1500
parameter  5  3.845447 ->  0.500000 qaram    1.1500
parameter  6  0.884329 ->  0.500000 qaram    1.1500
parameter 12 -0.786205 -> -0.500000 qaram    1.1500
parameters
   -0.8341   20.0950    3.2100   -4.4142   -5.1218   -5.1500
    5.5357   -4.0986   -2.6041   13.9388    3.2968   -8.7924
eta,q 0.96722  9.66442
  0.0513  0.0497  0.0483  0.0429  0.0341  0.0341  0.0369  0.0403  0.0376  0.0383  0.0344  0.0381
  0.0492  0.0485  0.0475  0.0431  0.0369  0.0341  0.0355  0.0373  0.0360  0.0361  0.0338  0.0362
  0.0478  0.0476  0.0472  0.0442  0.0400  0.0350  0.0346  0.0353  0.0348  0.0345  0.0337  0.0347
  0.0472  0.0472  0.0472  0.0471  0.0432  0.0378  0.0342  0.0342  0.0341  0.0339  0.0339  0.0337
  0.0476  0.0473  0.0476  0.0520  0.0470  0.0422  0.0345  0.0342  0.0339  0.0340  0.0344  0.0330
  0.0489  0.0478  0.0484  0.0577  0.0511  0.0469  0.0353  0.0353  0.0343  0.0349  0.0354  0.0327
  0.0509  0.0486  0.0495  0.0631  0.0553  0.0523  0.0366  0.0377  0.0351  0.0369  0.0367  0.0327
niter,ni,del,rscale     7    3    5.0000    1.2000
parameter  3  0.509558 ->  0.500000 qaram    1.1500
parameter  5  1.192286 ->  0.500000 qaram    1.3225
parameters
   -0.7018   19.5833    1.8300   -6.4219   -9.8828   -8.5637
    5.4423   -2.8447   -2.5762   13.6592    3.5921   -7.8742
eta,q 0.97145  9.35944
  0.0361  0.0338  0.0327  0.0343  0.0280  0.0293  0.0308  0.0327  0.0306  0.0314  0.0295  0.0303
  0.0343  0.0330  0.0322  0.0333  0.0285  0.0289  0.0297  0.0309  0.0295  0.0300  0.0290  0.0295
  0.0332  0.0327  0.0322  0.0327  0.0299  0.0287  0.0290  0.0296  0.0288  0.0290  0.0287  0.0289
  0.0328  0.0328  0.0327  0.0321  0.0325  0.0287  0.0287  0.0287  0.0286  0.0286  0.0286  0.0286
  0.0330  0.0332  0.0335  0.0326  0.0353  0.0303  0.0290  0.0286  0.0288  0.0290  0.0286  0.0286
  0.0339  0.0341  0.0345  0.0358  0.0386  0.0345  0.0297  0.0293  0.0295  0.0303  0.0289  0.0290
  0.0354  0.0355  0.0359  0.0416  0.0431  0.0398  0.0309  0.0308  0.0306  0.0320  0.0294  0.0297
niter,ni,del,rscale     7    3    5.0000    1.2000
parameter  5  0.593918 ->  0.500000 qaram    1.5209
parameters
   -0.6182   19.0610    2.3375   -5.6471  -15.3580   -9.1263
    5.0782   -2.8257   -2.9841   13.8899    3.8242   -8.4995
eta,q 0.97288  9.17614
  0.0311  0.0300  0.0308  0.0312  0.0276  0.0295  0.0290  0.0303  0.0285  0.0299  0.0280  0.0284
  0.0297  0.0289  0.0297  0.0300  0.0271  0.0282  0.0279  0.0288  0.0277  0.0283  0.0276  0.0276
  0.0289  0.0284  0.0288  0.0290  0.0273  0.0274  0.0273  0.0276  0.0272  0.0273  0.0273  0.0272
  0.0285  0.0285  0.0284  0.0283  0.0281  0.0271  0.0271  0.0271  0.0271  0.0271  0.0271  0.0271
  0.0288  0.0293  0.0283  0.0277  0.0305  0.0272  0.0275  0.0275  0.0274  0.0274  0.0272  0.0274
  0.0295  0.0305  0.0287  0.0282  0.0337  0.0281  0.0282  0.0286  0.0280  0.0281  0.0275  0.0280
  0.0308  0.0320  0.0295  0.0311  0.0371  0.0310  0.0294  0.0304  0.0288  0.0295  0.0279  0.0287
niter,ni,del,rscale     7    3    5.0000    1.2000
parameters
   -0.5834   18.9499    2.4486   -5.4096  -15.8333   -8.8057
    5.1140   -2.8836   -3.0464   13.9472    3.8030   -8.4985
eta,q 0.97303  9.18298
  0.0297  0.0291  0.0289  0.0296  0.0317  0.0299  0.0291  0.0301  0.0286  0.0297  0.0279  0.0285
  0.0283  0.0278  0.0280  0.0286  0.0292  0.0284  0.0280  0.0286  0.0277  0.0281  0.0274  0.0276
  0.0274  0.0272  0.0273  0.0278  0.0274  0.0275  0.0272  0.0274  0.0272  0.0271  0.0271  0.0271
  0.0271  0.0271  0.0271  0.0271  0.0270  0.0270  0.0270  0.0270  0.0270  0.0270  0.0270  0.0270
  0.0274  0.0275  0.0273  0.0266  0.0275  0.0269  0.0272  0.0273  0.0272  0.0273  0.0271  0.0272
  0.0282  0.0282  0.0278  0.0274  0.0295  0.0276  0.0280  0.0285  0.0278  0.0281  0.0274  0.0277
  0.0296  0.0293  0.0287  0.0303  0.0329  0.0299  0.0291  0.0304  0.0286  0.0296  0.0279  0.0284
niter,ni,del,rscale     6    3    5.0000    1.2000
parameters
   -0.6045   18.9418    2.4836   -5.4214  -15.8690   -8.8161
    5.1205   -2.8861   -3.0564   13.9168    3.8051   -8.4698
eta,q 0.97302  9.17971
  0.0295  0.0292  0.0288  0.0295  0.0320  0.0297  0.0291  0.0302  0.0286  0.0297  0.0279  0.0285
  0.0281  0.0279  0.0278  0.0285  0.0295  0.0283  0.0280  0.0286  0.0277  0.0280  0.0274  0.0276
  0.0273  0.0272  0.0272  0.0277  0.0275  0.0274  0.0272  0.0275  0.0272  0.0271  0.0271  0.0271
  0.0270  0.0270  0.0270  0.0270  0.0270  0.0270  0.0270  0.0270  0.0270  0.0270  0.0270  0.0270
  0.0273  0.0273  0.0272  0.0265  0.0274  0.0270  0.0272  0.0273  0.0272  0.0273  0.0271  0.0272
  0.0282  0.0280  0.0277  0.0275  0.0291  0.0277  0.0280  0.0284  0.0278  0.0281  0.0274  0.0277
  0.0296  0.0291  0.0287  0.0306  0.0324  0.0303  0.0291  0.0304  0.0286  0.0296  0.0279  0.0284
niter,ni,del,rscale     5    3    5.0000    1.2000
parameters
   -0.6050   18.9426    2.4908   -5.4165  -15.8693   -8.8170
    5.1219   -2.8869   -3.0523   13.9102    3.8013   -8.4601
eta,q 0.97303  9.17962
  0.0296  0.0292  0.0287  0.0295  0.0320  0.0297  0.0291  0.0302  0.0286  0.0297  0.0279  0.0285
  0.0282  0.0279  0.0278  0.0285  0.0295  0.0283  0.0279  0.0286  0.0277  0.0281  0.0274  0.0276
  0.0273  0.0272  0.0272  0.0277  0.0275  0.0274  0.0272  0.0275  0.0272  0.0271  0.0271  0.0271
  0.0270  0.0270  0.0270  0.0270  0.0270  0.0270  0.0270  0.0270  0.0270  0.0270  0.0270  0.0270
  0.0273  0.0273  0.0272  0.0265  0.0274  0.0270  0.0272  0.0273  0.0272  0.0273  0.0271  0.0272
  0.0281  0.0280  0.0278  0.0275  0.0291  0.0277  0.0280  0.0284  0.0278  0.0281  0.0274  0.0277
  0.0296  0.0291  0.0287  0.0306  0.0324  0.0303  0.0291  0.0304  0.0286  0.0296  0.0279  0.0284
registration optimization eta report
parameter search radius
    2.4000    2.4000    2.7600    8.2800   10.9503    8.2800
    7.2000    7.2000    7.2000    7.2000    7.2000    8.2800
100000*second partial in parameter space
       45.       38.       23.        5.        4.        5.
        4.        6.        3.        5.        2.        2.
  0.0296  0.0292  0.0287  0.0295  0.0320  0.0297  0.0291  0.0302  0.0286  0.0297  0.0279  0.0285
  0.0282  0.0279  0.0278  0.0285  0.0295  0.0283  0.0279  0.0286  0.0277  0.0281  0.0274  0.0276
  0.0273  0.0272  0.0272  0.0277  0.0275  0.0274  0.0272  0.0275  0.0272  0.0271  0.0271  0.0271
  0.0270  0.0270  0.0270  0.0270  0.0270  0.0270  0.0270  0.0270  0.0270  0.0270  0.0270  0.0270
  0.0273  0.0273  0.0272  0.0265  0.0274  0.0270  0.0272  0.0273  0.0272  0.0273  0.0271  0.0272
  0.0281  0.0280  0.0278  0.0275  0.0291  0.0277  0.0280  0.0284  0.0278  0.0281  0.0274  0.0277
  0.0296  0.0291  0.0287  0.0306  0.0324  0.0303  0.0291  0.0304  0.0286  0.0296  0.0279  0.0284
   -0.6050   18.9426    2.4908   -5.4165  -15.8693   -8.8170
    5.1219   -2.8869   -3.0523   13.9102    3.8013   -8.4601
eta,q 0.97303  9.17962

---------------------------------------------------------------------
imgreg_4dfp /opt/freesurfer/average/711-2C_as_mni_average_305 /opt/freesurfer/average/711-2B_as_mni_average_305_mask talsrcimg_g11 none talsrcimg_to_711-2C_as_mni_average_305_t4 2311
---------------------------------------------------------------------

freesurfer imgreg_4dfp.c
/opt/freesurfer/average/711-2C_as_mni_average_305.4dfp.img
       256       256       256         1
  1.000000  1.000000  1.000000
orientation T byte_order littleendian
Reading image: /opt/freesurfer/average/711-2C_as_mni_average_305.4dfp.img
dimensions:      256       256       256
mmppix:       1.0000   -1.0000   -1.0000
center:     128.0000 -129.0000 -129.0000
/opt/freesurfer/average/711-2B_as_mni_average_305_mask.4dfp.img
       256       256       256         1
  1.000000  1.000000  1.000000
orientation T byte_order littleendian
Reading mask: /opt/freesurfer/average/711-2B_as_mni_average_305_mask.4dfp.img (2306576 pixels)
talsrcimg_g11.4dfp.img
       256       256       256         1
  1.000000  1.000000  1.000000
orientation T byte_order littleendian
Reading image: talsrcimg_g11.4dfp.img
dimensions:      256       256       256
mmppix:       1.0000   -1.0000   -1.0000
center:     128.0000 -129.0000 -129.0000
fimgreg.f
image alignment mode   2311 decimal      907 hex
parameters
   -0.6050   18.9426    2.4908   -5.4165  -15.8693   -8.8170
    5.1219   -2.8869   -3.0523   13.9102    3.8013   -8.4601
eta,q 0.97303  9.17962
niter,ni,del,rscale     5    3    5.0000    0.8000
parameter  4 -0.538148 -> -0.500000 qaram    1.1500
parameters
   -0.5994   18.8773    2.4776   -2.6565  -15.7570   -7.6250
    5.1216   -2.9274   -3.0687   14.1054    3.3848   -8.4840
eta,q 0.97359  9.34035
  0.0282  0.0279  0.0276  0.0282  0.0274  0.0276  0.0276  0.0282  0.0272  0.0277  0.0269  0.0270
  0.0275  0.0273  0.0272  0.0278  0.0268  0.0271  0.0269  0.0273  0.0268  0.0269  0.0266  0.0267
  0.0271  0.0270  0.0270  0.0274  0.0265  0.0267  0.0265  0.0267  0.0265  0.0265  0.0265  0.0265
  0.0270  0.0270  0.0270  0.0270  0.0265  0.0265  0.0264  0.0264  0.0264  0.0264  0.0264  0.0264
  0.0271  0.0271  0.0270  0.0266  0.0266  0.0264  0.0265  0.0266  0.0265  0.0265  0.0265  0.0265
  0.0275  0.0275  0.0272  0.0265  0.0268  0.0265  0.0269  0.0272  0.0268  0.0268  0.0267  0.0267
  0.0281  0.0280  0.0276  0.0270  0.0272  0.0269  0.0275  0.0284  0.0272  0.0274  0.0271  0.0270
niter,ni,del,rscale     5    3    5.0000    0.8000
parameters
   -0.5999   18.8412    2.2945   -3.8979  -15.4068   -7.7511
    5.0661   -2.7665   -3.0867   14.1840    3.7349   -8.5357
eta,q 0.97345  9.31380
  0.0280  0.0274  0.0269  0.0276  0.0276  0.0273  0.0276  0.0283  0.0273  0.0277  0.0271  0.0271
  0.0271  0.0268  0.0266  0.0271  0.0269  0.0270  0.0270  0.0274  0.0269  0.0270  0.0268  0.0268
  0.0266  0.0265  0.0264  0.0267  0.0266  0.0267  0.0267  0.0268  0.0266  0.0267  0.0267  0.0266
  0.0264  0.0264  0.0264  0.0264  0.0265  0.0266  0.0266  0.0266  0.0266  0.0266  0.0266  0.0266
  0.0266  0.0266  0.0265  0.0268  0.0266  0.0266  0.0267  0.0267  0.0267  0.0267  0.0266  0.0266
  0.0272  0.0269  0.0268  0.0282  0.0268  0.0268  0.0270  0.0272  0.0269  0.0270  0.0267  0.0268
  0.0280  0.0274  0.0272  0.0306  0.0272  0.0276  0.0276  0.0282  0.0273  0.0277  0.0270  0.0271
niter,ni,del,rscale     4    3    5.0000    0.7000
parameters
   -0.6315   18.8017    2.3870   -3.9341  -15.5709   -7.5225
    5.0729   -2.7895   -3.1411   14.1579    3.6979   -8.5008
eta,q 0.97346  9.31468
  0.0276  0.0273  0.0271  0.0278  0.0271  0.0273  0.0273  0.0278  0.0271  0.0274  0.0269  0.0270
  0.0270  0.0268  0.0268  0.0273  0.0267  0.0270  0.0269  0.0272  0.0268  0.0269  0.0267  0.0267
  0.0267  0.0266  0.0266  0.0269  0.0265  0.0267  0.0266  0.0267  0.0266  0.0266  0.0266  0.0266
  0.0266  0.0266  0.0266  0.0266  0.0266  0.0266  0.0265  0.0265  0.0265  0.0265  0.0265  0.0265
  0.0267  0.0267  0.0266  0.0265  0.0267  0.0266  0.0266  0.0267  0.0266  0.0266  0.0266  0.0266
  0.0271  0.0269  0.0267  0.0270  0.0268  0.0267  0.0269  0.0271  0.0268  0.0269  0.0267  0.0267
  0.0277  0.0273  0.0270  0.0282  0.0271  0.0272  0.0273  0.0279  0.0272  0.0274  0.0270  0.0270
niter,ni,del,rscale     3    3    5.0000    0.6000
parameters
   -0.6422   18.7787    2.4212   -3.6152  -15.6906   -7.3408
    5.0798   -2.7813   -3.1435   14.1527    3.6070   -8.4800
eta,q 0.97353  9.32805
  0.0273  0.0271  0.0269  0.0276  0.0269  0.0270  0.0271  0.0274  0.0269  0.0271  0.0268  0.0268
  0.0269  0.0268  0.0267  0.0272  0.0266  0.0268  0.0267  0.0269  0.0267  0.0267  0.0266  0.0266
  0.0266  0.0266  0.0266  0.0269  0.0265  0.0266  0.0265  0.0266  0.0265  0.0265  0.0265  0.0265
  0.0265  0.0265  0.0265  0.0265  0.0265  0.0265  0.0265  0.0265  0.0265  0.0265  0.0265  0.0265
  0.0266  0.0266  0.0266  0.0264  0.0266  0.0265  0.0265  0.0266  0.0265  0.0265  0.0265  0.0265
  0.0269  0.0268  0.0267  0.0267  0.0267  0.0266  0.0267  0.0269  0.0267  0.0267  0.0266  0.0266
  0.0273  0.0271  0.0269  0.0276  0.0269  0.0270  0.0271  0.0275  0.0269  0.0271  0.0268  0.0268
niter,ni,del,rscale     2    3    5.0000    0.5000
parameters
   -0.6482   18.7692    2.4149   -3.3509  -15.8400   -7.1930
    5.0948   -2.7793   -3.1556   14.1588    3.5015   -8.5165
eta,q 0.97357  9.33743
  0.0270  0.0269  0.0267  0.0273  0.0267  0.0268  0.0269  0.0271  0.0268  0.0269  0.0266  0.0267
  0.0267  0.0266  0.0266  0.0270  0.0265  0.0266  0.0266  0.0267  0.0266  0.0266  0.0265  0.0265
  0.0265  0.0265  0.0265  0.0267  0.0264  0.0265  0.0265  0.0265  0.0265  0.0265  0.0264  0.0264
  0.0265  0.0265  0.0265  0.0265  0.0264  0.0264  0.0264  0.0264  0.0264  0.0264  0.0264  0.0264
  0.0265  0.0265  0.0265  0.0264  0.0265  0.0264  0.0265  0.0265  0.0265  0.0265  0.0265  0.0265
  0.0267  0.0267  0.0266  0.0266  0.0266  0.0265  0.0266  0.0267  0.0266  0.0266  0.0265  0.0265
  0.0270  0.0269  0.0267  0.0273  0.0267  0.0268  0.0269  0.0271  0.0268  0.0268  0.0267  0.0267
niter,ni,del,rscale     1    3    5.0000    0.4000
parameters
   -0.6457   18.7551    2.3968   -3.1045  -16.0327   -7.0817
    5.1211   -2.8018   -3.1670   14.1087    3.3570   -8.6256
eta,q 0.97361  9.34245
  0.0268  0.0267  0.0266  0.0271  0.0266  0.0266  0.0267  0.0268  0.0266  0.0267  0.0265  0.0265
  0.0266  0.0265  0.0265  0.0268  0.0264  0.0265  0.0265  0.0266  0.0265  0.0265  0.0264  0.0264
  0.0265  0.0264  0.0264  0.0266  0.0264  0.0264  0.0264  0.0264  0.0264  0.0264  0.0264  0.0264
  0.0264  0.0264  0.0264  0.0264  0.0264  0.0264  0.0264  0.0264  0.0264  0.0264  0.0264  0.0264
  0.0265  0.0265  0.0264  0.0264  0.0264  0.0264  0.0264  0.0264  0.0264  0.0264  0.0264  0.0264
  0.0266  0.0266  0.0265  0.0266  0.0265  0.0265  0.0265  0.0266  0.0265  0.0265  0.0265  0.0265
  0.0268  0.0267  0.0266  0.0270  0.0266  0.0266  0.0267  0.0269  0.0266  0.0267  0.0265  0.0266
registration optimization eta report
parameter search radius
    0.8000    0.8000    0.8000    2.7600    2.4000    2.4000
    2.4000    2.4000    2.4000    2.4000    2.4000    2.4000
100000*second partial in parameter space
       59.       40.       27.        8.        3.        4.
        5.        8.        4.        5.        2.        3.
  0.0268  0.0267  0.0266  0.0271  0.0266  0.0266  0.0267  0.0268  0.0266  0.0267  0.0265  0.0265
  0.0266  0.0265  0.0265  0.0268  0.0264  0.0265  0.0265  0.0266  0.0265  0.0265  0.0264  0.0264
  0.0265  0.0264  0.0264  0.0266  0.0264  0.0264  0.0264  0.0264  0.0264  0.0264  0.0264  0.0264
  0.0264  0.0264  0.0264  0.0264  0.0264  0.0264  0.0264  0.0264  0.0264  0.0264  0.0264  0.0264
  0.0265  0.0265  0.0264  0.0264  0.0264  0.0264  0.0264  0.0264  0.0264  0.0264  0.0264  0.0264
  0.0266  0.0266  0.0265  0.0266  0.0265  0.0265  0.0265  0.0266  0.0265  0.0265  0.0265  0.0265
  0.0268  0.0267  0.0266  0.0270  0.0266  0.0266  0.0267  0.0269  0.0266  0.0267  0.0265  0.0266
   -0.6457   18.7551    2.3968   -3.1045  -16.0327   -7.0817
    5.1211   -2.8018   -3.1670   14.1087    3.3570   -8.6256
eta,q 0.97361  9.34245

---------------------------------------------------------------------
imgreg_4dfp /opt/freesurfer/average/711-2C_as_mni_average_305 /opt/freesurfer/average/711-2B_as_mni_average_305_mask talsrcimg_g11 none talsrcimg_to_711-2C_as_mni_average_305_t4 2311
---------------------------------------------------------------------

freesurfer imgreg_4dfp.c
/opt/freesurfer/average/711-2C_as_mni_average_305.4dfp.img
       256       256       256         1
  1.000000  1.000000  1.000000
orientation T byte_order littleendian
Reading image: /opt/freesurfer/average/711-2C_as_mni_average_305.4dfp.img
dimensions:      256       256       256
mmppix:       1.0000   -1.0000   -1.0000
center:     128.0000 -129.0000 -129.0000
/opt/freesurfer/average/711-2B_as_mni_average_305_mask.4dfp.img
       256       256       256         1
  1.000000  1.000000  1.000000
orientation T byte_order littleendian
Reading mask: /opt/freesurfer/average/711-2B_as_mni_average_305_mask.4dfp.img (2306576 pixels)
talsrcimg_g11.4dfp.img
       256       256       256         1
  1.000000  1.000000  1.000000
orientation T byte_order littleendian
Reading image: talsrcimg_g11.4dfp.img
dimensions:      256       256       256
mmppix:       1.0000   -1.0000   -1.0000
center:     128.0000 -129.0000 -129.0000
fimgreg.f
image alignment mode   2311 decimal      907 hex
parameters
   -0.6457   18.7551    2.3968   -3.1045  -16.0327   -7.0817
    5.1211   -2.8018   -3.1670   14.1087    3.3570   -8.6256
eta,q 0.97361  9.34245
niter,ni,del,rscale     5    3    5.0000    0.8000
parameters
   -0.6028   18.7899    2.3648   -3.7917  -15.4315   -7.6960
    5.0746   -2.7946   -3.0698   14.1372    3.6783   -8.4711
eta,q 0.97347  9.31743
  0.0280  0.0275  0.0270  0.0275  0.0277  0.0272  0.0276  0.0282  0.0274  0.0277  0.0271  0.0271
  0.0271  0.0269  0.0267  0.0271  0.0269  0.0269  0.0270  0.0273  0.0269  0.0270  0.0268  0.0268
  0.0266  0.0265  0.0265  0.0267  0.0266  0.0266  0.0266  0.0268  0.0266  0.0266  0.0266  0.0266
  0.0264  0.0264  0.0264  0.0264  0.0265  0.0265  0.0265  0.0265  0.0265  0.0265  0.0265  0.0265
  0.0266  0.0265  0.0265  0.0265  0.0266  0.0266  0.0267  0.0267  0.0266  0.0267  0.0266  0.0266
  0.0271  0.0268  0.0267  0.0274  0.0267  0.0270  0.0270  0.0272  0.0269  0.0270  0.0267  0.0268
  0.0278  0.0274  0.0271  0.0291  0.0271  0.0280  0.0276  0.0283  0.0273  0.0277  0.0270  0.0271
niter,ni,del,rscale     4    3    5.0000    0.7000
parameters
   -0.6366   18.8013    2.3940   -3.6495  -15.5859   -7.5277
    5.0644   -2.7943   -3.1314   14.1505    3.6753   -8.4797
eta,q 0.97351  9.32317
  0.0276  0.0273  0.0271  0.0276  0.0271  0.0272  0.0273  0.0278  0.0271  0.0274  0.0269  0.0269
  0.0270  0.0269  0.0268  0.0272  0.0266  0.0269  0.0268  0.0271  0.0267  0.0268  0.0267  0.0267
  0.0266  0.0266  0.0266  0.0268  0.0265  0.0266  0.0266  0.0267  0.0266  0.0266  0.0265  0.0265
  0.0265  0.0265  0.0265  0.0265  0.0265  0.0265  0.0265  0.0265  0.0265  0.0265  0.0265  0.0265
  0.0267  0.0266  0.0266  0.0264  0.0266  0.0265  0.0266  0.0266  0.0266  0.0266  0.0265  0.0265
  0.0271  0.0269  0.0267  0.0268  0.0267  0.0267  0.0269  0.0270  0.0268  0.0268  0.0267  0.0267
  0.0277  0.0272  0.0270  0.0277  0.0271  0.0272  0.0273  0.0279  0.0271  0.0273  0.0269  0.0269
niter,ni,del,rscale     3    3    5.0000    0.6000
parameters
   -0.6424   18.7831    2.3960   -3.4013  -15.6992   -7.3549
    5.0849   -2.7838   -3.1333   14.1645    3.5676   -8.4807
eta,q 0.97356  9.33453
  0.0273  0.0270  0.0269  0.0274  0.0268  0.0270  0.0271  0.0274  0.0269  0.0271  0.0267  0.0268
  0.0268  0.0267  0.0267  0.0271  0.0265  0.0267  0.0267  0.0269  0.0266  0.0267  0.0266  0.0266
  0.0266  0.0265  0.0265  0.0267  0.0264  0.0265  0.0265  0.0266  0.0265  0.0265  0.0265  0.0265
  0.0265  0.0265  0.0265  0.0265  0.0264  0.0264  0.0264  0.0264  0.0264  0.0264  0.0264  0.0264
  0.0266  0.0266  0.0265  0.0264  0.0265  0.0265  0.0265  0.0265  0.0265  0.0265  0.0265  0.0265
  0.0269  0.0268  0.0267  0.0267  0.0266  0.0266  0.0267  0.0269  0.0267  0.0267  0.0266  0.0266
  0.0273  0.0270  0.0269  0.0274  0.0268  0.0269  0.0270  0.0275  0.0269  0.0270  0.0268  0.0268
niter,ni,del,rscale     2    3    5.0000    0.5000
parameters
   -0.6407   18.7668    2.3922   -3.1841  -15.8560   -7.1927
    5.1045   -2.7927   -3.1552   14.1577    3.4302   -8.5436
eta,q 0.97359  9.34249
  0.0270  0.0268  0.0267  0.0271  0.0267  0.0268  0.0269  0.0271  0.0267  0.0268  0.0266  0.0266
  0.0267  0.0266  0.0266  0.0269  0.0265  0.0266  0.0266  0.0267  0.0266  0.0266  0.0265  0.0265
  0.0265  0.0265  0.0265  0.0266  0.0264  0.0265  0.0265  0.0265  0.0264  0.0264  0.0264  0.0264
  0.0264  0.0264  0.0264  0.0264  0.0264  0.0264  0.0264  0.0264  0.0264  0.0264  0.0264  0.0264
  0.0265  0.0265  0.0265  0.0264  0.0265  0.0264  0.0265  0.0265  0.0264  0.0265  0.0264  0.0264
  0.0267  0.0266  0.0266  0.0266  0.0266  0.0265  0.0266  0.0267  0.0266  0.0266  0.0265  0.0265
  0.0270  0.0268  0.0267  0.0271  0.0267  0.0267  0.0268  0.0271  0.0267  0.0268  0.0266  0.0266
niter,ni,del,rscale     1    3    5.0000    0.4000
parameters
   -0.6361   18.7526    2.3722   -2.9802  -16.0517   -7.0543
    5.1192   -2.8296   -3.1631   14.1491    3.2684   -8.6564
eta,q 0.97361  9.34774
  0.0268  0.0267  0.0266  0.0269  0.0265  0.0266  0.0267  0.0268  0.0266  0.0267  0.0265  0.0265
  0.0266  0.0265  0.0265  0.0267  0.0264  0.0265  0.0265  0.0266  0.0265  0.0265  0.0264  0.0264
  0.0265  0.0264  0.0264  0.0265  0.0264  0.0264  0.0264  0.0264  0.0264  0.0264  0.0264  0.0264
  0.0264  0.0264  0.0264  0.0264  0.0264  0.0264  0.0264  0.0264  0.0264  0.0264  0.0264  0.0264
  0.0265  0.0264  0.0264  0.0264  0.0264  0.0264  0.0264  0.0264  0.0264  0.0264  0.0264  0.0264
  0.0266  0.0265  0.0265  0.0265  0.0265  0.0265  0.0265  0.0266  0.0265  0.0265  0.0265  0.0265
  0.0268  0.0267  0.0266  0.0268  0.0266  0.0266  0.0267  0.0269  0.0266  0.0267  0.0265  0.0265
registration optimization eta report
parameter search radius
    0.8000    0.8000    0.8000    2.4000    2.4000    2.4000
    2.4000    2.4000    2.4000    2.4000    2.4000    2.4000
100000*second partial in parameter space
       60.       39.       27.        8.        3.        4.
        5.        8.        4.        5.        2.        2.
  0.0268  0.0267  0.0266  0.0269  0.0265  0.0266  0.0267  0.0268  0.0266  0.0267  0.0265  0.0265
  0.0266  0.0265  0.0265  0.0267  0.0264  0.0265  0.0265  0.0266  0.0265  0.0265  0.0264  0.0264
  0.0265  0.0264  0.0264  0.0265  0.0264  0.0264  0.0264  0.0264  0.0264  0.0264  0.0264  0.0264
  0.0264  0.0264  0.0264  0.0264  0.0264  0.0264  0.0264  0.0264  0.0264  0.0264  0.0264  0.0264
  0.0265  0.0264  0.0264  0.0264  0.0264  0.0264  0.0264  0.0264  0.0264  0.0264  0.0264  0.0264
  0.0266  0.0265  0.0265  0.0265  0.0265  0.0265  0.0265  0.0266  0.0265  0.0265  0.0265  0.0265
  0.0268  0.0267  0.0266  0.0268  0.0266  0.0266  0.0267  0.0269  0.0266  0.0267  0.0265  0.0265
   -0.6361   18.7526    2.3722   -2.9802  -16.0517   -7.0543
    5.1192   -2.8296   -3.1631   14.1491    3.2684   -8.6564
eta,q 0.97361  9.34774

---------------------------------------------------------------------
compute_vox2vox talsrcimg talsrcimg_to_711-2C_as_mni_average_305_t4 /opt/freesurfer/average/711-2C_as_mni_average_305
---------------------------------------------------------------------

freesurfer compute_vox2vox.c
Reading: talsrcimg.4dfp.ifh
Reading: talsrcimg_to_711-2C_as_mni_average_305_t4
Reading: /opt/freesurfer/average/711-2C_as_mni_average_305.4dfp.ifh
Writing: talsrcimg_to_711-2C_as_mni_average_305_t4_vox2vox.txt

start time Fri Mar 13 04:07:29 CET 2026
end		time Fri Mar 13 04:08:58 CET 2026

mpr2mni305 success

avi2talxfm orig_nu.mgz /opt/freesurfer/average/mni305.cor.mgz talsrcimg_to_711-2C_as_mni_average_305_t4_vox2vox.txt transforms/talairach.auto.xfm
avi2talxfm done
mv -f /out/sourcedata/freesurfer/sub-v2s4x29595_ses-1/mri/talsrcimg_to_711-2C_as_mni_average_305_t4_vox2vox.txt /out/sourcedata/freesurfer/sub-v2s4x29595_ses-1/mri/transforms/talsrcimg_to_711-2C_as_mni_average_305_t4_vox2vox.txt
lta_convert --src orig_nu.mgz --trg /opt/freesurfer/average/mni305.cor.mgz --inxfm transforms/talairach.auto.xfm --outlta transforms/talairach.auto.xfm.lta --subject fsaverage
7.3.2

--src: orig_nu.mgz src image (geometry).
--trg: /opt/freesurfer/average/mni305.cor.mgz trg image (geometry).
--inmni: transforms/talairach.auto.xfm input MNI/XFM transform.
--outlta: transforms/talairach.auto.xfm.lta output LTA.
--s: fsaverage subject name
 LTA read, type : 1
 1.02746   0.04019  -0.05851   1.34637;
-0.03202   1.05802   0.11105  -7.19063;
 0.04411  -0.17681   1.17029  -22.18944;
 0.00000   0.00000   0.00000   1.00000;
setting subject to fsaverage
Writing  LTA to file transforms/talairach.auto.xfm.lta...
lta_convert successful.
 
 
Started at Fri Mar 13 04:07:28 CET 2026
Ended   at Fri Mar 13 04:08:58 CET 2026
talairach_avi done
