/out/sourcedata/freesurfer/sub-v2s4x29625_ses-1/mri
/opt/freesurfer/bin/talairach_avi
--i orig_nu.mgz --xfm transforms/talairach.auto.xfm
talairach_avi 7.3.2
Linux dna060 5.14.0-427.37.1.el9_4.x86_64 #1 SMP PREEMPT_DYNAMIC Fri Sep 13 12:41:50 EDT 2024 x86_64 x86_64 x86_64 GNU/Linux
Fri Mar 13 05:50:19 CET 2026
mri_convert orig_nu.mgz talsrcimg.img 
reading from orig_nu.mgz...
TR=0.00, TE=0.00, TI=0.00, flip angle=0.00
i_ras = (-1, 6.25732e-09, -3.72529e-09)
j_ras = (0, 0, -1)
k_ras = (-2.54659e-09, 1, 2.32831e-10)
writing to talsrcimg.img...
Analyze Output Matrix
-1.00000   0.00000  -0.00000   127.05580;
 0.00000   0.00000   1.00000  -133.52615;
-0.00000  -1.00000   0.00000   125.34605;
 0.00000   0.00000   0.00000   1.00000;
--------------------
INFO: set hdr.hist.orient to -1
mpr2mni305 talsrcimg
Fri Mar 13 05:50:20 CET 2026
/opt/freesurfer/bin/mpr2mni305 talsrcimg
mpr2mni305 7.3.2
target=711-2C_as_mni_average_305

---------------------------------------------------------------------
analyzeto4dfp talsrcimg -O0 -y
---------------------------------------------------------------------

freesurfer ifh2hdr.c
Fri Mar 13 05:50:20 2026
Writing: talsrcimg.4dfp.hdr
freesurfer analyzeto4dfp.c
Reading: talsrcimg.hdr
header size 348 bytes
hdr.dime.datatype	offset=70	value=2
hdr.dime.bitpix		offset=72	value=8
hdr.hist.orient		offset=252	value=-1
dimensionality     4
dimensions       256       256       256         1
Reading: talsrcimg.img
Writing: talsrcimg.4dfp.img
Writing: talsrcimg.4dfp.ifh
ifh2hdr talsrcimg -r0to255
ori=2

---------------------------------------------------------------------
gauss_4dfp talsrcimg 1.1
---------------------------------------------------------------------

freesurfer gauss_4dfp.c
Reading: talsrcimg.4dfp.img
Writing: talsrcimg_g11.4dfp.img
image dimensions 256 256 256 padded to 288 288 288
processing volume 1freesurfer ifh2hdr.c
Fri Mar 13 05:50:22 2026
Writing: talsrcimg_g11.4dfp.hdr

Writing: talsrcimg_g11.4dfp.ifh
including: talsrcimg.4dfp.img.rec in talsrcimg_g11.4dfp.img.rec

---------------------------------------------------------------------
imgreg_4dfp /opt/freesurfer/average/711-2C_as_mni_average_305 none talsrcimg_g11 none talsrcimg_to_711-2C_as_mni_average_305_t4 4355
---------------------------------------------------------------------

freesurfer imgreg_4dfp.c
/opt/freesurfer/average/711-2C_as_mni_average_305.4dfp.img
       256       256       256         1
  1.000000  1.000000  1.000000
orientation T byte_order littleendian
Reading image: /opt/freesurfer/average/711-2C_as_mni_average_305.4dfp.img
dimensions:      256       256       256
mmppix:       1.0000   -1.0000   -1.0000
center:     128.0000 -129.0000 -129.0000
talsrcimg_g11.4dfp.img
       256       256       256         1
  1.000000  1.000000  1.000000
orientation T byte_order littleendian
Reading image: talsrcimg_g11.4dfp.img
dimensions:      256       256       256
mmppix:       1.0000   -1.0000   -1.0000
center:     128.0000 -129.0000 -129.0000
t4_read: open error in t4_sub.f l:  41 t4_file(1:l)talsrcimg_to_711-2C_as_mni_average_305_t4 
t4_read: transform initialized to I4
rotation matrix determinant  1.000000
image alignment mode   4355 decimal     1103 hex
   -7.5000  -45.0000  -45.0000 6278.9116   15.2018
    0.0000  -45.0000  -45.0000 6532.9380   15.1854
    7.5000  -45.0000  -45.0000 6301.5146   15.1543
   -7.5000  -37.5000  -45.0000 6824.2280   15.0274
    0.0000  -37.5000  -45.0000 7123.8706   15.0096
    7.5000  -37.5000  -45.0000 6854.2710   14.9744
   -7.5000  -30.0000  -45.0000 7626.2070   15.0187
    0.0000  -30.0000  -45.0000 7988.5947   14.9928
    7.5000  -30.0000  -45.0000 7668.8960   14.9502
   -7.5000  -22.5000  -45.0000 8491.2510   15.0313
    0.0000  -22.5000  -45.0000 8897.9785   14.9995
    7.5000  -22.5000  -45.0000 8510.8271   14.9547
   -7.5000  -15.0000  -45.0000 9314.0215   15.0485
    0.0000  -15.0000  -45.0000 9735.3809   15.0183
    7.5000  -15.0000  -45.0000 9307.2295   14.9783
   -7.5000   -7.5000  -45.0000 9956.7764   15.0544
    0.0000   -7.5000  -45.000010435.3955   15.0320
    7.5000   -7.5000  -45.0000 9968.8809   14.9990
   -7.5000    0.0000  -45.000010508.5850   15.0434
    0.0000    0.0000  -45.000011038.9658   15.0276
    7.5000    0.0000  -45.000010515.0957   14.9972
   -7.5000    7.5000  -45.000010372.0303   15.0250
    0.0000    7.5000  -45.000010890.1650   15.0072
    7.5000    7.5000  -45.000010378.2764   14.9720
   -7.5000   15.0000  -45.000010154.0977   15.0187
    0.0000   15.0000  -45.000010643.7080   14.9928
    7.5000   15.0000  -45.000010167.2061   14.9502
   -7.5000   22.5000  -45.0000 9948.8115   15.0292
    0.0000   22.5000  -45.000010406.9707   14.9975
    7.5000   22.5000  -45.0000 9955.2100   14.9526
   -7.5000   30.0000  -45.0000 9565.9863   14.8480
    0.0000   30.0000  -45.0000 9987.8545   14.8182
    7.5000   30.0000  -45.0000 9522.8525   14.7787
   -7.5000   37.5000  -45.0000 9407.8721   14.8538
    0.0000   37.5000  -45.0000 9835.4316   14.8317
    7.5000   37.5000  -45.0000 9366.5791   14.7991
   -7.5000   45.0000  -45.0000 8583.5625   14.4660
    0.0000   45.0000  -45.0000 8983.8184   14.4508
    7.5000   45.0000  -45.0000 8551.6006   14.4216
   -7.5000  -45.0000  -37.5000 6694.4263   15.0563
    0.0000  -45.0000  -37.5000 6992.1016   15.0386
    7.5000  -45.0000  -37.5000 6737.0361   15.0135
   -7.5000  -37.5000  -37.5000 7276.3789   14.8886
    0.0000  -37.5000  -37.5000 7619.4580   14.8695
    7.5000  -37.5000  -37.5000 7316.8701   14.8392
   -7.5000  -30.0000  -37.5000 8159.1011   14.8877
    0.0000  -30.0000  -37.5000 8561.8984   14.8583
    7.5000  -30.0000  -37.5000 8202.0869   14.8173
   -7.5000  -22.5000  -37.5000 9081.8125   14.9051
    0.0000  -22.5000  -37.5000 9516.6328   14.8676
    7.5000  -22.5000  -37.5000 9093.9736   14.8213
   -7.5000  -15.0000  -37.5000 9944.8809   14.9198
    0.0000  -15.0000  -37.500010434.0801   14.8840
    7.5000  -15.0000  -37.5000 9915.0342   14.8429
   -7.5000   -7.5000  -37.500010638.4141   14.9171
    0.0000   -7.5000  -37.500011199.6201   14.8913
    7.5000   -7.5000  -37.500010622.5449   14.8613
   -7.5000    0.0000  -37.500011229.8066   14.9008
    0.0000    0.0000  -37.500011864.3281   14.8838
    7.5000    0.0000  -37.500011202.8105   14.8594
   -7.5000    7.5000  -37.500011066.2852   14.8862
    0.0000    7.5000  -37.500011661.4648   14.8672
    7.5000    7.5000  -37.500011028.8867   14.8369
   -7.5000   15.0000  -37.500010817.6201   14.8877
    0.0000   15.0000  -37.500011368.5996   14.8583
    7.5000   15.0000  -37.500010793.3506   14.8173
   -7.5000   22.5000  -37.500010571.5029   14.9030
    0.0000   22.5000  -37.500011111.1123   14.8656
    7.5000   22.5000  -37.500010535.5234   14.8193
   -7.5000   30.0000  -37.500010127.7471   14.7210
    0.0000   30.0000  -37.500010649.8359   14.6856
    7.5000   30.0000  -37.500010070.9375   14.6451
   -7.5000   37.5000  -37.5000 9969.8633   14.7183
    0.0000   37.5000  -37.500010486.5547   14.6929
    7.5000   37.5000  -37.5000 9915.9082   14.6633
   -7.5000   45.0000  -37.5000 9071.8809   14.3290
    0.0000   45.0000  -37.5000 9526.4658   14.3126
    7.5000   45.0000  -37.5000 9034.9492   14.2891
   -7.5000  -45.0000  -30.0000 7281.7803   15.7337
    0.0000  -45.0000  -30.0000 7627.0718   15.7148
    7.5000  -45.0000  -30.0000 7335.2036   15.6905
   -7.5000  -37.5000  -30.0000 7932.9634   15.5520
    0.0000  -37.5000  -30.0000 8330.6592   15.5331
    7.5000  -37.5000  -30.0000 7986.1245   15.5038
   -7.5000  -30.0000  -30.0000 8925.5508   15.5558
    0.0000  -30.0000  -30.0000 9375.5547   15.5281
    7.5000  -30.0000  -30.0000 8968.0420   15.4855
   -7.5000  -22.5000  -30.0000 9906.5088   15.5859
    0.0000  -22.5000  -30.000010391.6016   15.5499
    7.5000  -22.5000  -30.0000 9912.2109   15.4986
   -7.5000  -15.0000  -30.000010827.8633   15.6082
    0.0000  -15.0000  -30.000011388.9824   15.5727
    7.5000  -15.0000  -30.000010797.9824   15.5263
   -7.5000   -7.5000  -30.000011590.4863   15.5990
    0.0000   -7.5000  -30.000012174.9697   15.5724
    7.5000   -7.5000  -30.000011549.5859   15.5404
   -7.5000    0.0000  -30.000012259.8975   15.5705
    0.0000    0.0000  -30.000012926.2461   15.5522
    7.5000    0.0000  -30.000012184.3281   15.5288
   -7.5000    7.5000  -30.000012061.3799   15.5495
    0.0000    7.5000  -30.000012734.7686   15.5307
    7.5000    7.5000  -30.000011970.2412   15.5014
   -7.5000   15.0000  -30.000011732.7246   15.5558
    0.0000   15.0000  -30.000012381.0752   15.5281
    7.5000   15.0000  -30.000011647.0791   15.4855
   -7.5000   22.5000  -30.000011424.2178   15.5821
    0.0000   22.5000  -30.000012044.8398   15.5462
    7.5000   22.5000  -30.000011319.8779   15.4949
   -7.5000   30.0000  -30.000010906.7441   15.4016
    0.0000   30.0000  -30.000011498.6426   15.3666
    7.5000   30.0000  -30.000010814.5410   15.3208
   -7.5000   37.5000  -30.000010719.7871   15.3926
    0.0000   37.5000  -30.000011316.1123   15.3663
    7.5000   37.5000  -30.000010637.4316   15.3348
   -7.5000   45.0000  -30.0000 9748.3838   14.9839
    0.0000   45.0000  -30.000010272.9414   14.9663
    7.5000   45.0000  -30.0000 9691.1631   14.9437
   -7.5000  -45.0000  -22.5000 7941.6406   16.3302
    0.0000  -45.0000  -22.5000 8323.0273   16.3122
    7.5000  -45.0000  -22.5000 7963.9829   16.2815
   -7.5000  -37.5000  -22.5000 8635.2041   16.1311
    0.0000  -37.5000  -22.5000 9077.9238   16.1151
    7.5000  -37.5000  -22.5000 8664.0664   16.0815
   -7.5000  -30.0000  -22.5000 9697.7090   16.1311
    0.0000  -30.0000  -22.500010195.5410   16.1112
    7.5000  -30.0000  -22.5000 9699.7969   16.0668
   -7.5000  -22.5000  -22.500010746.8984   16.1687
    0.0000  -22.5000  -22.500011275.6094   16.1429
    7.5000  -22.5000  -22.500010719.6250   16.0905
   -7.5000  -15.0000  -22.500011717.3457   16.2012
    0.0000  -15.0000  -22.500012318.8320   16.1740
    7.5000  -15.0000  -22.500011651.7031   16.1252
   -7.5000   -7.5000  -22.500012547.5732   16.1953
    0.0000   -7.5000  -22.500013158.3184   16.1724
    7.5000   -7.5000  -22.500012465.4033   16.1353
   -7.5000    0.0000  -22.500013304.3799   16.1601
    0.0000    0.0000  -22.500013998.5605   16.1426
    7.5000    0.0000  -22.500013172.6787   16.1128
   -7.5000    7.5000  -22.500013061.9629   16.1285
    0.0000    7.5000  -22.500013778.3262   16.1126
    7.5000    7.5000  -22.500012917.8027   16.0791
   -7.5000   15.0000  -22.500012675.2959   16.1311
    0.0000   15.0000  -22.500013357.4521   16.1112
    7.5000   15.0000  -22.500012499.0000   16.0668
   -7.5000   22.5000  -22.500012294.8262   16.1637
    0.0000   22.5000  -22.500012957.1797   16.1379
    7.5000   22.5000  -22.500012123.9385   16.0856
   -7.5000   30.0000  -22.500011675.8623   15.9892
    0.0000   30.0000  -22.500012336.1621   15.9625
    7.5000   30.0000  -22.500011545.2168   15.9142
   -7.5000   37.5000  -22.500011477.8115   15.9835
    0.0000   37.5000  -22.500012106.5732   15.9608
    7.5000   37.5000  -22.500011342.6504   15.9242
   -7.5000   45.0000  -22.500010435.7900   15.5630
    0.0000   45.0000  -22.500011033.8018   15.5461
    7.5000   45.0000  -22.500010366.0781   15.5174
   -7.5000  -45.0000  -15.0000 8583.8037   16.7376
    0.0000  -45.0000  -15.0000 8987.5957   16.7205
    7.5000  -45.0000  -15.0000 8591.2324   16.6817
   -7.5000  -37.5000  -15.0000 9340.8086   16.5291
    0.0000  -37.5000  -15.0000 9800.1240   16.5146
    7.5000  -37.5000  -15.0000 9350.6934   16.4746
   -7.5000  -30.0000  -15.000010434.0088   16.5210
    0.0000  -30.0000  -15.000010953.0146   16.5057
    7.5000  -30.0000  -15.000010432.4580   16.4595
   -7.5000  -22.5000  -15.000011513.9541   16.5543
    0.0000  -22.5000  -15.000012073.2451   16.5361
    7.5000  -22.5000  -15.000011486.3770   16.4859
   -7.5000  -15.0000  -15.000012544.5859   16.5905
    0.0000  -15.0000  -15.000013180.5273   16.5706
    7.5000  -15.0000  -15.000012502.9219   16.5233
   -7.5000   -7.5000  -15.000013458.3975   16.5937
    0.0000   -7.5000  -15.000014106.4600   16.5747
    7.5000   -7.5000  -15.000013389.7246   16.5335
   -7.5000    0.0000  -15.000014296.3818   16.5632
    0.0000    0.0000  -15.000014995.4893   16.5465
    7.5000    0.0000  -15.000014120.3506   16.5087
   -7.5000    7.5000  -15.000013996.4072   16.5265
    0.0000    7.5000  -15.000014719.7793   16.5120
    7.5000    7.5000  -15.000013787.1943   16.4721
   -7.5000   15.0000  -15.000013596.8975   16.5210
    0.0000   15.0000  -15.000014292.2725   16.5057
    7.5000   15.0000  -15.000013346.4521   16.4595
   -7.5000   22.5000  -15.000013195.8135   16.5485
    0.0000   22.5000  -15.000013887.7461   16.5303
    7.5000   22.5000  -15.000012963.0420   16.4801
   -7.5000   30.0000  -15.000012492.6230   16.3758
    0.0000   30.0000  -15.000013157.6035   16.3561
    7.5000   30.0000  -15.000012272.3779   16.3095
   -7.5000   37.5000  -15.000012230.7861   16.3790
    0.0000   37.5000  -15.000012875.2168   16.3602
    7.5000   37.5000  -15.000011991.1826   16.3195
   -7.5000   45.0000  -15.000011139.2324   15.9608
    0.0000   45.0000  -15.000011754.4951   15.9447
    7.5000   45.0000  -15.000010996.7451   15.9083
   -7.5000  -45.0000   -7.5000 9227.8584   16.8796
    0.0000  -45.0000   -7.5000 9648.0664   16.8622
    7.5000  -45.0000   -7.5000 9247.3467   16.8222
   -7.5000  -37.5000   -7.500010028.0029   16.6773
    0.0000  -37.5000   -7.500010497.7988   16.6607
    7.5000  -37.5000   -7.500010041.3311   16.6186
   -7.5000  -30.0000   -7.500011170.8340   16.6652
    0.0000  -30.0000   -7.500011693.5645   16.6452
    7.5000  -30.0000   -7.500011179.4521   16.5979
   -7.5000  -22.5000   -7.500012305.6162   16.6864
    0.0000  -22.5000   -7.500012882.6289   16.6630
    7.5000  -22.5000   -7.500012313.5479   16.6146
   -7.5000  -15.0000   -7.500013406.8740   16.7147
    0.0000  -15.0000   -7.500014052.3926   16.6912
    7.5000  -15.0000   -7.500013391.0576   16.6467
   -7.5000   -7.5000   -7.500014416.1562   16.7233
    0.0000   -7.5000   -7.500015078.6074   16.7030
    7.5000   -7.5000   -7.500014319.0186   16.6628
   -7.5000    0.0000   -7.500015308.2432   16.7045
    0.0000    0.0000   -7.500015997.1562   16.6877
    7.5000    0.0000   -7.500015080.8613   16.6487
   -7.5000    7.5000   -7.500014956.1201   16.6747
    0.0000    7.5000   -7.500015628.7734   16.6580
    7.5000    7.5000   -7.500014666.9004   16.6160
   -7.5000   15.0000   -7.500014536.2012   16.6652
    0.0000   15.0000   -7.500015163.2109   16.6452
    7.5000   15.0000   -7.500014211.0723   16.5979
   -7.5000   22.5000   -7.500014122.2715   16.6787
    0.0000   22.5000   -7.500014771.3574   16.6553
    7.5000   22.5000   -7.500013805.0635   16.6069
   -7.5000   30.0000   -7.500013376.2207   16.4979
    0.0000   30.0000   -7.500013990.3516   16.4747
    7.5000   30.0000   -7.500013054.1162   16.4308
   -7.5000   37.5000   -7.500013014.7842   16.5064
    0.0000   37.5000   -7.500013625.2334   16.4864
    7.5000   37.5000   -7.500012681.3135   16.4467
   -7.5000   45.0000   -7.500011850.3154   16.1000
    0.0000   45.0000   -7.500012461.9668   16.0838
    7.5000   45.0000   -7.500011600.1914   16.0462
   -7.5000  -45.0000    0.0000 9781.3066   16.8514
    0.0000  -45.0000    0.000010239.2168   16.8331
    7.5000  -45.0000    0.0000 9818.2197   16.7985
   -7.5000  -37.5000    0.000010615.2129   16.6608
    0.0000  -37.5000    0.000011111.9375   16.6411
    7.5000  -37.5000    0.000010647.9268   16.6021
   -7.5000  -30.0000    0.000011823.6445   16.6519
    0.0000  -30.0000    0.000012374.4121   16.6234
    7.5000  -30.0000    0.000011854.9316   16.5767
   -7.5000  -22.5000    0.000013016.8135   16.6654
    0.0000  -22.5000    0.000013608.6152   16.6303
    7.5000  -22.5000    0.000013058.7891   16.5815
   -7.5000  -15.0000    0.000014197.4600   16.6835
    0.0000  -15.0000    0.000014821.3574   16.6499
    7.5000  -15.0000    0.000014227.9336   16.6064
   -7.5000   -7.5000    0.000015305.7754   16.6893
    0.0000   -7.5000    0.000015976.2090   16.6644
    7.5000   -7.5000    0.000015253.1377   16.6280
   -7.5000    0.0000    0.000016270.0576   16.6775
    0.0000    0.0000    0.000016929.3574   16.6598
    7.5000    0.0000    0.000016030.4580   16.6261
   -7.5000    7.5000    0.000015954.1377   16.6581
    0.0000    7.5000    0.000016436.2676   16.6385
    7.5000    7.5000    0.000015541.3027   16.5995
   -7.5000   15.0000    0.000015485.2900   16.6519
    0.0000   15.0000    0.000015981.7734   16.6234
    7.5000   15.0000    0.000015071.9688   16.5767
   -7.5000   22.5000    0.000014972.8398   16.6577
    0.0000   22.5000    0.000015512.6660   16.6226
    7.5000   22.5000    0.000014625.5742   16.5738
   -7.5000   30.0000    0.000014125.7031   16.4675
    0.0000   30.0000    0.000014683.2949   16.4344
    7.5000   30.0000    0.000013787.5830   16.3914
   -7.5000   37.5000    0.000013672.3936   16.4733
    0.0000   37.5000    0.000014231.2188   16.4487
    7.5000   37.5000    0.000013296.6680   16.4128
   -7.5000   45.0000    0.000012466.5586   16.0751
    0.0000   45.0000    0.000013048.0645   16.0582
    7.5000   45.0000    0.000012139.0566   16.0256
   -7.5000  -45.0000    7.5000 9617.8594   16.8483
    0.0000  -45.0000    7.500010088.7129   16.8285
    7.5000  -45.0000    7.5000 9655.9131   16.8004
   -7.5000  -37.5000    7.500010420.6348   16.6606
    0.0000  -37.5000    7.500010909.8828   16.6393
    7.5000  -37.5000    7.500010463.7471   16.6054
   -7.5000  -30.0000    7.500011605.6660   16.6596
    0.0000  -30.0000    7.500012118.6768   16.6267
    7.5000  -30.0000    7.500011636.5693   16.5808
   -7.5000  -22.5000    7.500012787.9053   16.6790
    0.0000  -22.5000    7.500013346.0635   16.6371
    7.5000  -22.5000    7.500012829.8467   16.5853
   -7.5000  -15.0000    7.500013916.1699   16.6955
    0.0000  -15.0000    7.500014517.8408   16.6554
    7.5000  -15.0000    7.500014015.0205   16.6094
   -7.5000   -7.5000    7.500015104.8223   16.6924
    0.0000   -7.5000    7.500015844.5449   16.6636
    7.5000   -7.5000    7.500015149.3682   16.6301
   -7.5000    0.0000    7.500016246.5449   16.6743
    0.0000    0.0000    7.500016782.0703   16.6552
    7.5000    0.0000    7.500015992.4482   16.6279
   -7.5000    7.5000    7.500015914.3906   16.6579
    0.0000    7.5000    7.500016199.5781   16.6366
    7.5000    7.5000    7.500015468.1807   16.6028
   -7.5000   15.0000    7.500015452.9453   16.6596
    0.0000   15.0000    7.500015755.0625   16.6267
    7.5000   15.0000    7.500015003.0117   16.5808
   -7.5000   22.5000    7.500014850.0420   16.6714
    0.0000   22.5000    7.500015268.8818   16.6294
    7.5000   22.5000    7.500014507.7432   16.5776
   -7.5000   30.0000    7.500013961.0342   16.4795
    0.0000   30.0000    7.500014462.4072   16.4399
    7.5000   30.0000    7.500013660.0225   16.3945
   -7.5000   37.5000    7.500013403.2520   16.4764
    0.0000   37.5000    7.500013910.5605   16.4480
    7.5000   37.5000    7.500013087.8428   16.4149
   -7.5000   45.0000    7.500012222.7539   16.0721
    0.0000   45.0000    7.500012743.1377   16.0537
    7.5000   45.0000    7.500011937.1221   16.0274
   -7.5000  -45.0000   15.0000 9288.6035   16.8954
    0.0000  -45.0000   15.0000 9783.4375   16.8751
    7.5000  -45.0000   15.0000 9352.4619   16.8491
   -7.5000  -37.5000   15.000010063.8281   16.7002
    0.0000  -37.5000   15.000010595.0371   16.6800
    7.5000  -37.5000   15.000010124.6367   16.6486
   -7.5000  -30.0000   15.000011170.4893   16.7044
    0.0000  -30.0000   15.000011741.4414   16.6746
    7.5000  -30.0000   15.000011248.4160   16.6289
   -7.5000  -22.5000   15.000012242.5830   16.7366
    0.0000  -22.5000   15.000012781.2148   16.6981
    7.5000  -22.5000   15.000012355.3057   16.6430
   -7.5000  -15.0000   15.000013335.6328   16.7606
    0.0000  -15.0000   15.000013900.1689   16.7225
    7.5000  -15.0000   15.000013499.7002   16.6727
   -7.5000   -7.5000   15.000014554.0127   16.7508
    0.0000   -7.5000   15.000015343.1465   16.7221
    7.5000   -7.5000   15.000014734.3926   16.6879
   -7.5000    0.0000   15.000015704.5654   16.7202
    0.0000    0.0000   15.000016259.5566   16.7006
    7.5000    0.0000   15.000015750.9775   16.6753
   -7.5000    7.5000   15.000015335.3135   16.6976
    0.0000    7.5000   15.000015660.3125   16.6774
    7.5000    7.5000   15.000015191.7900   16.6460
   -7.5000   15.0000   15.000014973.0439   16.7044
    0.0000   15.0000   15.000015330.9092   16.6746
    7.5000   15.0000   15.000014660.5605   16.6289
   -7.5000   22.5000   15.000014413.5850   16.7289
    0.0000   22.5000   15.000014905.8955   16.6904
    7.5000   22.5000   15.000014134.2158   16.6353
   -7.5000   30.0000   15.000013494.6426   16.5437
    0.0000   30.0000   15.000014036.1113   16.5061
    7.5000   30.0000   15.000013267.5508   16.4569
   -7.5000   37.5000   15.000012858.3984   16.5340
    0.0000   37.5000   15.000013372.9785   16.5057
    7.5000   37.5000   15.000012634.9980   16.4719
   -7.5000   45.0000   15.000011736.1592   16.1163
    0.0000   45.0000   15.000012265.8584   16.0974
    7.5000   45.0000   15.000011511.6641   16.0731
   -7.5000  -45.0000   22.5000 8940.8740   16.9521
    0.0000  -45.0000   22.5000 9361.7969   16.9333
    7.5000  -45.0000   22.5000 8988.4922   16.9015
   -7.5000  -37.5000   22.5000 9665.2676   16.7453
    0.0000  -37.5000   22.500010129.6270   16.7288
    7.5000  -37.5000   22.5000 9734.2334   16.6939
   -7.5000  -30.0000   22.500010681.1836   16.7454
    0.0000  -30.0000   22.500011223.6201   16.7248
    7.5000  -30.0000   22.500010808.8496   16.6787
   -7.5000  -22.5000   22.500011676.1289   16.7844
    0.0000  -22.5000   22.500012267.3359   16.7576
    7.5000  -22.5000   22.500011822.6572   16.7032
   -7.5000  -15.0000   22.500012722.3818   16.8181
    0.0000  -15.0000   22.500013390.6660   16.7899
    7.5000  -15.0000   22.500012890.1143   16.7392
   -7.5000   -7.5000   22.500013759.9619   16.8120
    0.0000   -7.5000   22.500014679.1045   16.7882
    7.5000   -7.5000   22.500014008.0322   16.7497
   -7.5000    0.0000   22.500014668.8594   16.7755
    0.0000    0.0000   22.500015661.4434   16.7573
    7.5000    0.0000   22.500014966.5996   16.7264
   -7.5000    7.5000   22.500014427.0791   16.7427
    0.0000    7.5000   22.500015343.9873   16.7262
    7.5000    7.5000   22.500014628.9727   16.6914
   -7.5000   15.0000   22.500014113.1172   16.7454
    0.0000   15.0000   22.500014948.5732   16.7248
    7.5000   15.0000   22.500014130.3174   16.6787
   -7.5000   22.5000   22.500013613.6572   16.7767
    0.0000   22.5000   22.500014338.2490   16.7499
    7.5000   22.5000   22.500013541.0664   16.6955
   -7.5000   30.0000   22.500012766.4453   16.6004
    0.0000   30.0000   22.500013361.8203   16.5726
    7.5000   30.0000   22.500012656.7217   16.5226
   -7.5000   37.5000   22.500012154.8037   16.5944
    0.0000   37.5000   22.500012653.8242   16.5709
    7.5000   37.5000   22.500012018.7168   16.5329
   -7.5000   45.0000   22.500011127.7090   16.1697
    0.0000   45.0000   22.500011605.0293   16.1521
    7.5000   45.0000   22.500010977.0586   16.1223
   -7.5000  -45.0000   30.0000 8360.8311   16.9673
    0.0000  -45.0000   30.0000 8822.0371   16.9500
    7.5000  -45.0000   30.0000 8409.0654   16.9106
   -7.5000  -37.5000   30.0000 9042.7754   16.7559
    0.0000  -37.5000   30.0000 9576.7246   16.7412
    7.5000  -37.5000   30.0000 9129.7021   16.7007
   -7.5000  -30.0000   30.000010038.4268   16.7477
    0.0000  -30.0000   30.000010673.6895   16.7323
    7.5000  -30.0000   30.000010170.0488   16.6854
   -7.5000  -22.5000   30.000011039.2832   16.7815
    0.0000  -22.5000   30.000011726.2480   16.7631
    7.5000  -22.5000   30.000011145.2637   16.7122
   -7.5000  -15.0000   30.000012057.7793   16.8182
    0.0000  -15.0000   30.000012805.6396   16.7980
    7.5000  -15.0000   30.000012190.9648   16.7501
   -7.5000   -7.5000   30.000012988.0576   16.8215
    0.0000   -7.5000   30.000013762.6592   16.8021
    7.5000   -7.5000   30.000013169.4648   16.7604
   -7.5000    0.0000   30.000013673.3613   16.7905
    0.0000    0.0000   30.000014331.8135   16.7736
    7.5000    0.0000   30.000013829.7852   16.7353
   -7.5000    7.5000   30.000013398.9990   16.7533
    0.0000    7.5000   30.000014006.1006   16.7386
    7.5000    7.5000   30.000013516.2031   16.6981
   -7.5000   15.0000   30.000013108.1621   16.7477
    0.0000   15.0000   30.000013720.0098   16.7323
    7.5000   15.0000   30.000013170.8838   16.6854
   -7.5000   22.5000   30.000012663.3613   16.7738
    0.0000   22.5000   30.000013249.2617   16.7554
    7.5000   22.5000   30.000012728.4990   16.7045
   -7.5000   30.0000   30.000011938.6045   16.6005
    0.0000   30.0000   30.000012475.6240   16.5806
    7.5000   30.0000   30.000011963.5742   16.5333
   -7.5000   37.5000   30.000011411.1621   16.6038
    0.0000   37.5000   30.000011895.5801   16.5847
    7.5000   37.5000   30.000011364.3447   16.5435
   -7.5000   45.0000   30.000010448.0205   16.1841
    0.0000   45.0000   30.000010886.3135   16.1678
    7.5000   45.0000   30.000010363.5723   16.1309
   -7.5000  -45.0000   37.5000 8021.3105   16.9204
    0.0000  -45.0000   37.5000 8444.8291   16.9030
    7.5000  -45.0000   37.5000 8071.7891   16.8629
   -7.5000  -37.5000   37.5000 8714.4893   16.7175
    0.0000  -37.5000   37.5000 9209.4092   16.7009
    7.5000  -37.5000   37.5000 8786.4922   16.6586
   -7.5000  -30.0000   37.5000 9715.2754   16.7054
    0.0000  -30.0000   37.500010273.4521   16.6854
    7.5000  -30.0000   37.5000 9795.0420   16.6380
   -7.5000  -22.5000   37.500010663.7783   16.7267
    0.0000  -22.5000   37.500011274.5254   16.7033
    7.5000  -22.5000   37.500010718.8594   16.6547
   -7.5000  -15.0000   37.500011595.7607   16.7550
    0.0000  -15.0000   37.500012246.7451   16.7315
    7.5000  -15.0000   37.500011699.0957   16.6869
   -7.5000   -7.5000   37.500012418.5518   16.7637
    0.0000   -7.5000   37.500013050.5625   16.7434
    7.5000   -7.5000   37.500012550.2275   16.7030
   -7.5000    0.0000   37.500013058.2158   16.7448
    0.0000    0.0000   37.500013660.2119   16.7280
    7.5000    0.0000   37.500013191.7520   16.6888
   -7.5000    7.5000   37.500012781.7344   16.7149
    0.0000    7.5000   37.500013342.8926   16.6982
    7.5000    7.5000   37.500012886.4072   16.6561
   -7.5000   15.0000   37.500012485.5654   16.7054
    0.0000   15.0000   37.500013028.8096   16.6854
    7.5000   15.0000   37.500012543.5352   16.6380
   -7.5000   22.5000   37.500012136.2598   16.7190
    0.0000   22.5000   37.500012653.1719   16.6956
    7.5000   22.5000   37.500012195.7334   16.6470
   -7.5000   30.0000   37.500011530.7305   16.5382
    0.0000   30.0000   37.500012001.3857   16.5150
    7.5000   30.0000   37.500011558.4521   16.4709
   -7.5000   37.5000   37.500011037.9658   16.5467
    0.0000   37.5000   37.500011487.6543   16.5267
    7.5000   37.5000   37.500011036.4043   16.4868
   -7.5000   45.0000   37.500010115.3203   16.1400
    0.0000   45.0000   37.500010534.5645   16.1238
    7.5000   45.0000   37.500010078.0674   16.0861
   -7.5000  -45.0000   45.0000 7365.2002   16.9793
    0.0000  -45.0000   45.0000 7677.8501   16.9605
    7.5000  -45.0000   45.0000 7398.3999   16.9248
   -7.5000  -37.5000   45.0000 8013.8052   16.7848
    0.0000  -37.5000   45.0000 8397.2432   16.7645
    7.5000  -37.5000   45.0000 8044.7031   16.7244
   -7.5000  -30.0000   45.0000 8920.4746   16.7759
    0.0000  -30.0000   45.0000 9373.2500   16.7467
    7.5000  -30.0000   45.0000 8969.3584   16.6987
   -7.5000  -22.5000   45.0000 9782.5234   16.7895
    0.0000  -22.5000   45.000010303.8301   16.7537
    7.5000  -22.5000   45.0000 9848.0801   16.7037
   -7.5000  -15.0000   45.000010593.7979   16.8077
    0.0000  -15.0000   45.000011183.0166   16.7735
    7.5000  -15.0000   45.000010718.2930   16.7289
   -7.5000   -7.5000   45.000011315.0117   16.8136
    0.0000   -7.5000   45.000011918.5635   16.7881
    7.5000   -7.5000   45.000011453.2705   16.7508
   -7.5000    0.0000   45.000011921.3594   16.8015
    0.0000    0.0000   45.000012525.6748   16.7835
    7.5000    0.0000   45.000012047.8037   16.7487
   -7.5000    7.5000   45.000011694.2930   16.7820
    0.0000    7.5000   45.000012252.3613   16.7618
    7.5000    7.5000   45.000011802.4229   16.7217
   -7.5000   15.0000   45.000011403.5176   16.7759
    0.0000   15.0000   45.000011962.2158   16.7467
    7.5000   15.0000   45.000011490.8076   16.6987
   -7.5000   22.5000   45.000011092.5791   16.7817
    0.0000   22.5000   45.000011606.6953   16.7459
    7.5000   22.5000   45.000011160.1592   16.6960
   -7.5000   30.0000   45.000010588.9980   16.5888
    0.0000   30.0000   45.000011058.0098   16.5550
    7.5000   30.0000   45.000010617.3789   16.5110
   -7.5000   37.5000   45.000010150.7158   16.5945
    0.0000   37.5000   45.000010600.1260   16.5694
    7.5000   37.5000   45.000010163.0303   16.5326
   -7.5000   45.0000   45.0000 9314.7422   16.2021
    0.0000   45.0000   45.0000 9716.3398   16.1847
    7.5000   45.0000   45.0000 9307.7441   16.1511

---------------------------------------------------------------------
imgreg_4dfp /opt/freesurfer/average/711-2C_as_mni_average_305 /opt/freesurfer/average/711-2B_as_mni_average_305_mask talsrcimg_g11 none talsrcimg_to_711-2C_as_mni_average_305_t4 4355
---------------------------------------------------------------------

freesurfer imgreg_4dfp.c
/opt/freesurfer/average/711-2C_as_mni_average_305.4dfp.img
       256       256       256         1
  1.000000  1.000000  1.000000
orientation T byte_order littleendian
Reading image: /opt/freesurfer/average/711-2C_as_mni_average_305.4dfp.img
dimensions:      256       256       256
mmppix:       1.0000   -1.0000   -1.0000
center:     128.0000 -129.0000 -129.0000
/opt/freesurfer/average/711-2B_as_mni_average_305_mask.4dfp.img
       256       256       256         1
  1.000000  1.000000  1.000000
orientation T byte_order littleendian
Reading mask: /opt/freesurfer/average/711-2B_as_mni_average_305_mask.4dfp.img (2306576 pixels)
talsrcimg_g11.4dfp.img
       256       256       256         1
  1.000000  1.000000  1.000000
orientation T byte_order littleendian
Reading image: talsrcimg_g11.4dfp.img
dimensions:      256       256       256
mmppix:       1.0000   -1.0000   -1.0000
center:     128.0000 -129.0000 -129.0000
rotation matrix determinant  1.000000
image alignment mode   4355 decimal     1103 hex
   -7.5000  -45.0000  -45.0000 1765.2654   22.3531
    0.0000  -45.0000  -45.0000 1773.8129   21.9886
    7.5000  -45.0000  -45.0000 1761.2673   22.0417
   -7.5000  -37.5000  -45.0000 1885.7040   19.8664
    0.0000  -37.5000  -45.0000 1896.1433   19.5624
    7.5000  -37.5000  -45.0000 1884.3085   19.5202
   -7.5000  -30.0000  -45.0000 1981.9084   17.9852
    0.0000  -30.0000  -45.0000 2000.1506   17.7892
    7.5000  -30.0000  -45.0000 1986.9279   17.6593
   -7.5000  -22.5000  -45.0000 2069.6433   16.6403
    0.0000  -22.5000  -45.0000 2090.1545   16.5353
    7.5000  -22.5000  -45.0000 2075.3523   16.3840
   -7.5000  -15.0000  -45.0000 2125.0256   15.6920
    0.0000  -15.0000  -45.0000 2140.4556   15.6204
    7.5000  -15.0000  -45.0000 2132.3855   15.4857
   -7.5000   -7.5000  -45.0000 2150.6917   15.0936
    0.0000   -7.5000  -45.0000 2165.5967   14.9753
    7.5000   -7.5000  -45.0000 2156.7029   14.8954
   -7.5000    0.0000  -45.0000 2157.2422   14.7697
    0.0000    0.0000  -45.0000 2170.4373   14.6244
    7.5000    0.0000  -45.0000 2159.9712   14.6029
   -7.5000    7.5000  -45.0000 2155.6577   14.8161
    0.0000    7.5000  -45.0000 2173.3721   14.6528
    7.5000    7.5000  -45.0000 2159.6101   14.6217
   -7.5000   15.0000  -45.0000 2137.4595   15.0618
    0.0000   15.0000  -45.0000 2155.5852   14.8704
    7.5000   15.0000  -45.0000 2138.8730   14.8692
   -7.5000   22.5000  -45.0000 2116.4138   15.6066
    0.0000   22.5000  -45.0000 2134.1433   15.3659
    7.5000   22.5000  -45.0000 2115.6355   15.3517
   -7.5000   30.0000  -45.0000 2075.6099   16.4425
    0.0000   30.0000  -45.0000 2090.2078   16.1479
    7.5000   30.0000  -45.0000 2076.4961   16.1739
   -7.5000   37.5000  -45.0000 2013.0499   17.6731
    0.0000   37.5000  -45.0000 2030.9219   17.3241
    7.5000   37.5000  -45.0000 2018.1552   17.3609
   -7.5000   45.0000  -45.0000 1932.5627   19.2881
    0.0000   45.0000  -45.0000 1953.0526   18.9050
    7.5000   45.0000  -45.0000 1933.4661   19.0454
   -7.5000  -45.0000  -37.5000 1839.1072   20.5232
    0.0000  -45.0000  -37.5000 1851.5991   20.3348
    7.5000  -45.0000  -37.5000 1847.0350   20.3194
   -7.5000  -37.5000  -37.5000 1966.9059   18.2381
    0.0000  -37.5000  -37.5000 1981.8807   18.0633
    7.5000  -37.5000  -37.5000 1974.0604   17.9612
   -7.5000  -30.0000  -37.5000 2075.4966   16.5173
    0.0000  -30.0000  -37.5000 2096.6658   16.3744
    7.5000  -30.0000  -37.5000 2086.5901   16.2102
   -7.5000  -22.5000  -37.5000 2168.2354   15.2974
    0.0000  -22.5000  -37.5000 2187.7102   15.2114
    7.5000  -22.5000  -37.5000 2176.3503   15.0275
   -7.5000  -15.0000  -37.5000 2224.9832   14.4110
    0.0000  -15.0000  -37.5000 2247.7515   14.3586
    7.5000  -15.0000  -37.5000 2227.9971   14.1989
   -7.5000   -7.5000  -37.5000 2245.7888   13.8533
    0.0000   -7.5000  -37.5000 2274.3281   13.7962
    7.5000   -7.5000  -37.5000 2255.9087   13.6538
   -7.5000    0.0000  -37.5000 2257.3843   13.5526
    0.0000    0.0000  -37.5000 2282.3413   13.4531
    7.5000    0.0000  -37.5000 2265.7603   13.3616
   -7.5000    7.5000  -37.5000 2256.3628   13.5598
    0.0000    7.5000  -37.5000 2280.6621   13.4369
    7.5000    7.5000  -37.5000 2266.9526   13.3493
   -7.5000   15.0000  -37.5000 2241.2336   13.7358
    0.0000   15.0000  -37.5000 2260.2036   13.6059
    7.5000   15.0000  -37.5000 2250.2366   13.5685
   -7.5000   22.5000  -37.5000 2220.7605   14.2256
    0.0000   22.5000  -37.5000 2244.7051   14.0441
    7.5000   22.5000  -37.5000 2228.7461   13.9877
   -7.5000   30.0000  -37.5000 2176.3047   14.9813
    0.0000   30.0000  -37.5000 2197.3455   14.7833
    7.5000   30.0000  -37.5000 2186.6799   14.7523
   -7.5000   37.5000  -37.5000 2112.5229   16.1207
    0.0000   37.5000  -37.5000 2131.9805   15.8762
    7.5000   37.5000  -37.5000 2122.8120   15.8637
   -7.5000   45.0000  -37.5000 2029.2875   17.6035
    0.0000   45.0000  -37.5000 2045.1372   17.3136
    7.5000   45.0000  -37.5000 2032.0363   17.3877
   -7.5000  -45.0000  -30.0000 1945.4235   19.6809
    0.0000  -45.0000  -30.0000 1960.5718   19.5811
    7.5000  -45.0000  -30.0000 1955.7646   19.4243
   -7.5000  -37.5000  -30.0000 2081.5518   17.5076
    0.0000  -37.5000  -30.0000 2103.3953   17.3828
    7.5000  -37.5000  -30.0000 2092.3015   17.1860
   -7.5000  -30.0000  -30.0000 2199.6165   15.8661
    0.0000  -30.0000  -30.0000 2226.5398   15.7256
    7.5000  -30.0000  -30.0000 2211.6340   15.5247
   -7.5000  -22.5000  -30.0000 2293.4988   14.6131
    0.0000  -22.5000  -30.0000 2319.5959   14.5065
    7.5000  -22.5000  -30.0000 2303.8987   14.3162
   -7.5000  -15.0000  -30.0000 2360.3098   13.7470
    0.0000  -15.0000  -30.0000 2390.2976   13.6366
    7.5000  -15.0000  -30.0000 2367.1255   13.4924
   -7.5000   -7.5000  -30.0000 2388.7368   13.2046
    0.0000   -7.5000  -30.0000 2415.6904   13.1057
    7.5000   -7.5000  -30.0000 2400.7510   12.9423
   -7.5000    0.0000  -30.0000 2406.1829   12.8750
    0.0000    0.0000  -30.0000 2431.6145   12.7985
    7.5000    0.0000  -30.0000 2415.8340   12.6573
   -7.5000    7.5000  -30.0000 2413.5935   12.8449
    0.0000    7.5000  -30.0000 2437.9395   12.7303
    7.5000    7.5000  -30.0000 2422.6553   12.6199
   -7.5000   15.0000  -30.0000 2393.8496   13.0262
    0.0000   15.0000  -30.0000 2418.5647   12.9091
    7.5000   15.0000  -30.0000 2404.9866   12.8255
   -7.5000   22.5000  -30.0000 2369.7864   13.5020
    0.0000   22.5000  -30.0000 2397.0081   13.3526
    7.5000   22.5000  -30.0000 2380.4702   13.2739
   -7.5000   30.0000  -30.0000 2318.1216   14.2272
    0.0000   30.0000  -30.0000 2340.2183   14.0711
    7.5000   30.0000  -30.0000 2333.7229   14.0065
   -7.5000   37.5000  -30.0000 2246.4941   15.3058
    0.0000   37.5000  -30.0000 2270.8848   15.1227
    7.5000   37.5000  -30.0000 2265.0339   15.1003
   -7.5000   45.0000  -30.0000 2157.0164   16.7341
    0.0000   45.0000  -30.0000 2175.5786   16.5136
    7.5000   45.0000  -30.0000 2165.0137   16.5700
   -7.5000  -45.0000  -22.5000 2033.3308   18.7484
    0.0000  -45.0000  -22.5000 2051.4387   18.5567
    7.5000  -45.0000  -22.5000 2033.3667   18.4116
   -7.5000  -37.5000  -22.5000 2176.8154   16.6710
    0.0000  -37.5000  -22.5000 2201.1846   16.5104
    7.5000  -37.5000  -22.5000 2177.3892   16.3100
   -7.5000  -30.0000  -22.5000 2295.7180   15.1080
    0.0000  -30.0000  -22.5000 2324.2327   14.9650
    7.5000  -30.0000  -22.5000 2300.9934   14.7492
   -7.5000  -22.5000  -22.5000 2391.8618   13.8689
    0.0000  -22.5000  -22.5000 2419.3459   13.7563
    7.5000  -22.5000  -22.5000 2401.6587   13.5370
   -7.5000  -15.0000  -22.5000 2464.8230   12.9916
    0.0000  -15.0000  -22.5000 2493.5320   12.8515
    7.5000  -15.0000  -22.5000 2471.7639   12.6944
   -7.5000   -7.5000  -22.5000 2506.6438   12.4448
    0.0000   -7.5000  -22.5000 2533.5354   12.3199
    7.5000   -7.5000  -22.5000 2516.8013   12.1789
   -7.5000    0.0000  -22.5000 2536.1992   12.1067
    0.0000    0.0000  -22.5000 2560.5613   12.0271
    7.5000    0.0000  -22.5000 2541.1101   11.8856
   -7.5000    7.5000  -22.5000 2550.1760   12.0356
    0.0000    7.5000  -22.5000 2575.3308   11.9439
    7.5000    7.5000  -22.5000 2558.8672   11.8100
   -7.5000   15.0000  -22.5000 2529.8403   12.2223
    0.0000   15.0000  -22.5000 2559.9558   12.1171
    7.5000   15.0000  -22.5000 2540.0251   11.9956
   -7.5000   22.5000  -22.5000 2498.3691   12.7077
    0.0000   22.5000  -22.5000 2530.7021   12.5948
    7.5000   22.5000  -22.5000 2508.8005   12.5008
   -7.5000   30.0000  -22.5000 2440.6355   13.4313
    0.0000   30.0000  -22.5000 2473.9380   13.3119
    7.5000   30.0000  -22.5000 2458.4026   13.1989
   -7.5000   37.5000  -22.5000 2366.6775   14.4426
    0.0000   37.5000  -22.5000 2396.6750   14.2761
    7.5000   37.5000  -22.5000 2384.2024   14.2252
   -7.5000   45.0000  -22.5000 2264.1577   15.8088
    0.0000   45.0000  -22.5000 2293.7900   15.5933
    7.5000   45.0000  -22.5000 2276.7583   15.6039
   -7.5000  -45.0000  -15.0000 2088.0237   17.8551
    0.0000  -45.0000  -15.0000 2109.1570   17.6140
    7.5000  -45.0000  -15.0000 2084.9529   17.5651
   -7.5000  -37.5000  -15.0000 2238.5469   15.8586
    0.0000  -37.5000  -15.0000 2263.1904   15.6062
    7.5000  -37.5000  -15.0000 2236.3206   15.5636
   -7.5000  -30.0000  -15.0000 2354.3435   14.3250
    0.0000  -30.0000  -15.0000 2380.4636   14.0965
    7.5000  -30.0000  -15.0000 2357.0740   13.9849
   -7.5000  -22.5000  -15.0000 2449.4832   13.1249
    0.0000  -22.5000  -15.0000 2477.6440   12.9676
    7.5000  -22.5000  -15.0000 2460.5952   12.8276
   -7.5000  -15.0000  -15.0000 2532.9846   12.2589
    0.0000  -15.0000  -15.0000 2563.5098   12.1206
    7.5000  -15.0000  -15.0000 2543.7087   11.9861
   -7.5000   -7.5000  -15.0000 2592.7861   11.6912
    0.0000   -7.5000  -15.0000 2621.1399   11.5455
    7.5000   -7.5000  -15.0000 2607.4165   11.4307
   -7.5000    0.0000  -15.0000 2630.5684   11.3617
    0.0000    0.0000  -15.0000 2657.5376   11.2515
    7.5000    0.0000  -15.0000 2638.0713   11.1407
   -7.5000    7.5000  -15.0000 2652.5420   11.2309
    0.0000    7.5000  -15.0000 2683.0652   11.1486
    7.5000    7.5000  -15.0000 2658.1880   11.0405
   -7.5000   15.0000  -15.0000 2636.7610   11.4236
    0.0000   15.0000  -15.0000 2669.7717   11.3252
    7.5000   15.0000  -15.0000 2644.6487   11.2083
   -7.5000   22.5000  -15.0000 2608.7595   11.9479
    0.0000   22.5000  -15.0000 2642.4141   11.8352
    7.5000   22.5000  -15.0000 2618.2720   11.7258
   -7.5000   30.0000  -15.0000 2546.7573   12.6725
    0.0000   30.0000  -15.0000 2581.0334   12.5328
    7.5000   30.0000  -15.0000 2559.6855   12.4499
   -7.5000   37.5000  -15.0000 2462.8440   13.6398
    0.0000   37.5000  -15.0000 2493.5166   13.4794
    7.5000   37.5000  -15.0000 2472.1167   13.4048
   -7.5000   45.0000  -15.0000 2357.4031   14.9275
    0.0000   45.0000  -15.0000 2382.9224   14.7531
    7.5000   45.0000  -15.0000 2362.4045   14.6811
   -7.5000  -45.0000   -7.5000 2126.2429   17.0770
    0.0000  -45.0000   -7.5000 2142.2683   16.8022
    7.5000  -45.0000   -7.5000 2128.3977   16.8472
   -7.5000  -37.5000   -7.5000 2278.2556   15.1521
    0.0000  -37.5000   -7.5000 2298.4717   14.8785
    7.5000  -37.5000   -7.5000 2278.6169   14.8948
   -7.5000  -30.0000   -7.5000 2392.3132   13.6095
    0.0000  -30.0000   -7.5000 2411.7566   13.3794
    7.5000  -30.0000   -7.5000 2401.0093   13.3580
   -7.5000  -22.5000   -7.5000 2493.6814   12.4579
    0.0000  -22.5000   -7.5000 2519.8743   12.2411
    7.5000  -22.5000   -7.5000 2512.2949   12.2156
   -7.5000  -15.0000   -7.5000 2589.3303   11.5960
    0.0000  -15.0000   -7.5000 2624.8616   11.4022
    7.5000  -15.0000   -7.5000 2609.7686   11.3755
   -7.5000   -7.5000   -7.5000 2664.4543   11.0167
    0.0000   -7.5000   -7.5000 2703.0276   10.8290
    7.5000   -7.5000   -7.5000 2685.2327   10.7618
   -7.5000    0.0000   -7.5000 2720.3472   10.6634
    0.0000    0.0000   -7.5000 2752.1968   10.4980
    7.5000    0.0000   -7.5000 2728.2400   10.4162
   -7.5000    7.5000   -7.5000 2745.5710   10.5394
    0.0000    7.5000   -7.5000 2779.2507   10.4061
    7.5000    7.5000   -7.5000 2748.7000   10.3304
   -7.5000   15.0000   -7.5000 2733.6548   10.7387
    0.0000   15.0000   -7.5000 2762.2222   10.5997
    7.5000   15.0000   -7.5000 2740.7400   10.5143
   -7.5000   22.5000   -7.5000 2706.0977   11.2396
    0.0000   22.5000   -7.5000 2737.8921   11.0971
    7.5000   22.5000   -7.5000 2715.5312   11.0237
   -7.5000   30.0000   -7.5000 2637.9746   11.9245
    0.0000   30.0000   -7.5000 2665.9785   11.7789
    7.5000   30.0000   -7.5000 2646.2104   11.7258
   -7.5000   37.5000   -7.5000 2545.8618   12.8455
    0.0000   37.5000   -7.5000 2569.8259   12.6939
    7.5000   37.5000   -7.5000 2552.1951   12.6576
   -7.5000   45.0000   -7.5000 2424.4197   14.1212
    0.0000   45.0000   -7.5000 2447.0986   13.9503
    7.5000   45.0000   -7.5000 2430.0637   13.9117
   -7.5000  -45.0000    0.0000 2141.4731   16.5779
    0.0000  -45.0000    0.0000 2162.2791   16.3328
    7.5000  -45.0000    0.0000 2152.6062   16.4582
   -7.5000  -37.5000    0.0000 2291.9453   14.6508
    0.0000  -37.5000    0.0000 2315.4783   14.3733
    7.5000  -37.5000    0.0000 2301.9670   14.4713
   -7.5000  -30.0000    0.0000 2410.7451   13.1638
    0.0000  -30.0000    0.0000 2434.8748   12.8829
    7.5000  -30.0000    0.0000 2426.7866   12.9387
   -7.5000  -22.5000    0.0000 2522.1333   12.0432
    0.0000  -22.5000    0.0000 2551.1934   11.7653
    7.5000  -22.5000    0.0000 2545.7598   11.8329
   -7.5000  -15.0000    0.0000 2628.5288   11.1788
    0.0000  -15.0000    0.0000 2661.4536   10.9202
    7.5000  -15.0000    0.0000 2651.9426   10.9798
   -7.5000   -7.5000    0.0000 2723.2844   10.5681
    0.0000   -7.5000    0.0000 2756.9333   10.3141
    7.5000   -7.5000    0.0000 2741.4575   10.3484
   -7.5000    0.0000    0.0000 2793.0532   10.1875
    0.0000    0.0000    0.0000 2825.4707    9.9288
    7.5000    0.0000    0.0000 2801.1960    9.9462
   -7.5000    7.5000    0.0000 2833.2642   10.0649
    0.0000    7.5000    0.0000 2859.9277    9.7975
    7.5000    7.5000    0.0000 2828.3008    9.8280
   -7.5000   15.0000    0.0000 2822.3838   10.2871
    0.0000   15.0000    0.0000 2848.0330   10.0425
    7.5000   15.0000    0.0000 2824.0024   10.0374
   -7.5000   22.5000    0.0000 2778.0210   10.7414
    0.0000   22.5000    0.0000 2805.9917   10.5378
    7.5000   22.5000    0.0000 2788.5847   10.5163
   -7.5000   30.0000    0.0000 2697.1460   11.3756
    0.0000   30.0000    0.0000 2722.7302   11.1829
    7.5000   30.0000    0.0000 2710.0737   11.1909
   -7.5000   37.5000    0.0000 2595.2192   12.3117
    0.0000   37.5000    0.0000 2618.4714   12.1193
    7.5000   37.5000    0.0000 2604.3655   12.1462
   -7.5000   45.0000    0.0000 2470.8225   13.5498
    0.0000   45.0000    0.0000 2492.7732   13.3566
    7.5000   45.0000    0.0000 2473.8547   13.3864
   -7.5000  -45.0000    7.5000 2157.9385   16.4252
    0.0000  -45.0000    7.5000 2182.8994   16.1216
    7.5000  -45.0000    7.5000 2170.3445   16.2825
   -7.5000  -37.5000    7.5000 2306.3479   14.4359
    0.0000  -37.5000    7.5000 2327.6533   14.0990
    7.5000  -37.5000    7.5000 2319.7095   14.2781
   -7.5000  -30.0000    7.5000 2426.0464   12.9544
    0.0000  -30.0000    7.5000 2447.3474   12.6100
    7.5000  -30.0000    7.5000 2447.0251   12.7769
   -7.5000  -22.5000    7.5000 2543.5681   11.8324
    0.0000  -22.5000    7.5000 2565.7830   11.4792
    7.5000  -22.5000    7.5000 2567.3008   11.6654
   -7.5000  -15.0000    7.5000 2648.2603   10.9773
    0.0000  -15.0000    7.5000 2672.7742   10.6427
    7.5000  -15.0000    7.5000 2674.5178   10.8118
   -7.5000   -7.5000    7.5000 2748.1189   10.3650
    0.0000   -7.5000    7.5000 2771.6685   10.0436
    7.5000   -7.5000    7.5000 2771.1133   10.1807
   -7.5000    0.0000    7.5000 2840.9443    9.9915
    0.0000    0.0000    7.5000 2867.5349    9.6498
    7.5000    0.0000    7.5000 2849.2832    9.7765
   -7.5000    7.5000    7.5000 2898.4604    9.8184
    0.0000    7.5000    7.5000 2927.0015    9.3913
    7.5000    7.5000    7.5000 2889.8325    9.5902
   -7.5000   15.0000    7.5000 2896.7795   10.0322
    0.0000   15.0000    7.5000 2919.3481    9.6796
    7.5000   15.0000    7.5000 2891.0513    9.7841
   -7.5000   22.5000    7.5000 2830.5063   10.5067
    0.0000   22.5000    7.5000 2856.4778   10.2088
    7.5000   22.5000    7.5000 2841.4153   10.2899
   -7.5000   30.0000    7.5000 2739.8359   11.1218
    0.0000   30.0000    7.5000 2769.1038   10.8858
    7.5000   30.0000    7.5000 2757.3159   10.9551
   -7.5000   37.5000    7.5000 2630.1492   12.0276
    0.0000   37.5000    7.5000 2653.6873   11.8110
    7.5000   37.5000    7.5000 2648.9460   11.8712
   -7.5000   45.0000    7.5000 2498.2925   13.2519
    0.0000   45.0000    7.5000 2517.3381   13.0399
    7.5000   45.0000    7.5000 2507.2949   13.0842
   -7.5000  -45.0000   15.0000 2158.5378   16.3032
    0.0000  -45.0000   15.0000 2180.2014   16.0478
    7.5000  -45.0000   15.0000 2167.2988   16.2208
   -7.5000  -37.5000   15.0000 2307.6572   14.3240
    0.0000  -37.5000   15.0000 2327.9792   14.0480
    7.5000  -37.5000   15.0000 2317.0132   14.2314
   -7.5000  -30.0000   15.0000 2426.5071   12.8749
    0.0000  -30.0000   15.0000 2448.6929   12.5573
    7.5000  -30.0000   15.0000 2441.5300   12.7465
   -7.5000  -22.5000   15.0000 2541.0999   11.7635
    0.0000  -22.5000   15.0000 2557.5767   11.4289
    7.5000  -22.5000   15.0000 2557.7346   11.6338
   -7.5000  -15.0000   15.0000 2652.7080   10.9184
    0.0000  -15.0000   15.0000 2662.9656   10.5698
    7.5000  -15.0000   15.0000 2666.7051   10.8072
   -7.5000   -7.5000   15.0000 2756.8601   10.3426
    0.0000   -7.5000   15.0000 2764.1584   10.0118
    7.5000   -7.5000   15.0000 2771.3684   10.2137
   -7.5000    0.0000   15.0000 2855.7847    9.9863
    0.0000    0.0000   15.0000 2878.3411    9.7103
    7.5000    0.0000   15.0000 2863.0151    9.8379
   -7.5000    7.5000   15.0000 2922.6348    9.7844
    0.0000    7.5000   15.0000 2958.6045    9.3896
    7.5000    7.5000   15.0000 2911.6628    9.6531
   -7.5000   15.0000   15.0000 2926.2119    9.9192
    0.0000   15.0000   15.0000 2962.2439    9.5911
    7.5000   15.0000   15.0000 2909.1631    9.7789
   -7.5000   22.5000   15.0000 2847.9871   10.4348
    0.0000   22.5000   15.0000 2883.9985   10.2108
    7.5000   22.5000   15.0000 2849.2102   10.2490
   -7.5000   30.0000   15.0000 2752.3218   11.0543
    0.0000   30.0000   15.0000 2782.7341   10.8651
    7.5000   30.0000   15.0000 2765.2314   10.8605
   -7.5000   37.5000   15.0000 2631.6489   11.9508
    0.0000   37.5000   15.0000 2659.7146   11.7880
    7.5000   37.5000   15.0000 2648.8711   11.7563
   -7.5000   45.0000   15.0000 2495.8442   13.1315
    0.0000   45.0000   15.0000 2526.6731   12.9881
    7.5000   45.0000   15.0000 2504.9424   12.9227
   -7.5000  -45.0000   22.5000 2145.8948   16.5890
    0.0000  -45.0000   22.5000 2161.5095   16.3100
    7.5000  -45.0000   22.5000 2150.5042   16.5421
   -7.5000  -37.5000   22.5000 2298.4653   14.5182
    0.0000  -37.5000   22.5000 2314.3770   14.2402
    7.5000  -37.5000   22.5000 2302.8037   14.4768
   -7.5000  -30.0000   22.5000 2416.6885   12.9772
    0.0000  -30.0000   22.5000 2438.1904   12.6948
    7.5000  -30.0000   22.5000 2425.3413   12.9315
   -7.5000  -22.5000   22.5000 2525.3843   11.9061
    0.0000  -22.5000   22.5000 2545.2471   11.6262
    7.5000  -22.5000   22.5000 2535.2593   11.8548
   -7.5000  -15.0000   22.5000 2637.9609   11.1098
    0.0000  -15.0000   22.5000 2657.9009   10.8454
    7.5000  -15.0000   22.5000 2646.9336   11.0795
   -7.5000   -7.5000   22.5000 2744.3245   10.5392
    0.0000   -7.5000   22.5000 2767.0984   10.3432
    7.5000   -7.5000   22.5000 2751.5386   10.4963
   -7.5000    0.0000   22.5000 2833.0901   10.1445
    0.0000    0.0000   22.5000 2873.2041   10.0143
    7.5000    0.0000   22.5000 2837.4614   10.1248
   -7.5000    7.5000   22.5000 2893.2805    9.9808
    0.0000    7.5000   22.5000 2930.0586    9.8131
    7.5000    7.5000   22.5000 2886.1680    9.9483
   -7.5000   15.0000   22.5000 2891.9106   10.1344
    0.0000   15.0000   22.5000 2932.6440   10.0215
    7.5000   15.0000   22.5000 2879.6826   10.0550
   -7.5000   22.5000   22.5000 2830.2539   10.5881
    0.0000   22.5000   22.5000 2863.1624   10.4582
    7.5000   22.5000   22.5000 2824.2959   10.4458
   -7.5000   30.0000   22.5000 2736.3523   11.2274
    0.0000   30.0000   22.5000 2763.4312   11.0609
    7.5000   30.0000   22.5000 2739.5703   11.0404
   -7.5000   37.5000   22.5000 2614.6243   12.0997
    0.0000   37.5000   22.5000 2639.6609   11.9310
    7.5000   37.5000   22.5000 2623.5488   11.8826
   -7.5000   45.0000   22.5000 2487.1067   13.2193
    0.0000   45.0000   22.5000 2510.8477   13.0497
    7.5000   45.0000   22.5000 2489.1228   13.0011
   -7.5000  -45.0000   30.0000 2117.9924   17.0327
    0.0000  -45.0000   30.0000 2137.7866   16.8769
    7.5000  -45.0000   30.0000 2119.5669   17.0668
   -7.5000  -37.5000   30.0000 2274.4844   14.8859
    0.0000  -37.5000   30.0000 2296.1003   14.7767
    7.5000  -37.5000   30.0000 2272.7478   14.9442
   -7.5000  -30.0000   30.0000 2398.1406   13.3692
    0.0000  -30.0000   30.0000 2424.9290   13.2822
    7.5000  -30.0000   30.0000 2396.5156   13.4511
   -7.5000  -22.5000   30.0000 2501.7424   12.3477
    0.0000  -22.5000   30.0000 2534.4377   12.2303
    7.5000  -22.5000   30.0000 2504.7063   12.3994
   -7.5000  -15.0000   30.0000 2613.4236   11.5777
    0.0000  -15.0000   30.0000 2642.6409   11.4235
    7.5000  -15.0000   30.0000 2615.2986   11.6021
   -7.5000   -7.5000   30.0000 2714.5288   10.9690
    0.0000   -7.5000   30.0000 2742.4619   10.8143
    7.5000   -7.5000   30.0000 2719.2153   10.9625
   -7.5000    0.0000   30.0000 2788.2585   10.5050
    0.0000    0.0000   30.0000 2809.2002   10.2409
    7.5000    0.0000   30.0000 2791.8142   10.4895
   -7.5000    7.5000   30.0000 2838.5730   10.3122
    0.0000    7.5000   30.0000 2858.5854   10.0961
    7.5000    7.5000   30.0000 2840.4861   10.2555
   -7.5000   15.0000   30.0000 2829.3088   10.5254
    0.0000   15.0000   30.0000 2864.6604   10.3550
    7.5000   15.0000   30.0000 2830.4658   10.4206
   -7.5000   22.5000   30.0000 2770.0757   10.9986
    0.0000   22.5000   30.0000 2798.6729   10.8284
    7.5000   22.5000   30.0000 2772.8418   10.8696
   -7.5000   30.0000   30.0000 2684.0532   11.5932
    0.0000   30.0000   30.0000 2709.3027   11.4785
    7.5000   30.0000   30.0000 2691.9539   11.4823
   -7.5000   37.5000   30.0000 2574.2214   12.4503
    0.0000   37.5000   30.0000 2597.9292   12.3205
    7.5000   37.5000   30.0000 2576.3911   12.2869
   -7.5000   45.0000   30.0000 2449.4714   13.5628
    0.0000   45.0000   30.0000 2471.7788   13.4163
    7.5000   45.0000   30.0000 2450.9861   13.3386
   -7.5000  -45.0000   37.5000 2086.2773   17.7221
    0.0000  -45.0000   37.5000 2101.5576   17.6774
    7.5000  -45.0000   37.5000 2080.3533   17.9341
   -7.5000  -37.5000   37.5000 2245.1821   15.5756
    0.0000  -37.5000   37.5000 2270.3025   15.5407
    7.5000  -37.5000   37.5000 2236.9817   15.7094
   -7.5000  -30.0000   37.5000 2372.4966   14.0275
    0.0000  -30.0000   37.5000 2397.9910   13.9702
    7.5000  -30.0000   37.5000 2365.7202   14.1286
   -7.5000  -22.5000   37.5000 2472.9265   12.9865
    0.0000  -22.5000   37.5000 2502.9397   12.8603
    7.5000  -22.5000   37.5000 2470.1768   13.0011
   -7.5000  -15.0000   37.5000 2575.1277   12.1480
    0.0000  -15.0000   37.5000 2603.5173   12.0000
    7.5000  -15.0000   37.5000 2573.5801   12.1398
   -7.5000   -7.5000   37.5000 2665.0569   11.4489
    0.0000   -7.5000   37.5000 2690.8984   11.2403
    7.5000   -7.5000   37.5000 2665.8699   11.4572
   -7.5000    0.0000   37.5000 2727.1958   10.9406
    0.0000    0.0000   37.5000 2754.6150   10.7180
    7.5000    0.0000   37.5000 2732.0728   10.9364
   -7.5000    7.5000   37.5000 2765.2476   10.7888
    0.0000    7.5000   37.5000 2783.9448   10.5867
    7.5000    7.5000   37.5000 2766.7173   10.7308
   -7.5000   15.0000   37.5000 2752.5425   11.0041
    0.0000   15.0000   37.5000 2782.0234   10.7986
    7.5000   15.0000   37.5000 2752.0898   10.8886
   -7.5000   22.5000   37.5000 2698.9714   11.4645
    0.0000   22.5000   37.5000 2723.7698   11.2539
    7.5000   22.5000   37.5000 2702.3730   11.3174
   -7.5000   30.0000   37.5000 2616.5618   12.0796
    0.0000   30.0000   37.5000 2640.7717   11.8874
    7.5000   30.0000   37.5000 2628.6401   11.9372
   -7.5000   37.5000   37.5000 2517.2390   12.9369
    0.0000   37.5000   37.5000 2542.7493   12.7876
    7.5000   37.5000   37.5000 2528.1685   12.8089
   -7.5000   45.0000   37.5000 2402.1753   14.0757
    0.0000   45.0000   37.5000 2426.7480   13.9360
    7.5000   45.0000   37.5000 2409.2251   13.8919
   -7.5000  -45.0000   45.0000 2046.4196   18.6011
    0.0000  -45.0000   45.0000 2053.6191   18.5390
    7.5000  -45.0000   45.0000 2029.8483   18.8057
   -7.5000  -37.5000   45.0000 2206.6487   16.4164
    0.0000  -37.5000   45.0000 2223.7854   16.3704
    7.5000  -37.5000   45.0000 2189.6960   16.5031
   -7.5000  -30.0000   45.0000 2328.9917   14.8138
    0.0000  -30.0000   45.0000 2350.3252   14.7516
    7.5000  -30.0000   45.0000 2315.2070   14.8492
   -7.5000  -22.5000   45.0000 2427.8955   13.7113
    0.0000  -22.5000   45.0000 2454.7368   13.6080
    7.5000  -22.5000   45.0000 2419.5967   13.6857
   -7.5000  -15.0000   45.0000 2518.7832   12.7766
    0.0000  -15.0000   45.0000 2544.4917   12.6564
    7.5000  -15.0000   45.0000 2514.9333   12.7914
   -7.5000   -7.5000   45.0000 2592.4470   12.0511
    0.0000   -7.5000   45.0000 2622.2427   11.8735
    7.5000   -7.5000   45.0000 2588.6162   12.0756
   -7.5000    0.0000   45.0000 2648.1580   11.5485
    0.0000    0.0000   45.0000 2671.8086   11.4054
    7.5000    0.0000   45.0000 2646.2388   11.5472
   -7.5000    7.5000   45.0000 2677.0034   11.4198
    0.0000    7.5000   45.0000 2696.5322   11.2653
    7.5000    7.5000   45.0000 2676.3965   11.3736
   -7.5000   15.0000   45.0000 2661.8481   11.5975
    0.0000   15.0000   45.0000 2691.5039   11.4175
    7.5000   15.0000   45.0000 2661.0037   11.4854
   -7.5000   22.5000   45.0000 2617.8784   12.0366
    0.0000   22.5000   45.0000 2640.3799   11.8584
    7.5000   22.5000   45.0000 2612.8730   11.9093
   -7.5000   30.0000   45.0000 2539.2458   12.6562
    0.0000   30.0000   45.0000 2561.7925   12.4867
    7.5000   30.0000   45.0000 2543.6936   12.5235
   -7.5000   37.5000   45.0000 2447.3926   13.5250
    0.0000   37.5000   45.0000 2477.9014   13.3428
    7.5000   37.5000   45.0000 2459.1169   13.3756
   -7.5000   45.0000   45.0000 2337.0203   14.6987
    0.0000   45.0000   45.0000 2362.3340   14.5534
    7.5000   45.0000   45.0000 2343.7234   14.5366

---------------------------------------------------------------------
imgreg_4dfp /opt/freesurfer/average/711-2C_as_mni_average_305 /opt/freesurfer/average/711-2B_as_mni_average_305_mask talsrcimg_g11 none talsrcimg_to_711-2C_as_mni_average_305_t4 1283
---------------------------------------------------------------------

freesurfer imgreg_4dfp.c
/opt/freesurfer/average/711-2C_as_mni_average_305.4dfp.img
       256       256       256         1
  1.000000  1.000000  1.000000
orientation T byte_order littleendian
Reading image: /opt/freesurfer/average/711-2C_as_mni_average_305.4dfp.img
dimensions:      256       256       256
mmppix:       1.0000   -1.0000   -1.0000
center:     128.0000 -129.0000 -129.0000
/opt/freesurfer/average/711-2B_as_mni_average_305_mask.4dfp.img
       256       256       256         1
  1.000000  1.000000  1.000000
orientation T byte_order littleendian
Reading mask: /opt/freesurfer/average/711-2B_as_mni_average_305_mask.4dfp.img (2306576 pixels)
talsrcimg_g11.4dfp.img
       256       256       256         1
  1.000000  1.000000  1.000000
orientation T byte_order littleendian
Reading image: talsrcimg_g11.4dfp.img
dimensions:      256       256       256
mmppix:       1.0000   -1.0000   -1.0000
center:     128.0000 -129.0000 -129.0000
rotation matrix determinant  1.000000
fimgreg.f
image alignment mode   1283 decimal      503 hex
parameters
    0.0000   15.0000   15.0000    0.0000    0.0000    0.0000
eta,q 0.93050  9.58126
niter,ni,del,rscale     5    3   12.0000    1.2000
parameter  2  0.796483 ->  0.500000 qaram    1.1500
parameter  6  0.722092 ->  0.500000 qaram    1.1500
parameters
   -0.4973   11.5500   15.7633    0.5463    0.8871   -3.4500
eta,q 0.93474  9.35556
  0.0809  0.0702  0.0756  0.0772  0.0740  0.0661
  0.0763  0.0690  0.0751  0.0732  0.0708  0.0652
  0.0749  0.0705  0.0726  0.0692  0.0691  0.0660
  0.0741  0.0734  0.0688  0.0677  0.0680  0.0679
  0.0752  0.0794  0.0681  0.0689  0.0676  0.0704
  0.0784  0.0860  0.0705  0.0711  0.0685  0.0741
  0.0836  0.0921  0.0754  0.0743  0.0716  0.0781
niter,ni,del,rscale     6    3   12.0000    1.2000
parameters
   -0.2084   10.9711   15.8990    0.8500    1.9237   -3.4314
eta,q 0.93578  9.33404
  0.0753  0.0757  0.0730  0.0741  0.0734  0.0740
  0.0720  0.0717  0.0718  0.0696  0.0702  0.0683
  0.0682  0.0662  0.0679  0.0653  0.0674  0.0646
  0.0653  0.0651  0.0649  0.0649  0.0651  0.0642
  0.0649  0.0667  0.0660  0.0664  0.0638  0.0657
  0.0681  0.0725  0.0689  0.0687  0.0655  0.0689
  0.0759  0.0822  0.0744  0.0718  0.0703  0.0730
niter,ni,del,rscale     5    3   12.0000    1.2000
parameters
   -0.1778   10.7106   16.0371    1.0635    1.9533   -3.4619
eta,q 0.93579  9.33530
  0.0762  0.0754  0.0729  0.0731  0.0720  0.0736
  0.0716  0.0717  0.0719  0.0686  0.0689  0.0679
  0.0668  0.0662  0.0677  0.0644  0.0662  0.0645
  0.0642  0.0642  0.0642  0.0641  0.0642  0.0642
  0.0649  0.0654  0.0653  0.0657  0.0641  0.0657
  0.0701  0.0701  0.0688  0.0681  0.0679  0.0688
  0.0774  0.0798  0.0746  0.0712  0.0731  0.0728
niter,ni,del,rscale     4    3   12.0000    1.2000
parameters
   -0.1596   10.6015   16.0883    1.1567    1.9628   -3.4776
eta,q 0.93575  9.33536
  0.0766  0.0754  0.0732  0.0726  0.0720  0.0735
  0.0717  0.0716  0.0720  0.0682  0.0689  0.0679
  0.0667  0.0665  0.0675  0.0642  0.0663  0.0645
  0.0642  0.0642  0.0642  0.0642  0.0643  0.0643
  0.0651  0.0652  0.0656  0.0659  0.0641  0.0657
  0.0705  0.0692  0.0693  0.0683  0.0680  0.0687
  0.0778  0.0786  0.0751  0.0712  0.0733  0.0726
niter,ni,del,rscale     3    3   12.0000    1.2000
parameters
   -0.1543   10.5586   16.1061    1.1961    1.9652   -3.4858
eta,q 0.93572  9.33539
  0.0768  0.0754  0.0733  0.0725  0.0720  0.0734
  0.0718  0.0715  0.0720  0.0680  0.0690  0.0679
  0.0667  0.0666  0.0674  0.0641  0.0663  0.0645
  0.0643  0.0643  0.0643  0.0643  0.0643  0.0643
  0.0652  0.0651  0.0658  0.0660  0.0642  0.0657
  0.0707  0.0689  0.0695  0.0684  0.0681  0.0687
  0.0780  0.0782  0.0753  0.0713  0.0733  0.0726
registration optimization eta report
parameter search radius
    6.0000    6.9000    6.0000    6.0000    6.0000    6.9000
100000*second partial in parameter space
       36.       26.       26.       21.       23.       19.
  0.0768  0.0754  0.0733  0.0725  0.0720  0.0734
  0.0718  0.0715  0.0720  0.0680  0.0690  0.0679
  0.0667  0.0666  0.0674  0.0641  0.0663  0.0645
  0.0643  0.0643  0.0643  0.0643  0.0643  0.0643
  0.0652  0.0651  0.0658  0.0660  0.0642  0.0657
  0.0707  0.0689  0.0695  0.0684  0.0681  0.0687
  0.0780  0.0782  0.0753  0.0713  0.0733  0.0726
   -0.1543   10.5586   16.1061    1.1961    1.9652   -3.4858
eta,q 0.93572  9.33539

---------------------------------------------------------------------
imgreg_4dfp /opt/freesurfer/average/711-2C_as_mni_average_305 /opt/freesurfer/average/711-2B_as_mni_average_305_mask talsrcimg_g11 none talsrcimg_to_711-2C_as_mni_average_305_t4 3335
---------------------------------------------------------------------

freesurfer imgreg_4dfp.c
/opt/freesurfer/average/711-2C_as_mni_average_305.4dfp.img
       256       256       256         1
  1.000000  1.000000  1.000000
orientation T byte_order littleendian
Reading image: /opt/freesurfer/average/711-2C_as_mni_average_305.4dfp.img
dimensions:      256       256       256
mmppix:       1.0000   -1.0000   -1.0000
center:     128.0000 -129.0000 -129.0000
/opt/freesurfer/average/711-2B_as_mni_average_305_mask.4dfp.img
       256       256       256         1
  1.000000  1.000000  1.000000
orientation T byte_order littleendian
Reading mask: /opt/freesurfer/average/711-2B_as_mni_average_305_mask.4dfp.img (2306576 pixels)
talsrcimg_g11.4dfp.img
       256       256       256         1
  1.000000  1.000000  1.000000
orientation T byte_order littleendian
Reading image: talsrcimg_g11.4dfp.img
dimensions:      256       256       256
mmppix:       1.0000   -1.0000   -1.0000
center:     128.0000 -129.0000 -129.0000
fimgreg.f
image alignment mode   3335 decimal      D07 hex
parameters
   -0.1543   10.5586   16.1061   -0.2437   -0.2024   -0.0806
    6.0074   -3.5491   -6.0766   -1.8751    3.4293    2.0862
eta,q 0.93482  9.42585
niter,ni,del,rscale     5    3    5.0000    1.2000
parameter  1  0.983027 ->  0.500000 qaram    1.1500
parameter  4-24.278893 ->  0.500000 qaram    1.1500
parameter  5 36.545925 ->  0.500000 qaram    1.1500
parameter  6  1.506308 ->  0.500000 qaram    1.1500
parameter  9 -0.544127 -> -0.500000 qaram    1.1500
parameter 11  0.531274 ->  0.500000 qaram    1.1500
parameters
   -1.5343   11.6335   15.5931   -4.3837   -4.3424   -4.2206
    4.5956   -3.8724   -1.9366   -0.1151   -0.7107    2.1257
eta,q 0.96405  9.44308
  0.0645  0.0669  0.0650  0.0473  0.0412  0.0368  0.0403  0.0458  0.0427  0.0449  0.0368  0.0389
  0.0643  0.0657  0.0645  0.0519  0.0453  0.0376  0.0388  0.0410  0.0407  0.0419  0.0360  0.0373
  0.0647  0.0649  0.0642  0.0580  0.0493  0.0408  0.0381  0.0382  0.0391  0.0390  0.0361  0.0362
  0.0652  0.0644  0.0641  0.0641  0.0535  0.0464  0.0382  0.0380  0.0379  0.0372  0.0369  0.0360
  0.0655  0.0641  0.0645  0.0703  0.0575  0.0533  0.0391  0.0398  0.0373  0.0370  0.0384  0.0364
  0.0660  0.0642  0.0653  0.0758  0.0614  0.0601  0.0407  0.0428  0.0373  0.0382  0.0405  0.0374
  0.0670  0.0645  0.0665  0.0803  0.0660  0.0665  0.0428  0.0463  0.0378  0.0401  0.0431  0.0387
niter,ni,del,rscale     7    3    5.0000    1.2000
parameter  2  0.560957 ->  0.500000 qaram    1.1500
parameter  3  0.542154 ->  0.500000 qaram    1.1500
parameter  4  0.843493 ->  0.500000 qaram    1.3225
parameter  5  1.169256 ->  0.500000 qaram    1.3225
parameters
   -0.8681   10.2535   14.2131   -9.1447   -9.1034   -7.3136
    4.5144   -2.1594   -2.2620   -0.8609   -0.4906    1.8657
eta,q 0.97696  9.34873
  0.0452  0.0350  0.0343  0.0290  0.0229  0.0249  0.0269  0.0309  0.0266  0.0265  0.0248  0.0247
  0.0414  0.0344  0.0334  0.0284  0.0226  0.0241  0.0250  0.0269  0.0247  0.0245  0.0238  0.0237
  0.0381  0.0345  0.0334  0.0294  0.0244  0.0232  0.0238  0.0245  0.0234  0.0234  0.0233  0.0232
  0.0359  0.0354  0.0344  0.0333  0.0285  0.0229  0.0233  0.0233  0.0230  0.0230  0.0230  0.0230
  0.0354  0.0368  0.0363  0.0406  0.0332  0.0257  0.0238  0.0231  0.0237  0.0238  0.0232  0.0233
  0.0366  0.0389  0.0390  0.0486  0.0378  0.0323  0.0251  0.0238  0.0251  0.0257  0.0237  0.0239
  0.0397  0.0415  0.0419  0.0550  0.0431  0.0391  0.0271  0.0259  0.0271  0.0284  0.0246  0.0249
niter,ni,del,rscale     7    3    5.0000    1.2000
parameters
   -0.5101   10.3550   13.5383  -10.9289  -11.1566   -8.6070
    4.9212   -2.2705   -2.5213   -0.9635   -0.5353    1.9644
eta,q 0.97654  9.16198
  0.0303  0.0285  0.0242  0.0274  0.0278  0.0257  0.0270  0.0272  0.0264  0.0267  0.0248  0.0250
  0.0266  0.0256  0.0232  0.0254  0.0253  0.0243  0.0252  0.0251  0.0247  0.0249  0.0241  0.0241
  0.0242  0.0237  0.0228  0.0238  0.0234  0.0238  0.0240  0.0238  0.0238  0.0239  0.0236  0.0237
  0.0230  0.0230  0.0230  0.0228  0.0232  0.0231  0.0235  0.0235  0.0235  0.0235  0.0235  0.0235
  0.0232  0.0235  0.0237  0.0237  0.0254  0.0228  0.0237  0.0240  0.0239  0.0238  0.0236  0.0236
  0.0247  0.0251  0.0248  0.0283  0.0298  0.0252  0.0247  0.0253  0.0250  0.0250  0.0241  0.0241
  0.0273  0.0277  0.0264  0.0360  0.0343  0.0306  0.0263  0.0274  0.0268  0.0270  0.0248  0.0249
niter,ni,del,rscale     6    3    5.0000    1.2000
parameters
   -0.3547   10.4865   13.9397  -11.0869  -11.5844   -8.2983
    4.9344   -2.2041   -2.5764   -0.8967   -0.5661    2.1181
eta,q 0.97658  9.15314
  0.0287  0.0282  0.0259  0.0287  0.0296  0.0267  0.0266  0.0274  0.0264  0.0266  0.0248  0.0250
  0.0261  0.0257  0.0246  0.0265  0.0269  0.0249  0.0249  0.0252  0.0248  0.0249  0.0241  0.0241
  0.0243  0.0241  0.0238  0.0248  0.0247  0.0240  0.0238  0.0239  0.0238  0.0238  0.0236  0.0236
  0.0235  0.0234  0.0234  0.0234  0.0234  0.0235  0.0234  0.0234  0.0234  0.0234  0.0234  0.0234
  0.0237  0.0238  0.0234  0.0231  0.0241  0.0228  0.0237  0.0239  0.0238  0.0237  0.0236  0.0236
  0.0252  0.0252  0.0239  0.0250  0.0273  0.0231  0.0248  0.0252  0.0248  0.0247  0.0241  0.0240
  0.0278  0.0274  0.0248  0.0309  0.0315  0.0274  0.0266  0.0271  0.0265  0.0265  0.0248  0.0248
niter,ni,del,rscale     5    3    5.0000    1.2000
parameters
   -0.3468   10.5015   14.0150  -10.9833  -11.6746   -8.3042
    4.9438   -2.1827   -2.5768   -0.9172   -0.5677    2.1716
eta,q 0.97660  9.15349
  0.0281  0.0277  0.0255  0.0288  0.0299  0.0265  0.0265  0.0273  0.0264  0.0265  0.0248  0.0249
  0.0257  0.0254  0.0244  0.0267  0.0272  0.0248  0.0249  0.0251  0.0248  0.0248  0.0241  0.0241
  0.0241  0.0239  0.0237  0.0249  0.0248  0.0239  0.0238  0.0238  0.0238  0.0238  0.0236  0.0236
  0.0234  0.0234  0.0234  0.0234  0.0234  0.0234  0.0234  0.0234  0.0234  0.0234  0.0234  0.0234
  0.0239  0.0239  0.0236  0.0230  0.0238  0.0227  0.0237  0.0239  0.0237  0.0237  0.0236  0.0236
  0.0255  0.0254  0.0242  0.0247  0.0267  0.0233  0.0248  0.0252  0.0248  0.0248  0.0240  0.0241
  0.0282  0.0276  0.0253  0.0304  0.0310  0.0280  0.0266  0.0272  0.0264  0.0266  0.0248  0.0248
niter,ni,del,rscale     4    3    5.0000    1.2000
parameters
   -0.3529   10.5035   14.0259  -10.9772  -11.6893   -8.2991
    4.9480   -2.1829   -2.5746   -0.9198   -0.5557    2.1793
eta,q 0.97660  9.15344
  0.0281  0.0277  0.0254  0.0288  0.0300  0.0265  0.0265  0.0273  0.0264  0.0265  0.0248  0.0249
  0.0257  0.0254  0.0243  0.0266  0.0272  0.0248  0.0249  0.0251  0.0248  0.0248  0.0241  0.0240
  0.0241  0.0239  0.0236  0.0249  0.0249  0.0239  0.0238  0.0238  0.0237  0.0238  0.0236  0.0236
  0.0234  0.0234  0.0234  0.0234  0.0234  0.0234  0.0234  0.0234  0.0234  0.0234  0.0234  0.0234
  0.0239  0.0239  0.0236  0.0230  0.0238  0.0227  0.0237  0.0239  0.0237  0.0237  0.0236  0.0236
  0.0256  0.0254  0.0243  0.0248  0.0266  0.0233  0.0248  0.0252  0.0248  0.0248  0.0240  0.0241
  0.0283  0.0276  0.0253  0.0306  0.0309  0.0280  0.0266  0.0272  0.0264  0.0266  0.0248  0.0248
registration optimization eta report
parameter search radius
    2.7600    2.7600    2.7600    9.5220    9.5220    8.2800
    7.2000    7.2000    8.2800    7.2000    8.2800    7.2000
100000*second partial in parameter space
       63.       55.       26.        7.        8.        6.
        6.        7.        4.        6.        2.        3.
  0.0281  0.0277  0.0254  0.0288  0.0300  0.0265  0.0265  0.0273  0.0264  0.0265  0.0248  0.0249
  0.0257  0.0254  0.0243  0.0266  0.0272  0.0248  0.0249  0.0251  0.0248  0.0248  0.0241  0.0240
  0.0241  0.0239  0.0236  0.0249  0.0249  0.0239  0.0238  0.0238  0.0237  0.0238  0.0236  0.0236
  0.0234  0.0234  0.0234  0.0234  0.0234  0.0234  0.0234  0.0234  0.0234  0.0234  0.0234  0.0234
  0.0239  0.0239  0.0236  0.0230  0.0238  0.0227  0.0237  0.0239  0.0237  0.0237  0.0236  0.0236
  0.0256  0.0254  0.0243  0.0248  0.0266  0.0233  0.0248  0.0252  0.0248  0.0248  0.0240  0.0241
  0.0283  0.0276  0.0253  0.0306  0.0309  0.0280  0.0266  0.0272  0.0264  0.0266  0.0248  0.0248
   -0.3529   10.5035   14.0259  -10.9772  -11.6893   -8.2991
    4.9480   -2.1829   -2.5746   -0.9198   -0.5557    2.1793
eta,q 0.97660  9.15344

---------------------------------------------------------------------
imgreg_4dfp /opt/freesurfer/average/711-2C_as_mni_average_305 /opt/freesurfer/average/711-2B_as_mni_average_305_mask talsrcimg_g11 none talsrcimg_to_711-2C_as_mni_average_305_t4 2311
---------------------------------------------------------------------

freesurfer imgreg_4dfp.c
/opt/freesurfer/average/711-2C_as_mni_average_305.4dfp.img
       256       256       256         1
  1.000000  1.000000  1.000000
orientation T byte_order littleendian
Reading image: /opt/freesurfer/average/711-2C_as_mni_average_305.4dfp.img
dimensions:      256       256       256
mmppix:       1.0000   -1.0000   -1.0000
center:     128.0000 -129.0000 -129.0000
/opt/freesurfer/average/711-2B_as_mni_average_305_mask.4dfp.img
       256       256       256         1
  1.000000  1.000000  1.000000
orientation T byte_order littleendian
Reading mask: /opt/freesurfer/average/711-2B_as_mni_average_305_mask.4dfp.img (2306576 pixels)
talsrcimg_g11.4dfp.img
       256       256       256         1
  1.000000  1.000000  1.000000
orientation T byte_order littleendian
Reading image: talsrcimg_g11.4dfp.img
dimensions:      256       256       256
mmppix:       1.0000   -1.0000   -1.0000
center:     128.0000 -129.0000 -129.0000
fimgreg.f
image alignment mode   2311 decimal      907 hex
parameters
   -0.3529   10.5035   14.0259  -10.9772  -11.6893   -8.2991
    4.9480   -2.1829   -2.5746   -0.9198   -0.5557    2.1793
eta,q 0.97660  9.15345
niter,ni,del,rscale     5    3    5.0000    0.8000
parameter  6 -1.596442 -> -0.500000 qaram    1.1500
parameters
   -0.3028   10.4931   14.0198   -8.6799  -11.1646   -5.5391
    4.9378   -1.9876   -2.4807   -0.8270   -1.1968    1.1829
eta,q 0.97803  9.38323
  0.0252  0.0249  0.0240  0.0258  0.0257  0.0243  0.0237  0.0248  0.0234  0.0238  0.0225  0.0224
  0.0243  0.0241  0.0237  0.0249  0.0245  0.0238  0.0228  0.0231  0.0226  0.0228  0.0222  0.0221
  0.0237  0.0236  0.0235  0.0241  0.0236  0.0234  0.0222  0.0223  0.0222  0.0222  0.0220  0.0220
  0.0234  0.0234  0.0234  0.0234  0.0230  0.0229  0.0220  0.0220  0.0220  0.0220  0.0220  0.0220
  0.0235  0.0236  0.0235  0.0230  0.0230  0.0223  0.0222  0.0222  0.0222  0.0222  0.0221  0.0222
  0.0241  0.0241  0.0237  0.0231  0.0237  0.0219  0.0228  0.0229  0.0226  0.0227  0.0224  0.0225
  0.0250  0.0249  0.0241  0.0236  0.0249  0.0222  0.0238  0.0243  0.0233  0.0237  0.0229  0.0230
niter,ni,del,rscale     5    3    5.0000    0.8000
parameters
   -0.4895   10.5808   13.8688   -8.9766  -10.9694   -6.6123
    4.9335   -2.0693   -2.4429   -0.6975   -0.9340    1.3593
eta,q 0.97778  9.34551
  0.0235  0.0238  0.0228  0.0240  0.0247  0.0236  0.0239  0.0242  0.0236  0.0239  0.0228  0.0229
  0.0225  0.0228  0.0223  0.0231  0.0235  0.0232  0.0230  0.0230  0.0228  0.0229  0.0225  0.0226
  0.0220  0.0222  0.0220  0.0223  0.0225  0.0225  0.0224  0.0224  0.0224  0.0224  0.0223  0.0223
  0.0220  0.0219  0.0219  0.0219  0.0220  0.0219  0.0222  0.0222  0.0222  0.0222  0.0222  0.0222
  0.0224  0.0221  0.0221  0.0220  0.0221  0.0221  0.0224  0.0225  0.0224  0.0224  0.0223  0.0223
  0.0232  0.0226  0.0225  0.0230  0.0229  0.0239  0.0230  0.0231  0.0228  0.0229  0.0224  0.0225
  0.0244  0.0235  0.0231  0.0252  0.0245  0.0278  0.0240  0.0244  0.0235  0.0237  0.0227  0.0229
niter,ni,del,rscale     4    3    5.0000    0.7000
parameters
   -0.4893   10.5336   13.6966   -8.7973  -10.8390   -6.4636
    4.9244   -2.0380   -2.4689   -0.7563   -0.9215    1.0692
eta,q 0.97787  9.36029
  0.0237  0.0234  0.0228  0.0239  0.0243  0.0237  0.0235  0.0238  0.0232  0.0234  0.0226  0.0226
  0.0229  0.0227  0.0224  0.0232  0.0233  0.0233  0.0227  0.0228  0.0226  0.0226  0.0223  0.0223
  0.0224  0.0223  0.0222  0.0226  0.0225  0.0228  0.0223  0.0223  0.0222  0.0222  0.0222  0.0222
  0.0222  0.0222  0.0222  0.0222  0.0222  0.0222  0.0221  0.0221  0.0221  0.0221  0.0221  0.0221
  0.0224  0.0224  0.0224  0.0222  0.0223  0.0219  0.0223  0.0223  0.0223  0.0223  0.0222  0.0222
  0.0229  0.0229  0.0227  0.0227  0.0230  0.0223  0.0227  0.0228  0.0226  0.0227  0.0223  0.0224
  0.0237  0.0236  0.0231  0.0239  0.0242  0.0243  0.0235  0.0237  0.0232  0.0234  0.0226  0.0227
niter,ni,del,rscale     3    3    5.0000    0.6000
parameters
   -0.5025   10.5523   13.6466   -8.6335  -10.7581   -5.9748
    4.9303   -2.0647   -2.4917   -0.7553   -0.9054    0.7309
eta,q 0.97804  9.38416
  0.0232  0.0231  0.0226  0.0235  0.0237  0.0235  0.0230  0.0233  0.0228  0.0230  0.0223  0.0223
  0.0226  0.0226  0.0223  0.0229  0.0229  0.0232  0.0224  0.0225  0.0223  0.0224  0.0221  0.0221
  0.0222  0.0222  0.0222  0.0224  0.0224  0.0227  0.0221  0.0221  0.0221  0.0221  0.0220  0.0220
  0.0221  0.0221  0.0221  0.0221  0.0221  0.0221  0.0220  0.0220  0.0220  0.0220  0.0220  0.0220
  0.0223  0.0222  0.0222  0.0221  0.0222  0.0219  0.0221  0.0221  0.0221  0.0221  0.0220  0.0220
  0.0226  0.0225  0.0224  0.0225  0.0227  0.0221  0.0224  0.0225  0.0223  0.0224  0.0221  0.0222
  0.0232  0.0231  0.0227  0.0234  0.0236  0.0235  0.0230  0.0233  0.0228  0.0230  0.0223  0.0224
niter,ni,del,rscale     2    3    5.0000    0.5000
parameters
   -0.5178   10.5798   13.6861   -8.4967  -10.7409   -5.5867
    4.9260   -2.0751   -2.5234   -0.7245   -0.8653    0.5998
eta,q 0.97814  9.40006
  0.0227  0.0227  0.0224  0.0230  0.0231  0.0233  0.0226  0.0228  0.0224  0.0227  0.0221  0.0222
  0.0223  0.0223  0.0222  0.0225  0.0225  0.0229  0.0222  0.0223  0.0221  0.0222  0.0220  0.0220
  0.0220  0.0221  0.0220  0.0222  0.0221  0.0224  0.0219  0.0220  0.0219  0.0219  0.0219  0.0219
  0.0220  0.0220  0.0220  0.0220  0.0219  0.0219  0.0219  0.0219  0.0219  0.0219  0.0219  0.0219
  0.0221  0.0220  0.0220  0.0220  0.0221  0.0218  0.0219  0.0220  0.0219  0.0220  0.0219  0.0219
  0.0223  0.0223  0.0221  0.0223  0.0224  0.0221  0.0222  0.0223  0.0221  0.0222  0.0220  0.0220
  0.0228  0.0226  0.0223  0.0229  0.0231  0.0231  0.0226  0.0228  0.0225  0.0226  0.0222  0.0222
niter,ni,del,rscale     1    3    5.0000    0.4000
parameters
   -0.5337   10.5872   13.7539   -8.3826  -10.7388   -5.2509
    4.9193   -2.0924   -2.5449   -0.6998   -0.8613    0.5534
eta,q 0.97817  9.41261
  0.0224  0.0223  0.0222  0.0226  0.0226  0.0229  0.0223  0.0225  0.0222  0.0224  0.0220  0.0220
  0.0221  0.0221  0.0220  0.0222  0.0222  0.0225  0.0220  0.0221  0.0220  0.0221  0.0219  0.0219
  0.0219  0.0219  0.0219  0.0220  0.0220  0.0221  0.0219  0.0219  0.0219  0.0219  0.0218  0.0218
  0.0219  0.0219  0.0219  0.0219  0.0219  0.0219  0.0218  0.0218  0.0218  0.0218  0.0218  0.0218
  0.0219  0.0219  0.0219  0.0219  0.0219  0.0218  0.0219  0.0219  0.0219  0.0219  0.0218  0.0219
  0.0221  0.0221  0.0220  0.0221  0.0222  0.0220  0.0220  0.0221  0.0220  0.0221  0.0219  0.0219
  0.0224  0.0223  0.0221  0.0225  0.0226  0.0227  0.0223  0.0225  0.0222  0.0223  0.0220  0.0220
registration optimization eta report
parameter search radius
    0.8000    0.8000    0.8000    2.4000    2.4000    2.7600
    2.4000    2.4000    2.4000    2.4000    2.4000    2.4000
100000*second partial in parameter space
       81.       70.       42.       12.       13.       12.
        9.       11.        7.        9.        3.        3.
  0.0224  0.0223  0.0222  0.0226  0.0226  0.0229  0.0223  0.0225  0.0222  0.0224  0.0220  0.0220
  0.0221  0.0221  0.0220  0.0222  0.0222  0.0225  0.0220  0.0221  0.0220  0.0221  0.0219  0.0219
  0.0219  0.0219  0.0219  0.0220  0.0220  0.0221  0.0219  0.0219  0.0219  0.0219  0.0218  0.0218
  0.0219  0.0219  0.0219  0.0219  0.0219  0.0219  0.0218  0.0218  0.0218  0.0218  0.0218  0.0218
  0.0219  0.0219  0.0219  0.0219  0.0219  0.0218  0.0219  0.0219  0.0219  0.0219  0.0218  0.0219
  0.0221  0.0221  0.0220  0.0221  0.0222  0.0220  0.0220  0.0221  0.0220  0.0221  0.0219  0.0219
  0.0224  0.0223  0.0221  0.0225  0.0226  0.0227  0.0223  0.0225  0.0222  0.0223  0.0220  0.0220
   -0.5337   10.5872   13.7539   -8.3826  -10.7388   -5.2509
    4.9193   -2.0924   -2.5449   -0.6998   -0.8613    0.5534
eta,q 0.97817  9.41261

---------------------------------------------------------------------
imgreg_4dfp /opt/freesurfer/average/711-2C_as_mni_average_305 /opt/freesurfer/average/711-2B_as_mni_average_305_mask talsrcimg_g11 none talsrcimg_to_711-2C_as_mni_average_305_t4 2311
---------------------------------------------------------------------

freesurfer imgreg_4dfp.c
/opt/freesurfer/average/711-2C_as_mni_average_305.4dfp.img
       256       256       256         1
  1.000000  1.000000  1.000000
orientation T byte_order littleendian
Reading image: /opt/freesurfer/average/711-2C_as_mni_average_305.4dfp.img
dimensions:      256       256       256
mmppix:       1.0000   -1.0000   -1.0000
center:     128.0000 -129.0000 -129.0000
/opt/freesurfer/average/711-2B_as_mni_average_305_mask.4dfp.img
       256       256       256         1
  1.000000  1.000000  1.000000
orientation T byte_order littleendian
Reading mask: /opt/freesurfer/average/711-2B_as_mni_average_305_mask.4dfp.img (2306576 pixels)
talsrcimg_g11.4dfp.img
       256       256       256         1
  1.000000  1.000000  1.000000
orientation T byte_order littleendian
Reading image: talsrcimg_g11.4dfp.img
dimensions:      256       256       256
mmppix:       1.0000   -1.0000   -1.0000
center:     128.0000 -129.0000 -129.0000
fimgreg.f
image alignment mode   2311 decimal      907 hex
parameters
   -0.5337   10.5872   13.7539   -8.3826  -10.7388   -5.2509
    4.9193   -2.0924   -2.5449   -0.6998   -0.8613    0.5534
eta,q 0.97817  9.41261
niter,ni,del,rscale     5    3    5.0000    0.8000
parameters
   -0.5242   10.5860   13.8301   -9.0162  -10.9268   -6.1458
    4.9779   -2.1292   -2.4656   -0.6171   -0.8824    1.0877
eta,q 0.97792  9.36507
  0.0240  0.0236  0.0231  0.0238  0.0244  0.0234  0.0238  0.0243  0.0234  0.0238  0.0227  0.0230
  0.0228  0.0226  0.0224  0.0229  0.0232  0.0230  0.0229  0.0229  0.0227  0.0228  0.0223  0.0225
  0.0221  0.0220  0.0220  0.0222  0.0223  0.0223  0.0223  0.0223  0.0222  0.0222  0.0221  0.0222
  0.0218  0.0218  0.0218  0.0218  0.0219  0.0219  0.0221  0.0221  0.0221  0.0221  0.0221  0.0221
  0.0221  0.0220  0.0219  0.0221  0.0222  0.0221  0.0222  0.0223  0.0222  0.0223  0.0221  0.0221
  0.0228  0.0226  0.0223  0.0234  0.0232  0.0236  0.0228  0.0230  0.0227  0.0228  0.0223  0.0223
  0.0240  0.0236  0.0228  0.0259  0.0251  0.0268  0.0238  0.0243  0.0233  0.0236  0.0227  0.0226
niter,ni,del,rscale     4    3    5.0000    0.7000
parameters
   -0.4823   10.5679   13.7426   -8.8002  -10.8448   -6.0119
    4.9471   -2.0706   -2.4659   -0.7080   -0.9375    0.8799
eta,q 0.97800  9.37685
  0.0237  0.0233  0.0227  0.0239  0.0241  0.0234  0.0233  0.0238  0.0230  0.0233  0.0225  0.0225
  0.0228  0.0226  0.0223  0.0231  0.0231  0.0231  0.0226  0.0227  0.0225  0.0225  0.0222  0.0222
  0.0223  0.0222  0.0221  0.0225  0.0224  0.0226  0.0222  0.0222  0.0221  0.0221  0.0220  0.0220
  0.0221  0.0221  0.0221  0.0221  0.0220  0.0220  0.0220  0.0220  0.0220  0.0220  0.0220  0.0220
  0.0222  0.0222  0.0222  0.0220  0.0222  0.0219  0.0221  0.0222  0.0221  0.0222  0.0220  0.0221
  0.0227  0.0227  0.0225  0.0225  0.0229  0.0222  0.0226  0.0227  0.0225  0.0226  0.0222  0.0223
  0.0235  0.0234  0.0229  0.0238  0.0241  0.0239  0.0234  0.0237  0.0230  0.0233  0.0225  0.0226
niter,ni,del,rscale     3    3    5.0000    0.6000
parameters
   -0.4991   10.5777   13.7159   -8.6309  -10.7801   -5.6438
    4.9245   -2.0778   -2.4871   -0.7054   -0.8993    0.6872
eta,q 0.97811  9.39454
  0.0231  0.0230  0.0225  0.0234  0.0236  0.0233  0.0229  0.0233  0.0227  0.0230  0.0223  0.0223
  0.0225  0.0224  0.0222  0.0228  0.0228  0.0229  0.0224  0.0224  0.0222  0.0223  0.0221  0.0220
  0.0221  0.0221  0.0220  0.0223  0.0222  0.0224  0.0220  0.0220  0.0220  0.0220  0.0219  0.0219
  0.0220  0.0220  0.0220  0.0220  0.0220  0.0220  0.0219  0.0219  0.0219  0.0219  0.0219  0.0219
  0.0221  0.0221  0.0221  0.0220  0.0221  0.0218  0.0220  0.0220  0.0220  0.0220  0.0219  0.0220
  0.0225  0.0224  0.0223  0.0224  0.0226  0.0221  0.0224  0.0225  0.0223  0.0224  0.0221  0.0221
  0.0231  0.0229  0.0226  0.0233  0.0236  0.0232  0.0230  0.0233  0.0227  0.0229  0.0223  0.0224
niter,ni,del,rscale     2    3    5.0000    0.5000
parameters
   -0.5168   10.5914   13.7606   -8.5005  -10.7699   -5.3381
    4.9267   -2.0862   -2.5203   -0.6880   -0.8703    0.6064
eta,q 0.97816  9.40720
  0.0227  0.0226  0.0223  0.0229  0.0230  0.0230  0.0226  0.0228  0.0224  0.0226  0.0221  0.0221
  0.0222  0.0222  0.0221  0.0224  0.0224  0.0226  0.0222  0.0223  0.0221  0.0222  0.0220  0.0220
  0.0220  0.0220  0.0220  0.0221  0.0220  0.0222  0.0219  0.0219  0.0219  0.0219  0.0219  0.0219
  0.0219  0.0219  0.0219  0.0219  0.0219  0.0219  0.0218  0.0218  0.0218  0.0218  0.0218  0.0218
  0.0220  0.0220  0.0219  0.0219  0.0220  0.0218  0.0219  0.0219  0.0219  0.0219  0.0219  0.0219
  0.0223  0.0222  0.0221  0.0222  0.0224  0.0221  0.0222  0.0223  0.0221  0.0222  0.0220  0.0220
  0.0227  0.0226  0.0223  0.0229  0.0231  0.0229  0.0226  0.0228  0.0224  0.0226  0.0221  0.0222
niter,ni,del,rscale     1    3    5.0000    0.4000
parameters
   -0.5297   10.5922   13.8158   -8.3950  -10.7624   -5.1141
    4.9267   -2.0934   -2.5339   -0.6862   -0.9027    0.6113
eta,q 0.97818  9.41581
  0.0223  0.0223  0.0221  0.0225  0.0226  0.0227  0.0223  0.0225  0.0222  0.0224  0.0220  0.0220
  0.0221  0.0220  0.0220  0.0222  0.0222  0.0223  0.0220  0.0221  0.0220  0.0220  0.0219  0.0219
  0.0219  0.0219  0.0219  0.0220  0.0219  0.0220  0.0219  0.0219  0.0219  0.0219  0.0218  0.0218
  0.0218  0.0218  0.0218  0.0218  0.0218  0.0218  0.0218  0.0218  0.0218  0.0218  0.0218  0.0218
  0.0219  0.0219  0.0219  0.0219  0.0219  0.0218  0.0219  0.0219  0.0219  0.0219  0.0218  0.0218
  0.0221  0.0221  0.0219  0.0220  0.0222  0.0220  0.0220  0.0221  0.0220  0.0221  0.0219  0.0219
  0.0224  0.0223  0.0221  0.0225  0.0226  0.0225  0.0223  0.0225  0.0222  0.0223  0.0220  0.0220
registration optimization eta report
parameter search radius
    0.8000    0.8000    0.8000    2.4000    2.4000    2.4000
    2.4000    2.4000    2.4000    2.4000    2.4000    2.4000
100000*second partial in parameter space
       82.       71.       42.       12.       13.       13.
        8.       12.        7.        9.        3.        3.
  0.0223  0.0223  0.0221  0.0225  0.0226  0.0227  0.0223  0.0225  0.0222  0.0224  0.0220  0.0220
  0.0221  0.0220  0.0220  0.0222  0.0222  0.0223  0.0220  0.0221  0.0220  0.0220  0.0219  0.0219
  0.0219  0.0219  0.0219  0.0220  0.0219  0.0220  0.0219  0.0219  0.0219  0.0219  0.0218  0.0218
  0.0218  0.0218  0.0218  0.0218  0.0218  0.0218  0.0218  0.0218  0.0218  0.0218  0.0218  0.0218
  0.0219  0.0219  0.0219  0.0219  0.0219  0.0218  0.0219  0.0219  0.0219  0.0219  0.0218  0.0218
  0.0221  0.0221  0.0219  0.0220  0.0222  0.0220  0.0220  0.0221  0.0220  0.0221  0.0219  0.0219
  0.0224  0.0223  0.0221  0.0225  0.0226  0.0225  0.0223  0.0225  0.0222  0.0223  0.0220  0.0220
   -0.5297   10.5922   13.8158   -8.3950  -10.7624   -5.1141
    4.9267   -2.0934   -2.5339   -0.6862   -0.9027    0.6113
eta,q 0.97818  9.41581

---------------------------------------------------------------------
compute_vox2vox talsrcimg talsrcimg_to_711-2C_as_mni_average_305_t4 /opt/freesurfer/average/711-2C_as_mni_average_305
---------------------------------------------------------------------

freesurfer compute_vox2vox.c
Reading: talsrcimg.4dfp.ifh
Reading: talsrcimg_to_711-2C_as_mni_average_305_t4
Reading: /opt/freesurfer/average/711-2C_as_mni_average_305.4dfp.ifh
Writing: talsrcimg_to_711-2C_as_mni_average_305_t4_vox2vox.txt

start time Fri Mar 13 05:50:20 CET 2026
end		time Fri Mar 13 05:51:49 CET 2026

mpr2mni305 success

avi2talxfm orig_nu.mgz /opt/freesurfer/average/mni305.cor.mgz talsrcimg_to_711-2C_as_mni_average_305_t4_vox2vox.txt transforms/talairach.auto.xfm
avi2talxfm done
mv -f /out/sourcedata/freesurfer/sub-v2s4x29625_ses-1/mri/talsrcimg_to_711-2C_as_mni_average_305_t4_vox2vox.txt /out/sourcedata/freesurfer/sub-v2s4x29625_ses-1/mri/transforms/talsrcimg_to_711-2C_as_mni_average_305_t4_vox2vox.txt
lta_convert --src orig_nu.mgz --trg /opt/freesurfer/average/mni305.cor.mgz --inxfm transforms/talairach.auto.xfm --outlta transforms/talairach.auto.xfm.lta --subject fsaverage
7.3.2

--src: orig_nu.mgz src image (geometry).
--trg: /opt/freesurfer/average/mni305.cor.mgz trg image (geometry).
--inmni: transforms/talairach.auto.xfm input MNI/XFM transform.
--outlta: transforms/talairach.auto.xfm.lta output LTA.
--s: fsaverage subject name
 LTA read, type : 1
 1.09021   0.02362  -0.06035   2.92001;
 0.01017   1.05407  -0.00778  -9.65865;
 0.03104   0.00878   1.11883  -7.75870;
 0.00000   0.00000   0.00000   1.00000;
setting subject to fsaverage
Writing  LTA to file transforms/talairach.auto.xfm.lta...
lta_convert successful.
 
 
Started at Fri Mar 13 05:50:19 CET 2026
Ended   at Fri Mar 13 05:51:49 CET 2026
talairach_avi done
