status file for recon-all
Fri Mar 13 04:29:42 CET 2026
#@# MotionCor Fri Mar 13 04:29:44 CET 2026
#@# Talairach Fri Mar 13 04:29:51 CET 2026
#@# Talairach Failure Detection Fri Mar 13 04:34:16 CET 2026
#@# Nu Intensity Correction Fri Mar 13 04:34:16 CET 2026
#@# Intensity Normalization Fri Mar 13 04:37:31 CET 2026
recon-all -s sub-v2s4x29602_ses-1 finished without error at Fri Mar 13 04:39:07 CET 2026



#New# invocation of recon-all 



status file for recon-all
Fri Mar 13 04:46:04 CET 2026
#@# EM Registration Fri Mar 13 04:46:04 CET 2026
recon-all -s sub-v2s4x29602_ses-1 finished without error at Fri Mar 13 04:48:02 CET 2026



#New# invocation of recon-all 



status file for recon-all
Fri Mar 13 04:48:04 CET 2026
#@# CA Normalize Fri Mar 13 04:48:04 CET 2026
#@# CA Reg Fri Mar 13 04:49:25 CET 2026
#@# SubCort Seg Fri Mar 13 05:35:52 CET 2026
#@# CC Seg Fri Mar 13 06:11:33 CET 2026
#@# Merge ASeg Fri Mar 13 06:12:35 CET 2026
#@# Intensity Normalization2 Fri Mar 13 06:12:35 CET 2026
#@# Mask BFS Fri Mar 13 06:14:53 CET 2026
#@# WM Segmentation Fri Mar 13 06:14:54 CET 2026
#@# Fill Fri Mar 13 06:16:58 CET 2026
recon-all -s sub-v2s4x29602_ses-1 finished without error at Fri Mar 13 06:17:59 CET 2026



#New# invocation of recon-all 



status file for recon-all
Fri Mar 13 06:59:58 CET 2026
#@# white curv lh Fri Mar 13 06:59:58 CET 2026
#@# white area lh Fri Mar 13 06:59:58 CET 2026
#@# pial curv lh Fri Mar 13 06:59:58 CET 2026
#@# pial area lh Fri Mar 13 06:59:58 CET 2026
#@# thickness lh Fri Mar 13 06:59:58 CET 2026
#@# area and vertex vol lh Fri Mar 13 06:59:58 CET 2026
#@# white curv rh Fri Mar 13 06:59:58 CET 2026
#@# white area rh Fri Mar 13 06:59:58 CET 2026
#@# pial curv rh Fri Mar 13 06:59:58 CET 2026
#@# pial area rh Fri Mar 13 06:59:58 CET 2026
#@# thickness rh Fri Mar 13 06:59:58 CET 2026
#@# area and vertex vol rh Fri Mar 13 06:59:58 CET 2026
#@# Cortical ribbon mask Fri Mar 13 06:59:58 CET 2026
recon-all -s sub-v2s4x29602_ses-1 finished without error at Fri Mar 13 07:03:26 CET 2026



#New# invocation of recon-all 



status file for recon-all
Fri Mar 13 07:09:50 CET 2026
#@# white curv lh Fri Mar 13 07:09:50 CET 2026
#@# white area lh Fri Mar 13 07:09:50 CET 2026
#@# pial curv lh Fri Mar 13 07:09:50 CET 2026
#@# pial area lh Fri Mar 13 07:09:50 CET 2026
#@# thickness lh Fri Mar 13 07:09:50 CET 2026
#@# area and vertex vol lh Fri Mar 13 07:09:50 CET 2026
#@# white curv rh Fri Mar 13 07:09:50 CET 2026
#@# white area rh Fri Mar 13 07:09:50 CET 2026
#@# pial curv rh Fri Mar 13 07:09:50 CET 2026
#@# pial area rh Fri Mar 13 07:09:50 CET 2026
#@# thickness rh Fri Mar 13 07:09:50 CET 2026
#@# area and vertex vol rh Fri Mar 13 07:09:50 CET 2026
#@# Curvature Stats lh Fri Mar 13 07:09:50 CET 2026
#@# Curvature Stats rh Fri Mar 13 07:09:53 CET 2026
#@# Relabel Hypointensities Fri Mar 13 07:09:55 CET 2026
#@# APas-to-ASeg Fri Mar 13 07:10:09 CET 2026
#@# AParc-to-ASeg aparc Fri Mar 13 07:10:17 CET 2026
#@# AParc-to-ASeg aparc.a2009s Fri Mar 13 07:11:00 CET 2026
#@# AParc-to-ASeg aparc.DKTatlas Fri Mar 13 07:11:37 CET 2026
#@# WMParc Fri Mar 13 07:12:20 CET 2026
#@# ASeg Stats Fri Mar 13 07:17:03 CET 2026
recon-all -s sub-v2s4x29602_ses-1 finished without error at Fri Mar 13 07:17:42 CET 2026
