/out/sourcedata/freesurfer/sub-v2s4x29588_ses-1/mri
/opt/freesurfer/bin/talairach_avi
--i orig_nu.mgz --xfm transforms/talairach.auto.xfm
talairach_avi 7.3.2
Linux dna067 5.14.0-427.37.1.el9_4.x86_64 #1 SMP PREEMPT_DYNAMIC Fri Sep 13 12:41:50 EDT 2024 x86_64 x86_64 x86_64 GNU/Linux
Fri Mar 13 03:49:44 CET 2026
mri_convert orig_nu.mgz talsrcimg.img 
reading from orig_nu.mgz...
TR=0.00, TE=0.00, TI=0.00, flip angle=0.00
i_ras = (-1, -1.02938e-11, -3.72529e-09)
j_ras = (3.72529e-09, -8.03907e-11, -1)
k_ras = (8.15745e-12, 1, -2.17444e-10)
writing to talsrcimg.img...
Analyze Output Matrix
-1.00000   0.00000   0.00000   134.46425;
-0.00000  -0.00000   1.00000  -128.00183;
-0.00000  -1.00000  -0.00000   122.86982;
 0.00000   0.00000   0.00000   1.00000;
--------------------
INFO: set hdr.hist.orient to -1
mpr2mni305 talsrcimg
Fri Mar 13 03:49:44 CET 2026
/opt/freesurfer/bin/mpr2mni305 talsrcimg
mpr2mni305 7.3.2
target=711-2C_as_mni_average_305

---------------------------------------------------------------------
analyzeto4dfp talsrcimg -O0 -y
---------------------------------------------------------------------

freesurfer ifh2hdr.c
Fri Mar 13 03:49:44 2026
Writing: talsrcimg.4dfp.hdr
freesurfer analyzeto4dfp.c
Reading: talsrcimg.hdr
header size 348 bytes
hdr.dime.datatype	offset=70	value=2
hdr.dime.bitpix		offset=72	value=8
hdr.hist.orient		offset=252	value=-1
dimensionality     4
dimensions       256       256       256         1
Reading: talsrcimg.img
Writing: talsrcimg.4dfp.img
Writing: talsrcimg.4dfp.ifh
ifh2hdr talsrcimg -r0to255
ori=2

---------------------------------------------------------------------
gauss_4dfp talsrcimg 1.1
---------------------------------------------------------------------

freesurfer gauss_4dfp.c
Reading: talsrcimg.4dfp.img
Writing: talsrcimg_g11.4dfp.img
image dimensions 256 256 256 padded to 288 288 288
processing volume 1freesurfer ifh2hdr.c
Fri Mar 13 03:49:46 2026
Writing: talsrcimg_g11.4dfp.hdr

Writing: talsrcimg_g11.4dfp.ifh
including: talsrcimg.4dfp.img.rec in talsrcimg_g11.4dfp.img.rec

---------------------------------------------------------------------
imgreg_4dfp /opt/freesurfer/average/711-2C_as_mni_average_305 none talsrcimg_g11 none talsrcimg_to_711-2C_as_mni_average_305_t4 4355
---------------------------------------------------------------------

freesurfer imgreg_4dfp.c
/opt/freesurfer/average/711-2C_as_mni_average_305.4dfp.img
       256       256       256         1
  1.000000  1.000000  1.000000
orientation T byte_order littleendian
Reading image: /opt/freesurfer/average/711-2C_as_mni_average_305.4dfp.img
dimensions:      256       256       256
mmppix:       1.0000   -1.0000   -1.0000
center:     128.0000 -129.0000 -129.0000
talsrcimg_g11.4dfp.img
       256       256       256         1
  1.000000  1.000000  1.000000
orientation T byte_order littleendian
Reading image: talsrcimg_g11.4dfp.img
dimensions:      256       256       256
mmppix:       1.0000   -1.0000   -1.0000
center:     128.0000 -129.0000 -129.0000
t4_read: open error in t4_sub.f l:  41 t4_file(1:l)talsrcimg_to_711-2C_as_mni_average_305_t4 
t4_read: transform initialized to I4
rotation matrix determinant  1.000000
image alignment mode   4355 decimal     1103 hex
   -7.5000  -45.0000  -45.0000 5686.6411   13.6110
    0.0000  -45.0000  -45.0000 5894.6704   13.6251
    7.5000  -45.0000  -45.0000 5667.0928   13.6461
   -7.5000  -37.5000  -45.0000 6209.3745   13.1666
    0.0000  -37.5000  -45.0000 6454.6963   13.1814
    7.5000  -37.5000  -45.0000 6168.3779   13.2025
   -7.5000  -30.0000  -45.0000 7030.3608   12.8922
    0.0000  -30.0000  -45.0000 7330.0854   12.9080
    7.5000  -30.0000  -45.0000 6977.9790   12.9256
   -7.5000  -22.5000  -45.0000 7868.3350   12.7100
    0.0000  -22.5000  -45.0000 8208.9297   12.7251
    7.5000  -22.5000  -45.0000 7808.7720   12.7405
   -7.5000  -15.0000  -45.0000 8771.9580   12.6687
    0.0000  -15.0000  -45.0000 9151.5283   12.6824
    7.5000  -15.0000  -45.0000 8727.8027   12.6970
   -7.5000   -7.5000  -45.0000 9734.1064   12.6545
    0.0000   -7.5000  -45.000010147.4688   12.6662
    7.5000   -7.5000  -45.0000 9691.3760   12.6832
   -7.5000    0.0000  -45.000010602.4775   12.6443
    0.0000    0.0000  -45.000011059.0205   12.6557
    7.5000    0.0000  -45.000010563.5527   12.6746
   -7.5000    7.5000  -45.000010631.9619   12.6496
    0.0000    7.5000  -45.000011072.2139   12.6629
    7.5000    7.5000  -45.000010565.9814   12.6811
   -7.5000   15.0000  -45.000010557.9043   12.6627
    0.0000   15.0000  -45.000011014.8760   12.6779
    7.5000   15.0000  -45.000010474.0400   12.6948
   -7.5000   22.5000  -45.000010417.9521   12.6695
    0.0000   22.5000  -45.000010891.7783   12.6847
    7.5000   22.5000  -45.000010337.5586   12.6999
   -7.5000   30.0000  -45.000010206.1406   12.4994
    0.0000   30.0000  -45.000010666.4658   12.5130
    7.5000   30.0000  -45.000010151.4053   12.5274
   -7.5000   37.5000  -45.000010238.0273   12.4858
    0.0000   37.5000  -45.000010718.3076   12.4974
    7.5000   37.5000  -45.000010202.9639   12.5142
   -7.5000   45.0000  -45.0000 9843.8330   12.1591
    0.0000   45.0000  -45.000010329.8955   12.1699
    7.5000   45.0000  -45.0000 9819.2188   12.1882
   -7.5000  -45.0000  -37.5000 6076.8081   13.5401
    0.0000  -45.0000  -37.5000 6316.4702   13.5536
    7.5000  -45.0000  -37.5000 6048.7793   13.5794
   -7.5000  -37.5000  -37.5000 6629.0264   13.1010
    0.0000  -37.5000  -37.5000 6903.1138   13.1146
    7.5000  -37.5000  -37.5000 6598.4976   13.1411
   -7.5000  -30.0000  -37.5000 7499.9370   12.8248
    0.0000  -30.0000  -37.5000 7809.4961   12.8394
    7.5000  -30.0000  -37.5000 7451.6089   12.8609
   -7.5000  -22.5000  -37.5000 8417.4766   12.6398
    0.0000  -22.5000  -37.5000 8754.1973   12.6552
    7.5000  -22.5000  -37.5000 8353.1631   12.6734
   -7.5000  -15.0000  -37.5000 9415.1865   12.5987
    0.0000  -15.0000  -37.5000 9791.0400   12.6139
    7.5000  -15.0000  -37.5000 9345.4814   12.6312
   -7.5000   -7.5000  -37.500010446.2754   12.5898
    0.0000   -7.5000  -37.500010861.2529   12.6024
    7.5000   -7.5000  -37.500010345.1309   12.6228
   -7.5000    0.0000  -37.500011390.3135   12.5848
    0.0000    0.0000  -37.500011837.9160   12.5957
    7.5000    0.0000  -37.500011253.7568   12.6192
   -7.5000    7.5000  -37.500011413.3770   12.5896
    0.0000    7.5000  -37.500011851.8154   12.6018
    7.5000    7.5000  -37.500011255.1074   12.6249
   -7.5000   15.0000  -37.500011321.0098   12.5979
    0.0000   15.0000  -37.500011771.2852   12.6120
    7.5000   15.0000  -37.500011164.8525   12.6327
   -7.5000   22.5000  -37.500011156.3018   12.5998
    0.0000   22.5000  -37.500011617.8604   12.6152
    7.5000   22.5000  -37.500011025.5732   12.6333
   -7.5000   30.0000  -37.500010898.1875   12.4304
    0.0000   30.0000  -37.500011344.7207   12.4453
    7.5000   30.0000  -37.500010805.2900   12.4624
   -7.5000   37.5000  -37.500010905.7051   12.4221
    0.0000   37.5000  -37.500011371.6807   12.4345
    7.5000   37.5000  -37.500010828.8008   12.4546
   -7.5000   45.0000  -37.500010504.7529   12.1018
    0.0000   45.0000  -37.500010965.0518   12.1123
    7.5000   45.0000  -37.500010414.1416   12.1349
   -7.5000  -45.0000  -30.0000 6572.8315   14.0986
    0.0000  -45.0000  -30.0000 6841.8286   14.1118
    7.5000  -45.0000  -30.0000 6541.8926   14.1420
   -7.5000  -37.5000  -30.0000 7179.7388   13.6389
    0.0000  -37.5000  -30.0000 7475.4956   13.6507
    7.5000  -37.5000  -30.0000 7132.3794   13.6823
   -7.5000  -30.0000  -30.0000 8127.4751   13.3491
    0.0000  -30.0000  -30.0000 8453.2061   13.3601
    7.5000  -30.0000  -30.0000 8059.6743   13.3856
   -7.5000  -22.5000  -30.0000 9145.3281   13.1548
    0.0000  -22.5000  -30.0000 9490.6748   13.1661
    7.5000  -22.5000  -30.0000 9054.4688   13.1866
   -7.5000  -15.0000  -30.000010247.6270   13.1120
    0.0000  -15.0000  -30.000010631.2500   13.1243
    7.5000  -15.0000  -30.000010116.6416   13.1430
   -7.5000   -7.5000  -30.000011348.1182   13.1061
    0.0000   -7.5000  -30.000011797.7959   13.1176
    7.5000   -7.5000  -30.000011197.7246   13.1402
   -7.5000    0.0000  -30.000012379.0938   13.1038
    0.0000    0.0000  -30.000012860.0400   13.1144
    7.5000    0.0000  -30.000012192.6426   13.1419
   -7.5000    7.5000  -30.000012413.7656   13.1081
    0.0000    7.5000  -30.000012875.1934   13.1186
    7.5000    7.5000  -30.000012198.5166   13.1466
   -7.5000   15.0000  -30.000012322.7510   13.1138
    0.0000   15.0000  -30.000012778.0840   13.1244
    7.5000   15.0000  -30.000012095.7822   13.1491
   -7.5000   22.5000  -30.000012139.5625   13.1118
    0.0000   22.5000  -30.000012614.5938   13.1231
    7.5000   22.5000  -30.000011928.3506   13.1435
   -7.5000   30.0000  -30.000011832.8057   12.9380
    0.0000   30.0000  -30.000012298.7627   12.9501
    7.5000   30.0000  -30.000011660.4375   12.9686
   -7.5000   37.5000  -30.000011802.1494   12.9327
    0.0000   37.5000  -30.000012278.1816   12.9440
    7.5000   37.5000  -30.000011650.8291   12.9664
   -7.5000   45.0000  -30.000011340.2119   12.6101
    0.0000   45.0000  -30.000011806.8867   12.6203
    7.5000   45.0000  -30.000011192.2959   12.6468
   -7.5000  -45.0000  -22.5000 7076.3960   14.5924
    0.0000  -45.0000  -22.5000 7342.1333   14.6056
    7.5000  -45.0000  -22.5000 7016.8042   14.6332
   -7.5000  -37.5000  -22.5000 7732.2563   14.1114
    0.0000  -37.5000  -22.5000 8033.1133   14.1218
    7.5000  -37.5000  -22.5000 7663.9868   14.1511
   -7.5000  -30.0000  -22.5000 8778.5039   13.8126
    0.0000  -30.0000  -22.5000 9121.0605   13.8205
    7.5000  -30.0000  -22.5000 8684.0352   13.8449
   -7.5000  -22.5000  -22.5000 9897.9512   13.6146
    0.0000  -22.5000  -22.500010279.8867   13.6208
    7.5000  -22.5000  -22.5000 9761.1230   13.6395
   -7.5000  -15.0000  -22.500011067.7734   13.5715
    0.0000  -15.0000  -22.500011502.4229   13.5787
    7.5000  -15.0000  -22.500010890.6650   13.5947
   -7.5000   -7.5000  -22.500012247.6172   13.5640
    0.0000   -7.5000  -22.500012734.5420   13.5732
    7.5000   -7.5000  -22.500012059.3252   13.5928
   -7.5000    0.0000  -22.500013385.2715   13.5593
    0.0000    0.0000  -22.500013878.4893   13.5696
    7.5000    0.0000  -22.500013139.8857   13.5946
   -7.5000    7.5000  -22.500013431.3057   13.5625
    0.0000    7.5000  -22.500013905.8555   13.5720
    7.5000    7.5000  -22.500013158.7148   13.5983
   -7.5000   15.0000  -22.500013327.3408   13.5695
    0.0000   15.0000  -22.500013804.5273   13.5770
    7.5000   15.0000  -22.500013027.3691   13.6005
   -7.5000   22.5000  -22.500013123.7070   13.5692
    0.0000   22.5000  -22.500013616.3740   13.5753
    7.5000   22.5000  -22.500012822.2412   13.5940
   -7.5000   30.0000  -22.500012778.2285   13.3935
    0.0000   30.0000  -22.500013267.9102   13.4006
    7.5000   30.0000  -22.500012532.6729   13.4164
   -7.5000   37.5000  -22.500012719.9512   13.3866
    0.0000   37.5000  -22.500013224.7588   13.3956
    7.5000   37.5000  -22.500012505.5928   13.4150
   -7.5000   45.0000  -22.500012167.1191   13.0583
    0.0000   45.0000  -22.500012655.6191   13.0682
    7.5000   45.0000  -22.500011971.7607   13.0923
   -7.5000  -45.0000  -15.0000 7579.7900   14.9579
    0.0000  -45.0000  -15.0000 7864.7393   14.9725
    7.5000  -45.0000  -15.0000 7499.3291   14.9949
   -7.5000  -37.5000  -15.0000 8295.1338   14.4627
    0.0000  -37.5000  -15.0000 8627.3574   14.4746
    7.5000  -37.5000  -15.0000 8215.4141   14.4980
   -7.5000  -30.0000  -15.0000 9425.9668   14.1603
    0.0000  -30.0000  -15.0000 9775.7041   14.1690
    7.5000  -30.0000  -15.0000 9314.7451   14.1894
   -7.5000  -22.5000  -15.000010627.4609   13.9620
    0.0000  -22.5000  -15.000011031.2373   13.9674
    7.5000  -22.5000  -15.000010484.0020   13.9832
   -7.5000  -15.0000  -15.000011860.1709   13.9184
    0.0000  -15.0000  -15.000012330.0986   13.9240
    7.5000  -15.0000  -15.000011705.3398   13.9371
   -7.5000   -7.5000  -15.000013116.0312   13.9058
    0.0000   -7.5000  -15.000013645.7256   13.9146
    7.5000   -7.5000  -15.000012940.3848   13.9306
   -7.5000    0.0000  -15.000014356.8164   13.8961
    0.0000    0.0000  -15.000014907.4971   13.9073
    7.5000    0.0000  -15.000014084.1406   13.9275
   -7.5000    7.5000  -15.000014404.2959   13.8993
    0.0000    7.5000  -15.000014937.8125   13.9100
    7.5000    7.5000  -15.000014103.2129   13.9310
   -7.5000   15.0000  -15.000014271.7734   13.9106
    0.0000   15.0000  -15.000014800.0830   13.9188
    7.5000   15.0000  -15.000013939.6191   13.9383
   -7.5000   22.5000  -15.000014035.3008   13.9147
    0.0000   22.5000  -15.000014566.8135   13.9201
    7.5000   22.5000  -15.000013680.3398   13.9358
   -7.5000   30.0000  -15.000013685.3154   13.7378
    0.0000   30.0000  -15.000014211.1904   13.7433
    7.5000   30.0000  -15.000013376.1777   13.7563
   -7.5000   37.5000  -15.000013643.6289   13.7258
    0.0000   37.5000  -15.000014185.3213   13.7345
    7.5000   37.5000  -15.000013355.7412   13.7503
   -7.5000   45.0000  -15.000012979.7266   13.3907
    0.0000   45.0000  -15.000013515.5166   13.4015
    7.5000   45.0000  -15.000012731.8350   13.4209
   -7.5000  -45.0000   -7.5000 8103.2065   15.1384
    0.0000  -45.0000   -7.5000 8403.4053   15.1545
    7.5000  -45.0000   -7.5000 8017.2300   15.1751
   -7.5000  -37.5000   -7.5000 8872.7402   14.6407
    0.0000  -37.5000   -7.5000 9232.6768   14.6560
    7.5000  -37.5000   -7.5000 8807.9863   14.6768
   -7.5000  -30.0000   -7.500010098.1416   14.3378
    0.0000  -30.0000   -7.500010491.2783   14.3519
    7.5000  -30.0000   -7.5000 9989.3350   14.3699
   -7.5000  -22.5000   -7.500011375.5244   14.1392
    0.0000  -22.5000   -7.500011830.1807   14.1503
    7.5000  -22.5000   -7.500011237.1562   14.1652
   -7.5000  -15.0000   -7.500012697.3262   14.0949
    0.0000  -15.0000   -7.500013208.0908   14.1046
    7.5000  -15.0000   -7.500012527.6387   14.1179
   -7.5000   -7.5000   -7.500014034.2139   14.0780
    0.0000   -7.5000   -7.500014608.6426   14.0888
    7.5000   -7.5000   -7.500013844.9160   14.1046
   -7.5000    0.0000   -7.500015355.6904   14.0646
    0.0000    0.0000   -7.500015996.3252   14.0771
    7.5000    0.0000   -7.500015090.7520   14.0957
   -7.5000    7.5000   -7.500015448.6953   14.0688
    0.0000    7.5000   -7.500016069.4551   14.0826
    7.5000    7.5000   -7.500015133.8018   14.1009
   -7.5000   15.0000   -7.500015241.1445   14.0841
    0.0000   15.0000   -7.500015846.7695   14.0975
    7.5000   15.0000   -7.500014892.9502   14.1147
   -7.5000   22.5000   -7.500014928.0000   14.0898
    0.0000   22.5000   -7.500015531.5332   14.1009
    7.5000   22.5000   -7.500014571.2441   14.1157
   -7.5000   30.0000   -7.500014564.3291   13.9116
    0.0000   30.0000   -7.500015156.4111   13.9211
    7.5000   30.0000   -7.500014244.1299   13.9343
   -7.5000   37.5000   -7.500014504.5820   13.8954
    0.0000   37.5000   -7.500015127.8789   13.9060
    7.5000   37.5000   -7.500014217.9688   13.9216
   -7.5000   45.0000   -7.500013780.7002   13.5557
    0.0000   45.0000   -7.500014367.1396   13.5677
    7.5000   45.0000   -7.500013496.5352   13.5856
   -7.5000  -45.0000    0.0000 8561.4434   15.1628
    0.0000  -45.0000    0.0000 8901.7412   15.1787
    7.5000  -45.0000    0.0000 8489.3643   15.2018
   -7.5000  -37.5000    0.0000 9398.9160   14.6692
    0.0000  -37.5000    0.0000 9790.5137   14.6859
    7.5000  -37.5000    0.0000 9339.9736   14.7092
   -7.5000  -30.0000    0.000010695.2891   14.3644
    0.0000  -30.0000    0.000011130.0732   14.3823
    7.5000  -30.0000    0.000010611.2510   14.4016
   -7.5000  -22.5000    0.000012054.1299   14.1627
    0.0000  -22.5000    0.000012551.1377   14.1797
    7.5000  -22.5000    0.000011932.4561   14.1965
   -7.5000  -15.0000    0.000013468.6572   14.1177
    0.0000  -15.0000    0.000014028.3291   14.1330
    7.5000  -15.0000    0.000013313.8643   14.1489
   -7.5000   -7.5000    0.000014860.1445   14.1021
    0.0000   -7.5000    0.000015514.2158   14.1152
    7.5000   -7.5000    0.000014711.0430   14.1338
   -7.5000    0.0000    0.000016200.7480   14.0904
    0.0000    0.0000    0.000016936.0293   14.1032
    7.5000    0.0000    0.000016020.9961   14.1241
   -7.5000    7.5000    0.000016322.4365   14.0956
    0.0000    7.5000    0.000017038.1777   14.1106
    7.5000    7.5000    0.000016075.1328   14.1308
   -7.5000   15.0000    0.000016129.5156   14.1097
    0.0000   15.0000    0.000016841.1855   14.1270
    7.5000   15.0000    0.000015850.0537   14.1456
   -7.5000   22.5000    0.000015738.5107   14.1132
    0.0000   22.5000    0.000016443.2676   14.1303
    7.5000   22.5000    0.000015471.4678   14.1470
   -7.5000   30.0000    0.000015315.0000   13.9345
    0.0000   30.0000    0.000015946.0752   13.9495
    7.5000   30.0000    0.000015058.8389   13.9653
   -7.5000   37.5000    0.000015224.7529   13.9196
    0.0000   37.5000    0.000015887.8613   13.9325
    7.5000   37.5000    0.000014980.7744   13.9509
   -7.5000   45.0000    0.000014436.9521   13.5816
    0.0000   45.0000    0.000015083.9863   13.5939
    7.5000   45.0000    0.000014163.8965   13.6140
   -7.5000  -45.0000    7.5000 8339.1279   15.1485
    0.0000  -45.0000    7.5000 8692.0967   15.1636
    7.5000  -45.0000    7.5000 8284.1660   15.1926
   -7.5000  -37.5000    7.5000 9217.0674   14.6573
    0.0000  -37.5000    7.5000 9612.2646   14.6725
    7.5000  -37.5000    7.5000 9149.2969   14.7022
   -7.5000  -30.0000    7.500010491.7412   14.3483
    0.0000  -30.0000    7.500010937.1729   14.3647
    7.5000  -30.0000    7.500010400.2734   14.3887
   -7.5000  -22.5000    7.500011781.2441   14.1414
    0.0000  -22.5000    7.500012297.5342   14.1587
    7.5000  -22.5000    7.500011685.7109   14.1791
   -7.5000  -15.0000    7.500013126.8311   14.0956
    0.0000  -15.0000    7.500013710.8506   14.1126
    7.5000  -15.0000    7.500013046.5098   14.1321
   -7.5000   -7.5000    7.500014482.1855   14.0857
    0.0000   -7.5000    7.500015143.0449   14.0998
    7.5000   -7.5000    7.500014401.0713   14.1226
   -7.5000    0.0000    7.500015742.2256   14.0799
    0.0000    0.0000    7.500016491.1016   14.0922
    7.5000    0.0000    7.500015680.4932   14.1185
   -7.5000    7.5000    7.500015864.0146   14.0852
    0.0000    7.5000    7.500016650.5078   14.0989
    7.5000    7.5000    7.500015785.5225   14.1248
   -7.5000   15.0000    7.500015778.2393   14.0945
    0.0000   15.0000    7.500016649.2422   14.1103
    7.5000   15.0000    7.500015634.4375   14.1335
   -7.5000   22.5000    7.500015397.8516   14.0921
    0.0000   22.5000    7.500016130.5684   14.1094
    7.5000   22.5000    7.500015234.1426   14.1297
   -7.5000   30.0000    7.500014936.8340   13.9127
    0.0000   30.0000    7.500015553.4678   13.9294
    7.5000   30.0000    7.500014764.8223   13.9486
   -7.5000   37.5000    7.500014894.3184   13.9034
    0.0000   37.5000    7.500015493.9854   13.9173
    7.5000   37.5000    7.500014676.2803   13.9398
   -7.5000   45.0000    7.500014132.3984   13.5714
    0.0000   45.0000    7.500014711.4814   13.5833
    7.5000   45.0000    7.500013861.4082   13.6086
   -7.5000  -45.0000   15.0000 8012.5684   15.1396
    0.0000  -45.0000   15.0000 8345.4932   15.1537
    7.5000  -45.0000   15.0000 7948.1587   15.1862
   -7.5000  -37.5000   15.0000 8845.5342   14.6460
    0.0000  -37.5000   15.0000 9251.3389   14.6586
    7.5000  -37.5000   15.0000 8799.8438   14.6925
   -7.5000  -30.0000   15.000010072.0752   14.3347
    0.0000  -30.0000   15.000010553.3428   14.3465
    7.5000  -30.0000   15.000010030.1260   14.3739
   -7.5000  -22.5000   15.000011312.0371   14.1260
    0.0000  -22.5000   15.000011863.5146   14.1382
    7.5000  -22.5000   15.000011304.9385   14.1602
   -7.5000  -15.0000   15.000012607.1221   14.0801
    0.0000  -15.0000   15.000013230.6963   14.0933
    7.5000  -15.0000   15.000012639.9062   14.1134
   -7.5000   -7.5000   15.000013907.3066   14.0738
    0.0000   -7.5000   15.000014599.3701   14.0862
    7.5000   -7.5000   15.000013937.3145   14.1105
   -7.5000    0.0000   15.000015089.1992   14.0713
    0.0000    0.0000   15.000015822.6445   14.0827
    7.5000    0.0000   15.000015119.9727   14.1122
   -7.5000    7.5000   15.000015226.0811   14.0759
    0.0000    7.5000   15.000015991.7139   14.0872
    7.5000    7.5000   15.000015183.8232   14.1173
   -7.5000   15.0000   15.000015248.7324   14.0821
    0.0000   15.0000   15.000016081.1367   14.0935
    7.5000   15.0000   15.000015047.5986   14.1200
   -7.5000   22.5000   15.000015045.5332   14.0768
    0.0000   22.5000   15.000015699.3389   14.0890
    7.5000   22.5000   15.000014744.5508   14.1109
   -7.5000   30.0000   15.000014646.5840   13.8974
    0.0000   30.0000   15.000015180.1084   13.9104
    7.5000   30.0000   15.000014310.6406   13.9303
   -7.5000   37.5000   15.000014554.3506   13.8917
    0.0000   37.5000   15.000015077.0664   13.9039
    7.5000   37.5000   15.000014218.7832   13.9278
   -7.5000   45.0000   15.000013685.5713   13.5631
    0.0000   45.0000   15.000014188.4033   13.5741
    7.5000   45.0000   15.000013395.2666   13.6025
   -7.5000  -45.0000   22.5000 7580.6787   15.1481
    0.0000  -45.0000   22.5000 7926.8599   15.1618
    7.5000  -45.0000   22.5000 7535.9751   15.1905
   -7.5000  -37.5000   22.5000 8402.8750   14.6488
    0.0000  -37.5000   22.5000 8805.7998   14.6596
    7.5000  -37.5000   22.5000 8373.8799   14.6900
   -7.5000  -30.0000   22.5000 9601.1543   14.3386
    0.0000  -30.0000   22.500010062.8164   14.3468
    7.5000  -30.0000   22.5000 9580.2568   14.3721
   -7.5000  -22.5000   22.500010784.1602   14.1331
    0.0000  -22.5000   22.500011296.7676   14.1395
    7.5000  -22.5000   22.500010789.8750   14.1589
   -7.5000  -15.0000   22.500012014.5684   14.0883
    0.0000  -15.0000   22.500012568.6338   14.0958
    7.5000  -15.0000   22.500012018.8545   14.1124
   -7.5000   -7.5000   22.500013258.9404   14.0805
    0.0000   -7.5000   22.500013857.6934   14.0900
    7.5000   -7.5000   22.500013264.0029   14.1104
   -7.5000    0.0000   22.500014468.5400   14.0757
    0.0000    0.0000   22.500015074.6523   14.0863
    7.5000    0.0000   22.500014436.3496   14.1123
   -7.5000    7.5000   22.500014582.7314   14.0790
    0.0000    7.5000   22.500015223.6260   14.0889
    7.5000    7.5000   22.500014511.8457   14.1161
   -7.5000   15.0000   22.500014513.1387   14.0863
    0.0000   15.0000   22.500015132.3574   14.0940
    7.5000   15.0000   22.500014355.4521   14.1184
   -7.5000   22.5000   22.500014290.9961   14.0838
    0.0000   22.5000   22.500014825.7295   14.0901
    7.5000   22.5000   22.500014064.5605   14.1095
   -7.5000   30.0000   22.500013976.1084   13.9055
    0.0000   30.0000   22.500014505.2471   13.9128
    7.5000   30.0000   22.500013724.8535   13.9292
   -7.5000   37.5000   22.500013867.4912   13.8983
    0.0000   37.5000   22.500014429.4551   13.9077
    7.5000   37.5000   22.500013639.0928   13.9278
   -7.5000   45.0000   22.500012986.6113   13.5673
    0.0000   45.0000   22.500013523.8867   13.5776
    7.5000   45.0000   22.500012803.6445   13.6026
   -7.5000  -45.0000   30.0000 7090.3960   15.1638
    0.0000  -45.0000   30.0000 7413.1836   15.1786
    7.5000  -45.0000   30.0000 7047.9883   15.2012
   -7.5000  -37.5000   30.0000 7860.8218   14.6618
    0.0000  -37.5000   30.0000 8232.2764   14.6738
    7.5000  -37.5000   30.0000 7819.0342   14.6975
   -7.5000  -30.0000   30.0000 9010.3613   14.3551
    0.0000  -30.0000   30.0000 9433.1904   14.3640
    7.5000  -30.0000   30.0000 8959.5488   14.3847
   -7.5000  -22.5000   30.000010145.6611   14.1541
    0.0000  -22.5000   30.000010603.6768   14.1596
    7.5000  -22.5000   30.000010097.7725   14.1756
   -7.5000  -15.0000   30.000011323.5645   14.1099
    0.0000  -15.0000   30.000011829.2451   14.1156
    7.5000  -15.0000   30.000011275.0391   14.1289
   -7.5000   -7.5000   30.000012482.7354   14.0971
    0.0000   -7.5000   30.000013018.3770   14.1061
    7.5000   -7.5000   30.000012459.4219   14.1223
   -7.5000    0.0000   30.000013585.7344   14.0873
    0.0000    0.0000   30.000014142.8145   14.0987
    7.5000    0.0000   30.000013581.1387   14.1191
   -7.5000    7.5000   30.000013659.1436   14.0905
    0.0000    7.5000   30.000014220.6172   14.1014
    7.5000    7.5000   30.000013654.1279   14.1227
   -7.5000   15.0000   30.000013505.8184   14.1020
    0.0000   15.0000   30.000014005.4902   14.1103
    7.5000   15.0000   30.000013459.2998   14.1301
   -7.5000   22.5000   30.000013194.2852   14.1047
    0.0000   22.5000   30.000013627.8877   14.1101
    7.5000   22.5000   30.000013153.3516   14.1260
   -7.5000   30.0000   30.000012914.7480   13.9268
    0.0000   30.0000   30.000013357.4072   13.9324
    7.5000   30.0000   30.000012865.2520   13.9456
   -7.5000   37.5000   30.000012929.0586   13.9147
    0.0000   37.5000   30.000013395.7334   13.9235
    7.5000   37.5000   30.000012854.5576   13.9395
   -7.5000   45.0000   30.000012186.6455   13.5786
    0.0000   45.0000   30.000012635.2520   13.5895
    7.5000   45.0000   30.000012100.8506   13.6092
   -7.5000  -45.0000   37.5000 6795.0654   15.2104
    0.0000  -45.0000   37.5000 7119.9072   15.2264
    7.5000  -45.0000   37.5000 6760.7676   15.2470
   -7.5000  -37.5000   37.5000 7554.4204   14.7090
    0.0000  -37.5000   37.5000 7923.4580   14.7242
    7.5000  -37.5000   37.5000 7513.7832   14.7451
   -7.5000  -30.0000   37.5000 8670.0469   14.4039
    0.0000  -30.0000   37.5000 9082.6406   14.4181
    7.5000  -30.0000   37.5000 8634.5605   14.4360
   -7.5000  -22.5000   37.5000 9766.2627   14.2040
    0.0000  -22.5000   37.500010199.3486   14.2150
    7.5000  -22.5000   37.5000 9730.4209   14.2299
   -7.5000  -15.0000   37.500010888.7686   14.1593
    0.0000  -15.0000   37.500011361.9004   14.1689
    7.5000  -15.0000   37.500010857.5908   14.1821
   -7.5000   -7.5000   37.500011980.5039   14.1423
    0.0000   -7.5000   37.500012493.7666   14.1530
    7.5000   -7.5000   37.500011971.0791   14.1687
   -7.5000    0.0000   37.500013044.2080   14.1288
    0.0000    0.0000   37.500013605.0723   14.1412
    7.5000    0.0000   37.500013075.5879   14.1597
   -7.5000    7.5000   37.500013103.9727   14.1330
    0.0000    7.5000   37.500013653.3242   14.1467
    7.5000    7.5000   37.500013123.1162   14.1651
   -7.5000   15.0000   37.500012949.5088   14.1484
    0.0000   15.0000   37.500013426.7705   14.1618
    7.5000   15.0000   37.500012920.1406   14.1790
   -7.5000   22.5000   37.500012630.9648   14.1542
    0.0000   22.5000   37.500013082.8818   14.1653
    7.5000   22.5000   37.500012624.3711   14.1800
   -7.5000   30.0000   37.500012353.2861   13.9755
    0.0000   30.0000   37.500012810.5840   13.9851
    7.5000   30.0000   37.500012340.3115   13.9981
   -7.5000   37.5000   37.500012375.8916   13.9593
    0.0000   37.5000   37.500012853.1406   13.9698
    7.5000   37.5000   37.500012336.1006   13.9853
   -7.5000   45.0000   37.500011709.6768   13.6185
    0.0000   45.0000   37.500012161.1602   13.6305
    7.5000   45.0000   37.500011656.1504   13.6484
   -7.5000  -45.0000   45.0000 6205.9106   15.2748
    0.0000  -45.0000   45.0000 6498.4941   15.2909
    7.5000  -45.0000   45.0000 6190.9160   15.3144
   -7.5000  -37.5000   45.0000 6889.3140   14.7707
    0.0000  -37.5000   45.0000 7227.8315   14.7875
    7.5000  -37.5000   45.0000 6876.8804   14.8110
   -7.5000  -30.0000   45.0000 7899.0181   14.4591
    0.0000  -30.0000   45.0000 8272.0576   14.4770
    7.5000  -30.0000   45.0000 7888.4688   14.4965
   -7.5000  -22.5000   45.0000 8904.6816   14.2530
    0.0000  -22.5000   45.0000 9313.9941   14.2699
    7.5000  -22.5000   45.0000 8883.8301   14.2869
   -7.5000  -15.0000   45.0000 9941.7588   14.2071
    0.0000  -15.0000   45.000010394.7754   14.2223
    7.5000  -15.0000   45.0000 9902.8066   14.2386
   -7.5000   -7.5000   45.000010956.6299   14.1918
    0.0000   -7.5000   45.000011460.1621   14.2049
    7.5000   -7.5000   45.000010945.7637   14.2239
   -7.5000    0.0000   45.000011911.0342   14.1804
    0.0000    0.0000   45.000012447.7637   14.1932
    7.5000    0.0000   45.000011932.1582   14.2145
   -7.5000    7.5000   45.000011954.9150   14.1856
    0.0000    7.5000   45.000012472.9170   14.2007
    7.5000    7.5000   45.000011963.9863   14.2210
   -7.5000   15.0000   45.000011800.1006   14.1995
    0.0000   15.0000   45.000012266.2754   14.2166
    7.5000   15.0000   45.000011790.8701   14.2354
   -7.5000   22.5000   45.000011508.1504   14.2026
    0.0000   22.5000   45.000011956.1699   14.2195
    7.5000   22.5000   45.000011511.5381   14.2364
   -7.5000   30.0000   45.000011228.7441   14.0215
    0.0000   30.0000   45.000011676.1777   14.0365
    7.5000   30.0000   45.000011247.0039   14.0526
   -7.5000   37.5000   45.000011270.7803   14.0069
    0.0000   37.5000   45.000011723.1699   14.0198
    7.5000   37.5000   45.000011269.3232   14.0386
   -7.5000   45.0000   45.000010672.7705   13.6745
    0.0000   45.0000   45.000011107.0039   13.6868
    7.5000   45.0000   45.000010670.2822   13.7074

---------------------------------------------------------------------
imgreg_4dfp /opt/freesurfer/average/711-2C_as_mni_average_305 /opt/freesurfer/average/711-2B_as_mni_average_305_mask talsrcimg_g11 none talsrcimg_to_711-2C_as_mni_average_305_t4 4355
---------------------------------------------------------------------

freesurfer imgreg_4dfp.c
/opt/freesurfer/average/711-2C_as_mni_average_305.4dfp.img
       256       256       256         1
  1.000000  1.000000  1.000000
orientation T byte_order littleendian
Reading image: /opt/freesurfer/average/711-2C_as_mni_average_305.4dfp.img
dimensions:      256       256       256
mmppix:       1.0000   -1.0000   -1.0000
center:     128.0000 -129.0000 -129.0000
/opt/freesurfer/average/711-2B_as_mni_average_305_mask.4dfp.img
       256       256       256         1
  1.000000  1.000000  1.000000
orientation T byte_order littleendian
Reading mask: /opt/freesurfer/average/711-2B_as_mni_average_305_mask.4dfp.img (2306576 pixels)
talsrcimg_g11.4dfp.img
       256       256       256         1
  1.000000  1.000000  1.000000
orientation T byte_order littleendian
Reading image: talsrcimg_g11.4dfp.img
dimensions:      256       256       256
mmppix:       1.0000   -1.0000   -1.0000
center:     128.0000 -129.0000 -129.0000
rotation matrix determinant  1.000000
image alignment mode   4355 decimal     1103 hex
   -7.5000  -37.5000  -45.0000 1827.7354   21.2152
    0.0000  -37.5000  -45.0000 1820.3009   21.0508
    7.5000  -37.5000  -45.0000 1800.4005   21.0094
   -7.5000  -30.0000  -45.0000 1939.5693   18.8573
    0.0000  -30.0000  -45.0000 1937.4781   18.7557
    7.5000  -30.0000  -45.0000 1913.9609   18.7231
   -7.5000  -22.5000  -45.0000 2034.2354   16.9041
    0.0000  -22.5000  -45.0000 2035.9338   16.8199
    7.5000  -22.5000  -45.0000 2012.6034   16.8495
   -7.5000  -15.0000  -45.0000 2119.7952   15.3766
    0.0000  -15.0000  -45.0000 2124.3438   15.3148
    7.5000  -15.0000  -45.0000 2107.1765   15.3369
   -7.5000   -7.5000  -45.0000 2200.4065   14.2710
    0.0000   -7.5000  -45.0000 2205.6304   14.2297
    7.5000   -7.5000  -45.0000 2192.0591   14.2522
   -7.5000    0.0000  -45.0000 2246.0955   13.5038
    0.0000    0.0000  -45.0000 2251.9326   13.4748
    7.5000    0.0000  -45.0000 2237.0105   13.5255
   -7.5000    7.5000  -45.0000 2271.3708   12.9930
    0.0000    7.5000  -45.0000 2273.0396   12.9651
    7.5000    7.5000  -45.0000 2257.1160   13.0714
   -7.5000   15.0000  -45.0000 2277.2075   12.7497
    0.0000   15.0000  -45.0000 2283.9951   12.7435
    7.5000   15.0000  -45.0000 2263.0571   12.8701
   -7.5000   22.5000  -45.0000 2271.9438   12.7516
    0.0000   22.5000  -45.0000 2279.8696   12.7338
    7.5000   22.5000  -45.0000 2259.7988   12.8781
   -7.5000   30.0000  -45.0000 2258.9519   12.8980
    0.0000   30.0000  -45.0000 2264.0657   12.9062
    7.5000   30.0000  -45.0000 2239.2273   13.0311
   -7.5000   37.5000  -45.0000 2229.7793   13.2711
    0.0000   37.5000  -45.0000 2236.0979   13.2522
    7.5000   37.5000  -45.0000 2213.1165   13.4013
   -7.5000   45.0000  -45.0000 2187.2808   13.8934
    0.0000   45.0000  -45.0000 2199.0449   13.8695
    7.5000   45.0000  -45.0000 2180.2007   14.0182
   -7.5000   52.5000  -45.0000 2111.7561   14.6581
    0.0000   52.5000  -45.0000 2124.6404   14.6434
    7.5000   52.5000  -45.0000 2109.2961   14.7978
   -7.5000  -37.5000  -37.5000 1893.0665   19.5978
    0.0000  -37.5000  -37.5000 1893.5576   19.4949
    7.5000  -37.5000  -37.5000 1876.0394   19.4334
   -7.5000  -30.0000  -37.5000 2009.9635   17.3770
    0.0000  -30.0000  -37.5000 2015.3104   17.3003
    7.5000  -30.0000  -37.5000 1996.4780   17.2615
   -7.5000  -22.5000  -37.5000 2117.7998   15.5728
    0.0000  -22.5000  -37.5000 2120.2859   15.4797
    7.5000  -22.5000  -37.5000 2103.5264   15.4897
   -7.5000  -15.0000  -37.5000 2216.6772   14.1633
    0.0000  -15.0000  -37.5000 2219.6155   14.0638
    7.5000  -15.0000  -37.5000 2204.1494   14.1087
   -7.5000   -7.5000  -37.5000 2303.2117   13.1178
    0.0000   -7.5000  -37.5000 2305.7993   13.0332
    7.5000   -7.5000  -37.5000 2286.7671   13.0837
   -7.5000    0.0000  -37.5000 2354.7703   12.4246
    0.0000    0.0000  -37.5000 2356.5830   12.3282
    7.5000    0.0000  -37.5000 2333.4082   12.4015
   -7.5000    7.5000  -37.5000 2377.4287   11.9311
    0.0000    7.5000  -37.5000 2380.0198   11.8345
    7.5000    7.5000  -37.5000 2360.3611   11.9386
   -7.5000   15.0000  -37.5000 2385.9783   11.6560
    0.0000   15.0000  -37.5000 2394.8491   11.5987
    7.5000   15.0000  -37.5000 2371.1626   11.7085
   -7.5000   22.5000  -37.5000 2383.4023   11.6051
    0.0000   22.5000  -37.5000 2389.1533   11.5732
    7.5000   22.5000  -37.5000 2370.6292   11.7123
   -7.5000   30.0000  -37.5000 2366.5200   11.7307
    0.0000   30.0000  -37.5000 2373.7471   11.6841
    7.5000   30.0000  -37.5000 2357.8206   11.8666
   -7.5000   37.5000  -37.5000 2338.7004   12.0550
    0.0000   37.5000  -37.5000 2349.2224   12.0107
    7.5000   37.5000  -37.5000 2331.8738   12.1832
   -7.5000   45.0000  -37.5000 2298.4304   12.6348
    0.0000   45.0000  -37.5000 2311.4016   12.5794
    7.5000   45.0000  -37.5000 2293.8745   12.7810
   -7.5000   52.5000  -37.5000 2220.7856   13.3709
    0.0000   52.5000  -37.5000 2232.4150   13.3276
    7.5000   52.5000  -37.5000 2214.7068   13.4726
   -7.5000  -37.5000  -30.0000 1988.0205   18.8317
    0.0000  -37.5000  -30.0000 1989.5771   18.6740
    7.5000  -37.5000  -30.0000 1978.5464   18.6525
   -7.5000  -30.0000  -30.0000 2113.2185   16.6834
    0.0000  -30.0000  -30.0000 2121.1174   16.5443
    7.5000  -30.0000  -30.0000 2107.6140   16.5316
   -7.5000  -22.5000  -30.0000 2235.7568   14.9886
    0.0000  -22.5000  -30.0000 2242.1565   14.8536
    7.5000  -22.5000  -30.0000 2224.1328   14.8545
   -7.5000  -15.0000  -30.0000 2345.7942   13.6125
    0.0000  -15.0000  -30.0000 2350.6294   13.4621
    7.5000  -15.0000  -30.0000 2329.6304   13.4900
   -7.5000   -7.5000  -30.0000 2436.8867   12.5491
    0.0000   -7.5000  -30.0000 2445.4275   12.4211
    7.5000   -7.5000  -30.0000 2420.3660   12.4732
   -7.5000    0.0000  -30.0000 2495.1392   11.8269
    0.0000    0.0000  -30.0000 2502.4976   11.6993
    7.5000    0.0000  -30.0000 2476.1560   11.7678
   -7.5000    7.5000  -30.0000 2527.1250   11.3337
    0.0000    7.5000  -30.0000 2531.3372   11.1921
    7.5000    7.5000  -30.0000 2509.9563   11.3122
   -7.5000   15.0000  -30.0000 2542.9612   11.0568
    0.0000   15.0000  -30.0000 2552.0947   10.9224
    7.5000   15.0000  -30.0000 2530.4800   11.0802
   -7.5000   22.5000  -30.0000 2544.0662   10.9844
    0.0000   22.5000  -30.0000 2554.6611   10.8899
    7.5000   22.5000  -30.0000 2534.7256   11.0286
   -7.5000   30.0000  -30.0000 2530.0286   11.1023
    0.0000   30.0000  -30.0000 2541.1841   10.9922
    7.5000   30.0000  -30.0000 2521.6929   11.1674
   -7.5000   37.5000  -30.0000 2501.3220   11.4144
    0.0000   37.5000  -30.0000 2513.6235   11.3160
    7.5000   37.5000  -30.0000 2493.5332   11.4955
   -7.5000   45.0000  -30.0000 2458.2073   11.9803
    0.0000   45.0000  -30.0000 2470.3032   11.8856
    7.5000   45.0000  -30.0000 2449.2642   12.0617
   -7.5000   52.5000  -30.0000 2373.3396   12.6666
    0.0000   52.5000  -30.0000 2383.6626   12.5837
    7.5000   52.5000  -30.0000 2362.3093   12.7320
   -7.5000  -37.5000  -22.5000 2055.6509   18.1109
    0.0000  -37.5000  -22.5000 2060.6392   17.9039
    7.5000  -37.5000  -22.5000 2049.1609   17.9865
   -7.5000  -30.0000  -22.5000 2191.2100   16.0203
    0.0000  -30.0000  -22.5000 2200.2969   15.7994
    7.5000  -30.0000  -22.5000 2183.8372   15.8926
   -7.5000  -22.5000  -22.5000 2327.6541   14.3526
    0.0000  -22.5000  -22.5000 2335.6411   14.1599
    7.5000  -22.5000  -22.5000 2309.7671   14.2095
   -7.5000  -15.0000  -22.5000 2443.4983   12.9861
    0.0000  -15.0000  -22.5000 2452.1262   12.8506
    7.5000  -15.0000  -22.5000 2423.5515   12.8657
   -7.5000   -7.5000  -22.5000 2537.4185   11.9561
    0.0000   -7.5000  -22.5000 2549.2642   11.8451
    7.5000   -7.5000  -22.5000 2523.0278   11.8573
   -7.5000    0.0000  -22.5000 2604.4211   11.2265
    0.0000    0.0000  -22.5000 2613.8682   11.0919
    7.5000    0.0000  -22.5000 2592.3340   11.1317
   -7.5000    7.5000  -22.5000 2644.9453   10.6949
    0.0000    7.5000  -22.5000 2651.5251   10.5561
    7.5000    7.5000  -22.5000 2639.8228   10.6495
   -7.5000   15.0000  -22.5000 2673.8806   10.3973
    0.0000   15.0000  -22.5000 2681.6455   10.2599
    7.5000   15.0000  -22.5000 2661.1335   10.3749
   -7.5000   22.5000  -22.5000 2680.5466   10.3159
    0.0000   22.5000  -22.5000 2692.7803   10.1985
    7.5000   22.5000  -22.5000 2665.8726   10.3146
   -7.5000   30.0000  -22.5000 2674.2241   10.4266
    0.0000   30.0000  -22.5000 2686.0200   10.3146
    7.5000   30.0000  -22.5000 2661.3875   10.4617
   -7.5000   37.5000  -22.5000 2643.2380   10.7316
    0.0000   37.5000  -22.5000 2656.3882   10.6215
    7.5000   37.5000  -22.5000 2635.1274   10.7873
   -7.5000   45.0000  -22.5000 2593.3083   11.2585
    0.0000   45.0000  -22.5000 2606.1543   11.1327
    7.5000   45.0000  -22.5000 2584.5359   11.3152
   -7.5000   52.5000  -22.5000 2499.9854   11.9117
    0.0000   52.5000  -22.5000 2512.7776   11.7927
    7.5000   52.5000  -22.5000 2491.5002   11.9615
   -7.5000  -37.5000  -15.0000 2101.9280   17.5067
    0.0000  -37.5000  -15.0000 2112.0061   17.2916
    7.5000  -37.5000  -15.0000 2097.1321   17.4074
   -7.5000  -30.0000  -15.0000 2241.6306   15.4043
    0.0000  -30.0000  -15.0000 2251.1375   15.2050
    7.5000  -30.0000  -15.0000 2232.8662   15.3431
   -7.5000  -22.5000  -15.0000 2381.8862   13.7610
    0.0000  -22.5000  -15.0000 2390.3645   13.5759
    7.5000  -22.5000  -15.0000 2364.7454   13.6845
   -7.5000  -15.0000  -15.0000 2498.9856   12.3983
    0.0000  -15.0000  -15.0000 2508.5430   12.2699
    7.5000  -15.0000  -15.0000 2483.4253   12.3452
   -7.5000   -7.5000  -15.0000 2601.8826   11.3515
    0.0000   -7.5000  -15.0000 2613.6121   11.2513
    7.5000   -7.5000  -15.0000 2593.2056   11.3169
   -7.5000    0.0000  -15.0000 2680.6274   10.6170
    0.0000    0.0000  -15.0000 2693.2417   10.5039
    7.5000    0.0000  -15.0000 2671.9182   10.5590
   -7.5000    7.5000  -15.0000 2730.2249   10.0857
    0.0000    7.5000  -15.0000 2738.1453    9.9805
    7.5000    7.5000  -15.0000 2726.8042   10.0336
   -7.5000   15.0000  -15.0000 2766.8066    9.7470
    0.0000   15.0000  -15.0000 2777.4312    9.6409
    7.5000   15.0000  -15.0000 2759.5308    9.7396
   -7.5000   22.5000  -15.0000 2785.0879    9.6348
    0.0000   22.5000  -15.0000 2800.1472    9.5405
    7.5000   22.5000  -15.0000 2770.6924    9.6540
   -7.5000   30.0000  -15.0000 2782.0935    9.7533
    0.0000   30.0000  -15.0000 2796.4067    9.6671
    7.5000   30.0000  -15.0000 2770.8389    9.8258
   -7.5000   37.5000  -15.0000 2757.9341   10.0836
    0.0000   37.5000  -15.0000 2772.1787    9.9755
    7.5000   37.5000  -15.0000 2746.7527   10.1495
   -7.5000   45.0000  -15.0000 2704.3486   10.5926
    0.0000   45.0000  -15.0000 2717.6892   10.4522
    7.5000   45.0000  -15.0000 2695.6284   10.6347
   -7.5000   52.5000  -15.0000 2600.2664   11.2383
    0.0000   52.5000  -15.0000 2611.9165   11.0949
    7.5000   52.5000  -15.0000 2593.3611   11.2806
   -7.5000  -37.5000   -7.5000 2135.8306   16.8715
    0.0000  -37.5000   -7.5000 2147.1064   16.7067
    7.5000  -37.5000   -7.5000 2135.2290   16.9081
   -7.5000  -30.0000   -7.5000 2278.1467   14.8323
    0.0000  -30.0000   -7.5000 2285.4653   14.6523
    7.5000  -30.0000   -7.5000 2271.9622   14.8629
   -7.5000  -22.5000   -7.5000 2415.4880   13.2014
    0.0000  -22.5000   -7.5000 2424.0337   13.0679
    7.5000  -22.5000   -7.5000 2403.8831   13.2114
   -7.5000  -15.0000   -7.5000 2536.1262   11.8880
    0.0000  -15.0000   -7.5000 2543.8586   11.7857
    7.5000  -15.0000   -7.5000 2523.4224   11.8995
   -7.5000   -7.5000   -7.5000 2644.9343   10.8616
    0.0000   -7.5000   -7.5000 2654.6956   10.7659
    7.5000   -7.5000   -7.5000 2637.2400   10.8523
   -7.5000    0.0000   -7.5000 2735.5334   10.0912
    0.0000    0.0000   -7.5000 2750.2830   10.0080
    7.5000    0.0000   -7.5000 2726.9844   10.0700
   -7.5000    7.5000   -7.5000 2800.9373    9.5370
    0.0000    7.5000   -7.5000 2816.1846    9.4446
    7.5000    7.5000   -7.5000 2793.9978    9.5183
   -7.5000   15.0000   -7.5000 2842.3623    9.1670
    0.0000   15.0000   -7.5000 2856.8806    9.0760
    7.5000   15.0000   -7.5000 2836.1885    9.1735
   -7.5000   22.5000   -7.5000 2872.5193    9.0098
    0.0000   22.5000   -7.5000 2892.5754    8.9250
    7.5000   22.5000   -7.5000 2859.9812    9.0662
   -7.5000   30.0000   -7.5000 2875.9553    9.1443
    0.0000   30.0000   -7.5000 2890.4697    9.0579
    7.5000   30.0000   -7.5000 2864.2864    9.2432
   -7.5000   37.5000   -7.5000 2847.4075    9.4796
    0.0000   37.5000   -7.5000 2865.9927    9.3796
    7.5000   37.5000   -7.5000 2843.3081    9.5570
   -7.5000   45.0000   -7.5000 2790.2205    9.9995
    0.0000   45.0000   -7.5000 2808.0220    9.8624
    7.5000   45.0000   -7.5000 2785.2532   10.0434
   -7.5000   52.5000   -7.5000 2678.0200   10.6312
    0.0000   52.5000   -7.5000 2693.1218   10.5058
    7.5000   52.5000   -7.5000 2673.7686   10.6982
   -7.5000  -37.5000    0.0000 2158.0278   16.4080
    0.0000  -37.5000    0.0000 2164.7200   16.2902
    7.5000  -37.5000    0.0000 2155.5991   16.5305
   -7.5000  -30.0000    0.0000 2300.9006   14.4189
    0.0000  -30.0000    0.0000 2306.8606   14.2849
    7.5000  -30.0000    0.0000 2296.0276   14.5297
   -7.5000  -22.5000    0.0000 2437.5339   12.8179
    0.0000  -22.5000    0.0000 2442.9644   12.6898
    7.5000  -22.5000    0.0000 2427.1902   12.9143
   -7.5000  -15.0000    0.0000 2554.0881   11.5275
    0.0000  -15.0000    0.0000 2564.2476   11.4199
    7.5000  -15.0000    0.0000 2546.4124   11.6076
   -7.5000   -7.5000    0.0000 2663.6267   10.4979
    0.0000   -7.5000    0.0000 2680.5288   10.4100
    7.5000   -7.5000    0.0000 2662.7061   10.5652
   -7.5000    0.0000    0.0000 2760.3584    9.6942
    0.0000    0.0000    0.0000 2783.0999    9.6213
    7.5000    0.0000    0.0000 2765.0200    9.7587
   -7.5000    7.5000    0.0000 2845.0598    9.1093
    0.0000    7.5000    0.0000 2869.0681    9.0321
    7.5000    7.5000    0.0000 2845.1313    9.1493
   -7.5000   15.0000    0.0000 2900.8198    8.7420
    0.0000   15.0000    0.0000 2924.3594    8.6491
    7.5000   15.0000    0.0000 2902.3647    8.7818
   -7.5000   22.5000    0.0000 2946.0027    8.5607
    0.0000   22.5000    0.0000 2974.3284    8.4715
    7.5000   22.5000    0.0000 2935.3342    8.6534
   -7.5000   30.0000    0.0000 2950.0076    8.6817
    0.0000   30.0000    0.0000 2970.7615    8.6016
    7.5000   30.0000    0.0000 2937.6350    8.8204
   -7.5000   37.5000    0.0000 2917.1201    9.0279
    0.0000   37.5000    0.0000 2940.7170    8.9283
    7.5000   37.5000    0.0000 2911.1348    9.1387
   -7.5000   45.0000    0.0000 2851.8640    9.5458
    0.0000   45.0000    0.0000 2874.6382    9.4301
    7.5000   45.0000    0.0000 2849.6804    9.6330
   -7.5000   52.5000    0.0000 2731.4302   10.2108
    0.0000   52.5000    0.0000 2751.6438   10.1042
    7.5000   52.5000    0.0000 2729.7402   10.3286
   -7.5000  -37.5000    7.5000 2167.5740   16.2911
    0.0000  -37.5000    7.5000 2175.0088   16.1795
    7.5000  -37.5000    7.5000 2158.7888   16.4783
   -7.5000  -30.0000    7.5000 2309.3132   14.2831
    0.0000  -30.0000    7.5000 2316.6594   14.1571
    7.5000  -30.0000    7.5000 2304.0874   14.4350
   -7.5000  -22.5000    7.5000 2440.2485   12.6348
    0.0000  -22.5000    7.5000 2448.8811   12.5227
    7.5000  -22.5000    7.5000 2432.2537   12.7705
   -7.5000  -15.0000    7.5000 2555.9500   11.3168
    0.0000  -15.0000    7.5000 2566.5100   11.2063
    7.5000  -15.0000    7.5000 2553.8799   11.4548
   -7.5000   -7.5000    7.5000 2668.0701   10.2683
    0.0000   -7.5000    7.5000 2684.2852   10.1699
    7.5000   -7.5000    7.5000 2671.7644   10.3899
   -7.5000    0.0000    7.5000 2766.0630    9.4506
    0.0000    0.0000    7.5000 2789.6431    9.3639
    7.5000    0.0000    7.5000 2776.6370    9.5570
   -7.5000    7.5000    7.5000 2862.4561    8.8438
    0.0000    7.5000    7.5000 2891.8254    8.7772
    7.5000    7.5000    7.5000 2871.9839    8.9371
   -7.5000   15.0000    7.5000 2939.3625    8.4807
    0.0000   15.0000    7.5000 2970.6355    8.4276
    7.5000   15.0000    7.5000 2945.1702    8.5688
   -7.5000   22.5000    7.5000 3004.9321    8.3096
    0.0000   22.5000    7.5000 3042.5266    8.2612
    7.5000   22.5000    7.5000 2990.8628    8.4240
   -7.5000   30.0000    7.5000 3006.4993    8.3982
    0.0000   30.0000    7.5000 3039.6462    8.3370
    7.5000   30.0000    7.5000 2990.7014    8.5685
   -7.5000   37.5000    7.5000 2960.0657    8.7711
    0.0000   37.5000    7.5000 2991.0251    8.6716
    7.5000   37.5000    7.5000 2954.8293    8.9015
   -7.5000   45.0000    7.5000 2888.8438    9.3205
    0.0000   45.0000    7.5000 2918.3047    9.2036
    7.5000   45.0000    7.5000 2886.5476    9.4149
   -7.5000   52.5000    7.5000 2762.0479   10.0033
    0.0000   52.5000    7.5000 2787.8525    9.8707
    7.5000   52.5000    7.5000 2765.6865   10.0628
   -7.5000  -37.5000   15.0000 2153.1890   16.3308
    0.0000  -37.5000   15.0000 2159.8262   16.2565
    7.5000  -37.5000   15.0000 2142.5901   16.5911
   -7.5000  -30.0000   15.0000 2296.7415   14.2652
    0.0000  -30.0000   15.0000 2309.0183   14.2250
    7.5000  -30.0000   15.0000 2289.1719   14.5065
   -7.5000  -22.5000   15.0000 2421.9822   12.6181
    0.0000  -22.5000   15.0000 2435.6733   12.5423
    7.5000  -22.5000   15.0000 2420.1423   12.8287
   -7.5000  -15.0000   15.0000 2536.9697   11.3056
    0.0000  -15.0000   15.0000 2550.6128   11.2127
    7.5000  -15.0000   15.0000 2541.6262   11.5134
   -7.5000   -7.5000   15.0000 2648.6694   10.2605
    0.0000   -7.5000   15.0000 2665.6777   10.1543
    7.5000   -7.5000   15.0000 2656.9905   10.4241
   -7.5000    0.0000   15.0000 2750.4541    9.4409
    0.0000    0.0000   15.0000 2769.1707    9.3234
    7.5000    0.0000   15.0000 2763.5251    9.5652
   -7.5000    7.5000   15.0000 2852.6191    8.8531
    0.0000    7.5000   15.0000 2873.3276    8.7427
    7.5000    7.5000   15.0000 2864.3120    8.9411
   -7.5000   15.0000   15.0000 2944.8225    8.5113
    0.0000   15.0000   15.0000 2972.0864    8.4312
    7.5000   15.0000   15.0000 2948.6331    8.5602
   -7.5000   22.5000   15.0000 3022.1204    8.3756
    0.0000   22.5000   15.0000 3059.1062    8.2976
    7.5000   22.5000   15.0000 3001.5547    8.4073
   -7.5000   30.0000   15.0000 3024.5110    8.4351
    0.0000   30.0000   15.0000 3061.8958    8.3232
    7.5000   30.0000   15.0000 3000.8630    8.5101
   -7.5000   37.5000   15.0000 2980.9607    8.7231
    0.0000   37.5000   15.0000 3013.7659    8.6037
    7.5000   37.5000   15.0000 2969.5283    8.8222
   -7.5000   45.0000   15.0000 2896.5996    9.2537
    0.0000   45.0000   15.0000 2923.6912    9.1374
    7.5000   45.0000   15.0000 2894.7754    9.3561
   -7.5000   52.5000   15.0000 2765.3350    9.9613
    0.0000   52.5000   15.0000 2786.6619    9.8222
    7.5000   52.5000   15.0000 2768.4521   10.0064
   -7.5000  -37.5000   22.5000 2118.2322   16.7175
    0.0000  -37.5000   22.5000 2132.3452   16.6454
    7.5000  -37.5000   22.5000 2110.6626   17.0255
   -7.5000  -30.0000   22.5000 2272.5706   14.5495
    0.0000  -30.0000   22.5000 2287.2300   14.4594
    7.5000  -30.0000   22.5000 2263.6697   14.8281
   -7.5000  -22.5000   22.5000 2400.2419   12.8327
    0.0000  -22.5000   22.5000 2412.1587   12.7165
    7.5000  -22.5000   22.5000 2399.2434   13.0878
   -7.5000  -15.0000   22.5000 2514.2769   11.5236
    0.0000  -15.0000   22.5000 2523.5625   11.3812
    7.5000  -15.0000   22.5000 2515.6362   11.7157
   -7.5000   -7.5000   22.5000 2623.4319   10.5153
    0.0000   -7.5000   22.5000 2634.9321   10.3625
    7.5000   -7.5000   22.5000 2631.2402   10.6468
   -7.5000    0.0000   22.5000 2729.6851    9.7290
    0.0000    0.0000   22.5000 2740.3118    9.5515
    7.5000    0.0000   22.5000 2739.1663    9.8145
   -7.5000    7.5000   22.5000 2828.7896    9.1465
    0.0000    7.5000   22.5000 2842.1741    8.9795
    7.5000    7.5000   22.5000 2838.3679    9.2017
   -7.5000   15.0000   22.5000 2918.2358    8.7726
    0.0000   15.0000   22.5000 2936.7612    8.6468
    7.5000   15.0000   22.5000 2919.2625    8.8177
   -7.5000   22.5000   22.5000 2981.2070    8.6074
    0.0000   22.5000   22.5000 3004.2568    8.4441
    7.5000   22.5000   22.5000 2972.2554    8.6391
   -7.5000   30.0000   22.5000 2988.8752    8.7081
    0.0000   30.0000   22.5000 3014.2344    8.5608
    7.5000   30.0000   22.5000 2975.7249    8.7356
   -7.5000   37.5000   22.5000 2952.7029    8.9704
    0.0000   37.5000   22.5000 2979.8276    8.8488
    7.5000   37.5000   22.5000 2944.7329    9.0231
   -7.5000   45.0000   22.5000 2871.6172    9.4449
    0.0000   45.0000   22.5000 2895.8176    9.3248
    7.5000   45.0000   22.5000 2869.9382    9.5298
   -7.5000   52.5000   22.5000 2739.5044   10.0904
    0.0000   52.5000   22.5000 2757.7820    9.9517
    7.5000   52.5000   22.5000 2741.3401   10.1475
   -7.5000  -37.5000   30.0000 2069.6230   17.2965
    0.0000  -37.5000   30.0000 2088.4019   17.1928
    7.5000  -37.5000   30.0000 2071.7131   17.5649
   -7.5000  -30.0000   30.0000 2231.6118   15.0787
    0.0000  -30.0000   30.0000 2242.8726   14.9429
    7.5000  -30.0000   30.0000 2225.6821   15.3009
   -7.5000  -22.5000   30.0000 2364.3242   13.3301
    0.0000  -22.5000   30.0000 2370.1699   13.2136
    7.5000  -22.5000   30.0000 2357.1777   13.5386
   -7.5000  -15.0000   30.0000 2478.7505   12.0225
    0.0000  -15.0000   30.0000 2486.7268   11.8703
    7.5000  -15.0000   30.0000 2473.3459   12.1640
   -7.5000   -7.5000   30.0000 2582.7627   10.9849
    0.0000   -7.5000   30.0000 2595.3030   10.8055
    7.5000   -7.5000   30.0000 2589.1160   11.0910
   -7.5000    0.0000   30.0000 2686.5989   10.1537
    0.0000    0.0000   30.0000 2699.8899    9.9539
    7.5000    0.0000   30.0000 2697.8865   10.2386
   -7.5000    7.5000   30.0000 2781.6128    9.5456
    0.0000    7.5000   30.0000 2796.6226    9.3640
    7.5000    7.5000   30.0000 2792.8960    9.6154
   -7.5000   15.0000   30.0000 2861.3157    9.1550
    0.0000   15.0000   30.0000 2881.3064    8.9765
    7.5000   15.0000   30.0000 2868.8887    9.2000
   -7.5000   22.5000   30.0000 2910.5906    8.9539
    0.0000   22.5000   30.0000 2932.6655    8.7452
    7.5000   22.5000   30.0000 2914.4631    8.9966
   -7.5000   30.0000   30.0000 2920.0767    9.0317
    0.0000   30.0000   30.0000 2941.0032    8.8732
    7.5000   30.0000   30.0000 2915.5913    9.0957
   -7.5000   37.5000   30.0000 2886.3271    9.3276
    0.0000   37.5000   30.0000 2911.7400    9.1843
    7.5000   37.5000   30.0000 2882.2214    9.4024
   -7.5000   45.0000   30.0000 2813.5273    9.8197
    0.0000   45.0000   30.0000 2836.1436    9.6598
    7.5000   45.0000   30.0000 2817.5142    9.8913
   -7.5000   52.5000   30.0000 2687.4705   10.4463
    0.0000   52.5000   30.0000 2703.3469   10.2977
    7.5000   52.5000   30.0000 2688.8037   10.5107
   -7.5000  -37.5000   37.5000 2017.8639   18.2304
    0.0000  -37.5000   37.5000 2036.8044   18.0943
    7.5000  -37.5000   37.5000 2022.6304   18.4459
   -7.5000  -30.0000   37.5000 2178.6670   15.8728
    0.0000  -30.0000   37.5000 2194.9106   15.7656
    7.5000  -30.0000   37.5000 2178.3667   16.1030
   -7.5000  -22.5000   37.5000 2314.0828   14.0457
    0.0000  -22.5000   37.5000 2325.3345   13.9148
    7.5000  -22.5000   37.5000 2308.4954   14.2376
   -7.5000  -15.0000   37.5000 2427.5894   12.6507
    0.0000  -15.0000   37.5000 2442.6362   12.4870
    7.5000  -15.0000   37.5000 2425.2532   12.7828
   -7.5000   -7.5000   37.5000 2532.4766   11.5626
    0.0000   -7.5000   37.5000 2551.7473   11.3712
    7.5000   -7.5000   37.5000 2539.0618   11.6508
   -7.5000    0.0000   37.5000 2638.2410   10.7010
    0.0000    0.0000   37.5000 2659.7427   10.5056
    7.5000    0.0000   37.5000 2650.4141   10.7852
   -7.5000    7.5000   37.5000 2731.3867   10.0712
    0.0000    7.5000   37.5000 2747.7974    9.8990
    7.5000    7.5000   37.5000 2738.6582   10.1484
   -7.5000   15.0000   37.5000 2794.0193    9.6836
    0.0000   15.0000   37.5000 2815.1199    9.4794
    7.5000   15.0000   37.5000 2801.1580    9.7211
   -7.5000   22.5000   37.5000 2828.0217    9.4722
    0.0000   22.5000   37.5000 2847.6897    9.2732
    7.5000   22.5000   37.5000 2835.3977    9.5052
   -7.5000   30.0000   37.5000 2834.1785    9.5406
    0.0000   30.0000   37.5000 2853.2339    9.3769
    7.5000   30.0000   37.5000 2836.2505    9.5899
   -7.5000   37.5000   37.5000 2797.8474    9.8301
    0.0000   37.5000   37.5000 2821.8313    9.6812
    7.5000   37.5000   37.5000 2801.1873    9.8836
   -7.5000   45.0000   37.5000 2730.8589   10.3160
    0.0000   45.0000   37.5000 2754.3506   10.1570
    7.5000   45.0000   37.5000 2739.2891   10.3686
   -7.5000   52.5000   37.5000 2615.0100   10.9214
    0.0000   52.5000   37.5000 2632.3909   10.7621
    7.5000   52.5000   37.5000 2619.0762   10.9764
   -7.5000  -37.5000   45.0000 1958.6984   19.3467
    0.0000  -37.5000   45.0000 1977.7645   19.2206
    7.5000  -37.5000   45.0000 1966.2134   19.5230
   -7.5000  -30.0000   45.0000 2120.2751   16.8064
    0.0000  -30.0000   45.0000 2137.8621   16.6892
    7.5000  -30.0000   45.0000 2122.8662   16.9750
   -7.5000  -22.5000   45.0000 2256.6890   14.8748
    0.0000  -22.5000   45.0000 2274.9163   14.7237
    7.5000  -22.5000   45.0000 2254.5549   15.0128
   -7.5000  -15.0000   45.0000 2373.3579   13.4010
    0.0000  -15.0000   45.0000 2392.7014   13.2648
    7.5000  -15.0000   45.0000 2367.4626   13.5044
   -7.5000   -7.5000   45.0000 2478.4731   12.2683
    0.0000   -7.5000   45.0000 2502.6897   12.1182
    7.5000   -7.5000   45.0000 2482.3938   12.3586
   -7.5000    0.0000   45.0000 2576.6760   11.3947
    0.0000    0.0000   45.0000 2598.3970   11.2361
    7.5000    0.0000   45.0000 2583.9612   11.4671
   -7.5000    7.5000   45.0000 2659.3472   10.7489
    0.0000    7.5000   45.0000 2678.3376   10.5897
    7.5000    7.5000   45.0000 2665.8228   10.8088
   -7.5000   15.0000   45.0000 2714.0837   10.3468
    0.0000   15.0000   45.0000 2735.3306   10.1571
    7.5000   15.0000   45.0000 2718.5872   10.3780
   -7.5000   22.5000   45.0000 2738.0850   10.1391
    0.0000   22.5000   45.0000 2754.4917    9.9771
    7.5000   22.5000   45.0000 2744.2654   10.1614
   -7.5000   30.0000   45.0000 2735.7014   10.2111
    0.0000   30.0000   45.0000 2753.2390   10.0574
    7.5000   30.0000   45.0000 2739.2617   10.2507
   -7.5000   37.5000   45.0000 2699.2007   10.4875
    0.0000   37.5000   45.0000 2719.1243   10.3479
    7.5000   37.5000   45.0000 2705.7812   10.5469
   -7.5000   45.0000   45.0000 2638.7610   10.9507
    0.0000   45.0000   45.0000 2659.6467   10.8084
    7.5000   45.0000   45.0000 2649.2825   11.0055
   -7.5000   52.5000   45.0000 2530.6604   11.5281
    0.0000   52.5000   45.0000 2550.8525   11.3882
    7.5000   52.5000   45.0000 2534.7085   11.5922

---------------------------------------------------------------------
imgreg_4dfp /opt/freesurfer/average/711-2C_as_mni_average_305 /opt/freesurfer/average/711-2B_as_mni_average_305_mask talsrcimg_g11 none talsrcimg_to_711-2C_as_mni_average_305_t4 1283
---------------------------------------------------------------------

freesurfer imgreg_4dfp.c
/opt/freesurfer/average/711-2C_as_mni_average_305.4dfp.img
       256       256       256         1
  1.000000  1.000000  1.000000
orientation T byte_order littleendian
Reading image: /opt/freesurfer/average/711-2C_as_mni_average_305.4dfp.img
dimensions:      256       256       256
mmppix:       1.0000   -1.0000   -1.0000
center:     128.0000 -129.0000 -129.0000
/opt/freesurfer/average/711-2B_as_mni_average_305_mask.4dfp.img
       256       256       256         1
  1.000000  1.000000  1.000000
orientation T byte_order littleendian
Reading mask: /opt/freesurfer/average/711-2B_as_mni_average_305_mask.4dfp.img (2306576 pixels)
talsrcimg_g11.4dfp.img
       256       256       256         1
  1.000000  1.000000  1.000000
orientation T byte_order littleendian
Reading image: talsrcimg_g11.4dfp.img
dimensions:      256       256       256
mmppix:       1.0000   -1.0000   -1.0000
center:     128.0000 -129.0000 -129.0000
rotation matrix determinant  1.000000
fimgreg.f
image alignment mode   1283 decimal      503 hex
parameters
    0.0000   30.0000   15.0000    0.0000    0.0000    0.0000
eta,q 0.96066  8.35457
niter,ni,del,rscale     5    3   12.0000    1.2000
parameter  2  0.551079 ->  0.500000 qaram    1.1500
parameter  4  0.553520 ->  0.500000 qaram    1.1500
parameter  6  0.895598 ->  0.500000 qaram    1.1500
parameters
   -1.4055   26.5500   13.7288   -3.4500   -2.3576   -3.4500
eta,q 0.96893  8.25185
  0.0478  0.0393  0.0442  0.0359  0.0373  0.0312
  0.0429  0.0378  0.0390  0.0354  0.0350  0.0309
  0.0399  0.0372  0.0363  0.0353  0.0341  0.0320
  0.0406  0.0395  0.0373  0.0362  0.0353  0.0341
  0.0455  0.0436  0.0412  0.0375  0.0385  0.0369
  0.0512  0.0481  0.0463  0.0392  0.0429  0.0408
  0.0564  0.0534  0.0511  0.0416  0.0470  0.0447
niter,ni,del,rscale     7    3   12.0000    1.2000
parameters
   -0.7584   27.6804   13.3405   -5.5251   -2.9462   -4.6849
eta,q 0.97007  8.25884
  0.0517  0.0481  0.0414  0.0321  0.0369  0.0347
  0.0422  0.0379  0.0361  0.0303  0.0331  0.0320
  0.0352  0.0328  0.0314  0.0302  0.0306  0.0303
  0.0311  0.0306  0.0304  0.0303  0.0302  0.0301
  0.0316  0.0310  0.0331  0.0317  0.0319  0.0321
  0.0374  0.0339  0.0380  0.0339  0.0354  0.0352
  0.0448  0.0384  0.0445  0.0369  0.0399  0.0395
niter,ni,del,rscale     6    3   12.0000    1.2000
parameters
   -0.4248   28.7300   12.8667   -6.7263   -3.3015   -4.6121
eta,q 0.97066  8.25093
  0.0487  0.0476  0.0401  0.0331  0.0368  0.0362
  0.0399  0.0369  0.0347  0.0292  0.0327  0.0328
  0.0337  0.0311  0.0305  0.0292  0.0300  0.0305
  0.0299  0.0297  0.0299  0.0296  0.0294  0.0294
  0.0310  0.0306  0.0324  0.0306  0.0309  0.0302
  0.0377  0.0333  0.0372  0.0328  0.0343  0.0326
  0.0453  0.0377  0.0437  0.0356  0.0385  0.0360
niter,ni,del,rscale     5    3   12.0000    1.2000
parameters
   -0.2186   29.4087   12.6536   -7.2606   -3.4647   -4.6285
eta,q 0.97078  8.24132
  0.0478  0.0462  0.0403  0.0346  0.0372  0.0358
  0.0395  0.0356  0.0351  0.0300  0.0331  0.0325
  0.0332  0.0301  0.0306  0.0291  0.0303  0.0302
  0.0293  0.0292  0.0294  0.0294  0.0292  0.0292
  0.0311  0.0307  0.0315  0.0303  0.0305  0.0302
  0.0382  0.0340  0.0358  0.0323  0.0339  0.0326
  0.0458  0.0388  0.0421  0.0354  0.0380  0.0359
niter,ni,del,rscale     4    3   12.0000    1.2000
parameters
   -0.1133   29.6927   12.5883   -7.4211   -3.5605   -4.6483
eta,q 0.97068  8.23795
  0.0472  0.0447  0.0405  0.0355  0.0374  0.0357
  0.0391  0.0342  0.0353  0.0306  0.0333  0.0325
  0.0327  0.0295  0.0307  0.0292  0.0305  0.0303
  0.0292  0.0292  0.0293  0.0293  0.0293  0.0293
  0.0315  0.0313  0.0311  0.0302  0.0305  0.0303
  0.0386  0.0349  0.0351  0.0321  0.0338  0.0326
  0.0461  0.0402  0.0412  0.0351  0.0380  0.0358
niter,ni,del,rscale     3    3   12.0000    1.2000
parameters
   -0.0555   29.7712   12.5759   -7.4698   -3.6106   -4.6590
eta,q 0.97065  8.23748
  0.0470  0.0439  0.0406  0.0358  0.0376  0.0357
  0.0389  0.0334  0.0354  0.0308  0.0335  0.0325
  0.0326  0.0292  0.0308  0.0293  0.0306  0.0303
  0.0293  0.0293  0.0293  0.0293  0.0293  0.0294
  0.0318  0.0316  0.0311  0.0301  0.0304  0.0304
  0.0389  0.0354  0.0349  0.0320  0.0337  0.0326
  0.0463  0.0409  0.0409  0.0350  0.0379  0.0358
niter,ni,del,rscale     2    3   12.0000    1.2000
parameters
   -0.0278   29.7935   12.5756   -7.4809   -3.6342   -4.6655
eta,q 0.97064  8.23749
  0.0469  0.0437  0.0406  0.0359  0.0376  0.0357
  0.0388  0.0333  0.0354  0.0309  0.0336  0.0325
  0.0325  0.0292  0.0308  0.0294  0.0307  0.0303
  0.0294  0.0293  0.0294  0.0294  0.0294  0.0294
  0.0319  0.0317  0.0310  0.0301  0.0304  0.0304
  0.0391  0.0355  0.0349  0.0320  0.0336  0.0326
  0.0465  0.0411  0.0409  0.0350  0.0379  0.0357
registration optimization eta report
parameter search radius
    6.0000    6.9000    6.0000    6.9000    6.0000    6.9000
100000*second partial in parameter space
       46.       28.       31.       13.       23.       13.
  0.0469  0.0437  0.0406  0.0359  0.0376  0.0357
  0.0388  0.0333  0.0354  0.0309  0.0336  0.0325
  0.0325  0.0292  0.0308  0.0294  0.0307  0.0303
  0.0294  0.0293  0.0294  0.0294  0.0294  0.0294
  0.0319  0.0317  0.0310  0.0301  0.0304  0.0304
  0.0391  0.0355  0.0349  0.0320  0.0336  0.0326
  0.0465  0.0411  0.0409  0.0350  0.0379  0.0357
   -0.0278   29.7935   12.5756   -7.4809   -3.6342   -4.6655
eta,q 0.97064  8.23749

---------------------------------------------------------------------
imgreg_4dfp /opt/freesurfer/average/711-2C_as_mni_average_305 /opt/freesurfer/average/711-2B_as_mni_average_305_mask talsrcimg_g11 none talsrcimg_to_711-2C_as_mni_average_305_t4 3335
---------------------------------------------------------------------

freesurfer imgreg_4dfp.c
/opt/freesurfer/average/711-2C_as_mni_average_305.4dfp.img
       256       256       256         1
  1.000000  1.000000  1.000000
orientation T byte_order littleendian
Reading image: /opt/freesurfer/average/711-2C_as_mni_average_305.4dfp.img
dimensions:      256       256       256
mmppix:       1.0000   -1.0000   -1.0000
center:     128.0000 -129.0000 -129.0000
/opt/freesurfer/average/711-2B_as_mni_average_305_mask.4dfp.img
       256       256       256         1
  1.000000  1.000000  1.000000
orientation T byte_order littleendian
Reading mask: /opt/freesurfer/average/711-2B_as_mni_average_305_mask.4dfp.img (2306576 pixels)
talsrcimg_g11.4dfp.img
       256       256       256         1
  1.000000  1.000000  1.000000
orientation T byte_order littleendian
Reading image: talsrcimg_g11.4dfp.img
dimensions:      256       256       256
mmppix:       1.0000   -1.0000   -1.0000
center:     128.0000 -129.0000 -129.0000
fimgreg.f
image alignment mode   3335 decimal      D07 hex
parameters
   -0.0278   29.7935   12.5756   -0.5318   -1.1126   -1.0505
    7.2421    7.3229   -8.1176   12.4652   -6.3387  -12.9933
eta,q 0.97184  8.30672
niter,ni,del,rscale     5    3    5.0000    1.2000
parameter  4  0.536927 ->  0.500000 qaram    1.1500
parameter  5  2.357560 ->  0.500000 qaram    1.1500
parameter  6  0.561904 ->  0.500000 qaram    1.1500
parameters
    0.1665   30.0972   12.3671   -4.6718   -5.2526   -5.1905
    7.6141    7.7184   -7.4498   11.3482   -7.4159  -10.2882
eta,q 0.97823  8.14315
  0.0320  0.0304  0.0296  0.0280  0.0225  0.0232  0.0244  0.0259  0.0244  0.0246  0.0228  0.0246
  0.0300  0.0294  0.0288  0.0271  0.0233  0.0222  0.0232  0.0239  0.0232  0.0230  0.0222  0.0234
  0.0287  0.0286  0.0283  0.0270  0.0248  0.0221  0.0224  0.0226  0.0224  0.0221  0.0220  0.0225
  0.0282  0.0281  0.0281  0.0281  0.0270  0.0237  0.0221  0.0221  0.0221  0.0220  0.0220  0.0219
  0.0283  0.0282  0.0284  0.0306  0.0297  0.0267  0.0223  0.0222  0.0221  0.0228  0.0222  0.0218
  0.0293  0.0287  0.0291  0.0340  0.0321  0.0303  0.0229  0.0232  0.0227  0.0246  0.0227  0.0219
  0.0310  0.0296  0.0303  0.0378  0.0342  0.0349  0.0239  0.0252  0.0237  0.0269  0.0235  0.0223
niter,ni,del,rscale     7    3    5.0000    1.2000
parameters
    0.1692   29.5672   11.2341   -3.4642   -8.0061   -6.4010
    7.8646    7.7839   -7.2383   11.2417   -7.4345   -9.6907
eta,q 0.97962  8.09541
  0.0244  0.0230  0.0218  0.0251  0.0223  0.0242  0.0228  0.0241  0.0223  0.0236  0.0216  0.0219
  0.0230  0.0220  0.0212  0.0238  0.0207  0.0227  0.0215  0.0221  0.0213  0.0219  0.0209  0.0212
  0.0221  0.0216  0.0212  0.0225  0.0201  0.0211  0.0207  0.0209  0.0207  0.0208  0.0205  0.0206
  0.0218  0.0218  0.0216  0.0212  0.0207  0.0201  0.0204  0.0204  0.0204  0.0204  0.0204  0.0204
  0.0221  0.0224  0.0224  0.0205  0.0222  0.0212  0.0206  0.0207  0.0205  0.0208  0.0206  0.0205
  0.0229  0.0234  0.0235  0.0215  0.0248  0.0244  0.0213  0.0219  0.0211  0.0220  0.0209  0.0208
  0.0244  0.0248  0.0250  0.0242  0.0277  0.0285  0.0224  0.0241  0.0221  0.0239  0.0215  0.0215
niter,ni,del,rscale     6    3    5.0000    1.2000
parameters
    0.1447   29.6524   11.1560   -2.6387   -8.0386   -6.8289
    7.7057    7.7365   -7.2185   11.2594   -7.3485   -9.4869
eta,q 0.97975  8.09960
  0.0231  0.0230  0.0220  0.0243  0.0243  0.0246  0.0225  0.0240  0.0222  0.0235  0.0215  0.0216
  0.0216  0.0216  0.0211  0.0230  0.0223  0.0231  0.0212  0.0220  0.0211  0.0219  0.0208  0.0209
  0.0207  0.0207  0.0205  0.0217  0.0207  0.0215  0.0204  0.0207  0.0205  0.0207  0.0204  0.0204
  0.0204  0.0204  0.0204  0.0204  0.0201  0.0201  0.0202  0.0203  0.0203  0.0203  0.0203  0.0203
  0.0207  0.0206  0.0206  0.0199  0.0207  0.0203  0.0206  0.0206  0.0205  0.0206  0.0204  0.0204
  0.0216  0.0214  0.0213  0.0212  0.0221  0.0230  0.0214  0.0219  0.0211  0.0217  0.0208  0.0208
  0.0232  0.0227  0.0222  0.0238  0.0246  0.0268  0.0226  0.0242  0.0222  0.0236  0.0214  0.0215
niter,ni,del,rscale     5    3    5.0000    1.2000
parameters
    0.1303   29.6637   11.0380   -2.4883   -7.9665   -7.0201
    7.6799    7.7088   -7.2175   11.2537   -7.3077   -9.4537
eta,q 0.97972  8.09933
  0.0232  0.0227  0.0218  0.0241  0.0244  0.0247  0.0226  0.0240  0.0222  0.0235  0.0215  0.0216
  0.0215  0.0214  0.0209  0.0228  0.0225  0.0232  0.0213  0.0220  0.0212  0.0219  0.0208  0.0209
  0.0206  0.0205  0.0204  0.0214  0.0209  0.0217  0.0205  0.0208  0.0205  0.0207  0.0204  0.0204
  0.0203  0.0202  0.0203  0.0202  0.0202  0.0202  0.0203  0.0203  0.0203  0.0203  0.0203  0.0203
  0.0206  0.0205  0.0205  0.0202  0.0207  0.0202  0.0206  0.0206  0.0205  0.0206  0.0204  0.0204
  0.0216  0.0214  0.0212  0.0219  0.0221  0.0227  0.0214  0.0219  0.0211  0.0218  0.0208  0.0208
  0.0232  0.0227  0.0221  0.0246  0.0245  0.0263  0.0226  0.0242  0.0222  0.0236  0.0214  0.0216
niter,ni,del,rscale     4    3    5.0000    1.2000
parameters
    0.1227   29.6708   10.9844   -2.4391   -7.9291   -7.0927
    7.6779    7.6949   -7.2232   11.2597   -7.2740   -9.4563
eta,q 0.97971  8.09937
  0.0232  0.0227  0.0219  0.0241  0.0245  0.0248  0.0226  0.0241  0.0222  0.0235  0.0215  0.0216
  0.0216  0.0214  0.0210  0.0228  0.0225  0.0232  0.0213  0.0221  0.0212  0.0219  0.0208  0.0209
  0.0206  0.0206  0.0204  0.0214  0.0209  0.0218  0.0205  0.0208  0.0205  0.0208  0.0204  0.0205
  0.0203  0.0203  0.0203  0.0203  0.0203  0.0203  0.0203  0.0203  0.0203  0.0203  0.0203  0.0203
  0.0206  0.0205  0.0205  0.0203  0.0208  0.0201  0.0206  0.0206  0.0205  0.0206  0.0204  0.0204
  0.0216  0.0214  0.0211  0.0221  0.0222  0.0225  0.0214  0.0219  0.0212  0.0218  0.0208  0.0209
  0.0232  0.0227  0.0220  0.0248  0.0246  0.0261  0.0226  0.0242  0.0222  0.0236  0.0214  0.0216
niter,ni,del,rscale     3    3    5.0000    1.2000
parameters
    0.1182   29.6755   10.9637   -2.4221   -7.9107   -7.1182
    7.6721    7.6867   -7.2275   11.2647   -7.2682   -9.4629
eta,q 0.97971  8.09951
  0.0232  0.0227  0.0220  0.0241  0.0245  0.0248  0.0226  0.0241  0.0222  0.0235  0.0215  0.0216
  0.0216  0.0214  0.0210  0.0228  0.0225  0.0233  0.0213  0.0221  0.0212  0.0219  0.0208  0.0209
  0.0206  0.0206  0.0205  0.0214  0.0209  0.0218  0.0205  0.0208  0.0205  0.0208  0.0204  0.0205
  0.0203  0.0203  0.0203  0.0203  0.0203  0.0203  0.0203  0.0203  0.0203  0.0203  0.0203  0.0203
  0.0206  0.0206  0.0205  0.0204  0.0208  0.0201  0.0206  0.0206  0.0205  0.0206  0.0205  0.0204
  0.0216  0.0214  0.0211  0.0221  0.0222  0.0224  0.0214  0.0219  0.0212  0.0218  0.0208  0.0209
  0.0233  0.0227  0.0220  0.0248  0.0246  0.0261  0.0226  0.0242  0.0222  0.0236  0.0215  0.0216
registration optimization eta report
parameter search radius
    2.4000    2.4000    2.4000    8.2800    8.2800    8.2800
    7.2000    7.2000    7.2000    7.2000    7.2000    7.2000
100000*second partial in parameter space
       51.       42.       29.        6.        6.        7.
        4.        7.        4.        6.        2.        3.
  0.0232  0.0227  0.0220  0.0241  0.0245  0.0248  0.0226  0.0241  0.0222  0.0235  0.0215  0.0216
  0.0216  0.0214  0.0210  0.0228  0.0225  0.0233  0.0213  0.0221  0.0212  0.0219  0.0208  0.0209
  0.0206  0.0206  0.0205  0.0214  0.0209  0.0218  0.0205  0.0208  0.0205  0.0208  0.0204  0.0205
  0.0203  0.0203  0.0203  0.0203  0.0203  0.0203  0.0203  0.0203  0.0203  0.0203  0.0203  0.0203
  0.0206  0.0206  0.0205  0.0204  0.0208  0.0201  0.0206  0.0206  0.0205  0.0206  0.0205  0.0204
  0.0216  0.0214  0.0211  0.0221  0.0222  0.0224  0.0214  0.0219  0.0212  0.0218  0.0208  0.0209
  0.0233  0.0227  0.0220  0.0248  0.0246  0.0261  0.0226  0.0242  0.0222  0.0236  0.0215  0.0216
    0.1182   29.6755   10.9637   -2.4221   -7.9107   -7.1182
    7.6721    7.6867   -7.2275   11.2647   -7.2682   -9.4629
eta,q 0.97971  8.09951

---------------------------------------------------------------------
imgreg_4dfp /opt/freesurfer/average/711-2C_as_mni_average_305 /opt/freesurfer/average/711-2B_as_mni_average_305_mask talsrcimg_g11 none talsrcimg_to_711-2C_as_mni_average_305_t4 2311
---------------------------------------------------------------------

freesurfer imgreg_4dfp.c
/opt/freesurfer/average/711-2C_as_mni_average_305.4dfp.img
       256       256       256         1
  1.000000  1.000000  1.000000
orientation T byte_order littleendian
Reading image: /opt/freesurfer/average/711-2C_as_mni_average_305.4dfp.img
dimensions:      256       256       256
mmppix:       1.0000   -1.0000   -1.0000
center:     128.0000 -129.0000 -129.0000
/opt/freesurfer/average/711-2B_as_mni_average_305_mask.4dfp.img
       256       256       256         1
  1.000000  1.000000  1.000000
orientation T byte_order littleendian
Reading mask: /opt/freesurfer/average/711-2B_as_mni_average_305_mask.4dfp.img (2306576 pixels)
talsrcimg_g11.4dfp.img
       256       256       256         1
  1.000000  1.000000  1.000000
orientation T byte_order littleendian
Reading image: talsrcimg_g11.4dfp.img
dimensions:      256       256       256
mmppix:       1.0000   -1.0000   -1.0000
center:     128.0000 -129.0000 -129.0000
fimgreg.f
image alignment mode   2311 decimal      907 hex
parameters
    0.1182   29.6755   10.9637   -2.4221   -7.9107   -7.1182
    7.6721    7.6867   -7.2275   11.2647   -7.2682   -9.4629
eta,q 0.97971  8.09951
niter,ni,del,rscale     5    3    5.0000    0.8000
parameters
    0.1097   29.6774   10.9274   -1.5499   -7.8993   -6.1678
    7.4268    7.7425   -7.0811   11.0934   -7.2624  -10.0968
eta,q 0.98016  8.13325
  0.0216  0.0214  0.0210  0.0224  0.0218  0.0228  0.0209  0.0221  0.0208  0.0214  0.0206  0.0203
  0.0209  0.0208  0.0206  0.0216  0.0209  0.0219  0.0203  0.0209  0.0203  0.0205  0.0202  0.0200
  0.0204  0.0204  0.0204  0.0209  0.0203  0.0210  0.0199  0.0202  0.0200  0.0200  0.0199  0.0199
  0.0203  0.0203  0.0203  0.0203  0.0201  0.0201  0.0199  0.0199  0.0199  0.0199  0.0199  0.0199
  0.0205  0.0204  0.0204  0.0201  0.0204  0.0198  0.0201  0.0201  0.0199  0.0201  0.0200  0.0200
  0.0209  0.0208  0.0207  0.0205  0.0210  0.0203  0.0205  0.0208  0.0202  0.0207  0.0202  0.0203
  0.0216  0.0214  0.0211  0.0215  0.0218  0.0217  0.0211  0.0220  0.0207  0.0216  0.0206  0.0207
niter,ni,del,rscale     4    3    5.0000    0.7000
parameters
    0.1031   29.7044   11.0249   -1.6420   -7.9684   -5.8380
    7.3314    7.7975   -7.1004   11.1769   -7.3153  -10.3397
eta,q 0.98023  8.13826
  0.0210  0.0208  0.0206  0.0214  0.0212  0.0221  0.0206  0.0215  0.0205  0.0211  0.0204  0.0202
  0.0203  0.0203  0.0202  0.0207  0.0205  0.0212  0.0201  0.0206  0.0201  0.0204  0.0200  0.0200
  0.0200  0.0200  0.0199  0.0201  0.0200  0.0204  0.0199  0.0200  0.0199  0.0200  0.0198  0.0198
  0.0198  0.0198  0.0198  0.0198  0.0198  0.0198  0.0198  0.0198  0.0198  0.0198  0.0198  0.0198
  0.0200  0.0199  0.0199  0.0200  0.0200  0.0198  0.0199  0.0199  0.0199  0.0199  0.0199  0.0199
  0.0204  0.0202  0.0201  0.0206  0.0205  0.0204  0.0202  0.0205  0.0201  0.0203  0.0201  0.0200
  0.0210  0.0207  0.0204  0.0217  0.0212  0.0218  0.0207  0.0215  0.0205  0.0210  0.0204  0.0204
niter,ni,del,rscale     3    3    5.0000    0.6000
parameters
    0.1118   29.7246   11.0873   -1.6318   -8.0607   -5.6241
    7.2894    7.8628   -7.0906   11.2161   -7.3883  -10.4676
eta,q 0.98026  8.14122
  0.0207  0.0204  0.0204  0.0210  0.0208  0.0215  0.0204  0.0211  0.0203  0.0207  0.0202  0.0201
  0.0202  0.0201  0.0200  0.0204  0.0202  0.0208  0.0200  0.0204  0.0200  0.0202  0.0199  0.0199
  0.0199  0.0199  0.0198  0.0200  0.0199  0.0202  0.0198  0.0199  0.0198  0.0199  0.0198  0.0198
  0.0198  0.0198  0.0198  0.0198  0.0198  0.0198  0.0197  0.0197  0.0197  0.0197  0.0197  0.0197
  0.0199  0.0198  0.0198  0.0199  0.0199  0.0198  0.0198  0.0199  0.0198  0.0198  0.0198  0.0198
  0.0202  0.0200  0.0200  0.0203  0.0203  0.0203  0.0201  0.0203  0.0200  0.0201  0.0200  0.0199
  0.0206  0.0204  0.0202  0.0211  0.0208  0.0214  0.0204  0.0210  0.0203  0.0207  0.0202  0.0202
niter,ni,del,rscale     2    3    5.0000    0.5000
parameters
    0.1222   29.7342   11.1301   -1.5983   -8.1308   -5.4729
    7.2442    7.9189   -7.0615   11.2435   -7.4445  -10.5554
eta,q 0.98028  8.14337
  0.0204  0.0202  0.0201  0.0207  0.0205  0.0210  0.0202  0.0207  0.0201  0.0204  0.0200  0.0200
  0.0200  0.0200  0.0199  0.0202  0.0201  0.0205  0.0199  0.0202  0.0199  0.0200  0.0199  0.0198
  0.0198  0.0198  0.0198  0.0199  0.0198  0.0200  0.0198  0.0199  0.0198  0.0198  0.0197  0.0197
  0.0197  0.0197  0.0197  0.0197  0.0197  0.0197  0.0197  0.0197  0.0197  0.0197  0.0197  0.0197
  0.0198  0.0198  0.0198  0.0198  0.0198  0.0198  0.0198  0.0198  0.0198  0.0198  0.0198  0.0198
  0.0200  0.0199  0.0199  0.0201  0.0201  0.0202  0.0199  0.0201  0.0199  0.0200  0.0199  0.0199
  0.0203  0.0202  0.0201  0.0207  0.0205  0.0209  0.0202  0.0206  0.0201  0.0204  0.0201  0.0200
niter,ni,del,rscale     1    3    5.0000    0.4000
parameters
    0.1310   29.7422   11.1634   -1.5576   -8.1828   -5.3543
    7.2036    7.9682   -7.0435   11.2704   -7.5018  -10.6229
eta,q 0.98029  8.14525
  0.0201  0.0200  0.0200  0.0204  0.0202  0.0206  0.0200  0.0203  0.0200  0.0201  0.0199  0.0199
  0.0199  0.0199  0.0198  0.0200  0.0199  0.0202  0.0198  0.0200  0.0198  0.0199  0.0198  0.0198
  0.0198  0.0198  0.0197  0.0198  0.0198  0.0199  0.0197  0.0198  0.0197  0.0198  0.0197  0.0197
  0.0197  0.0197  0.0197  0.0197  0.0197  0.0197  0.0197  0.0197  0.0197  0.0197  0.0197  0.0197
  0.0198  0.0197  0.0197  0.0198  0.0198  0.0197  0.0197  0.0198  0.0197  0.0197  0.0197  0.0197
  0.0199  0.0198  0.0198  0.0200  0.0200  0.0200  0.0199  0.0200  0.0198  0.0199  0.0198  0.0198
  0.0201  0.0200  0.0199  0.0204  0.0202  0.0205  0.0200  0.0203  0.0200  0.0201  0.0199  0.0199
registration optimization eta report
parameter search radius
    0.8000    0.8000    0.8000    2.4000    2.4000    2.4000
    2.4000    2.4000    2.4000    2.4000    2.4000    2.4000
100000*second partial in parameter space
       61.       46.       38.       11.        9.       15.
        5.       11.        4.        8.        4.        3.
  0.0201  0.0200  0.0200  0.0204  0.0202  0.0206  0.0200  0.0203  0.0200  0.0201  0.0199  0.0199
  0.0199  0.0199  0.0198  0.0200  0.0199  0.0202  0.0198  0.0200  0.0198  0.0199  0.0198  0.0198
  0.0198  0.0198  0.0197  0.0198  0.0198  0.0199  0.0197  0.0198  0.0197  0.0198  0.0197  0.0197
  0.0197  0.0197  0.0197  0.0197  0.0197  0.0197  0.0197  0.0197  0.0197  0.0197  0.0197  0.0197
  0.0198  0.0197  0.0197  0.0198  0.0198  0.0197  0.0197  0.0198  0.0197  0.0197  0.0197  0.0197
  0.0199  0.0198  0.0198  0.0200  0.0200  0.0200  0.0199  0.0200  0.0198  0.0199  0.0198  0.0198
  0.0201  0.0200  0.0199  0.0204  0.0202  0.0205  0.0200  0.0203  0.0200  0.0201  0.0199  0.0199
    0.1310   29.7422   11.1634   -1.5576   -8.1828   -5.3543
    7.2036    7.9682   -7.0435   11.2704   -7.5018  -10.6229
eta,q 0.98029  8.14525

---------------------------------------------------------------------
imgreg_4dfp /opt/freesurfer/average/711-2C_as_mni_average_305 /opt/freesurfer/average/711-2B_as_mni_average_305_mask talsrcimg_g11 none talsrcimg_to_711-2C_as_mni_average_305_t4 2311
---------------------------------------------------------------------

freesurfer imgreg_4dfp.c
/opt/freesurfer/average/711-2C_as_mni_average_305.4dfp.img
       256       256       256         1
  1.000000  1.000000  1.000000
orientation T byte_order littleendian
Reading image: /opt/freesurfer/average/711-2C_as_mni_average_305.4dfp.img
dimensions:      256       256       256
mmppix:       1.0000   -1.0000   -1.0000
center:     128.0000 -129.0000 -129.0000
/opt/freesurfer/average/711-2B_as_mni_average_305_mask.4dfp.img
       256       256       256         1
  1.000000  1.000000  1.000000
orientation T byte_order littleendian
Reading mask: /opt/freesurfer/average/711-2B_as_mni_average_305_mask.4dfp.img (2306576 pixels)
talsrcimg_g11.4dfp.img
       256       256       256         1
  1.000000  1.000000  1.000000
orientation T byte_order littleendian
Reading image: talsrcimg_g11.4dfp.img
dimensions:      256       256       256
mmppix:       1.0000   -1.0000   -1.0000
center:     128.0000 -129.0000 -129.0000
fimgreg.f
image alignment mode   2311 decimal      907 hex
parameters
    0.1310   29.7422   11.1634   -1.5576   -8.1828   -5.3543
    7.2036    7.9682   -7.0435   11.2704   -7.5018  -10.6229
eta,q 0.98029  8.14525
niter,ni,del,rscale     5    3    5.0000    0.8000
parameters
    0.1485   29.7382   11.2203   -1.9167   -8.1390   -5.6805
    7.3402    7.8825   -7.1110   11.3129   -7.4185  -10.3653
eta,q 0.98023  8.13588
  0.0213  0.0209  0.0208  0.0215  0.0215  0.0221  0.0210  0.0218  0.0207  0.0214  0.0206  0.0205
  0.0204  0.0202  0.0202  0.0207  0.0206  0.0211  0.0203  0.0208  0.0202  0.0206  0.0201  0.0201
  0.0199  0.0198  0.0198  0.0200  0.0200  0.0202  0.0199  0.0200  0.0199  0.0200  0.0199  0.0199
  0.0197  0.0197  0.0197  0.0197  0.0197  0.0197  0.0198  0.0198  0.0198  0.0198  0.0198  0.0198
  0.0199  0.0198  0.0198  0.0200  0.0200  0.0200  0.0199  0.0200  0.0199  0.0199  0.0199  0.0198
  0.0204  0.0202  0.0201  0.0209  0.0206  0.0213  0.0203  0.0208  0.0202  0.0205  0.0201  0.0200
  0.0212  0.0209  0.0206  0.0223  0.0214  0.0232  0.0209  0.0221  0.0207  0.0214  0.0205  0.0204
niter,ni,del,rscale     4    3    5.0000    0.7000
parameters
    0.1352   29.7244   11.1510   -1.7702   -8.1194   -5.7008
    7.3301    7.8786   -7.0923   11.2626   -7.4146  -10.3690
eta,q 0.98024  8.13732
  0.0209  0.0206  0.0204  0.0214  0.0211  0.0218  0.0207  0.0215  0.0205  0.0210  0.0204  0.0203
  0.0203  0.0202  0.0200  0.0207  0.0204  0.0210  0.0201  0.0206  0.0201  0.0203  0.0200  0.0200
  0.0199  0.0199  0.0198  0.0201  0.0199  0.0202  0.0198  0.0200  0.0198  0.0199  0.0198  0.0198
  0.0198  0.0198  0.0198  0.0198  0.0198  0.0198  0.0198  0.0198  0.0198  0.0198  0.0198  0.0198
  0.0199  0.0199  0.0199  0.0198  0.0199  0.0199  0.0199  0.0199  0.0198  0.0199  0.0198  0.0198
  0.0203  0.0202  0.0201  0.0204  0.0204  0.0207  0.0202  0.0205  0.0201  0.0204  0.0200  0.0200
  0.0209  0.0207  0.0205  0.0214  0.0211  0.0222  0.0206  0.0215  0.0205  0.0211  0.0203  0.0203
niter,ni,del,rscale     3    3    5.0000    0.6000
parameters
    0.1289   29.7265   11.1311   -1.6626   -8.1234   -5.5950
    7.2826    7.9041   -7.0654   11.2414   -7.4346  -10.4571
eta,q 0.98027  8.14048
  0.0206  0.0204  0.0203  0.0210  0.0208  0.0215  0.0204  0.0211  0.0203  0.0207  0.0202  0.0201
  0.0201  0.0201  0.0200  0.0205  0.0202  0.0207  0.0200  0.0204  0.0200  0.0202  0.0199  0.0199
  0.0199  0.0198  0.0198  0.0200  0.0199  0.0201  0.0198  0.0199  0.0198  0.0199  0.0198  0.0198
  0.0198  0.0198  0.0198  0.0198  0.0197  0.0197  0.0197  0.0197  0.0197  0.0197  0.0197  0.0197
  0.0199  0.0198  0.0198  0.0198  0.0199  0.0198  0.0198  0.0199  0.0198  0.0198  0.0198  0.0198
  0.0202  0.0200  0.0200  0.0202  0.0202  0.0204  0.0201  0.0203  0.0200  0.0202  0.0199  0.0199
  0.0206  0.0204  0.0203  0.0210  0.0208  0.0215  0.0204  0.0211  0.0203  0.0207  0.0202  0.0201
niter,ni,del,rscale     2    3    5.0000    0.5000
parameters
    0.1302   29.7327   11.1439   -1.6012   -8.1544   -5.4672
    7.2318    7.9357   -7.0536   11.2471   -7.4656  -10.5422
eta,q 0.98028  8.14305
  0.0203  0.0202  0.0201  0.0207  0.0205  0.0210  0.0202  0.0207  0.0201  0.0204  0.0200  0.0200
  0.0200  0.0199  0.0199  0.0202  0.0201  0.0204  0.0199  0.0202  0.0199  0.0200  0.0199  0.0198
  0.0198  0.0198  0.0198  0.0199  0.0198  0.0200  0.0198  0.0198  0.0198  0.0198  0.0197  0.0197
  0.0197  0.0197  0.0197  0.0197  0.0197  0.0197  0.0197  0.0197  0.0197  0.0197  0.0197  0.0197
  0.0198  0.0198  0.0198  0.0198  0.0198  0.0198  0.0198  0.0198  0.0198  0.0198  0.0198  0.0197
  0.0200  0.0199  0.0199  0.0201  0.0201  0.0202  0.0199  0.0201  0.0199  0.0200  0.0199  0.0199
  0.0203  0.0202  0.0201  0.0207  0.0205  0.0209  0.0202  0.0207  0.0201  0.0204  0.0200  0.0200
niter,ni,del,rscale     1    3    5.0000    0.4000
parameters
    0.1374   29.7420   11.1661   -1.5620   -8.1867   -5.3531
    7.2013    7.9824   -7.0397   11.2661   -7.4871  -10.6379
eta,q 0.98029  8.14523
  0.0201  0.0200  0.0200  0.0203  0.0202  0.0206  0.0200  0.0204  0.0200  0.0201  0.0199  0.0199
  0.0199  0.0199  0.0198  0.0200  0.0199  0.0202  0.0198  0.0200  0.0198  0.0199  0.0198  0.0198
  0.0198  0.0198  0.0197  0.0198  0.0198  0.0199  0.0197  0.0198  0.0197  0.0198  0.0197  0.0197
  0.0197  0.0197  0.0197  0.0197  0.0197  0.0197  0.0197  0.0197  0.0197  0.0197  0.0197  0.0197
  0.0198  0.0197  0.0197  0.0198  0.0198  0.0197  0.0197  0.0198  0.0197  0.0198  0.0197  0.0197
  0.0199  0.0198  0.0198  0.0200  0.0200  0.0200  0.0199  0.0200  0.0198  0.0199  0.0198  0.0198
  0.0201  0.0200  0.0199  0.0203  0.0202  0.0205  0.0200  0.0203  0.0200  0.0201  0.0199  0.0199
registration optimization eta report
parameter search radius
    0.8000    0.8000    0.8000    2.4000    2.4000    2.4000
    2.4000    2.4000    2.4000    2.4000    2.4000    2.4000
100000*second partial in parameter space
       61.       47.       38.       11.        9.       15.
        5.       11.        4.        8.        4.        3.
  0.0201  0.0200  0.0200  0.0203  0.0202  0.0206  0.0200  0.0204  0.0200  0.0201  0.0199  0.0199
  0.0199  0.0199  0.0198  0.0200  0.0199  0.0202  0.0198  0.0200  0.0198  0.0199  0.0198  0.0198
  0.0198  0.0198  0.0197  0.0198  0.0198  0.0199  0.0197  0.0198  0.0197  0.0198  0.0197  0.0197
  0.0197  0.0197  0.0197  0.0197  0.0197  0.0197  0.0197  0.0197  0.0197  0.0197  0.0197  0.0197
  0.0198  0.0197  0.0197  0.0198  0.0198  0.0197  0.0197  0.0198  0.0197  0.0198  0.0197  0.0197
  0.0199  0.0198  0.0198  0.0200  0.0200  0.0200  0.0199  0.0200  0.0198  0.0199  0.0198  0.0198
  0.0201  0.0200  0.0199  0.0203  0.0202  0.0205  0.0200  0.0203  0.0200  0.0201  0.0199  0.0199
    0.1374   29.7420   11.1661   -1.5620   -8.1867   -5.3531
    7.2013    7.9824   -7.0397   11.2661   -7.4871  -10.6379
eta,q 0.98029  8.14523

---------------------------------------------------------------------
compute_vox2vox talsrcimg talsrcimg_to_711-2C_as_mni_average_305_t4 /opt/freesurfer/average/711-2C_as_mni_average_305
---------------------------------------------------------------------

freesurfer compute_vox2vox.c
Reading: talsrcimg.4dfp.ifh
Reading: talsrcimg_to_711-2C_as_mni_average_305_t4
Reading: /opt/freesurfer/average/711-2C_as_mni_average_305.4dfp.ifh
Writing: talsrcimg_to_711-2C_as_mni_average_305_t4_vox2vox.txt

start time Fri Mar 13 03:49:44 CET 2026
end		time Fri Mar 13 03:49:58 CET 2026

mpr2mni305 success

avi2talxfm orig_nu.mgz /opt/freesurfer/average/mni305.cor.mgz talsrcimg_to_711-2C_as_mni_average_305_t4_vox2vox.txt transforms/talairach.auto.xfm
avi2talxfm done
mv -f /out/sourcedata/freesurfer/sub-v2s4x29588_ses-1/mri/talsrcimg_to_711-2C_as_mni_average_305_t4_vox2vox.txt /out/sourcedata/freesurfer/sub-v2s4x29588_ses-1/mri/transforms/talsrcimg_to_711-2C_as_mni_average_305_t4_vox2vox.txt
lta_convert --src orig_nu.mgz --trg /opt/freesurfer/average/mni305.cor.mgz --inxfm transforms/talairach.auto.xfm --outlta transforms/talairach.auto.xfm.lta --subject fsaverage
7.3.2

--src: orig_nu.mgz src image (geometry).
--trg: /opt/freesurfer/average/mni305.cor.mgz trg image (geometry).
--inmni: transforms/talairach.auto.xfm input MNI/XFM transform.
--outlta: transforms/talairach.auto.xfm.lta output LTA.
--s: fsaverage subject name
 LTA read, type : 1
 1.00397  -0.07428  -0.08735  -2.73218;
 0.08687   1.03576   0.11319  -15.72279;
 0.06632  -0.13279   1.06858  -24.12016;
 0.00000   0.00000   0.00000   1.00000;
setting subject to fsaverage
Writing  LTA to file transforms/talairach.auto.xfm.lta...
lta_convert successful.
 
 
Started at Fri Mar 13 03:49:44 CET 2026
Ended   at Fri Mar 13 03:49:58 CET 2026
talairach_avi done
