status file for recon-all
Fri Mar 13 06:29:28 CET 2026
#@# Tessellate rh Fri Mar 13 06:29:28 CET 2026
#@# Smooth1 rh Fri Mar 13 06:29:30 CET 2026
#@# Inflation1 rh Fri Mar 13 06:29:32 CET 2026
#@# QSphere rh Fri Mar 13 06:29:44 CET 2026
#@# Fix Topology rh Fri Mar 13 06:30:59 CET 2026
#@# Smooth2 rh Fri Mar 13 06:44:36 CET 2026
#@# Inflation2 rh Fri Mar 13 06:44:38 CET 2026
#@# Curv .H and .K rh Fri Mar 13 06:44:51 CET 2026
#@# Sphere rh Fri Mar 13 06:45:31 CET 2026
#@# Surf Reg rh Fri Mar 13 06:49:11 CET 2026
#@# Jacobian white rh Fri Mar 13 06:56:53 CET 2026
#@# AvgCurv rh Fri Mar 13 06:56:54 CET 2026
#@# Cortical Parc rh Fri Mar 13 06:56:55 CET 2026
#@# white curv rh Fri Mar 13 07:02:38 CET 2026
#@# white area rh Fri Mar 13 07:02:39 CET 2026
#@# pial curv rh Fri Mar 13 07:02:39 CET 2026
#@# pial area rh Fri Mar 13 07:02:41 CET 2026
#@# thickness rh Fri Mar 13 07:02:41 CET 2026
#@# area and vertex vol rh Fri Mar 13 07:03:01 CET 2026
#@# Curvature Stats rh Fri Mar 13 07:03:02 CET 2026
#@# Cortical Parc 2 rh Fri Mar 13 07:03:04 CET 2026
#@# Cortical Parc 3 rh Fri Mar 13 07:03:15 CET 2026
#@# WM/GM Contrast rh Fri Mar 13 07:03:22 CET 2026
recon-all -s sub-v2s4x29603_ses-1 finished without error at Fri Mar 13 07:03:25 CET 2026



#New# invocation of recon-all 



status file for recon-all
Fri Mar 13 07:10:31 CET 2026
#@# white curv rh Fri Mar 13 07:10:31 CET 2026
#@# white area rh Fri Mar 13 07:10:31 CET 2026
#@# pial curv rh Fri Mar 13 07:10:31 CET 2026
#@# pial area rh Fri Mar 13 07:10:31 CET 2026
#@# thickness rh Fri Mar 13 07:10:31 CET 2026
#@# area and vertex vol rh Fri Mar 13 07:10:31 CET 2026
#@# Parcellation Stats rh Fri Mar 13 07:10:31 CET 2026
#@# Parcellation Stats 2 rh Fri Mar 13 07:10:46 CET 2026
#@# Parcellation Stats 3 rh Fri Mar 13 07:10:55 CET 2026
#@# BA_exvivo Labels rh Fri Mar 13 07:11:03 CET 2026
recon-all -s sub-v2s4x29603_ses-1 finished without error at Fri Mar 13 07:13:04 CET 2026
