status file for recon-all
Fri Mar 13 04:29:47 CET 2026
#@# MotionCor Fri Mar 13 04:29:49 CET 2026
#@# Talairach Fri Mar 13 04:29:54 CET 2026
#@# Talairach Failure Detection Fri Mar 13 04:32:44 CET 2026
#@# Nu Intensity Correction Fri Mar 13 04:32:44 CET 2026
#@# Intensity Normalization Fri Mar 13 04:35:30 CET 2026
recon-all -s sub-v2s4x29603_ses-1 finished without error at Fri Mar 13 04:36:36 CET 2026



#New# invocation of recon-all 



status file for recon-all
Fri Mar 13 04:42:27 CET 2026
#@# EM Registration Fri Mar 13 04:42:27 CET 2026
recon-all -s sub-v2s4x29603_ses-1 finished without error at Fri Mar 13 04:48:35 CET 2026



#New# invocation of recon-all 



status file for recon-all
Fri Mar 13 04:48:36 CET 2026
#@# CA Normalize Fri Mar 13 04:48:36 CET 2026
#@# CA Reg Fri Mar 13 04:49:30 CET 2026
#@# SubCort Seg Fri Mar 13 05:29:07 CET 2026
#@# CC Seg Fri Mar 13 05:57:33 CET 2026
#@# Merge ASeg Fri Mar 13 05:57:51 CET 2026
#@# Intensity Normalization2 Fri Mar 13 05:57:51 CET 2026
#@# Mask BFS Fri Mar 13 05:59:26 CET 2026
#@# WM Segmentation Fri Mar 13 05:59:27 CET 2026
#@# Fill Fri Mar 13 06:01:13 CET 2026
recon-all -s sub-v2s4x29603_ses-1 finished without error at Fri Mar 13 06:01:50 CET 2026



#New# invocation of recon-all 



status file for recon-all
Fri Mar 13 07:03:29 CET 2026
#@# white curv lh Fri Mar 13 07:03:29 CET 2026
#@# white area lh Fri Mar 13 07:03:29 CET 2026
#@# pial curv lh Fri Mar 13 07:03:29 CET 2026
#@# pial area lh Fri Mar 13 07:03:29 CET 2026
#@# thickness lh Fri Mar 13 07:03:29 CET 2026
#@# area and vertex vol lh Fri Mar 13 07:03:29 CET 2026
#@# white curv rh Fri Mar 13 07:03:29 CET 2026
#@# white area rh Fri Mar 13 07:03:29 CET 2026
#@# pial curv rh Fri Mar 13 07:03:29 CET 2026
#@# pial area rh Fri Mar 13 07:03:29 CET 2026
#@# thickness rh Fri Mar 13 07:03:29 CET 2026
#@# area and vertex vol rh Fri Mar 13 07:03:29 CET 2026
#@# Cortical ribbon mask Fri Mar 13 07:03:29 CET 2026
recon-all -s sub-v2s4x29603_ses-1 finished without error at Fri Mar 13 07:07:55 CET 2026



#New# invocation of recon-all 



status file for recon-all
Fri Mar 13 07:13:09 CET 2026
#@# white curv lh Fri Mar 13 07:13:09 CET 2026
#@# white area lh Fri Mar 13 07:13:09 CET 2026
#@# pial curv lh Fri Mar 13 07:13:09 CET 2026
#@# pial area lh Fri Mar 13 07:13:09 CET 2026
#@# thickness lh Fri Mar 13 07:13:09 CET 2026
#@# area and vertex vol lh Fri Mar 13 07:13:09 CET 2026
#@# white curv rh Fri Mar 13 07:13:09 CET 2026
#@# white area rh Fri Mar 13 07:13:09 CET 2026
#@# pial curv rh Fri Mar 13 07:13:09 CET 2026
#@# pial area rh Fri Mar 13 07:13:09 CET 2026
#@# thickness rh Fri Mar 13 07:13:09 CET 2026
#@# area and vertex vol rh Fri Mar 13 07:13:09 CET 2026
#@# Curvature Stats lh Fri Mar 13 07:13:09 CET 2026
#@# Curvature Stats rh Fri Mar 13 07:13:11 CET 2026
#@# Relabel Hypointensities Fri Mar 13 07:13:12 CET 2026
#@# APas-to-ASeg Fri Mar 13 07:13:23 CET 2026
#@# AParc-to-ASeg aparc Fri Mar 13 07:13:29 CET 2026
#@# AParc-to-ASeg aparc.a2009s Fri Mar 13 07:13:53 CET 2026
#@# AParc-to-ASeg aparc.DKTatlas Fri Mar 13 07:14:17 CET 2026
#@# WMParc Fri Mar 13 07:14:43 CET 2026
#@# ASeg Stats Fri Mar 13 07:16:47 CET 2026
recon-all -s sub-v2s4x29603_ses-1 finished without error at Fri Mar 13 07:17:09 CET 2026
