status file for recon-all
Fri Mar 13 07:59:32 CET 2026
#@# Tessellate rh Fri Mar 13 07:59:32 CET 2026
#@# Smooth1 rh Fri Mar 13 07:59:35 CET 2026
#@# Inflation1 rh Fri Mar 13 07:59:37 CET 2026
#@# QSphere rh Fri Mar 13 07:59:49 CET 2026
#@# Fix Topology rh Fri Mar 13 08:00:46 CET 2026
#@# Smooth2 rh Fri Mar 13 08:06:02 CET 2026
#@# Inflation2 rh Fri Mar 13 08:06:05 CET 2026
#@# Curv .H and .K rh Fri Mar 13 08:06:18 CET 2026
#@# Sphere rh Fri Mar 13 08:06:59 CET 2026
#@# Surf Reg rh Fri Mar 13 08:08:52 CET 2026
#@# Jacobian white rh Fri Mar 13 08:12:21 CET 2026
#@# AvgCurv rh Fri Mar 13 08:12:22 CET 2026
#@# Cortical Parc rh Fri Mar 13 08:12:23 CET 2026
#@# white curv rh Fri Mar 13 08:18:06 CET 2026
#@# white area rh Fri Mar 13 08:18:07 CET 2026
#@# pial curv rh Fri Mar 13 08:18:08 CET 2026
#@# pial area rh Fri Mar 13 08:18:10 CET 2026
#@# thickness rh Fri Mar 13 08:18:11 CET 2026
#@# area and vertex vol rh Fri Mar 13 08:18:37 CET 2026
#@# Curvature Stats rh Fri Mar 13 08:18:38 CET 2026
#@# Cortical Parc 2 rh Fri Mar 13 08:18:41 CET 2026
#@# Cortical Parc 3 rh Fri Mar 13 08:18:53 CET 2026
#@# WM/GM Contrast rh Fri Mar 13 08:19:03 CET 2026
recon-all -s sub-v2s4x29625_ses-1 finished without error at Fri Mar 13 08:19:06 CET 2026



#New# invocation of recon-all 



status file for recon-all
Fri Mar 13 08:25:36 CET 2026
#@# white curv rh Fri Mar 13 08:25:36 CET 2026
#@# white area rh Fri Mar 13 08:25:36 CET 2026
#@# pial curv rh Fri Mar 13 08:25:36 CET 2026
#@# pial area rh Fri Mar 13 08:25:36 CET 2026
#@# thickness rh Fri Mar 13 08:25:36 CET 2026
#@# area and vertex vol rh Fri Mar 13 08:25:36 CET 2026
#@# Parcellation Stats rh Fri Mar 13 08:25:36 CET 2026
#@# Parcellation Stats 2 rh Fri Mar 13 08:25:51 CET 2026
#@# Parcellation Stats 3 rh Fri Mar 13 08:25:59 CET 2026
#@# BA_exvivo Labels rh Fri Mar 13 08:26:07 CET 2026
recon-all -s sub-v2s4x29625_ses-1 finished without error at Fri Mar 13 08:28:29 CET 2026
