status file for recon-all
Fri Mar 13 05:47:15 CET 2026
#@# MotionCor Fri Mar 13 05:47:17 CET 2026
#@# Talairach Fri Mar 13 05:47:24 CET 2026
#@# Talairach Failure Detection Fri Mar 13 05:51:52 CET 2026
#@# Nu Intensity Correction Fri Mar 13 05:51:52 CET 2026
#@# Intensity Normalization Fri Mar 13 05:55:08 CET 2026
recon-all -s sub-v2s4x29625_ses-1 finished without error at Fri Mar 13 05:56:39 CET 2026



#New# invocation of recon-all 



status file for recon-all
Fri Mar 13 06:03:23 CET 2026
#@# EM Registration Fri Mar 13 06:03:23 CET 2026
recon-all -s sub-v2s4x29625_ses-1 finished without error at Fri Mar 13 06:05:18 CET 2026



#New# invocation of recon-all 



status file for recon-all
Fri Mar 13 06:05:19 CET 2026
#@# CA Normalize Fri Mar 13 06:05:19 CET 2026
#@# CA Reg Fri Mar 13 06:06:40 CET 2026
#@# SubCort Seg Fri Mar 13 06:57:04 CET 2026
#@# CC Seg Fri Mar 13 07:34:26 CET 2026
#@# Merge ASeg Fri Mar 13 07:35:01 CET 2026
#@# Intensity Normalization2 Fri Mar 13 07:35:01 CET 2026
#@# Mask BFS Fri Mar 13 07:37:20 CET 2026
#@# WM Segmentation Fri Mar 13 07:37:21 CET 2026
#@# Fill Fri Mar 13 07:39:19 CET 2026
recon-all -s sub-v2s4x29625_ses-1 finished without error at Fri Mar 13 07:40:21 CET 2026



#New# invocation of recon-all 



status file for recon-all
Fri Mar 13 08:19:10 CET 2026
#@# white curv lh Fri Mar 13 08:19:10 CET 2026
#@# white area lh Fri Mar 13 08:19:10 CET 2026
#@# pial curv lh Fri Mar 13 08:19:10 CET 2026
#@# pial area lh Fri Mar 13 08:19:10 CET 2026
#@# thickness lh Fri Mar 13 08:19:10 CET 2026
#@# area and vertex vol lh Fri Mar 13 08:19:10 CET 2026
#@# white curv rh Fri Mar 13 08:19:10 CET 2026
#@# white area rh Fri Mar 13 08:19:10 CET 2026
#@# pial curv rh Fri Mar 13 08:19:10 CET 2026
#@# pial area rh Fri Mar 13 08:19:10 CET 2026
#@# thickness rh Fri Mar 13 08:19:10 CET 2026
#@# area and vertex vol rh Fri Mar 13 08:19:10 CET 2026
#@# Cortical ribbon mask Fri Mar 13 08:19:10 CET 2026
recon-all -s sub-v2s4x29625_ses-1 finished without error at Fri Mar 13 08:22:27 CET 2026



#New# invocation of recon-all 



status file for recon-all
Fri Mar 13 08:28:36 CET 2026
#@# white curv lh Fri Mar 13 08:28:37 CET 2026
#@# white area lh Fri Mar 13 08:28:37 CET 2026
#@# pial curv lh Fri Mar 13 08:28:37 CET 2026
#@# pial area lh Fri Mar 13 08:28:37 CET 2026
#@# thickness lh Fri Mar 13 08:28:37 CET 2026
#@# area and vertex vol lh Fri Mar 13 08:28:37 CET 2026
#@# white curv rh Fri Mar 13 08:28:37 CET 2026
#@# white area rh Fri Mar 13 08:28:37 CET 2026
#@# pial curv rh Fri Mar 13 08:28:37 CET 2026
#@# pial area rh Fri Mar 13 08:28:37 CET 2026
#@# thickness rh Fri Mar 13 08:28:37 CET 2026
#@# area and vertex vol rh Fri Mar 13 08:28:37 CET 2026
#@# Curvature Stats lh Fri Mar 13 08:28:37 CET 2026
#@# Curvature Stats rh Fri Mar 13 08:28:39 CET 2026
#@# Relabel Hypointensities Fri Mar 13 08:28:41 CET 2026
#@# APas-to-ASeg Fri Mar 13 08:28:55 CET 2026
#@# AParc-to-ASeg aparc Fri Mar 13 08:29:03 CET 2026
#@# AParc-to-ASeg aparc.a2009s Fri Mar 13 08:29:22 CET 2026
#@# AParc-to-ASeg aparc.DKTatlas Fri Mar 13 08:29:43 CET 2026
#@# WMParc Fri Mar 13 08:30:03 CET 2026
#@# ASeg Stats Fri Mar 13 08:34:37 CET 2026
recon-all -s sub-v2s4x29625_ses-1 finished without error at Fri Mar 13 08:35:18 CET 2026
