status file for recon-all
Fri Mar 13 06:54:07 CET 2026
#@# Tessellate rh Fri Mar 13 06:54:07 CET 2026
#@# Smooth1 rh Fri Mar 13 06:54:10 CET 2026
#@# Inflation1 rh Fri Mar 13 06:54:13 CET 2026
#@# QSphere rh Fri Mar 13 06:54:25 CET 2026
#@# Fix Topology rh Fri Mar 13 06:55:22 CET 2026
#@# Smooth2 rh Fri Mar 13 07:00:40 CET 2026
#@# Inflation2 rh Fri Mar 13 07:00:42 CET 2026
#@# Curv .H and .K rh Fri Mar 13 07:00:55 CET 2026
#@# Sphere rh Fri Mar 13 07:01:43 CET 2026
#@# Surf Reg rh Fri Mar 13 07:03:48 CET 2026
#@# Jacobian white rh Fri Mar 13 07:07:45 CET 2026
#@# AvgCurv rh Fri Mar 13 07:07:46 CET 2026
#@# Cortical Parc rh Fri Mar 13 07:07:46 CET 2026
#@# white curv rh Fri Mar 13 07:13:30 CET 2026
#@# white area rh Fri Mar 13 07:13:31 CET 2026
#@# pial curv rh Fri Mar 13 07:13:32 CET 2026
#@# pial area rh Fri Mar 13 07:13:34 CET 2026
#@# thickness rh Fri Mar 13 07:13:34 CET 2026
#@# area and vertex vol rh Fri Mar 13 07:14:05 CET 2026
#@# Curvature Stats rh Fri Mar 13 07:14:06 CET 2026
#@# Cortical Parc 2 rh Fri Mar 13 07:14:08 CET 2026
#@# Cortical Parc 3 rh Fri Mar 13 07:14:22 CET 2026
#@# WM/GM Contrast rh Fri Mar 13 07:14:32 CET 2026
recon-all -s sub-v2s4x29608_ses-1 finished without error at Fri Mar 13 07:14:35 CET 2026



#New# invocation of recon-all 



status file for recon-all
Fri Mar 13 07:24:37 CET 2026
#@# white curv rh Fri Mar 13 07:24:37 CET 2026
#@# white area rh Fri Mar 13 07:24:37 CET 2026
#@# pial curv rh Fri Mar 13 07:24:37 CET 2026
#@# pial area rh Fri Mar 13 07:24:37 CET 2026
#@# thickness rh Fri Mar 13 07:24:37 CET 2026
#@# area and vertex vol rh Fri Mar 13 07:24:37 CET 2026
#@# Parcellation Stats rh Fri Mar 13 07:24:37 CET 2026
#@# Parcellation Stats 2 rh Fri Mar 13 07:24:56 CET 2026
#@# Parcellation Stats 3 rh Fri Mar 13 07:25:05 CET 2026
#@# BA_exvivo Labels rh Fri Mar 13 07:25:15 CET 2026
recon-all -s sub-v2s4x29608_ses-1 finished without error at Fri Mar 13 07:27:42 CET 2026
