status file for recon-all
Fri Mar 13 04:47:31 CET 2026
#@# MotionCor Fri Mar 13 04:47:33 CET 2026
#@# Talairach Fri Mar 13 04:47:42 CET 2026
#@# Talairach Failure Detection Fri Mar 13 04:52:07 CET 2026
#@# Nu Intensity Correction Fri Mar 13 04:52:07 CET 2026
#@# Intensity Normalization Fri Mar 13 04:55:22 CET 2026
recon-all -s sub-v2s4x29608_ses-1 finished without error at Fri Mar 13 04:56:55 CET 2026



#New# invocation of recon-all 



status file for recon-all
Fri Mar 13 05:03:15 CET 2026
#@# EM Registration Fri Mar 13 05:03:15 CET 2026
recon-all -s sub-v2s4x29608_ses-1 finished without error at Fri Mar 13 05:04:52 CET 2026



#New# invocation of recon-all 



status file for recon-all
Fri Mar 13 05:04:55 CET 2026
#@# CA Normalize Fri Mar 13 05:04:55 CET 2026
#@# CA Reg Fri Mar 13 05:06:15 CET 2026
#@# SubCort Seg Fri Mar 13 05:47:07 CET 2026
#@# CC Seg Fri Mar 13 06:26:21 CET 2026
#@# Merge ASeg Fri Mar 13 06:27:07 CET 2026
#@# Intensity Normalization2 Fri Mar 13 06:27:07 CET 2026
#@# Mask BFS Fri Mar 13 06:29:22 CET 2026
#@# WM Segmentation Fri Mar 13 06:29:23 CET 2026
#@# Fill Fri Mar 13 06:31:35 CET 2026
recon-all -s sub-v2s4x29608_ses-1 finished without error at Fri Mar 13 06:32:36 CET 2026



#New# invocation of recon-all 



status file for recon-all
Fri Mar 13 07:14:41 CET 2026
#@# white curv lh Fri Mar 13 07:14:41 CET 2026
#@# white area lh Fri Mar 13 07:14:41 CET 2026
#@# pial curv lh Fri Mar 13 07:14:41 CET 2026
#@# pial area lh Fri Mar 13 07:14:41 CET 2026
#@# thickness lh Fri Mar 13 07:14:41 CET 2026
#@# area and vertex vol lh Fri Mar 13 07:14:41 CET 2026
#@# white curv rh Fri Mar 13 07:14:41 CET 2026
#@# white area rh Fri Mar 13 07:14:41 CET 2026
#@# pial curv rh Fri Mar 13 07:14:41 CET 2026
#@# pial area rh Fri Mar 13 07:14:41 CET 2026
#@# thickness rh Fri Mar 13 07:14:41 CET 2026
#@# area and vertex vol rh Fri Mar 13 07:14:41 CET 2026
#@# Cortical ribbon mask Fri Mar 13 07:14:41 CET 2026
recon-all -s sub-v2s4x29608_ses-1 finished without error at Fri Mar 13 07:21:23 CET 2026



#New# invocation of recon-all 



status file for recon-all
Fri Mar 13 07:27:45 CET 2026
#@# white curv lh Fri Mar 13 07:27:45 CET 2026
#@# white area lh Fri Mar 13 07:27:45 CET 2026
#@# pial curv lh Fri Mar 13 07:27:45 CET 2026
#@# pial area lh Fri Mar 13 07:27:45 CET 2026
#@# thickness lh Fri Mar 13 07:27:45 CET 2026
#@# area and vertex vol lh Fri Mar 13 07:27:45 CET 2026
#@# white curv rh Fri Mar 13 07:27:45 CET 2026
#@# white area rh Fri Mar 13 07:27:45 CET 2026
#@# pial curv rh Fri Mar 13 07:27:45 CET 2026
#@# pial area rh Fri Mar 13 07:27:45 CET 2026
#@# thickness rh Fri Mar 13 07:27:45 CET 2026
#@# area and vertex vol rh Fri Mar 13 07:27:45 CET 2026
#@# Curvature Stats lh Fri Mar 13 07:27:45 CET 2026
#@# Curvature Stats rh Fri Mar 13 07:27:48 CET 2026
#@# Relabel Hypointensities Fri Mar 13 07:27:50 CET 2026
#@# APas-to-ASeg Fri Mar 13 07:28:05 CET 2026
#@# AParc-to-ASeg aparc Fri Mar 13 07:28:12 CET 2026
#@# AParc-to-ASeg aparc.a2009s Fri Mar 13 07:28:43 CET 2026
#@# AParc-to-ASeg aparc.DKTatlas Fri Mar 13 07:29:15 CET 2026
#@# WMParc Fri Mar 13 07:29:46 CET 2026
#@# ASeg Stats Fri Mar 13 07:33:23 CET 2026
recon-all -s sub-v2s4x29608_ses-1 finished without error at Fri Mar 13 07:33:59 CET 2026
