/out/sourcedata/freesurfer/sub-v2s4x29583_ses-1/mri
/opt/freesurfer/bin/talairach_avi
--i orig_nu.mgz --xfm transforms/talairach.auto.xfm
talairach_avi 7.3.2
Linux dna026 5.14.0-427.37.1.el9_4.x86_64 #1 SMP PREEMPT_DYNAMIC Fri Sep 13 12:41:50 EDT 2024 x86_64 x86_64 x86_64 GNU/Linux
Fri Mar 13 03:43:22 CET 2026
mri_convert orig_nu.mgz talsrcimg.img 
reading from orig_nu.mgz...
TR=0.00, TE=0.00, TI=0.00, flip angle=0.00
i_ras = (-1, 9.31324e-10, -9.31323e-10)
j_ras = (0, -7.05496e-12, -1)
k_ras = (-9.31258e-10, 1, 1.50367e-11)
writing to talsrcimg.img...
Analyze Output Matrix
-1.00000   0.00000  -0.00000   133.15726;
 0.00000  -0.00000   1.00000  -133.65898;
-0.00000  -1.00000   0.00000   128.49960;
 0.00000   0.00000   0.00000   1.00000;
--------------------
INFO: set hdr.hist.orient to -1
mpr2mni305 talsrcimg
Fri Mar 13 03:43:23 CET 2026
/opt/freesurfer/bin/mpr2mni305 talsrcimg
mpr2mni305 7.3.2
target=711-2C_as_mni_average_305

---------------------------------------------------------------------
analyzeto4dfp talsrcimg -O0 -y
---------------------------------------------------------------------

freesurfer ifh2hdr.c
Fri Mar 13 03:43:23 2026
Writing: talsrcimg.4dfp.hdr
freesurfer analyzeto4dfp.c
Reading: talsrcimg.hdr
header size 348 bytes
hdr.dime.datatype	offset=70	value=2
hdr.dime.bitpix		offset=72	value=8
hdr.hist.orient		offset=252	value=-1
dimensionality     4
dimensions       256       256       256         1
Reading: talsrcimg.img
Writing: talsrcimg.4dfp.img
Writing: talsrcimg.4dfp.ifh
ifh2hdr talsrcimg -r0to255
ori=2

---------------------------------------------------------------------
gauss_4dfp talsrcimg 1.1
---------------------------------------------------------------------

freesurfer gauss_4dfp.c
Reading: talsrcimg.4dfp.img
Writing: talsrcimg_g11.4dfp.img
image dimensions 256 256 256 padded to 288 288 288
processing volume 1freesurfer ifh2hdr.c
Fri Mar 13 03:43:25 2026
Writing: talsrcimg_g11.4dfp.hdr

Writing: talsrcimg_g11.4dfp.ifh
including: talsrcimg.4dfp.img.rec in talsrcimg_g11.4dfp.img.rec

---------------------------------------------------------------------
imgreg_4dfp /opt/freesurfer/average/711-2C_as_mni_average_305 none talsrcimg_g11 none talsrcimg_to_711-2C_as_mni_average_305_t4 4355
---------------------------------------------------------------------

freesurfer imgreg_4dfp.c
/opt/freesurfer/average/711-2C_as_mni_average_305.4dfp.img
       256       256       256         1
  1.000000  1.000000  1.000000
orientation T byte_order littleendian
Reading image: /opt/freesurfer/average/711-2C_as_mni_average_305.4dfp.img
dimensions:      256       256       256
mmppix:       1.0000   -1.0000   -1.0000
center:     128.0000 -129.0000 -129.0000
talsrcimg_g11.4dfp.img
       256       256       256         1
  1.000000  1.000000  1.000000
orientation T byte_order littleendian
Reading image: talsrcimg_g11.4dfp.img
dimensions:      256       256       256
mmppix:       1.0000   -1.0000   -1.0000
center:     128.0000 -129.0000 -129.0000
t4_read: open error in t4_sub.f l:  41 t4_file(1:l)talsrcimg_to_711-2C_as_mni_average_305_t4 
t4_read: transform initialized to I4
rotation matrix determinant  1.000000
image alignment mode   4355 decimal     1103 hex
   -7.5000  -45.0000  -45.0000 7010.3203   11.7102
    0.0000  -45.0000  -45.0000 7242.8066   11.7214
    7.5000  -45.0000  -45.0000 6894.7349   11.7428
   -7.5000  -37.5000  -45.0000 7511.8843   11.6410
    0.0000  -37.5000  -45.0000 7760.3452   11.6539
    7.5000  -37.5000  -45.0000 7372.0220   11.6701
   -7.5000  -30.0000  -45.0000 8347.1084   11.6376
    0.0000  -30.0000  -45.0000 8614.5146   11.6542
    7.5000  -30.0000  -45.0000 8187.8501   11.6696
   -7.5000  -22.5000  -45.0000 9150.7227   11.6295
    0.0000  -22.5000  -45.0000 9422.6279   11.6487
    7.5000  -22.5000  -45.0000 8957.7148   11.6690
   -7.5000  -15.0000  -45.0000 9869.3779   11.6251
    0.0000  -15.0000  -45.000010152.5273   11.6432
    7.5000  -15.0000  -45.0000 9633.7637   11.6684
   -7.5000   -7.5000  -45.000010593.2715   11.6296
    0.0000   -7.5000  -45.000010892.6729   11.6432
    7.5000   -7.5000  -45.000010295.8750   11.6685
   -7.5000    0.0000  -45.000011252.6885   11.6369
    0.0000    0.0000  -45.000011581.8623   11.6481
    7.5000    0.0000  -45.000010919.8125   11.6691
   -7.5000    7.5000  -45.000011099.4385   11.6405
    0.0000    7.5000  -45.000011433.4385   11.6535
    7.5000    7.5000  -45.000010772.1143   11.6696
   -7.5000   15.0000  -45.000010695.7119   11.6376
    0.0000   15.0000  -45.000010998.7354   11.6542
    7.5000   15.0000  -45.000010367.3223   11.6696
   -7.5000   22.5000  -45.000010220.1152   11.6279
    0.0000   22.5000  -45.000010517.2500   11.6471
    7.5000   22.5000  -45.0000 9903.5742   11.6674
   -7.5000   30.0000  -45.0000 9603.2656   11.4702
    0.0000   30.0000  -45.0000 9877.0537   11.4880
    7.5000   30.0000  -45.0000 9303.0059   11.5129
   -7.5000   37.5000  -45.0000 9167.0527   11.4746
    0.0000   37.5000  -45.0000 9431.4736   11.4881
    7.5000   37.5000  -45.0000 8851.7002   11.5130
   -7.5000   45.0000  -45.0000 8382.4531   11.1903
    0.0000   45.0000  -45.0000 8623.0381   11.2010
    7.5000   45.0000  -45.0000 8083.7471   11.2212
   -7.5000  -45.0000  -37.5000 7491.9067   11.5925
    0.0000  -45.0000  -37.5000 7746.0435   11.6045
    7.5000  -45.0000  -37.5000 7351.4824   11.6297
   -7.5000  -37.5000  -37.5000 8051.2393   11.5275
    0.0000  -37.5000  -37.5000 8320.3887   11.5396
    7.5000  -37.5000  -37.5000 7882.4834   11.5577
   -7.5000  -30.0000  -37.5000 8935.2881   11.5246
    0.0000  -30.0000  -37.5000 9224.6260   11.5398
    7.5000  -30.0000  -37.5000 8739.1250   11.5556
   -7.5000  -22.5000  -37.5000 9818.6045   11.5142
    0.0000  -22.5000  -37.500010118.0371   11.5332
    7.5000  -22.5000  -37.5000 9570.5879   11.5540
   -7.5000  -15.0000  -37.500010594.5820   11.5077
    0.0000  -15.0000  -37.500010895.5498   11.5271
    7.5000  -15.0000  -37.500010270.5771   11.5543
   -7.5000   -7.5000  -37.500011324.1348   11.5117
    0.0000   -7.5000  -37.500011644.1797   11.5272
    7.5000   -7.5000  -37.500010965.5488   11.5560
   -7.5000    0.0000  -37.500012027.1328   11.5207
    0.0000    0.0000  -37.500012365.7070   11.5326
    7.5000    0.0000  -37.500011606.6514   11.5574
   -7.5000    7.5000  -37.500011868.6250   11.5270
    0.0000    7.5000  -37.500012207.6562   11.5391
    7.5000    7.5000  -37.500011443.7520   11.5573
   -7.5000   15.0000  -37.500011393.2285   11.5246
    0.0000   15.0000  -37.500011731.1826   11.5398
    7.5000   15.0000  -37.500010998.5645   11.5556
   -7.5000   22.5000  -37.500010897.7695   11.5127
    0.0000   22.5000  -37.500011210.0205   11.5317
    7.5000   22.5000  -37.500010491.6514   11.5524
   -7.5000   30.0000  -37.500010267.5469   11.3543
    0.0000   30.0000  -37.500010564.4805   11.3735
    7.5000   30.0000  -37.5000 9901.7021   11.4003
   -7.5000   37.5000  -37.5000 9769.3750   11.3583
    0.0000   37.5000  -37.500010057.2744   11.3736
    7.5000   37.5000  -37.5000 9405.6143   11.4020
   -7.5000   45.0000  -37.5000 8912.3740   11.0785
    0.0000   45.0000  -37.5000 9183.8291   11.0900
    7.5000   45.0000  -37.5000 8588.0010   11.1139
   -7.5000  -45.0000  -30.0000 8119.7578   11.9808
    0.0000  -45.0000  -30.0000 8396.8213   11.9928
    7.5000  -45.0000  -30.0000 7959.1841   12.0242
   -7.5000  -37.5000  -30.0000 8751.8760   11.9097
    0.0000  -37.5000  -30.0000 9044.9219   11.9220
    7.5000  -37.5000  -30.0000 8541.1230   11.9470
   -7.5000  -30.0000  -30.0000 9718.3164   11.9072
    0.0000  -30.0000  -30.000010030.4414   11.9224
    7.5000  -30.0000  -30.0000 9465.2666   11.9445
   -7.5000  -22.5000  -30.000010685.2207   11.9016
    0.0000  -22.5000  -30.000011006.1426   11.9201
    7.5000  -22.5000  -30.000010361.6113   11.9460
   -7.5000  -15.0000  -30.000011521.7021   11.8998
    0.0000  -15.0000  -30.000011857.8672   11.9184
    7.5000  -15.0000  -30.000011137.0605   11.9498
   -7.5000   -7.5000  -30.000012301.6729   11.9033
    0.0000   -7.5000  -30.000012662.1611   11.9183
    7.5000   -7.5000  -30.000011887.0459   11.9519
   -7.5000    0.0000  -30.000013062.7646   11.9072
    0.0000    0.0000  -30.000013427.8906   11.9191
    7.5000    0.0000  -30.000012550.5967   11.9501
   -7.5000    7.5000  -30.000012866.8750   11.9093
    0.0000    7.5000  -30.000013230.5654   11.9216
    7.5000    7.5000  -30.000012334.3213   11.9465
   -7.5000   15.0000  -30.000012337.6006   11.9072
    0.0000   15.0000  -30.000012697.1963   11.9224
    7.5000   15.0000  -30.000011839.3438   11.9445
   -7.5000   22.5000  -30.000011771.8311   11.8988
    0.0000   22.5000  -30.000012124.9570   11.9172
    7.5000   22.5000  -30.000011286.7783   11.9432
   -7.5000   30.0000  -30.000011097.7285   11.7424
    0.0000   30.0000  -30.000011426.1738   11.7607
    7.5000   30.0000  -30.000010671.6895   11.7917
   -7.5000   37.5000  -30.000010560.0439   11.7458
    0.0000   37.5000  -30.000010879.7090   11.7606
    7.5000   37.5000  -30.000010161.8672   11.7937
   -7.5000   45.0000  -30.0000 9596.9229   11.4586
    0.0000   45.0000  -30.0000 9897.0742   11.4701
    7.5000   45.0000  -30.0000 9245.9805   11.4999
   -7.5000  -45.0000  -22.5000 8808.8350   12.3733
    0.0000  -45.0000  -22.5000 9096.7725   12.3846
    7.5000  -45.0000  -22.5000 8604.8838   12.4185
   -7.5000  -37.5000  -22.5000 9502.3750   12.2939
    0.0000  -37.5000  -22.5000 9802.3643   12.3073
    7.5000  -37.5000  -22.5000 9254.1182   12.3367
   -7.5000  -30.0000  -22.500010544.0605   12.2929
    0.0000  -30.0000  -22.500010873.7461   12.3092
    7.5000  -30.0000  -22.500010245.4932   12.3368
   -7.5000  -22.5000  -22.500011579.1826   12.2948
    0.0000  -22.5000  -22.500011919.7617   12.3124
    7.5000  -22.5000  -22.500011210.1855   12.3430
   -7.5000  -15.0000  -22.500012501.5820   12.2990
    0.0000  -15.0000  -22.500012856.4424   12.3150
    7.5000  -15.0000  -22.500012067.7197   12.3489
   -7.5000   -7.5000  -22.500013333.6924   12.3011
    0.0000   -7.5000  -22.500013711.5498   12.3136
    7.5000   -7.5000  -22.500012854.3350   12.3485
   -7.5000    0.0000  -22.500014141.0049   12.2974
    0.0000    0.0000  -22.500014526.2598   12.3086
    7.5000    0.0000  -22.500013561.6846   12.3420
   -7.5000    7.5000  -22.500013902.2852   12.2935
    0.0000    7.5000  -22.500014270.7275   12.3068
    7.5000    7.5000  -22.500013300.8838   12.3363
   -7.5000   15.0000  -22.500013337.7373   12.2929
    0.0000   15.0000  -22.500013705.0908   12.3092
    7.5000   15.0000  -22.500012783.0459   12.3368
   -7.5000   22.5000  -22.500012698.0127   12.2910
    0.0000   22.5000  -22.500013060.7217   12.3086
    7.5000   22.5000  -22.500012152.9990   12.3392
   -7.5000   30.0000  -22.500011986.9736   12.1382
    0.0000   30.0000  -22.500012318.1436   12.1539
    7.5000   30.0000  -22.500011466.6260   12.1874
   -7.5000   37.5000  -22.500011399.2412   12.1402
    0.0000   37.5000  -22.500011730.5332   12.1525
    7.5000   37.5000  -22.500010929.9600   12.1870
   -7.5000   45.0000  -22.500010318.5059   11.8430
    0.0000   45.0000  -22.500010640.9238   11.8538
    7.5000   45.0000  -22.5000 9940.0059   11.8860
   -7.5000  -45.0000  -15.0000 9489.1953   12.6697
    0.0000  -45.0000  -15.0000 9804.1299   12.6803
    7.5000  -45.0000  -15.0000 9265.1143   12.7110
   -7.5000  -37.5000  -15.000010251.0059   12.5853
    0.0000  -37.5000  -15.000010577.6562   12.5996
    7.5000  -37.5000  -15.0000 9975.8662   12.6272
   -7.5000  -30.0000  -15.000011352.4980   12.5842
    0.0000  -30.0000  -15.000011709.2979   12.6015
    7.5000  -30.0000  -15.000011044.5010   12.6287
   -7.5000  -22.5000  -15.000012455.4922   12.5892
    0.0000  -22.5000  -15.000012844.9180   12.6063
    7.5000  -22.5000  -15.000012090.5693   12.6364
   -7.5000  -15.0000  -15.000013470.5908   12.5961
    0.0000  -15.0000  -15.000013886.1299   12.6100
    7.5000  -15.0000  -15.000013036.2402   12.6423
   -7.5000   -7.5000  -15.000014341.0391   12.5983
    0.0000   -7.5000  -15.000014787.2725   12.6086
    7.5000   -7.5000  -15.000013846.1045   12.6407
   -7.5000    0.0000  -15.000015192.2227   12.5920
    0.0000    0.0000  -15.000015622.9150   12.6025
    7.5000    0.0000  -15.000014584.5869   12.6328
   -7.5000    7.5000  -15.000014957.3516   12.5848
    0.0000    7.5000  -15.000015355.5645   12.5991
    7.5000    7.5000  -15.000014314.5264   12.6267
   -7.5000   15.0000  -15.000014363.5059   12.5842
    0.0000   15.0000  -15.000014756.9766   12.6015
    7.5000   15.0000  -15.000013748.5488   12.6287
   -7.5000   22.5000  -15.000013595.8359   12.5848
    0.0000   22.5000  -15.000013992.2383   12.6018
    7.5000   22.5000  -15.000013035.0117   12.6319
   -7.5000   30.0000  -15.000012796.7148   12.4331
    0.0000   30.0000  -15.000013170.4590   12.4468
    7.5000   30.0000  -15.000012283.8262   12.4787
   -7.5000   37.5000  -15.000012187.8672   12.4352
    0.0000   37.5000  -15.000012554.8340   12.4455
    7.5000   37.5000  -15.000011719.5254   12.4771
   -7.5000   45.0000  -15.000011046.1182   12.1340
    0.0000   45.0000  -15.000011396.6074   12.1442
    7.5000   45.0000  -15.000010645.1602   12.1733
   -7.5000  -45.0000   -7.500010203.5479   12.8328
    0.0000  -45.0000   -7.500010564.4658   12.8440
    7.5000  -45.0000   -7.5000 9971.5059   12.8687
   -7.5000  -37.5000   -7.500011010.9932   12.7515
    0.0000  -37.5000   -7.500011383.9004   12.7663
    7.5000  -37.5000   -7.500010745.7529   12.7876
   -7.5000  -30.0000   -7.500012192.2324   12.7486
    0.0000  -30.0000   -7.500012595.5938   12.7669
    7.5000  -30.0000   -7.500011889.0166   12.7886
   -7.5000  -22.5000   -7.500013384.8076   12.7476
    0.0000  -22.5000   -7.500013824.0068   12.7663
    7.5000  -22.5000   -7.500013013.5723   12.7918
   -7.5000  -15.0000   -7.500014504.4453   12.7499
    0.0000  -15.0000   -7.500014968.9844   12.7654
    7.5000  -15.0000   -7.500014040.5498   12.7939
   -7.5000   -7.5000   -7.500015433.1553   12.7539
    0.0000   -7.5000   -7.500015926.0645   12.7653
    7.5000   -7.5000   -7.500014874.6367   12.7929
   -7.5000    0.0000   -7.500016331.7012   12.7540
    0.0000    0.0000   -7.500016805.4883   12.7651
    7.5000    0.0000   -7.500015665.9453   12.7894
   -7.5000    7.5000   -7.500016077.4639   12.7510
    0.0000    7.5000   -7.500016514.5117   12.7658
    7.5000    7.5000   -7.500015406.0059   12.7871
   -7.5000   15.0000   -7.500015444.8291   12.7486
    0.0000   15.0000   -7.500015855.7246   12.7669
    7.5000   15.0000   -7.500014792.9619   12.7886
   -7.5000   22.5000   -7.500014586.0840   12.7417
    0.0000   22.5000   -7.500014972.3174   12.7604
    7.5000   22.5000   -7.500013969.9639   12.7859
   -7.5000   30.0000   -7.500013659.4736   12.5845
    0.0000   30.0000   -7.500014032.3828   12.5999
    7.5000   30.0000   -7.500013105.9121   12.6280
   -7.5000   37.5000   -7.500013037.1523   12.5885
    0.0000   37.5000   -7.500013431.0811   12.5998
    7.5000   37.5000   -7.500012543.2559   12.6270
   -7.5000   45.0000   -7.500011820.2725   12.2924
    0.0000   45.0000   -7.500012218.3867   12.3031
    7.5000   45.0000   -7.500011419.8916   12.3266
   -7.5000  -45.0000    0.000010839.3877   12.8735
    0.0000  -45.0000    0.000011238.0527   12.8862
    7.5000  -45.0000    0.000010603.6396   12.9092
   -7.5000  -37.5000    0.000011690.9365   12.7992
    0.0000  -37.5000    0.000012109.6230   12.8138
    7.5000  -37.5000    0.000011420.7119   12.8312
   -7.5000  -30.0000    0.000012981.1074   12.7949
    0.0000  -30.0000    0.000013432.7002   12.8133
    7.5000  -30.0000    0.000012661.8643   12.8301
   -7.5000  -22.5000    0.000014237.8594   12.7849
    0.0000  -22.5000    0.000014725.9980   12.8061
    7.5000  -22.5000    0.000013860.5469   12.8282
   -7.5000  -15.0000    0.000015442.5859   12.7797
    0.0000  -15.0000    0.000015958.2422   12.7995
    7.5000  -15.0000    0.000014982.5986   12.8270
   -7.5000   -7.5000    0.000016466.8320   12.7853
    0.0000   -7.5000    0.000017011.1367   12.8004
    7.5000   -7.5000    0.000015902.9805   12.8277
   -7.5000    0.0000    0.000017383.5762   12.7944
    0.0000    0.0000    0.000017898.1172   12.8069
    7.5000    0.0000    0.000016740.1836   12.8296
   -7.5000    7.5000    0.000017080.8906   12.7987
    0.0000    7.5000    0.000017548.8848   12.8133
    7.5000    7.5000    0.000016435.0254   12.8306
   -7.5000   15.0000    0.000016437.7852   12.7949
    0.0000   15.0000    0.000016859.7969   12.8133
    7.5000   15.0000    0.000015776.8779   12.8301
   -7.5000   22.5000    0.000015490.9092   12.7790
    0.0000   22.5000    0.000015889.5137   12.8002
    7.5000   22.5000    0.000014855.1553   12.8223
   -7.5000   30.0000    0.000014493.2441   12.6143
    0.0000   30.0000    0.000014865.9883   12.6338
    7.5000   30.0000    0.000013888.2080   12.6609
   -7.5000   37.5000    0.000013865.2100   12.6198
    0.0000   37.5000    0.000014264.4434   12.6347
    7.5000   37.5000    0.000013311.5898   12.6617
   -7.5000   45.0000    0.000012623.8506   12.3323
    0.0000   45.0000    0.000013044.0293   12.3444
    7.5000   45.0000    0.000012156.8066   12.3662
   -7.5000  -45.0000    7.500010669.2275   12.8725
    0.0000  -45.0000    7.500011047.5361   12.8860
    7.5000  -45.0000    7.500010431.1533   12.9138
   -7.5000  -37.5000    7.500011497.7559   12.8004
    0.0000  -37.5000    7.500011886.0957   12.8139
    7.5000  -37.5000    7.500011220.3906   12.8341
   -7.5000  -30.0000    7.500012783.4336   12.7962
    0.0000  -30.0000    7.500013197.1641   12.8133
    7.5000  -30.0000    7.500012442.7402   12.8310
   -7.5000  -22.5000    7.500014016.0088   12.7843
    0.0000  -22.5000    7.500014472.2979   12.8056
    7.5000  -22.5000    7.500013647.3369   12.8288
   -7.5000  -15.0000    7.500015233.0186   12.7775
    0.0000  -15.0000    7.500015727.1094   12.7991
    7.5000  -15.0000    7.500014777.8809   12.8294
   -7.5000   -7.5000    7.500016358.4268   12.7829
    0.0000   -7.5000    7.500016893.6699   12.8002
    7.5000   -7.5000    7.500015752.4277   12.8321
   -7.5000    0.0000    7.500017306.6484   12.7935
    0.0000    0.0000    7.500017809.0742   12.8067
    7.5000    0.0000    7.500016617.8125   12.8342
   -7.5000    7.5000    7.500016909.0605   12.7999
    0.0000    7.5000    7.500017342.1914   12.8134
    7.5000    7.5000    7.500016280.2559   12.8336
   -7.5000   15.0000    7.500016251.4639   12.7962
    0.0000   15.0000    7.500016627.7559   12.8133
    7.5000   15.0000    7.500015554.5527   12.8310
   -7.5000   22.5000    7.500015343.4473   12.7784
    0.0000   22.5000    7.500015695.1738   12.7997
    7.5000   22.5000    7.500014599.4023   12.8229
   -7.5000   30.0000    7.500014362.5986   12.6121
    0.0000   30.0000    7.500014684.2988   12.6335
    7.5000   30.0000    7.500013607.9941   12.6634
   -7.5000   37.5000    7.500013726.0176   12.6175
    0.0000   37.5000    7.500014081.2090   12.6345
    7.5000   37.5000    7.500013029.1396   12.6660
   -7.5000   45.0000    7.500012528.2158   12.3314
    0.0000   45.0000    7.500012896.6348   12.3442
    7.5000   45.0000    7.500011920.2666   12.3706
   -7.5000  -45.0000   15.000010378.9658   12.8586
    0.0000  -45.0000   15.000010739.3125   12.8716
    7.5000  -45.0000   15.000010130.7871   12.9052
   -7.5000  -37.5000   15.000011173.8604   12.7825
    0.0000  -37.5000   15.000011561.8584   12.7957
    7.5000  -37.5000   15.000010909.2041   12.8225
   -7.5000  -30.0000   15.000012416.3662   12.7798
    0.0000  -30.0000   15.000012830.5527   12.7962
    7.5000  -30.0000   15.000012086.7002   12.8198
   -7.5000  -22.5000   15.000013587.1436   12.7738
    0.0000  -22.5000   15.000014027.0361   12.7936
    7.5000  -22.5000   15.000013249.9404   12.8215
   -7.5000  -15.0000   15.000014791.0020   12.7719
    0.0000  -15.0000   15.000015308.2627   12.7918
    7.5000  -15.0000   15.000014348.4521   12.8255
   -7.5000   -7.5000   15.000016218.8008   12.7755
    0.0000   -7.5000   15.000016748.8535   12.7916
    7.5000   -7.5000   15.000015356.2178   12.8276
   -7.5000    0.0000   15.000017458.5391   12.7797
    0.0000    0.0000   15.000017913.3848   12.7925
    7.5000    0.0000   15.000016336.0430   12.8257
   -7.5000    7.5000   15.000017018.9160   12.7820
    0.0000    7.5000   15.000017377.4629   12.7952
    7.5000    7.5000   15.000016000.2832   12.8220
   -7.5000   15.0000   15.000016229.4082   12.7798
    0.0000   15.0000   15.000016504.5566   12.7962
    7.5000   15.0000   15.000015204.7383   12.8198
   -7.5000   22.5000   15.000015203.4844   12.7679
    0.0000   22.5000   15.000015458.3584   12.7878
    7.5000   22.5000   15.000014199.9971   12.8156
   -7.5000   30.0000   15.000014098.7393   12.6066
    0.0000   30.0000   15.000014364.4385   12.6262
    7.5000   30.0000   15.000013202.4619   12.6595
   -7.5000   37.5000   15.000013397.3252   12.6102
    0.0000   37.5000   15.000013717.6924   12.6261
    7.5000   37.5000   15.000012622.7197   12.6616
   -7.5000   45.0000   15.000012239.0752   12.3182
    0.0000   45.0000   15.000012548.0410   12.3305
    7.5000   45.0000   15.000011562.1768   12.3625
   -7.5000  -45.0000   22.5000 9979.8809   12.8445
    0.0000  -45.0000   22.500010319.7119   12.8562
    7.5000  -45.0000   22.5000 9738.3291   12.8914
   -7.5000  -37.5000   22.500010762.5645   12.7621
    0.0000  -37.5000   22.500011122.1230   12.7759
    7.5000  -37.5000   22.500010470.2285   12.8065
   -7.5000  -30.0000   22.500011970.7246   12.7610
    0.0000  -30.0000   22.500012351.8496   12.7779
    7.5000  -30.0000   22.500011574.7715   12.8066
   -7.5000  -22.5000   22.500013157.2637   12.7630
    0.0000  -22.5000   22.500013563.7168   12.7813
    7.5000  -22.5000   22.500012698.7920   12.8130
   -7.5000  -15.0000   22.500014380.0322   12.7674
    0.0000  -15.0000   22.500014805.2285   12.7839
    7.5000  -15.0000   22.500013729.3477   12.8192
   -7.5000   -7.5000   22.500015724.4678   12.7695
    0.0000   -7.5000   22.500016121.0479   12.7824
    7.5000   -7.5000   22.500014635.9160   12.8188
   -7.5000    0.0000   22.500016798.2656   12.7657
    0.0000    0.0000   22.500017257.3047   12.7773
    7.5000    0.0000   22.500015552.9609   12.8120
   -7.5000    7.5000   22.500016384.5879   12.7616
    0.0000    7.5000   22.500016822.5508   12.7754
    7.5000    7.5000   22.500015290.1689   12.8060
   -7.5000   15.0000   22.500015675.5723   12.7610
    0.0000   15.0000   22.500015984.4854   12.7779
    7.5000   15.0000   22.500014599.9336   12.8066
   -7.5000   22.5000   22.500014672.7490   12.7571
    0.0000   22.5000   22.500014905.3066   12.7754
    7.5000   22.5000   22.500013653.6367   12.8071
   -7.5000   30.0000   22.500013525.0645   12.6021
    0.0000   30.0000   22.500013775.0039   12.6185
    7.5000   30.0000   22.500012650.6055   12.6533
   -7.5000   37.5000   22.500012832.2061   12.6042
    0.0000   37.5000   22.500013106.4121   12.6170
    7.5000   37.5000   22.500012075.3867   12.6529
   -7.5000   45.0000   22.500011708.0166   12.3047
    0.0000   45.0000   22.500011979.5830   12.3159
    7.5000   45.0000   22.500011055.9688   12.3493
   -7.5000  -45.0000   30.0000 9499.1387   12.8436
    0.0000  -45.0000   30.0000 9812.1895   12.8544
    7.5000  -45.0000   30.0000 9183.8877   12.8855
   -7.5000  -37.5000   30.000010278.9932   12.7581
    0.0000  -37.5000   30.000010605.6768   12.7725
    7.5000  -37.5000   30.0000 9902.2236   12.8005
   -7.5000  -30.0000   30.000011429.0498   12.7570
    0.0000  -30.0000   30.000011795.8311   12.7745
    7.5000  -30.0000   30.000010969.1738   12.8021
   -7.5000  -22.5000   30.000012554.0576   12.7620
    0.0000  -22.5000   30.000012932.6660   12.7793
    7.5000  -22.5000   30.000012036.5322   12.8098
   -7.5000  -15.0000   30.000013650.7471   12.7690
    0.0000  -15.0000   30.000014018.1260   12.7831
    7.5000  -15.0000   30.000013002.3740   12.8159
   -7.5000   -7.5000   30.000014643.1631   12.7712
    0.0000   -7.5000   30.000015028.1504   12.7817
    7.5000   -7.5000   30.000013854.2256   12.8142
   -7.5000    0.0000   30.000015393.6777   12.7648
    0.0000    0.0000   30.000015861.7275   12.7755
    7.5000    0.0000   30.000014696.1367   12.8062
   -7.5000    7.5000   30.000015061.8252   12.7576
    0.0000    7.5000   30.000015540.3496   12.7720
    7.5000    7.5000   30.000014453.8184   12.8000
   -7.5000   15.0000   30.000014603.6465   12.7570
    0.0000   15.0000   30.000014982.2266   12.7745
    7.5000   15.0000   30.000013868.9834   12.8021
   -7.5000   22.5000   30.000013789.9004   12.7561
    0.0000   22.5000   30.000014099.2549   12.7734
    7.5000   22.5000   30.000013027.4141   12.8039
   -7.5000   30.0000   30.000012745.4463   12.6038
    0.0000   30.0000   30.000013037.1338   12.6176
    7.5000   30.0000   30.000012033.8340   12.6500
   -7.5000   37.5000   30.000012125.5498   12.6059
    0.0000   37.5000   30.000012408.6621   12.6163
    7.5000   37.5000   30.000011449.7549   12.6483
   -7.5000   45.0000   30.000011061.0488   12.3038
    0.0000   45.0000   30.000011345.2002   12.3141
    7.5000   45.0000   30.000010469.7949   12.3437
   -7.5000  -45.0000   37.5000 9260.6709   12.9061
    0.0000  -45.0000   37.5000 9557.1973   12.9175
    7.5000  -45.0000   37.5000 8950.1064   12.9424
   -7.5000  -37.5000   37.500010005.9844   12.8241
    0.0000  -37.5000   37.500010305.5713   12.8391
    7.5000  -37.5000   37.5000 9640.7949   12.8605
   -7.5000  -30.0000   37.500011072.8574   12.8212
    0.0000  -30.0000   37.500011415.8037   12.8396
    7.5000  -30.0000   37.500010688.4775   12.8614
   -7.5000  -22.5000   37.500012115.8662   12.8201
    0.0000  -22.5000   37.500012484.7334   12.8388
    7.5000  -22.5000   37.500011707.4883   12.8645
   -7.5000  -15.0000   37.500013111.1904   12.8223
    0.0000  -15.0000   37.500013518.6914   12.8379
    7.5000  -15.0000   37.500012639.8994   12.8666
   -7.5000   -7.5000   37.500014006.7373   12.8264
    0.0000   -7.5000   37.500014458.7461   12.8379
    7.5000   -7.5000   37.500013507.4434   12.8657
   -7.5000    0.0000   37.500014733.1943   12.8266
    0.0000    0.0000   37.500015221.8955   12.8378
    7.5000    0.0000   37.500014327.1133   12.8624
   -7.5000    7.5000   37.500014430.3877   12.8236
    0.0000    7.5000   37.500014913.4014   12.8386
    7.5000    7.5000   37.500014088.1895   12.8600
   -7.5000   15.0000   37.500013997.8818   12.8212
    0.0000   15.0000   37.500014416.0498   12.8396
    7.5000   15.0000   37.500013559.6406   12.8614
   -7.5000   22.5000   37.500013279.2334   12.8141
    0.0000   22.5000   37.500013634.1992   12.8329
    7.5000   22.5000   37.500012771.2646   12.8586
   -7.5000   30.0000   37.500012316.2500   12.6564
    0.0000   30.0000   37.500012635.6260   12.6718
    7.5000   30.0000   37.500011788.5508   12.7001
   -7.5000   37.5000   37.500011728.3779   12.6604
    0.0000   37.5000   37.500012034.8076   12.6718
    7.5000   37.5000   37.500011197.1309   12.6992
   -7.5000   45.0000   37.500010748.0361   12.3634
    0.0000   45.0000   37.500011035.1357   12.3741
    7.5000   45.0000   37.500010246.2646   12.3978
   -7.5000  -45.0000   45.0000 8524.0088   12.9735
    0.0000  -45.0000   45.0000 8794.4385   12.9868
    7.5000  -45.0000   45.0000 8267.0342   13.0108
   -7.5000  -37.5000   45.0000 9183.9014   12.8979
    0.0000  -37.5000   45.0000 9481.9619   12.9131
    7.5000  -37.5000   45.0000 8921.1318   12.9315
   -7.5000  -30.0000   45.000010174.5098   12.8937
    0.0000  -30.0000   45.000010514.1592   12.9127
    7.5000  -30.0000   45.0000 9892.7598   12.9305
   -7.5000  -22.5000   45.000011128.6230   12.8834
    0.0000  -22.5000   45.000011489.0947   12.9051
    7.5000  -22.5000   45.000010810.1025   12.9281
   -7.5000  -15.0000   45.000012049.3984   12.8777
    0.0000  -15.0000   45.000012457.9062   12.8980
    7.5000  -15.0000   45.000011689.8223   12.9264
   -7.5000   -7.5000   45.000012851.1953   12.8831
    0.0000   -7.5000   45.000013300.0674   12.8988
    7.5000   -7.5000   45.000012504.1602   12.9272
   -7.5000    0.0000   45.000013519.7412   12.8926
    0.0000    0.0000   45.000013992.6533   12.9057
    7.5000    0.0000   45.000013228.8330   12.9295
   -7.5000    7.5000   45.000013235.5674   12.8974
    0.0000    7.5000   45.000013682.6201   12.9126
    7.5000    7.5000   45.000012972.0850   12.9310
   -7.5000   15.0000   45.000012837.4600   12.8937
    0.0000   15.0000   45.000013246.4512   12.9127
    7.5000   15.0000   45.000012528.6543   12.9305
   -7.5000   22.5000   45.000012203.8486   12.8774
    0.0000   22.5000   45.000012567.1211   12.8991
    7.5000   22.5000   45.000011840.4453   12.9221
   -7.5000   30.0000   45.000011326.7373   12.7099
    0.0000   30.0000   45.000011661.4102   12.7300
    7.5000   30.0000   45.000010945.7422   12.7580
   -7.5000   37.5000   45.000010814.4980   12.7153
    0.0000   37.5000   45.000011124.2930   12.7308
    7.5000   37.5000   45.000010408.7236   12.7588
   -7.5000   45.0000   45.0000 9932.0879   12.4326
    0.0000   45.0000   45.000010215.6299   12.4453
    7.5000   45.0000   45.0000 9536.7529   12.4682

---------------------------------------------------------------------
imgreg_4dfp /opt/freesurfer/average/711-2C_as_mni_average_305 /opt/freesurfer/average/711-2B_as_mni_average_305_mask talsrcimg_g11 none talsrcimg_to_711-2C_as_mni_average_305_t4 4355
---------------------------------------------------------------------

freesurfer imgreg_4dfp.c
/opt/freesurfer/average/711-2C_as_mni_average_305.4dfp.img
       256       256       256         1
  1.000000  1.000000  1.000000
orientation T byte_order littleendian
Reading image: /opt/freesurfer/average/711-2C_as_mni_average_305.4dfp.img
dimensions:      256       256       256
mmppix:       1.0000   -1.0000   -1.0000
center:     128.0000 -129.0000 -129.0000
/opt/freesurfer/average/711-2B_as_mni_average_305_mask.4dfp.img
       256       256       256         1
  1.000000  1.000000  1.000000
orientation T byte_order littleendian
Reading mask: /opt/freesurfer/average/711-2B_as_mni_average_305_mask.4dfp.img (2306576 pixels)
talsrcimg_g11.4dfp.img
       256       256       256         1
  1.000000  1.000000  1.000000
orientation T byte_order littleendian
Reading image: talsrcimg_g11.4dfp.img
dimensions:      256       256       256
mmppix:       1.0000   -1.0000   -1.0000
center:     128.0000 -129.0000 -129.0000
rotation matrix determinant  1.000000
image alignment mode   4355 decimal     1103 hex
   -7.5000  -45.0000  -30.0000 2219.1438   14.5463
    0.0000  -45.0000  -30.0000 2220.6570   14.5578
    7.5000  -45.0000  -30.0000 2196.5151   14.6650
   -7.5000  -37.5000  -30.0000 2331.0352   13.2509
    0.0000  -37.5000  -30.0000 2332.1770   13.2627
    7.5000  -37.5000  -30.0000 2305.0166   13.3422
   -7.5000  -30.0000  -30.0000 2418.1272   12.2284
    0.0000  -30.0000  -30.0000 2419.9482   12.2482
    7.5000  -30.0000  -30.0000 2391.1584   12.3305
   -7.5000  -22.5000  -30.0000 2483.7295   11.4964
    0.0000  -22.5000  -30.0000 2483.2393   11.5281
    7.5000  -22.5000  -30.0000 2453.0691   11.6376
   -7.5000  -15.0000  -30.0000 2512.2188   11.0352
    0.0000  -15.0000  -30.0000 2508.4353   11.0678
    7.5000  -15.0000  -30.0000 2477.6436   11.1969
   -7.5000   -7.5000  -30.0000 2528.9080   10.7960
    0.0000   -7.5000  -30.0000 2528.8652   10.8377
    7.5000   -7.5000  -30.0000 2496.7715   10.9824
   -7.5000    0.0000  -30.0000 2526.9429   10.7582
    0.0000    0.0000  -30.0000 2524.3079   10.7917
    7.5000    0.0000  -30.0000 2494.5330   10.9629
   -7.5000    7.5000  -30.0000 2523.2910   10.8884
    0.0000    7.5000  -30.0000 2522.2153   10.9239
    7.5000    7.5000  -30.0000 2484.2314   11.1169
   -7.5000   15.0000  -30.0000 2494.5903   11.1968
    0.0000   15.0000  -30.0000 2495.0845   11.2683
    7.5000   15.0000  -30.0000 2455.7947   11.4727
   -7.5000   22.5000  -30.0000 2455.5813   11.7197
    0.0000   22.5000  -30.0000 2458.5686   11.7693
    7.5000   22.5000  -30.0000 2416.6860   12.0170
   -7.5000   30.0000  -30.0000 2392.0098   12.4012
    0.0000   30.0000  -30.0000 2390.7556   12.4811
    7.5000   30.0000  -30.0000 2354.5132   12.7491
   -7.5000   37.5000  -30.0000 2310.8052   13.3571
    0.0000   37.5000  -30.0000 2308.2183   13.4390
    7.5000   37.5000  -30.0000 2269.8533   13.7492
   -7.5000   45.0000  -30.0000 2209.4165   14.6382
    0.0000   45.0000  -30.0000 2203.8696   14.7372
    7.5000   45.0000  -30.0000 2166.9739   15.0627
   -7.5000  -45.0000  -22.5000 2314.1860   13.9187
    0.0000  -45.0000  -22.5000 2312.5378   13.9102
    7.5000  -45.0000  -22.5000 2286.5286   14.0416
   -7.5000  -37.5000  -22.5000 2434.1455   12.6499
    0.0000  -37.5000  -22.5000 2432.9900   12.6661
    7.5000  -37.5000  -22.5000 2402.8911   12.7604
   -7.5000  -30.0000  -22.5000 2527.8660   11.6196
    0.0000  -30.0000  -22.5000 2528.8528   11.6525
    7.5000  -30.0000  -22.5000 2496.2812   11.7667
   -7.5000  -22.5000  -22.5000 2597.6897   10.8808
    0.0000  -22.5000  -22.5000 2596.4751   10.9055
    7.5000  -22.5000  -22.5000 2562.4062   11.0275
   -7.5000  -15.0000  -22.5000 2635.1526   10.3895
    0.0000  -15.0000  -22.5000 2632.5146   10.4071
    7.5000  -15.0000  -22.5000 2601.3101   10.5428
   -7.5000   -7.5000  -22.5000 2660.5913   10.1326
    0.0000   -7.5000  -22.5000 2657.1743   10.1579
    7.5000   -7.5000  -22.5000 2626.2546   10.3102
   -7.5000    0.0000  -22.5000 2667.9062   10.0629
    0.0000    0.0000  -22.5000 2660.7549   10.1197
    7.5000    0.0000  -22.5000 2627.3013   10.2642
   -7.5000    7.5000  -22.5000 2656.8118   10.1990
    0.0000    7.5000  -22.5000 2652.2942   10.2509
    7.5000    7.5000  -22.5000 2613.5771   10.4169
   -7.5000   15.0000  -22.5000 2630.1733   10.4815
    0.0000   15.0000  -22.5000 2628.6562   10.5494
    7.5000   15.0000  -22.5000 2586.9590   10.7442
   -7.5000   22.5000  -22.5000 2589.0842   10.9626
    0.0000   22.5000  -22.5000 2589.2478   11.0303
    7.5000   22.5000  -22.5000 2544.4241   11.2585
   -7.5000   30.0000  -22.5000 2523.7275   11.6174
    0.0000   30.0000  -22.5000 2521.3247   11.6910
    7.5000   30.0000  -22.5000 2475.0840   11.9458
   -7.5000   37.5000  -22.5000 2434.2922   12.5241
    0.0000   37.5000  -22.5000 2433.3564   12.5927
    7.5000   37.5000  -22.5000 2386.0803   12.8725
   -7.5000   45.0000  -22.5000 2322.4885   13.6981
    0.0000   45.0000  -22.5000 2318.9910   13.7967
    7.5000   45.0000  -22.5000 2277.6057   14.1023
   -7.5000  -45.0000  -15.0000 2370.1169   13.3444
    0.0000  -45.0000  -15.0000 2370.9102   13.3731
    7.5000  -45.0000  -15.0000 2346.8276   13.5378
   -7.5000  -37.5000  -15.0000 2500.4829   12.1096
    0.0000  -37.5000  -15.0000 2500.1599   12.1270
    7.5000  -37.5000  -15.0000 2467.3750   12.2648
   -7.5000  -30.0000  -15.0000 2595.4050   11.0608
    0.0000  -30.0000  -15.0000 2595.8921   11.0838
    7.5000  -30.0000  -15.0000 2563.7776   11.2340
   -7.5000  -22.5000  -15.0000 2670.3928   10.3021
    0.0000  -22.5000  -15.0000 2671.7502   10.3106
    7.5000  -22.5000  -15.0000 2640.0237   10.4701
   -7.5000  -15.0000  -15.0000 2719.7102    9.7944
    0.0000  -15.0000  -15.0000 2721.1296    9.8114
    7.5000  -15.0000  -15.0000 2690.2764    9.9517
   -7.5000   -7.5000  -15.0000 2751.8018    9.5057
    0.0000   -7.5000  -15.0000 2753.5896    9.5373
    7.5000   -7.5000  -15.0000 2718.1143    9.6753
   -7.5000    0.0000  -15.0000 2770.8975    9.3865
    0.0000    0.0000  -15.0000 2764.9561    9.4339
    7.5000    0.0000  -15.0000 2726.8630    9.5888
   -7.5000    7.5000  -15.0000 2764.1965    9.5351
    0.0000    7.5000  -15.0000 2756.8711    9.5862
    7.5000    7.5000  -15.0000 2718.5938    9.7416
   -7.5000   15.0000  -15.0000 2741.6978    9.8160
    0.0000   15.0000  -15.0000 2736.8679    9.8780
    7.5000   15.0000  -15.0000 2694.7839   10.0764
   -7.5000   22.5000  -15.0000 2697.0852   10.2734
    0.0000   22.5000  -15.0000 2693.8899   10.3344
    7.5000   22.5000  -15.0000 2650.8787   10.5633
   -7.5000   30.0000  -15.0000 2625.2527   10.8980
    0.0000   30.0000  -15.0000 2622.3801   10.9448
    7.5000   30.0000  -15.0000 2579.6687   11.2097
   -7.5000   37.5000  -15.0000 2527.5615   11.7644
    0.0000   37.5000  -15.0000 2523.0266   11.8212
    7.5000   37.5000  -15.0000 2483.1628   12.0957
   -7.5000   45.0000  -15.0000 2409.3181   12.9146
    0.0000   45.0000  -15.0000 2405.2361   12.9745
    7.5000   45.0000  -15.0000 2368.6414   13.2653
   -7.5000  -45.0000   -7.5000 2402.1311   12.8581
    0.0000  -45.0000   -7.5000 2407.3335   12.9034
    7.5000  -45.0000   -7.5000 2384.0732   13.0805
   -7.5000  -37.5000   -7.5000 2533.6472   11.6140
    0.0000  -37.5000   -7.5000 2536.6980   11.6439
    7.5000  -37.5000   -7.5000 2507.0015   11.8203
   -7.5000  -30.0000   -7.5000 2634.7859   10.5725
    0.0000  -30.0000   -7.5000 2636.1938   10.5963
    7.5000  -30.0000   -7.5000 2608.4768   10.7964
   -7.5000  -22.5000   -7.5000 2718.2449    9.7911
    0.0000  -22.5000   -7.5000 2721.2795    9.8104
    7.5000  -22.5000   -7.5000 2689.9585    9.9917
   -7.5000  -15.0000   -7.5000 2781.1084    9.2504
    0.0000  -15.0000   -7.5000 2782.2627    9.2762
    7.5000  -15.0000   -7.5000 2748.7581    9.4268
   -7.5000   -7.5000   -7.5000 2821.6875    8.9410
    0.0000   -7.5000   -7.5000 2824.1458    8.9613
    7.5000   -7.5000   -7.5000 2785.9558    9.1211
   -7.5000    0.0000   -7.5000 2851.3755    8.7860
    0.0000    0.0000   -7.5000 2848.3352    8.8157
    7.5000    0.0000   -7.5000 2803.4326    8.9899
   -7.5000    7.5000   -7.5000 2857.7908    8.9279
    0.0000    7.5000   -7.5000 2848.8582    8.9705
    7.5000    7.5000   -7.5000 2808.0857    9.1596
   -7.5000   15.0000   -7.5000 2834.9729    9.2213
    0.0000   15.0000   -7.5000 2827.8542    9.2682
    7.5000   15.0000   -7.5000 2790.5657    9.4704
   -7.5000   22.5000   -7.5000 2787.6809    9.6538
    0.0000   22.5000   -7.5000 2778.1799    9.6957
    7.5000   22.5000   -7.5000 2741.4138    9.9208
   -7.5000   30.0000   -7.5000 2708.8979   10.2653
    0.0000   30.0000   -7.5000 2701.2219   10.3056
    7.5000   30.0000   -7.5000 2663.2014   10.5638
   -7.5000   37.5000   -7.5000 2607.0818   11.1005
    0.0000   37.5000   -7.5000 2599.6206   11.1561
    7.5000   37.5000   -7.5000 2560.7336   11.4283
   -7.5000   45.0000   -7.5000 2477.5535   12.2479
    0.0000   45.0000   -7.5000 2474.6438   12.2828
    7.5000   45.0000   -7.5000 2437.6189   12.5733
   -7.5000  -45.0000    0.0000 2422.1279   12.4630
    0.0000  -45.0000    0.0000 2425.8594   12.5076
    7.5000  -45.0000    0.0000 2395.7937   12.7448
   -7.5000  -37.5000    0.0000 2549.2056   11.2077
    0.0000  -37.5000    0.0000 2554.2153   11.2504
    7.5000  -37.5000    0.0000 2522.9363   11.4826
   -7.5000  -30.0000    0.0000 2655.7483   10.1963
    0.0000  -30.0000    0.0000 2661.0017   10.2255
    7.5000  -30.0000    0.0000 2630.0154   10.4567
   -7.5000  -22.5000    0.0000 2744.7275    9.3992
    0.0000  -22.5000    0.0000 2751.8855    9.4218
    7.5000  -22.5000    0.0000 2718.3337    9.6549
   -7.5000  -15.0000    0.0000 2821.0000    8.8283
    0.0000  -15.0000    0.0000 2825.3904    8.8471
    7.5000  -15.0000    0.0000 2792.6021    9.0553
   -7.5000   -7.5000    0.0000 2875.5964    8.4856
    0.0000   -7.5000    0.0000 2879.4680    8.4983
    7.5000   -7.5000    0.0000 2840.0295    8.7049
   -7.5000    0.0000    0.0000 2913.9006    8.3163
    0.0000    0.0000    0.0000 2913.6277    8.3264
    7.5000    0.0000    0.0000 2865.3884    8.5656
   -7.5000    7.5000    0.0000 2930.5266    8.4298
    0.0000    7.5000    0.0000 2921.2798    8.4641
    7.5000    7.5000    0.0000 2874.1843    8.7247
   -7.5000   15.0000    0.0000 2907.2786    8.7455
    0.0000   15.0000    0.0000 2899.0813    8.7837
    7.5000   15.0000    0.0000 2857.6648    9.0276
   -7.5000   22.5000    0.0000 2856.1052    9.1779
    0.0000   22.5000    0.0000 2848.4568    9.2082
    7.5000   22.5000    0.0000 2808.9121    9.4735
   -7.5000   30.0000    0.0000 2771.6013    9.7665
    0.0000   30.0000    0.0000 2763.9966    9.8154
    7.5000   30.0000    0.0000 2724.8896   10.1048
   -7.5000   37.5000    0.0000 2666.5750   10.5994
    0.0000   37.5000    0.0000 2659.6936   10.6517
    7.5000   37.5000    0.0000 2618.1123   10.9533
   -7.5000   45.0000    0.0000 2532.8884   11.7230
    0.0000   45.0000    0.0000 2530.5725   11.7704
    7.5000   45.0000    0.0000 2484.9583   12.0881
   -7.5000  -45.0000    7.5000 2421.6267   12.2297
    0.0000  -45.0000    7.5000 2430.4539   12.2472
    7.5000  -45.0000    7.5000 2402.5627   12.5696
   -7.5000  -37.5000    7.5000 2546.8789   10.9660
    0.0000  -37.5000    7.5000 2555.4341   10.9682
    7.5000  -37.5000    7.5000 2525.1643   11.2716
   -7.5000  -30.0000    7.5000 2660.6636    9.9535
    0.0000  -30.0000    7.5000 2664.5303    9.9505
    7.5000  -30.0000    7.5000 2635.2583   10.2316
   -7.5000  -22.5000    7.5000 2757.9194    9.1453
    0.0000  -22.5000    7.5000 2761.8269    9.1487
    7.5000  -22.5000    7.5000 2730.9514    9.4214
   -7.5000  -15.0000    7.5000 2849.8528    8.5650
    0.0000  -15.0000    7.5000 2851.3381    8.5684
    7.5000  -15.0000    7.5000 2815.6711    8.8185
   -7.5000   -7.5000    7.5000 2913.1218    8.2062
    0.0000   -7.5000    7.5000 2919.8149    8.2090
    7.5000   -7.5000    7.5000 2880.1179    8.4520
   -7.5000    0.0000    7.5000 2969.9814    8.0694
    0.0000    0.0000    7.5000 2972.9709    8.0718
    7.5000    0.0000    7.5000 2919.1243    8.3243
   -7.5000    7.5000    7.5000 2996.5850    8.1214
    0.0000    7.5000    7.5000 2983.7332    8.1524
    7.5000    7.5000    7.5000 2925.4214    8.4625
   -7.5000   15.0000    7.5000 2966.1836    8.4275
    0.0000   15.0000    7.5000 2951.8333    8.4424
    7.5000   15.0000    7.5000 2898.8738    8.7265
   -7.5000   22.5000    7.5000 2910.4792    8.8548
    0.0000   22.5000    7.5000 2901.6143    8.8714
    7.5000   22.5000    7.5000 2849.8228    9.1430
   -7.5000   30.0000    7.5000 2822.9885    9.4239
    0.0000   30.0000    7.5000 2816.0742    9.4602
    7.5000   30.0000    7.5000 2768.9460    9.7411
   -7.5000   37.5000    7.5000 2707.3730   10.2854
    0.0000   37.5000    7.5000 2701.0671   10.3132
    7.5000   37.5000    7.5000 2656.1282   10.6030
   -7.5000   45.0000    7.5000 2569.8916   11.4128
    0.0000   45.0000    7.5000 2564.7664   11.4502
    7.5000   45.0000    7.5000 2521.0049   11.7430
   -7.5000  -45.0000   15.0000 2406.9646   12.1846
    0.0000  -45.0000   15.0000 2414.6560   12.2231
    7.5000  -45.0000   15.0000 2389.7197   12.5593
   -7.5000  -37.5000   15.0000 2528.6218   10.8895
    0.0000  -37.5000   15.0000 2536.6062   10.8902
    7.5000  -37.5000   15.0000 2511.1511   11.2291
   -7.5000  -30.0000   15.0000 2640.9409    9.8535
    0.0000  -30.0000   15.0000 2649.5125    9.8505
    7.5000  -30.0000   15.0000 2618.9402   10.1780
   -7.5000  -22.5000   15.0000 2743.7222    9.0349
    0.0000  -22.5000   15.0000 2748.4673    9.0341
    7.5000  -22.5000   15.0000 2721.1277    9.3451
   -7.5000  -15.0000   15.0000 2842.7888    8.4751
    0.0000  -15.0000   15.0000 2845.3525    8.4757
    7.5000  -15.0000   15.0000 2811.8391    8.7591
   -7.5000   -7.5000   15.0000 2931.7524    8.1613
    0.0000   -7.5000   15.0000 2936.5337    8.1620
    7.5000   -7.5000   15.0000 2893.7771    8.3706
   -7.5000    0.0000   15.0000 3012.1318    8.0978
    0.0000    0.0000   15.0000 3017.1042    8.0906
    7.5000    0.0000   15.0000 2950.2214    8.2315
   -7.5000    7.5000   15.0000 3044.3257    8.0931
    0.0000    7.5000   15.0000 3030.4377    8.1083
    7.5000    7.5000   15.0000 2960.8000    8.3236
   -7.5000   15.0000   15.0000 3008.6167    8.2893
    0.0000   15.0000   15.0000 2987.5256    8.2896
    7.5000   15.0000   15.0000 2926.0852    8.5396
   -7.5000   22.5000   15.0000 2940.5967    8.6708
    0.0000   22.5000   15.0000 2925.5771    8.6869
    7.5000   22.5000   15.0000 2870.2000    8.9569
   -7.5000   30.0000   15.0000 2842.7288    9.2555
    0.0000   30.0000   15.0000 2833.4661    9.2816
    7.5000   30.0000   15.0000 2786.4185    9.5426
   -7.5000   37.5000   15.0000 2725.2332   10.1184
    0.0000   37.5000   15.0000 2717.3545   10.1557
    7.5000   37.5000   15.0000 2674.0154   10.4124
   -7.5000   45.0000   15.0000 2584.3765   11.2413
    0.0000   45.0000   15.0000 2577.1257   11.2855
    7.5000   45.0000   15.0000 2535.7358   11.5378
   -7.5000  -45.0000   22.5000 2390.3027   12.2967
    0.0000  -45.0000   22.5000 2397.4507   12.3394
    7.5000  -45.0000   22.5000 2372.5334   12.7141
   -7.5000  -37.5000   22.5000 2506.0950   10.9952
    0.0000  -37.5000   22.5000 2513.2200   11.0091
    7.5000  -37.5000   22.5000 2491.1741   11.3693
   -7.5000  -30.0000   22.5000 2614.0889   10.0042
    0.0000  -30.0000   22.5000 2615.6526    9.9964
    7.5000  -30.0000   22.5000 2593.8240   10.3120
   -7.5000  -22.5000   22.5000 2725.5110    9.2033
    0.0000  -22.5000   22.5000 2724.3032    9.2151
    7.5000  -22.5000   22.5000 2699.6821    9.4861
   -7.5000  -15.0000   22.5000 2830.4912    8.6277
    0.0000  -15.0000   22.5000 2827.0093    8.6461
    7.5000  -15.0000   22.5000 2794.2395    8.8654
   -7.5000   -7.5000   22.5000 2924.9282    8.2678
    0.0000   -7.5000   22.5000 2922.2800    8.2796
    7.5000   -7.5000   22.5000 2879.8691    8.4395
   -7.5000    0.0000   22.5000 3018.5989    8.1522
    0.0000    0.0000   22.5000 3012.5181    8.1582
    7.5000    0.0000   22.5000 2944.8081    8.2539
   -7.5000    7.5000   22.5000 3049.8752    8.1137
    0.0000    7.5000   22.5000 3033.3914    8.1716
    7.5000    7.5000   22.5000 2958.0513    8.3311
   -7.5000   15.0000   22.5000 3016.4194    8.2972
    0.0000   15.0000   22.5000 2992.5159    8.3603
    7.5000   15.0000   22.5000 2925.7664    8.5774
   -7.5000   22.5000   22.5000 2940.6787    8.7150
    0.0000   22.5000   22.5000 2920.2261    8.7564
    7.5000   22.5000   22.5000 2866.0405    8.9796
   -7.5000   30.0000   22.5000 2835.3062    9.2828
    0.0000   30.0000   22.5000 2824.1675    9.3083
    7.5000   30.0000   22.5000 2781.6914    9.5499
   -7.5000   37.5000   22.5000 2716.8091   10.1139
    0.0000   37.5000   22.5000 2708.2178   10.1277
    7.5000   37.5000   22.5000 2669.8240   10.3716
   -7.5000   45.0000   22.5000 2575.8245   11.1873
    0.0000   45.0000   22.5000 2569.3394   11.2217
    7.5000   45.0000   22.5000 2533.2944   11.4648
   -7.5000  -45.0000   30.0000 2360.9939   12.6934
    0.0000  -45.0000   30.0000 2363.7483   12.7230
    7.5000  -45.0000   30.0000 2339.1316   13.0471
   -7.5000  -37.5000   30.0000 2481.9207   11.3699
    0.0000  -37.5000   30.0000 2481.0078   11.4241
    7.5000  -37.5000   30.0000 2453.8611   11.7101
   -7.5000  -30.0000   30.0000 2586.1277   10.3414
    0.0000  -30.0000   30.0000 2585.1731   10.3774
    7.5000  -30.0000   30.0000 2555.4844   10.6583
   -7.5000  -22.5000   30.0000 2699.5530    9.5034
    0.0000  -22.5000   30.0000 2695.5828    9.5392
    7.5000  -22.5000   30.0000 2663.4124    9.7949
   -7.5000  -15.0000   30.0000 2799.8323    8.8446
    0.0000  -15.0000   30.0000 2794.3347    8.8843
    7.5000  -15.0000   30.0000 2759.4114    9.1258
   -7.5000   -7.5000   30.0000 2901.0601    8.4406
    0.0000   -7.5000   30.0000 2892.9048    8.4521
    7.5000   -7.5000   30.0000 2850.2886    8.6512
   -7.5000    0.0000   30.0000 2985.1157    8.2149
    0.0000    0.0000   30.0000 2974.9956    8.2431
    7.5000    0.0000   30.0000 2916.2500    8.4457
   -7.5000    7.5000   30.0000 3009.8201    8.1753
    0.0000    7.5000   30.0000 2997.9443    8.2476
    7.5000    7.5000   30.0000 2934.2056    8.4966
   -7.5000   15.0000   30.0000 2988.6487    8.4547
    0.0000   15.0000   30.0000 2970.4834    8.5006
    7.5000   15.0000   30.0000 2902.2788    8.7472
   -7.5000   22.5000   30.0000 2916.2561    8.9364
    0.0000   22.5000   30.0000 2896.9312    8.9662
    7.5000   22.5000   30.0000 2840.5056    9.1883
   -7.5000   30.0000   30.0000 2800.5288    9.5422
    0.0000   30.0000   30.0000 2792.6909    9.5675
    7.5000   30.0000   30.0000 2748.1208    9.7923
   -7.5000   37.5000   30.0000 2685.4131   10.3196
    0.0000   37.5000   30.0000 2677.0200   10.3452
    7.5000   37.5000   30.0000 2635.3132   10.5747
   -7.5000   45.0000   30.0000 2550.9009   11.3194
    0.0000   45.0000   30.0000 2545.4675   11.3606
    7.5000   45.0000   30.0000 2505.0605   11.5929
   -7.5000  -45.0000   37.5000 2319.7820   13.2490
    0.0000  -45.0000   37.5000 2322.9741   13.3186
    7.5000  -45.0000   37.5000 2295.7637   13.6442
   -7.5000  -37.5000   37.5000 2446.8359   11.8350
    0.0000  -37.5000   37.5000 2442.3906   11.9083
    7.5000  -37.5000   37.5000 2413.3647   12.2443
   -7.5000  -30.0000   37.5000 2552.8167   10.7378
    0.0000  -30.0000   37.5000 2549.7004   10.7952
    7.5000  -30.0000   37.5000 2516.3909   11.1178
   -7.5000  -22.5000   37.5000 2662.6919    9.8345
    0.0000  -22.5000   37.5000 2657.5535    9.8956
    7.5000  -22.5000   37.5000 2624.7163   10.2201
   -7.5000  -15.0000   37.5000 2759.9492    9.1476
    0.0000  -15.0000   37.5000 2754.0000    9.2106
    7.5000  -15.0000   37.5000 2719.9128    9.5119
   -7.5000   -7.5000   37.5000 2859.5500    8.7579
    0.0000   -7.5000   37.5000 2852.3752    8.7776
    7.5000   -7.5000   37.5000 2808.4355    9.0404
   -7.5000    0.0000   37.5000 2928.9031    8.4777
    0.0000    0.0000   37.5000 2916.6726    8.5481
    7.5000    0.0000   37.5000 2864.4971    8.8370
   -7.5000    7.5000   37.5000 2949.1750    8.4944
    0.0000    7.5000   37.5000 2939.8616    8.5469
    7.5000    7.5000   37.5000 2887.7148    8.8599
   -7.5000   15.0000   37.5000 2927.1621    8.7794
    0.0000   15.0000   37.5000 2914.5537    8.8197
    7.5000   15.0000   37.5000 2857.6733    9.0874
   -7.5000   22.5000   37.5000 2863.6130    9.2487
    0.0000   22.5000   37.5000 2848.2197    9.2690
    7.5000   22.5000   37.5000 2795.9180    9.5194
   -7.5000   30.0000   37.5000 2756.0037    9.8685
    0.0000   30.0000   37.5000 2747.5317    9.8901
    7.5000   30.0000   37.5000 2702.9890   10.1319
   -7.5000   37.5000   37.5000 2638.2087   10.6555
    0.0000   37.5000   37.5000 2630.9253   10.6976
    7.5000   37.5000   37.5000 2591.5271   10.9241
   -7.5000   45.0000   37.5000 2505.9150   11.6622
    0.0000   45.0000   37.5000 2502.4226   11.7005
    7.5000   45.0000   37.5000 2462.0588   11.9389
   -7.5000  -45.0000   45.0000 2270.7500   13.9019
    0.0000  -45.0000   45.0000 2274.7620   13.9479
    7.5000  -45.0000   45.0000 2246.0342   14.3331
   -7.5000  -37.5000   45.0000 2397.5520   12.4069
    0.0000  -37.5000   45.0000 2397.0784   12.4682
    7.5000  -37.5000   45.0000 2367.3433   12.8590
   -7.5000  -30.0000   45.0000 2511.3997   11.2304
    0.0000  -30.0000   45.0000 2507.2610   11.3036
    7.5000  -30.0000   45.0000 2473.7502   11.6927
   -7.5000  -22.5000   45.0000 2617.2590   10.2956
    0.0000  -22.5000   45.0000 2611.2292   10.3788
    7.5000  -22.5000   45.0000 2577.2817   10.7523
   -7.5000  -15.0000   45.0000 2714.2908    9.6228
    0.0000  -15.0000   45.0000 2707.8101    9.6904
    7.5000  -15.0000   45.0000 2668.7434   10.0255
   -7.5000   -7.5000   45.0000 2800.3262    9.1751
    0.0000   -7.5000   45.0000 2795.3311    9.2413
    7.5000   -7.5000   45.0000 2746.7241    9.5762
   -7.5000    0.0000   45.0000 2852.3262    8.9329
    0.0000    0.0000   45.0000 2842.0623    9.0129
    7.5000    0.0000   45.0000 2790.7327    9.3458
   -7.5000    7.5000   45.0000 2868.8726    8.9612
    0.0000    7.5000   45.0000 2860.2822    8.9989
    7.5000    7.5000   45.0000 2817.1580    9.3296
   -7.5000   15.0000   45.0000 2841.1499    9.2605
    0.0000   15.0000   45.0000 2832.2654    9.2869
    7.5000   15.0000   45.0000 2787.0483    9.5735
   -7.5000   22.5000   45.0000 2784.8855    9.7094
    0.0000   22.5000   45.0000 2771.1926    9.7355
    7.5000   22.5000   45.0000 2725.8411   10.0054
   -7.5000   30.0000   45.0000 2689.4077   10.3051
    0.0000   30.0000   45.0000 2680.4187   10.3424
    7.5000   30.0000   45.0000 2641.0515   10.6111
   -7.5000   37.5000   45.0000 2577.4497   11.0861
    0.0000   37.5000   45.0000 2571.9456   11.1227
    7.5000   37.5000   45.0000 2536.6384   11.4048
   -7.5000   45.0000   45.0000 2449.0398   12.1189
    0.0000   45.0000   45.0000 2448.9199   12.1639
    7.5000   45.0000   45.0000 2412.6887   12.4030
   -7.5000  -45.0000   52.5000 2218.5242   14.6588
    0.0000  -45.0000   52.5000 2221.7061   14.7034
    7.5000  -45.0000   52.5000 2191.3447   15.1427
   -7.5000  -37.5000   52.5000 2350.1743   13.0885
    0.0000  -37.5000   52.5000 2350.2615   13.1560
    7.5000  -37.5000   52.5000 2316.3782   13.5882
   -7.5000  -30.0000   52.5000 2463.8525   11.8606
    0.0000  -30.0000   52.5000 2458.2739   11.9455
    7.5000  -30.0000   52.5000 2421.9426   12.3697
   -7.5000  -22.5000   52.5000 2562.0166   10.9190
    0.0000  -22.5000   52.5000 2556.1960   11.0041
    7.5000  -22.5000   52.5000 2522.3240   11.4117
   -7.5000  -15.0000   52.5000 2653.5190   10.2139
    0.0000  -15.0000   52.5000 2649.7974   10.2952
    7.5000  -15.0000   52.5000 2609.0845   10.6795
   -7.5000   -7.5000   52.5000 2730.4856    9.7630
    0.0000   -7.5000   52.5000 2724.4299    9.8425
    7.5000   -7.5000   52.5000 2675.8535   10.2245
   -7.5000    0.0000   52.5000 2767.9988    9.5271
    0.0000    0.0000   52.5000 2758.5735    9.5968
    7.5000    0.0000   52.5000 2713.2646    9.9558
   -7.5000    7.5000   52.5000 2775.6401    9.5376
    0.0000    7.5000   52.5000 2768.4922    9.5801
    7.5000    7.5000   52.5000 2728.4399    9.9168
   -7.5000   15.0000   52.5000 2746.9019    9.8327
    0.0000   15.0000   52.5000 2743.1191    9.8674
    7.5000   15.0000   52.5000 2700.9072   10.1792
   -7.5000   22.5000   52.5000 2696.6882   10.2628
    0.0000   22.5000   52.5000 2683.7378   10.2933
    7.5000   22.5000   52.5000 2645.9836   10.5941
   -7.5000   30.0000   52.5000 2610.8323   10.8505
    0.0000   30.0000   52.5000 2598.7173   10.8893
    7.5000   30.0000   52.5000 2559.8103   11.2017
   -7.5000   37.5000   52.5000 2504.8706   11.6235
    0.0000   37.5000   52.5000 2499.1809   11.6660
    7.5000   37.5000   52.5000 2461.8369   11.9713
   -7.5000   45.0000   52.5000 2380.2483   12.6474
    0.0000   45.0000   52.5000 2378.8623   12.7105
    7.5000   45.0000   52.5000 2339.5293   12.9896
   -7.5000  -45.0000   60.0000 2139.0398   15.5064
    0.0000  -45.0000   60.0000 2143.8818   15.5377
    7.5000  -45.0000   60.0000 2114.8252   16.0337
   -7.5000  -37.5000   60.0000 2270.5117   13.8598
    0.0000  -37.5000   60.0000 2268.8159   13.9135
    7.5000  -37.5000   60.0000 2235.6851   14.3901
   -7.5000  -30.0000   60.0000 2382.3257   12.5839
    0.0000  -30.0000   60.0000 2374.5947   12.6441
    7.5000  -30.0000   60.0000 2336.8896   13.1143
   -7.5000  -22.5000   60.0000 2477.7891   11.6242
    0.0000  -22.5000   60.0000 2469.9646   11.6848
    7.5000  -22.5000   60.0000 2436.0620   12.1230
   -7.5000  -15.0000   60.0000 2559.5886   10.8942
    0.0000  -15.0000   60.0000 2554.2966   10.9755
    7.5000  -15.0000   60.0000 2516.5769   11.4014
   -7.5000   -7.5000   60.0000 2624.0439   10.4411
    0.0000   -7.5000   60.0000 2617.1836   10.5221
    7.5000   -7.5000   60.0000 2575.5540   10.9237
   -7.5000    0.0000   60.0000 2651.2454   10.1826
    0.0000    0.0000   60.0000 2644.6394   10.2455
    7.5000    0.0000   60.0000 2606.8022   10.6265
   -7.5000    7.5000   60.0000 2654.2424   10.2130
    0.0000    7.5000   60.0000 2652.0652   10.2568
    7.5000    7.5000   60.0000 2611.0559   10.6105
   -7.5000   15.0000   60.0000 2622.2510   10.4743
    0.0000   15.0000   60.0000 2620.9167   10.5224
    7.5000   15.0000   60.0000 2583.5752   10.8662
   -7.5000   22.5000   60.0000 2578.7622   10.8775
    0.0000   22.5000   60.0000 2568.7002   10.9401
    7.5000   22.5000   60.0000 2536.3284   11.2685
   -7.5000   30.0000   60.0000 2508.7979   11.4280
    0.0000   30.0000   60.0000 2496.3191   11.4933
    7.5000   30.0000   60.0000 2458.1648   11.8204
   -7.5000   37.5000   60.0000 2405.8782   12.2138
    0.0000   37.5000   60.0000 2396.9802   12.2606
    7.5000   37.5000   60.0000 2362.5708   12.5840
   -7.5000   45.0000   60.0000 2281.0488   13.2434
    0.0000   45.0000   60.0000 2278.0532   13.2927
    7.5000   45.0000   60.0000 2243.3899   13.6067

---------------------------------------------------------------------
imgreg_4dfp /opt/freesurfer/average/711-2C_as_mni_average_305 /opt/freesurfer/average/711-2B_as_mni_average_305_mask talsrcimg_g11 none talsrcimg_to_711-2C_as_mni_average_305_t4 1283
---------------------------------------------------------------------

freesurfer imgreg_4dfp.c
/opt/freesurfer/average/711-2C_as_mni_average_305.4dfp.img
       256       256       256         1
  1.000000  1.000000  1.000000
orientation T byte_order littleendian
Reading image: /opt/freesurfer/average/711-2C_as_mni_average_305.4dfp.img
dimensions:      256       256       256
mmppix:       1.0000   -1.0000   -1.0000
center:     128.0000 -129.0000 -129.0000
/opt/freesurfer/average/711-2B_as_mni_average_305_mask.4dfp.img
       256       256       256         1
  1.000000  1.000000  1.000000
orientation T byte_order littleendian
Reading mask: /opt/freesurfer/average/711-2B_as_mni_average_305_mask.4dfp.img (2306576 pixels)
talsrcimg_g11.4dfp.img
       256       256       256         1
  1.000000  1.000000  1.000000
orientation T byte_order littleendian
Reading image: talsrcimg_g11.4dfp.img
dimensions:      256       256       256
mmppix:       1.0000   -1.0000   -1.0000
center:     128.0000 -129.0000 -129.0000
rotation matrix determinant  1.000000
fimgreg.f
image alignment mode   1283 decimal      503 hex
parameters
   -7.5000    7.5000   22.5000    0.0000    0.0000    0.0000
eta,q 0.95656  8.13231
niter,ni,del,rscale     5    3   12.0000    1.2000
parameter  1 -0.625876 -> -0.500000 qaram    1.1500
parameter  3  0.593288 ->  0.500000 qaram    1.1500
parameter  4  1.626318 ->  0.500000 qaram    1.1500
parameters
   -4.0500    6.2881   19.0500   -3.4500    1.9719   -0.7124
eta,q 0.96485  8.14809
  0.0629  0.0461  0.0407  0.0353  0.0456  0.0398
  0.0562  0.0434  0.0395  0.0363  0.0423  0.0373
  0.0502  0.0416  0.0399  0.0377  0.0396  0.0356
  0.0459  0.0418  0.0414  0.0397  0.0367  0.0351
  0.0430  0.0441  0.0445  0.0418  0.0351  0.0365
  0.0415  0.0471  0.0489  0.0445  0.0363  0.0392
  0.0444  0.0509  0.0536  0.0476  0.0393  0.0426
niter,ni,del,rscale     7    3   12.0000    1.2000
parameter  4  0.886565 ->  0.500000 qaram    1.3225
parameters
   -4.7165    7.3436   18.8489   -7.4175    2.3966   -1.3321
eta,q 0.96815  8.13357
  0.0508  0.0471  0.0448  0.0316  0.0423  0.0370
  0.0435  0.0415  0.0393  0.0318  0.0380  0.0340
  0.0375  0.0375  0.0359  0.0330  0.0343  0.0322
  0.0351  0.0352  0.0346  0.0346  0.0320  0.0319
  0.0398  0.0346  0.0367  0.0369  0.0328  0.0333
  0.0489  0.0370  0.0407  0.0406  0.0358  0.0359
  0.0572  0.0412  0.0454  0.0450  0.0403  0.0392
niter,ni,del,rscale     7    3   12.0000    1.2000
parameters
   -4.9880    8.2986   18.1302   -8.1353    2.7354   -1.2650
eta,q 0.96918  8.13486
  0.0515  0.0484  0.0416  0.0393  0.0409  0.0375
  0.0424  0.0389  0.0350  0.0322  0.0366  0.0340
  0.0353  0.0338  0.0316  0.0303  0.0328  0.0316
  0.0319  0.0319  0.0317  0.0313  0.0309  0.0308
  0.0360  0.0320  0.0348  0.0335  0.0317  0.0316
  0.0452  0.0346  0.0394  0.0363  0.0347  0.0339
  0.0543  0.0397  0.0450  0.0405  0.0394  0.0371
niter,ni,del,rscale     6    3   12.0000    1.2000
parameters
   -5.1199    8.5437   18.0287   -8.3532    2.8223   -1.2272
eta,q 0.96929  8.13386
  0.0514  0.0445  0.0437  0.0404  0.0403  0.0373
  0.0423  0.0359  0.0361  0.0332  0.0359  0.0338
  0.0347  0.0321  0.0315  0.0300  0.0323  0.0315
  0.0308  0.0309  0.0309  0.0308  0.0307  0.0307
  0.0342  0.0320  0.0333  0.0328  0.0319  0.0316
  0.0435  0.0362  0.0377  0.0356  0.0350  0.0338
  0.0532  0.0413  0.0432  0.0395  0.0401  0.0370
niter,ni,del,rscale     5    3   12.0000    1.2000
parameters
   -5.1618    8.6346   18.0029   -8.4334    2.8485   -1.2141
eta,q 0.96931  8.13317
  0.0517  0.0439  0.0440  0.0408  0.0401  0.0372
  0.0427  0.0354  0.0362  0.0335  0.0357  0.0337
  0.0349  0.0318  0.0314  0.0300  0.0322  0.0314
  0.0307  0.0307  0.0307  0.0307  0.0307  0.0307
  0.0338  0.0322  0.0331  0.0326  0.0319  0.0316
  0.0429  0.0367  0.0374  0.0354  0.0351  0.0338
  0.0527  0.0417  0.0429  0.0393  0.0403  0.0370
niter,ni,del,rscale     4    3   12.0000    1.2000
parameters
   -5.1738    8.6689   17.9952   -8.4639    2.8558   -1.2091
eta,q 0.96931  8.13283
  0.0518  0.0436  0.0440  0.0409  0.0400  0.0372
  0.0428  0.0352  0.0362  0.0337  0.0357  0.0337
  0.0350  0.0317  0.0314  0.0300  0.0321  0.0314
  0.0307  0.0307  0.0307  0.0307  0.0307  0.0307
  0.0337  0.0323  0.0330  0.0325  0.0319  0.0316
  0.0427  0.0368  0.0373  0.0354  0.0351  0.0338
  0.0526  0.0419  0.0428  0.0392  0.0404  0.0370
registration optimization eta report
parameter search radius
    6.9000    6.0000    6.9000    7.9350    6.0000    6.0000
100000*second partial in parameter space
       44.       34.       27.       15.       26.       18.
  0.0518  0.0436  0.0440  0.0409  0.0400  0.0372
  0.0428  0.0352  0.0362  0.0337  0.0357  0.0337
  0.0350  0.0317  0.0314  0.0300  0.0321  0.0314
  0.0307  0.0307  0.0307  0.0307  0.0307  0.0307
  0.0337  0.0323  0.0330  0.0325  0.0319  0.0316
  0.0427  0.0368  0.0373  0.0354  0.0351  0.0338
  0.0526  0.0419  0.0428  0.0392  0.0404  0.0370
   -5.1738    8.6689   17.9952   -8.4639    2.8558   -1.2091
eta,q 0.96931  8.13283

---------------------------------------------------------------------
imgreg_4dfp /opt/freesurfer/average/711-2C_as_mni_average_305 /opt/freesurfer/average/711-2B_as_mni_average_305_mask talsrcimg_g11 none talsrcimg_to_711-2C_as_mni_average_305_t4 3335
---------------------------------------------------------------------

freesurfer imgreg_4dfp.c
/opt/freesurfer/average/711-2C_as_mni_average_305.4dfp.img
       256       256       256         1
  1.000000  1.000000  1.000000
orientation T byte_order littleendian
Reading image: /opt/freesurfer/average/711-2C_as_mni_average_305.4dfp.img
dimensions:      256       256       256
mmppix:       1.0000   -1.0000   -1.0000
center:     128.0000 -129.0000 -129.0000
/opt/freesurfer/average/711-2B_as_mni_average_305_mask.4dfp.img
       256       256       256         1
  1.000000  1.000000  1.000000
orientation T byte_order littleendian
Reading mask: /opt/freesurfer/average/711-2B_as_mni_average_305_mask.4dfp.img (2306576 pixels)
talsrcimg_g11.4dfp.img
       256       256       256         1
  1.000000  1.000000  1.000000
orientation T byte_order littleendian
Reading image: talsrcimg_g11.4dfp.img
dimensions:      256       256       256
mmppix:       1.0000   -1.0000   -1.0000
center:     128.0000 -129.0000 -129.0000
fimgreg.f
image alignment mode   3335 decimal      D07 hex
parameters
   -5.1738    8.6689   17.9952   -0.1464   -1.1266   -1.2119
    2.8203   -4.6162   -2.1075   14.8193    4.9822  -14.7003
eta,q 0.96940  8.18603
niter,ni,del,rscale     5    3    5.0000    1.2000
parameter  4  1.194647 ->  0.500000 qaram    1.1500
parameter  5  1.811928 ->  0.500000 qaram    1.1500
parameters
   -4.7774    9.4086   17.8717   -4.2864   -5.2666   -2.3037
    2.5742   -3.8172   -1.3122   13.6741    3.5905  -15.6716
eta,q 0.97763  8.12090
  0.0343  0.0339  0.0320  0.0261  0.0213  0.0246  0.0258  0.0290  0.0256  0.0252  0.0233  0.0237
  0.0324  0.0325  0.0310  0.0260  0.0220  0.0238  0.0241  0.0261  0.0241  0.0235  0.0227  0.0228
  0.0312  0.0313  0.0304  0.0276  0.0236  0.0231  0.0230  0.0238  0.0231  0.0226  0.0225  0.0224
  0.0306  0.0306  0.0303  0.0303  0.0262  0.0224  0.0227  0.0227  0.0226  0.0226  0.0225  0.0224
  0.0306  0.0303  0.0306  0.0331  0.0294  0.0225  0.0232  0.0230  0.0227  0.0233  0.0228  0.0228
  0.0312  0.0306  0.0313  0.0366  0.0324  0.0245  0.0244  0.0245  0.0234  0.0250  0.0234  0.0235
  0.0324  0.0314  0.0324  0.0404  0.0353  0.0284  0.0262  0.0268  0.0246  0.0278  0.0243  0.0244
niter,ni,del,rscale     6    3    5.0000    1.2000
parameters
   -4.8893    9.4873   17.6088   -6.1238   -7.7615   -1.2691
    2.6877   -3.5730   -1.1929   14.3407    3.4081  -16.5363
eta,q 0.97889  8.10209
  0.0261  0.0257  0.0236  0.0257  0.0246  0.0239  0.0246  0.0267  0.0239  0.0254  0.0223  0.0224
  0.0242  0.0239  0.0228  0.0241  0.0228  0.0230  0.0229  0.0240  0.0225  0.0234  0.0217  0.0216
  0.0228  0.0228  0.0224  0.0225  0.0217  0.0224  0.0217  0.0221  0.0216  0.0220  0.0213  0.0212
  0.0224  0.0224  0.0224  0.0224  0.0222  0.0216  0.0212  0.0212  0.0212  0.0212  0.0212  0.0212
  0.0229  0.0227  0.0227  0.0243  0.0243  0.0208  0.0216  0.0218  0.0215  0.0213  0.0213  0.0215
  0.0246  0.0236  0.0233  0.0272  0.0273  0.0213  0.0227  0.0235  0.0224  0.0223  0.0217  0.0222
  0.0270  0.0253  0.0242  0.0307  0.0308  0.0236  0.0245  0.0261  0.0237  0.0243  0.0224  0.0231
niter,ni,del,rscale     5    3    5.0000    1.2000
parameters
   -4.9068    9.7022   17.6581   -6.0010   -8.3072   -1.4089
    2.7253   -3.6035   -1.1973   14.6675    3.3350  -16.8829
eta,q 0.97890  8.09339
  0.0251  0.0250  0.0228  0.0261  0.0258  0.0235  0.0245  0.0262  0.0237  0.0249  0.0223  0.0226
  0.0230  0.0231  0.0218  0.0245  0.0238  0.0227  0.0228  0.0236  0.0223  0.0231  0.0216  0.0216
  0.0216  0.0217  0.0212  0.0226  0.0219  0.0220  0.0216  0.0218  0.0214  0.0218  0.0212  0.0212
  0.0211  0.0211  0.0211  0.0211  0.0211  0.0211  0.0211  0.0211  0.0211  0.0211  0.0211  0.0211
  0.0216  0.0213  0.0213  0.0215  0.0220  0.0206  0.0215  0.0219  0.0215  0.0214  0.0213  0.0214
  0.0230  0.0222  0.0218  0.0237  0.0244  0.0218  0.0227  0.0237  0.0223  0.0225  0.0217  0.0220
  0.0252  0.0238  0.0226  0.0266  0.0277  0.0250  0.0244  0.0263  0.0237  0.0245  0.0223  0.0228
niter,ni,del,rscale     4    3    5.0000    1.2000
parameters
   -4.9104    9.7850   17.6649   -5.8524   -8.4648   -1.3879
    2.7392   -3.6296   -1.1983   14.8090    3.3140  -17.0181
eta,q 0.97895  8.09428
  0.0251  0.0246  0.0226  0.0261  0.0262  0.0235  0.0244  0.0262  0.0236  0.0247  0.0223  0.0226
  0.0230  0.0228  0.0217  0.0245  0.0241  0.0228  0.0227  0.0236  0.0223  0.0229  0.0216  0.0217
  0.0216  0.0216  0.0212  0.0226  0.0221  0.0220  0.0215  0.0217  0.0214  0.0216  0.0212  0.0211
  0.0211  0.0211  0.0211  0.0211  0.0210  0.0211  0.0211  0.0211  0.0211  0.0211  0.0210  0.0210
  0.0216  0.0214  0.0213  0.0215  0.0217  0.0206  0.0215  0.0218  0.0214  0.0214  0.0212  0.0213
  0.0230  0.0225  0.0218  0.0237  0.0239  0.0216  0.0226  0.0236  0.0223  0.0226  0.0216  0.0218
  0.0251  0.0241  0.0225  0.0265  0.0271  0.0247  0.0244  0.0262  0.0236  0.0246  0.0223  0.0227
niter,ni,del,rscale     3    3    5.0000    1.2000
parameters
   -4.9116    9.8099   17.6772   -5.7954   -8.5252   -1.3776
    2.7413   -3.6433   -1.1920   14.8605    3.3064  -17.0530
eta,q 0.97897  8.09461
  0.0251  0.0244  0.0226  0.0261  0.0263  0.0236  0.0244  0.0262  0.0236  0.0246  0.0223  0.0227
  0.0230  0.0226  0.0217  0.0245  0.0242  0.0228  0.0227  0.0236  0.0222  0.0228  0.0216  0.0217
  0.0216  0.0215  0.0212  0.0225  0.0222  0.0220  0.0215  0.0217  0.0213  0.0216  0.0212  0.0211
  0.0210  0.0210  0.0210  0.0210  0.0210  0.0210  0.0210  0.0210  0.0210  0.0210  0.0210  0.0210
  0.0215  0.0214  0.0213  0.0215  0.0217  0.0205  0.0214  0.0218  0.0214  0.0214  0.0212  0.0213
  0.0229  0.0225  0.0217  0.0238  0.0238  0.0216  0.0226  0.0236  0.0222  0.0226  0.0216  0.0218
  0.0251  0.0242  0.0225  0.0266  0.0270  0.0248  0.0244  0.0262  0.0236  0.0247  0.0223  0.0226
niter,ni,del,rscale     2    3    5.0000    1.2000
parameters
   -4.9138    9.8187   17.6823   -5.7760   -8.5455   -1.3761
    2.7413   -3.6493   -1.1920   14.8749    3.3065  -17.0674
eta,q 0.97897  8.09467
  0.0251  0.0243  0.0226  0.0260  0.0263  0.0236  0.0244  0.0262  0.0236  0.0246  0.0223  0.0227
  0.0230  0.0226  0.0217  0.0244  0.0242  0.0228  0.0227  0.0236  0.0222  0.0228  0.0216  0.0217
  0.0216  0.0214  0.0212  0.0225  0.0222  0.0220  0.0215  0.0217  0.0213  0.0216  0.0212  0.0211
  0.0210  0.0210  0.0210  0.0210  0.0210  0.0210  0.0210  0.0210  0.0210  0.0210  0.0210  0.0210
  0.0215  0.0214  0.0212  0.0216  0.0216  0.0205  0.0214  0.0218  0.0214  0.0214  0.0212  0.0213
  0.0229  0.0225  0.0217  0.0238  0.0237  0.0216  0.0226  0.0236  0.0222  0.0226  0.0216  0.0218
  0.0251  0.0243  0.0225  0.0267  0.0269  0.0248  0.0244  0.0262  0.0236  0.0247  0.0223  0.0226
registration optimization eta report
parameter search radius
    2.4000    2.4000    2.4000    8.2800    8.2800    7.2000
    7.2000    7.2000    7.2000    7.2000    7.2000    7.2000
100000*second partial in parameter space
       70.       56.       27.        7.        8.        6.
        6.       10.        5.        7.        2.        3.
  0.0251  0.0243  0.0226  0.0260  0.0263  0.0236  0.0244  0.0262  0.0236  0.0246  0.0223  0.0227
  0.0230  0.0226  0.0217  0.0244  0.0242  0.0228  0.0227  0.0236  0.0222  0.0228  0.0216  0.0217
  0.0216  0.0214  0.0212  0.0225  0.0222  0.0220  0.0215  0.0217  0.0213  0.0216  0.0212  0.0211
  0.0210  0.0210  0.0210  0.0210  0.0210  0.0210  0.0210  0.0210  0.0210  0.0210  0.0210  0.0210
  0.0215  0.0214  0.0212  0.0216  0.0216  0.0205  0.0214  0.0218  0.0214  0.0214  0.0212  0.0213
  0.0229  0.0225  0.0217  0.0238  0.0237  0.0216  0.0226  0.0236  0.0222  0.0226  0.0216  0.0218
  0.0251  0.0243  0.0225  0.0267  0.0269  0.0248  0.0244  0.0262  0.0236  0.0247  0.0223  0.0226
   -4.9138    9.8187   17.6823   -5.7760   -8.5455   -1.3761
    2.7413   -3.6493   -1.1920   14.8749    3.3065  -17.0674
eta,q 0.97897  8.09467

---------------------------------------------------------------------
imgreg_4dfp /opt/freesurfer/average/711-2C_as_mni_average_305 /opt/freesurfer/average/711-2B_as_mni_average_305_mask talsrcimg_g11 none talsrcimg_to_711-2C_as_mni_average_305_t4 2311
---------------------------------------------------------------------

freesurfer imgreg_4dfp.c
/opt/freesurfer/average/711-2C_as_mni_average_305.4dfp.img
       256       256       256         1
  1.000000  1.000000  1.000000
orientation T byte_order littleendian
Reading image: /opt/freesurfer/average/711-2C_as_mni_average_305.4dfp.img
dimensions:      256       256       256
mmppix:       1.0000   -1.0000   -1.0000
center:     128.0000 -129.0000 -129.0000
/opt/freesurfer/average/711-2B_as_mni_average_305_mask.4dfp.img
       256       256       256         1
  1.000000  1.000000  1.000000
orientation T byte_order littleendian
Reading mask: /opt/freesurfer/average/711-2B_as_mni_average_305_mask.4dfp.img (2306576 pixels)
talsrcimg_g11.4dfp.img
       256       256       256         1
  1.000000  1.000000  1.000000
orientation T byte_order littleendian
Reading image: talsrcimg_g11.4dfp.img
dimensions:      256       256       256
mmppix:       1.0000   -1.0000   -1.0000
center:     128.0000 -129.0000 -129.0000
fimgreg.f
image alignment mode   2311 decimal      907 hex
parameters
   -4.9138    9.8187   17.6823   -5.7760   -8.5455   -1.3761
    2.7413   -3.6493   -1.1920   14.8749    3.3065  -17.0674
eta,q 0.97897  8.09466
niter,ni,del,rscale     5    3    5.0000    0.8000
parameters
   -4.9004    9.8156   17.6209   -5.2779   -8.2248   -0.1825
    2.6875   -3.6535   -1.1773   15.0737    3.3973  -17.3251
eta,q 0.97944  8.13026
  0.0230  0.0225  0.0217  0.0239  0.0236  0.0227  0.0223  0.0236  0.0219  0.0227  0.0214  0.0213
  0.0219  0.0217  0.0213  0.0228  0.0224  0.0221  0.0214  0.0220  0.0212  0.0217  0.0209  0.0209
  0.0213  0.0212  0.0211  0.0217  0.0214  0.0216  0.0208  0.0210  0.0207  0.0209  0.0207  0.0206
  0.0210  0.0210  0.0210  0.0210  0.0210  0.0209  0.0206  0.0206  0.0206  0.0206  0.0206  0.0206
  0.0212  0.0212  0.0211  0.0211  0.0211  0.0205  0.0208  0.0210  0.0207  0.0207  0.0206  0.0207
  0.0219  0.0217  0.0214  0.0219  0.0219  0.0208  0.0214  0.0220  0.0212  0.0214  0.0209  0.0210
  0.0229  0.0225  0.0217  0.0232  0.0231  0.0218  0.0224  0.0236  0.0219  0.0225  0.0213  0.0215
niter,ni,del,rscale     4    3    5.0000    0.7000
parameters
   -4.8880    9.7418   17.8092   -5.4095   -8.3593    0.0378
    2.7040   -3.6521   -1.1552   15.1019    3.3615  -17.2885
eta,q 0.97950  8.13153
  0.0222  0.0217  0.0215  0.0226  0.0224  0.0222  0.0219  0.0229  0.0215  0.0221  0.0211  0.0212
  0.0213  0.0210  0.0210  0.0216  0.0214  0.0216  0.0211  0.0217  0.0210  0.0213  0.0208  0.0208
  0.0208  0.0207  0.0207  0.0209  0.0208  0.0210  0.0207  0.0208  0.0206  0.0207  0.0206  0.0206
  0.0206  0.0206  0.0206  0.0205  0.0205  0.0205  0.0205  0.0205  0.0205  0.0205  0.0205  0.0205
  0.0207  0.0208  0.0206  0.0209  0.0208  0.0205  0.0207  0.0208  0.0206  0.0207  0.0206  0.0206
  0.0213  0.0212  0.0208  0.0217  0.0216  0.0211  0.0211  0.0217  0.0210  0.0212  0.0208  0.0208
  0.0222  0.0219  0.0211  0.0230  0.0227  0.0222  0.0218  0.0229  0.0215  0.0221  0.0211  0.0211
niter,ni,del,rscale     3    3    5.0000    0.6000
parameters
   -4.8898    9.7498   17.8525   -5.3958   -8.3981    0.2616
    2.6897   -3.6469   -1.1516   15.1129    3.3473  -17.3191
eta,q 0.97953  8.13442
  0.0217  0.0214  0.0211  0.0222  0.0220  0.0219  0.0215  0.0223  0.0212  0.0217  0.0209  0.0209
  0.0210  0.0209  0.0208  0.0214  0.0212  0.0214  0.0209  0.0213  0.0208  0.0211  0.0207  0.0207
  0.0206  0.0206  0.0206  0.0208  0.0207  0.0209  0.0206  0.0207  0.0206  0.0206  0.0205  0.0205
  0.0205  0.0205  0.0205  0.0205  0.0205  0.0205  0.0205  0.0205  0.0205  0.0205  0.0205  0.0205
  0.0206  0.0206  0.0206  0.0207  0.0207  0.0205  0.0206  0.0207  0.0206  0.0206  0.0205  0.0205
  0.0210  0.0209  0.0207  0.0213  0.0212  0.0209  0.0209  0.0213  0.0208  0.0210  0.0207  0.0207
  0.0217  0.0214  0.0210  0.0223  0.0220  0.0218  0.0215  0.0223  0.0212  0.0217  0.0209  0.0209
niter,ni,del,rscale     2    3    5.0000    0.5000
parameters
   -4.8876    9.7450   17.9041   -5.3864   -8.4422    0.4523
    2.6840   -3.6393   -1.1594   15.1317    3.3222  -17.3282
eta,q 0.97955  8.13666
  0.0213  0.0211  0.0209  0.0217  0.0215  0.0216  0.0212  0.0218  0.0210  0.0213  0.0208  0.0208
  0.0209  0.0208  0.0207  0.0211  0.0210  0.0211  0.0208  0.0211  0.0207  0.0209  0.0206  0.0206
  0.0206  0.0205  0.0205  0.0207  0.0206  0.0207  0.0205  0.0206  0.0205  0.0206  0.0205  0.0205
  0.0205  0.0205  0.0205  0.0205  0.0205  0.0205  0.0204  0.0204  0.0204  0.0205  0.0205  0.0204
  0.0206  0.0205  0.0205  0.0206  0.0206  0.0205  0.0205  0.0206  0.0205  0.0205  0.0205  0.0205
  0.0208  0.0208  0.0206  0.0211  0.0210  0.0208  0.0208  0.0211  0.0207  0.0208  0.0206  0.0206
  0.0213  0.0211  0.0208  0.0218  0.0216  0.0214  0.0212  0.0218  0.0210  0.0213  0.0208  0.0208
niter,ni,del,rscale     1    3    5.0000    0.4000
parameters
   -4.8866    9.7407   17.9521   -5.3743   -8.4830    0.5983
    2.6823   -3.6314   -1.1635   15.1408    3.3173  -17.3244
eta,q 0.97956  8.13818
  0.0210  0.0209  0.0207  0.0213  0.0211  0.0212  0.0209  0.0213  0.0208  0.0210  0.0206  0.0206
  0.0207  0.0206  0.0206  0.0209  0.0208  0.0209  0.0206  0.0208  0.0206  0.0207  0.0205  0.0205
  0.0205  0.0205  0.0205  0.0206  0.0205  0.0206  0.0205  0.0205  0.0205  0.0205  0.0205  0.0205
  0.0204  0.0204  0.0204  0.0204  0.0204  0.0204  0.0204  0.0204  0.0204  0.0204  0.0204  0.0204
  0.0205  0.0205  0.0205  0.0205  0.0205  0.0205  0.0205  0.0205  0.0205  0.0205  0.0205  0.0205
  0.0207  0.0206  0.0205  0.0208  0.0208  0.0207  0.0206  0.0208  0.0206  0.0207  0.0205  0.0205
  0.0210  0.0209  0.0207  0.0213  0.0212  0.0211  0.0209  0.0213  0.0208  0.0210  0.0206  0.0206
registration optimization eta report
parameter search radius
    0.8000    0.8000    0.8000    2.4000    2.4000    2.4000
    2.4000    2.4000    2.4000    2.4000    2.4000    2.4000
100000*second partial in parameter space
       85.       65.       39.       15.       13.       13.
        8.       15.        6.       10.        4.        4.
  0.0210  0.0209  0.0207  0.0213  0.0211  0.0212  0.0209  0.0213  0.0208  0.0210  0.0206  0.0206
  0.0207  0.0206  0.0206  0.0209  0.0208  0.0209  0.0206  0.0208  0.0206  0.0207  0.0205  0.0205
  0.0205  0.0205  0.0205  0.0206  0.0205  0.0206  0.0205  0.0205  0.0205  0.0205  0.0205  0.0205
  0.0204  0.0204  0.0204  0.0204  0.0204  0.0204  0.0204  0.0204  0.0204  0.0204  0.0204  0.0204
  0.0205  0.0205  0.0205  0.0205  0.0205  0.0205  0.0205  0.0205  0.0205  0.0205  0.0205  0.0205
  0.0207  0.0206  0.0205  0.0208  0.0208  0.0207  0.0206  0.0208  0.0206  0.0207  0.0205  0.0205
  0.0210  0.0209  0.0207  0.0213  0.0212  0.0211  0.0209  0.0213  0.0208  0.0210  0.0206  0.0206
   -4.8866    9.7407   17.9521   -5.3743   -8.4830    0.5983
    2.6823   -3.6314   -1.1635   15.1408    3.3173  -17.3244
eta,q 0.97956  8.13818

---------------------------------------------------------------------
imgreg_4dfp /opt/freesurfer/average/711-2C_as_mni_average_305 /opt/freesurfer/average/711-2B_as_mni_average_305_mask talsrcimg_g11 none talsrcimg_to_711-2C_as_mni_average_305_t4 2311
---------------------------------------------------------------------

freesurfer imgreg_4dfp.c
/opt/freesurfer/average/711-2C_as_mni_average_305.4dfp.img
       256       256       256         1
  1.000000  1.000000  1.000000
orientation T byte_order littleendian
Reading image: /opt/freesurfer/average/711-2C_as_mni_average_305.4dfp.img
dimensions:      256       256       256
mmppix:       1.0000   -1.0000   -1.0000
center:     128.0000 -129.0000 -129.0000
/opt/freesurfer/average/711-2B_as_mni_average_305_mask.4dfp.img
       256       256       256         1
  1.000000  1.000000  1.000000
orientation T byte_order littleendian
Reading mask: /opt/freesurfer/average/711-2B_as_mni_average_305_mask.4dfp.img (2306576 pixels)
talsrcimg_g11.4dfp.img
       256       256       256         1
  1.000000  1.000000  1.000000
orientation T byte_order littleendian
Reading image: talsrcimg_g11.4dfp.img
dimensions:      256       256       256
mmppix:       1.0000   -1.0000   -1.0000
center:     128.0000 -129.0000 -129.0000
fimgreg.f
image alignment mode   2311 decimal      907 hex
parameters
   -4.8866    9.7407   17.9521   -5.3743   -8.4830    0.5983
    2.6823   -3.6314   -1.1635   15.1408    3.3173  -17.3244
eta,q 0.97956  8.13818
niter,ni,del,rscale     5    3    5.0000    0.8000
parameters
   -4.9033    9.7426   18.0003   -5.5511   -8.5639    0.0548
    2.7231   -3.6558   -1.1549   15.0419    3.3178  -17.1902
eta,q 0.97947  8.12725
  0.0225  0.0221  0.0215  0.0230  0.0228  0.0222  0.0222  0.0235  0.0218  0.0224  0.0213  0.0214
  0.0214  0.0212  0.0209  0.0218  0.0217  0.0216  0.0213  0.0220  0.0211  0.0214  0.0209  0.0209
  0.0207  0.0206  0.0206  0.0208  0.0208  0.0209  0.0207  0.0209  0.0207  0.0208  0.0206  0.0206
  0.0204  0.0204  0.0204  0.0204  0.0204  0.0204  0.0205  0.0205  0.0205  0.0205  0.0205  0.0205
  0.0207  0.0206  0.0205  0.0208  0.0208  0.0207  0.0207  0.0209  0.0207  0.0208  0.0206  0.0206
  0.0214  0.0212  0.0208  0.0220  0.0217  0.0218  0.0213  0.0220  0.0211  0.0215  0.0209  0.0209
  0.0226  0.0221  0.0214  0.0235  0.0230  0.0238  0.0222  0.0236  0.0218  0.0227  0.0213  0.0213
niter,ni,del,rscale     4    3    5.0000    0.7000
parameters
   -4.9032    9.7621   17.8752   -5.4086   -8.4301    0.0797
    2.6934   -3.6589   -1.1603   15.0692    3.3344  -17.2665
eta,q 0.97951  8.13103
  0.0221  0.0218  0.0211  0.0228  0.0226  0.0221  0.0218  0.0229  0.0215  0.0221  0.0211  0.0211
  0.0213  0.0211  0.0207  0.0218  0.0216  0.0216  0.0211  0.0216  0.0210  0.0213  0.0208  0.0208
  0.0207  0.0207  0.0206  0.0210  0.0208  0.0210  0.0207  0.0208  0.0206  0.0207  0.0206  0.0206
  0.0205  0.0205  0.0205  0.0205  0.0205  0.0205  0.0205  0.0205  0.0205  0.0205  0.0205  0.0205
  0.0207  0.0207  0.0207  0.0207  0.0207  0.0205  0.0207  0.0208  0.0206  0.0207  0.0206  0.0206
  0.0212  0.0211  0.0209  0.0215  0.0214  0.0212  0.0211  0.0217  0.0210  0.0212  0.0208  0.0208
  0.0221  0.0217  0.0213  0.0227  0.0224  0.0224  0.0219  0.0229  0.0215  0.0221  0.0211  0.0211
niter,ni,del,rscale     3    3    5.0000    0.6000
parameters
   -4.8934    9.7509   17.8706   -5.3849   -8.4094    0.2715
    2.6862   -3.6484   -1.1644   15.1012    3.3393  -17.3016
eta,q 0.97954  8.13448
  0.0217  0.0214  0.0210  0.0222  0.0220  0.0219  0.0215  0.0223  0.0212  0.0217  0.0209  0.0209
  0.0211  0.0209  0.0207  0.0214  0.0212  0.0214  0.0209  0.0214  0.0208  0.0211  0.0207  0.0207
  0.0206  0.0206  0.0206  0.0208  0.0207  0.0209  0.0206  0.0207  0.0206  0.0206  0.0205  0.0205
  0.0205  0.0205  0.0205  0.0205  0.0205  0.0205  0.0205  0.0205  0.0205  0.0205  0.0205  0.0205
  0.0206  0.0206  0.0206  0.0207  0.0207  0.0205  0.0206  0.0207  0.0206  0.0206  0.0205  0.0205
  0.0210  0.0209  0.0207  0.0213  0.0212  0.0209  0.0209  0.0213  0.0208  0.0210  0.0207  0.0207
  0.0217  0.0214  0.0210  0.0223  0.0220  0.0218  0.0215  0.0223  0.0212  0.0217  0.0209  0.0209
niter,ni,del,rscale     2    3    5.0000    0.5000
parameters
   -4.8884    9.7453   17.9107   -5.3822   -8.4396    0.4570
    2.6864   -3.6419   -1.1599   15.1229    3.3315  -17.3123
eta,q 0.97955  8.13677
  0.0213  0.0211  0.0209  0.0217  0.0215  0.0216  0.0212  0.0218  0.0210  0.0213  0.0208  0.0208
  0.0209  0.0208  0.0207  0.0211  0.0210  0.0211  0.0208  0.0211  0.0207  0.0209  0.0206  0.0206
  0.0206  0.0205  0.0205  0.0207  0.0206  0.0207  0.0205  0.0206  0.0205  0.0206  0.0205  0.0205
  0.0205  0.0205  0.0205  0.0205  0.0205  0.0205  0.0204  0.0204  0.0204  0.0204  0.0204  0.0204
  0.0205  0.0205  0.0205  0.0206  0.0206  0.0205  0.0205  0.0206  0.0205  0.0205  0.0205  0.0205
  0.0208  0.0208  0.0206  0.0211  0.0210  0.0208  0.0208  0.0211  0.0207  0.0208  0.0206  0.0206
  0.0213  0.0211  0.0208  0.0218  0.0216  0.0215  0.0212  0.0218  0.0210  0.0213  0.0208  0.0208
niter,ni,del,rscale     1    3    5.0000    0.4000
parameters
   -4.8861    9.7386   17.9546   -5.3749   -8.4789    0.5960
    2.6809   -3.6312   -1.1626   15.1340    3.3181  -17.3115
eta,q 0.97956  8.13816
  0.0210  0.0209  0.0207  0.0213  0.0211  0.0212  0.0209  0.0213  0.0208  0.0210  0.0206  0.0206
  0.0207  0.0206  0.0206  0.0209  0.0208  0.0209  0.0206  0.0209  0.0206  0.0207  0.0205  0.0205
  0.0205  0.0205  0.0205  0.0206  0.0205  0.0206  0.0205  0.0205  0.0205  0.0205  0.0205  0.0205
  0.0204  0.0204  0.0204  0.0204  0.0204  0.0204  0.0204  0.0204  0.0204  0.0204  0.0204  0.0204
  0.0205  0.0205  0.0205  0.0205  0.0205  0.0205  0.0205  0.0205  0.0205  0.0205  0.0205  0.0205
  0.0207  0.0206  0.0205  0.0208  0.0208  0.0207  0.0206  0.0208  0.0206  0.0207  0.0205  0.0205
  0.0210  0.0209  0.0207  0.0213  0.0212  0.0211  0.0209  0.0213  0.0208  0.0210  0.0206  0.0206
registration optimization eta report
parameter search radius
    0.8000    0.8000    0.8000    2.4000    2.4000    2.4000
    2.4000    2.4000    2.4000    2.4000    2.4000    2.4000
100000*second partial in parameter space
       85.       65.       39.       15.       13.       13.
        8.       15.        6.       10.        4.        4.
  0.0210  0.0209  0.0207  0.0213  0.0211  0.0212  0.0209  0.0213  0.0208  0.0210  0.0206  0.0206
  0.0207  0.0206  0.0206  0.0209  0.0208  0.0209  0.0206  0.0209  0.0206  0.0207  0.0205  0.0205
  0.0205  0.0205  0.0205  0.0206  0.0205  0.0206  0.0205  0.0205  0.0205  0.0205  0.0205  0.0205
  0.0204  0.0204  0.0204  0.0204  0.0204  0.0204  0.0204  0.0204  0.0204  0.0204  0.0204  0.0204
  0.0205  0.0205  0.0205  0.0205  0.0205  0.0205  0.0205  0.0205  0.0205  0.0205  0.0205  0.0205
  0.0207  0.0206  0.0205  0.0208  0.0208  0.0207  0.0206  0.0208  0.0206  0.0207  0.0205  0.0205
  0.0210  0.0209  0.0207  0.0213  0.0212  0.0211  0.0209  0.0213  0.0208  0.0210  0.0206  0.0206
   -4.8861    9.7386   17.9546   -5.3749   -8.4789    0.5960
    2.6809   -3.6312   -1.1626   15.1340    3.3181  -17.3115
eta,q 0.97956  8.13816

---------------------------------------------------------------------
compute_vox2vox talsrcimg talsrcimg_to_711-2C_as_mni_average_305_t4 /opt/freesurfer/average/711-2C_as_mni_average_305
---------------------------------------------------------------------

freesurfer compute_vox2vox.c
Reading: talsrcimg.4dfp.ifh
Reading: talsrcimg_to_711-2C_as_mni_average_305_t4
Reading: /opt/freesurfer/average/711-2C_as_mni_average_305.4dfp.ifh
Writing: talsrcimg_to_711-2C_as_mni_average_305_t4_vox2vox.txt

start time Fri Mar 13 03:43:23 CET 2026
end		time Fri Mar 13 03:44:55 CET 2026

mpr2mni305 success

avi2talxfm orig_nu.mgz /opt/freesurfer/average/mni305.cor.mgz talsrcimg_to_711-2C_as_mni_average_305_t4_vox2vox.txt transforms/talairach.auto.xfm
avi2talxfm done
mv -f /out/sourcedata/freesurfer/sub-v2s4x29583_ses-1/mri/talsrcimg_to_711-2C_as_mni_average_305_t4_vox2vox.txt /out/sourcedata/freesurfer/sub-v2s4x29583_ses-1/mri/transforms/talsrcimg_to_711-2C_as_mni_average_305_t4_vox2vox.txt
lta_convert --src orig_nu.mgz --trg /opt/freesurfer/average/mni305.cor.mgz --inxfm transforms/talairach.auto.xfm --outlta transforms/talairach.auto.xfm.lta --subject fsaverage
7.3.2

--src: orig_nu.mgz src image (geometry).
--trg: /opt/freesurfer/average/mni305.cor.mgz trg image (geometry).
--inmni: transforms/talairach.auto.xfm input MNI/XFM transform.
--outlta: transforms/talairach.auto.xfm.lta output LTA.
--s: fsaverage subject name
 LTA read, type : 1
 1.05506   0.04155  -0.02305   0.47098;
-0.03159   0.96532   0.18352  -14.58768;
 0.01863  -0.15910   1.06200  -7.84122;
 0.00000   0.00000   0.00000   1.00000;
setting subject to fsaverage
Writing  LTA to file transforms/talairach.auto.xfm.lta...
lta_convert successful.
 
 
Started at Fri Mar 13 03:43:22 CET 2026
Ended   at Fri Mar 13 03:44:55 CET 2026
talairach_avi done
