/out/sourcedata/freesurfer/sub-v2s4x29634_ses-1/mri
/opt/freesurfer/bin/talairach_avi
--i orig_nu.mgz --xfm transforms/talairach.auto.xfm
talairach_avi 7.3.2
Linux dna055 5.14.0-427.37.1.el9_4.x86_64 #1 SMP PREEMPT_DYNAMIC Fri Sep 13 12:41:50 EDT 2024 x86_64 x86_64 x86_64 GNU/Linux
Fri Mar 13 06:25:38 CET 2026
mri_convert orig_nu.mgz talsrcimg.img 
reading from orig_nu.mgz...
TR=0.00, TE=0.00, TI=0.00, flip angle=0.00
i_ras = (-1, 1.12486e-08, 7.45058e-09)
j_ras = (3.72529e-09, -4.65661e-10, -1)
k_ras = (-1.12632e-08, 1, 0)
writing to talsrcimg.img...
Analyze Output Matrix
-1.00000   0.00000  -0.00000   131.69997;
 0.00000  -0.00000   1.00000  -137.77444;
 0.00000  -1.00000   0.00000   114.23746;
 0.00000   0.00000   0.00000   1.00000;
--------------------
INFO: set hdr.hist.orient to -1
mpr2mni305 talsrcimg
Fri Mar 13 06:25:38 CET 2026
/opt/freesurfer/bin/mpr2mni305 talsrcimg
mpr2mni305 7.3.2
target=711-2C_as_mni_average_305

---------------------------------------------------------------------
analyzeto4dfp talsrcimg -O0 -y
---------------------------------------------------------------------

freesurfer ifh2hdr.c
Fri Mar 13 06:25:39 2026
Writing: talsrcimg.4dfp.hdr
freesurfer analyzeto4dfp.c
Reading: talsrcimg.hdr
header size 348 bytes
hdr.dime.datatype	offset=70	value=2
hdr.dime.bitpix		offset=72	value=8
hdr.hist.orient		offset=252	value=-1
dimensionality     4
dimensions       256       256       256         1
Reading: talsrcimg.img
Writing: talsrcimg.4dfp.img
Writing: talsrcimg.4dfp.ifh
ifh2hdr talsrcimg -r0to234
ori=2

---------------------------------------------------------------------
gauss_4dfp talsrcimg 1.1
---------------------------------------------------------------------

freesurfer gauss_4dfp.c
Reading: talsrcimg.4dfp.img
Writing: talsrcimg_g11.4dfp.img
image dimensions 256 256 256 padded to 288 288 288
processing volume 1freesurfer ifh2hdr.c
Fri Mar 13 06:25:40 2026
Writing: talsrcimg_g11.4dfp.hdr

Writing: talsrcimg_g11.4dfp.ifh
including: talsrcimg.4dfp.img.rec in talsrcimg_g11.4dfp.img.rec

---------------------------------------------------------------------
imgreg_4dfp /opt/freesurfer/average/711-2C_as_mni_average_305 none talsrcimg_g11 none talsrcimg_to_711-2C_as_mni_average_305_t4 4355
---------------------------------------------------------------------

freesurfer imgreg_4dfp.c
/opt/freesurfer/average/711-2C_as_mni_average_305.4dfp.img
       256       256       256         1
  1.000000  1.000000  1.000000
orientation T byte_order littleendian
Reading image: /opt/freesurfer/average/711-2C_as_mni_average_305.4dfp.img
dimensions:      256       256       256
mmppix:       1.0000   -1.0000   -1.0000
center:     128.0000 -129.0000 -129.0000
talsrcimg_g11.4dfp.img
       256       256       256         1
  1.000000  1.000000  1.000000
orientation T byte_order littleendian
Reading image: talsrcimg_g11.4dfp.img
dimensions:      256       256       256
mmppix:       1.0000   -1.0000   -1.0000
center:     128.0000 -129.0000 -129.0000
t4_read: open error in t4_sub.f l:  41 t4_file(1:l)talsrcimg_to_711-2C_as_mni_average_305_t4 
t4_read: transform initialized to I4
rotation matrix determinant  1.000000
image alignment mode   4355 decimal     1103 hex
   -7.5000  -45.0000  -45.0000 5005.2290   19.4621
    0.0000  -45.0000  -45.0000 5210.4131   19.4798
    7.5000  -45.0000  -45.0000 4997.5308   19.4510
   -7.5000  -37.5000  -45.0000 5512.9961   18.8496
    0.0000  -37.5000  -45.0000 5729.9624   18.8558
    7.5000  -37.5000  -45.0000 5493.4189   18.8233
   -7.5000  -30.0000  -45.0000 6286.0430   18.4626
    0.0000  -30.0000  -45.0000 6532.7905   18.4642
    7.5000  -30.0000  -45.0000 6268.7402   18.4307
   -7.5000  -22.5000  -45.0000 7129.2583   18.2996
    0.0000  -22.5000  -45.0000 7404.4858   18.3032
    7.5000  -22.5000  -45.0000 7108.6494   18.2723
   -7.5000  -15.0000  -45.0000 7973.3887   18.3036
    0.0000  -15.0000  -45.0000 8278.2646   18.3170
    7.5000  -15.0000  -45.0000 7926.5366   18.2905
   -7.5000   -7.5000  -45.0000 8872.9297   18.3218
    0.0000   -7.5000  -45.0000 9203.1338   18.3425
    7.5000   -7.5000  -45.0000 8800.0332   18.3196
   -7.5000    0.0000  -45.0000 9738.7021   18.3377
    0.0000    0.0000  -45.000010077.7217   18.3545
    7.5000    0.0000  -45.0000 9629.3848   18.3291
   -7.5000    7.5000  -45.0000 9789.5625   18.3303
    0.0000    7.5000  -45.000010107.1611   18.3379
    7.5000    7.5000  -45.0000 9657.4199   18.3067
   -7.5000   15.0000  -45.0000 9667.4277   18.3090
    0.0000   15.0000  -45.0000 9988.4277   18.3105
    7.5000   15.0000  -45.0000 9527.6572   18.2776
   -7.5000   22.5000  -45.0000 9499.5098   18.2956
    0.0000   22.5000  -45.0000 9812.6182   18.2992
    7.5000   22.5000  -45.0000 9380.6328   18.2683
   -7.5000   30.0000  -45.0000 9299.9092   18.0597
    0.0000   30.0000  -45.0000 9587.5449   18.0729
    7.5000   30.0000  -45.0000 9169.7852   18.0468
   -7.5000   37.5000  -45.0000 9427.8516   18.0777
    0.0000   37.5000  -45.0000 9746.0068   18.0980
    7.5000   37.5000  -45.0000 9334.3828   18.0755
   -7.5000   45.0000  -45.0000 9199.9844   17.6339
    0.0000   45.0000  -45.0000 9507.5293   17.6500
    7.5000   45.0000  -45.0000 9128.8164   17.6256
   -7.5000  -45.0000  -37.5000 5385.6670   19.3720
    0.0000  -45.0000  -37.5000 5614.9038   19.3863
    7.5000  -45.0000  -37.5000 5401.3438   19.3434
   -7.5000  -37.5000  -37.5000 5917.1919   18.7562
    0.0000  -37.5000  -37.5000 6150.8691   18.7642
    7.5000  -37.5000  -37.5000 5924.3130   18.7216
   -7.5000  -30.0000  -37.5000 6754.1499   18.3643
    0.0000  -30.0000  -37.5000 7008.0327   18.3695
    7.5000  -30.0000  -37.5000 6756.8145   18.3282
   -7.5000  -22.5000  -37.5000 7684.6421   18.2052
    0.0000  -22.5000  -37.5000 7972.8779   18.2080
    7.5000  -22.5000  -37.5000 7660.1387   18.1697
   -7.5000  -15.0000  -37.5000 8603.3975   18.2158
    0.0000  -15.0000  -37.5000 8927.2891   18.2234
    7.5000  -15.0000  -37.5000 8547.6572   18.1885
   -7.5000   -7.5000  -37.5000 9555.7803   18.2430
    0.0000   -7.5000  -37.5000 9923.8428   18.2562
    7.5000   -7.5000  -37.5000 9501.0439   18.2220
   -7.5000    0.0000  -37.500010457.4873   18.2599
    0.0000    0.0000  -37.500010848.8633   18.2728
    7.5000    0.0000  -37.500010373.7383   18.2350
   -7.5000    7.5000  -37.500010500.4434   18.2420
    0.0000    7.5000  -37.500010880.8496   18.2512
    7.5000    7.5000  -37.500010381.0293   18.2101
   -7.5000   15.0000  -37.500010377.6162   18.2128
    0.0000   15.0000  -37.500010757.5732   18.2177
    7.5000   15.0000  -37.500010224.3271   18.1769
   -7.5000   22.5000  -37.500010174.8789   18.2012
    0.0000   22.5000  -37.500010539.8291   18.2040
    7.5000   22.5000  -37.500010019.5566   18.1657
   -7.5000   30.0000  -37.5000 9908.2803   17.9730
    0.0000   30.0000  -37.500010269.1475   17.9806
    7.5000   30.0000  -37.5000 9764.8867   17.9461
   -7.5000   37.5000  -37.500010037.9473   17.9999
    0.0000   37.5000  -37.500010419.9688   18.0129
    7.5000   37.5000  -37.5000 9914.8467   17.9791
   -7.5000   45.0000  -37.5000 9809.2510   17.5591
    0.0000   45.0000  -37.500010157.1074   17.5715
    7.5000   45.0000  -37.5000 9683.2295   17.5351
   -7.5000  -45.0000  -30.0000 5898.6392   20.1733
    0.0000  -45.0000  -30.0000 6144.2998   20.1946
    7.5000  -45.0000  -30.0000 5897.9609   20.1355
   -7.5000  -37.5000  -30.0000 6484.8989   19.5332
    0.0000  -37.5000  -30.0000 6722.2378   19.5500
    7.5000  -37.5000  -30.0000 6459.7192   19.4928
   -7.5000  -30.0000  -30.0000 7401.0972   19.1229
    0.0000  -30.0000  -30.0000 7657.2002   19.1393
    7.5000  -30.0000  -30.0000 7355.8433   19.0828
   -7.5000  -22.5000  -30.0000 8398.5020   18.9572
    0.0000  -22.5000  -30.0000 8697.8711   18.9718
    7.5000  -22.5000  -30.0000 8335.9316   18.9178
   -7.5000  -15.0000  -30.0000 9402.5645   18.9686
    0.0000  -15.0000  -30.0000 9760.4375   18.9857
    7.5000  -15.0000  -30.0000 9328.8691   18.9350
   -7.5000   -7.5000  -30.000010433.1826   18.9995
    0.0000   -7.5000  -30.000010839.2529   19.0193
    7.5000   -7.5000  -30.000010346.4316   18.9694
   -7.5000    0.0000  -30.000011389.6230   19.0193
    0.0000    0.0000  -30.000011844.3730   19.0382
    7.5000    0.0000  -30.000011257.9805   18.9858
   -7.5000    7.5000  -30.000011420.6621   18.9979
    0.0000    7.5000  -30.000011857.6602   19.0155
    7.5000    7.5000  -30.000011276.8242   18.9604
   -7.5000   15.0000  -30.000011275.1670   18.9653
    0.0000   15.0000  -30.000011750.4180   18.9811
    7.5000   15.0000  -30.000011111.2695   18.9253
   -7.5000   22.5000  -30.000011072.2275   18.9510
    0.0000   22.5000  -30.000011546.5225   18.9657
    7.5000   22.5000  -30.000010882.5088   18.9117
   -7.5000   30.0000  -30.000010745.5908   18.7176
    0.0000   30.0000  -30.000011179.3994   18.7344
    7.5000   30.0000  -30.000010566.5459   18.6845
   -7.5000   37.5000  -30.000010852.8828   18.7481
    0.0000   37.5000  -30.000011266.6650   18.7676
    7.5000   37.5000  -30.000010671.1504   18.7184
   -7.5000   45.0000  -30.000010577.0850   18.3027
    0.0000   45.0000  -30.000010967.7480   18.3210
    7.5000   45.0000  -30.000010399.4180   18.2705
   -7.5000  -45.0000  -22.5000 6440.0972   20.8374
    0.0000  -45.0000  -22.5000 6700.4106   20.8709
    7.5000  -45.0000  -22.5000 6419.9380   20.8127
   -7.5000  -37.5000  -22.5000 7070.9180   20.1893
    0.0000  -37.5000  -22.5000 7346.1914   20.2127
    7.5000  -37.5000  -22.5000 7034.4346   20.1525
   -7.5000  -30.0000  -22.5000 8050.3989   19.7717
    0.0000  -30.0000  -22.5000 8371.0322   19.7947
    7.5000  -30.0000  -22.5000 8014.2485   19.7315
   -7.5000  -22.5000  -22.5000 9130.3252   19.5964
    0.0000  -22.5000  -22.5000 9504.6133   19.6242
    7.5000  -22.5000  -22.5000 9079.4990   19.5629
   -7.5000  -15.0000  -22.500010192.2139   19.6000
    0.0000  -15.0000  -22.500010632.3643   19.6353
    7.5000  -15.0000  -22.500010131.1367   19.5793
   -7.5000   -7.5000  -22.500011287.0166   19.6252
    0.0000   -7.5000  -22.500011778.9902   19.6618
    7.5000   -7.5000  -22.500011229.3105   19.6106
   -7.5000    0.0000  -22.500012325.9502   19.6481
    0.0000    0.0000  -22.500012855.6270   19.6787
    7.5000    0.0000  -22.500012212.7061   19.6267
   -7.5000    7.5000  -22.500012349.1709   19.6364
    0.0000    7.5000  -22.500012864.7080   19.6603
    7.5000    7.5000  -22.500012231.7725   19.6025
   -7.5000   15.0000  -22.500012196.8906   19.6084
    0.0000   15.0000  -22.500012776.6289   19.6308
    7.5000   15.0000  -22.500012053.5840   19.5684
   -7.5000   22.5000  -22.500011960.8506   19.5887
    0.0000   22.5000  -22.500012571.9746   19.6165
    7.5000   22.5000  -22.500011815.7812   19.5553
   -7.5000   30.0000  -22.500011597.3604   19.3436
    0.0000   30.0000  -22.500012146.0166   19.3785
    7.5000   30.0000  -22.500011430.6279   19.3231
   -7.5000   37.5000  -22.500011707.8105   19.3685
    0.0000   37.5000  -22.500012232.8789   19.4046
    7.5000   37.5000  -22.500011511.8145   19.3541
   -7.5000   45.0000  -22.500011352.4336   18.9221
    0.0000   45.0000  -22.500011821.2021   18.9516
    7.5000   45.0000  -22.500011157.6006   18.9015
   -7.5000  -45.0000  -15.0000 6979.3145   21.3239
    0.0000  -45.0000  -15.0000 7241.1006   21.3630
    7.5000  -45.0000  -15.0000 6921.4116   21.3184
   -7.5000  -37.5000  -15.0000 7674.7168   20.6728
    0.0000  -37.5000  -15.0000 7944.9409   20.6952
    7.5000  -37.5000  -15.0000 7597.2983   20.6433
   -7.5000  -30.0000  -15.0000 8743.8184   20.2537
    0.0000  -30.0000  -15.0000 9065.7910   20.2740
    7.5000  -30.0000  -15.0000 8674.9688   20.2164
   -7.5000  -22.5000  -15.0000 9883.0303   20.0695
    0.0000  -22.5000  -15.000010286.9082   20.1001
    7.5000  -22.5000  -15.0000 9835.6553   20.0455
   -7.5000  -15.0000  -15.000011011.0820   20.0641
    0.0000  -15.0000  -15.000011492.9297   20.1087
    7.5000  -15.0000  -15.000010959.9277   20.0616
   -7.5000   -7.5000  -15.000012168.9346   20.0811
    0.0000   -7.5000  -15.000012706.9121   20.1284
    7.5000   -7.5000  -15.000012124.6191   20.0890
   -7.5000    0.0000  -15.000013269.5322   20.1059
    0.0000    0.0000  -15.000013870.6299   20.1423
    7.5000    0.0000  -15.000013204.6699   20.1023
   -7.5000    7.5000  -15.000013304.0674   20.1068
    0.0000    7.5000  -15.000013909.6113   20.1298
    7.5000    7.5000  -15.000013229.3770   20.0799
   -7.5000   15.0000  -15.000013141.0625   20.0859
    0.0000   15.0000  -15.000013816.8799   20.1056
    7.5000   15.0000  -15.000013044.4199   20.0490
   -7.5000   22.5000  -15.000012842.5020   20.0607
    0.0000   22.5000  -15.000013535.1982   20.0914
    7.5000   22.5000  -15.000012747.1445   20.0367
   -7.5000   30.0000  -15.000012464.3936   19.8044
    0.0000   30.0000  -15.000013091.3438   19.8485
    7.5000   30.0000  -15.000012319.4648   19.8020
   -7.5000   37.5000  -15.000012590.9102   19.8212
    0.0000   37.5000  -15.000013192.8086   19.8679
    7.5000   37.5000  -15.000012383.0400   19.8290
   -7.5000   45.0000  -15.000012175.4199   19.3747
    0.0000   45.0000  -15.000012726.0684   19.4097
    7.5000   45.0000  -15.000011961.8086   19.3712
   -7.5000  -45.0000   -7.5000 7548.4961   21.5913
    0.0000  -45.0000   -7.5000 7823.2822   21.6225
    7.5000  -45.0000   -7.5000 7496.3706   21.5903
   -7.5000  -37.5000   -7.5000 8309.7490   20.9290
    0.0000  -37.5000   -7.5000 8601.8486   20.9433
    7.5000  -37.5000   -7.5000 8247.4697   20.9034
   -7.5000  -30.0000   -7.5000 9479.1309   20.5076
    0.0000  -30.0000   -7.5000 9835.1162   20.5177
    7.5000  -30.0000   -7.5000 9421.8467   20.4734
   -7.5000  -22.5000   -7.500010694.0615   20.3226
    0.0000  -22.5000   -7.500011143.8477   20.3410
    7.5000  -22.5000   -7.500010674.9648   20.2997
   -7.5000  -15.0000   -7.500011900.6816   20.3180
    0.0000  -15.0000   -7.500012415.1162   20.3510
    7.5000  -15.0000   -7.500011877.9238   20.3166
   -7.5000   -7.5000   -7.500013123.2832   20.3322
    0.0000   -7.5000   -7.500013715.3682   20.3709
    7.5000   -7.5000   -7.500013127.9844   20.3438
   -7.5000    0.0000   -7.500014315.5029   20.3533
    0.0000    0.0000   -7.500014939.5713   20.3829
    7.5000    0.0000   -7.500014293.5137   20.3541
   -7.5000    7.5000   -7.500014338.9590   20.3557
    0.0000    7.5000   -7.500015004.8965   20.3710
    7.5000    7.5000   -7.500014301.7031   20.3328
   -7.5000   15.0000   -7.500014161.8906   20.3376
    0.0000   15.0000   -7.500014902.5059   20.3474
    7.5000   15.0000   -7.500014108.2490   20.3039
   -7.5000   22.5000   -7.500013782.7500   20.3116
    0.0000   22.5000   -7.500014484.5371   20.3300
    7.5000   22.5000   -7.500013732.7695   20.2887
   -7.5000   30.0000   -7.500013356.1289   20.0545
    0.0000   30.0000   -7.500014000.0996   20.0871
    7.5000   30.0000   -7.500013242.7363   20.0531
   -7.5000   37.5000   -7.500013512.8418   20.0685
    0.0000   37.5000   -7.500014137.1396   20.1067
    7.5000   37.5000   -7.500013299.1211   20.0799
   -7.5000   45.0000   -7.500013041.9277   19.6167
    0.0000   45.0000   -7.500013623.1973   19.6453
    7.5000   45.0000   -7.500012798.9756   19.6175
   -7.5000  -45.0000    0.0000 8027.4482   21.6638
    0.0000  -45.0000    0.0000 8310.8301   21.6834
    7.5000  -45.0000    0.0000 7966.8687   21.6513
   -7.5000  -37.5000    0.0000 8886.3008   20.9858
    0.0000  -37.5000    0.0000 9220.8506   20.9925
    7.5000  -37.5000    0.0000 8814.8867   20.9564
   -7.5000  -30.0000    0.000010146.0498   20.5570
    0.0000  -30.0000    0.000010557.4854   20.5586
    7.5000  -30.0000    0.000010106.8555   20.5214
   -7.5000  -22.5000    0.000011443.5771   20.3762
    0.0000  -22.5000    0.000011932.5635   20.3800
    7.5000  -22.5000    0.000011432.5996   20.3456
   -7.5000  -15.0000    0.000012715.2012   20.3804
    0.0000  -15.0000    0.000013255.7256   20.3950
    7.5000  -15.0000    0.000012730.5977   20.3655
   -7.5000   -7.5000    0.000013974.2041   20.4007
    0.0000   -7.5000    0.000014590.3086   20.4233
    7.5000   -7.5000    0.000014049.7607   20.3978
   -7.5000    0.0000    0.000015226.1914   20.4186
    0.0000    0.0000    0.000015856.9717   20.4370
    7.5000    0.0000    0.000015284.4766   20.4087
   -7.5000    7.5000    0.000015270.7197   20.4105
    0.0000    7.5000    0.000016029.6289   20.4188
    7.5000    7.5000    0.000015320.1992   20.3841
   -7.5000   15.0000    0.000015056.9307   20.3869
    0.0000   15.0000    0.000015803.1494   20.3884
    7.5000   15.0000    0.000015084.6494   20.3518
   -7.5000   22.5000    0.000014605.1309   20.3652
    0.0000   22.5000    0.000015255.0146   20.3689
    7.5000   22.5000    0.000014631.6064   20.3346
   -7.5000   30.0000    0.000014160.0508   20.1166
    0.0000   30.0000    0.000014781.4287   20.1310
    7.5000   30.0000    0.000014129.5352   20.1020
   -7.5000   37.5000    0.000014295.1484   20.1367
    0.0000   37.5000    0.000014930.5479   20.1590
    7.5000   37.5000    0.000014208.6582   20.1338
   -7.5000   45.0000    0.000013764.2021   19.6811
    0.0000   45.0000    0.000014360.3447   19.6989
    7.5000   45.0000    0.000013619.5449   19.6716
   -7.5000  -45.0000    7.5000 7892.1758   21.6774
    0.0000  -45.0000    7.5000 8167.1924   21.6933
    7.5000  -45.0000    7.5000 7841.5088   21.6454
   -7.5000  -37.5000    7.5000 8744.0752   20.9884
    0.0000  -37.5000    7.5000 9075.4785   20.9973
    7.5000  -37.5000    7.5000 8672.3174   20.9496
   -7.5000  -30.0000    7.5000 9972.5801   20.5497
    0.0000  -30.0000    7.500010377.5547   20.5556
    7.5000  -30.0000    7.5000 9932.0938   20.5094
   -7.5000  -22.5000    7.500011254.9023   20.3717
    0.0000  -22.5000    7.500011738.3057   20.3749
    7.5000  -22.5000    7.500011258.1875   20.3320
   -7.5000  -15.0000    7.500012496.9092   20.3836
    0.0000  -15.0000    7.500013039.5078   20.3921
    7.5000  -15.0000    7.500012536.2773   20.3531
   -7.5000   -7.5000    7.500013721.9131   20.4140
    0.0000   -7.5000    7.500014330.7441   20.4288
    7.5000   -7.5000    7.500013847.1709   20.3905
   -7.5000    0.0000    7.500014978.6182   20.4330
    0.0000    0.0000    7.500015604.4375   20.4474
    7.5000    0.0000    7.500015126.3193   20.4051
   -7.5000    7.5000    7.500015062.3730   20.4129
    0.0000    7.5000    7.500015773.9248   20.4232
    7.5000    7.5000    7.500015234.2549   20.3773
   -7.5000   15.0000    7.500014754.1279   20.3802
    0.0000   15.0000    7.500015210.6299   20.3857
    7.5000   15.0000    7.500014863.5664   20.3401
   -7.5000   22.5000    7.500014255.6963   20.3606
    0.0000   22.5000    7.500014620.9268   20.3638
    7.5000   22.5000    7.500014318.0264   20.3210
   -7.5000   30.0000    7.500013853.6826   20.1198
    0.0000   30.0000    7.500014300.1787   20.1282
    7.5000   30.0000    7.500013872.8926   20.0897
   -7.5000   37.5000    7.500013979.2021   20.1498
    0.0000   37.5000    7.500014495.7910   20.1644
    7.5000   37.5000    7.500013985.7539   20.1266
   -7.5000   45.0000    7.500013433.1230   19.6951
    0.0000   45.0000    7.500013934.1572   19.7089
    7.5000   45.0000    7.500013367.4170   19.6681
   -7.5000  -45.0000   15.0000 7629.4077   21.6628
    0.0000  -45.0000   15.0000 7950.1499   21.6857
    7.5000  -45.0000   15.0000 7637.4800   21.6222
   -7.5000  -37.5000   15.0000 8510.7598   20.9754
    0.0000  -37.5000   15.0000 8860.8711   20.9935
    7.5000  -37.5000   15.0000 8491.7100   20.9321
   -7.5000  -30.0000   15.0000 9720.1895   20.5348
    0.0000  -30.0000   15.000010133.3271   20.5525
    7.5000  -30.0000   15.0000 9710.5928   20.4918
   -7.5000  -22.5000   15.000010929.6582   20.3569
    0.0000  -22.5000   15.000011402.9072   20.3726
    7.5000  -22.5000   15.000010956.1396   20.3146
   -7.5000  -15.0000   15.000012111.1562   20.3691
    0.0000  -15.0000   15.000012593.9473   20.3875
    7.5000  -15.0000   15.000012150.1475   20.3331
   -7.5000   -7.5000   15.000013273.8701   20.4023
    0.0000   -7.5000   15.000013789.4355   20.4235
    7.5000   -7.5000   15.000013370.0449   20.3701
   -7.5000    0.0000   15.000014436.1113   20.4236
    0.0000    0.0000   15.000014971.2305   20.4439
    7.5000    0.0000   15.000014574.4873   20.3876
   -7.5000    7.5000   15.000014477.5859   20.4006
    0.0000    7.5000   15.000014924.9766   20.4195
    7.5000    7.5000   15.000014595.3408   20.3604
   -7.5000   15.0000   15.000014113.8594   20.3656
    0.0000   15.0000   15.000014311.5430   20.3826
    7.5000   15.0000   15.000014236.7773   20.3227
   -7.5000   22.5000   15.000013611.5381   20.3458
    0.0000   22.5000   15.000013795.2510   20.3615
    7.5000   22.5000   15.000013741.4502   20.3035
   -7.5000   30.0000   15.000013307.7227   20.1055
    0.0000   30.0000   15.000013652.4502   20.1236
    7.5000   30.0000   15.000013393.6699   20.0699
   -7.5000   37.5000   15.000013502.5449   20.1383
    0.0000   37.5000   15.000013913.2549   20.1592
    7.5000   37.5000   15.000013540.0273   20.1064
   -7.5000   45.0000   15.000013025.2451   19.6860
    0.0000   45.0000   15.000013400.6357   19.7056
    7.5000   45.0000   15.000012950.3965   19.6513
   -7.5000  -45.0000   22.5000 7349.2979   21.6309
    0.0000  -45.0000   22.5000 7639.7192   21.6656
    7.5000  -45.0000   22.5000 7337.0078   21.6052
   -7.5000  -37.5000   22.5000 8147.3428   20.9581
    0.0000  -37.5000   22.5000 8474.0625   20.9824
    7.5000  -37.5000   22.5000 8125.9658   20.9199
   -7.5000  -30.0000   22.5000 9284.8018   20.5246
    0.0000  -30.0000   22.5000 9669.4775   20.5485
    7.5000  -30.0000   22.5000 9284.9482   20.4828
   -7.5000  -22.5000   22.500010471.3330   20.3426
    0.0000  -22.5000   22.500010901.4609   20.3715
    7.5000  -22.5000   22.500010501.8877   20.3079
   -7.5000  -15.0000   22.500011610.2764   20.3463
    0.0000  -15.0000   22.500012085.5762   20.3830
    7.5000  -15.0000   22.500011667.9658   20.3248
   -7.5000   -7.5000   22.500012718.1162   20.3725
    0.0000   -7.5000   22.500013227.6992   20.4105
    7.5000   -7.5000   22.500012830.9375   20.3574
   -7.5000    0.0000   22.500013777.9424   20.3963
    0.0000    0.0000   22.500014299.8311   20.4281
    7.5000    0.0000   22.500013928.0947   20.3741
   -7.5000    7.5000   22.500013768.7617   20.3842
    0.0000    7.5000   22.500014238.0986   20.4090
    7.5000    7.5000   22.500013892.3818   20.3490
   -7.5000   15.0000   22.500013605.4404   20.3551
    0.0000   15.0000   22.500013885.5244   20.3783
    7.5000   15.0000   22.500013631.4688   20.3135
   -7.5000   22.5000   22.500013297.8906   20.3315
    0.0000   22.5000   22.500013543.1758   20.3604
    7.5000   22.5000   22.500013301.6943   20.2968
   -7.5000   30.0000   22.500013009.3018   20.0830
    0.0000   30.0000   22.500013314.1719   20.1192
    7.5000   30.0000   22.500012972.0381   20.0618
   -7.5000   37.5000   22.500013161.7080   20.1089
    0.0000   37.5000   22.500013497.0000   20.1464
    7.5000   37.5000   22.500013060.1221   20.0939
   -7.5000   45.0000   22.500012579.6826   19.6597
    0.0000   45.0000   22.500012909.8799   19.6903
    7.5000   45.0000   22.500012431.8994   19.6383
   -7.5000  -45.0000   30.0000 6944.4810   21.6166
    0.0000  -45.0000   30.0000 7251.6279   21.6562
    7.5000  -45.0000   30.0000 6937.2974   21.6110
   -7.5000  -37.5000   30.0000 7696.7070   20.9565
    0.0000  -37.5000   30.0000 8013.9971   20.9792
    7.5000  -37.5000   30.0000 7678.5303   20.9266
   -7.5000  -30.0000   30.0000 8771.7627   20.5317
    0.0000  -30.0000   30.0000 9141.0068   20.5522
    7.5000  -30.0000   30.0000 8770.6768   20.4939
   -7.5000  -22.5000   30.0000 9914.7305   20.3449
    0.0000  -22.5000   30.000010331.7334   20.3760
    7.5000  -22.5000   30.0000 9896.6123   20.3206
   -7.5000  -15.0000   30.000011017.5703   20.3394
    0.0000  -15.0000   30.000011495.3496   20.3847
    7.5000  -15.0000   30.000010990.3242   20.3369
   -7.5000   -7.5000   30.000012079.4600   20.3567
    0.0000   -7.5000   30.000012639.7617   20.4046
    7.5000   -7.5000   30.000012063.1992   20.3647
   -7.5000    0.0000   30.000013122.3691   20.3818
    0.0000    0.0000   30.000013714.2119   20.4187
    7.5000    0.0000   30.000013081.5137   20.3781
   -7.5000    7.5000   30.000013146.9092   20.3827
    0.0000    7.5000   30.000013668.9912   20.4061
    7.5000    7.5000   30.000013045.3936   20.3555
   -7.5000   15.0000   30.000012979.8418   20.3615
    0.0000   15.0000   30.000013450.2627   20.3815
    7.5000   15.0000   30.000012822.8672   20.3242
   -7.5000   22.5000   30.000012705.9297   20.3338
    0.0000   22.5000   30.000013118.4229   20.3649
    7.5000   22.5000   30.000012558.8428   20.3095
   -7.5000   30.0000   30.000012359.9248   20.0762
    0.0000   30.0000   30.000012742.7754   20.1209
    7.5000   30.0000   30.000012219.9209   20.0737
   -7.5000   37.5000   30.000012441.6064   20.0932
    0.0000   37.5000   30.000012802.4023   20.1405
    7.5000   37.5000   30.000012316.6289   20.1011
   -7.5000   45.0000   30.000011859.6650   19.6457
    0.0000   45.0000   30.000012221.0420   19.6813
    7.5000   45.0000   30.000011737.3252   19.6422
   -7.5000  -45.0000   37.5000 6704.8462   21.6355
    0.0000  -45.0000   37.5000 6972.8540   21.6669
    7.5000  -45.0000   37.5000 6704.0088   21.6346
   -7.5000  -37.5000   37.5000 7436.8760   20.9719
    0.0000  -37.5000   37.5000 7719.3423   20.9862
    7.5000  -37.5000   37.5000 7418.6245   20.9462
   -7.5000  -30.0000   37.5000 8492.0146   20.5496
    0.0000  -30.0000   37.5000 8850.6279   20.5597
    7.5000  -30.0000   37.5000 8474.0352   20.5153
   -7.5000  -22.5000   37.5000 9604.0010   20.3642
    0.0000  -22.5000   37.500010052.3877   20.3827
    7.5000  -22.5000   37.5000 9571.7480   20.3413
   -7.5000  -15.0000   37.500010676.8730   20.3596
    0.0000  -15.0000   37.500011215.4277   20.3927
    7.5000  -15.0000   37.500010634.3252   20.3582
   -7.5000   -7.5000   37.500011718.4824   20.3738
    0.0000   -7.5000   37.500012332.9795   20.4126
    7.5000   -7.5000   37.500011676.5420   20.3854
   -7.5000    0.0000   37.500012686.2842   20.3950
    0.0000    0.0000   37.500013344.3359   20.4247
    7.5000    0.0000   37.500012646.7275   20.3958
   -7.5000    7.5000   37.500012670.5508   20.3973
    0.0000    7.5000   37.500013239.6924   20.4127
    7.5000    7.5000   37.500012597.6221   20.3744
   -7.5000   15.0000   37.500012492.9668   20.3792
    0.0000   15.0000   37.500013004.7998   20.3890
    7.5000   15.0000   37.500012427.0234   20.3454
   -7.5000   22.5000   37.500012198.1992   20.3532
    0.0000   22.5000   37.500012673.9404   20.3716
    7.5000   22.5000   37.500012146.6172   20.3303
   -7.5000   30.0000   37.500011835.9414   20.0961
    0.0000   30.0000   37.500012291.9326   20.1288
    7.5000   30.0000   37.500011820.3574   20.0947
   -7.5000   37.5000   37.500011948.6211   20.1102
    0.0000   37.5000   37.500012390.2109   20.1484
    7.5000   37.5000   37.500011925.2051   20.1216
   -7.5000   45.0000   37.500011417.0127   19.6584
    0.0000   45.0000   37.500011829.2441   19.6870
    7.5000   45.0000   37.500011341.4795   19.6592
   -7.5000  -45.0000   45.0000 6145.6992   21.6602
    0.0000  -45.0000   45.0000 6381.9810   21.6801
    7.5000  -45.0000   45.0000 6168.5664   21.6476
   -7.5000  -37.5000   45.0000 6829.6963   20.9784
    0.0000  -37.5000   45.0000 7067.8560   20.9852
    7.5000  -37.5000   45.0000 6820.8750   20.9486
   -7.5000  -30.0000   45.0000 7825.7729   20.5467
    0.0000  -30.0000   45.0000 8117.3145   20.5483
    7.5000  -30.0000   45.0000 7793.4619   20.5107
   -7.5000  -22.5000   45.0000 8836.4658   20.3643
    0.0000  -22.5000   45.0000 9206.2168   20.3681
    7.5000  -22.5000   45.0000 8811.1523   20.3334
   -7.5000  -15.0000   45.0000 9806.0898   20.3683
    0.0000  -15.0000   45.000010255.9395   20.3830
    7.5000  -15.0000   45.0000 9808.6582   20.3532
   -7.5000   -7.5000   45.000010735.6904   20.3890
    0.0000   -7.5000   45.000011246.2510   20.4119
    7.5000   -7.5000   45.000010774.6006   20.3861
   -7.5000    0.0000   45.000011581.5928   20.4076
    0.0000    0.0000   45.000012149.0811   20.4263
    7.5000    0.0000   45.000011636.9336   20.3976
   -7.5000    7.5000   45.000011550.8545   20.3997
    0.0000    7.5000   45.000012061.8936   20.4082
    7.5000    7.5000   45.000011593.3809   20.3731
   -7.5000   15.0000   45.000011377.6592   20.3756
    0.0000   15.0000   45.000011847.7354   20.3771
    7.5000   15.0000   45.000011407.1318   20.3401
   -7.5000   22.5000   45.000011116.7559   20.3532
    0.0000   22.5000   45.000011532.2949   20.3570
    7.5000   22.5000   45.000011131.4297   20.3223
   -7.5000   30.0000   45.000010786.1299   20.1029
    0.0000   30.0000   45.000011205.7666   20.1175
    7.5000   30.0000   45.000010829.9121   20.0881
   -7.5000   37.5000   45.000010904.5996   20.1234
    0.0000   37.5000   45.000011344.4199   20.1460
    7.5000   37.5000   45.000010957.7812   20.1205
   -7.5000   45.0000   45.000010444.7490   19.6795
    0.0000   45.0000   45.000010862.3516   19.6975
    7.5000   45.0000   45.000010449.2959   19.6698

---------------------------------------------------------------------
imgreg_4dfp /opt/freesurfer/average/711-2C_as_mni_average_305 /opt/freesurfer/average/711-2B_as_mni_average_305_mask talsrcimg_g11 none talsrcimg_to_711-2C_as_mni_average_305_t4 4355
---------------------------------------------------------------------

freesurfer imgreg_4dfp.c
/opt/freesurfer/average/711-2C_as_mni_average_305.4dfp.img
       256       256       256         1
  1.000000  1.000000  1.000000
orientation T byte_order littleendian
Reading image: /opt/freesurfer/average/711-2C_as_mni_average_305.4dfp.img
dimensions:      256       256       256
mmppix:       1.0000   -1.0000   -1.0000
center:     128.0000 -129.0000 -129.0000
/opt/freesurfer/average/711-2B_as_mni_average_305_mask.4dfp.img
       256       256       256         1
  1.000000  1.000000  1.000000
orientation T byte_order littleendian
Reading mask: /opt/freesurfer/average/711-2B_as_mni_average_305_mask.4dfp.img (2306576 pixels)
talsrcimg_g11.4dfp.img
       256       256       256         1
  1.000000  1.000000  1.000000
orientation T byte_order littleendian
Reading image: talsrcimg_g11.4dfp.img
dimensions:      256       256       256
mmppix:       1.0000   -1.0000   -1.0000
center:     128.0000 -129.0000 -129.0000
rotation matrix determinant  1.000000
image alignment mode   4355 decimal     1103 hex
   -7.5000  -37.5000  -45.0000 1617.4519   32.3508
    0.0000  -37.5000  -45.0000 1625.3740   31.9960
    7.5000  -37.5000  -45.0000 1609.9399   32.0262
   -7.5000  -30.0000  -45.0000 1742.2205   28.2180
    0.0000  -30.0000  -45.0000 1753.5334   27.8614
    7.5000  -30.0000  -45.0000 1738.6910   27.9884
   -7.5000  -22.5000  -45.0000 1863.4608   25.1214
    0.0000  -22.5000  -45.0000 1872.6832   24.7535
    7.5000  -22.5000  -45.0000 1859.3768   24.8380
   -7.5000  -15.0000  -45.0000 1954.7504   22.8535
    0.0000  -15.0000  -45.0000 1963.6426   22.5481
    7.5000  -15.0000  -45.0000 1946.5138   22.5097
   -7.5000   -7.5000  -45.0000 2036.8517   21.2494
    0.0000   -7.5000  -45.0000 2049.7708   21.0328
    7.5000   -7.5000  -45.0000 2032.2651   20.9844
   -7.5000    0.0000  -45.0000 2098.1301   20.0878
    0.0000    0.0000  -45.0000 2106.5332   19.8811
    7.5000    0.0000  -45.0000 2094.5442   19.8911
   -7.5000    7.5000  -45.0000 2136.8770   19.1709
    0.0000    7.5000  -45.0000 2140.7095   18.9498
    7.5000    7.5000  -45.0000 2133.7803   19.0305
   -7.5000   15.0000  -45.0000 2152.6189   18.6070
    0.0000   15.0000  -45.0000 2159.1650   18.3431
    7.5000   15.0000  -45.0000 2149.6448   18.5328
   -7.5000   22.5000  -45.0000 2148.0471   18.4702
    0.0000   22.5000  -45.0000 2160.6204   18.2826
    7.5000   22.5000  -45.0000 2154.3296   18.5065
   -7.5000   30.0000  -45.0000 2138.2798   18.7624
    0.0000   30.0000  -45.0000 2143.7683   18.5938
    7.5000   30.0000  -45.0000 2135.7117   18.9378
   -7.5000   37.5000  -45.0000 2107.3333   19.3725
    0.0000   37.5000  -45.0000 2121.1765   19.1620
    7.5000   37.5000  -45.0000 2109.0239   19.5052
   -7.5000   45.0000  -45.0000 2062.5435   20.2437
    0.0000   45.0000  -45.0000 2076.7400   19.9955
    7.5000   45.0000  -45.0000 2068.1331   20.3958
   -7.5000   52.5000  -45.0000 1988.2542   21.3593
    0.0000   52.5000  -45.0000 1997.7579   21.0293
    7.5000   52.5000  -45.0000 1991.8785   21.4674
   -7.5000  -37.5000  -37.5000 1692.3206   29.5233
    0.0000  -37.5000  -37.5000 1698.5748   29.3014
    7.5000  -37.5000  -37.5000 1689.1876   29.4250
   -7.5000  -30.0000  -37.5000 1821.3677   25.7483
    0.0000  -30.0000  -37.5000 1828.9907   25.4722
    7.5000  -30.0000  -37.5000 1820.4686   25.6557
   -7.5000  -22.5000  -37.5000 1955.1743   22.9832
    0.0000  -22.5000  -37.5000 1962.4984   22.6515
    7.5000  -22.5000  -37.5000 1946.1410   22.7311
   -7.5000  -15.0000  -37.5000 2055.0269   20.9375
    0.0000  -15.0000  -37.5000 2061.7334   20.6709
    7.5000  -15.0000  -37.5000 2041.3480   20.6639
   -7.5000   -7.5000  -37.5000 2141.7144   19.4404
    0.0000   -7.5000  -37.5000 2153.9954   19.2324
    7.5000   -7.5000  -37.5000 2133.5349   19.2005
   -7.5000    0.0000  -37.5000 2200.0552   18.2960
    0.0000    0.0000  -37.5000 2213.6208   18.1831
    7.5000    0.0000  -37.5000 2200.7517   18.1546
   -7.5000    7.5000  -37.5000 2236.5010   17.4816
    0.0000    7.5000  -37.5000 2247.5066   17.3636
    7.5000    7.5000  -37.5000 2239.3755   17.3106
   -7.5000   15.0000  -37.5000 2253.3137   17.0149
    0.0000   15.0000  -37.5000 2264.8516   16.8205
    7.5000   15.0000  -37.5000 2257.5190   16.8560
   -7.5000   22.5000  -37.5000 2250.3870   16.8940
    0.0000   22.5000  -37.5000 2264.7703   16.7113
    7.5000   22.5000  -37.5000 2255.1333   16.8226
   -7.5000   30.0000  -37.5000 2234.2385   17.0893
    0.0000   30.0000  -37.5000 2246.2556   16.9392
    7.5000   30.0000  -37.5000 2237.0679   17.1366
   -7.5000   37.5000  -37.5000 2210.4009   17.6221
    0.0000   37.5000  -37.5000 2229.0317   17.4361
    7.5000   37.5000  -37.5000 2215.3103   17.6831
   -7.5000   45.0000  -37.5000 2170.1748   18.3956
    0.0000   45.0000  -37.5000 2186.1458   18.1906
    7.5000   45.0000  -37.5000 2175.3376   18.4795
   -7.5000   52.5000  -37.5000 2092.3564   19.4740
    0.0000   52.5000  -37.5000 2103.6655   19.2058
    7.5000   52.5000  -37.5000 2096.5327   19.5741
   -7.5000  -37.5000  -30.0000 1798.0299   28.0561
    0.0000  -37.5000  -30.0000 1803.3236   27.8168
    7.5000  -37.5000  -30.0000 1792.9414   27.9269
   -7.5000  -30.0000  -30.0000 1933.4760   24.5363
    0.0000  -30.0000  -30.0000 1940.6051   24.3216
    7.5000  -30.0000  -30.0000 1926.0909   24.3555
   -7.5000  -22.5000  -30.0000 2067.1440   21.8898
    0.0000  -22.5000  -30.0000 2074.2151   21.6309
    7.5000  -22.5000  -30.0000 2058.5239   21.5973
   -7.5000  -15.0000  -30.0000 2178.8887   19.8666
    0.0000  -15.0000  -30.0000 2186.5317   19.6272
    7.5000  -15.0000  -30.0000 2168.1147   19.5843
   -7.5000   -7.5000  -30.0000 2276.1267   18.3678
    0.0000   -7.5000  -30.0000 2285.9707   18.2021
    7.5000   -7.5000  -30.0000 2264.7170   18.1729
   -7.5000    0.0000  -30.0000 2337.6694   17.2798
    0.0000    0.0000  -30.0000 2354.0039   17.1877
    7.5000    0.0000  -30.0000 2329.9692   17.1398
   -7.5000    7.5000  -30.0000 2376.3108   16.4754
    0.0000    7.5000  -30.0000 2393.5659   16.4375
    7.5000    7.5000  -30.0000 2375.4834   16.3474
   -7.5000   15.0000  -30.0000 2399.0579   16.0178
    0.0000   15.0000  -30.0000 2417.7761   15.9561
    7.5000   15.0000  -30.0000 2400.6270   15.8941
   -7.5000   22.5000  -30.0000 2408.8235   15.9330
    0.0000   22.5000  -30.0000 2425.4324   15.8058
    7.5000   22.5000  -30.0000 2407.5518   15.8178
   -7.5000   30.0000  -30.0000 2390.9258   16.1016
    0.0000   30.0000  -30.0000 2406.7139   16.0348
    7.5000   30.0000  -30.0000 2394.2639   16.0832
   -7.5000   37.5000  -30.0000 2364.5498   16.6054
    0.0000   37.5000  -30.0000 2383.8000   16.4811
    7.5000   37.5000  -30.0000 2370.5259   16.5954
   -7.5000   45.0000  -30.0000 2321.8035   17.3879
    0.0000   45.0000  -30.0000 2337.7393   17.2284
    7.5000   45.0000  -30.0000 2325.7368   17.4076
   -7.5000   52.5000  -30.0000 2240.9072   18.4921
    0.0000   52.5000  -30.0000 2253.8306   18.2742
    7.5000   52.5000  -30.0000 2239.1526   18.5295
   -7.5000  -37.5000  -22.5000 1880.3652   26.5596
    0.0000  -37.5000  -22.5000 1889.5647   26.3249
    7.5000  -37.5000  -22.5000 1876.8898   26.3588
   -7.5000  -30.0000  -22.5000 2020.1733   23.1620
    0.0000  -30.0000  -22.5000 2032.4850   23.0212
    7.5000  -30.0000  -22.5000 2016.3201   23.0438
   -7.5000  -22.5000  -22.5000 2160.6877   20.6027
    0.0000  -22.5000  -22.5000 2172.1021   20.4515
    7.5000  -22.5000  -22.5000 2152.3689   20.4341
   -7.5000  -15.0000  -22.5000 2273.8589   18.6182
    0.0000  -15.0000  -22.5000 2288.2576   18.4979
    7.5000  -15.0000  -22.5000 2262.9451   18.4769
   -7.5000   -7.5000  -22.5000 2375.5657   17.1467
    0.0000   -7.5000  -22.5000 2390.1572   17.0871
    7.5000   -7.5000  -22.5000 2366.3496   17.0631
   -7.5000    0.0000  -22.5000 2453.1277   16.0866
    0.0000    0.0000  -22.5000 2467.3311   16.0438
    7.5000    0.0000  -22.5000 2443.3452   16.0276
   -7.5000    7.5000  -22.5000 2494.6772   15.3590
    0.0000    7.5000  -22.5000 2513.8081   15.3652
    7.5000    7.5000  -22.5000 2494.7524   15.2819
   -7.5000   15.0000  -22.5000 2525.5713   14.9151
    0.0000   15.0000  -22.5000 2547.4211   14.9367
    7.5000   15.0000  -22.5000 2526.7288   14.8352
   -7.5000   22.5000  -22.5000 2544.2915   14.8207
    0.0000   22.5000  -22.5000 2565.2844   14.7740
    7.5000   22.5000  -22.5000 2546.1279   14.7401
   -7.5000   30.0000  -22.5000 2529.6121   15.0135
    0.0000   30.0000  -22.5000 2550.6794   14.9743
    7.5000   30.0000  -22.5000 2534.3740   14.9556
   -7.5000   37.5000  -22.5000 2503.3826   15.5126
    0.0000   37.5000  -22.5000 2525.4963   15.4327
    7.5000   37.5000  -22.5000 2507.4214   15.5044
   -7.5000   45.0000  -22.5000 2456.0181   16.3375
    0.0000   45.0000  -22.5000 2474.9280   16.2288
    7.5000   45.0000  -22.5000 2456.2661   16.3233
   -7.5000   52.5000  -22.5000 2363.2798   17.3970
    0.0000   52.5000  -22.5000 2378.4434   17.2374
    7.5000   52.5000  -22.5000 2362.1084   17.3782
   -7.5000  -37.5000  -15.0000 1935.4987   25.1107
    0.0000  -37.5000  -15.0000 1940.6378   24.8370
    7.5000  -37.5000  -15.0000 1924.6466   25.0469
   -7.5000  -30.0000  -15.0000 2082.7800   21.9092
    0.0000  -30.0000  -15.0000 2089.2205   21.7427
    7.5000  -30.0000  -15.0000 2070.8577   21.9209
   -7.5000  -22.5000  -15.0000 2227.4722   19.4323
    0.0000  -22.5000  -15.0000 2231.6997   19.3035
    7.5000  -22.5000  -15.0000 2214.5764   19.4540
   -7.5000  -15.0000  -15.0000 2339.3005   17.4624
    0.0000  -15.0000  -15.0000 2350.0024   17.3998
    7.5000  -15.0000  -15.0000 2329.2102   17.5088
   -7.5000   -7.5000  -15.0000 2448.1733   16.0409
    0.0000   -7.5000  -15.0000 2460.6526   16.0347
    7.5000   -7.5000  -15.0000 2439.7480   16.0968
   -7.5000    0.0000  -15.0000 2533.0120   15.0213
    0.0000    0.0000  -15.0000 2551.6736   15.0210
    7.5000    0.0000  -15.0000 2526.6060   15.0556
   -7.5000    7.5000  -15.0000 2590.4314   14.2857
    0.0000    7.5000  -15.0000 2613.2178   14.2936
    7.5000    7.5000  -15.0000 2592.7490   14.2990
   -7.5000   15.0000  -15.0000 2628.6118   13.8461
    0.0000   15.0000  -15.0000 2654.7598   13.8989
    7.5000   15.0000  -15.0000 2630.2593   13.8638
   -7.5000   22.5000  -15.0000 2654.7461   13.7296
    0.0000   22.5000  -15.0000 2680.8025   13.7563
    7.5000   22.5000  -15.0000 2657.8413   13.7250
   -7.5000   30.0000  -15.0000 2646.8660   13.9580
    0.0000   30.0000  -15.0000 2671.6799   13.9460
    7.5000   30.0000  -15.0000 2647.9609   13.9282
   -7.5000   37.5000  -15.0000 2621.1345   14.4691
    0.0000   37.5000  -15.0000 2645.5601   14.4428
    7.5000   37.5000  -15.0000 2618.0503   14.4574
   -7.5000   45.0000  -15.0000 2560.7808   15.3053
    0.0000   45.0000  -15.0000 2584.9482   15.2473
    7.5000   45.0000  -15.0000 2560.0483   15.3022
   -7.5000   52.5000  -15.0000 2459.0923   16.3327
    0.0000   52.5000  -15.0000 2480.4785   16.2251
    7.5000   52.5000  -15.0000 2457.4912   16.3259
   -7.5000  -37.5000   -7.5000 1973.7958   23.8398
    0.0000  -37.5000   -7.5000 1976.4661   23.6184
    7.5000  -37.5000   -7.5000 1971.6885   24.0771
   -7.5000  -30.0000   -7.5000 2130.1272   20.7965
    0.0000  -30.0000   -7.5000 2135.7209   20.6474
    7.5000  -30.0000   -7.5000 2126.0173   21.0173
   -7.5000  -22.5000   -7.5000 2273.9524   18.4392
    0.0000  -22.5000   -7.5000 2281.3359   18.3024
    7.5000  -22.5000   -7.5000 2271.7649   18.5833
   -7.5000  -15.0000   -7.5000 2389.2256   16.5767
    0.0000  -15.0000   -7.5000 2397.2114   16.4581
    7.5000  -15.0000   -7.5000 2386.2312   16.7131
   -7.5000   -7.5000   -7.5000 2494.9680   15.1785
    0.0000   -7.5000   -7.5000 2511.6716   15.1055
    7.5000   -7.5000   -7.5000 2502.3606   15.2874
   -7.5000    0.0000   -7.5000 2592.4453   14.1203
    0.0000    0.0000   -7.5000 2613.7229   14.0806
    7.5000    0.0000   -7.5000 2597.1323   14.2105
   -7.5000    7.5000   -7.5000 2666.1648   13.3566
    0.0000    7.5000   -7.5000 2696.1436   13.3372
    7.5000    7.5000   -7.5000 2674.8228   13.4292
   -7.5000   15.0000   -7.5000 2720.8611   12.8958
    0.0000   15.0000   -7.5000 2754.2212   12.9145
    7.5000   15.0000   -7.5000 2724.2869   12.9406
   -7.5000   22.5000   -7.5000 2749.8530   12.7692
    0.0000   22.5000   -7.5000 2785.0334   12.7919
    7.5000   22.5000   -7.5000 2754.9756   12.8039
   -7.5000   30.0000   -7.5000 2745.8010   12.9767
    0.0000   30.0000   -7.5000 2779.2224   12.9847
    7.5000   30.0000   -7.5000 2751.5796   13.0161
   -7.5000   37.5000   -7.5000 2721.1672   13.5365
    0.0000   37.5000   -7.5000 2749.7427   13.5114
    7.5000   37.5000   -7.5000 2721.5957   13.5813
   -7.5000   45.0000   -7.5000 2653.1116   14.3848
    0.0000   45.0000   -7.5000 2681.5325   14.3101
    7.5000   45.0000   -7.5000 2657.6787   14.4015
   -7.5000   52.5000   -7.5000 2537.2283   15.4030
    0.0000   52.5000   -7.5000 2564.4536   15.3144
    7.5000   52.5000   -7.5000 2542.4243   15.4256
   -7.5000  -37.5000    0.0000 2002.6772   23.0787
    0.0000  -37.5000    0.0000 2008.8801   22.8204
    7.5000  -37.5000    0.0000 2000.7631   23.3654
   -7.5000  -30.0000    0.0000 2164.3125   20.0520
    0.0000  -30.0000    0.0000 2175.0034   19.8874
    7.5000  -30.0000    0.0000 2166.4863   20.3786
   -7.5000  -22.5000    0.0000 2305.4919   17.7279
    0.0000  -22.5000    0.0000 2316.8948   17.5649
    7.5000  -22.5000    0.0000 2310.4355   17.9771
   -7.5000  -15.0000    0.0000 2424.2598   15.9324
    0.0000  -15.0000    0.0000 2430.2842   15.7582
    7.5000  -15.0000    0.0000 2425.4236   16.1126
   -7.5000   -7.5000    0.0000 2528.8557   14.5378
    0.0000   -7.5000    0.0000 2545.5840   14.3929
    7.5000   -7.5000    0.0000 2546.8335   14.6918
   -7.5000    0.0000    0.0000 2628.6404   13.4947
    0.0000    0.0000    0.0000 2652.9741   13.3620
    7.5000    0.0000    0.0000 2645.1504   13.6171
   -7.5000    7.5000    0.0000 2720.1443   12.6979
    0.0000    7.5000    0.0000 2755.6238   12.5966
    7.5000    7.5000    0.0000 2736.6250   12.7950
   -7.5000   15.0000    0.0000 2796.9429   12.1627
    0.0000   15.0000    0.0000 2833.8230   12.1030
    7.5000   15.0000    0.0000 2800.5193   12.2376
   -7.5000   22.5000    0.0000 2838.7092   12.0143
    0.0000   22.5000    0.0000 2872.3215   11.9488
    7.5000   22.5000    0.0000 2841.0732   12.0703
   -7.5000   30.0000    0.0000 2836.9185   12.2617
    0.0000   30.0000    0.0000 2870.8738   12.2098
    7.5000   30.0000    0.0000 2842.0542   12.3150
   -7.5000   37.5000    0.0000 2801.3708   12.8398
    0.0000   37.5000    0.0000 2833.8320   12.7673
    7.5000   37.5000    0.0000 2809.4021   12.8821
   -7.5000   45.0000    0.0000 2725.6096   13.6979
    0.0000   45.0000    0.0000 2755.8354   13.6209
    7.5000   45.0000    0.0000 2734.8594   13.7305
   -7.5000   52.5000    0.0000 2604.1541   14.7494
    0.0000   52.5000    0.0000 2625.9575   14.6621
    7.5000   52.5000    0.0000 2604.6824   14.7698
   -7.5000  -37.5000    7.5000 2022.0330   22.5362
    0.0000  -37.5000    7.5000 2030.0033   22.3241
    7.5000  -37.5000    7.5000 2022.0214   22.7891
   -7.5000  -30.0000    7.5000 2179.9319   19.5312
    0.0000  -30.0000    7.5000 2193.2402   19.3928
    7.5000  -30.0000    7.5000 2185.1702   19.8417
   -7.5000  -22.5000    7.5000 2322.2205   17.2877
    0.0000  -22.5000    7.5000 2335.0281   17.1078
    7.5000  -22.5000    7.5000 2332.3823   17.5245
   -7.5000  -15.0000    7.5000 2443.2437   15.5329
    0.0000  -15.0000    7.5000 2450.5969   15.3383
    7.5000  -15.0000    7.5000 2448.7336   15.7331
   -7.5000   -7.5000    7.5000 2555.3633   14.1428
    0.0000   -7.5000    7.5000 2568.5486   13.9462
    7.5000   -7.5000    7.5000 2571.8315   14.3193
   -7.5000    0.0000    7.5000 2659.1741   13.0734
    0.0000    0.0000    7.5000 2674.2366   12.8608
    7.5000    0.0000    7.5000 2677.8381   13.2213
   -7.5000    7.5000    7.5000 2763.0510   12.2856
    0.0000    7.5000    7.5000 2784.2651   12.0527
    7.5000    7.5000    7.5000 2780.9131   12.3839
   -7.5000   15.0000    7.5000 2852.9592   11.7101
    0.0000   15.0000    7.5000 2885.4023   11.5079
    7.5000   15.0000    7.5000 2857.1907   11.8106
   -7.5000   22.5000    7.5000 2906.7676   11.4526
    0.0000   22.5000    7.5000 2934.3625   11.2013
    7.5000   22.5000    7.5000 2905.3037   11.5287
   -7.5000   30.0000    7.5000 2900.2261   11.8184
    0.0000   30.0000    7.5000 2935.5156   11.6192
    7.5000   30.0000    7.5000 2902.6826   11.8278
   -7.5000   37.5000    7.5000 2857.6309   12.4572
    0.0000   37.5000    7.5000 2893.8301   12.3625
    7.5000   37.5000    7.5000 2867.5715   12.4892
   -7.5000   45.0000    7.5000 2778.9551   13.3156
    0.0000   45.0000    7.5000 2806.5056   13.2249
    7.5000   45.0000    7.5000 2783.6572   13.3513
   -7.5000   52.5000    7.5000 2647.6716   14.3459
    0.0000   52.5000    7.5000 2669.0920   14.2718
    7.5000   52.5000    7.5000 2651.4456   14.4208
   -7.5000  -37.5000   15.0000 2016.8606   22.3557
    0.0000  -37.5000   15.0000 2031.6458   22.1844
    7.5000  -37.5000   15.0000 2033.4315   22.7505
   -7.5000  -30.0000   15.0000 2183.0269   19.4077
    0.0000  -30.0000   15.0000 2198.7239   19.1815
    7.5000  -30.0000   15.0000 2195.0686   19.6606
   -7.5000  -22.5000   15.0000 2322.5408   17.0796
    0.0000  -22.5000   15.0000 2338.9812   16.8413
    7.5000  -22.5000   15.0000 2336.8472   17.2990
   -7.5000  -15.0000   15.0000 2439.3130   15.3121
    0.0000  -15.0000   15.0000 2452.6807   15.0440
    7.5000  -15.0000   15.0000 2449.5747   15.4922
   -7.5000   -7.5000   15.0000 2549.0437   13.9512
    0.0000   -7.5000   15.0000 2563.7148   13.6362
    7.5000   -7.5000   15.0000 2564.5251   14.0983
   -7.5000    0.0000   15.0000 2653.6865   12.8821
    0.0000    0.0000   15.0000 2663.0427   12.5499
    7.5000    0.0000   15.0000 2671.5369   13.0190
   -7.5000    7.5000   15.0000 2759.7114   12.0563
    0.0000    7.5000   15.0000 2770.1580   11.7476
    7.5000    7.5000   15.0000 2776.2754   12.1561
   -7.5000   15.0000   15.0000 2850.8123   11.4637
    0.0000   15.0000   15.0000 2867.1672   11.1083
    7.5000   15.0000   15.0000 2859.7207   11.5393
   -7.5000   22.5000   15.0000 2913.9993   11.1885
    0.0000   22.5000   15.0000 2925.8379   10.8354
    7.5000   22.5000   15.0000 2912.4561   11.3088
   -7.5000   30.0000   15.0000 2924.4495   11.5363
    0.0000   30.0000   15.0000 2954.7793   11.3323
    7.5000   30.0000   15.0000 2925.4910   11.6443
   -7.5000   37.5000   15.0000 2879.2124   12.3099
    0.0000   37.5000   15.0000 2910.2063   12.1825
    7.5000   37.5000   15.0000 2879.8123   12.3653
   -7.5000   45.0000   15.0000 2799.1489   13.2173
    0.0000   45.0000   15.0000 2822.4353   13.0949
    7.5000   45.0000   15.0000 2796.2595   13.2238
   -7.5000   52.5000   15.0000 2657.2681   14.2446
    0.0000   52.5000   15.0000 2679.9487   14.1193
    7.5000   52.5000   15.0000 2658.1377   14.2524
   -7.5000  -37.5000   22.5000 1993.7793   22.5165
    0.0000  -37.5000   22.5000 2009.5922   22.1486
    7.5000  -37.5000   22.5000 2012.7347   22.7134
   -7.5000  -30.0000   22.5000 2165.3276   19.4605
    0.0000  -30.0000   22.5000 2175.0544   19.1762
    7.5000  -30.0000   22.5000 2174.2739   19.6431
   -7.5000  -22.5000   22.5000 2312.5906   17.1030
    0.0000  -22.5000   22.5000 2324.0935   16.8627
    7.5000  -22.5000   22.5000 2319.5315   17.3162
   -7.5000  -15.0000   22.5000 2429.3835   15.3224
    0.0000  -15.0000   22.5000 2442.9841   15.0739
    7.5000  -15.0000   22.5000 2436.4746   15.5221
   -7.5000   -7.5000   22.5000 2537.9131   13.9732
    0.0000   -7.5000   22.5000 2556.5315   13.6858
    7.5000   -7.5000   22.5000 2554.8472   14.1340
   -7.5000    0.0000   22.5000 2643.7834   12.9280
    0.0000    0.0000   22.5000 2661.0474   12.6229
    7.5000    0.0000   22.5000 2664.4004   13.0736
   -7.5000    7.5000   22.5000 2747.4585   12.1773
    0.0000    7.5000   22.5000 2765.9956   11.8418
    7.5000    7.5000   22.5000 2769.8757   12.2383
   -7.5000   15.0000   22.5000 2841.2910   11.6736
    0.0000   15.0000   22.5000 2851.8647   11.2722
    7.5000   15.0000   22.5000 2850.3247   11.6674
   -7.5000   22.5000   22.5000 2898.8569   11.4879
    0.0000   22.5000   22.5000 2915.7136   11.1759
    7.5000   22.5000   22.5000 2907.7139   11.4759
   -7.5000   30.0000   22.5000 2907.5813   11.7782
    0.0000   30.0000   22.5000 2939.3152   11.5314
    7.5000   30.0000   22.5000 2915.8049   11.7936
   -7.5000   37.5000   22.5000 2865.9133   12.4451
    0.0000   37.5000   22.5000 2891.1228   12.2644
    7.5000   37.5000   22.5000 2864.6919   12.4505
   -7.5000   45.0000   22.5000 2778.9817   13.2775
    0.0000   45.0000   22.5000 2804.3042   13.1056
    7.5000   45.0000   22.5000 2782.0486   13.2524
   -7.5000   52.5000   22.5000 2638.9058   14.2459
    0.0000   52.5000   22.5000 2664.1794   14.0967
    7.5000   52.5000   22.5000 2640.5701   14.2258
   -7.5000  -37.5000   30.0000 1970.3420   23.1359
    0.0000  -37.5000   30.0000 1986.7314   22.7875
    7.5000  -37.5000   30.0000 1989.1791   23.2340
   -7.5000  -30.0000   30.0000 2134.5349   19.9339
    0.0000  -30.0000   30.0000 2154.8235   19.6616
    7.5000  -30.0000   30.0000 2152.9187   20.0614
   -7.5000  -22.5000   30.0000 2287.9771   17.5121
    0.0000  -22.5000   30.0000 2310.2756   17.2596
    7.5000  -22.5000   30.0000 2302.1497   17.6204
   -7.5000  -15.0000   30.0000 2410.2000   15.7054
    0.0000  -15.0000   30.0000 2432.9885   15.4726
    7.5000  -15.0000   30.0000 2420.2031   15.7925
   -7.5000   -7.5000   30.0000 2518.9663   14.3764
    0.0000   -7.5000   30.0000 2548.4243   14.1697
    7.5000   -7.5000   30.0000 2534.3667   14.4318
   -7.5000    0.0000   30.0000 2624.2388   13.4032
    0.0000    0.0000   30.0000 2655.6594   13.1871
    7.5000    0.0000   30.0000 2640.0977   13.4201
   -7.5000    7.5000   30.0000 2723.4663   12.6785
    0.0000    7.5000   30.0000 2749.1055   12.3854
    7.5000    7.5000   30.0000 2739.3694   12.6227
   -7.5000   15.0000   30.0000 2809.0039   12.1578
    0.0000   15.0000   30.0000 2826.2173   11.9010
    7.5000   15.0000   30.0000 2808.6726   12.1057
   -7.5000   22.5000   30.0000 2855.8394   11.9917
    0.0000   22.5000   30.0000 2868.3267   11.7975
    7.5000   22.5000   30.0000 2858.9341   11.9410
   -7.5000   30.0000   30.0000 2846.6443   12.2365
    0.0000   30.0000   30.0000 2873.0273   12.0446
    7.5000   30.0000   30.0000 2857.4976   12.1776
   -7.5000   37.5000   30.0000 2802.5991   12.7686
    0.0000   37.5000   30.0000 2829.0024   12.6162
    7.5000   37.5000   30.0000 2812.1440   12.7632
   -7.5000   45.0000   30.0000 2723.8352   13.5945
    0.0000   45.0000   30.0000 2750.5874   13.4430
    7.5000   45.0000   30.0000 2734.2603   13.5585
   -7.5000   52.5000   30.0000 2593.1655   14.5516
    0.0000   52.5000   30.0000 2620.9373   14.3951
    7.5000   52.5000   30.0000 2600.5242   14.5015
   -7.5000  -37.5000   37.5000 1937.9542   24.0459
    0.0000  -37.5000   37.5000 1952.2150   23.6332
    7.5000  -37.5000   37.5000 1956.4792   24.0887
   -7.5000  -30.0000   37.5000 2107.2771   20.8132
    0.0000  -30.0000   37.5000 2122.6345   20.4622
    7.5000  -30.0000   37.5000 2121.5596   20.7921
   -7.5000  -22.5000   37.5000 2259.8191   18.3762
    0.0000  -22.5000   37.5000 2280.1536   18.1372
    7.5000  -22.5000   37.5000 2265.4172   18.3231
   -7.5000  -15.0000   37.5000 2380.0662   16.5484
    0.0000  -15.0000   37.5000 2407.8513   16.3784
    7.5000  -15.0000   37.5000 2384.0327   16.4875
   -7.5000   -7.5000   37.5000 2486.1306   15.1500
    0.0000   -7.5000   37.5000 2523.1401   15.0311
    7.5000   -7.5000   37.5000 2495.9619   15.1044
   -7.5000    0.0000   37.5000 2583.8711   14.1130
    0.0000    0.0000   37.5000 2622.7998   13.9502
    7.5000    0.0000   37.5000 2600.1719   14.0692
   -7.5000    7.5000   37.5000 2671.3955   13.3528
    0.0000    7.5000   37.5000 2707.2544   13.1085
    7.5000    7.5000   37.5000 2688.8359   13.2814
   -7.5000   15.0000   37.5000 2745.3259   12.8446
    0.0000   15.0000   37.5000 2767.9961   12.6254
    7.5000   15.0000   37.5000 2751.2878   12.7822
   -7.5000   22.5000   37.5000 2784.3066   12.6938
    0.0000   22.5000   37.5000 2795.5142   12.4577
    7.5000   22.5000   37.5000 2783.0874   12.6042
   -7.5000   30.0000   37.5000 2765.0078   12.9056
    0.0000   30.0000   37.5000 2786.8086   12.6869
    7.5000   30.0000   37.5000 2774.9231   12.7997
   -7.5000   37.5000   37.5000 2722.8909   13.3533
    0.0000   37.5000   37.5000 2743.1174   13.2075
    7.5000   37.5000   37.5000 2733.5012   13.3470
   -7.5000   45.0000   37.5000 2644.6475   14.1015
    0.0000   45.0000   37.5000 2670.5537   13.9809
    7.5000   45.0000   37.5000 2651.3145   14.0812
   -7.5000   52.5000   37.5000 2522.8416   15.0609
    0.0000   52.5000   37.5000 2553.2131   14.9408
    7.5000   52.5000   37.5000 2534.6851   15.0052
   -7.5000  -37.5000   45.0000 1898.6033   25.2332
    0.0000  -37.5000   45.0000 1903.9994   24.7139
    7.5000  -37.5000   45.0000 1910.9763   25.1749
   -7.5000  -30.0000   45.0000 2068.7327   21.8868
    0.0000  -30.0000   45.0000 2078.9429   21.5110
    7.5000  -30.0000   45.0000 2074.1108   21.7693
   -7.5000  -22.5000   45.0000 2214.3811   19.3778
    0.0000  -22.5000   45.0000 2236.4355   19.0976
    7.5000  -22.5000   45.0000 2219.1785   19.2414
   -7.5000  -15.0000   45.0000 2332.5276   17.4639
    0.0000  -15.0000   45.0000 2360.6597   17.2682
    7.5000  -15.0000   45.0000 2339.2729   17.3754
   -7.5000   -7.5000   45.0000 2438.2559   16.0505
    0.0000   -7.5000   45.0000 2468.8662   15.8603
    7.5000   -7.5000   45.0000 2447.5596   15.9818
   -7.5000    0.0000   45.0000 2519.5398   14.9564
    0.0000    0.0000   45.0000 2558.4089   14.7644
    7.5000    0.0000   45.0000 2538.5244   14.9184
   -7.5000    7.5000   45.0000 2600.7720   14.1622
    0.0000    7.5000   45.0000 2638.0110   13.9495
    7.5000    7.5000   45.0000 2618.9492   14.1117
   -7.5000   15.0000   45.0000 2659.6274   13.6393
    0.0000   15.0000   45.0000 2679.7241   13.4569
    7.5000   15.0000   45.0000 2665.6455   13.6041
   -7.5000   22.5000   45.0000 2685.5676   13.5290
    0.0000   22.5000   45.0000 2693.3701   13.2847
    7.5000   22.5000   45.0000 2679.6045   13.4291
   -7.5000   30.0000   45.0000 2668.3735   13.7059
    0.0000   30.0000   45.0000 2685.0930   13.4824
    7.5000   30.0000   45.0000 2672.6675   13.5967
   -7.5000   37.5000   45.0000 2629.8970   14.1580
    0.0000   37.5000   45.0000 2652.2878   13.9917
    7.5000   37.5000   45.0000 2638.7461   14.1176
   -7.5000   45.0000   45.0000 2559.1895   14.8948
    0.0000   45.0000   45.0000 2582.0403   14.7430
    7.5000   45.0000   45.0000 2565.7832   14.8406
   -7.5000   52.5000   45.0000 2443.8855   15.7761
    0.0000   52.5000   45.0000 2466.2034   15.6542
    7.5000   52.5000   45.0000 2451.8240   15.7180

---------------------------------------------------------------------
imgreg_4dfp /opt/freesurfer/average/711-2C_as_mni_average_305 /opt/freesurfer/average/711-2B_as_mni_average_305_mask talsrcimg_g11 none talsrcimg_to_711-2C_as_mni_average_305_t4 1283
---------------------------------------------------------------------

freesurfer imgreg_4dfp.c
/opt/freesurfer/average/711-2C_as_mni_average_305.4dfp.img
       256       256       256         1
  1.000000  1.000000  1.000000
orientation T byte_order littleendian
Reading image: /opt/freesurfer/average/711-2C_as_mni_average_305.4dfp.img
dimensions:      256       256       256
mmppix:       1.0000   -1.0000   -1.0000
center:     128.0000 -129.0000 -129.0000
/opt/freesurfer/average/711-2B_as_mni_average_305_mask.4dfp.img
       256       256       256         1
  1.000000  1.000000  1.000000
orientation T byte_order littleendian
Reading mask: /opt/freesurfer/average/711-2B_as_mni_average_305_mask.4dfp.img (2306576 pixels)
talsrcimg_g11.4dfp.img
       256       256       256         1
  1.000000  1.000000  1.000000
orientation T byte_order littleendian
Reading image: talsrcimg_g11.4dfp.img
dimensions:      256       256       256
mmppix:       1.0000   -1.0000   -1.0000
center:     128.0000 -129.0000 -129.0000
rotation matrix determinant  1.000000
fimgreg.f
image alignment mode   1283 decimal      503 hex
parameters
    0.0000   30.0000   15.0000    0.0000    0.0000    0.0000
eta,q 0.92773 11.24990
niter,ni,del,rscale     5    3   12.0000    1.2000
parameter  1 -0.684023 -> -0.500000 qaram    1.1500
parameters
    3.4500   28.1137   17.3988    1.8287   -1.9100   -1.7906
eta,q 0.92616 11.20075
  0.0816  0.0803  0.0766  0.0800  0.0736  0.0746
  0.0801  0.0769  0.0747  0.0775  0.0740  0.0743
  0.0797  0.0765  0.0758  0.0750  0.0737  0.0739
  0.0775  0.0776  0.0764  0.0733  0.0729  0.0737
  0.0779  0.0797  0.0741  0.0729  0.0735  0.0743
  0.0783  0.0834  0.0739  0.0738  0.0753  0.0762
  0.0776  0.0886  0.0758  0.0752  0.0786  0.0787
niter,ni,del,rscale     5    3   12.0000    1.2000
parameter  3 -0.409235 ->  0.500000 qaram    1.1500
parameters
    1.6745   29.1108   13.9488    3.6299   -3.1720   -3.4314
eta,q 0.92861 11.31296
  0.0738  0.0838  0.0686  0.0812  0.0749  0.0736
  0.0729  0.0783  0.0713  0.0777  0.0735  0.0723
  0.0725  0.0752  0.0745  0.0750  0.0720  0.0715
  0.0738  0.0729  0.0717  0.0726  0.0715  0.0716
  0.0721  0.0711  0.0687  0.0715  0.0728  0.0732
  0.0736  0.0738  0.0699  0.0731  0.0765  0.0751
  0.0821  0.0789  0.0733  0.0751  0.0809  0.0771
niter,ni,del,rscale     5    3   12.0000    1.2000
parameter  3 -0.794100 -> -0.500000 qaram    1.3225
parameter  4  0.711214 ->  0.500000 qaram    1.1500
parameters
    1.2556   27.9003   17.9163    0.1799   -3.5765   -5.8624
eta,q 0.93170 11.12995
  0.0777  0.0776  0.0763  0.0703  0.0745  0.0700
  0.0747  0.0749  0.0717  0.0688  0.0726  0.0684
  0.0730  0.0722  0.0678  0.0696  0.0697  0.0683
  0.0714  0.0717  0.0717  0.0707  0.0689  0.0689
  0.0729  0.0742  0.0742  0.0718  0.0709  0.0707
  0.0762  0.0797  0.0694  0.0732  0.0736  0.0737
  0.0792  0.0862  0.0688  0.0745  0.0759  0.0766
niter,ni,del,rscale     6    3   12.0000    1.2000
parameters
    0.1074   28.9752   14.6062    1.8990   -4.4700   -7.3608
eta,q 0.92801 11.16985
  0.0729  0.0844  0.0697  0.0834  0.0753  0.0738
  0.0706  0.0776  0.0717  0.0799  0.0735  0.0723
  0.0718  0.0719  0.0726  0.0754  0.0725  0.0719
  0.0683  0.0701  0.0701  0.0730  0.0726  0.0724
  0.0709  0.0705  0.0710  0.0728  0.0735  0.0732
  0.0737  0.0731  0.0749  0.0745  0.0751  0.0743
  0.0758  0.0764  0.0837  0.0770  0.0774  0.0759
niter,ni,del,rscale     5    3   12.0000    1.2000
parameters
    0.1571   28.6818   14.6954    2.3809   -4.6338   -7.2473
eta,q 0.92770 11.15523
  0.0795  0.0823  0.0733  0.0816  0.0759  0.0753
  0.0747  0.0782  0.0713  0.0765  0.0743  0.0735
  0.0725  0.0737  0.0708  0.0726  0.0730  0.0723
  0.0720  0.0720  0.0720  0.0720  0.0722  0.0723
  0.0729  0.0740  0.0708  0.0735  0.0727  0.0728
  0.0755  0.0791  0.0708  0.0759  0.0742  0.0736
  0.0786  0.0851  0.0735  0.0783  0.0768  0.0747
niter,ni,del,rscale     4    3   12.0000    1.2000
parameters
    0.2430   28.5227   14.5117    2.5926   -4.8465   -7.0771
eta,q 0.92755 11.15037
  0.0790  0.0823  0.0730  0.0811  0.0759  0.0753
  0.0745  0.0785  0.0715  0.0756  0.0741  0.0736
  0.0728  0.0742  0.0709  0.0724  0.0729  0.0723
  0.0723  0.0723  0.0724  0.0723  0.0724  0.0724
  0.0729  0.0737  0.0709  0.0741  0.0729  0.0728
  0.0751  0.0783  0.0708  0.0763  0.0743  0.0735
  0.0781  0.0844  0.0737  0.0786  0.0766  0.0747
niter,ni,del,rscale     3    3   12.0000    1.2000
parameters
    0.4194   28.3764   14.5866    2.8112   -4.8774   -7.0775
eta,q 0.92743 11.14541
  0.0790  0.0820  0.0730  0.0808  0.0762  0.0752
  0.0746  0.0785  0.0715  0.0754  0.0744  0.0735
  0.0730  0.0743  0.0707  0.0725  0.0731  0.0725
  0.0724  0.0724  0.0725  0.0725  0.0726  0.0726
  0.0727  0.0736  0.0712  0.0740  0.0731  0.0730
  0.0747  0.0781  0.0705  0.0761  0.0743  0.0738
  0.0780  0.0841  0.0734  0.0784  0.0764  0.0749
niter,ni,del,rscale     2    3   12.0000    1.2000
parameters
    0.4179   28.3171   14.3576    2.7840   -5.0729   -6.9858
eta,q 0.92750 11.14378
  0.0783  0.0821  0.0729  0.0802  0.0758  0.0753
  0.0746  0.0787  0.0716  0.0749  0.0740  0.0736
  0.0731  0.0746  0.0708  0.0724  0.0728  0.0724
  0.0726  0.0726  0.0726  0.0725  0.0725  0.0725
  0.0728  0.0735  0.0712  0.0741  0.0730  0.0729
  0.0748  0.0778  0.0707  0.0764  0.0742  0.0737
  0.0783  0.0837  0.0737  0.0788  0.0763  0.0748
niter,ni,del,rscale     1    3   12.0000    1.2000
parameters
    0.5518   28.2194   14.4966    2.9707   -5.0280   -7.0030
eta,q 0.92735 11.14098
  0.0788  0.0818  0.0731  0.0805  0.0763  0.0753
  0.0747  0.0785  0.0715  0.0752  0.0744  0.0736
  0.0732  0.0745  0.0706  0.0725  0.0731  0.0726
  0.0725  0.0725  0.0725  0.0726  0.0727  0.0727
  0.0725  0.0735  0.0715  0.0739  0.0731  0.0731
  0.0747  0.0778  0.0704  0.0760  0.0743  0.0739
  0.0783  0.0836  0.0733  0.0784  0.0762  0.0750
registration optimization eta report
parameter search radius
    6.9000    6.0000    7.9350    6.9000    6.0000    6.0000
100000*second partial in parameter space
       13.       28.        3.       15.       10.        7.
  0.0788  0.0818  0.0731  0.0805  0.0763  0.0753
  0.0747  0.0785  0.0715  0.0752  0.0744  0.0736
  0.0732  0.0745  0.0706  0.0725  0.0731  0.0726
  0.0725  0.0725  0.0725  0.0726  0.0727  0.0727
  0.0725  0.0735  0.0715  0.0739  0.0731  0.0731
  0.0747  0.0778  0.0704  0.0760  0.0743  0.0739
  0.0783  0.0836  0.0733  0.0784  0.0762  0.0750
    0.5518   28.2194   14.4966    2.9707   -5.0280   -7.0030
eta,q 0.92735 11.14098

---------------------------------------------------------------------
imgreg_4dfp /opt/freesurfer/average/711-2C_as_mni_average_305 /opt/freesurfer/average/711-2B_as_mni_average_305_mask talsrcimg_g11 none talsrcimg_to_711-2C_as_mni_average_305_t4 3335
---------------------------------------------------------------------

freesurfer imgreg_4dfp.c
/opt/freesurfer/average/711-2C_as_mni_average_305.4dfp.img
       256       256       256         1
  1.000000  1.000000  1.000000
orientation T byte_order littleendian
Reading image: /opt/freesurfer/average/711-2C_as_mni_average_305.4dfp.img
dimensions:      256       256       256
mmppix:       1.0000   -1.0000   -1.0000
center:     128.0000 -129.0000 -129.0000
/opt/freesurfer/average/711-2B_as_mni_average_305_mask.4dfp.img
       256       256       256         1
  1.000000  1.000000  1.000000
orientation T byte_order littleendian
Reading mask: /opt/freesurfer/average/711-2B_as_mni_average_305_mask.4dfp.img (2306576 pixels)
talsrcimg_g11.4dfp.img
       256       256       256         1
  1.000000  1.000000  1.000000
orientation T byte_order littleendian
Reading image: talsrcimg_g11.4dfp.img
dimensions:      256       256       256
mmppix:       1.0000   -1.0000   -1.0000
center:     128.0000 -129.0000 -129.0000
fimgreg.f
image alignment mode   3335 decimal      D07 hex
parameters
    0.5518   28.2194   14.4966   -1.1280   -0.9348   -0.5187
   12.6266    8.0554  -12.1453   -6.2109   -8.7643    5.1625
eta,q 0.93185 11.13689
niter,ni,del,rscale     5    3    5.0000    1.2000
parameter  4-13.368385 ->  0.500000 qaram    1.1500
parameter  5  1.361204 ->  0.500000 qaram    1.1500
parameter  6 -5.843746 ->  0.500000 qaram    1.1500
parameter  7  1.073424 ->  0.500000 qaram    1.1500
parameter  9 -0.844454 -> -0.500000 qaram    1.1500
parameter 11 -0.928059 -> -0.500000 qaram    1.1500
parameter 12  0.956129 ->  0.500000 qaram    1.1500
parameters
    0.6575   28.2230   14.9010   -5.2680   -5.0748   -4.6587
    8.4866    6.3092   -8.0053   -4.4679   -4.6243    1.0225
eta,q 0.95473 10.45441
  0.0695  0.0697  0.0689  0.0562  0.0565  0.0434  0.0478  0.0490  0.0510  0.0504  0.0489  0.0452
  0.0688  0.0689  0.0686  0.0603  0.0577  0.0480  0.0479  0.0478  0.0496  0.0486  0.0479  0.0452
  0.0683  0.0683  0.0683  0.0643  0.0593  0.0533  0.0485  0.0477  0.0485  0.0475  0.0472  0.0455
  0.0682  0.0682  0.0682  0.0682  0.0614  0.0581  0.0494  0.0480  0.0477  0.0469  0.0467  0.0462
  0.0683  0.0683  0.0682  0.0722  0.0642  0.0622  0.0508  0.0485  0.0471  0.0467  0.0464  0.0472
  0.0687  0.0689  0.0684  0.0759  0.0678  0.0663  0.0524  0.0492  0.0468  0.0471  0.0462  0.0483
  0.0692  0.0697  0.0685  0.0794  0.0721  0.0702  0.0541  0.0504  0.0469  0.0481  0.0460  0.0495
niter,ni,del,rscale     7    3    5.0000    1.2000
parameter  2  0.502996 ->  0.500000 qaram    1.1500
parameter  3  0.608109 ->  0.500000 qaram    1.1500
parameter  4  2.469010 ->  0.500000 qaram    1.3225
parameter  5  8.454715 ->  0.500000 qaram    1.3225
parameter  6  1.078841 ->  0.500000 qaram    1.3225
parameters
    1.2644   26.8430   13.5210  -10.0290   -9.8358   -9.4197
    7.2732    6.5223   -5.9100   -3.3712   -4.8809   -1.2505
eta,q 0.97660 10.46540
  0.0479  0.0450  0.0444  0.0336  0.0279  0.0248  0.0274  0.0320  0.0286  0.0290  0.0276  0.0250
  0.0469  0.0447  0.0442  0.0352  0.0305  0.0240  0.0254  0.0287  0.0266  0.0268  0.0255  0.0239
  0.0460  0.0446  0.0443  0.0389  0.0336  0.0257  0.0242  0.0256  0.0250  0.0249  0.0241  0.0234
  0.0453  0.0450  0.0446  0.0442  0.0360  0.0314  0.0242  0.0240  0.0240  0.0238  0.0236  0.0236
  0.0450  0.0456  0.0451  0.0505  0.0386  0.0392  0.0252  0.0249  0.0238  0.0238  0.0243  0.0246
  0.0453  0.0466  0.0458  0.0557  0.0420  0.0456  0.0272  0.0278  0.0244  0.0249  0.0259  0.0261
  0.0464  0.0478  0.0467  0.0608  0.0452  0.0521  0.0299  0.0314  0.0256  0.0268  0.0281  0.0281
niter,ni,del,rscale     7    3    5.0000    1.2000
parameter  2  0.822849 ->  0.500000 qaram    1.3225
parameters
    0.7708   25.2560   12.9142  -12.9239  -12.5821  -11.3240
    6.9836    6.5969   -5.9108   -3.3161   -6.6485    0.4050
eta,q 0.97888 10.45285
  0.0263  0.0214  0.0234  0.0250  0.0246  0.0257  0.0247  0.0261  0.0243  0.0247  0.0224  0.0243
  0.0242  0.0209  0.0216  0.0230  0.0220  0.0240  0.0230  0.0235  0.0227  0.0229  0.0215  0.0229
  0.0232  0.0215  0.0208  0.0210  0.0203  0.0222  0.0218  0.0220  0.0217  0.0218  0.0212  0.0219
  0.0234  0.0231  0.0209  0.0207  0.0209  0.0202  0.0214  0.0214  0.0214  0.0214  0.0214  0.0213
  0.0247  0.0255  0.0221  0.0243  0.0240  0.0213  0.0219  0.0217  0.0217  0.0216  0.0218  0.0211
  0.0270  0.0284  0.0243  0.0311  0.0283  0.0283  0.0232  0.0232  0.0227  0.0227  0.0225  0.0215
  0.0300  0.0313  0.0272  0.0383  0.0319  0.0364  0.0254  0.0261  0.0243  0.0247  0.0237  0.0227
niter,ni,del,rscale     7    3    5.0000    1.2000
parameters
    0.7671   25.2081   12.7059  -12.7361  -12.6644  -12.1960
    7.1499    6.8183   -5.7284   -3.7087   -6.6457    0.7744
eta,q 0.97846 10.43197
  0.0241  0.0260  0.0230  0.0269  0.0278  0.0265  0.0252  0.0263  0.0245  0.0244  0.0232  0.0237
  0.0225  0.0233  0.0218  0.0251  0.0251  0.0247  0.0235  0.0236  0.0229  0.0228  0.0221  0.0226
  0.0215  0.0217  0.0212  0.0232  0.0225  0.0230  0.0222  0.0221  0.0220  0.0219  0.0216  0.0219
  0.0211  0.0211  0.0211  0.0211  0.0210  0.0210  0.0216  0.0216  0.0216  0.0215  0.0216  0.0216
  0.0214  0.0218  0.0215  0.0201  0.0217  0.0203  0.0219  0.0218  0.0218  0.0219  0.0218  0.0216
  0.0224  0.0236  0.0223  0.0227  0.0248  0.0244  0.0231  0.0232  0.0228  0.0231  0.0222  0.0223
  0.0241  0.0262  0.0236  0.0287  0.0287  0.0326  0.0251  0.0258  0.0243  0.0252  0.0230  0.0235
niter,ni,del,rscale     6    3    5.0000    1.2000
parameters
    0.7914   25.1660   12.6037  -12.5853  -12.5462  -12.4140
    7.1545    6.8127   -5.6949   -3.7945   -6.5621    0.7616
eta,q 0.97843 10.43143
  0.0245  0.0263  0.0232  0.0271  0.0283  0.0269  0.0252  0.0261  0.0245  0.0247  0.0232  0.0236
  0.0229  0.0237  0.0221  0.0253  0.0256  0.0250  0.0234  0.0235  0.0229  0.0230  0.0221  0.0225
  0.0219  0.0221  0.0216  0.0236  0.0230  0.0233  0.0221  0.0220  0.0219  0.0220  0.0216  0.0219
  0.0215  0.0215  0.0215  0.0215  0.0214  0.0214  0.0216  0.0216  0.0216  0.0216  0.0216  0.0216
  0.0218  0.0222  0.0218  0.0205  0.0221  0.0200  0.0219  0.0219  0.0219  0.0218  0.0218  0.0217
  0.0228  0.0239  0.0224  0.0231  0.0248  0.0228  0.0232  0.0234  0.0229  0.0229  0.0222  0.0224
  0.0244  0.0265  0.0234  0.0289  0.0286  0.0306  0.0254  0.0262  0.0245  0.0249  0.0231  0.0237
niter,ni,del,rscale     5    3    5.0000    1.2000
parameters
    0.7854   25.1572   12.5468  -12.5802  -12.4828  -12.4368
    7.1444    6.7977   -5.6960   -3.7944   -6.5386    0.7154
eta,q 0.97843 10.43205
  0.0245  0.0264  0.0232  0.0271  0.0283  0.0270  0.0252  0.0261  0.0245  0.0248  0.0232  0.0236
  0.0229  0.0238  0.0222  0.0253  0.0256  0.0251  0.0234  0.0235  0.0229  0.0230  0.0221  0.0225
  0.0219  0.0221  0.0217  0.0236  0.0231  0.0234  0.0221  0.0220  0.0219  0.0220  0.0216  0.0219
  0.0216  0.0216  0.0216  0.0216  0.0216  0.0215  0.0216  0.0216  0.0216  0.0216  0.0216  0.0216
  0.0219  0.0222  0.0218  0.0207  0.0222  0.0200  0.0219  0.0219  0.0219  0.0218  0.0218  0.0217
  0.0229  0.0239  0.0224  0.0234  0.0250  0.0225  0.0232  0.0234  0.0229  0.0229  0.0222  0.0224
  0.0246  0.0264  0.0233  0.0293  0.0287  0.0300  0.0254  0.0262  0.0245  0.0249  0.0231  0.0237
niter,ni,del,rscale     4    3    5.0000    1.2000
parameters
    0.7810   25.1581   12.5280  -12.5903  -12.4614  -12.4356
    7.1381    6.7936   -5.6929   -3.7851   -6.5344    0.6829
eta,q 0.97843 10.43211
  0.0245  0.0264  0.0233  0.0270  0.0283  0.0271  0.0252  0.0261  0.0245  0.0248  0.0232  0.0236
  0.0229  0.0238  0.0222  0.0253  0.0256  0.0251  0.0234  0.0235  0.0229  0.0230  0.0221  0.0225
  0.0219  0.0222  0.0217  0.0236  0.0231  0.0234  0.0221  0.0220  0.0219  0.0220  0.0216  0.0219
  0.0216  0.0216  0.0216  0.0216  0.0216  0.0216  0.0216  0.0216  0.0216  0.0216  0.0216  0.0216
  0.0219  0.0222  0.0218  0.0207  0.0223  0.0200  0.0219  0.0219  0.0219  0.0218  0.0218  0.0217
  0.0229  0.0239  0.0223  0.0234  0.0251  0.0225  0.0232  0.0234  0.0229  0.0229  0.0222  0.0224
  0.0246  0.0264  0.0232  0.0293  0.0288  0.0300  0.0254  0.0262  0.0245  0.0249  0.0231  0.0237
registration optimization eta report
parameter search radius
    2.4000    3.1740    2.7600    9.5220    9.5220    9.5220
    8.2800    7.2000    8.2800    7.2000    8.2800    8.2800
100000*second partial in parameter space
       51.       48.       22.        7.        7.        8.
        5.        9.        4.        6.        2.        3.
  0.0245  0.0264  0.0233  0.0270  0.0283  0.0271  0.0252  0.0261  0.0245  0.0248  0.0232  0.0236
  0.0229  0.0238  0.0222  0.0253  0.0256  0.0251  0.0234  0.0235  0.0229  0.0230  0.0221  0.0225
  0.0219  0.0222  0.0217  0.0236  0.0231  0.0234  0.0221  0.0220  0.0219  0.0220  0.0216  0.0219
  0.0216  0.0216  0.0216  0.0216  0.0216  0.0216  0.0216  0.0216  0.0216  0.0216  0.0216  0.0216
  0.0219  0.0222  0.0218  0.0207  0.0223  0.0200  0.0219  0.0219  0.0219  0.0218  0.0218  0.0217
  0.0229  0.0239  0.0223  0.0234  0.0251  0.0225  0.0232  0.0234  0.0229  0.0229  0.0222  0.0224
  0.0246  0.0264  0.0232  0.0293  0.0288  0.0300  0.0254  0.0262  0.0245  0.0249  0.0231  0.0237
    0.7810   25.1581   12.5280  -12.5903  -12.4614  -12.4356
    7.1381    6.7936   -5.6929   -3.7851   -6.5344    0.6829
eta,q 0.97843 10.43211

---------------------------------------------------------------------
imgreg_4dfp /opt/freesurfer/average/711-2C_as_mni_average_305 /opt/freesurfer/average/711-2B_as_mni_average_305_mask talsrcimg_g11 none talsrcimg_to_711-2C_as_mni_average_305_t4 2311
---------------------------------------------------------------------

freesurfer imgreg_4dfp.c
/opt/freesurfer/average/711-2C_as_mni_average_305.4dfp.img
       256       256       256         1
  1.000000  1.000000  1.000000
orientation T byte_order littleendian
Reading image: /opt/freesurfer/average/711-2C_as_mni_average_305.4dfp.img
dimensions:      256       256       256
mmppix:       1.0000   -1.0000   -1.0000
center:     128.0000 -129.0000 -129.0000
/opt/freesurfer/average/711-2B_as_mni_average_305_mask.4dfp.img
       256       256       256         1
  1.000000  1.000000  1.000000
orientation T byte_order littleendian
Reading mask: /opt/freesurfer/average/711-2B_as_mni_average_305_mask.4dfp.img (2306576 pixels)
talsrcimg_g11.4dfp.img
       256       256       256         1
  1.000000  1.000000  1.000000
orientation T byte_order littleendian
Reading image: talsrcimg_g11.4dfp.img
dimensions:      256       256       256
mmppix:       1.0000   -1.0000   -1.0000
center:     128.0000 -129.0000 -129.0000
fimgreg.f
image alignment mode   2311 decimal      907 hex
parameters
    0.7810   25.1581   12.5280  -12.5903  -12.4614  -12.4356
    7.1381    6.7936   -5.6929   -3.7851   -6.5344    0.6829
eta,q 0.97843 10.43211
niter,ni,del,rscale     5    3    5.0000    0.8000
parameter  4 -0.584874 -> -0.500000 qaram    1.1500
parameters
    0.7984   25.1523   12.4393   -9.8303  -12.5029  -10.6195
    6.7231    7.0638   -5.4828   -3.7506   -6.0015   -0.0761
eta,q 0.98017 10.51322
  0.0229  0.0229  0.0221  0.0245  0.0231  0.0234  0.0216  0.0243  0.0214  0.0219  0.0216  0.0206
  0.0222  0.0222  0.0218  0.0236  0.0219  0.0224  0.0206  0.0222  0.0206  0.0208  0.0207  0.0201
  0.0217  0.0217  0.0216  0.0226  0.0210  0.0215  0.0200  0.0206  0.0201  0.0201  0.0201  0.0199
  0.0216  0.0216  0.0216  0.0216  0.0206  0.0206  0.0199  0.0199  0.0199  0.0199  0.0199  0.0198
  0.0217  0.0217  0.0217  0.0208  0.0209  0.0200  0.0203  0.0202  0.0200  0.0201  0.0199  0.0201
  0.0221  0.0222  0.0219  0.0207  0.0218  0.0200  0.0210  0.0215  0.0204  0.0207  0.0203  0.0206
  0.0229  0.0229  0.0222  0.0216  0.0233  0.0213  0.0223  0.0235  0.0211  0.0219  0.0210  0.0214
niter,ni,del,rscale     5    3    5.0000    0.8000
parameters
    0.7568   25.2386   12.9057  -10.9559  -12.5258  -10.1258
    6.7513    6.9104   -5.6148   -3.5349   -6.0788   -0.1019
eta,q 0.98046 10.51543
  0.0220  0.0215  0.0216  0.0224  0.0223  0.0228  0.0214  0.0231  0.0208  0.0217  0.0208  0.0206
  0.0208  0.0206  0.0208  0.0211  0.0211  0.0218  0.0204  0.0212  0.0201  0.0206  0.0201  0.0200
  0.0200  0.0201  0.0202  0.0200  0.0202  0.0208  0.0198  0.0199  0.0197  0.0199  0.0196  0.0197
  0.0198  0.0198  0.0198  0.0197  0.0198  0.0198  0.0196  0.0196  0.0196  0.0196  0.0195  0.0195
  0.0201  0.0199  0.0197  0.0208  0.0201  0.0193  0.0197  0.0201  0.0197  0.0197  0.0197  0.0196
  0.0210  0.0204  0.0199  0.0233  0.0210  0.0201  0.0203  0.0215  0.0202  0.0203  0.0202  0.0200
  0.0222  0.0212  0.0203  0.0268  0.0225  0.0225  0.0214  0.0236  0.0209  0.0214  0.0209  0.0207
niter,ni,del,rscale     4    3    5.0000    0.7000
parameters
    0.7671   25.2331   12.9036  -11.1016  -12.5551   -9.9086
    6.8389    6.9505   -5.6383   -3.5625   -6.1229   -0.1683
eta,q 0.98051 10.51548
  0.0212  0.0207  0.0204  0.0224  0.0216  0.0222  0.0209  0.0226  0.0205  0.0210  0.0205  0.0203
  0.0203  0.0201  0.0199  0.0213  0.0206  0.0213  0.0202  0.0210  0.0199  0.0202  0.0199  0.0199
  0.0197  0.0197  0.0196  0.0202  0.0199  0.0203  0.0197  0.0199  0.0196  0.0197  0.0196  0.0196
  0.0195  0.0195  0.0195  0.0195  0.0196  0.0196  0.0195  0.0195  0.0195  0.0195  0.0195  0.0195
  0.0197  0.0197  0.0196  0.0197  0.0198  0.0194  0.0196  0.0198  0.0196  0.0197  0.0196  0.0196
  0.0202  0.0201  0.0200  0.0210  0.0205  0.0203  0.0201  0.0209  0.0199  0.0202  0.0200  0.0199
  0.0211  0.0207  0.0204  0.0234  0.0218  0.0223  0.0208  0.0225  0.0205  0.0211  0.0205  0.0204
niter,ni,del,rscale     3    3    5.0000    0.6000
parameters
    0.7760   25.2458   12.9222  -11.0027  -12.5960   -9.7070
    6.8232    6.9972   -5.6369   -3.5695   -6.1287   -0.2662
eta,q 0.98059 10.51741
  0.0207  0.0204  0.0202  0.0219  0.0210  0.0216  0.0204  0.0219  0.0202  0.0206  0.0202  0.0200
  0.0200  0.0199  0.0198  0.0209  0.0202  0.0208  0.0199  0.0206  0.0197  0.0200  0.0198  0.0197
  0.0196  0.0196  0.0196  0.0200  0.0197  0.0201  0.0195  0.0197  0.0195  0.0196  0.0195  0.0195
  0.0195  0.0195  0.0195  0.0195  0.0195  0.0195  0.0194  0.0194  0.0194  0.0194  0.0194  0.0194
  0.0196  0.0196  0.0196  0.0196  0.0196  0.0194  0.0195  0.0197  0.0195  0.0195  0.0195  0.0195
  0.0200  0.0199  0.0198  0.0204  0.0202  0.0201  0.0199  0.0205  0.0197  0.0199  0.0198  0.0197
  0.0207  0.0203  0.0202  0.0221  0.0212  0.0216  0.0205  0.0218  0.0202  0.0206  0.0202  0.0201
niter,ni,del,rscale     2    3    5.0000    0.5000
parameters
    0.7794   25.2596   12.9590  -10.9039  -12.6248   -9.5197
    6.7857    7.0246   -5.6366   -3.5765   -6.1146   -0.3654
eta,q 0.98064 10.51879
  0.0203  0.0200  0.0200  0.0213  0.0205  0.0211  0.0201  0.0212  0.0199  0.0202  0.0200  0.0198
  0.0198  0.0197  0.0197  0.0205  0.0199  0.0204  0.0197  0.0202  0.0196  0.0197  0.0196  0.0195
  0.0195  0.0195  0.0195  0.0198  0.0195  0.0198  0.0194  0.0196  0.0194  0.0195  0.0194  0.0194
  0.0194  0.0194  0.0194  0.0194  0.0194  0.0194  0.0194  0.0194  0.0194  0.0194  0.0194  0.0194
  0.0195  0.0195  0.0195  0.0195  0.0195  0.0194  0.0194  0.0196  0.0194  0.0194  0.0194  0.0194
  0.0198  0.0197  0.0196  0.0201  0.0199  0.0199  0.0197  0.0201  0.0196  0.0197  0.0196  0.0196
  0.0203  0.0200  0.0199  0.0213  0.0206  0.0210  0.0201  0.0211  0.0199  0.0202  0.0199  0.0199
niter,ni,del,rscale     1    3    5.0000    0.4000
parameters
    0.7833   25.2712   12.9938  -10.8290  -12.6586   -9.3520
    6.7482    7.0414   -5.6326   -3.5792   -6.0865   -0.4642
eta,q 0.98068 10.51954
  0.0199  0.0198  0.0197  0.0206  0.0201  0.0206  0.0198  0.0205  0.0197  0.0199  0.0197  0.0196
  0.0196  0.0195  0.0195  0.0200  0.0197  0.0201  0.0195  0.0199  0.0195  0.0196  0.0195  0.0194
  0.0194  0.0194  0.0194  0.0196  0.0194  0.0196  0.0194  0.0195  0.0194  0.0194  0.0194  0.0194
  0.0194  0.0194  0.0194  0.0194  0.0193  0.0193  0.0193  0.0193  0.0193  0.0193  0.0193  0.0193
  0.0194  0.0194  0.0194  0.0194  0.0194  0.0193  0.0194  0.0195  0.0194  0.0194  0.0194  0.0194
  0.0196  0.0195  0.0195  0.0198  0.0197  0.0197  0.0196  0.0199  0.0195  0.0196  0.0195  0.0195
  0.0199  0.0197  0.0197  0.0206  0.0202  0.0204  0.0198  0.0205  0.0197  0.0199  0.0197  0.0197
registration optimization eta report
parameter search radius
    0.8000    0.8000    0.8000    2.7600    2.4000    2.4000
    2.4000    2.4000    2.4000    2.4000    2.4000    2.4000
100000*second partial in parameter space
       87.       63.       53.       17.       13.       20.
        9.       21.        6.       10.        7.        5.
  0.0199  0.0198  0.0197  0.0206  0.0201  0.0206  0.0198  0.0205  0.0197  0.0199  0.0197  0.0196
  0.0196  0.0195  0.0195  0.0200  0.0197  0.0201  0.0195  0.0199  0.0195  0.0196  0.0195  0.0194
  0.0194  0.0194  0.0194  0.0196  0.0194  0.0196  0.0194  0.0195  0.0194  0.0194  0.0194  0.0194
  0.0194  0.0194  0.0194  0.0194  0.0193  0.0193  0.0193  0.0193  0.0193  0.0193  0.0193  0.0193
  0.0194  0.0194  0.0194  0.0194  0.0194  0.0193  0.0194  0.0195  0.0194  0.0194  0.0194  0.0194
  0.0196  0.0195  0.0195  0.0198  0.0197  0.0197  0.0196  0.0199  0.0195  0.0196  0.0195  0.0195
  0.0199  0.0197  0.0197  0.0206  0.0202  0.0204  0.0198  0.0205  0.0197  0.0199  0.0197  0.0197
    0.7833   25.2712   12.9938  -10.8290  -12.6586   -9.3520
    6.7482    7.0414   -5.6326   -3.5792   -6.0865   -0.4642
eta,q 0.98068 10.51954

---------------------------------------------------------------------
imgreg_4dfp /opt/freesurfer/average/711-2C_as_mni_average_305 /opt/freesurfer/average/711-2B_as_mni_average_305_mask talsrcimg_g11 none talsrcimg_to_711-2C_as_mni_average_305_t4 2311
---------------------------------------------------------------------

freesurfer imgreg_4dfp.c
/opt/freesurfer/average/711-2C_as_mni_average_305.4dfp.img
       256       256       256         1
  1.000000  1.000000  1.000000
orientation T byte_order littleendian
Reading image: /opt/freesurfer/average/711-2C_as_mni_average_305.4dfp.img
dimensions:      256       256       256
mmppix:       1.0000   -1.0000   -1.0000
center:     128.0000 -129.0000 -129.0000
/opt/freesurfer/average/711-2B_as_mni_average_305_mask.4dfp.img
       256       256       256         1
  1.000000  1.000000  1.000000
orientation T byte_order littleendian
Reading mask: /opt/freesurfer/average/711-2B_as_mni_average_305_mask.4dfp.img (2306576 pixels)
talsrcimg_g11.4dfp.img
       256       256       256         1
  1.000000  1.000000  1.000000
orientation T byte_order littleendian
Reading image: talsrcimg_g11.4dfp.img
dimensions:      256       256       256
mmppix:       1.0000   -1.0000   -1.0000
center:     128.0000 -129.0000 -129.0000
fimgreg.f
image alignment mode   2311 decimal      907 hex
parameters
    0.7833   25.2712   12.9938  -10.8290  -12.6586   -9.3520
    6.7482    7.0414   -5.6326   -3.5792   -6.0865   -0.4642
eta,q 0.98068 10.51953
niter,ni,del,rscale     5    3    5.0000    0.8000
parameters
    0.7766   25.2667   13.0315  -11.2822  -12.7669   -9.8665
    6.8597    6.9516   -5.6950   -3.4546   -6.1437   -0.1220
eta,q 0.98047 10.51167
  0.0215  0.0209  0.0208  0.0220  0.0219  0.0222  0.0213  0.0231  0.0207  0.0216  0.0208  0.0208
  0.0203  0.0200  0.0200  0.0208  0.0207  0.0212  0.0204  0.0213  0.0201  0.0205  0.0201  0.0201
  0.0196  0.0195  0.0195  0.0198  0.0198  0.0201  0.0198  0.0200  0.0197  0.0198  0.0196  0.0197
  0.0193  0.0193  0.0193  0.0193  0.0194  0.0194  0.0196  0.0196  0.0196  0.0195  0.0195  0.0195
  0.0196  0.0195  0.0195  0.0197  0.0197  0.0197  0.0197  0.0200  0.0197  0.0197  0.0197  0.0196
  0.0203  0.0200  0.0199  0.0213  0.0207  0.0215  0.0203  0.0214  0.0201  0.0203  0.0202  0.0199
  0.0216  0.0209  0.0207  0.0238  0.0223  0.0249  0.0212  0.0234  0.0208  0.0215  0.0208  0.0205
niter,ni,del,rscale     4    3    5.0000    0.7000
parameters
    0.7839   25.2548   12.9400  -10.9935  -12.6845   -9.9276
    6.8588    6.9800   -5.6569   -3.5300   -6.1484   -0.1238
eta,q 0.98052 10.51485
  0.0211  0.0207  0.0203  0.0221  0.0216  0.0220  0.0209  0.0226  0.0205  0.0210  0.0205  0.0203
  0.0203  0.0200  0.0199  0.0211  0.0206  0.0211  0.0201  0.0210  0.0199  0.0202  0.0199  0.0199
  0.0197  0.0197  0.0196  0.0202  0.0198  0.0201  0.0196  0.0199  0.0196  0.0197  0.0196  0.0196
  0.0195  0.0195  0.0195  0.0195  0.0195  0.0195  0.0195  0.0195  0.0195  0.0195  0.0195  0.0195
  0.0197  0.0197  0.0197  0.0195  0.0196  0.0195  0.0196  0.0198  0.0196  0.0196  0.0196  0.0196
  0.0202  0.0201  0.0200  0.0203  0.0204  0.0206  0.0201  0.0209  0.0199  0.0202  0.0200  0.0198
  0.0211  0.0207  0.0206  0.0219  0.0215  0.0228  0.0209  0.0225  0.0204  0.0211  0.0205  0.0203
niter,ni,del,rscale     3    3    5.0000    0.6000
parameters
    0.7808   25.2541   12.9442  -10.8490  -12.6484   -9.7615
    6.8020    7.0064   -5.6304   -3.5583   -6.1306   -0.2234
eta,q 0.98059 10.51774
  0.0207  0.0203  0.0202  0.0215  0.0211  0.0216  0.0204  0.0219  0.0202  0.0206  0.0203  0.0200
  0.0200  0.0199  0.0198  0.0206  0.0203  0.0208  0.0199  0.0206  0.0197  0.0199  0.0198  0.0197
  0.0196  0.0196  0.0195  0.0199  0.0197  0.0200  0.0195  0.0197  0.0195  0.0196  0.0195  0.0195
  0.0195  0.0195  0.0195  0.0195  0.0195  0.0195  0.0194  0.0194  0.0194  0.0194  0.0194  0.0194
  0.0196  0.0196  0.0196  0.0195  0.0196  0.0194  0.0195  0.0197  0.0195  0.0195  0.0195  0.0195
  0.0200  0.0199  0.0198  0.0202  0.0202  0.0201  0.0199  0.0205  0.0197  0.0199  0.0198  0.0197
  0.0207  0.0203  0.0202  0.0214  0.0211  0.0217  0.0205  0.0218  0.0201  0.0206  0.0202  0.0201
niter,ni,del,rscale     2    3    5.0000    0.5000
parameters
    0.7776   25.2630   12.9717  -10.7836  -12.6487   -9.5595
    6.7613    7.0225   -5.6212   -3.5666   -6.1058   -0.3420
eta,q 0.98065 10.51923
  0.0203  0.0200  0.0199  0.0209  0.0205  0.0211  0.0201  0.0212  0.0199  0.0202  0.0200  0.0198
  0.0198  0.0197  0.0197  0.0202  0.0200  0.0204  0.0197  0.0202  0.0196  0.0197  0.0196  0.0195
  0.0195  0.0195  0.0195  0.0197  0.0196  0.0198  0.0194  0.0196  0.0194  0.0195  0.0194  0.0194
  0.0194  0.0194  0.0194  0.0194  0.0194  0.0194  0.0194  0.0194  0.0194  0.0194  0.0194  0.0194
  0.0195  0.0195  0.0195  0.0195  0.0195  0.0194  0.0194  0.0196  0.0194  0.0194  0.0194  0.0194
  0.0198  0.0197  0.0196  0.0200  0.0199  0.0199  0.0197  0.0202  0.0196  0.0197  0.0196  0.0196
  0.0203  0.0200  0.0199  0.0209  0.0206  0.0210  0.0201  0.0211  0.0199  0.0202  0.0199  0.0199
niter,ni,del,rscale     1    3    5.0000    0.4000
parameters
    0.7793   25.2704   13.0002  -10.7517  -12.6702   -9.3801
    6.7279    7.0327   -5.6191   -3.5740   -6.0713   -0.4488
eta,q 0.98068 10.51980
  0.0199  0.0198  0.0197  0.0203  0.0201  0.0206  0.0198  0.0205  0.0197  0.0199  0.0197  0.0196
  0.0196  0.0195  0.0195  0.0199  0.0197  0.0201  0.0195  0.0199  0.0195  0.0196  0.0195  0.0194
  0.0194  0.0194  0.0194  0.0195  0.0194  0.0196  0.0194  0.0195  0.0194  0.0194  0.0194  0.0194
  0.0194  0.0194  0.0194  0.0194  0.0193  0.0194  0.0193  0.0193  0.0193  0.0193  0.0193  0.0193
  0.0194  0.0194  0.0194  0.0194  0.0194  0.0193  0.0194  0.0195  0.0194  0.0194  0.0194  0.0194
  0.0196  0.0195  0.0195  0.0197  0.0197  0.0197  0.0196  0.0199  0.0195  0.0196  0.0195  0.0195
  0.0199  0.0198  0.0197  0.0204  0.0201  0.0204  0.0198  0.0205  0.0197  0.0199  0.0197  0.0197
registration optimization eta report
parameter search radius
    0.8000    0.8000    0.8000    2.4000    2.4000    2.4000
    2.4000    2.4000    2.4000    2.4000    2.4000    2.4000
100000*second partial in parameter space
       89.       63.       53.       17.       13.       19.
        9.       21.        6.       10.        7.        5.
  0.0199  0.0198  0.0197  0.0203  0.0201  0.0206  0.0198  0.0205  0.0197  0.0199  0.0197  0.0196
  0.0196  0.0195  0.0195  0.0199  0.0197  0.0201  0.0195  0.0199  0.0195  0.0196  0.0195  0.0194
  0.0194  0.0194  0.0194  0.0195  0.0194  0.0196  0.0194  0.0195  0.0194  0.0194  0.0194  0.0194
  0.0194  0.0194  0.0194  0.0194  0.0193  0.0194  0.0193  0.0193  0.0193  0.0193  0.0193  0.0193
  0.0194  0.0194  0.0194  0.0194  0.0194  0.0193  0.0194  0.0195  0.0194  0.0194  0.0194  0.0194
  0.0196  0.0195  0.0195  0.0197  0.0197  0.0197  0.0196  0.0199  0.0195  0.0196  0.0195  0.0195
  0.0199  0.0198  0.0197  0.0204  0.0201  0.0204  0.0198  0.0205  0.0197  0.0199  0.0197  0.0197
    0.7793   25.2704   13.0002  -10.7517  -12.6702   -9.3801
    6.7279    7.0327   -5.6191   -3.5740   -6.0713   -0.4488
eta,q 0.98068 10.51980

---------------------------------------------------------------------
compute_vox2vox talsrcimg talsrcimg_to_711-2C_as_mni_average_305_t4 /opt/freesurfer/average/711-2C_as_mni_average_305
---------------------------------------------------------------------

freesurfer compute_vox2vox.c
Reading: talsrcimg.4dfp.ifh
Reading: talsrcimg_to_711-2C_as_mni_average_305_t4
Reading: /opt/freesurfer/average/711-2C_as_mni_average_305.4dfp.ifh
Writing: talsrcimg_to_711-2C_as_mni_average_305_t4_vox2vox.txt

start time Fri Mar 13 06:25:38 CET 2026
end		time Fri Mar 13 06:27:05 CET 2026

mpr2mni305 success

avi2talxfm orig_nu.mgz /opt/freesurfer/average/mni305.cor.mgz talsrcimg_to_711-2C_as_mni_average_305_t4_vox2vox.txt transforms/talairach.auto.xfm
avi2talxfm done
mv -f /out/sourcedata/freesurfer/sub-v2s4x29634_ses-1/mri/talsrcimg_to_711-2C_as_mni_average_305_t4_vox2vox.txt /out/sourcedata/freesurfer/sub-v2s4x29634_ses-1/mri/transforms/talsrcimg_to_711-2C_as_mni_average_305_t4_vox2vox.txt
lta_convert --src orig_nu.mgz --trg /opt/freesurfer/average/mni305.cor.mgz --inxfm transforms/talairach.auto.xfm --outlta transforms/talairach.auto.xfm.lta --subject fsaverage
7.3.2

--src: orig_nu.mgz src image (geometry).
--trg: /opt/freesurfer/average/mni305.cor.mgz trg image (geometry).
--inmni: transforms/talairach.auto.xfm input MNI/XFM transform.
--outlta: transforms/talairach.auto.xfm.lta output LTA.
--s: fsaverage subject name
 LTA read, type : 1
 1.10898  -0.08945  -0.08590  -2.66730;
 0.07467   1.09771  -0.00011  -4.79954;
 0.07441   0.03917   1.13955  -12.35956;
 0.00000   0.00000   0.00000   1.00000;
setting subject to fsaverage
Writing  LTA to file transforms/talairach.auto.xfm.lta...
lta_convert successful.
 
 
Started at Fri Mar 13 06:25:38 CET 2026
Ended   at Fri Mar 13 06:27:05 CET 2026
talairach_avi done
