/out/sourcedata/freesurfer/sub-v2s4x29631_ses-1/mri
/opt/freesurfer/bin/talairach_avi
--i orig_nu.mgz --xfm transforms/talairach.auto.xfm
talairach_avi 7.3.2
Linux dna075 5.14.0-427.37.1.el9_4.x86_64 #1 SMP PREEMPT_DYNAMIC Fri Sep 13 12:41:50 EDT 2024 x86_64 x86_64 x86_64 GNU/Linux
Fri Mar 13 06:03:44 CET 2026
mri_convert orig_nu.mgz talsrcimg.img 
reading from orig_nu.mgz...
TR=0.00, TE=0.00, TI=0.00, flip angle=0.00
i_ras = (-1, 0, 0)
j_ras = (0, 0, -1)
k_ras = (0, 1, 0)
writing to talsrcimg.img...
Analyze Output Matrix
-1.00000   0.00000   0.00000   134.43491;
 0.00000   0.00000   1.00000  -135.07251;
 0.00000  -1.00000   0.00000   129.38718;
 0.00000   0.00000   0.00000   1.00000;
--------------------
INFO: set hdr.hist.orient to -1
mpr2mni305 talsrcimg
Fri Mar 13 06:03:45 CET 2026
/opt/freesurfer/bin/mpr2mni305 talsrcimg
mpr2mni305 7.3.2
target=711-2C_as_mni_average_305

---------------------------------------------------------------------
analyzeto4dfp talsrcimg -O0 -y
---------------------------------------------------------------------

freesurfer ifh2hdr.c
Fri Mar 13 06:03:45 2026
Writing: talsrcimg.4dfp.hdr
freesurfer analyzeto4dfp.c
Reading: talsrcimg.hdr
header size 348 bytes
hdr.dime.datatype	offset=70	value=2
hdr.dime.bitpix		offset=72	value=8
hdr.hist.orient		offset=252	value=-1
dimensionality     4
dimensions       256       256       256         1
Reading: talsrcimg.img
Writing: talsrcimg.4dfp.img
Writing: talsrcimg.4dfp.ifh
ifh2hdr talsrcimg -r0to255
ori=2

---------------------------------------------------------------------
gauss_4dfp talsrcimg 1.1
---------------------------------------------------------------------

freesurfer gauss_4dfp.c
Reading: talsrcimg.4dfp.img
Writing: talsrcimg_g11.4dfp.img
image dimensions 256 256 256 padded to 288 288 288
processing volume 1freesurfer ifh2hdr.c
Fri Mar 13 06:03:46 2026
Writing: talsrcimg_g11.4dfp.hdr

Writing: talsrcimg_g11.4dfp.ifh
including: talsrcimg.4dfp.img.rec in talsrcimg_g11.4dfp.img.rec

---------------------------------------------------------------------
imgreg_4dfp /opt/freesurfer/average/711-2C_as_mni_average_305 none talsrcimg_g11 none talsrcimg_to_711-2C_as_mni_average_305_t4 4355
---------------------------------------------------------------------

freesurfer imgreg_4dfp.c
/opt/freesurfer/average/711-2C_as_mni_average_305.4dfp.img
       256       256       256         1
  1.000000  1.000000  1.000000
orientation T byte_order littleendian
Reading image: /opt/freesurfer/average/711-2C_as_mni_average_305.4dfp.img
dimensions:      256       256       256
mmppix:       1.0000   -1.0000   -1.0000
center:     128.0000 -129.0000 -129.0000
talsrcimg_g11.4dfp.img
       256       256       256         1
  1.000000  1.000000  1.000000
orientation T byte_order littleendian
Reading image: talsrcimg_g11.4dfp.img
dimensions:      256       256       256
mmppix:       1.0000   -1.0000   -1.0000
center:     128.0000 -129.0000 -129.0000
t4_read: open error in t4_sub.f l:  41 t4_file(1:l)talsrcimg_to_711-2C_as_mni_average_305_t4 
t4_read: transform initialized to I4
rotation matrix determinant  1.000000
image alignment mode   4355 decimal     1103 hex
   -7.5000  -45.0000  -45.0000 5234.2319   14.8691
    0.0000  -45.0000  -45.0000 5419.6304   14.8792
    7.5000  -45.0000  -45.0000 5186.0542   14.8991
   -7.5000  -37.5000  -45.0000 5756.8916   14.3145
    0.0000  -37.5000  -45.0000 5946.7432   14.3271
    7.5000  -37.5000  -45.0000 5694.3091   14.3496
   -7.5000  -30.0000  -45.0000 6528.5283   13.9523
    0.0000  -30.0000  -45.0000 6746.1694   13.9720
    7.5000  -30.0000  -45.0000 6438.2539   13.9968
   -7.5000  -22.5000  -45.0000 7299.5142   13.7359
    0.0000  -22.5000  -45.0000 7567.7988   13.7617
    7.5000  -22.5000  -45.0000 7193.9902   13.7885
   -7.5000  -15.0000  -45.0000 8097.7217   13.6647
    0.0000  -15.0000  -45.0000 8416.1094   13.6876
    7.5000  -15.0000  -45.0000 7986.7935   13.7119
   -7.5000   -7.5000  -45.0000 8960.7441   13.6688
    0.0000   -7.5000  -45.0000 9329.6865   13.6819
    7.5000   -7.5000  -45.0000 8857.9844   13.7016
   -7.5000    0.0000  -45.0000 9787.8311   13.6569
    0.0000    0.0000  -45.000010187.3945   13.6628
    7.5000    0.0000  -45.0000 9688.8340   13.6798
   -7.5000    7.5000  -45.0000 9853.2129   13.6378
    0.0000    7.5000  -45.000010265.8867   13.6472
    7.5000    7.5000  -45.0000 9757.0029   13.6669
   -7.5000   15.0000  -45.0000 9814.7334   13.6291
    0.0000   15.0000  -45.000010257.9414   13.6484
    7.5000   15.0000  -45.0000 9692.1143   13.6730
   -7.5000   22.5000  -45.0000 9716.6709   13.6417
    0.0000   22.5000  -45.000010119.9580   13.6672
    7.5000   22.5000  -45.0000 9557.0234   13.6938
   -7.5000   30.0000  -45.0000 9495.8174   13.4821
    0.0000   30.0000  -45.0000 9896.5215   13.5047
    7.5000   30.0000  -45.0000 9365.6875   13.5287
   -7.5000   37.5000  -45.0000 9450.6436   13.4867
    0.0000   37.5000  -45.0000 9832.8447   13.4996
    7.5000   37.5000  -45.0000 9340.9600   13.5190
   -7.5000   45.0000  -45.0000 9101.0576   13.1328
    0.0000   45.0000  -45.0000 9465.8945   13.1384
    7.5000   45.0000  -45.0000 9007.4092   13.1548
   -7.5000  -45.0000  -37.5000 5573.9312   14.7154
    0.0000  -45.0000  -37.5000 5763.9912   14.7298
    7.5000  -45.0000  -37.5000 5504.8413   14.7437
   -7.5000  -37.5000  -37.5000 6119.6152   14.1682
    0.0000  -37.5000  -37.5000 6327.2881   14.1848
    7.5000  -37.5000  -37.5000 6033.4863   14.2031
   -7.5000  -30.0000  -37.5000 6929.7959   13.8078
    0.0000  -30.0000  -37.5000 7177.8867   13.8312
    7.5000  -30.0000  -37.5000 6825.8828   13.8519
   -7.5000  -22.5000  -37.5000 7780.6572   13.5966
    0.0000  -22.5000  -37.5000 8080.2993   13.6253
    7.5000  -22.5000  -37.5000 7651.3716   13.6464
   -7.5000  -15.0000  -37.5000 8660.7480   13.5317
    0.0000  -15.0000  -37.5000 9012.7695   13.5566
    7.5000  -15.0000  -37.5000 8522.5039   13.5733
   -7.5000   -7.5000  -37.5000 9585.2812   13.5392
    0.0000   -7.5000  -37.5000 9966.9170   13.5549
    7.5000   -7.5000  -37.5000 9429.1729   13.5674
   -7.5000    0.0000  -37.500010486.9316   13.5273
    0.0000    0.0000  -37.500010907.9336   13.5362
    7.5000    0.0000  -37.500010297.1533   13.5477
   -7.5000    7.5000  -37.500010556.9736   13.5043
    0.0000    7.5000  -37.500010994.5566   13.5170
    7.5000    7.5000  -37.500010377.9668   13.5324
   -7.5000   15.0000  -37.500010472.5996   13.4911
    0.0000   15.0000  -37.500010934.9375   13.5139
    7.5000   15.0000  -37.500010289.9785   13.5346
   -7.5000   22.5000  -37.500010334.4297   13.5041
    0.0000   22.5000  -37.500010773.6777   13.5325
    7.5000   22.5000  -37.500010141.8340   13.5535
   -7.5000   30.0000  -37.500010107.4092   13.3508
    0.0000   30.0000  -37.500010556.9473   13.3755
    7.5000   30.0000  -37.5000 9942.4658   13.3919
   -7.5000   37.5000  -37.500010056.3340   13.3588
    0.0000   37.5000  -37.500010495.1895   13.3743
    7.5000   37.5000  -37.5000 9908.8447   13.3866
   -7.5000   45.0000  -37.5000 9685.1104   13.0081
    0.0000   45.0000  -37.500010103.1465   13.0167
    7.5000   45.0000  -37.5000 9520.2822   13.0277
   -7.5000  -45.0000  -30.0000 6044.6094   15.3246
    0.0000  -45.0000  -30.0000 6262.2852   15.3401
    7.5000  -45.0000  -30.0000 5947.4800   15.3536
   -7.5000  -37.5000  -30.0000 6613.6226   14.7625
    0.0000  -37.5000  -30.0000 6860.5571   14.7796
    7.5000  -37.5000  -30.0000 6523.5576   14.7958
   -7.5000  -30.0000  -30.0000 7481.4980   14.3810
    0.0000  -30.0000  -30.0000 7777.6108   14.4070
    7.5000  -30.0000  -30.0000 7376.4595   14.4271
   -7.5000  -22.5000  -30.0000 8437.5127   14.1494
    0.0000  -22.5000  -30.0000 8759.0029   14.1832
    7.5000  -22.5000  -30.0000 8278.3154   14.2063
   -7.5000  -15.0000  -30.0000 9432.5576   14.0750
    0.0000  -15.0000  -30.0000 9785.9922   14.1052
    7.5000  -15.0000  -30.0000 9242.3057   14.1248
   -7.5000   -7.5000  -30.000010416.2031   14.0890
    0.0000   -7.5000  -30.000010822.2520   14.1073
    7.5000   -7.5000  -30.000010203.4287   14.1217
   -7.5000    0.0000  -30.000011413.2305   14.0883
    0.0000    0.0000  -30.000011873.2910   14.0974
    7.5000    0.0000  -30.000011137.1367   14.1081
   -7.5000    7.5000  -30.000011489.2070   14.0699
    0.0000    7.5000  -30.000011969.7744   14.0831
    7.5000    7.5000  -30.000011226.3955   14.0965
   -7.5000   15.0000  -30.000011383.1621   14.0513
    0.0000   15.0000  -30.000011890.8027   14.0770
    7.5000   15.0000  -30.000011150.8330   14.0973
   -7.5000   22.5000  -30.000011248.3584   14.0518
    0.0000   22.5000  -30.000011733.3057   14.0852
    7.5000   22.5000  -30.000010991.2793   14.1081
   -7.5000   30.0000  -30.000011000.2881   13.8883
    0.0000   30.0000  -30.000011480.7461   13.9180
    7.5000   30.0000  -30.000010742.3330   13.9374
   -7.5000   37.5000  -30.000010917.9199   13.9026
    0.0000   37.5000  -30.000011406.1816   13.9206
    7.5000   37.5000  -30.000010673.7773   13.9349
   -7.5000   45.0000  -30.000010480.1709   13.5575
    0.0000   45.0000  -30.000010947.7900   13.5663
    7.5000   45.0000  -30.000010227.5908   13.5766
   -7.5000  -45.0000  -22.5000 6491.2788   15.8504
    0.0000  -45.0000  -22.5000 6731.0444   15.8630
    7.5000  -45.0000  -22.5000 6384.7383   15.8841
   -7.5000  -37.5000  -22.5000 7110.6768   15.2801
    0.0000  -37.5000  -22.5000 7384.1646   15.2942
    7.5000  -37.5000  -22.5000 6995.9795   15.3136
   -7.5000  -30.0000  -22.5000 8059.6338   14.8854
    0.0000  -30.0000  -22.5000 8376.1777   14.9106
    7.5000  -30.0000  -22.5000 7918.1260   14.9348
   -7.5000  -22.5000  -22.5000 9114.7334   14.6334
    0.0000  -22.5000  -22.5000 9472.3330   14.6700
    7.5000  -22.5000  -22.5000 8933.2598   14.7020
   -7.5000  -15.0000  -22.500010196.9473   14.5443
    0.0000  -15.0000  -22.500010601.2607   14.5780
    7.5000  -15.0000  -22.5000 9990.6885   14.6108
   -7.5000   -7.5000  -22.500011274.7715   14.5606
    0.0000   -7.5000  -22.500011723.5674   14.5794
    7.5000   -7.5000  -22.500011038.9600   14.6058
   -7.5000    0.0000  -22.500012348.0586   14.5715
    0.0000    0.0000  -22.500012830.3232   14.5781
    7.5000    0.0000  -22.500012041.1309   14.5959
   -7.5000    7.5000  -22.500012440.1621   14.5626
    0.0000    7.5000  -22.500012947.2979   14.5734
    7.5000    7.5000  -22.500012127.4199   14.5905
   -7.5000   15.0000  -22.500012326.9863   14.5440
    0.0000   15.0000  -22.500012828.5918   14.5695
    7.5000   15.0000  -22.500012012.1475   14.5940
   -7.5000   22.5000  -22.500012173.0195   14.5316
    0.0000   22.5000  -22.500012690.7305   14.5677
    7.5000   22.5000  -22.500011830.3564   14.5994
   -7.5000   30.0000  -22.500011877.9238   14.3535
    0.0000   30.0000  -22.500012401.6738   14.3868
    7.5000   30.0000  -22.500011562.4141   14.4192
   -7.5000   37.5000  -22.500011788.4531   14.3701
    0.0000   37.5000  -22.500012323.8018   14.3887
    7.5000   37.5000  -22.500011485.0986   14.4148
   -7.5000   45.0000  -22.500011264.7129   14.0331
    0.0000   45.0000  -22.500011791.8975   14.0394
    7.5000   45.0000  -22.500010979.8184   14.0565
   -7.5000  -45.0000  -15.0000 6927.2861   16.2317
    0.0000  -45.0000  -15.0000 7193.5771   16.2407
    7.5000  -45.0000  -15.0000 6813.0845   16.2703
   -7.5000  -37.5000  -15.0000 7616.3398   15.6509
    0.0000  -37.5000  -15.0000 7914.8286   15.6615
    7.5000  -37.5000  -15.0000 7502.2568   15.6867
   -7.5000  -30.0000  -15.0000 8669.6230   15.2523
    0.0000  -30.0000  -15.0000 9003.1240   15.2745
    7.5000  -30.0000  -15.0000 8515.8096   15.3040
   -7.5000  -22.5000  -15.0000 9812.1455   14.9941
    0.0000  -22.5000  -15.000010195.2607   15.0289
    7.5000  -22.5000  -15.0000 9636.6289   15.0683
   -7.5000  -15.0000  -15.000010969.1338   14.8983
    0.0000  -15.0000  -15.000011410.5322   14.9311
    7.5000  -15.0000  -15.000010775.1172   14.9742
   -7.5000   -7.5000  -15.000012141.9883   14.9110
    0.0000   -7.5000  -15.000012627.7305   14.9283
    7.5000   -7.5000  -15.000011907.9814   14.9648
   -7.5000    0.0000  -15.000013279.6055   14.9217
    0.0000    0.0000  -15.000013797.3828   14.9258
    7.5000    0.0000  -15.000012964.1279   14.9517
   -7.5000    7.5000  -15.000013358.0850   14.9163
    0.0000    7.5000  -15.000013923.1299   14.9245
    7.5000    7.5000  -15.000013054.8281   14.9474
   -7.5000   15.0000  -15.000013208.8975   14.9024
    0.0000   15.0000  -15.000013750.4160   14.9252
    7.5000   15.0000  -15.000012882.7920   14.9548
   -7.5000   22.5000  -15.000013008.5830   14.8892
    0.0000   22.5000  -15.000013572.2676   14.9235
    7.5000   22.5000  -15.000012671.4111   14.9626
   -7.5000   30.0000  -15.000012736.1631   14.7050
    0.0000   30.0000  -15.000013302.9248   14.7373
    7.5000   30.0000  -15.000012383.8555   14.7799
   -7.5000   37.5000  -15.000012700.8291   14.7180
    0.0000   37.5000  -15.000013275.1250   14.7351
    7.5000   37.5000  -15.000012338.2012   14.7711
   -7.5000   45.0000  -15.000012077.5635   14.3790
    0.0000   45.0000  -15.000012657.0771   14.3830
    7.5000   45.0000  -15.000011775.3740   14.4079
   -7.5000  -45.0000   -7.5000 7435.1206   16.4274
    0.0000  -45.0000   -7.5000 7729.9653   16.4359
    7.5000  -45.0000   -7.5000 7323.2129   16.4650
   -7.5000  -37.5000   -7.5000 8174.7998   15.8306
    0.0000  -37.5000   -7.5000 8514.0547   15.8414
    7.5000  -37.5000   -7.5000 8065.9956   15.8693
   -7.5000  -30.0000   -7.5000 9311.1621   15.4325
    0.0000  -30.0000   -7.5000 9680.0068   15.4532
    7.5000  -30.0000   -7.5000 9167.7227   15.4847
   -7.5000  -22.5000   -7.500010516.5830   15.1840
    0.0000  -22.5000   -7.500010952.9980   15.2147
    7.5000  -22.5000   -7.500010371.7646   15.2530
   -7.5000  -15.0000   -7.500011762.4062   15.0956
    0.0000  -15.0000   -7.500012230.1699   15.1241
    7.5000  -15.0000   -7.500011586.8066   15.1634
   -7.5000   -7.5000   -7.500013002.6631   15.1032
    0.0000   -7.5000   -7.500013519.4971   15.1182
    7.5000   -7.5000   -7.500012804.2734   15.1513
   -7.5000    0.0000   -7.500014207.5498   15.1014
    0.0000    0.0000   -7.500014763.7109   15.1056
    7.5000    0.0000   -7.500013956.2305   15.1310
   -7.5000    7.5000   -7.500014298.2207   15.0888
    0.0000    7.5000   -7.500014910.3525   15.0970
    7.5000    7.5000   -7.500014032.1377   15.1220
   -7.5000   15.0000   -7.500014128.3291   15.0785
    0.0000   15.0000   -7.500014704.8076   15.0993
    7.5000   15.0000   -7.500013824.2773   15.1306
   -7.5000   22.5000   -7.500013914.9268   15.0760
    0.0000   22.5000   -7.500014491.2256   15.1064
    7.5000   22.5000   -7.500013583.5039   15.1443
   -7.5000   30.0000   -7.500013631.6348   14.8993
    0.0000   30.0000   -7.500014216.1172   14.9274
    7.5000   30.0000   -7.500013267.5361   14.9663
   -7.5000   37.5000   -7.500013602.4727   14.9073
    0.0000   37.5000   -7.500014207.0137   14.9222
    7.5000   37.5000   -7.500013232.1475   14.9548
   -7.5000   45.0000   -7.500012902.2051   14.5549
    0.0000   45.0000   -7.500013498.5625   14.5590
    7.5000   45.0000   -7.500012591.9473   14.5835
   -7.5000  -45.0000    0.0000 7929.6182   16.4628
    0.0000  -45.0000    0.0000 8246.1924   16.4746
    7.5000  -45.0000    0.0000 7811.2524   16.4969
   -7.5000  -37.5000    0.0000 8685.0146   15.8535
    0.0000  -37.5000    0.0000 9036.6123   15.8681
    7.5000  -37.5000    0.0000 8573.4443   15.8938
   -7.5000  -30.0000    0.0000 9876.3779   15.4556
    0.0000  -30.0000    0.000010275.1006   15.4783
    7.5000  -30.0000    0.0000 9758.4863   15.5067
   -7.5000  -22.5000    0.000011157.0244   15.2193
    0.0000  -22.5000    0.000011614.4688   15.2484
    7.5000  -22.5000    0.000011032.0059   15.2789
   -7.5000  -15.0000    0.000012493.0273   15.1426
    0.0000  -15.0000    0.000012970.0996   15.1683
    7.5000  -15.0000    0.000012323.9590   15.1957
   -7.5000   -7.5000    0.000013842.5859   15.1476
    0.0000   -7.5000    0.000014373.1328   15.1625
    7.5000   -7.5000    0.000013645.8086   15.1846
   -7.5000    0.0000    0.000015085.5371   15.1338
    0.0000    0.0000    0.000015667.1182   15.1408
    7.5000    0.0000    0.000014877.4961   15.1599
   -7.5000    7.5000    0.000015199.2412   15.1114
    0.0000    7.5000    0.000015836.5176   15.1225
    7.5000    7.5000    0.000014994.5400   15.1449
   -7.5000   15.0000    0.000015063.6631   15.1011
    0.0000   15.0000    0.000015647.4727   15.1233
    7.5000   15.0000    0.000014820.1924   15.1514
   -7.5000   22.5000    0.000014782.9902   15.1110
    0.0000   22.5000    0.000015386.0986   15.1398
    7.5000   22.5000    0.000014527.0420   15.1700
   -7.5000   30.0000    0.000014467.4531   14.9461
    0.0000   30.0000    0.000015028.4707   14.9715
    7.5000   30.0000    0.000014161.4463   14.9985
   -7.5000   37.5000    0.000014443.7500   14.9516
    0.0000   37.5000    0.000015051.3350   14.9663
    7.5000   37.5000    0.000014107.5381   14.9880
   -7.5000   45.0000    0.000013676.8896   14.5872
    0.0000   45.0000    0.000014268.0635   14.5940
    7.5000   45.0000    0.000013387.3242   14.6124
   -7.5000  -45.0000    7.5000 7744.8013   16.4587
    0.0000  -45.0000    7.5000 8055.6655   16.4747
    7.5000  -45.0000    7.5000 7625.5684   16.4903
   -7.5000  -37.5000    7.5000 8516.9600   15.8471
    0.0000  -37.5000    7.5000 8863.0010   15.8655
    7.5000  -37.5000    7.5000 8414.2686   15.8859
   -7.5000  -30.0000    7.5000 9712.8750   15.4441
    0.0000  -30.0000    7.500010101.8711   15.4703
    7.5000  -30.0000    7.5000 9622.8809   15.4935
   -7.5000  -22.5000    7.500010971.9219   15.2080
    0.0000  -22.5000    7.500011404.8555   15.2401
    7.5000  -22.5000    7.500010856.0361   15.2637
   -7.5000  -15.0000    7.500012275.4424   15.1354
    0.0000  -15.0000    7.500012722.0459   15.1632
    7.5000  -15.0000    7.500012126.8359   15.1818
   -7.5000   -7.5000    7.500013619.4697   15.1438
    0.0000   -7.5000    7.500014093.0146   15.1613
    7.5000   -7.5000    7.500013404.7275   15.1752
   -7.5000    0.0000    7.500014847.7285   15.1304
    0.0000    0.0000    7.500015368.3242   15.1404
    7.5000    0.0000    7.500014636.0674   15.1531
   -7.5000    7.5000    7.500015025.9023   15.1048
    0.0000    7.5000    7.500015593.2412   15.1189
    7.5000    7.5000    7.500014811.5332   15.1361
   -7.5000   15.0000    7.500015025.4805   15.0901
    0.0000   15.0000    7.500015671.8643   15.1155
    7.5000   15.0000    7.500014755.6484   15.1387
   -7.5000   22.5000    7.500014778.9473   15.0998
    0.0000   22.5000    7.500015420.0703   15.1315
    7.5000   22.5000    7.500014561.8896   15.1549
   -7.5000   30.0000    7.500014358.2666   14.9390
    0.0000   30.0000    7.500014904.2217   14.9665
    7.5000   30.0000    7.500014156.6445   14.9848
   -7.5000   37.5000    7.500014299.4463   14.9478
    0.0000   37.5000    7.500014881.3213   14.9650
    7.5000   37.5000    7.500014029.7900   14.9788
   -7.5000   45.0000    7.500013581.4609   14.5840
    0.0000   45.0000    7.500014162.7344   14.5936
    7.5000   45.0000    7.500013272.3164   14.6059
   -7.5000  -45.0000   15.0000 7481.9082   16.4561
    0.0000  -45.0000   15.0000 7761.0190   16.4728
    7.5000  -45.0000   15.0000 7338.4971   16.4872
   -7.5000  -37.5000   15.0000 8256.3750   15.8525
    0.0000  -37.5000   15.0000 8562.5576   15.8709
    7.5000  -37.5000   15.0000 8120.0635   15.8883
   -7.5000  -30.0000   15.0000 9439.7686   15.4428
    0.0000  -30.0000   15.0000 9799.3389   15.4708
    7.5000  -30.0000   15.0000 9324.8418   15.4923
   -7.5000  -22.5000   15.000010638.5342   15.1941
    0.0000  -22.5000   15.000011049.1953   15.2304
    7.5000  -22.5000   15.000010538.7070   15.2553
   -7.5000  -15.0000   15.000011899.3291   15.1142
    0.0000  -15.0000   15.000012355.9668   15.1466
    7.5000  -15.0000   15.000011794.3584   15.1677
   -7.5000   -7.5000   15.000013195.7080   15.1292
    0.0000   -7.5000   15.000013699.9414   15.1489
    7.5000   -7.5000   15.000013038.3242   15.1644
   -7.5000    0.0000   15.000014388.8623   15.1285
    0.0000    0.0000   15.000014926.2812   15.1383
    7.5000    0.0000   15.000014243.3125   15.1498
   -7.5000    7.5000   15.000014570.6309   15.1087
    0.0000    7.5000   15.000015206.2227   15.1229
    7.5000    7.5000   15.000014398.5498   15.1374
   -7.5000   15.0000   15.000014770.6533   15.0888
    0.0000   15.0000   15.000015428.2148   15.1164
    7.5000   15.0000   15.000014430.8027   15.1382
   -7.5000   22.5000   15.000014543.9033   15.0860
    0.0000   22.5000   15.000015060.0000   15.1219
    7.5000   22.5000   15.000014320.1367   15.1465
   -7.5000   30.0000   15.000014045.2744   14.9181
    0.0000   30.0000   15.000014479.4463   14.9501
    7.5000   30.0000   15.000013868.2803   14.9709
   -7.5000   37.5000   15.000013939.8301   14.9334
    0.0000   37.5000   15.000014459.2295   14.9529
    7.5000   37.5000   15.000013669.3262   14.9681
   -7.5000   45.0000   15.000013268.4014   14.5821
    0.0000   45.0000   15.000013845.2627   14.5916
    7.5000   45.0000   15.000012939.0830   14.6026
   -7.5000  -45.0000   22.5000 7082.3618   16.4539
    0.0000  -45.0000   22.5000 7367.6328   16.4671
    7.5000  -45.0000   22.5000 6974.1621   16.4890
   -7.5000  -37.5000   22.5000 7896.4526   15.8620
    0.0000  -37.5000   22.5000 8216.6445   15.8766
    7.5000  -37.5000   22.5000 7778.8252   15.8968
   -7.5000  -30.0000   22.5000 9075.7939   15.4522
    0.0000  -30.0000   22.5000 9444.1367   15.4784
    7.5000  -30.0000   22.5000 8973.0967   15.5035
   -7.5000  -22.5000   22.500010226.4492   15.1907
    0.0000  -22.5000   22.500010628.8467   15.2286
    7.5000  -22.5000   22.500010151.0117   15.2619
   -7.5000  -15.0000   22.500011440.2734   15.0981
    0.0000  -15.0000   22.500011880.6602   15.1331
    7.5000  -15.0000   22.500011354.9004   15.1672
   -7.5000   -7.5000   22.500012663.3125   15.1150
    0.0000   -7.5000   22.500013160.0811   15.1346
    7.5000   -7.5000   22.500012554.3389   15.1620
   -7.5000    0.0000   22.500013817.4111   15.1264
    0.0000    0.0000   22.500014354.4541   15.1332
    7.5000    0.0000   22.500013703.5186   15.1517
   -7.5000    7.5000   22.500014020.5693   15.1171
    0.0000    7.5000   22.500014655.6104   15.1284
    7.5000    7.5000   22.500013828.3311   15.1461
   -7.5000   15.0000   22.500014171.4111   15.0979
    0.0000   15.0000   22.500014791.2900   15.1243
    7.5000   15.0000   22.500013817.6543   15.1497
   -7.5000   22.5000   22.500013987.8535   15.0827
    0.0000   22.5000   22.500014496.6660   15.1201
    7.5000   22.5000   22.500013593.9209   15.1531
   -7.5000   30.0000   22.500013629.8154   14.9022
    0.0000   30.0000   22.500014038.3018   14.9367
    7.5000   30.0000   22.500013238.8926   14.9704
   -7.5000   37.5000   22.500013515.1816   14.9194
    0.0000   37.5000   22.500014005.0791   14.9387
    7.5000   37.5000   22.500013133.6719   14.9658
   -7.5000   45.0000   22.500012808.0859   14.5801
    0.0000   45.0000   22.500013331.3223   14.5867
    7.5000   45.0000   22.500012474.3770   14.6045
   -7.5000  -45.0000   30.0000 6636.4663   16.4545
    0.0000  -45.0000   30.0000 6904.5283   16.4636
    7.5000  -45.0000   30.0000 6571.3428   16.4936
   -7.5000  -37.5000   30.0000 7419.1953   15.8658
    0.0000  -37.5000   30.0000 7725.6997   15.8765
    7.5000  -37.5000   30.0000 7359.0371   15.9021
   -7.5000  -30.0000   30.0000 8556.0537   15.4617
    0.0000  -30.0000   30.0000 8908.8037   15.4842
    7.5000  -30.0000   30.0000 8490.5498   15.5141
   -7.5000  -22.5000   30.0000 9666.2842   15.2000
    0.0000  -22.5000   30.000010093.9297   15.2352
    7.5000  -22.5000   30.0000 9598.6768   15.2752
   -7.5000  -15.0000   30.000010817.9336   15.1028
    0.0000  -15.0000   30.000011323.6689   15.1361
    7.5000  -15.0000   30.000010719.9492   15.1798
   -7.5000   -7.5000   30.000011982.8057   15.1157
    0.0000   -7.5000   30.000012539.9023   15.1332
    7.5000   -7.5000   30.000011862.2012   15.1702
   -7.5000    0.0000   30.000013128.4062   15.1266
    0.0000    0.0000   30.000013716.1299   15.1307
    7.5000    0.0000   30.000012984.7861   15.1569
   -7.5000    7.5000   30.000013318.8467   15.1211
    0.0000    7.5000   30.000013951.0088   15.1294
    7.5000    7.5000   30.000013122.4004   15.1526
   -7.5000   15.0000   30.000013311.8262   15.1070
    0.0000   15.0000   30.000013835.7393   15.1301
    7.5000   15.0000   30.000013042.6533   15.1600
   -7.5000   22.5000   30.000012977.3145   15.0920
    0.0000   22.5000   30.000013408.8662   15.1268
    7.5000   22.5000   30.000012747.4912   15.1664
   -7.5000   30.0000   30.000012648.0645   14.9068
    0.0000   30.0000   30.000013053.9326   14.9397
    7.5000   30.0000   30.000012437.3447   14.9828
   -7.5000   37.5000   30.000012661.7920   14.9201
    0.0000   37.5000   30.000013104.9736   14.9373
    7.5000   37.5000   30.000012439.6943   14.9739
   -7.5000   45.0000   30.000012090.0254   14.5803
    0.0000   45.0000   30.000012527.5264   14.5843
    7.5000   45.0000   30.000011871.4521   14.6095
   -7.5000  -45.0000   37.5000 6379.4028   16.4694
    0.0000  -45.0000   37.5000 6648.7705   16.4778
    7.5000  -45.0000   37.5000 6319.4478   16.5069
   -7.5000  -37.5000   37.5000 7155.8042   15.8707
    0.0000  -37.5000   37.5000 7475.3032   15.8815
    7.5000  -37.5000   37.5000 7080.9204   15.9094
   -7.5000  -30.0000   37.5000 8279.1104   15.4714
    0.0000  -30.0000   37.5000 8658.1377   15.4921
    7.5000  -30.0000   37.5000 8182.4570   15.5237
   -7.5000  -22.5000   37.5000 9403.8457   15.2221
    0.0000  -22.5000   37.5000 9830.5391   15.2528
    7.5000  -22.5000   37.5000 9272.9746   15.2912
   -7.5000  -15.0000   37.500010531.5059   15.1334
    0.0000  -15.0000   37.500010981.0596   15.1619
    7.5000  -15.0000   37.500010367.4180   15.2014
   -7.5000   -7.5000   37.500011647.7822   15.1411
    0.0000   -7.5000   37.500012146.6592   15.1561
    7.5000   -7.5000   37.500011487.0957   15.1892
   -7.5000    0.0000   37.500012678.9453   15.1393
    0.0000    0.0000   37.500013222.3779   15.1435
    7.5000    0.0000   37.500012546.7754   15.1689
   -7.5000    7.5000   37.500012781.0918   15.1267
    0.0000    7.5000   37.500013364.8857   15.1348
    7.5000    7.5000   37.500012698.6729   15.1599
   -7.5000   15.0000   37.500012700.5371   15.1163
    0.0000   15.0000   37.500013186.4512   15.1371
    7.5000   15.0000   37.500012608.8457   15.1684
   -7.5000   22.5000   37.500012412.0078   15.1138
    0.0000   22.5000   37.500012855.5195   15.1442
    7.5000   22.5000   37.500012333.3730   15.1822
   -7.5000   30.0000   37.500012082.1689   14.9370
    0.0000   30.0000   37.500012519.2256   14.9652
    7.5000   30.0000   37.500012038.5752   15.0042
   -7.5000   37.5000   37.500012124.1914   14.9451
    0.0000   37.5000   37.500012552.3896   14.9600
    7.5000   37.5000   37.500012069.5830   14.9926
   -7.5000   45.0000   37.500011644.6572   14.5926
    0.0000   45.0000   37.500012044.4941   14.5966
    7.5000   45.0000   37.500011557.0049   14.6211
   -7.5000  -45.0000   45.0000 5865.5762   16.5459
    0.0000  -45.0000   45.0000 6100.2163   16.5574
    7.5000  -45.0000   45.0000 5779.0122   16.5798
   -7.5000  -37.5000   45.0000 6574.5801   15.9267
    0.0000  -37.5000   45.0000 6851.8179   15.9411
    7.5000  -37.5000   45.0000 6489.6895   15.9669
   -7.5000  -30.0000   45.0000 7601.1665   15.5226
    0.0000  -30.0000   45.0000 7925.2495   15.5452
    7.5000  -30.0000   45.0000 7516.0967   15.5739
   -7.5000  -22.5000   45.0000 8629.4961   15.2826
    0.0000  -22.5000   45.0000 8985.8789   15.3119
    7.5000  -22.5000   45.0000 8520.0918   15.3427
   -7.5000  -15.0000   45.0000 9627.4893   15.2047
    0.0000  -15.0000   45.000010017.8203   15.2305
    7.5000  -15.0000   45.0000 9512.0713   15.2581
   -7.5000   -7.5000   45.000010651.9111   15.2098
    0.0000   -7.5000   45.000011094.1836   15.2246
    7.5000   -7.5000   45.000010544.5000   15.2466
   -7.5000    0.0000   45.000011628.0732   15.1958
    0.0000    0.0000   45.000012126.7910   15.2026
    7.5000    0.0000   45.000011531.5020   15.2216
   -7.5000    7.5000   45.000011721.1641   15.1732
    0.0000    7.5000   45.000012262.3896   15.1840
    7.5000    7.5000   45.000011668.8115   15.2065
   -7.5000   15.0000   45.000011624.2432   15.1628
    0.0000   15.0000   45.000012101.3848   15.1848
    7.5000   15.0000   45.000011574.8760   15.2132
   -7.5000   22.5000   45.000011371.0498   15.1727
    0.0000   22.5000   45.000011804.7695   15.2017
    7.5000   22.5000   45.000011331.5010   15.2322
   -7.5000   30.0000   45.000011077.8027   15.0060
    0.0000   30.0000   45.000011476.6240   15.0316
    7.5000   30.0000   45.000011046.8438   15.0588
   -7.5000   37.5000   45.000011121.1279   15.0116
    0.0000   37.5000   45.000011492.5908   15.0263
    7.5000   37.5000   45.000011086.8105   15.0480
   -7.5000   45.0000   45.000010684.4375   14.6537
    0.0000   45.0000   45.000011050.1982   14.6602
    7.5000   45.0000   45.000010631.1494   14.6786

---------------------------------------------------------------------
imgreg_4dfp /opt/freesurfer/average/711-2C_as_mni_average_305 /opt/freesurfer/average/711-2B_as_mni_average_305_mask talsrcimg_g11 none talsrcimg_to_711-2C_as_mni_average_305_t4 4355
---------------------------------------------------------------------

freesurfer imgreg_4dfp.c
/opt/freesurfer/average/711-2C_as_mni_average_305.4dfp.img
       256       256       256         1
  1.000000  1.000000  1.000000
orientation T byte_order littleendian
Reading image: /opt/freesurfer/average/711-2C_as_mni_average_305.4dfp.img
dimensions:      256       256       256
mmppix:       1.0000   -1.0000   -1.0000
center:     128.0000 -129.0000 -129.0000
/opt/freesurfer/average/711-2B_as_mni_average_305_mask.4dfp.img
       256       256       256         1
  1.000000  1.000000  1.000000
orientation T byte_order littleendian
Reading mask: /opt/freesurfer/average/711-2B_as_mni_average_305_mask.4dfp.img (2306576 pixels)
talsrcimg_g11.4dfp.img
       256       256       256         1
  1.000000  1.000000  1.000000
orientation T byte_order littleendian
Reading image: talsrcimg_g11.4dfp.img
dimensions:      256       256       256
mmppix:       1.0000   -1.0000   -1.0000
center:     128.0000 -129.0000 -129.0000
rotation matrix determinant  1.000000
image alignment mode   4355 decimal     1103 hex
   -7.5000  -37.5000  -45.0000 1734.8948   23.4792
    0.0000  -37.5000  -45.0000 1730.2422   23.3240
    7.5000  -37.5000  -45.0000 1710.6770   23.6226
   -7.5000  -30.0000  -45.0000 1844.1854   20.8041
    0.0000  -30.0000  -45.0000 1835.3632   20.7324
    7.5000  -30.0000  -45.0000 1815.0625   20.9471
   -7.5000  -22.5000  -45.0000 1938.2119   18.6923
    0.0000  -22.5000  -45.0000 1931.2937   18.6649
    7.5000  -22.5000  -45.0000 1907.1592   18.8569
   -7.5000  -15.0000  -45.0000 2021.7072   17.0166
    0.0000  -15.0000  -45.0000 2017.8494   17.0147
    7.5000  -15.0000  -45.0000 1997.1743   17.1756
   -7.5000   -7.5000  -45.0000 2094.3323   15.7231
    0.0000   -7.5000  -45.0000 2096.4395   15.7417
    7.5000   -7.5000  -45.0000 2079.5867   15.8706
   -7.5000    0.0000  -45.0000 2148.0098   14.7370
    0.0000    0.0000  -45.0000 2144.2390   14.7529
    7.5000    0.0000  -45.0000 2133.4443   14.9075
   -7.5000    7.5000  -45.0000 2177.4988   14.1207
    0.0000    7.5000  -45.0000 2174.8640   14.1664
    7.5000    7.5000  -45.0000 2161.2283   14.3582
   -7.5000   15.0000  -45.0000 2196.4570   13.8281
    0.0000   15.0000  -45.0000 2197.4182   13.8948
    7.5000   15.0000  -45.0000 2176.1492   14.1249
   -7.5000   22.5000  -45.0000 2203.1892   13.8235
    0.0000   22.5000  -45.0000 2203.5032   13.8461
    7.5000   22.5000  -45.0000 2178.8257   14.1062
   -7.5000   30.0000  -45.0000 2192.2896   13.9640
    0.0000   30.0000  -45.0000 2194.4377   13.9897
    7.5000   30.0000  -45.0000 2170.0537   14.2562
   -7.5000   37.5000  -45.0000 2163.4360   14.2925
    0.0000   37.5000  -45.0000 2166.6936   14.3288
    7.5000   37.5000  -45.0000 2144.9407   14.6099
   -7.5000   45.0000  -45.0000 2119.7263   14.9854
    0.0000   45.0000  -45.0000 2127.8254   14.9397
    7.5000   45.0000  -45.0000 2106.0344   15.2727
   -7.5000   52.5000  -45.0000 2051.8777   15.7869
    0.0000   52.5000  -45.0000 2057.5830   15.7432
    7.5000   52.5000  -45.0000 2034.4819   16.0913
   -7.5000  -37.5000  -37.5000 1792.5548   21.9730
    0.0000  -37.5000  -37.5000 1784.6370   21.9124
    7.5000  -37.5000  -37.5000 1764.8174   22.0919
   -7.5000  -30.0000  -37.5000 1912.4924   19.3607
    0.0000  -30.0000  -37.5000 1904.7626   19.3934
    7.5000  -30.0000  -37.5000 1883.1234   19.4880
   -7.5000  -22.5000  -37.5000 2020.7471   17.3468
    0.0000  -22.5000  -37.5000 2014.2644   17.3996
    7.5000  -22.5000  -37.5000 1991.2698   17.4445
   -7.5000  -15.0000  -37.5000 2113.4922   15.7710
    0.0000  -15.0000  -37.5000 2111.8860   15.8382
    7.5000  -15.0000  -37.5000 2091.6216   15.8373
   -7.5000   -7.5000  -37.5000 2194.7825   14.5328
    0.0000   -7.5000  -37.5000 2191.4158   14.5662
    7.5000   -7.5000  -37.5000 2175.3147   14.6225
   -7.5000    0.0000  -37.5000 2257.7773   13.5965
    0.0000    0.0000  -37.5000 2253.6143   13.6550
    7.5000    0.0000  -37.5000 2234.4119   13.7227
   -7.5000    7.5000  -37.5000 2284.4666   13.0015
    0.0000    7.5000  -37.5000 2284.3342   13.0745
    7.5000    7.5000  -37.5000 2260.7998   13.2025
   -7.5000   15.0000  -37.5000 2300.0063   12.6713
    0.0000   15.0000  -37.5000 2302.0520   12.7442
    7.5000   15.0000  -37.5000 2272.1475   12.9236
   -7.5000   22.5000  -37.5000 2301.1699   12.6077
    0.0000   22.5000  -37.5000 2306.4963   12.6581
    7.5000   22.5000  -37.5000 2275.7603   12.8360
   -7.5000   30.0000  -37.5000 2294.9729   12.6898
    0.0000   30.0000  -37.5000 2300.9858   12.7556
    7.5000   30.0000  -37.5000 2271.6794   12.9515
   -7.5000   37.5000  -37.5000 2276.1821   13.0069
    0.0000   37.5000  -37.5000 2279.1484   13.0851
    7.5000   37.5000  -37.5000 2255.8352   13.2980
   -7.5000   45.0000  -37.5000 2238.3662   13.6180
    0.0000   45.0000  -37.5000 2243.0120   13.6501
    7.5000   45.0000  -37.5000 2214.5198   13.9158
   -7.5000   52.5000  -37.5000 2158.8669   14.3393
    0.0000   52.5000  -37.5000 2166.4148   14.3489
    7.5000   52.5000  -37.5000 2142.1365   14.6117
   -7.5000  -37.5000  -30.0000 1876.2642   21.2512
    0.0000  -37.5000  -30.0000 1869.6450   21.3147
    7.5000  -37.5000  -30.0000 1856.6044   21.3726
   -7.5000  -30.0000  -30.0000 2005.9177   18.6857
    0.0000  -30.0000  -30.0000 2002.1859   18.7746
    7.5000  -30.0000  -30.0000 1987.0786   18.8439
   -7.5000  -22.5000  -30.0000 2133.5916   16.7412
    0.0000  -22.5000  -30.0000 2127.4255   16.8219
    7.5000  -22.5000  -30.0000 2103.9192   16.8238
   -7.5000  -15.0000  -30.0000 2240.8171   15.1740
    0.0000  -15.0000  -30.0000 2233.6016   15.2635
    7.5000  -15.0000  -30.0000 2210.9133   15.2343
   -7.5000   -7.5000  -30.0000 2327.6411   13.9123
    0.0000   -7.5000  -30.0000 2322.6624   13.9781
    7.5000   -7.5000  -30.0000 2298.7004   13.9871
   -7.5000    0.0000  -30.0000 2397.8430   12.9969
    0.0000    0.0000  -30.0000 2394.7783   13.0489
    7.5000    0.0000  -30.0000 2364.2451   13.1201
   -7.5000    7.5000  -30.0000 2427.3967   12.4046
    0.0000    7.5000  -30.0000 2429.7847   12.4540
    7.5000    7.5000  -30.0000 2395.0596   12.5507
   -7.5000   15.0000  -30.0000 2448.5889   12.0527
    0.0000   15.0000  -30.0000 2449.6694   12.1178
    7.5000   15.0000  -30.0000 2416.1709   12.2341
   -7.5000   22.5000  -30.0000 2453.4624   11.9653
    0.0000   22.5000  -30.0000 2457.9419   12.0230
    7.5000   22.5000  -30.0000 2426.9995   12.1735
   -7.5000   30.0000  -30.0000 2449.0300   12.0364
    0.0000   30.0000  -30.0000 2454.3835   12.1312
    7.5000   30.0000  -30.0000 2417.8115   12.3097
   -7.5000   37.5000  -30.0000 2428.7817   12.3231
    0.0000   37.5000  -30.0000 2433.2454   12.4068
    7.5000   37.5000  -30.0000 2399.6067   12.6081
   -7.5000   45.0000  -30.0000 2392.8223   12.8898
    0.0000   45.0000  -30.0000 2397.4492   12.9274
    7.5000   45.0000  -30.0000 2360.4243   13.1523
   -7.5000   52.5000  -30.0000 2308.0696   13.5492
    0.0000   52.5000  -30.0000 2311.9158   13.5706
    7.5000   52.5000  -30.0000 2283.5447   13.7903
   -7.5000  -37.5000  -22.5000 1943.4899   20.4543
    0.0000  -37.5000  -22.5000 1941.5020   20.4945
    7.5000  -37.5000  -22.5000 1927.0472   20.5718
   -7.5000  -30.0000  -22.5000 2080.1682   17.9072
    0.0000  -30.0000  -22.5000 2075.6960   17.9629
    7.5000  -30.0000  -22.5000 2058.6436   18.0331
   -7.5000  -22.5000  -22.5000 2216.7632   16.0067
    0.0000  -22.5000  -22.5000 2211.3093   16.0617
    7.5000  -22.5000  -22.5000 2188.9070   16.1100
   -7.5000  -15.0000  -22.5000 2333.7771   14.4847
    0.0000  -15.0000  -22.5000 2327.7102   14.5659
    7.5000  -15.0000  -22.5000 2302.1377   14.5847
   -7.5000   -7.5000  -22.5000 2426.5696   13.2688
    0.0000   -7.5000  -22.5000 2423.9214   13.3306
    7.5000   -7.5000  -22.5000 2396.1692   13.3811
   -7.5000    0.0000  -22.5000 2502.8154   12.3428
    0.0000    0.0000  -22.5000 2500.5032   12.3758
    7.5000    0.0000  -22.5000 2468.7954   12.4410
   -7.5000    7.5000  -22.5000 2549.6599   11.6921
    0.0000    7.5000  -22.5000 2548.2910   11.7177
    7.5000    7.5000  -22.5000 2513.9670   11.8132
   -7.5000   15.0000  -22.5000 2572.6040   11.3452
    0.0000   15.0000  -22.5000 2569.9846   11.3763
    7.5000   15.0000  -22.5000 2542.4368   11.4813
   -7.5000   22.5000  -22.5000 2583.9250   11.2573
    0.0000   22.5000  -22.5000 2586.9219   11.2934
    7.5000   22.5000  -22.5000 2553.9302   11.4185
   -7.5000   30.0000  -22.5000 2576.7878   11.3457
    0.0000   30.0000  -22.5000 2583.8318   11.4208
    7.5000   30.0000  -22.5000 2545.0767   11.5665
   -7.5000   37.5000  -22.5000 2557.7769   11.6250
    0.0000   37.5000  -22.5000 2564.9810   11.7052
    7.5000   37.5000  -22.5000 2525.3669   11.8733
   -7.5000   45.0000  -22.5000 2519.1453   12.1186
    0.0000   45.0000  -22.5000 2529.8242   12.1603
    7.5000   45.0000  -22.5000 2486.8459   12.3429
   -7.5000   52.5000  -22.5000 2429.9849   12.7360
    0.0000   52.5000  -22.5000 2443.8157   12.7741
    7.5000   52.5000  -22.5000 2406.1504   12.9520
   -7.5000  -37.5000  -15.0000 1983.4069   19.6182
    0.0000  -37.5000  -15.0000 1983.0231   19.6314
    7.5000  -37.5000  -15.0000 1969.7124   19.7953
   -7.5000  -30.0000  -15.0000 2122.7908   17.1798
    0.0000  -30.0000  -15.0000 2121.2546   17.1910
    7.5000  -30.0000  -15.0000 2103.0256   17.3826
   -7.5000  -22.5000  -15.0000 2267.5854   15.3467
    0.0000  -22.5000  -15.0000 2266.3777   15.3131
    7.5000  -22.5000  -15.0000 2243.0581   15.5204
   -7.5000  -15.0000  -15.0000 2385.7939   13.8446
    0.0000  -15.0000  -15.0000 2388.5559   13.8270
    7.5000  -15.0000  -15.0000 2358.7734   14.0143
   -7.5000   -7.5000  -15.0000 2485.7620   12.6400
    0.0000   -7.5000  -15.0000 2489.1729   12.6207
    7.5000   -7.5000  -15.0000 2459.4749   12.7672
   -7.5000    0.0000  -15.0000 2568.8027   11.6908
    0.0000    0.0000  -15.0000 2572.2891   11.6753
    7.5000    0.0000  -15.0000 2540.8315   11.8078
   -7.5000    7.5000  -15.0000 2627.7754   11.0063
    0.0000    7.5000  -15.0000 2634.8481   11.0353
    7.5000    7.5000  -15.0000 2605.2751   11.1477
   -7.5000   15.0000  -15.0000 2656.9199   10.6337
    0.0000   15.0000  -15.0000 2661.7515   10.6543
    7.5000   15.0000  -15.0000 2632.9187   10.7586
   -7.5000   22.5000  -15.0000 2677.7744   10.5348
    0.0000   22.5000  -15.0000 2682.9075   10.5749
    7.5000   22.5000  -15.0000 2649.8977   10.6626
   -7.5000   30.0000  -15.0000 2679.6675   10.6271
    0.0000   30.0000  -15.0000 2690.2053   10.7056
    7.5000   30.0000  -15.0000 2646.6108   10.8308
   -7.5000   37.5000  -15.0000 2666.1602   10.9322
    0.0000   37.5000  -15.0000 2678.7058   10.9783
    7.5000   37.5000  -15.0000 2635.0178   11.1417
   -7.5000   45.0000  -15.0000 2618.6335   11.3843
    0.0000   45.0000  -15.0000 2634.9380   11.4125
    7.5000   45.0000  -15.0000 2594.2180   11.5782
   -7.5000   52.5000  -15.0000 2526.9729   11.9672
    0.0000   52.5000  -15.0000 2542.7681   11.9891
    7.5000   52.5000  -15.0000 2510.0352   12.1856
   -7.5000  -37.5000   -7.5000 2009.8745   18.8862
    0.0000  -37.5000   -7.5000 2012.7434   18.8803
    7.5000  -37.5000   -7.5000 1996.6071   19.1350
   -7.5000  -30.0000   -7.5000 2150.4529   16.5383
    0.0000  -30.0000   -7.5000 2152.2876   16.5272
    7.5000  -30.0000   -7.5000 2130.5532   16.7740
   -7.5000  -22.5000   -7.5000 2289.9644   14.6846
    0.0000  -22.5000   -7.5000 2296.0625   14.6623
    7.5000  -22.5000   -7.5000 2273.9404   14.9226
   -7.5000  -15.0000   -7.5000 2415.0977   13.2307
    0.0000  -15.0000   -7.5000 2421.6206   13.1981
    7.5000  -15.0000   -7.5000 2393.5254   13.4406
   -7.5000   -7.5000   -7.5000 2523.4312   12.0345
    0.0000   -7.5000   -7.5000 2531.1658   11.9871
    7.5000   -7.5000   -7.5000 2503.4446   12.2321
   -7.5000    0.0000   -7.5000 2615.1746   11.0903
    0.0000    0.0000   -7.5000 2622.4490   11.0439
    7.5000    0.0000   -7.5000 2595.5469   11.2605
   -7.5000    7.5000   -7.5000 2690.8013   10.3946
    0.0000    7.5000   -7.5000 2703.3184   10.3963
    7.5000    7.5000   -7.5000 2670.9614   10.5628
   -7.5000   15.0000   -7.5000 2729.7437    9.9639
    0.0000   15.0000   -7.5000 2746.0708    9.9996
    7.5000   15.0000   -7.5000 2706.1169   10.1449
   -7.5000   22.5000   -7.5000 2762.7871    9.8003
    0.0000   22.5000   -7.5000 2771.6470    9.8599
    7.5000   22.5000   -7.5000 2732.6626    9.9884
   -7.5000   30.0000   -7.5000 2773.0430    9.9392
    0.0000   30.0000   -7.5000 2782.5679    9.9953
    7.5000   30.0000   -7.5000 2743.0259   10.1588
   -7.5000   37.5000   -7.5000 2758.9832   10.2803
    0.0000   37.5000   -7.5000 2774.9087   10.2957
    7.5000   37.5000   -7.5000 2731.4155   10.4636
   -7.5000   45.0000   -7.5000 2709.5813   10.6996
    0.0000   45.0000   -7.5000 2724.7131   10.7160
    7.5000   45.0000   -7.5000 2687.7180   10.8667
   -7.5000   52.5000   -7.5000 2611.0134   11.2555
    0.0000   52.5000   -7.5000 2627.0251   11.2710
    7.5000   52.5000   -7.5000 2594.8970   11.4623
   -7.5000  -37.5000    0.0000 2025.2114   18.4440
    0.0000  -37.5000    0.0000 2023.7938   18.3953
    7.5000  -37.5000    0.0000 2006.5148   18.7569
   -7.5000  -30.0000    0.0000 2165.1138   16.0800
    0.0000  -30.0000    0.0000 2162.8174   16.0109
    7.5000  -30.0000    0.0000 2142.0505   16.3586
   -7.5000  -22.5000    0.0000 2303.1616   14.2116
    0.0000  -22.5000    0.0000 2306.0903   14.1786
    7.5000  -22.5000    0.0000 2283.0181   14.5080
   -7.5000  -15.0000    0.0000 2432.3291   12.7706
    0.0000  -15.0000    0.0000 2435.0825   12.7129
    7.5000  -15.0000    0.0000 2408.9597   13.0318
   -7.5000   -7.5000    0.0000 2552.1050   11.6151
    0.0000   -7.5000    0.0000 2555.7554   11.5468
    7.5000   -7.5000    0.0000 2528.0374   11.8397
   -7.5000    0.0000    0.0000 2647.9375   10.6764
    0.0000    0.0000    0.0000 2654.5396   10.6201
    7.5000    0.0000    0.0000 2629.9858   10.8700
   -7.5000    7.5000    0.0000 2737.4507    9.9739
    0.0000    7.5000    0.0000 2752.9812    9.9475
    7.5000    7.5000    0.0000 2720.3936   10.1602
   -7.5000   15.0000    0.0000 2793.6460    9.5130
    0.0000   15.0000    0.0000 2817.5464    9.4986
    7.5000   15.0000    0.0000 2771.8142    9.7126
   -7.5000   22.5000    0.0000 2843.0400    9.2713
    0.0000   22.5000    0.0000 2856.1252    9.2984
    7.5000   22.5000    0.0000 2811.8682    9.5187
   -7.5000   30.0000    0.0000 2854.9307    9.3894
    0.0000   30.0000    0.0000 2865.4961    9.4129
    7.5000   30.0000    0.0000 2824.8955    9.6237
   -7.5000   37.5000    0.0000 2838.7490    9.7246
    0.0000   37.5000    0.0000 2852.5381    9.7299
    7.5000   37.5000    0.0000 2807.6169    9.9039
   -7.5000   45.0000    0.0000 2781.5559   10.1444
    0.0000   45.0000    0.0000 2797.2937   10.1518
    7.5000   45.0000    0.0000 2760.8796   10.3478
   -7.5000   52.5000    0.0000 2675.4717   10.6899
    0.0000   52.5000    0.0000 2692.2573   10.6930
    7.5000   52.5000    0.0000 2657.7781   10.9258
   -7.5000  -37.5000    7.5000 2028.7697   18.2940
    0.0000  -37.5000    7.5000 2027.6226   18.2246
    7.5000  -37.5000    7.5000 2005.8843   18.6775
   -7.5000  -30.0000    7.5000 2172.7812   15.8701
    0.0000  -30.0000    7.5000 2175.1267   15.7918
    7.5000  -30.0000    7.5000 2152.1846   16.2740
   -7.5000  -22.5000    7.5000 2305.6719   14.0210
    0.0000  -22.5000    7.5000 2310.0449   13.9183
    7.5000  -22.5000    7.5000 2288.3816   14.3649
   -7.5000  -15.0000    7.5000 2433.9722   12.5487
    0.0000  -15.0000    7.5000 2435.7026   12.4265
    7.5000  -15.0000    7.5000 2413.4531   12.8320
   -7.5000   -7.5000    7.5000 2558.1436   11.3716
    0.0000   -7.5000    7.5000 2561.0999   11.2575
    7.5000   -7.5000    7.5000 2533.9248   11.6189
   -7.5000    0.0000    7.5000 2661.5129   10.4281
    0.0000    0.0000    7.5000 2667.8572   10.3263
    7.5000    0.0000    7.5000 2640.6990   10.6427
   -7.5000    7.5000    7.5000 2762.2949    9.7104
    0.0000    7.5000    7.5000 2774.5708    9.6446
    7.5000    7.5000    7.5000 2744.3435    9.9204
   -7.5000   15.0000    7.5000 2839.1306    9.2539
    0.0000   15.0000    7.5000 2860.7268    9.1826
    7.5000   15.0000    7.5000 2815.1108    9.4438
   -7.5000   22.5000    7.5000 2908.7781    8.9987
    0.0000   22.5000    7.5000 2922.4768    8.9881
    7.5000   22.5000    7.5000 2869.8652    9.2531
   -7.5000   30.0000    7.5000 2928.0698    9.0355
    0.0000   30.0000    7.5000 2940.6782    9.0247
    7.5000   30.0000    7.5000 2885.7158    9.3244
   -7.5000   37.5000    7.5000 2900.6338    9.3293
    0.0000   37.5000    7.5000 2923.0879    9.3139
    7.5000   37.5000    7.5000 2863.2446    9.5568
   -7.5000   45.0000    7.5000 2839.8396    9.7921
    0.0000   45.0000    7.5000 2857.4219    9.7641
    7.5000   45.0000    7.5000 2806.2192   10.0064
   -7.5000   52.5000    7.5000 2727.6528   10.3488
    0.0000   52.5000    7.5000 2744.3271   10.3495
    7.5000   52.5000    7.5000 2703.5657   10.5732
   -7.5000  -37.5000   15.0000 2016.7555   18.3287
    0.0000  -37.5000   15.0000 2016.9229   18.1731
    7.5000  -37.5000   15.0000 1997.3032   18.7631
   -7.5000  -30.0000   15.0000 2161.6267   15.8929
    0.0000  -30.0000   15.0000 2164.1335   15.7346
    7.5000  -30.0000   15.0000 2148.8003   16.2956
   -7.5000  -22.5000   15.0000 2288.8308   14.0013
    0.0000  -22.5000   15.0000 2294.9160   13.8610
    7.5000  -22.5000   15.0000 2276.5327   14.3435
   -7.5000  -15.0000   15.0000 2413.0830   12.4804
    0.0000  -15.0000   15.0000 2420.3215   12.3435
    7.5000  -15.0000   15.0000 2398.9651   12.8137
   -7.5000   -7.5000   15.0000 2536.2393   11.2800
    0.0000   -7.5000   15.0000 2543.0100   11.1608
    7.5000   -7.5000   15.0000 2518.7078   11.5715
   -7.5000    0.0000   15.0000 2645.3162   10.3219
    0.0000    0.0000   15.0000 2656.2710   10.2095
    7.5000    0.0000   15.0000 2633.5247   10.5876
   -7.5000    7.5000   15.0000 2754.9688    9.6031
    0.0000    7.5000   15.0000 2767.8435    9.4905
    7.5000    7.5000   15.0000 2743.4797    9.8603
   -7.5000   15.0000   15.0000 2849.9978    9.1845
    0.0000   15.0000   15.0000 2864.9634    9.0887
    7.5000   15.0000   15.0000 2829.6101    9.4009
   -7.5000   22.5000   15.0000 2931.7791    8.9752
    0.0000   22.5000   15.0000 2953.2229    8.9349
    7.5000   22.5000   15.0000 2894.7100    9.1723
   -7.5000   30.0000   15.0000 2963.0071    8.8832
    0.0000   30.0000   15.0000 2980.3516    8.8163
    7.5000   30.0000   15.0000 2913.5586    9.1652
   -7.5000   37.5000   15.0000 2933.9023    9.0788
    0.0000   37.5000   15.0000 2956.2334    8.9943
    7.5000   37.5000   15.0000 2889.0305    9.3259
   -7.5000   45.0000   15.0000 2860.8877    9.5717
    0.0000   45.0000   15.0000 2891.6643    9.5261
    7.5000   45.0000   15.0000 2830.8628    9.7664
   -7.5000   52.5000   15.0000 2740.2458   10.1845
    0.0000   52.5000   15.0000 2757.6318   10.1915
    7.5000   52.5000   15.0000 2719.4729   10.3865
   -7.5000  -37.5000   22.5000 1988.6271   18.5785
    0.0000  -37.5000   22.5000 1985.7841   18.4439
    7.5000  -37.5000   22.5000 1965.7123   19.0497
   -7.5000  -30.0000   22.5000 2141.6560   16.1274
    0.0000  -30.0000   22.5000 2144.9272   15.9924
    7.5000  -30.0000   22.5000 2122.9905   16.5807
   -7.5000  -22.5000   22.5000 2264.0774   14.1220
    0.0000  -22.5000   22.5000 2272.2354   13.9719
    7.5000  -22.5000   22.5000 2252.3977   14.5530
   -7.5000  -15.0000   22.5000 2386.5828   12.5703
    0.0000  -15.0000   22.5000 2393.2952   12.4139
    7.5000  -15.0000   22.5000 2378.3523   12.9546
   -7.5000   -7.5000   22.5000 2504.1973   11.3691
    0.0000   -7.5000   22.5000 2511.5627   11.2153
    7.5000   -7.5000   22.5000 2498.2378   11.6715
   -7.5000    0.0000   22.5000 2615.8379   10.4294
    0.0000    0.0000   22.5000 2629.6748   10.3000
    7.5000    0.0000   22.5000 2614.4458   10.7035
   -7.5000    7.5000   22.5000 2730.9385    9.7389
    0.0000    7.5000   22.5000 2744.7771    9.6557
    7.5000    7.5000   22.5000 2721.1157    9.9967
   -7.5000   15.0000   22.5000 2830.5242    9.3256
    0.0000   15.0000   22.5000 2843.2522    9.2694
    7.5000   15.0000   22.5000 2809.5398    9.5179
   -7.5000   22.5000   22.5000 2907.5923    9.0580
    0.0000   22.5000   22.5000 2929.6680    9.0278
    7.5000   22.5000   22.5000 2873.0273    9.2369
   -7.5000   30.0000   22.5000 2948.5662    8.9699
    0.0000   30.0000   22.5000 2957.9568    8.8729
    7.5000   30.0000   22.5000 2905.4634    9.1701
   -7.5000   37.5000   22.5000 2925.9998    9.1704
    0.0000   37.5000   22.5000 2950.9175    9.1249
    7.5000   37.5000   22.5000 2884.8252    9.3690
   -7.5000   45.0000   22.5000 2861.4536    9.6316
    0.0000   45.0000   22.5000 2890.2104    9.5870
    7.5000   45.0000   22.5000 2829.9446    9.8204
   -7.5000   52.5000   22.5000 2731.8853   10.2368
    0.0000   52.5000   22.5000 2752.1577   10.2044
    7.5000   52.5000   22.5000 2713.0195   10.4247
   -7.5000  -37.5000   30.0000 1937.3116   19.1213
    0.0000  -37.5000   30.0000 1937.1874   18.9578
    7.5000  -37.5000   30.0000 1929.0693   19.6326
   -7.5000  -30.0000   30.0000 2099.4495   16.5847
    0.0000  -30.0000   30.0000 2102.0947   16.4599
    7.5000  -30.0000   30.0000 2087.0066   17.0526
   -7.5000  -22.5000   30.0000 2228.7974   14.5155
    0.0000  -22.5000   30.0000 2235.9055   14.3920
    7.5000  -22.5000   30.0000 2218.5251   14.9660
   -7.5000  -15.0000   30.0000 2348.9873   12.9573
    0.0000  -15.0000   30.0000 2358.1423   12.8663
    7.5000  -15.0000   30.0000 2338.6755   13.3171
   -7.5000   -7.5000   30.0000 2463.7627   11.7376
    0.0000   -7.5000   30.0000 2472.9849   11.6629
    7.5000   -7.5000   30.0000 2455.2942   12.0358
   -7.5000    0.0000   30.0000 2576.2161   10.7916
    0.0000    0.0000   30.0000 2590.4419   10.7179
    7.5000    0.0000   30.0000 2568.9280   11.0455
   -7.5000    7.5000   30.0000 2687.5361   10.0916
    0.0000    7.5000   30.0000 2700.5576    9.9987
    7.5000    7.5000   30.0000 2674.2383   10.3082
   -7.5000   15.0000   30.0000 2785.1028    9.6314
    0.0000   15.0000   30.0000 2802.9404    9.5432
    7.5000   15.0000   30.0000 2761.9629    9.8016
   -7.5000   22.5000   30.0000 2855.1650    9.2879
    0.0000   22.5000   30.0000 2869.7620    9.1577
    7.5000   22.5000   30.0000 2824.7087    9.5117
   -7.5000   30.0000   30.0000 2893.1953    9.2071
    0.0000   30.0000   30.0000 2904.4263    9.1155
    7.5000   30.0000   30.0000 2857.7029    9.4236
   -7.5000   37.5000   30.0000 2875.5918    9.4829
    0.0000   37.5000   30.0000 2895.4729    9.4067
    7.5000   37.5000   30.0000 2842.0632    9.6496
   -7.5000   45.0000   30.0000 2816.1758    9.9433
    0.0000   45.0000   30.0000 2839.0698    9.8800
    7.5000   45.0000   30.0000 2784.5591   10.1047
   -7.5000   52.5000   30.0000 2691.4802   10.5096
    0.0000   52.5000   30.0000 2712.1714   10.4721
    7.5000   52.5000   30.0000 2672.4084   10.6930
   -7.5000  -37.5000   37.5000 1881.1617   20.0274
    0.0000  -37.5000   37.5000 1885.8439   19.8787
    7.5000  -37.5000   37.5000 1879.4852   20.4900
   -7.5000  -30.0000   37.5000 2045.2817   17.3951
    0.0000  -30.0000   37.5000 2048.0801   17.3052
    7.5000  -30.0000   37.5000 2036.1254   17.8196
   -7.5000  -22.5000   37.5000 2180.9600   15.2834
    0.0000  -22.5000   37.5000 2189.9263   15.2169
    7.5000  -22.5000   37.5000 2167.2417   15.6866
   -7.5000  -15.0000   37.5000 2303.8103   13.6653
    0.0000  -15.0000   37.5000 2311.0239   13.5952
    7.5000  -15.0000   37.5000 2285.8315   13.9920
   -7.5000   -7.5000   37.5000 2420.7766   12.3517
    0.0000   -7.5000   37.5000 2431.2319   12.2658
    7.5000   -7.5000   37.5000 2405.8074   12.6280
   -7.5000    0.0000   37.5000 2530.9067   11.3191
    0.0000    0.0000   37.5000 2542.2083   11.2058
    7.5000    0.0000   37.5000 2516.4536   11.5715
   -7.5000    7.5000   37.5000 2636.9480   10.5605
    0.0000    7.5000   37.5000 2647.6606   10.4656
    7.5000    7.5000   37.5000 2620.7783   10.7883
   -7.5000   15.0000   37.5000 2725.4929   10.0568
    0.0000   15.0000   37.5000 2739.0693    9.9254
    7.5000   15.0000   37.5000 2706.6130   10.2789
   -7.5000   22.5000   37.5000 2785.0945    9.7053
    0.0000   22.5000   37.5000 2799.6155    9.6096
    7.5000   22.5000   37.5000 2760.6631    9.9654
   -7.5000   30.0000   37.5000 2811.8752    9.6733
    0.0000   30.0000   37.5000 2821.8499    9.5864
    7.5000   30.0000   37.5000 2786.6287    9.9323
   -7.5000   37.5000   37.5000 2798.0061    9.9297
    0.0000   37.5000   37.5000 2811.0344    9.8359
    7.5000   37.5000   37.5000 2771.6785   10.1258
   -7.5000   45.0000   37.5000 2742.1355   10.3826
    0.0000   45.0000   37.5000 2757.9739   10.3031
    7.5000   45.0000   37.5000 2717.8857   10.5535
   -7.5000   52.5000   37.5000 2631.9004   10.9275
    0.0000   52.5000   37.5000 2653.2056   10.8717
    7.5000   52.5000   37.5000 2613.1882   11.0904
   -7.5000  -37.5000   45.0000 1820.9729   21.4436
    0.0000  -37.5000   45.0000 1826.2220   21.3170
    7.5000  -37.5000   45.0000 1814.5271   21.9258
   -7.5000  -30.0000   45.0000 1981.6089   18.4540
    0.0000  -30.0000   45.0000 1993.7167   18.3341
    7.5000  -30.0000   45.0000 1975.9934   18.8913
   -7.5000  -22.5000   45.0000 2124.7122   16.1952
    0.0000  -22.5000   45.0000 2137.7368   16.0580
    7.5000  -22.5000   45.0000 2116.1458   16.5727
   -7.5000  -15.0000   45.0000 2244.1655   14.4484
    0.0000  -15.0000   45.0000 2257.6494   14.3306
    7.5000  -15.0000   45.0000 2233.2524   14.7512
   -7.5000   -7.5000   45.0000 2365.2073   13.0560
    0.0000   -7.5000   45.0000 2381.0808   12.9378
    7.5000   -7.5000   45.0000 2355.2446   13.3305
   -7.5000    0.0000   45.0000 2475.3916   11.9627
    0.0000    0.0000   45.0000 2488.0405   11.8799
    7.5000    0.0000   45.0000 2459.0261   12.2499
   -7.5000    7.5000   45.0000 2572.9377   11.1721
    0.0000    7.5000   45.0000 2585.0771   11.0730
    7.5000    7.5000   45.0000 2558.2932   11.4377
   -7.5000   15.0000   45.0000 2649.6091   10.6255
    0.0000   15.0000   45.0000 2667.1150   10.5022
    7.5000   15.0000   45.0000 2632.0535   10.8733
   -7.5000   22.5000   45.0000 2701.6914   10.2950
    0.0000   22.5000   45.0000 2715.0967   10.2325
    7.5000   22.5000   45.0000 2681.0586   10.5678
   -7.5000   30.0000   45.0000 2713.6677   10.2971
    0.0000   30.0000   45.0000 2726.8613   10.2194
    7.5000   30.0000   45.0000 2697.0706   10.5580
   -7.5000   37.5000   45.0000 2696.7913   10.5347
    0.0000   37.5000   45.0000 2709.5842   10.4453
    7.5000   37.5000   45.0000 2682.5557   10.7556
   -7.5000   45.0000   45.0000 2647.9048   10.9450
    0.0000   45.0000   45.0000 2661.9382   10.8661
    7.5000   45.0000   45.0000 2632.9915   11.1537
   -7.5000   52.5000   45.0000 2551.1753   11.4677
    0.0000   52.5000   45.0000 2570.2727   11.4086
    7.5000   52.5000   45.0000 2537.2454   11.6536

---------------------------------------------------------------------
imgreg_4dfp /opt/freesurfer/average/711-2C_as_mni_average_305 /opt/freesurfer/average/711-2B_as_mni_average_305_mask talsrcimg_g11 none talsrcimg_to_711-2C_as_mni_average_305_t4 1283
---------------------------------------------------------------------

freesurfer imgreg_4dfp.c
/opt/freesurfer/average/711-2C_as_mni_average_305.4dfp.img
       256       256       256         1
  1.000000  1.000000  1.000000
orientation T byte_order littleendian
Reading image: /opt/freesurfer/average/711-2C_as_mni_average_305.4dfp.img
dimensions:      256       256       256
mmppix:       1.0000   -1.0000   -1.0000
center:     128.0000 -129.0000 -129.0000
/opt/freesurfer/average/711-2B_as_mni_average_305_mask.4dfp.img
       256       256       256         1
  1.000000  1.000000  1.000000
orientation T byte_order littleendian
Reading mask: /opt/freesurfer/average/711-2B_as_mni_average_305_mask.4dfp.img (2306576 pixels)
talsrcimg_g11.4dfp.img
       256       256       256         1
  1.000000  1.000000  1.000000
orientation T byte_order littleendian
Reading image: talsrcimg_g11.4dfp.img
dimensions:      256       256       256
mmppix:       1.0000   -1.0000   -1.0000
center:     128.0000 -129.0000 -129.0000
rotation matrix determinant  1.000000
fimgreg.f
image alignment mode   1283 decimal      503 hex
parameters
    0.0000   30.0000   15.0000    0.0000    0.0000    0.0000
eta,q 0.93453  8.83397
niter,ni,del,rscale     5    3   12.0000    1.2000
parameter  4  1.079134 ->  0.500000 qaram    1.1500
parameters
   -1.6070   28.9361   15.7122   -3.4500   -2.0106   -1.0927
eta,q 0.94337  8.75932
  0.0706  0.0673  0.0745  0.0564  0.0594  0.0611
  0.0674  0.0635  0.0712  0.0570  0.0576  0.0586
  0.0635  0.0618  0.0660  0.0581  0.0569  0.0569
  0.0650  0.0627  0.0617  0.0606  0.0572  0.0569
  0.0702  0.0654  0.0612  0.0635  0.0596  0.0590
  0.0748  0.0675  0.0660  0.0672  0.0630  0.0620
  0.0794  0.0696  0.0715  0.0717  0.0668  0.0645
niter,ni,del,rscale     5    3   12.0000    1.2000
parameter  4  0.555188 ->  0.500000 qaram    1.3225
parameters
   -1.5097   29.6963   15.3637   -7.4175   -2.1686   -1.2880
eta,q 0.94488  8.73840
  0.0702  0.0684  0.0691  0.0558  0.0600  0.0598
  0.0644  0.0618  0.0632  0.0550  0.0566  0.0572
  0.0588  0.0583  0.0577  0.0554  0.0555  0.0556
  0.0566  0.0566  0.0563  0.0562  0.0551  0.0551
  0.0577  0.0565  0.0606  0.0592  0.0548  0.0560
  0.0628  0.0595  0.0663  0.0642  0.0570  0.0579
  0.0702  0.0631  0.0706  0.0692  0.0609  0.0602
niter,ni,del,rscale     5    3   12.0000    1.2000
parameters
   -1.4576   31.1609   14.6271   -9.1400   -1.9913   -1.4970
eta,q 0.94596  8.72067
  0.0689  0.0692  0.0639  0.0591  0.0596  0.0585
  0.0622  0.0605  0.0573  0.0540  0.0566  0.0557
  0.0566  0.0562  0.0546  0.0538  0.0552  0.0545
  0.0551  0.0551  0.0552  0.0547  0.0541  0.0540
  0.0560  0.0552  0.0586  0.0557  0.0536  0.0549
  0.0611  0.0562  0.0628  0.0597  0.0556  0.0567
  0.0691  0.0586  0.0663  0.0659  0.0598  0.0587
niter,ni,del,rscale     4    3   12.0000    1.2000
parameters
   -1.6450   32.3347   14.1172  -10.7376   -1.9100   -1.3469
eta,q 0.94741  8.71015
  0.0653  0.0657  0.0635  0.0591  0.0586  0.0583
  0.0588  0.0580  0.0580  0.0531  0.0559  0.0548
  0.0550  0.0544  0.0549  0.0519  0.0540  0.0532
  0.0540  0.0540  0.0539  0.0541  0.0526  0.0526
  0.0555  0.0538  0.0566  0.0557  0.0525  0.0531
  0.0599  0.0547  0.0619  0.0589  0.0549  0.0549
  0.0667  0.0580  0.0657  0.0646  0.0593  0.0574
niter,ni,del,rscale     3    3   12.0000    1.2000
parameters
   -1.7052   33.0362   13.7303  -11.3169   -1.9481   -1.2104
eta,q 0.94792  8.70823
  0.0638  0.0645  0.0626  0.0620  0.0581  0.0581
  0.0567  0.0570  0.0577  0.0546  0.0555  0.0546
  0.0534  0.0536  0.0543  0.0511  0.0535  0.0528
  0.0526  0.0526  0.0524  0.0527  0.0521  0.0521
  0.0539  0.0526  0.0545  0.0554  0.0521  0.0525
  0.0577  0.0548  0.0604  0.0581  0.0548  0.0545
  0.0637  0.0593  0.0651  0.0628  0.0593  0.0575
niter,ni,del,rscale     2    3   12.0000    1.2000
parameters
   -1.6213   33.1913   13.6198  -11.4666   -1.9741   -1.1737
eta,q 0.94796  8.70665
  0.0637  0.0628  0.0629  0.0633  0.0581  0.0579
  0.0566  0.0560  0.0582  0.0559  0.0555  0.0545
  0.0529  0.0529  0.0544  0.0513  0.0535  0.0527
  0.0521  0.0521  0.0521  0.0522  0.0520  0.0520
  0.0533  0.0530  0.0533  0.0551  0.0520  0.0525
  0.0566  0.0560  0.0590  0.0577  0.0547  0.0545
  0.0626  0.0612  0.0640  0.0620  0.0592  0.0577
niter,ni,del,rscale     1    3   12.0000    1.2000
parameters
   -1.5931   33.2324   13.5907  -11.5126   -1.9802   -1.1640
eta,q 0.94797  8.70631
  0.0634  0.0626  0.0631  0.0636  0.0581  0.0578
  0.0564  0.0559  0.0583  0.0562  0.0555  0.0545
  0.0528  0.0527  0.0544  0.0514  0.0536  0.0527
  0.0520  0.0520  0.0521  0.0521  0.0520  0.0520
  0.0532  0.0533  0.0529  0.0550  0.0520  0.0525
  0.0566  0.0564  0.0586  0.0577  0.0547  0.0546
  0.0627  0.0616  0.0637  0.0618  0.0592  0.0578
registration optimization eta report
parameter search radius
    6.0000    6.0000    6.0000    7.9350    6.0000    6.0000
100000*second partial in parameter space
       31.       28.       31.       17.       18.       16.
  0.0634  0.0626  0.0631  0.0636  0.0581  0.0578
  0.0564  0.0559  0.0583  0.0562  0.0555  0.0545
  0.0528  0.0527  0.0544  0.0514  0.0536  0.0527
  0.0520  0.0520  0.0521  0.0521  0.0520  0.0520
  0.0532  0.0533  0.0529  0.0550  0.0520  0.0525
  0.0566  0.0564  0.0586  0.0577  0.0547  0.0546
  0.0627  0.0616  0.0637  0.0618  0.0592  0.0578
   -1.5931   33.2324   13.5907  -11.5126   -1.9802   -1.1640
eta,q 0.94797  8.70631

---------------------------------------------------------------------
imgreg_4dfp /opt/freesurfer/average/711-2C_as_mni_average_305 /opt/freesurfer/average/711-2B_as_mni_average_305_mask talsrcimg_g11 none talsrcimg_to_711-2C_as_mni_average_305_t4 3335
---------------------------------------------------------------------

freesurfer imgreg_4dfp.c
/opt/freesurfer/average/711-2C_as_mni_average_305.4dfp.img
       256       256       256         1
  1.000000  1.000000  1.000000
orientation T byte_order littleendian
Reading image: /opt/freesurfer/average/711-2C_as_mni_average_305.4dfp.img
dimensions:      256       256       256
mmppix:       1.0000   -1.0000   -1.0000
center:     128.0000 -129.0000 -129.0000
/opt/freesurfer/average/711-2B_as_mni_average_305_mask.4dfp.img
       256       256       256         1
  1.000000  1.000000  1.000000
orientation T byte_order littleendian
Reading mask: /opt/freesurfer/average/711-2B_as_mni_average_305_mask.4dfp.img (2306576 pixels)
talsrcimg_g11.4dfp.img
       256       256       256         1
  1.000000  1.000000  1.000000
orientation T byte_order littleendian
Reading image: talsrcimg_g11.4dfp.img
dimensions:      256       256       256
mmppix:       1.0000   -1.0000   -1.0000
center:     128.0000 -129.0000 -129.0000
fimgreg.f
image alignment mode   3335 decimal      D07 hex
parameters
   -1.5931   33.2324   13.5907   -0.0803   -2.0181   -2.0704
    1.3011    3.7906   -2.0303   19.8854   -3.4554  -19.9464
eta,q 0.95021  8.77532
niter,ni,del,rscale     5    3    5.0000    1.2000
parameter  4  6.328610 ->  0.500000 qaram    1.1500
parameter  5 14.283541 ->  0.500000 qaram    1.1500
parameter  6  0.826944 ->  0.500000 qaram    1.1500
parameters
   -2.2609   33.6910   13.3723   -4.2203   -6.1581   -6.2104
    1.2583    3.4536   -0.8094   18.7441   -3.9510  -17.2562
eta,q 0.97147  8.72098
  0.0508  0.0514  0.0511  0.0361  0.0303  0.0297  0.0330  0.0360  0.0329  0.0326  0.0313  0.0336
  0.0498  0.0505  0.0501  0.0392  0.0330  0.0291  0.0309  0.0323  0.0312  0.0306  0.0299  0.0314
  0.0495  0.0499  0.0495  0.0439  0.0365  0.0301  0.0296  0.0297  0.0298  0.0292  0.0290  0.0298
  0.0498  0.0495  0.0494  0.0493  0.0404  0.0339  0.0291  0.0291  0.0290  0.0289  0.0289  0.0288
  0.0505  0.0494  0.0498  0.0550  0.0443  0.0399  0.0296  0.0304  0.0290  0.0302  0.0293  0.0285
  0.0515  0.0497  0.0506  0.0601  0.0478  0.0456  0.0310  0.0334  0.0297  0.0328  0.0304  0.0288
  0.0528  0.0505  0.0518  0.0649  0.0513  0.0529  0.0331  0.0372  0.0311  0.0360  0.0321  0.0295
niter,ni,del,rscale     7    3    5.0000    1.2000
parameter  4  0.531885 ->  0.500000 qaram    1.3225
parameters
   -1.8379   32.8376   12.7322   -8.9813   -9.6945   -7.6313
    1.6969    3.8144   -0.4705   18.2607   -6.5116  -16.8209
eta,q 0.97463  8.61608
  0.0353  0.0294  0.0293  0.0277  0.0269  0.0282  0.0293  0.0300  0.0283  0.0281  0.0258  0.0273
  0.0322  0.0282  0.0281  0.0261  0.0255  0.0272  0.0274  0.0276  0.0268  0.0267  0.0254  0.0262
  0.0298  0.0278  0.0276  0.0255  0.0248  0.0263  0.0261  0.0262  0.0259  0.0258  0.0254  0.0256
  0.0285  0.0283  0.0278  0.0275  0.0258  0.0248  0.0255  0.0255  0.0255  0.0255  0.0255  0.0254
  0.0284  0.0296  0.0287  0.0323  0.0285  0.0248  0.0258  0.0256  0.0257  0.0257  0.0258  0.0255
  0.0295  0.0315  0.0304  0.0386  0.0323  0.0290  0.0269  0.0268  0.0265  0.0269  0.0263  0.0260
  0.0320  0.0338  0.0327  0.0444  0.0362  0.0344  0.0285  0.0294  0.0278  0.0293  0.0270  0.0268
niter,ni,del,rscale     7    3    5.0000    1.2000
parameters
   -1.7905   33.6764   13.0167   -9.6371  -10.5970   -8.0444
    1.5360    3.9221   -0.4454   18.5792   -6.9811  -17.6281
eta,q 0.97455  8.54826
  0.0291  0.0307  0.0270  0.0299  0.0290  0.0285  0.0286  0.0291  0.0280  0.0284  0.0262  0.0268
  0.0271  0.0283  0.0259  0.0282  0.0274  0.0272  0.0269  0.0269  0.0267  0.0269  0.0257  0.0259
  0.0258  0.0265  0.0252  0.0266  0.0259  0.0264  0.0258  0.0258  0.0258  0.0259  0.0255  0.0255
  0.0254  0.0254  0.0249  0.0249  0.0253  0.0253  0.0255  0.0255  0.0255  0.0255  0.0255  0.0255
  0.0257  0.0249  0.0250  0.0248  0.0262  0.0244  0.0260  0.0258  0.0258  0.0257  0.0257  0.0258
  0.0269  0.0253  0.0254  0.0278  0.0284  0.0262  0.0271  0.0268  0.0267  0.0265  0.0259  0.0265
  0.0288  0.0264  0.0262  0.0337  0.0316  0.0314  0.0289  0.0288  0.0279  0.0280  0.0263  0.0275
niter,ni,del,rscale     6    3    5.0000    1.2000
parameters
   -1.6835   33.9632   13.0921   -9.6471  -10.9290   -8.0846
    1.3581    4.0547   -0.5028   18.8521   -6.8583  -17.9843
eta,q 0.97457  8.53835
  0.0290  0.0292  0.0269  0.0303  0.0296  0.0288  0.0286  0.0291  0.0279  0.0283  0.0264  0.0270
  0.0271  0.0274  0.0261  0.0286  0.0279  0.0274  0.0269  0.0269  0.0266  0.0268  0.0258  0.0261
  0.0259  0.0261  0.0256  0.0270  0.0263  0.0264  0.0258  0.0257  0.0257  0.0258  0.0255  0.0256
  0.0254  0.0254  0.0254  0.0254  0.0254  0.0254  0.0254  0.0254  0.0254  0.0254  0.0254  0.0254
  0.0257  0.0255  0.0255  0.0247  0.0260  0.0244  0.0260  0.0258  0.0258  0.0257  0.0256  0.0257
  0.0267  0.0263  0.0259  0.0269  0.0279  0.0257  0.0271  0.0268  0.0267  0.0264  0.0258  0.0263
  0.0284  0.0278  0.0267  0.0323  0.0308  0.0307  0.0289  0.0287  0.0280  0.0279  0.0262  0.0273
niter,ni,del,rscale     5    3    5.0000    1.2000
parameters
   -1.6396   34.0721   13.0597   -9.5965  -11.0301   -8.0814
    1.2995    4.1178   -0.5573   19.0117   -6.7800  -18.1656
eta,q 0.97459  8.54007
  0.0288  0.0287  0.0268  0.0303  0.0297  0.0288  0.0287  0.0290  0.0279  0.0282  0.0263  0.0270
  0.0270  0.0270  0.0260  0.0286  0.0280  0.0274  0.0270  0.0268  0.0266  0.0267  0.0257  0.0261
  0.0258  0.0259  0.0256  0.0271  0.0264  0.0265  0.0258  0.0257  0.0257  0.0257  0.0254  0.0256
  0.0254  0.0254  0.0254  0.0254  0.0254  0.0254  0.0254  0.0254  0.0254  0.0254  0.0254  0.0254
  0.0257  0.0257  0.0256  0.0246  0.0258  0.0243  0.0259  0.0258  0.0258  0.0257  0.0255  0.0257
  0.0268  0.0266  0.0260  0.0268  0.0276  0.0257  0.0270  0.0268  0.0266  0.0264  0.0258  0.0263
  0.0286  0.0282  0.0269  0.0321  0.0305  0.0307  0.0288  0.0288  0.0279  0.0280  0.0262  0.0272
niter,ni,del,rscale     4    3    5.0000    1.2000
parameters
   -1.6319   34.1076   13.0230   -9.5770  -11.0569   -8.0799
    1.2884    4.1355   -0.5813   19.0908   -6.7423  -18.2477
eta,q 0.97460  8.54186
  0.0287  0.0285  0.0268  0.0303  0.0297  0.0288  0.0288  0.0290  0.0278  0.0281  0.0263  0.0271
  0.0269  0.0269  0.0260  0.0286  0.0281  0.0274  0.0270  0.0268  0.0265  0.0266  0.0257  0.0261
  0.0258  0.0258  0.0255  0.0271  0.0264  0.0265  0.0258  0.0256  0.0257  0.0257  0.0254  0.0256
  0.0254  0.0254  0.0254  0.0254  0.0254  0.0254  0.0254  0.0254  0.0254  0.0254  0.0254  0.0254
  0.0257  0.0257  0.0256  0.0246  0.0258  0.0243  0.0259  0.0258  0.0257  0.0257  0.0255  0.0256
  0.0268  0.0267  0.0260  0.0268  0.0275  0.0257  0.0270  0.0268  0.0266  0.0264  0.0258  0.0262
  0.0287  0.0283  0.0269  0.0322  0.0304  0.0307  0.0288  0.0289  0.0279  0.0280  0.0262  0.0271
niter,ni,del,rscale     3    3    5.0000    1.2000
parameters
   -1.6317   34.1203   13.0069   -9.5716  -11.0691   -8.0813
    1.2903    4.1381   -0.5922   19.1241   -6.7181  -18.2777
eta,q 0.97460  8.54236
  0.0286  0.0284  0.0268  0.0302  0.0297  0.0288  0.0288  0.0289  0.0279  0.0281  0.0263  0.0271
  0.0269  0.0268  0.0260  0.0286  0.0281  0.0274  0.0270  0.0268  0.0265  0.0266  0.0257  0.0261
  0.0258  0.0258  0.0255  0.0272  0.0265  0.0265  0.0258  0.0256  0.0257  0.0257  0.0254  0.0256
  0.0254  0.0254  0.0254  0.0254  0.0254  0.0254  0.0254  0.0254  0.0254  0.0254  0.0254  0.0254
  0.0257  0.0257  0.0256  0.0246  0.0258  0.0243  0.0259  0.0258  0.0257  0.0257  0.0255  0.0256
  0.0268  0.0267  0.0260  0.0269  0.0275  0.0257  0.0270  0.0268  0.0266  0.0265  0.0258  0.0262
  0.0287  0.0284  0.0268  0.0322  0.0304  0.0307  0.0287  0.0289  0.0278  0.0280  0.0262  0.0271
registration optimization eta report
parameter search radius
    2.4000    2.4000    2.4000    9.5220    8.2800    8.2800
    7.2000    7.2000    7.2000    7.2000    7.2000    7.2000
100000*second partial in parameter space
       57.       52.       25.        7.        7.        7.
        6.        7.        5.        5.        2.        3.
  0.0286  0.0284  0.0268  0.0302  0.0297  0.0288  0.0288  0.0289  0.0279  0.0281  0.0263  0.0271
  0.0269  0.0268  0.0260  0.0286  0.0281  0.0274  0.0270  0.0268  0.0265  0.0266  0.0257  0.0261
  0.0258  0.0258  0.0255  0.0272  0.0265  0.0265  0.0258  0.0256  0.0257  0.0257  0.0254  0.0256
  0.0254  0.0254  0.0254  0.0254  0.0254  0.0254  0.0254  0.0254  0.0254  0.0254  0.0254  0.0254
  0.0257  0.0257  0.0256  0.0246  0.0258  0.0243  0.0259  0.0258  0.0257  0.0257  0.0255  0.0256
  0.0268  0.0267  0.0260  0.0269  0.0275  0.0257  0.0270  0.0268  0.0266  0.0265  0.0258  0.0262
  0.0287  0.0284  0.0268  0.0322  0.0304  0.0307  0.0287  0.0289  0.0278  0.0280  0.0262  0.0271
   -1.6317   34.1203   13.0069   -9.5716  -11.0691   -8.0813
    1.2903    4.1381   -0.5922   19.1241   -6.7181  -18.2777
eta,q 0.97460  8.54236

---------------------------------------------------------------------
imgreg_4dfp /opt/freesurfer/average/711-2C_as_mni_average_305 /opt/freesurfer/average/711-2B_as_mni_average_305_mask talsrcimg_g11 none talsrcimg_to_711-2C_as_mni_average_305_t4 2311
---------------------------------------------------------------------

freesurfer imgreg_4dfp.c
/opt/freesurfer/average/711-2C_as_mni_average_305.4dfp.img
       256       256       256         1
  1.000000  1.000000  1.000000
orientation T byte_order littleendian
Reading image: /opt/freesurfer/average/711-2C_as_mni_average_305.4dfp.img
dimensions:      256       256       256
mmppix:       1.0000   -1.0000   -1.0000
center:     128.0000 -129.0000 -129.0000
/opt/freesurfer/average/711-2B_as_mni_average_305_mask.4dfp.img
       256       256       256         1
  1.000000  1.000000  1.000000
orientation T byte_order littleendian
Reading mask: /opt/freesurfer/average/711-2B_as_mni_average_305_mask.4dfp.img (2306576 pixels)
talsrcimg_g11.4dfp.img
       256       256       256         1
  1.000000  1.000000  1.000000
orientation T byte_order littleendian
Reading image: talsrcimg_g11.4dfp.img
dimensions:      256       256       256
mmppix:       1.0000   -1.0000   -1.0000
center:     128.0000 -129.0000 -129.0000
fimgreg.f
image alignment mode   2311 decimal      907 hex
parameters
   -1.6317   34.1203   13.0069   -9.5716  -11.0691   -8.0813
    1.2903    4.1381   -0.5922   19.1241   -6.7181  -18.2777
eta,q 0.97460  8.54236
niter,ni,del,rscale     5    3    5.0000    0.8000
parameter  4 -0.604771 -> -0.500000 qaram    1.1500
parameter  6 -0.549126 -> -0.500000 qaram    1.1500
parameters
   -1.6185   34.1359   13.0006   -6.8116  -11.1994   -5.3213
    0.6167    4.6976   -0.8174   18.6825   -5.7049  -18.6966
eta,q 0.97659  8.66858
  0.0269  0.0268  0.0260  0.0279  0.0266  0.0267  0.0253  0.0278  0.0250  0.0252  0.0252  0.0243
  0.0261  0.0260  0.0257  0.0272  0.0256  0.0261  0.0242  0.0259  0.0242  0.0242  0.0244  0.0238
  0.0256  0.0256  0.0255  0.0263  0.0249  0.0254  0.0237  0.0244  0.0236  0.0236  0.0238  0.0235
  0.0254  0.0254  0.0254  0.0254  0.0246  0.0246  0.0237  0.0236  0.0235  0.0235  0.0235  0.0234
  0.0255  0.0255  0.0255  0.0247  0.0249  0.0238  0.0242  0.0236  0.0238  0.0239  0.0234  0.0236
  0.0260  0.0260  0.0257  0.0247  0.0256  0.0237  0.0251  0.0246  0.0244  0.0247  0.0237  0.0240
  0.0268  0.0267  0.0260  0.0254  0.0269  0.0247  0.0265  0.0264  0.0253  0.0259  0.0242  0.0247
niter,ni,del,rscale     6    3    5.0000    0.9000
parameters
   -1.7225   33.8216   13.0580   -7.8317  -10.9950   -6.5097
    1.0743    4.3336   -0.8422   19.0255   -5.7689  -18.3888
eta,q 0.97631  8.64797
  0.0263  0.0248  0.0252  0.0268  0.0262  0.0262  0.0268  0.0266  0.0256  0.0261  0.0247  0.0250
  0.0245  0.0239  0.0242  0.0253  0.0250  0.0254  0.0252  0.0250  0.0245  0.0248  0.0242  0.0243
  0.0236  0.0234  0.0236  0.0238  0.0240  0.0242  0.0242  0.0240  0.0239  0.0240  0.0238  0.0238
  0.0234  0.0234  0.0233  0.0233  0.0234  0.0233  0.0237  0.0237  0.0237  0.0237  0.0237  0.0237
  0.0240  0.0239  0.0234  0.0245  0.0235  0.0240  0.0239  0.0242  0.0240  0.0238  0.0238  0.0238
  0.0251  0.0249  0.0240  0.0271  0.0245  0.0272  0.0247  0.0255  0.0246  0.0244  0.0242  0.0241
  0.0269  0.0263  0.0250  0.0310  0.0261  0.0315  0.0259  0.0277  0.0256  0.0256  0.0248  0.0247
niter,ni,del,rscale     5    3    5.0000    0.8000
parameters
   -1.7750   33.9152   12.9536   -7.6887  -10.8059   -6.6453
    1.0538    4.3263   -0.8432   19.0556   -5.7407  -18.5247
eta,q 0.97632  8.65212
  0.0258  0.0255  0.0246  0.0271  0.0259  0.0263  0.0258  0.0264  0.0252  0.0254  0.0246  0.0246
  0.0246  0.0245  0.0241  0.0260  0.0249  0.0256  0.0246  0.0250  0.0244  0.0245  0.0241  0.0240
  0.0239  0.0240  0.0238  0.0247  0.0241  0.0247  0.0239  0.0240  0.0239  0.0239  0.0238  0.0238
  0.0237  0.0237  0.0237  0.0237  0.0236  0.0236  0.0237  0.0237  0.0237  0.0237  0.0237  0.0237
  0.0240  0.0238  0.0239  0.0238  0.0238  0.0234  0.0240  0.0239  0.0239  0.0239  0.0238  0.0238
  0.0248  0.0243  0.0243  0.0251  0.0245  0.0246  0.0247  0.0249  0.0244  0.0244  0.0241  0.0242
  0.0260  0.0251  0.0250  0.0275  0.0258  0.0279  0.0258  0.0265  0.0252  0.0254  0.0245  0.0246
niter,ni,del,rscale     4    3    5.0000    0.7000
parameters
   -1.8015   33.8884   12.9203   -7.5035  -10.7282   -6.2692
    0.9981    4.3501   -0.8514   18.9999   -5.6401  -18.6141
eta,q 0.97651  8.66655
  0.0254  0.0249  0.0245  0.0267  0.0254  0.0261  0.0252  0.0258  0.0247  0.0248  0.0243  0.0242
  0.0244  0.0242  0.0240  0.0256  0.0246  0.0255  0.0242  0.0246  0.0240  0.0241  0.0238  0.0238
  0.0238  0.0238  0.0238  0.0245  0.0239  0.0246  0.0237  0.0238  0.0236  0.0236  0.0236  0.0235
  0.0237  0.0237  0.0237  0.0237  0.0236  0.0236  0.0235  0.0235  0.0235  0.0235  0.0235  0.0235
  0.0239  0.0238  0.0238  0.0238  0.0238  0.0233  0.0237  0.0237  0.0236  0.0237  0.0236  0.0236
  0.0245  0.0243  0.0241  0.0248  0.0244  0.0240  0.0243  0.0245  0.0241  0.0241  0.0238  0.0238
  0.0255  0.0250  0.0246  0.0267  0.0254  0.0263  0.0252  0.0259  0.0247  0.0249  0.0242  0.0242
niter,ni,del,rscale     3    3    5.0000    0.6000
parameters
   -1.8201   33.8427   12.9566   -7.3904  -10.7221   -5.9257
    0.9830    4.3720   -0.8468   18.8948   -5.5683  -18.6140
eta,q 0.97664  8.67451
  0.0248  0.0244  0.0242  0.0260  0.0248  0.0257  0.0247  0.0252  0.0243  0.0244  0.0240  0.0239
  0.0240  0.0239  0.0238  0.0250  0.0242  0.0250  0.0239  0.0243  0.0238  0.0238  0.0236  0.0236
  0.0236  0.0236  0.0236  0.0240  0.0237  0.0242  0.0235  0.0236  0.0235  0.0235  0.0234  0.0234
  0.0235  0.0235  0.0235  0.0235  0.0235  0.0235  0.0234  0.0234  0.0234  0.0234  0.0234  0.0234
  0.0237  0.0236  0.0235  0.0236  0.0236  0.0233  0.0235  0.0235  0.0235  0.0235  0.0234  0.0234
  0.0241  0.0240  0.0238  0.0245  0.0241  0.0239  0.0240  0.0242  0.0238  0.0239  0.0236  0.0236
  0.0249  0.0245  0.0241  0.0260  0.0249  0.0256  0.0247  0.0253  0.0243  0.0245  0.0239  0.0239
niter,ni,del,rscale     2    3    5.0000    0.5000
parameters
   -1.8289   33.8131   12.9997   -7.3197  -10.7458   -5.6322
    0.9736    4.3776   -0.8429   18.7781   -5.5177  -18.5881
eta,q 0.97672  8.67865
  0.0243  0.0240  0.0239  0.0253  0.0243  0.0252  0.0242  0.0247  0.0239  0.0240  0.0238  0.0237
  0.0238  0.0236  0.0236  0.0244  0.0238  0.0246  0.0237  0.0239  0.0236  0.0236  0.0235  0.0235
  0.0234  0.0234  0.0234  0.0237  0.0235  0.0239  0.0234  0.0235  0.0234  0.0234  0.0233  0.0233
  0.0234  0.0234  0.0234  0.0234  0.0233  0.0233  0.0233  0.0233  0.0233  0.0233  0.0233  0.0233
  0.0235  0.0234  0.0234  0.0235  0.0235  0.0233  0.0234  0.0234  0.0234  0.0234  0.0233  0.0233
  0.0238  0.0237  0.0235  0.0242  0.0238  0.0238  0.0237  0.0239  0.0236  0.0237  0.0235  0.0235
  0.0243  0.0241  0.0238  0.0253  0.0244  0.0250  0.0242  0.0247  0.0239  0.0241  0.0237  0.0237
niter,ni,del,rscale     1    3    5.0000    0.4000
parameters
   -1.8375   33.7877   13.0410   -7.2799  -10.7656   -5.4018
    0.9688    4.3850   -0.8420   18.6758   -5.4918  -18.5592
eta,q 0.97675  8.68111
  0.0239  0.0237  0.0237  0.0246  0.0239  0.0247  0.0239  0.0242  0.0237  0.0237  0.0236  0.0235
  0.0236  0.0235  0.0235  0.0240  0.0236  0.0241  0.0235  0.0237  0.0234  0.0234  0.0234  0.0234
  0.0233  0.0233  0.0233  0.0235  0.0234  0.0236  0.0233  0.0234  0.0233  0.0233  0.0233  0.0233
  0.0233  0.0233  0.0233  0.0233  0.0233  0.0233  0.0233  0.0233  0.0232  0.0232  0.0233  0.0233
  0.0234  0.0233  0.0233  0.0234  0.0234  0.0233  0.0233  0.0233  0.0233  0.0233  0.0233  0.0233
  0.0236  0.0235  0.0234  0.0239  0.0236  0.0236  0.0235  0.0237  0.0234  0.0235  0.0234  0.0234
  0.0239  0.0238  0.0236  0.0246  0.0240  0.0244  0.0239  0.0242  0.0237  0.0238  0.0235  0.0235
registration optimization eta report
parameter search radius
    0.8000    0.8000    0.8000    2.7600    2.4000    2.7600
    2.4000    2.4000    2.4000    2.4000    2.4000    2.4000
100000*second partial in parameter space
      100.       71.       53.       18.       12.       17.
       11.       16.        8.        9.        5.        5.
  0.0239  0.0237  0.0237  0.0246  0.0239  0.0247  0.0239  0.0242  0.0237  0.0237  0.0236  0.0235
  0.0236  0.0235  0.0235  0.0240  0.0236  0.0241  0.0235  0.0237  0.0234  0.0234  0.0234  0.0234
  0.0233  0.0233  0.0233  0.0235  0.0234  0.0236  0.0233  0.0234  0.0233  0.0233  0.0233  0.0233
  0.0233  0.0233  0.0233  0.0233  0.0233  0.0233  0.0233  0.0233  0.0232  0.0232  0.0233  0.0233
  0.0234  0.0233  0.0233  0.0234  0.0234  0.0233  0.0233  0.0233  0.0233  0.0233  0.0233  0.0233
  0.0236  0.0235  0.0234  0.0239  0.0236  0.0236  0.0235  0.0237  0.0234  0.0235  0.0234  0.0234
  0.0239  0.0238  0.0236  0.0246  0.0240  0.0244  0.0239  0.0242  0.0237  0.0238  0.0235  0.0235
   -1.8375   33.7877   13.0410   -7.2799  -10.7656   -5.4018
    0.9688    4.3850   -0.8420   18.6758   -5.4918  -18.5592
eta,q 0.97675  8.68111

---------------------------------------------------------------------
imgreg_4dfp /opt/freesurfer/average/711-2C_as_mni_average_305 /opt/freesurfer/average/711-2B_as_mni_average_305_mask talsrcimg_g11 none talsrcimg_to_711-2C_as_mni_average_305_t4 2311
---------------------------------------------------------------------

freesurfer imgreg_4dfp.c
/opt/freesurfer/average/711-2C_as_mni_average_305.4dfp.img
       256       256       256         1
  1.000000  1.000000  1.000000
orientation T byte_order littleendian
Reading image: /opt/freesurfer/average/711-2C_as_mni_average_305.4dfp.img
dimensions:      256       256       256
mmppix:       1.0000   -1.0000   -1.0000
center:     128.0000 -129.0000 -129.0000
/opt/freesurfer/average/711-2B_as_mni_average_305_mask.4dfp.img
       256       256       256         1
  1.000000  1.000000  1.000000
orientation T byte_order littleendian
Reading mask: /opt/freesurfer/average/711-2B_as_mni_average_305_mask.4dfp.img (2306576 pixels)
talsrcimg_g11.4dfp.img
       256       256       256         1
  1.000000  1.000000  1.000000
orientation T byte_order littleendian
Reading image: talsrcimg_g11.4dfp.img
dimensions:      256       256       256
mmppix:       1.0000   -1.0000   -1.0000
center:     128.0000 -129.0000 -129.0000
fimgreg.f
image alignment mode   2311 decimal      907 hex
parameters
   -1.8375   33.7877   13.0410   -7.2799  -10.7656   -5.4018
    0.9688    4.3850   -0.8420   18.6758   -5.4918  -18.5592
eta,q 0.97675  8.68111
niter,ni,del,rscale     5    3    5.0000    0.8000
parameters
   -1.8050   33.7648   13.0357   -7.6299  -10.8691   -6.0220
    1.0579    4.2668   -0.8241   18.8431   -5.5948  -18.4217
eta,q 0.97656  8.66542
  0.0259  0.0250  0.0246  0.0261  0.0255  0.0256  0.0257  0.0263  0.0250  0.0254  0.0244  0.0245
  0.0244  0.0240  0.0239  0.0249  0.0245  0.0249  0.0245  0.0248  0.0242  0.0244  0.0239  0.0239
  0.0235  0.0234  0.0234  0.0238  0.0236  0.0239  0.0237  0.0238  0.0236  0.0237  0.0235  0.0235
  0.0233  0.0233  0.0233  0.0233  0.0233  0.0233  0.0234  0.0234  0.0234  0.0234  0.0234  0.0234
  0.0235  0.0235  0.0234  0.0237  0.0236  0.0236  0.0237  0.0238  0.0236  0.0236  0.0236  0.0236
  0.0244  0.0241  0.0239  0.0252  0.0244  0.0253  0.0244  0.0249  0.0242  0.0242  0.0239  0.0238
  0.0256  0.0251  0.0247  0.0274  0.0258  0.0285  0.0255  0.0267  0.0250  0.0252  0.0245  0.0243
niter,ni,del,rscale     4    3    5.0000    0.7000
parameters
   -1.8160   33.8496   13.0004   -7.4134  -10.8467   -5.9466
    1.0007    4.3148   -0.8267   18.8302   -5.5707  -18.5298
eta,q 0.97663  8.66914
  0.0252  0.0249  0.0243  0.0261  0.0252  0.0256  0.0251  0.0259  0.0246  0.0248  0.0242  0.0241
  0.0242  0.0241  0.0238  0.0250  0.0243  0.0249  0.0241  0.0246  0.0239  0.0240  0.0237  0.0237
  0.0236  0.0237  0.0235  0.0240  0.0237  0.0241  0.0236  0.0237  0.0235  0.0235  0.0235  0.0234
  0.0234  0.0234  0.0234  0.0234  0.0234  0.0234  0.0234  0.0234  0.0234  0.0234  0.0234  0.0234
  0.0237  0.0235  0.0235  0.0235  0.0236  0.0233  0.0236  0.0236  0.0235  0.0235  0.0235  0.0235
  0.0243  0.0239  0.0239  0.0244  0.0242  0.0241  0.0242  0.0244  0.0240  0.0240  0.0237  0.0237
  0.0252  0.0246  0.0245  0.0259  0.0253  0.0261  0.0251  0.0259  0.0246  0.0248  0.0242  0.0241
niter,ni,del,rscale     3    3    5.0000    0.6000
parameters
   -1.8264   33.8322   13.0074   -7.3135  -10.8150   -5.6880
    0.9707    4.3510   -0.8269   18.7659   -5.5190  -18.5538
eta,q 0.97671  8.67535
  0.0247  0.0243  0.0241  0.0254  0.0248  0.0253  0.0246  0.0253  0.0242  0.0244  0.0239  0.0239
  0.0240  0.0238  0.0237  0.0245  0.0241  0.0246  0.0239  0.0242  0.0237  0.0238  0.0236  0.0235
  0.0235  0.0235  0.0235  0.0238  0.0236  0.0239  0.0234  0.0236  0.0234  0.0234  0.0234  0.0233
  0.0234  0.0234  0.0234  0.0234  0.0234  0.0234  0.0233  0.0233  0.0233  0.0233  0.0233  0.0233
  0.0235  0.0235  0.0234  0.0235  0.0235  0.0233  0.0235  0.0235  0.0234  0.0234  0.0234  0.0234
  0.0240  0.0238  0.0237  0.0242  0.0240  0.0238  0.0239  0.0241  0.0237  0.0238  0.0236  0.0236
  0.0248  0.0244  0.0241  0.0254  0.0248  0.0252  0.0246  0.0253  0.0242  0.0244  0.0239  0.0239
niter,ni,del,rscale     2    3    5.0000    0.5000
parameters
   -1.8300   33.8026   13.0403   -7.2802  -10.8082   -5.4671
    0.9641    4.3635   -0.8287   18.6867   -5.4945  -18.5554
eta,q 0.97674  8.67885
  0.0243  0.0239  0.0239  0.0248  0.0243  0.0249  0.0242  0.0247  0.0239  0.0240  0.0237  0.0237
  0.0237  0.0236  0.0236  0.0241  0.0238  0.0242  0.0237  0.0239  0.0236  0.0236  0.0235  0.0234
  0.0234  0.0234  0.0234  0.0235  0.0234  0.0237  0.0234  0.0234  0.0233  0.0233  0.0233  0.0233
  0.0233  0.0233  0.0233  0.0233  0.0233  0.0233  0.0233  0.0233  0.0233  0.0233  0.0233  0.0233
  0.0234  0.0234  0.0233  0.0234  0.0234  0.0233  0.0234  0.0234  0.0233  0.0234  0.0233  0.0233
  0.0237  0.0236  0.0235  0.0240  0.0238  0.0237  0.0237  0.0239  0.0236  0.0236  0.0235  0.0234
  0.0243  0.0240  0.0238  0.0249  0.0243  0.0247  0.0242  0.0247  0.0239  0.0241  0.0237  0.0237
niter,ni,del,rscale     1    3    5.0000    0.4000
parameters
   -1.8389   33.7822   13.0653   -7.2670  -10.8038   -5.3015
    0.9607    4.3780   -0.8359   18.6273   -5.4787  -18.5408
eta,q 0.97676  8.68122
  0.0239  0.0237  0.0236  0.0243  0.0239  0.0244  0.0239  0.0242  0.0237  0.0237  0.0235  0.0235
  0.0235  0.0234  0.0234  0.0238  0.0236  0.0239  0.0235  0.0237  0.0234  0.0234  0.0234  0.0234
  0.0233  0.0233  0.0233  0.0234  0.0233  0.0235  0.0233  0.0234  0.0233  0.0233  0.0233  0.0233
  0.0233  0.0233  0.0233  0.0233  0.0233  0.0233  0.0232  0.0232  0.0232  0.0232  0.0232  0.0232
  0.0233  0.0233  0.0233  0.0234  0.0233  0.0233  0.0233  0.0233  0.0233  0.0233  0.0233  0.0233
  0.0236  0.0235  0.0234  0.0237  0.0236  0.0236  0.0235  0.0237  0.0234  0.0235  0.0234  0.0234
  0.0239  0.0237  0.0236  0.0243  0.0239  0.0242  0.0239  0.0242  0.0237  0.0238  0.0235  0.0235
registration optimization eta report
parameter search radius
    0.8000    0.8000    0.8000    2.4000    2.4000    2.4000
    2.4000    2.4000    2.4000    2.4000    2.4000    2.4000
100000*second partial in parameter space
      100.       71.       55.       18.       12.       18.
       11.       16.        7.        9.        5.        5.
  0.0239  0.0237  0.0236  0.0243  0.0239  0.0244  0.0239  0.0242  0.0237  0.0237  0.0235  0.0235
  0.0235  0.0234  0.0234  0.0238  0.0236  0.0239  0.0235  0.0237  0.0234  0.0234  0.0234  0.0234
  0.0233  0.0233  0.0233  0.0234  0.0233  0.0235  0.0233  0.0234  0.0233  0.0233  0.0233  0.0233
  0.0233  0.0233  0.0233  0.0233  0.0233  0.0233  0.0232  0.0232  0.0232  0.0232  0.0232  0.0232
  0.0233  0.0233  0.0233  0.0234  0.0233  0.0233  0.0233  0.0233  0.0233  0.0233  0.0233  0.0233
  0.0236  0.0235  0.0234  0.0237  0.0236  0.0236  0.0235  0.0237  0.0234  0.0235  0.0234  0.0234
  0.0239  0.0237  0.0236  0.0243  0.0239  0.0242  0.0239  0.0242  0.0237  0.0238  0.0235  0.0235
   -1.8389   33.7822   13.0653   -7.2670  -10.8038   -5.3015
    0.9607    4.3780   -0.8359   18.6273   -5.4787  -18.5408
eta,q 0.97676  8.68122

---------------------------------------------------------------------
compute_vox2vox talsrcimg talsrcimg_to_711-2C_as_mni_average_305_t4 /opt/freesurfer/average/711-2C_as_mni_average_305
---------------------------------------------------------------------

freesurfer compute_vox2vox.c
Reading: talsrcimg.4dfp.ifh
Reading: talsrcimg_to_711-2C_as_mni_average_305_t4
Reading: /opt/freesurfer/average/711-2C_as_mni_average_305.4dfp.ifh
Writing: talsrcimg_to_711-2C_as_mni_average_305_t4_vox2vox.txt

start time Fri Mar 13 06:03:45 CET 2026
end		time Fri Mar 13 06:03:58 CET 2026

mpr2mni305 success

avi2talxfm orig_nu.mgz /opt/freesurfer/average/mni305.cor.mgz talsrcimg_to_711-2C_as_mni_average_305_t4_vox2vox.txt transforms/talairach.auto.xfm
avi2talxfm done
mv -f /out/sourcedata/freesurfer/sub-v2s4x29631_ses-1/mri/talsrcimg_to_711-2C_as_mni_average_305_t4_vox2vox.txt /out/sourcedata/freesurfer/sub-v2s4x29631_ses-1/mri/transforms/talsrcimg_to_711-2C_as_mni_average_305_t4_vox2vox.txt
lta_convert --src orig_nu.mgz --trg /opt/freesurfer/average/mni305.cor.mgz --inxfm transforms/talairach.auto.xfm --outlta transforms/talairach.auto.xfm.lta --subject fsaverage
7.3.2

--src: orig_nu.mgz src image (geometry).
--trg: /opt/freesurfer/average/mni305.cor.mgz trg image (geometry).
--inmni: transforms/talairach.auto.xfm input MNI/XFM transform.
--outlta: transforms/talairach.auto.xfm.lta output LTA.
--s: fsaverage subject name
 LTA read, type : 1
 1.07548  -0.04558  -0.02106  -2.87477;
 0.06167   1.01189   0.20967  -14.45014;
-0.00280  -0.21174   1.07714  -35.52615;
 0.00000   0.00000   0.00000   1.00000;
setting subject to fsaverage
Writing  LTA to file transforms/talairach.auto.xfm.lta...
lta_convert successful.
 
 
Started at Fri Mar 13 06:03:44 CET 2026
Ended   at Fri Mar 13 06:03:59 CET 2026
talairach_avi done
