status file for recon-all
Fri Mar 13 07:05:33 CET 2026
#@# Tessellate rh Fri Mar 13 07:05:33 CET 2026
#@# Smooth1 rh Fri Mar 13 07:05:36 CET 2026
#@# Inflation1 rh Fri Mar 13 07:05:38 CET 2026
#@# QSphere rh Fri Mar 13 07:05:46 CET 2026
#@# Fix Topology rh Fri Mar 13 07:06:30 CET 2026
#@# Smooth2 rh Fri Mar 13 07:11:24 CET 2026
#@# Inflation2 rh Fri Mar 13 07:11:27 CET 2026
#@# Curv .H and .K rh Fri Mar 13 07:11:35 CET 2026
#@# Sphere rh Fri Mar 13 07:12:18 CET 2026
#@# Surf Reg rh Fri Mar 13 07:15:00 CET 2026
#@# Jacobian white rh Fri Mar 13 07:18:42 CET 2026
#@# AvgCurv rh Fri Mar 13 07:18:42 CET 2026
#@# Cortical Parc rh Fri Mar 13 07:18:43 CET 2026
#@# white curv rh Fri Mar 13 07:23:51 CET 2026
#@# white area rh Fri Mar 13 07:23:52 CET 2026
#@# pial curv rh Fri Mar 13 07:23:53 CET 2026
#@# pial area rh Fri Mar 13 07:23:54 CET 2026
#@# thickness rh Fri Mar 13 07:23:55 CET 2026
#@# area and vertex vol rh Fri Mar 13 07:24:17 CET 2026
#@# Curvature Stats rh Fri Mar 13 07:24:18 CET 2026
#@# Cortical Parc 2 rh Fri Mar 13 07:24:20 CET 2026
#@# Cortical Parc 3 rh Fri Mar 13 07:24:31 CET 2026
#@# WM/GM Contrast rh Fri Mar 13 07:24:39 CET 2026
recon-all -s sub-v2s4x29615_ses-1 finished without error at Fri Mar 13 07:24:42 CET 2026



#New# invocation of recon-all 



status file for recon-all
Fri Mar 13 07:31:57 CET 2026
#@# white curv rh Fri Mar 13 07:31:57 CET 2026
#@# white area rh Fri Mar 13 07:31:57 CET 2026
#@# pial curv rh Fri Mar 13 07:31:57 CET 2026
#@# pial area rh Fri Mar 13 07:31:57 CET 2026
#@# thickness rh Fri Mar 13 07:31:57 CET 2026
#@# area and vertex vol rh Fri Mar 13 07:31:57 CET 2026
#@# Parcellation Stats rh Fri Mar 13 07:31:58 CET 2026
#@# Parcellation Stats 2 rh Fri Mar 13 07:32:15 CET 2026
#@# Parcellation Stats 3 rh Fri Mar 13 07:32:24 CET 2026
#@# BA_exvivo Labels rh Fri Mar 13 07:32:33 CET 2026
recon-all -s sub-v2s4x29615_ses-1 finished without error at Fri Mar 13 07:34:35 CET 2026
