status file for recon-all
Fri Mar 13 06:23:28 CET 2026
#@# MotionCor Fri Mar 13 06:23:29 CET 2026
#@# Talairach Fri Mar 13 06:23:35 CET 2026
#@# Talairach Failure Detection Fri Mar 13 06:26:25 CET 2026
#@# Nu Intensity Correction Fri Mar 13 06:26:25 CET 2026
#@# Intensity Normalization Fri Mar 13 06:29:10 CET 2026
recon-all -s sub-v2s4x29635_ses-1 finished without error at Fri Mar 13 06:30:13 CET 2026



#New# invocation of recon-all 



status file for recon-all
Fri Mar 13 06:35:59 CET 2026
#@# EM Registration Fri Mar 13 06:35:59 CET 2026
recon-all -s sub-v2s4x29635_ses-1 finished without error at Fri Mar 13 06:37:39 CET 2026



#New# invocation of recon-all 



status file for recon-all
Fri Mar 13 06:37:41 CET 2026
#@# CA Normalize Fri Mar 13 06:37:41 CET 2026
#@# CA Reg Fri Mar 13 06:38:35 CET 2026
#@# SubCort Seg Fri Mar 13 07:12:13 CET 2026
#@# CC Seg Fri Mar 13 07:43:20 CET 2026
#@# Merge ASeg Fri Mar 13 07:43:50 CET 2026
#@# Intensity Normalization2 Fri Mar 13 07:43:50 CET 2026
#@# Mask BFS Fri Mar 13 07:45:21 CET 2026
#@# WM Segmentation Fri Mar 13 07:45:22 CET 2026
#@# Fill Fri Mar 13 07:47:07 CET 2026
recon-all -s sub-v2s4x29635_ses-1 finished without error at Fri Mar 13 07:47:45 CET 2026



#New# invocation of recon-all 



status file for recon-all
Fri Mar 13 08:23:58 CET 2026
#@# white curv lh Fri Mar 13 08:23:58 CET 2026
#@# white area lh Fri Mar 13 08:23:58 CET 2026
#@# pial curv lh Fri Mar 13 08:23:58 CET 2026
#@# pial area lh Fri Mar 13 08:23:58 CET 2026
#@# thickness lh Fri Mar 13 08:23:58 CET 2026
#@# area and vertex vol lh Fri Mar 13 08:23:58 CET 2026
#@# white curv rh Fri Mar 13 08:23:58 CET 2026
#@# white area rh Fri Mar 13 08:23:58 CET 2026
#@# pial curv rh Fri Mar 13 08:23:58 CET 2026
#@# pial area rh Fri Mar 13 08:23:58 CET 2026
#@# thickness rh Fri Mar 13 08:23:58 CET 2026
#@# area and vertex vol rh Fri Mar 13 08:23:58 CET 2026
#@# Cortical ribbon mask Fri Mar 13 08:23:58 CET 2026
recon-all -s sub-v2s4x29635_ses-1 finished without error at Fri Mar 13 08:27:29 CET 2026



#New# invocation of recon-all 



status file for recon-all
Fri Mar 13 08:32:50 CET 2026
#@# white curv lh Fri Mar 13 08:32:50 CET 2026
#@# white area lh Fri Mar 13 08:32:50 CET 2026
#@# pial curv lh Fri Mar 13 08:32:50 CET 2026
#@# pial area lh Fri Mar 13 08:32:50 CET 2026
#@# thickness lh Fri Mar 13 08:32:50 CET 2026
#@# area and vertex vol lh Fri Mar 13 08:32:50 CET 2026
#@# white curv rh Fri Mar 13 08:32:50 CET 2026
#@# white area rh Fri Mar 13 08:32:50 CET 2026
#@# pial curv rh Fri Mar 13 08:32:50 CET 2026
#@# pial area rh Fri Mar 13 08:32:50 CET 2026
#@# thickness rh Fri Mar 13 08:32:50 CET 2026
#@# area and vertex vol rh Fri Mar 13 08:32:50 CET 2026
#@# Curvature Stats lh Fri Mar 13 08:32:50 CET 2026
#@# Curvature Stats rh Fri Mar 13 08:32:52 CET 2026
#@# Relabel Hypointensities Fri Mar 13 08:32:54 CET 2026
#@# APas-to-ASeg Fri Mar 13 08:33:05 CET 2026
#@# AParc-to-ASeg aparc Fri Mar 13 08:33:11 CET 2026
#@# AParc-to-ASeg aparc.a2009s Fri Mar 13 08:33:37 CET 2026
#@# AParc-to-ASeg aparc.DKTatlas Fri Mar 13 08:34:00 CET 2026
#@# WMParc Fri Mar 13 08:34:23 CET 2026
#@# ASeg Stats Fri Mar 13 08:36:10 CET 2026
recon-all -s sub-v2s4x29635_ses-1 finished without error at Fri Mar 13 08:36:29 CET 2026
