status file for recon-all
Fri Mar 13 06:52:45 CET 2026
#@# Tessellate rh Fri Mar 13 06:52:45 CET 2026
#@# Smooth1 rh Fri Mar 13 06:52:49 CET 2026
#@# Inflation1 rh Fri Mar 13 06:52:52 CET 2026
#@# QSphere rh Fri Mar 13 06:53:06 CET 2026
#@# Fix Topology rh Fri Mar 13 06:54:31 CET 2026
#@# Smooth2 rh Fri Mar 13 07:00:22 CET 2026
#@# Inflation2 rh Fri Mar 13 07:00:25 CET 2026
#@# Curv .H and .K rh Fri Mar 13 07:00:41 CET 2026
#@# Sphere rh Fri Mar 13 07:01:30 CET 2026
#@# Surf Reg rh Fri Mar 13 07:05:26 CET 2026
#@# Jacobian white rh Fri Mar 13 07:09:50 CET 2026
#@# AvgCurv rh Fri Mar 13 07:09:51 CET 2026
#@# Cortical Parc rh Fri Mar 13 07:09:52 CET 2026
#@# white curv rh Fri Mar 13 07:15:55 CET 2026
#@# white area rh Fri Mar 13 07:15:57 CET 2026
#@# pial curv rh Fri Mar 13 07:15:58 CET 2026
#@# pial area rh Fri Mar 13 07:16:00 CET 2026
#@# thickness rh Fri Mar 13 07:16:01 CET 2026
#@# area and vertex vol rh Fri Mar 13 07:16:30 CET 2026
#@# Curvature Stats rh Fri Mar 13 07:16:32 CET 2026
#@# Cortical Parc 2 rh Fri Mar 13 07:16:35 CET 2026
#@# Cortical Parc 3 rh Fri Mar 13 07:16:50 CET 2026
#@# WM/GM Contrast rh Fri Mar 13 07:17:01 CET 2026
recon-all -s sub-v2s4x29600_ses-1 finished without error at Fri Mar 13 07:17:05 CET 2026



#New# invocation of recon-all 



status file for recon-all
Fri Mar 13 07:27:37 CET 2026
#@# white curv rh Fri Mar 13 07:27:37 CET 2026
#@# white area rh Fri Mar 13 07:27:37 CET 2026
#@# pial curv rh Fri Mar 13 07:27:37 CET 2026
#@# pial area rh Fri Mar 13 07:27:37 CET 2026
#@# thickness rh Fri Mar 13 07:27:37 CET 2026
#@# area and vertex vol rh Fri Mar 13 07:27:37 CET 2026
#@# Parcellation Stats rh Fri Mar 13 07:27:37 CET 2026
#@# Parcellation Stats 2 rh Fri Mar 13 07:27:58 CET 2026
#@# Parcellation Stats 3 rh Fri Mar 13 07:28:08 CET 2026
#@# BA_exvivo Labels rh Fri Mar 13 07:28:17 CET 2026
recon-all -s sub-v2s4x29600_ses-1 finished without error at Fri Mar 13 07:31:15 CET 2026
