status file for recon-all
Fri Mar 13 06:27:29 CET 2026
#@# Tessellate lh Fri Mar 13 06:27:29 CET 2026
#@# Smooth1 lh Fri Mar 13 06:27:33 CET 2026
#@# Inflation1 lh Fri Mar 13 06:27:36 CET 2026
#@# QSphere lh Fri Mar 13 06:27:50 CET 2026
#@# Fix Topology lh Fri Mar 13 06:29:02 CET 2026
#@# Smooth2 lh Fri Mar 13 06:34:54 CET 2026
#@# Inflation2 lh Fri Mar 13 06:34:58 CET 2026
#@# Curv .H and .K lh Fri Mar 13 06:35:13 CET 2026
#@# Sphere lh Fri Mar 13 06:36:02 CET 2026
#@# Surf Reg lh Fri Mar 13 06:40:13 CET 2026
#@# Jacobian white lh Fri Mar 13 06:44:59 CET 2026
#@# AvgCurv lh Fri Mar 13 06:45:00 CET 2026
#@# Cortical Parc lh Fri Mar 13 06:45:01 CET 2026
#@# white curv lh Fri Mar 13 06:51:33 CET 2026
#@# white area lh Fri Mar 13 06:51:35 CET 2026
#@# pial curv lh Fri Mar 13 06:51:36 CET 2026
#@# pial area lh Fri Mar 13 06:51:38 CET 2026
#@# thickness lh Fri Mar 13 06:51:39 CET 2026
#@# area and vertex vol lh Fri Mar 13 06:52:11 CET 2026
#@# Curvature Stats lh Fri Mar 13 06:52:13 CET 2026
#@# Cortical Parc 2 lh Fri Mar 13 06:52:16 CET 2026
#@# Cortical Parc 3 lh Fri Mar 13 06:52:29 CET 2026
#@# WM/GM Contrast lh Fri Mar 13 06:52:40 CET 2026
recon-all -s sub-v2s4x29600_ses-1 finished without error at Fri Mar 13 06:52:43 CET 2026



#New# invocation of recon-all 



status file for recon-all
Fri Mar 13 07:23:49 CET 2026
#@# white curv lh Fri Mar 13 07:23:49 CET 2026
#@# white area lh Fri Mar 13 07:23:49 CET 2026
#@# pial curv lh Fri Mar 13 07:23:49 CET 2026
#@# pial area lh Fri Mar 13 07:23:49 CET 2026
#@# thickness lh Fri Mar 13 07:23:50 CET 2026
#@# area and vertex vol lh Fri Mar 13 07:23:50 CET 2026
#@# Parcellation Stats lh Fri Mar 13 07:23:50 CET 2026
#@# Parcellation Stats 2 lh Fri Mar 13 07:24:12 CET 2026
#@# Parcellation Stats 3 lh Fri Mar 13 07:24:24 CET 2026
#@# BA_exvivo Labels lh Fri Mar 13 07:24:34 CET 2026
recon-all -s sub-v2s4x29600_ses-1 finished without error at Fri Mar 13 07:27:33 CET 2026
