status file for recon-all
Fri Mar 13 07:43:02 CET 2026
#@# Tessellate rh Fri Mar 13 07:43:02 CET 2026
#@# Smooth1 rh Fri Mar 13 07:43:06 CET 2026
#@# Inflation1 rh Fri Mar 13 07:43:09 CET 2026
#@# QSphere rh Fri Mar 13 07:43:27 CET 2026
#@# Fix Topology rh Fri Mar 13 07:44:52 CET 2026
#@# Smooth2 rh Fri Mar 13 07:50:28 CET 2026
#@# Inflation2 rh Fri Mar 13 07:50:31 CET 2026
#@# Curv .H and .K rh Fri Mar 13 07:50:48 CET 2026
#@# Sphere rh Fri Mar 13 07:51:38 CET 2026
#@# Surf Reg rh Fri Mar 13 07:55:29 CET 2026
#@# Jacobian white rh Fri Mar 13 08:00:45 CET 2026
#@# AvgCurv rh Fri Mar 13 08:00:46 CET 2026
#@# Cortical Parc rh Fri Mar 13 08:00:47 CET 2026
#@# white curv rh Fri Mar 13 08:07:44 CET 2026
#@# white area rh Fri Mar 13 08:07:46 CET 2026
#@# pial curv rh Fri Mar 13 08:07:47 CET 2026
#@# pial area rh Fri Mar 13 08:07:49 CET 2026
#@# thickness rh Fri Mar 13 08:07:50 CET 2026
#@# area and vertex vol rh Fri Mar 13 08:08:22 CET 2026
#@# Curvature Stats rh Fri Mar 13 08:08:24 CET 2026
#@# Cortical Parc 2 rh Fri Mar 13 08:08:27 CET 2026
#@# Cortical Parc 3 rh Fri Mar 13 08:08:41 CET 2026
#@# WM/GM Contrast rh Fri Mar 13 08:08:52 CET 2026
recon-all -s sub-v2s4x29614_ses-1 finished without error at Fri Mar 13 08:08:56 CET 2026



#New# invocation of recon-all 



status file for recon-all
Fri Mar 13 08:16:50 CET 2026
#@# white curv rh Fri Mar 13 08:16:50 CET 2026
#@# white area rh Fri Mar 13 08:16:50 CET 2026
#@# pial curv rh Fri Mar 13 08:16:50 CET 2026
#@# pial area rh Fri Mar 13 08:16:50 CET 2026
#@# thickness rh Fri Mar 13 08:16:50 CET 2026
#@# area and vertex vol rh Fri Mar 13 08:16:50 CET 2026
#@# Parcellation Stats rh Fri Mar 13 08:16:50 CET 2026
#@# Parcellation Stats 2 rh Fri Mar 13 08:17:10 CET 2026
#@# Parcellation Stats 3 rh Fri Mar 13 08:17:21 CET 2026
#@# BA_exvivo Labels rh Fri Mar 13 08:17:32 CET 2026
recon-all -s sub-v2s4x29614_ses-1 finished without error at Fri Mar 13 08:20:35 CET 2026
