/out/sourcedata/freesurfer/sub-v2s4x29589_ses-1/mri
/opt/freesurfer/bin/talairach_avi
--i orig_nu.mgz --xfm transforms/talairach.auto.xfm
talairach_avi 7.3.2
Linux dna069 5.14.0-427.37.1.el9_4.x86_64 #1 SMP PREEMPT_DYNAMIC Fri Sep 13 12:41:50 EDT 2024 x86_64 x86_64 x86_64 GNU/Linux
Fri Mar 13 03:51:06 CET 2026
mri_convert orig_nu.mgz talsrcimg.img 
reading from orig_nu.mgz...
TR=0.00, TE=0.00, TI=0.00, flip angle=0.00
i_ras = (-1, -4.07726e-09, -9.31323e-10)
j_ras = (9.31323e-10, -5.82077e-11, -1)
k_ras = (3.51747e-10, 1, 0)
writing to talsrcimg.img...
Analyze Output Matrix
-1.00000   0.00000   0.00000   128.40085;
-0.00000  -0.00000   1.00000  -129.97678;
-0.00000  -1.00000   0.00000   133.31229;
 0.00000   0.00000   0.00000   1.00000;
--------------------
INFO: set hdr.hist.orient to -1
mpr2mni305 talsrcimg
Fri Mar 13 03:51:07 CET 2026
/opt/freesurfer/bin/mpr2mni305 talsrcimg
mpr2mni305 7.3.2
target=711-2C_as_mni_average_305

---------------------------------------------------------------------
analyzeto4dfp talsrcimg -O0 -y
---------------------------------------------------------------------

freesurfer ifh2hdr.c
Fri Mar 13 03:51:07 2026
Writing: talsrcimg.4dfp.hdr
freesurfer analyzeto4dfp.c
Reading: talsrcimg.hdr
header size 348 bytes
hdr.dime.datatype	offset=70	value=2
hdr.dime.bitpix		offset=72	value=8
hdr.hist.orient		offset=252	value=-1
dimensionality     4
dimensions       256       256       256         1
Reading: talsrcimg.img
Writing: talsrcimg.4dfp.img
Writing: talsrcimg.4dfp.ifh
ifh2hdr talsrcimg -r0to255
ori=2

---------------------------------------------------------------------
gauss_4dfp talsrcimg 1.1
---------------------------------------------------------------------

freesurfer gauss_4dfp.c
Reading: talsrcimg.4dfp.img
Writing: talsrcimg_g11.4dfp.img
image dimensions 256 256 256 padded to 288 288 288
processing volume 1freesurfer ifh2hdr.c
Fri Mar 13 03:51:08 2026
Writing: talsrcimg_g11.4dfp.hdr

Writing: talsrcimg_g11.4dfp.ifh
including: talsrcimg.4dfp.img.rec in talsrcimg_g11.4dfp.img.rec

---------------------------------------------------------------------
imgreg_4dfp /opt/freesurfer/average/711-2C_as_mni_average_305 none talsrcimg_g11 none talsrcimg_to_711-2C_as_mni_average_305_t4 4355
---------------------------------------------------------------------

freesurfer imgreg_4dfp.c
/opt/freesurfer/average/711-2C_as_mni_average_305.4dfp.img
       256       256       256         1
  1.000000  1.000000  1.000000
orientation T byte_order littleendian
Reading image: /opt/freesurfer/average/711-2C_as_mni_average_305.4dfp.img
dimensions:      256       256       256
mmppix:       1.0000   -1.0000   -1.0000
center:     128.0000 -129.0000 -129.0000
talsrcimg_g11.4dfp.img
       256       256       256         1
  1.000000  1.000000  1.000000
orientation T byte_order littleendian
Reading image: talsrcimg_g11.4dfp.img
dimensions:      256       256       256
mmppix:       1.0000   -1.0000   -1.0000
center:     128.0000 -129.0000 -129.0000
t4_read: open error in t4_sub.f l:  41 t4_file(1:l)talsrcimg_to_711-2C_as_mni_average_305_t4 
t4_read: transform initialized to I4
rotation matrix determinant  1.000000
image alignment mode   4355 decimal     1103 hex
   -7.5000  -45.0000  -45.0000 6982.0684   12.6942
    0.0000  -45.0000  -45.0000 7294.3237   12.7536
    7.5000  -45.0000  -45.0000 6986.5171   12.7702
   -7.5000  -37.5000  -45.0000 7451.0239   12.5901
    0.0000  -37.5000  -45.0000 7812.4883   12.6486
    7.5000  -37.5000  -45.0000 7467.5342   12.6708
   -7.5000  -30.0000  -45.0000 8214.7129   12.5767
    0.0000  -30.0000  -45.0000 8603.2871   12.6307
    7.5000  -30.0000  -45.0000 8231.4824   12.6530
   -7.5000  -22.5000  -45.0000 8982.0273   12.5847
    0.0000  -22.5000  -45.0000 9407.8018   12.6347
    7.5000  -22.5000  -45.0000 9002.8584   12.6498
   -7.5000  -15.0000  -45.0000 9756.9824   12.6016
    0.0000  -15.0000  -45.000010223.7207   12.6512
    7.5000  -15.0000  -45.0000 9755.9473   12.6606
   -7.5000   -7.5000  -45.000010522.3018   12.6121
    0.0000   -7.5000  -45.000011043.7969   12.6659
    7.5000   -7.5000  -45.000010523.6221   12.6763
   -7.5000    0.0000  -45.000011215.3867   12.6078
    0.0000    0.0000  -45.000011764.2461   12.6663
    7.5000    0.0000  -45.000011190.2725   12.6825
   -7.5000    7.5000  -45.000010972.4492   12.5891
    0.0000    7.5000  -45.000011508.6152   12.6476
    7.5000    7.5000  -45.000010902.3213   12.6699
   -7.5000   15.0000  -45.000010514.8604   12.5767
    0.0000   15.0000  -45.000011013.7275   12.6307
    7.5000   15.0000  -45.000010399.5293   12.6530
   -7.5000   22.5000  -45.0000 9915.6787   12.5829
    0.0000   22.5000  -45.000010420.5117   12.6329
    7.5000   22.5000  -45.0000 9812.4736   12.6481
   -7.5000   30.0000  -45.0000 9320.5596   12.4336
    0.0000   30.0000  -45.0000 9824.5732   12.4826
    7.5000   30.0000  -45.0000 9240.9023   12.4919
   -7.5000   37.5000  -45.0000 9056.5820   12.4440
    0.0000   37.5000  -45.0000 9530.5645   12.4971
    7.5000   37.5000  -45.0000 8971.7021   12.5074
   -7.5000   45.0000  -45.0000 8324.0957   12.1239
    0.0000   45.0000  -45.0000 8764.9678   12.1801
    7.5000   45.0000  -45.0000 8266.7803   12.1957
   -7.5000  -45.0000  -37.5000 7382.1836   12.6331
    0.0000  -45.0000  -37.5000 7733.8164   12.6854
    7.5000  -45.0000  -37.5000 7400.4414   12.6999
   -7.5000  -37.5000  -37.5000 7912.2822   12.5302
    0.0000  -37.5000  -37.5000 8300.5244   12.5840
    7.5000  -37.5000  -37.5000 7929.4243   12.6047
   -7.5000  -30.0000  -37.5000 8728.0449   12.5204
    0.0000  -30.0000  -37.5000 9143.7148   12.5727
    7.5000  -30.0000  -37.5000 8732.7529   12.5951
   -7.5000  -22.5000  -37.5000 9549.6377   12.5322
    0.0000  -22.5000  -37.500010007.5283   12.5812
    7.5000  -22.5000  -37.5000 9540.3115   12.5979
   -7.5000  -15.0000  -37.500010354.0518   12.5505
    0.0000  -15.0000  -37.500010860.0391   12.5968
    7.5000  -15.0000  -37.500010334.3516   12.6070
   -7.5000   -7.5000  -37.500011131.2998   12.5569
    0.0000   -7.5000  -37.500011671.8955   12.6043
    7.5000   -7.5000  -37.500011122.2764   12.6136
   -7.5000    0.0000  -37.500011841.5391   12.5475
    0.0000    0.0000  -37.500012434.0332   12.5990
    7.5000    0.0000  -37.500011803.1318   12.6132
   -7.5000    7.5000  -37.500011579.7920   12.5292
    0.0000    7.5000  -37.500012158.4912   12.5830
    7.5000    7.5000  -37.500011531.9277   12.6037
   -7.5000   15.0000  -37.500011068.9795   12.5204
    0.0000   15.0000  -37.500011626.3320   12.5727
    7.5000   15.0000  -37.500011004.1807   12.5951
   -7.5000   22.5000  -37.500010449.4033   12.5304
    0.0000   22.5000  -37.500011008.7480   12.5794
    7.5000   22.5000  -37.500010370.1230   12.5962
   -7.5000   30.0000  -37.5000 9846.6426   12.3833
    0.0000   30.0000  -37.500010382.8945   12.4290
    7.5000   30.0000  -37.5000 9773.0889   12.4390
   -7.5000   37.5000  -37.5000 9571.4414   12.3896
    0.0000   37.5000  -37.500010092.9980   12.4363
    7.5000   37.5000  -37.5000 9512.7031   12.4455
   -7.5000   45.0000  -37.5000 8804.4434   12.0659
    0.0000   45.0000  -37.5000 9275.9648   12.1155
    7.5000   45.0000  -37.5000 8772.3076   12.1291
   -7.5000  -45.0000  -30.0000 7947.4478   13.1272
    0.0000  -45.0000  -30.0000 8330.5137   13.1744
    7.5000  -45.0000  -30.0000 7935.7944   13.1897
   -7.5000  -37.5000  -30.0000 8545.8428   13.0220
    0.0000  -37.5000  -30.0000 8950.9902   13.0730
    7.5000  -37.5000  -30.0000 8532.0547   13.0937
   -7.5000  -30.0000  -30.0000 9440.7314   13.0138
    0.0000  -30.0000  -30.0000 9878.2930   13.0641
    7.5000  -30.0000  -30.0000 9420.8623   13.0854
   -7.5000  -22.5000  -30.000010304.0156   13.0262
    0.0000  -22.5000  -30.000010794.0947   13.0715
    7.5000  -22.5000  -30.000010290.7646   13.0869
   -7.5000  -15.0000  -30.000011132.6387   13.0445
    0.0000  -15.0000  -30.000011683.5508   13.0846
    7.5000  -15.0000  -30.000011130.9658   13.0938
   -7.5000   -7.5000  -30.000011960.0830   13.0497
    0.0000   -7.5000  -30.000012530.7188   13.0903
    7.5000   -7.5000  -30.000011959.0225   13.0995
   -7.5000    0.0000  -30.000012714.3291   13.0386
    0.0000    0.0000  -30.000013349.5352   13.0850
    7.5000    0.0000  -30.000012694.5225   13.1000
   -7.5000    7.5000  -30.000012447.3809   13.0209
    0.0000    7.5000  -30.000013070.4834   13.0719
    7.5000    7.5000  -30.000012400.2070   13.0927
   -7.5000   15.0000  -30.000011900.9434   13.0138
    0.0000   15.0000  -30.000012497.3232   13.0641
    7.5000   15.0000  -30.000011835.2510   13.0854
   -7.5000   22.5000  -30.000011242.4951   13.0231
    0.0000   22.5000  -30.000011821.3428   13.0683
    7.5000   22.5000  -30.000011167.7402   13.0838
   -7.5000   30.0000  -30.000010596.1025   12.8719
    0.0000   30.0000  -30.000011128.7197   12.9115
    7.5000   30.0000  -30.000010526.4180   12.9205
   -7.5000   37.5000  -30.000010295.9521   12.8770
    0.0000   37.5000  -30.000010808.6709   12.9171
    7.5000   37.5000  -30.000010244.8008   12.9262
   -7.5000   45.0000  -30.0000 9464.3613   12.5474
    0.0000   45.0000  -30.0000 9932.4707   12.5920
    7.5000   45.0000  -30.0000 9439.9434   12.6065
   -7.5000  -45.0000  -22.5000 8510.4902   13.5695
    0.0000  -45.0000  -22.5000 8938.1572   13.6181
    7.5000  -45.0000  -22.5000 8495.9346   13.6357
   -7.5000  -37.5000  -22.5000 9184.3398   13.4592
    0.0000  -37.5000  -22.5000 9636.5898   13.5115
    7.5000  -37.5000  -22.5000 9171.3799   13.5329
   -7.5000  -30.0000  -22.500010168.8750   13.4500
    0.0000  -30.0000  -22.500010653.1191   13.4991
    7.5000  -30.0000  -22.500010147.7100   13.5182
   -7.5000  -22.5000  -22.500011097.1143   13.4627
    0.0000  -22.5000  -22.500011619.7305   13.5038
    7.5000  -22.5000  -22.500011077.3711   13.5159
   -7.5000  -15.0000  -22.500011992.1797   13.4818
    0.0000  -15.0000  -22.500012582.8428   13.5177
    7.5000  -15.0000  -22.500011976.8838   13.5251
   -7.5000   -7.5000  -22.500012873.4795   13.4889
    0.0000   -7.5000  -22.500013470.0918   13.5283
    7.5000   -7.5000  -22.500012821.5850   13.5384
   -7.5000    0.0000  -22.500013662.0127   13.4779
    0.0000    0.0000  -22.500014346.1807   13.5257
    7.5000    0.0000  -22.500013610.0967   13.5429
   -7.5000    7.5000  -22.500013373.0781   13.4581
    0.0000    7.5000  -22.500014044.9980   13.5105
    7.5000    7.5000  -22.500013307.8848   13.5319
   -7.5000   15.0000  -22.500012789.2363   13.4500
    0.0000   15.0000  -22.500013450.9307   13.4991
    7.5000   15.0000  -22.500012728.8955   13.5182
   -7.5000   22.5000  -22.500012089.0459   13.4586
    0.0000   22.5000  -22.500012717.6670   13.4996
    7.5000   22.5000  -22.500012028.0615   13.5117
   -7.5000   30.0000  -22.500011352.8545   13.3054
    0.0000   30.0000  -22.500011933.0371   13.3409
    7.5000   30.0000  -22.500011307.3262   13.3482
   -7.5000   37.5000  -22.500011028.5068   13.3125
    0.0000   37.5000  -22.500011572.6406   13.3513
    7.5000   37.5000  -22.500010994.9561   13.3613
   -7.5000   45.0000  -22.500010159.3574   12.9799
    0.0000   45.0000  -22.500010650.9502   13.0260
    7.5000   45.0000  -22.500010134.0498   13.0425
   -7.5000  -45.0000  -15.0000 9084.9746   13.9016
    0.0000  -45.0000  -15.0000 9522.5703   13.9577
    7.5000  -45.0000  -15.0000 9059.6660   13.9773
   -7.5000  -37.5000  -15.0000 9809.0283   13.7866
    0.0000  -37.5000  -15.000010286.8105   13.8446
    7.5000  -37.5000  -15.0000 9795.1045   13.8676
   -7.5000  -30.0000  -15.000010890.9668   13.7742
    0.0000  -30.0000  -15.000011407.6338   13.8257
    7.5000  -30.0000  -15.000010873.6406   13.8449
   -7.5000  -22.5000  -15.000011902.4092   13.7857
    0.0000  -22.5000  -15.000012479.4385   13.8277
    7.5000  -22.5000  -15.000011885.9395   13.8386
   -7.5000  -15.0000  -15.000012848.8789   13.8054
    0.0000  -15.0000  -15.000013489.5674   13.8442
    7.5000  -15.0000  -15.000012843.0557   13.8513
   -7.5000   -7.5000  -15.000013752.0957   13.8160
    0.0000   -7.5000  -15.000014420.3203   13.8616
    7.5000   -7.5000  -15.000013696.5664   13.8730
   -7.5000    0.0000  -15.000014621.6406   13.8077
    0.0000    0.0000  -15.000015350.0264   13.8629
    7.5000    0.0000  -15.000014535.9785   13.8821
   -7.5000    7.5000  -15.000014325.9795   13.7855
    0.0000    7.5000  -15.000015053.0723   13.8435
    7.5000    7.5000  -15.000014211.7100   13.8665
   -7.5000   15.0000  -15.000013717.7910   13.7742
    0.0000   15.0000  -15.000014451.8652   13.8257
    7.5000   15.0000  -15.000013625.6504   13.8449
   -7.5000   22.5000  -15.000012958.8760   13.7808
    0.0000   22.5000  -15.000013673.1875   13.8229
    7.5000   22.5000  -15.000012899.7207   13.8337
   -7.5000   30.0000  -15.000012128.2373   13.6267
    0.0000   30.0000  -15.000012790.2852   13.6650
    7.5000   30.0000  -15.000012127.1475   13.6720
   -7.5000   37.5000  -15.000011758.5186   13.6372
    0.0000   37.5000  -15.000012367.7656   13.6822
    7.5000   37.5000  -15.000011744.7988   13.6935
   -7.5000   45.0000  -15.000010860.4316   13.3055
    0.0000   45.0000  -15.000011413.4551   13.3587
    7.5000   45.0000  -15.000010842.6660   13.3772
   -7.5000  -45.0000   -7.5000 9656.1934   14.0805
    0.0000  -45.0000   -7.500010116.8193   14.1449
    7.5000  -45.0000   -7.5000 9630.3438   14.1645
   -7.5000  -37.5000   -7.500010438.7812   13.9633
    0.0000  -37.5000   -7.500010905.4414   14.0269
    7.5000  -37.5000   -7.500010401.8896   14.0513
   -7.5000  -30.0000   -7.500011603.5566   13.9483
    0.0000  -30.0000   -7.500012129.2168   14.0046
    7.5000  -30.0000   -7.500011574.3154   14.0264
   -7.5000  -22.5000   -7.500012722.8242   13.9589
    0.0000  -22.5000   -7.500013340.4492   14.0077
    7.5000  -22.5000   -7.500012730.4248   14.0207
   -7.5000  -15.0000   -7.500013742.8730   13.9791
    0.0000  -15.0000   -7.500014439.0781   14.0271
    7.5000  -15.0000   -7.500013766.3340   14.0354
   -7.5000   -7.5000   -7.500014662.6523   13.9916
    0.0000   -7.5000   -7.500015398.9131   14.0469
    7.5000   -7.5000   -7.500014655.7012   14.0587
   -7.5000    0.0000   -7.500015567.4414   13.9853
    0.0000    0.0000   -7.500016351.7529   14.0485
    7.5000    0.0000   -7.500015539.0947   14.0678
   -7.5000    7.5000   -7.500015232.9121   13.9622
    0.0000    7.5000   -7.500016048.5986   14.0258
    7.5000    7.5000   -7.500015179.6816   14.0502
   -7.5000   15.0000   -7.500014641.5479   13.9483
    0.0000   15.0000   -7.500015468.5518   14.0046
    7.5000   15.0000   -7.500014591.7959   14.0264
   -7.5000   22.5000   -7.500013833.5459   13.9525
    0.0000   22.5000   -7.500014661.5117   14.0012
    7.5000   22.5000   -7.500013827.4541   14.0142
   -7.5000   30.0000   -7.500012964.9902   13.7978
    0.0000   30.0000   -7.500013726.4727   13.8452
    7.5000   30.0000   -7.500012996.7461   13.8533
   -7.5000   37.5000   -7.500012553.5908   13.8101
    0.0000   37.5000   -7.500013239.4814   13.8647
    7.5000   37.5000   -7.500012567.2285   13.8764
   -7.5000   45.0000   -7.500011608.5400   13.4792
    0.0000   45.0000   -7.500012240.4102   13.5401
    7.5000   45.0000   -7.500011621.3926   13.5587
   -7.5000  -45.0000    0.000010142.7686   14.1202
    0.0000  -45.0000    0.000010603.3389   14.1858
    7.5000  -45.0000    0.000010113.5469   14.2036
   -7.5000  -37.5000    0.000010949.8564   14.0039
    0.0000  -37.5000    0.000011424.9639   14.0684
    7.5000  -37.5000    0.000010925.9258   14.0925
   -7.5000  -30.0000    0.000012188.8252   13.9894
    0.0000  -30.0000    0.000012755.6543   14.0488
    7.5000  -30.0000    0.000012166.6982   14.0731
   -7.5000  -22.5000    0.000013411.0273   13.9998
    0.0000  -22.5000    0.000014098.4160   14.0548
    7.5000  -22.5000    0.000013454.5371   14.0714
   -7.5000  -15.0000    0.000014577.9795   14.0197
    0.0000  -15.0000    0.000015381.4189   14.0743
    7.5000  -15.0000    0.000014668.0371   14.0845
   -7.5000   -7.5000    0.000015590.4355   14.0309
    0.0000   -7.5000    0.000016435.3242   14.0903
    7.5000   -7.5000    0.000015679.1074   14.1014
   -7.5000    0.0000    0.000016468.2480   14.0246
    0.0000    0.0000    0.000017341.6562   14.0892
    7.5000    0.0000    0.000016517.9727   14.1066
   -7.5000    7.5000    0.000016060.3564   14.0029
    0.0000    7.5000    0.000016977.3809   14.0674
    7.5000    7.5000    0.000016099.3594   14.0914
   -7.5000   15.0000    0.000015437.2100   13.9894
    0.0000   15.0000    0.000016420.1504   14.0488
    7.5000   15.0000    0.000015511.5801   14.0731
   -7.5000   22.5000    0.000014637.0986   13.9934
    0.0000   22.5000    0.000015570.0088   14.0483
    7.5000   22.5000    0.000014725.6484   14.0649
   -7.5000   30.0000    0.000013727.0332   13.8382
    0.0000   30.0000    0.000014599.4141   13.8922
    7.5000   30.0000    0.000013806.3633   13.9023
   -7.5000   37.5000    0.000013290.0283   13.8493
    0.0000   37.5000    0.000014108.8604   13.9079
    7.5000   37.5000    0.000013343.7070   13.9189
   -7.5000   45.0000    0.000012287.7998   13.5181
    0.0000   45.0000    0.000013030.3027   13.5804
    7.5000   45.0000    0.000012338.2881   13.5971
   -7.5000  -45.0000    7.5000 9822.1006   14.1139
    0.0000  -45.0000    7.500010264.9268   14.1722
    7.5000  -45.0000    7.5000 9806.4248   14.1882
   -7.5000  -37.5000    7.500010585.8271   14.0001
    0.0000  -37.5000    7.500011080.9307   14.0599
    7.5000  -37.5000    7.500010574.1914   14.0829
   -7.5000  -30.0000    7.500011778.7969   13.9886
    0.0000  -30.0000    7.500012357.0186   14.0468
    7.5000  -30.0000    7.500011798.9336   14.0717
   -7.5000  -22.5000    7.500013045.4570   14.0001
    0.0000  -22.5000    7.500013732.4561   14.0548
    7.5000  -22.5000    7.500013090.1299   14.0734
   -7.5000  -15.0000    7.500014343.8818   14.0196
    0.0000  -15.0000    7.500015160.2100   14.0712
    7.5000  -15.0000    7.500014446.0039   14.0825
   -7.5000   -7.5000    7.500015493.9883   14.0274
    0.0000   -7.5000    7.500016475.6055   14.0801
    7.5000   -7.5000    7.500015644.5859   14.0904
   -7.5000    0.0000    7.500016341.9834   14.0185
    0.0000    0.0000    7.500017412.5527   14.0758
    7.5000    0.0000    7.500016506.8125   14.0915
   -7.5000    7.5000    7.500015849.5928   13.9989
    0.0000    7.5000    7.500016898.4395   14.0588
    7.5000    7.5000    7.500015990.7393   14.0818
   -7.5000   15.0000    7.500015195.4414   13.9886
    0.0000   15.0000    7.500016253.1406   14.0468
    7.5000   15.0000    7.500015298.7637   14.0717
   -7.5000   22.5000    7.500014398.1426   13.9937
    0.0000   22.5000    7.500015409.4824   14.0483
    7.5000   22.5000    7.500014476.8740   14.0669
   -7.5000   30.0000    7.500013484.5166   13.8381
    0.0000   30.0000    7.500014439.0742   13.8891
    7.5000   30.0000    7.500013548.2109   13.9002
   -7.5000   37.5000    7.500013013.1113   13.8459
    0.0000   37.5000    7.500013922.8037   13.8979
    7.5000   37.5000    7.500013067.0830   13.9081
   -7.5000   45.0000    7.500012033.5176   13.5122
    0.0000   45.0000    7.500012844.1973   13.5675
    7.5000   45.0000    7.500012070.3574   13.5826
   -7.5000  -45.0000   15.0000 9441.8467   14.0964
    0.0000  -45.0000   15.0000 9856.6943   14.1471
    7.5000  -45.0000   15.0000 9467.4766   14.1635
   -7.5000  -37.5000   15.000010196.5449   13.9834
    0.0000  -37.5000   15.000010652.9434   14.0381
    7.5000  -37.5000   15.000010233.2471   14.0604
   -7.5000  -30.0000   15.000011372.5752   13.9746
    0.0000  -30.0000   15.000011917.7822   14.0286
    7.5000  -30.0000   15.000011415.2490   14.0515
   -7.5000  -22.5000   15.000012617.6973   13.9879
    0.0000  -22.5000   15.000013257.2510   14.0365
    7.5000  -22.5000   15.000012653.8926   14.0530
   -7.5000  -15.0000   15.000013924.9961   14.0075
    0.0000  -15.0000   15.000014824.8232   14.0506
    7.5000  -15.0000   15.000013985.8174   14.0604
   -7.5000   -7.5000   15.000015162.9668   14.0132
    0.0000   -7.5000   15.000016566.3535   14.0567
    7.5000   -7.5000   15.000015304.9336   14.0667
   -7.5000    0.0000   15.000016156.5645   14.0013
    0.0000    0.0000   15.000017746.9414   14.0511
    7.5000    0.0000   15.000016336.1475   14.0672
   -7.5000    7.5000   15.000015613.0342   13.9822
    0.0000    7.5000   15.000016908.2793   14.0370
    7.5000    7.5000   15.000015665.5840   14.0593
   -7.5000   15.0000   15.000014824.4609   13.9746
    0.0000   15.0000   15.000015936.6885   14.0286
    7.5000   15.0000   15.000014817.1377   14.0515
   -7.5000   22.5000   15.000013947.6875   13.9814
    0.0000   22.5000   15.000015004.4043   14.0300
    7.5000   22.5000   15.000013993.8223   14.0466
   -7.5000   30.0000   15.000013040.2676   13.8262
    0.0000   30.0000   15.000013999.9062   13.8688
    7.5000   30.0000   15.000013107.8350   13.8784
   -7.5000   37.5000   15.000012550.1074   13.8318
    0.0000   37.5000   15.000013452.6475   13.8748
    7.5000   37.5000   15.000012632.1084   13.8846
   -7.5000   45.0000   15.000011607.1895   13.4956
    0.0000   45.0000   15.000012425.1133   13.5436
    7.5000   45.0000   15.000011674.6914   13.5591
   -7.5000  -45.0000   22.5000 8986.8828   14.0862
    0.0000  -45.0000   22.5000 9466.7764   14.1367
    7.5000  -45.0000   22.5000 9035.0117   14.1549
   -7.5000  -37.5000   22.5000 9739.5098   13.9717
    0.0000  -37.5000   22.500010282.8926   14.0260
    7.5000  -37.5000   22.5000 9793.3594   14.0483
   -7.5000  -30.0000   22.500010901.7373   13.9622
    0.0000  -30.0000   22.500011525.4521   14.0132
    7.5000  -30.0000   22.500010931.6064   14.0329
   -7.5000  -22.5000   22.500012056.0898   13.9754
    0.0000  -22.5000   22.500012781.6875   14.0180
    7.5000  -22.5000   22.500012063.0557   14.0306
   -7.5000  -15.0000   22.500013245.4180   13.9952
    0.0000  -15.0000   22.500014237.3555   14.0325
    7.5000  -15.0000   22.500013280.0830   14.0402
   -7.5000   -7.5000   22.500014359.3369   14.0026
    0.0000   -7.5000   22.500015822.6807   14.0434
    7.5000   -7.5000   22.500014502.6035   14.0540
   -7.5000    0.0000   22.500015305.3242   13.9912
    0.0000    0.0000   22.500016750.7949   14.0408
    7.5000    0.0000   22.500015428.8047   14.0587
   -7.5000    7.5000   22.500014773.0107   13.9706
    0.0000    7.5000   22.500015904.7861   14.0249
    7.5000    7.5000   22.500014778.8184   14.0472
   -7.5000   15.0000   22.500014016.3691   13.9622
    0.0000   15.0000   22.500015036.9531   14.0132
    7.5000   15.0000   22.500014059.6904   14.0329
   -7.5000   22.5000   22.500013206.4297   13.9689
    0.0000   22.5000   22.500014205.5039   14.0116
    7.5000   22.5000   22.500013332.3447   14.0241
   -7.5000   30.0000   22.500012370.4971   13.8141
    0.0000   30.0000   22.500013292.9668   13.8509
    7.5000   30.0000   22.500012531.0645   13.8585
   -7.5000   37.5000   22.500011900.1377   13.8213
    0.0000   37.5000   22.500012748.9922   13.8617
    7.5000   37.5000   22.500012045.2559   13.8721
   -7.5000   45.0000   22.500010989.1533   13.4859
    0.0000   45.0000   22.500011734.1963   13.5337
    7.5000   45.0000   22.500011109.3320   13.5509
   -7.5000  -45.0000   30.0000 8400.8779   14.0926
    0.0000  -45.0000   30.0000 8904.8330   14.1496
    7.5000  -45.0000   30.0000 8448.9717   14.1694
   -7.5000  -37.5000   30.0000 9123.2500   13.9761
    0.0000  -37.5000   30.0000 9669.1260   14.0348
    7.5000  -37.5000   30.0000 9179.2578   14.0582
   -7.5000  -30.0000   30.000010186.0332   13.9635
    0.0000  -30.0000   30.000010794.9248   14.0157
    7.5000  -30.0000   30.000010236.1572   14.0351
   -7.5000  -22.5000   30.000011230.8047   13.9752
    0.0000  -22.5000   30.000011869.6348   14.0178
    7.5000  -22.5000   30.000011271.7227   14.0288
   -7.5000  -15.0000   30.000012277.9541   13.9951
    0.0000  -15.0000   30.000013027.8447   14.0345
    7.5000  -15.0000   30.000012351.8154   14.0416
   -7.5000   -7.5000   30.000013294.8916   14.0059
    0.0000   -7.5000   30.000014230.9531   14.0521
    7.5000   -7.5000   30.000013430.1992   14.0637
   -7.5000    0.0000   30.000014091.1738   13.9975
    0.0000    0.0000   30.000014892.9922   14.0534
    7.5000    0.0000   30.000014141.7334   14.0728
   -7.5000    7.5000   30.000013591.0215   13.9750
    0.0000    7.5000   30.000014248.7021   14.0337
    7.5000    7.5000   30.000013604.0586   14.0571
   -7.5000   15.0000   30.000012982.9785   13.9635
    0.0000   15.0000   30.000013686.8184   14.0157
    7.5000   15.0000   30.000013065.9121   14.0351
   -7.5000   22.5000   30.000012324.4414   13.9687
    0.0000   22.5000   30.000013072.8535   14.0113
    7.5000   22.5000   30.000012449.3965   14.0224
   -7.5000   30.0000   30.000011633.2012   13.8140
    0.0000   30.0000   30.000012354.8193   13.8528
    7.5000   30.0000   30.000011758.8291   13.8599
   -7.5000   37.5000   30.000011194.6787   13.8247
    0.0000   37.5000   30.000011895.9736   13.8703
    7.5000   37.5000   30.000011312.6738   13.8817
   -7.5000   45.0000   30.000010263.4404   13.4920
    0.0000   45.0000   30.000010932.4414   13.5459
    7.5000   45.0000   30.000010396.9385   13.5646
   -7.5000  -45.0000   37.5000 7993.7441   14.2063
    0.0000  -45.0000   37.5000 8469.8965   14.2711
    7.5000  -45.0000   37.5000 8048.0156   14.2907
   -7.5000  -37.5000   37.5000 8695.4248   14.0873
    0.0000  -37.5000   37.5000 9191.1699   14.1513
    7.5000  -37.5000   37.5000 8747.4736   14.1758
   -7.5000  -30.0000   37.5000 9699.5986   14.0720
    0.0000  -30.0000   37.500010213.0254   14.1287
    7.5000  -30.0000   37.5000 9743.6875   14.1506
   -7.5000  -22.5000   37.500010699.6309   14.0825
    0.0000  -22.5000   37.500011234.1299   14.1316
    7.5000  -22.5000   37.500010748.6953   14.1448
   -7.5000  -15.0000   37.500011701.8994   14.1029
    0.0000  -15.0000   37.500012292.1475   14.1513
    7.5000  -15.0000   37.500011779.4131   14.1595
   -7.5000   -7.5000   37.500012630.3066   14.1157
    0.0000   -7.5000   37.500013292.9648   14.1714
    7.5000   -7.5000   37.500012716.7500   14.1831
   -7.5000    0.0000   37.500013376.1162   14.1095
    0.0000    0.0000   37.500013915.9922   14.1732
    7.5000    0.0000   37.500013357.8955   14.1925
   -7.5000    7.5000   37.500012959.8477   14.0862
    0.0000    7.5000   37.500013474.0127   14.1502
    7.5000    7.5000   37.500012954.3760   14.1747
   -7.5000   15.0000   37.500012420.6553   14.0720
    0.0000   15.0000   37.500012992.5664   14.1287
    7.5000   15.0000   37.500012471.0430   14.1506
   -7.5000   22.5000   37.500011833.9707   14.0760
    0.0000   22.5000   37.500012404.3867   14.1251
    7.5000   22.5000   37.500011895.3242   14.1383
   -7.5000   30.0000   37.500011228.4854   13.9203
    0.0000   30.0000   37.500011810.4424   13.9681
    7.5000   30.0000   37.500011283.6777   13.9762
   -7.5000   37.5000   37.500010824.8535   13.9330
    0.0000   37.5000   37.500011429.6787   13.9880
    7.5000   37.5000   37.500010912.8945   13.9996
   -7.5000   45.0000   37.5000 9923.5303   13.6000
    0.0000   45.0000   37.500010517.5020   13.6614
    7.5000   45.0000   37.500010035.6885   13.6799
   -7.5000  -45.0000   45.0000 7202.6968   14.4035
    0.0000  -45.0000   45.0000 7596.4043   14.4715
    7.5000  -45.0000   45.0000 7259.4082   14.4894
   -7.5000  -37.5000   45.0000 7861.8970   14.2820
    0.0000  -37.5000   45.0000 8265.5469   14.3485
    7.5000  -37.5000   45.0000 7909.3467   14.3731
   -7.5000  -30.0000   45.0000 8810.3584   14.2664
    0.0000  -30.0000   45.0000 9207.4551   14.3277
    7.5000  -30.0000   45.0000 8843.4316   14.3524
   -7.5000  -22.5000   45.0000 9761.3750   14.2768
    0.0000  -22.5000   45.000010165.7529   14.3334
    7.5000  -22.5000   45.0000 9777.1602   14.3502
   -7.5000  -15.0000   45.000010677.6045   14.2972
    0.0000  -15.0000   45.000011146.0693   14.3537
    7.5000  -15.0000   45.000010719.2656   14.3639
   -7.5000   -7.5000   45.000011522.3047   14.3093
    0.0000   -7.5000   45.000012017.0352   14.3708
    7.5000   -7.5000   45.000011536.9639   14.3819
   -7.5000    0.0000   45.000012176.8994   14.3035
    0.0000    0.0000   45.000012623.9316   14.3703
    7.5000    0.0000   45.000012128.3496   14.3878
   -7.5000    7.5000   45.000011834.2188   14.2809
    0.0000    7.5000   45.000012309.9443   14.3474
    7.5000    7.5000   45.000011841.7021   14.3720
   -7.5000   15.0000   45.000011381.2959   14.2664
    0.0000   15.0000   45.000011892.9219   14.3277
    7.5000   15.0000   45.000011421.9883   14.3524
   -7.5000   22.5000   45.000010849.5508   14.2702
    0.0000   22.5000   45.000011354.3838   14.3268
    7.5000   22.5000   45.000010879.7412   14.3435
   -7.5000   30.0000   45.000010304.0713   14.1109
    0.0000   30.0000   45.000010811.4346   14.1667
    7.5000   30.0000   45.000010337.2930   14.1767
   -7.5000   37.5000   45.0000 9953.0088   14.1229
    0.0000   37.5000   45.000010497.4092   14.1836
    7.5000   37.5000   45.000010028.8760   14.1946
   -7.5000   45.0000   45.0000 9157.6357   13.7931
    0.0000   45.0000   45.0000 9689.3896   13.8576
    7.5000   45.0000   45.0000 9246.9590   13.8745

---------------------------------------------------------------------
imgreg_4dfp /opt/freesurfer/average/711-2C_as_mni_average_305 /opt/freesurfer/average/711-2B_as_mni_average_305_mask talsrcimg_g11 none talsrcimg_to_711-2C_as_mni_average_305_t4 4355
---------------------------------------------------------------------

freesurfer imgreg_4dfp.c
/opt/freesurfer/average/711-2C_as_mni_average_305.4dfp.img
       256       256       256         1
  1.000000  1.000000  1.000000
orientation T byte_order littleendian
Reading image: /opt/freesurfer/average/711-2C_as_mni_average_305.4dfp.img
dimensions:      256       256       256
mmppix:       1.0000   -1.0000   -1.0000
center:     128.0000 -129.0000 -129.0000
/opt/freesurfer/average/711-2B_as_mni_average_305_mask.4dfp.img
       256       256       256         1
  1.000000  1.000000  1.000000
orientation T byte_order littleendian
Reading mask: /opt/freesurfer/average/711-2B_as_mni_average_305_mask.4dfp.img (2306576 pixels)
talsrcimg_g11.4dfp.img
       256       256       256         1
  1.000000  1.000000  1.000000
orientation T byte_order littleendian
Reading image: talsrcimg_g11.4dfp.img
dimensions:      256       256       256
mmppix:       1.0000   -1.0000   -1.0000
center:     128.0000 -129.0000 -129.0000
rotation matrix determinant  1.000000
image alignment mode   4355 decimal     1103 hex
   -7.5000  -45.0000  -30.0000 2162.9077   15.5076
    0.0000  -45.0000  -30.0000 2182.3076   15.5500
    7.5000  -45.0000  -30.0000 2159.1392   15.5844
   -7.5000  -37.5000  -30.0000 2273.8479   14.1088
    0.0000  -37.5000  -30.0000 2290.7029   14.1372
    7.5000  -37.5000  -30.0000 2267.4866   14.1674
   -7.5000  -30.0000  -30.0000 2352.9878   12.9461
    0.0000  -30.0000  -30.0000 2367.7891   12.9414
    7.5000  -30.0000  -30.0000 2346.0149   13.0099
   -7.5000  -22.5000  -30.0000 2423.9856   12.0923
    0.0000  -22.5000  -30.0000 2435.2903   12.0471
    7.5000  -22.5000  -30.0000 2416.0999   12.1413
   -7.5000  -15.0000  -30.0000 2469.2063   11.5049
    0.0000  -15.0000  -30.0000 2485.2100   11.4847
    7.5000  -15.0000  -30.0000 2466.3350   11.5685
   -7.5000   -7.5000  -30.0000 2497.6313   11.2663
    0.0000   -7.5000  -30.0000 2508.8611   11.2528
    7.5000   -7.5000  -30.0000 2492.3286   11.3404
   -7.5000    0.0000  -30.0000 2517.2432   11.2555
    0.0000    0.0000  -30.0000 2532.0813   11.2158
    7.5000    0.0000  -30.0000 2509.6770   11.3046
   -7.5000    7.5000  -30.0000 2521.9653   11.4523
    0.0000    7.5000  -30.0000 2537.5901   11.4008
    7.5000    7.5000  -30.0000 2514.3782   11.4914
   -7.5000   15.0000  -30.0000 2502.4553   11.7769
    0.0000   15.0000  -30.0000 2517.6355   11.7160
    7.5000   15.0000  -30.0000 2493.7004   11.8314
   -7.5000   22.5000  -30.0000 2461.1309   12.3088
    0.0000   22.5000  -30.0000 2482.5986   12.2823
    7.5000   22.5000  -30.0000 2451.3081   12.3736
   -7.5000   30.0000  -30.0000 2396.8481   13.0078
    0.0000   30.0000  -30.0000 2416.7212   13.0039
    7.5000   30.0000  -30.0000 2388.2656   13.0691
   -7.5000   37.5000  -30.0000 2311.4338   13.9373
    0.0000   37.5000  -30.0000 2333.6028   13.9390
    7.5000   37.5000  -30.0000 2307.9412   13.9859
   -7.5000   45.0000  -30.0000 2202.7375   15.1993
    0.0000   45.0000  -30.0000 2221.2749   15.1855
    7.5000   45.0000  -30.0000 2205.1973   15.2931
   -7.5000  -45.0000  -22.5000 2239.3972   15.0328
    0.0000  -45.0000  -22.5000 2261.5828   15.0343
    7.5000  -45.0000  -22.5000 2234.5620   15.0887
   -7.5000  -37.5000  -22.5000 2361.7925   13.6230
    0.0000  -37.5000  -22.5000 2382.1296   13.6287
    7.5000  -37.5000  -22.5000 2355.1694   13.6981
   -7.5000  -30.0000  -22.5000 2453.2249   12.5122
    0.0000  -30.0000  -22.5000 2466.2024   12.4785
    7.5000  -30.0000  -22.5000 2446.4646   12.5796
   -7.5000  -22.5000  -22.5000 2526.1628   11.6092
    0.0000  -22.5000  -22.5000 2534.0288   11.5630
    7.5000  -22.5000  -22.5000 2519.3696   11.6409
   -7.5000  -15.0000  -22.5000 2586.5454   10.9493
    0.0000  -15.0000  -22.5000 2597.9023   10.9044
    7.5000  -15.0000  -22.5000 2580.9863   10.9826
   -7.5000   -7.5000  -22.5000 2621.4226   10.6674
    0.0000   -7.5000  -22.5000 2625.9514   10.6224
    7.5000   -7.5000  -22.5000 2609.4219   10.7051
   -7.5000    0.0000  -22.5000 2641.1812   10.6218
    0.0000    0.0000  -22.5000 2647.3083   10.5828
    7.5000    0.0000  -22.5000 2632.5117   10.6561
   -7.5000    7.5000  -22.5000 2643.8904   10.8264
    0.0000    7.5000  -22.5000 2658.1038   10.7662
    7.5000    7.5000  -22.5000 2637.9197   10.8540
   -7.5000   15.0000  -22.5000 2621.0195   11.1109
    0.0000   15.0000  -22.5000 2638.5154   11.0595
    7.5000   15.0000  -22.5000 2616.9382   11.1905
   -7.5000   22.5000  -22.5000 2582.6865   11.6082
    0.0000   22.5000  -22.5000 2604.3044   11.5492
    7.5000   22.5000  -22.5000 2577.5217   11.6589
   -7.5000   30.0000  -22.5000 2517.7959   12.2472
    0.0000   30.0000  -22.5000 2539.4060   12.1848
    7.5000   30.0000  -22.5000 2512.1802   12.2799
   -7.5000   37.5000  -22.5000 2430.6084   13.0925
    0.0000   37.5000  -22.5000 2451.7720   13.0621
    7.5000   37.5000  -22.5000 2432.0967   13.1436
   -7.5000   45.0000  -22.5000 2316.1821   14.2857
    0.0000   45.0000  -22.5000 2335.5181   14.2455
    7.5000   45.0000  -22.5000 2315.7061   14.3500
   -7.5000  -45.0000  -15.0000 2282.1902   14.6099
    0.0000  -45.0000  -15.0000 2297.8997   14.5763
    7.5000  -45.0000  -15.0000 2273.3740   14.6624
   -7.5000  -37.5000  -15.0000 2410.7212   13.2081
    0.0000  -37.5000  -15.0000 2426.7617   13.1541
    7.5000  -37.5000  -15.0000 2400.4451   13.2820
   -7.5000  -30.0000  -15.0000 2511.9443   12.0788
    0.0000  -30.0000  -15.0000 2520.9939   12.0156
    7.5000  -30.0000  -15.0000 2498.6091   12.1569
   -7.5000  -22.5000  -15.0000 2588.7129   11.1382
    0.0000  -22.5000  -15.0000 2596.9509   11.0910
    7.5000  -22.5000  -15.0000 2580.9968   11.2113
   -7.5000  -15.0000  -15.0000 2656.8201   10.4663
    0.0000  -15.0000  -15.0000 2669.0686   10.4223
    7.5000  -15.0000  -15.0000 2656.8567   10.5159
   -7.5000   -7.5000  -15.0000 2703.0322   10.0826
    0.0000   -7.5000  -15.0000 2710.5886   10.0301
    7.5000   -7.5000  -15.0000 2698.1677   10.1247
   -7.5000    0.0000  -15.0000 2730.5244   10.0030
    0.0000    0.0000  -15.0000 2735.6943    9.9612
    7.5000    0.0000  -15.0000 2722.4883   10.0483
   -7.5000    7.5000  -15.0000 2740.1021   10.1846
    0.0000    7.5000  -15.0000 2747.2363   10.1297
    7.5000    7.5000  -15.0000 2732.4351   10.2252
   -7.5000   15.0000  -15.0000 2719.2581   10.5082
    0.0000   15.0000  -15.0000 2730.8877   10.4388
    7.5000   15.0000  -15.0000 2715.9529   10.5575
   -7.5000   22.5000  -15.0000 2682.3040   10.9871
    0.0000   22.5000  -15.0000 2700.5508   10.8996
    7.5000   22.5000  -15.0000 2677.1533   11.0177
   -7.5000   30.0000  -15.0000 2615.2324   11.5694
    0.0000   30.0000  -15.0000 2630.6099   11.4776
    7.5000   30.0000  -15.0000 2611.7166   11.5672
   -7.5000   37.5000  -15.0000 2523.8198   12.3628
    0.0000   37.5000  -15.0000 2538.2205   12.2839
    7.5000   37.5000  -15.0000 2525.5903   12.3851
   -7.5000   45.0000  -15.0000 2405.6321   13.4986
    0.0000   45.0000  -15.0000 2421.0947   13.4401
    7.5000   45.0000  -15.0000 2407.1848   13.5376
   -7.5000  -45.0000   -7.5000 2292.6746   14.2643
    0.0000  -45.0000   -7.5000 2310.2781   14.2200
    7.5000  -45.0000   -7.5000 2286.3044   14.3550
   -7.5000  -37.5000   -7.5000 2423.6528   12.8497
    0.0000  -37.5000   -7.5000 2438.6299   12.7763
    7.5000  -37.5000   -7.5000 2414.4458   12.9072
   -7.5000  -30.0000   -7.5000 2534.1204   11.7093
    0.0000  -30.0000   -7.5000 2545.2410   11.6190
    7.5000  -30.0000   -7.5000 2525.4517   11.7733
   -7.5000  -22.5000   -7.5000 2622.0630   10.7928
    0.0000  -22.5000   -7.5000 2634.2471   10.7092
    7.5000  -22.5000   -7.5000 2621.6511   10.8541
   -7.5000  -15.0000   -7.5000 2694.0784   10.0956
    0.0000  -15.0000   -7.5000 2711.0593   10.0322
    7.5000  -15.0000   -7.5000 2700.2502   10.1483
   -7.5000   -7.5000   -7.5000 2755.9558    9.6136
    0.0000   -7.5000   -7.5000 2766.5164    9.5414
    7.5000   -7.5000   -7.5000 2756.5525    9.6749
   -7.5000    0.0000   -7.5000 2789.6270    9.4614
    0.0000    0.0000   -7.5000 2800.4646    9.3999
    7.5000    0.0000   -7.5000 2791.2048    9.5263
   -7.5000    7.5000   -7.5000 2813.6682    9.6012
    0.0000    7.5000   -7.5000 2822.5103    9.5354
    7.5000    7.5000   -7.5000 2812.9910    9.6455
   -7.5000   15.0000   -7.5000 2796.2134    9.9489
    0.0000   15.0000   -7.5000 2812.4700    9.8817
    7.5000   15.0000   -7.5000 2800.3088    9.9784
   -7.5000   22.5000   -7.5000 2757.8125   10.4292
    0.0000   22.5000   -7.5000 2779.5969   10.3488
    7.5000   22.5000   -7.5000 2761.1543   10.4445
   -7.5000   30.0000   -7.5000 2694.1870   10.9687
    0.0000   30.0000   -7.5000 2709.9714   10.8875
    7.5000   30.0000   -7.5000 2695.8193   10.9881
   -7.5000   37.5000   -7.5000 2605.4573   11.7428
    0.0000   37.5000   -7.5000 2615.2478   11.6340
    7.5000   37.5000   -7.5000 2606.8677   11.7676
   -7.5000   45.0000   -7.5000 2481.1580   12.8094
    0.0000   45.0000   -7.5000 2498.4553   12.7275
    7.5000   45.0000   -7.5000 2483.2258   12.8723
   -7.5000  -45.0000    0.0000 2278.4241   14.1193
    0.0000  -45.0000    0.0000 2299.9607   14.0281
    7.5000  -45.0000    0.0000 2275.6697   14.1696
   -7.5000  -37.5000    0.0000 2407.5657   12.6676
    0.0000  -37.5000    0.0000 2426.6370   12.5507
    7.5000  -37.5000    0.0000 2404.3486   12.7191
   -7.5000  -30.0000    0.0000 2528.2344   11.5006
    0.0000  -30.0000    0.0000 2543.1616   11.3787
    7.5000  -30.0000    0.0000 2525.0896   11.5625
   -7.5000  -22.5000    0.0000 2625.8904   10.5894
    0.0000  -22.5000    0.0000 2642.1138   10.4976
    7.5000  -22.5000    0.0000 2629.0842   10.6645
   -7.5000  -15.0000    0.0000 2706.5889    9.9489
    0.0000  -15.0000    0.0000 2723.1851    9.8471
    7.5000  -15.0000    0.0000 2713.9087   10.0098
   -7.5000   -7.5000    0.0000 2782.2285    9.4182
    0.0000   -7.5000    0.0000 2798.5342    9.3482
    7.5000   -7.5000    0.0000 2792.4617    9.4980
   -7.5000    0.0000    0.0000 2827.8662    9.1529
    0.0000    0.0000    0.0000 2842.1323    9.0647
    7.5000    0.0000    0.0000 2832.8413    9.2436
   -7.5000    7.5000    0.0000 2863.3875    9.2208
    0.0000    7.5000    0.0000 2876.9512    9.1305
    7.5000    7.5000    0.0000 2867.1353    9.2946
   -7.5000   15.0000    0.0000 2855.0491    9.5336
    0.0000   15.0000    0.0000 2878.6914    9.4595
    7.5000   15.0000    0.0000 2866.2002    9.5840
   -7.5000   22.5000    0.0000 2819.2083    9.9812
    0.0000   22.5000    0.0000 2842.7419    9.9000
    7.5000   22.5000    0.0000 2832.0627   10.0206
   -7.5000   30.0000    0.0000 2752.4924   10.5426
    0.0000   30.0000    0.0000 2771.9453   10.4163
    7.5000   30.0000    0.0000 2760.2288   10.5680
   -7.5000   37.5000    0.0000 2660.2915   11.2874
    0.0000   37.5000    0.0000 2677.6748   11.1518
    7.5000   37.5000    0.0000 2664.4932   11.3227
   -7.5000   45.0000    0.0000 2532.0178   12.3375
    0.0000   45.0000    0.0000 2554.8142   12.2103
    7.5000   45.0000    0.0000 2537.2961   12.3852
   -7.5000  -45.0000    7.5000 2248.6709   14.1791
    0.0000  -45.0000    7.5000 2264.7742   13.9839
    7.5000  -45.0000    7.5000 2248.2876   14.1782
   -7.5000  -37.5000    7.5000 2378.4431   12.6439
    0.0000  -37.5000    7.5000 2393.1309   12.4780
    7.5000  -37.5000    7.5000 2375.3206   12.6761
   -7.5000  -30.0000    7.5000 2498.9397   11.4499
    0.0000  -30.0000    7.5000 2513.3494   11.3173
    7.5000  -30.0000    7.5000 2501.0383   11.5099
   -7.5000  -22.5000    7.5000 2610.5623   10.5954
    0.0000  -22.5000    7.5000 2620.0811   10.4970
    7.5000  -22.5000    7.5000 2612.2522   10.6834
   -7.5000  -15.0000    7.5000 2705.3572    9.9636
    0.0000  -15.0000    7.5000 2712.2251    9.8806
    7.5000  -15.0000    7.5000 2711.7170   10.0294
   -7.5000   -7.5000    7.5000 2796.2097    9.4797
    0.0000   -7.5000    7.5000 2811.3132    9.4574
    7.5000   -7.5000    7.5000 2809.5376    9.5523
   -7.5000    0.0000    7.5000 2857.7307    9.1456
    0.0000    0.0000    7.5000 2875.2834    9.1022
    7.5000    0.0000    7.5000 2869.3936    9.2577
   -7.5000    7.5000    7.5000 2896.0229    9.0699
    0.0000    7.5000    7.5000 2915.2610    9.0159
    7.5000    7.5000    7.5000 2904.1658    9.1842
   -7.5000   15.0000    7.5000 2891.7131    9.2742
    0.0000   15.0000    7.5000 2924.5493    9.2371
    7.5000   15.0000    7.5000 2902.7271    9.3399
   -7.5000   22.5000    7.5000 2861.4907    9.6876
    0.0000   22.5000    7.5000 2888.0540    9.6195
    7.5000   22.5000    7.5000 2873.4182    9.6996
   -7.5000   30.0000    7.5000 2789.8311   10.2713
    0.0000   30.0000    7.5000 2816.2712   10.1634
    7.5000   30.0000    7.5000 2801.3218   10.2489
   -7.5000   37.5000    7.5000 2696.7510   11.0554
    0.0000   37.5000    7.5000 2720.3091   10.9287
    7.5000   37.5000    7.5000 2699.8926   11.0150
   -7.5000   45.0000    7.5000 2573.2583   12.0883
    0.0000   45.0000    7.5000 2591.9678   11.9624
    7.5000   45.0000    7.5000 2573.5369   12.0637
   -7.5000  -45.0000   15.0000 2206.5559   14.4958
    0.0000  -45.0000   15.0000 2212.7737   14.2510
    7.5000  -45.0000   15.0000 2204.7810   14.5441
   -7.5000  -37.5000   15.0000 2337.8799   12.9176
    0.0000  -37.5000   15.0000 2337.6980   12.7268
    7.5000  -37.5000   15.0000 2336.2490   12.9695
   -7.5000  -30.0000   15.0000 2463.6030   11.7160
    0.0000  -30.0000   15.0000 2460.8257   11.5704
    7.5000  -30.0000   15.0000 2465.0811   11.7775
   -7.5000  -22.5000   15.0000 2580.3027   10.8540
    0.0000  -22.5000   15.0000 2576.5183   10.7494
    7.5000  -22.5000   15.0000 2583.3218   10.8949
   -7.5000  -15.0000   15.0000 2694.7842   10.2057
    0.0000  -15.0000   15.0000 2694.0876   10.1704
    7.5000  -15.0000   15.0000 2696.3369   10.2408
   -7.5000   -7.5000   15.0000 2793.7927    9.7522
    0.0000   -7.5000   15.0000 2819.0664    9.8435
    7.5000   -7.5000   15.0000 2800.2927    9.7932
   -7.5000    0.0000   15.0000 2871.0188    9.3852
    0.0000    0.0000   15.0000 2920.3462    9.5364
    7.5000    0.0000   15.0000 2881.4333    9.4472
   -7.5000    7.5000   15.0000 2908.2783    9.1654
    0.0000    7.5000   15.0000 2948.9253    9.2250
    7.5000    7.5000   15.0000 2912.0872    9.2371
   -7.5000   15.0000   15.0000 2912.7258    9.2058
    0.0000   15.0000   15.0000 2944.6199    9.1726
    7.5000   15.0000   15.0000 2914.7358    9.2271
   -7.5000   22.5000   15.0000 2878.2183    9.5717
    0.0000   22.5000   15.0000 2911.0981    9.4527
    7.5000   22.5000   15.0000 2886.9175    9.5366
   -7.5000   30.0000   15.0000 2802.3977   10.1649
    0.0000   30.0000   15.0000 2830.4734   10.0414
    7.5000   30.0000   15.0000 2816.0850   10.1072
   -7.5000   37.5000   15.0000 2708.5945   10.9839
    0.0000   37.5000   15.0000 2726.7688   10.8830
    7.5000   37.5000   15.0000 2707.0583   10.9333
   -7.5000   45.0000   15.0000 2587.0281   12.0286
    0.0000   45.0000   15.0000 2605.2998   11.9357
    7.5000   45.0000   15.0000 2585.5298   11.9831
   -7.5000  -45.0000   22.5000 2165.3279   15.1252
    0.0000  -45.0000   22.5000 2168.9001   14.9454
    7.5000  -45.0000   22.5000 2162.6475   15.1989
   -7.5000  -37.5000   22.5000 2299.7273   13.5370
    0.0000  -37.5000   22.5000 2301.6287   13.4213
    7.5000  -37.5000   22.5000 2299.3254   13.6104
   -7.5000  -30.0000   22.5000 2425.5671   12.3064
    0.0000  -30.0000   22.5000 2429.0408   12.2303
    7.5000  -30.0000   22.5000 2425.6709   12.3607
   -7.5000  -22.5000   22.5000 2547.3340   11.3598
    0.0000  -22.5000   22.5000 2555.2620   11.3062
    7.5000  -22.5000   22.5000 2546.2236   11.3821
   -7.5000  -15.0000   22.5000 2663.9741   10.6456
    0.0000  -15.0000   22.5000 2681.4333   10.6657
    7.5000  -15.0000   22.5000 2663.1074   10.6533
   -7.5000   -7.5000   22.5000 2772.0884   10.1357
    0.0000   -7.5000   22.5000 2806.3538   10.2504
    7.5000   -7.5000   22.5000 2773.3958   10.1528
   -7.5000    0.0000   22.5000 2857.3984    9.6954
    0.0000    0.0000   22.5000 2909.3140    9.8726
    7.5000    0.0000   22.5000 2863.6250    9.7602
   -7.5000    7.5000   22.5000 2903.1365    9.4586
    0.0000    7.5000   22.5000 2934.5212    9.4405
    7.5000    7.5000   22.5000 2897.5840    9.4822
   -7.5000   15.0000   22.5000 2904.4556    9.4172
    0.0000   15.0000   22.5000 2936.5623    9.3120
    7.5000   15.0000   22.5000 2905.3572    9.3862
   -7.5000   22.5000   22.5000 2868.7522    9.7004
    0.0000   22.5000   22.5000 2903.7537    9.5959
    7.5000   22.5000   22.5000 2877.7917    9.6795
   -7.5000   30.0000   22.5000 2792.1909   10.2735
    0.0000   30.0000   22.5000 2820.2852   10.1820
    7.5000   30.0000   22.5000 2805.2563   10.2466
   -7.5000   37.5000   22.5000 2692.7969   11.0817
    0.0000   37.5000   22.5000 2708.7480   10.9884
    7.5000   37.5000   22.5000 2696.2495   11.0603
   -7.5000   45.0000   22.5000 2571.0991   12.1293
    0.0000   45.0000   22.5000 2587.1782   12.0171
    7.5000   45.0000   22.5000 2573.3237   12.0917
   -7.5000  -45.0000   30.0000 2125.9412   16.1800
    0.0000  -45.0000   30.0000 2133.1895   16.1171
    7.5000  -45.0000   30.0000 2119.9871   16.2594
   -7.5000  -37.5000   30.0000 2259.4553   14.4437
    0.0000  -37.5000   30.0000 2271.8059   14.3912
    7.5000  -37.5000   30.0000 2258.0127   14.5522
   -7.5000  -30.0000   30.0000 2380.1938   13.0679
    0.0000  -30.0000   30.0000 2397.0649   12.9890
    7.5000  -30.0000   30.0000 2382.3679   13.1159
   -7.5000  -22.5000   30.0000 2505.2271   11.9888
    0.0000  -22.5000   30.0000 2517.4758   11.8844
    7.5000  -22.5000   30.0000 2510.5906   11.9816
   -7.5000  -15.0000   30.0000 2616.9587   11.1570
    0.0000  -15.0000   30.0000 2632.0244   11.0587
    7.5000  -15.0000   30.0000 2623.0327   11.1222
   -7.5000   -7.5000   30.0000 2726.4912   10.5565
    0.0000   -7.5000   30.0000 2750.1641   10.5054
    7.5000   -7.5000   30.0000 2732.2273   10.5281
   -7.5000    0.0000   30.0000 2813.0164   10.1008
    0.0000    0.0000   30.0000 2845.1028   10.0227
    7.5000    0.0000   30.0000 2820.4807   10.1093
   -7.5000    7.5000   30.0000 2858.9761    9.8149
    0.0000    7.5000   30.0000 2879.1750    9.6042
    7.5000    7.5000   30.0000 2857.2964    9.7704
   -7.5000   15.0000   30.0000 2865.1345    9.7965
    0.0000   15.0000   30.0000 2892.7246    9.6202
    7.5000   15.0000   30.0000 2870.0403    9.7501
   -7.5000   22.5000   30.0000 2834.8860   10.0717
    0.0000   22.5000   30.0000 2867.7742    9.9401
    7.5000   22.5000   30.0000 2844.7935   10.0368
   -7.5000   30.0000   30.0000 2757.1304   10.6602
    0.0000   30.0000   30.0000 2788.7605   10.5419
    7.5000   30.0000   30.0000 2775.1218   10.6025
   -7.5000   37.5000   30.0000 2656.1499   11.4356
    0.0000   37.5000   30.0000 2678.0515   11.3001
    7.5000   37.5000   30.0000 2668.2910   11.4022
   -7.5000   45.0000   30.0000 2529.8403   12.4111
    0.0000   45.0000   30.0000 2549.4712   12.3324
    7.5000   45.0000   30.0000 2534.3779   12.4150
   -7.5000  -45.0000   37.5000 2075.9253   17.4334
    0.0000  -45.0000   37.5000 2090.2673   17.3326
    7.5000  -45.0000   37.5000 2076.4963   17.5043
   -7.5000  -37.5000   37.5000 2212.3713   15.4753
    0.0000  -37.5000   37.5000 2222.9551   15.3157
    7.5000  -37.5000   37.5000 2209.7563   15.5050
   -7.5000  -30.0000   37.5000 2333.4661   13.9176
    0.0000  -30.0000   37.5000 2341.3149   13.7095
    7.5000  -30.0000   37.5000 2331.5339   13.9134
   -7.5000  -22.5000   37.5000 2452.2478   12.6821
    0.0000  -22.5000   37.5000 2459.3657   12.4694
    7.5000  -22.5000   37.5000 2457.7676   12.6445
   -7.5000  -15.0000   37.5000 2563.3113   11.7713
    0.0000  -15.0000   37.5000 2566.8884   11.5582
    7.5000  -15.0000   37.5000 2564.6187   11.7096
   -7.5000   -7.5000   37.5000 2666.9688   11.1042
    0.0000   -7.5000   37.5000 2673.7358   10.9191
    7.5000   -7.5000   37.5000 2669.5054   11.0134
   -7.5000    0.0000   37.5000 2747.6499   10.6236
    0.0000    0.0000   37.5000 2761.0691   10.3752
    7.5000    0.0000   37.5000 2748.7053   10.5307
   -7.5000    7.5000   37.5000 2796.7207   10.2845
    0.0000    7.5000   37.5000 2807.6365   10.0361
    7.5000    7.5000   37.5000 2796.0217   10.1975
   -7.5000   15.0000   37.5000 2797.9822   10.3128
    0.0000   15.0000   37.5000 2819.9285   10.1080
    7.5000   15.0000   37.5000 2804.9534   10.2419
   -7.5000   22.5000   37.5000 2768.2966   10.6057
    0.0000   22.5000   37.5000 2789.8218   10.4319
    7.5000   22.5000   37.5000 2773.0911   10.5451
   -7.5000   30.0000   37.5000 2700.4861   11.1517
    0.0000   30.0000   37.5000 2727.1907   11.0016
    7.5000   30.0000   37.5000 2711.8894   11.0861
   -7.5000   37.5000   37.5000 2606.4934   11.9115
    0.0000   37.5000   37.5000 2636.1133   11.7662
    7.5000   37.5000   37.5000 2621.7146   11.8619
   -7.5000   45.0000   37.5000 2477.2971   12.9149
    0.0000   45.0000   37.5000 2503.6467   12.7814
    7.5000   45.0000   37.5000 2492.0479   12.8816
   -7.5000  -45.0000   45.0000 2010.7267   18.8379
    0.0000  -45.0000   45.0000 2018.7468   18.5761
    7.5000  -45.0000   45.0000 2015.6429   18.7793
   -7.5000  -37.5000   45.0000 2149.6902   16.6132
    0.0000  -37.5000   45.0000 2155.5759   16.3013
    7.5000  -37.5000   45.0000 2152.3645   16.5620
   -7.5000  -30.0000   45.0000 2272.0264   14.9079
    0.0000  -30.0000   45.0000 2272.9614   14.5598
    7.5000  -30.0000   45.0000 2271.8398   14.8275
   -7.5000  -22.5000   45.0000 2392.6731   13.5446
    0.0000  -22.5000   45.0000 2390.2944   13.1875
    7.5000  -22.5000   45.0000 2390.3398   13.4473
   -7.5000  -15.0000   45.0000 2500.9607   12.5564
    0.0000  -15.0000   45.0000 2499.3149   12.2095
    7.5000  -15.0000   45.0000 2496.8662   12.3925
   -7.5000   -7.5000   45.0000 2600.3223   11.8123
    0.0000   -7.5000   45.0000 2601.2695   11.5138
    7.5000   -7.5000   45.0000 2598.2825   11.6592
   -7.5000    0.0000   45.0000 2666.4343   11.2606
    0.0000    0.0000   45.0000 2671.9102   10.9331
    7.5000    0.0000   45.0000 2661.3633   11.0990
   -7.5000    7.5000   45.0000 2715.8396   10.9381
    0.0000    7.5000   45.0000 2725.1809   10.6806
    7.5000    7.5000   45.0000 2716.7947   10.8241
   -7.5000   15.0000   45.0000 2713.5771   10.9886
    0.0000   15.0000   45.0000 2732.5776   10.7646
    7.5000   15.0000   45.0000 2720.3413   10.8708
   -7.5000   22.5000   45.0000 2680.3174   11.2767
    0.0000   22.5000   45.0000 2697.1946   11.0887
    7.5000   22.5000   45.0000 2684.0317   11.1837
   -7.5000   30.0000   45.0000 2618.8018   11.8002
    0.0000   30.0000   45.0000 2642.0527   11.6143
    7.5000   30.0000   45.0000 2629.7756   11.6972
   -7.5000   37.5000   45.0000 2529.8293   12.5255
    0.0000   37.5000   45.0000 2561.0347   12.3584
    7.5000   37.5000   45.0000 2551.7017   12.4372
   -7.5000   45.0000   45.0000 2419.4434   13.4869
    0.0000   45.0000   45.0000 2446.5007   13.3255
    7.5000   45.0000   45.0000 2437.2861   13.4125
   -7.5000  -45.0000   52.5000 1943.9164   20.4374
    0.0000  -45.0000   52.5000 1947.0294   19.9916
    7.5000  -45.0000   52.5000 1946.8326   20.2205
   -7.5000  -37.5000   52.5000 2082.2002   17.9051
    0.0000  -37.5000   52.5000 2086.8120   17.5188
    7.5000  -37.5000   52.5000 2083.7849   17.7556
   -7.5000  -30.0000   52.5000 2204.6050   16.0274
    0.0000  -30.0000   52.5000 2204.9556   15.5962
    7.5000  -30.0000   52.5000 2202.8687   15.8400
   -7.5000  -22.5000   52.5000 2321.1174   14.5641
    0.0000  -22.5000   52.5000 2320.5120   14.1022
    7.5000  -22.5000   52.5000 2317.6704   14.3428
   -7.5000  -15.0000   52.5000 2425.0940   13.4674
    0.0000  -15.0000   52.5000 2430.7981   13.0478
    7.5000  -15.0000   52.5000 2424.9038   13.2442
   -7.5000   -7.5000   52.5000 2519.8093   12.6925
    0.0000   -7.5000   52.5000 2525.9160   12.3090
    7.5000   -7.5000   52.5000 2517.5415   12.4688
   -7.5000    0.0000   52.5000 2578.7371   12.0327
    0.0000    0.0000   52.5000 2586.3433   11.7235
    7.5000    0.0000   52.5000 2571.9570   11.8630
   -7.5000    7.5000   52.5000 2619.6104   11.7446
    0.0000    7.5000   52.5000 2633.4060   11.5034
    7.5000    7.5000   52.5000 2622.0239   11.6135
   -7.5000   15.0000   52.5000 2614.0344   11.7775
    0.0000   15.0000   52.5000 2636.2869   11.5538
    7.5000   15.0000   52.5000 2623.4695   11.6338
   -7.5000   22.5000   52.5000 2582.4575   12.0890
    0.0000   22.5000   52.5000 2603.5139   11.8937
    7.5000   22.5000   52.5000 2593.8071   11.9794
   -7.5000   30.0000   52.5000 2527.3169   12.5896
    0.0000   30.0000   52.5000 2552.9546   12.3840
    7.5000   30.0000   52.5000 2538.0396   12.4925
   -7.5000   37.5000   52.5000 2447.9067   13.2562
    0.0000   37.5000   52.5000 2483.9890   13.0622
    7.5000   37.5000   52.5000 2472.4709   13.1348
   -7.5000   45.0000   52.5000 2350.4158   14.1731
    0.0000   45.0000   52.5000 2377.9287   14.0141
    7.5000   45.0000   52.5000 2366.6836   14.0680
   -7.5000  -45.0000   60.0000 1852.4309   22.1240
    0.0000  -45.0000   60.0000 1862.6841   21.6431
    7.5000  -45.0000   60.0000 1848.1802   21.7774
   -7.5000  -37.5000   60.0000 1990.3049   19.3698
    0.0000  -37.5000   60.0000 1996.6718   18.8610
    7.5000  -37.5000   60.0000 1985.4529   19.0182
   -7.5000  -30.0000   60.0000 2110.0442   17.2677
    0.0000  -30.0000   60.0000 2117.2739   16.7537
    7.5000  -30.0000   60.0000 2107.7000   16.8938
   -7.5000  -22.5000   60.0000 2217.3076   15.6760
    0.0000  -22.5000   60.0000 2228.7615   15.1767
    7.5000  -22.5000   60.0000 2222.9160   15.3405
   -7.5000  -15.0000   60.0000 2320.9500   14.5048
    0.0000  -15.0000   60.0000 2334.9683   14.0530
    7.5000  -15.0000   60.0000 2328.6897   14.1893
   -7.5000   -7.5000   60.0000 2408.4185   13.6406
    0.0000   -7.5000   60.0000 2423.5854   13.2502
    7.5000   -7.5000   60.0000 2415.7893   13.3719
   -7.5000    0.0000   60.0000 2464.7773   12.9407
    0.0000    0.0000   60.0000 2478.7390   12.6745
    7.5000    0.0000   60.0000 2464.3804   12.7681
   -7.5000    7.5000   60.0000 2491.7144   12.6750
    0.0000    7.5000   60.0000 2509.5591   12.4463
    7.5000    7.5000   60.0000 2495.3169   12.5255
   -7.5000   15.0000   60.0000 2489.7922   12.6368
    0.0000   15.0000   60.0000 2510.5029   12.4443
    7.5000   15.0000   60.0000 2495.7886   12.5107
   -7.5000   22.5000   60.0000 2459.7524   12.9461
    0.0000   22.5000   60.0000 2485.1851   12.7735
    7.5000   22.5000   60.0000 2471.8647   12.8363
   -7.5000   30.0000   60.0000 2406.0881   13.4753
    0.0000   30.0000   60.0000 2439.1641   13.2831
    7.5000   30.0000   60.0000 2424.6294   13.3447
   -7.5000   37.5000   60.0000 2340.2461   14.1191
    0.0000   37.5000   60.0000 2375.2695   13.9292
    7.5000   37.5000   60.0000 2361.9661   13.9356
   -7.5000   45.0000   60.0000 2252.0537   14.9882
    0.0000   45.0000   60.0000 2281.4485   14.8266
    7.5000   45.0000   60.0000 2270.9517   14.8135

---------------------------------------------------------------------
imgreg_4dfp /opt/freesurfer/average/711-2C_as_mni_average_305 /opt/freesurfer/average/711-2B_as_mni_average_305_mask talsrcimg_g11 none talsrcimg_to_711-2C_as_mni_average_305_t4 1283
---------------------------------------------------------------------

freesurfer imgreg_4dfp.c
/opt/freesurfer/average/711-2C_as_mni_average_305.4dfp.img
       256       256       256         1
  1.000000  1.000000  1.000000
orientation T byte_order littleendian
Reading image: /opt/freesurfer/average/711-2C_as_mni_average_305.4dfp.img
dimensions:      256       256       256
mmppix:       1.0000   -1.0000   -1.0000
center:     128.0000 -129.0000 -129.0000
/opt/freesurfer/average/711-2B_as_mni_average_305_mask.4dfp.img
       256       256       256         1
  1.000000  1.000000  1.000000
orientation T byte_order littleendian
Reading mask: /opt/freesurfer/average/711-2B_as_mni_average_305_mask.4dfp.img (2306576 pixels)
talsrcimg_g11.4dfp.img
       256       256       256         1
  1.000000  1.000000  1.000000
orientation T byte_order littleendian
Reading image: talsrcimg_g11.4dfp.img
dimensions:      256       256       256
mmppix:       1.0000   -1.0000   -1.0000
center:     128.0000 -129.0000 -129.0000
rotation matrix determinant  1.000000
fimgreg.f
image alignment mode   1283 decimal      503 hex
parameters
    0.0000    7.5000   15.0000    0.0000    0.0000    0.0000
eta,q 0.92687  9.29051
niter,ni,del,rscale     5    3   12.0000    1.2000
parameter  3 -0.538493 -> -0.500000 qaram    1.1500
parameter  4  2.595286 ->  0.500000 qaram    1.1500
parameter  5  0.525753 ->  0.500000 qaram    1.1500
parameters
    0.0758   10.2309   18.4500   -3.4500   -3.4500   -0.0913
eta,q 0.93432  9.22818
  0.0888  0.0792  0.0815  0.0641  0.0674  0.0708
  0.0828  0.0766  0.0799  0.0669  0.0658  0.0679
  0.0774  0.0764  0.0775  0.0695  0.0659  0.0661
  0.0760  0.0760  0.0744  0.0725  0.0676  0.0657
  0.0782  0.0748  0.0728  0.0765  0.0700  0.0664
  0.0825  0.0739  0.0729  0.0813  0.0736  0.0680
  0.0878  0.0760  0.0752  0.0853  0.0781  0.0711
niter,ni,del,rscale     7    3   12.0000    1.2000
parameter  4  3.645240 ->  0.500000 qaram    1.3225
parameters
    1.0482    9.8855   17.0871   -7.4175   -3.1768   -1.2261
eta,q 0.94229  9.24996
  0.0825  0.0703  0.0724  0.0555  0.0700  0.0619
  0.0760  0.0660  0.0677  0.0571  0.0637  0.0592
  0.0696  0.0640  0.0655  0.0612  0.0595  0.0578
  0.0657  0.0654  0.0652  0.0652  0.0581  0.0581
  0.0662  0.0657  0.0678  0.0686  0.0594  0.0597
  0.0699  0.0674  0.0743  0.0723  0.0628  0.0623
  0.0750  0.0710  0.0817  0.0774  0.0680  0.0662
niter,ni,del,rscale     7    3   12.0000    1.2000
parameter  4  0.530833 ->  0.500000 qaram    1.5209
parameters
    1.1774   10.4752   16.3644  -11.9801   -3.2228   -1.1099
eta,q 0.94645  9.25939
  0.0741  0.0698  0.0698  0.0591  0.0665  0.0625
  0.0672  0.0636  0.0627  0.0542  0.0594  0.0579
  0.0604  0.0585  0.0587  0.0540  0.0550  0.0548
  0.0577  0.0577  0.0584  0.0582  0.0535  0.0536
  0.0599  0.0605  0.0614  0.0633  0.0554  0.0548
  0.0657  0.0624  0.0674  0.0671  0.0599  0.0578
  0.0731  0.0645  0.0748  0.0712  0.0666  0.0616
niter,ni,del,rscale     7    3   12.0000    1.2000
parameters
    0.9131   11.7720   15.2551  -13.5535   -3.1993   -1.1300
eta,q 0.94735  9.21089
  0.0701  0.0695  0.0655  0.0599  0.0668  0.0601
  0.0625  0.0634  0.0564  0.0588  0.0592  0.0561
  0.0560  0.0576  0.0527  0.0547  0.0541  0.0533
  0.0536  0.0535  0.0538  0.0528  0.0527  0.0527
  0.0568  0.0549  0.0587  0.0574  0.0546  0.0541
  0.0648  0.0585  0.0654  0.0623  0.0595  0.0566
  0.0730  0.0599  0.0728  0.0661  0.0662  0.0596
niter,ni,del,rscale     6    3   12.0000    1.2000
parameters
    0.8710   12.1692   14.6695  -14.6981   -3.1758   -1.2129
eta,q 0.94681  9.22536
  0.0697  0.0639  0.0673  0.0598  0.0674  0.0595
  0.0626  0.0586  0.0580  0.0584  0.0600  0.0560
  0.0559  0.0539  0.0525  0.0562  0.0548  0.0537
  0.0527  0.0527  0.0530  0.0525  0.0532  0.0532
  0.0552  0.0558  0.0573  0.0555  0.0552  0.0547
  0.0625  0.0585  0.0635  0.0607  0.0601  0.0567
  0.0708  0.0598  0.0703  0.0651  0.0669  0.0592
niter,ni,del,rscale     5    3   12.0000    1.2000
parameters
    0.9171   12.2078   14.1355  -15.4058   -3.1498   -1.2089
eta,q 0.94655  9.23074
  0.0708  0.0616  0.0678  0.0599  0.0675  0.0595
  0.0635  0.0576  0.0586  0.0585  0.0604  0.0562
  0.0564  0.0542  0.0524  0.0565  0.0551  0.0539
  0.0532  0.0532  0.0532  0.0526  0.0534  0.0534
  0.0559  0.0560  0.0577  0.0539  0.0555  0.0547
  0.0628  0.0586  0.0637  0.0593  0.0604  0.0565
  0.0707  0.0600  0.0703  0.0643  0.0671  0.0590
niter,ni,del,rscale     4    3   12.0000    1.2000
parameters
    0.9518   12.1066   13.7658  -15.7144   -3.1306   -1.1543
eta,q 0.94654  9.22823
  0.0718  0.0607  0.0688  0.0606  0.0675  0.0595
  0.0641  0.0572  0.0601  0.0585  0.0605  0.0562
  0.0566  0.0547  0.0529  0.0565  0.0552  0.0539
  0.0535  0.0535  0.0534  0.0530  0.0534  0.0534
  0.0566  0.0558  0.0579  0.0530  0.0557  0.0545
  0.0636  0.0585  0.0638  0.0582  0.0606  0.0563
  0.0715  0.0601  0.0699  0.0637  0.0671  0.0589
niter,ni,del,rscale     3    3   12.0000    1.2000
parameters
    0.9685   12.0432   13.5875  -15.8210   -3.1318   -1.1194
eta,q 0.94658  9.22554
  0.0724  0.0607  0.0696  0.0611  0.0674  0.0595
  0.0644  0.0571  0.0614  0.0584  0.0605  0.0561
  0.0566  0.0549  0.0536  0.0565  0.0551  0.0538
  0.0535  0.0535  0.0535  0.0533  0.0534  0.0534
  0.0569  0.0554  0.0577  0.0526  0.0559  0.0545
  0.0642  0.0584  0.0634  0.0578  0.0607  0.0563
  0.0721  0.0600  0.0694  0.0635  0.0671  0.0589
niter,ni,del,rscale     2    3   12.0000    1.2000
parameters
    0.9809   12.0264   13.5175  -15.8624   -3.1403   -1.1061
eta,q 0.94659  9.22396
  0.0727  0.0608  0.0700  0.0614  0.0674  0.0594
  0.0646  0.0571  0.0621  0.0584  0.0605  0.0561
  0.0565  0.0549  0.0540  0.0565  0.0551  0.0538
  0.0534  0.0534  0.0534  0.0534  0.0534  0.0534
  0.0570  0.0552  0.0575  0.0525  0.0559  0.0545
  0.0644  0.0583  0.0632  0.0576  0.0607  0.0563
  0.0724  0.0600  0.0690  0.0634  0.0671  0.0590
niter,ni,del,rscale     1    3   12.0000    1.2000
parameters
    0.9854   12.0202   13.4914  -15.8771   -3.1450   -1.1010
eta,q 0.94659  9.22329
  0.0727  0.0609  0.0701  0.0615  0.0674  0.0594
  0.0646  0.0571  0.0624  0.0584  0.0606  0.0560
  0.0565  0.0550  0.0541  0.0565  0.0551  0.0538
  0.0534  0.0534  0.0534  0.0534  0.0534  0.0534
  0.0570  0.0552  0.0575  0.0525  0.0559  0.0544
  0.0645  0.0583  0.0631  0.0576  0.0607  0.0563
  0.0725  0.0600  0.0689  0.0634  0.0671  0.0590
registration optimization eta report
parameter search radius
    6.0000    6.0000    6.9000    9.1253    6.9000    6.0000
100000*second partial in parameter space
       51.       18.       33.       11.       28.       16.
  0.0727  0.0609  0.0701  0.0615  0.0674  0.0594
  0.0646  0.0571  0.0624  0.0584  0.0606  0.0560
  0.0565  0.0550  0.0541  0.0565  0.0551  0.0538
  0.0534  0.0534  0.0534  0.0534  0.0534  0.0534
  0.0570  0.0552  0.0575  0.0525  0.0559  0.0544
  0.0645  0.0583  0.0631  0.0576  0.0607  0.0563
  0.0725  0.0600  0.0689  0.0634  0.0671  0.0590
    0.9854   12.0202   13.4914  -15.8771   -3.1450   -1.1010
eta,q 0.94659  9.22329

---------------------------------------------------------------------
imgreg_4dfp /opt/freesurfer/average/711-2C_as_mni_average_305 /opt/freesurfer/average/711-2B_as_mni_average_305_mask talsrcimg_g11 none talsrcimg_to_711-2C_as_mni_average_305_t4 3335
---------------------------------------------------------------------

freesurfer imgreg_4dfp.c
/opt/freesurfer/average/711-2C_as_mni_average_305.4dfp.img
       256       256       256         1
  1.000000  1.000000  1.000000
orientation T byte_order littleendian
Reading image: /opt/freesurfer/average/711-2C_as_mni_average_305.4dfp.img
dimensions:      256       256       256
mmppix:       1.0000   -1.0000   -1.0000
center:     128.0000 -129.0000 -129.0000
/opt/freesurfer/average/711-2B_as_mni_average_305_mask.4dfp.img
       256       256       256         1
  1.000000  1.000000  1.000000
orientation T byte_order littleendian
Reading mask: /opt/freesurfer/average/711-2B_as_mni_average_305_mask.4dfp.img (2306576 pixels)
talsrcimg_g11.4dfp.img
       256       256       256         1
  1.000000  1.000000  1.000000
orientation T byte_order littleendian
Reading image: talsrcimg_g11.4dfp.img
dimensions:      256       256       256
mmppix:       1.0000   -1.0000   -1.0000
center:     128.0000 -129.0000 -129.0000
fimgreg.f
image alignment mode   3335 decimal      D07 hex
parameters
    0.9854   12.0202   13.4914   -0.1690   -3.8039   -3.9598
    0.3475    5.8017   -1.9185   27.2511   -5.4864  -27.3163
eta,q 0.94493  9.24986
niter,ni,del,rscale     5    3    5.0000    1.2000
parameter  2 -1.223482 -> -0.500000 qaram    1.1500
parameter  4  1.909051 ->  0.500000 qaram    1.1500
parameter  5 -4.520719 ->  0.500000 qaram    1.1500
parameter  6  0.753810 ->  0.500000 qaram    1.1500
parameter 12 -1.107799 -> -0.500000 qaram    1.1500
parameters
    1.1592   13.4002   13.6145   -4.3090   -7.9439   -8.0998
   -0.1736    6.1052   -0.6416   26.4339   -5.5616  -23.1763
eta,q 0.96616  9.19689
  0.0589  0.0575  0.0565  0.0439  0.0315  0.0354  0.0381  0.0422  0.0386  0.0388  0.0374  0.0420
  0.0570  0.0566  0.0553  0.0457  0.0367  0.0355  0.0367  0.0388  0.0372  0.0370  0.0364  0.0395
  0.0556  0.0558  0.0545  0.0490  0.0418  0.0365  0.0359  0.0366  0.0362  0.0359  0.0358  0.0374
  0.0551  0.0551  0.0542  0.0542  0.0464  0.0381  0.0357  0.0357  0.0357  0.0356  0.0356  0.0356
  0.0553  0.0545  0.0544  0.0604  0.0505  0.0417  0.0362  0.0361  0.0357  0.0362  0.0359  0.0344
  0.0563  0.0541  0.0551  0.0665  0.0545  0.0470  0.0373  0.0380  0.0362  0.0382  0.0365  0.0337
  0.0580  0.0541  0.0561  0.0723  0.0583  0.0526  0.0388  0.0413  0.0371  0.0408  0.0375  0.0333
niter,ni,del,rscale     7    3    5.0000    1.2000
parameter  4  0.586833 ->  0.500000 qaram    1.3225
parameter  5  1.666676 ->  0.500000 qaram    1.3225
parameters
    1.1525   12.3900   12.9528   -9.0700  -12.7049   -8.2546
   -0.3657    6.3443   -0.2261   25.6843   -5.5160  -21.4930
eta,q 0.97481  9.04988
  0.0380  0.0346  0.0341  0.0317  0.0238  0.0288  0.0282  0.0296  0.0281  0.0286  0.0262  0.0284
  0.0357  0.0336  0.0335  0.0316  0.0248  0.0270  0.0265  0.0275  0.0266  0.0266  0.0257  0.0267
  0.0343  0.0334  0.0332  0.0318  0.0273  0.0258  0.0256  0.0260  0.0256  0.0254  0.0254  0.0257
  0.0338  0.0338  0.0334  0.0332  0.0316  0.0253  0.0253  0.0253  0.0253  0.0253  0.0252  0.0252
  0.0344  0.0349  0.0339  0.0368  0.0365  0.0254  0.0257  0.0255  0.0255  0.0262  0.0253  0.0253
  0.0358  0.0365  0.0347  0.0429  0.0419  0.0263  0.0268  0.0268  0.0262  0.0279  0.0256  0.0257
  0.0380  0.0385  0.0359  0.0500  0.0464  0.0299  0.0285  0.0293  0.0275  0.0301  0.0262  0.0264
niter,ni,del,rscale     7    3    5.0000    1.2000
parameter  5  0.526356 ->  0.500000 qaram    1.5209
parameters
    1.1899   12.8860   13.4312  -10.2394  -18.1801   -7.4541
   -1.0635    6.5648   -0.8806   26.4187   -6.0186  -23.7630
eta,q 0.97634  8.89194
  0.0284  0.0307  0.0271  0.0282  0.0251  0.0273  0.0262  0.0279  0.0257  0.0276  0.0245  0.0246
  0.0267  0.0281  0.0261  0.0267  0.0240  0.0257  0.0248  0.0259  0.0247  0.0259  0.0241  0.0240
  0.0256  0.0262  0.0254  0.0257  0.0241  0.0245  0.0240  0.0245  0.0240  0.0246  0.0238  0.0237
  0.0252  0.0252  0.0250  0.0249  0.0252  0.0240  0.0239  0.0239  0.0239  0.0239  0.0238  0.0238
  0.0255  0.0251  0.0250  0.0250  0.0286  0.0240  0.0245  0.0242  0.0243  0.0239  0.0239  0.0243
  0.0265  0.0260  0.0253  0.0270  0.0340  0.0244  0.0256  0.0254  0.0252  0.0249  0.0242  0.0252
  0.0282  0.0279  0.0259  0.0324  0.0394  0.0265  0.0272  0.0276  0.0265  0.0265  0.0247  0.0262
niter,ni,del,rscale     7    3    5.0000    1.2000
parameters
    1.1411   13.1896   13.4777   -8.8737  -19.4739   -7.2687
   -1.0367    6.4632   -1.1004   27.1203   -6.1376  -24.4462
eta,q 0.97684  8.93112
  0.0266  0.0279  0.0251  0.0281  0.0286  0.0265  0.0261  0.0271  0.0254  0.0267  0.0240  0.0246
  0.0249  0.0257  0.0243  0.0263  0.0259  0.0249  0.0245  0.0251  0.0242  0.0251  0.0236  0.0238
  0.0239  0.0243  0.0238  0.0248  0.0238  0.0238  0.0235  0.0237  0.0235  0.0239  0.0233  0.0233
  0.0237  0.0237  0.0236  0.0236  0.0232  0.0232  0.0232  0.0232  0.0232  0.0232  0.0232  0.0232
  0.0240  0.0238  0.0238  0.0228  0.0239  0.0232  0.0235  0.0236  0.0236  0.0233  0.0233  0.0235
  0.0251  0.0248  0.0242  0.0235  0.0272  0.0239  0.0245  0.0250  0.0244  0.0242  0.0236  0.0242
  0.0268  0.0263  0.0250  0.0270  0.0335  0.0268  0.0260  0.0276  0.0256  0.0257  0.0241  0.0252
niter,ni,del,rscale     6    3    5.0000    1.2000
parameters
    1.1202   13.2921   13.3690   -9.0337  -19.7820   -7.2259
   -1.0245    6.4361   -1.1126   27.3966   -6.1280  -24.8047
eta,q 0.97678  8.92382
  0.0263  0.0270  0.0244  0.0274  0.0294  0.0265  0.0261  0.0271  0.0255  0.0264  0.0241  0.0248
  0.0246  0.0249  0.0237  0.0257  0.0267  0.0249  0.0245  0.0251  0.0243  0.0249  0.0236  0.0240
  0.0235  0.0236  0.0233  0.0243  0.0243  0.0238  0.0236  0.0238  0.0235  0.0238  0.0233  0.0234
  0.0232  0.0232  0.0232  0.0232  0.0232  0.0232  0.0232  0.0232  0.0232  0.0232  0.0232  0.0232
  0.0236  0.0236  0.0234  0.0228  0.0235  0.0231  0.0236  0.0236  0.0235  0.0235  0.0233  0.0235
  0.0247  0.0247  0.0239  0.0244  0.0259  0.0240  0.0245  0.0249  0.0243  0.0245  0.0236  0.0242
  0.0264  0.0263  0.0247  0.0294  0.0316  0.0271  0.0260  0.0274  0.0255  0.0261  0.0241  0.0252
niter,ni,del,rscale     5    3    5.0000    1.2000
parameters
    1.1148   13.3075   13.3304   -8.9938  -19.8956   -7.2034
   -1.0393    6.4198   -1.0988   27.5041   -6.1273  -24.9395
eta,q 0.97677  8.92576
  0.0264  0.0268  0.0246  0.0275  0.0296  0.0265  0.0261  0.0272  0.0255  0.0262  0.0241  0.0249
  0.0246  0.0248  0.0238  0.0258  0.0269  0.0249  0.0245  0.0251  0.0243  0.0248  0.0236  0.0240
  0.0236  0.0236  0.0234  0.0244  0.0244  0.0238  0.0235  0.0238  0.0235  0.0237  0.0233  0.0235
  0.0232  0.0232  0.0232  0.0232  0.0232  0.0232  0.0232  0.0232  0.0232  0.0232  0.0232  0.0232
  0.0236  0.0237  0.0234  0.0228  0.0235  0.0231  0.0236  0.0235  0.0235  0.0235  0.0233  0.0234
  0.0247  0.0249  0.0239  0.0242  0.0256  0.0240  0.0246  0.0249  0.0243  0.0245  0.0236  0.0241
  0.0264  0.0266  0.0247  0.0290  0.0312  0.0272  0.0260  0.0274  0.0255  0.0262  0.0241  0.0251
niter,ni,del,rscale     4    3    5.0000    1.2000
parameters
    1.1100   13.3141   13.3043   -8.9873  -19.9347   -7.2059
   -1.0466    6.4084   -1.0859   27.5437   -6.1258  -24.9943
eta,q 0.97677  8.92592
  0.0264  0.0267  0.0246  0.0275  0.0297  0.0265  0.0261  0.0272  0.0255  0.0262  0.0241  0.0249
  0.0246  0.0248  0.0238  0.0258  0.0269  0.0249  0.0245  0.0251  0.0243  0.0247  0.0236  0.0241
  0.0236  0.0236  0.0234  0.0244  0.0245  0.0238  0.0235  0.0238  0.0235  0.0237  0.0233  0.0235
  0.0232  0.0232  0.0232  0.0232  0.0232  0.0232  0.0232  0.0232  0.0232  0.0232  0.0232  0.0232
  0.0236  0.0237  0.0234  0.0228  0.0234  0.0231  0.0236  0.0235  0.0235  0.0235  0.0233  0.0234
  0.0247  0.0249  0.0239  0.0242  0.0255  0.0240  0.0246  0.0249  0.0243  0.0246  0.0236  0.0240
  0.0264  0.0266  0.0246  0.0291  0.0311  0.0273  0.0260  0.0274  0.0255  0.0262  0.0241  0.0250
niter,ni,del,rscale     3    3    5.0000    1.2000
parameters
    1.1077   13.3155   13.2950   -8.9866  -19.9506   -7.2026
   -1.0516    6.4031   -1.0819   27.5584   -6.1238  -25.0151
eta,q 0.97678  8.92601
  0.0264  0.0267  0.0246  0.0275  0.0297  0.0265  0.0261  0.0272  0.0255  0.0261  0.0241  0.0250
  0.0246  0.0248  0.0238  0.0258  0.0270  0.0249  0.0245  0.0251  0.0243  0.0247  0.0236  0.0241
  0.0236  0.0236  0.0234  0.0244  0.0245  0.0238  0.0235  0.0238  0.0235  0.0237  0.0234  0.0235
  0.0232  0.0232  0.0232  0.0232  0.0232  0.0232  0.0232  0.0232  0.0232  0.0232  0.0232  0.0232
  0.0236  0.0237  0.0234  0.0228  0.0234  0.0231  0.0236  0.0235  0.0235  0.0236  0.0233  0.0234
  0.0247  0.0249  0.0238  0.0242  0.0255  0.0240  0.0246  0.0249  0.0243  0.0246  0.0236  0.0240
  0.0264  0.0266  0.0246  0.0291  0.0310  0.0273  0.0260  0.0274  0.0255  0.0262  0.0241  0.0250
registration optimization eta report
parameter search radius
    2.4000    2.7600    2.4000    9.5220   10.9503    8.2800
    7.2000    7.2000    7.2000    7.2000    7.2000    8.2800
100000*second partial in parameter space
       55.       45.       24.        6.        6.        6.
        5.        8.        4.        6.        2.        3.
  0.0264  0.0267  0.0246  0.0275  0.0297  0.0265  0.0261  0.0272  0.0255  0.0261  0.0241  0.0250
  0.0246  0.0248  0.0238  0.0258  0.0270  0.0249  0.0245  0.0251  0.0243  0.0247  0.0236  0.0241
  0.0236  0.0236  0.0234  0.0244  0.0245  0.0238  0.0235  0.0238  0.0235  0.0237  0.0234  0.0235
  0.0232  0.0232  0.0232  0.0232  0.0232  0.0232  0.0232  0.0232  0.0232  0.0232  0.0232  0.0232
  0.0236  0.0237  0.0234  0.0228  0.0234  0.0231  0.0236  0.0235  0.0235  0.0236  0.0233  0.0234
  0.0247  0.0249  0.0238  0.0242  0.0255  0.0240  0.0246  0.0249  0.0243  0.0246  0.0236  0.0240
  0.0264  0.0266  0.0246  0.0291  0.0310  0.0273  0.0260  0.0274  0.0255  0.0262  0.0241  0.0250
    1.1077   13.3155   13.2950   -8.9866  -19.9506   -7.2026
   -1.0516    6.4031   -1.0819   27.5584   -6.1238  -25.0151
eta,q 0.97678  8.92601

---------------------------------------------------------------------
imgreg_4dfp /opt/freesurfer/average/711-2C_as_mni_average_305 /opt/freesurfer/average/711-2B_as_mni_average_305_mask talsrcimg_g11 none talsrcimg_to_711-2C_as_mni_average_305_t4 2311
---------------------------------------------------------------------

freesurfer imgreg_4dfp.c
/opt/freesurfer/average/711-2C_as_mni_average_305.4dfp.img
       256       256       256         1
  1.000000  1.000000  1.000000
orientation T byte_order littleendian
Reading image: /opt/freesurfer/average/711-2C_as_mni_average_305.4dfp.img
dimensions:      256       256       256
mmppix:       1.0000   -1.0000   -1.0000
center:     128.0000 -129.0000 -129.0000
/opt/freesurfer/average/711-2B_as_mni_average_305_mask.4dfp.img
       256       256       256         1
  1.000000  1.000000  1.000000
orientation T byte_order littleendian
Reading mask: /opt/freesurfer/average/711-2B_as_mni_average_305_mask.4dfp.img (2306576 pixels)
talsrcimg_g11.4dfp.img
       256       256       256         1
  1.000000  1.000000  1.000000
orientation T byte_order littleendian
Reading image: talsrcimg_g11.4dfp.img
dimensions:      256       256       256
mmppix:       1.0000   -1.0000   -1.0000
center:     128.0000 -129.0000 -129.0000
fimgreg.f
image alignment mode   2311 decimal      907 hex
parameters
    1.1077   13.3155   13.2950   -8.9866  -19.9506   -7.2026
   -1.0516    6.4031   -1.0819   27.5584   -6.1238  -25.0151
eta,q 0.97678  8.92601
niter,ni,del,rscale     5    3    5.0000    0.8000
parameter  4 -0.575821 -> -0.500000 qaram    1.1500
parameters
    1.0988   13.2504   13.2779   -6.2266  -19.1152   -6.2558
   -0.8257    6.3956   -1.0585   27.7672   -6.3208  -24.5023
eta,q 0.97736  9.08101
  0.0247  0.0244  0.0238  0.0251  0.0245  0.0242  0.0242  0.0252  0.0237  0.0243  0.0232  0.0234
  0.0238  0.0237  0.0235  0.0244  0.0236  0.0235  0.0233  0.0238  0.0231  0.0235  0.0229  0.0230
  0.0234  0.0233  0.0233  0.0238  0.0230  0.0230  0.0228  0.0230  0.0228  0.0229  0.0227  0.0228
  0.0232  0.0232  0.0232  0.0232  0.0227  0.0227  0.0227  0.0227  0.0227  0.0227  0.0227  0.0227
  0.0234  0.0234  0.0233  0.0228  0.0228  0.0226  0.0228  0.0229  0.0228  0.0228  0.0227  0.0227
  0.0239  0.0239  0.0235  0.0228  0.0230  0.0227  0.0232  0.0238  0.0231  0.0233  0.0229  0.0228
  0.0247  0.0245  0.0239  0.0232  0.0236  0.0235  0.0239  0.0253  0.0237  0.0241  0.0233  0.0231
niter,ni,del,rscale     5    3    5.0000    0.8000
parameters
    1.0651   13.2743   13.2204   -7.3019  -18.9715   -6.3499
   -0.9681    6.4644   -1.0283   27.7041   -6.1801  -24.6699
eta,q 0.97729  9.05200
  0.0243  0.0239  0.0233  0.0242  0.0241  0.0238  0.0240  0.0250  0.0238  0.0242  0.0232  0.0233
  0.0234  0.0232  0.0229  0.0234  0.0233  0.0232  0.0232  0.0238  0.0232  0.0234  0.0230  0.0230
  0.0228  0.0228  0.0227  0.0229  0.0228  0.0229  0.0228  0.0230  0.0228  0.0229  0.0228  0.0228
  0.0226  0.0226  0.0226  0.0226  0.0227  0.0227  0.0227  0.0227  0.0227  0.0227  0.0227  0.0227
  0.0229  0.0228  0.0227  0.0231  0.0228  0.0226  0.0229  0.0229  0.0228  0.0229  0.0227  0.0228
  0.0235  0.0232  0.0230  0.0244  0.0232  0.0230  0.0234  0.0236  0.0232  0.0234  0.0229  0.0230
  0.0245  0.0238  0.0234  0.0271  0.0239  0.0242  0.0241  0.0250  0.0237  0.0243  0.0232  0.0234
niter,ni,del,rscale     4    3    5.0000    0.7000
parameters
    1.0667   13.2391   13.2508   -7.2157  -19.0022   -6.1148
   -0.9784    6.4576   -1.0358   27.7792   -6.2683  -24.6288
eta,q 0.97733  9.06321
  0.0240  0.0236  0.0232  0.0243  0.0237  0.0236  0.0237  0.0244  0.0235  0.0239  0.0231  0.0231
  0.0233  0.0231  0.0229  0.0237  0.0231  0.0231  0.0231  0.0235  0.0230  0.0233  0.0229  0.0229
  0.0228  0.0228  0.0228  0.0231  0.0228  0.0228  0.0228  0.0229  0.0228  0.0228  0.0227  0.0227
  0.0227  0.0227  0.0227  0.0227  0.0227  0.0227  0.0227  0.0227  0.0227  0.0227  0.0227  0.0227
  0.0229  0.0228  0.0228  0.0227  0.0228  0.0226  0.0228  0.0228  0.0228  0.0228  0.0227  0.0227
  0.0233  0.0232  0.0229  0.0232  0.0231  0.0228  0.0231  0.0234  0.0230  0.0232  0.0229  0.0229
  0.0240  0.0237  0.0232  0.0245  0.0237  0.0235  0.0237  0.0245  0.0235  0.0238  0.0231  0.0231
niter,ni,del,rscale     3    3    5.0000    0.6000
parameters
    1.0677   13.2412   13.2648   -7.0000  -19.1002   -5.9222
   -0.9713    6.4584   -1.0495   27.8403   -6.3481  -24.6046
eta,q 0.97736  9.07382
  0.0236  0.0234  0.0230  0.0240  0.0233  0.0233  0.0234  0.0240  0.0232  0.0236  0.0229  0.0230
  0.0231  0.0230  0.0228  0.0234  0.0229  0.0229  0.0230  0.0233  0.0229  0.0231  0.0228  0.0228
  0.0228  0.0227  0.0227  0.0230  0.0227  0.0228  0.0227  0.0228  0.0227  0.0228  0.0227  0.0227
  0.0227  0.0227  0.0227  0.0227  0.0227  0.0227  0.0226  0.0226  0.0226  0.0226  0.0226  0.0226
  0.0228  0.0227  0.0227  0.0227  0.0228  0.0226  0.0227  0.0228  0.0227  0.0227  0.0227  0.0227
  0.0231  0.0230  0.0228  0.0230  0.0230  0.0227  0.0230  0.0232  0.0229  0.0230  0.0228  0.0228
  0.0236  0.0234  0.0230  0.0239  0.0234  0.0233  0.0234  0.0240  0.0232  0.0235  0.0230  0.0230
niter,ni,del,rscale     2    3    5.0000    0.5000
parameters
    1.0677   13.2425   13.2621   -6.8287  -19.2057   -5.7210
   -0.9620    6.4512   -1.0597   27.9074   -6.4681  -24.6159
eta,q 0.97739  9.08310
  0.0233  0.0231  0.0229  0.0236  0.0231  0.0230  0.0231  0.0236  0.0230  0.0233  0.0228  0.0228
  0.0229  0.0228  0.0227  0.0232  0.0228  0.0228  0.0228  0.0230  0.0228  0.0229  0.0227  0.0227
  0.0227  0.0227  0.0227  0.0228  0.0226  0.0227  0.0227  0.0227  0.0226  0.0227  0.0226  0.0226
  0.0226  0.0226  0.0226  0.0226  0.0226  0.0226  0.0226  0.0226  0.0226  0.0226  0.0226  0.0226
  0.0227  0.0227  0.0227  0.0226  0.0227  0.0226  0.0227  0.0227  0.0227  0.0227  0.0226  0.0226
  0.0229  0.0228  0.0228  0.0229  0.0229  0.0227  0.0228  0.0230  0.0228  0.0229  0.0227  0.0227
  0.0233  0.0231  0.0229  0.0236  0.0231  0.0230  0.0231  0.0236  0.0230  0.0232  0.0228  0.0229
niter,ni,del,rscale     1    3    5.0000    0.4000
parameters
    1.0691   13.2440   13.2621   -6.6876  -19.3427   -5.4592
   -0.9505    6.4346   -1.0883   27.9899   -6.5798  -24.6340
eta,q 0.97743  9.09207
  0.0230  0.0229  0.0228  0.0233  0.0229  0.0229  0.0229  0.0232  0.0228  0.0230  0.0227  0.0227
  0.0228  0.0227  0.0227  0.0230  0.0227  0.0228  0.0227  0.0229  0.0227  0.0228  0.0226  0.0226
  0.0227  0.0226  0.0226  0.0227  0.0226  0.0227  0.0226  0.0227  0.0226  0.0226  0.0226  0.0226
  0.0226  0.0226  0.0226  0.0226  0.0226  0.0226  0.0226  0.0226  0.0226  0.0226  0.0226  0.0226
  0.0227  0.0226  0.0226  0.0226  0.0226  0.0225  0.0226  0.0226  0.0226  0.0226  0.0226  0.0226
  0.0228  0.0227  0.0227  0.0228  0.0228  0.0226  0.0227  0.0229  0.0227  0.0227  0.0227  0.0226
  0.0230  0.0229  0.0228  0.0232  0.0229  0.0228  0.0229  0.0233  0.0228  0.0230  0.0227  0.0227
registration optimization eta report
parameter search radius
    0.8000    0.8000    0.8000    2.7600    2.4000    2.4000
    2.4000    2.4000    2.4000    2.4000    2.4000    2.4000
100000*second partial in parameter space
       67.       48.       26.        9.        5.        5.
        6.       12.        5.        7.        3.        3.
  0.0230  0.0229  0.0228  0.0233  0.0229  0.0229  0.0229  0.0232  0.0228  0.0230  0.0227  0.0227
  0.0228  0.0227  0.0227  0.0230  0.0227  0.0228  0.0227  0.0229  0.0227  0.0228  0.0226  0.0226
  0.0227  0.0226  0.0226  0.0227  0.0226  0.0227  0.0226  0.0227  0.0226  0.0226  0.0226  0.0226
  0.0226  0.0226  0.0226  0.0226  0.0226  0.0226  0.0226  0.0226  0.0226  0.0226  0.0226  0.0226
  0.0227  0.0226  0.0226  0.0226  0.0226  0.0225  0.0226  0.0226  0.0226  0.0226  0.0226  0.0226
  0.0228  0.0227  0.0227  0.0228  0.0228  0.0226  0.0227  0.0229  0.0227  0.0227  0.0227  0.0226
  0.0230  0.0229  0.0228  0.0232  0.0229  0.0228  0.0229  0.0233  0.0228  0.0230  0.0227  0.0227
    1.0691   13.2440   13.2621   -6.6876  -19.3427   -5.4592
   -0.9505    6.4346   -1.0883   27.9899   -6.5798  -24.6340
eta,q 0.97743  9.09207

---------------------------------------------------------------------
imgreg_4dfp /opt/freesurfer/average/711-2C_as_mni_average_305 /opt/freesurfer/average/711-2B_as_mni_average_305_mask talsrcimg_g11 none talsrcimg_to_711-2C_as_mni_average_305_t4 2311
---------------------------------------------------------------------

freesurfer imgreg_4dfp.c
/opt/freesurfer/average/711-2C_as_mni_average_305.4dfp.img
       256       256       256         1
  1.000000  1.000000  1.000000
orientation T byte_order littleendian
Reading image: /opt/freesurfer/average/711-2C_as_mni_average_305.4dfp.img
dimensions:      256       256       256
mmppix:       1.0000   -1.0000   -1.0000
center:     128.0000 -129.0000 -129.0000
/opt/freesurfer/average/711-2B_as_mni_average_305_mask.4dfp.img
       256       256       256         1
  1.000000  1.000000  1.000000
orientation T byte_order littleendian
Reading mask: /opt/freesurfer/average/711-2B_as_mni_average_305_mask.4dfp.img (2306576 pixels)
talsrcimg_g11.4dfp.img
       256       256       256         1
  1.000000  1.000000  1.000000
orientation T byte_order littleendian
Reading image: talsrcimg_g11.4dfp.img
dimensions:      256       256       256
mmppix:       1.0000   -1.0000   -1.0000
center:     128.0000 -129.0000 -129.0000
fimgreg.f
image alignment mode   2311 decimal      907 hex
parameters
    1.0691   13.2440   13.2621   -6.6876  -19.3427   -5.4592
   -0.9505    6.4346   -1.0883   27.9899   -6.5798  -24.6340
eta,q 0.97743  9.09207
niter,ni,del,rscale     5    3    5.0000    0.8000
parameters
    1.1026   13.2638   13.3251   -7.2148  -19.1464   -6.2145
   -0.9767    6.5063   -1.0472   27.7674   -6.2629  -24.5770
eta,q 0.97732  9.05426
  0.0244  0.0238  0.0234  0.0240  0.0241  0.0235  0.0240  0.0250  0.0237  0.0241  0.0233  0.0233
  0.0234  0.0231  0.0229  0.0234  0.0232  0.0230  0.0232  0.0238  0.0232  0.0233  0.0230  0.0230
  0.0228  0.0227  0.0227  0.0228  0.0227  0.0228  0.0228  0.0230  0.0228  0.0228  0.0228  0.0228
  0.0226  0.0226  0.0226  0.0226  0.0226  0.0226  0.0227  0.0227  0.0227  0.0227  0.0227  0.0227
  0.0228  0.0227  0.0226  0.0228  0.0228  0.0227  0.0229  0.0229  0.0228  0.0229  0.0227  0.0227
  0.0233  0.0231  0.0229  0.0236  0.0231  0.0234  0.0233  0.0236  0.0231  0.0235  0.0229  0.0229
  0.0242  0.0238  0.0232  0.0253  0.0238  0.0250  0.0240  0.0250  0.0237  0.0244  0.0231  0.0233
niter,ni,del,rscale     4    3    5.0000    0.7000
parameters
    1.0728   13.2549   13.2748   -6.9920  -19.0545   -6.1465
   -0.9519    6.4691   -1.0486   27.7627   -6.2758  -24.5750
eta,q 0.97734  9.06626
  0.0239  0.0236  0.0231  0.0240  0.0237  0.0235  0.0237  0.0244  0.0235  0.0239  0.0231  0.0231
  0.0232  0.0231  0.0229  0.0235  0.0231  0.0231  0.0231  0.0235  0.0230  0.0232  0.0228  0.0229
  0.0228  0.0228  0.0227  0.0230  0.0227  0.0228  0.0228  0.0229  0.0227  0.0228  0.0227  0.0227
  0.0227  0.0227  0.0227  0.0227  0.0227  0.0227  0.0227  0.0227  0.0227  0.0227  0.0227  0.0227
  0.0229  0.0228  0.0228  0.0227  0.0228  0.0226  0.0228  0.0228  0.0227  0.0228  0.0227  0.0227
  0.0233  0.0231  0.0229  0.0230  0.0230  0.0228  0.0231  0.0234  0.0230  0.0232  0.0228  0.0229
  0.0240  0.0236  0.0232  0.0240  0.0236  0.0236  0.0237  0.0246  0.0235  0.0239  0.0231  0.0231
niter,ni,del,rscale     3    3    5.0000    0.6000
parameters
    1.0634   13.2475   13.2566   -6.8493  -19.1166   -5.9593
   -0.9529    6.4558   -1.0570   27.8248   -6.3625  -24.5920
eta,q 0.97737  9.07602
  0.0236  0.0233  0.0230  0.0237  0.0233  0.0233  0.0234  0.0240  0.0232  0.0236  0.0229  0.0230
  0.0231  0.0229  0.0228  0.0232  0.0229  0.0229  0.0230  0.0233  0.0229  0.0231  0.0228  0.0228
  0.0227  0.0227  0.0227  0.0229  0.0227  0.0227  0.0227  0.0228  0.0227  0.0227  0.0227  0.0227
  0.0227  0.0227  0.0227  0.0227  0.0226  0.0226  0.0226  0.0226  0.0226  0.0226  0.0226  0.0226
  0.0228  0.0227  0.0227  0.0227  0.0227  0.0226  0.0227  0.0228  0.0227  0.0227  0.0227  0.0227
  0.0231  0.0230  0.0228  0.0230  0.0230  0.0227  0.0230  0.0232  0.0229  0.0230  0.0228  0.0228
  0.0236  0.0233  0.0230  0.0237  0.0233  0.0233  0.0234  0.0241  0.0232  0.0235  0.0230  0.0230
niter,ni,del,rscale     2    3    5.0000    0.5000
parameters
    1.0640   13.2443   13.2516   -6.7170  -19.2234   -5.7506
   -0.9493    6.4499   -1.0684   27.9057   -6.4725  -24.6140
eta,q 0.97741  9.08459
  0.0233  0.0231  0.0229  0.0234  0.0231  0.0230  0.0231  0.0236  0.0230  0.0233  0.0228  0.0228
  0.0229  0.0228  0.0227  0.0230  0.0228  0.0228  0.0228  0.0231  0.0228  0.0229  0.0227  0.0227
  0.0227  0.0227  0.0227  0.0228  0.0226  0.0227  0.0227  0.0227  0.0226  0.0227  0.0226  0.0226
  0.0226  0.0226  0.0226  0.0226  0.0226  0.0226  0.0226  0.0226  0.0226  0.0226  0.0226  0.0226
  0.0227  0.0227  0.0227  0.0226  0.0227  0.0226  0.0227  0.0227  0.0226  0.0227  0.0226  0.0226
  0.0229  0.0228  0.0227  0.0229  0.0229  0.0226  0.0228  0.0230  0.0228  0.0229  0.0227  0.0227
  0.0233  0.0231  0.0229  0.0233  0.0231  0.0230  0.0231  0.0236  0.0230  0.0232  0.0229  0.0229
niter,ni,del,rscale     1    3    5.0000    0.4000
parameters
    1.0683   13.2457   13.2441   -6.6196  -19.3541   -5.4948
   -0.9464    6.4315   -1.0825   27.9799   -6.5761  -24.6408
eta,q 0.97742  9.09223
  0.0230  0.0229  0.0228  0.0231  0.0229  0.0229  0.0229  0.0232  0.0228  0.0230  0.0227  0.0227
  0.0228  0.0227  0.0227  0.0229  0.0227  0.0227  0.0227  0.0229  0.0227  0.0228  0.0226  0.0226
  0.0226  0.0226  0.0226  0.0227  0.0226  0.0227  0.0226  0.0227  0.0226  0.0226  0.0226  0.0226
  0.0226  0.0226  0.0226  0.0226  0.0226  0.0226  0.0226  0.0226  0.0226  0.0226  0.0226  0.0226
  0.0226  0.0226  0.0226  0.0226  0.0226  0.0226  0.0226  0.0226  0.0226  0.0226  0.0226  0.0226
  0.0228  0.0227  0.0227  0.0228  0.0228  0.0226  0.0227  0.0229  0.0227  0.0227  0.0227  0.0226
  0.0230  0.0229  0.0228  0.0231  0.0229  0.0228  0.0229  0.0233  0.0228  0.0230  0.0227  0.0227
registration optimization eta report
parameter search radius
    0.8000    0.8000    0.8000    2.4000    2.4000    2.4000
    2.4000    2.4000    2.4000    2.4000    2.4000    2.4000
100000*second partial in parameter space
       69.       48.       26.        9.        5.        5.
        6.       12.        5.        7.        3.        3.
  0.0230  0.0229  0.0228  0.0231  0.0229  0.0229  0.0229  0.0232  0.0228  0.0230  0.0227  0.0227
  0.0228  0.0227  0.0227  0.0229  0.0227  0.0227  0.0227  0.0229  0.0227  0.0228  0.0226  0.0226
  0.0226  0.0226  0.0226  0.0227  0.0226  0.0227  0.0226  0.0227  0.0226  0.0226  0.0226  0.0226
  0.0226  0.0226  0.0226  0.0226  0.0226  0.0226  0.0226  0.0226  0.0226  0.0226  0.0226  0.0226
  0.0226  0.0226  0.0226  0.0226  0.0226  0.0226  0.0226  0.0226  0.0226  0.0226  0.0226  0.0226
  0.0228  0.0227  0.0227  0.0228  0.0228  0.0226  0.0227  0.0229  0.0227  0.0227  0.0227  0.0226
  0.0230  0.0229  0.0228  0.0231  0.0229  0.0228  0.0229  0.0233  0.0228  0.0230  0.0227  0.0227
    1.0683   13.2457   13.2441   -6.6196  -19.3541   -5.4948
   -0.9464    6.4315   -1.0825   27.9799   -6.5761  -24.6408
eta,q 0.97742  9.09223

---------------------------------------------------------------------
compute_vox2vox talsrcimg talsrcimg_to_711-2C_as_mni_average_305_t4 /opt/freesurfer/average/711-2C_as_mni_average_305
---------------------------------------------------------------------

freesurfer compute_vox2vox.c
Reading: talsrcimg.4dfp.ifh
Reading: talsrcimg_to_711-2C_as_mni_average_305_t4
Reading: /opt/freesurfer/average/711-2C_as_mni_average_305.4dfp.ifh
Writing: talsrcimg_to_711-2C_as_mni_average_305_t4_vox2vox.txt

start time Fri Mar 13 03:51:07 CET 2026
end		time Fri Mar 13 03:51:21 CET 2026

mpr2mni305 success

avi2talxfm orig_nu.mgz /opt/freesurfer/average/mni305.cor.mgz talsrcimg_to_711-2C_as_mni_average_305_t4_vox2vox.txt transforms/talairach.auto.xfm
avi2talxfm done
mv -f /out/sourcedata/freesurfer/sub-v2s4x29589_ses-1/mri/talsrcimg_to_711-2C_as_mni_average_305_t4_vox2vox.txt /out/sourcedata/freesurfer/sub-v2s4x29589_ses-1/mri/transforms/talsrcimg_to_711-2C_as_mni_average_305_t4_vox2vox.txt
lta_convert --src orig_nu.mgz --trg /opt/freesurfer/average/mni305.cor.mgz --inxfm transforms/talairach.auto.xfm --outlta transforms/talairach.auto.xfm.lta --subject fsaverage
7.3.2

--src: orig_nu.mgz src image (geometry).
--trg: /opt/freesurfer/average/mni305.cor.mgz trg image (geometry).
--inmni: transforms/talairach.auto.xfm input MNI/XFM transform.
--outlta: transforms/talairach.auto.xfm.lta output LTA.
--s: fsaverage subject name
 LTA read, type : 1
 1.06586  -0.06991  -0.00885   0.44318;
 0.07144   0.96568   0.29589  -17.10946;
-0.01048  -0.33598   1.13721  -16.17662;
 0.00000   0.00000   0.00000   1.00000;
setting subject to fsaverage
Writing  LTA to file transforms/talairach.auto.xfm.lta...
lta_convert successful.
 
 
Started at Fri Mar 13 03:51:06 CET 2026
Ended   at Fri Mar 13 03:51:21 CET 2026
talairach_avi done
