/out/sourcedata/freesurfer/sub-v2s4x29580_ses-1/mri
/opt/freesurfer/bin/talairach_avi
--i orig_nu.mgz --xfm transforms/talairach.auto.xfm
talairach_avi 7.3.2
Linux dna038 5.14.0-427.37.1.el9_4.x86_64 #1 SMP PREEMPT_DYNAMIC Fri Sep 13 12:41:50 EDT 2024 x86_64 x86_64 x86_64 GNU/Linux
Fri Mar 13 03:35:06 CET 2026
mri_convert orig_nu.mgz talsrcimg.img 
reading from orig_nu.mgz...
TR=0.00, TE=0.00, TI=0.00, flip angle=0.00
i_ras = (-1, 3.72404e-09, -4.65661e-10)
j_ras = (9.31323e-10, -2.91038e-11, -1)
k_ras = (1.25056e-12, 1, 0)
writing to talsrcimg.img...
Analyze Output Matrix
-1.00000   0.00000   0.00000   133.59976;
 0.00000  -0.00000   1.00000  -129.64659;
-0.00000  -1.00000   0.00000   128.71790;
 0.00000   0.00000   0.00000   1.00000;
--------------------
INFO: set hdr.hist.orient to -1
mpr2mni305 talsrcimg
Fri Mar 13 03:35:06 CET 2026
/opt/freesurfer/bin/mpr2mni305 talsrcimg
mpr2mni305 7.3.2
target=711-2C_as_mni_average_305

---------------------------------------------------------------------
analyzeto4dfp talsrcimg -O0 -y
---------------------------------------------------------------------

freesurfer ifh2hdr.c
Fri Mar 13 03:35:06 2026
Writing: talsrcimg.4dfp.hdr
freesurfer analyzeto4dfp.c
Reading: talsrcimg.hdr
header size 348 bytes
hdr.dime.datatype	offset=70	value=2
hdr.dime.bitpix		offset=72	value=8
hdr.hist.orient		offset=252	value=-1
dimensionality     4
dimensions       256       256       256         1
Reading: talsrcimg.img
Writing: talsrcimg.4dfp.img
Writing: talsrcimg.4dfp.ifh
ifh2hdr talsrcimg -r0to255
ori=2

---------------------------------------------------------------------
gauss_4dfp talsrcimg 1.1
---------------------------------------------------------------------

freesurfer gauss_4dfp.c
Reading: talsrcimg.4dfp.img
Writing: talsrcimg_g11.4dfp.img
image dimensions 256 256 256 padded to 288 288 288
processing volume 1freesurfer ifh2hdr.c
Fri Mar 13 03:35:08 2026
Writing: talsrcimg_g11.4dfp.hdr

Writing: talsrcimg_g11.4dfp.ifh
including: talsrcimg.4dfp.img.rec in talsrcimg_g11.4dfp.img.rec

---------------------------------------------------------------------
imgreg_4dfp /opt/freesurfer/average/711-2C_as_mni_average_305 none talsrcimg_g11 none talsrcimg_to_711-2C_as_mni_average_305_t4 4355
---------------------------------------------------------------------

freesurfer imgreg_4dfp.c
/opt/freesurfer/average/711-2C_as_mni_average_305.4dfp.img
       256       256       256         1
  1.000000  1.000000  1.000000
orientation T byte_order littleendian
Reading image: /opt/freesurfer/average/711-2C_as_mni_average_305.4dfp.img
dimensions:      256       256       256
mmppix:       1.0000   -1.0000   -1.0000
center:     128.0000 -129.0000 -129.0000
talsrcimg_g11.4dfp.img
       256       256       256         1
  1.000000  1.000000  1.000000
orientation T byte_order littleendian
Reading image: talsrcimg_g11.4dfp.img
dimensions:      256       256       256
mmppix:       1.0000   -1.0000   -1.0000
center:     128.0000 -129.0000 -129.0000
t4_read: open error in t4_sub.f l:  41 t4_file(1:l)talsrcimg_to_711-2C_as_mni_average_305_t4 
t4_read: transform initialized to I4
rotation matrix determinant  1.000000
image alignment mode   4355 decimal     1103 hex
   -7.5000  -45.0000  -45.0000 6735.9775   12.2308
    0.0000  -45.0000  -45.0000 7011.0015   12.2612
    7.5000  -45.0000  -45.0000 6714.8330   12.2824
   -7.5000  -37.5000  -45.0000 7256.8901   12.0364
    0.0000  -37.5000  -45.0000 7564.1763   12.0553
    7.5000  -37.5000  -45.0000 7227.4380   12.0724
   -7.5000  -30.0000  -45.0000 8076.5645   11.9516
    0.0000  -30.0000  -45.0000 8419.9854   11.9651
    7.5000  -30.0000  -45.0000 8035.4868   11.9784
   -7.5000  -22.5000  -45.0000 8941.5781   11.9501
    0.0000  -22.5000  -45.0000 9324.9727   11.9694
    7.5000  -22.5000  -45.0000 8897.0078   11.9824
   -7.5000  -15.0000  -45.0000 9771.0166   11.9566
    0.0000  -15.0000  -45.000010207.6660   11.9850
    7.5000  -15.0000  -45.0000 9721.3418   12.0001
   -7.5000   -7.5000  -45.000010483.3604   11.9638
    0.0000   -7.5000  -45.000010963.3174   11.9962
    7.5000   -7.5000  -45.000010439.6533   12.0144
   -7.5000    0.0000  -45.000011151.8203   11.9637
    0.0000    0.0000  -45.000011672.8623   11.9921
    7.5000    0.0000  -45.000011089.5479   12.0118
   -7.5000    7.5000  -45.000011063.8496   11.9571
    0.0000    7.5000  -45.000011569.7139   11.9756
    7.5000    7.5000  -45.000010967.6113   11.9925
   -7.5000   15.0000  -45.000010893.7412   11.9507
    0.0000   15.0000  -45.000011410.8594   11.9641
    7.5000   15.0000  -45.000010811.2168   11.9774
   -7.5000   22.5000  -45.000010505.0449   11.9484
    0.0000   22.5000  -45.000011001.2256   11.9678
    7.5000   22.5000  -45.000010432.0713   11.9808
   -7.5000   30.0000  -45.000010029.1406   11.7973
    0.0000   30.0000  -45.000010503.8877   11.8253
    7.5000   30.0000  -45.0000 9928.6611   11.8402
   -7.5000   37.5000  -45.0000 9843.9102   11.8044
    0.0000   37.5000  -45.000010334.3174   11.8363
    7.5000   37.5000  -45.0000 9750.7803   11.8543
   -7.5000   45.0000  -45.0000 9045.4707   11.5045
    0.0000   45.0000  -45.0000 9505.0381   11.5318
    7.5000   45.0000  -45.0000 8982.0127   11.5507
   -7.5000  -45.0000  -37.5000 7140.1079   12.1240
    0.0000  -45.0000  -37.5000 7449.6050   12.1502
    7.5000  -45.0000  -37.5000 7113.0596   12.1700
   -7.5000  -37.5000  -37.5000 7700.8535   11.9306
    0.0000  -37.5000  -37.5000 8042.0518   11.9458
    7.5000  -37.5000  -37.5000 7660.5620   11.9622
   -7.5000  -30.0000  -37.5000 8589.1426   11.8484
    0.0000  -30.0000  -37.5000 8984.1641   11.8574
    7.5000  -30.0000  -37.5000 8544.5840   11.8706
   -7.5000  -22.5000  -37.5000 9514.5342   11.8518
    0.0000  -22.5000  -37.5000 9951.5205   11.8656
    7.5000  -22.5000  -37.5000 9459.1260   11.8787
   -7.5000  -15.0000  -37.500010424.2598   11.8615
    0.0000  -15.0000  -37.500010906.8818   11.8841
    7.5000  -15.0000  -37.500010348.1465   11.8989
   -7.5000   -7.5000  -37.500011201.8525   11.8665
    0.0000   -7.5000  -37.500011729.1289   11.8936
    7.5000   -7.5000  -37.500011113.4609   11.9110
   -7.5000    0.0000  -37.500011923.9980   11.8619
    0.0000    0.0000  -37.500012470.1143   11.8863
    7.5000    0.0000  -37.500011796.2617   11.9048
   -7.5000    7.5000  -37.500011781.7100   11.8526
    0.0000    7.5000  -37.500012321.3506   11.8676
    7.5000    7.5000  -37.500011641.7510   11.8836
   -7.5000   15.0000  -37.500011579.5146   11.8474
    0.0000   15.0000  -37.500012110.7725   11.8564
    7.5000   15.0000  -37.500011455.8652   11.8696
   -7.5000   22.5000  -37.500011154.4648   11.8502
    0.0000   22.5000  -37.500011678.4912   11.8640
    7.5000   22.5000  -37.500011043.3574   11.8770
   -7.5000   30.0000  -37.500010628.2832   11.7034
    0.0000   30.0000  -37.500011155.4336   11.7257
    7.5000   30.0000  -37.500010496.6992   11.7403
   -7.5000   37.5000  -37.500010438.2881   11.7083
    0.0000   37.5000  -37.500010971.6201   11.7351
    7.5000   37.5000  -37.500010323.8379   11.7523
   -7.5000   45.0000  -37.5000 9584.7246   11.4067
    0.0000   45.0000  -37.500010075.8584   11.4301
    7.5000   45.0000  -37.5000 9494.3691   11.4479
   -7.5000  -45.0000  -30.0000 7675.2812   12.5904
    0.0000  -45.0000  -30.0000 8023.3306   12.6102
    7.5000  -45.0000  -30.0000 7628.9082   12.6266
   -7.5000  -37.5000  -30.0000 8289.1689   12.3873
    0.0000  -37.5000  -30.0000 8662.9736   12.3987
    7.5000  -37.5000  -30.0000 8235.3008   12.4128
   -7.5000  -30.0000  -30.0000 9281.0020   12.2961
    0.0000  -30.0000  -30.0000 9707.6084   12.3013
    7.5000  -30.0000  -30.0000 9210.6650   12.3142
   -7.5000  -22.5000  -30.000010302.8232   12.2967
    0.0000  -22.5000  -30.000010778.8223   12.3044
    7.5000  -22.5000  -30.000010212.8867   12.3180
   -7.5000  -15.0000  -30.000011296.3926   12.3094
    0.0000  -15.0000  -30.000011817.5820   12.3234
    7.5000  -15.0000  -30.000011171.3281   12.3377
   -7.5000   -7.5000  -30.000012157.3262   12.3205
    0.0000   -7.5000  -30.000012718.3027   12.3389
    7.5000   -7.5000  -30.000012003.8613   12.3540
   -7.5000    0.0000  -30.000012927.5117   12.3192
    0.0000    0.0000  -30.000013491.2158   12.3373
    7.5000    0.0000  -30.000012743.6025   12.3527
   -7.5000    7.5000  -30.000012740.4053   12.3066
    0.0000    7.5000  -30.000013312.4648   12.3178
    7.5000    7.5000  -30.000012544.5078   12.3316
   -7.5000   15.0000  -30.000012494.0244   12.2951
    0.0000   15.0000  -30.000013065.1230   12.3003
    7.5000   15.0000  -30.000012332.1719   12.3133
   -7.5000   22.5000  -30.000012030.6328   12.2938
    0.0000   22.5000  -30.000012604.3184   12.3014
    7.5000   22.5000  -30.000011899.9102   12.3150
   -7.5000   30.0000  -30.000011447.2705   12.1465
    0.0000   30.0000  -30.000011994.6787   12.1603
    7.5000   30.0000  -30.000011292.4727   12.1744
   -7.5000   37.5000  -30.000011231.6768   12.1575
    0.0000   37.5000  -30.000011776.8379   12.1756
    7.5000   37.5000  -30.000011095.7139   12.1906
   -7.5000   45.0000  -30.000010323.0000   11.8551
    0.0000   45.0000  -30.000010845.6016   11.8725
    7.5000   45.0000  -30.000010219.5439   11.8873
   -7.5000  -45.0000  -22.5000 8254.8418   13.0396
    0.0000  -45.0000  -22.5000 8640.7139   13.0566
    7.5000  -45.0000  -22.5000 8191.6187   13.0692
   -7.5000  -37.5000  -22.5000 8951.8486   12.8296
    0.0000  -37.5000  -22.5000 9364.3965   12.8409
    7.5000  -37.5000  -22.5000 8886.7959   12.8526
   -7.5000  -30.0000  -22.500010041.9199   12.7267
    0.0000  -30.0000  -22.500010500.4014   12.7333
    7.5000  -30.0000  -22.5000 9954.7979   12.7462
   -7.5000  -22.5000  -22.500011145.4951   12.7172
    0.0000  -22.5000  -22.500011654.3037   12.7248
    7.5000  -22.5000  -22.500011045.6035   12.7395
   -7.5000  -15.0000  -22.500012181.6836   12.7288
    0.0000  -15.0000  -22.500012747.9893   12.7396
    7.5000  -15.0000  -22.500012054.9912   12.7540
   -7.5000   -7.5000  -22.500013126.9258   12.7493
    0.0000   -7.5000  -22.500013738.4863   12.7636
    7.5000   -7.5000  -22.500012955.5107   12.7764
   -7.5000    0.0000  -22.500013938.4297   12.7578
    0.0000    0.0000  -22.500014569.8174   12.7732
    7.5000    0.0000  -22.500013749.4004   12.7851
   -7.5000    7.5000  -22.500013738.4961   12.7457
    0.0000    7.5000  -22.500014381.0244   12.7569
    7.5000    7.5000  -22.500013527.7764   12.7684
   -7.5000   15.0000  -22.500013506.7129   12.7257
    0.0000   15.0000  -22.500014152.7910   12.7323
    7.5000   15.0000  -22.500013303.9717   12.7452
   -7.5000   22.5000  -22.500013029.2881   12.7133
    0.0000   22.5000  -22.500013656.8623   12.7208
    7.5000   22.5000  -22.500012841.1270   12.7356
   -7.5000   30.0000  -22.500012324.3135   12.5623
    0.0000   30.0000  -22.500012899.9873   12.5730
    7.5000   30.0000  -22.500012139.6396   12.5872
   -7.5000   37.5000  -22.500012055.4502   12.5826
    0.0000   37.5000  -22.500012627.9834   12.5967
    7.5000   37.5000  -22.500011895.3418   12.6093
   -7.5000   45.0000  -22.500011097.0557   12.2864
    0.0000   45.0000  -22.500011632.6680   12.3013
    7.5000   45.0000  -22.500010981.5020   12.3127
   -7.5000  -45.0000  -15.0000 8869.3906   13.3567
    0.0000  -45.0000  -15.0000 9272.5488   13.3775
    7.5000  -45.0000  -15.0000 8801.0449   13.3896
   -7.5000  -37.5000  -15.0000 9650.2666   13.1445
    0.0000  -37.5000  -15.000010073.8779   13.1597
    7.5000  -37.5000  -15.0000 9567.5312   13.1710
   -7.5000  -30.0000  -15.000010832.6465   13.0371
    0.0000  -30.0000  -15.000011300.1240   13.0489
    7.5000  -30.0000  -15.000010723.8389   13.0617
   -7.5000  -22.5000  -15.000012002.3438   13.0210
    0.0000  -22.5000  -15.000012535.7656   13.0343
    7.5000  -22.5000  -15.000011887.6943   13.0491
   -7.5000  -15.0000  -15.000013102.0283   13.0290
    0.0000  -15.0000  -15.000013692.1973   13.0452
    7.5000  -15.0000  -15.000012950.2402   13.0595
   -7.5000   -7.5000  -15.000014160.2988   13.0530
    0.0000   -7.5000  -15.000014777.4023   13.0718
    7.5000   -7.5000  -15.000013942.0488   13.0842
   -7.5000    0.0000  -15.000015014.6182   13.0674
    0.0000    0.0000  -15.000015665.6064   13.0866
    7.5000    0.0000  -15.000014764.1650   13.0978
   -7.5000    7.5000  -15.000014786.7480   13.0586
    0.0000    7.5000  -15.000015449.5273   13.0736
    7.5000    7.5000  -15.000014519.5029   13.0847
   -7.5000   15.0000  -15.000014556.3701   13.0361
    0.0000   15.0000  -15.000015247.3984   13.0479
    7.5000   15.0000  -15.000014292.5791   13.0607
   -7.5000   22.5000  -15.000014056.7295   13.0164
    0.0000   22.5000  -15.000014730.0996   13.0297
    7.5000   22.5000  -15.000013795.4141   13.0445
   -7.5000   30.0000  -15.000013234.1816   12.8604
    0.0000   30.0000  -15.000013841.9258   12.8763
    7.5000   30.0000  -15.000013007.4736   12.8905
   -7.5000   37.5000  -15.000012878.1357   12.8841
    0.0000   37.5000  -15.000013492.8643   12.9026
    7.5000   37.5000  -15.000012700.6992   12.9149
   -7.5000   45.0000  -15.000011866.2305   12.5921
    0.0000   45.0000  -15.000012452.5879   12.6107
    7.5000   45.0000  -15.000011754.4639   12.6215
   -7.5000  -45.0000   -7.5000 9493.5449   13.4974
    0.0000  -45.0000   -7.5000 9908.9297   13.5267
    7.5000  -45.0000   -7.5000 9427.9893   13.5438
   -7.5000  -37.5000   -7.500010331.9277   13.2869
    0.0000  -37.5000   -7.500010767.8945   13.3071
    7.5000  -37.5000   -7.500010232.7139   13.3215
   -7.5000  -30.0000   -7.500011578.0293   13.1865
    0.0000  -30.0000   -7.500012074.2256   13.2026
    7.5000  -30.0000   -7.500011455.3887   13.2158
   -7.5000  -22.5000   -7.500012844.4170   13.1742
    0.0000  -22.5000   -7.500013399.7969   13.1946
    7.5000  -22.5000   -7.500012705.0732   13.2086
   -7.5000  -15.0000   -7.500014060.7070   13.1789
    0.0000  -15.0000   -7.500014681.4414   13.2053
    7.5000  -15.0000   -7.500013885.1406   13.2203
   -7.5000   -7.5000   -7.500015233.2617   13.1954
    0.0000   -7.5000   -7.500015903.3896   13.2250
    7.5000   -7.5000   -7.500014986.9756   13.2407
   -7.5000    0.0000   -7.500016100.3057   13.2053
    0.0000    0.0000   -7.500016801.4043   13.2328
    7.5000    0.0000   -7.500015836.2959   13.2486
   -7.5000    7.5000   -7.500015866.4941   13.2002
    0.0000    7.5000   -7.500016536.7734   13.2201
    7.5000    7.5000   -7.500015578.6660   13.2343
   -7.5000   15.0000   -7.500015625.7461   13.1855
    0.0000   15.0000   -7.500016296.9072   13.2016
    7.5000   15.0000   -7.500015325.8975   13.2147
   -7.5000   22.5000   -7.500015084.5547   13.1682
    0.0000   22.5000   -7.500015743.5693   13.1885
    7.5000   22.5000   -7.500014809.6689   13.2025
   -7.5000   30.0000   -7.500014156.3857   13.0080
    0.0000   30.0000   -7.500014801.2227   13.0341
    7.5000   30.0000   -7.500013931.5283   13.0489
   -7.5000   37.5000   -7.500013747.1191   13.0242
    0.0000   37.5000   -7.500014367.0977   13.0535
    7.5000   37.5000   -7.500013533.2393   13.0690
   -7.5000   45.0000   -7.500012715.5547   12.7275
    0.0000   45.0000   -7.500013317.3262   12.7539
    7.5000   45.0000   -7.500012549.1514   12.7692
   -7.5000  -45.0000    0.000010046.8770   13.5069
    0.0000  -45.0000    0.000010461.3613   13.5410
    7.5000  -45.0000    0.0000 9969.4463   13.5633
   -7.5000  -37.5000    0.000010928.2109   13.2969
    0.0000  -37.5000    0.000011363.5049   13.3182
    7.5000  -37.5000    0.000010805.6172   13.3363
   -7.5000  -30.0000    0.000012247.1797   13.2050
    0.0000  -30.0000    0.000012724.3574   13.2205
    7.5000  -30.0000    0.000012085.8877   13.2346
   -7.5000  -22.5000    0.000013587.0830   13.2020
    0.0000  -22.5000    0.000014146.1943   13.2239
    7.5000  -22.5000    0.000013397.1846   13.2379
   -7.5000  -15.0000    0.000014917.8096   13.2075
    0.0000  -15.0000    0.000015573.0459   13.2392
    7.5000  -15.0000    0.000014690.7373   13.2554
   -7.5000   -7.5000    0.000016231.5654   13.2148
    0.0000   -7.5000    0.000016961.3477   13.2509
    7.5000   -7.5000    0.000015939.9043   13.2703
   -7.5000    0.0000    0.000017192.4336   13.2157
    0.0000    0.0000    0.000017936.9570   13.2476
    7.5000    0.0000    0.000016884.0195   13.2683
   -7.5000    7.5000    0.000016911.3516   13.2103
    0.0000    7.5000    0.000017564.5684   13.2313
    7.5000    7.5000    0.000016584.0293   13.2491
   -7.5000   15.0000    0.000016596.8301   13.2040
    0.0000   15.0000    0.000017229.6230   13.2194
    7.5000   15.0000    0.000016281.3301   13.2335
   -7.5000   22.5000    0.000016013.6973   13.1960
    0.0000   22.5000    0.000016690.8359   13.2178
    7.5000   22.5000    0.000015733.4482   13.2318
   -7.5000   30.0000    0.000015068.2832   13.0366
    0.0000   30.0000    0.000015725.6768   13.0678
    7.5000   30.0000    0.000014774.6865   13.0839
   -7.5000   37.5000    0.000014643.1387   13.0438
    0.0000   37.5000    0.000015286.7305   13.0794
    7.5000   37.5000    0.000014289.6113   13.0985
   -7.5000   45.0000    0.000013592.0918   12.7384
    0.0000   45.0000    0.000014193.8975   12.7691
    7.5000   45.0000    0.000013267.4785   12.7891
   -7.5000  -45.0000    7.5000 9793.0586   13.5057
    0.0000  -45.0000    7.500010194.0400   13.5350
    7.5000  -45.0000    7.5000 9701.2627   13.5570
   -7.5000  -37.5000    7.500010643.9600   13.2913
    0.0000  -37.5000    7.500011069.9287   13.3084
    7.5000  -37.5000    7.500010521.9697   13.3264
   -7.5000  -30.0000    7.500011926.6436   13.2000
    0.0000  -30.0000    7.500012412.5723   13.2100
    7.5000  -30.0000    7.500011776.2344   13.2244
   -7.5000  -22.5000    7.500013213.4355   13.2035
    0.0000  -22.5000    7.500013790.4756   13.2189
    7.5000  -22.5000    7.500013059.0762   13.2331
   -7.5000  -15.0000    7.500014536.6758   13.2142
    0.0000  -15.0000    7.500015199.1201   13.2394
    7.5000  -15.0000    7.500014351.1133   13.2556
   -7.5000   -7.5000    7.500015939.3936   13.2199
    0.0000   -7.5000    7.500016729.3594   13.2501
    7.5000   -7.5000    7.500015681.0449   13.2693
   -7.5000    0.0000    7.500017130.0664   13.2151
    0.0000    0.0000    7.500018010.1191   13.2423
    7.5000    0.0000    7.500016795.1973   13.2628
   -7.5000    7.5000    7.500016970.7539   13.2048
    0.0000    7.5000    7.500017697.8535   13.2216
    7.5000    7.5000    7.500016538.5938   13.2393
   -7.5000   15.0000    7.500016567.1973   13.1990
    0.0000   15.0000    7.500017212.6191   13.2090
    7.5000   15.0000    7.500016132.7080   13.2234
   -7.5000   22.5000    7.500015925.7402   13.1974
    0.0000   22.5000    7.500016600.0566   13.2128
    7.5000   22.5000    7.500015484.8135   13.2270
   -7.5000   30.0000    7.500014955.6191   13.0431
    0.0000   30.0000    7.500015613.1211   13.0680
    7.5000   30.0000    7.500014491.8623   13.0840
   -7.5000   37.5000    7.500014457.5977   13.0488
    0.0000   37.5000    7.500015107.1387   13.0787
    7.5000   37.5000    7.500013961.3535   13.0976
   -7.5000   45.0000    7.500013358.8086   12.7378
    0.0000   45.0000    7.500013952.9336   12.7641
    7.5000   45.0000    7.500012924.6514   12.7838
   -7.5000  -45.0000   15.0000 9468.1836   13.5194
    0.0000  -45.0000   15.0000 9861.1055   13.5407
    7.5000  -45.0000   15.0000 9392.1836   13.5583
   -7.5000  -37.5000   15.000010291.4121   13.3014
    0.0000  -37.5000   15.000010714.2080   13.3136
    7.5000  -37.5000   15.000010203.9570   13.3288
   -7.5000  -30.0000   15.000011514.5469   13.2034
    0.0000  -30.0000   15.000011986.0283   13.2090
    7.5000  -30.0000   15.000011417.2871   13.2229
   -7.5000  -22.5000   15.000012772.6436   13.2041
    0.0000  -22.5000   15.000013320.4756   13.2123
    7.5000  -22.5000   15.000012668.7314   13.2269
   -7.5000  -15.0000   15.000014055.5820   13.2178
    0.0000  -15.0000   15.000014697.6396   13.2327
    7.5000  -15.0000   15.000013927.6982   13.2481
   -7.5000   -7.5000   15.000015385.8994   13.2297
    0.0000   -7.5000   15.000016230.6211   13.2494
    7.5000   -7.5000   15.000015160.1748   13.2657
   -7.5000    0.0000   15.000016744.3320   13.2283
    0.0000    0.0000   15.000017852.9434   13.2477
    7.5000    0.0000   15.000016272.5508   13.2642
   -7.5000    7.5000   15.000016760.0391   13.2146
    0.0000    7.5000   15.000017770.3672   13.2267
    7.5000    7.5000   15.000016158.8760   13.2416
   -7.5000   15.0000   15.000016212.9014   13.2024
    0.0000   15.0000   15.000017082.3262   13.2080
    7.5000   15.0000   15.000015657.1445   13.2219
   -7.5000   22.5000   15.000015479.8389   13.1980
    0.0000   22.5000   15.000016304.5791   13.2062
    7.5000   22.5000   15.000014966.6064   13.2208
   -7.5000   30.0000   15.000014483.3760   13.0467
    0.0000   30.0000   15.000015228.1133   13.0615
    7.5000   30.0000   15.000014023.3760   13.0767
   -7.5000   37.5000   15.000013912.1738   13.0585
    0.0000   37.5000   15.000014588.8916   13.0780
    7.5000   37.5000   15.000013496.3184   13.0940
   -7.5000   45.0000   15.000012818.5332   12.7505
    0.0000   45.0000   15.000013407.5381   12.7693
    7.5000   45.0000   15.000012463.9766   12.7851
   -7.5000  -45.0000   22.5000 9016.3320   13.5361
    0.0000  -45.0000   22.5000 9434.0391   13.5538
    7.5000  -45.0000   22.5000 8961.8135   13.5669
   -7.5000  -37.5000   22.5000 9807.5156   13.3181
    0.0000  -37.5000   22.500010263.8496   13.3298
    7.5000  -37.5000   22.5000 9738.8398   13.3421
   -7.5000  -30.0000   22.500011004.9160   13.2113
    0.0000  -30.0000   22.500011537.8584   13.2182
    7.5000  -30.0000   22.500010918.1768   13.2316
   -7.5000  -22.5000   22.500012225.9053   13.2015
    0.0000  -22.5000   22.500012851.3789   13.2093
    7.5000  -22.5000   22.500012114.8584   13.2246
   -7.5000  -15.0000   22.500013421.4150   13.2135
    0.0000  -15.0000   22.500014118.0430   13.2248
    7.5000  -15.0000   22.500013284.2549   13.2397
   -7.5000   -7.5000   22.500014574.8438   13.2348
    0.0000   -7.5000   22.500015408.7754   13.2497
    7.5000   -7.5000   22.500014397.5879   13.2629
   -7.5000    0.0000   22.500015718.8301   13.2436
    0.0000    0.0000   22.500016679.1289   13.2597
    7.5000    0.0000   22.500015424.0059   13.2719
   -7.5000    7.5000   22.500015601.9033   13.2311
    0.0000    7.5000   22.500016447.3184   13.2427
    7.5000    7.5000   22.500015313.8818   13.2547
   -7.5000   15.0000   22.500015154.1367   13.2103
    0.0000   15.0000   22.500015908.0645   13.2172
    7.5000   15.0000   22.500014894.5088   13.2306
   -7.5000   22.5000   22.500014593.5586   13.1954
    0.0000   22.5000   22.500015346.1211   13.2032
    7.5000   22.5000   22.500014303.8281   13.2185
   -7.5000   30.0000   22.500013743.2686   13.0425
    0.0000   30.0000   22.500014421.2490   13.0536
    7.5000   30.0000   22.500013444.1104   13.0683
   -7.5000   37.5000   22.500013161.2207   13.0635
    0.0000   37.5000   22.500013790.9453   13.0782
    7.5000   37.5000   22.500012879.3135   13.0913
   -7.5000   45.0000   22.500012119.7031   12.7653
    0.0000   45.0000   22.500012681.9268   12.7808
    7.5000   45.0000   22.500011847.5967   12.7926
   -7.5000  -45.0000   30.0000 8384.8691   13.5437
    0.0000  -45.0000   30.0000 8839.5127   13.5649
    7.5000  -45.0000   30.0000 8333.7949   13.5772
   -7.5000  -37.5000   30.0000 9144.6719   13.3285
    0.0000  -37.5000   30.0000 9647.0186   13.3440
    7.5000  -37.5000   30.0000 9099.0781   13.3554
   -7.5000  -30.0000   30.000010272.6172   13.2195
    0.0000  -30.0000   30.000010831.1162   13.2316
    7.5000  -30.0000   30.000010195.5186   13.2446
   -7.5000  -22.5000   30.000011366.7158   13.2032
    0.0000  -22.5000   30.000011984.3809   13.2168
    7.5000  -22.5000   30.000011291.1318   13.2318
   -7.5000  -15.0000   30.000012423.0420   13.2114
    0.0000  -15.0000   30.000013055.5596   13.2278
    7.5000  -15.0000   30.000012362.3672   13.2423
   -7.5000   -7.5000   30.000013467.9180   13.2357
    0.0000   -7.5000   30.000014160.2432   13.2548
    7.5000   -7.5000   30.000013412.0781   13.2674
   -7.5000    0.0000   30.000014461.6475   13.2503
    0.0000    0.0000   30.000015208.8750   13.2698
    7.5000    0.0000   30.000014379.7012   13.2812
   -7.5000    7.5000   30.000014267.5459   13.2413
    0.0000    7.5000   30.000014940.8965   13.2566
    7.5000    7.5000   30.000014197.5010   13.2679
   -7.5000   15.0000   30.000013905.3408   13.2185
    0.0000   15.0000   30.000014509.0430   13.2305
    7.5000   15.0000   30.000013842.1182   13.2435
   -7.5000   22.5000   30.000013495.3398   13.1971
    0.0000   22.5000   30.000014128.3457   13.2107
    7.5000   22.5000   30.000013377.7500   13.2257
   -7.5000   30.0000   30.000012790.6768   13.0404
    0.0000   30.0000   30.000013382.0039   13.0566
    7.5000   30.0000   30.000012630.5557   13.0710
   -7.5000   37.5000   30.000012271.0459   13.0644
    0.0000   37.5000   30.000012811.2773   13.0832
    7.5000   37.5000   30.000012095.0586   13.0957
   -7.5000   45.0000   30.000011310.7100   12.7717
    0.0000   45.0000   30.000011824.0693   12.7906
    7.5000   45.0000   30.000011127.6104   12.8016
   -7.5000  -45.0000   37.5000 8038.0801   13.6744
    0.0000  -45.0000   37.5000 8463.3672   13.7041
    7.5000  -45.0000   37.5000 7994.1758   13.7216
   -7.5000  -37.5000   37.5000 8776.6172   13.4585
    0.0000  -37.5000   37.5000 9226.4893   13.4790
    7.5000  -37.5000   37.5000 8745.2500   13.4937
   -7.5000  -30.0000   37.5000 9829.7842   13.3555
    0.0000  -30.0000   37.500010317.8789   13.3718
    7.5000  -30.0000   37.5000 9790.5088   13.3853
   -7.5000  -22.5000   37.500010887.1592   13.3430
    0.0000  -22.5000   37.500011412.6357   13.3637
    7.5000  -22.5000   37.500010848.7920   13.3781
   -7.5000  -15.0000   37.500011888.8604   13.3481
    0.0000  -15.0000   37.500012446.1270   13.3749
    7.5000  -15.0000   37.500011857.4121   13.3904
   -7.5000   -7.5000   37.500012908.3174   13.3652
    0.0000   -7.5000   37.500013485.3193   13.3953
    7.5000   -7.5000   37.500012898.8672   13.4114
   -7.5000    0.0000   37.500013817.9902   13.3753
    0.0000    0.0000   37.500014430.9199   13.4032
    7.5000    0.0000   37.500013811.7646   13.4193
   -7.5000    7.5000   37.500013602.6123   13.3697
    0.0000    7.5000   37.500014170.4355   13.3899
    7.5000    7.5000   37.500013585.6182   13.4044
   -7.5000   15.0000   37.500013280.0146   13.3545
    0.0000   15.0000   37.500013823.6768   13.3707
    7.5000   15.0000   37.500013240.6777   13.3842
   -7.5000   22.5000   37.500012933.2910   13.3369
    0.0000   22.5000   37.500013460.1895   13.3575
    7.5000   22.5000   37.500012833.7295   13.3719
   -7.5000   30.0000   37.500012320.2100   13.1753
    0.0000   30.0000   37.500012820.6953   13.2018
    7.5000   30.0000   37.500012176.9951   13.2171
   -7.5000   37.5000   37.500011837.6533   13.1922
    0.0000   37.5000   37.500012329.0352   13.2219
    7.5000   37.5000   37.500011686.4619   13.2378
   -7.5000   45.0000   37.500010894.5557   12.8923
    0.0000   45.0000   37.500011377.1025   12.9191
    7.5000   45.0000   37.500010748.4219   12.9346
   -7.5000  -45.0000   45.0000 7395.3237   13.8781
    0.0000  -45.0000   45.0000 7742.7119   13.9135
    7.5000  -45.0000   45.0000 7357.4346   13.9370
   -7.5000  -37.5000   45.0000 8070.3042   13.6550
    0.0000  -37.5000   45.0000 8441.0020   13.6772
    7.5000  -37.5000   45.0000 8044.0908   13.6961
   -7.5000  -30.0000   45.0000 9024.5986   13.5577
    0.0000  -30.0000   45.0000 9446.9268   13.5740
    7.5000  -30.0000   45.0000 9001.1582   13.5889
   -7.5000  -22.5000   45.000010003.8594   13.5548
    0.0000  -22.5000   45.000010466.5225   13.5779
    7.5000  -22.5000   45.0000 9974.9092   13.5927
   -7.5000  -15.0000   45.000010942.4639   13.5607
    0.0000  -15.0000   45.000011432.1455   13.5940
    7.5000  -15.0000   45.000010913.7305   13.6112
   -7.5000   -7.5000   45.000011890.1074   13.5683
    0.0000   -7.5000   45.000012394.1855   13.6059
    7.5000   -7.5000   45.000011864.4756   13.6263
   -7.5000    0.0000   45.000012692.7939   13.5688
    0.0000    0.0000   45.000013200.2393   13.6019
    7.5000    0.0000   45.000012668.2520   13.6236
   -7.5000    7.5000   45.000012465.8516   13.5631
    0.0000    7.5000   45.000012976.1572   13.5850
    7.5000    7.5000   45.000012435.2568   13.6036
   -7.5000   15.0000   45.000012182.8721   13.5567
    0.0000   15.0000   45.000012674.2549   13.5729
    7.5000   15.0000   45.000012127.2676   13.5878
   -7.5000   22.5000   45.000011880.2559   13.5485
    0.0000   22.5000   45.000012358.4766   13.5716
    7.5000   22.5000   45.000011783.6289   13.5864
   -7.5000   30.0000   45.000011326.0957   13.3840
    0.0000   30.0000   45.000011792.0410   13.4169
    7.5000   30.0000   45.000011205.1299   13.4339
   -7.5000   37.5000   45.000010933.1943   13.3915
    0.0000   37.5000   45.000011381.2773   13.4287
    7.5000   37.5000   45.000010809.3662   13.4488
   -7.5000   45.0000   45.000010063.9834   13.0847
    0.0000   45.0000   45.000010491.5459   13.1166
    7.5000   45.0000   45.0000 9943.3936   13.1376

---------------------------------------------------------------------
imgreg_4dfp /opt/freesurfer/average/711-2C_as_mni_average_305 /opt/freesurfer/average/711-2B_as_mni_average_305_mask talsrcimg_g11 none talsrcimg_to_711-2C_as_mni_average_305_t4 4355
---------------------------------------------------------------------

freesurfer imgreg_4dfp.c
/opt/freesurfer/average/711-2C_as_mni_average_305.4dfp.img
       256       256       256         1
  1.000000  1.000000  1.000000
orientation T byte_order littleendian
Reading image: /opt/freesurfer/average/711-2C_as_mni_average_305.4dfp.img
dimensions:      256       256       256
mmppix:       1.0000   -1.0000   -1.0000
center:     128.0000 -129.0000 -129.0000
/opt/freesurfer/average/711-2B_as_mni_average_305_mask.4dfp.img
       256       256       256         1
  1.000000  1.000000  1.000000
orientation T byte_order littleendian
Reading mask: /opt/freesurfer/average/711-2B_as_mni_average_305_mask.4dfp.img (2306576 pixels)
talsrcimg_g11.4dfp.img
       256       256       256         1
  1.000000  1.000000  1.000000
orientation T byte_order littleendian
Reading image: talsrcimg_g11.4dfp.img
dimensions:      256       256       256
mmppix:       1.0000   -1.0000   -1.0000
center:     128.0000 -129.0000 -129.0000
rotation matrix determinant  1.000000
image alignment mode   4355 decimal     1103 hex
   -7.5000  -45.0000  -37.5000 2014.0769   16.7870
    0.0000  -45.0000  -37.5000 2015.6888   16.8417
    7.5000  -45.0000  -37.5000 2002.1963   16.8166
   -7.5000  -37.5000  -37.5000 2133.4858   15.0567
    0.0000  -37.5000  -37.5000 2135.0383   15.0957
    7.5000  -37.5000  -37.5000 2118.6250   15.0865
   -7.5000  -30.0000  -37.5000 2237.3955   13.6645
    0.0000  -30.0000  -37.5000 2240.4531   13.6968
    7.5000  -30.0000  -37.5000 2223.4893   13.6928
   -7.5000  -22.5000  -37.5000 2328.7034   12.6259
    0.0000  -22.5000  -37.5000 2334.2778   12.6472
    7.5000  -22.5000  -37.5000 2314.9592   12.6343
   -7.5000  -15.0000  -37.5000 2391.9998   11.9044
    0.0000  -15.0000  -37.5000 2401.7671   11.9140
    7.5000  -15.0000  -37.5000 2379.6880   11.9198
   -7.5000   -7.5000  -37.5000 2418.8450   11.4229
    0.0000   -7.5000  -37.5000 2428.4644   11.4164
    7.5000   -7.5000  -37.5000 2405.3748   11.4655
   -7.5000    0.0000  -37.5000 2430.3979   11.1931
    0.0000    0.0000  -37.5000 2439.1394   11.1753
    7.5000    0.0000  -37.5000 2412.0283   11.2385
   -7.5000    7.5000  -37.5000 2430.3870   11.1488
    0.0000    7.5000  -37.5000 2440.8784   11.1253
    7.5000    7.5000  -37.5000 2414.0859   11.2005
   -7.5000   15.0000  -37.5000 2421.9978   11.3286
    0.0000   15.0000  -37.5000 2431.2112   11.3100
    7.5000   15.0000  -37.5000 2405.5723   11.3957
   -7.5000   22.5000  -37.5000 2396.3225   11.6859
    0.0000   22.5000  -37.5000 2406.1562   11.6933
    7.5000   22.5000  -37.5000 2378.4963   11.7940
   -7.5000   30.0000  -37.5000 2349.6665   12.2664
    0.0000   30.0000  -37.5000 2364.9055   12.2757
    7.5000   30.0000  -37.5000 2332.4233   12.3701
   -7.5000   37.5000  -37.5000 2288.9746   13.0189
    0.0000   37.5000  -37.5000 2301.1240   13.0536
    7.5000   37.5000  -37.5000 2271.6809   13.1522
   -7.5000   45.0000  -37.5000 2209.7000   14.0268
    0.0000   45.0000  -37.5000 2216.0339   14.0459
    7.5000   45.0000  -37.5000 2189.9648   14.1627
   -7.5000  -45.0000  -30.0000 2112.9087   16.3024
    0.0000  -45.0000  -30.0000 2115.9033   16.3354
    7.5000  -45.0000  -30.0000 2098.6538   16.3022
   -7.5000  -37.5000  -30.0000 2242.2261   14.6172
    0.0000  -37.5000  -30.0000 2245.9053   14.6487
    7.5000  -37.5000  -30.0000 2225.7456   14.6220
   -7.5000  -30.0000  -30.0000 2362.2046   13.2735
    0.0000  -30.0000  -30.0000 2366.2688   13.2811
    7.5000  -30.0000  -30.0000 2341.6580   13.2722
   -7.5000  -22.5000  -30.0000 2463.3845   12.2065
    0.0000  -22.5000  -30.0000 2468.5549   12.1910
    7.5000  -22.5000  -30.0000 2445.1240   12.1963
   -7.5000  -15.0000  -30.0000 2536.1758   11.4425
    0.0000  -15.0000  -30.0000 2543.5486   11.4098
    7.5000  -15.0000  -30.0000 2517.1912   11.4390
   -7.5000   -7.5000  -30.0000 2569.0564   10.9642
    0.0000   -7.5000  -30.0000 2576.2776   10.9245
    7.5000   -7.5000  -30.0000 2549.8044   10.9663
   -7.5000    0.0000  -30.0000 2584.5417   10.6906
    0.0000    0.0000  -30.0000 2587.1096   10.6446
    7.5000    0.0000  -30.0000 2561.8220   10.7162
   -7.5000    7.5000  -30.0000 2588.9167   10.6089
    0.0000    7.5000  -30.0000 2591.7727   10.5607
    7.5000    7.5000  -30.0000 2567.4521   10.6440
   -7.5000   15.0000  -30.0000 2578.9270   10.7866
    0.0000   15.0000  -30.0000 2584.7593   10.7401
    7.5000   15.0000  -30.0000 2558.2134   10.8387
   -7.5000   22.5000  -30.0000 2547.5552   11.1048
    0.0000   22.5000  -30.0000 2558.3286   11.0874
    7.5000   22.5000  -30.0000 2530.7346   11.1964
   -7.5000   30.0000  -30.0000 2502.2830   11.6320
    0.0000   30.0000  -30.0000 2521.2583   11.6294
    7.5000   30.0000  -30.0000 2484.7002   11.7346
   -7.5000   37.5000  -30.0000 2434.5747   12.3427
    0.0000   37.5000  -30.0000 2450.7136   12.3605
    7.5000   37.5000  -30.0000 2418.5222   12.4803
   -7.5000   45.0000  -30.0000 2348.5254   13.2926
    0.0000   45.0000  -30.0000 2364.2874   13.3130
    7.5000   45.0000  -30.0000 2330.7266   13.4427
   -7.5000  -45.0000  -22.5000 2186.6826   15.7183
    0.0000  -45.0000  -22.5000 2191.5525   15.7527
    7.5000  -45.0000  -22.5000 2171.6282   15.7406
   -7.5000  -37.5000  -22.5000 2325.7566   14.0940
    0.0000  -37.5000  -22.5000 2331.6677   14.1022
    7.5000  -37.5000  -22.5000 2310.1633   14.1075
   -7.5000  -30.0000  -22.5000 2453.9189   12.7636
    0.0000  -30.0000  -22.5000 2461.2883   12.7373
    7.5000  -30.0000  -22.5000 2433.3823   12.7683
   -7.5000  -22.5000  -22.5000 2562.5513   11.6998
    0.0000  -22.5000  -22.5000 2571.1394   11.6627
    7.5000  -22.5000  -22.5000 2547.5586   11.6957
   -7.5000  -15.0000  -22.5000 2635.3501   10.9078
    0.0000  -15.0000  -22.5000 2645.0820   10.8448
    7.5000  -15.0000  -22.5000 2622.3867   10.8969
   -7.5000   -7.5000  -22.5000 2676.1614   10.3918
    0.0000   -7.5000  -22.5000 2682.6997   10.3249
    7.5000   -7.5000  -22.5000 2660.9673   10.3799
   -7.5000    0.0000  -22.5000 2699.9900   10.0865
    0.0000    0.0000  -22.5000 2705.6775   10.0295
    7.5000    0.0000  -22.5000 2682.1826   10.1106
   -7.5000    7.5000  -22.5000 2715.9172    9.9632
    0.0000    7.5000  -22.5000 2722.4438    9.9199
    7.5000    7.5000  -22.5000 2696.4148   10.0121
   -7.5000   15.0000  -22.5000 2708.1912   10.1517
    0.0000   15.0000  -22.5000 2718.3364   10.0884
    7.5000   15.0000  -22.5000 2687.9331   10.1931
   -7.5000   22.5000  -22.5000 2680.1279   10.4552
    0.0000   22.5000  -22.5000 2695.8108   10.4135
    7.5000   22.5000  -22.5000 2664.7654   10.5231
   -7.5000   30.0000  -22.5000 2631.0007   10.9447
    0.0000   30.0000  -22.5000 2650.8105   10.9007
    7.5000   30.0000  -22.5000 2618.0461   11.0451
   -7.5000   37.5000  -22.5000 2559.2546   11.6299
    0.0000   37.5000  -22.5000 2577.9622   11.6018
    7.5000   37.5000  -22.5000 2548.7993   11.7416
   -7.5000   45.0000  -22.5000 2464.7837   12.5317
    0.0000   45.0000  -22.5000 2483.7935   12.5139
    7.5000   45.0000  -22.5000 2454.7808   12.6715
   -7.5000  -45.0000  -15.0000 2231.0762   15.2101
    0.0000  -45.0000  -15.0000 2239.0779   15.1966
    7.5000  -45.0000  -15.0000 2216.9302   15.2444
   -7.5000  -37.5000  -15.0000 2377.0498   13.5862
    0.0000  -37.5000  -15.0000 2384.3098   13.5608
    7.5000  -37.5000  -15.0000 2361.7095   13.5987
   -7.5000  -30.0000  -15.0000 2510.2144   12.2586
    0.0000  -30.0000  -15.0000 2517.9268   12.2053
    7.5000  -30.0000  -15.0000 2493.0435   12.2698
   -7.5000  -22.5000  -15.0000 2618.9810   11.1938
    0.0000  -22.5000  -15.0000 2629.7844   11.1307
    7.5000  -22.5000  -15.0000 2608.1379   11.2107
   -7.5000  -15.0000  -15.0000 2695.5925   10.3812
    0.0000  -15.0000  -15.0000 2706.7898   10.3167
    7.5000  -15.0000  -15.0000 2684.5486   10.3884
   -7.5000   -7.5000  -15.0000 2753.4802    9.8332
    0.0000   -7.5000  -15.0000 2759.2532    9.7674
    7.5000   -7.5000  -15.0000 2739.8584    9.8325
   -7.5000    0.0000  -15.0000 2786.5164    9.4786
    0.0000    0.0000  -15.0000 2795.3259    9.4209
    7.5000    0.0000  -15.0000 2772.3599    9.5028
   -7.5000    7.5000  -15.0000 2811.6223    9.3371
    0.0000    7.5000  -15.0000 2821.2412    9.2792
    7.5000    7.5000  -15.0000 2791.7178    9.3780
   -7.5000   15.0000  -15.0000 2805.3613    9.5230
    0.0000   15.0000  -15.0000 2820.0693    9.4579
    7.5000   15.0000  -15.0000 2791.5908    9.5582
   -7.5000   22.5000  -15.0000 2785.5891    9.8230
    0.0000   22.5000  -15.0000 2801.4956    9.7650
    7.5000   22.5000  -15.0000 2774.1758    9.8786
   -7.5000   30.0000  -15.0000 2736.2795   10.2926
    0.0000   30.0000  -15.0000 2754.8953   10.2127
    7.5000   30.0000  -15.0000 2724.6482   10.3724
   -7.5000   37.5000  -15.0000 2658.9148   10.9436
    0.0000   37.5000  -15.0000 2677.5273   10.8776
    7.5000   37.5000  -15.0000 2650.1650   11.0494
   -7.5000   45.0000  -15.0000 2554.5828   11.8429
    0.0000   45.0000  -15.0000 2574.6528   11.7929
    7.5000   45.0000  -15.0000 2549.8945   11.9519
   -7.5000  -45.0000   -7.5000 2256.9795   14.7598
    0.0000  -45.0000   -7.5000 2261.8306   14.7152
    7.5000  -45.0000   -7.5000 2242.1780   14.8281
   -7.5000  -37.5000   -7.5000 2403.6890   13.1296
    0.0000  -37.5000   -7.5000 2409.1023   13.0675
    7.5000  -37.5000   -7.5000 2387.5300   13.1706
   -7.5000  -30.0000   -7.5000 2532.1836   11.7988
    0.0000  -30.0000   -7.5000 2542.2117   11.7366
    7.5000  -30.0000   -7.5000 2518.6716   11.8138
   -7.5000  -22.5000   -7.5000 2641.6157   10.7593
    0.0000  -22.5000   -7.5000 2654.8105   10.6914
    7.5000  -22.5000   -7.5000 2633.3032   10.7763
   -7.5000  -15.0000   -7.5000 2730.1345    9.9452
    0.0000  -15.0000   -7.5000 2743.6296    9.9025
    7.5000  -15.0000   -7.5000 2719.9470    9.9742
   -7.5000   -7.5000   -7.5000 2806.2537    9.3480
    0.0000   -7.5000   -7.5000 2818.3994    9.3004
    7.5000   -7.5000   -7.5000 2791.2402    9.3781
   -7.5000    0.0000   -7.5000 2843.5403    8.9432
    0.0000    0.0000   -7.5000 2861.2097    8.8800
    7.5000    0.0000   -7.5000 2838.6609    8.9902
   -7.5000    7.5000   -7.5000 2881.3376    8.7729
    0.0000    7.5000   -7.5000 2891.8530    8.6990
    7.5000    7.5000   -7.5000 2869.4402    8.8395
   -7.5000   15.0000   -7.5000 2884.8035    8.9501
    0.0000   15.0000   -7.5000 2898.7407    8.8701
    7.5000   15.0000   -7.5000 2874.6428    9.0085
   -7.5000   22.5000   -7.5000 2864.7974    9.2737
    0.0000   22.5000   -7.5000 2882.1282    9.1893
    7.5000   22.5000   -7.5000 2861.0952    9.3346
   -7.5000   30.0000   -7.5000 2812.9822    9.7294
    0.0000   30.0000   -7.5000 2831.8901    9.6380
    7.5000   30.0000   -7.5000 2806.8599    9.8251
   -7.5000   37.5000   -7.5000 2735.1755   10.3543
    0.0000   37.5000   -7.5000 2752.5276   10.2877
    7.5000   37.5000   -7.5000 2724.4780   10.4804
   -7.5000   45.0000   -7.5000 2629.6672   11.2378
    0.0000   45.0000   -7.5000 2646.2383   11.1688
    7.5000   45.0000   -7.5000 2616.9399   11.3669
   -7.5000  -45.0000    0.0000 2263.6978   14.5072
    0.0000  -45.0000    0.0000 2270.8879   14.4207
    7.5000  -45.0000    0.0000 2252.2632   14.6094
   -7.5000  -37.5000    0.0000 2409.9407   12.8693
    0.0000  -37.5000    0.0000 2418.3560   12.7456
    7.5000  -37.5000    0.0000 2399.0029   12.9082
   -7.5000  -30.0000    0.0000 2533.1611   11.5358
    0.0000  -30.0000    0.0000 2543.0764   11.4339
    7.5000  -30.0000    0.0000 2526.6309   11.5581
   -7.5000  -22.5000    0.0000 2642.8840   10.5133
    0.0000  -22.5000    0.0000 2652.0212   10.4188
    7.5000  -22.5000    0.0000 2636.0442   10.5238
   -7.5000  -15.0000    0.0000 2740.5693    9.7076
    0.0000  -15.0000    0.0000 2749.7332    9.6237
    7.5000  -15.0000    0.0000 2730.2705    9.7180
   -7.5000   -7.5000    0.0000 2831.8928    9.0687
    0.0000   -7.5000    0.0000 2843.2397    9.0115
    7.5000   -7.5000    0.0000 2818.7747    9.0929
   -7.5000    0.0000    0.0000 2886.5830    8.6298
    0.0000    0.0000    0.0000 2897.8943    8.5291
    7.5000    0.0000    0.0000 2878.9365    8.6660
   -7.5000    7.5000    0.0000 2937.0752    8.4358
    0.0000    7.5000    0.0000 2946.0020    8.3135
    7.5000    7.5000    0.0000 2924.3362    8.5042
   -7.5000   15.0000    0.0000 2949.7317    8.5482
    0.0000   15.0000    0.0000 2958.1709    8.4355
    7.5000   15.0000    0.0000 2934.6519    8.6380
   -7.5000   22.5000    0.0000 2928.4260    8.8890
    0.0000   22.5000    0.0000 2943.3494    8.7674
    7.5000   22.5000    0.0000 2921.1309    8.9664
   -7.5000   30.0000    0.0000 2878.0273    9.3361
    0.0000   30.0000    0.0000 2892.8193    9.2353
    7.5000   30.0000    0.0000 2866.4800    9.4410
   -7.5000   37.5000    0.0000 2796.7249    9.9802
    0.0000   37.5000    0.0000 2811.1599    9.8977
    7.5000   37.5000    0.0000 2778.6592   10.0988
   -7.5000   45.0000    0.0000 2688.3557   10.8784
    0.0000   45.0000    0.0000 2698.5789   10.7878
    7.5000   45.0000    0.0000 2667.5427   10.9749
   -7.5000  -45.0000    7.5000 2256.2698   14.4837
    0.0000  -45.0000    7.5000 2264.6550   14.3080
    7.5000  -45.0000    7.5000 2250.2168   14.5329
   -7.5000  -37.5000    7.5000 2398.0232   12.7721
    0.0000  -37.5000    7.5000 2408.5425   12.6427
    7.5000  -37.5000    7.5000 2393.4458   12.8191
   -7.5000  -30.0000    7.5000 2521.9414   11.4354
    0.0000  -30.0000    7.5000 2528.9771   11.3225
    7.5000  -30.0000    7.5000 2517.3970   11.4728
   -7.5000  -22.5000    7.5000 2627.3181   10.3956
    0.0000  -22.5000    7.5000 2636.8108   10.3108
    7.5000  -22.5000    7.5000 2623.5391   10.4526
   -7.5000  -15.0000    7.5000 2728.3623    9.5743
    0.0000  -15.0000    7.5000 2737.4568    9.4940
    7.5000  -15.0000    7.5000 2724.6331    9.6295
   -7.5000   -7.5000    7.5000 2830.8169    8.9716
    0.0000   -7.5000    7.5000 2842.7896    8.8894
    7.5000   -7.5000    7.5000 2825.9177    9.0084
   -7.5000    0.0000    7.5000 2917.5107    8.5735
    0.0000    0.0000    7.5000 2932.2144    8.4976
    7.5000    0.0000    7.5000 2913.2688    8.5915
   -7.5000    7.5000    7.5000 2985.9595    8.3723
    0.0000    7.5000    7.5000 2996.9722    8.2733
    7.5000    7.5000    7.5000 2969.2090    8.4107
   -7.5000   15.0000    7.5000 3005.1816    8.3796
    0.0000   15.0000    7.5000 3019.6155    8.2640
    7.5000   15.0000    7.5000 2980.2480    8.4464
   -7.5000   22.5000    7.5000 2975.8843    8.6800
    0.0000   22.5000    7.5000 2998.6587    8.5744
    7.5000   22.5000    7.5000 2957.8962    8.7176
   -7.5000   30.0000    7.5000 2922.2925    9.1059
    0.0000   30.0000    7.5000 2937.9829    9.0229
    7.5000   30.0000    7.5000 2903.1409    9.1705
   -7.5000   37.5000    7.5000 2836.8418    9.7726
    0.0000   37.5000    7.5000 2855.5684    9.6919
    7.5000   37.5000    7.5000 2817.1909    9.8309
   -7.5000   45.0000    7.5000 2717.7029   10.6792
    0.0000   45.0000    7.5000 2733.1877   10.6089
    7.5000   45.0000    7.5000 2697.1809   10.7399
   -7.5000  -45.0000   15.0000 2239.0049   14.6836
    0.0000  -45.0000   15.0000 2251.6274   14.4919
    7.5000  -45.0000   15.0000 2232.4141   14.7624
   -7.5000  -37.5000   15.0000 2378.2678   12.8970
    0.0000  -37.5000   15.0000 2389.4587   12.7244
    7.5000  -37.5000   15.0000 2373.9189   12.9902
   -7.5000  -30.0000   15.0000 2498.6382   11.5149
    0.0000  -30.0000   15.0000 2501.7805   11.3569
    7.5000  -30.0000   15.0000 2498.2612   11.6206
   -7.5000  -22.5000   15.0000 2608.4412   10.4810
    0.0000  -22.5000   15.0000 2610.9546   10.3612
    7.5000  -22.5000   15.0000 2610.6968   10.5774
   -7.5000  -15.0000   15.0000 2719.9226    9.6518
    0.0000  -15.0000   15.0000 2721.6575    9.5763
    7.5000  -15.0000   15.0000 2719.5491    9.7347
   -7.5000   -7.5000   15.0000 2826.7773    9.0291
    0.0000   -7.5000   15.0000 2837.6553    8.9817
    7.5000   -7.5000   15.0000 2820.7153    9.0883
   -7.5000    0.0000   15.0000 2926.9102    8.6455
    0.0000    0.0000   15.0000 2947.0203    8.6322
    7.5000    0.0000   15.0000 2910.7510    8.6554
   -7.5000    7.5000   15.0000 3010.5784    8.4878
    0.0000    7.5000   15.0000 3040.1116    8.4883
    7.5000    7.5000   15.0000 2979.2988    8.4705
   -7.5000   15.0000   15.0000 3034.6321    8.4003
    0.0000   15.0000   15.0000 3066.2747    8.3606
    7.5000   15.0000   15.0000 2996.4641    8.4290
   -7.5000   22.5000   15.0000 3001.7002    8.5813
    0.0000   22.5000   15.0000 3033.9905    8.5152
    7.5000   22.5000   15.0000 2973.8765    8.6363
   -7.5000   30.0000   15.0000 2932.2654    9.0152
    0.0000   30.0000   15.0000 2957.7490    8.9525
    7.5000   30.0000   15.0000 2914.2986    9.0790
   -7.5000   37.5000   15.0000 2843.8042    9.6923
    0.0000   37.5000   15.0000 2860.8796    9.6306
    7.5000   37.5000   15.0000 2829.5437    9.7482
   -7.5000   45.0000   15.0000 2725.0908   10.5921
    0.0000   45.0000   15.0000 2738.9893   10.5336
    7.5000   45.0000   15.0000 2711.6431   10.6520
   -7.5000  -45.0000   22.5000 2214.2417   15.0490
    0.0000  -45.0000   22.5000 2225.3911   14.9205
    7.5000  -45.0000   22.5000 2208.9148   15.2066
   -7.5000  -37.5000   22.5000 2356.0935   13.1893
    0.0000  -37.5000   22.5000 2365.2852   13.0752
    7.5000  -37.5000   22.5000 2349.8074   13.3452
   -7.5000  -30.0000   22.5000 2474.9800   11.8132
    0.0000  -30.0000   22.5000 2484.7627   11.7374
    7.5000  -30.0000   22.5000 2471.8259   11.9668
   -7.5000  -22.5000   22.5000 2588.6484   10.7602
    0.0000  -22.5000   22.5000 2599.1946   10.7112
    7.5000  -22.5000   22.5000 2585.8767   10.9024
   -7.5000  -15.0000   22.5000 2702.2944    9.9038
    0.0000  -15.0000   22.5000 2712.3940    9.8852
    7.5000  -15.0000   22.5000 2696.3762   10.0323
   -7.5000   -7.5000   22.5000 2808.1389    9.2251
    0.0000   -7.5000   22.5000 2821.0088    9.2182
    7.5000   -7.5000   22.5000 2793.9648    9.3338
   -7.5000    0.0000   22.5000 2907.8857    8.8153
    0.0000    0.0000   22.5000 2925.4749    8.8227
    7.5000    0.0000   22.5000 2889.6912    8.8819
   -7.5000    7.5000   22.5000 2994.8538    8.6149
    0.0000    7.5000   22.5000 3025.7698    8.5801
    7.5000    7.5000   22.5000 2966.1821    8.6662
   -7.5000   15.0000   22.5000 3027.1350    8.4954
    0.0000   15.0000   22.5000 3050.3252    8.3971
    7.5000   15.0000   22.5000 2991.0879    8.5952
   -7.5000   22.5000   22.5000 2991.2419    8.7039
    0.0000   22.5000   22.5000 3018.9116    8.6199
    7.5000   22.5000   22.5000 2963.0225    8.7893
   -7.5000   30.0000   22.5000 2922.0894    9.1831
    0.0000   30.0000   22.5000 2944.0791    9.1187
    7.5000   30.0000   22.5000 2900.7166    9.2496
   -7.5000   37.5000   22.5000 2826.9277    9.8510
    0.0000   37.5000   22.5000 2841.0662    9.7747
    7.5000   37.5000   22.5000 2809.4673    9.8991
   -7.5000   45.0000   22.5000 2705.9094   10.7130
    0.0000   45.0000   22.5000 2718.3733   10.6435
    7.5000   45.0000   22.5000 2693.0491   10.7589
   -7.5000  -45.0000   30.0000 2181.0242   15.6834
    0.0000  -45.0000   30.0000 2196.1326   15.6859
    7.5000  -45.0000   30.0000 2170.9531   15.9133
   -7.5000  -37.5000   30.0000 2323.2605   13.7308
    0.0000  -37.5000   30.0000 2342.1938   13.7280
    7.5000  -37.5000   30.0000 2318.9453   13.9570
   -7.5000  -30.0000   30.0000 2447.6255   12.2883
    0.0000  -30.0000   30.0000 2461.3130   12.2653
    7.5000  -30.0000   30.0000 2440.1650   12.4979
   -7.5000  -22.5000   30.0000 2558.9250   11.1526
    0.0000  -22.5000   30.0000 2575.2368   11.1212
    7.5000  -22.5000   30.0000 2553.5005   11.3452
   -7.5000  -15.0000   30.0000 2670.4546   10.2537
    0.0000  -15.0000   30.0000 2683.0471   10.2099
    7.5000  -15.0000   30.0000 2665.5259   10.4282
   -7.5000   -7.5000   30.0000 2775.9795    9.5536
    0.0000   -7.5000   30.0000 2788.1052    9.5055
    7.5000   -7.5000   30.0000 2767.3098    9.7160
   -7.5000    0.0000   30.0000 2873.1775    9.1279
    0.0000    0.0000   30.0000 2889.2878    9.0885
    7.5000    0.0000   30.0000 2859.9663    9.2648
   -7.5000    7.5000   30.0000 2951.6628    8.8774
    0.0000    7.5000   30.0000 2971.9224    8.8009
    7.5000    7.5000   30.0000 2927.3984    9.0026
   -7.5000   15.0000   30.0000 2977.4006    8.7754
    0.0000   15.0000   30.0000 2992.2217    8.6792
    7.5000   15.0000   30.0000 2955.3877    8.9160
   -7.5000   22.5000   30.0000 2947.2056    9.0254
    0.0000   22.5000   30.0000 2973.1201    8.9454
    7.5000   22.5000   30.0000 2925.7554    9.1258
   -7.5000   30.0000   30.0000 2884.2720    9.5069
    0.0000   30.0000   30.0000 2904.3091    9.4228
    7.5000   30.0000   30.0000 2862.1882    9.5738
   -7.5000   37.5000   30.0000 2785.5237   10.1729
    0.0000   37.5000   30.0000 2798.6174   10.0954
    7.5000   37.5000   30.0000 2770.0405   10.2374
   -7.5000   45.0000   30.0000 2667.7214   11.0077
    0.0000   45.0000   30.0000 2681.4968   10.9398
    7.5000   45.0000   30.0000 2656.1936   11.0768
   -7.5000  -45.0000   37.5000 2131.7458   16.4184
    0.0000  -45.0000   37.5000 2153.6602   16.4335
    7.5000  -45.0000   37.5000 2129.9326   16.7138
   -7.5000  -37.5000   37.5000 2281.3550   14.3837
    0.0000  -37.5000   37.5000 2297.8054   14.3620
    7.5000  -37.5000   37.5000 2282.0959   14.6752
   -7.5000  -30.0000   37.5000 2403.0156   12.8361
    0.0000  -30.0000   37.5000 2419.3782   12.7888
    7.5000  -30.0000   37.5000 2401.2451   13.0879
   -7.5000  -22.5000   37.5000 2519.6208   11.6374
    0.0000  -22.5000   37.5000 2536.0354   11.5751
    7.5000  -22.5000   37.5000 2515.0469   11.8798
   -7.5000  -15.0000   37.5000 2628.8918   10.6953
    0.0000  -15.0000   37.5000 2641.1753   10.6208
    7.5000  -15.0000   37.5000 2623.1792   10.9288
   -7.5000   -7.5000   37.5000 2735.1592    9.9868
    0.0000   -7.5000   37.5000 2748.5444    9.9052
    7.5000   -7.5000   37.5000 2730.1687   10.1964
   -7.5000    0.0000   37.5000 2822.1284    9.5456
    0.0000    0.0000   37.5000 2837.6575    9.4682
    7.5000    0.0000   37.5000 2814.6072    9.7267
   -7.5000    7.5000   37.5000 2885.9187    9.2445
    0.0000    7.5000   37.5000 2900.8362    9.1708
    7.5000    7.5000   37.5000 2869.1528    9.4279
   -7.5000   15.0000   37.5000 2911.9426    9.1872
    0.0000   15.0000   37.5000 2921.9695    9.1102
    7.5000   15.0000   37.5000 2897.1926    9.3279
   -7.5000   22.5000   37.5000 2881.6367    9.4578
    0.0000   22.5000   37.5000 2898.6462    9.3823
    7.5000   22.5000   37.5000 2865.4521    9.5567
   -7.5000   30.0000   37.5000 2822.5466    9.9377
    0.0000   30.0000   37.5000 2839.0952    9.8575
    7.5000   30.0000   37.5000 2802.9531   10.0190
   -7.5000   37.5000   37.5000 2725.7668   10.6002
    0.0000   37.5000   37.5000 2739.2051   10.5293
    7.5000   37.5000   37.5000 2711.7251   10.6835
   -7.5000   45.0000   37.5000 2612.7068   11.4350
    0.0000   45.0000   37.5000 2628.3921   11.3947
    7.5000   45.0000   37.5000 2601.9951   11.5341
   -7.5000  -45.0000   45.0000 2081.1089   17.2091
    0.0000  -45.0000   45.0000 2099.5391   17.1792
    7.5000  -45.0000   45.0000 2082.4490   17.5567
   -7.5000  -37.5000   45.0000 2231.5835   15.0990
    0.0000  -37.5000   45.0000 2250.6299   15.0204
    7.5000  -37.5000   45.0000 2237.4492   15.4162
   -7.5000  -30.0000   45.0000 2352.6313   13.4702
    0.0000  -30.0000   45.0000 2374.8755   13.3831
    7.5000  -30.0000   45.0000 2356.9353   13.7583
   -7.5000  -22.5000   45.0000 2469.8857   12.2281
    0.0000  -22.5000   45.0000 2488.4260   12.1265
    7.5000  -22.5000   45.0000 2467.9133   12.4984
   -7.5000  -15.0000   45.0000 2575.1067   11.2583
    0.0000  -15.0000   45.0000 2591.7007   11.1600
    7.5000  -15.0000   45.0000 2570.7451   11.5103
   -7.5000   -7.5000   45.0000 2678.4031   10.5431
    0.0000   -7.5000   45.0000 2693.1660   10.4519
    7.5000   -7.5000   45.0000 2671.0854   10.7662
   -7.5000    0.0000   45.0000 2757.0996   10.0564
    0.0000    0.0000   45.0000 2770.5967    9.9626
    7.5000    0.0000   45.0000 2746.8616   10.2704
   -7.5000    7.5000   45.0000 2810.7485    9.7561
    0.0000    7.5000   45.0000 2824.1499    9.6900
    7.5000    7.5000   45.0000 2795.5664    9.9402
   -7.5000   15.0000   45.0000 2826.8306    9.7416
    0.0000   15.0000   45.0000 2837.9470    9.6673
    7.5000   15.0000   45.0000 2814.7139    9.8723
   -7.5000   22.5000   45.0000 2794.6235   10.0056
    0.0000   22.5000   45.0000 2811.5596    9.9308
    7.5000   22.5000   45.0000 2782.5566   10.1020
   -7.5000   30.0000   45.0000 2737.7600   10.4529
    0.0000   30.0000   45.0000 2756.8276   10.3715
    7.5000   30.0000   45.0000 2723.9939   10.5492
   -7.5000   37.5000   45.0000 2651.2712   11.1138
    0.0000   37.5000   45.0000 2665.5471   11.0315
    7.5000   37.5000   45.0000 2639.0525   11.2161
   -7.5000   45.0000   45.0000 2543.7969   11.9545
    0.0000   45.0000   45.0000 2557.4392   11.9380
    7.5000   45.0000   45.0000 2533.4600   12.0704
   -7.5000  -45.0000   52.5000 2026.8834   18.1149
    0.0000  -45.0000   52.5000 2045.4865   18.1089
    7.5000  -45.0000   52.5000 2027.0021   18.4980
   -7.5000  -37.5000   52.5000 2180.6799   15.9205
    0.0000  -37.5000   52.5000 2200.7639   15.8601
    7.5000  -37.5000   52.5000 2182.2444   16.2317
   -7.5000  -30.0000   52.5000 2304.7349   14.2126
    0.0000  -30.0000   52.5000 2329.5054   14.1339
    7.5000  -30.0000   52.5000 2306.8853   14.4848
   -7.5000  -22.5000   52.5000 2418.6133   12.9196
    0.0000  -22.5000   52.5000 2438.8318   12.8408
    7.5000  -22.5000   52.5000 2414.4170   13.1899
   -7.5000  -15.0000   52.5000 2515.2471   11.9513
    0.0000  -15.0000   52.5000 2533.9675   11.8681
    7.5000  -15.0000   52.5000 2512.2280   12.2184
   -7.5000   -7.5000   52.5000 2609.4504   11.2228
    0.0000   -7.5000   52.5000 2626.3484   11.1504
    7.5000   -7.5000   52.5000 2602.2524   11.4463
   -7.5000    0.0000   52.5000 2676.6829   10.7005
    0.0000    0.0000   52.5000 2693.0066   10.6144
    7.5000    0.0000   52.5000 2666.9746   10.9114
   -7.5000    7.5000   52.5000 2724.6838   10.3955
    0.0000    7.5000   52.5000 2736.8022   10.3586
    7.5000    7.5000   52.5000 2711.3850   10.5710
   -7.5000   15.0000   52.5000 2731.0134   10.4172
    0.0000   15.0000   52.5000 2745.1809   10.3517
    7.5000   15.0000   52.5000 2718.3906   10.5377
   -7.5000   22.5000   52.5000 2701.0100   10.6452
    0.0000   22.5000   52.5000 2718.7180   10.5935
    7.5000   22.5000   52.5000 2693.4619   10.7516
   -7.5000   30.0000   52.5000 2645.3330   11.0878
    0.0000   30.0000   52.5000 2665.0085   11.0202
    7.5000   30.0000   52.5000 2636.6069   11.1966
   -7.5000   37.5000   52.5000 2575.4165   11.7048
    0.0000   37.5000   52.5000 2590.4031   11.6420
    7.5000   37.5000   52.5000 2559.4919   11.8186
   -7.5000   45.0000   52.5000 2467.8889   12.5825
    0.0000   45.0000   52.5000 2482.2319   12.5498
    7.5000   45.0000   52.5000 2455.6570   12.6809

---------------------------------------------------------------------
imgreg_4dfp /opt/freesurfer/average/711-2C_as_mni_average_305 /opt/freesurfer/average/711-2B_as_mni_average_305_mask talsrcimg_g11 none talsrcimg_to_711-2C_as_mni_average_305_t4 1283
---------------------------------------------------------------------

freesurfer imgreg_4dfp.c
/opt/freesurfer/average/711-2C_as_mni_average_305.4dfp.img
       256       256       256         1
  1.000000  1.000000  1.000000
orientation T byte_order littleendian
Reading image: /opt/freesurfer/average/711-2C_as_mni_average_305.4dfp.img
dimensions:      256       256       256
mmppix:       1.0000   -1.0000   -1.0000
center:     128.0000 -129.0000 -129.0000
/opt/freesurfer/average/711-2B_as_mni_average_305_mask.4dfp.img
       256       256       256         1
  1.000000  1.000000  1.000000
orientation T byte_order littleendian
Reading mask: /opt/freesurfer/average/711-2B_as_mni_average_305_mask.4dfp.img (2306576 pixels)
talsrcimg_g11.4dfp.img
       256       256       256         1
  1.000000  1.000000  1.000000
orientation T byte_order littleendian
Reading image: talsrcimg_g11.4dfp.img
dimensions:      256       256       256
mmppix:       1.0000   -1.0000   -1.0000
center:     128.0000 -129.0000 -129.0000
rotation matrix determinant  1.000000
fimgreg.f
image alignment mode   1283 decimal      503 hex
parameters
    0.0000   15.0000   15.0000    0.0000    0.0000    0.0000
eta,q 0.96195  8.41749
niter,ni,del,rscale     5    3   12.0000    1.2000
parameter  2  0.554485 ->  0.500000 qaram    1.1500
parameters
   -1.5596   11.5500   16.3504   -0.9897   -1.1940   -0.5028
eta,q 0.96438  8.40615
  0.0471  0.0389  0.0487  0.0389  0.0402  0.0391
  0.0413  0.0367  0.0427  0.0361  0.0370  0.0372
  0.0392  0.0365  0.0384  0.0359  0.0355  0.0360
  0.0409  0.0390  0.0361  0.0361  0.0360  0.0356
  0.0450  0.0417  0.0366  0.0369  0.0380  0.0361
  0.0505  0.0439  0.0381  0.0386  0.0408  0.0380
  0.0571  0.0472  0.0407  0.0409  0.0449  0.0408
niter,ni,del,rscale     5    3   12.0000    1.2000
parameters
   -1.1567   13.0274   16.0984   -2.9587   -1.3201   -0.7997
eta,q 0.96555  8.39252
  0.0507  0.0536  0.0426  0.0366  0.0416  0.0382
  0.0444  0.0428  0.0382  0.0348  0.0378  0.0360
  0.0388  0.0371  0.0355  0.0345  0.0351  0.0347
  0.0356  0.0355  0.0352  0.0351  0.0345  0.0345
  0.0365  0.0356  0.0371  0.0365  0.0360  0.0349
  0.0413  0.0382  0.0397  0.0385  0.0385  0.0366
  0.0479  0.0411  0.0430  0.0404  0.0418  0.0390
niter,ni,del,rscale     4    3   12.0000    1.2000
parameters
   -1.2028   14.1641   15.3836   -4.8633   -1.4100   -1.0642
eta,q 0.96631  8.41220
  0.0481  0.0498  0.0408  0.0360  0.0408  0.0370
  0.0422  0.0405  0.0370  0.0340  0.0369  0.0345
  0.0367  0.0355  0.0348  0.0338  0.0342  0.0335
  0.0344  0.0344  0.0346  0.0343  0.0338  0.0338
  0.0368  0.0352  0.0369  0.0356  0.0351  0.0342
  0.0421  0.0370  0.0398  0.0381  0.0375  0.0351
  0.0488  0.0409  0.0436  0.0407  0.0408  0.0373
niter,ni,del,rscale     3    3   12.0000    1.2000
parameters
   -1.2520   15.0636   14.8553   -6.0121   -1.3996   -1.0576
eta,q 0.96682  8.41867
  0.0472  0.0487  0.0405  0.0369  0.0401  0.0370
  0.0412  0.0401  0.0363  0.0335  0.0360  0.0342
  0.0357  0.0348  0.0343  0.0330  0.0335  0.0329
  0.0337  0.0337  0.0337  0.0336  0.0332  0.0332
  0.0360  0.0338  0.0356  0.0349  0.0343  0.0336
  0.0411  0.0364  0.0387  0.0367  0.0365  0.0343
  0.0479  0.0418  0.0426  0.0398  0.0395  0.0366
niter,ni,del,rscale     2    3   12.0000    1.2000
parameters
   -1.2772   15.5731   14.6902   -6.4168   -1.3800   -1.0868
eta,q 0.96704  8.41017
  0.0466  0.0476  0.0411  0.0382  0.0399  0.0369
  0.0403  0.0398  0.0361  0.0341  0.0357  0.0341
  0.0349  0.0344  0.0339  0.0327  0.0332  0.0328
  0.0332  0.0332  0.0331  0.0331  0.0330  0.0330
  0.0351  0.0335  0.0345  0.0343  0.0340  0.0334
  0.0402  0.0375  0.0376  0.0360  0.0361  0.0343
  0.0470  0.0436  0.0413  0.0387  0.0391  0.0367
niter,ni,del,rscale     1    3   12.0000    1.2000
parameters
   -1.3100   15.7855   14.6727   -6.5541   -1.3524   -1.1032
eta,q 0.96714  8.40616
  0.0465  0.0467  0.0413  0.0387  0.0398  0.0370
  0.0400  0.0392  0.0362  0.0345  0.0356  0.0342
  0.0346  0.0340  0.0339  0.0326  0.0331  0.0328
  0.0330  0.0329  0.0329  0.0329  0.0329  0.0329
  0.0349  0.0339  0.0341  0.0340  0.0339  0.0334
  0.0401  0.0386  0.0370  0.0357  0.0360  0.0343
  0.0469  0.0447  0.0408  0.0382  0.0391  0.0367
registration optimization eta report
parameter search radius
    6.0000    6.9000    6.0000    6.0000    6.0000    6.0000
100000*second partial in parameter space
       38.       27.       22.       16.       18.       11.
  0.0465  0.0467  0.0413  0.0387  0.0398  0.0370
  0.0400  0.0392  0.0362  0.0345  0.0356  0.0342
  0.0346  0.0340  0.0339  0.0326  0.0331  0.0328
  0.0330  0.0329  0.0329  0.0329  0.0329  0.0329
  0.0349  0.0339  0.0341  0.0340  0.0339  0.0334
  0.0401  0.0386  0.0370  0.0357  0.0360  0.0343
  0.0469  0.0447  0.0408  0.0382  0.0391  0.0367
   -1.3100   15.7855   14.6727   -6.5541   -1.3524   -1.1032
eta,q 0.96714  8.40616

---------------------------------------------------------------------
imgreg_4dfp /opt/freesurfer/average/711-2C_as_mni_average_305 /opt/freesurfer/average/711-2B_as_mni_average_305_mask talsrcimg_g11 none talsrcimg_to_711-2C_as_mni_average_305_t4 3335
---------------------------------------------------------------------

freesurfer imgreg_4dfp.c
/opt/freesurfer/average/711-2C_as_mni_average_305.4dfp.img
       256       256       256         1
  1.000000  1.000000  1.000000
orientation T byte_order littleendian
Reading image: /opt/freesurfer/average/711-2C_as_mni_average_305.4dfp.img
dimensions:      256       256       256
mmppix:       1.0000   -1.0000   -1.0000
center:     128.0000 -129.0000 -129.0000
/opt/freesurfer/average/711-2B_as_mni_average_305_mask.4dfp.img
       256       256       256         1
  1.000000  1.000000  1.000000
orientation T byte_order littleendian
Reading mask: /opt/freesurfer/average/711-2B_as_mni_average_305_mask.4dfp.img (2306576 pixels)
talsrcimg_g11.4dfp.img
       256       256       256         1
  1.000000  1.000000  1.000000
orientation T byte_order littleendian
Reading image: talsrcimg_g11.4dfp.img
dimensions:      256       256       256
mmppix:       1.0000   -1.0000   -1.0000
center:     128.0000 -129.0000 -129.0000
fimgreg.f
image alignment mode   3335 decimal      D07 hex
parameters
   -1.3100   15.7855   14.6727   -0.0464   -0.6668   -0.6812
    1.6434    2.5641   -1.9248   11.3669   -2.3602  -11.4110
eta,q 0.96913  8.45293
niter,ni,del,rscale     5    3    5.0000    1.2000
parameter  4  1.131956 ->  0.500000 qaram    1.1500
parameter  5  2.441390 ->  0.500000 qaram    1.1500
parameters
   -1.3250   16.2933   14.8170   -4.1864   -4.8068   -1.8511
    1.6898    2.6031   -0.6351   13.6280   -2.2982   -8.9047
eta,q 0.97841  8.41523
  0.0338  0.0329  0.0328  0.0262  0.0209  0.0243  0.0252  0.0266  0.0254  0.0283  0.0229  0.0247
  0.0322  0.0319  0.0317  0.0264  0.0217  0.0234  0.0237  0.0243  0.0240  0.0259  0.0223  0.0233
  0.0312  0.0312  0.0310  0.0279  0.0237  0.0226  0.0227  0.0229  0.0229  0.0237  0.0219  0.0223
  0.0309  0.0309  0.0308  0.0308  0.0266  0.0221  0.0223  0.0223  0.0223  0.0222  0.0217  0.0217
  0.0312  0.0308  0.0309  0.0346  0.0295  0.0223  0.0226  0.0226  0.0222  0.0218  0.0219  0.0216
  0.0322  0.0311  0.0315  0.0388  0.0320  0.0243  0.0236  0.0241  0.0228  0.0225  0.0222  0.0218
  0.0339  0.0317  0.0323  0.0432  0.0351  0.0281  0.0252  0.0267  0.0238  0.0238  0.0229  0.0223
niter,ni,del,rscale     6    3    5.0000    1.2000
parameters
   -1.3548   16.4171   15.1022   -7.5304   -8.8067   -0.6888
    1.3449    2.6238   -0.3582   13.8235   -0.8569   -9.6027
eta,q 0.97968  8.31084
  0.0252  0.0249  0.0234  0.0224  0.0223  0.0239  0.0224  0.0239  0.0224  0.0241  0.0213  0.0213
  0.0232  0.0232  0.0225  0.0220  0.0211  0.0226  0.0213  0.0220  0.0214  0.0223  0.0209  0.0207
  0.0219  0.0221  0.0219  0.0214  0.0206  0.0216  0.0206  0.0209  0.0207  0.0211  0.0206  0.0204
  0.0216  0.0216  0.0216  0.0215  0.0215  0.0207  0.0204  0.0204  0.0204  0.0204  0.0204  0.0203
  0.0221  0.0218  0.0216  0.0235  0.0242  0.0203  0.0207  0.0206  0.0205  0.0206  0.0203  0.0205
  0.0234  0.0228  0.0220  0.0272  0.0272  0.0208  0.0215  0.0217  0.0211  0.0218  0.0204  0.0210
  0.0252  0.0243  0.0227  0.0318  0.0299  0.0228  0.0228  0.0241  0.0222  0.0240  0.0208  0.0218
niter,ni,del,rscale     5    3    5.0000    1.2000
parameters
   -1.3129   16.5290   15.5822   -7.8768   -9.2589   -0.4530
    1.3082    2.3950   -0.5497   13.9508   -1.5388   -9.5570
eta,q 0.97961  8.29626
  0.0229  0.0232  0.0222  0.0225  0.0245  0.0234  0.0226  0.0236  0.0222  0.0240  0.0210  0.0216
  0.0215  0.0216  0.0213  0.0217  0.0225  0.0222  0.0214  0.0219  0.0212  0.0223  0.0206  0.0210
  0.0207  0.0207  0.0207  0.0210  0.0211  0.0211  0.0207  0.0208  0.0206  0.0210  0.0204  0.0206
  0.0203  0.0203  0.0203  0.0203  0.0204  0.0204  0.0204  0.0204  0.0204  0.0204  0.0204  0.0204
  0.0205  0.0205  0.0203  0.0198  0.0207  0.0203  0.0206  0.0207  0.0206  0.0206  0.0205  0.0205
  0.0213  0.0213  0.0206  0.0211  0.0229  0.0212  0.0214  0.0219  0.0213  0.0219  0.0208  0.0209
  0.0228  0.0227  0.0212  0.0242  0.0261  0.0237  0.0227  0.0243  0.0225  0.0240  0.0213  0.0216
niter,ni,del,rscale     4    3    5.0000    1.2000
parameters
   -1.3088   16.5187   15.6840   -7.7421   -9.3911   -0.4184
    1.3413    2.4762   -0.4947   13.9341   -1.6947   -9.5091
eta,q 0.97965  8.29792
  0.0228  0.0229  0.0219  0.0227  0.0248  0.0233  0.0225  0.0238  0.0222  0.0238  0.0211  0.0216
  0.0215  0.0215  0.0211  0.0218  0.0227  0.0221  0.0214  0.0220  0.0213  0.0221  0.0207  0.0209
  0.0207  0.0206  0.0206  0.0211  0.0212  0.0210  0.0206  0.0208  0.0206  0.0210  0.0204  0.0205
  0.0204  0.0204  0.0204  0.0204  0.0203  0.0204  0.0204  0.0204  0.0203  0.0203  0.0203  0.0203
  0.0206  0.0207  0.0205  0.0198  0.0205  0.0203  0.0206  0.0206  0.0205  0.0206  0.0204  0.0205
  0.0214  0.0216  0.0209  0.0207  0.0225  0.0214  0.0213  0.0216  0.0212  0.0219  0.0207  0.0209
  0.0228  0.0229  0.0217  0.0236  0.0256  0.0240  0.0226  0.0239  0.0223  0.0241  0.0212  0.0216
niter,ni,del,rscale     3    3    5.0000    1.2000
parameters
   -1.3100   16.5114   15.6970   -7.7360   -9.4058   -0.4201
    1.3369    2.4835   -0.4660   13.9199   -1.7008   -9.4845
eta,q 0.97965  8.29747
  0.0228  0.0229  0.0217  0.0227  0.0249  0.0233  0.0225  0.0237  0.0222  0.0238  0.0211  0.0216
  0.0215  0.0215  0.0210  0.0218  0.0228  0.0221  0.0214  0.0219  0.0213  0.0221  0.0207  0.0209
  0.0207  0.0206  0.0205  0.0211  0.0212  0.0210  0.0206  0.0208  0.0206  0.0210  0.0205  0.0205
  0.0203  0.0203  0.0203  0.0204  0.0204  0.0204  0.0204  0.0204  0.0204  0.0204  0.0204  0.0204
  0.0206  0.0207  0.0205  0.0198  0.0205  0.0203  0.0206  0.0206  0.0205  0.0206  0.0204  0.0205
  0.0214  0.0215  0.0210  0.0208  0.0223  0.0214  0.0213  0.0217  0.0212  0.0219  0.0207  0.0209
  0.0229  0.0229  0.0217  0.0237  0.0255  0.0240  0.0226  0.0239  0.0223  0.0241  0.0211  0.0216
registration optimization eta report
parameter search radius
    2.4000    2.4000    2.4000    8.2800    8.2800    7.2000
    7.2000    7.2000    7.2000    7.2000    7.2000    7.2000
100000*second partial in parameter space
       43.       44.       24.        4.        7.        6.
        4.        7.        4.        7.        1.        2.
  0.0228  0.0229  0.0217  0.0227  0.0249  0.0233  0.0225  0.0237  0.0222  0.0238  0.0211  0.0216
  0.0215  0.0215  0.0210  0.0218  0.0228  0.0221  0.0214  0.0219  0.0213  0.0221  0.0207  0.0209
  0.0207  0.0206  0.0205  0.0211  0.0212  0.0210  0.0206  0.0208  0.0206  0.0210  0.0205  0.0205
  0.0203  0.0203  0.0203  0.0204  0.0204  0.0204  0.0204  0.0204  0.0204  0.0204  0.0204  0.0204
  0.0206  0.0207  0.0205  0.0198  0.0205  0.0203  0.0206  0.0206  0.0205  0.0206  0.0204  0.0205
  0.0214  0.0215  0.0210  0.0208  0.0223  0.0214  0.0213  0.0217  0.0212  0.0219  0.0207  0.0209
  0.0229  0.0229  0.0217  0.0237  0.0255  0.0240  0.0226  0.0239  0.0223  0.0241  0.0211  0.0216
   -1.3100   16.5114   15.6970   -7.7360   -9.4058   -0.4201
    1.3369    2.4835   -0.4660   13.9199   -1.7008   -9.4845
eta,q 0.97965  8.29747

---------------------------------------------------------------------
imgreg_4dfp /opt/freesurfer/average/711-2C_as_mni_average_305 /opt/freesurfer/average/711-2B_as_mni_average_305_mask talsrcimg_g11 none talsrcimg_to_711-2C_as_mni_average_305_t4 2311
---------------------------------------------------------------------

freesurfer imgreg_4dfp.c
/opt/freesurfer/average/711-2C_as_mni_average_305.4dfp.img
       256       256       256         1
  1.000000  1.000000  1.000000
orientation T byte_order littleendian
Reading image: /opt/freesurfer/average/711-2C_as_mni_average_305.4dfp.img
dimensions:      256       256       256
mmppix:       1.0000   -1.0000   -1.0000
center:     128.0000 -129.0000 -129.0000
/opt/freesurfer/average/711-2B_as_mni_average_305_mask.4dfp.img
       256       256       256         1
  1.000000  1.000000  1.000000
orientation T byte_order littleendian
Reading mask: /opt/freesurfer/average/711-2B_as_mni_average_305_mask.4dfp.img (2306576 pixels)
talsrcimg_g11.4dfp.img
       256       256       256         1
  1.000000  1.000000  1.000000
orientation T byte_order littleendian
Reading image: talsrcimg_g11.4dfp.img
dimensions:      256       256       256
mmppix:       1.0000   -1.0000   -1.0000
center:     128.0000 -129.0000 -129.0000
fimgreg.f
image alignment mode   2311 decimal      907 hex
parameters
   -1.3100   16.5114   15.6970   -7.7360   -9.4058   -0.4201
    1.3369    2.4835   -0.4660   13.9199   -1.7008   -9.4845
eta,q 0.97965  8.29747
niter,ni,del,rscale     5    3    5.0000    0.8000
parameter  4 -0.623477 -> -0.500000 qaram    1.1500
parameters
   -1.2691   16.4887   15.7188   -4.9760   -9.1564   -0.0111
    1.1973    2.5306   -0.5505   13.8599   -2.2544   -9.7876
eta,q 0.98029  8.38090
  0.0215  0.0215  0.0210  0.0216  0.0217  0.0216  0.0210  0.0219  0.0208  0.0214  0.0201  0.0202
  0.0209  0.0208  0.0206  0.0212  0.0208  0.0208  0.0203  0.0208  0.0202  0.0206  0.0199  0.0199
  0.0205  0.0205  0.0204  0.0208  0.0202  0.0202  0.0199  0.0200  0.0198  0.0200  0.0197  0.0198
  0.0204  0.0203  0.0203  0.0203  0.0198  0.0198  0.0197  0.0197  0.0197  0.0197  0.0197  0.0197
  0.0204  0.0205  0.0204  0.0199  0.0198  0.0197  0.0199  0.0199  0.0198  0.0199  0.0198  0.0198
  0.0208  0.0209  0.0206  0.0198  0.0203  0.0201  0.0204  0.0206  0.0202  0.0205  0.0200  0.0200
  0.0214  0.0215  0.0210  0.0203  0.0215  0.0213  0.0211  0.0219  0.0208  0.0216  0.0204  0.0204
niter,ni,del,rscale     5    3    5.0000    0.8000
parameters
   -1.3978   16.5199   15.4983   -6.1253   -8.9627    0.1408
    1.2848    2.6615   -0.4188   14.0133   -1.7791  -10.1471
eta,q 0.98023  8.36683
  0.0211  0.0210  0.0202  0.0210  0.0216  0.0215  0.0210  0.0218  0.0208  0.0216  0.0203  0.0203
  0.0202  0.0203  0.0199  0.0206  0.0208  0.0207  0.0204  0.0207  0.0203  0.0207  0.0200  0.0200
  0.0198  0.0199  0.0197  0.0200  0.0202  0.0202  0.0200  0.0201  0.0199  0.0201  0.0199  0.0198
  0.0197  0.0197  0.0197  0.0197  0.0198  0.0198  0.0198  0.0198  0.0198  0.0198  0.0198  0.0198
  0.0200  0.0198  0.0198  0.0201  0.0198  0.0198  0.0199  0.0199  0.0199  0.0199  0.0198  0.0199
  0.0206  0.0202  0.0201  0.0216  0.0204  0.0203  0.0203  0.0205  0.0202  0.0205  0.0199  0.0201
  0.0216  0.0209  0.0206  0.0238  0.0216  0.0215  0.0209  0.0217  0.0207  0.0215  0.0201  0.0204
niter,ni,del,rscale     4    3    5.0000    0.7000
parameters
   -1.3935   16.5406   15.5197   -6.1775   -8.9051    0.3143
    1.2421    2.6133   -0.4511   14.0883   -1.7852  -10.3385
eta,q 0.98025  8.37126
  0.0209  0.0207  0.0203  0.0211  0.0211  0.0211  0.0206  0.0212  0.0205  0.0212  0.0201  0.0202
  0.0202  0.0202  0.0200  0.0207  0.0205  0.0205  0.0202  0.0204  0.0201  0.0205  0.0199  0.0199
  0.0199  0.0199  0.0198  0.0202  0.0200  0.0200  0.0199  0.0200  0.0199  0.0200  0.0198  0.0198
  0.0198  0.0198  0.0198  0.0198  0.0198  0.0198  0.0198  0.0198  0.0198  0.0198  0.0198  0.0198
  0.0199  0.0199  0.0198  0.0197  0.0198  0.0198  0.0199  0.0199  0.0198  0.0199  0.0198  0.0198
  0.0203  0.0202  0.0200  0.0203  0.0203  0.0201  0.0202  0.0204  0.0201  0.0203  0.0199  0.0200
  0.0208  0.0207  0.0203  0.0216  0.0212  0.0211  0.0207  0.0214  0.0206  0.0212  0.0201  0.0202
niter,ni,del,rscale     3    3    5.0000    0.6000
parameters
   -1.4026   16.5492   15.5009   -5.8773   -8.8760    0.4363
    1.2435    2.6335   -0.4580   14.1191   -1.8917  -10.5616
eta,q 0.98032  8.38156
  0.0206  0.0205  0.0201  0.0209  0.0207  0.0207  0.0204  0.0208  0.0203  0.0208  0.0199  0.0200
  0.0201  0.0201  0.0199  0.0206  0.0202  0.0202  0.0200  0.0202  0.0200  0.0202  0.0198  0.0198
  0.0198  0.0198  0.0198  0.0201  0.0199  0.0199  0.0198  0.0198  0.0198  0.0198  0.0197  0.0197
  0.0198  0.0198  0.0198  0.0198  0.0197  0.0197  0.0197  0.0197  0.0197  0.0197  0.0197  0.0197
  0.0199  0.0198  0.0198  0.0196  0.0197  0.0197  0.0197  0.0198  0.0197  0.0198  0.0197  0.0197
  0.0201  0.0201  0.0199  0.0200  0.0201  0.0200  0.0200  0.0202  0.0200  0.0201  0.0198  0.0198
  0.0206  0.0204  0.0201  0.0209  0.0208  0.0207  0.0204  0.0209  0.0203  0.0208  0.0200  0.0200
niter,ni,del,rscale     2    3    5.0000    0.5000
parameters
   -1.4209   16.5629   15.4514   -5.6160   -8.8026    0.5588
    1.2577    2.6515   -0.4616   14.1434   -1.9721  -10.8447
eta,q 0.98038  8.39112
  0.0203  0.0202  0.0199  0.0207  0.0204  0.0204  0.0201  0.0205  0.0201  0.0204  0.0198  0.0198
  0.0199  0.0199  0.0198  0.0203  0.0200  0.0200  0.0199  0.0200  0.0198  0.0200  0.0197  0.0197
  0.0197  0.0197  0.0197  0.0200  0.0198  0.0198  0.0197  0.0197  0.0197  0.0197  0.0196  0.0196
  0.0197  0.0197  0.0197  0.0197  0.0196  0.0196  0.0196  0.0196  0.0196  0.0196  0.0196  0.0196
  0.0198  0.0197  0.0197  0.0196  0.0197  0.0196  0.0197  0.0197  0.0197  0.0197  0.0196  0.0197
  0.0200  0.0199  0.0198  0.0199  0.0199  0.0198  0.0198  0.0200  0.0198  0.0199  0.0197  0.0198
  0.0203  0.0202  0.0200  0.0206  0.0204  0.0203  0.0201  0.0205  0.0201  0.0204  0.0199  0.0199
niter,ni,del,rscale     1    3    5.0000    0.4000
parameters
   -1.4320   16.5772   15.3924   -5.4110   -8.7430    0.6909
    1.2827    2.6595   -0.4595   14.1777   -2.0732  -11.1700
eta,q 0.98042  8.39910
  0.0200  0.0200  0.0198  0.0204  0.0201  0.0201  0.0199  0.0202  0.0199  0.0201  0.0197  0.0197
  0.0198  0.0198  0.0197  0.0201  0.0198  0.0198  0.0197  0.0199  0.0197  0.0198  0.0196  0.0196
  0.0197  0.0197  0.0196  0.0198  0.0197  0.0197  0.0196  0.0197  0.0196  0.0197  0.0196  0.0196
  0.0196  0.0196  0.0196  0.0196  0.0196  0.0196  0.0196  0.0196  0.0196  0.0196  0.0196  0.0196
  0.0197  0.0197  0.0197  0.0196  0.0196  0.0196  0.0196  0.0196  0.0196  0.0196  0.0196  0.0196
  0.0198  0.0198  0.0197  0.0198  0.0198  0.0197  0.0197  0.0198  0.0197  0.0198  0.0197  0.0197
  0.0200  0.0199  0.0198  0.0203  0.0201  0.0200  0.0199  0.0202  0.0199  0.0201  0.0197  0.0198
registration optimization eta report
parameter search radius
    0.8000    0.8000    0.8000    2.7600    2.4000    2.4000
    2.4000    2.4000    2.4000    2.4000    2.4000    2.4000
100000*second partial in parameter space
       63.       51.       28.        9.        8.        8.
        6.       10.        5.        9.        3.        3.
  0.0200  0.0200  0.0198  0.0204  0.0201  0.0201  0.0199  0.0202  0.0199  0.0201  0.0197  0.0197
  0.0198  0.0198  0.0197  0.0201  0.0198  0.0198  0.0197  0.0199  0.0197  0.0198  0.0196  0.0196
  0.0197  0.0197  0.0196  0.0198  0.0197  0.0197  0.0196  0.0197  0.0196  0.0197  0.0196  0.0196
  0.0196  0.0196  0.0196  0.0196  0.0196  0.0196  0.0196  0.0196  0.0196  0.0196  0.0196  0.0196
  0.0197  0.0197  0.0197  0.0196  0.0196  0.0196  0.0196  0.0196  0.0196  0.0196  0.0196  0.0196
  0.0198  0.0198  0.0197  0.0198  0.0198  0.0197  0.0197  0.0198  0.0197  0.0198  0.0197  0.0197
  0.0200  0.0199  0.0198  0.0203  0.0201  0.0200  0.0199  0.0202  0.0199  0.0201  0.0197  0.0198
   -1.4320   16.5772   15.3924   -5.4110   -8.7430    0.6909
    1.2827    2.6595   -0.4595   14.1777   -2.0732  -11.1700
eta,q 0.98042  8.39910

---------------------------------------------------------------------
imgreg_4dfp /opt/freesurfer/average/711-2C_as_mni_average_305 /opt/freesurfer/average/711-2B_as_mni_average_305_mask talsrcimg_g11 none talsrcimg_to_711-2C_as_mni_average_305_t4 2311
---------------------------------------------------------------------

freesurfer imgreg_4dfp.c
/opt/freesurfer/average/711-2C_as_mni_average_305.4dfp.img
       256       256       256         1
  1.000000  1.000000  1.000000
orientation T byte_order littleendian
Reading image: /opt/freesurfer/average/711-2C_as_mni_average_305.4dfp.img
dimensions:      256       256       256
mmppix:       1.0000   -1.0000   -1.0000
center:     128.0000 -129.0000 -129.0000
/opt/freesurfer/average/711-2B_as_mni_average_305_mask.4dfp.img
       256       256       256         1
  1.000000  1.000000  1.000000
orientation T byte_order littleendian
Reading mask: /opt/freesurfer/average/711-2B_as_mni_average_305_mask.4dfp.img (2306576 pixels)
talsrcimg_g11.4dfp.img
       256       256       256         1
  1.000000  1.000000  1.000000
orientation T byte_order littleendian
Reading image: talsrcimg_g11.4dfp.img
dimensions:      256       256       256
mmppix:       1.0000   -1.0000   -1.0000
center:     128.0000 -129.0000 -129.0000
fimgreg.f
image alignment mode   2311 decimal      907 hex
parameters
   -1.4320   16.5772   15.3924   -5.4110   -8.7430    0.6909
    1.2827    2.6595   -0.4595   14.1777   -2.0732  -11.1700
eta,q 0.98042  8.39911
niter,ni,del,rscale     5    3    5.0000    0.8000
parameters
   -1.3956   16.5910   15.3562   -6.0953   -9.1521    0.3351
    1.3018    2.6010   -0.3913   14.3704   -1.9439  -10.7143
eta,q 0.98025  8.37257
  0.0213  0.0209  0.0203  0.0209  0.0212  0.0213  0.0210  0.0216  0.0208  0.0217  0.0202  0.0205
  0.0204  0.0202  0.0199  0.0204  0.0205  0.0206  0.0203  0.0207  0.0202  0.0207  0.0200  0.0201
  0.0198  0.0197  0.0196  0.0199  0.0200  0.0200  0.0199  0.0200  0.0199  0.0201  0.0198  0.0198
  0.0196  0.0196  0.0196  0.0196  0.0197  0.0197  0.0198  0.0198  0.0198  0.0198  0.0198  0.0198
  0.0198  0.0197  0.0197  0.0198  0.0198  0.0198  0.0199  0.0199  0.0199  0.0199  0.0198  0.0198
  0.0203  0.0202  0.0199  0.0208  0.0206  0.0206  0.0203  0.0206  0.0202  0.0205  0.0199  0.0199
  0.0211  0.0209  0.0204  0.0225  0.0222  0.0223  0.0210  0.0219  0.0207  0.0215  0.0202  0.0202
niter,ni,del,rscale     4    3    5.0000    0.7000
parameters
   -1.3887   16.5913   15.4609   -5.8572   -9.0546    0.3253
    1.2343    2.6088   -0.4113   14.2666   -1.9634  -10.5889
eta,q 0.98030  8.37800
  0.0209  0.0207  0.0204  0.0209  0.0211  0.0210  0.0206  0.0212  0.0205  0.0210  0.0201  0.0202
  0.0202  0.0202  0.0200  0.0206  0.0204  0.0204  0.0201  0.0204  0.0201  0.0203  0.0199  0.0199
  0.0199  0.0199  0.0198  0.0201  0.0200  0.0199  0.0198  0.0199  0.0198  0.0199  0.0197  0.0198
  0.0198  0.0198  0.0198  0.0197  0.0197  0.0197  0.0197  0.0197  0.0197  0.0197  0.0197  0.0197
  0.0199  0.0199  0.0198  0.0196  0.0197  0.0197  0.0198  0.0198  0.0198  0.0199  0.0197  0.0197
  0.0202  0.0202  0.0199  0.0200  0.0202  0.0202  0.0201  0.0203  0.0201  0.0204  0.0199  0.0199
  0.0208  0.0207  0.0202  0.0210  0.0211  0.0213  0.0207  0.0213  0.0205  0.0212  0.0201  0.0201
niter,ni,del,rscale     3    3    5.0000    0.6000
parameters
   -1.4108   16.5764   15.4564   -5.6259   -8.9354    0.4210
    1.2360    2.6331   -0.4323   14.2049   -1.9952  -10.6779
eta,q 0.98036  8.38618
  0.0205  0.0204  0.0201  0.0207  0.0207  0.0207  0.0204  0.0208  0.0202  0.0207  0.0199  0.0200
  0.0200  0.0200  0.0199  0.0204  0.0202  0.0202  0.0200  0.0202  0.0199  0.0201  0.0198  0.0198
  0.0198  0.0198  0.0197  0.0200  0.0199  0.0198  0.0197  0.0198  0.0197  0.0198  0.0197  0.0197
  0.0197  0.0197  0.0197  0.0197  0.0197  0.0196  0.0196  0.0196  0.0196  0.0196  0.0196  0.0196
  0.0198  0.0198  0.0197  0.0196  0.0197  0.0197  0.0197  0.0197  0.0197  0.0198  0.0197  0.0197
  0.0201  0.0200  0.0199  0.0200  0.0200  0.0200  0.0200  0.0201  0.0199  0.0201  0.0198  0.0198
  0.0206  0.0204  0.0201  0.0207  0.0207  0.0207  0.0204  0.0209  0.0203  0.0208  0.0199  0.0200
niter,ni,del,rscale     2    3    5.0000    0.5000
parameters
   -1.4258   16.5755   15.4194   -5.4482   -8.8398    0.5324
    1.2586    2.6443   -0.4409   14.1903   -2.0312  -10.9025
eta,q 0.98040  8.39358
  0.0202  0.0201  0.0199  0.0205  0.0204  0.0204  0.0201  0.0205  0.0200  0.0204  0.0198  0.0198
  0.0199  0.0199  0.0197  0.0202  0.0200  0.0200  0.0198  0.0200  0.0198  0.0200  0.0197  0.0197
  0.0197  0.0197  0.0197  0.0199  0.0198  0.0197  0.0197  0.0197  0.0197  0.0197  0.0196  0.0196
  0.0196  0.0196  0.0196  0.0196  0.0196  0.0196  0.0196  0.0196  0.0196  0.0196  0.0196  0.0196
  0.0197  0.0197  0.0197  0.0196  0.0196  0.0196  0.0197  0.0197  0.0196  0.0197  0.0196  0.0196
  0.0199  0.0199  0.0198  0.0199  0.0199  0.0198  0.0198  0.0200  0.0198  0.0199  0.0197  0.0197
  0.0203  0.0201  0.0199  0.0204  0.0203  0.0203  0.0201  0.0205  0.0201  0.0204  0.0198  0.0199
niter,ni,del,rscale     1    3    5.0000    0.4000
parameters
   -1.4329   16.5857   15.3737   -5.3013   -8.7668    0.6704
    1.2874    2.6520   -0.4545   14.1986   -2.0988  -11.1924
eta,q 0.98042  8.40043
  0.0200  0.0199  0.0198  0.0202  0.0201  0.0201  0.0199  0.0202  0.0199  0.0201  0.0197  0.0197
  0.0198  0.0198  0.0197  0.0200  0.0198  0.0198  0.0197  0.0199  0.0197  0.0198  0.0196  0.0196
  0.0196  0.0196  0.0196  0.0197  0.0197  0.0197  0.0196  0.0197  0.0196  0.0196  0.0196  0.0196
  0.0196  0.0196  0.0196  0.0196  0.0196  0.0196  0.0196  0.0196  0.0196  0.0196  0.0196  0.0196
  0.0197  0.0196  0.0196  0.0196  0.0196  0.0196  0.0196  0.0196  0.0196  0.0196  0.0196  0.0196
  0.0198  0.0197  0.0197  0.0198  0.0198  0.0197  0.0197  0.0198  0.0197  0.0198  0.0196  0.0197
  0.0200  0.0199  0.0198  0.0202  0.0201  0.0200  0.0199  0.0202  0.0199  0.0201  0.0197  0.0198
registration optimization eta report
parameter search radius
    0.8000    0.8000    0.8000    2.4000    2.4000    2.4000
    2.4000    2.4000    2.4000    2.4000    2.4000    2.4000
100000*second partial in parameter space
       65.       52.       28.       10.        8.        8.
        6.       10.        5.        9.        3.        3.
  0.0200  0.0199  0.0198  0.0202  0.0201  0.0201  0.0199  0.0202  0.0199  0.0201  0.0197  0.0197
  0.0198  0.0198  0.0197  0.0200  0.0198  0.0198  0.0197  0.0199  0.0197  0.0198  0.0196  0.0196
  0.0196  0.0196  0.0196  0.0197  0.0197  0.0197  0.0196  0.0197  0.0196  0.0196  0.0196  0.0196
  0.0196  0.0196  0.0196  0.0196  0.0196  0.0196  0.0196  0.0196  0.0196  0.0196  0.0196  0.0196
  0.0197  0.0196  0.0196  0.0196  0.0196  0.0196  0.0196  0.0196  0.0196  0.0196  0.0196  0.0196
  0.0198  0.0197  0.0197  0.0198  0.0198  0.0197  0.0197  0.0198  0.0197  0.0198  0.0196  0.0197
  0.0200  0.0199  0.0198  0.0202  0.0201  0.0200  0.0199  0.0202  0.0199  0.0201  0.0197  0.0198
   -1.4329   16.5857   15.3737   -5.3013   -8.7668    0.6704
    1.2874    2.6520   -0.4545   14.1986   -2.0988  -11.1924
eta,q 0.98042  8.40043

---------------------------------------------------------------------
compute_vox2vox talsrcimg talsrcimg_to_711-2C_as_mni_average_305_t4 /opt/freesurfer/average/711-2C_as_mni_average_305
---------------------------------------------------------------------

freesurfer compute_vox2vox.c
Reading: talsrcimg.4dfp.ifh
Reading: talsrcimg_to_711-2C_as_mni_average_305_t4
Reading: /opt/freesurfer/average/711-2C_as_mni_average_305.4dfp.ifh
Writing: talsrcimg_to_711-2C_as_mni_average_305_t4_vox2vox.txt

start time Fri Mar 13 03:35:06 CET 2026
end		time Fri Mar 13 03:36:31 CET 2026

mpr2mni305 success

avi2talxfm orig_nu.mgz /opt/freesurfer/average/mni305.cor.mgz talsrcimg_to_711-2C_as_mni_average_305_t4_vox2vox.txt transforms/talairach.auto.xfm
avi2talxfm done
mv -f /out/sourcedata/freesurfer/sub-v2s4x29580_ses-1/mri/talsrcimg_to_711-2C_as_mni_average_305_t4_vox2vox.txt /out/sourcedata/freesurfer/sub-v2s4x29580_ses-1/mri/transforms/talsrcimg_to_711-2C_as_mni_average_305_t4_vox2vox.txt
lta_convert --src orig_nu.mgz --trg /opt/freesurfer/average/mni305.cor.mgz --inxfm transforms/talairach.auto.xfm --outlta transforms/talairach.auto.xfm.lta --subject fsaverage
7.3.2

--src: orig_nu.mgz src image (geometry).
--trg: /opt/freesurfer/average/mni305.cor.mgz trg image (geometry).
--inmni: transforms/talairach.auto.xfm input MNI/XFM transform.
--outlta: transforms/talairach.auto.xfm.lta output LTA.
--s: fsaverage subject name
 LTA read, type : 1
 1.05533  -0.02526  -0.01799  -2.70203;
 0.02220   0.97591   0.11941  -16.41365;
 0.00180  -0.15201   1.07742  -15.48485;
 0.00000   0.00000   0.00000   1.00000;
setting subject to fsaverage
Writing  LTA to file transforms/talairach.auto.xfm.lta...
lta_convert successful.
 
 
Started at Fri Mar 13 03:35:06 CET 2026
Ended   at Fri Mar 13 03:36:31 CET 2026
talairach_avi done
