status file for recon-all
Fri Mar 13 06:54:11 CET 2026
#@# Tessellate lh Fri Mar 13 06:54:11 CET 2026
#@# Smooth1 lh Fri Mar 13 06:54:13 CET 2026
#@# Inflation1 lh Fri Mar 13 06:54:15 CET 2026
#@# QSphere lh Fri Mar 13 06:54:23 CET 2026
#@# Fix Topology lh Fri Mar 13 06:55:01 CET 2026
#@# Smooth2 lh Fri Mar 13 06:59:02 CET 2026
#@# Inflation2 lh Fri Mar 13 06:59:04 CET 2026
#@# Curv .H and .K lh Fri Mar 13 06:59:12 CET 2026
#@# Sphere lh Fri Mar 13 06:59:49 CET 2026
#@# Surf Reg lh Fri Mar 13 07:02:01 CET 2026
#@# Jacobian white lh Fri Mar 13 07:04:28 CET 2026
#@# AvgCurv lh Fri Mar 13 07:04:29 CET 2026
#@# Cortical Parc lh Fri Mar 13 07:04:29 CET 2026
#@# white curv lh Fri Mar 13 07:09:31 CET 2026
#@# white area lh Fri Mar 13 07:09:32 CET 2026
#@# pial curv lh Fri Mar 13 07:09:32 CET 2026
#@# pial area lh Fri Mar 13 07:09:34 CET 2026
#@# thickness lh Fri Mar 13 07:09:34 CET 2026
#@# area and vertex vol lh Fri Mar 13 07:09:53 CET 2026
#@# Curvature Stats lh Fri Mar 13 07:09:54 CET 2026
#@# Cortical Parc 2 lh Fri Mar 13 07:09:56 CET 2026
#@# Cortical Parc 3 lh Fri Mar 13 07:10:05 CET 2026
#@# WM/GM Contrast lh Fri Mar 13 07:10:13 CET 2026
recon-all -s sub-v2s4x29621_ses-1 finished without error at Fri Mar 13 07:10:15 CET 2026



#New# invocation of recon-all 



status file for recon-all
Fri Mar 13 07:29:49 CET 2026
#@# white curv lh Fri Mar 13 07:29:49 CET 2026
#@# white area lh Fri Mar 13 07:29:49 CET 2026
#@# pial curv lh Fri Mar 13 07:29:49 CET 2026
#@# pial area lh Fri Mar 13 07:29:49 CET 2026
#@# thickness lh Fri Mar 13 07:29:49 CET 2026
#@# area and vertex vol lh Fri Mar 13 07:29:49 CET 2026
#@# Parcellation Stats lh Fri Mar 13 07:29:49 CET 2026
#@# Parcellation Stats 2 lh Fri Mar 13 07:30:03 CET 2026
#@# Parcellation Stats 3 lh Fri Mar 13 07:30:11 CET 2026
#@# BA_exvivo Labels lh Fri Mar 13 07:30:18 CET 2026
recon-all -s sub-v2s4x29621_ses-1 finished without error at Fri Mar 13 07:32:05 CET 2026
