status file for recon-all
Fri Mar 13 05:36:43 CET 2026
#@# Tessellate rh Fri Mar 13 05:36:43 CET 2026
#@# Smooth1 rh Fri Mar 13 05:36:46 CET 2026
#@# Inflation1 rh Fri Mar 13 05:36:49 CET 2026
#@# QSphere rh Fri Mar 13 05:37:00 CET 2026
#@# Fix Topology rh Fri Mar 13 05:38:04 CET 2026
#@# Smooth2 rh Fri Mar 13 05:41:59 CET 2026
#@# Inflation2 rh Fri Mar 13 05:42:01 CET 2026
#@# Curv .H and .K rh Fri Mar 13 05:42:15 CET 2026
#@# Sphere rh Fri Mar 13 05:42:49 CET 2026
#@# Surf Reg rh Fri Mar 13 05:44:44 CET 2026
#@# Jacobian white rh Fri Mar 13 05:48:04 CET 2026
#@# AvgCurv rh Fri Mar 13 05:48:05 CET 2026
#@# Cortical Parc rh Fri Mar 13 05:48:06 CET 2026
#@# white curv rh Fri Mar 13 05:52:59 CET 2026
#@# white area rh Fri Mar 13 05:53:01 CET 2026
#@# pial curv rh Fri Mar 13 05:53:01 CET 2026
#@# pial area rh Fri Mar 13 05:53:03 CET 2026
#@# thickness rh Fri Mar 13 05:53:04 CET 2026
#@# area and vertex vol rh Fri Mar 13 05:53:21 CET 2026
#@# Curvature Stats rh Fri Mar 13 05:53:22 CET 2026
#@# Cortical Parc 2 rh Fri Mar 13 05:53:24 CET 2026
#@# Cortical Parc 3 rh Fri Mar 13 05:53:33 CET 2026
#@# WM/GM Contrast rh Fri Mar 13 05:53:40 CET 2026
recon-all -s sub-v2s4x29589_ses-1 finished without error at Fri Mar 13 05:53:43 CET 2026



#New# invocation of recon-all 



status file for recon-all
Fri Mar 13 05:59:03 CET 2026
#@# white curv rh Fri Mar 13 05:59:03 CET 2026
#@# white area rh Fri Mar 13 05:59:03 CET 2026
#@# pial curv rh Fri Mar 13 05:59:03 CET 2026
#@# pial area rh Fri Mar 13 05:59:03 CET 2026
#@# thickness rh Fri Mar 13 05:59:03 CET 2026
#@# area and vertex vol rh Fri Mar 13 05:59:03 CET 2026
#@# Parcellation Stats rh Fri Mar 13 05:59:03 CET 2026
#@# Parcellation Stats 2 rh Fri Mar 13 05:59:16 CET 2026
#@# Parcellation Stats 3 rh Fri Mar 13 05:59:23 CET 2026
#@# BA_exvivo Labels rh Fri Mar 13 05:59:30 CET 2026
recon-all -s sub-v2s4x29589_ses-1 finished without error at Fri Mar 13 06:01:43 CET 2026
