/out/sourcedata/freesurfer/sub-v2s4x29626_ses-1/mri
/opt/freesurfer/bin/talairach_avi
--i orig_nu.mgz --xfm transforms/talairach.auto.xfm
talairach_avi 7.3.2
Linux dna054 5.14.0-427.37.1.el9_4.x86_64 #1 SMP PREEMPT_DYNAMIC Fri Sep 13 12:41:50 EDT 2024 x86_64 x86_64 x86_64 GNU/Linux
Fri Mar 13 05:50:13 CET 2026
mri_convert orig_nu.mgz talsrcimg.img 
reading from orig_nu.mgz...
TR=0.00, TE=0.00, TI=0.00, flip angle=0.00
i_ras = (-1, -3.72529e-09, 0)
j_ras = (0, 0, -1)
k_ras = (3.72529e-09, 1, 0)
writing to talsrcimg.img...
Analyze Output Matrix
-1.00000   0.00000   0.00000   133.13617;
-0.00000   0.00000   1.00000  -138.96609;
 0.00000  -1.00000   0.00000   125.86494;
 0.00000   0.00000   0.00000   1.00000;
--------------------
INFO: set hdr.hist.orient to -1
mpr2mni305 talsrcimg
Fri Mar 13 05:50:13 CET 2026
/opt/freesurfer/bin/mpr2mni305 talsrcimg
mpr2mni305 7.3.2
target=711-2C_as_mni_average_305

---------------------------------------------------------------------
analyzeto4dfp talsrcimg -O0 -y
---------------------------------------------------------------------

freesurfer ifh2hdr.c
Fri Mar 13 05:50:14 2026
Writing: talsrcimg.4dfp.hdr
freesurfer analyzeto4dfp.c
Reading: talsrcimg.hdr
header size 348 bytes
hdr.dime.datatype	offset=70	value=2
hdr.dime.bitpix		offset=72	value=8
hdr.hist.orient		offset=252	value=-1
dimensionality     4
dimensions       256       256       256         1
Reading: talsrcimg.img
Writing: talsrcimg.4dfp.img
Writing: talsrcimg.4dfp.ifh
ifh2hdr talsrcimg -r0to246
ori=2

---------------------------------------------------------------------
gauss_4dfp talsrcimg 1.1
---------------------------------------------------------------------

freesurfer gauss_4dfp.c
Reading: talsrcimg.4dfp.img
Writing: talsrcimg_g11.4dfp.img
image dimensions 256 256 256 padded to 288 288 288
processing volume 1freesurfer ifh2hdr.c
Fri Mar 13 05:50:15 2026
Writing: talsrcimg_g11.4dfp.hdr

Writing: talsrcimg_g11.4dfp.ifh
including: talsrcimg.4dfp.img.rec in talsrcimg_g11.4dfp.img.rec

---------------------------------------------------------------------
imgreg_4dfp /opt/freesurfer/average/711-2C_as_mni_average_305 none talsrcimg_g11 none talsrcimg_to_711-2C_as_mni_average_305_t4 4355
---------------------------------------------------------------------

freesurfer imgreg_4dfp.c
/opt/freesurfer/average/711-2C_as_mni_average_305.4dfp.img
       256       256       256         1
  1.000000  1.000000  1.000000
orientation T byte_order littleendian
Reading image: /opt/freesurfer/average/711-2C_as_mni_average_305.4dfp.img
dimensions:      256       256       256
mmppix:       1.0000   -1.0000   -1.0000
center:     128.0000 -129.0000 -129.0000
talsrcimg_g11.4dfp.img
       256       256       256         1
  1.000000  1.000000  1.000000
orientation T byte_order littleendian
Reading image: talsrcimg_g11.4dfp.img
dimensions:      256       256       256
mmppix:       1.0000   -1.0000   -1.0000
center:     128.0000 -129.0000 -129.0000
t4_read: open error in t4_sub.f l:  41 t4_file(1:l)talsrcimg_to_711-2C_as_mni_average_305_t4 
t4_read: transform initialized to I4
rotation matrix determinant  1.000000
image alignment mode   4355 decimal     1103 hex
   -7.5000  -45.0000  -45.0000 5528.7539   15.7848
    0.0000  -45.0000  -45.0000 5738.6885   15.7854
    7.5000  -45.0000  -45.0000 5491.9434   15.8007
   -7.5000  -37.5000  -45.0000 6103.8174   15.3024
    0.0000  -37.5000  -45.0000 6341.9707   15.3048
    7.5000  -37.5000  -45.0000 6063.6797   15.3172
   -7.5000  -30.0000  -45.0000 6946.6440   15.0418
    0.0000  -30.0000  -45.0000 7223.1030   15.0475
    7.5000  -30.0000  -45.0000 6882.3936   15.0595
   -7.5000  -22.5000  -45.0000 7745.7969   14.9862
    0.0000  -22.5000  -45.0000 8072.6699   14.9916
    7.5000  -22.5000  -45.0000 7688.5161   15.0045
   -7.5000  -15.0000  -45.0000 8597.3584   15.0677
    0.0000  -15.0000  -45.0000 8963.5498   15.0713
    7.5000  -15.0000  -45.0000 8525.4307   15.0863
   -7.5000   -7.5000  -45.0000 9538.4258   15.0821
    0.0000   -7.5000  -45.0000 9934.7637   15.0847
    7.5000   -7.5000  -45.0000 9446.8926   15.1011
   -7.5000    0.0000  -45.000010367.9219   15.0232
    0.0000    0.0000  -45.000010806.6924   15.0255
    7.5000    0.0000  -45.000010288.7363   15.0410
   -7.5000    7.5000  -45.000010399.1650   14.9452
    0.0000    7.5000  -45.000010836.9717   14.9487
    7.5000    7.5000  -45.000010304.0986   14.9617
   -7.5000   15.0000  -45.000010328.6221   14.9190
    0.0000   15.0000  -45.000010765.8154   14.9246
    7.5000   15.0000  -45.000010227.3438   14.9364
   -7.5000   22.5000  -45.000010143.0381   14.9804
    0.0000   22.5000  -45.000010575.8135   14.9858
    7.5000   22.5000  -45.000010068.7822   14.9987
   -7.5000   30.0000  -45.0000 9866.0234   14.8669
    0.0000   30.0000  -45.000010290.5898   14.8704
    7.5000   30.0000  -45.0000 9806.6924   14.8852
   -7.5000   37.5000  -45.0000 9984.8604   14.8811
    0.0000   37.5000  -45.000010409.8271   14.8837
    7.5000   37.5000  -45.0000 9917.8838   14.8999
   -7.5000   45.0000  -45.0000 9688.4756   14.4466
    0.0000   45.0000  -45.000010088.7510   14.4488
    7.5000   45.0000  -45.0000 9603.6904   14.4637
   -7.5000  -45.0000  -37.5000 5949.0103   15.7980
    0.0000  -45.0000  -37.5000 6219.1777   15.8005
    7.5000  -45.0000  -37.5000 5927.6367   15.8170
   -7.5000  -37.5000  -37.5000 6560.1846   15.3167
    0.0000  -37.5000  -37.5000 6848.2383   15.3170
    7.5000  -37.5000  -37.5000 6520.5972   15.3283
   -7.5000  -30.0000  -37.5000 7484.6431   15.0549
    0.0000  -30.0000  -37.5000 7807.5405   15.0551
    7.5000  -30.0000  -37.5000 7403.0063   15.0657
   -7.5000  -22.5000  -37.5000 8367.1709   14.9962
    0.0000  -22.5000  -37.5000 8743.7949   14.9956
    7.5000  -22.5000  -37.5000 8276.2793   15.0084
   -7.5000  -15.0000  -37.5000 9314.8906   15.0763
    0.0000  -15.0000  -37.5000 9726.8438   15.0768
    7.5000  -15.0000  -37.5000 9209.9023   15.0935
   -7.5000   -7.5000  -37.500010308.5879   15.0926
    0.0000   -7.5000  -37.500010770.5908   15.0958
    7.5000   -7.5000  -37.500010213.0303   15.1145
   -7.5000    0.0000  -37.500011199.6924   15.0367
    0.0000    0.0000  -37.500011702.9814   15.0402
    7.5000    0.0000  -37.500011110.8818   15.0564
   -7.5000    7.5000  -37.500011213.4600   14.9599
    0.0000    7.5000  -37.500011719.9199   14.9613
    7.5000    7.5000  -37.500011113.7744   14.9733
   -7.5000   15.0000  -37.500011138.4717   14.9321
    0.0000   15.0000  -37.500011623.7959   14.9324
    7.5000   15.0000  -37.500011027.6943   14.9428
   -7.5000   22.5000  -37.500010903.9746   14.9904
    0.0000   22.5000  -37.500011376.1318   14.9898
    7.5000   22.5000  -37.500010802.3994   15.0026
   -7.5000   30.0000  -37.500010587.3281   14.8754
    0.0000   30.0000  -37.500011037.6826   14.8759
    7.5000   30.0000  -37.500010488.8154   14.8924
   -7.5000   37.5000  -37.500010700.8320   14.8915
    0.0000   37.5000  -37.500011136.5605   14.8947
    7.5000   37.5000  -37.500010587.9844   14.9131
   -7.5000   45.0000  -37.500010365.8701   14.4596
    0.0000   45.0000  -37.500010778.0996   14.4629
    7.5000   45.0000  -37.500010245.8438   14.4785
   -7.5000  -45.0000  -30.0000 6501.1499   16.4665
    0.0000  -45.0000  -30.0000 6811.9443   16.4740
    7.5000  -45.0000  -30.0000 6482.4487   16.4992
   -7.5000  -37.5000  -30.0000 7180.0083   15.9648
    0.0000  -37.5000  -30.0000 7511.8760   15.9683
    7.5000  -37.5000  -30.0000 7132.1797   15.9875
   -7.5000  -30.0000  -30.0000 8180.1230   15.6948
    0.0000  -30.0000  -30.0000 8550.1211   15.6950
    7.5000  -30.0000  -30.0000 8095.4009   15.7133
   -7.5000  -22.5000  -30.0000 9164.8301   15.6342
    0.0000  -22.5000  -30.0000 9572.4385   15.6313
    7.5000  -22.5000  -30.0000 9061.8408   15.6516
   -7.5000  -15.0000  -30.000010186.2168   15.7162
    0.0000  -15.0000  -30.000010631.5312   15.7147
    7.5000  -15.0000  -30.000010062.6348   15.7390
   -7.5000   -7.5000  -30.000011273.2197   15.7314
    0.0000   -7.5000  -30.000011764.6855   15.7362
    7.5000   -7.5000  -30.000011137.0449   15.7627
   -7.5000    0.0000  -30.000012253.1250   15.6723
    0.0000    0.0000  -30.000012794.1924   15.6797
    7.5000    0.0000  -30.000012125.4561   15.7035
   -7.5000    7.5000  -30.000012246.8701   15.5939
    0.0000    7.5000  -30.000012779.4287   15.5981
    7.5000    7.5000  -30.000012124.2002   15.6176
   -7.5000   15.0000  -30.000012150.9131   15.5675
    0.0000   15.0000  -30.000012649.2188   15.5676
    7.5000   15.0000  -30.000012006.1416   15.5857
   -7.5000   22.5000  -30.000011870.0322   15.6266
    0.0000   22.5000  -30.000012380.5723   15.6237
    7.5000   22.5000  -30.000011744.6475   15.6439
   -7.5000   30.0000  -30.000011484.6797   15.5082
    0.0000   30.0000  -30.000011974.7012   15.5068
    7.5000   30.0000  -30.000011382.3379   15.5308
   -7.5000   37.5000  -30.000011564.0088   15.5232
    0.0000   37.5000  -30.000012048.6670   15.5280
    7.5000   37.5000  -30.000011465.1250   15.5541
   -7.5000   45.0000  -30.000011157.5430   15.0819
    0.0000   45.0000  -30.000011604.2646   15.0890
    7.5000   45.0000  -30.000011029.9209   15.1119
   -7.5000  -45.0000  -22.5000 7070.3271   17.0183
    0.0000  -45.0000  -22.5000 7388.0728   17.0285
    7.5000  -45.0000  -22.5000 7033.8462   17.0611
   -7.5000  -37.5000  -22.5000 7787.8818   16.4955
    0.0000  -37.5000  -22.5000 8141.5942   16.5046
    7.5000  -37.5000  -22.5000 7738.6362   16.5337
   -7.5000  -30.0000  -22.5000 8844.6504   16.2191
    0.0000  -30.0000  -22.5000 9257.8145   16.2257
    7.5000  -30.0000  -22.5000 8789.1230   16.2545
   -7.5000  -22.5000  -22.5000 9915.3311   16.1626
    0.0000  -22.5000  -22.500010372.7275   16.1640
    7.5000  -22.5000  -22.5000 9840.8418   16.1924
   -7.5000  -15.0000  -22.500011025.5488   16.2497
    0.0000  -15.0000  -22.500011536.5283   16.2496
    7.5000  -15.0000  -22.500010936.3467   16.2793
   -7.5000   -7.5000  -22.500012206.2686   16.2622
    0.0000   -7.5000  -22.500012765.4404   16.2676
    7.5000   -7.5000  -22.500012097.4863   16.2989
   -7.5000    0.0000  -22.500013259.8242   16.1957
    0.0000    0.0000  -22.500013863.9814   16.2056
    7.5000    0.0000  -22.500013147.0508   16.2363
   -7.5000    7.5000  -22.500013254.7412   16.1124
    0.0000    7.5000  -22.500013844.9463   16.1220
    7.5000    7.5000  -22.500013118.8428   16.1511
   -7.5000   15.0000  -22.500013145.0176   16.0880
    0.0000   15.0000  -22.500013698.8096   16.0946
    7.5000   15.0000  -22.500012957.2891   16.1229
   -7.5000   22.5000  -22.500012834.8906   16.1536
    0.0000   22.5000  -22.500013414.0781   16.1550
    7.5000   22.5000  -22.500012664.0088   16.1834
   -7.5000   30.0000  -22.500012387.8564   16.0371
    0.0000   30.0000  -22.500012952.2139   16.0370
    7.5000   30.0000  -22.500012264.3271   16.0664
   -7.5000   37.5000  -22.500012429.4971   16.0495
    0.0000   37.5000  -22.500012970.6924   16.0549
    7.5000   37.5000  -22.500012321.1719   16.0857
   -7.5000   45.0000  -22.500011912.0654   15.5973
    0.0000   45.0000  -22.500012386.8457   15.6068
    7.5000   45.0000  -22.500011776.9473   15.6364
   -7.5000  -45.0000  -15.0000 7605.0020   17.4108
    0.0000  -45.0000  -15.0000 7951.5791   17.4182
    7.5000  -45.0000  -15.0000 7574.5610   17.4502
   -7.5000  -37.5000  -15.0000 8373.9482   16.8732
    0.0000  -37.5000  -15.0000 8747.2891   16.8844
    7.5000  -37.5000  -15.0000 8319.0459   16.9155
   -7.5000  -30.0000  -15.0000 9534.7051   16.5902
    0.0000  -30.0000  -15.0000 9958.4199   16.6029
    7.5000  -30.0000  -15.0000 9457.3086   16.6345
   -7.5000  -22.5000  -15.000010697.2061   16.5356
    0.0000  -22.5000  -15.000011172.8994   16.5431
    7.5000  -22.5000  -15.000010612.5811   16.5736
   -7.5000  -15.0000  -15.000011880.5859   16.6271
    0.0000  -15.0000  -15.000012406.6250   16.6295
    7.5000  -15.0000  -15.000011780.6201   16.6591
   -7.5000   -7.5000  -15.000013123.3516   16.6389
    0.0000   -7.5000  -15.000013710.6113   16.6426
    7.5000   -7.5000  -15.000012986.7715   16.6725
   -7.5000    0.0000  -15.000014242.1143   16.5681
    0.0000    0.0000  -15.000014906.7666   16.5760
    7.5000    0.0000  -15.000014108.5391   16.6066
   -7.5000    7.5000  -15.000014239.0117   16.4807
    0.0000    7.5000  -15.000014889.2598   16.4923
    7.5000    7.5000  -15.000014067.0000   16.5233
   -7.5000   15.0000  -15.000014103.6602   16.4561
    0.0000   15.0000  -15.000014738.4355   16.4686
    7.5000   15.0000  -15.000013886.2715   16.4998
   -7.5000   22.5000  -15.000013737.3545   16.5256
    0.0000   22.5000  -15.000014403.9629   16.5331
    7.5000   22.5000  -15.000013537.9932   16.5636
   -7.5000   30.0000  -15.000013255.7900   16.4119
    0.0000   30.0000  -15.000013898.8818   16.4142
    7.5000   30.0000  -15.000013116.8584   16.4435
   -7.5000   37.5000  -15.000013292.1172   16.4235
    0.0000   37.5000  -15.000013899.1680   16.4273
    7.5000   37.5000  -15.000013145.1611   16.4567
   -7.5000   45.0000  -15.000012659.1299   15.9655
    0.0000   45.0000  -15.000013181.2305   15.9731
    7.5000   45.0000  -15.000012481.8105   16.0026
   -7.5000  -45.0000   -7.5000 8198.1270   17.6128
    0.0000  -45.0000   -7.5000 8550.4990   17.6155
    7.5000  -45.0000   -7.5000 8155.8364   17.6397
   -7.5000  -37.5000   -7.5000 9042.9248   17.0717
    0.0000  -37.5000   -7.5000 9437.0244   17.0796
    7.5000  -37.5000   -7.5000 8972.8994   17.1026
   -7.5000  -30.0000   -7.500010295.9766   16.7835
    0.0000  -30.0000   -7.500010742.2656   16.7959
    7.5000  -30.0000   -7.500010205.4629   16.8193
   -7.5000  -22.5000   -7.500011546.5195   16.7255
    0.0000  -22.5000   -7.500012045.0713   16.7353
    7.5000  -22.5000   -7.500011460.5459   16.7584
   -7.5000  -15.0000   -7.500012803.9941   16.8172
    0.0000  -15.0000   -7.500013351.8174   16.8216
    7.5000  -15.0000   -7.500012696.2285   16.8448
   -7.5000   -7.5000   -7.500014070.6924   16.8304
    0.0000   -7.5000   -7.500014696.6328   16.8329
    7.5000   -7.5000   -7.500013922.6484   16.8568
   -7.5000    0.0000   -7.500015251.3809   16.7612
    0.0000    0.0000   -7.500015970.6748   16.7654
    7.5000    0.0000   -7.500015094.7686   16.7894
   -7.5000    7.5000   -7.500015273.4414   16.6736
    0.0000    7.5000   -7.500015981.1465   16.6823
    7.5000    7.5000   -7.500015059.7178   16.7056
   -7.5000   15.0000   -7.500015083.2949   16.6471
    0.0000   15.0000   -7.500015841.0879   16.6594
    7.5000   15.0000   -7.500014806.7803   16.6825
   -7.5000   22.5000   -7.500014601.1895   16.7136
    0.0000   22.5000   -7.500015374.8096   16.7233
    7.5000   22.5000   -7.500014376.6064   16.7464
   -7.5000   30.0000   -7.500014052.0762   16.5991
    0.0000   30.0000   -7.500014809.1016   16.6035
    7.5000   30.0000   -7.500013896.3867   16.6264
   -7.5000   37.5000   -7.500014096.8857   16.6121
    0.0000   37.5000   -7.500014804.4297   16.6146
    7.5000   37.5000   -7.500013920.0684   16.6382
   -7.5000   45.0000   -7.500013353.4521   16.1546
    0.0000   45.0000   -7.500013954.6309   16.1587
    7.5000   45.0000   -7.500013140.4316   16.1818
   -7.5000  -45.0000    0.0000 8753.0342   17.6610
    0.0000  -45.0000    0.0000 9129.3271   17.6616
    7.5000  -45.0000    0.0000 8690.4043   17.6787
   -7.5000  -37.5000    0.0000 9667.5312   17.1212
    0.0000  -37.5000    0.000010095.8945   17.1239
    7.5000  -37.5000    0.0000 9595.4189   17.1378
   -7.5000  -30.0000    0.000011018.9717   16.8296
    0.0000  -30.0000    0.000011489.2559   16.8360
    7.5000  -30.0000    0.000010916.3262   16.8494
   -7.5000  -22.5000    0.000012348.6523   16.7674
    0.0000  -22.5000    0.000012869.1885   16.7734
    7.5000  -22.5000    0.000012253.9863   16.7878
   -7.5000  -15.0000    0.000013669.5918   16.8586
    0.0000  -15.0000    0.000014245.7363   16.8625
    7.5000  -15.0000    0.000013557.5615   16.8794
   -7.5000   -7.5000    0.000014960.9482   16.8747
    0.0000   -7.5000    0.000015616.6396   16.8777
    7.5000   -7.5000    0.000014830.7568   16.8961
   -7.5000    0.0000    0.000016229.0020   16.8089
    0.0000    0.0000    0.000016955.7246   16.8114
    7.5000    0.0000    0.000016058.6855   16.8289
   -7.5000    7.5000    0.000016275.8477   16.7217
    0.0000    7.5000    0.000017104.9004   16.7255
    7.5000    7.5000    0.000016028.1191   16.7401
   -7.5000   15.0000    0.000015939.3398   16.6922
    0.0000   15.0000    0.000016875.7070   16.6986
    7.5000   15.0000    0.000015703.7002   16.7118
   -7.5000   22.5000    0.000015392.3477   16.7555
    0.0000   22.5000    0.000016299.4502   16.7615
    7.5000   22.5000    0.000015247.4219   16.7759
   -7.5000   30.0000    0.000014860.8652   16.6404
    0.0000   30.0000    0.000015699.8750   16.6443
    7.5000   30.0000    0.000014723.1123   16.6609
   -7.5000   37.5000    0.000014886.7598   16.6563
    0.0000   37.5000    0.000015684.3398   16.6592
    7.5000   37.5000    0.000014739.7793   16.6774
   -7.5000   45.0000    0.000013965.9570   16.2018
    0.0000   45.0000    0.000014662.6289   16.2043
    7.5000   45.0000    0.000013777.8203   16.2211
   -7.5000  -45.0000    7.5000 8621.8730   17.6784
    0.0000  -45.0000    7.5000 8992.8867   17.6812
    7.5000  -45.0000    7.5000 8564.2324   17.6997
   -7.5000  -37.5000    7.5000 9546.4609   17.1398
    0.0000  -37.5000    7.5000 9964.5938   17.1401
    7.5000  -37.5000    7.5000 9481.1514   17.1528
   -7.5000  -30.0000    7.500010873.5059   16.8469
    0.0000  -30.0000    7.500011327.5156   16.8470
    7.5000  -30.0000    7.500010784.9785   16.8589
   -7.5000  -22.5000    7.500012149.9873   16.7811
    0.0000  -22.5000    7.500012647.2705   16.7805
    7.5000  -22.5000    7.500012051.5264   16.7948
   -7.5000  -15.0000    7.500013399.9863   16.8708
    0.0000  -15.0000    7.500013948.0938   16.8713
    7.5000  -15.0000    7.500013292.9453   16.8901
   -7.5000   -7.5000    7.500014654.3135   16.8890
    0.0000   -7.5000    7.500015227.2822   16.8927
    7.5000   -7.5000    7.500014527.2676   16.9135
   -7.5000    0.0000    7.500015844.4111   16.8265
    0.0000    0.0000    7.500016481.2480   16.8303
    7.5000    0.0000    7.500015685.3154   16.8485
   -7.5000    7.5000    7.500015834.3154   16.7405
    0.0000    7.5000    7.500016597.3613   16.7421
    7.5000    7.5000    7.500015635.2148   16.7555
   -7.5000   15.0000    7.500015425.1279   16.7095
    0.0000   15.0000    7.500016245.1074   16.7097
    7.5000   15.0000    7.500015271.9824   16.7213
   -7.5000   22.5000    7.500014928.3984   16.7693
    0.0000   22.5000    7.500015748.4180   16.7686
    7.5000   22.5000    7.500014872.0176   16.7829
   -7.5000   30.0000    7.500014499.4336   16.6525
    0.0000   30.0000    7.500015311.5752   16.6530
    7.5000   30.0000    7.500014421.4199   16.6715
   -7.5000   37.5000    7.500014501.1348   16.6704
    0.0000   37.5000    7.500015285.7588   16.6740
    7.5000   37.5000    7.500014410.0889   16.6946
   -7.5000   45.0000    7.500013524.1211   16.2188
    0.0000   45.0000    7.500014212.6641   16.2225
    7.5000   45.0000    7.500013380.2090   16.2400
   -7.5000  -45.0000   15.0000 8356.0957   17.6823
    0.0000  -45.0000   15.0000 8693.7109   17.6904
    7.5000  -45.0000   15.0000 8311.8223   17.7174
   -7.5000  -37.5000   15.0000 9283.6699   17.1436
    0.0000  -37.5000   15.0000 9676.5312   17.1473
    7.5000  -37.5000   15.0000 9210.2285   17.1679
   -7.5000  -30.0000   15.000010563.8418   16.8537
    0.0000  -30.0000   15.000011004.6885   16.8538
    7.5000  -30.0000   15.000010473.1230   16.8735
   -7.5000  -22.5000   15.000011782.3594   16.7886
    0.0000  -22.5000   15.000012250.0830   16.7855
    7.5000  -22.5000   15.000011681.6045   16.8072
   -7.5000  -15.0000   15.000012957.8447   16.8766
    0.0000  -15.0000   15.000013453.5176   16.8750
    7.5000  -15.0000   15.000012857.2607   16.9011
   -7.5000   -7.5000   15.000014150.5996   16.8929
    0.0000   -7.5000   15.000014666.7725   16.8981
    7.5000   -7.5000   15.000014031.5137   16.9265
   -7.5000    0.0000   15.000015293.4189   16.8295
    0.0000    0.0000   15.000015848.0908   16.8375
    7.5000    0.0000   15.000015150.7627   16.8630
   -7.5000    7.5000   15.000015246.0039   16.7452
    0.0000    7.5000   15.000015922.7188   16.7498
    7.5000    7.5000   15.000015088.9131   16.7708
   -7.5000   15.0000   15.000014934.7324   16.7169
    0.0000   15.0000   15.000015595.9023   16.7171
    7.5000   15.0000   15.000014808.5156   16.7364
   -7.5000   22.5000   15.000014476.8965   16.7767
    0.0000   22.5000   15.000015159.9697   16.7736
    7.5000   22.5000   15.000014427.3125   16.7953
   -7.5000   30.0000   15.000014081.9131   16.6582
    0.0000   30.0000   15.000014789.8906   16.6566
    7.5000   30.0000   15.000013995.8428   16.6824
   -7.5000   37.5000   15.000014070.6064   16.6743
    0.0000   37.5000   15.000014767.1455   16.6794
    7.5000   37.5000   15.000013972.0459   16.7075
   -7.5000   45.0000   15.000013071.2871   16.2217
    0.0000   45.0000   15.000013692.9932   16.2294
    7.5000   45.0000   15.000012919.9023   16.2540
   -7.5000  -45.0000   22.5000 7941.4570   17.6663
    0.0000  -45.0000   22.5000 8286.4844   17.6770
    7.5000  -45.0000   22.5000 7923.4233   17.7108
   -7.5000  -37.5000   22.5000 8842.6973   17.1237
    0.0000  -37.5000   22.5000 9216.0479   17.1331
    7.5000  -37.5000   22.5000 8807.4238   17.1633
   -7.5000  -30.0000   22.500010090.7598   16.8367
    0.0000  -30.0000   22.500010488.7246   16.8436
    7.5000  -30.0000   22.500010026.6533   16.8735
   -7.5000  -22.5000   22.500011289.6279   16.7780
    0.0000  -22.5000   22.500011715.7539   16.7795
    7.5000  -22.5000   22.500011214.3926   16.8091
   -7.5000  -15.0000   22.500012448.2822   16.8685
    0.0000  -15.0000   22.500012909.1562   16.8684
    7.5000  -15.0000   22.500012364.6484   16.8993
   -7.5000   -7.5000   22.500013568.6475   16.8815
    0.0000   -7.5000   22.500014072.2520   16.8871
    7.5000   -7.5000   22.500013490.8887   16.9195
   -7.5000    0.0000   22.500014619.0391   16.8124
    0.0000    0.0000   22.500015190.7891   16.8227
    7.5000    0.0000   22.500014529.5439   16.8546
   -7.5000    7.5000   22.500014616.9502   16.7260
    0.0000    7.5000   22.500015222.4424   16.7359
    7.5000    7.5000   22.500014426.2549   16.7661
   -7.5000   15.0000   22.500014478.3525   16.7007
    0.0000   15.0000   22.500015066.0957   16.7075
    7.5000   15.0000   22.500014209.4043   16.7369
   -7.5000   22.5000   22.500014118.0859   16.7661
    0.0000   22.5000   22.500014699.9014   16.7676
    7.5000   22.5000   22.500013867.6729   16.7971
   -7.5000   30.0000   22.500013654.4912   16.6502
    0.0000   30.0000   22.500014222.1602   16.6501
    7.5000   30.0000   22.500013422.0889   16.6805
   -7.5000   37.5000   22.500013562.5049   16.6630
    0.0000   37.5000   22.500014138.3838   16.6686
    7.5000   37.5000   22.500013382.6035   16.7006
   -7.5000   45.0000   22.500012504.7891   16.2053
    0.0000   45.0000   22.500013039.0508   16.2152
    7.5000   45.0000   22.500012345.8125   16.2459
   -7.5000  -45.0000   30.0000 7493.5381   17.6498
    0.0000  -45.0000   30.0000 7820.6494   17.6572
    7.5000  -45.0000   30.0000 7476.4531   17.6897
   -7.5000  -37.5000   30.0000 8340.6416   17.1048
    0.0000  -37.5000   30.0000 8699.8506   17.1162
    7.5000  -37.5000   30.0000 8324.7178   17.1477
   -7.5000  -30.0000   30.0000 9518.4805   16.8179
    0.0000  -30.0000   30.0000 9881.2031   16.8308
    7.5000  -30.0000   30.0000 9460.6328   16.8628
   -7.5000  -22.5000   30.000010657.9824   16.7626
    0.0000  -22.5000   30.000011056.1318   16.7702
    7.5000  -22.5000   30.000010585.3975   16.8011
   -7.5000  -15.0000   30.000011780.4111   16.8553
    0.0000  -15.0000   30.000012223.8740   16.8577
    7.5000  -15.0000   30.000011679.0283   16.8877
   -7.5000   -7.5000   30.000012878.3965   16.8672
    0.0000   -7.5000   30.000013342.3721   16.8710
    7.5000   -7.5000   30.000012750.3916   16.9013
   -7.5000    0.0000   30.000013908.6748   16.7955
    0.0000    0.0000   30.000014425.3516   16.8035
    7.5000    0.0000   30.000013760.4785   16.8345
   -7.5000    7.5000   30.000013845.8271   16.7069
    0.0000    7.5000   30.000014349.1719   16.7187
    7.5000    7.5000   30.000013674.2930   16.7501
   -7.5000   15.0000   30.000013635.7646   16.6819
    0.0000   15.0000   30.000014107.3369   16.6946
    7.5000   15.0000   30.000013461.6748   16.7262
   -7.5000   22.5000   30.000013328.9717   16.7506
    0.0000   22.5000   30.000013795.9316   16.7582
    7.5000   22.5000   30.000013133.1846   16.7891
   -7.5000   30.0000   30.000012925.8398   16.6371
    0.0000   30.0000   30.000013416.5439   16.6395
    7.5000   30.0000   30.000012723.4297   16.6691
   -7.5000   37.5000   30.000012832.2383   16.6489
    0.0000   37.5000   30.000013345.7041   16.6527
    7.5000   37.5000   30.000012672.4268   16.6826
   -7.5000   45.0000   30.000011802.0742   16.1889
    0.0000   45.0000   30.000012253.8037   16.1966
    7.5000   45.0000   30.000011655.0127   16.2265
   -7.5000  -45.0000   37.5000 7234.4028   17.6490
    0.0000  -45.0000   37.5000 7583.5210   17.6517
    7.5000  -45.0000   37.5000 7200.3706   17.6760
   -7.5000  -37.5000   37.5000 8069.3896   17.1068
    0.0000  -37.5000   37.5000 8428.5791   17.1147
    7.5000  -37.5000   37.5000 8020.1431   17.1378
   -7.5000  -30.0000   37.5000 9222.4795   16.8180
    0.0000  -30.0000   37.5000 9594.9902   16.8305
    7.5000  -30.0000   37.5000 9143.7246   16.8539
   -7.5000  -22.5000   37.500010339.3652   16.7599
    0.0000  -22.5000   37.500010746.5322   16.7696
    7.5000  -22.5000   37.500010254.6221   16.7928
   -7.5000  -15.0000   37.500011435.2578   16.8517
    0.0000  -15.0000   37.500011848.5146   16.8562
    7.5000  -15.0000   37.500011335.9990   16.8794
   -7.5000   -7.5000   37.500012469.5938   16.8649
    0.0000   -7.5000   37.500012898.3779   16.8675
    7.5000   -7.5000   37.500012382.0029   16.8914
   -7.5000    0.0000   37.500013469.1035   16.7956
    0.0000    0.0000   37.500013921.6719   16.7998
    7.5000    0.0000   37.500013385.8818   16.8239
   -7.5000    7.5000   37.500013399.6396   16.7079
    0.0000    7.5000   37.500013820.3779   16.7165
    7.5000    7.5000   37.500013308.1758   16.7399
   -7.5000   15.0000   37.500013151.2412   16.6813
    0.0000   15.0000   37.500013534.3887   16.6936
    7.5000   15.0000   37.500013083.7461   16.7168
   -7.5000   22.5000   37.500012803.6113   16.7480
    0.0000   22.5000   37.500013192.8398   16.7577
    7.5000   22.5000   37.500012749.7793   16.7809
   -7.5000   30.0000   37.500012414.3545   16.6336
    0.0000   30.0000   37.500012833.2627   16.6380
    7.5000   30.0000   37.500012330.6318   16.6610
   -7.5000   37.5000   37.500012431.3047   16.6467
    0.0000   37.5000   37.500012872.4141   16.6492
    7.5000   37.5000   37.500012336.9971   16.6728
   -7.5000   45.0000   37.500011459.5830   16.1891
    0.0000   45.0000   37.500011886.3076   16.1931
    7.5000   45.0000   37.500011349.8213   16.2163
   -7.5000  -45.0000   45.0000 6628.3789   17.5769
    0.0000  -45.0000   45.0000 6948.5273   17.5774
    7.5000  -45.0000   45.0000 6599.4985   17.5945
   -7.5000  -37.5000   45.0000 7383.0381   17.0388
    0.0000  -37.5000   45.0000 7741.4531   17.0413
    7.5000  -37.5000   45.0000 7348.1328   17.0552
   -7.5000  -30.0000   45.0000 8445.7109   16.7481
    0.0000  -30.0000   45.0000 8839.6064   16.7543
    7.5000  -30.0000   45.0000 8389.5576   16.7676
   -7.5000  -22.5000   45.0000 9454.2334   16.6861
    0.0000  -22.5000   45.0000 9884.8242   16.6919
    7.5000  -22.5000   45.0000 9391.2158   16.7062
   -7.5000  -15.0000   45.000010444.7266   16.7770
    0.0000  -15.0000   45.000010889.5879   16.7808
    7.5000  -15.0000   45.000010364.1211   16.7974
   -7.5000   -7.5000   45.000011401.9902   16.7930
    0.0000   -7.5000   45.000011848.5293   16.7959
    7.5000   -7.5000   45.000011315.9551   16.8142
   -7.5000    0.0000   45.000012304.2812   16.7274
    0.0000    0.0000   45.000012760.5449   16.7299
    7.5000    0.0000   45.000012218.6680   16.7472
   -7.5000    7.5000   45.000012259.7432   16.6405
    0.0000    7.5000   45.000012670.7803   16.6442
    7.5000    7.5000   45.000012160.5723   16.6587
   -7.5000   15.0000   45.000012043.1807   16.6111
    0.0000   15.0000   45.000012393.4873   16.6173
    7.5000   15.0000   45.000011956.3145   16.6304
   -7.5000   22.5000   45.000011731.4922   16.6742
    0.0000   22.5000   45.000012071.6719   16.6800
    7.5000   22.5000   45.000011655.1982   16.6943
   -7.5000   30.0000   45.000011386.0898   16.5584
    0.0000   30.0000   45.000011733.4629   16.5622
    7.5000   30.0000   45.000011298.0635   16.5786
   -7.5000   37.5000   45.000011413.8262   16.5743
    0.0000   37.5000   45.000011788.3135   16.5771
    7.5000   37.5000   45.000011329.9912   16.5951
   -7.5000   45.0000   45.000010540.1074   16.1306
    0.0000   45.0000   45.000010907.1025   16.1330
    7.5000   45.0000   45.000010445.9512   16.1497

---------------------------------------------------------------------
imgreg_4dfp /opt/freesurfer/average/711-2C_as_mni_average_305 /opt/freesurfer/average/711-2B_as_mni_average_305_mask talsrcimg_g11 none talsrcimg_to_711-2C_as_mni_average_305_t4 4355
---------------------------------------------------------------------

freesurfer imgreg_4dfp.c
/opt/freesurfer/average/711-2C_as_mni_average_305.4dfp.img
       256       256       256         1
  1.000000  1.000000  1.000000
orientation T byte_order littleendian
Reading image: /opt/freesurfer/average/711-2C_as_mni_average_305.4dfp.img
dimensions:      256       256       256
mmppix:       1.0000   -1.0000   -1.0000
center:     128.0000 -129.0000 -129.0000
/opt/freesurfer/average/711-2B_as_mni_average_305_mask.4dfp.img
       256       256       256         1
  1.000000  1.000000  1.000000
orientation T byte_order littleendian
Reading mask: /opt/freesurfer/average/711-2B_as_mni_average_305_mask.4dfp.img (2306576 pixels)
talsrcimg_g11.4dfp.img
       256       256       256         1
  1.000000  1.000000  1.000000
orientation T byte_order littleendian
Reading image: talsrcimg_g11.4dfp.img
dimensions:      256       256       256
mmppix:       1.0000   -1.0000   -1.0000
center:     128.0000 -129.0000 -129.0000
rotation matrix determinant  1.000000
image alignment mode   4355 decimal     1103 hex
   -7.5000  -37.5000  -45.0000 1764.1940   25.0253
    0.0000  -37.5000  -45.0000 1757.9458   25.1266
    7.5000  -37.5000  -45.0000 1743.1849   25.3694
   -7.5000  -30.0000  -45.0000 1888.4938   22.1709
    0.0000  -30.0000  -45.0000 1877.5470   22.2779
    7.5000  -30.0000  -45.0000 1860.4536   22.4329
   -7.5000  -22.5000  -45.0000 1971.6544   20.2310
    0.0000  -22.5000  -45.0000 1960.8478   20.3493
    7.5000  -22.5000  -45.0000 1944.9822   20.4749
   -7.5000  -15.0000  -45.0000 2035.7395   18.7658
    0.0000  -15.0000  -45.0000 2028.8624   18.8518
    7.5000  -15.0000  -45.0000 2011.3094   18.9408
   -7.5000   -7.5000  -45.0000 2108.4375   17.5612
    0.0000   -7.5000  -45.0000 2103.8179   17.6075
    7.5000   -7.5000  -45.0000 2082.0703   17.7001
   -7.5000    0.0000  -45.0000 2144.3474   16.6272
    0.0000    0.0000  -45.0000 2141.0012   16.6454
    7.5000    0.0000  -45.0000 2122.7646   16.7229
   -7.5000    7.5000  -45.0000 2169.0208   15.9314
    0.0000    7.5000  -45.0000 2168.1428   15.9852
    7.5000    7.5000  -45.0000 2148.0632   16.1065
   -7.5000   15.0000  -45.0000 2177.6108   15.6801
    0.0000   15.0000  -45.0000 2177.8599   15.7202
    7.5000   15.0000  -45.0000 2156.1309   15.9016
   -7.5000   22.5000  -45.0000 2170.0603   15.7926
    0.0000   22.5000  -45.0000 2169.7014   15.8246
    7.5000   22.5000  -45.0000 2147.9614   15.9742
   -7.5000   30.0000  -45.0000 2153.2354   16.0560
    0.0000   30.0000  -45.0000 2152.1155   16.0962
    7.5000   30.0000  -45.0000 2129.2891   16.2710
   -7.5000   37.5000  -45.0000 2125.2820   16.7101
    0.0000   37.5000  -45.0000 2124.4380   16.6672
    7.5000   37.5000  -45.0000 2102.9641   16.8741
   -7.5000   45.0000  -45.0000 2081.6248   17.5801
    0.0000   45.0000  -45.0000 2081.7383   17.5407
    7.5000   45.0000  -45.0000 2060.3718   17.7594
   -7.5000   52.5000  -45.0000 2000.1089   18.7074
    0.0000   52.5000  -45.0000 2000.8025   18.6879
    7.5000   52.5000  -45.0000 1980.6327   18.9342
   -7.5000  -37.5000  -37.5000 1841.6012   22.7531
    0.0000  -37.5000  -37.5000 1836.5004   22.9609
    7.5000  -37.5000  -37.5000 1826.1249   23.0681
   -7.5000  -30.0000  -37.5000 1974.8696   20.1619
    0.0000  -30.0000  -37.5000 1968.2192   20.3415
    7.5000  -30.0000  -37.5000 1948.0844   20.4470
   -7.5000  -22.5000  -37.5000 2067.4548   18.4074
    0.0000  -22.5000  -37.5000 2061.6196   18.5243
    7.5000  -22.5000  -37.5000 2036.2554   18.6379
   -7.5000  -15.0000  -37.5000 2146.1111   17.0667
    0.0000  -15.0000  -37.5000 2138.8506   17.1213
    7.5000  -15.0000  -37.5000 2115.3623   17.2210
   -7.5000   -7.5000  -37.5000 2216.2871   15.9628
    0.0000   -7.5000  -37.5000 2212.8398   16.0057
    7.5000   -7.5000  -37.5000 2193.8367   16.0925
   -7.5000    0.0000  -37.5000 2253.4214   15.0819
    0.0000    0.0000  -37.5000 2252.9209   15.0953
    7.5000    0.0000  -37.5000 2234.9404   15.1902
   -7.5000    7.5000  -37.5000 2278.6489   14.4859
    0.0000    7.5000  -37.5000 2281.6440   14.4766
    7.5000    7.5000  -37.5000 2261.1489   14.6119
   -7.5000   15.0000  -37.5000 2286.4426   14.2553
    0.0000   15.0000  -37.5000 2289.8179   14.2715
    7.5000   15.0000  -37.5000 2268.0818   14.4177
   -7.5000   22.5000  -37.5000 2274.8220   14.3180
    0.0000   22.5000  -37.5000 2275.0259   14.3177
    7.5000   22.5000  -37.5000 2257.4924   14.4649
   -7.5000   30.0000  -37.5000 2259.2534   14.5392
    0.0000   30.0000  -37.5000 2258.7476   14.5557
    7.5000   30.0000  -37.5000 2235.8096   14.7442
   -7.5000   37.5000  -37.5000 2235.4482   15.0929
    0.0000   37.5000  -37.5000 2232.8015   15.0723
    7.5000   37.5000  -37.5000 2211.5483   15.2862
   -7.5000   45.0000  -37.5000 2190.4858   15.9313
    0.0000   45.0000  -37.5000 2192.0396   15.9320
    7.5000   45.0000  -37.5000 2173.0083   16.1286
   -7.5000   52.5000  -37.5000 2103.6565   17.0166
    0.0000   52.5000  -37.5000 2110.7056   17.0033
    7.5000   52.5000  -37.5000 2090.8254   17.2257
   -7.5000  -37.5000  -30.0000 1951.4854   21.6619
    0.0000  -37.5000  -30.0000 1949.8948   21.8209
    7.5000  -37.5000  -30.0000 1941.4941   21.9204
   -7.5000  -30.0000  -30.0000 2089.8928   19.1719
    0.0000  -30.0000  -30.0000 2087.4707   19.2970
    7.5000  -30.0000  -30.0000 2068.8005   19.3750
   -7.5000  -22.5000  -30.0000 2197.2720   17.4270
    0.0000  -22.5000  -30.0000 2194.2214   17.5463
    7.5000  -22.5000  -30.0000 2173.1755   17.6385
   -7.5000  -15.0000  -30.0000 2282.7375   16.1330
    0.0000  -15.0000  -30.0000 2276.7888   16.1823
    7.5000  -15.0000  -30.0000 2253.1819   16.2976
   -7.5000   -7.5000  -30.0000 2361.6582   15.0520
    0.0000   -7.5000  -30.0000 2357.0576   15.0461
    7.5000   -7.5000  -30.0000 2333.1140   15.1626
   -7.5000    0.0000  -30.0000 2406.7522   14.2054
    0.0000    0.0000  -30.0000 2402.8931   14.1764
    7.5000    0.0000  -30.0000 2383.6384   14.3188
   -7.5000    7.5000  -30.0000 2435.4094   13.6359
    0.0000    7.5000  -30.0000 2431.9160   13.5920
    7.5000    7.5000  -30.0000 2414.2131   13.7626
   -7.5000   15.0000  -30.0000 2449.7856   13.3825
    0.0000   15.0000  -30.0000 2444.6855   13.3497
    7.5000   15.0000  -30.0000 2421.3970   13.5385
   -7.5000   22.5000  -30.0000 2438.9609   13.4566
    0.0000   22.5000  -30.0000 2433.5649   13.4089
    7.5000   22.5000  -30.0000 2417.4707   13.5996
   -7.5000   30.0000  -30.0000 2420.3975   13.6924
    0.0000   30.0000  -30.0000 2419.1353   13.6379
    7.5000   30.0000  -30.0000 2400.3748   13.8797
   -7.5000   37.5000  -30.0000 2393.9573   14.2089
    0.0000   37.5000  -30.0000 2394.3533   14.1503
    7.5000   37.5000  -30.0000 2376.8767   14.3936
   -7.5000   45.0000  -30.0000 2347.2219   15.0158
    0.0000   45.0000  -30.0000 2347.4226   14.9670
    7.5000   45.0000  -30.0000 2328.6072   15.2177
   -7.5000   52.5000  -30.0000 2251.6118   16.0599
    0.0000   52.5000  -30.0000 2255.2810   16.0175
    7.5000   52.5000  -30.0000 2235.0430   16.2599
   -7.5000  -37.5000  -22.5000 2034.1460   20.4759
    0.0000  -37.5000  -22.5000 2028.2284   20.5341
    7.5000  -37.5000  -22.5000 2019.6260   20.6762
   -7.5000  -30.0000  -22.5000 2177.3611   18.0965
    0.0000  -30.0000  -22.5000 2174.8718   18.1689
    7.5000  -30.0000  -22.5000 2160.8999   18.3198
   -7.5000  -22.5000  -22.5000 2294.2112   16.4441
    0.0000  -22.5000  -22.5000 2293.3779   16.5000
    7.5000  -22.5000  -22.5000 2272.8032   16.6616
   -7.5000  -15.0000  -22.5000 2388.2971   15.1546
    0.0000  -15.0000  -22.5000 2386.4221   15.2153
    7.5000  -15.0000  -22.5000 2361.2153   15.3527
   -7.5000   -7.5000  -22.5000 2476.6860   14.0889
    0.0000   -7.5000  -22.5000 2473.5977   14.1096
    7.5000   -7.5000  -22.5000 2450.7336   14.2203
   -7.5000    0.0000  -22.5000 2528.3171   13.2397
    0.0000    0.0000  -22.5000 2524.9609   13.2298
    7.5000    0.0000  -22.5000 2507.5659   13.3627
   -7.5000    7.5000  -22.5000 2565.1284   12.6776
    0.0000    7.5000  -22.5000 2557.1648   12.6541
    7.5000    7.5000  -22.5000 2541.8657   12.8261
   -7.5000   15.0000  -22.5000 2589.0464   12.4453
    0.0000   15.0000  -22.5000 2580.3804   12.3953
    7.5000   15.0000  -22.5000 2556.4285   12.6016
   -7.5000   22.5000  -22.5000 2585.4268   12.5089
    0.0000   22.5000  -22.5000 2578.8694   12.4463
    7.5000   22.5000  -22.5000 2558.1204   12.6565
   -7.5000   30.0000  -22.5000 2566.0498   12.7703
    0.0000   30.0000  -22.5000 2566.1355   12.6836
    7.5000   30.0000  -22.5000 2542.9910   12.9158
   -7.5000   37.5000  -22.5000 2537.9512   13.2811
    0.0000   37.5000  -22.5000 2539.7607   13.2012
    7.5000   37.5000  -22.5000 2515.3945   13.4540
   -7.5000   45.0000  -22.5000 2484.0925   14.0826
    0.0000   45.0000  -22.5000 2487.2566   14.0095
    7.5000   45.0000  -22.5000 2463.1199   14.2557
   -7.5000   52.5000  -22.5000 2380.7026   15.0382
    0.0000   52.5000  -22.5000 2383.7688   14.9854
    7.5000   52.5000  -22.5000 2360.4414   15.2240
   -7.5000  -37.5000  -15.0000 2090.0137   19.3954
    0.0000  -37.5000  -15.0000 2084.6594   19.4023
    7.5000  -37.5000  -15.0000 2071.9163   19.6371
   -7.5000  -30.0000  -15.0000 2242.3860   17.1384
    0.0000  -30.0000  -15.0000 2239.0413   17.1414
    7.5000  -30.0000  -15.0000 2216.8696   17.3475
   -7.5000  -22.5000  -15.0000 2364.6826   15.5650
    0.0000  -22.5000  -15.0000 2359.7847   15.5586
    7.5000  -22.5000  -15.0000 2337.7507   15.7549
   -7.5000  -15.0000  -15.0000 2462.0210   14.3260
    0.0000  -15.0000  -15.0000 2456.3899   14.3306
    7.5000  -15.0000  -15.0000 2433.6462   14.4783
   -7.5000   -7.5000  -15.0000 2556.3938   13.2395
    0.0000   -7.5000  -15.0000 2550.7219   13.2556
    7.5000   -7.5000  -15.0000 2527.0708   13.3491
   -7.5000    0.0000  -15.0000 2617.8469   12.3773
    0.0000    0.0000  -15.0000 2617.2500   12.3762
    7.5000    0.0000  -15.0000 2598.1921   12.4632
   -7.5000    7.5000  -15.0000 2669.5198   11.8044
    0.0000    7.5000  -15.0000 2662.0652   11.7845
    7.5000    7.5000  -15.0000 2644.8591   11.9130
   -7.5000   15.0000  -15.0000 2699.0234   11.5645
    0.0000   15.0000  -15.0000 2691.3928   11.5318
    7.5000   15.0000  -15.0000 2668.6472   11.6886
   -7.5000   22.5000  -15.0000 2707.0061   11.5941
    0.0000   22.5000  -15.0000 2705.3506   11.5401
    7.5000   22.5000  -15.0000 2677.8640   11.7303
   -7.5000   30.0000  -15.0000 2691.5642   11.8891
    0.0000   30.0000  -15.0000 2691.6448   11.8063
    7.5000   30.0000  -15.0000 2668.7327   12.0371
   -7.5000   37.5000  -15.0000 2660.0605   12.4029
    0.0000   37.5000  -15.0000 2664.4260   12.3110
    7.5000   37.5000  -15.0000 2637.4087   12.5624
   -7.5000   45.0000  -15.0000 2595.8521   13.1871
    0.0000   45.0000  -15.0000 2601.2815   13.0967
    7.5000   45.0000  -15.0000 2573.1721   13.3565
   -7.5000   52.5000  -15.0000 2479.9272   14.1436
    0.0000   52.5000  -15.0000 2483.3647   14.0683
    7.5000   52.5000  -15.0000 2460.0908   14.3236
   -7.5000  -37.5000   -7.5000 2140.7217   18.5541
    0.0000  -37.5000   -7.5000 2136.6418   18.4657
    7.5000  -37.5000   -7.5000 2120.4661   18.7274
   -7.5000  -30.0000   -7.5000 2293.8687   16.3770
    0.0000  -30.0000   -7.5000 2292.2981   16.3190
    7.5000  -30.0000   -7.5000 2269.3391   16.5386
   -7.5000  -22.5000   -7.5000 2418.0916   14.8293
    0.0000  -22.5000   -7.5000 2415.3071   14.7853
    7.5000  -22.5000   -7.5000 2396.9072   14.9889
   -7.5000  -15.0000   -7.5000 2516.6311   13.5812
    0.0000  -15.0000   -7.5000 2516.5986   13.5604
    7.5000  -15.0000   -7.5000 2496.5510   13.7244
   -7.5000   -7.5000   -7.5000 2612.0229   12.4912
    0.0000   -7.5000   -7.5000 2612.3950   12.4735
    7.5000   -7.5000   -7.5000 2588.6240   12.5931
   -7.5000    0.0000   -7.5000 2689.8303   11.6288
    0.0000    0.0000   -7.5000 2694.4573   11.6265
    7.5000    0.0000   -7.5000 2673.2993   11.7018
   -7.5000    7.5000   -7.5000 2758.7681   11.0649
    0.0000    7.5000   -7.5000 2757.0525   11.0534
    7.5000    7.5000   -7.5000 2736.6997   11.1268
   -7.5000   15.0000   -7.5000 2802.1106   10.7909
    0.0000   15.0000   -7.5000 2801.9202   10.7659
    7.5000   15.0000   -7.5000 2773.2515   10.8835
   -7.5000   22.5000   -7.5000 2818.6375   10.8049
    0.0000   22.5000   -7.5000 2822.5764   10.7614
    7.5000   22.5000   -7.5000 2787.5508   10.9400
   -7.5000   30.0000   -7.5000 2801.2202   11.0809
    0.0000   30.0000   -7.5000 2803.4917   11.0150
    7.5000   30.0000   -7.5000 2778.7126   11.2326
   -7.5000   37.5000   -7.5000 2764.7722   11.6106
    0.0000   37.5000   -7.5000 2768.4121   11.5132
    7.5000   37.5000   -7.5000 2739.1763   11.7537
   -7.5000   45.0000   -7.5000 2686.5679   12.4259
    0.0000   45.0000   -7.5000 2689.6633   12.3318
    7.5000   45.0000   -7.5000 2663.1956   12.5701
   -7.5000   52.5000   -7.5000 2558.3252   13.4071
    0.0000   52.5000   -7.5000 2560.6047   13.3332
    7.5000   52.5000   -7.5000 2536.7124   13.5731
   -7.5000  -37.5000    0.0000 2175.4937   17.9657
    0.0000  -37.5000    0.0000 2177.9604   17.8218
    7.5000  -37.5000    0.0000 2155.7847   18.1297
   -7.5000  -30.0000    0.0000 2330.7844   15.8126
    0.0000  -30.0000    0.0000 2330.1292   15.6986
    7.5000  -30.0000    0.0000 2310.0798   15.9854
   -7.5000  -22.5000    0.0000 2455.5940   14.2642
    0.0000  -22.5000    0.0000 2452.8398   14.1798
    7.5000  -22.5000    0.0000 2440.3318   14.4251
   -7.5000  -15.0000    0.0000 2558.5583   13.0215
    0.0000  -15.0000    0.0000 2557.0847   12.9561
    7.5000  -15.0000    0.0000 2542.2341   13.1575
   -7.5000   -7.5000    0.0000 2655.5532   11.9460
    0.0000   -7.5000    0.0000 2657.7517   11.9002
    7.5000   -7.5000    0.0000 2638.7661   12.0543
   -7.5000    0.0000    0.0000 2745.0427   11.0616
    0.0000    0.0000    0.0000 2753.0225   11.0450
    7.5000    0.0000    0.0000 2729.7087   11.1543
   -7.5000    7.5000    0.0000 2830.1692   10.4916
    0.0000    7.5000    0.0000 2837.4536   10.4795
    7.5000    7.5000    0.0000 2810.3940   10.5559
   -7.5000   15.0000    0.0000 2891.0894   10.2221
    0.0000   15.0000    0.0000 2904.3572   10.2113
    7.5000   15.0000    0.0000 2866.6787   10.2996
   -7.5000   22.5000    0.0000 2920.0925   10.1543
    0.0000   22.5000    0.0000 2937.6890   10.1704
    7.5000   22.5000    0.0000 2890.0703   10.3250
   -7.5000   30.0000    0.0000 2895.5696   10.4708
    0.0000   30.0000    0.0000 2902.7356   10.4558
    7.5000   30.0000    0.0000 2868.2749   10.6504
   -7.5000   37.5000    0.0000 2843.6042   11.0409
    0.0000   37.5000    0.0000 2851.8098   10.9636
    7.5000   37.5000    0.0000 2818.2227   11.2056
   -7.5000   45.0000    0.0000 2752.2363   11.8742
    0.0000   45.0000    0.0000 2761.3325   11.7926
    7.5000   45.0000    0.0000 2733.0977   12.0354
   -7.5000   52.5000    0.0000 2612.9822   12.8844
    0.0000   52.5000    0.0000 2620.5190   12.8001
    7.5000   52.5000    0.0000 2594.3809   13.0582
   -7.5000  -37.5000    7.5000 2193.3831   17.5784
    0.0000  -37.5000    7.5000 2198.0769   17.4373
    7.5000  -37.5000    7.5000 2176.5234   17.7914
   -7.5000  -30.0000    7.5000 2351.8423   15.4484
    0.0000  -30.0000    7.5000 2356.4133   15.3039
    7.5000  -30.0000    7.5000 2335.7051   15.6512
   -7.5000  -22.5000    7.5000 2476.3733   13.8813
    0.0000  -22.5000    7.5000 2476.6543   13.7528
    7.5000  -22.5000    7.5000 2460.5469   14.0841
   -7.5000  -15.0000    7.5000 2578.8335   12.6519
    0.0000  -15.0000    7.5000 2577.5154   12.5276
    7.5000  -15.0000    7.5000 2560.7036   12.8312
   -7.5000   -7.5000    7.5000 2683.1533   11.5981
    0.0000   -7.5000    7.5000 2681.1624   11.4978
    7.5000   -7.5000    7.5000 2665.1721   11.7406
   -7.5000    0.0000    7.5000 2783.1572   10.6911
    0.0000    0.0000    7.5000 2784.3618   10.6365
    7.5000    0.0000    7.5000 2764.4612   10.8192
   -7.5000    7.5000    7.5000 2884.4719   10.0893
    0.0000    7.5000    7.5000 2894.2363   10.0604
    7.5000    7.5000    7.5000 2867.2510   10.2024
   -7.5000   15.0000    7.5000 2957.0193    9.7866
    0.0000   15.0000    7.5000 2978.1865    9.7917
    7.5000   15.0000    7.5000 2931.8618    9.9120
   -7.5000   22.5000    7.5000 2987.3396    9.7132
    0.0000   22.5000    7.5000 3020.4224    9.7074
    7.5000   22.5000    7.5000 2956.6091    9.9487
   -7.5000   30.0000    7.5000 2962.0190   10.1066
    0.0000   30.0000    7.5000 2982.6870   10.0859
    7.5000   30.0000    7.5000 2931.8074   10.3255
   -7.5000   37.5000    7.5000 2895.2549   10.7006
    0.0000   37.5000    7.5000 2907.9165   10.6553
    7.5000   37.5000    7.5000 2869.9197   10.8951
   -7.5000   45.0000    7.5000 2795.1433   11.5191
    0.0000   45.0000    7.5000 2804.8279   11.4719
    7.5000   45.0000    7.5000 2773.4065   11.7256
   -7.5000   52.5000    7.5000 2644.0906   12.5140
    0.0000   52.5000    7.5000 2653.5896   12.4542
    7.5000   52.5000    7.5000 2627.1689   12.7190
   -7.5000  -37.5000   15.0000 2197.1167   17.5409
    0.0000  -37.5000   15.0000 2199.3418   17.3632
    7.5000  -37.5000   15.0000 2179.6482   17.7398
   -7.5000  -30.0000   15.0000 2357.9241   15.3671
    0.0000  -30.0000   15.0000 2361.2432   15.2130
    7.5000  -30.0000   15.0000 2339.6807   15.5544
   -7.5000  -22.5000   15.0000 2479.3296   13.7660
    0.0000  -22.5000   15.0000 2483.7004   13.6218
    7.5000  -22.5000   15.0000 2464.6379   13.9535
   -7.5000  -15.0000   15.0000 2577.4602   12.5372
    0.0000  -15.0000   15.0000 2580.6382   12.3793
    7.5000  -15.0000   15.0000 2566.4507   12.7063
   -7.5000   -7.5000   15.0000 2684.6848   11.4943
    0.0000   -7.5000   15.0000 2685.5681   11.3385
    7.5000   -7.5000   15.0000 2672.4092   11.6278
   -7.5000    0.0000   15.0000 2791.9951   10.6024
    0.0000    0.0000   15.0000 2790.6816   10.4874
    7.5000    0.0000   15.0000 2777.9170   10.7329
   -7.5000    7.5000   15.0000 2899.1641    9.9753
    0.0000    7.5000   15.0000 2907.9998    9.9329
    7.5000    7.5000   15.0000 2883.0491   10.1100
   -7.5000   15.0000   15.0000 2977.4839    9.6487
    0.0000   15.0000   15.0000 2991.0691    9.6649
    7.5000   15.0000   15.0000 2952.2126    9.8160
   -7.5000   22.5000   15.0000 3010.9360    9.6274
    0.0000   22.5000   15.0000 3040.9001    9.6364
    7.5000   22.5000   15.0000 2978.5349    9.8531
   -7.5000   30.0000   15.0000 2985.5352   10.0073
    0.0000   30.0000   15.0000 3011.5945   10.0132
    7.5000   30.0000   15.0000 2952.0120   10.2092
   -7.5000   37.5000   15.0000 2909.3596   10.6072
    0.0000   37.5000   15.0000 2923.7146   10.5890
    7.5000   37.5000   15.0000 2882.8389   10.7885
   -7.5000   45.0000   15.0000 2802.9365   11.4175
    0.0000   45.0000   15.0000 2814.2112   11.3811
    7.5000   45.0000   15.0000 2782.8489   11.6013
   -7.5000   52.5000   15.0000 2650.1321   12.3934
    0.0000   52.5000   15.0000 2656.9204   12.3140
    7.5000   52.5000   15.0000 2633.8225   12.5508
   -7.5000  -37.5000   22.5000 2180.0537   17.6891
    0.0000  -37.5000   22.5000 2185.7429   17.5141
    7.5000  -37.5000   22.5000 2164.7207   17.8751
   -7.5000  -30.0000   22.5000 2341.7505   15.4961
    0.0000  -30.0000   22.5000 2346.5659   15.3343
    7.5000  -30.0000   22.5000 2325.1770   15.6940
   -7.5000  -22.5000   22.5000 2466.8750   13.9329
    0.0000  -22.5000   22.5000 2470.8940   13.7647
    7.5000  -22.5000   22.5000 2455.5315   14.1039
   -7.5000  -15.0000   22.5000 2569.3281   12.6895
    0.0000  -15.0000   22.5000 2572.1086   12.5246
    7.5000  -15.0000   22.5000 2559.7561   12.8399
   -7.5000   -7.5000   22.5000 2674.7537   11.6278
    0.0000   -7.5000   22.5000 2676.5930   11.4751
    7.5000   -7.5000   22.5000 2669.5525   11.7644
   -7.5000    0.0000   22.5000 2776.3369   10.7526
    0.0000    0.0000   22.5000 2777.3291   10.6439
    7.5000    0.0000   22.5000 2773.4512   10.8851
   -7.5000    7.5000   22.5000 2877.4055   10.1344
    0.0000    7.5000   22.5000 2885.1489   10.0870
    7.5000    7.5000   22.5000 2870.0107   10.2540
   -7.5000   15.0000   22.5000 2957.5645    9.8533
    0.0000   15.0000   22.5000 2969.5789    9.8282
    7.5000   15.0000   22.5000 2935.8352    9.9737
   -7.5000   22.5000   22.5000 2984.7888    9.8855
    0.0000   22.5000   22.5000 3006.1306    9.8881
    7.5000   22.5000   22.5000 2959.3030   10.0119
   -7.5000   30.0000   22.5000 2957.0330   10.1506
    0.0000   30.0000   22.5000 2980.5220   10.1538
    7.5000   30.0000   22.5000 2929.5569   10.3038
   -7.5000   37.5000   22.5000 2882.6558   10.7052
    0.0000   37.5000   22.5000 2898.5051   10.6895
    7.5000   37.5000   22.5000 2859.1758   10.8701
   -7.5000   45.0000   22.5000 2775.8396   11.4857
    0.0000   45.0000   22.5000 2788.7158   11.4737
    7.5000   45.0000   22.5000 2762.5088   11.6703
   -7.5000   52.5000   22.5000 2627.0369   12.4201
    0.0000   52.5000   22.5000 2635.1191   12.3882
    7.5000   52.5000   22.5000 2615.9155   12.6002
   -7.5000  -37.5000   30.0000 2145.8799   18.1462
    0.0000  -37.5000   30.0000 2158.1968   17.9133
    7.5000  -37.5000   30.0000 2140.9004   18.3337
   -7.5000  -30.0000   30.0000 2311.2251   15.8675
    0.0000  -30.0000   30.0000 2318.9917   15.6724
    7.5000  -30.0000   30.0000 2300.1375   16.0449
   -7.5000  -22.5000   30.0000 2439.5554   14.2819
    0.0000  -22.5000   30.0000 2447.4429   14.0850
    7.5000  -22.5000   30.0000 2431.7954   14.4101
   -7.5000  -15.0000   30.0000 2544.4619   13.0476
    0.0000  -15.0000   30.0000 2551.1638   12.8747
    7.5000  -15.0000   30.0000 2535.4331   13.1736
   -7.5000   -7.5000   30.0000 2643.3267   12.0359
    0.0000   -7.5000   30.0000 2645.9961   11.8666
    7.5000   -7.5000   30.0000 2637.6235   12.1230
   -7.5000    0.0000   30.0000 2740.8391   11.1798
    0.0000    0.0000   30.0000 2742.1714   11.0314
    7.5000    0.0000   30.0000 2737.2126   11.2666
   -7.5000    7.5000   30.0000 2829.6404   10.5479
    0.0000    7.5000   30.0000 2833.3848   10.4427
    7.5000    7.5000   30.0000 2821.4199   10.6705
   -7.5000   15.0000   30.0000 2892.1021   10.2374
    0.0000   15.0000   30.0000 2897.1521   10.1508
    7.5000   15.0000   30.0000 2876.0479   10.3942
   -7.5000   22.5000   30.0000 2905.7080   10.2437
    0.0000   22.5000   30.0000 2913.3264   10.1928
    7.5000   22.5000   30.0000 2890.1228   10.4127
   -7.5000   30.0000   30.0000 2875.0229   10.5685
    0.0000   30.0000   30.0000 2895.7461   10.5161
    7.5000   30.0000   30.0000 2861.5811   10.6928
   -7.5000   37.5000   30.0000 2809.1140   11.0823
    0.0000   37.5000   30.0000 2822.2698   11.0426
    7.5000   37.5000   30.0000 2795.5154   11.2151
   -7.5000   45.0000   30.0000 2717.4678   11.7939
    0.0000   45.0000   30.0000 2725.3601   11.7488
    7.5000   45.0000   30.0000 2705.4951   11.9682
   -7.5000   52.5000   30.0000 2580.3005   12.6484
    0.0000   52.5000   30.0000 2588.3826   12.5852
    7.5000   52.5000   30.0000 2571.8303   12.8300
   -7.5000  -37.5000   37.5000 2102.5898   18.8620
    0.0000  -37.5000   37.5000 2114.8162   18.6777
    7.5000  -37.5000   37.5000 2104.8589   18.9460
   -7.5000  -30.0000   37.5000 2266.6714   16.5636
    0.0000  -30.0000   37.5000 2279.1694   16.3670
    7.5000  -30.0000   37.5000 2260.7053   16.6493
   -7.5000  -22.5000   37.5000 2393.6431   14.9324
    0.0000  -22.5000   37.5000 2408.9399   14.7551
    7.5000  -22.5000   37.5000 2388.3159   15.0512
   -7.5000  -15.0000   37.5000 2497.5054   13.6696
    0.0000  -15.0000   37.5000 2509.2402   13.5045
    7.5000  -15.0000   37.5000 2489.4548   13.8101
   -7.5000   -7.5000   37.5000 2591.7808   12.6324
    0.0000   -7.5000   37.5000 2597.0688   12.4408
    7.5000   -7.5000   37.5000 2585.9097   12.7350
   -7.5000    0.0000   37.5000 2682.1655   11.7554
    0.0000    0.0000   37.5000 2688.8489   11.5689
    7.5000    0.0000   37.5000 2679.8169   11.8618
   -7.5000    7.5000   37.5000 2762.9902   11.1132
    0.0000    7.5000   37.5000 2772.3369   10.9553
    7.5000    7.5000   37.5000 2755.9551   11.2594
   -7.5000   15.0000   37.5000 2806.4919   10.8049
    0.0000   15.0000   37.5000 2811.3877   10.6671
    7.5000   15.0000   37.5000 2796.4705   10.9853
   -7.5000   22.5000   37.5000 2812.8328   10.7808
    0.0000   22.5000   37.5000 2818.3267   10.6732
    7.5000   22.5000   37.5000 2805.3911   10.9701
   -7.5000   30.0000   37.5000 2778.4919   11.0565
    0.0000   30.0000   37.5000 2794.7095   10.9523
    7.5000   30.0000   37.5000 2769.8628   11.2184
   -7.5000   37.5000   37.5000 2723.5491   11.5758
    0.0000   37.5000   37.5000 2729.4031   11.5004
    7.5000   37.5000   37.5000 2713.1631   11.7347
   -7.5000   45.0000   37.5000 2637.0691   12.2962
    0.0000   45.0000   37.5000 2642.9312   12.2249
    7.5000   45.0000   37.5000 2627.9851   12.4693
   -7.5000   52.5000   37.5000 2510.3657   13.1147
    0.0000   52.5000   37.5000 2516.4341   13.0666
    7.5000   52.5000   37.5000 2502.1089   13.3024
   -7.5000  -37.5000   45.0000 2052.7864   19.9213
    0.0000  -37.5000   45.0000 2064.4102   19.7409
    7.5000  -37.5000   45.0000 2053.0486   19.9413
   -7.5000  -30.0000   45.0000 2213.4517   17.5011
    0.0000  -30.0000   45.0000 2231.8022   17.3379
    7.5000  -30.0000   45.0000 2209.5898   17.5644
   -7.5000  -22.5000   45.0000 2338.1899   15.7819
    0.0000  -22.5000   45.0000 2362.1440   15.6313
    7.5000  -22.5000   45.0000 2334.8567   15.8791
   -7.5000  -15.0000   45.0000 2438.4636   14.4797
    0.0000  -15.0000   45.0000 2458.9446   14.3188
    7.5000  -15.0000   45.0000 2432.8311   14.5751
   -7.5000   -7.5000   45.0000 2529.7722   13.4041
    0.0000   -7.5000   45.0000 2542.4355   13.2318
    7.5000   -7.5000   45.0000 2523.7429   13.4803
   -7.5000    0.0000   45.0000 2612.3733   12.5225
    0.0000    0.0000   45.0000 2624.7378   12.3332
    7.5000    0.0000   45.0000 2609.2190   12.5891
   -7.5000    7.5000   45.0000 2681.9341   11.8957
    0.0000    7.5000   45.0000 2692.8704   11.7251
    7.5000    7.5000   45.0000 2675.2703   12.0023
   -7.5000   15.0000   45.0000 2712.3794   11.5720
    0.0000   15.0000   45.0000 2715.8333   11.4215
    7.5000   15.0000   45.0000 2704.5745   11.7118
   -7.5000   22.5000   45.0000 2712.7612   11.5633
    0.0000   22.5000   45.0000 2712.2349   11.4234
    7.5000   22.5000   45.0000 2704.6726   11.6904
   -7.5000   30.0000   45.0000 2679.3184   11.7948
    0.0000   30.0000   45.0000 2691.5530   11.6705
    7.5000   30.0000   45.0000 2674.9946   11.8917
   -7.5000   37.5000   45.0000 2629.5872   12.3015
    0.0000   37.5000   45.0000 2636.9219   12.1758
    7.5000   37.5000   45.0000 2621.0439   12.4068
   -7.5000   45.0000   45.0000 2551.5186   13.0003
    0.0000   45.0000   45.0000 2555.4253   12.8978
    7.5000   45.0000   45.0000 2540.6265   13.1351
   -7.5000   52.5000   45.0000 2430.3733   13.8032
    0.0000   52.5000   45.0000 2434.7998   13.7167
    7.5000   52.5000   45.0000 2423.5259   13.9669

---------------------------------------------------------------------
imgreg_4dfp /opt/freesurfer/average/711-2C_as_mni_average_305 /opt/freesurfer/average/711-2B_as_mni_average_305_mask talsrcimg_g11 none talsrcimg_to_711-2C_as_mni_average_305_t4 1283
---------------------------------------------------------------------

freesurfer imgreg_4dfp.c
/opt/freesurfer/average/711-2C_as_mni_average_305.4dfp.img
       256       256       256         1
  1.000000  1.000000  1.000000
orientation T byte_order littleendian
Reading image: /opt/freesurfer/average/711-2C_as_mni_average_305.4dfp.img
dimensions:      256       256       256
mmppix:       1.0000   -1.0000   -1.0000
center:     128.0000 -129.0000 -129.0000
/opt/freesurfer/average/711-2B_as_mni_average_305_mask.4dfp.img
       256       256       256         1
  1.000000  1.000000  1.000000
orientation T byte_order littleendian
Reading mask: /opt/freesurfer/average/711-2B_as_mni_average_305_mask.4dfp.img (2306576 pixels)
talsrcimg_g11.4dfp.img
       256       256       256         1
  1.000000  1.000000  1.000000
orientation T byte_order littleendian
Reading image: talsrcimg_g11.4dfp.img
dimensions:      256       256       256
mmppix:       1.0000   -1.0000   -1.0000
center:     128.0000 -129.0000 -129.0000
rotation matrix determinant  1.000000
fimgreg.f
image alignment mode   1283 decimal      503 hex
parameters
    0.0000   22.5000   15.0000    0.0000    0.0000    0.0000
eta,q 0.95439  9.65541
niter,ni,del,rscale     5    3   12.0000    1.2000
parameter  5  0.512859 ->  0.500000 qaram    1.1500
parameters
   -1.3434   23.9369   14.2553   -0.1705   -3.4500    0.9128
eta,q 0.95822  9.60234
  0.0541  0.0614  0.0491  0.0492  0.0440  0.0488
  0.0483  0.0543  0.0458  0.0450  0.0423  0.0458
  0.0452  0.0481  0.0439  0.0436  0.0422  0.0434
  0.0463  0.0449  0.0443  0.0438  0.0437  0.0421
  0.0509  0.0442  0.0455  0.0446  0.0471  0.0419
  0.0573  0.0466  0.0480  0.0466  0.0516  0.0433
  0.0629  0.0510  0.0522  0.0487  0.0564  0.0459
niter,ni,del,rscale     5    3   12.0000    1.2000
parameters
   -0.9557   24.2003   14.5718   -0.8463   -3.4005    0.9605
eta,q 0.95848  9.61592
  0.0581  0.0537  0.0480  0.0466  0.0505  0.0473
  0.0510  0.0468  0.0435  0.0421  0.0465  0.0444
  0.0452  0.0430  0.0416  0.0414  0.0432  0.0425
  0.0418  0.0416  0.0416  0.0417  0.0415  0.0415
  0.0431  0.0426  0.0424  0.0429  0.0426  0.0420
  0.0487  0.0462  0.0434  0.0453  0.0460  0.0442
  0.0547  0.0513  0.0459  0.0480  0.0506  0.0473
niter,ni,del,rscale     4    3   12.0000    1.2000
parameters
   -0.8868   24.4081   14.4081   -0.8510   -3.4484    0.9488
eta,q 0.95853  9.62056
  0.0568  0.0549  0.0470  0.0483  0.0502  0.0471
  0.0499  0.0465  0.0430  0.0432  0.0462  0.0442
  0.0444  0.0423  0.0414  0.0414  0.0430  0.0424
  0.0415  0.0415  0.0415  0.0415  0.0415  0.0415
  0.0439  0.0429  0.0425  0.0423  0.0426  0.0421
  0.0499  0.0469  0.0439  0.0444  0.0462  0.0443
  0.0559  0.0519  0.0470  0.0472  0.0508  0.0472
niter,ni,del,rscale     3    3   12.0000    1.2000
parameters
   -0.8739   24.4281   14.4315   -0.8616   -3.4627    0.9504
eta,q 0.95852  9.62214
  0.0566  0.0540  0.0474  0.0483  0.0503  0.0472
  0.0496  0.0457  0.0433  0.0432  0.0463  0.0442
  0.0442  0.0421  0.0414  0.0415  0.0431  0.0424
  0.0415  0.0415  0.0415  0.0415  0.0415  0.0415
  0.0440  0.0431  0.0424  0.0423  0.0426  0.0421
  0.0500  0.0474  0.0437  0.0444  0.0461  0.0443
  0.0561  0.0523  0.0467  0.0472  0.0507  0.0472
registration optimization eta report
parameter search radius
    6.0000    6.0000    6.0000    6.0000    6.9000    6.0000
100000*second partial in parameter space
       40.       33.       16.       18.       18.       16.
  0.0566  0.0540  0.0474  0.0483  0.0503  0.0472
  0.0496  0.0457  0.0433  0.0432  0.0463  0.0442
  0.0442  0.0421  0.0414  0.0415  0.0431  0.0424
  0.0415  0.0415  0.0415  0.0415  0.0415  0.0415
  0.0440  0.0431  0.0424  0.0423  0.0426  0.0421
  0.0500  0.0474  0.0437  0.0444  0.0461  0.0443
  0.0561  0.0523  0.0467  0.0472  0.0507  0.0472
   -0.8739   24.4281   14.4315   -0.8616   -3.4627    0.9504
eta,q 0.95852  9.62214

---------------------------------------------------------------------
imgreg_4dfp /opt/freesurfer/average/711-2C_as_mni_average_305 /opt/freesurfer/average/711-2B_as_mni_average_305_mask talsrcimg_g11 none talsrcimg_to_711-2C_as_mni_average_305_t4 3335
---------------------------------------------------------------------

freesurfer imgreg_4dfp.c
/opt/freesurfer/average/711-2C_as_mni_average_305.4dfp.img
       256       256       256         1
  1.000000  1.000000  1.000000
orientation T byte_order littleendian
Reading image: /opt/freesurfer/average/711-2C_as_mni_average_305.4dfp.img
dimensions:      256       256       256
mmppix:       1.0000   -1.0000   -1.0000
center:     128.0000 -129.0000 -129.0000
/opt/freesurfer/average/711-2B_as_mni_average_305_mask.4dfp.img
       256       256       256         1
  1.000000  1.000000  1.000000
orientation T byte_order littleendian
Reading mask: /opt/freesurfer/average/711-2B_as_mni_average_305_mask.4dfp.img (2306576 pixels)
talsrcimg_g11.4dfp.img
       256       256       256         1
  1.000000  1.000000  1.000000
orientation T byte_order littleendian
Reading image: talsrcimg_g11.4dfp.img
dimensions:      256       256       256
mmppix:       1.0000   -1.0000   -1.0000
center:     128.0000 -129.0000 -129.0000
fimgreg.f
image alignment mode   3335 decimal      D07 hex
parameters
   -0.8739   24.4281   14.4315   -0.1963   -0.0266   -0.1939
   -1.7492    6.0134    1.6556    1.6036   -6.0399   -1.5009
eta,q 0.95878  9.68295
niter,ni,del,rscale     5    3    5.0000    1.2000
parameter  4  0.626519 ->  0.500000 qaram    1.1500
parameter  5  1.670391 ->  0.500000 qaram    1.1500
parameter  6  1.742792 ->  0.500000 qaram    1.1500
parameters
   -0.6513   24.7483   14.5547   -4.3363   -4.1666   -4.3339
   -0.7433    6.7936    1.8827    1.0075   -4.3221    1.9223
eta,q 0.96908  9.32502
  0.0444  0.0432  0.0425  0.0401  0.0355  0.0289  0.0336  0.0356  0.0333  0.0341  0.0332  0.0337
  0.0428  0.0424  0.0419  0.0399  0.0364  0.0307  0.0326  0.0336  0.0322  0.0326  0.0322  0.0327
  0.0417  0.0417  0.0414  0.0401  0.0377  0.0334  0.0318  0.0321  0.0315  0.0316  0.0316  0.0319
  0.0412  0.0412  0.0411  0.0411  0.0399  0.0367  0.0314  0.0314  0.0313  0.0313  0.0313  0.0312
  0.0414  0.0411  0.0411  0.0434  0.0427  0.0409  0.0314  0.0315  0.0315  0.0318  0.0312  0.0309
  0.0421  0.0416  0.0416  0.0467  0.0453  0.0457  0.0318  0.0324  0.0321  0.0332  0.0315  0.0310
  0.0434  0.0426  0.0423  0.0505  0.0483  0.0510  0.0327  0.0342  0.0330  0.0353  0.0319  0.0314
niter,ni,del,rscale     7    3    5.0000    1.2000
parameter  3  0.553219 ->  0.500000 qaram    1.1500
parameter  5  0.600424 ->  0.500000 qaram    1.3225
parameter  6  0.873387 ->  0.500000 qaram    1.3225
parameters
   -0.7138   23.6998   13.1747   -4.8621   -8.9276   -9.0949
    0.0166    6.5984    1.6098   -1.1206   -4.1613    0.1736
eta,q 0.97534  9.00296
  0.0329  0.0312  0.0304  0.0327  0.0297  0.0255  0.0271  0.0286  0.0264  0.0259  0.0263  0.0252
  0.0318  0.0306  0.0301  0.0316  0.0291  0.0248  0.0261  0.0267  0.0256  0.0251  0.0254  0.0248
  0.0311  0.0305  0.0302  0.0307  0.0293  0.0260  0.0253  0.0254  0.0250  0.0247  0.0249  0.0247
  0.0309  0.0309  0.0305  0.0301  0.0302  0.0291  0.0249  0.0249  0.0249  0.0249  0.0247  0.0247
  0.0312  0.0317  0.0310  0.0302  0.0320  0.0330  0.0250  0.0254  0.0252  0.0257  0.0249  0.0250
  0.0320  0.0328  0.0318  0.0314  0.0349  0.0374  0.0255  0.0269  0.0258  0.0271  0.0254  0.0254
  0.0331  0.0343  0.0329  0.0344  0.0375  0.0427  0.0264  0.0292  0.0267  0.0290  0.0261  0.0261
niter,ni,del,rscale     7    3    5.0000    1.2000
parameter  3  0.560939 ->  0.500000 qaram    1.3225
parameters
   -0.8828   22.5419   11.5877   -2.2754   -9.5072  -12.2862
   -0.1122    6.4335    1.4853   -1.4875   -3.7950    0.8868
eta,q 0.97785  8.99480
  0.0266  0.0248  0.0239  0.0275  0.0267  0.0256  0.0241  0.0261  0.0240  0.0246  0.0240  0.0236
  0.0255  0.0242  0.0233  0.0260  0.0248  0.0239  0.0231  0.0242  0.0230  0.0232  0.0231  0.0229
  0.0248  0.0242  0.0234  0.0245  0.0233  0.0221  0.0224  0.0227  0.0224  0.0224  0.0224  0.0224
  0.0247  0.0246  0.0241  0.0233  0.0226  0.0226  0.0222  0.0222  0.0222  0.0222  0.0222  0.0222
  0.0251  0.0256  0.0253  0.0226  0.0233  0.0262  0.0224  0.0227  0.0224  0.0225  0.0223  0.0222
  0.0259  0.0268  0.0270  0.0228  0.0251  0.0310  0.0231  0.0243  0.0231  0.0235  0.0228  0.0226
  0.0272  0.0284  0.0290  0.0247  0.0283  0.0371  0.0242  0.0267  0.0241  0.0252  0.0237  0.0231
niter,ni,del,rscale     7    3    5.0000    1.2000
parameters
   -0.7561   22.6120   11.1678   -1.4688   -8.9108  -13.4159
   -0.1004    6.4117    1.5217   -1.6062   -3.5781    1.0858
eta,q 0.97780  9.00027
  0.0249  0.0246  0.0245  0.0262  0.0266  0.0269  0.0242  0.0262  0.0241  0.0247  0.0239  0.0235
  0.0235  0.0233  0.0230  0.0247  0.0246  0.0251  0.0231  0.0243  0.0231  0.0234  0.0230  0.0228
  0.0226  0.0224  0.0222  0.0232  0.0229  0.0234  0.0225  0.0228  0.0224  0.0225  0.0224  0.0223
  0.0221  0.0221  0.0221  0.0220  0.0218  0.0217  0.0222  0.0222  0.0222  0.0222  0.0222  0.0222
  0.0223  0.0224  0.0229  0.0216  0.0221  0.0226  0.0224  0.0226  0.0224  0.0225  0.0224  0.0223
  0.0231  0.0231  0.0242  0.0229  0.0234  0.0265  0.0231  0.0241  0.0231  0.0234  0.0229  0.0227
  0.0244  0.0243  0.0259  0.0256  0.0260  0.0316  0.0242  0.0264  0.0241  0.0249  0.0237  0.0233
niter,ni,del,rscale     6    3    5.0000    1.2000
parameters
   -0.7195   22.6950   10.8855   -1.1752   -8.6327  -13.8545
   -0.1260    6.4051    1.5397   -1.6159   -3.5063    0.9844
eta,q 0.97773  9.00324
  0.0248  0.0247  0.0245  0.0262  0.0267  0.0274  0.0242  0.0263  0.0241  0.0248  0.0238  0.0234
  0.0234  0.0234  0.0230  0.0247  0.0247  0.0255  0.0232  0.0243  0.0232  0.0235  0.0230  0.0228
  0.0225  0.0225  0.0223  0.0233  0.0230  0.0238  0.0225  0.0229  0.0225  0.0226  0.0225  0.0224
  0.0222  0.0222  0.0222  0.0221  0.0221  0.0221  0.0223  0.0223  0.0223  0.0223  0.0223  0.0223
  0.0224  0.0225  0.0228  0.0220  0.0225  0.0221  0.0225  0.0227  0.0225  0.0225  0.0224  0.0224
  0.0233  0.0232  0.0238  0.0235  0.0239  0.0252  0.0232  0.0242  0.0231  0.0234  0.0229  0.0228
  0.0247  0.0243  0.0253  0.0264  0.0266  0.0300  0.0243  0.0265  0.0242  0.0249  0.0238  0.0235
niter,ni,del,rscale     5    3    5.0000    1.2000
parameters
   -0.7104   22.7492   10.7603   -1.0712   -8.5137  -13.9913
   -0.1538    6.4032    1.5493   -1.5807   -3.4879    0.8733
eta,q 0.97771  9.00539
  0.0249  0.0247  0.0247  0.0262  0.0268  0.0275  0.0242  0.0263  0.0242  0.0248  0.0238  0.0234
  0.0235  0.0234  0.0232  0.0247  0.0248  0.0257  0.0232  0.0244  0.0232  0.0235  0.0230  0.0228
  0.0226  0.0225  0.0224  0.0233  0.0231  0.0240  0.0226  0.0229  0.0225  0.0226  0.0225  0.0224
  0.0223  0.0223  0.0223  0.0223  0.0222  0.0222  0.0223  0.0223  0.0223  0.0223  0.0223  0.0223
  0.0225  0.0225  0.0227  0.0222  0.0227  0.0219  0.0225  0.0227  0.0225  0.0225  0.0225  0.0225
  0.0234  0.0233  0.0236  0.0238  0.0242  0.0247  0.0232  0.0242  0.0231  0.0234  0.0230  0.0228
  0.0249  0.0244  0.0250  0.0268  0.0269  0.0294  0.0243  0.0265  0.0242  0.0248  0.0238  0.0235
niter,ni,del,rscale     4    3    5.0000    1.2000
parameters
   -0.7077   22.7763   10.7121   -1.0407   -8.4621  -14.0249
   -0.1641    6.4049    1.5554   -1.5511   -3.4926    0.8085
eta,q 0.97771  9.00672
  0.0249  0.0246  0.0249  0.0262  0.0268  0.0276  0.0242  0.0263  0.0241  0.0248  0.0238  0.0234
  0.0235  0.0233  0.0233  0.0247  0.0248  0.0257  0.0232  0.0244  0.0232  0.0235  0.0230  0.0228
  0.0226  0.0225  0.0225  0.0233  0.0231  0.0241  0.0226  0.0229  0.0225  0.0226  0.0225  0.0224
  0.0223  0.0223  0.0223  0.0223  0.0223  0.0223  0.0223  0.0223  0.0223  0.0223  0.0223  0.0223
  0.0226  0.0226  0.0227  0.0222  0.0228  0.0219  0.0225  0.0227  0.0225  0.0225  0.0225  0.0224
  0.0234  0.0233  0.0236  0.0239  0.0243  0.0246  0.0232  0.0242  0.0231  0.0234  0.0230  0.0228
  0.0249  0.0245  0.0249  0.0269  0.0271  0.0292  0.0243  0.0265  0.0242  0.0248  0.0238  0.0235
niter,ni,del,rscale     3    3    5.0000    1.2000
parameters
   -0.7063   22.7885   10.6929   -1.0392   -8.4438  -14.0336
   -0.1651    6.4077    1.5614   -1.5363   -3.4882    0.7854
eta,q 0.97770  9.00706
  0.0249  0.0246  0.0249  0.0262  0.0268  0.0276  0.0242  0.0263  0.0241  0.0248  0.0238  0.0234
  0.0235  0.0233  0.0234  0.0247  0.0248  0.0257  0.0232  0.0244  0.0232  0.0235  0.0230  0.0228
  0.0226  0.0225  0.0225  0.0233  0.0231  0.0241  0.0226  0.0229  0.0225  0.0226  0.0225  0.0224
  0.0223  0.0223  0.0223  0.0223  0.0223  0.0223  0.0223  0.0223  0.0223  0.0223  0.0223  0.0223
  0.0226  0.0226  0.0227  0.0223  0.0228  0.0219  0.0225  0.0227  0.0225  0.0225  0.0225  0.0224
  0.0235  0.0234  0.0235  0.0240  0.0243  0.0246  0.0232  0.0242  0.0231  0.0234  0.0230  0.0228
  0.0249  0.0245  0.0248  0.0270  0.0271  0.0292  0.0243  0.0265  0.0242  0.0249  0.0238  0.0235
registration optimization eta report
parameter search radius
    2.4000    2.4000    3.1740    8.2800    9.5220    9.5220
    7.2000    7.2000    7.2000    7.2000    7.2000    7.2000
100000*second partial in parameter space
       45.       39.       25.        6.        5.        7.
        4.        8.        4.        5.        3.        2.
  0.0249  0.0246  0.0249  0.0262  0.0268  0.0276  0.0242  0.0263  0.0241  0.0248  0.0238  0.0234
  0.0235  0.0233  0.0234  0.0247  0.0248  0.0257  0.0232  0.0244  0.0232  0.0235  0.0230  0.0228
  0.0226  0.0225  0.0225  0.0233  0.0231  0.0241  0.0226  0.0229  0.0225  0.0226  0.0225  0.0224
  0.0223  0.0223  0.0223  0.0223  0.0223  0.0223  0.0223  0.0223  0.0223  0.0223  0.0223  0.0223
  0.0226  0.0226  0.0227  0.0223  0.0228  0.0219  0.0225  0.0227  0.0225  0.0225  0.0225  0.0224
  0.0235  0.0234  0.0235  0.0240  0.0243  0.0246  0.0232  0.0242  0.0231  0.0234  0.0230  0.0228
  0.0249  0.0245  0.0248  0.0270  0.0271  0.0292  0.0243  0.0265  0.0242  0.0249  0.0238  0.0235
   -0.7063   22.7885   10.6929   -1.0392   -8.4438  -14.0336
   -0.1651    6.4077    1.5614   -1.5363   -3.4882    0.7854
eta,q 0.97770  9.00706

---------------------------------------------------------------------
imgreg_4dfp /opt/freesurfer/average/711-2C_as_mni_average_305 /opt/freesurfer/average/711-2B_as_mni_average_305_mask talsrcimg_g11 none talsrcimg_to_711-2C_as_mni_average_305_t4 2311
---------------------------------------------------------------------

freesurfer imgreg_4dfp.c
/opt/freesurfer/average/711-2C_as_mni_average_305.4dfp.img
       256       256       256         1
  1.000000  1.000000  1.000000
orientation T byte_order littleendian
Reading image: /opt/freesurfer/average/711-2C_as_mni_average_305.4dfp.img
dimensions:      256       256       256
mmppix:       1.0000   -1.0000   -1.0000
center:     128.0000 -129.0000 -129.0000
/opt/freesurfer/average/711-2B_as_mni_average_305_mask.4dfp.img
       256       256       256         1
  1.000000  1.000000  1.000000
orientation T byte_order littleendian
Reading mask: /opt/freesurfer/average/711-2B_as_mni_average_305_mask.4dfp.img (2306576 pixels)
talsrcimg_g11.4dfp.img
       256       256       256         1
  1.000000  1.000000  1.000000
orientation T byte_order littleendian
Reading image: talsrcimg_g11.4dfp.img
dimensions:      256       256       256
mmppix:       1.0000   -1.0000   -1.0000
center:     128.0000 -129.0000 -129.0000
fimgreg.f
image alignment mode   2311 decimal      907 hex
parameters
   -0.7063   22.7885   10.6929   -1.0392   -8.4438  -14.0336
   -0.1651    6.4077    1.5614   -1.5363   -3.4882    0.7854
eta,q 0.97770  9.00706
niter,ni,del,rscale     5    3    5.0000    0.8000
parameters
   -0.6879   22.7555   10.5506   -0.0820   -8.1747  -12.5722
   -0.3982    6.3269    1.4126   -1.3882   -3.6928    0.0436
eta,q 0.97837  9.06879
  0.0235  0.0233  0.0229  0.0243  0.0237  0.0247  0.0225  0.0239  0.0225  0.0230  0.0225  0.0221
  0.0229  0.0227  0.0225  0.0235  0.0229  0.0238  0.0220  0.0228  0.0220  0.0223  0.0220  0.0218
  0.0224  0.0224  0.0223  0.0228  0.0223  0.0230  0.0217  0.0220  0.0218  0.0218  0.0217  0.0217
  0.0223  0.0223  0.0223  0.0223  0.0221  0.0221  0.0217  0.0217  0.0217  0.0217  0.0217  0.0217
  0.0224  0.0224  0.0224  0.0221  0.0223  0.0217  0.0218  0.0220  0.0218  0.0218  0.0218  0.0218
  0.0228  0.0228  0.0227  0.0224  0.0227  0.0220  0.0222  0.0228  0.0221  0.0222  0.0221  0.0220
  0.0235  0.0234  0.0231  0.0234  0.0234  0.0231  0.0227  0.0241  0.0226  0.0229  0.0226  0.0224
niter,ni,del,rscale     4    3    5.0000    0.7000
parameters
   -0.7287   22.8101   10.8432   -0.4607   -8.3153  -12.2597
   -0.2630    6.3831    1.4278   -1.2790   -3.7747   -0.0648
eta,q 0.97843  9.06514
  0.0226  0.0225  0.0226  0.0228  0.0227  0.0238  0.0224  0.0234  0.0223  0.0226  0.0222  0.0220
  0.0221  0.0220  0.0221  0.0222  0.0221  0.0230  0.0219  0.0225  0.0219  0.0220  0.0219  0.0217
  0.0217  0.0217  0.0218  0.0218  0.0217  0.0222  0.0217  0.0218  0.0217  0.0217  0.0216  0.0216
  0.0216  0.0216  0.0216  0.0216  0.0216  0.0216  0.0216  0.0216  0.0216  0.0216  0.0216  0.0216
  0.0218  0.0217  0.0216  0.0218  0.0218  0.0216  0.0216  0.0218  0.0216  0.0216  0.0217  0.0216
  0.0221  0.0220  0.0218  0.0225  0.0222  0.0223  0.0219  0.0224  0.0219  0.0220  0.0219  0.0218
  0.0228  0.0224  0.0220  0.0236  0.0228  0.0235  0.0223  0.0234  0.0223  0.0225  0.0223  0.0220
niter,ni,del,rscale     3    3    5.0000    0.6000
parameters
   -0.7180   22.7799   10.9359   -0.4875   -8.4189  -12.0543
   -0.2431    6.4054    1.4350   -1.2595   -3.8163   -0.0761
eta,q 0.97845  9.06664
  0.0224  0.0222  0.0222  0.0226  0.0224  0.0233  0.0221  0.0230  0.0220  0.0223  0.0221  0.0219
  0.0219  0.0218  0.0219  0.0221  0.0219  0.0226  0.0218  0.0222  0.0218  0.0219  0.0218  0.0217
  0.0217  0.0216  0.0217  0.0218  0.0216  0.0219  0.0216  0.0217  0.0216  0.0216  0.0216  0.0216
  0.0216  0.0216  0.0216  0.0216  0.0216  0.0216  0.0215  0.0215  0.0215  0.0215  0.0215  0.0215
  0.0216  0.0217  0.0216  0.0216  0.0217  0.0216  0.0216  0.0217  0.0216  0.0216  0.0216  0.0216
  0.0219  0.0219  0.0217  0.0220  0.0220  0.0221  0.0218  0.0222  0.0218  0.0219  0.0218  0.0217
  0.0223  0.0222  0.0220  0.0228  0.0225  0.0231  0.0221  0.0229  0.0221  0.0223  0.0221  0.0219
niter,ni,del,rscale     2    3    5.0000    0.5000
parameters
   -0.7165   22.7587   10.9998   -0.4506   -8.4992  -11.9088
   -0.2465    6.4228    1.4307   -1.2488   -3.8581   -0.0915
eta,q 0.97847  9.06842
  0.0221  0.0220  0.0220  0.0223  0.0221  0.0228  0.0219  0.0225  0.0219  0.0220  0.0219  0.0218
  0.0218  0.0217  0.0217  0.0220  0.0218  0.0223  0.0217  0.0220  0.0217  0.0218  0.0217  0.0216
  0.0216  0.0216  0.0216  0.0217  0.0216  0.0218  0.0216  0.0217  0.0216  0.0216  0.0216  0.0216
  0.0215  0.0215  0.0215  0.0215  0.0215  0.0215  0.0215  0.0215  0.0215  0.0215  0.0215  0.0215
  0.0216  0.0216  0.0216  0.0216  0.0216  0.0216  0.0216  0.0216  0.0216  0.0216  0.0216  0.0216
  0.0218  0.0217  0.0217  0.0219  0.0219  0.0220  0.0217  0.0220  0.0217  0.0217  0.0217  0.0216
  0.0221  0.0220  0.0219  0.0224  0.0222  0.0227  0.0219  0.0225  0.0219  0.0220  0.0219  0.0218
niter,ni,del,rscale     1    3    5.0000    0.4000
parameters
   -0.7161   22.7482   11.0430   -0.4044   -8.5602  -11.8223
   -0.2488    6.4427    1.4219   -1.2258   -3.9010   -0.0932
eta,q 0.97847  9.06966
  0.0219  0.0218  0.0218  0.0221  0.0219  0.0224  0.0218  0.0222  0.0217  0.0219  0.0218  0.0217
  0.0217  0.0216  0.0217  0.0218  0.0217  0.0220  0.0216  0.0218  0.0216  0.0217  0.0216  0.0216
  0.0216  0.0216  0.0216  0.0216  0.0216  0.0217  0.0216  0.0216  0.0216  0.0216  0.0216  0.0215
  0.0215  0.0215  0.0215  0.0215  0.0215  0.0215  0.0215  0.0215  0.0215  0.0215  0.0215  0.0215
  0.0216  0.0216  0.0215  0.0216  0.0216  0.0216  0.0216  0.0216  0.0215  0.0216  0.0216  0.0215
  0.0217  0.0217  0.0216  0.0217  0.0217  0.0219  0.0216  0.0218  0.0216  0.0217  0.0216  0.0216
  0.0219  0.0218  0.0217  0.0221  0.0220  0.0223  0.0218  0.0222  0.0218  0.0218  0.0218  0.0217
registration optimization eta report
parameter search radius
    0.8000    0.8000    0.8000    2.4000    2.4000    2.4000
    2.4000    2.4000    2.4000    2.4000    2.4000    2.4000
100000*second partial in parameter space
       54.       43.       37.        9.        7.       15.
        4.       11.        4.        6.        4.        3.
  0.0219  0.0218  0.0218  0.0221  0.0219  0.0224  0.0218  0.0222  0.0217  0.0219  0.0218  0.0217
  0.0217  0.0216  0.0217  0.0218  0.0217  0.0220  0.0216  0.0218  0.0216  0.0217  0.0216  0.0216
  0.0216  0.0216  0.0216  0.0216  0.0216  0.0217  0.0216  0.0216  0.0216  0.0216  0.0216  0.0215
  0.0215  0.0215  0.0215  0.0215  0.0215  0.0215  0.0215  0.0215  0.0215  0.0215  0.0215  0.0215
  0.0216  0.0216  0.0215  0.0216  0.0216  0.0216  0.0216  0.0216  0.0215  0.0216  0.0216  0.0215
  0.0217  0.0217  0.0216  0.0217  0.0217  0.0219  0.0216  0.0218  0.0216  0.0217  0.0216  0.0216
  0.0219  0.0218  0.0217  0.0221  0.0220  0.0223  0.0218  0.0222  0.0218  0.0218  0.0218  0.0217
   -0.7161   22.7482   11.0430   -0.4044   -8.5602  -11.8223
   -0.2488    6.4427    1.4219   -1.2258   -3.9010   -0.0932
eta,q 0.97847  9.06966

---------------------------------------------------------------------
imgreg_4dfp /opt/freesurfer/average/711-2C_as_mni_average_305 /opt/freesurfer/average/711-2B_as_mni_average_305_mask talsrcimg_g11 none talsrcimg_to_711-2C_as_mni_average_305_t4 2311
---------------------------------------------------------------------

freesurfer imgreg_4dfp.c
/opt/freesurfer/average/711-2C_as_mni_average_305.4dfp.img
       256       256       256         1
  1.000000  1.000000  1.000000
orientation T byte_order littleendian
Reading image: /opt/freesurfer/average/711-2C_as_mni_average_305.4dfp.img
dimensions:      256       256       256
mmppix:       1.0000   -1.0000   -1.0000
center:     128.0000 -129.0000 -129.0000
/opt/freesurfer/average/711-2B_as_mni_average_305_mask.4dfp.img
       256       256       256         1
  1.000000  1.000000  1.000000
orientation T byte_order littleendian
Reading mask: /opt/freesurfer/average/711-2B_as_mni_average_305_mask.4dfp.img (2306576 pixels)
talsrcimg_g11.4dfp.img
       256       256       256         1
  1.000000  1.000000  1.000000
orientation T byte_order littleendian
Reading image: talsrcimg_g11.4dfp.img
dimensions:      256       256       256
mmppix:       1.0000   -1.0000   -1.0000
center:     128.0000 -129.0000 -129.0000
fimgreg.f
image alignment mode   2311 decimal      907 hex
parameters
   -0.7161   22.7482   11.0430   -0.4044   -8.5602  -11.8223
   -0.2488    6.4427    1.4219   -1.2258   -3.9010   -0.0932
eta,q 0.97847  9.06966
niter,ni,del,rscale     5    3    5.0000    0.8000
parameters
   -0.7226   22.7548   11.0662   -0.8336   -8.4914  -12.1408
   -0.2034    6.4228    1.4645   -1.2955   -3.8383    0.1077
eta,q 0.97841  9.05649
  0.0229  0.0226  0.0225  0.0230  0.0230  0.0238  0.0226  0.0238  0.0225  0.0228  0.0225  0.0222
  0.0221  0.0220  0.0220  0.0223  0.0223  0.0229  0.0220  0.0227  0.0220  0.0221  0.0220  0.0219
  0.0217  0.0216  0.0216  0.0218  0.0218  0.0220  0.0217  0.0219  0.0217  0.0217  0.0217  0.0217
  0.0215  0.0215  0.0215  0.0215  0.0216  0.0216  0.0216  0.0216  0.0216  0.0216  0.0216  0.0216
  0.0217  0.0216  0.0216  0.0218  0.0217  0.0219  0.0217  0.0218  0.0217  0.0217  0.0217  0.0216
  0.0222  0.0220  0.0219  0.0226  0.0222  0.0230  0.0220  0.0227  0.0220  0.0222  0.0220  0.0218
  0.0229  0.0226  0.0224  0.0240  0.0229  0.0250  0.0225  0.0239  0.0225  0.0229  0.0225  0.0221
niter,ni,del,rscale     4    3    5.0000    0.7000
parameters
   -0.7124   22.7344   10.9923   -0.6373   -8.4605  -12.1276
   -0.2256    6.4163    1.4547   -1.3073   -3.8255    0.0898
eta,q 0.97844  9.06142
  0.0226  0.0224  0.0222  0.0230  0.0227  0.0236  0.0223  0.0234  0.0222  0.0225  0.0223  0.0220
  0.0221  0.0219  0.0219  0.0224  0.0221  0.0228  0.0219  0.0224  0.0219  0.0220  0.0219  0.0218
  0.0217  0.0217  0.0216  0.0219  0.0217  0.0220  0.0216  0.0218  0.0216  0.0217  0.0216  0.0216
  0.0216  0.0216  0.0216  0.0216  0.0216  0.0216  0.0216  0.0216  0.0216  0.0216  0.0216  0.0216
  0.0217  0.0217  0.0217  0.0216  0.0217  0.0217  0.0216  0.0218  0.0216  0.0217  0.0216  0.0216
  0.0220  0.0220  0.0220  0.0221  0.0221  0.0225  0.0219  0.0224  0.0219  0.0220  0.0219  0.0218
  0.0226  0.0224  0.0224  0.0230  0.0227  0.0239  0.0223  0.0234  0.0223  0.0225  0.0223  0.0220
niter,ni,del,rscale     3    3    5.0000    0.6000
parameters
   -0.7101   22.7393   10.9920   -0.5304   -8.4781  -12.0203
   -0.2380    6.4194    1.4403   -1.2843   -3.8580    0.0289
eta,q 0.97846  9.06530
  0.0223  0.0222  0.0221  0.0227  0.0224  0.0232  0.0221  0.0229  0.0220  0.0223  0.0221  0.0219
  0.0219  0.0218  0.0218  0.0222  0.0219  0.0225  0.0218  0.0222  0.0218  0.0219  0.0218  0.0217
  0.0216  0.0216  0.0216  0.0218  0.0216  0.0219  0.0216  0.0217  0.0216  0.0216  0.0216  0.0216
  0.0216  0.0216  0.0216  0.0216  0.0216  0.0216  0.0215  0.0215  0.0215  0.0215  0.0215  0.0215
  0.0216  0.0216  0.0216  0.0216  0.0217  0.0217  0.0216  0.0217  0.0216  0.0216  0.0216  0.0216
  0.0219  0.0218  0.0218  0.0220  0.0220  0.0222  0.0218  0.0222  0.0218  0.0218  0.0218  0.0217
  0.0223  0.0222  0.0221  0.0227  0.0224  0.0232  0.0221  0.0229  0.0221  0.0223  0.0221  0.0219
niter,ni,del,rscale     2    3    5.0000    0.5000
parameters
   -0.7117   22.7421   11.0183   -0.4600   -8.5238  -11.9027
   -0.2502    6.4335    1.4155   -1.2565   -3.8674   -0.0472
eta,q 0.97847  9.06792
  0.0221  0.0220  0.0219  0.0223  0.0221  0.0228  0.0219  0.0225  0.0219  0.0220  0.0219  0.0218
  0.0218  0.0217  0.0217  0.0220  0.0218  0.0223  0.0217  0.0220  0.0217  0.0218  0.0217  0.0216
  0.0216  0.0216  0.0216  0.0217  0.0216  0.0218  0.0216  0.0217  0.0216  0.0216  0.0216  0.0216
  0.0215  0.0215  0.0215  0.0215  0.0215  0.0215  0.0215  0.0215  0.0215  0.0215  0.0215  0.0215
  0.0216  0.0216  0.0216  0.0216  0.0216  0.0216  0.0216  0.0216  0.0216  0.0216  0.0216  0.0216
  0.0218  0.0217  0.0217  0.0218  0.0218  0.0220  0.0217  0.0220  0.0217  0.0217  0.0217  0.0216
  0.0221  0.0220  0.0219  0.0223  0.0222  0.0227  0.0219  0.0225  0.0219  0.0220  0.0219  0.0218
niter,ni,del,rscale     1    3    5.0000    0.4000
parameters
   -0.7125   22.7427   11.0480   -0.4081   -8.5672  -11.8230
   -0.2457    6.4453    1.4174   -1.2261   -3.9050   -0.0594
eta,q 0.97847  9.06948
  0.0219  0.0218  0.0218  0.0221  0.0219  0.0224  0.0218  0.0222  0.0218  0.0219  0.0218  0.0217
  0.0217  0.0217  0.0217  0.0218  0.0217  0.0220  0.0216  0.0218  0.0216  0.0217  0.0216  0.0216
  0.0216  0.0216  0.0216  0.0216  0.0216  0.0217  0.0216  0.0216  0.0216  0.0216  0.0216  0.0215
  0.0215  0.0215  0.0215  0.0215  0.0215  0.0215  0.0215  0.0215  0.0215  0.0215  0.0215  0.0215
  0.0216  0.0216  0.0216  0.0216  0.0216  0.0216  0.0216  0.0216  0.0215  0.0216  0.0216  0.0215
  0.0217  0.0217  0.0216  0.0217  0.0217  0.0219  0.0216  0.0218  0.0216  0.0217  0.0216  0.0216
  0.0219  0.0218  0.0218  0.0221  0.0219  0.0223  0.0218  0.0222  0.0218  0.0218  0.0218  0.0217
registration optimization eta report
parameter search radius
    0.8000    0.8000    0.8000    2.4000    2.4000    2.4000
    2.4000    2.4000    2.4000    2.4000    2.4000    2.4000
100000*second partial in parameter space
       54.       44.       37.        9.        7.       15.
        4.       11.        4.        6.        4.        3.
  0.0219  0.0218  0.0218  0.0221  0.0219  0.0224  0.0218  0.0222  0.0218  0.0219  0.0218  0.0217
  0.0217  0.0217  0.0217  0.0218  0.0217  0.0220  0.0216  0.0218  0.0216  0.0217  0.0216  0.0216
  0.0216  0.0216  0.0216  0.0216  0.0216  0.0217  0.0216  0.0216  0.0216  0.0216  0.0216  0.0215
  0.0215  0.0215  0.0215  0.0215  0.0215  0.0215  0.0215  0.0215  0.0215  0.0215  0.0215  0.0215
  0.0216  0.0216  0.0216  0.0216  0.0216  0.0216  0.0216  0.0216  0.0215  0.0216  0.0216  0.0215
  0.0217  0.0217  0.0216  0.0217  0.0217  0.0219  0.0216  0.0218  0.0216  0.0217  0.0216  0.0216
  0.0219  0.0218  0.0218  0.0221  0.0219  0.0223  0.0218  0.0222  0.0218  0.0218  0.0218  0.0217
   -0.7125   22.7427   11.0480   -0.4081   -8.5672  -11.8230
   -0.2457    6.4453    1.4174   -1.2261   -3.9050   -0.0594
eta,q 0.97847  9.06948

---------------------------------------------------------------------
compute_vox2vox talsrcimg talsrcimg_to_711-2C_as_mni_average_305_t4 /opt/freesurfer/average/711-2C_as_mni_average_305
---------------------------------------------------------------------

freesurfer compute_vox2vox.c
Reading: talsrcimg.4dfp.ifh
Reading: talsrcimg_to_711-2C_as_mni_average_305_t4
Reading: /opt/freesurfer/average/711-2C_as_mni_average_305.4dfp.ifh
Writing: talsrcimg_to_711-2C_as_mni_average_305_t4_vox2vox.txt

start time Fri Mar 13 05:50:13 CET 2026
end		time Fri Mar 13 05:51:43 CET 2026

mpr2mni305 success

avi2talxfm orig_nu.mgz /opt/freesurfer/average/mni305.cor.mgz talsrcimg_to_711-2C_as_mni_average_305_t4_vox2vox.txt transforms/talairach.auto.xfm
avi2talxfm done
mv -f /out/sourcedata/freesurfer/sub-v2s4x29626_ses-1/mri/talsrcimg_to_711-2C_as_mni_average_305_t4_vox2vox.txt /out/sourcedata/freesurfer/sub-v2s4x29626_ses-1/mri/transforms/talsrcimg_to_711-2C_as_mni_average_305_t4_vox2vox.txt
lta_convert --src orig_nu.mgz --trg /opt/freesurfer/average/mni305.cor.mgz --inxfm transforms/talairach.auto.xfm --outlta transforms/talairach.auto.xfm.lta --subject fsaverage
7.3.2

--src: orig_nu.mgz src image (geometry).
--trg: /opt/freesurfer/average/mni305.cor.mgz trg image (geometry).
--inmni: transforms/talairach.auto.xfm input MNI/XFM transform.
--outlta: transforms/talairach.auto.xfm.lta output LTA.
--s: fsaverage subject name
 LTA read, type : 1
 1.00119  -0.07315   0.00264  -3.47357;
 0.04433   1.13085   0.00085  -1.26115;
-0.01493   0.01630   1.09367  -21.39453;
 0.00000   0.00000   0.00000   1.00000;
setting subject to fsaverage
Writing  LTA to file transforms/talairach.auto.xfm.lta...
lta_convert successful.
 
 
Started at Fri Mar 13 05:50:13 CET 2026
Ended   at Fri Mar 13 05:51:43 CET 2026
talairach_avi done
