/out/sourcedata/freesurfer/sub-v2s4x29610_ses-1/mri
/opt/freesurfer/bin/talairach_avi
--i orig_nu.mgz --xfm transforms/talairach.auto.xfm
talairach_avi 7.3.2
Linux dna017 5.14.0-427.37.1.el9_4.x86_64 #1 SMP PREEMPT_DYNAMIC Fri Sep 13 12:41:50 EDT 2024 x86_64 x86_64 x86_64 GNU/Linux
Fri Mar 13 05:10:36 CET 2026
mri_convert orig_nu.mgz talsrcimg.img 
reading from orig_nu.mgz...
TR=0.00, TE=0.00, TI=0.00, flip angle=0.00
i_ras = (-1, 1.59162e-12, -3.72529e-09)
j_ras = (3.72529e-09, 2.54659e-11, -1)
k_ras = (1.14824e-10, 1, 0)
writing to talsrcimg.img...
Analyze Output Matrix
-1.00000   0.00000   0.00000   138.64853;
 0.00000   0.00000   1.00000  -129.81158;
-0.00000  -1.00000   0.00000   117.92905;
 0.00000   0.00000   0.00000   1.00000;
--------------------
INFO: set hdr.hist.orient to -1
mpr2mni305 talsrcimg
Fri Mar 13 05:10:36 CET 2026
/opt/freesurfer/bin/mpr2mni305 talsrcimg
mpr2mni305 7.3.2
target=711-2C_as_mni_average_305

---------------------------------------------------------------------
analyzeto4dfp talsrcimg -O0 -y
---------------------------------------------------------------------

freesurfer ifh2hdr.c
Fri Mar 13 05:10:36 2026
Writing: talsrcimg.4dfp.hdr
freesurfer analyzeto4dfp.c
Reading: talsrcimg.hdr
header size 348 bytes
hdr.dime.datatype	offset=70	value=2
hdr.dime.bitpix		offset=72	value=8
hdr.hist.orient		offset=252	value=-1
dimensionality     4
dimensions       256       256       256         1
Reading: talsrcimg.img
Writing: talsrcimg.4dfp.img
Writing: talsrcimg.4dfp.ifh
ifh2hdr talsrcimg -r0to255
ori=2

---------------------------------------------------------------------
gauss_4dfp talsrcimg 1.1
---------------------------------------------------------------------

freesurfer gauss_4dfp.c
Reading: talsrcimg.4dfp.img
Writing: talsrcimg_g11.4dfp.img
image dimensions 256 256 256 padded to 288 288 288
processing volume 1freesurfer ifh2hdr.c
Fri Mar 13 05:10:38 2026
Writing: talsrcimg_g11.4dfp.hdr

Writing: talsrcimg_g11.4dfp.ifh
including: talsrcimg.4dfp.img.rec in talsrcimg_g11.4dfp.img.rec

---------------------------------------------------------------------
imgreg_4dfp /opt/freesurfer/average/711-2C_as_mni_average_305 none talsrcimg_g11 none talsrcimg_to_711-2C_as_mni_average_305_t4 4355
---------------------------------------------------------------------

freesurfer imgreg_4dfp.c
/opt/freesurfer/average/711-2C_as_mni_average_305.4dfp.img
       256       256       256         1
  1.000000  1.000000  1.000000
orientation T byte_order littleendian
Reading image: /opt/freesurfer/average/711-2C_as_mni_average_305.4dfp.img
dimensions:      256       256       256
mmppix:       1.0000   -1.0000   -1.0000
center:     128.0000 -129.0000 -129.0000
talsrcimg_g11.4dfp.img
       256       256       256         1
  1.000000  1.000000  1.000000
orientation T byte_order littleendian
Reading image: talsrcimg_g11.4dfp.img
dimensions:      256       256       256
mmppix:       1.0000   -1.0000   -1.0000
center:     128.0000 -129.0000 -129.0000
t4_read: open error in t4_sub.f l:  41 t4_file(1:l)talsrcimg_to_711-2C_as_mni_average_305_t4 
t4_read: transform initialized to I4
rotation matrix determinant  1.000000
image alignment mode   4355 decimal     1103 hex
   -7.5000  -45.0000  -45.0000 6049.5728   13.9982
    0.0000  -45.0000  -45.0000 6239.9619   13.9942
    7.5000  -45.0000  -45.0000 5975.5942   13.9732
   -7.5000  -37.5000  -45.0000 6602.1753   13.7429
    0.0000  -37.5000  -45.0000 6818.4248   13.7383
    7.5000  -37.5000  -45.0000 6515.4248   13.7182
   -7.5000  -30.0000  -45.0000 7398.3711   13.5993
    0.0000  -30.0000  -45.0000 7651.3315   13.5924
    7.5000  -30.0000  -45.0000 7296.2656   13.5732
   -7.5000  -22.5000  -45.0000 8262.0039   13.5963
    0.0000  -22.5000  -45.0000 8549.5654   13.5874
    7.5000  -22.5000  -45.0000 8151.2021   13.5704
   -7.5000  -15.0000  -45.0000 9103.7607   13.6010
    0.0000  -15.0000  -45.0000 9432.5039   13.5926
    7.5000  -15.0000  -45.0000 8998.6914   13.5765
   -7.5000   -7.5000  -45.0000 9935.4922   13.6035
    0.0000   -7.5000  -45.000010286.2373   13.5984
    7.5000   -7.5000  -45.0000 9835.6934   13.5812
   -7.5000    0.0000  -45.000010615.8281   13.5998
    0.0000    0.0000  -45.000010991.1152   13.5967
    7.5000    0.0000  -45.000010491.0273   13.5781
   -7.5000    7.5000  -45.000010527.5449   13.5945
    0.0000    7.5000  -45.000010916.4189   13.5899
    7.5000    7.5000  -45.000010368.8086   13.5701
   -7.5000   15.0000  -45.000010367.1338   13.5934
    0.0000   15.0000  -45.000010735.5928   13.5864
    7.5000   15.0000  -45.000010209.8848   13.5672
   -7.5000   22.5000  -45.000010175.8984   13.5945
    0.0000   22.5000  -45.000010526.2734   13.5855
    7.5000   22.5000  -45.000010023.2900   13.5686
   -7.5000   30.0000  -45.0000 9820.3789   13.4198
    0.0000   30.0000  -45.000010172.2373   13.4114
    7.5000   30.0000  -45.0000 9686.7119   13.3955
   -7.5000   37.5000  -45.0000 9733.2754   13.4223
    0.0000   37.5000  -45.000010071.0469   13.4172
    7.5000   37.5000  -45.0000 9568.5645   13.4002
   -7.5000   45.0000  -45.0000 9189.3623   13.0779
    0.0000   45.0000  -45.0000 9498.6494   13.0749
    7.5000   45.0000  -45.0000 9018.4688   13.0569
   -7.5000  -45.0000  -37.5000 6389.0562   13.9026
    0.0000  -45.0000  -37.5000 6606.3647   13.8992
    7.5000  -45.0000  -37.5000 6325.1621   13.8821
   -7.5000  -37.5000  -37.5000 6970.0679   13.6481
    0.0000  -37.5000  -37.5000 7224.9326   13.6434
    7.5000  -37.5000  -37.5000 6908.7451   13.6244
   -7.5000  -30.0000  -37.5000 7870.0259   13.5066
    0.0000  -30.0000  -37.5000 8158.7822   13.4988
    7.5000  -30.0000  -37.5000 7770.5874   13.4776
   -7.5000  -22.5000  -37.5000 8793.6211   13.5077
    0.0000  -22.5000  -37.5000 9134.9229   13.4976
    7.5000  -22.5000  -37.5000 8691.5820   13.4782
   -7.5000  -15.0000  -37.5000 9677.0713   13.5152
    0.0000  -15.0000  -37.500010058.2412   13.5060
    7.5000  -15.0000  -37.5000 9583.1592   13.4902
   -7.5000   -7.5000  -37.500010567.1504   13.5163
    0.0000   -7.5000  -37.500010972.5293   13.5111
    7.5000   -7.5000  -37.500010453.5586   13.4972
   -7.5000    0.0000  -37.500011296.2871   13.5097
    0.0000    0.0000  -37.500011714.8984   13.5068
    7.5000    0.0000  -37.500011131.6240   13.4919
   -7.5000    7.5000  -37.500011157.8164   13.5017
    0.0000    7.5000  -37.500011588.5156   13.4970
    7.5000    7.5000  -37.500010990.9160   13.4783
   -7.5000   15.0000  -37.500010969.5303   13.5007
    0.0000   15.0000  -37.500011397.1738   13.4929
    7.5000   15.0000  -37.500010795.5391   13.4717
   -7.5000   22.5000  -37.500010761.7988   13.5058
    0.0000   22.5000  -37.500011176.5488   13.4958
    7.5000   22.5000  -37.500010600.7891   13.4763
   -7.5000   30.0000  -37.500010374.1670   13.3351
    0.0000   30.0000  -37.500010785.6641   13.3261
    7.5000   30.0000  -37.500010218.3457   13.3104
   -7.5000   37.5000  -37.500010277.6240   13.3362
    0.0000   37.5000  -37.500010670.6768   13.3310
    7.5000   37.5000  -37.500010092.4473   13.3174
   -7.5000   45.0000  -37.5000 9702.9121   12.9912
    0.0000   45.0000  -37.500010074.7295   12.9884
    7.5000   45.0000  -37.5000 9506.8340   12.9741
   -7.5000  -45.0000  -30.0000 6878.3252   14.4719
    0.0000  -45.0000  -30.0000 7136.0088   14.4683
    7.5000  -45.0000  -30.0000 6827.4712   14.4491
   -7.5000  -37.5000  -30.0000 7524.9644   14.2058
    0.0000  -37.5000  -30.0000 7821.0732   14.2008
    7.5000  -37.5000  -30.0000 7467.7192   14.1798
   -7.5000  -30.0000  -30.0000 8512.0020   14.0590
    0.0000  -30.0000  -30.0000 8852.4424   14.0524
    7.5000  -30.0000  -30.0000 8414.8906   14.0279
   -7.5000  -22.5000  -30.0000 9530.9707   14.0631
    0.0000  -22.5000  -30.0000 9925.7939   14.0556
    7.5000  -22.5000  -30.0000 9431.8643   14.0320
   -7.5000  -15.0000  -30.000010490.5410   14.0732
    0.0000  -15.0000  -30.000010927.2441   14.0664
    7.5000  -15.0000  -30.000010390.2832   14.0466
   -7.5000   -7.5000  -30.000011460.6240   14.0729
    0.0000   -7.5000  -30.000011913.7480   14.0688
    7.5000   -7.5000  -30.000011298.7002   14.0524
   -7.5000    0.0000  -30.000012241.5205   14.0636
    0.0000    0.0000  -30.000012695.9980   14.0605
    7.5000    0.0000  -30.000012052.0977   14.0438
   -7.5000    7.5000  -30.000012078.2920   14.0536
    0.0000    7.5000  -30.000012540.3623   14.0486
    7.5000    7.5000  -30.000011882.5381   14.0278
   -7.5000   15.0000  -30.000011857.6035   14.0529
    0.0000   15.0000  -30.000012333.4893   14.0462
    7.5000   15.0000  -30.000011659.2080   14.0217
   -7.5000   22.5000  -30.000011607.2275   14.0597
    0.0000   22.5000  -30.000012085.1572   14.0522
    7.5000   22.5000  -30.000011418.1152   14.0287
   -7.5000   30.0000  -30.000011157.4229   13.8869
    0.0000   30.0000  -30.000011619.7930   13.8802
    7.5000   30.0000  -30.000010976.9307   13.8608
   -7.5000   37.5000  -30.000011028.9209   13.8867
    0.0000   37.5000  -30.000011488.4814   13.8827
    7.5000   37.5000  -30.000010830.3389   13.8664
   -7.5000   45.0000  -30.000010397.0361   13.5338
    0.0000   45.0000  -30.000010822.6611   13.5308
    7.5000   45.0000  -30.000010187.6416   13.5147
   -7.5000  -45.0000  -22.5000 7392.2295   14.9291
    0.0000  -45.0000  -22.5000 7686.4341   14.9248
    7.5000  -45.0000  -22.5000 7345.7896   14.9000
   -7.5000  -37.5000  -22.5000 8123.3389   14.6583
    0.0000  -37.5000  -22.5000 8443.8242   14.6527
    7.5000  -37.5000  -22.5000 8036.9067   14.6285
   -7.5000  -30.0000  -22.5000 9209.0576   14.5088
    0.0000  -30.0000  -22.5000 9580.4365   14.5040
    7.5000  -30.0000  -22.5000 9095.1025   14.4785
   -7.5000  -22.5000  -22.500010323.7832   14.5118
    0.0000  -22.5000  -22.500010727.5830   14.5082
    7.5000  -22.5000  -22.500010175.3125   14.4838
   -7.5000  -15.0000  -22.500011343.1699   14.5200
    0.0000  -15.0000  -22.500011797.4121   14.5171
    7.5000  -15.0000  -22.500011201.4502   14.4943
   -7.5000   -7.5000  -22.500012351.8262   14.5186
    0.0000   -7.5000  -22.500012844.8682   14.5161
    7.5000   -7.5000  -22.500012177.3828   14.4945
   -7.5000    0.0000  -22.500013208.0332   14.5093
    0.0000    0.0000  -22.500013701.2686   14.5056
    7.5000    0.0000  -22.500012993.0986   14.4839
   -7.5000    7.5000  -22.500013024.9961   14.5014
    0.0000    7.5000  -22.500013540.0146   14.4959
    7.5000    7.5000  -22.500012794.0586   14.4720
   -7.5000   15.0000  -22.500012773.7129   14.5024
    0.0000   15.0000  -22.500013272.5498   14.4976
    7.5000   15.0000  -22.500012520.6406   14.4722
   -7.5000   22.5000  -22.500012470.9150   14.5073
    0.0000   22.5000  -22.500012971.0186   14.5037
    7.5000   22.5000  -22.500012208.2822   14.4794
   -7.5000   30.0000  -22.500011970.0195   14.3300
    0.0000   30.0000  -22.500012464.0352   14.3272
    7.5000   30.0000  -22.500011721.8174   14.3047
   -7.5000   37.5000  -22.500011806.4854   14.3287
    0.0000   37.5000  -22.500012311.3789   14.3262
    7.5000   37.5000  -22.500011560.8965   14.3050
   -7.5000   45.0000  -22.500011119.1982   13.9732
    0.0000   45.0000  -22.500011594.8525   13.9696
    7.5000   45.0000  -22.500010885.6494   13.9487
   -7.5000  -45.0000  -15.0000 7964.0054   15.2408
    0.0000  -45.0000  -15.0000 8265.5518   15.2371
    7.5000  -45.0000  -15.0000 7891.1919   15.2090
   -7.5000  -37.5000  -15.0000 8739.2500   14.9704
    0.0000  -37.5000  -15.0000 9084.0293   14.9655
    7.5000  -37.5000  -15.0000 8640.9609   14.9401
   -7.5000  -30.0000  -15.0000 9888.8994   14.8199
    0.0000  -30.0000  -15.000010292.6084   14.8162
    7.5000  -30.0000  -15.0000 9762.7354   14.7925
   -7.5000  -22.5000  -15.000011074.5986   14.8184
    0.0000  -22.5000  -15.000011528.0410   14.8163
    7.5000  -22.5000  -15.000010912.4824   14.7943
   -7.5000  -15.0000  -15.000012172.5732   14.8217
    0.0000  -15.0000  -15.000012672.9180   14.8203
    7.5000  -15.0000  -15.000012016.4883   14.7977
   -7.5000   -7.5000  -15.000013250.7119   14.8198
    0.0000   -7.5000  -15.000013800.2959   14.8186
    7.5000   -7.5000  -15.000013067.5625   14.7944
   -7.5000    0.0000  -15.000014185.2500   14.8135
    0.0000    0.0000  -15.000014739.5889   14.8106
    7.5000    0.0000  -15.000013933.5830   14.7857
   -7.5000    7.5000  -15.000013958.5107   14.8106
    0.0000    7.5000  -15.000014520.8086   14.8057
    7.5000    7.5000  -15.000013697.3516   14.7807
   -7.5000   15.0000  -15.000013642.0947   14.8135
    0.0000   15.0000  -15.000014200.4219   14.8097
    7.5000   15.0000  -15.000013353.4111   14.7860
   -7.5000   22.5000  -15.000013327.9307   14.8131
    0.0000   22.5000  -15.000013885.0107   14.8110
    7.5000   22.5000  -15.000013016.9023   14.7891
   -7.5000   30.0000  -15.000012835.2070   14.6299
    0.0000   30.0000  -15.000013368.9658   14.6285
    7.5000   30.0000  -15.000012525.7344   14.6062
   -7.5000   37.5000  -15.000012637.8291   14.6280
    0.0000   37.5000  -15.000013157.1758   14.6268
    7.5000   37.5000  -15.000012338.5693   14.6030
   -7.5000   45.0000  -15.000011853.1533   14.2748
    0.0000   45.0000  -15.000012358.1035   14.2720
    7.5000   45.0000  -15.000011594.6855   14.2480
   -7.5000  -45.0000   -7.5000 8526.6348   15.4175
    0.0000  -45.0000   -7.5000 8869.7949   15.4138
    7.5000  -45.0000   -7.5000 8454.1123   15.3866
   -7.5000  -37.5000   -7.5000 9339.7949   15.1448
    0.0000  -37.5000   -7.5000 9736.6143   15.1402
    7.5000  -37.5000   -7.5000 9249.8799   15.1161
   -7.5000  -30.0000   -7.500010556.1748   14.9925
    0.0000  -30.0000   -7.500011012.9053   14.9873
    7.5000  -30.0000   -7.500010447.2031   14.9659
   -7.5000  -22.5000   -7.500011815.8838   14.9886
    0.0000  -22.5000   -7.500012333.4648   14.9831
    7.5000  -22.5000   -7.500011698.1299   14.9640
   -7.5000  -15.0000   -7.500013016.9297   14.9903
    0.0000  -15.0000   -7.500013587.6299   14.9853
    7.5000  -15.0000   -7.500012874.1230   14.9651
   -7.5000   -7.5000   -7.500014170.9004   14.9894
    0.0000   -7.5000   -7.500014785.9570   14.9864
    7.5000   -7.5000   -7.500013976.2441   14.9635
   -7.5000    0.0000   -7.500015196.3340   14.9849
    0.0000    0.0000   -7.500015840.0615   14.9822
    7.5000    0.0000   -7.500014931.8086   14.9580
   -7.5000    7.5000   -7.500014944.0693   14.9832
    0.0000    7.5000   -7.500015553.6465   14.9787
    7.5000    7.5000   -7.500014658.6094   14.9550
   -7.5000   15.0000   -7.500014548.3076   14.9860
    0.0000   15.0000   -7.500015130.9697   14.9807
    7.5000   15.0000   -7.500014249.7129   14.9594
   -7.5000   22.5000   -7.500014230.1123   14.9816
    0.0000   22.5000   -7.500014834.2500   14.9762
    7.5000   22.5000   -7.500013912.4785   14.9571
   -7.5000   30.0000   -7.500013737.3721   14.7959
    0.0000   30.0000   -7.500014318.9951   14.7909
    7.5000   30.0000   -7.500013414.1543   14.7710
   -7.5000   37.5000   -7.500013517.0371   14.7951
    0.0000   37.5000   -7.500014069.5977   14.7920
    7.5000   37.5000   -7.500013188.3809   14.7694
   -7.5000   45.0000   -7.500012652.9795   14.4427
    0.0000   45.0000   -7.500013199.9062   14.4400
    7.5000   45.0000   -7.500012354.6396   14.4167
   -7.5000  -45.0000    0.0000 8992.6611   15.4891
    0.0000  -45.0000    0.0000 9397.5908   15.4847
    7.5000  -45.0000    0.0000 8952.3936   15.4617
   -7.5000  -37.5000    0.0000 9897.2295   15.2107
    0.0000  -37.5000    0.000010314.6543   15.2055
    7.5000  -37.5000    0.0000 9804.8135   15.1833
   -7.5000  -30.0000    0.000011211.1123   15.0552
    0.0000  -30.0000    0.000011685.1113   15.0474
    7.5000  -30.0000    0.000011088.5996   15.0261
   -7.5000  -22.5000    0.000012552.3965   15.0527
    0.0000  -22.5000    0.000013096.0225   15.0427
    7.5000  -22.5000    0.000012414.3496   15.0240
   -7.5000  -15.0000    0.000013790.0820   15.0571
    0.0000  -15.0000    0.000014407.4580   15.0476
    7.5000  -15.0000    0.000013654.7998   15.0302
   -7.5000   -7.5000    0.000015012.4678   15.0582
    0.0000   -7.5000    0.000015677.3760   15.0524
    7.5000   -7.5000    0.000014839.4541   15.0338
   -7.5000    0.0000    0.000016166.5527   15.0532
    0.0000    0.0000    0.000016876.1074   15.0497
    7.5000    0.0000    0.000015909.3350   15.0293
   -7.5000    7.5000    0.000015905.8867   15.0481
    0.0000    7.5000    0.000016556.3301   15.0430
    7.5000    7.5000    0.000015656.1543   15.0211
   -7.5000   15.0000    0.000015410.9072   15.0487
    0.0000   15.0000    0.000015950.9062   15.0408
    7.5000   15.0000    0.000015178.0049   15.0195
   -7.5000   22.5000    0.000015036.7930   15.0458
    0.0000   22.5000    0.000015636.4980   15.0357
    7.5000   22.5000    0.000014799.1230   15.0171
   -7.5000   30.0000    0.000014549.4463   14.8623
    0.0000   30.0000    0.000015154.1201   14.8529
    7.5000   30.0000    0.000014274.0039   14.8357
   -7.5000   37.5000    0.000014325.6426   14.8634
    0.0000   37.5000    0.000014922.3398   14.8576
    7.5000   37.5000    0.000014017.9336   14.8393
   -7.5000   45.0000    0.000013410.2588   14.5095
    0.0000   45.0000    0.000013987.5928   14.5061
    7.5000   45.0000    0.000013090.4756   14.4865
   -7.5000  -45.0000    7.5000 8802.2832   15.5332
    0.0000  -45.0000    7.5000 9180.8574   15.5294
    7.5000  -45.0000    7.5000 8745.6973   15.5103
   -7.5000  -37.5000    7.5000 9687.7432   15.2493
    0.0000  -37.5000    7.500010092.0127   15.2441
    7.5000  -37.5000    7.5000 9593.3965   15.2229
   -7.5000  -30.0000    7.500010974.0947   15.0914
    0.0000  -30.0000    7.500011430.8857   15.0829
    7.5000  -30.0000    7.500010850.9648   15.0592
   -7.5000  -22.5000    7.500012289.6611   15.0926
    0.0000  -22.5000    7.500012789.3701   15.0815
    7.5000  -22.5000    7.500012110.4395   15.0599
   -7.5000  -15.0000    7.500013485.1631   15.1011
    0.0000  -15.0000    7.500014045.4023   15.0908
    7.5000  -15.0000    7.500013323.8975   15.0732
   -7.5000   -7.5000    7.500014654.4453   15.1022
    0.0000   -7.5000    7.500015283.2090   15.0964
    7.5000   -7.5000    7.500014516.6924   15.0810
   -7.5000    0.0000    7.500015911.8818   15.0949
    0.0000    0.0000    7.500016641.8633   15.0917
    7.5000    0.0000    7.500015660.5303   15.0750
   -7.5000    7.5000    7.500015838.1338   15.0860
    0.0000    7.5000    7.500016436.2305   15.0808
    7.5000    7.5000    7.500015603.7998   15.0599
   -7.5000   15.0000    7.500015309.4922   15.0849
    0.0000   15.0000    7.500015812.7686   15.0763
    7.5000   15.0000    7.500015171.0225   15.0526
   -7.5000   22.5000    7.500014940.3125   15.0857
    0.0000   22.5000    7.500015467.9395   15.0746
    7.5000   22.5000    7.500014763.3018   15.0529
   -7.5000   30.0000    7.500014461.5410   14.9056
    0.0000   30.0000    7.500015012.7725   14.8955
    7.5000   30.0000    7.500014184.6680   14.8781
   -7.5000   37.5000    7.500014213.2646   14.9068
    0.0000   37.5000    7.500014770.5010   14.9011
    7.5000   37.5000    7.500013827.2568   14.8858
   -7.5000   45.0000    7.500013289.0283   14.5498
    0.0000   45.0000    7.500013792.5615   14.5467
    7.5000   45.0000    7.500012843.2695   14.5305
   -7.5000  -45.0000   15.0000 8519.5732   15.5404
    0.0000  -45.0000   15.0000 8854.3125   15.5366
    7.5000  -45.0000   15.0000 8409.9697   15.5159
   -7.5000  -37.5000   15.0000 9382.8262   15.2547
    0.0000  -37.5000   15.0000 9744.6279   15.2493
    7.5000  -37.5000   15.0000 9265.6963   15.2267
   -7.5000  -30.0000   15.000010609.7207   15.0970
    0.0000  -30.0000   15.000011033.0605   15.0899
    7.5000  -30.0000   15.000010488.2207   15.0636
   -7.5000  -22.5000   15.000011854.8057   15.1015
    0.0000  -22.5000   15.000012327.0264   15.0934
    7.5000  -22.5000   15.000011706.0146   15.0681
   -7.5000  -15.0000   15.000013008.1309   15.1122
    0.0000  -15.0000   15.000013519.4326   15.1050
    7.5000  -15.0000   15.000012887.3408   15.0838
   -7.5000   -7.5000   15.000014164.7383   15.1120
    0.0000   -7.5000   15.000014777.7891   15.1076
    7.5000   -7.5000   15.000014049.2129   15.0899
   -7.5000    0.0000   15.000015435.5352   15.1020
    0.0000    0.0000   15.000016142.8096   15.0986
    7.5000    0.0000   15.000015180.8672   15.0807
   -7.5000    7.5000   15.000015429.8076   15.0912
    0.0000    7.5000   15.000015973.3379   15.0859
    7.5000    7.5000   15.000015151.3086   15.0635
   -7.5000   15.0000   15.000015091.8604   15.0905
    0.0000   15.0000   15.000015534.2207   15.0833
    7.5000   15.0000   15.000014836.1123   15.0570
   -7.5000   22.5000   15.000014804.7236   15.0945
    0.0000   22.5000   15.000015228.8975   15.0864
    7.5000   22.5000   15.000014433.2432   15.0611
   -7.5000   30.0000   15.000014278.1943   14.9167
    0.0000   30.0000   15.000014699.4395   14.9095
    7.5000   30.0000   15.000013792.4170   14.8885
   -7.5000   37.5000   15.000013902.2109   14.9164
    0.0000   37.5000   15.000014315.1621   14.9121
    7.5000   37.5000   15.000013360.4980   14.8946
   -7.5000   45.0000   15.000012904.5322   14.5566
    0.0000   45.0000   15.000013276.5352   14.5533
    7.5000   45.0000   15.000012361.3379   14.5361
   -7.5000  -45.0000   22.5000 8160.7544   15.4977
    0.0000  -45.0000   22.5000 8453.2197   15.4932
    7.5000  -45.0000   22.5000 8018.8184   15.4674
   -7.5000  -37.5000   22.5000 8986.9414   15.2165
    0.0000  -37.5000   22.5000 9306.6748   15.2107
    7.5000  -37.5000   22.5000 8840.9141   15.1855
   -7.5000  -30.0000   22.500010166.2891   15.0613
    0.0000  -30.0000   22.500010537.5586   15.0563
    7.5000  -30.0000   22.5000 9997.8857   15.0299
   -7.5000  -22.5000   22.500011357.0889   15.0644
    0.0000  -22.5000   22.500011789.7441   15.0607
    7.5000  -22.5000   22.500011170.4932   15.0354
   -7.5000  -15.0000   22.500012460.4775   15.0729
    0.0000  -15.0000   22.500012942.9551   15.0699
    7.5000  -15.0000   22.500012298.1289   15.0463
   -7.5000   -7.5000   22.500013617.8066   15.0714
    0.0000   -7.5000   22.500014217.8301   15.0689
    7.5000   -7.5000   22.500013422.9951   15.0465
   -7.5000    0.0000   22.500014753.3740   15.0619
    0.0000    0.0000   22.500015343.5459   15.0580
    7.5000    0.0000   22.500014484.5078   15.0354
   -7.5000    7.5000   22.500014587.8457   15.0537
    0.0000    7.5000   22.500015077.0234   15.0480
    7.5000    7.5000   22.500014323.5859   15.0231
   -7.5000   15.0000   22.500014341.8184   15.0547
    0.0000   15.0000   22.500014738.6270   15.0497
    7.5000   15.0000   22.500013993.0771   15.0233
   -7.5000   22.5000   22.500014134.5107   15.0574
    0.0000   22.5000   22.500014581.8184   15.0538
    7.5000   22.5000   22.500013674.1992   15.0284
   -7.5000   30.0000   22.500013648.7705   14.8778
    0.0000   30.0000   22.500014083.0439   14.8748
    7.5000   30.0000   22.500013119.8789   14.8515
   -7.5000   37.5000   22.500013258.4863   14.8764
    0.0000   37.5000   22.500013661.2998   14.8738
    7.5000   37.5000   22.500012719.5723   14.8518
   -7.5000   45.0000   22.500012262.2812   14.5179
    0.0000   45.0000   22.500012643.3086   14.5142
    7.5000   45.0000   22.500011773.9375   14.4924
   -7.5000  -45.0000   30.0000 7667.6167   15.4505
    0.0000  -45.0000   30.0000 7957.9746   15.4467
    7.5000  -45.0000   30.0000 7527.6880   15.4182
   -7.5000  -37.5000   30.0000 8458.9834   15.1763
    0.0000  -37.5000   30.0000 8788.5469   15.1713
    7.5000  -37.5000   30.0000 8300.0869   15.1456
   -7.5000  -30.0000   30.0000 9558.6660   15.0238
    0.0000  -30.0000   30.0000 9948.5225   15.0200
    7.5000  -30.0000   30.0000 9383.4395   14.9960
   -7.5000  -22.5000   30.000010668.5908   15.0222
    0.0000  -22.5000   30.000011110.4785   15.0200
    7.5000  -22.5000   30.000010474.1611   14.9978
   -7.5000  -15.0000   30.000011735.6631   15.0256
    0.0000  -15.0000   30.000012220.4385   15.0241
    7.5000  -15.0000   30.000011544.6143   15.0013
   -7.5000   -7.5000   30.000012840.7295   15.0236
    0.0000   -7.5000   30.000013393.9014   15.0224
    7.5000   -7.5000   30.000012642.4668   14.9980
   -7.5000    0.0000   30.000013805.1924   15.0173
    0.0000    0.0000   30.000014277.0820   15.0144
    7.5000    0.0000   30.000013553.8379   14.9891
   -7.5000    7.5000   30.000013597.6123   15.0143
    0.0000    7.5000   30.000013983.1318   15.0094
    7.5000    7.5000   30.000013339.9121   14.9840
   -7.5000   15.0000   30.000013322.3105   15.0172
    0.0000   15.0000   30.000013706.6133   15.0134
    7.5000   15.0000   30.000013038.6406   14.9894
   -7.5000   22.5000   30.000013024.6045   15.0152
    0.0000   22.5000   30.000013446.1943   15.0131
    7.5000   22.5000   30.000012732.8926   14.9909
   -7.5000   30.0000   30.000012579.0166   14.8311
    0.0000   30.0000   30.000012974.5742   14.8297
    7.5000   30.0000   30.000012249.0107   14.8071
   -7.5000   37.5000   30.000012299.6553   14.8292
    0.0000   37.5000   30.000012696.1152   14.8280
    7.5000   37.5000   30.000011962.1895   14.8039
   -7.5000   45.0000   30.000011428.2168   14.4749
    0.0000   45.0000   30.000011789.2207   14.4721
    7.5000   45.0000   30.000011078.7383   14.4478
   -7.5000  -45.0000   37.5000 7363.8643   15.5453
    0.0000  -45.0000   37.5000 7658.0000   15.5421
    7.5000  -45.0000   37.5000 7238.4009   15.5148
   -7.5000  -37.5000   37.5000 8138.8242   15.2689
    0.0000  -37.5000   37.5000 8489.3633   15.2647
    7.5000  -37.5000   37.5000 8000.2905   15.2406
   -7.5000  -30.0000   37.5000 9220.1494   15.1144
    0.0000  -30.0000   37.5000 9617.8828   15.1096
    7.5000  -30.0000   37.5000 9070.3320   15.0883
   -7.5000  -22.5000   37.500010314.7334   15.1102
    0.0000  -22.5000   37.500010756.3320   15.1052
    7.5000  -22.5000   37.500010156.8662   15.0863
   -7.5000  -15.0000   37.500011333.7734   15.1117
    0.0000  -15.0000   37.500011833.0322   15.1072
    7.5000  -15.0000   37.500011177.1211   15.0873
   -7.5000   -7.5000   37.500012313.3281   15.1109
    0.0000   -7.5000   37.500012826.3486   15.1083
    7.5000   -7.5000   37.500012201.4854   15.0856
   -7.5000    0.0000   37.500013170.3740   15.1065
    0.0000    0.0000   37.500013591.6221   15.1042
    7.5000    0.0000   37.500013026.8184   15.0800
   -7.5000    7.5000   37.500012980.6299   15.1050
    0.0000    7.5000   37.500013381.2227   15.1009
    7.5000    7.5000   37.500012818.5967   15.0771
   -7.5000   15.0000   37.500012682.0195   15.1079
    0.0000   15.0000   37.500013095.5195   15.1030
    7.5000   15.0000   37.500012551.1641   15.0817
   -7.5000   22.5000   37.500012368.0898   15.1033
    0.0000   22.5000   37.500012800.3398   15.0983
    7.5000   22.5000   37.500012242.6592   15.0794
   -7.5000   30.0000   37.500011980.7578   14.9162
    0.0000   30.0000   37.500012391.5889   14.9117
    7.5000   30.0000   37.500011807.0693   14.8920
   -7.5000   37.5000   37.500011791.2139   14.9153
    0.0000   37.5000   37.500012205.2842   14.9128
    7.5000   37.5000   37.500011587.6641   14.8903
   -7.5000   45.0000   37.500010977.5078   14.5609
    0.0000   45.0000   37.500011348.9707   14.5587
    7.5000   45.0000   37.500010744.6562   14.5354
   -7.5000  -45.0000   45.0000 6693.2222   15.6941
    0.0000  -45.0000   45.0000 6957.4019   15.6900
    7.5000  -45.0000   45.0000 6605.5859   15.6662
   -7.5000  -37.5000   45.0000 7408.5029   15.4069
    0.0000  -37.5000   45.0000 7720.0981   15.4018
    7.5000  -37.5000   45.0000 7313.9341   15.3785
   -7.5000  -30.0000   45.0000 8395.6660   15.2468
    0.0000  -30.0000   45.0000 8757.3711   15.2389
    7.5000  -30.0000   45.0000 8307.9766   15.2163
   -7.5000  -22.5000   45.0000 9398.4326   15.2443
    0.0000  -22.5000   45.0000 9813.7080   15.2342
    7.5000  -22.5000   45.0000 9303.0859   15.2145
   -7.5000  -15.0000   45.000010309.3301   15.2484
    0.0000  -15.0000   45.000010765.8369   15.2391
    7.5000  -15.0000   45.000010238.3145   15.2209
   -7.5000   -7.5000   45.000011174.5947   15.2491
    0.0000   -7.5000   45.000011659.8369   15.2437
    7.5000   -7.5000   45.000011122.6807   15.2245
   -7.5000    0.0000   45.000011974.6270   15.2438
    0.0000    0.0000   45.000012408.4355   15.2406
    7.5000    0.0000   45.000011862.3486   15.2195
   -7.5000    7.5000   45.000011814.2227   15.2391
    0.0000    7.5000   45.000012231.4121   15.2340
    7.5000    7.5000   45.000011692.5928   15.2110
   -7.5000   15.0000   45.000011541.1943   15.2402
    0.0000   15.0000   45.000011965.8945   15.2321
    7.5000   15.0000   45.000011452.8691   15.2095
   -7.5000   22.5000   45.000011225.6768   15.2372
    0.0000   22.5000   45.000011644.0459   15.2271
    7.5000   22.5000   45.000011150.3281   15.2074
   -7.5000   30.0000   45.000010876.0820   15.0498
    0.0000   30.0000   45.000011301.7305   15.0406
    7.5000   30.0000   45.000010789.6279   15.0226
   -7.5000   37.5000   45.000010741.2930   15.0504
    0.0000   37.5000   45.000011167.8271   15.0451
    7.5000   37.5000   45.000010619.9033   15.0261
   -7.5000   45.0000   45.000010007.2754   14.7000
    0.0000   45.0000   45.000010382.2451   14.6968
    7.5000   45.0000   45.0000 9849.9775   14.6765

---------------------------------------------------------------------
imgreg_4dfp /opt/freesurfer/average/711-2C_as_mni_average_305 /opt/freesurfer/average/711-2B_as_mni_average_305_mask talsrcimg_g11 none talsrcimg_to_711-2C_as_mni_average_305_t4 4355
---------------------------------------------------------------------

freesurfer imgreg_4dfp.c
/opt/freesurfer/average/711-2C_as_mni_average_305.4dfp.img
       256       256       256         1
  1.000000  1.000000  1.000000
orientation T byte_order littleendian
Reading image: /opt/freesurfer/average/711-2C_as_mni_average_305.4dfp.img
dimensions:      256       256       256
mmppix:       1.0000   -1.0000   -1.0000
center:     128.0000 -129.0000 -129.0000
/opt/freesurfer/average/711-2B_as_mni_average_305_mask.4dfp.img
       256       256       256         1
  1.000000  1.000000  1.000000
orientation T byte_order littleendian
Reading mask: /opt/freesurfer/average/711-2B_as_mni_average_305_mask.4dfp.img (2306576 pixels)
talsrcimg_g11.4dfp.img
       256       256       256         1
  1.000000  1.000000  1.000000
orientation T byte_order littleendian
Reading image: talsrcimg_g11.4dfp.img
dimensions:      256       256       256
mmppix:       1.0000   -1.0000   -1.0000
center:     128.0000 -129.0000 -129.0000
rotation matrix determinant  1.000000
image alignment mode   4355 decimal     1103 hex
   -7.5000  -45.0000  -45.0000 1748.1366   21.8856
    0.0000  -45.0000  -45.0000 1748.3225   21.8259
    7.5000  -45.0000  -45.0000 1733.6217   22.1327
   -7.5000  -37.5000  -45.0000 1863.8333   19.3717
    0.0000  -37.5000  -45.0000 1867.1189   19.2513
    7.5000  -37.5000  -45.0000 1850.0920   19.5888
   -7.5000  -30.0000  -45.0000 1962.6750   17.3523
    0.0000  -30.0000  -45.0000 1966.9279   17.2779
    7.5000  -30.0000  -45.0000 1946.1122   17.5774
   -7.5000  -22.5000  -45.0000 2060.2932   15.7667
    0.0000  -22.5000  -45.0000 2064.9602   15.7119
    7.5000  -22.5000  -45.0000 2046.2905   15.9732
   -7.5000  -15.0000  -45.0000 2139.0371   14.5659
    0.0000  -15.0000  -45.0000 2149.4871   14.5418
    7.5000  -15.0000  -45.0000 2132.9651   14.7523
   -7.5000   -7.5000  -45.0000 2201.7395   13.7080
    0.0000   -7.5000  -45.0000 2206.9585   13.6896
    7.5000   -7.5000  -45.0000 2192.7078   13.8699
   -7.5000    0.0000  -45.0000 2229.0745   13.1399
    0.0000    0.0000  -45.0000 2235.6096   13.1181
    7.5000    0.0000  -45.0000 2220.5750   13.2904
   -7.5000    7.5000  -45.0000 2255.5811   12.9021
    0.0000    7.5000  -45.0000 2261.5339   12.8539
    7.5000    7.5000  -45.0000 2246.6685   13.0732
   -7.5000   15.0000  -45.0000 2261.8042   12.9555
    0.0000   15.0000  -45.0000 2268.0186   12.9194
    7.5000   15.0000  -45.0000 2251.9021   13.1532
   -7.5000   22.5000  -45.0000 2260.4446   13.2073
    0.0000   22.5000  -45.0000 2264.3826   13.1849
    7.5000   22.5000  -45.0000 2244.0422   13.4195
   -7.5000   30.0000  -45.0000 2232.5310   13.7627
    0.0000   30.0000  -45.0000 2239.5422   13.6946
    7.5000   30.0000  -45.0000 2218.7263   13.9282
   -7.5000   37.5000  -45.0000 2185.3208   14.4685
    0.0000   37.5000  -45.0000 2192.7354   14.4151
    7.5000   37.5000  -45.0000 2175.1306   14.6825
   -7.5000   45.0000  -45.0000 2120.8589   15.4715
    0.0000   45.0000  -45.0000 2127.2571   15.4081
    7.5000   45.0000  -45.0000 2108.6492   15.7100
   -7.5000  -45.0000  -37.5000 1805.7850   20.5617
    0.0000  -45.0000  -37.5000 1807.7788   20.5018
    7.5000  -45.0000  -37.5000 1789.1046   20.8072
   -7.5000  -37.5000  -37.5000 1925.2565   18.1322
    0.0000  -37.5000  -37.5000 1931.9911   18.0813
    7.5000  -37.5000  -37.5000 1912.6915   18.3420
   -7.5000  -30.0000  -37.5000 2041.3473   16.2230
    0.0000  -30.0000  -37.5000 2044.9768   16.1695
    7.5000  -30.0000  -37.5000 2022.7764   16.3824
   -7.5000  -22.5000  -37.5000 2146.9893   14.7023
    0.0000  -22.5000  -37.5000 2154.2378   14.6672
    7.5000  -22.5000  -37.5000 2132.3147   14.8228
   -7.5000  -15.0000  -37.5000 2233.6455   13.5595
    0.0000  -15.0000  -37.5000 2241.5234   13.5227
    7.5000  -15.0000  -37.5000 2223.1580   13.6550
   -7.5000   -7.5000  -37.5000 2302.5012   12.7450
    0.0000   -7.5000  -37.5000 2305.7271   12.7313
    7.5000   -7.5000  -37.5000 2283.0781   12.8631
   -7.5000    0.0000  -37.5000 2332.4729   12.1988
    0.0000    0.0000  -37.5000 2339.0876   12.2093
    7.5000    0.0000  -37.5000 2313.6777   12.3248
   -7.5000    7.5000  -37.5000 2356.0300   11.9330
    0.0000    7.5000  -37.5000 2362.1526   11.9084
    7.5000    7.5000  -37.5000 2338.9807   12.0484
   -7.5000   15.0000  -37.5000 2364.3008   11.9200
    0.0000   15.0000  -37.5000 2370.2795   11.8898
    7.5000   15.0000  -37.5000 2343.3379   12.0387
   -7.5000   22.5000  -37.5000 2361.2861   12.1062
    0.0000   22.5000  -37.5000 2369.0908   12.0953
    7.5000   22.5000  -37.5000 2342.8003   12.2482
   -7.5000   30.0000  -37.5000 2331.7537   12.5899
    0.0000   30.0000  -37.5000 2345.4932   12.5568
    7.5000   30.0000  -37.5000 2322.0303   12.7291
   -7.5000   37.5000  -37.5000 2287.2400   13.2673
    0.0000   37.5000  -37.5000 2299.2959   13.2446
    7.5000   37.5000  -37.5000 2278.2722   13.4348
   -7.5000   45.0000  -37.5000 2221.2659   14.2063
    0.0000   45.0000  -37.5000 2226.0564   14.1577
    7.5000   45.0000  -37.5000 2204.4319   14.4120
   -7.5000  -45.0000  -30.0000 1890.7837   20.0214
    0.0000  -45.0000  -30.0000 1896.7509   19.9450
    7.5000  -45.0000  -30.0000 1879.4275   20.1017
   -7.5000  -37.5000  -30.0000 2025.7411   17.6027
    0.0000  -37.5000  -30.0000 2029.7513   17.5825
    7.5000  -37.5000  -30.0000 2010.7010   17.7039
   -7.5000  -30.0000  -30.0000 2152.6086   15.7184
    0.0000  -30.0000  -30.0000 2155.5793   15.7241
    7.5000  -30.0000  -30.0000 2129.6750   15.7857
   -7.5000  -22.5000  -30.0000 2270.9502   14.2173
    0.0000  -22.5000  -30.0000 2278.2097   14.2183
    7.5000  -22.5000  -30.0000 2250.8696   14.2909
   -7.5000  -15.0000  -30.0000 2365.7341   13.0441
    0.0000  -15.0000  -30.0000 2372.8191   13.0271
    7.5000  -15.0000  -30.0000 2344.6729   13.1100
   -7.5000   -7.5000  -30.0000 2445.4121   12.2140
    0.0000   -7.5000  -30.0000 2448.0044   12.2015
    7.5000   -7.5000  -30.0000 2412.1191   12.3047
   -7.5000    0.0000  -30.0000 2480.3589   11.6725
    0.0000    0.0000  -30.0000 2481.7603   11.6537
    7.5000    0.0000  -30.0000 2451.8459   11.7720
   -7.5000    7.5000  -30.0000 2501.2441   11.3676
    0.0000    7.5000  -30.0000 2504.5012   11.3733
    7.5000    7.5000  -30.0000 2475.6353   11.4990
   -7.5000   15.0000  -30.0000 2515.6667   11.3227
    0.0000   15.0000  -30.0000 2522.4407   11.3174
    7.5000   15.0000  -30.0000 2493.9021   11.4348
   -7.5000   22.5000  -30.0000 2512.2361   11.5208
    0.0000   22.5000  -30.0000 2522.8455   11.5159
    7.5000   22.5000  -30.0000 2494.4683   11.6383
   -7.5000   30.0000  -30.0000 2479.2830   11.9627
    0.0000   30.0000  -30.0000 2495.6953   11.9414
    7.5000   30.0000  -30.0000 2466.1526   12.0898
   -7.5000   37.5000  -30.0000 2430.9497   12.6226
    0.0000   37.5000  -30.0000 2446.9553   12.6200
    7.5000   37.5000  -30.0000 2417.1658   12.7755
   -7.5000   45.0000  -30.0000 2361.1045   13.5227
    0.0000   45.0000  -30.0000 2370.4192   13.5114
    7.5000   45.0000  -30.0000 2340.5454   13.7190
   -7.5000  -45.0000  -22.5000 1956.3040   19.1973
    0.0000  -45.0000  -22.5000 1964.3367   19.2049
    7.5000  -45.0000  -22.5000 1946.1084   19.3594
   -7.5000  -37.5000  -22.5000 2102.3982   16.8862
    0.0000  -37.5000  -22.5000 2108.5933   16.8948
    7.5000  -37.5000  -22.5000 2086.0339   16.9968
   -7.5000  -30.0000  -22.5000 2244.2788   15.0457
    0.0000  -30.0000  -22.5000 2247.0950   15.0495
    7.5000  -30.0000  -22.5000 2218.8630   15.0918
   -7.5000  -22.5000  -22.5000 2369.6914   13.5620
    0.0000  -22.5000  -22.5000 2368.3811   13.5790
    7.5000  -22.5000  -22.5000 2335.5081   13.6179
   -7.5000  -15.0000  -22.5000 2466.7727   12.4055
    0.0000  -15.0000  -22.5000 2467.2480   12.4207
    7.5000  -15.0000  -22.5000 2433.4243   12.4744
   -7.5000   -7.5000  -22.5000 2550.0593   11.5862
    0.0000   -7.5000  -22.5000 2549.3584   11.5708
    7.5000   -7.5000  -22.5000 2514.4695   11.6503
   -7.5000    0.0000  -22.5000 2599.4622   11.0346
    0.0000    0.0000  -22.5000 2601.0452   10.9900
    7.5000    0.0000  -22.5000 2570.1350   11.1001
   -7.5000    7.5000  -22.5000 2632.9868   10.7091
    0.0000    7.5000  -22.5000 2638.6030   10.6925
    7.5000    7.5000  -22.5000 2607.5176   10.8061
   -7.5000   15.0000  -22.5000 2652.8225   10.6292
    0.0000   15.0000  -22.5000 2657.4302   10.6475
    7.5000   15.0000  -22.5000 2623.1814   10.7513
   -7.5000   22.5000  -22.5000 2644.2793   10.8479
    0.0000   22.5000  -22.5000 2650.8801   10.8601
    7.5000   22.5000  -22.5000 2618.3870   10.9555
   -7.5000   30.0000  -22.5000 2609.3669   11.2865
    0.0000   30.0000  -22.5000 2623.1772   11.2868
    7.5000   30.0000  -22.5000 2586.6592   11.4003
   -7.5000   37.5000  -22.5000 2557.3481   11.9226
    0.0000   37.5000  -22.5000 2575.3933   11.9367
    7.5000   37.5000  -22.5000 2535.7317   12.0598
   -7.5000   45.0000  -22.5000 2476.8586   12.7772
    0.0000   45.0000  -22.5000 2490.2087   12.7991
    7.5000   45.0000  -22.5000 2453.3904   12.9473
   -7.5000  -45.0000  -15.0000 2002.4213   18.4247
    0.0000  -45.0000  -15.0000 2005.9250   18.4717
    7.5000  -45.0000  -15.0000 1990.4747   18.5935
   -7.5000  -37.5000  -15.0000 2154.7239   16.1542
    0.0000  -37.5000  -15.0000 2158.3467   16.1721
    7.5000  -37.5000  -15.0000 2138.3616   16.2877
   -7.5000  -30.0000  -15.0000 2297.6538   14.3497
    0.0000  -30.0000  -15.0000 2300.0352   14.3427
    7.5000  -30.0000  -15.0000 2270.4785   14.4499
   -7.5000  -22.5000  -15.0000 2426.1985   12.9215
    0.0000  -22.5000  -15.0000 2429.0942   12.9066
    7.5000  -22.5000  -15.0000 2389.9636   13.0099
   -7.5000  -15.0000  -15.0000 2528.4895   11.7960
    0.0000  -15.0000  -15.0000 2531.3428   11.7920
    7.5000  -15.0000  -15.0000 2495.6240   11.8699
   -7.5000   -7.5000  -15.0000 2620.3794   10.9537
    0.0000   -7.5000  -15.0000 2625.5122   10.9637
    7.5000   -7.5000  -15.0000 2591.5452   11.0286
   -7.5000    0.0000  -15.0000 2685.6318   10.4030
    0.0000    0.0000  -15.0000 2690.9861   10.3973
    7.5000    0.0000  -15.0000 2658.9468   10.4775
   -7.5000    7.5000  -15.0000 2728.5623   10.0550
    0.0000    7.5000  -15.0000 2736.3623   10.0564
    7.5000    7.5000  -15.0000 2698.8779   10.1315
   -7.5000   15.0000  -15.0000 2752.1809    9.9517
    0.0000   15.0000  -15.0000 2759.8691    9.9626
    7.5000   15.0000  -15.0000 2716.9932   10.0538
   -7.5000   22.5000  -15.0000 2746.9397   10.1881
    0.0000   22.5000  -15.0000 2758.0088   10.2032
    7.5000   22.5000  -15.0000 2717.4224   10.2927
   -7.5000   30.0000  -15.0000 2712.7080   10.6353
    0.0000   30.0000  -15.0000 2726.8711   10.6461
    7.5000   30.0000  -15.0000 2687.2083   10.7426
   -7.5000   37.5000  -15.0000 2659.2007   11.2592
    0.0000   37.5000  -15.0000 2674.3970   11.2686
    7.5000   37.5000  -15.0000 2636.4265   11.3968
   -7.5000   45.0000  -15.0000 2566.0212   12.0828
    0.0000   45.0000  -15.0000 2580.8000   12.0781
    7.5000   45.0000  -15.0000 2547.2322   12.2400
   -7.5000  -45.0000   -7.5000 2028.7178   17.7833
    0.0000  -45.0000   -7.5000 2033.9871   17.8416
    7.5000  -45.0000   -7.5000 2016.9320   18.0298
   -7.5000  -37.5000   -7.5000 2177.5615   15.4930
    0.0000  -37.5000   -7.5000 2183.1311   15.5397
    7.5000  -37.5000   -7.5000 2163.5535   15.7250
   -7.5000  -30.0000   -7.5000 2320.7991   13.7308
    0.0000  -30.0000   -7.5000 2326.5908   13.7505
    7.5000  -30.0000   -7.5000 2297.1074   13.9152
   -7.5000  -22.5000   -7.5000 2451.2800   12.3587
    0.0000  -22.5000   -7.5000 2459.7786   12.3469
    7.5000  -22.5000   -7.5000 2427.3098   12.5111
   -7.5000  -15.0000   -7.5000 2563.0481   11.2824
    0.0000  -15.0000   -7.5000 2575.4387   11.2642
    7.5000  -15.0000   -7.5000 2541.3254   11.3798
   -7.5000   -7.5000   -7.5000 2661.7490   10.4489
    0.0000   -7.5000   -7.5000 2678.1140   10.4349
    7.5000   -7.5000   -7.5000 2642.0007   10.5416
   -7.5000    0.0000   -7.5000 2741.5125    9.8700
    0.0000    0.0000   -7.5000 2755.8879    9.8509
    7.5000    0.0000   -7.5000 2719.8628    9.9721
   -7.5000    7.5000   -7.5000 2797.6233    9.4830
    0.0000    7.5000   -7.5000 2810.0415    9.5017
    7.5000    7.5000   -7.5000 2769.3904    9.5878
   -7.5000   15.0000   -7.5000 2831.8496    9.3362
    0.0000   15.0000   -7.5000 2836.2607    9.3346
    7.5000   15.0000   -7.5000 2796.7439    9.4617
   -7.5000   22.5000   -7.5000 2831.0613    9.5839
    0.0000   22.5000   -7.5000 2841.6331    9.5938
    7.5000   22.5000   -7.5000 2803.4490    9.7057
   -7.5000   30.0000   -7.5000 2799.6548   10.0334
    0.0000   30.0000   -7.5000 2815.5193   10.0428
    7.5000   30.0000   -7.5000 2778.1975   10.1691
   -7.5000   37.5000   -7.5000 2733.5024   10.6629
    0.0000   37.5000   -7.5000 2747.1394   10.6529
    7.5000   37.5000   -7.5000 2714.4998   10.8205
   -7.5000   45.0000   -7.5000 2632.5464   11.4696
    0.0000   45.0000   -7.5000 2645.4797   11.4442
    7.5000   45.0000   -7.5000 2616.0657   11.6431
   -7.5000  -45.0000    0.0000 2033.4628   17.3761
    0.0000  -45.0000    0.0000 2044.8818   17.4766
    7.5000  -45.0000    0.0000 2028.7643   17.6940
   -7.5000  -37.5000    0.0000 2186.6145   15.1470
    0.0000  -37.5000    0.0000 2192.4443   15.2013
    7.5000  -37.5000    0.0000 2170.7632   15.4273
   -7.5000  -30.0000    0.0000 2335.0891   13.4028
    0.0000  -30.0000    0.0000 2339.8447   13.4044
    7.5000  -30.0000    0.0000 2310.5393   13.6478
   -7.5000  -22.5000    0.0000 2465.6233   12.0417
    0.0000  -22.5000    0.0000 2476.7556   12.0099
    7.5000  -22.5000    0.0000 2443.8875   12.2207
   -7.5000  -15.0000    0.0000 2579.5488   10.9644
    0.0000  -15.0000    0.0000 2595.4666   10.9232
    7.5000  -15.0000    0.0000 2561.8992   11.0891
   -7.5000   -7.5000    0.0000 2685.6045   10.1198
    0.0000   -7.5000    0.0000 2704.9788   10.0967
    7.5000   -7.5000    0.0000 2674.2756   10.2534
   -7.5000    0.0000    0.0000 2775.1611    9.5406
    0.0000    0.0000    0.0000 2801.4690    9.5106
    7.5000    0.0000    0.0000 2765.3181    9.6623
   -7.5000    7.5000    0.0000 2841.8206    9.1379
    0.0000    7.5000    0.0000 2864.2234    9.1144
    7.5000    7.5000    0.0000 2823.3066    9.2709
   -7.5000   15.0000    0.0000 2891.6753    8.9077
    0.0000   15.0000    0.0000 2900.3970    8.8723
    7.5000   15.0000    0.0000 2861.0676    9.1070
   -7.5000   22.5000    0.0000 2891.9878    9.1281
    0.0000   22.5000    0.0000 2906.3928    9.1124
    7.5000   22.5000    0.0000 2866.8450    9.3154
   -7.5000   30.0000    0.0000 2858.9468    9.6075
    0.0000   30.0000    0.0000 2873.8376    9.5958
    7.5000   30.0000    0.0000 2840.0808    9.8122
   -7.5000   37.5000    0.0000 2788.5959   10.2373
    0.0000   37.5000    0.0000 2802.8347   10.1998
    7.5000   37.5000    0.0000 2777.1824   10.4510
   -7.5000   45.0000    0.0000 2680.8970   11.0233
    0.0000   45.0000    0.0000 2695.8525   10.9884
    7.5000   45.0000    0.0000 2665.4309   11.2479
   -7.5000  -45.0000    7.5000 2029.4594   17.3340
    0.0000  -45.0000    7.5000 2041.9441   17.3343
    7.5000  -45.0000    7.5000 2029.4430   17.6625
   -7.5000  -37.5000    7.5000 2185.8586   15.0411
    0.0000  -37.5000    7.5000 2191.3633   15.0229
    7.5000  -37.5000    7.5000 2176.8433   15.3397
   -7.5000  -30.0000    7.5000 2328.5161   13.2720
    0.0000  -30.0000    7.5000 2339.9600   13.2338
    7.5000  -30.0000    7.5000 2317.2715   13.5283
   -7.5000  -22.5000    7.5000 2462.0295   11.9003
    0.0000  -22.5000    7.5000 2473.4456   11.8157
    7.5000  -22.5000    7.5000 2443.8633   12.0891
   -7.5000  -15.0000    7.5000 2579.5625   10.8104
    0.0000  -15.0000    7.5000 2595.2402   10.7186
    7.5000  -15.0000    7.5000 2563.3250   10.9705
   -7.5000   -7.5000    7.5000 2687.5938    9.9668
    0.0000   -7.5000    7.5000 2709.7468    9.8835
    7.5000   -7.5000    7.5000 2682.8521   10.1391
   -7.5000    0.0000    7.5000 2786.1089    9.3762
    0.0000    0.0000    7.5000 2811.9067    9.2928
    7.5000    0.0000    7.5000 2784.5132    9.5315
   -7.5000    7.5000    7.5000 2868.5459    8.9697
    0.0000    7.5000    7.5000 2898.3286    8.9044
    7.5000    7.5000    7.5000 2861.8413    9.1481
   -7.5000   15.0000    7.5000 2927.3440    8.7721
    0.0000   15.0000    7.5000 2943.2961    8.6629
    7.5000   15.0000    7.5000 2904.4121    9.0124
   -7.5000   22.5000    7.5000 2940.5220    8.9422
    0.0000   22.5000    7.5000 2957.6748    8.8813
    7.5000   22.5000    7.5000 2915.2532    9.2041
   -7.5000   30.0000    7.5000 2899.5244    9.4282
    0.0000   30.0000    7.5000 2911.3726    9.3659
    7.5000   30.0000    7.5000 2877.3120    9.6380
   -7.5000   37.5000    7.5000 2822.2476   10.0049
    0.0000   37.5000    7.5000 2836.8601    9.9348
    7.5000   37.5000    7.5000 2805.4033   10.1914
   -7.5000   45.0000    7.5000 2712.5024   10.7654
    0.0000   45.0000    7.5000 2724.7271   10.7140
    7.5000   45.0000    7.5000 2691.9487   10.9524
   -7.5000  -45.0000   15.0000 2011.8632   17.5483
    0.0000  -45.0000   15.0000 2026.5608   17.4355
    7.5000  -45.0000   15.0000 2016.8561   17.7853
   -7.5000  -37.5000   15.0000 2168.9539   15.1873
    0.0000  -37.5000   15.0000 2178.9038   15.1000
    7.5000  -37.5000   15.0000 2168.3879   15.4671
   -7.5000  -30.0000   15.0000 2309.1536   13.3280
    0.0000  -30.0000   15.0000 2322.8687   13.2464
    7.5000  -30.0000   15.0000 2308.2786   13.6220
   -7.5000  -22.5000   15.0000 2440.9221   11.8940
    0.0000  -22.5000   15.0000 2450.3799   11.7874
    7.5000  -22.5000   15.0000 2432.5588   12.1482
   -7.5000  -15.0000   15.0000 2556.6128   10.7906
    0.0000  -15.0000   15.0000 2572.1240   10.6760
    7.5000  -15.0000   15.0000 2552.7615   11.0344
   -7.5000   -7.5000   15.0000 2671.6487    9.9434
    0.0000   -7.5000   15.0000 2691.1650    9.8256
    7.5000   -7.5000   15.0000 2676.8792   10.1686
   -7.5000    0.0000   15.0000 2778.6851    9.3631
    0.0000    0.0000   15.0000 2799.0364    9.2399
    7.5000    0.0000   15.0000 2783.3337    9.5541
   -7.5000    7.5000   15.0000 2876.9722    9.0183
    0.0000    7.5000   15.0000 2904.6941    8.9144
    7.5000    7.5000   15.0000 2861.9724    9.1917
   -7.5000   15.0000   15.0000 2948.9443    8.8761
    0.0000   15.0000   15.0000 2968.5320    8.7636
    7.5000   15.0000   15.0000 2915.5217    9.0758
   -7.5000   22.5000   15.0000 2968.2820    9.0065
    0.0000   22.5000   15.0000 2984.1257    8.8897
    7.5000   22.5000   15.0000 2926.2615    9.2040
   -7.5000   30.0000   15.0000 2917.4016    9.4022
    0.0000   30.0000   15.0000 2929.7432    9.3061
    7.5000   30.0000   15.0000 2886.9622    9.5620
   -7.5000   37.5000   15.0000 2830.3315    9.9313
    0.0000   37.5000   15.0000 2837.0325    9.8377
    7.5000   37.5000   15.0000 2808.8948   10.0721
   -7.5000   45.0000   15.0000 2718.6426   10.6862
    0.0000   45.0000   15.0000 2724.1912   10.6100
    7.5000   45.0000   15.0000 2695.2500   10.8317
   -7.5000  -45.0000   22.5000 1991.2278   17.9900
    0.0000  -45.0000   22.5000 1998.4473   17.8286
    7.5000  -45.0000   22.5000 1996.5352   18.1959
   -7.5000  -37.5000   22.5000 2152.1174   15.4630
    0.0000  -37.5000   22.5000 2158.0220   15.2998
    7.5000  -37.5000   22.5000 2149.2273   15.7416
   -7.5000  -30.0000   22.5000 2287.5613   13.5302
    0.0000  -30.0000   22.5000 2296.9138   13.3979
    7.5000  -30.0000   22.5000 2287.6111   13.8311
   -7.5000  -22.5000   22.5000 2416.0276   12.1024
    0.0000  -22.5000   22.5000 2421.7739   11.9665
    7.5000  -22.5000   22.5000 2409.4861   12.3515
   -7.5000  -15.0000   22.5000 2528.0374   10.9978
    0.0000  -15.0000   22.5000 2537.2468   10.8703
    7.5000  -15.0000   22.5000 2524.6040   11.2355
   -7.5000   -7.5000   22.5000 2646.0471   10.1577
    0.0000   -7.5000   22.5000 2662.7969   10.0479
    7.5000   -7.5000   22.5000 2647.8623   10.3860
   -7.5000    0.0000   22.5000 2757.8555    9.6102
    0.0000    0.0000   22.5000 2774.3354    9.4828
    7.5000    0.0000   22.5000 2753.5510    9.7844
   -7.5000    7.5000   22.5000 2861.6160    9.2197
    0.0000    7.5000   22.5000 2881.7104    9.0798
    7.5000    7.5000   22.5000 2841.2800    9.3812
   -7.5000   15.0000   22.5000 2926.4731    9.0300
    0.0000   15.0000   22.5000 2934.8491    8.9001
    7.5000   15.0000   22.5000 2892.7141    9.1970
   -7.5000   22.5000   22.5000 2945.0161    9.1831
    0.0000   22.5000   22.5000 2968.3040    9.1066
    7.5000   22.5000   22.5000 2902.8018    9.2988
   -7.5000   30.0000   22.5000 2894.8740    9.5702
    0.0000   30.0000   22.5000 2918.3640    9.5280
    7.5000   30.0000   22.5000 2862.4216    9.6725
   -7.5000   37.5000   22.5000 2804.7080   10.1245
    0.0000   37.5000   22.5000 2813.8025   10.0944
    7.5000   37.5000   22.5000 2776.0378   10.2420
   -7.5000   45.0000   22.5000 2690.7471   10.8564
    0.0000   45.0000   22.5000 2699.8030   10.8289
    7.5000   45.0000   22.5000 2668.0479   10.9861
   -7.5000  -45.0000   30.0000 1953.5382   18.5732
    0.0000  -45.0000   30.0000 1958.6473   18.4392
    7.5000  -45.0000   30.0000 1961.5521   18.8095
   -7.5000  -37.5000   30.0000 2114.8320   15.9478
    0.0000  -37.5000   30.0000 2124.7961   15.8073
    7.5000  -37.5000   30.0000 2115.5122   16.2182
   -7.5000  -30.0000   30.0000 2255.8831   13.9707
    0.0000  -30.0000   30.0000 2265.1978   13.8493
    7.5000  -30.0000   30.0000 2249.9773   14.2527
   -7.5000  -22.5000   30.0000 2386.4280   12.5132
    0.0000  -22.5000   30.0000 2391.6323   12.4154
    7.5000  -22.5000   30.0000 2370.0410   12.7689
   -7.5000  -15.0000   30.0000 2496.2097   11.4184
    0.0000  -15.0000   30.0000 2505.5767   11.3178
    7.5000  -15.0000   30.0000 2485.0400   11.6546
   -7.5000   -7.5000   30.0000 2615.5955   10.5935
    0.0000   -7.5000   30.0000 2629.6875   10.4826
    7.5000   -7.5000   30.0000 2611.6885   10.8039
   -7.5000    0.0000   30.0000 2723.9507    9.9790
    0.0000    0.0000   30.0000 2739.2319    9.8513
    7.5000    0.0000   30.0000 2710.8958   10.1428
   -7.5000    7.5000   30.0000 2821.2864    9.5316
    0.0000    7.5000   30.0000 2825.2056    9.3310
    7.5000    7.5000   30.0000 2793.3521    9.7140
   -7.5000   15.0000   30.0000 2878.1279    9.3866
    0.0000   15.0000   30.0000 2886.3394    9.2516
    7.5000   15.0000   30.0000 2844.6653    9.5153
   -7.5000   22.5000   30.0000 2888.2729    9.5279
    0.0000   22.5000   30.0000 2906.8372    9.4310
    7.5000   22.5000   30.0000 2856.2083    9.6085
   -7.5000   30.0000   30.0000 2843.2722    9.8637
    0.0000   30.0000   30.0000 2861.1506    9.8149
    7.5000   30.0000   30.0000 2811.5771    9.9763
   -7.5000   37.5000   30.0000 2754.8174   10.4347
    0.0000   37.5000   30.0000 2766.1206   10.4057
    7.5000   37.5000   30.0000 2727.7773   10.5644
   -7.5000   45.0000   30.0000 2640.9634   11.1997
    0.0000   45.0000   30.0000 2653.9768   11.1768
    7.5000   45.0000   30.0000 2622.0881   11.3357
   -7.5000  -45.0000   37.5000 1902.4752   19.4864
    0.0000  -45.0000   37.5000 1911.5797   19.3241
    7.5000  -45.0000   37.5000 1912.8517   19.6762
   -7.5000  -37.5000   37.5000 2068.3936   16.7357
    0.0000  -37.5000   37.5000 2080.5195   16.6064
    7.5000  -37.5000   37.5000 2068.4236   16.9779
   -7.5000  -30.0000   37.5000 2218.9329   14.7002
    0.0000  -30.0000   37.5000 2228.3503   14.6092
    7.5000  -30.0000   37.5000 2209.0095   14.9598
   -7.5000  -22.5000   37.5000 2352.7620   13.1934
    0.0000  -22.5000   37.5000 2362.0054   13.1027
    7.5000  -22.5000   37.5000 2333.5510   13.4572
   -7.5000  -15.0000   37.5000 2463.5837   12.0488
    0.0000  -15.0000   37.5000 2475.4133   11.9275
    7.5000  -15.0000   37.5000 2445.7148   12.2802
   -7.5000   -7.5000   37.5000 2576.8228   11.1355
    0.0000   -7.5000   37.5000 2587.6750   11.0282
    7.5000   -7.5000   37.5000 2562.6509   11.3471
   -7.5000    0.0000   37.5000 2679.5537   10.4429
    0.0000    0.0000   37.5000 2684.5142   10.2595
    7.5000    0.0000   37.5000 2660.5078   10.6693
   -7.5000    7.5000   37.5000 2764.7234   10.0115
    0.0000    7.5000   37.5000 2763.8394    9.8543
    7.5000    7.5000   37.5000 2734.7502   10.1943
   -7.5000   15.0000   37.5000 2800.9614    9.8970
    0.0000   15.0000   37.5000 2806.9829    9.7846
    7.5000   15.0000   37.5000 2782.3845   10.0394
   -7.5000   22.5000   37.5000 2806.9019   10.0428
    0.0000   22.5000   37.5000 2817.6777    9.9177
    7.5000   22.5000   37.5000 2786.4482   10.1270
   -7.5000   30.0000   37.5000 2764.3994   10.3844
    0.0000   30.0000   37.5000 2777.6819   10.2985
    7.5000   30.0000   37.5000 2739.6211   10.5022
   -7.5000   37.5000   37.5000 2685.1992   10.9435
    0.0000   37.5000   37.5000 2698.7732   10.8946
    7.5000   37.5000   37.5000 2661.8640   11.0736
   -7.5000   45.0000   37.5000 2581.0894   11.6935
    0.0000   45.0000   37.5000 2593.9592   11.6544
    7.5000   45.0000   37.5000 2563.9207   11.7993
   -7.5000  -45.0000   45.0000 1850.1902   20.7290
    0.0000  -45.0000   45.0000 1857.4810   20.6078
    7.5000  -45.0000   45.0000 1853.4452   21.0492
   -7.5000  -37.5000   45.0000 2016.5536   17.8169
    0.0000  -37.5000   45.0000 2026.6477   17.7565
    7.5000  -37.5000   45.0000 2012.7758   18.1124
   -7.5000  -30.0000   45.0000 2171.8362   15.6136
    0.0000  -30.0000   45.0000 2180.3022   15.5528
    7.5000  -30.0000   45.0000 2160.0532   15.9496
   -7.5000  -22.5000   45.0000 2303.8440   13.9931
    0.0000  -22.5000   45.0000 2318.2939   13.9153
    7.5000  -22.5000   45.0000 2286.4006   14.2919
   -7.5000  -15.0000   45.0000 2413.4338   12.7507
    0.0000  -15.0000   45.0000 2427.6489   12.6669
    7.5000  -15.0000   45.0000 2395.6973   12.9965
   -7.5000   -7.5000   45.0000 2520.5083   11.7900
    0.0000   -7.5000   45.0000 2535.4453   11.6724
    7.5000   -7.5000   45.0000 2504.7681   12.0341
   -7.5000    0.0000   45.0000 2618.0303   11.0918
    0.0000    0.0000   45.0000 2628.9170   10.9271
    7.5000    0.0000   45.0000 2595.8052   11.3133
   -7.5000    7.5000   45.0000 2687.0239   10.6959
    0.0000    7.5000   45.0000 2686.7354   10.5743
    7.5000    7.5000   45.0000 2661.6785   10.8654
   -7.5000   15.0000   45.0000 2710.0579   10.5647
    0.0000   15.0000   45.0000 2720.7097   10.4663
    7.5000   15.0000   45.0000 2696.0996   10.7100
   -7.5000   22.5000   45.0000 2707.7642   10.6767
    0.0000   22.5000   45.0000 2714.8474   10.5676
    7.5000   22.5000   45.0000 2693.5798   10.7880
   -7.5000   30.0000   45.0000 2664.7698   11.0145
    0.0000   30.0000   45.0000 2680.3499   10.9390
    7.5000   30.0000   45.0000 2650.1814   11.1629
   -7.5000   37.5000   45.0000 2590.3616   11.5892
    0.0000   37.5000   45.0000 2609.3777   11.5299
    7.5000   37.5000   45.0000 2575.1438   11.7431
   -7.5000   45.0000   45.0000 2498.6880   12.3362
    0.0000   45.0000   45.0000 2510.0364   12.2793
    7.5000   45.0000   45.0000 2479.5005   12.4755

---------------------------------------------------------------------
imgreg_4dfp /opt/freesurfer/average/711-2C_as_mni_average_305 /opt/freesurfer/average/711-2B_as_mni_average_305_mask talsrcimg_g11 none talsrcimg_to_711-2C_as_mni_average_305_t4 1283
---------------------------------------------------------------------

freesurfer imgreg_4dfp.c
/opt/freesurfer/average/711-2C_as_mni_average_305.4dfp.img
       256       256       256         1
  1.000000  1.000000  1.000000
orientation T byte_order littleendian
Reading image: /opt/freesurfer/average/711-2C_as_mni_average_305.4dfp.img
dimensions:      256       256       256
mmppix:       1.0000   -1.0000   -1.0000
center:     128.0000 -129.0000 -129.0000
/opt/freesurfer/average/711-2B_as_mni_average_305_mask.4dfp.img
       256       256       256         1
  1.000000  1.000000  1.000000
orientation T byte_order littleendian
Reading mask: /opt/freesurfer/average/711-2B_as_mni_average_305_mask.4dfp.img (2306576 pixels)
talsrcimg_g11.4dfp.img
       256       256       256         1
  1.000000  1.000000  1.000000
orientation T byte_order littleendian
Reading image: talsrcimg_g11.4dfp.img
dimensions:      256       256       256
mmppix:       1.0000   -1.0000   -1.0000
center:     128.0000 -129.0000 -129.0000
rotation matrix determinant  1.000000
fimgreg.f
image alignment mode   1283 decimal      503 hex
parameters
    0.0000   22.5000   15.0000    0.0000    0.0000    0.0000
eta,q 0.93702  8.89817
niter,ni,del,rscale     5    3   12.0000    1.2000
parameter  2  0.523671 ->  0.500000 qaram    1.1500
parameter  4  0.852711 ->  0.500000 qaram    1.1500
parameter  6  0.842335 ->  0.500000 qaram    1.1500
parameters
   -2.1782   19.0500   15.2548   -3.4500    1.3715   -3.4500
eta,q 0.93947  8.70946
  0.0698  0.0655  0.0734  0.0625  0.0688  0.0609
  0.0666  0.0640  0.0690  0.0627  0.0654  0.0605
  0.0665  0.0648  0.0650  0.0629  0.0632  0.0610
  0.0675  0.0661  0.0644  0.0643  0.0627  0.0625
  0.0701  0.0672  0.0661  0.0665  0.0625  0.0643
  0.0736  0.0691  0.0683  0.0695  0.0629  0.0666
  0.0771  0.0738  0.0714  0.0719  0.0647  0.0690
niter,ni,del,rscale     7    3   12.0000    1.2000
parameters
   -2.2184   21.2363   14.8706   -6.8914    0.7763   -3.5764
eta,q 0.94496  8.74298
  0.0694  0.0749  0.0664  0.0600  0.0614  0.0628
  0.0647  0.0683  0.0619  0.0558  0.0574  0.0595
  0.0609  0.0634  0.0598  0.0564  0.0549  0.0564
  0.0605  0.0605  0.0593  0.0593  0.0554  0.0550
  0.0619  0.0593  0.0605  0.0622  0.0574  0.0565
  0.0647  0.0607  0.0638  0.0650  0.0601  0.0599
  0.0694  0.0638  0.0680  0.0688  0.0630  0.0634
niter,ni,del,rscale     6    3   12.0000    1.2000
parameters
   -1.9269   21.7387   14.6120   -6.8152    0.6655   -3.4791
eta,q 0.94508  8.75359
  0.0680  0.0701  0.0641  0.0645  0.0621  0.0627
  0.0618  0.0667  0.0595  0.0610  0.0581  0.0594
  0.0566  0.0599  0.0561  0.0564  0.0550  0.0563
  0.0550  0.0550  0.0549  0.0549  0.0550  0.0549
  0.0562  0.0568  0.0563  0.0576  0.0567  0.0560
  0.0604  0.0622  0.0604  0.0608  0.0590  0.0589
  0.0655  0.0683  0.0662  0.0637  0.0616  0.0625
niter,ni,del,rscale     5    3   12.0000    1.2000
parameters
   -1.8954   21.8295   14.6346   -6.8160    0.6392   -3.4377
eta,q 0.94508  8.75746
  0.0672  0.0691  0.0650  0.0644  0.0622  0.0626
  0.0610  0.0654  0.0602  0.0608  0.0583  0.0593
  0.0561  0.0581  0.0566  0.0561  0.0552  0.0562
  0.0549  0.0549  0.0549  0.0549  0.0549  0.0549
  0.0568  0.0578  0.0559  0.0576  0.0566  0.0561
  0.0613  0.0634  0.0596  0.0609  0.0589  0.0590
  0.0664  0.0694  0.0654  0.0639  0.0615  0.0625
niter,ni,del,rscale     4    3   12.0000    1.2000
parameters
   -1.8928   21.8606   14.6495   -6.8199    0.6282   -3.4225
eta,q 0.94508  8.75870
  0.0672  0.0690  0.0650  0.0644  0.0623  0.0625
  0.0610  0.0652  0.0602  0.0608  0.0584  0.0592
  0.0561  0.0578  0.0566  0.0560  0.0552  0.0562
  0.0549  0.0549  0.0549  0.0549  0.0549  0.0549
  0.0569  0.0580  0.0559  0.0576  0.0566  0.0561
  0.0615  0.0637  0.0596  0.0609  0.0589  0.0590
  0.0666  0.0696  0.0654  0.0639  0.0615  0.0626
registration optimization eta report
parameter search radius
    6.0000    6.9000    6.0000    6.9000    6.0000    6.9000
100000*second partial in parameter space
       33.       28.       28.       18.       19.       15.
  0.0672  0.0690  0.0650  0.0644  0.0623  0.0625
  0.0610  0.0652  0.0602  0.0608  0.0584  0.0592
  0.0561  0.0578  0.0566  0.0560  0.0552  0.0562
  0.0549  0.0549  0.0549  0.0549  0.0549  0.0549
  0.0569  0.0580  0.0559  0.0576  0.0566  0.0561
  0.0615  0.0637  0.0596  0.0609  0.0589  0.0590
  0.0666  0.0696  0.0654  0.0639  0.0615  0.0626
   -1.8928   21.8606   14.6495   -6.8199    0.6282   -3.4225
eta,q 0.94508  8.75870

---------------------------------------------------------------------
imgreg_4dfp /opt/freesurfer/average/711-2C_as_mni_average_305 /opt/freesurfer/average/711-2B_as_mni_average_305_mask talsrcimg_g11 none talsrcimg_to_711-2C_as_mni_average_305_t4 3335
---------------------------------------------------------------------

freesurfer imgreg_4dfp.c
/opt/freesurfer/average/711-2C_as_mni_average_305.4dfp.img
       256       256       256         1
  1.000000  1.000000  1.000000
orientation T byte_order littleendian
Reading image: /opt/freesurfer/average/711-2C_as_mni_average_305.4dfp.img
dimensions:      256       256       256
mmppix:       1.0000   -1.0000   -1.0000
center:     128.0000 -129.0000 -129.0000
/opt/freesurfer/average/711-2B_as_mni_average_305_mask.4dfp.img
       256       256       256         1
  1.000000  1.000000  1.000000
orientation T byte_order littleendian
Reading mask: /opt/freesurfer/average/711-2B_as_mni_average_305_mask.4dfp.img (2306576 pixels)
talsrcimg_g11.4dfp.img
       256       256       256         1
  1.000000  1.000000  1.000000
orientation T byte_order littleendian
Reading image: talsrcimg_g11.4dfp.img
dimensions:      256       256       256
mmppix:       1.0000   -1.0000   -1.0000
center:     128.0000 -129.0000 -129.0000
fimgreg.f
image alignment mode   3335 decimal      D07 hex
parameters
   -1.8928   21.8606   14.6495   -0.1844   -0.8924   -0.7135
    6.0575   -0.3779   -5.9694   11.9186    1.0965  -11.8741
eta,q 0.94496  8.78606
niter,ni,del,rscale     5    3    5.0000    1.2000
parameter  4 16.491669 ->  0.500000 qaram    1.1500
parameter  5  3.074348 ->  0.500000 qaram    1.1500
parameter  6  1.133092 ->  0.500000 qaram    1.1500
parameter 10  0.673592 ->  0.500000 qaram    1.1500
parameter 12  0.692003 ->  0.500000 qaram    1.1500
parameters
   -1.5652   22.0192   14.6283   -4.3244   -5.0324   -4.8535
    5.2655    0.9350   -4.7487    7.7786    1.0608  -16.0141
eta,q 0.96512  8.65224
  0.0574  0.0566  0.0567  0.0421  0.0390  0.0361  0.0394  0.0454  0.0391  0.0364  0.0380  0.0351
  0.0565  0.0556  0.0557  0.0457  0.0413  0.0371  0.0383  0.0422  0.0381  0.0356  0.0367  0.0349
  0.0556  0.0551  0.0552  0.0501  0.0442  0.0392  0.0377  0.0394  0.0375  0.0359  0.0358  0.0351
  0.0550  0.0550  0.0550  0.0550  0.0469  0.0421  0.0376  0.0376  0.0372  0.0372  0.0356  0.0356
  0.0550  0.0551  0.0552  0.0604  0.0496  0.0465  0.0380  0.0373  0.0372  0.0390  0.0359  0.0365
  0.0555  0.0555  0.0559  0.0651  0.0532  0.0521  0.0390  0.0388  0.0375  0.0409  0.0368  0.0376
  0.0566  0.0561  0.0567  0.0690  0.0575  0.0581  0.0405  0.0417  0.0381  0.0434  0.0380  0.0390
niter,ni,del,rscale     7    3    5.0000    1.2000
parameter  2  0.709911 ->  0.500000 qaram    1.1500
parameter  4  0.654168 ->  0.500000 qaram    1.3225
parameter  5  1.319662 ->  0.500000 qaram    1.3225
parameters
   -2.1734   20.6392   13.6549   -9.0854   -9.7934   -6.2835
    4.9846    0.7794   -5.8471    9.3229    1.1113  -18.5374
eta,q 0.97460  8.57396
  0.0370  0.0337  0.0340  0.0313  0.0253  0.0278  0.0288  0.0310  0.0278  0.0319  0.0268  0.0264
  0.0353  0.0335  0.0333  0.0303  0.0256  0.0269  0.0273  0.0280  0.0267  0.0294  0.0261  0.0257
  0.0346  0.0337  0.0332  0.0303  0.0272  0.0263  0.0264  0.0265  0.0261  0.0275  0.0257  0.0254
  0.0349  0.0345  0.0335  0.0331  0.0301  0.0259  0.0261  0.0261  0.0261  0.0260  0.0256  0.0256
  0.0362  0.0358  0.0344  0.0383  0.0336  0.0258  0.0265  0.0267  0.0267  0.0256  0.0257  0.0263
  0.0383  0.0375  0.0357  0.0444  0.0371  0.0272  0.0276  0.0284  0.0277  0.0267  0.0261  0.0273
  0.0409  0.0395  0.0374  0.0508  0.0410  0.0324  0.0293  0.0314  0.0292  0.0291  0.0267  0.0288
niter,ni,del,rscale     7    3    5.0000    1.2000
parameters
   -2.1267   20.4985   12.8403  -10.3664  -12.3965   -5.1568
    5.7835    0.8599   -6.1085   10.4276    1.3549  -20.1519
eta,q 0.97494  8.54110
  0.0288  0.0293  0.0258  0.0295  0.0290  0.0281  0.0284  0.0304  0.0274  0.0302  0.0262  0.0261
  0.0269  0.0270  0.0254  0.0281  0.0270  0.0268  0.0270  0.0275  0.0262  0.0280  0.0256  0.0255
  0.0258  0.0257  0.0252  0.0267  0.0257  0.0261  0.0259  0.0258  0.0255  0.0264  0.0253  0.0251
  0.0254  0.0254  0.0254  0.0252  0.0258  0.0256  0.0254  0.0253  0.0253  0.0253  0.0251  0.0251
  0.0257  0.0262  0.0258  0.0254  0.0282  0.0251  0.0254  0.0258  0.0256  0.0252  0.0252  0.0255
  0.0267  0.0278  0.0266  0.0292  0.0318  0.0250  0.0261  0.0273  0.0265  0.0262  0.0255  0.0263
  0.0285  0.0300  0.0276  0.0351  0.0356  0.0276  0.0274  0.0302  0.0277  0.0284  0.0260  0.0274
niter,ni,del,rscale     6    3    5.0000    1.2000
parameters
   -2.0649   20.8476   12.8955  -10.1044  -13.1137   -5.4747
    5.8695    0.8318   -6.2092   11.1322    1.3218  -20.6568
eta,q 0.97500  8.52600
  0.0280  0.0299  0.0263  0.0300  0.0301  0.0275  0.0277  0.0299  0.0271  0.0291  0.0260  0.0264
  0.0264  0.0274  0.0256  0.0283  0.0278  0.0263  0.0264  0.0271  0.0260  0.0271  0.0254  0.0256
  0.0254  0.0257  0.0252  0.0268  0.0259  0.0257  0.0255  0.0255  0.0253  0.0258  0.0251  0.0251
  0.0251  0.0251  0.0250  0.0250  0.0249  0.0250  0.0251  0.0251  0.0251  0.0251  0.0250  0.0250
  0.0253  0.0253  0.0251  0.0240  0.0257  0.0245  0.0253  0.0256  0.0254  0.0251  0.0251  0.0253
  0.0262  0.0262  0.0255  0.0262  0.0288  0.0253  0.0262  0.0271  0.0261  0.0260  0.0254  0.0259
  0.0278  0.0278  0.0262  0.0314  0.0326  0.0295  0.0276  0.0299  0.0272  0.0281  0.0260  0.0268
niter,ni,del,rscale     5    3    5.0000    1.2000
parameters
   -2.0941   21.0199   12.8991   -9.9933  -13.3713   -5.3862
    5.9204    0.7901   -6.1896   11.4414    1.2178  -20.9150
eta,q 0.97506  8.52893
  0.0277  0.0290  0.0262  0.0298  0.0305  0.0277  0.0276  0.0299  0.0270  0.0285  0.0259  0.0265
  0.0262  0.0267  0.0256  0.0282  0.0281  0.0265  0.0262  0.0270  0.0258  0.0267  0.0254  0.0256
  0.0253  0.0254  0.0252  0.0268  0.0261  0.0257  0.0253  0.0254  0.0252  0.0255  0.0250  0.0251
  0.0250  0.0250  0.0250  0.0250  0.0249  0.0250  0.0250  0.0250  0.0250  0.0250  0.0249  0.0249
  0.0253  0.0253  0.0251  0.0240  0.0253  0.0244  0.0252  0.0255  0.0252  0.0250  0.0251  0.0252
  0.0262  0.0263  0.0256  0.0263  0.0281  0.0250  0.0261  0.0271  0.0259  0.0261  0.0254  0.0258
  0.0279  0.0280  0.0262  0.0315  0.0318  0.0289  0.0276  0.0299  0.0269  0.0283  0.0260  0.0267
niter,ni,del,rscale     4    3    5.0000    1.2000
parameters
   -2.1284   21.0950   12.9252   -9.9881  -13.5060   -5.3595
    5.9393    0.7591   -6.1530   11.5859    1.1227  -21.0108
eta,q 0.97505  8.52786
  0.0277  0.0286  0.0262  0.0297  0.0305  0.0278  0.0275  0.0299  0.0270  0.0283  0.0260  0.0265
  0.0261  0.0265  0.0255  0.0282  0.0282  0.0265  0.0262  0.0270  0.0258  0.0265  0.0254  0.0257
  0.0252  0.0253  0.0251  0.0267  0.0262  0.0257  0.0253  0.0254  0.0252  0.0255  0.0250  0.0251
  0.0249  0.0249  0.0249  0.0249  0.0249  0.0250  0.0250  0.0250  0.0250  0.0250  0.0250  0.0250
  0.0253  0.0253  0.0251  0.0240  0.0252  0.0244  0.0252  0.0255  0.0252  0.0250  0.0251  0.0252
  0.0262  0.0264  0.0255  0.0264  0.0279  0.0250  0.0261  0.0271  0.0258  0.0261  0.0254  0.0257
  0.0278  0.0280  0.0262  0.0318  0.0316  0.0291  0.0276  0.0299  0.0269  0.0283  0.0260  0.0266
niter,ni,del,rscale     3    3    5.0000    1.2000
parameters
   -2.1505   21.1352   12.9355   -9.9851  -13.5733   -5.3473
    5.9417    0.7448   -6.1221   11.6575    1.0734  -21.0562
eta,q 0.97504  8.52720
  0.0277  0.0284  0.0262  0.0297  0.0306  0.0278  0.0275  0.0299  0.0269  0.0282  0.0260  0.0266
  0.0262  0.0264  0.0255  0.0282  0.0283  0.0265  0.0262  0.0270  0.0258  0.0265  0.0254  0.0257
  0.0252  0.0253  0.0251  0.0267  0.0262  0.0257  0.0253  0.0254  0.0252  0.0255  0.0251  0.0252
  0.0250  0.0250  0.0250  0.0250  0.0250  0.0250  0.0250  0.0250  0.0250  0.0250  0.0250  0.0250
  0.0253  0.0254  0.0251  0.0240  0.0252  0.0244  0.0252  0.0255  0.0252  0.0250  0.0251  0.0252
  0.0262  0.0264  0.0255  0.0264  0.0278  0.0251  0.0261  0.0271  0.0258  0.0261  0.0254  0.0257
  0.0278  0.0281  0.0262  0.0318  0.0315  0.0292  0.0276  0.0298  0.0268  0.0284  0.0260  0.0266
niter,ni,del,rscale     2    3    5.0000    1.2000
parameters
   -2.1601   21.1553   12.9392   -9.9867  -13.6036   -5.3441
    5.9384    0.7410   -6.1054   11.6881    1.0479  -21.0817
eta,q 0.97503  8.52666
  0.0277  0.0283  0.0262  0.0297  0.0306  0.0278  0.0275  0.0299  0.0269  0.0281  0.0260  0.0266
  0.0262  0.0263  0.0255  0.0282  0.0283  0.0265  0.0262  0.0270  0.0258  0.0264  0.0254  0.0257
  0.0253  0.0253  0.0251  0.0267  0.0263  0.0257  0.0253  0.0254  0.0252  0.0255  0.0251  0.0252
  0.0250  0.0250  0.0250  0.0250  0.0250  0.0250  0.0250  0.0250  0.0250  0.0250  0.0250  0.0250
  0.0253  0.0254  0.0251  0.0240  0.0252  0.0244  0.0252  0.0255  0.0252  0.0250  0.0251  0.0252
  0.0262  0.0264  0.0255  0.0265  0.0278  0.0251  0.0261  0.0271  0.0258  0.0261  0.0254  0.0257
  0.0278  0.0281  0.0262  0.0318  0.0314  0.0292  0.0276  0.0298  0.0268  0.0284  0.0260  0.0266
registration optimization eta report
parameter search radius
    2.4000    2.7600    2.4000    9.5220    9.5220    8.2800
    7.2000    7.2000    7.2000    8.2800    7.2000    8.2800
100000*second partial in parameter space
       49.       43.       21.        7.        7.        5.
        5.       10.        4.        5.        2.        2.
  0.0277  0.0283  0.0262  0.0297  0.0306  0.0278  0.0275  0.0299  0.0269  0.0281  0.0260  0.0266
  0.0262  0.0263  0.0255  0.0282  0.0283  0.0265  0.0262  0.0270  0.0258  0.0264  0.0254  0.0257
  0.0253  0.0253  0.0251  0.0267  0.0263  0.0257  0.0253  0.0254  0.0252  0.0255  0.0251  0.0252
  0.0250  0.0250  0.0250  0.0250  0.0250  0.0250  0.0250  0.0250  0.0250  0.0250  0.0250  0.0250
  0.0253  0.0254  0.0251  0.0240  0.0252  0.0244  0.0252  0.0255  0.0252  0.0250  0.0251  0.0252
  0.0262  0.0264  0.0255  0.0265  0.0278  0.0251  0.0261  0.0271  0.0258  0.0261  0.0254  0.0257
  0.0278  0.0281  0.0262  0.0318  0.0314  0.0292  0.0276  0.0298  0.0268  0.0284  0.0260  0.0266
   -2.1601   21.1553   12.9392   -9.9867  -13.6036   -5.3441
    5.9384    0.7410   -6.1054   11.6881    1.0479  -21.0817
eta,q 0.97503  8.52666

---------------------------------------------------------------------
imgreg_4dfp /opt/freesurfer/average/711-2C_as_mni_average_305 /opt/freesurfer/average/711-2B_as_mni_average_305_mask talsrcimg_g11 none talsrcimg_to_711-2C_as_mni_average_305_t4 2311
---------------------------------------------------------------------

freesurfer imgreg_4dfp.c
/opt/freesurfer/average/711-2C_as_mni_average_305.4dfp.img
       256       256       256         1
  1.000000  1.000000  1.000000
orientation T byte_order littleendian
Reading image: /opt/freesurfer/average/711-2C_as_mni_average_305.4dfp.img
dimensions:      256       256       256
mmppix:       1.0000   -1.0000   -1.0000
center:     128.0000 -129.0000 -129.0000
/opt/freesurfer/average/711-2B_as_mni_average_305_mask.4dfp.img
       256       256       256         1
  1.000000  1.000000  1.000000
orientation T byte_order littleendian
Reading mask: /opt/freesurfer/average/711-2B_as_mni_average_305_mask.4dfp.img (2306576 pixels)
talsrcimg_g11.4dfp.img
       256       256       256         1
  1.000000  1.000000  1.000000
orientation T byte_order littleendian
Reading image: talsrcimg_g11.4dfp.img
dimensions:      256       256       256
mmppix:       1.0000   -1.0000   -1.0000
center:     128.0000 -129.0000 -129.0000
fimgreg.f
image alignment mode   2311 decimal      907 hex
parameters
   -2.1601   21.1553   12.9392   -9.9867  -13.6036   -5.3441
    5.9384    0.7410   -6.1054   11.6881    1.0479  -21.0817
eta,q 0.97503  8.52666
niter,ni,del,rscale     5    3    5.0000    0.8000
parameter  4 -0.700165 -> -0.500000 qaram    1.1500
parameters
   -2.1607   21.0944   12.9674   -7.2267  -13.2865   -4.9241
    5.6880    0.7869   -6.0545   11.9273    1.0719  -21.0120
eta,q 0.97615  8.59779
  0.0262  0.0260  0.0256  0.0275  0.0261  0.0252  0.0255  0.0276  0.0252  0.0253  0.0249  0.0246
  0.0255  0.0254  0.0252  0.0268  0.0251  0.0247  0.0246  0.0256  0.0244  0.0246  0.0243  0.0242
  0.0251  0.0250  0.0250  0.0259  0.0244  0.0243  0.0240  0.0243  0.0240  0.0241  0.0240  0.0239
  0.0250  0.0250  0.0250  0.0250  0.0240  0.0239  0.0239  0.0239  0.0239  0.0239  0.0239  0.0239
  0.0251  0.0251  0.0250  0.0242  0.0239  0.0238  0.0241  0.0243  0.0240  0.0239  0.0240  0.0239
  0.0255  0.0255  0.0252  0.0240  0.0246  0.0241  0.0248  0.0255  0.0244  0.0243  0.0243  0.0242
  0.0262  0.0261  0.0255  0.0247  0.0258  0.0251  0.0258  0.0274  0.0251  0.0251  0.0248  0.0246
niter,ni,del,rscale     5    3    5.0000    0.8000
parameters
   -2.2321   20.9634   13.4907   -8.0484  -13.2228   -3.8644
    5.7820    0.6394   -5.9923   11.7132    0.9283  -20.5859
eta,q 0.97631  8.61829
  0.0258  0.0249  0.0252  0.0265  0.0260  0.0255  0.0255  0.0272  0.0250  0.0250  0.0247  0.0246
  0.0247  0.0243  0.0246  0.0254  0.0250  0.0249  0.0245  0.0253  0.0243  0.0243  0.0241  0.0241
  0.0240  0.0239  0.0241  0.0243  0.0243  0.0243  0.0239  0.0240  0.0238  0.0239  0.0238  0.0238
  0.0238  0.0238  0.0238  0.0237  0.0239  0.0239  0.0237  0.0237  0.0237  0.0237  0.0237  0.0237
  0.0242  0.0241  0.0237  0.0244  0.0239  0.0237  0.0239  0.0243  0.0238  0.0238  0.0239  0.0237
  0.0249  0.0246  0.0238  0.0265  0.0247  0.0238  0.0244  0.0256  0.0243  0.0244  0.0242  0.0239
  0.0262  0.0253  0.0241  0.0296  0.0261  0.0248  0.0254  0.0276  0.0249  0.0255  0.0248  0.0243
niter,ni,del,rscale     4    3    5.0000    0.7000
parameters
   -2.2753   20.9135   13.5126   -8.2349  -13.1463   -3.7666
    5.8038    0.6150   -5.9966   11.6512    0.8829  -20.5270
eta,q 0.97629  8.62044
  0.0252  0.0247  0.0244  0.0264  0.0254  0.0250  0.0250  0.0266  0.0247  0.0248  0.0245  0.0243
  0.0243  0.0241  0.0240  0.0254  0.0246  0.0244  0.0243  0.0250  0.0241  0.0243  0.0241  0.0240
  0.0238  0.0238  0.0238  0.0243  0.0241  0.0240  0.0239  0.0240  0.0238  0.0239  0.0238  0.0238
  0.0237  0.0237  0.0237  0.0237  0.0237  0.0237  0.0237  0.0237  0.0237  0.0237  0.0237  0.0237
  0.0239  0.0238  0.0238  0.0238  0.0238  0.0237  0.0238  0.0241  0.0238  0.0238  0.0238  0.0238
  0.0245  0.0242  0.0240  0.0251  0.0244  0.0240  0.0243  0.0251  0.0242  0.0242  0.0241  0.0240
  0.0254  0.0248  0.0243  0.0275  0.0255  0.0252  0.0250  0.0266  0.0247  0.0250  0.0245  0.0243
niter,ni,del,rscale     3    3    5.0000    0.6000
parameters
   -2.2818   20.8950   13.4928   -8.0933  -13.0732   -3.6358
    5.7970    0.6276   -5.9861   11.6482    0.8897  -20.5869
eta,q 0.97634  8.62686
  0.0248  0.0245  0.0242  0.0260  0.0250  0.0246  0.0247  0.0260  0.0244  0.0245  0.0243  0.0241
  0.0242  0.0240  0.0239  0.0251  0.0243  0.0242  0.0241  0.0247  0.0240  0.0241  0.0239  0.0239
  0.0238  0.0238  0.0238  0.0243  0.0239  0.0239  0.0238  0.0239  0.0237  0.0238  0.0237  0.0237
  0.0237  0.0237  0.0237  0.0237  0.0237  0.0237  0.0237  0.0237  0.0237  0.0237  0.0237  0.0237
  0.0238  0.0238  0.0238  0.0237  0.0237  0.0236  0.0238  0.0239  0.0238  0.0237  0.0237  0.0237
  0.0242  0.0241  0.0239  0.0245  0.0242  0.0239  0.0241  0.0247  0.0240  0.0240  0.0240  0.0239
  0.0249  0.0245  0.0242  0.0261  0.0250  0.0247  0.0247  0.0259  0.0244  0.0246  0.0243  0.0241
niter,ni,del,rscale     2    3    5.0000    0.5000
parameters
   -2.2812   20.8741   13.5256   -7.9555  -13.0330   -3.5207
    5.7955    0.6327   -5.9697   11.6658    0.8997  -20.6079
eta,q 0.97637  8.63177
  0.0245  0.0242  0.0240  0.0255  0.0246  0.0243  0.0244  0.0253  0.0242  0.0243  0.0241  0.0239
  0.0240  0.0239  0.0238  0.0247  0.0241  0.0240  0.0240  0.0244  0.0239  0.0239  0.0238  0.0238
  0.0238  0.0237  0.0237  0.0241  0.0238  0.0238  0.0237  0.0238  0.0237  0.0237  0.0237  0.0237
  0.0237  0.0237  0.0237  0.0237  0.0236  0.0236  0.0236  0.0236  0.0236  0.0236  0.0236  0.0236
  0.0238  0.0237  0.0237  0.0237  0.0237  0.0236  0.0237  0.0238  0.0237  0.0237  0.0237  0.0237
  0.0240  0.0239  0.0238  0.0243  0.0240  0.0238  0.0240  0.0244  0.0239  0.0239  0.0238  0.0238
  0.0245  0.0242  0.0240  0.0254  0.0246  0.0243  0.0244  0.0253  0.0242  0.0243  0.0241  0.0239
niter,ni,del,rscale     1    3    5.0000    0.4000
parameters
   -2.2828   20.8585   13.5534   -7.8450  -12.9972   -3.4445
    5.7826    0.6315   -5.9541   11.6629    0.9329  -20.6240
eta,q 0.97638  8.63491
  0.0242  0.0240  0.0239  0.0249  0.0242  0.0240  0.0241  0.0247  0.0240  0.0240  0.0239  0.0238
  0.0239  0.0238  0.0237  0.0243  0.0239  0.0238  0.0238  0.0241  0.0238  0.0238  0.0238  0.0237
  0.0237  0.0237  0.0237  0.0239  0.0237  0.0237  0.0237  0.0237  0.0237  0.0237  0.0237  0.0236
  0.0236  0.0236  0.0236  0.0236  0.0236  0.0236  0.0236  0.0236  0.0236  0.0236  0.0236  0.0236
  0.0237  0.0237  0.0236  0.0237  0.0237  0.0236  0.0237  0.0238  0.0237  0.0237  0.0237  0.0236
  0.0239  0.0238  0.0237  0.0241  0.0239  0.0237  0.0238  0.0241  0.0238  0.0238  0.0237  0.0237
  0.0242  0.0240  0.0238  0.0249  0.0242  0.0240  0.0241  0.0247  0.0240  0.0241  0.0239  0.0238
registration optimization eta report
parameter search radius
    0.8000    0.8000    0.8000    2.7600    2.4000    2.4000
    2.4000    2.4000    2.4000    2.4000    2.4000    2.4000
100000*second partial in parameter space
       85.       55.       35.       16.       11.        7.
        8.       19.        6.        7.        5.        3.
  0.0242  0.0240  0.0239  0.0249  0.0242  0.0240  0.0241  0.0247  0.0240  0.0240  0.0239  0.0238
  0.0239  0.0238  0.0237  0.0243  0.0239  0.0238  0.0238  0.0241  0.0238  0.0238  0.0238  0.0237
  0.0237  0.0237  0.0237  0.0239  0.0237  0.0237  0.0237  0.0237  0.0237  0.0237  0.0237  0.0236
  0.0236  0.0236  0.0236  0.0236  0.0236  0.0236  0.0236  0.0236  0.0236  0.0236  0.0236  0.0236
  0.0237  0.0237  0.0236  0.0237  0.0237  0.0236  0.0237  0.0238  0.0237  0.0237  0.0237  0.0236
  0.0239  0.0238  0.0237  0.0241  0.0239  0.0237  0.0238  0.0241  0.0238  0.0238  0.0237  0.0237
  0.0242  0.0240  0.0238  0.0249  0.0242  0.0240  0.0241  0.0247  0.0240  0.0241  0.0239  0.0238
   -2.2828   20.8585   13.5534   -7.8450  -12.9972   -3.4445
    5.7826    0.6315   -5.9541   11.6629    0.9329  -20.6240
eta,q 0.97638  8.63491

---------------------------------------------------------------------
imgreg_4dfp /opt/freesurfer/average/711-2C_as_mni_average_305 /opt/freesurfer/average/711-2B_as_mni_average_305_mask talsrcimg_g11 none talsrcimg_to_711-2C_as_mni_average_305_t4 2311
---------------------------------------------------------------------

freesurfer imgreg_4dfp.c
/opt/freesurfer/average/711-2C_as_mni_average_305.4dfp.img
       256       256       256         1
  1.000000  1.000000  1.000000
orientation T byte_order littleendian
Reading image: /opt/freesurfer/average/711-2C_as_mni_average_305.4dfp.img
dimensions:      256       256       256
mmppix:       1.0000   -1.0000   -1.0000
center:     128.0000 -129.0000 -129.0000
/opt/freesurfer/average/711-2B_as_mni_average_305_mask.4dfp.img
       256       256       256         1
  1.000000  1.000000  1.000000
orientation T byte_order littleendian
Reading mask: /opt/freesurfer/average/711-2B_as_mni_average_305_mask.4dfp.img (2306576 pixels)
talsrcimg_g11.4dfp.img
       256       256       256         1
  1.000000  1.000000  1.000000
orientation T byte_order littleendian
Reading image: talsrcimg_g11.4dfp.img
dimensions:      256       256       256
mmppix:       1.0000   -1.0000   -1.0000
center:     128.0000 -129.0000 -129.0000
fimgreg.f
image alignment mode   2311 decimal      907 hex
parameters
   -2.2828   20.8585   13.5534   -7.8450  -12.9972   -3.4445
    5.7826    0.6315   -5.9541   11.6629    0.9329  -20.6240
eta,q 0.97638  8.63491
niter,ni,del,rscale     5    3    5.0000    0.8000
parameters
   -2.2841   20.8723   13.5471   -8.3308  -13.2525   -3.9317
    5.7917    0.6060   -6.0113   11.5963    0.8494  -20.3542
eta,q 0.97623  8.61193
  0.0258  0.0251  0.0245  0.0261  0.0257  0.0251  0.0254  0.0273  0.0250  0.0252  0.0247  0.0246
  0.0246  0.0243  0.0240  0.0251  0.0247  0.0245  0.0246  0.0254  0.0243  0.0245  0.0242  0.0242
  0.0239  0.0238  0.0237  0.0241  0.0240  0.0240  0.0240  0.0242  0.0239  0.0240  0.0239  0.0239
  0.0236  0.0236  0.0236  0.0236  0.0237  0.0237  0.0238  0.0238  0.0238  0.0238  0.0238  0.0238
  0.0239  0.0238  0.0237  0.0240  0.0239  0.0237  0.0239  0.0242  0.0239  0.0239  0.0239  0.0238
  0.0246  0.0243  0.0240  0.0255  0.0248  0.0245  0.0245  0.0255  0.0244  0.0244  0.0243  0.0240
  0.0258  0.0250  0.0245  0.0280  0.0264  0.0266  0.0254  0.0274  0.0250  0.0254  0.0248  0.0244
niter,ni,del,rscale     4    3    5.0000    0.7000
parameters
   -2.2808   20.9053   13.4898   -8.0378  -13.1592   -3.8992
    5.7830    0.6452   -5.9933   11.5778    0.8597  -20.4487
eta,q 0.97632  8.61788
  0.0253  0.0249  0.0243  0.0262  0.0254  0.0249  0.0250  0.0267  0.0247  0.0248  0.0245  0.0242
  0.0244  0.0243  0.0240  0.0253  0.0246  0.0244  0.0243  0.0251  0.0241  0.0242  0.0241  0.0239
  0.0239  0.0239  0.0238  0.0244  0.0240  0.0239  0.0238  0.0240  0.0238  0.0239  0.0238  0.0237
  0.0238  0.0238  0.0238  0.0238  0.0237  0.0237  0.0237  0.0237  0.0237  0.0237  0.0237  0.0237
  0.0239  0.0239  0.0239  0.0237  0.0238  0.0237  0.0238  0.0240  0.0238  0.0238  0.0238  0.0238
  0.0244  0.0242  0.0241  0.0244  0.0243  0.0240  0.0243  0.0250  0.0241  0.0242  0.0241  0.0240
  0.0252  0.0247  0.0245  0.0260  0.0254  0.0252  0.0250  0.0266  0.0247  0.0249  0.0245  0.0243
niter,ni,del,rscale     3    3    5.0000    0.6000
parameters
   -2.2761   20.8785   13.5344   -7.8863  -13.0993   -3.7290
    5.7706    0.6508   -5.9810   11.5984    0.8877  -20.4643
eta,q 0.97636  8.62490
  0.0249  0.0244  0.0242  0.0256  0.0249  0.0246  0.0247  0.0260  0.0244  0.0245  0.0243  0.0241
  0.0242  0.0240  0.0239  0.0248  0.0243  0.0242  0.0241  0.0247  0.0240  0.0241  0.0239  0.0238
  0.0238  0.0238  0.0238  0.0241  0.0239  0.0238  0.0238  0.0239  0.0237  0.0238  0.0237  0.0237
  0.0237  0.0237  0.0237  0.0237  0.0237  0.0237  0.0236  0.0236  0.0236  0.0236  0.0236  0.0236
  0.0238  0.0238  0.0237  0.0237  0.0237  0.0236  0.0238  0.0239  0.0237  0.0237  0.0237  0.0237
  0.0242  0.0241  0.0239  0.0243  0.0241  0.0238  0.0241  0.0247  0.0240  0.0240  0.0239  0.0238
  0.0248  0.0245  0.0241  0.0256  0.0250  0.0246  0.0247  0.0259  0.0244  0.0246  0.0243  0.0241
niter,ni,del,rscale     2    3    5.0000    0.5000
parameters
   -2.2750   20.8566   13.5691   -7.8019  -13.0533   -3.6003
    5.7676    0.6472   -5.9648   11.6050    0.9017  -20.4893
eta,q 0.97638  8.62968
  0.0245  0.0242  0.0240  0.0251  0.0245  0.0243  0.0244  0.0253  0.0242  0.0243  0.0241  0.0239
  0.0240  0.0239  0.0238  0.0245  0.0241  0.0240  0.0240  0.0244  0.0239  0.0239  0.0238  0.0238
  0.0237  0.0237  0.0237  0.0239  0.0238  0.0237  0.0237  0.0238  0.0237  0.0237  0.0237  0.0237
  0.0236  0.0236  0.0236  0.0236  0.0236  0.0236  0.0236  0.0236  0.0236  0.0236  0.0236  0.0236
  0.0237  0.0237  0.0237  0.0237  0.0237  0.0236  0.0237  0.0238  0.0237  0.0237  0.0237  0.0237
  0.0240  0.0239  0.0238  0.0242  0.0240  0.0238  0.0240  0.0244  0.0239  0.0239  0.0238  0.0238
  0.0245  0.0242  0.0240  0.0251  0.0246  0.0243  0.0244  0.0253  0.0242  0.0243  0.0241  0.0239
niter,ni,del,rscale     1    3    5.0000    0.4000
parameters
   -2.2783   20.8373   13.5848   -7.7354  -13.0073   -3.5212
    5.7646    0.6371   -5.9540   11.6145    0.9334  -20.5050
eta,q 0.97639  8.63303
  0.0242  0.0240  0.0239  0.0246  0.0242  0.0240  0.0241  0.0247  0.0240  0.0240  0.0239  0.0238
  0.0239  0.0238  0.0237  0.0242  0.0239  0.0238  0.0238  0.0241  0.0238  0.0238  0.0238  0.0237
  0.0237  0.0237  0.0236  0.0238  0.0237  0.0237  0.0237  0.0237  0.0237  0.0237  0.0237  0.0236
  0.0236  0.0236  0.0236  0.0236  0.0236  0.0236  0.0236  0.0236  0.0236  0.0236  0.0236  0.0236
  0.0237  0.0237  0.0236  0.0237  0.0237  0.0236  0.0237  0.0238  0.0237  0.0237  0.0236  0.0236
  0.0239  0.0238  0.0237  0.0240  0.0238  0.0237  0.0238  0.0241  0.0238  0.0238  0.0237  0.0237
  0.0242  0.0240  0.0238  0.0246  0.0242  0.0240  0.0241  0.0247  0.0240  0.0240  0.0239  0.0238
registration optimization eta report
parameter search radius
    0.8000    0.8000    0.8000    2.4000    2.4000    2.4000
    2.4000    2.4000    2.4000    2.4000    2.4000    2.4000
100000*second partial in parameter space
       87.       55.       35.       17.       10.        7.
        8.       19.        6.        7.        5.        3.
  0.0242  0.0240  0.0239  0.0246  0.0242  0.0240  0.0241  0.0247  0.0240  0.0240  0.0239  0.0238
  0.0239  0.0238  0.0237  0.0242  0.0239  0.0238  0.0238  0.0241  0.0238  0.0238  0.0238  0.0237
  0.0237  0.0237  0.0236  0.0238  0.0237  0.0237  0.0237  0.0237  0.0237  0.0237  0.0237  0.0236
  0.0236  0.0236  0.0236  0.0236  0.0236  0.0236  0.0236  0.0236  0.0236  0.0236  0.0236  0.0236
  0.0237  0.0237  0.0236  0.0237  0.0237  0.0236  0.0237  0.0238  0.0237  0.0237  0.0236  0.0236
  0.0239  0.0238  0.0237  0.0240  0.0238  0.0237  0.0238  0.0241  0.0238  0.0238  0.0237  0.0237
  0.0242  0.0240  0.0238  0.0246  0.0242  0.0240  0.0241  0.0247  0.0240  0.0240  0.0239  0.0238
   -2.2783   20.8373   13.5848   -7.7354  -13.0073   -3.5212
    5.7646    0.6371   -5.9540   11.6145    0.9334  -20.5050
eta,q 0.97639  8.63303

---------------------------------------------------------------------
compute_vox2vox talsrcimg talsrcimg_to_711-2C_as_mni_average_305_t4 /opt/freesurfer/average/711-2C_as_mni_average_305
---------------------------------------------------------------------

freesurfer compute_vox2vox.c
Reading: talsrcimg.4dfp.ifh
Reading: talsrcimg_to_711-2C_as_mni_average_305_t4
Reading: /opt/freesurfer/average/711-2C_as_mni_average_305.4dfp.ifh
Writing: talsrcimg_to_711-2C_as_mni_average_305_t4_vox2vox.txt

start time Fri Mar 13 05:10:36 CET 2026
end		time Fri Mar 13 05:12:08 CET 2026

mpr2mni305 success

avi2talxfm orig_nu.mgz /opt/freesurfer/average/mni305.cor.mgz talsrcimg_to_711-2C_as_mni_average_305_t4_vox2vox.txt transforms/talairach.auto.xfm
avi2talxfm done
mv -f /out/sourcedata/freesurfer/sub-v2s4x29610_ses-1/mri/talsrcimg_to_711-2C_as_mni_average_305_t4_vox2vox.txt /out/sourcedata/freesurfer/sub-v2s4x29610_ses-1/mri/transforms/talsrcimg_to_711-2C_as_mni_average_305_t4_vox2vox.txt
lta_convert --src orig_nu.mgz --trg /opt/freesurfer/average/mni305.cor.mgz --inxfm transforms/talairach.auto.xfm --outlta transforms/talairach.auto.xfm.lta --subject fsaverage
7.3.2

--src: orig_nu.mgz src image (geometry).
--trg: /opt/freesurfer/average/mni305.cor.mgz trg image (geometry).
--inmni: transforms/talairach.auto.xfm input MNI/XFM transform.
--outlta: transforms/talairach.auto.xfm.lta output LTA.
--s: fsaverage subject name
 LTA read, type : 1
 1.07923   0.00144  -0.07118  -7.27606;
 0.00511   1.00790   0.23723  -15.22088;
 0.07318  -0.13447   1.11298  -9.82596;
 0.00000   0.00000   0.00000   1.00000;
setting subject to fsaverage
Writing  LTA to file transforms/talairach.auto.xfm.lta...
lta_convert successful.
 
 
Started at Fri Mar 13 05:10:36 CET 2026
Ended   at Fri Mar 13 05:12:08 CET 2026
talairach_avi done
