status file for recon-all
Fri Mar 13 06:59:26 CET 2026
#@# Tessellate rh Fri Mar 13 06:59:26 CET 2026
#@# Smooth1 rh Fri Mar 13 06:59:30 CET 2026
#@# Inflation1 rh Fri Mar 13 06:59:33 CET 2026
#@# QSphere rh Fri Mar 13 06:59:50 CET 2026
#@# Fix Topology rh Fri Mar 13 07:01:18 CET 2026
#@# Smooth2 rh Fri Mar 13 07:08:25 CET 2026
#@# Inflation2 rh Fri Mar 13 07:08:28 CET 2026
#@# Curv .H and .K rh Fri Mar 13 07:08:48 CET 2026
#@# Sphere rh Fri Mar 13 07:09:37 CET 2026
#@# Surf Reg rh Fri Mar 13 07:12:30 CET 2026
#@# Jacobian white rh Fri Mar 13 07:16:40 CET 2026
#@# AvgCurv rh Fri Mar 13 07:16:41 CET 2026
#@# Cortical Parc rh Fri Mar 13 07:16:42 CET 2026
#@# white curv rh Fri Mar 13 07:23:35 CET 2026
#@# white area rh Fri Mar 13 07:23:37 CET 2026
#@# pial curv rh Fri Mar 13 07:23:38 CET 2026
#@# pial area rh Fri Mar 13 07:23:40 CET 2026
#@# thickness rh Fri Mar 13 07:23:41 CET 2026
#@# area and vertex vol rh Fri Mar 13 07:24:12 CET 2026
#@# Curvature Stats rh Fri Mar 13 07:24:14 CET 2026
#@# Cortical Parc 2 rh Fri Mar 13 07:24:17 CET 2026
#@# Cortical Parc 3 rh Fri Mar 13 07:24:32 CET 2026
#@# WM/GM Contrast rh Fri Mar 13 07:24:44 CET 2026
recon-all -s sub-v2s4x29607_ses-1 finished without error at Fri Mar 13 07:24:47 CET 2026



#New# invocation of recon-all 



status file for recon-all
Fri Mar 13 07:32:51 CET 2026
#@# white curv rh Fri Mar 13 07:32:51 CET 2026
#@# white area rh Fri Mar 13 07:32:51 CET 2026
#@# pial curv rh Fri Mar 13 07:32:51 CET 2026
#@# pial area rh Fri Mar 13 07:32:51 CET 2026
#@# thickness rh Fri Mar 13 07:32:51 CET 2026
#@# area and vertex vol rh Fri Mar 13 07:32:51 CET 2026
#@# Parcellation Stats rh Fri Mar 13 07:32:51 CET 2026
#@# Parcellation Stats 2 rh Fri Mar 13 07:33:10 CET 2026
#@# Parcellation Stats 3 rh Fri Mar 13 07:33:19 CET 2026
#@# BA_exvivo Labels rh Fri Mar 13 07:33:29 CET 2026
recon-all -s sub-v2s4x29607_ses-1 finished without error at Fri Mar 13 07:36:18 CET 2026
