status file for recon-all
Fri Mar 13 06:34:36 CET 2026
#@# Tessellate lh Fri Mar 13 06:34:36 CET 2026
#@# Smooth1 lh Fri Mar 13 06:34:40 CET 2026
#@# Inflation1 lh Fri Mar 13 06:34:43 CET 2026
#@# QSphere lh Fri Mar 13 06:34:57 CET 2026
#@# Fix Topology lh Fri Mar 13 06:36:20 CET 2026
#@# Smooth2 lh Fri Mar 13 06:43:06 CET 2026
#@# Inflation2 lh Fri Mar 13 06:43:10 CET 2026
#@# Curv .H and .K lh Fri Mar 13 06:43:25 CET 2026
#@# Sphere lh Fri Mar 13 06:44:12 CET 2026
#@# Surf Reg lh Fri Mar 13 06:46:46 CET 2026
#@# Jacobian white lh Fri Mar 13 06:50:55 CET 2026
#@# AvgCurv lh Fri Mar 13 06:50:56 CET 2026
#@# Cortical Parc lh Fri Mar 13 06:50:57 CET 2026
#@# white curv lh Fri Mar 13 06:58:11 CET 2026
#@# white area lh Fri Mar 13 06:58:13 CET 2026
#@# pial curv lh Fri Mar 13 06:58:14 CET 2026
#@# pial area lh Fri Mar 13 06:58:16 CET 2026
#@# thickness lh Fri Mar 13 06:58:17 CET 2026
#@# area and vertex vol lh Fri Mar 13 06:58:48 CET 2026
#@# Curvature Stats lh Fri Mar 13 06:58:49 CET 2026
#@# Cortical Parc 2 lh Fri Mar 13 06:58:53 CET 2026
#@# Cortical Parc 3 lh Fri Mar 13 06:59:07 CET 2026
#@# WM/GM Contrast lh Fri Mar 13 06:59:19 CET 2026
recon-all -s sub-v2s4x29607_ses-1 finished without error at Fri Mar 13 06:59:23 CET 2026



#New# invocation of recon-all 



status file for recon-all
Fri Mar 13 07:29:24 CET 2026
#@# white curv lh Fri Mar 13 07:29:25 CET 2026
#@# white area lh Fri Mar 13 07:29:25 CET 2026
#@# pial curv lh Fri Mar 13 07:29:25 CET 2026
#@# pial area lh Fri Mar 13 07:29:25 CET 2026
#@# thickness lh Fri Mar 13 07:29:25 CET 2026
#@# area and vertex vol lh Fri Mar 13 07:29:25 CET 2026
#@# Parcellation Stats lh Fri Mar 13 07:29:25 CET 2026
#@# Parcellation Stats 2 lh Fri Mar 13 07:29:43 CET 2026
#@# Parcellation Stats 3 lh Fri Mar 13 07:29:53 CET 2026
#@# BA_exvivo Labels lh Fri Mar 13 07:30:02 CET 2026
recon-all -s sub-v2s4x29607_ses-1 finished without error at Fri Mar 13 07:32:48 CET 2026
