status file for recon-all
Fri Mar 13 04:38:37 CET 2026
#@# MotionCor Fri Mar 13 04:38:39 CET 2026
#@# Talairach Fri Mar 13 04:38:47 CET 2026
#@# Talairach Failure Detection Fri Mar 13 04:43:14 CET 2026
#@# Nu Intensity Correction Fri Mar 13 04:43:14 CET 2026
#@# Intensity Normalization Fri Mar 13 04:46:29 CET 2026
recon-all -s sub-v2s4x29607_ses-1 finished without error at Fri Mar 13 04:48:06 CET 2026



#New# invocation of recon-all 



status file for recon-all
Fri Mar 13 04:55:13 CET 2026
#@# EM Registration Fri Mar 13 04:55:13 CET 2026
recon-all -s sub-v2s4x29607_ses-1 finished without error at Fri Mar 13 04:57:25 CET 2026



#New# invocation of recon-all 



status file for recon-all
Fri Mar 13 04:57:28 CET 2026
#@# CA Normalize Fri Mar 13 04:57:28 CET 2026
#@# CA Reg Fri Mar 13 04:58:49 CET 2026
#@# SubCort Seg Fri Mar 13 05:51:08 CET 2026
#@# CC Seg Fri Mar 13 06:28:15 CET 2026
#@# Merge ASeg Fri Mar 13 06:28:53 CET 2026
#@# Intensity Normalization2 Fri Mar 13 06:28:53 CET 2026
#@# Mask BFS Fri Mar 13 06:31:16 CET 2026
#@# WM Segmentation Fri Mar 13 06:31:17 CET 2026
#@# Fill Fri Mar 13 06:33:26 CET 2026
recon-all -s sub-v2s4x29607_ses-1 finished without error at Fri Mar 13 06:34:32 CET 2026



#New# invocation of recon-all 



status file for recon-all
Fri Mar 13 07:24:52 CET 2026
#@# white curv lh Fri Mar 13 07:24:52 CET 2026
#@# white area lh Fri Mar 13 07:24:52 CET 2026
#@# pial curv lh Fri Mar 13 07:24:52 CET 2026
#@# pial area lh Fri Mar 13 07:24:52 CET 2026
#@# thickness lh Fri Mar 13 07:24:52 CET 2026
#@# area and vertex vol lh Fri Mar 13 07:24:52 CET 2026
#@# white curv rh Fri Mar 13 07:24:52 CET 2026
#@# white area rh Fri Mar 13 07:24:52 CET 2026
#@# pial curv rh Fri Mar 13 07:24:52 CET 2026
#@# pial area rh Fri Mar 13 07:24:52 CET 2026
#@# thickness rh Fri Mar 13 07:24:52 CET 2026
#@# area and vertex vol rh Fri Mar 13 07:24:52 CET 2026
#@# Cortical ribbon mask Fri Mar 13 07:24:52 CET 2026
recon-all -s sub-v2s4x29607_ses-1 finished without error at Fri Mar 13 07:29:20 CET 2026



#New# invocation of recon-all 



status file for recon-all
Fri Mar 13 07:36:22 CET 2026
#@# white curv lh Fri Mar 13 07:36:23 CET 2026
#@# white area lh Fri Mar 13 07:36:23 CET 2026
#@# pial curv lh Fri Mar 13 07:36:23 CET 2026
#@# pial area lh Fri Mar 13 07:36:23 CET 2026
#@# thickness lh Fri Mar 13 07:36:23 CET 2026
#@# area and vertex vol lh Fri Mar 13 07:36:23 CET 2026
#@# white curv rh Fri Mar 13 07:36:23 CET 2026
#@# white area rh Fri Mar 13 07:36:23 CET 2026
#@# pial curv rh Fri Mar 13 07:36:23 CET 2026
#@# pial area rh Fri Mar 13 07:36:23 CET 2026
#@# thickness rh Fri Mar 13 07:36:23 CET 2026
#@# area and vertex vol rh Fri Mar 13 07:36:23 CET 2026
#@# Curvature Stats lh Fri Mar 13 07:36:23 CET 2026
#@# Curvature Stats rh Fri Mar 13 07:36:26 CET 2026
#@# Relabel Hypointensities Fri Mar 13 07:36:28 CET 2026
#@# APas-to-ASeg Fri Mar 13 07:36:44 CET 2026
#@# AParc-to-ASeg aparc Fri Mar 13 07:36:53 CET 2026
#@# AParc-to-ASeg aparc.a2009s Fri Mar 13 07:37:41 CET 2026
#@# AParc-to-ASeg aparc.DKTatlas Fri Mar 13 07:38:29 CET 2026
#@# WMParc Fri Mar 13 07:39:15 CET 2026
#@# ASeg Stats Fri Mar 13 07:43:34 CET 2026
recon-all -s sub-v2s4x29607_ses-1 finished without error at Fri Mar 13 07:44:13 CET 2026
