/out/sourcedata/freesurfer/sub-v2s4x29597_ses-1/mri
/opt/freesurfer/bin/talairach_avi
--i orig_nu.mgz --xfm transforms/talairach.auto.xfm
talairach_avi 7.3.2
Linux dna056 5.14.0-427.37.1.el9_4.x86_64 #1 SMP PREEMPT_DYNAMIC Fri Sep 13 12:41:50 EDT 2024 x86_64 x86_64 x86_64 GNU/Linux
Fri Mar 13 04:21:10 CET 2026
mri_convert orig_nu.mgz talsrcimg.img 
reading from orig_nu.mgz...
TR=0.00, TE=0.00, TI=0.00, flip angle=0.00
i_ras = (-1, -4.40195e-10, 0)
j_ras = (0, 5.82077e-11, -1)
k_ras = (2.30102e-09, 1, -5.82077e-11)
writing to talsrcimg.img...
Analyze Output Matrix
-1.00000   0.00000   0.00000   129.90634;
-0.00000   0.00000   1.00000  -126.64932;
 0.00000  -1.00000  -0.00000   130.46776;
 0.00000   0.00000   0.00000   1.00000;
--------------------
INFO: set hdr.hist.orient to -1
mpr2mni305 talsrcimg
Fri Mar 13 04:21:11 CET 2026
/opt/freesurfer/bin/mpr2mni305 talsrcimg
mpr2mni305 7.3.2
target=711-2C_as_mni_average_305

---------------------------------------------------------------------
analyzeto4dfp talsrcimg -O0 -y
---------------------------------------------------------------------

freesurfer ifh2hdr.c
Fri Mar 13 04:21:11 2026
Writing: talsrcimg.4dfp.hdr
freesurfer analyzeto4dfp.c
Reading: talsrcimg.hdr
header size 348 bytes
hdr.dime.datatype	offset=70	value=2
hdr.dime.bitpix		offset=72	value=8
hdr.hist.orient		offset=252	value=-1
dimensionality     4
dimensions       256       256       256         1
Reading: talsrcimg.img
Writing: talsrcimg.4dfp.img
Writing: talsrcimg.4dfp.ifh
ifh2hdr talsrcimg -r0to255
ori=2

---------------------------------------------------------------------
gauss_4dfp talsrcimg 1.1
---------------------------------------------------------------------

freesurfer gauss_4dfp.c
Reading: talsrcimg.4dfp.img
Writing: talsrcimg_g11.4dfp.img
image dimensions 256 256 256 padded to 288 288 288
processing volume 1freesurfer ifh2hdr.c
Fri Mar 13 04:21:13 2026
Writing: talsrcimg_g11.4dfp.hdr

Writing: talsrcimg_g11.4dfp.ifh
including: talsrcimg.4dfp.img.rec in talsrcimg_g11.4dfp.img.rec

---------------------------------------------------------------------
imgreg_4dfp /opt/freesurfer/average/711-2C_as_mni_average_305 none talsrcimg_g11 none talsrcimg_to_711-2C_as_mni_average_305_t4 4355
---------------------------------------------------------------------

freesurfer imgreg_4dfp.c
/opt/freesurfer/average/711-2C_as_mni_average_305.4dfp.img
       256       256       256         1
  1.000000  1.000000  1.000000
orientation T byte_order littleendian
Reading image: /opt/freesurfer/average/711-2C_as_mni_average_305.4dfp.img
dimensions:      256       256       256
mmppix:       1.0000   -1.0000   -1.0000
center:     128.0000 -129.0000 -129.0000
talsrcimg_g11.4dfp.img
       256       256       256         1
  1.000000  1.000000  1.000000
orientation T byte_order littleendian
Reading image: talsrcimg_g11.4dfp.img
dimensions:      256       256       256
mmppix:       1.0000   -1.0000   -1.0000
center:     128.0000 -129.0000 -129.0000
t4_read: open error in t4_sub.f l:  41 t4_file(1:l)talsrcimg_to_711-2C_as_mni_average_305_t4 
t4_read: transform initialized to I4
rotation matrix determinant  1.000000
image alignment mode   4355 decimal     1103 hex
   -7.5000  -45.0000  -45.0000 4920.2319   14.3178
    0.0000  -45.0000  -45.0000 5081.7144   14.2852
    7.5000  -45.0000  -45.0000 4871.1704   14.2829
   -7.5000  -37.5000  -45.0000 5448.8555   13.7981
    0.0000  -37.5000  -45.0000 5624.6895   13.7755
    7.5000  -37.5000  -45.0000 5424.8052   13.7761
   -7.5000  -30.0000  -45.0000 6178.2720   13.4215
    0.0000  -30.0000  -45.0000 6393.1953   13.4091
    7.5000  -30.0000  -45.0000 6171.6074   13.4120
   -7.5000  -22.5000  -45.0000 6986.2568   13.2517
    0.0000  -22.5000  -45.0000 7239.8408   13.2411
    7.5000  -22.5000  -45.0000 6967.9624   13.2438
   -7.5000  -15.0000  -45.0000 7837.3418   13.2436
    0.0000  -15.0000  -45.0000 8132.0845   13.2264
    7.5000  -15.0000  -45.0000 7789.7563   13.2271
   -7.5000   -7.5000  -45.0000 8703.3252   13.2420
    0.0000   -7.5000  -45.0000 9053.3916   13.2159
    7.5000   -7.5000  -45.0000 8644.2051   13.2143
   -7.5000    0.0000  -45.0000 9614.1855   13.2432
    0.0000    0.0000  -45.000010011.7773   13.2150
    7.5000    0.0000  -45.0000 9559.3916   13.2135
   -7.5000    7.5000  -45.0000 9696.1426   13.2486
    0.0000    7.5000  -45.000010099.0449   13.2274
    7.5000    7.5000  -45.0000 9649.0508   13.2280
   -7.5000   15.0000  -45.0000 9585.2178   13.2525
    0.0000   15.0000  -45.000010005.7930   13.2401
    7.5000   15.0000  -45.0000 9520.9951   13.2427
   -7.5000   22.5000  -45.0000 9467.1064   13.2470
    0.0000   22.5000  -45.0000 9887.0146   13.2364
    7.5000   22.5000  -45.0000 9390.5889   13.2391
   -7.5000   30.0000  -45.0000 9274.7666   13.0672
    0.0000   30.0000  -45.0000 9692.4473   13.0501
    7.5000   30.0000  -45.0000 9200.1152   13.0508
   -7.5000   37.5000  -45.0000 9408.9688   13.0655
    0.0000   37.5000  -45.0000 9856.3027   13.0398
    7.5000   37.5000  -45.0000 9343.6660   13.0382
   -7.5000   45.0000  -45.0000 9248.8809   12.7349
    0.0000   45.0000  -45.0000 9680.4189   12.7078
    7.5000   45.0000  -45.0000 9194.7695   12.7063
   -7.5000  -45.0000  -37.5000 5269.5698   14.1721
    0.0000  -45.0000  -37.5000 5442.0933   14.1348
    7.5000  -45.0000  -37.5000 5239.6680   14.1219
   -7.5000  -37.5000  -37.5000 5811.5967   13.6590
    0.0000  -37.5000  -37.5000 6016.1616   13.6309
    7.5000  -37.5000  -37.5000 5804.6479   13.6227
   -7.5000  -30.0000  -37.5000 6595.9771   13.2907
    0.0000  -30.0000  -37.5000 6849.5439   13.2713
    7.5000  -30.0000  -37.5000 6598.3140   13.2682
   -7.5000  -22.5000  -37.5000 7469.0244   13.1305
    0.0000  -22.5000  -37.5000 7780.0894   13.1122
    7.5000  -22.5000  -37.5000 7452.8496   13.1104
   -7.5000  -15.0000  -37.5000 8397.9170   13.1258
    0.0000  -15.0000  -37.5000 8745.0654   13.1020
    7.5000  -15.0000  -37.5000 8336.5381   13.0978
   -7.5000   -7.5000  -37.5000 9343.7354   13.1219
    0.0000   -7.5000  -37.5000 9742.8291   13.0912
    7.5000   -7.5000  -37.5000 9274.7188   13.0827
   -7.5000    0.0000  -37.500010332.9531   13.1181
    0.0000    0.0000  -37.500010767.2969   13.0860
    7.5000    0.0000  -37.500010238.5186   13.0758
   -7.5000    7.5000  -37.500010409.3838   13.1193
    0.0000    7.5000  -37.500010851.2178   13.0932
    7.5000    7.5000  -37.500010313.1279   13.0858
   -7.5000   15.0000  -37.500010279.0361   13.1249
    0.0000   15.0000  -37.500010764.7842   13.1057
    7.5000   15.0000  -37.500010168.0381   13.1025
   -7.5000   22.5000  -37.500010129.1934   13.1259
    0.0000   22.5000  -37.500010586.7988   13.1076
    7.5000   22.5000  -37.500010004.9912   13.1058
   -7.5000   30.0000  -37.5000 9896.0264   12.9509
    0.0000   30.0000  -37.500010354.3457   12.9274
    7.5000   30.0000  -37.5000 9783.9980   12.9232
   -7.5000   37.5000  -37.500010046.1914   12.9470
    0.0000   37.5000  -37.500010530.6533   12.9168
    7.5000   37.5000  -37.5000 9942.7480   12.9083
   -7.5000   45.0000  -37.5000 9875.4609   12.6147
    0.0000   45.0000  -37.500010341.4570   12.5838
    7.5000   45.0000  -37.5000 9774.8555   12.5740
   -7.5000  -45.0000  -30.0000 5725.4751   14.6801
    0.0000  -45.0000  -30.0000 5912.1401   14.6365
    7.5000  -45.0000  -30.0000 5684.5659   14.6174
   -7.5000  -37.5000  -30.0000 6302.5762   14.1447
    0.0000  -37.5000  -30.0000 6527.8638   14.1080
    7.5000  -37.5000  -30.0000 6282.0034   14.0958
   -7.5000  -30.0000  -30.0000 7163.6890   13.7596
    0.0000  -30.0000  -30.0000 7441.6499   13.7307
    7.5000  -30.0000  -30.0000 7147.2651   13.7259
   -7.5000  -22.5000  -30.0000 8127.1919   13.5981
    0.0000  -22.5000  -30.0000 8467.9775   13.5716
    7.5000  -22.5000  -30.0000 8073.3457   13.5675
   -7.5000  -15.0000  -30.0000 9152.6279   13.6001
    0.0000  -15.0000  -30.0000 9538.2393   13.5702
    7.5000  -15.0000  -30.0000 9051.7451   13.5618
   -7.5000   -7.5000  -30.000010185.3408   13.5993
    0.0000   -7.5000  -30.000010618.8594   13.5640
    7.5000   -7.5000  -30.000010074.5137   13.5502
   -7.5000    0.0000  -30.000011238.8525   13.5942
    0.0000    0.0000  -30.000011718.4316   13.5565
    7.5000    0.0000  -30.000011102.2998   13.5411
   -7.5000    7.5000  -30.000011337.9883   13.5889
    0.0000    7.5000  -30.000011814.8838   13.5548
    7.5000    7.5000  -30.000011177.7168   13.5439
   -7.5000   15.0000  -30.000011225.5049   13.5891
    0.0000   15.0000  -30.000011717.7773   13.5607
    7.5000   15.0000  -30.000011052.2988   13.5558
   -7.5000   22.5000  -30.000011046.3086   13.5920
    0.0000   22.5000  -30.000011520.7461   13.5654
    7.5000   22.5000  -30.000010859.6289   13.5614
   -7.5000   30.0000  -30.000010755.0615   13.4201
    0.0000   30.0000  -30.000011225.6885   13.3906
    7.5000   30.0000  -30.000010576.3818   13.3823
   -7.5000   37.5000  -30.000010879.9053   13.4194
    0.0000   37.5000  -30.000011358.0840   13.3845
    7.5000   37.5000  -30.000010699.5312   13.3709
   -7.5000   45.0000  -30.000010668.2256   13.0821
    0.0000   45.0000  -30.000011147.2734   13.0458
    7.5000   45.0000  -30.000010485.2754   13.0310
   -7.5000  -45.0000  -22.5000 6178.3921   15.1896
    0.0000  -45.0000  -22.5000 6376.8447   15.1453
    7.5000  -45.0000  -22.5000 6124.8423   15.1320
   -7.5000  -37.5000  -22.5000 6814.8398   14.6303
    0.0000  -37.5000  -22.5000 7061.8525   14.5911
    7.5000  -37.5000  -22.5000 6764.5063   14.5851
   -7.5000  -30.0000  -22.5000 7758.7505   14.2226
    0.0000  -30.0000  -22.5000 8067.5781   14.1917
    7.5000  -30.0000  -22.5000 7700.3984   14.1914
   -7.5000  -22.5000  -22.5000 8832.2090   14.0515
    0.0000  -22.5000  -22.5000 9206.5947   14.0248
    7.5000  -22.5000  -22.5000 8745.0605   14.0230
   -7.5000  -15.0000  -22.5000 9959.2500   14.0588
    0.0000  -15.0000  -22.500010370.2549   14.0297
    7.5000  -15.0000  -22.5000 9830.4385   14.0223
   -7.5000   -7.5000  -22.500011084.1631   14.0664
    0.0000   -7.5000  -22.500011532.4570   14.0314
    7.5000   -7.5000  -22.500010929.6143   14.0202
   -7.5000    0.0000  -22.500012209.2441   14.0659
    0.0000    0.0000  -22.500012708.7295   14.0272
    7.5000    0.0000  -22.500012027.2070   14.0164
   -7.5000    7.5000  -22.500012308.6826   14.0565
    0.0000    7.5000  -22.500012804.4248   14.0199
    7.5000    7.5000  -22.500012103.5137   14.0144
   -7.5000   15.0000  -22.500012235.6367   14.0466
    0.0000   15.0000  -22.500012723.9736   14.0162
    7.5000   15.0000  -22.500012000.8027   14.0158
   -7.5000   22.5000  -22.500012027.2666   14.0442
    0.0000   22.5000  -22.500012514.5879   14.0174
    7.5000   22.5000  -22.500011769.1895   14.0157
   -7.5000   30.0000  -22.500011675.3398   13.8749
    0.0000   30.0000  -22.500012156.1396   13.8462
    7.5000   30.0000  -22.500011406.3711   13.8389
   -7.5000   37.5000  -22.500011756.6299   13.8824
    0.0000   37.5000  -22.500012224.7686   13.8479
    7.5000   37.5000  -22.500011504.6992   13.8368
   -7.5000   45.0000  -22.500011473.1680   13.5462
    0.0000   45.0000  -22.500011964.3916   13.5089
    7.5000   45.0000  -22.500011244.4551   13.4985
   -7.5000  -45.0000  -15.0000 6634.3291   15.5738
    0.0000  -45.0000  -15.0000 6855.1040   15.5343
    7.5000  -45.0000  -15.0000 6574.8140   15.5314
   -7.5000  -37.5000  -15.0000 7346.4131   15.0008
    0.0000  -37.5000  -15.0000 7620.9819   14.9666
    7.5000  -37.5000  -15.0000 7280.3140   14.9694
   -7.5000  -30.0000  -15.0000 8377.7422   14.5788
    0.0000  -30.0000  -15.0000 8727.6279   14.5542
    7.5000  -30.0000  -15.0000 8295.2344   14.5596
   -7.5000  -22.5000  -15.0000 9544.5156   14.3965
    0.0000  -22.5000  -15.0000 9954.0664   14.3771
    7.5000  -22.5000  -15.0000 9438.4902   14.3794
   -7.5000  -15.0000  -15.000010777.3145   14.4032
    0.0000  -15.0000  -15.000011240.7822   14.3806
    7.5000  -15.0000  -15.000010635.6348   14.3776
   -7.5000   -7.5000  -15.000011977.5508   14.4159
    0.0000   -7.5000  -15.000012482.6494   14.3856
    7.5000   -7.5000  -15.000011804.1348   14.3810
   -7.5000    0.0000  -15.000013187.2910   14.4208
    0.0000    0.0000  -15.000013730.1426   14.3859
    7.5000    0.0000  -15.000012981.6240   14.3836
   -7.5000    7.5000  -15.000013296.8936   14.4128
    0.0000    7.5000  -15.000013838.6797   14.3808
    7.5000    7.5000  -15.000013066.2070   14.3830
   -7.5000   15.0000  -15.000013254.2246   14.3982
    0.0000   15.0000  -15.000013774.8496   14.3739
    7.5000   15.0000  -15.000012960.7119   14.3791
   -7.5000   22.5000  -15.000012987.5107   14.3884
    0.0000   22.5000  -15.000013529.2285   14.3689
    7.5000   22.5000  -15.000012698.6270   14.3713
   -7.5000   30.0000  -15.000012598.7021   14.2168
    0.0000   30.0000  -15.000013097.0625   14.1945
    7.5000   30.0000  -15.000012290.1875   14.1916
   -7.5000   37.5000  -15.000012671.9375   14.2294
    0.0000   37.5000  -15.000013165.2266   14.1994
    7.5000   37.5000  -15.000012373.2285   14.1949
   -7.5000   45.0000  -15.000012326.6865   13.8963
    0.0000   45.0000  -15.000012837.6064   13.8627
    7.5000   45.0000  -15.000012076.5176   13.8605
   -7.5000  -45.0000   -7.5000 7107.5073   15.7722
    0.0000  -45.0000   -7.5000 7361.4800   15.7375
    7.5000  -45.0000   -7.5000 7052.1851   15.7396
   -7.5000  -37.5000   -7.5000 7898.8325   15.1993
    0.0000  -37.5000   -7.5000 8215.1562   15.1727
    7.5000  -37.5000   -7.5000 7832.0205   15.1783
   -7.5000  -30.0000   -7.5000 9045.6826   14.7781
    0.0000  -30.0000   -7.5000 9431.6475   14.7626
    7.5000  -30.0000   -7.5000 8952.3262   14.7694
   -7.5000  -22.5000   -7.500010300.8193   14.5901
    0.0000  -22.5000   -7.500010757.7539   14.5787
    7.5000  -22.5000   -7.500010186.5742   14.5833
   -7.5000  -15.0000   -7.500011597.2100   14.5893
    0.0000  -15.0000   -7.500012115.7070   14.5723
    7.5000  -15.0000   -7.500011468.3115   14.5734
   -7.5000   -7.5000   -7.500012896.4502   14.5977
    0.0000   -7.5000   -7.500013467.3281   14.5711
    7.5000   -7.5000   -7.500012744.4180   14.5711
   -7.5000    0.0000   -7.500014219.5742   14.6036
    0.0000    0.0000   -7.500014810.6562   14.5730
    7.5000    0.0000   -7.500014029.2285   14.5749
   -7.5000    7.5000   -7.500014381.6338   14.6027
    0.0000    7.5000   -7.500014975.6035   14.5777
    7.5000    7.5000   -7.500014141.0303   14.5826
   -7.5000   15.0000   -7.500014314.9268   14.5946
    0.0000   15.0000   -7.500014910.0918   14.5792
    7.5000   15.0000   -7.500013987.4619   14.5857
   -7.5000   22.5000   -7.500013978.5137   14.5803
    0.0000   22.5000   -7.500014557.4297   14.5690
    7.5000   22.5000   -7.500013642.4297   14.5735
   -7.5000   30.0000   -7.500013556.4131   14.4001
    0.0000   30.0000   -7.500014085.2246   14.3833
    7.5000   30.0000   -7.500013212.3359   14.3844
   -7.5000   37.5000   -7.500013603.5410   14.4084
    0.0000   37.5000   -7.500014142.6611   14.3822
    7.5000   37.5000   -7.500013294.9814   14.3821
   -7.5000   45.0000   -7.500013224.3916   14.0751
    0.0000   45.0000   -7.500013756.8164   14.0457
    7.5000   45.0000   -7.500012959.2100   14.0475
   -7.5000  -45.0000    0.0000 7530.9268   15.8033
    0.0000  -45.0000    0.0000 7817.1641   15.7679
    7.5000  -45.0000    0.0000 7484.3188   15.7653
   -7.5000  -37.5000    0.0000 8395.0088   15.2360
    0.0000  -37.5000    0.0000 8753.4258   15.2115
    7.5000  -37.5000    0.0000 8338.7090   15.2119
   -7.5000  -30.0000    0.0000 9632.0889   14.8238
    0.0000  -30.0000    0.000010067.4043   14.8105
    7.5000  -30.0000    0.0000 9555.4824   14.8134
   -7.5000  -22.5000    0.000010972.8701   14.6383
    0.0000  -22.5000    0.000011474.9561   14.6269
    7.5000  -22.5000    0.000010873.5352   14.6297
   -7.5000  -15.0000    0.000012341.3594   14.6305
    0.0000  -15.0000    0.000012886.7529   14.6119
    7.5000  -15.0000    0.000012204.1240   14.6126
   -7.5000   -7.5000    0.000013693.0859   14.6303
    0.0000   -7.5000    0.000014289.0898   14.6021
    7.5000   -7.5000    0.000013533.8281   14.6003
   -7.5000    0.0000    0.000015168.9307   14.6322
    0.0000    0.0000    0.000015790.3496   14.6015
    7.5000    0.0000    0.000014961.4814   14.5998
   -7.5000    7.5000    0.000015471.1113   14.6369
    0.0000    7.5000    0.000016140.7773   14.6139
    7.5000    7.5000    0.000015196.8330   14.6143
   -7.5000   15.0000    0.000015359.2803   14.6396
    0.0000   15.0000    0.000016049.6377   14.6262
    7.5000   15.0000    0.000014994.1963   14.6288
   -7.5000   22.5000    0.000014878.3711   14.6284
    0.0000   22.5000    0.000015483.0645   14.6171
    7.5000   22.5000    0.000014528.8848   14.6198
   -7.5000   30.0000    0.000014357.0420   14.4412
    0.0000   30.0000    0.000014892.3398   14.4228
    7.5000   30.0000    0.000014034.2354   14.4235
   -7.5000   37.5000    0.000014428.6250   14.4410
    0.0000   37.5000    0.000014972.5146   14.4131
    7.5000   37.5000    0.000014142.0420   14.4113
   -7.5000   45.0000    0.000014034.4355   14.1038
    0.0000   45.0000    0.000014563.2715   14.0742
    7.5000   45.0000    0.000013783.2969   14.0725
   -7.5000  -45.0000    7.5000 7360.1558   15.7827
    0.0000  -45.0000    7.5000 7638.6948   15.7412
    7.5000  -45.0000    7.5000 7313.2446   15.7269
   -7.5000  -37.5000    7.5000 8251.3535   15.2142
    0.0000  -37.5000    7.5000 8614.7979   15.1829
    7.5000  -37.5000    7.5000 8192.5508   15.1737
   -7.5000  -30.0000    7.5000 9477.7197   14.8059
    0.0000  -30.0000    7.5000 9916.2842   14.7844
    7.5000  -30.0000    7.5000 9404.3252   14.7809
   -7.5000  -22.5000    7.500010781.8438   14.6282
    0.0000  -22.5000    7.500011272.7031   14.6079
    7.5000  -22.5000    7.500010692.9111   14.6059
   -7.5000  -15.0000    7.500012089.7412   14.6228
    0.0000  -15.0000    7.500012630.1758   14.5964
    7.5000  -15.0000    7.500011968.2461   14.5916
   -7.5000   -7.5000    7.500013365.9053   14.6182
    0.0000   -7.5000    7.500013942.7510   14.5842
    7.5000   -7.5000    7.500013211.7246   14.5747
   -7.5000    0.0000    7.500014804.9062   14.6142
    0.0000    0.0000    7.500015425.3203   14.5785
    7.5000    0.0000    7.500014600.8477   14.5671
   -7.5000    7.5000    7.500015364.4648   14.6157
    0.0000    7.5000    7.500016130.8477   14.5866
    7.5000    7.5000    7.500015003.8926   14.5784
   -7.5000   15.0000    7.500015372.4160   14.6221
    0.0000   15.0000    7.500016123.7734   14.6007
    7.5000   15.0000    7.500014896.5234   14.5971
   -7.5000   22.5000    7.500014758.8379   14.6183
    0.0000   22.5000    7.500015336.5244   14.5980
    7.5000   22.5000    7.500014409.4395   14.5960
   -7.5000   30.0000    7.500014148.7842   14.4335
    0.0000   30.0000    7.500014627.6152   14.4075
    7.5000   30.0000    7.500013894.2559   14.4028
   -7.5000   37.5000    7.500014222.1270   14.4290
    0.0000   37.5000    7.500014737.3027   14.3955
    7.5000   37.5000    7.500013992.2930   14.3861
   -7.5000   45.0000    7.500013885.4697   14.0864
    0.0000   45.0000    7.500014397.1816   14.0520
    7.5000   45.0000    7.500013595.7031   14.0410
   -7.5000  -45.0000   15.0000 7082.8579   15.7640
    0.0000  -45.0000   15.0000 7357.0889   15.7171
    7.5000  -45.0000   15.0000 7009.2788   15.6966
   -7.5000  -37.5000   15.0000 7972.8052   15.1890
    0.0000  -37.5000   15.0000 8310.5996   15.1496
    7.5000  -37.5000   15.0000 7855.8452   15.1365
   -7.5000  -30.0000   15.0000 9149.0303   14.7755
    0.0000  -30.0000   15.0000 9563.5283   14.7445
    7.5000  -30.0000   15.0000 9038.1152   14.7393
   -7.5000  -22.5000   15.000010399.1230   14.6021
    0.0000  -22.5000   15.000010917.1934   14.5736
    7.5000  -22.5000   15.000010319.5684   14.5693
   -7.5000  -15.0000   15.000011671.8350   14.6042
    0.0000  -15.0000   15.000012240.8018   14.5721
    7.5000  -15.0000   15.000011588.3066   14.5631
   -7.5000   -7.5000   15.000012886.4678   14.6034
    0.0000   -7.5000   15.000013480.8203   14.5655
    7.5000   -7.5000   15.000012802.0996   14.5507
   -7.5000    0.0000   15.000014228.7969   14.5979
    0.0000    0.0000   15.000014886.2139   14.5575
    7.5000    0.0000   15.000014158.6689   14.5409
   -7.5000    7.5000   15.000014820.6660   14.5922
    0.0000    7.5000   15.000015790.4863   14.5556
    7.5000    7.5000   15.000014570.2588   14.5439
   -7.5000   15.0000   15.000015080.0107   14.5925
    0.0000   15.0000   15.000015946.4785   14.5619
    7.5000   15.0000   15.000014603.0508   14.5567
   -7.5000   22.5000   15.000014661.2715   14.5923
    0.0000   22.5000   15.000015252.9707   14.5638
    7.5000   22.5000   15.000014217.1016   14.5594
   -7.5000   30.0000   15.000014137.7705   14.4152
    0.0000   30.0000   15.000014597.0117   14.3835
    7.5000   30.0000   15.000013694.5127   14.3746
   -7.5000   37.5000   15.000014162.6016   14.4144
    0.0000   37.5000   15.000014628.3408   14.3769
    7.5000   37.5000   15.000013682.5059   14.3624
   -7.5000   45.0000   15.000013725.3301   14.0707
    0.0000   45.0000   15.000014168.5498   14.0317
    7.5000   45.0000   15.000013196.1172   14.0158
   -7.5000  -45.0000   22.5000 6790.0806   15.7680
    0.0000  -45.0000   22.5000 7054.2427   15.7220
    7.5000  -45.0000   22.5000 6678.8394   15.7082
   -7.5000  -37.5000   22.5000 7630.0103   15.1875
    0.0000  -37.5000   22.5000 7967.9033   15.1468
    7.5000  -37.5000   22.5000 7519.6338   15.1405
   -7.5000  -30.0000   22.5000 8738.9619   14.7642
    0.0000  -30.0000   22.5000 9165.0615   14.7321
    7.5000  -30.0000   22.5000 8663.3721   14.7318
   -7.5000  -22.5000   22.5000 9919.7305   14.5866
    0.0000  -22.5000   22.500010428.2236   14.5588
    7.5000  -22.5000   22.5000 9894.1680   14.5570
   -7.5000  -15.0000   22.500011105.7598   14.5941
    0.0000  -15.0000   22.500011669.2109   14.5639
    7.5000  -15.0000   22.500011104.0322   14.5563
   -7.5000   -7.5000   22.500012277.8525   14.6020
    0.0000   -7.5000   22.500012859.1807   14.5657
    7.5000   -7.5000   22.500012275.7578   14.5541
   -7.5000    0.0000   22.500013614.9473   14.6015
    0.0000    0.0000   22.500014299.2881   14.5614
    7.5000    0.0000   22.500013548.0732   14.5502
   -7.5000    7.5000   22.500014022.5605   14.5917
    0.0000    7.5000   22.500014844.9990   14.5538
    7.5000    7.5000   22.500013802.7744   14.5480
   -7.5000   15.0000   22.500014126.7715   14.5815
    0.0000   15.0000   22.500014824.0410   14.5499
    7.5000   15.0000   22.500013735.0449   14.5495
   -7.5000   22.5000   22.500013941.2422   14.5767
    0.0000   22.5000   22.500014504.4258   14.5490
    7.5000   22.5000   22.500013424.7842   14.5472
   -7.5000   30.0000   22.500013622.9873   14.4052
    0.0000   30.0000   22.500014154.3691   14.3754
    7.5000   30.0000   22.500013019.5234   14.3679
   -7.5000   37.5000   22.500013589.2607   14.4130
    0.0000   37.5000   22.500014150.1729   14.3772
    7.5000   37.5000   22.500013014.9902   14.3657
   -7.5000   45.0000   22.500013064.6729   14.0742
    0.0000   45.0000   22.500013573.0957   14.0355
    7.5000   45.0000   22.500012543.0752   14.0247
   -7.5000  -45.0000   30.0000 6379.5596   15.7877
    0.0000  -45.0000   30.0000 6641.2207   15.7477
    7.5000  -45.0000   30.0000 6269.6021   15.7447
   -7.5000  -37.5000   30.0000 7145.3135   15.2068
    0.0000  -37.5000   30.0000 7487.7500   15.1722
    7.5000  -37.5000   30.0000 7065.3633   15.1750
   -7.5000  -30.0000   30.0000 8181.8174   14.7790
    0.0000  -30.0000   30.0000 8600.4365   14.7540
    7.5000  -30.0000   30.0000 8128.7017   14.7596
   -7.5000  -22.5000   30.0000 9307.3389   14.5942
    0.0000  -22.5000   30.0000 9783.8047   14.5745
    7.5000  -22.5000   30.0000 9267.1914   14.5769
   -7.5000  -15.0000   30.000010444.8340   14.6011
    0.0000  -15.0000   30.000010975.5615   14.5781
    7.5000  -15.0000   30.000010410.8750   14.5751
   -7.5000   -7.5000   30.000011600.6123   14.6139
    0.0000   -7.5000   30.000012149.9727   14.5832
    7.5000   -7.5000   30.000011553.2832   14.5785
   -7.5000    0.0000   30.000012878.9043   14.6188
    0.0000    0.0000   30.000013544.2832   14.5835
    7.5000    0.0000   30.000012766.1406   14.5812
   -7.5000    7.5000   30.000013101.4111   14.6107
    0.0000    7.5000   30.000013763.1670   14.5783
    7.5000    7.5000   30.000012901.1660   14.5805
   -7.5000   15.0000   30.000012993.6855   14.5959
    0.0000   15.0000   30.000013488.6240   14.5713
    7.5000   15.0000   30.000012743.7832   14.5765
   -7.5000   22.5000   30.000012765.0459   14.5844
    0.0000   22.5000   30.000013255.7305   14.5647
    7.5000   22.5000   30.000012524.8867   14.5671
   -7.5000   30.0000   30.000012512.4482   14.4121
    0.0000   30.0000   30.000013031.9668   14.3894
    7.5000   30.0000   30.000012244.7090   14.3865
   -7.5000   37.5000   30.000012578.7236   14.4248
    0.0000   37.5000   30.000013102.8574   14.3944
    7.5000   37.5000   30.000012305.2744   14.3898
   -7.5000   45.0000   30.000012165.0508   14.0909
    0.0000   45.0000   30.000012638.1621   14.0568
    7.5000   45.0000   30.000011880.0225   14.0546
   -7.5000  -45.0000   37.5000 6110.5425   15.8665
    0.0000  -45.0000   37.5000 6382.5840   15.8316
    7.5000  -45.0000   37.5000 6043.4961   15.8338
   -7.5000  -37.5000   37.5000 6841.9219   15.2881
    0.0000  -37.5000   37.5000 7179.7563   15.2613
    7.5000  -37.5000   37.5000 6788.5674   15.2670
   -7.5000  -30.0000   37.5000 7876.1187   14.8630
    0.0000  -30.0000   37.5000 8268.8516   14.8474
    7.5000  -30.0000   37.5000 7821.9497   14.8543
   -7.5000  -22.5000   37.5000 8992.1172   14.6732
    0.0000  -22.5000   37.5000 9434.8535   14.6618
    7.5000  -22.5000   37.5000 8949.2627   14.6665
   -7.5000  -15.0000   37.500010097.6553   14.6722
    0.0000  -15.0000   37.500010584.7812   14.6552
    7.5000  -15.0000   37.500010053.7178   14.6564
   -7.5000   -7.5000   37.500011199.4717   14.6807
    0.0000   -7.5000   37.500011747.3652   14.6539
    7.5000   -7.5000   37.500011152.9258   14.6540
   -7.5000    0.0000   37.500012359.6250   14.6866
    0.0000    0.0000   37.500012989.2676   14.6559
    7.5000    0.0000   37.500012320.7305   14.6578
   -7.5000    7.5000   37.500012473.0498   14.6858
    0.0000    7.5000   37.500013032.3691   14.6607
    7.5000    7.5000   37.500012391.9941   14.6657
   -7.5000   15.0000   37.500012304.3574   14.6778
    0.0000   15.0000   37.500012768.1973   14.6623
    7.5000   15.0000   37.500012230.8418   14.6689
   -7.5000   22.5000   37.500012091.6416   14.6634
    0.0000   22.5000   37.500012564.7109   14.6520
    7.5000   22.5000   37.500012028.2725   14.6567
   -7.5000   30.0000   37.500011841.1738   14.4824
    0.0000   30.0000   37.500012342.5635   14.4655
    7.5000   30.0000   37.500011764.8721   14.4667
   -7.5000   37.5000   37.500011979.4346   14.4907
    0.0000   37.5000   37.500012479.2861   14.4643
    7.5000   37.5000   37.500011890.1426   14.4643
   -7.5000   45.0000   37.500011663.4160   14.1562
    0.0000   45.0000   37.500012107.3877   14.1266
    7.5000   45.0000   37.500011528.8975   14.1285
   -7.5000  -45.0000   45.0000 5633.4380   16.0334
    0.0000  -45.0000   45.0000 5882.0698   15.9969
    7.5000  -45.0000   45.0000 5598.4326   15.9939
   -7.5000  -37.5000   45.0000 6292.7803   15.4460
    0.0000  -37.5000   45.0000 6601.6792   15.4209
    7.5000  -37.5000   45.0000 6272.3457   15.4212
   -7.5000  -30.0000   45.0000 7239.9668   15.0203
    0.0000  -30.0000   45.0000 7596.2285   15.0069
    7.5000  -30.0000   45.0000 7222.2319   15.0098
   -7.5000  -22.5000   45.0000 8269.6885   14.8290
    0.0000  -22.5000   45.0000 8686.3418   14.8178
    7.5000  -22.5000   45.0000 8263.9961   14.8206
   -7.5000  -15.0000   45.0000 9285.9443   14.8211
    0.0000  -15.0000   45.0000 9758.2930   14.8023
    7.5000  -15.0000   45.0000 9277.0283   14.8029
   -7.5000   -7.5000   45.000010286.7031   14.8204
    0.0000   -7.5000   45.000010804.3838   14.7915
    7.5000   -7.5000   45.000010297.3193   14.7895
   -7.5000    0.0000   45.000011300.6377   14.8219
    0.0000    0.0000   45.000011864.5078   14.7903
    7.5000    0.0000   45.000011324.7646   14.7883
   -7.5000    7.5000   45.000011349.5684   14.8266
    0.0000    7.5000   45.000011854.2412   14.8032
    7.5000    7.5000   45.000011352.8105   14.8035
   -7.5000   15.0000   45.000011204.0674   14.8299
    0.0000   15.0000   45.000011674.7197   14.8165
    7.5000   15.0000   45.000011225.5537   14.8191
   -7.5000   22.5000   45.000011021.9971   14.8189
    0.0000   22.5000   45.000011477.4043   14.8077
    7.5000   22.5000   45.000011037.4932   14.8105
   -7.5000   30.0000   45.000010778.2441   14.6280
    0.0000   30.0000   45.000011232.0928   14.6095
    7.5000   30.0000   45.000010766.5000   14.6101
   -7.5000   37.5000   45.000010921.7422   14.6273
    0.0000   37.5000   45.000011355.7451   14.5988
    7.5000   37.5000   45.000010887.2031   14.5968
   -7.5000   45.0000   45.000010666.6260   14.2930
    0.0000   45.0000   45.000011080.2705   14.2626
    7.5000   45.0000   45.000010595.2090   14.2607

---------------------------------------------------------------------
imgreg_4dfp /opt/freesurfer/average/711-2C_as_mni_average_305 /opt/freesurfer/average/711-2B_as_mni_average_305_mask talsrcimg_g11 none talsrcimg_to_711-2C_as_mni_average_305_t4 4355
---------------------------------------------------------------------

freesurfer imgreg_4dfp.c
/opt/freesurfer/average/711-2C_as_mni_average_305.4dfp.img
       256       256       256         1
  1.000000  1.000000  1.000000
orientation T byte_order littleendian
Reading image: /opt/freesurfer/average/711-2C_as_mni_average_305.4dfp.img
dimensions:      256       256       256
mmppix:       1.0000   -1.0000   -1.0000
center:     128.0000 -129.0000 -129.0000
/opt/freesurfer/average/711-2B_as_mni_average_305_mask.4dfp.img
       256       256       256         1
  1.000000  1.000000  1.000000
orientation T byte_order littleendian
Reading mask: /opt/freesurfer/average/711-2B_as_mni_average_305_mask.4dfp.img (2306576 pixels)
talsrcimg_g11.4dfp.img
       256       256       256         1
  1.000000  1.000000  1.000000
orientation T byte_order littleendian
Reading image: talsrcimg_g11.4dfp.img
dimensions:      256       256       256
mmppix:       1.0000   -1.0000   -1.0000
center:     128.0000 -129.0000 -129.0000
rotation matrix determinant  1.000000
image alignment mode   4355 decimal     1103 hex
   -7.5000  -37.5000  -45.0000 1604.5992   25.4725
    0.0000  -37.5000  -45.0000 1605.5167   25.1723
    7.5000  -37.5000  -45.0000 1595.8159   25.4881
   -7.5000  -30.0000  -45.0000 1731.0010   22.0836
    0.0000  -30.0000  -45.0000 1732.2648   21.7885
    7.5000  -30.0000  -45.0000 1727.2614   22.1164
   -7.5000  -22.5000  -45.0000 1847.9821   19.5017
    0.0000  -22.5000  -45.0000 1851.4481   19.3088
    7.5000  -22.5000  -45.0000 1848.3353   19.5953
   -7.5000  -15.0000  -45.0000 1947.3661   17.5594
    0.0000  -15.0000  -45.0000 1951.3488   17.4387
    7.5000  -15.0000  -45.0000 1941.0978   17.6428
   -7.5000   -7.5000  -45.0000 2036.7251   16.0402
    0.0000   -7.5000  -45.0000 2044.0245   15.9764
    7.5000   -7.5000  -45.0000 2029.3013   16.0937
   -7.5000    0.0000  -45.0000 2116.6714   14.8180
    0.0000    0.0000  -45.0000 2128.2026   14.7968
    7.5000    0.0000  -45.0000 2114.0625   14.8790
   -7.5000    7.5000  -45.0000 2166.7659   13.9552
    0.0000    7.5000  -45.0000 2179.1355   13.9447
    7.5000    7.5000  -45.0000 2166.3718   13.9927
   -7.5000   15.0000  -45.0000 2190.5720   13.3530
    0.0000   15.0000  -45.0000 2201.4080   13.3507
    7.5000   15.0000  -45.0000 2192.7095   13.4147
   -7.5000   22.5000  -45.0000 2204.1548   13.0967
    0.0000   22.5000  -45.0000 2217.9519   13.0919
    7.5000   22.5000  -45.0000 2203.0215   13.1630
   -7.5000   30.0000  -45.0000 2194.7068   13.0881
    0.0000   30.0000  -45.0000 2209.7283   13.1150
    7.5000   30.0000  -45.0000 2190.4133   13.2278
   -7.5000   37.5000  -45.0000 2168.3926   13.4126
    0.0000   37.5000  -45.0000 2182.9575   13.4202
    7.5000   37.5000  -45.0000 2160.7793   13.5254
   -7.5000   45.0000  -45.0000 2132.3652   13.9550
    0.0000   45.0000  -45.0000 2142.5671   13.9524
    7.5000   45.0000  -45.0000 2127.5325   14.0764
   -7.5000   52.5000  -45.0000 2060.6182   14.7777
    0.0000   52.5000  -45.0000 2069.7856   14.7278
    7.5000   52.5000  -45.0000 2056.0818   14.8737
   -7.5000  -37.5000  -37.5000 1674.2288   23.4070
    0.0000  -37.5000  -37.5000 1676.3853   23.2047
    7.5000  -37.5000  -37.5000 1660.9371   23.5127
   -7.5000  -30.0000  -37.5000 1802.1304   20.2478
    0.0000  -30.0000  -37.5000 1806.3934   20.0980
    7.5000  -30.0000  -37.5000 1797.5513   20.2714
   -7.5000  -22.5000  -37.5000 1926.9122   17.8730
    0.0000  -22.5000  -37.5000 1936.0317   17.7854
    7.5000  -22.5000  -37.5000 1924.7928   17.8614
   -7.5000  -15.0000  -37.5000 2041.7665   16.0900
    0.0000  -15.0000  -37.5000 2048.8943   16.0420
    7.5000  -15.0000  -37.5000 2032.1086   16.0894
   -7.5000   -7.5000  -37.5000 2140.2759   14.6796
    0.0000   -7.5000  -37.5000 2147.9785   14.6664
    7.5000   -7.5000  -37.5000 2130.0725   14.7073
   -7.5000    0.0000  -37.5000 2228.6741   13.6083
    0.0000    0.0000  -37.5000 2235.4033   13.5951
    7.5000    0.0000  -37.5000 2215.3103   13.6337
   -7.5000    7.5000  -37.5000 2272.6589   12.7995
    0.0000    7.5000  -37.5000 2286.2466   12.8112
    7.5000    7.5000  -37.5000 2264.8604   12.8322
   -7.5000   15.0000  -37.5000 2298.3210   12.2495
    0.0000   15.0000  -37.5000 2317.4177   12.2716
    7.5000   15.0000  -37.5000 2290.8003   12.2892
   -7.5000   22.5000  -37.5000 2309.5610   12.0437
    0.0000   22.5000  -37.5000 2325.0654   12.0277
    7.5000   22.5000  -37.5000 2303.5977   12.0791
   -7.5000   30.0000  -37.5000 2294.0610   11.9500
    0.0000   30.0000  -37.5000 2315.2886   12.0009
    7.5000   30.0000  -37.5000 2289.3159   12.0616
   -7.5000   37.5000  -37.5000 2275.5754   12.1820
    0.0000   37.5000  -37.5000 2296.5361   12.2224
    7.5000   37.5000  -37.5000 2270.2551   12.3032
   -7.5000   45.0000  -37.5000 2241.1272   12.6491
    0.0000   45.0000  -37.5000 2256.7483   12.6895
    7.5000   45.0000  -37.5000 2237.7056   12.7598
   -7.5000   52.5000  -37.5000 2161.7495   13.4373
    0.0000   52.5000  -37.5000 2175.8662   13.4409
    7.5000   52.5000  -37.5000 2157.5591   13.5430
   -7.5000  -37.5000  -30.0000 1764.6102   22.4269
    0.0000  -37.5000  -30.0000 1771.2504   22.2201
    7.5000  -37.5000  -30.0000 1759.7627   22.3700
   -7.5000  -30.0000  -30.0000 1906.4832   19.3897
    0.0000  -30.0000  -30.0000 1914.1636   19.2803
    7.5000  -30.0000  -30.0000 1900.9725   19.3028
   -7.5000  -22.5000  -30.0000 2044.9492   17.1760
    0.0000  -22.5000  -30.0000 2052.3853   17.1073
    7.5000  -22.5000  -30.0000 2032.4291   17.0752
   -7.5000  -15.0000  -30.0000 2174.0364   15.4275
    0.0000  -15.0000  -30.0000 2181.0300   15.4003
    7.5000  -15.0000  -30.0000 2156.9539   15.3535
   -7.5000   -7.5000  -30.0000 2278.4099   14.0064
    0.0000   -7.5000  -30.0000 2287.5967   14.0139
    7.5000   -7.5000  -30.0000 2260.8425   13.9839
   -7.5000    0.0000  -30.0000 2369.6934   12.9363
    0.0000    0.0000  -30.0000 2376.5835   12.9519
    7.5000    0.0000  -30.0000 2350.4717   12.9503
   -7.5000    7.5000  -30.0000 2423.1052   12.1853
    0.0000    7.5000  -30.0000 2437.4365   12.1931
    7.5000    7.5000  -30.0000 2401.3518   12.2323
   -7.5000   15.0000  -30.0000 2450.2522   11.6653
    0.0000   15.0000  -30.0000 2471.6057   11.6683
    7.5000   15.0000  -30.0000 2433.3086   11.7124
   -7.5000   22.5000  -30.0000 2470.5901   11.4561
    0.0000   22.5000  -30.0000 2483.4075   11.4272
    7.5000   22.5000  -30.0000 2455.2061   11.5082
   -7.5000   30.0000  -30.0000 2447.9050   11.3630
    0.0000   30.0000  -30.0000 2469.6780   11.3766
    7.5000   30.0000  -30.0000 2442.2183   11.4674
   -7.5000   37.5000  -30.0000 2430.3850   11.5664
    0.0000   37.5000  -30.0000 2447.5564   11.5657
    7.5000   37.5000  -30.0000 2419.7803   11.6569
   -7.5000   45.0000  -30.0000 2397.4033   12.0216
    0.0000   45.0000  -30.0000 2408.8330   12.0333
    7.5000   45.0000  -30.0000 2378.1426   12.0993
   -7.5000   52.5000  -30.0000 2311.8752   12.7586
    0.0000   52.5000  -30.0000 2328.1104   12.7762
    7.5000   52.5000  -30.0000 2296.9324   12.8371
   -7.5000  -37.5000  -22.5000 1838.8199   21.4804
    0.0000  -37.5000  -22.5000 1844.9878   21.3268
    7.5000  -37.5000  -22.5000 1829.0985   21.4826
   -7.5000  -30.0000  -22.5000 1993.6537   18.5525
    0.0000  -30.0000  -22.5000 1998.4594   18.4590
    7.5000  -30.0000  -22.5000 1974.1302   18.4692
   -7.5000  -22.5000  -22.5000 2145.0764   16.3791
    0.0000  -22.5000  -22.5000 2150.6865   16.3109
    7.5000  -22.5000  -22.5000 2117.7776   16.2863
   -7.5000  -15.0000  -22.5000 2281.3879   14.7194
    0.0000  -15.0000  -22.5000 2286.6802   14.6553
    7.5000  -15.0000  -22.5000 2251.0144   14.6165
   -7.5000   -7.5000  -22.5000 2392.2122   13.3764
    0.0000   -7.5000  -22.5000 2398.6399   13.3325
    7.5000   -7.5000  -22.5000 2360.2952   13.3106
   -7.5000    0.0000  -22.5000 2480.9473   12.2992
    0.0000    0.0000  -22.5000 2493.4722   12.2732
    7.5000    0.0000  -22.5000 2453.8652   12.2872
   -7.5000    7.5000  -22.5000 2542.8296   11.5518
    0.0000    7.5000  -22.5000 2556.2385   11.5235
    7.5000    7.5000  -22.5000 2517.0046   11.5708
   -7.5000   15.0000  -22.5000 2582.4939   11.0412
    0.0000   15.0000  -22.5000 2596.1431   10.9938
    7.5000   15.0000  -22.5000 2558.0352   11.0832
   -7.5000   22.5000  -22.5000 2605.0879   10.7961
    0.0000   22.5000  -22.5000 2612.8455   10.7343
    7.5000   22.5000  -22.5000 2586.7773   10.8571
   -7.5000   30.0000  -22.5000 2589.4058   10.7314
    0.0000   30.0000  -22.5000 2601.3604   10.6985
    7.5000   30.0000  -22.5000 2572.3562   10.7960
   -7.5000   37.5000  -22.5000 2567.9353   10.9033
    0.0000   37.5000  -22.5000 2577.9971   10.8780
    7.5000   37.5000  -22.5000 2547.0525   10.9715
   -7.5000   45.0000  -22.5000 2525.8862   11.3599
    0.0000   45.0000  -22.5000 2540.0820   11.3422
    7.5000   45.0000  -22.5000 2501.3684   11.4305
   -7.5000   52.5000  -22.5000 2435.6104   12.0254
    0.0000   52.5000  -22.5000 2450.1519   12.0432
    7.5000   52.5000  -22.5000 2413.6643   12.1177
   -7.5000  -37.5000  -15.0000 1886.5695   20.6522
    0.0000  -37.5000  -15.0000 1891.3790   20.5123
    7.5000  -37.5000  -15.0000 1876.6501   20.6230
   -7.5000  -30.0000  -15.0000 2050.0879   17.7644
    0.0000  -30.0000  -15.0000 2057.1194   17.7010
    7.5000  -30.0000  -15.0000 2034.6490   17.7255
   -7.5000  -22.5000  -15.0000 2209.5562   15.6361
    0.0000  -22.5000  -15.0000 2214.9553   15.5496
    7.5000  -22.5000  -15.0000 2183.5544   15.5931
   -7.5000  -15.0000  -15.0000 2349.1794   14.0183
    0.0000  -15.0000  -15.0000 2356.8691   13.9274
    7.5000  -15.0000  -15.0000 2317.2698   13.9514
   -7.5000   -7.5000  -15.0000 2459.3569   12.7162
    0.0000   -7.5000  -15.0000 2469.8447   12.6384
    7.5000   -7.5000  -15.0000 2431.1187   12.6652
   -7.5000    0.0000  -15.0000 2552.1951   11.7174
    0.0000    0.0000  -15.0000 2569.9128   11.6522
    7.5000    0.0000  -15.0000 2530.1077   11.6810
   -7.5000    7.5000  -15.0000 2619.2493   10.9615
    0.0000    7.5000  -15.0000 2635.4043   10.9058
    7.5000    7.5000  -15.0000 2599.9385   10.9516
   -7.5000   15.0000  -15.0000 2674.4138   10.4301
    0.0000   15.0000  -15.0000 2683.7778   10.3667
    7.5000   15.0000  -15.0000 2650.6592   10.4564
   -7.5000   22.5000  -15.0000 2702.2356   10.1260
    0.0000   22.5000  -15.0000 2709.3218   10.0750
    7.5000   22.5000  -15.0000 2684.5747   10.1942
   -7.5000   30.0000  -15.0000 2693.4236   10.0675
    0.0000   30.0000  -15.0000 2702.4500   10.0298
    7.5000   30.0000  -15.0000 2675.2898   10.1364
   -7.5000   37.5000  -15.0000 2672.4062   10.2399
    0.0000   37.5000  -15.0000 2683.2930   10.2054
    7.5000   37.5000  -15.0000 2651.2073   10.3276
   -7.5000   45.0000  -15.0000 2625.8684   10.7139
    0.0000   45.0000  -15.0000 2641.6453   10.6763
    7.5000   45.0000  -15.0000 2608.3186   10.8118
   -7.5000   52.5000  -15.0000 2527.6382   11.3689
    0.0000   52.5000  -15.0000 2539.9370   11.3405
    7.5000   52.5000  -15.0000 2509.7698   11.4756
   -7.5000  -37.5000   -7.5000 1919.9296   19.8731
    0.0000  -37.5000   -7.5000 1926.5090   19.8093
    7.5000  -37.5000   -7.5000 1910.3400   19.9211
   -7.5000  -30.0000   -7.5000 2091.3530   17.0501
    0.0000  -30.0000   -7.5000 2099.9192   17.0120
    7.5000  -30.0000   -7.5000 2078.1340   17.0967
   -7.5000  -22.5000   -7.5000 2249.4148   14.9769
    0.0000  -22.5000   -7.5000 2259.7422   14.9064
    7.5000  -22.5000   -7.5000 2230.1079   15.0045
   -7.5000  -15.0000   -7.5000 2384.9148   13.4035
    0.0000  -15.0000   -7.5000 2398.8865   13.3026
    7.5000  -15.0000   -7.5000 2368.8997   13.3869
   -7.5000   -7.5000   -7.5000 2498.0061   12.1414
    0.0000   -7.5000   -7.5000 2514.0376   12.0466
    7.5000   -7.5000   -7.5000 2484.7087   12.1207
   -7.5000    0.0000   -7.5000 2600.8108   11.1446
    0.0000    0.0000   -7.5000 2620.0776   11.0577
    7.5000    0.0000   -7.5000 2590.0569   11.1249
   -7.5000    7.5000   -7.5000 2681.2974   10.4004
    0.0000    7.5000   -7.5000 2701.2385   10.3257
    7.5000    7.5000   -7.5000 2674.5930   10.4021
   -7.5000   15.0000   -7.5000 2740.7451    9.8647
    0.0000   15.0000   -7.5000 2756.7190    9.7872
    7.5000   15.0000   -7.5000 2722.6335    9.8791
   -7.5000   22.5000   -7.5000 2772.3376    9.4945
    0.0000   22.5000   -7.5000 2789.2581    9.4571
    7.5000   22.5000   -7.5000 2756.1211    9.5782
   -7.5000   30.0000   -7.5000 2773.7429    9.4225
    0.0000   30.0000   -7.5000 2785.0161    9.3897
    7.5000   30.0000   -7.5000 2761.8562    9.5086
   -7.5000   37.5000   -7.5000 2754.0210    9.6281
    0.0000   37.5000   -7.5000 2766.7039    9.5768
    7.5000   37.5000   -7.5000 2744.7556    9.7240
   -7.5000   45.0000   -7.5000 2703.9661   10.1253
    0.0000   45.0000   -7.5000 2717.9512   10.0444
    7.5000   45.0000   -7.5000 2698.5388   10.2110
   -7.5000   52.5000   -7.5000 2602.5098   10.7884
    0.0000   52.5000   -7.5000 2612.9341   10.7114
    7.5000   52.5000   -7.5000 2595.9734   10.8778
   -7.5000  -37.5000    0.0000 1939.5677   19.3095
    0.0000  -37.5000    0.0000 1946.6842   19.2995
    7.5000  -37.5000    0.0000 1934.5244   19.4568
   -7.5000  -30.0000    0.0000 2112.5520   16.5812
    0.0000  -30.0000    0.0000 2121.1160   16.5640
    7.5000  -30.0000    0.0000 2098.9927   16.6448
   -7.5000  -22.5000    0.0000 2267.7864   14.5208
    0.0000  -22.5000    0.0000 2281.6973   14.4707
    7.5000  -22.5000    0.0000 2253.6064   14.6045
   -7.5000  -15.0000    0.0000 2403.4277   12.9508
    0.0000  -15.0000    0.0000 2421.3384   12.8601
    7.5000  -15.0000    0.0000 2390.9180   12.9852
   -7.5000   -7.5000    0.0000 2518.3252   11.7147
    0.0000   -7.5000    0.0000 2535.7249   11.6222
    7.5000   -7.5000    0.0000 2508.3933   11.7389
   -7.5000    0.0000    0.0000 2633.4639   10.7450
    0.0000    0.0000    0.0000 2651.4663   10.6415
    7.5000    0.0000    0.0000 2626.3364   10.7602
   -7.5000    7.5000    0.0000 2730.7607   10.0190
    0.0000    7.5000    0.0000 2752.5735    9.9141
    7.5000    7.5000    0.0000 2729.7800   10.0155
   -7.5000   15.0000    0.0000 2796.8879    9.4384
    0.0000   15.0000    0.0000 2819.9915    9.3478
    7.5000   15.0000    0.0000 2788.2766    9.4774
   -7.5000   22.5000    0.0000 2829.8887    9.0211
    0.0000   22.5000    0.0000 2851.1082    8.9504
    7.5000   22.5000    0.0000 2818.0979    9.1368
   -7.5000   30.0000    0.0000 2833.5496    8.9504
    0.0000   30.0000    0.0000 2839.0757    8.8671
    7.5000   30.0000    0.0000 2826.1643    9.0648
   -7.5000   37.5000    0.0000 2816.0774    9.1850
    0.0000   37.5000    0.0000 2823.6401    9.0753
    7.5000   37.5000    0.0000 2817.5955    9.3019
   -7.5000   45.0000    0.0000 2760.1826    9.6952
    0.0000   45.0000    0.0000 2770.8152    9.5527
    7.5000   45.0000    0.0000 2769.3743    9.7958
   -7.5000   52.5000    0.0000 2649.4026   10.3713
    0.0000   52.5000    0.0000 2663.8123   10.2543
    7.5000   52.5000    0.0000 2655.8525   10.4980
   -7.5000  -37.5000    7.5000 1955.4847   19.1095
    0.0000  -37.5000    7.5000 1967.8640   19.1300
    7.5000  -37.5000    7.5000 1950.8160   19.3563
   -7.5000  -30.0000    7.5000 2123.3357   16.3632
    0.0000  -30.0000    7.5000 2140.5142   16.3506
    7.5000  -30.0000    7.5000 2117.3359   16.5271
   -7.5000  -22.5000    7.5000 2273.3862   14.3065
    0.0000  -22.5000    7.5000 2291.4436   14.1970
    7.5000  -22.5000    7.5000 2269.3445   14.4342
   -7.5000  -15.0000    7.5000 2408.6011   12.7134
    0.0000  -15.0000    7.5000 2427.0867   12.5760
    7.5000  -15.0000    7.5000 2401.6343   12.7920
   -7.5000   -7.5000    7.5000 2530.1411   11.4806
    0.0000   -7.5000    7.5000 2549.0090   11.3416
    7.5000   -7.5000    7.5000 2520.1577   11.5217
   -7.5000    0.0000    7.5000 2651.0073   10.5088
    0.0000    0.0000    7.5000 2667.0999   10.3832
    7.5000    0.0000    7.5000 2637.2256   10.5390
   -7.5000    7.5000    7.5000 2763.4768    9.8121
    0.0000    7.5000    7.5000 2782.7634    9.7026
    7.5000    7.5000    7.5000 2754.8293    9.8068
   -7.5000   15.0000    7.5000 2854.7363    9.2705
    0.0000   15.0000    7.5000 2879.1636    9.1757
    7.5000   15.0000    7.5000 2833.1086    9.2645
   -7.5000   22.5000    7.5000 2883.1128    8.7820
    0.0000   22.5000    7.5000 2902.0000    8.6563
    7.5000   22.5000    7.5000 2864.6345    8.9168
   -7.5000   30.0000    7.5000 2882.7014    8.6919
    0.0000   30.0000    7.5000 2883.3325    8.5625
    7.5000   30.0000    7.5000 2870.9241    8.8806
   -7.5000   37.5000    7.5000 2865.3728    8.9531
    0.0000   37.5000    7.5000 2866.4666    8.8056
    7.5000   37.5000    7.5000 2861.9431    9.0942
   -7.5000   45.0000    7.5000 2807.1335    9.4676
    0.0000   45.0000    7.5000 2816.2939    9.3072
    7.5000   45.0000    7.5000 2804.5955    9.5458
   -7.5000   52.5000    7.5000 2692.9656   10.1565
    0.0000   52.5000    7.5000 2704.4229   10.0269
    7.5000   52.5000    7.5000 2687.0891   10.2220
   -7.5000  -37.5000   15.0000 1951.9557   19.1316
    0.0000  -37.5000   15.0000 1969.6228   19.0834
    7.5000  -37.5000   15.0000 1946.4265   19.3824
   -7.5000  -30.0000   15.0000 2118.2527   16.3459
    0.0000  -30.0000   15.0000 2137.5808   16.2822
    7.5000  -30.0000   15.0000 2112.2319   16.5270
   -7.5000  -22.5000   15.0000 2267.5986   14.2692
    0.0000  -22.5000   15.0000 2292.6602   14.1843
    7.5000  -22.5000   15.0000 2267.9871   14.4350
   -7.5000  -15.0000   15.0000 2404.3174   12.6503
    0.0000  -15.0000   15.0000 2428.3079   12.5627
    7.5000  -15.0000   15.0000 2402.3411   12.8224
   -7.5000   -7.5000   15.0000 2529.1230   11.3852
    0.0000   -7.5000   15.0000 2552.1831   11.2818
    7.5000   -7.5000   15.0000 2524.2322   11.5311
   -7.5000    0.0000   15.0000 2650.3435   10.4012
    0.0000    0.0000   15.0000 2670.7395   10.2993
    7.5000    0.0000   15.0000 2644.8152   10.5207
   -7.5000    7.5000   15.0000 2765.5601    9.7201
    0.0000    7.5000   15.0000 2788.5212    9.6232
    7.5000    7.5000   15.0000 2766.8950    9.8074
   -7.5000   15.0000   15.0000 2868.5862    9.2878
    0.0000   15.0000   15.0000 2897.2576    9.2250
    7.5000   15.0000   15.0000 2853.1841    9.2761
   -7.5000   22.5000   15.0000 2921.4888    8.8760
    0.0000   22.5000   15.0000 2945.6541    8.7660
    7.5000   22.5000   15.0000 2888.9949    8.9400
   -7.5000   30.0000   15.0000 2926.4807    8.7615
    0.0000   30.0000   15.0000 2933.9424    8.6135
    7.5000   30.0000   15.0000 2896.5420    8.8875
   -7.5000   37.5000   15.0000 2895.5874    8.9616
    0.0000   37.5000   15.0000 2901.4268    8.8371
    7.5000   37.5000   15.0000 2872.9128    9.0437
   -7.5000   45.0000   15.0000 2827.5518    9.4204
    0.0000   45.0000   15.0000 2836.5110    9.2995
    7.5000   45.0000   15.0000 2813.6238    9.4540
   -7.5000   52.5000   15.0000 2705.6924   10.0850
    0.0000   52.5000   15.0000 2713.2815    9.9770
    7.5000   52.5000   15.0000 2693.0090   10.1088
   -7.5000  -37.5000   22.5000 1933.5132   19.5050
    0.0000  -37.5000   22.5000 1954.4408   19.4567
    7.5000  -37.5000   22.5000 1933.4468   19.7255
   -7.5000  -30.0000   22.5000 2104.6477   16.5045
    0.0000  -30.0000   22.5000 2129.6343   16.4681
    7.5000  -30.0000   22.5000 2102.8774   16.8023
   -7.5000  -22.5000   22.5000 2257.1619   14.3104
    0.0000  -22.5000   22.5000 2286.4746   14.2603
    7.5000  -22.5000   22.5000 2263.7371   14.6102
   -7.5000  -15.0000   22.5000 2392.6851   12.7058
    0.0000  -15.0000   22.5000 2421.3625   12.6000
    7.5000  -15.0000   22.5000 2401.4485   12.9561
   -7.5000   -7.5000   22.5000 2512.9248   11.4944
    0.0000   -7.5000   22.5000 2540.2515   11.3588
    7.5000   -7.5000   22.5000 2525.6445   11.6846
   -7.5000    0.0000   22.5000 2636.1738   10.5728
    0.0000    0.0000   22.5000 2658.3760   10.4370
    7.5000    0.0000   22.5000 2641.9944   10.7115
   -7.5000    7.5000   22.5000 2758.3745    9.9396
    0.0000    7.5000   22.5000 2780.9812    9.8404
    7.5000    7.5000   22.5000 2758.2988    9.9799
   -7.5000   15.0000   22.5000 2862.1455    9.4060
    0.0000   15.0000   22.5000 2885.6199    9.3048
    7.5000   15.0000   22.5000 2838.7532    9.4063
   -7.5000   22.5000   22.5000 2921.3713    9.0543
    0.0000   22.5000   22.5000 2933.7200    8.9018
    7.5000   22.5000   22.5000 2876.3359    9.0741
   -7.5000   30.0000   22.5000 2934.1418    9.0249
    0.0000   30.0000   22.5000 2946.7607    8.9141
    7.5000   30.0000   22.5000 2887.4092    9.0468
   -7.5000   37.5000   22.5000 2889.0979    9.2082
    0.0000   37.5000   22.5000 2905.5503    9.1552
    7.5000   37.5000   22.5000 2860.1267    9.2256
   -7.5000   45.0000   22.5000 2813.9639    9.5908
    0.0000   45.0000   22.5000 2827.3845    9.5281
    7.5000   45.0000   22.5000 2794.8052    9.6199
   -7.5000   52.5000   22.5000 2687.1477   10.1949
    0.0000   52.5000   22.5000 2695.1230   10.1422
    7.5000   52.5000   22.5000 2673.7234   10.2442
   -7.5000  -37.5000   30.0000 1899.5677   19.9551
    0.0000  -37.5000   30.0000 1923.9576   19.9367
    7.5000  -37.5000   30.0000 1910.6473   20.2540
   -7.5000  -30.0000   30.0000 2075.3582   16.8780
    0.0000  -30.0000   30.0000 2102.1467   16.8298
    7.5000  -30.0000   30.0000 2083.9897   17.1934
   -7.5000  -22.5000   30.0000 2239.4385   14.6664
    0.0000  -22.5000   30.0000 2263.4778   14.5932
    7.5000  -22.5000   30.0000 2246.1013   14.9480
   -7.5000  -15.0000   30.0000 2376.8525   13.0761
    0.0000  -15.0000   30.0000 2401.6304   12.9744
    7.5000  -15.0000   30.0000 2383.3550   13.2935
   -7.5000   -7.5000   30.0000 2500.3755   11.8723
    0.0000   -7.5000   30.0000 2524.5144   11.7515
    7.5000   -7.5000   30.0000 2508.8069   12.0384
   -7.5000    0.0000   30.0000 2628.3730   10.9768
    0.0000    0.0000   30.0000 2651.3489   10.8617
    7.5000    0.0000   30.0000 2628.2686   11.0982
   -7.5000    7.5000   30.0000 2740.6055   10.2781
    0.0000    7.5000   30.0000 2767.1223   10.1954
    7.5000    7.5000   30.0000 2734.3296   10.3186
   -7.5000   15.0000   30.0000 2820.3018    9.6769
    0.0000   15.0000   30.0000 2833.5154    9.4820
    7.5000   15.0000   30.0000 2804.4451    9.7144
   -7.5000   22.5000   30.0000 2881.9187    9.3292
    0.0000   22.5000   30.0000 2898.5613    9.1635
    7.5000   22.5000   30.0000 2858.0117    9.3929
   -7.5000   30.0000   30.0000 2898.5864    9.3040
    0.0000   30.0000   30.0000 2917.9399    9.2046
    7.5000   30.0000   30.0000 2869.9395    9.3584
   -7.5000   37.5000   30.0000 2853.9622    9.5362
    0.0000   37.5000   30.0000 2869.9387    9.4434
    7.5000   37.5000   30.0000 2830.7468    9.5734
   -7.5000   45.0000   30.0000 2775.8962    9.9925
    0.0000   45.0000   30.0000 2787.5173    9.8904
    7.5000   45.0000   30.0000 2760.1238   10.0218
   -7.5000   52.5000   30.0000 2647.5864   10.5735
    0.0000   52.5000   30.0000 2655.8738   10.4992
    7.5000   52.5000   30.0000 2633.8916   10.6174
   -7.5000  -37.5000   37.5000 1869.5735   20.6763
    0.0000  -37.5000   37.5000 1893.1239   20.6716
    7.5000  -37.5000   37.5000 1883.9005   21.0556
   -7.5000  -30.0000   37.5000 2052.6553   17.5639
    0.0000  -30.0000   37.5000 2073.2905   17.4988
    7.5000  -30.0000   37.5000 2059.4700   17.8707
   -7.5000  -22.5000   37.5000 2219.8962   15.3192
    0.0000  -22.5000   37.5000 2240.3408   15.2479
    7.5000  -22.5000   37.5000 2223.6831   15.5874
   -7.5000  -15.0000   37.5000 2361.7397   13.6635
    0.0000  -15.0000   37.5000 2385.2480   13.5663
    7.5000  -15.0000   37.5000 2360.5564   13.8975
   -7.5000   -7.5000   37.5000 2488.0464   12.4128
    0.0000   -7.5000   37.5000 2510.8511   12.3013
    7.5000   -7.5000   37.5000 2483.9929   12.6026
   -7.5000    0.0000   37.5000 2605.1235   11.4732
    0.0000    0.0000   37.5000 2628.7727   11.3837
    7.5000    0.0000   37.5000 2603.2227   11.6091
   -7.5000    7.5000   37.5000 2704.3145   10.7004
    0.0000    7.5000   37.5000 2726.1838   10.5309
    7.5000    7.5000   37.5000 2700.5764   10.7834
   -7.5000   15.0000   37.5000 2771.4182   10.0696
    0.0000   15.0000   37.5000 2785.5291    9.8530
    7.5000   15.0000   37.5000 2763.8984   10.1637
   -7.5000   22.5000   37.5000 2825.1050    9.7811
    0.0000   22.5000   37.5000 2838.2217    9.6123
    7.5000   22.5000   37.5000 2817.3516    9.8765
   -7.5000   30.0000   37.5000 2828.1365    9.7703
    0.0000   30.0000   37.5000 2849.8655    9.6455
    7.5000   30.0000   37.5000 2815.9517    9.8602
   -7.5000   37.5000   37.5000 2789.6167   10.0224
    0.0000   37.5000   37.5000 2805.6702    9.9002
    7.5000   37.5000   37.5000 2778.5500   10.0771
   -7.5000   45.0000   37.5000 2717.7908   10.4807
    0.0000   45.0000   37.5000 2726.3096   10.3380
    7.5000   45.0000   37.5000 2708.2942   10.5097
   -7.5000   52.5000   37.5000 2592.5098   11.0918
    0.0000   52.5000   37.5000 2606.6426   10.9778
    7.5000   52.5000   37.5000 2586.0583   11.1314
   -7.5000  -37.5000   45.0000 1837.9309   21.4705
    0.0000  -37.5000   45.0000 1860.1309   21.4458
    7.5000  -37.5000   45.0000 1846.5958   21.9267
   -7.5000  -30.0000   45.0000 2015.5941   18.3124
    0.0000  -30.0000   45.0000 2034.8992   18.2704
    7.5000  -30.0000   45.0000 2018.9822   18.6762
   -7.5000  -22.5000   45.0000 2182.3735   16.0315
    0.0000  -22.5000   45.0000 2207.0269   15.9530
    7.5000  -22.5000   45.0000 2182.3508   16.3137
   -7.5000  -15.0000   45.0000 2328.6860   14.3337
    0.0000  -15.0000   45.0000 2355.3674   14.2322
    7.5000  -15.0000   45.0000 2324.2668   14.5775
   -7.5000   -7.5000   45.0000 2450.8560   13.0292
    0.0000   -7.5000   45.0000 2473.2024   12.9344
    7.5000   -7.5000   45.0000 2444.1848   13.2226
   -7.5000    0.0000   45.0000 2560.2373   12.0285
    0.0000    0.0000   45.0000 2578.8723   11.9167
    7.5000    0.0000   45.0000 2560.6235   12.2081
   -7.5000    7.5000   45.0000 2645.3176   11.1917
    0.0000    7.5000   45.0000 2664.5439   11.0120
    7.5000    7.5000   45.0000 2641.4155   11.3482
   -7.5000   15.0000   45.0000 2701.7544   10.6127
    0.0000   15.0000   45.0000 2721.4600   10.4460
    7.5000   15.0000   45.0000 2704.4993   10.7459
   -7.5000   22.5000   45.0000 2745.6514   10.3723
    0.0000   22.5000   45.0000 2758.4158   10.2184
    7.5000   22.5000   45.0000 2746.9368   10.5055
   -7.5000   30.0000   45.0000 2736.0496   10.3781
    0.0000   30.0000   45.0000 2756.4180   10.2320
    7.5000   30.0000   45.0000 2734.9153   10.4789
   -7.5000   37.5000   45.0000 2703.9529   10.6043
    0.0000   37.5000   45.0000 2716.9863   10.4696
    7.5000   37.5000   45.0000 2698.6521   10.6814
   -7.5000   45.0000   45.0000 2637.2078   11.0583
    0.0000   45.0000   45.0000 2647.3577   10.9368
    7.5000   45.0000   45.0000 2628.0701   11.1257
   -7.5000   52.5000   45.0000 2525.1753   11.6721
    0.0000   52.5000   45.0000 2538.8687   11.5538
    7.5000   52.5000   45.0000 2518.1184   11.7394

---------------------------------------------------------------------
imgreg_4dfp /opt/freesurfer/average/711-2C_as_mni_average_305 /opt/freesurfer/average/711-2B_as_mni_average_305_mask talsrcimg_g11 none talsrcimg_to_711-2C_as_mni_average_305_t4 1283
---------------------------------------------------------------------

freesurfer imgreg_4dfp.c
/opt/freesurfer/average/711-2C_as_mni_average_305.4dfp.img
       256       256       256         1
  1.000000  1.000000  1.000000
orientation T byte_order littleendian
Reading image: /opt/freesurfer/average/711-2C_as_mni_average_305.4dfp.img
dimensions:      256       256       256
mmppix:       1.0000   -1.0000   -1.0000
center:     128.0000 -129.0000 -129.0000
/opt/freesurfer/average/711-2B_as_mni_average_305_mask.4dfp.img
       256       256       256         1
  1.000000  1.000000  1.000000
orientation T byte_order littleendian
Reading mask: /opt/freesurfer/average/711-2B_as_mni_average_305_mask.4dfp.img (2306576 pixels)
talsrcimg_g11.4dfp.img
       256       256       256         1
  1.000000  1.000000  1.000000
orientation T byte_order littleendian
Reading image: talsrcimg_g11.4dfp.img
dimensions:      256       256       256
mmppix:       1.0000   -1.0000   -1.0000
center:     128.0000 -129.0000 -129.0000
rotation matrix determinant  1.000000
fimgreg.f
image alignment mode   1283 decimal      503 hex
parameters
    0.0000   30.0000   22.5000    0.0000    0.0000    0.0000
eta,q 0.92820  8.95545
niter,ni,del,rscale     5    3   12.0000    1.2000
parameter  4 -0.747239 -> -0.500000 qaram    1.1500
parameter  6  0.550636 ->  0.500000 qaram    1.1500
parameters
   -1.8155   28.6893   20.4569    3.4500   -2.2607   -3.4500
eta,q 0.93074  8.71449
  0.0805  0.0767  0.0762  0.0793  0.0723  0.0707
  0.0748  0.0767  0.0733  0.0787  0.0712  0.0694
  0.0739  0.0763  0.0732  0.0767  0.0706  0.0695
  0.0771  0.0738  0.0750  0.0731  0.0709  0.0707
  0.0794  0.0740  0.0761  0.0710  0.0729  0.0718
  0.0832  0.0788  0.0779  0.0711  0.0754  0.0727
  0.0898  0.0855  0.0822  0.0731  0.0777  0.0741
niter,ni,del,rscale     6    3   12.0000    1.2000
parameters
   -0.8924   27.5240   22.0778    4.4904   -1.9256   -3.9484
eta,q 0.93108  8.72882
  0.0816  0.0741  0.0809  0.0763  0.0749  0.0731
  0.0757  0.0727  0.0741  0.0752  0.0732  0.0714
  0.0715  0.0700  0.0708  0.0722  0.0712  0.0696
  0.0693  0.0689  0.0693  0.0694  0.0691  0.0690
  0.0693  0.0706  0.0697  0.0696  0.0695  0.0703
  0.0715  0.0754  0.0708  0.0713  0.0717  0.0725
  0.0760  0.0844  0.0718  0.0746  0.0746  0.0741
niter,ni,del,rscale     5    3   12.0000    1.2000
parameters
   -0.9050   27.2417   22.5388    4.6658   -1.7864   -4.1405
eta,q 0.93062  8.73668
  0.0798  0.0759  0.0763  0.0759  0.0756  0.0738
  0.0752  0.0748  0.0718  0.0749  0.0738  0.0722
  0.0709  0.0715  0.0695  0.0716  0.0713  0.0704
  0.0689  0.0689  0.0691  0.0694  0.0694  0.0694
  0.0705  0.0692  0.0702  0.0702  0.0702  0.0703
  0.0743  0.0727  0.0711  0.0724  0.0727  0.0725
  0.0807  0.0808  0.0737  0.0769  0.0759  0.0743
niter,ni,del,rscale     4    3   12.0000    1.2000
parameters
   -0.8969   27.2385   22.5482    4.6723   -1.7750   -4.2018
eta,q 0.93061  8.73625
  0.0806  0.0768  0.0751  0.0758  0.0755  0.0739
  0.0759  0.0757  0.0713  0.0747  0.0737  0.0723
  0.0714  0.0724  0.0691  0.0713  0.0710  0.0706
  0.0694  0.0694  0.0694  0.0694  0.0694  0.0694
  0.0708  0.0691  0.0703  0.0703  0.0703  0.0702
  0.0749  0.0724  0.0714  0.0728  0.0729  0.0724
  0.0814  0.0801  0.0746  0.0774  0.0762  0.0742
registration optimization eta report
parameter search radius
    6.0000    6.0000    6.0000    6.9000    6.0000    6.9000
100000*second partial in parameter space
       31.       25.       16.       14.       17.        9.
  0.0806  0.0768  0.0751  0.0758  0.0755  0.0739
  0.0759  0.0757  0.0713  0.0747  0.0737  0.0723
  0.0714  0.0724  0.0691  0.0713  0.0710  0.0706
  0.0694  0.0694  0.0694  0.0694  0.0694  0.0694
  0.0708  0.0691  0.0703  0.0703  0.0703  0.0702
  0.0749  0.0724  0.0714  0.0728  0.0729  0.0724
  0.0814  0.0801  0.0746  0.0774  0.0762  0.0742
   -0.8969   27.2385   22.5482    4.6723   -1.7750   -4.2018
eta,q 0.93061  8.73625

---------------------------------------------------------------------
imgreg_4dfp /opt/freesurfer/average/711-2C_as_mni_average_305 /opt/freesurfer/average/711-2B_as_mni_average_305_mask talsrcimg_g11 none talsrcimg_to_711-2C_as_mni_average_305_t4 3335
---------------------------------------------------------------------

freesurfer imgreg_4dfp.c
/opt/freesurfer/average/711-2C_as_mni_average_305.4dfp.img
       256       256       256         1
  1.000000  1.000000  1.000000
orientation T byte_order littleendian
Reading image: /opt/freesurfer/average/711-2C_as_mni_average_305.4dfp.img
dimensions:      256       256       256
mmppix:       1.0000   -1.0000   -1.0000
center:     128.0000 -129.0000 -129.0000
/opt/freesurfer/average/711-2B_as_mni_average_305_mask.4dfp.img
       256       256       256         1
  1.000000  1.000000  1.000000
orientation T byte_order littleendian
Reading mask: /opt/freesurfer/average/711-2B_as_mni_average_305_mask.4dfp.img (2306576 pixels)
talsrcimg_g11.4dfp.img
       256       256       256         1
  1.000000  1.000000  1.000000
orientation T byte_order littleendian
Reading image: talsrcimg_g11.4dfp.img
dimensions:      256       256       256
mmppix:       1.0000   -1.0000   -1.0000
center:     128.0000 -129.0000 -129.0000
fimgreg.f
image alignment mode   3335 decimal      D07 hex
parameters
   -0.8969   27.2385   22.5482   -0.3166   -0.6187   -0.3801
    7.5543    2.4821   -7.3235   -8.3499   -3.0975    8.1417
eta,q 0.93271  8.85696
niter,ni,del,rscale     5    3    5.0000    1.2000
parameter  3  0.615114 ->  0.500000 qaram    1.1500
parameter  4  4.541670 ->  0.500000 qaram    1.1500
parameter  5  1.466661 ->  0.500000 qaram    1.1500
parameter  6  0.956220 ->  0.500000 qaram    1.1500
parameter 10 -0.558722 -> -0.500000 qaram    1.1500
parameter 12  0.508720 ->  0.500000 qaram    1.1500
parameters
   -1.0085   27.1873   21.1682   -4.4566   -4.7587   -4.5201
    5.7634    2.3156   -5.5467   -4.2099   -1.5745    4.0017
eta,q 0.95009  8.64308
  0.0691  0.0692  0.0671  0.0548  0.0531  0.0502  0.0524  0.0566  0.0531  0.0569  0.0521  0.0501
  0.0682  0.0680  0.0670  0.0570  0.0545  0.0509  0.0516  0.0535  0.0522  0.0544  0.0511  0.0499
  0.0676  0.0674  0.0671  0.0611  0.0557  0.0528  0.0512  0.0517  0.0515  0.0524  0.0505  0.0499
  0.0673  0.0673  0.0673  0.0670  0.0579  0.0548  0.0513  0.0512  0.0512  0.0511  0.0502  0.0502
  0.0675  0.0677  0.0677  0.0733  0.0610  0.0570  0.0519  0.0519  0.0511  0.0504  0.0502  0.0505
  0.0682  0.0683  0.0684  0.0788  0.0641  0.0615  0.0530  0.0539  0.0513  0.0502  0.0504  0.0512
  0.0697  0.0691  0.0693  0.0826  0.0679  0.0678  0.0544  0.0571  0.0518  0.0508  0.0509  0.0521
niter,ni,del,rscale     7    3    5.0000    1.2000
parameter  2  1.329472 ->  0.500000 qaram    1.1500
parameter  3  1.288547 ->  0.500000 qaram    1.3225
parameter  4  0.663054 ->  0.500000 qaram    1.3225
parameter  5 -4.399598 ->  0.500000 qaram    1.3225
parameter 12  2.082562 ->  0.500000 qaram    1.3225
parameters
   -1.3235   25.8073   19.5812   -9.2176   -9.5197   -5.7345
    4.4037    1.7125   -5.8543   -4.3889   -1.7825   -0.7593
eta,q 0.96417  8.59343
  0.0526  0.0482  0.0458  0.0441  0.0324  0.0403  0.0395  0.0412  0.0394  0.0423  0.0387  0.0350
  0.0508  0.0483  0.0462  0.0439  0.0366  0.0394  0.0385  0.0392  0.0385  0.0402  0.0382  0.0356
  0.0499  0.0489  0.0470  0.0442  0.0410  0.0384  0.0380  0.0381  0.0380  0.0386  0.0379  0.0366
  0.0499  0.0498  0.0484  0.0464  0.0439  0.0379  0.0380  0.0379  0.0379  0.0379  0.0379  0.0379
  0.0507  0.0509  0.0503  0.0514  0.0467  0.0387  0.0386  0.0386  0.0381  0.0384  0.0380  0.0394
  0.0522  0.0522  0.0525  0.0584  0.0494  0.0402  0.0398  0.0401  0.0387  0.0403  0.0383  0.0410
  0.0542  0.0535  0.0547  0.0654  0.0532  0.0430  0.0413  0.0424  0.0397  0.0430  0.0387  0.0427
niter,ni,del,rscale     7    3    5.0000    1.2000
parameter  2  1.443899 ->  0.500000 qaram    1.3225
parameter  3  0.879476 ->  0.500000 qaram    1.5209
parameter  5  0.613111 ->  0.500000 qaram    1.5209
parameter  6 -0.688834 -> -0.500000 qaram    1.3225
parameters
   -1.4804   24.2203   17.7562  -10.7571  -14.9949   -0.9735
    5.7687    2.3411   -6.1943   -4.0915   -1.5795   -3.3591
eta,q 0.97361  8.65181
  0.0383  0.0315  0.0303  0.0340  0.0305  0.0319  0.0303  0.0326  0.0285  0.0322  0.0278  0.0275
  0.0369  0.0318  0.0305  0.0326  0.0289  0.0306  0.0287  0.0296  0.0273  0.0292  0.0272  0.0268
  0.0360  0.0333  0.0311  0.0315  0.0284  0.0295  0.0274  0.0276  0.0267  0.0274  0.0267  0.0264
  0.0358  0.0358  0.0321  0.0306  0.0311  0.0286  0.0268  0.0267  0.0266  0.0266  0.0265  0.0265
  0.0363  0.0388  0.0336  0.0303  0.0374  0.0275  0.0267  0.0268  0.0269  0.0269  0.0267  0.0272
  0.0374  0.0420  0.0356  0.0334  0.0431  0.0267  0.0273  0.0282  0.0276  0.0286  0.0270  0.0284
  0.0390  0.0451  0.0383  0.0411  0.0489  0.0282  0.0284  0.0310  0.0288  0.0316  0.0277  0.0302
niter,ni,del,rscale     7    3    5.0000    1.2000
parameters
   -1.5589   24.4029   17.2512   -8.9019  -16.4219   -3.2502
    5.7271    1.8935   -6.8612   -3.7256   -1.7381   -4.4686
eta,q 0.97314  8.59687
  0.0291  0.0318  0.0292  0.0324  0.0330  0.0297  0.0292  0.0306  0.0284  0.0314  0.0277  0.0281
  0.0275  0.0289  0.0274  0.0302  0.0300  0.0285  0.0280  0.0284  0.0275  0.0291  0.0272  0.0274
  0.0266  0.0271  0.0264  0.0281  0.0272  0.0273  0.0272  0.0273  0.0270  0.0276  0.0270  0.0270
  0.0264  0.0264  0.0264  0.0262  0.0252  0.0259  0.0269  0.0269  0.0269  0.0269  0.0269  0.0269
  0.0268  0.0267  0.0273  0.0245  0.0258  0.0270  0.0272  0.0273  0.0273  0.0271  0.0270  0.0272
  0.0278  0.0281  0.0290  0.0247  0.0326  0.0329  0.0280  0.0289  0.0280  0.0285  0.0273  0.0279
  0.0294  0.0307  0.0310  0.0305  0.0415  0.0399  0.0293  0.0320  0.0290  0.0308  0.0278  0.0289
niter,ni,del,rscale     6    3    5.0000    1.2000
parameters
   -1.4998   24.5339   17.0307   -8.7326  -16.4589   -3.9669
    5.7868    1.9695   -6.9242   -3.6053   -2.0759   -4.9838
eta,q 0.97290  8.57590
  0.0297  0.0314  0.0289  0.0321  0.0349  0.0306  0.0294  0.0311  0.0289  0.0312  0.0277  0.0285
  0.0281  0.0288  0.0277  0.0302  0.0320  0.0291  0.0281  0.0287  0.0278  0.0290  0.0274  0.0277
  0.0272  0.0274  0.0270  0.0285  0.0291  0.0280  0.0274  0.0276  0.0273  0.0277  0.0272  0.0273
  0.0269  0.0269  0.0269  0.0269  0.0268  0.0268  0.0271  0.0271  0.0271  0.0271  0.0271  0.0271
  0.0271  0.0273  0.0272  0.0253  0.0258  0.0257  0.0274  0.0273  0.0273  0.0275  0.0272  0.0274
  0.0279  0.0285  0.0280  0.0273  0.0296  0.0283  0.0281  0.0285  0.0279  0.0289  0.0274  0.0279
  0.0294  0.0306  0.0295  0.0344  0.0379  0.0350  0.0293  0.0310  0.0289  0.0311  0.0278  0.0288
niter,ni,del,rscale     5    3    5.0000    1.2000
parameters
   -1.4673   24.5772   16.9764   -8.6782  -16.4167   -4.0281
    5.8305    2.0216   -6.8899   -3.5320   -2.2323   -5.1370
eta,q 0.97293  8.57899
  0.0298  0.0313  0.0290  0.0321  0.0351  0.0309  0.0293  0.0310  0.0289  0.0312  0.0277  0.0286
  0.0283  0.0289  0.0279  0.0303  0.0323  0.0293  0.0281  0.0286  0.0278  0.0289  0.0273  0.0278
  0.0274  0.0275  0.0273  0.0287  0.0294  0.0282  0.0273  0.0275  0.0272  0.0276  0.0271  0.0273
  0.0271  0.0271  0.0271  0.0271  0.0271  0.0271  0.0271  0.0271  0.0271  0.0271  0.0271  0.0271
  0.0274  0.0276  0.0273  0.0256  0.0260  0.0256  0.0273  0.0273  0.0273  0.0274  0.0272  0.0273
  0.0282  0.0289  0.0280  0.0276  0.0297  0.0272  0.0280  0.0285  0.0279  0.0289  0.0274  0.0278
  0.0296  0.0310  0.0292  0.0347  0.0378  0.0335  0.0293  0.0309  0.0288  0.0310  0.0278  0.0287
niter,ni,del,rscale     4    3    5.0000    1.2000
parameters
   -1.4574   24.5944   16.9428   -8.6811  -16.4021   -4.0372
    5.8468    2.0462   -6.8684   -3.5078   -2.2861   -5.2026
eta,q 0.97293  8.57979
  0.0297  0.0312  0.0290  0.0321  0.0351  0.0310  0.0293  0.0310  0.0289  0.0311  0.0277  0.0286
  0.0282  0.0288  0.0279  0.0303  0.0323  0.0294  0.0280  0.0285  0.0278  0.0289  0.0273  0.0278
  0.0274  0.0275  0.0273  0.0287  0.0294  0.0282  0.0273  0.0275  0.0272  0.0276  0.0271  0.0273
  0.0271  0.0271  0.0271  0.0271  0.0271  0.0271  0.0271  0.0271  0.0271  0.0271  0.0271  0.0271
  0.0273  0.0276  0.0273  0.0256  0.0261  0.0256  0.0273  0.0273  0.0273  0.0275  0.0272  0.0273
  0.0282  0.0289  0.0279  0.0277  0.0298  0.0271  0.0281  0.0285  0.0279  0.0289  0.0274  0.0278
  0.0297  0.0310  0.0291  0.0348  0.0379  0.0334  0.0293  0.0310  0.0288  0.0311  0.0277  0.0287
registration optimization eta report
parameter search radius
    2.4000    3.1740    3.6501    9.5220   10.9503    9.5220
    7.2000    7.2000    7.2000    8.2800    7.2000    9.5220
100000*second partial in parameter space
       45.       40.       15.        7.        8.        6.
        4.        8.        3.        6.        1.        2.
  0.0297  0.0312  0.0290  0.0321  0.0351  0.0310  0.0293  0.0310  0.0289  0.0311  0.0277  0.0286
  0.0282  0.0288  0.0279  0.0303  0.0323  0.0294  0.0280  0.0285  0.0278  0.0289  0.0273  0.0278
  0.0274  0.0275  0.0273  0.0287  0.0294  0.0282  0.0273  0.0275  0.0272  0.0276  0.0271  0.0273
  0.0271  0.0271  0.0271  0.0271  0.0271  0.0271  0.0271  0.0271  0.0271  0.0271  0.0271  0.0271
  0.0273  0.0276  0.0273  0.0256  0.0261  0.0256  0.0273  0.0273  0.0273  0.0275  0.0272  0.0273
  0.0282  0.0289  0.0279  0.0277  0.0298  0.0271  0.0281  0.0285  0.0279  0.0289  0.0274  0.0278
  0.0297  0.0310  0.0291  0.0348  0.0379  0.0334  0.0293  0.0310  0.0288  0.0311  0.0277  0.0287
   -1.4574   24.5944   16.9428   -8.6811  -16.4021   -4.0372
    5.8468    2.0462   -6.8684   -3.5078   -2.2861   -5.2026
eta,q 0.97293  8.57979

---------------------------------------------------------------------
imgreg_4dfp /opt/freesurfer/average/711-2C_as_mni_average_305 /opt/freesurfer/average/711-2B_as_mni_average_305_mask talsrcimg_g11 none talsrcimg_to_711-2C_as_mni_average_305_t4 2311
---------------------------------------------------------------------

freesurfer imgreg_4dfp.c
/opt/freesurfer/average/711-2C_as_mni_average_305.4dfp.img
       256       256       256         1
  1.000000  1.000000  1.000000
orientation T byte_order littleendian
Reading image: /opt/freesurfer/average/711-2C_as_mni_average_305.4dfp.img
dimensions:      256       256       256
mmppix:       1.0000   -1.0000   -1.0000
center:     128.0000 -129.0000 -129.0000
/opt/freesurfer/average/711-2B_as_mni_average_305_mask.4dfp.img
       256       256       256         1
  1.000000  1.000000  1.000000
orientation T byte_order littleendian
Reading mask: /opt/freesurfer/average/711-2B_as_mni_average_305_mask.4dfp.img (2306576 pixels)
talsrcimg_g11.4dfp.img
       256       256       256         1
  1.000000  1.000000  1.000000
orientation T byte_order littleendian
Reading image: talsrcimg_g11.4dfp.img
dimensions:      256       256       256
mmppix:       1.0000   -1.0000   -1.0000
center:     128.0000 -129.0000 -129.0000
fimgreg.f
image alignment mode   2311 decimal      907 hex
parameters
   -1.4574   24.5944   16.9428   -8.6811  -16.4021   -4.0372
    5.8468    2.0462   -6.8684   -3.5078   -2.2861   -5.2026
eta,q 0.97293  8.57979
niter,ni,del,rscale     5    3    5.0000    0.8000
parameter  4 -1.329942 -> -0.500000 qaram    1.1500
parameter  5 -0.548856 -> -0.500000 qaram    1.1500
parameter  6 -0.711589 -> -0.500000 qaram    1.1500
parameters
   -1.4508   24.5188   17.0462   -5.9211  -13.6421   -1.2772
    5.9717    2.3131   -6.2988   -3.2028   -2.1574   -6.0796
eta,q 0.97632  8.85015
  0.0282  0.0280  0.0275  0.0295  0.0289  0.0271  0.0261  0.0289  0.0259  0.0267  0.0251  0.0243
  0.0276  0.0274  0.0273  0.0287  0.0277  0.0263  0.0248  0.0262  0.0247  0.0249  0.0243  0.0239
  0.0272  0.0271  0.0271  0.0279  0.0266  0.0256  0.0240  0.0244  0.0240  0.0240  0.0239  0.0237
  0.0271  0.0271  0.0271  0.0271  0.0257  0.0248  0.0237  0.0237  0.0237  0.0237  0.0237  0.0237
  0.0272  0.0272  0.0271  0.0262  0.0250  0.0241  0.0239  0.0241  0.0238  0.0239  0.0238  0.0239
  0.0276  0.0276  0.0272  0.0256  0.0249  0.0237  0.0247  0.0255  0.0242  0.0247  0.0242  0.0243
  0.0282  0.0282  0.0274  0.0260  0.0257  0.0246  0.0259  0.0279  0.0250  0.0259  0.0249  0.0249
niter,ni,del,rscale     7    3    5.0000    1.0000
parameters
   -1.4493   24.6268   16.9440   -7.7074  -14.9531   -2.4996
    5.8380    2.0944   -6.5789   -3.0891   -2.2981   -5.4756
eta,q 0.97498  8.74435
  0.0276  0.0267  0.0254  0.0271  0.0280  0.0276  0.0270  0.0288  0.0266  0.0279  0.0259  0.0260
  0.0255  0.0252  0.0243  0.0258  0.0263  0.0267  0.0259  0.0265  0.0256  0.0262  0.0254  0.0255
  0.0242  0.0242  0.0237  0.0244  0.0249  0.0256  0.0252  0.0254  0.0251  0.0253  0.0251  0.0252
  0.0237  0.0237  0.0237  0.0236  0.0241  0.0245  0.0251  0.0251  0.0250  0.0250  0.0250  0.0250
  0.0241  0.0238  0.0240  0.0253  0.0250  0.0249  0.0253  0.0255  0.0253  0.0253  0.0252  0.0251
  0.0254  0.0246  0.0247  0.0303  0.0288  0.0280  0.0260  0.0269  0.0259  0.0262  0.0255  0.0253
  0.0277  0.0262  0.0256  0.0375  0.0348  0.0336  0.0273  0.0294  0.0268  0.0276  0.0260  0.0257
niter,ni,del,rscale     6    3    5.0000    0.9000
parameters
   -1.4390   24.6743   16.7033   -7.3117  -14.8385   -2.6738
    5.9484    2.1846   -6.5488   -3.2243   -2.3155   -5.8230
eta,q 0.97518  8.75376
  0.0270  0.0267  0.0256  0.0286  0.0288  0.0275  0.0267  0.0286  0.0263  0.0269  0.0257  0.0254
  0.0259  0.0258  0.0252  0.0275  0.0272  0.0267  0.0257  0.0264  0.0254  0.0257  0.0252  0.0251
  0.0253  0.0252  0.0250  0.0263  0.0258  0.0258  0.0250  0.0252  0.0249  0.0250  0.0249  0.0249
  0.0250  0.0250  0.0250  0.0250  0.0248  0.0247  0.0248  0.0248  0.0248  0.0248  0.0248  0.0248
  0.0252  0.0252  0.0252  0.0242  0.0245  0.0242  0.0250  0.0251  0.0250  0.0251  0.0249  0.0249
  0.0258  0.0257  0.0255  0.0254  0.0259  0.0256  0.0256  0.0263  0.0255  0.0259  0.0252  0.0252
  0.0270  0.0266  0.0260  0.0291  0.0296  0.0295  0.0266  0.0283  0.0262  0.0271  0.0256  0.0256
niter,ni,del,rscale     5    3    5.0000    0.8000
parameters
   -1.4128   24.7015   16.5911   -6.9703  -14.6338   -2.4184
    5.9222    2.2395   -6.5334   -3.1481   -2.3271   -6.1829
eta,q 0.97557  8.77765
  0.0265  0.0262  0.0254  0.0281  0.0281  0.0271  0.0260  0.0278  0.0257  0.0264  0.0252  0.0249
  0.0256  0.0254  0.0250  0.0270  0.0267  0.0264  0.0251  0.0259  0.0249  0.0253  0.0248  0.0246
  0.0250  0.0250  0.0248  0.0259  0.0255  0.0256  0.0246  0.0248  0.0245  0.0246  0.0245  0.0245
  0.0248  0.0248  0.0248  0.0248  0.0246  0.0246  0.0244  0.0244  0.0244  0.0244  0.0244  0.0244
  0.0250  0.0249  0.0249  0.0243  0.0244  0.0240  0.0246  0.0248  0.0246  0.0246  0.0245  0.0245
  0.0255  0.0254  0.0252  0.0253  0.0255  0.0249  0.0251  0.0258  0.0250  0.0252  0.0248  0.0247
  0.0265  0.0261  0.0255  0.0284  0.0284  0.0277  0.0260  0.0276  0.0256  0.0263  0.0252  0.0251
niter,ni,del,rscale     4    3    5.0000    0.7000
parameters
   -1.4047   24.7452   16.5547   -6.7513  -14.4612   -2.1402
    5.8974    2.2921   -6.5262   -3.0392   -2.3207   -6.4188
eta,q 0.97587  8.79599
  0.0259  0.0255  0.0250  0.0273  0.0272  0.0266  0.0254  0.0270  0.0252  0.0259  0.0248  0.0246
  0.0251  0.0250  0.0246  0.0264  0.0260  0.0259  0.0247  0.0254  0.0246  0.0248  0.0244  0.0243
  0.0246  0.0246  0.0245  0.0254  0.0251  0.0252  0.0243  0.0244  0.0242  0.0243  0.0242  0.0242
  0.0244  0.0244  0.0244  0.0244  0.0243  0.0243  0.0241  0.0241  0.0241  0.0241  0.0241  0.0241
  0.0246  0.0245  0.0245  0.0241  0.0241  0.0239  0.0243  0.0244  0.0243  0.0243  0.0242  0.0242
  0.0250  0.0248  0.0247  0.0251  0.0251  0.0247  0.0247  0.0253  0.0246  0.0248  0.0244  0.0244
  0.0259  0.0254  0.0250  0.0277  0.0274  0.0269  0.0255  0.0268  0.0251  0.0256  0.0248  0.0247
niter,ni,del,rscale     3    3    5.0000    0.6000
parameters
   -1.4019   24.7835   16.5675   -6.5508  -14.3059   -1.8694
    5.8639    2.3283   -6.5171   -2.9559   -2.2957   -6.5755
eta,q 0.97609  8.81100
  0.0253  0.0250  0.0246  0.0266  0.0263  0.0261  0.0249  0.0262  0.0247  0.0253  0.0245  0.0243
  0.0247  0.0245  0.0243  0.0258  0.0254  0.0255  0.0243  0.0249  0.0242  0.0245  0.0242  0.0241
  0.0243  0.0243  0.0242  0.0249  0.0246  0.0248  0.0240  0.0242  0.0240  0.0240  0.0240  0.0239
  0.0241  0.0241  0.0241  0.0241  0.0241  0.0240  0.0239  0.0239  0.0239  0.0239  0.0239  0.0239
  0.0242  0.0242  0.0242  0.0239  0.0240  0.0238  0.0240  0.0241  0.0240  0.0240  0.0240  0.0240
  0.0246  0.0245  0.0243  0.0248  0.0247  0.0245  0.0244  0.0249  0.0243  0.0244  0.0242  0.0241
  0.0253  0.0249  0.0246  0.0268  0.0265  0.0262  0.0250  0.0261  0.0247  0.0251  0.0245  0.0244
niter,ni,del,rscale     2    3    5.0000    0.5000
parameters
   -1.3997   24.8063   16.6166   -6.3794  -14.1646   -1.6155
    5.8304    2.3567   -6.5118   -2.8973   -2.2630   -6.6704
eta,q 0.97625  8.82312
  0.0248  0.0245  0.0243  0.0259  0.0256  0.0256  0.0245  0.0255  0.0243  0.0247  0.0242  0.0240
  0.0243  0.0242  0.0241  0.0251  0.0249  0.0250  0.0241  0.0245  0.0240  0.0242  0.0240  0.0239
  0.0240  0.0240  0.0240  0.0244  0.0243  0.0244  0.0238  0.0239  0.0238  0.0238  0.0238  0.0238
  0.0239  0.0239  0.0239  0.0239  0.0239  0.0238  0.0238  0.0238  0.0238  0.0238  0.0238  0.0238
  0.0240  0.0240  0.0240  0.0238  0.0238  0.0237  0.0238  0.0239  0.0238  0.0239  0.0238  0.0238
  0.0243  0.0241  0.0241  0.0244  0.0243  0.0243  0.0241  0.0245  0.0240  0.0242  0.0239  0.0239
  0.0248  0.0245  0.0242  0.0259  0.0256  0.0256  0.0245  0.0254  0.0243  0.0246  0.0242  0.0241
niter,ni,del,rscale     1    3    5.0000    0.4000
parameters
   -1.3995   24.8189   16.6754   -6.2479  -14.0334   -1.4032
    5.8102    2.3670   -6.4977   -2.8622   -2.2307   -6.6943
eta,q 0.97634  8.83261
  0.0243  0.0242  0.0241  0.0252  0.0249  0.0251  0.0242  0.0248  0.0241  0.0243  0.0240  0.0239
  0.0240  0.0239  0.0239  0.0246  0.0244  0.0246  0.0239  0.0242  0.0238  0.0239  0.0238  0.0237
  0.0238  0.0238  0.0238  0.0241  0.0240  0.0241  0.0237  0.0238  0.0237  0.0237  0.0237  0.0237
  0.0238  0.0238  0.0238  0.0238  0.0237  0.0237  0.0237  0.0237  0.0237  0.0237  0.0237  0.0237
  0.0238  0.0238  0.0238  0.0237  0.0237  0.0237  0.0237  0.0238  0.0237  0.0237  0.0237  0.0237
  0.0240  0.0239  0.0239  0.0242  0.0241  0.0241  0.0239  0.0242  0.0238  0.0239  0.0238  0.0238
  0.0243  0.0241  0.0240  0.0252  0.0249  0.0250  0.0242  0.0248  0.0240  0.0243  0.0240  0.0239
registration optimization eta report
parameter search radius
    0.8000    0.8000    0.8000    2.7600    2.7600    2.7600
    2.4000    2.4000    2.4000    2.4000    2.4000    2.4000
100000*second partial in parameter space
       91.       63.       43.       19.       16.       17.
        9.       20.        7.       11.        5.        4.
  0.0243  0.0242  0.0241  0.0252  0.0249  0.0251  0.0242  0.0248  0.0241  0.0243  0.0240  0.0239
  0.0240  0.0239  0.0239  0.0246  0.0244  0.0246  0.0239  0.0242  0.0238  0.0239  0.0238  0.0237
  0.0238  0.0238  0.0238  0.0241  0.0240  0.0241  0.0237  0.0238  0.0237  0.0237  0.0237  0.0237
  0.0238  0.0238  0.0238  0.0238  0.0237  0.0237  0.0237  0.0237  0.0237  0.0237  0.0237  0.0237
  0.0238  0.0238  0.0238  0.0237  0.0237  0.0237  0.0237  0.0238  0.0237  0.0237  0.0237  0.0237
  0.0240  0.0239  0.0239  0.0242  0.0241  0.0241  0.0239  0.0242  0.0238  0.0239  0.0238  0.0238
  0.0243  0.0241  0.0240  0.0252  0.0249  0.0250  0.0242  0.0248  0.0240  0.0243  0.0240  0.0239
   -1.3995   24.8189   16.6754   -6.2479  -14.0334   -1.4032
    5.8102    2.3670   -6.4977   -2.8622   -2.2307   -6.6943
eta,q 0.97634  8.83261

---------------------------------------------------------------------
imgreg_4dfp /opt/freesurfer/average/711-2C_as_mni_average_305 /opt/freesurfer/average/711-2B_as_mni_average_305_mask talsrcimg_g11 none talsrcimg_to_711-2C_as_mni_average_305_t4 2311
---------------------------------------------------------------------

freesurfer imgreg_4dfp.c
/opt/freesurfer/average/711-2C_as_mni_average_305.4dfp.img
       256       256       256         1
  1.000000  1.000000  1.000000
orientation T byte_order littleendian
Reading image: /opt/freesurfer/average/711-2C_as_mni_average_305.4dfp.img
dimensions:      256       256       256
mmppix:       1.0000   -1.0000   -1.0000
center:     128.0000 -129.0000 -129.0000
/opt/freesurfer/average/711-2B_as_mni_average_305_mask.4dfp.img
       256       256       256         1
  1.000000  1.000000  1.000000
orientation T byte_order littleendian
Reading mask: /opt/freesurfer/average/711-2B_as_mni_average_305_mask.4dfp.img (2306576 pixels)
talsrcimg_g11.4dfp.img
       256       256       256         1
  1.000000  1.000000  1.000000
orientation T byte_order littleendian
Reading image: talsrcimg_g11.4dfp.img
dimensions:      256       256       256
mmppix:       1.0000   -1.0000   -1.0000
center:     128.0000 -129.0000 -129.0000
fimgreg.f
image alignment mode   2311 decimal      907 hex
parameters
   -1.3995   24.8189   16.6754   -6.2479  -14.0334   -1.4032
    5.8102    2.3670   -6.4977   -2.8622   -2.2307   -6.6943
eta,q 0.97634  8.83261
niter,ni,del,rscale     5    3    5.0000    0.8000
parameters
   -1.4277   24.7671   16.7958   -6.9690  -14.4963   -1.8274
    5.8797    2.2500   -6.5556   -2.8144   -2.2659   -6.2326
eta,q 0.97588  8.80225
  0.0260  0.0252  0.0250  0.0262  0.0264  0.0263  0.0258  0.0275  0.0254  0.0263  0.0250  0.0249
  0.0247  0.0244  0.0243  0.0253  0.0253  0.0256  0.0249  0.0255  0.0246  0.0250  0.0245  0.0245
  0.0239  0.0239  0.0238  0.0243  0.0244  0.0248  0.0243  0.0244  0.0242  0.0243  0.0242  0.0242
  0.0237  0.0237  0.0237  0.0237  0.0239  0.0240  0.0241  0.0241  0.0241  0.0241  0.0241  0.0241
  0.0239  0.0238  0.0238  0.0241  0.0241  0.0241  0.0243  0.0246  0.0243  0.0244  0.0242  0.0242
  0.0248  0.0245  0.0241  0.0261  0.0255  0.0255  0.0248  0.0257  0.0247  0.0250  0.0245  0.0243
  0.0262  0.0255  0.0246  0.0297  0.0285  0.0285  0.0257  0.0278  0.0254  0.0261  0.0250  0.0247
niter,ni,del,rscale     4    3    5.0000    0.7000
parameters
   -1.4106   24.7889   16.6874   -6.6247  -14.3344   -1.7917
    5.8918    2.3067   -6.5051   -2.9377   -2.2636   -6.4206
eta,q 0.97609  8.81201
  0.0256  0.0252  0.0247  0.0266  0.0263  0.0260  0.0253  0.0270  0.0250  0.0255  0.0247  0.0244
  0.0248  0.0246  0.0243  0.0258  0.0254  0.0254  0.0245  0.0253  0.0244  0.0245  0.0242  0.0241
  0.0243  0.0243  0.0241  0.0249  0.0246  0.0246  0.0241  0.0243  0.0240  0.0240  0.0240  0.0240
  0.0241  0.0241  0.0241  0.0241  0.0240  0.0239  0.0239  0.0239  0.0239  0.0239  0.0239  0.0239
  0.0243  0.0242  0.0242  0.0238  0.0239  0.0238  0.0241  0.0242  0.0240  0.0242  0.0240  0.0240
  0.0247  0.0246  0.0245  0.0245  0.0246  0.0247  0.0245  0.0252  0.0244  0.0247  0.0243  0.0242
  0.0256  0.0252  0.0249  0.0265  0.0264  0.0267  0.0253  0.0268  0.0249  0.0256  0.0247  0.0245
niter,ni,del,rscale     3    3    5.0000    0.6000
parameters
   -1.4037   24.7940   16.6640   -6.4448  -14.1977   -1.6210
    5.8398    2.3369   -6.4779   -2.9033   -2.2537   -6.5621
eta,q 0.97622  8.82192
  0.0251  0.0248  0.0245  0.0260  0.0257  0.0257  0.0248  0.0262  0.0246  0.0252  0.0244  0.0242
  0.0245  0.0243  0.0241  0.0252  0.0249  0.0251  0.0242  0.0248  0.0241  0.0243  0.0241  0.0239
  0.0241  0.0240  0.0240  0.0245  0.0243  0.0244  0.0239  0.0240  0.0239  0.0239  0.0238  0.0238
  0.0239  0.0239  0.0239  0.0239  0.0239  0.0238  0.0238  0.0238  0.0238  0.0238  0.0238  0.0238
  0.0240  0.0240  0.0240  0.0238  0.0238  0.0237  0.0239  0.0240  0.0239  0.0239  0.0238  0.0238
  0.0244  0.0243  0.0242  0.0245  0.0244  0.0244  0.0243  0.0248  0.0241  0.0244  0.0241  0.0240
  0.0251  0.0248  0.0245  0.0261  0.0258  0.0258  0.0249  0.0261  0.0246  0.0250  0.0244  0.0242
niter,ni,del,rscale     2    3    5.0000    0.5000
parameters
   -1.4021   24.8099   16.6925   -6.3119  -14.0771   -1.4412
    5.7984    2.3558   -6.4685   -2.8657   -2.2299   -6.6307
eta,q 0.97632  8.83051
  0.0247  0.0244  0.0242  0.0254  0.0251  0.0252  0.0244  0.0255  0.0243  0.0247  0.0242  0.0240
  0.0242  0.0241  0.0240  0.0247  0.0245  0.0247  0.0240  0.0245  0.0239  0.0241  0.0239  0.0238
  0.0239  0.0239  0.0238  0.0242  0.0241  0.0242  0.0238  0.0239  0.0237  0.0238  0.0237  0.0237
  0.0238  0.0238  0.0238  0.0238  0.0237  0.0237  0.0237  0.0237  0.0237  0.0237  0.0237  0.0237
  0.0239  0.0238  0.0238  0.0237  0.0237  0.0237  0.0238  0.0239  0.0238  0.0238  0.0237  0.0237
  0.0242  0.0240  0.0240  0.0242  0.0242  0.0242  0.0240  0.0245  0.0240  0.0241  0.0239  0.0238
  0.0247  0.0244  0.0242  0.0254  0.0251  0.0252  0.0245  0.0254  0.0243  0.0246  0.0241  0.0240
niter,ni,del,rscale     1    3    5.0000    0.4000
parameters
   -1.4039   24.8172   16.7321   -6.2097  -13.9766   -1.2824
    5.7860    2.3638   -6.4653   -2.8472   -2.2080   -6.6637
eta,q 0.97637  8.83707
  0.0243  0.0241  0.0240  0.0248  0.0246  0.0248  0.0241  0.0248  0.0240  0.0243  0.0240  0.0238
  0.0239  0.0239  0.0238  0.0243  0.0242  0.0244  0.0239  0.0242  0.0238  0.0239  0.0238  0.0237
  0.0238  0.0237  0.0237  0.0239  0.0239  0.0239  0.0237  0.0238  0.0237  0.0237  0.0237  0.0236
  0.0237  0.0237  0.0237  0.0237  0.0237  0.0237  0.0236  0.0236  0.0236  0.0236  0.0236  0.0236
  0.0237  0.0237  0.0237  0.0237  0.0237  0.0236  0.0237  0.0238  0.0237  0.0237  0.0237  0.0237
  0.0239  0.0239  0.0238  0.0240  0.0240  0.0240  0.0239  0.0241  0.0238  0.0239  0.0238  0.0237
  0.0243  0.0241  0.0239  0.0248  0.0246  0.0247  0.0242  0.0248  0.0240  0.0242  0.0239  0.0238
registration optimization eta report
parameter search radius
    0.8000    0.8000    0.8000    2.4000    2.4000    2.4000
    2.4000    2.4000    2.4000    2.4000    2.4000    2.4000
100000*second partial in parameter space
       94.       65.       45.       19.       16.       19.
        9.       20.        7.       11.        6.        4.
  0.0243  0.0241  0.0240  0.0248  0.0246  0.0248  0.0241  0.0248  0.0240  0.0243  0.0240  0.0238
  0.0239  0.0239  0.0238  0.0243  0.0242  0.0244  0.0239  0.0242  0.0238  0.0239  0.0238  0.0237
  0.0238  0.0237  0.0237  0.0239  0.0239  0.0239  0.0237  0.0238  0.0237  0.0237  0.0237  0.0236
  0.0237  0.0237  0.0237  0.0237  0.0237  0.0237  0.0236  0.0236  0.0236  0.0236  0.0236  0.0236
  0.0237  0.0237  0.0237  0.0237  0.0237  0.0236  0.0237  0.0238  0.0237  0.0237  0.0237  0.0237
  0.0239  0.0239  0.0238  0.0240  0.0240  0.0240  0.0239  0.0241  0.0238  0.0239  0.0238  0.0237
  0.0243  0.0241  0.0239  0.0248  0.0246  0.0247  0.0242  0.0248  0.0240  0.0242  0.0239  0.0238
   -1.4039   24.8172   16.7321   -6.2097  -13.9766   -1.2824
    5.7860    2.3638   -6.4653   -2.8472   -2.2080   -6.6637
eta,q 0.97637  8.83707

---------------------------------------------------------------------
compute_vox2vox talsrcimg talsrcimg_to_711-2C_as_mni_average_305_t4 /opt/freesurfer/average/711-2C_as_mni_average_305
---------------------------------------------------------------------

freesurfer compute_vox2vox.c
Reading: talsrcimg.4dfp.ifh
Reading: talsrcimg_to_711-2C_as_mni_average_305_t4
Reading: /opt/freesurfer/average/711-2C_as_mni_average_305.4dfp.ifh
Writing: talsrcimg_to_711-2C_as_mni_average_305_t4_vox2vox.txt

start time Fri Mar 13 04:21:11 CET 2026
end		time Fri Mar 13 04:22:42 CET 2026

mpr2mni305 success

avi2talxfm orig_nu.mgz /opt/freesurfer/average/mni305.cor.mgz talsrcimg_to_711-2C_as_mni_average_305_t4_vox2vox.txt transforms/talairach.auto.xfm
avi2talxfm done
mv -f /out/sourcedata/freesurfer/sub-v2s4x29597_ses-1/mri/talsrcimg_to_711-2C_as_mni_average_305_t4_vox2vox.txt /out/sourcedata/freesurfer/sub-v2s4x29597_ses-1/mri/transforms/talsrcimg_to_711-2C_as_mni_average_305_t4_vox2vox.txt
lta_convert --src orig_nu.mgz --trg /opt/freesurfer/average/mni305.cor.mgz --inxfm transforms/talairach.auto.xfm --outlta transforms/talairach.auto.xfm.lta --subject fsaverage
7.3.2

--src: orig_nu.mgz src image (geometry).
--trg: /opt/freesurfer/average/mni305.cor.mgz trg image (geometry).
--inmni: transforms/talairach.auto.xfm input MNI/XFM transform.
--outlta: transforms/talairach.auto.xfm.lta output LTA.
--s: fsaverage subject name
 LTA read, type : 1
 1.06050  -0.02751  -0.07346   2.95612;
 0.02916   1.01450   0.07663  -21.34464;
 0.08067   0.03151   1.15949  -31.00675;
 0.00000   0.00000   0.00000   1.00000;
setting subject to fsaverage
Writing  LTA to file transforms/talairach.auto.xfm.lta...
lta_convert successful.
 
 
Started at Fri Mar 13 04:21:10 CET 2026
Ended   at Fri Mar 13 04:22:42 CET 2026
talairach_avi done
