/out/sourcedata/freesurfer/sub-v2s4x29615_ses-1/mri
/opt/freesurfer/bin/talairach_avi
--i orig_nu.mgz --xfm transforms/talairach.auto.xfm
talairach_avi 7.3.2
Linux dna082 5.14.0-427.37.1.el9_4.x86_64 #1 SMP PREEMPT_DYNAMIC Fri Sep 13 12:41:50 EDT 2024 x86_64 x86_64 x86_64 GNU/Linux
Fri Mar 13 05:28:11 CET 2026
mri_convert orig_nu.mgz talsrcimg.img 
reading from orig_nu.mgz...
TR=0.00, TE=0.00, TI=0.00, flip angle=0.00
i_ras = (-1, 4.94765e-10, 0)
j_ras = (7.45058e-09, -2.32831e-10, -1)
k_ras = (3.21597e-09, 1, 2.32831e-10)
writing to talsrcimg.img...
Analyze Output Matrix
-1.00000   0.00000   0.00000   131.39447;
 0.00000  -0.00000   1.00000  -130.67859;
 0.00000  -1.00000   0.00000   159.77444;
 0.00000   0.00000   0.00000   1.00000;
--------------------
INFO: set hdr.hist.orient to -1
mpr2mni305 talsrcimg
Fri Mar 13 05:28:12 CET 2026
/opt/freesurfer/bin/mpr2mni305 talsrcimg
mpr2mni305 7.3.2
target=711-2C_as_mni_average_305

---------------------------------------------------------------------
analyzeto4dfp talsrcimg -O0 -y
---------------------------------------------------------------------

freesurfer ifh2hdr.c
Fri Mar 13 05:28:12 2026
Writing: talsrcimg.4dfp.hdr
freesurfer analyzeto4dfp.c
Reading: talsrcimg.hdr
header size 348 bytes
hdr.dime.datatype	offset=70	value=2
hdr.dime.bitpix		offset=72	value=8
hdr.hist.orient		offset=252	value=-1
dimensionality     4
dimensions       256       256       256         1
Reading: talsrcimg.img
Writing: talsrcimg.4dfp.img
Writing: talsrcimg.4dfp.ifh
ifh2hdr talsrcimg -r0to255
ori=2

---------------------------------------------------------------------
gauss_4dfp talsrcimg 1.1
---------------------------------------------------------------------

freesurfer gauss_4dfp.c
Reading: talsrcimg.4dfp.img
Writing: talsrcimg_g11.4dfp.img
image dimensions 256 256 256 padded to 288 288 288
processing volume 1freesurfer ifh2hdr.c
Fri Mar 13 05:28:13 2026
Writing: talsrcimg_g11.4dfp.hdr

Writing: talsrcimg_g11.4dfp.ifh
including: talsrcimg.4dfp.img.rec in talsrcimg_g11.4dfp.img.rec

---------------------------------------------------------------------
imgreg_4dfp /opt/freesurfer/average/711-2C_as_mni_average_305 none talsrcimg_g11 none talsrcimg_to_711-2C_as_mni_average_305_t4 4355
---------------------------------------------------------------------

freesurfer imgreg_4dfp.c
/opt/freesurfer/average/711-2C_as_mni_average_305.4dfp.img
       256       256       256         1
  1.000000  1.000000  1.000000
orientation T byte_order littleendian
Reading image: /opt/freesurfer/average/711-2C_as_mni_average_305.4dfp.img
dimensions:      256       256       256
mmppix:       1.0000   -1.0000   -1.0000
center:     128.0000 -129.0000 -129.0000
talsrcimg_g11.4dfp.img
       256       256       256         1
  1.000000  1.000000  1.000000
orientation T byte_order littleendian
Reading image: talsrcimg_g11.4dfp.img
dimensions:      256       256       256
mmppix:       1.0000   -1.0000   -1.0000
center:     128.0000 -129.0000 -129.0000
t4_read: open error in t4_sub.f l:  41 t4_file(1:l)talsrcimg_to_711-2C_as_mni_average_305_t4 
t4_read: transform initialized to I4
rotation matrix determinant  1.000000
image alignment mode   4355 decimal     1103 hex
   -7.5000  -45.0000  -45.0000 6765.3452   12.5916
    0.0000  -45.0000  -45.0000 7092.5244   12.5954
    7.5000  -45.0000  -45.0000 6767.0088   12.5504
   -7.5000  -37.5000  -45.0000 7284.8477   12.4690
    0.0000  -37.5000  -45.0000 7626.6011   12.4725
    7.5000  -37.5000  -45.0000 7287.0107   12.4309
   -7.5000  -30.0000  -45.0000 8155.0088   12.4591
    0.0000  -30.0000  -45.0000 8517.5195   12.4593
    7.5000  -30.0000  -45.0000 8136.0781   12.4184
   -7.5000  -22.5000  -45.0000 9064.1680   12.4474
    0.0000  -22.5000  -45.0000 9471.6621   12.4454
    7.5000  -22.5000  -45.0000 9045.3613   12.4024
   -7.5000  -15.0000  -45.0000 9867.3428   12.4351
    0.0000  -15.0000  -45.000010314.2637   12.4341
    7.5000  -15.0000  -45.0000 9847.8389   12.3887
   -7.5000   -7.5000  -45.000010578.6211   12.4329
    0.0000   -7.5000  -45.000011085.7461   12.4342
    7.5000   -7.5000  -45.000010557.8115   12.3883
   -7.5000    0.0000  -45.000011210.7686   12.4413
    0.0000    0.0000  -45.000011740.9766   12.4450
    7.5000    0.0000  -45.000011178.7188   12.4010
   -7.5000    7.5000  -45.000011022.1035   12.4553
    0.0000    7.5000  -45.000011532.2627   12.4587
    7.5000    7.5000  -45.000010982.1846   12.4173
   -7.5000   15.0000  -45.000010793.2324   12.4591
    0.0000   15.0000  -45.000011303.0537   12.4593
    7.5000   15.0000  -45.000010747.4355   12.4184
   -7.5000   22.5000  -45.000010588.8125   12.4457
    0.0000   22.5000  -45.000011089.3848   12.4437
    7.5000   22.5000  -45.000010547.3818   12.4007
   -7.5000   30.0000  -45.000010170.2520   12.2694
    0.0000   30.0000  -45.000010642.1328   12.2684
    7.5000   30.0000  -45.000010109.5664   12.2236
   -7.5000   37.5000  -45.0000 9734.4111   12.2672
    0.0000   37.5000  -45.000010172.3184   12.2685
    7.5000   37.5000  -45.0000 9653.6533   12.2232
   -7.5000   45.0000  -45.0000 8904.8857   11.9638
    0.0000   45.0000  -45.0000 9316.4434   11.9673
    7.5000   45.0000  -45.0000 8839.5254   11.9250
   -7.5000  -45.0000  -37.5000 7233.8467   12.4916
    0.0000  -45.0000  -37.5000 7569.6484   12.4973
    7.5000  -45.0000  -37.5000 7243.4697   12.4557
   -7.5000  -37.5000  -37.5000 7816.8306   12.3757
    0.0000  -37.5000  -37.5000 8168.6621   12.3790
    7.5000  -37.5000  -37.5000 7809.6777   12.3406
   -7.5000  -30.0000  -37.5000 8771.8623   12.3726
    0.0000  -30.0000  -37.5000 9159.9805   12.3735
    7.5000  -30.0000  -37.5000 8744.8076   12.3365
   -7.5000  -22.5000  -37.5000 9743.8701   12.3631
    0.0000  -22.5000  -37.500010166.7812   12.3645
    7.5000  -22.5000  -37.5000 9710.4131   12.3263
   -7.5000  -15.0000  -37.500010595.0664   12.3463
    0.0000  -15.0000  -37.500011069.1924   12.3506
    7.5000  -15.0000  -37.500010556.3271   12.3101
   -7.5000   -7.5000  -37.500011346.2695   12.3374
    0.0000   -7.5000  -37.500011879.7422   12.3433
    7.5000   -7.5000  -37.500011316.9102   12.3015
   -7.5000    0.0000  -37.500012050.9980   12.3436
    0.0000    0.0000  -37.500012603.5869   12.3491
    7.5000    0.0000  -37.500012006.9170   12.3083
   -7.5000    7.5000  -37.500011812.7158   12.3621
    0.0000    7.5000  -37.500012356.2236   12.3654
    7.5000    7.5000  -37.500011769.8760   12.3270
   -7.5000   15.0000  -37.500011534.1523   12.3726
    0.0000   15.0000  -37.500012072.6689   12.3735
    7.5000   15.0000  -37.500011479.7578   12.3364
   -7.5000   22.5000  -37.500011281.7656   12.3614
    0.0000   22.5000  -37.500011816.8135   12.3628
    7.5000   22.5000  -37.500011232.8447   12.3246
   -7.5000   30.0000  -37.500010804.7061   12.1818
    0.0000   30.0000  -37.500011301.0576   12.1860
    7.5000   30.0000  -37.500010734.8438   12.1460
   -7.5000   37.5000  -37.500010314.8760   12.1730
    0.0000   37.5000  -37.500010765.5684   12.1788
    7.5000   37.5000  -37.500010235.5762   12.1375
   -7.5000   45.0000  -37.5000 9428.5586   11.8699
    0.0000   45.0000  -37.5000 9840.7773   11.8751
    7.5000   45.0000  -37.5000 9363.9297   11.8359
   -7.5000  -45.0000  -30.0000 7873.8579   12.9722
    0.0000  -45.0000  -30.0000 8228.7285   12.9809
    7.5000  -45.0000  -30.0000 7864.8271   12.9420
   -7.5000  -37.5000  -30.0000 8525.8369   12.8507
    0.0000  -37.5000  -30.0000 8894.1787   12.8547
    7.5000  -37.5000  -30.0000 8481.0557   12.8197
   -7.5000  -30.0000  -30.0000 9563.6289   12.8486
    0.0000  -30.0000  -30.0000 9975.3086   12.8493
    7.5000  -30.0000  -30.0000 9503.0664   12.8163
   -7.5000  -22.5000  -30.000010601.2549   12.8424
    0.0000  -22.5000  -30.000011059.3311   12.8450
    7.5000  -22.5000  -30.000010555.1396   12.8107
   -7.5000  -15.0000  -30.000011529.7822   12.8266
    0.0000  -15.0000  -30.000012041.0820   12.8343
    7.5000  -15.0000  -30.000011481.1992   12.7969
   -7.5000   -7.5000  -30.000012349.4609   12.8155
    0.0000   -7.5000  -30.000012910.3867   12.8259
    7.5000   -7.5000  -30.000012298.0576   12.7864
   -7.5000    0.0000  -30.000013116.4746   12.8193
    0.0000    0.0000  -30.000013695.8086   12.8277
    7.5000    0.0000  -30.000013060.2227   12.7895
   -7.5000    7.5000  -30.000012830.7285   12.8365
    0.0000    7.5000  -30.000013398.8535   12.8405
    7.5000    7.5000  -30.000012771.2021   12.8056
   -7.5000   15.0000  -30.000012492.6299   12.8486
    0.0000   15.0000  -30.000013041.6807   12.8493
    7.5000   15.0000  -30.000012419.3799   12.8163
   -7.5000   22.5000  -30.000012206.5127   12.8393
    0.0000   22.5000  -30.000012748.6963   12.8419
    7.5000   22.5000  -30.000012140.6465   12.8076
   -7.5000   30.0000  -30.000011642.8223   12.6569
    0.0000   30.0000  -30.000012152.8662   12.6645
    7.5000   30.0000  -30.000011582.2236   12.6275
   -7.5000   37.5000  -30.000011106.2246   12.6460
    0.0000   37.5000  -30.000011552.9072   12.6562
    7.5000   37.5000  -30.000011038.5029   12.6172
   -7.5000   45.0000  -30.000010134.6807   12.3363
    0.0000   45.0000  -30.000010558.6738   12.3444
    7.5000   45.0000  -30.000010087.8232   12.3076
   -7.5000  -45.0000  -22.5000 8564.6602   13.4091
    0.0000  -45.0000  -22.5000 8948.4688   13.4193
    7.5000  -45.0000  -22.5000 8541.4326   13.3806
   -7.5000  -37.5000  -22.5000 9273.0449   13.2760
    0.0000  -37.5000  -22.5000 9666.1230   13.2809
    7.5000  -37.5000  -22.5000 9216.4033   13.2472
   -7.5000  -30.0000  -22.500010393.1738   13.2659
    0.0000  -30.0000  -22.500010839.0645   13.2658
    7.5000  -30.0000  -22.500010325.3174   13.2340
   -7.5000  -22.5000  -22.500011520.9141   13.2602
    0.0000  -22.5000  -22.500012027.2793   13.2606
    7.5000  -22.5000  -22.500011462.1738   13.2264
   -7.5000  -15.0000  -22.500012519.0273   13.2514
    0.0000  -15.0000  -22.500013068.9121   13.2577
    7.5000  -15.0000  -22.500012450.3135   13.2193
   -7.5000   -7.5000  -22.500013405.8047   13.2473
    0.0000   -7.5000  -22.500014016.9619   13.2579
    7.5000   -7.5000  -22.500013333.4404   13.2176
   -7.5000    0.0000  -22.500014230.2256   13.2516
    0.0000    0.0000  -22.500014858.0508   13.2613
    7.5000    0.0000  -22.500014141.7119   13.2234
   -7.5000    7.5000  -22.500013869.8428   13.2614
    0.0000    7.5000  -22.500014490.7197   13.2662
    7.5000    7.5000  -22.500013801.8145   13.2327
   -7.5000   15.0000  -22.500013465.4883   13.2659
    0.0000   15.0000  -22.500014053.2812   13.2657
    7.5000   15.0000  -22.500013403.1875   13.2340
   -7.5000   22.5000  -22.500013167.5898   13.2561
    0.0000   22.5000  -22.500013727.8164   13.2565
    7.5000   22.5000  -22.500013088.1641   13.2223
   -7.5000   30.0000  -22.500012514.6924   13.0781
    0.0000   30.0000  -22.500013018.5479   13.0843
    7.5000   30.0000  -22.500012415.7227   13.0464
   -7.5000   37.5000  -22.500011907.8984   13.0741
    0.0000   37.5000  -22.500012361.3223   13.0845
    7.5000   37.5000  -22.500011837.4756   13.0447
   -7.5000   45.0000  -22.500010858.6641   12.7619
    0.0000   45.0000  -22.500011293.9521   12.7713
    7.5000   45.0000  -22.500010841.1348   12.7348
   -7.5000  -45.0000  -15.0000 9277.0742   13.7280
    0.0000  -45.0000  -15.0000 9685.6055   13.7371
    7.5000  -45.0000  -15.0000 9239.6621   13.6954
   -7.5000  -37.5000  -15.000010003.4004   13.5863
    0.0000  -37.5000  -15.000010450.7598   13.5920
    7.5000  -37.5000  -15.0000 9970.8203   13.5556
   -7.5000  -30.0000  -15.000011188.5430   13.5684
    0.0000  -30.0000  -15.000011688.2666   13.5677
    7.5000  -30.0000  -15.000011145.6914   13.5326
   -7.5000  -22.5000  -15.000012399.2061   13.5603
    0.0000  -22.5000  -15.000012982.4424   13.5573
    7.5000  -22.5000  -15.000012369.2334   13.5187
   -7.5000  -15.0000  -15.000013509.8896   13.5567
    0.0000  -15.0000  -15.000014154.8154   13.5579
    7.5000  -15.0000  -15.000013456.6602   13.5149
   -7.5000   -7.5000  -15.000014491.0762   13.5601
    0.0000   -7.5000  -15.000015201.9268   13.5668
    7.5000   -7.5000  -15.000014421.1426   13.5226
   -7.5000    0.0000  -15.000015351.3916   13.5669
    0.0000    0.0000  -15.000016076.4844   13.5757
    7.5000    0.0000  -15.000015256.4639   13.5348
   -7.5000    7.5000  -15.000014905.7490   13.5715
    0.0000    7.5000  -15.000015613.4297   13.5771
    7.5000    7.5000  -15.000014850.8232   13.5408
   -7.5000   15.0000  -15.000014481.8359   13.5684
    0.0000   15.0000  -15.000015130.3369   13.5677
    7.5000   15.0000  -15.000014421.5771   13.5325
   -7.5000   22.5000  -15.000014147.7783   13.5555
    0.0000   22.5000  -15.000014777.9766   13.5525
    7.5000   22.5000  -15.000014067.5879   13.5139
   -7.5000   30.0000  -15.000013395.9463   13.3812
    0.0000   30.0000  -15.000013934.9316   13.3825
    7.5000   30.0000  -15.000013307.1602   13.3400
   -7.5000   37.5000  -15.000012759.5254   13.3846
    0.0000   37.5000  -15.000013230.4824   13.3912
    7.5000   37.5000  -15.000012680.5400   13.3476
   -7.5000   45.0000  -15.000011605.7490   13.0734
    0.0000   45.0000  -15.000012059.4531   13.0819
    7.5000   45.0000  -15.000011598.0010   13.0425
   -7.5000  -45.0000   -7.500010011.1338   13.8973
    0.0000  -45.0000   -7.500010461.2021   13.9035
    7.5000  -45.0000   -7.5000 9980.1152   13.8571
   -7.5000  -37.5000   -7.500010787.0996   13.7563
    0.0000  -37.5000   -7.500011277.7207   13.7616
    7.5000  -37.5000   -7.500010764.3291   13.7198
   -7.5000  -30.0000   -7.500012019.9238   13.7383
    0.0000  -30.0000   -7.500012586.0488   13.7381
    7.5000  -30.0000   -7.500012011.7783   13.6970
   -7.5000  -22.5000   -7.500013303.1367   13.7268
    0.0000  -22.5000   -7.500013965.4219   13.7228
    7.5000  -22.5000   -7.500013295.3330   13.6784
   -7.5000  -15.0000   -7.500014531.2012   13.7207
    0.0000  -15.0000   -7.500015301.0459   13.7184
    7.5000  -15.0000   -7.500014531.9316   13.6704
   -7.5000   -7.5000   -7.500015636.5430   13.7247
    0.0000   -7.5000   -7.500016456.6426   13.7268
    7.5000   -7.5000   -7.500015609.8076   13.6783
   -7.5000    0.0000   -7.500016516.9727   13.7338
    0.0000    0.0000   -7.500017389.5117   13.7397
    7.5000    0.0000   -7.500016460.7480   13.6943
   -7.5000    7.5000   -7.500015977.0898   13.7413
    0.0000    7.5000   -7.500016820.8965   13.7466
    7.5000    7.5000   -7.500015999.1543   13.7049
   -7.5000   15.0000   -7.500015518.2031   13.7383
    0.0000   15.0000   -7.500016313.7861   13.7381
    7.5000   15.0000   -7.500015539.9873   13.6970
   -7.5000   22.5000   -7.500015164.3369   13.7205
    0.0000   22.5000   -7.500015896.8213   13.7165
    7.5000   22.5000   -7.500015144.9189   13.6721
   -7.5000   30.0000   -7.500014291.9746   13.5428
    0.0000   30.0000   -7.500014915.7939   13.5405
    7.5000   30.0000   -7.500014250.3193   13.4931
   -7.5000   37.5000   -7.500013642.4365   13.5467
    0.0000   37.5000   -7.500014180.5469   13.5488
    7.5000   37.5000   -7.500013594.8984   13.5009
   -7.5000   45.0000   -7.500012426.1777   13.2368
    0.0000   45.0000   -7.500012929.0938   13.2425
    7.5000   45.0000   -7.500012424.8750   13.1987
   -7.5000  -45.0000    0.000010669.9102   13.9382
    0.0000  -45.0000    0.000011140.2451   13.9424
    7.5000  -45.0000    0.000010644.3428   13.8936
   -7.5000  -37.5000    0.000011500.7793   13.8040
    0.0000  -37.5000    0.000012002.7012   13.8080
    7.5000  -37.5000    0.000011501.7217   13.7629
   -7.5000  -30.0000    0.000012791.7832   13.7926
    0.0000  -30.0000    0.000013383.6133   13.7931
    7.5000  -30.0000    0.000012811.4785   13.7488
   -7.5000  -22.5000    0.000014112.3086   13.7790
    0.0000  -22.5000    0.000014824.8975   13.7772
    7.5000  -22.5000    0.000014137.6309   13.7308
   -7.5000  -15.0000    0.000015431.3477   13.7655
    0.0000  -15.0000    0.000016272.6045   13.7646
    7.5000  -15.0000    0.000015438.3574   13.7154
   -7.5000   -7.5000    0.000016688.4590   13.7637
    0.0000   -7.5000    0.000017643.2207   13.7653
    7.5000   -7.5000    0.000016702.0000   13.7155
   -7.5000    0.0000    0.000017598.5703   13.7736
    0.0000    0.0000    0.000018696.0020   13.7777
    7.5000    0.0000    0.000017671.7188   13.7299
   -7.5000    7.5000    0.000016912.1309   13.7890
    0.0000    7.5000    0.000017984.1523   13.7929
    7.5000    7.5000    0.000017147.8301   13.7479
   -7.5000   15.0000    0.000016364.6475   13.7925
    0.0000   15.0000    0.000017328.6172   13.7931
    7.5000   15.0000    0.000016597.7383   13.7488
   -7.5000   22.5000    0.000016037.2559   13.7727
    0.0000   22.5000    0.000016897.4746   13.7709
    7.5000   22.5000    0.000016141.6885   13.7244
   -7.5000   30.0000    0.000015082.4219   13.5873
    0.0000   30.0000    0.000015843.3262   13.5865
    7.5000   30.0000    0.000015128.8213   13.5379
   -7.5000   37.5000    0.000014442.1035   13.5856
    0.0000   37.5000    0.000015116.0244   13.5871
    7.5000   37.5000    0.000014430.1943   13.5380
   -7.5000   45.0000    0.000013209.9990   13.2762
    0.0000   45.0000    0.000013800.3438   13.2801
    7.5000   45.0000    0.000013178.6924   13.2340
   -7.5000  -45.0000    7.500010451.9736   13.9392
    0.0000  -45.0000    7.500010930.3398   13.9455
    7.5000  -45.0000    7.500010482.9805   13.8991
   -7.5000  -37.5000    7.500011261.5059   13.8106
    0.0000  -37.5000    7.500011777.5518   13.8142
    7.5000  -37.5000    7.500011307.8086   13.7714
   -7.5000  -30.0000    7.500012519.6328   13.8072
    0.0000  -30.0000    7.500013140.1611   13.8081
    7.5000  -30.0000    7.500012595.7021   13.7669
   -7.5000  -22.5000    7.500013794.0420   13.7962
    0.0000  -22.5000    7.500014512.8428   13.7977
    7.5000  -22.5000    7.500013872.2871   13.7552
   -7.5000  -15.0000    7.500015053.4580   13.7772
    0.0000  -15.0000    7.500015879.3418   13.7818
    7.5000  -15.0000    7.500015132.9590   13.7367
   -7.5000   -7.5000    7.500016369.4561   13.7672
    0.0000   -7.5000    7.500017495.1543   13.7737
    7.5000   -7.5000    7.500016412.7832   13.7271
   -7.5000    0.0000    7.500017408.5977   13.7745
    0.0000    0.0000    7.500018762.9277   13.7805
    7.5000    0.0000    7.500017546.1992   13.7351
   -7.5000    7.5000    7.500016743.7793   13.7954
    0.0000    7.5000    7.500018048.6465   13.7990
    7.5000    7.5000    7.500017151.6387   13.7563
   -7.5000   15.0000    7.500016152.7539   13.8072
    0.0000   15.0000    7.500017330.8242   13.8081
    7.5000   15.0000    7.500016531.7969   13.7668
   -7.5000   22.5000    7.500015727.8242   13.7899
    0.0000   22.5000    7.500016785.5645   13.7914
    7.5000   22.5000    7.500015929.0098   13.7489
   -7.5000   30.0000    7.500014745.4590   13.5989
    0.0000   30.0000    7.500015672.8809   13.6035
    7.5000   30.0000    7.500014809.5332   13.5589
   -7.5000   37.5000    7.500014171.3887   13.5890
    0.0000   37.5000    7.500014944.2461   13.5954
    7.5000   37.5000    7.500014090.9092   13.5494
   -7.5000   45.0000    7.500012974.5225   13.2771
    0.0000   45.0000    7.500013612.0059   13.2829
    7.5000   45.0000    7.500012895.1680   13.2391
   -7.5000  -45.0000   15.000010100.4463   13.9298
    0.0000  -45.0000   15.000010579.1357   13.9392
    7.5000  -45.0000   15.000010173.7803   13.8974
   -7.5000  -37.5000   15.000010918.7754   13.7994
    0.0000  -37.5000   15.000011411.5459   13.8036
    7.5000  -37.5000   15.000010996.4453   13.7660
   -7.5000  -30.0000   15.000012150.9785   13.7972
    0.0000  -30.0000   15.000012719.1035   13.7979
    7.5000  -30.0000   15.000012256.9580   13.7624
   -7.5000  -22.5000   15.000013373.8447   13.7905
    0.0000  -22.5000   15.000014058.5146   13.7932
    7.5000  -22.5000   15.000013500.7637   13.7564
   -7.5000  -15.0000   15.000014604.6055   13.7735
    0.0000  -15.0000   15.000015540.8643   13.7818
    7.5000  -15.0000   15.000014710.0762   13.7416
   -7.5000   -7.5000   15.000015802.7510   13.7616
    0.0000   -7.5000   15.000017084.9375   13.7727
    7.5000   -7.5000   15.000015870.2979   13.7303
   -7.5000    0.0000   15.000016821.7539   13.7657
    0.0000    0.0000   15.000018320.3770   13.7747
    7.5000    0.0000   15.000016883.9668   13.7336
   -7.5000    7.5000   15.000016452.5469   13.7842
    0.0000    7.5000   15.000017948.0391   13.7884
    7.5000    7.5000   15.000016630.5488   13.7509
   -7.5000   15.0000   15.000015937.5420   13.7972
    0.0000   15.0000   15.000017260.4609   13.7979
    7.5000   15.0000   15.000016075.6133   13.7624
   -7.5000   22.5000   15.000015351.1836   13.7841
    0.0000   22.5000   15.000016462.2676   13.7869
    7.5000   22.5000   15.000015383.7236   13.7500
   -7.5000   30.0000   15.000014203.8398   13.5953
    0.0000   30.0000   15.000015128.8662   13.6034
    7.5000   30.0000   15.000014196.9297   13.5637
   -7.5000   37.5000   15.000013578.9014   13.5835
    0.0000   37.5000   15.000014334.5342   13.5945
    7.5000   37.5000   15.000013490.7305   13.5526
   -7.5000   45.0000   15.000012473.4600   13.2685
    0.0000   45.0000   15.000013083.7812   13.2772
    7.5000   45.0000   15.000012393.7949   13.2376
   -7.5000  -45.0000   22.5000 9627.0791   13.9198
    0.0000  -45.0000   22.500010114.8662   13.9303
    7.5000  -45.0000   22.5000 9714.2803   13.8901
   -7.5000  -37.5000   22.500010381.2920   13.7816
    0.0000  -37.5000   22.500010907.7314   13.7866
    7.5000  -37.5000   22.500010467.5176   13.7517
   -7.5000  -30.0000   22.500011545.4365   13.7711
    0.0000  -30.0000   22.500012145.9043   13.7710
    7.5000  -30.0000   22.500011638.0479   13.7380
   -7.5000  -22.5000   22.500012722.4717   13.7652
    0.0000  -22.5000   22.500013476.8486   13.7656
    7.5000  -22.5000   22.500012829.1152   13.7301
   -7.5000  -15.0000   22.500013884.1582   13.7561
    0.0000  -15.0000   22.500014828.2139   13.7626
    7.5000  -15.0000   22.500013971.4424   13.7227
   -7.5000   -7.5000   22.500014925.3027   13.7518
    0.0000   -7.5000   22.500016036.6211   13.7628
    7.5000   -7.5000   22.500015006.3311   13.7209
   -7.5000    0.0000   22.500015783.2012   13.7562
    0.0000    0.0000   22.500016932.2754   13.7664
    7.5000    0.0000   22.500015882.9434   13.7270
   -7.5000    7.5000   22.500015484.9688   13.7664
    0.0000    7.5000   22.500016634.9805   13.7715
    7.5000    7.5000   22.500015605.5283   13.7366
   -7.5000   15.0000   22.500015085.5742   13.7711
    0.0000   15.0000   22.500016180.9990   13.7709
    7.5000   15.0000   22.500015208.3008   13.7380
   -7.5000   22.5000   22.500014558.7949   13.7588
    0.0000   22.5000   22.500015518.5977   13.7593
    7.5000   22.5000   22.500014622.4707   13.7237
   -7.5000   30.0000   22.500013450.5361   13.5781
    0.0000   30.0000   22.500014267.0596   13.5845
    7.5000   30.0000   22.500013478.0293   13.5451
   -7.5000   37.5000   22.500012847.5098   13.5739
    0.0000   37.5000   22.500013561.5713   13.5847
    7.5000   37.5000   22.500012821.0898   13.5434
   -7.5000   45.0000   22.500011842.5400   13.2594
    0.0000   45.0000   22.500012463.6436   13.2692
    7.5000   45.0000   22.500011798.7715   13.2312
   -7.5000  -45.0000   30.0000 9025.5371   13.9177
    0.0000  -45.0000   30.0000 9481.3223   13.9269
    7.5000  -45.0000   30.0000 9079.3223   13.8846
   -7.5000  -37.5000   30.0000 9736.3242   13.7740
    0.0000  -37.5000   30.000010193.2383   13.7798
    7.5000  -37.5000   30.0000 9769.9668   13.7429
   -7.5000  -30.0000   30.000010822.7217   13.7559
    0.0000  -30.0000   30.000011326.2520   13.7551
    7.5000  -30.0000   30.000010862.5410   13.7195
   -7.5000  -22.5000   30.000011901.6465   13.7476
    0.0000  -22.5000   30.000012495.2969   13.7446
    7.5000  -22.5000   30.000011968.1602   13.7054
   -7.5000  -15.0000   30.000012937.2412   13.7439
    0.0000  -15.0000   30.000013610.4951   13.7452
    7.5000  -15.0000   30.000013011.5459   13.7016
   -7.5000   -7.5000   30.000013860.0068   13.7474
    0.0000   -7.5000   30.000014592.0010   13.7542
    7.5000   -7.5000   30.000013950.0693   13.7095
   -7.5000    0.0000   30.000014649.9238   13.7543
    0.0000    0.0000   30.000015392.2520   13.7632
    7.5000    0.0000   30.000014765.4912   13.7218
   -7.5000    7.5000   30.000014377.4346   13.7590
    0.0000    7.5000   30.000015147.4336   13.7647
    7.5000    7.5000   30.000014489.2080   13.7279
   -7.5000   15.0000   30.000014018.6016   13.7558
    0.0000   15.0000   30.000014790.6719   13.7551
    7.5000   15.0000   30.000014123.4941   13.7195
   -7.5000   22.5000   30.000013554.9375   13.7413
    0.0000   22.5000   30.000014307.9355   13.7382
    7.5000   22.5000   30.000013636.2871   13.6991
   -7.5000   30.0000   30.000012534.0186   13.5661
    0.0000   30.0000   30.000013215.9766   13.5673
    7.5000   30.0000   30.000012596.4980   13.5243
   -7.5000   37.5000   30.000011960.9043   13.5695
    0.0000   37.5000   30.000012599.0479   13.5762
    7.5000   37.5000   30.000011996.2959   13.5321
   -7.5000   45.0000   30.000011020.2998   13.2576
    0.0000   45.0000   30.000011594.1758   13.2662
    7.5000   45.0000   30.000011023.4922   13.2262
   -7.5000  -45.0000   37.5000 8777.5244   14.0409
    0.0000  -45.0000   37.5000 9142.3506   14.0477
    7.5000  -45.0000   37.5000 8774.6445   14.0008
   -7.5000  -37.5000   37.5000 9449.4541   13.8974
    0.0000  -37.5000   37.5000 9818.8330   13.9031
    7.5000  -37.5000   37.5000 9441.1475   13.8609
   -7.5000  -30.0000   37.500010472.1289   13.8789
    0.0000  -30.0000   37.500010890.8955   13.8790
    7.5000  -30.0000   37.500010472.4600   13.8374
   -7.5000  -22.5000   37.500011490.0166   13.8669
    0.0000  -22.5000   37.500011964.5410   13.8631
    7.5000  -22.5000   37.500011506.8555   13.8182
   -7.5000  -15.0000   37.500012465.1328   13.8606
    0.0000  -15.0000   37.500012982.8184   13.8585
    7.5000  -15.0000   37.500012467.7383   13.8100
   -7.5000   -7.5000   37.500013321.4072   13.8648
    0.0000   -7.5000   37.500013897.4033   13.8674
    7.5000   -7.5000   37.500013356.6025   13.8184
   -7.5000    0.0000   37.500014097.3115   13.8744
    0.0000    0.0000   37.500014701.6455   13.8808
    7.5000    0.0000   37.500014165.3926   13.8350
   -7.5000    7.5000   37.500013842.0527   13.8821
    0.0000    7.5000   37.500014492.6592   13.8879
    7.5000    7.5000   37.500013908.3086   13.8458
   -7.5000   15.0000   37.500013503.2021   13.8788
    0.0000   15.0000   37.500014165.3398   13.8790
    7.5000   15.0000   37.500013549.6318   13.8374
   -7.5000   22.5000   37.500013042.8740   13.8605
    0.0000   22.5000   37.500013697.8125   13.8567
    7.5000   22.5000   37.500013081.7207   13.8118
   -7.5000   30.0000   37.500012084.7090   13.6812
    0.0000   30.0000   37.500012698.0898   13.6792
    7.5000   30.0000   37.500012107.6582   13.6313
   -7.5000   37.5000   37.500011530.9609   13.6854
    0.0000   37.5000   37.500012122.5303   13.6879
    7.5000   37.5000   37.500011545.9229   13.6396
   -7.5000   45.0000   37.500010585.3379   13.3733
    0.0000   45.0000   37.500011102.4658   13.3795
    7.5000   45.0000   37.500010573.9316   13.3354
   -7.5000  -45.0000   45.0000 8159.2861   14.2352
    0.0000  -45.0000   45.0000 8482.6719   14.2403
    7.5000  -45.0000   45.0000 8139.8911   14.1892
   -7.5000  -37.5000   45.0000 8771.2080   14.0972
    0.0000  -37.5000   45.0000 9103.0381   14.1017
    7.5000  -37.5000   45.0000 8743.0010   14.0547
   -7.5000  -30.0000   45.0000 9716.4062   14.0879
    0.0000  -30.0000   45.000010071.7070   14.0886
    7.5000  -30.0000   45.0000 9687.6387   14.0424
   -7.5000  -22.5000   45.000010634.6641   14.0739
    0.0000  -22.5000   45.000011032.6475   14.0719
    7.5000  -22.5000   45.000010612.3018   14.0233
   -7.5000  -15.0000   45.000011510.3398   14.0569
    0.0000  -15.0000   45.000011935.7490   14.0561
    7.5000  -15.0000   45.000011479.8008   14.0045
   -7.5000   -7.5000   45.000012270.1650   14.0522
    0.0000   -7.5000   45.000012735.2578   14.0542
    7.5000   -7.5000   45.000012271.7480   14.0020
   -7.5000    0.0000   45.000012954.8369   14.0625
    0.0000    0.0000   45.000013461.3447   14.0673
    7.5000    0.0000   45.000012985.4277   14.0174
   -7.5000    7.5000   45.000012717.1240   14.0813
    0.0000    7.5000   45.000013263.8848   14.0859
    7.5000    7.5000   45.000012768.8896   14.0390
   -7.5000   15.0000   45.000012409.4111   14.0879
    0.0000   15.0000   45.000012977.9141   14.0886
    7.5000   15.0000   45.000012468.2783   14.0424
   -7.5000   22.5000   45.000011981.3232   14.0674
    0.0000   22.5000   45.000012533.8213   14.0654
    7.5000   22.5000   45.000012042.0938   14.0168
   -7.5000   30.0000   45.000011095.5908   13.8738
    0.0000   30.0000   45.000011596.2080   13.8729
    7.5000   30.0000   45.000011124.6084   13.8221
   -7.5000   37.5000   45.000010605.1934   13.8691
    0.0000   37.5000   45.000011092.9053   13.8711
    7.5000   37.5000   45.000010617.0244   13.8196
   -7.5000   45.0000   45.0000 9728.2559   13.5608
    0.0000   45.0000   45.000010183.9326   13.5654
    7.5000   45.0000   45.0000 9724.3682   13.5173

---------------------------------------------------------------------
imgreg_4dfp /opt/freesurfer/average/711-2C_as_mni_average_305 /opt/freesurfer/average/711-2B_as_mni_average_305_mask talsrcimg_g11 none talsrcimg_to_711-2C_as_mni_average_305_t4 4355
---------------------------------------------------------------------

freesurfer imgreg_4dfp.c
/opt/freesurfer/average/711-2C_as_mni_average_305.4dfp.img
       256       256       256         1
  1.000000  1.000000  1.000000
orientation T byte_order littleendian
Reading image: /opt/freesurfer/average/711-2C_as_mni_average_305.4dfp.img
dimensions:      256       256       256
mmppix:       1.0000   -1.0000   -1.0000
center:     128.0000 -129.0000 -129.0000
/opt/freesurfer/average/711-2B_as_mni_average_305_mask.4dfp.img
       256       256       256         1
  1.000000  1.000000  1.000000
orientation T byte_order littleendian
Reading mask: /opt/freesurfer/average/711-2B_as_mni_average_305_mask.4dfp.img (2306576 pixels)
talsrcimg_g11.4dfp.img
       256       256       256         1
  1.000000  1.000000  1.000000
orientation T byte_order littleendian
Reading image: talsrcimg_g11.4dfp.img
dimensions:      256       256       256
mmppix:       1.0000   -1.0000   -1.0000
center:     128.0000 -129.0000 -129.0000
rotation matrix determinant  1.000000
image alignment mode   4355 decimal     1103 hex
   -7.5000  -45.0000  -37.5000 2025.0800   17.4120
    0.0000  -45.0000  -37.5000 2034.1755   17.5357
    7.5000  -45.0000  -37.5000 2023.9320   17.6699
   -7.5000  -37.5000  -37.5000 2134.7004   15.7414
    0.0000  -37.5000  -37.5000 2143.6609   15.8249
    7.5000  -37.5000  -37.5000 2126.6267   15.9146
   -7.5000  -30.0000  -37.5000 2234.0725   14.4291
    0.0000  -30.0000  -37.5000 2239.0903   14.4971
    7.5000  -30.0000  -37.5000 2220.2393   14.5471
   -7.5000  -22.5000  -37.5000 2327.1948   13.4084
    0.0000  -22.5000  -37.5000 2332.8848   13.4409
    7.5000  -22.5000  -37.5000 2315.1287   13.5122
   -7.5000  -15.0000  -37.5000 2380.2820   12.6909
    0.0000  -15.0000  -37.5000 2384.6965   12.6786
    7.5000  -15.0000  -37.5000 2363.9116   12.7603
   -7.5000   -7.5000  -37.5000 2411.2224   12.2313
    0.0000   -7.5000  -37.5000 2415.0420   12.2080
    7.5000   -7.5000  -37.5000 2391.0952   12.3331
   -7.5000    0.0000  -37.5000 2421.6294   11.9524
    0.0000    0.0000  -37.5000 2421.0408   11.9322
    7.5000    0.0000  -37.5000 2400.5007   12.0626
   -7.5000    7.5000  -37.5000 2420.6057   11.8400
    0.0000    7.5000  -37.5000 2421.2915   11.8085
    7.5000    7.5000  -37.5000 2402.7625   11.9781
   -7.5000   15.0000  -37.5000 2407.9583   11.9800
    0.0000   15.0000  -37.5000 2414.2390   11.9574
    7.5000   15.0000  -37.5000 2388.2275   12.1440
   -7.5000   22.5000  -37.5000 2385.7573   12.3911
    0.0000   22.5000  -37.5000 2389.3628   12.3637
    7.5000   22.5000  -37.5000 2365.1421   12.5676
   -7.5000   30.0000  -37.5000 2346.0134   13.0445
    0.0000   30.0000  -37.5000 2348.3020   13.0457
    7.5000   30.0000  -37.5000 2318.2969   13.2460
   -7.5000   37.5000  -37.5000 2282.0845   13.9972
    0.0000   37.5000  -37.5000 2285.7334   13.9955
    7.5000   37.5000  -37.5000 2256.0491   14.1942
   -7.5000   45.0000  -37.5000 2194.2380   15.2379
    0.0000   45.0000  -37.5000 2199.5979   15.2638
    7.5000   45.0000  -37.5000 2166.7332   15.4603
   -7.5000  -45.0000  -30.0000 2139.4165   16.7290
    0.0000  -45.0000  -30.0000 2149.2634   16.7995
    7.5000  -45.0000  -30.0000 2135.0938   16.8982
   -7.5000  -37.5000  -30.0000 2259.4126   15.1133
    0.0000  -37.5000  -30.0000 2268.6018   15.1239
    7.5000  -37.5000  -30.0000 2246.7148   15.2469
   -7.5000  -30.0000  -30.0000 2362.3398   13.8388
    0.0000  -30.0000  -30.0000 2370.0344   13.8467
    7.5000  -30.0000  -30.0000 2345.5281   13.9419
   -7.5000  -22.5000  -30.0000 2456.8975   12.8446
    0.0000  -22.5000  -30.0000 2468.0461   12.8210
    7.5000  -22.5000  -30.0000 2444.4729   12.9029
   -7.5000  -15.0000  -30.0000 2516.4478   12.0834
    0.0000  -15.0000  -30.0000 2524.5471   12.0488
    7.5000  -15.0000  -30.0000 2501.1064   12.1586
   -7.5000   -7.5000  -30.0000 2558.0750   11.6265
    0.0000   -7.5000  -30.0000 2556.4280   11.5909
    7.5000   -7.5000  -30.0000 2533.2058   11.7362
   -7.5000    0.0000  -30.0000 2573.4558   11.3680
    0.0000    0.0000  -30.0000 2569.7896   11.3262
    7.5000    0.0000  -30.0000 2550.1433   11.4662
   -7.5000    7.5000  -30.0000 2576.2029   11.2293
    0.0000    7.5000  -30.0000 2571.8098   11.1819
    7.5000    7.5000  -30.0000 2555.1365   11.3549
   -7.5000   15.0000  -30.0000 2567.5034   11.3583
    0.0000   15.0000  -30.0000 2571.0061   11.3094
    7.5000   15.0000  -30.0000 2544.8818   11.5092
   -7.5000   22.5000  -30.0000 2544.0142   11.7717
    0.0000   22.5000  -30.0000 2547.5952   11.7192
    7.5000   22.5000  -30.0000 2519.7310   11.9398
   -7.5000   30.0000  -30.0000 2497.3276   12.4370
    0.0000   30.0000  -30.0000 2501.2856   12.4124
    7.5000   30.0000  -30.0000 2467.3569   12.6124
   -7.5000   37.5000  -30.0000 2423.7952   13.3443
    0.0000   37.5000  -30.0000 2429.2419   13.3455
    7.5000   37.5000  -30.0000 2394.0344   13.5486
   -7.5000   45.0000  -30.0000 2326.2327   14.5364
    0.0000   45.0000  -30.0000 2333.9629   14.5653
    7.5000   45.0000  -30.0000 2296.8230   14.7449
   -7.5000  -45.0000  -22.5000 2227.8435   15.9688
    0.0000  -45.0000  -22.5000 2239.1130   15.9933
    7.5000  -45.0000  -22.5000 2220.3223   16.1245
   -7.5000  -37.5000  -22.5000 2356.0088   14.3514
    0.0000  -37.5000  -22.5000 2364.4390   14.3581
    7.5000  -37.5000  -22.5000 2341.7014   14.5210
   -7.5000  -30.0000  -22.5000 2462.0054   13.1227
    0.0000  -30.0000  -22.5000 2469.2363   13.0855
    7.5000  -30.0000  -22.5000 2445.1067   13.2313
   -7.5000  -22.5000  -22.5000 2560.6746   12.1664
    0.0000  -22.5000  -22.5000 2570.9233   12.0888
    7.5000  -22.5000  -22.5000 2549.1516   12.2088
   -7.5000  -15.0000  -22.5000 2626.4314   11.4423
    0.0000  -15.0000  -22.5000 2632.6360   11.3680
    7.5000  -15.0000  -22.5000 2614.1121   11.5038
   -7.5000   -7.5000  -22.5000 2673.4468   10.9533
    0.0000   -7.5000  -22.5000 2674.4751   10.9029
    7.5000   -7.5000  -22.5000 2653.2224   11.0584
   -7.5000    0.0000  -22.5000 2699.1089   10.6731
    0.0000    0.0000  -22.5000 2698.6680   10.6277
    7.5000    0.0000  -22.5000 2678.6736   10.7894
   -7.5000    7.5000  -22.5000 2709.1970   10.5260
    0.0000    7.5000  -22.5000 2705.9297   10.4869
    7.5000    7.5000  -22.5000 2687.7358   10.6567
   -7.5000   15.0000  -22.5000 2705.2554   10.6424
    0.0000   15.0000  -22.5000 2708.8972   10.5768
    7.5000   15.0000  -22.5000 2680.9854   10.7875
   -7.5000   22.5000  -22.5000 2683.2031   11.0825
    0.0000   22.5000  -22.5000 2689.4675   11.0165
    7.5000   22.5000  -22.5000 2656.6587   11.2330
   -7.5000   30.0000  -22.5000 2629.4551   11.7756
    0.0000   30.0000  -22.5000 2633.7263   11.7028
    7.5000   30.0000  -22.5000 2601.4731   11.9201
   -7.5000   37.5000  -22.5000 2544.0281   12.6614
    0.0000   37.5000  -22.5000 2548.7522   12.6162
    7.5000   37.5000  -22.5000 2516.3616   12.8310
   -7.5000   45.0000  -22.5000 2438.1506   13.8244
    0.0000   45.0000  -22.5000 2440.9773   13.7855
    7.5000   45.0000  -22.5000 2411.1162   14.0087
   -7.5000  -45.0000  -15.0000 2288.4841   15.2202
    0.0000  -45.0000  -15.0000 2299.4321   15.1890
    7.5000  -45.0000  -15.0000 2277.4194   15.3494
   -7.5000  -37.5000  -15.0000 2414.7742   13.6309
    0.0000  -37.5000  -15.0000 2426.5095   13.6177
    7.5000  -37.5000  -15.0000 2403.4749   13.7740
   -7.5000  -30.0000  -15.0000 2526.2161   12.4163
    0.0000  -30.0000  -15.0000 2533.9846   12.3881
    7.5000  -30.0000  -15.0000 2511.3628   12.5525
   -7.5000  -22.5000  -15.0000 2627.0981   11.4765
    0.0000  -22.5000  -15.0000 2637.6401   11.4164
    7.5000  -22.5000  -15.0000 2618.6655   11.5668
   -7.5000  -15.0000  -15.0000 2701.7190   10.7774
    0.0000  -15.0000  -15.0000 2712.1770   10.6931
    7.5000  -15.0000  -15.0000 2693.3806   10.8555
   -7.5000   -7.5000  -15.0000 2760.9026   10.3141
    0.0000   -7.5000  -15.0000 2766.0491   10.2530
    7.5000   -7.5000  -15.0000 2744.7314   10.4041
   -7.5000    0.0000  -15.0000 2795.8438   10.0156
    0.0000    0.0000  -15.0000 2801.9590    9.9695
    7.5000    0.0000  -15.0000 2778.0989   10.1198
   -7.5000    7.5000  -15.0000 2812.9268    9.8603
    0.0000    7.5000  -15.0000 2816.1541    9.8175
    7.5000    7.5000  -15.0000 2791.4812    9.9874
   -7.5000   15.0000  -15.0000 2815.7495    9.9847
    0.0000   15.0000  -15.0000 2819.3411    9.8930
    7.5000   15.0000  -15.0000 2793.4189   10.1084
   -7.5000   22.5000  -15.0000 2793.9626   10.4600
    0.0000   22.5000  -15.0000 2799.3606   10.3507
    7.5000   22.5000  -15.0000 2766.3923   10.5522
   -7.5000   30.0000  -15.0000 2733.9226   11.1337
    0.0000   30.0000  -15.0000 2734.3157   11.0330
    7.5000   30.0000  -15.0000 2703.2617   11.2375
   -7.5000   37.5000  -15.0000 2641.4048   12.0116
    0.0000   37.5000  -15.0000 2639.9011   11.9393
    7.5000   37.5000  -15.0000 2606.9023   12.1351
   -7.5000   45.0000  -15.0000 2519.9070   13.1595
    0.0000   45.0000  -15.0000 2521.2017   13.0768
    7.5000   45.0000  -15.0000 2490.7263   13.2923
   -7.5000  -45.0000   -7.5000 2330.2688   14.6055
    0.0000  -45.0000   -7.5000 2342.2957   14.5525
    7.5000  -45.0000   -7.5000 2319.9937   14.7137
   -7.5000  -37.5000   -7.5000 2456.4202   13.0400
    0.0000  -37.5000   -7.5000 2470.4424   13.0215
    7.5000  -37.5000   -7.5000 2449.4258   13.1496
   -7.5000  -30.0000   -7.5000 2565.3669   11.8249
    0.0000  -30.0000   -7.5000 2577.5659   11.8050
    7.5000  -30.0000   -7.5000 2559.6746   11.9238
   -7.5000  -22.5000   -7.5000 2670.1335   10.8929
    0.0000  -22.5000   -7.5000 2685.0435   10.8466
    7.5000  -22.5000   -7.5000 2667.5691   10.9572
   -7.5000  -15.0000   -7.5000 2758.3313   10.1968
    0.0000  -15.0000   -7.5000 2770.6379   10.1443
    7.5000  -15.0000   -7.5000 2752.8953   10.2798
   -7.5000   -7.5000   -7.5000 2827.6643    9.7290
    0.0000   -7.5000   -7.5000 2837.2756    9.6736
    7.5000   -7.5000   -7.5000 2816.7737    9.8352
   -7.5000    0.0000   -7.5000 2874.5327    9.4496
    0.0000    0.0000   -7.5000 2885.9180    9.3831
    7.5000    0.0000   -7.5000 2860.4053    9.5604
   -7.5000    7.5000   -7.5000 2897.8152    9.2843
    0.0000    7.5000   -7.5000 2903.7393    9.2088
    7.5000    7.5000   -7.5000 2879.6558    9.4263
   -7.5000   15.0000   -7.5000 2901.7847    9.4203
    0.0000   15.0000   -7.5000 2907.2131    9.3191
    7.5000   15.0000   -7.5000 2882.9980    9.5437
   -7.5000   22.5000   -7.5000 2874.6885    9.8824
    0.0000   22.5000   -7.5000 2882.1135    9.7775
    7.5000   22.5000   -7.5000 2850.7268    9.9867
   -7.5000   30.0000   -7.5000 2807.0872   10.5547
    0.0000   30.0000   -7.5000 2808.5947   10.4569
    7.5000   30.0000   -7.5000 2779.4150   10.6675
   -7.5000   37.5000   -7.5000 2706.2605   11.4376
    0.0000   37.5000   -7.5000 2708.3237   11.3491
    7.5000   37.5000   -7.5000 2678.7720   11.5557
   -7.5000   45.0000   -7.5000 2577.3948   12.5753
    0.0000   45.0000   -7.5000 2583.3369   12.4718
    7.5000   45.0000   -7.5000 2548.8684   12.7160
   -7.5000  -45.0000    0.0000 2353.1929   14.2076
    0.0000  -45.0000    0.0000 2366.4001   14.1213
    7.5000  -45.0000    0.0000 2347.6121   14.2668
   -7.5000  -37.5000    0.0000 2481.6455   12.6709
    0.0000  -37.5000    0.0000 2493.2219   12.5998
    7.5000  -37.5000    0.0000 2481.4568   12.7591
   -7.5000  -30.0000    0.0000 2591.1497   11.4668
    0.0000  -30.0000    0.0000 2602.8049   11.4049
    7.5000  -30.0000    0.0000 2591.2974   11.5516
   -7.5000  -22.5000    0.0000 2697.7271   10.5109
    0.0000  -22.5000    0.0000 2710.6431   10.4560
    7.5000  -22.5000    0.0000 2700.7502   10.5760
   -7.5000  -15.0000    0.0000 2793.0354    9.7959
    0.0000  -15.0000    0.0000 2804.8862    9.7491
    7.5000  -15.0000    0.0000 2792.8289    9.8624
   -7.5000   -7.5000    0.0000 2873.5972    9.3393
    0.0000   -7.5000    0.0000 2882.2004    9.2831
    7.5000   -7.5000    0.0000 2869.1838    9.4080
   -7.5000    0.0000    0.0000 2934.2825    9.0415
    0.0000    0.0000    0.0000 2946.5081    8.9836
    7.5000    0.0000    0.0000 2923.5464    9.1671
   -7.5000    7.5000    0.0000 2960.8840    8.8634
    0.0000    7.5000    0.0000 2974.8088    8.8034
    7.5000    7.5000    0.0000 2943.0588    9.0707
   -7.5000   15.0000    0.0000 2955.5225    9.0029
    0.0000   15.0000    0.0000 2964.9485    8.9149
    7.5000   15.0000    0.0000 2939.1597    9.2022
   -7.5000   22.5000    0.0000 2926.9883    9.4613
    0.0000   22.5000    0.0000 2934.8218    9.3458
    7.5000   22.5000    0.0000 2904.8979    9.6165
   -7.5000   30.0000    0.0000 2854.1653   10.1551
    0.0000   30.0000    0.0000 2859.7417   10.0437
    7.5000   30.0000    0.0000 2831.3938   10.2848
   -7.5000   37.5000    0.0000 2747.6433   11.0476
    0.0000   37.5000    0.0000 2755.1213   10.9432
    7.5000   37.5000    0.0000 2724.4343   11.2030
   -7.5000   45.0000    0.0000 2618.7515   12.1782
    0.0000   45.0000    0.0000 2625.6731   12.0705
    7.5000   45.0000    0.0000 2590.4583   12.3428
   -7.5000  -45.0000    7.5000 2363.9465   14.0327
    0.0000  -45.0000    7.5000 2371.9766   13.8650
    7.5000  -45.0000    7.5000 2367.3279   14.0472
   -7.5000  -37.5000    7.5000 2490.4548   12.4491
    0.0000  -37.5000    7.5000 2500.4160   12.3541
    7.5000  -37.5000    7.5000 2496.4133   12.5280
   -7.5000  -30.0000    7.5000 2600.1616   11.2252
    0.0000  -30.0000    7.5000 2613.9270   11.1574
    7.5000  -30.0000    7.5000 2604.5122   11.3035
   -7.5000  -22.5000    7.5000 2710.1985   10.2774
    0.0000  -22.5000    7.5000 2722.3254   10.2185
    7.5000  -22.5000    7.5000 2711.1826   10.3427
   -7.5000  -15.0000    7.5000 2810.1804    9.5515
    0.0000  -15.0000    7.5000 2818.0286    9.5139
    7.5000  -15.0000    7.5000 2810.0613    9.6077
   -7.5000   -7.5000    7.5000 2899.3162    9.0977
    0.0000   -7.5000    7.5000 2907.9807    9.0643
    7.5000   -7.5000    7.5000 2902.7510    9.1594
   -7.5000    0.0000    7.5000 2971.7703    8.8770
    0.0000    0.0000    7.5000 2994.6677    8.8797
    7.5000    0.0000    7.5000 2972.8586    8.9554
   -7.5000    7.5000    7.5000 3005.2268    8.7074
    0.0000    7.5000    7.5000 3040.1956    8.7390
    7.5000    7.5000    7.5000 3002.4148    8.8980
   -7.5000   15.0000    7.5000 2996.6223    8.8083
    0.0000   15.0000    7.5000 3020.5891    8.7748
    7.5000   15.0000    7.5000 2985.9768    9.0541
   -7.5000   22.5000    7.5000 2954.3494    9.2756
    0.0000   22.5000    7.5000 2976.4731    9.1971
    7.5000   22.5000    7.5000 2937.8643    9.4371
   -7.5000   30.0000    7.5000 2873.4565    9.9593
    0.0000   30.0000    7.5000 2893.4922    9.8908
    7.5000   30.0000    7.5000 2855.5154   10.0836
   -7.5000   37.5000    7.5000 2766.0034   10.8685
    0.0000   37.5000    7.5000 2778.7852   10.7688
    7.5000   37.5000    7.5000 2744.4734   10.9538
   -7.5000   45.0000    7.5000 2633.3850   11.9766
    0.0000   45.0000    7.5000 2640.5410   11.8650
    7.5000   45.0000    7.5000 2611.7407   12.0652
   -7.5000  -45.0000   15.0000 2366.3486   14.0363
    0.0000  -45.0000   15.0000 2375.0750   13.8777
    7.5000  -45.0000   15.0000 2369.3015   14.0566
   -7.5000  -37.5000   15.0000 2496.5073   12.4684
    0.0000  -37.5000   15.0000 2500.6628   12.3214
    7.5000  -37.5000   15.0000 2499.0789   12.5292
   -7.5000  -30.0000   15.0000 2606.1389   11.2153
    0.0000  -30.0000   15.0000 2609.3352   11.1005
    7.5000  -30.0000   15.0000 2606.8220   11.3024
   -7.5000  -22.5000   15.0000 2713.1250   10.2250
    0.0000  -22.5000   15.0000 2717.2744   10.1665
    7.5000  -22.5000   15.0000 2715.6853   10.3150
   -7.5000  -15.0000   15.0000 2818.7634    9.4867
    0.0000  -15.0000   15.0000 2829.5173    9.4791
    7.5000  -15.0000   15.0000 2821.0879    9.5544
   -7.5000   -7.5000   15.0000 2910.0830    9.0489
    0.0000   -7.5000   15.0000 2935.8196    9.1071
    7.5000   -7.5000   15.0000 2920.7678    9.0997
   -7.5000    0.0000   15.0000 2983.9758    8.8456
    0.0000    0.0000   15.0000 3032.9626    8.9715
    7.5000    0.0000   15.0000 2991.2527    8.8967
   -7.5000    7.5000   15.0000 3016.7327    8.7959
    0.0000    7.5000   15.0000 3076.6218    8.8802
    7.5000    7.5000   15.0000 3018.4285    8.8927
   -7.5000   15.0000   15.0000 3008.3303    8.9718
    0.0000   15.0000   15.0000 3048.2209    8.9715
    7.5000   15.0000   15.0000 2996.0984    9.0614
   -7.5000   22.5000   15.0000 2959.9519    9.3421
    0.0000   22.5000   15.0000 2984.4221    9.2945
    7.5000   22.5000   15.0000 2938.5347    9.4277
   -7.5000   30.0000   15.0000 2868.6223    9.9516
    0.0000   30.0000   15.0000 2885.8550    9.8852
    7.5000   30.0000   15.0000 2853.1821   10.0544
   -7.5000   37.5000   15.0000 2756.4148   10.8100
    0.0000   37.5000   15.0000 2767.8103   10.7088
    7.5000   37.5000   15.0000 2742.1621   10.8919
   -7.5000   45.0000   15.0000 2624.6455   11.8928
    0.0000   45.0000   15.0000 2630.4827   11.7621
    7.5000   45.0000   15.0000 2604.8521   11.9826
   -7.5000  -45.0000   22.5000 2355.0217   14.1601
    0.0000  -45.0000   22.5000 2361.7217   13.9749
    7.5000  -45.0000   22.5000 2357.7627   14.1868
   -7.5000  -37.5000   22.5000 2489.5342   12.6015
    0.0000  -37.5000   22.5000 2493.8435   12.4373
    7.5000  -37.5000   22.5000 2491.4561   12.6204
   -7.5000  -30.0000   22.5000 2598.3530   11.3657
    0.0000  -30.0000   22.5000 2605.0803   11.2584
    7.5000  -30.0000   22.5000 2600.3616   11.4102
   -7.5000  -22.5000   22.5000 2708.0125   10.4002
    0.0000  -22.5000   22.5000 2716.7144   10.3559
    7.5000  -22.5000   22.5000 2708.6147   10.4727
   -7.5000  -15.0000   22.5000 2817.3257    9.6471
    0.0000  -15.0000   22.5000 2830.7751    9.6651
    7.5000  -15.0000   22.5000 2816.7446    9.7304
   -7.5000   -7.5000   22.5000 2905.7952    9.1650
    0.0000   -7.5000   22.5000 2936.7297    9.2539
    7.5000   -7.5000   22.5000 2910.2820    9.2616
   -7.5000    0.0000   22.5000 2971.5059    8.9375
    0.0000    0.0000   22.5000 3005.7332    8.9979
    7.5000    0.0000   22.5000 2968.2708    9.0442
   -7.5000    7.5000   22.5000 2996.9043    8.9664
    0.0000    7.5000   22.5000 3032.9468    8.9581
    7.5000    7.5000   22.5000 2989.2395    9.0547
   -7.5000   15.0000   22.5000 2985.3230    9.2175
    0.0000   15.0000   22.5000 3012.9033    9.1763
    7.5000   15.0000   22.5000 2974.1450    9.2723
   -7.5000   22.5000   22.5000 2930.7205    9.6430
    0.0000   22.5000   22.5000 2950.8027    9.5431
    7.5000   22.5000   22.5000 2913.9761    9.6636
   -7.5000   30.0000   22.5000 2836.2495   10.2382
    0.0000   30.0000   22.5000 2854.6074   10.1476
    7.5000   30.0000   22.5000 2822.2395   10.2896
   -7.5000   37.5000   22.5000 2724.0320   11.0363
    0.0000   37.5000   22.5000 2736.2131   10.9184
    7.5000   37.5000   22.5000 2711.0923   11.0987
   -7.5000   45.0000   22.5000 2598.2517   12.0520
    0.0000   45.0000   22.5000 2603.7556   11.9236
    7.5000   45.0000   22.5000 2581.1431   12.1325
   -7.5000  -45.0000   30.0000 2339.4988   14.4792
    0.0000  -45.0000   30.0000 2342.1074   14.2677
    7.5000  -45.0000   30.0000 2333.8020   14.4836
   -7.5000  -37.5000   30.0000 2472.1575   12.9216
    0.0000  -37.5000   30.0000 2475.0332   12.7166
    7.5000  -37.5000   30.0000 2468.3267   12.9065
   -7.5000  -30.0000   30.0000 2586.1292   11.6882
    0.0000  -30.0000   30.0000 2588.4617   11.5128
    7.5000  -30.0000   30.0000 2584.6169   11.6926
   -7.5000  -22.5000   30.0000 2694.9397   10.7264
    0.0000  -22.5000   30.0000 2700.1003   10.6119
    7.5000  -22.5000   30.0000 2696.3193   10.7576
   -7.5000  -15.0000   30.0000 2799.4001    9.9620
    0.0000  -15.0000   30.0000 2807.4985    9.9090
    7.5000  -15.0000   30.0000 2800.2520   10.0242
   -7.5000   -7.5000   30.0000 2884.6265    9.4555
    0.0000   -7.5000   30.0000 2903.2754    9.4217
    7.5000   -7.5000   30.0000 2886.5625    9.5361
   -7.5000    0.0000   30.0000 2935.5718    9.2046
    0.0000    0.0000   30.0000 2960.2959    9.1513
    7.5000    0.0000   30.0000 2929.7954    9.2911
   -7.5000    7.5000   30.0000 2951.9204    9.2611
    0.0000    7.5000   30.0000 2975.6804    9.2251
    7.5000    7.5000   30.0000 2944.2749    9.3384
   -7.5000   15.0000   30.0000 2926.6626    9.5562
    0.0000   15.0000   30.0000 2949.0396    9.4862
    7.5000   15.0000   30.0000 2919.4255    9.5908
   -7.5000   22.5000   30.0000 2870.1604   10.0203
    0.0000   22.5000   30.0000 2887.3022    9.8895
    7.5000   22.5000   30.0000 2859.8496   10.0118
   -7.5000   30.0000   30.0000 2780.0981   10.6329
    0.0000   30.0000   30.0000 2794.2083   10.4909
    7.5000   30.0000   30.0000 2769.0996   10.6551
   -7.5000   37.5000   30.0000 2671.5686   11.4326
    0.0000   37.5000   30.0000 2682.9492   11.3100
    7.5000   37.5000   30.0000 2663.4143   11.4647
   -7.5000   45.0000   30.0000 2546.9795   12.4335
    0.0000   45.0000   30.0000 2556.5715   12.3198
    7.5000   45.0000   30.0000 2536.0833   12.4764
   -7.5000  -45.0000   37.5000 2317.4790   14.9907
    0.0000  -45.0000   37.5000 2316.3442   14.6716
    7.5000  -45.0000   37.5000 2309.1624   14.8741
   -7.5000  -37.5000   37.5000 2452.0769   13.4032
    0.0000  -37.5000   37.5000 2449.3574   13.1055
    7.5000  -37.5000   37.5000 2444.5833   13.2887
   -7.5000  -30.0000   37.5000 2566.0166   12.1602
    0.0000  -30.0000   37.5000 2563.1648   11.8945
    7.5000  -30.0000   37.5000 2558.7327   12.0911
   -7.5000  -22.5000   37.5000 2670.3142   11.2137
    0.0000  -22.5000   37.5000 2673.4390   10.9987
    7.5000  -22.5000   37.5000 2668.4685   11.1614
   -7.5000  -15.0000   37.5000 2767.1682   10.4445
    0.0000  -15.0000   37.5000 2773.2151   10.2711
    7.5000  -15.0000   37.5000 2766.6121   10.4159
   -7.5000   -7.5000   37.5000 2847.3616    9.9035
    0.0000   -7.5000   37.5000 2863.3096    9.7609
    7.5000   -7.5000   37.5000 2845.4790    9.9257
   -7.5000    0.0000   37.5000 2889.7437    9.6562
    0.0000    0.0000   37.5000 2905.0208    9.5657
    7.5000    0.0000   37.5000 2881.5427    9.7091
   -7.5000    7.5000   37.5000 2892.0686    9.7135
    0.0000    7.5000   37.5000 2910.9585    9.6670
    7.5000    7.5000   37.5000 2889.2256    9.7741
   -7.5000   15.0000   37.5000 2851.9712   10.0314
    0.0000   15.0000   37.5000 2873.0422    9.9543
    7.5000   15.0000   37.5000 2850.9121   10.0364
   -7.5000   22.5000   37.5000 2794.4050   10.5276
    0.0000   22.5000   37.5000 2809.2781   10.3971
    7.5000   22.5000   37.5000 2787.8035   10.4929
   -7.5000   30.0000   37.5000 2713.6672   11.1376
    0.0000   30.0000   37.5000 2725.4385   11.0034
    7.5000   30.0000   37.5000 2704.7571   11.1404
   -7.5000   37.5000   37.5000 2609.6794   11.9264
    0.0000   37.5000   37.5000 2619.0354   11.8025
    7.5000   37.5000   37.5000 2600.5149   11.9594
   -7.5000   45.0000   37.5000 2483.1416   12.9557
    0.0000   45.0000   37.5000 2490.5376   12.8217
    7.5000   45.0000   37.5000 2473.5825   12.9841
   -7.5000  -45.0000   45.0000 2280.8601   15.6498
    0.0000  -45.0000   45.0000 2283.9534   15.2264
    7.5000  -45.0000   45.0000 2277.6646   15.3845
   -7.5000  -37.5000   45.0000 2413.7490   14.0393
    0.0000  -37.5000   45.0000 2412.2542   13.6576
    7.5000  -37.5000   45.0000 2408.9089   13.8226
   -7.5000  -30.0000   45.0000 2527.0154   12.7764
    0.0000  -30.0000   45.0000 2522.2754   12.4518
    7.5000  -30.0000   45.0000 2519.7422   12.6272
   -7.5000  -22.5000   45.0000 2626.7112   11.7907
    0.0000  -22.5000   45.0000 2630.2661   11.5209
    7.5000  -22.5000   45.0000 2624.3921   11.6870
   -7.5000  -15.0000   45.0000 2713.8198   11.0274
    0.0000  -15.0000   45.0000 2721.7214   10.7759
    7.5000  -15.0000   45.0000 2712.9993   10.9449
   -7.5000   -7.5000   45.0000 2780.6931   10.4943
    0.0000   -7.5000   45.0000 2796.2363   10.2842
    7.5000   -7.5000   45.0000 2781.3169   10.4725
   -7.5000    0.0000   45.0000 2814.9224   10.2470
    0.0000    0.0000   45.0000 2828.2554   10.1124
    7.5000    0.0000   45.0000 2808.2734   10.2764
   -7.5000    7.5000   45.0000 2813.0349   10.3107
    0.0000    7.5000   45.0000 2827.8970   10.2218
    7.5000    7.5000   45.0000 2812.0183   10.3449
   -7.5000   15.0000   45.0000 2766.6863   10.6319
    0.0000   15.0000   45.0000 2787.1748   10.5303
    7.5000   15.0000   45.0000 2770.0552   10.6233
   -7.5000   22.5000   45.0000 2707.5701   11.1356
    0.0000   22.5000   45.0000 2718.7834   10.9991
    7.5000   22.5000   45.0000 2705.7043   11.1184
   -7.5000   30.0000   45.0000 2630.5640   11.7587
    0.0000   30.0000   45.0000 2637.8591   11.6251
    7.5000   30.0000   45.0000 2621.5679   11.7774
   -7.5000   37.5000   45.0000 2531.7317   12.5756
    0.0000   37.5000   45.0000 2536.7976   12.4451
    7.5000   37.5000   45.0000 2519.4402   12.6099
   -7.5000   45.0000   45.0000 2405.5735   13.6180
    0.0000   45.0000   45.0000 2414.5012   13.4939
    7.5000   45.0000   45.0000 2395.5986   13.6604
   -7.5000  -45.0000   52.5000 2235.7976   16.4176
    0.0000  -45.0000   52.5000 2245.5918   15.9521
    7.5000  -45.0000   52.5000 2238.7517   16.0693
   -7.5000  -37.5000   52.5000 2364.8303   14.7691
    0.0000  -37.5000   52.5000 2372.1714   14.3541
    7.5000  -37.5000   52.5000 2367.5605   14.4817
   -7.5000  -30.0000   52.5000 2472.5820   13.4836
    0.0000  -30.0000   52.5000 2474.6316   13.1008
    7.5000  -30.0000   52.5000 2473.9866   13.2854
   -7.5000  -22.5000   52.5000 2565.0012   12.4965
    0.0000  -22.5000   52.5000 2567.7122   12.1748
    7.5000  -22.5000   52.5000 2562.5991   12.3403
   -7.5000  -15.0000   52.5000 2645.7646   11.7136
    0.0000  -15.0000   52.5000 2650.7727   11.4244
    7.5000  -15.0000   52.5000 2644.7004   11.6027
   -7.5000   -7.5000   52.5000 2702.1426   11.1825
    0.0000   -7.5000   52.5000 2709.4041   10.9559
    7.5000   -7.5000   52.5000 2699.6545   11.1362
   -7.5000    0.0000   52.5000 2724.8284   10.9497
    0.0000    0.0000   52.5000 2730.6074   10.7916
    7.5000    0.0000   52.5000 2718.5049   10.9487
   -7.5000    7.5000   52.5000 2716.6709   11.0196
    0.0000    7.5000   52.5000 2728.7698   10.8855
    7.5000    7.5000   52.5000 2720.7632   11.0278
   -7.5000   15.0000   52.5000 2681.6775   11.3153
    0.0000   15.0000   52.5000 2698.6421   11.1745
    7.5000   15.0000   52.5000 2688.7180   11.2966
   -7.5000   22.5000   52.5000 2620.9553   11.8691
    0.0000   22.5000   52.5000 2632.4380   11.6973
    7.5000   22.5000   52.5000 2622.5476   11.8315
   -7.5000   30.0000   52.5000 2541.0190   12.5244
    0.0000   30.0000   52.5000 2548.3818   12.3648
    7.5000   30.0000   52.5000 2534.8074   12.5338
   -7.5000   37.5000   52.5000 2441.9583   13.3480
    0.0000   37.5000   52.5000 2449.8906   13.2187
    7.5000   37.5000   52.5000 2436.3699   13.3701
   -7.5000   45.0000   52.5000 2319.8821   14.4415
    0.0000   45.0000   52.5000 2330.2178   14.3113
    7.5000   45.0000   52.5000 2312.2556   14.4632

---------------------------------------------------------------------
imgreg_4dfp /opt/freesurfer/average/711-2C_as_mni_average_305 /opt/freesurfer/average/711-2B_as_mni_average_305_mask talsrcimg_g11 none talsrcimg_to_711-2C_as_mni_average_305_t4 1283
---------------------------------------------------------------------

freesurfer imgreg_4dfp.c
/opt/freesurfer/average/711-2C_as_mni_average_305.4dfp.img
       256       256       256         1
  1.000000  1.000000  1.000000
orientation T byte_order littleendian
Reading image: /opt/freesurfer/average/711-2C_as_mni_average_305.4dfp.img
dimensions:      256       256       256
mmppix:       1.0000   -1.0000   -1.0000
center:     128.0000 -129.0000 -129.0000
/opt/freesurfer/average/711-2B_as_mni_average_305_mask.4dfp.img
       256       256       256         1
  1.000000  1.000000  1.000000
orientation T byte_order littleendian
Reading mask: /opt/freesurfer/average/711-2B_as_mni_average_305_mask.4dfp.img (2306576 pixels)
talsrcimg_g11.4dfp.img
       256       256       256         1
  1.000000  1.000000  1.000000
orientation T byte_order littleendian
Reading image: talsrcimg_g11.4dfp.img
dimensions:      256       256       256
mmppix:       1.0000   -1.0000   -1.0000
center:     128.0000 -129.0000 -129.0000
rotation matrix determinant  1.000000
fimgreg.f
image alignment mode   1283 decimal      503 hex
parameters
    0.0000    7.5000   15.0000    0.0000    0.0000    0.0000
eta,q 0.96553  8.88373
niter,ni,del,rscale     5    3   12.0000    1.2000
parameters
    0.0119    8.8785   13.9764    2.2692   -2.8616    2.3452
eta,q 0.97102  8.80588
  0.0497  0.0462  0.0403  0.0420  0.0337  0.0370
  0.0408  0.0414  0.0357  0.0391  0.0305  0.0342
  0.0357  0.0366  0.0339  0.0358  0.0302  0.0318
  0.0340  0.0340  0.0341  0.0337  0.0327  0.0300
  0.0363  0.0343  0.0364  0.0327  0.0367  0.0290
  0.0420  0.0358  0.0404  0.0332  0.0419  0.0294
  0.0485  0.0390  0.0457  0.0354  0.0474  0.0312
niter,ni,del,rscale     4    3   12.0000    1.2000
parameters
    0.6387    7.5358   14.6568    3.4501   -3.1286    2.4695
eta,q 0.97270  8.80222
  0.0503  0.0356  0.0424  0.0389  0.0367  0.0337
  0.0422  0.0291  0.0350  0.0340  0.0320  0.0307
  0.0339  0.0274  0.0294  0.0294  0.0284  0.0283
  0.0290  0.0286  0.0275  0.0276  0.0273  0.0273
  0.0299  0.0327  0.0287  0.0275  0.0292  0.0279
  0.0357  0.0379  0.0319  0.0294  0.0332  0.0301
  0.0444  0.0418  0.0364  0.0326  0.0385  0.0334
niter,ni,del,rscale     3    3   12.0000    1.2000
parameters
    0.8109    6.9959   14.7979    3.8521   -3.2027    2.4674
eta,q 0.97266  8.79816
  0.0473  0.0376  0.0397  0.0371  0.0370  0.0336
  0.0384  0.0308  0.0330  0.0314  0.0323  0.0305
  0.0303  0.0280  0.0283  0.0281  0.0287  0.0282
  0.0273  0.0273  0.0272  0.0273  0.0273  0.0273
  0.0296  0.0300  0.0292  0.0283  0.0288  0.0281
  0.0363  0.0354  0.0329  0.0309  0.0326  0.0303
  0.0456  0.0403  0.0377  0.0340  0.0376  0.0338
niter,ni,del,rscale     2    3   12.0000    1.2000
parameters
    0.8539    6.7829   14.8409    3.9973   -3.2175    2.4520
eta,q 0.97258  8.79723
  0.0465  0.0386  0.0393  0.0364  0.0372  0.0335
  0.0375  0.0317  0.0328  0.0307  0.0325  0.0305
  0.0298  0.0287  0.0283  0.0279  0.0289  0.0283
  0.0273  0.0273  0.0274  0.0274  0.0274  0.0274
  0.0300  0.0292  0.0294  0.0287  0.0287  0.0281
  0.0369  0.0341  0.0332  0.0314  0.0324  0.0303
  0.0460  0.0394  0.0381  0.0344  0.0374  0.0338
niter,ni,del,rscale     1    3   12.0000    1.2000
parameters
    0.8654    6.6992   14.8571    4.0523   -3.2207    2.4436
eta,q 0.97253  8.79686
  0.0463  0.0391  0.0392  0.0361  0.0372  0.0336
  0.0373  0.0320  0.0328  0.0304  0.0325  0.0305
  0.0297  0.0290  0.0284  0.0278  0.0289  0.0283
  0.0274  0.0274  0.0274  0.0275  0.0275  0.0275
  0.0302  0.0289  0.0295  0.0289  0.0288  0.0282
  0.0371  0.0337  0.0334  0.0316  0.0324  0.0303
  0.0461  0.0390  0.0382  0.0345  0.0374  0.0338
registration optimization eta report
parameter search radius
    6.0000    6.0000    6.0000    6.0000    6.0000    6.0000
100000*second partial in parameter space
       51.       32.       31.       22.       27.       17.
  0.0463  0.0391  0.0392  0.0361  0.0372  0.0336
  0.0373  0.0320  0.0328  0.0304  0.0325  0.0305
  0.0297  0.0290  0.0284  0.0278  0.0289  0.0283
  0.0274  0.0274  0.0274  0.0275  0.0275  0.0275
  0.0302  0.0289  0.0295  0.0289  0.0288  0.0282
  0.0371  0.0337  0.0334  0.0316  0.0324  0.0303
  0.0461  0.0390  0.0382  0.0345  0.0374  0.0338
    0.8654    6.6992   14.8571    4.0523   -3.2207    2.4436
eta,q 0.97253  8.79686

---------------------------------------------------------------------
imgreg_4dfp /opt/freesurfer/average/711-2C_as_mni_average_305 /opt/freesurfer/average/711-2B_as_mni_average_305_mask talsrcimg_g11 none talsrcimg_to_711-2C_as_mni_average_305_t4 3335
---------------------------------------------------------------------

freesurfer imgreg_4dfp.c
/opt/freesurfer/average/711-2C_as_mni_average_305.4dfp.img
       256       256       256         1
  1.000000  1.000000  1.000000
orientation T byte_order littleendian
Reading image: /opt/freesurfer/average/711-2C_as_mni_average_305.4dfp.img
dimensions:      256       256       256
mmppix:       1.0000   -1.0000   -1.0000
center:     128.0000 -129.0000 -129.0000
/opt/freesurfer/average/711-2B_as_mni_average_305_mask.4dfp.img
       256       256       256         1
  1.000000  1.000000  1.000000
orientation T byte_order littleendian
Reading mask: /opt/freesurfer/average/711-2B_as_mni_average_305_mask.4dfp.img (2306576 pixels)
talsrcimg_g11.4dfp.img
       256       256       256         1
  1.000000  1.000000  1.000000
orientation T byte_order littleendian
Reading image: talsrcimg_g11.4dfp.img
dimensions:      256       256       256
mmppix:       1.0000   -1.0000   -1.0000
center:     128.0000 -129.0000 -129.0000
fimgreg.f
image alignment mode   3335 decimal      D07 hex
parameters
    0.8654    6.6992   14.8571   -0.2487   -0.3238   -0.4076
   -3.8563    5.9005    4.2569   -6.8212   -5.6183    7.0555
eta,q 0.97174  8.85660
niter,ni,del,rscale     5    3    5.0000    1.2000
parameter  5  2.190922 ->  0.500000 qaram    1.1500
parameter 12  0.675162 ->  0.500000 qaram    1.1500
parameters
    0.7684    7.3856   15.1264   -2.8862   -4.4638   -3.1924
   -5.1297    6.2245    3.4577   -7.3017   -7.9906    2.9155
eta,q 0.97641  8.69713
  0.0316  0.0305  0.0307  0.0292  0.0231  0.0256  0.0260  0.0289  0.0259  0.0272  0.0248  0.0238
  0.0297  0.0296  0.0293  0.0283  0.0242  0.0249  0.0250  0.0266  0.0250  0.0256  0.0243  0.0236
  0.0286  0.0288  0.0284  0.0277  0.0256  0.0244  0.0245  0.0251  0.0245  0.0247  0.0242  0.0237
  0.0283  0.0283  0.0280  0.0280  0.0277  0.0246  0.0245  0.0244  0.0244  0.0244  0.0244  0.0242
  0.0288  0.0280  0.0281  0.0297  0.0304  0.0263  0.0251  0.0246  0.0248  0.0248  0.0248  0.0250
  0.0301  0.0282  0.0287  0.0330  0.0327  0.0302  0.0262  0.0258  0.0256  0.0262  0.0254  0.0260
  0.0322  0.0290  0.0297  0.0374  0.0353  0.0348  0.0276  0.0284  0.0268  0.0281  0.0263  0.0272
niter,ni,del,rscale     6    3    5.0000    1.2000
parameter  3  0.505352 ->  0.500000 qaram    1.1500
parameters
    0.6337    6.5009   13.7464   -0.9265   -8.5143   -3.6306
   -4.4793    6.4293    4.3138   -6.0485   -8.1473    2.8362
eta,q 0.97888  8.67974
  0.0257  0.0242  0.0232  0.0261  0.0225  0.0239  0.0243  0.0263  0.0237  0.0253  0.0226  0.0231
  0.0245  0.0234  0.0229  0.0251  0.0213  0.0229  0.0228  0.0239  0.0225  0.0235  0.0217  0.0221
  0.0238  0.0232  0.0229  0.0240  0.0213  0.0220  0.0218  0.0221  0.0217  0.0220  0.0212  0.0214
  0.0236  0.0236  0.0232  0.0229  0.0222  0.0212  0.0213  0.0213  0.0213  0.0212  0.0211  0.0211
  0.0240  0.0244  0.0239  0.0221  0.0242  0.0210  0.0215  0.0216  0.0213  0.0212  0.0213  0.0213
  0.0249  0.0257  0.0248  0.0224  0.0275  0.0225  0.0222  0.0232  0.0219  0.0219  0.0218  0.0220
  0.0263  0.0274  0.0261  0.0244  0.0307  0.0260  0.0234  0.0260  0.0228  0.0233  0.0227  0.0233
niter,ni,del,rscale     6    3    5.0000    1.2000
parameters
    0.7096    6.4401   14.4337   -0.3782   -9.0901   -3.3009
   -4.7087    6.3411    4.3757   -6.0235   -8.1965    3.2594
eta,q 0.97938  8.68630
  0.0243  0.0235  0.0241  0.0245  0.0247  0.0241  0.0233  0.0257  0.0228  0.0239  0.0224  0.0230
  0.0226  0.0221  0.0226  0.0234  0.0227  0.0229  0.0218  0.0231  0.0217  0.0223  0.0214  0.0219
  0.0215  0.0213  0.0216  0.0222  0.0212  0.0219  0.0209  0.0213  0.0209  0.0211  0.0208  0.0210
  0.0211  0.0211  0.0211  0.0210  0.0208  0.0208  0.0207  0.0206  0.0207  0.0207  0.0207  0.0206
  0.0214  0.0214  0.0210  0.0206  0.0214  0.0202  0.0211  0.0212  0.0209  0.0210  0.0209  0.0207
  0.0223  0.0223  0.0213  0.0216  0.0232  0.0214  0.0221  0.0231  0.0216  0.0221  0.0215  0.0214
  0.0239  0.0237  0.0221  0.0246  0.0264  0.0247  0.0236  0.0261  0.0227  0.0240  0.0223  0.0227
niter,ni,del,rscale     5    3    5.0000    1.2000
parameters
    0.7454    6.3004   14.6319   -0.3590   -9.3758   -3.2457
   -4.7105    6.3509    4.3913   -6.1201   -8.2321    3.6285
eta,q 0.97944  8.68266
  0.0240  0.0229  0.0231  0.0242  0.0249  0.0240  0.0234  0.0258  0.0227  0.0238  0.0223  0.0229
  0.0222  0.0216  0.0218  0.0230  0.0228  0.0228  0.0219  0.0231  0.0216  0.0222  0.0213  0.0218
  0.0211  0.0208  0.0210  0.0217  0.0212  0.0217  0.0209  0.0213  0.0209  0.0210  0.0207  0.0210
  0.0206  0.0206  0.0206  0.0206  0.0206  0.0206  0.0206  0.0206  0.0206  0.0206  0.0206  0.0206
  0.0210  0.0210  0.0207  0.0204  0.0211  0.0202  0.0209  0.0211  0.0208  0.0210  0.0208  0.0207
  0.0220  0.0220  0.0214  0.0220  0.0228  0.0216  0.0219  0.0229  0.0215  0.0221  0.0214  0.0214
  0.0238  0.0235  0.0225  0.0253  0.0259  0.0251  0.0233  0.0259  0.0227  0.0241  0.0223  0.0227
niter,ni,del,rscale     4    3    5.0000    1.2000
parameters
    0.7554    6.2327   14.7108   -0.3418   -9.5060   -3.2464
   -4.7008    6.3655    4.4031   -6.2014   -8.2481    3.8236
eta,q 0.97945  8.68052
  0.0238  0.0231  0.0229  0.0242  0.0250  0.0240  0.0234  0.0258  0.0227  0.0238  0.0223  0.0228
  0.0221  0.0217  0.0216  0.0230  0.0229  0.0228  0.0219  0.0231  0.0216  0.0222  0.0213  0.0217
  0.0210  0.0208  0.0208  0.0217  0.0212  0.0217  0.0209  0.0212  0.0208  0.0210  0.0207  0.0209
  0.0206  0.0206  0.0206  0.0206  0.0206  0.0206  0.0206  0.0206  0.0206  0.0206  0.0206  0.0206
  0.0209  0.0209  0.0207  0.0204  0.0210  0.0201  0.0209  0.0211  0.0208  0.0210  0.0208  0.0207
  0.0220  0.0219  0.0214  0.0220  0.0226  0.0217  0.0219  0.0229  0.0215  0.0221  0.0214  0.0214
  0.0238  0.0233  0.0226  0.0252  0.0256  0.0252  0.0233  0.0259  0.0227  0.0240  0.0223  0.0227
niter,ni,del,rscale     3    3    5.0000    1.2000
parameters
    0.7637    6.1994   14.7481   -0.3256   -9.5611   -3.2503
   -4.6974    6.3725    4.4080   -6.2499   -8.2547    3.9184
eta,q 0.97946  8.67967
  0.0238  0.0231  0.0228  0.0242  0.0250  0.0240  0.0234  0.0257  0.0227  0.0238  0.0223  0.0228
  0.0221  0.0217  0.0216  0.0230  0.0229  0.0228  0.0218  0.0231  0.0216  0.0222  0.0213  0.0217
  0.0210  0.0208  0.0208  0.0217  0.0213  0.0216  0.0209  0.0212  0.0208  0.0210  0.0207  0.0209
  0.0206  0.0205  0.0205  0.0205  0.0205  0.0205  0.0205  0.0205  0.0205  0.0205  0.0205  0.0205
  0.0209  0.0209  0.0208  0.0204  0.0210  0.0201  0.0209  0.0211  0.0208  0.0210  0.0208  0.0207
  0.0220  0.0218  0.0215  0.0219  0.0226  0.0217  0.0219  0.0229  0.0215  0.0221  0.0214  0.0215
  0.0238  0.0233  0.0227  0.0252  0.0255  0.0252  0.0233  0.0259  0.0227  0.0240  0.0223  0.0228
niter,ni,del,rscale     2    3    5.0000    1.2000
parameters
    0.7702    6.1844   14.7631   -0.3172   -9.5816   -3.2522
   -4.6930    6.3770    4.4122   -6.2756   -8.2539    3.9600
eta,q 0.97946  8.67938
  0.0238  0.0232  0.0228  0.0242  0.0250  0.0240  0.0234  0.0257  0.0227  0.0238  0.0223  0.0227
  0.0221  0.0217  0.0215  0.0230  0.0229  0.0228  0.0218  0.0231  0.0216  0.0222  0.0213  0.0216
  0.0209  0.0208  0.0208  0.0217  0.0213  0.0216  0.0209  0.0212  0.0208  0.0210  0.0207  0.0209
  0.0205  0.0205  0.0205  0.0205  0.0205  0.0205  0.0205  0.0205  0.0205  0.0205  0.0205  0.0205
  0.0209  0.0209  0.0208  0.0204  0.0210  0.0201  0.0209  0.0211  0.0208  0.0209  0.0208  0.0207
  0.0220  0.0218  0.0215  0.0220  0.0225  0.0216  0.0219  0.0229  0.0215  0.0221  0.0214  0.0215
  0.0238  0.0232  0.0227  0.0253  0.0255  0.0252  0.0233  0.0259  0.0227  0.0240  0.0222  0.0228
registration optimization eta report
parameter search radius
    2.4000    2.4000    2.7600    7.2000    8.2800    7.2000
    7.2000    7.2000    7.2000    7.2000    7.2000    8.2800
100000*second partial in parameter space
       57.       46.       29.        8.        7.        8.
        5.       10.        4.        6.        3.        3.
  0.0238  0.0232  0.0228  0.0242  0.0250  0.0240  0.0234  0.0257  0.0227  0.0238  0.0223  0.0227
  0.0221  0.0217  0.0215  0.0230  0.0229  0.0228  0.0218  0.0231  0.0216  0.0222  0.0213  0.0216
  0.0209  0.0208  0.0208  0.0217  0.0213  0.0216  0.0209  0.0212  0.0208  0.0210  0.0207  0.0209
  0.0205  0.0205  0.0205  0.0205  0.0205  0.0205  0.0205  0.0205  0.0205  0.0205  0.0205  0.0205
  0.0209  0.0209  0.0208  0.0204  0.0210  0.0201  0.0209  0.0211  0.0208  0.0209  0.0208  0.0207
  0.0220  0.0218  0.0215  0.0220  0.0225  0.0216  0.0219  0.0229  0.0215  0.0221  0.0214  0.0215
  0.0238  0.0232  0.0227  0.0253  0.0255  0.0252  0.0233  0.0259  0.0227  0.0240  0.0222  0.0228
    0.7702    6.1844   14.7631   -0.3172   -9.5816   -3.2522
   -4.6930    6.3770    4.4122   -6.2756   -8.2539    3.9600
eta,q 0.97946  8.67938

---------------------------------------------------------------------
imgreg_4dfp /opt/freesurfer/average/711-2C_as_mni_average_305 /opt/freesurfer/average/711-2B_as_mni_average_305_mask talsrcimg_g11 none talsrcimg_to_711-2C_as_mni_average_305_t4 2311
---------------------------------------------------------------------

freesurfer imgreg_4dfp.c
/opt/freesurfer/average/711-2C_as_mni_average_305.4dfp.img
       256       256       256         1
  1.000000  1.000000  1.000000
orientation T byte_order littleendian
Reading image: /opt/freesurfer/average/711-2C_as_mni_average_305.4dfp.img
dimensions:      256       256       256
mmppix:       1.0000   -1.0000   -1.0000
center:     128.0000 -129.0000 -129.0000
/opt/freesurfer/average/711-2B_as_mni_average_305_mask.4dfp.img
       256       256       256         1
  1.000000  1.000000  1.000000
orientation T byte_order littleendian
Reading mask: /opt/freesurfer/average/711-2B_as_mni_average_305_mask.4dfp.img (2306576 pixels)
talsrcimg_g11.4dfp.img
       256       256       256         1
  1.000000  1.000000  1.000000
orientation T byte_order littleendian
Reading image: talsrcimg_g11.4dfp.img
dimensions:      256       256       256
mmppix:       1.0000   -1.0000   -1.0000
center:     128.0000 -129.0000 -129.0000
fimgreg.f
image alignment mode   2311 decimal      907 hex
parameters
    0.7702    6.1844   14.7631   -0.3172   -9.5816   -3.2522
   -4.6930    6.3770    4.4122   -6.2756   -8.2539    3.9600
eta,q 0.97946  8.67938
niter,ni,del,rscale     5    3    5.0000    0.8000
parameters
    0.7795    6.1725   14.7836    0.5990   -9.4844   -2.4929
   -4.6950    6.4526    4.3805   -6.4927   -8.1287    3.4983
eta,q 0.97990  8.70749
  0.0220  0.0217  0.0213  0.0230  0.0221  0.0225  0.0215  0.0232  0.0212  0.0217  0.0213  0.0208
  0.0212  0.0211  0.0209  0.0221  0.0212  0.0218  0.0207  0.0216  0.0206  0.0208  0.0206  0.0204
  0.0207  0.0207  0.0206  0.0212  0.0206  0.0210  0.0203  0.0205  0.0202  0.0203  0.0202  0.0202
  0.0205  0.0205  0.0205  0.0205  0.0203  0.0203  0.0201  0.0201  0.0201  0.0201  0.0201  0.0201
  0.0207  0.0207  0.0206  0.0203  0.0205  0.0200  0.0203  0.0204  0.0202  0.0204  0.0202  0.0202
  0.0212  0.0211  0.0208  0.0207  0.0211  0.0205  0.0208  0.0214  0.0206  0.0210  0.0206  0.0206
  0.0220  0.0218  0.0213  0.0220  0.0220  0.0219  0.0215  0.0231  0.0212  0.0220  0.0211  0.0212
niter,ni,del,rscale     4    3    5.0000    0.7000
parameters
    0.8267    6.1855   14.8773    0.5445   -9.5237   -2.1117
   -4.7194    6.4996    4.3681   -6.4533   -8.1341    3.3392
eta,q 0.97999  8.71324
  0.0215  0.0211  0.0209  0.0219  0.0214  0.0220  0.0211  0.0225  0.0208  0.0214  0.0209  0.0206
  0.0208  0.0205  0.0205  0.0211  0.0207  0.0213  0.0205  0.0212  0.0204  0.0207  0.0204  0.0203
  0.0203  0.0202  0.0202  0.0205  0.0202  0.0206  0.0201  0.0203  0.0201  0.0202  0.0201  0.0201
  0.0201  0.0201  0.0201  0.0201  0.0201  0.0201  0.0200  0.0200  0.0200  0.0200  0.0200  0.0200
  0.0202  0.0202  0.0201  0.0202  0.0203  0.0199  0.0201  0.0202  0.0201  0.0202  0.0201  0.0201
  0.0206  0.0205  0.0203  0.0209  0.0207  0.0205  0.0205  0.0211  0.0204  0.0206  0.0204  0.0203
  0.0214  0.0211  0.0207  0.0223  0.0215  0.0218  0.0211  0.0224  0.0209  0.0213  0.0209  0.0208
niter,ni,del,rscale     3    3    5.0000    0.6000
parameters
    0.8204    6.1771   14.9253    0.5717   -9.6054   -1.8821
   -4.7251    6.5337    4.3614   -6.4634   -8.1437    3.2779
eta,q 0.98004  8.71578
  0.0210  0.0207  0.0206  0.0215  0.0210  0.0215  0.0208  0.0218  0.0206  0.0210  0.0206  0.0204
  0.0205  0.0203  0.0203  0.0208  0.0204  0.0209  0.0203  0.0209  0.0202  0.0204  0.0203  0.0202
  0.0201  0.0201  0.0201  0.0203  0.0201  0.0204  0.0200  0.0202  0.0200  0.0201  0.0200  0.0200
  0.0200  0.0200  0.0200  0.0200  0.0200  0.0200  0.0200  0.0200  0.0200  0.0200  0.0200  0.0200
  0.0201  0.0201  0.0201  0.0201  0.0201  0.0199  0.0201  0.0201  0.0200  0.0201  0.0201  0.0200
  0.0205  0.0203  0.0202  0.0206  0.0205  0.0204  0.0203  0.0208  0.0202  0.0204  0.0203  0.0202
  0.0210  0.0207  0.0205  0.0216  0.0211  0.0214  0.0208  0.0218  0.0206  0.0210  0.0206  0.0205
niter,ni,del,rscale     2    3    5.0000    0.5000
parameters
    0.8220    6.1641   14.9635    0.6237   -9.6878   -1.6884
   -4.7308    6.5653    4.3555   -6.4980   -8.1410    3.2406
eta,q 0.98007  8.71764
  0.0207  0.0205  0.0204  0.0211  0.0206  0.0211  0.0205  0.0213  0.0204  0.0207  0.0204  0.0203
  0.0203  0.0202  0.0202  0.0205  0.0203  0.0206  0.0202  0.0206  0.0201  0.0203  0.0201  0.0201
  0.0200  0.0200  0.0200  0.0202  0.0200  0.0202  0.0200  0.0201  0.0200  0.0200  0.0200  0.0200
  0.0200  0.0200  0.0200  0.0200  0.0200  0.0200  0.0199  0.0199  0.0199  0.0199  0.0199  0.0199
  0.0200  0.0200  0.0200  0.0200  0.0201  0.0199  0.0200  0.0201  0.0200  0.0200  0.0200  0.0200
  0.0203  0.0202  0.0201  0.0204  0.0203  0.0203  0.0202  0.0205  0.0201  0.0203  0.0201  0.0201
  0.0207  0.0205  0.0203  0.0211  0.0207  0.0210  0.0205  0.0213  0.0204  0.0207  0.0204  0.0203
niter,ni,del,rscale     1    3    5.0000    0.4000
parameters
    0.8285    6.1521   15.0037    0.6648   -9.7620   -1.5165
   -4.7482    6.6005    4.3596   -6.5419   -8.1370    3.2016
eta,q 0.98010  8.71914
  0.0204  0.0202  0.0202  0.0207  0.0204  0.0208  0.0203  0.0208  0.0202  0.0204  0.0202  0.0201
  0.0201  0.0201  0.0201  0.0203  0.0201  0.0204  0.0201  0.0203  0.0200  0.0201  0.0201  0.0200
  0.0200  0.0200  0.0200  0.0200  0.0200  0.0201  0.0199  0.0200  0.0199  0.0200  0.0199  0.0199
  0.0199  0.0199  0.0199  0.0199  0.0199  0.0199  0.0199  0.0199  0.0199  0.0199  0.0199  0.0199
  0.0200  0.0200  0.0199  0.0200  0.0200  0.0199  0.0200  0.0200  0.0199  0.0200  0.0199  0.0199
  0.0201  0.0201  0.0200  0.0202  0.0202  0.0201  0.0201  0.0203  0.0200  0.0201  0.0201  0.0200
  0.0204  0.0203  0.0202  0.0207  0.0204  0.0206  0.0203  0.0208  0.0202  0.0204  0.0202  0.0202
registration optimization eta report
parameter search radius
    0.8000    0.8000    0.8000    2.4000    2.4000    2.4000
    2.4000    2.4000    2.4000    2.4000    2.4000    2.4000
100000*second partial in parameter space
       72.       51.       41.       13.        8.       13.
        6.       16.        5.        9.        6.        4.
  0.0204  0.0202  0.0202  0.0207  0.0204  0.0208  0.0203  0.0208  0.0202  0.0204  0.0202  0.0201
  0.0201  0.0201  0.0201  0.0203  0.0201  0.0204  0.0201  0.0203  0.0200  0.0201  0.0201  0.0200
  0.0200  0.0200  0.0200  0.0200  0.0200  0.0201  0.0199  0.0200  0.0199  0.0200  0.0199  0.0199
  0.0199  0.0199  0.0199  0.0199  0.0199  0.0199  0.0199  0.0199  0.0199  0.0199  0.0199  0.0199
  0.0200  0.0200  0.0199  0.0200  0.0200  0.0199  0.0200  0.0200  0.0199  0.0200  0.0199  0.0199
  0.0201  0.0201  0.0200  0.0202  0.0202  0.0201  0.0201  0.0203  0.0200  0.0201  0.0201  0.0200
  0.0204  0.0203  0.0202  0.0207  0.0204  0.0206  0.0203  0.0208  0.0202  0.0204  0.0202  0.0202
    0.8285    6.1521   15.0037    0.6648   -9.7620   -1.5165
   -4.7482    6.6005    4.3596   -6.5419   -8.1370    3.2016
eta,q 0.98010  8.71914

---------------------------------------------------------------------
imgreg_4dfp /opt/freesurfer/average/711-2C_as_mni_average_305 /opt/freesurfer/average/711-2B_as_mni_average_305_mask talsrcimg_g11 none talsrcimg_to_711-2C_as_mni_average_305_t4 2311
---------------------------------------------------------------------

freesurfer imgreg_4dfp.c
/opt/freesurfer/average/711-2C_as_mni_average_305.4dfp.img
       256       256       256         1
  1.000000  1.000000  1.000000
orientation T byte_order littleendian
Reading image: /opt/freesurfer/average/711-2C_as_mni_average_305.4dfp.img
dimensions:      256       256       256
mmppix:       1.0000   -1.0000   -1.0000
center:     128.0000 -129.0000 -129.0000
/opt/freesurfer/average/711-2B_as_mni_average_305_mask.4dfp.img
       256       256       256         1
  1.000000  1.000000  1.000000
orientation T byte_order littleendian
Reading mask: /opt/freesurfer/average/711-2B_as_mni_average_305_mask.4dfp.img (2306576 pixels)
talsrcimg_g11.4dfp.img
       256       256       256         1
  1.000000  1.000000  1.000000
orientation T byte_order littleendian
Reading image: talsrcimg_g11.4dfp.img
dimensions:      256       256       256
mmppix:       1.0000   -1.0000   -1.0000
center:     128.0000 -129.0000 -129.0000
fimgreg.f
image alignment mode   2311 decimal      907 hex
parameters
    0.8285    6.1521   15.0037    0.6648   -9.7620   -1.5165
   -4.7482    6.6005    4.3596   -6.5419   -8.1370    3.2016
eta,q 0.98010  8.71914
niter,ni,del,rscale     5    3    5.0000    0.8000
parameters
    0.8157    6.1396   15.0314    0.1821   -9.6826   -1.9852
   -4.7019    6.5032    4.3999   -6.3693   -8.2065    3.5014
eta,q 0.97998  8.70906
  0.0217  0.0212  0.0210  0.0220  0.0217  0.0220  0.0215  0.0229  0.0211  0.0219  0.0211  0.0210
  0.0207  0.0205  0.0204  0.0210  0.0208  0.0212  0.0207  0.0214  0.0205  0.0210  0.0205  0.0205
  0.0201  0.0201  0.0200  0.0203  0.0202  0.0204  0.0202  0.0204  0.0202  0.0203  0.0201  0.0202
  0.0199  0.0199  0.0199  0.0199  0.0199  0.0199  0.0200  0.0200  0.0200  0.0200  0.0200  0.0200
  0.0201  0.0201  0.0200  0.0202  0.0201  0.0202  0.0202  0.0204  0.0201  0.0202  0.0202  0.0201
  0.0207  0.0205  0.0204  0.0214  0.0207  0.0214  0.0207  0.0215  0.0205  0.0208  0.0206  0.0203
  0.0218  0.0212  0.0210  0.0234  0.0216  0.0236  0.0214  0.0232  0.0211  0.0217  0.0211  0.0208
niter,ni,del,rscale     4    3    5.0000    0.7000
parameters
    0.7977    6.1375   14.9623    0.3801   -9.6618   -2.0329
   -4.7096    6.5146    4.4044   -6.4432   -8.1995    3.4868
eta,q 0.98000  8.71060
  0.0213  0.0210  0.0207  0.0220  0.0214  0.0218  0.0211  0.0224  0.0208  0.0213  0.0209  0.0207
  0.0206  0.0205  0.0203  0.0212  0.0206  0.0211  0.0205  0.0211  0.0204  0.0206  0.0204  0.0203
  0.0202  0.0201  0.0201  0.0205  0.0202  0.0204  0.0201  0.0203  0.0201  0.0202  0.0201  0.0201
  0.0200  0.0200  0.0200  0.0200  0.0200  0.0200  0.0200  0.0200  0.0200  0.0200  0.0200  0.0200
  0.0202  0.0201  0.0201  0.0200  0.0202  0.0200  0.0201  0.0203  0.0201  0.0202  0.0201  0.0201
  0.0206  0.0205  0.0204  0.0206  0.0206  0.0208  0.0205  0.0211  0.0204  0.0207  0.0204  0.0203
  0.0214  0.0210  0.0209  0.0219  0.0213  0.0223  0.0211  0.0224  0.0208  0.0214  0.0208  0.0207
niter,ni,del,rscale     3    3    5.0000    0.6000
parameters
    0.8125    6.1484   14.9573    0.5452   -9.6699   -1.8891
   -4.7160    6.5456    4.3811   -6.4930   -8.1811    3.3731
eta,q 0.98004  8.71422
  0.0210  0.0207  0.0206  0.0216  0.0210  0.0215  0.0208  0.0218  0.0206  0.0210  0.0206  0.0204
  0.0205  0.0203  0.0202  0.0209  0.0205  0.0209  0.0203  0.0208  0.0202  0.0204  0.0203  0.0202
  0.0201  0.0201  0.0201  0.0203  0.0201  0.0204  0.0200  0.0202  0.0200  0.0201  0.0200  0.0200
  0.0200  0.0200  0.0200  0.0200  0.0200  0.0200  0.0200  0.0200  0.0200  0.0200  0.0200  0.0200
  0.0201  0.0201  0.0201  0.0200  0.0201  0.0200  0.0201  0.0201  0.0200  0.0201  0.0200  0.0200
  0.0204  0.0203  0.0203  0.0205  0.0205  0.0205  0.0203  0.0208  0.0202  0.0205  0.0203  0.0202
  0.0210  0.0207  0.0206  0.0215  0.0210  0.0215  0.0208  0.0218  0.0206  0.0210  0.0206  0.0205
niter,ni,del,rscale     2    3    5.0000    0.5000
parameters
    0.8232    6.1497   14.9779    0.6264   -9.7093   -1.6963
   -4.7289    6.5760    4.3686   -6.5283   -8.1520    3.2812
eta,q 0.98007  8.71717
  0.0207  0.0205  0.0204  0.0211  0.0207  0.0211  0.0205  0.0213  0.0204  0.0207  0.0204  0.0203
  0.0203  0.0202  0.0202  0.0206  0.0203  0.0206  0.0202  0.0206  0.0201  0.0203  0.0201  0.0201
  0.0200  0.0200  0.0200  0.0202  0.0200  0.0202  0.0200  0.0201  0.0200  0.0200  0.0200  0.0200
  0.0200  0.0200  0.0200  0.0200  0.0200  0.0200  0.0199  0.0199  0.0199  0.0199  0.0199  0.0199
  0.0200  0.0200  0.0200  0.0200  0.0201  0.0199  0.0200  0.0201  0.0200  0.0200  0.0200  0.0200
  0.0203  0.0202  0.0201  0.0204  0.0203  0.0203  0.0202  0.0205  0.0201  0.0203  0.0201  0.0201
  0.0207  0.0205  0.0203  0.0211  0.0207  0.0210  0.0205  0.0213  0.0204  0.0207  0.0204  0.0203
niter,ni,del,rscale     1    3    5.0000    0.4000
parameters
    0.8294    6.1477   15.0095    0.6677   -9.7624   -1.5239
   -4.7450    6.6024    4.3545   -6.5539   -8.1362    3.2127
eta,q 0.98009  8.71901
  0.0204  0.0203  0.0202  0.0207  0.0204  0.0208  0.0203  0.0208  0.0202  0.0204  0.0202  0.0201
  0.0201  0.0201  0.0201  0.0203  0.0201  0.0204  0.0201  0.0203  0.0200  0.0201  0.0201  0.0200
  0.0200  0.0200  0.0200  0.0200  0.0200  0.0201  0.0199  0.0200  0.0199  0.0200  0.0199  0.0199
  0.0199  0.0199  0.0199  0.0199  0.0199  0.0199  0.0199  0.0199  0.0199  0.0199  0.0199  0.0199
  0.0200  0.0200  0.0199  0.0200  0.0200  0.0199  0.0199  0.0200  0.0199  0.0200  0.0199  0.0199
  0.0201  0.0201  0.0200  0.0202  0.0202  0.0201  0.0201  0.0203  0.0200  0.0201  0.0201  0.0200
  0.0204  0.0203  0.0202  0.0207  0.0204  0.0206  0.0203  0.0208  0.0202  0.0204  0.0202  0.0202
registration optimization eta report
parameter search radius
    0.8000    0.8000    0.8000    2.4000    2.4000    2.4000
    2.4000    2.4000    2.4000    2.4000    2.4000    2.4000
100000*second partial in parameter space
       72.       52.       41.       13.        8.       13.
        6.       16.        5.        9.        6.        4.
  0.0204  0.0203  0.0202  0.0207  0.0204  0.0208  0.0203  0.0208  0.0202  0.0204  0.0202  0.0201
  0.0201  0.0201  0.0201  0.0203  0.0201  0.0204  0.0201  0.0203  0.0200  0.0201  0.0201  0.0200
  0.0200  0.0200  0.0200  0.0200  0.0200  0.0201  0.0199  0.0200  0.0199  0.0200  0.0199  0.0199
  0.0199  0.0199  0.0199  0.0199  0.0199  0.0199  0.0199  0.0199  0.0199  0.0199  0.0199  0.0199
  0.0200  0.0200  0.0199  0.0200  0.0200  0.0199  0.0199  0.0200  0.0199  0.0200  0.0199  0.0199
  0.0201  0.0201  0.0200  0.0202  0.0202  0.0201  0.0201  0.0203  0.0200  0.0201  0.0201  0.0200
  0.0204  0.0203  0.0202  0.0207  0.0204  0.0206  0.0203  0.0208  0.0202  0.0204  0.0202  0.0202
    0.8294    6.1477   15.0095    0.6677   -9.7624   -1.5239
   -4.7450    6.6024    4.3545   -6.5539   -8.1362    3.2127
eta,q 0.98009  8.71901

---------------------------------------------------------------------
compute_vox2vox talsrcimg talsrcimg_to_711-2C_as_mni_average_305_t4 /opt/freesurfer/average/711-2C_as_mni_average_305
---------------------------------------------------------------------

freesurfer compute_vox2vox.c
Reading: talsrcimg.4dfp.ifh
Reading: talsrcimg_to_711-2C_as_mni_average_305_t4
Reading: /opt/freesurfer/average/711-2C_as_mni_average_305.4dfp.ifh
Writing: talsrcimg_to_711-2C_as_mni_average_305_t4_vox2vox.txt

start time Fri Mar 13 05:28:12 CET 2026
end		time Fri Mar 13 05:28:25 CET 2026

mpr2mni305 success

avi2talxfm orig_nu.mgz /opt/freesurfer/average/mni305.cor.mgz talsrcimg_to_711-2C_as_mni_average_305_t4_vox2vox.txt transforms/talairach.auto.xfm
avi2talxfm done
mv -f /out/sourcedata/freesurfer/sub-v2s4x29615_ses-1/mri/talsrcimg_to_711-2C_as_mni_average_305_t4_vox2vox.txt /out/sourcedata/freesurfer/sub-v2s4x29615_ses-1/mri/transforms/talsrcimg_to_711-2C_as_mni_average_305_t4_vox2vox.txt
lta_convert --src orig_nu.mgz --trg /opt/freesurfer/average/mni305.cor.mgz --inxfm transforms/talairach.auto.xfm --outlta transforms/talairach.auto.xfm.lta --subject fsaverage
7.3.2

--src: orig_nu.mgz src image (geometry).
--trg: /opt/freesurfer/average/mni305.cor.mgz trg image (geometry).
--inmni: transforms/talairach.auto.xfm input MNI/XFM transform.
--outlta: transforms/talairach.auto.xfm.lta output LTA.
--s: fsaverage subject name
 LTA read, type : 1
 0.98598  -0.06251   0.05407  -4.40433;
 0.08282   1.00782  -0.03153  -12.53038;
-0.04156   0.07621   1.10329  -41.54146;
 0.00000   0.00000   0.00000   1.00000;
setting subject to fsaverage
Writing  LTA to file transforms/talairach.auto.xfm.lta...
lta_convert successful.
 
 
Started at Fri Mar 13 05:28:11 CET 2026
Ended   at Fri Mar 13 05:28:26 CET 2026
talairach_avi done
