/out/sourcedata/freesurfer/sub-v2s4x29619_ses-1/mri
/opt/freesurfer/bin/talairach_avi
--i orig_nu.mgz --xfm transforms/talairach.auto.xfm
talairach_avi 7.3.2
Linux dna061 5.14.0-427.37.1.el9_4.x86_64 #1 SMP PREEMPT_DYNAMIC Fri Sep 13 12:41:50 EDT 2024 x86_64 x86_64 x86_64 GNU/Linux
Fri Mar 13 05:37:26 CET 2026
mri_convert orig_nu.mgz talsrcimg.img 
reading from orig_nu.mgz...
TR=0.00, TE=0.00, TI=0.00, flip angle=0.00
i_ras = (-1, -5.82077e-11, -7.45058e-09)
j_ras = (-7.45058e-09, 0, -1)
k_ras = (-5.82077e-11, 1, 0)
writing to talsrcimg.img...
Analyze Output Matrix
-1.00000  -0.00000  -0.00000   129.99936;
-0.00000   0.00000   1.00000  -138.67133;
-0.00000  -1.00000   0.00000   125.75982;
 0.00000   0.00000   0.00000   1.00000;
--------------------
INFO: set hdr.hist.orient to -1
mpr2mni305 talsrcimg
Fri Mar 13 05:37:26 CET 2026
/opt/freesurfer/bin/mpr2mni305 talsrcimg
mpr2mni305 7.3.2
target=711-2C_as_mni_average_305

---------------------------------------------------------------------
analyzeto4dfp talsrcimg -O0 -y
---------------------------------------------------------------------

freesurfer ifh2hdr.c
Fri Mar 13 05:37:27 2026
Writing: talsrcimg.4dfp.hdr
freesurfer analyzeto4dfp.c
Reading: talsrcimg.hdr
header size 348 bytes
hdr.dime.datatype	offset=70	value=2
hdr.dime.bitpix		offset=72	value=8
hdr.hist.orient		offset=252	value=-1
dimensionality     4
dimensions       256       256       256         1
Reading: talsrcimg.img
Writing: talsrcimg.4dfp.img
Writing: talsrcimg.4dfp.ifh
ifh2hdr talsrcimg -r0to255
ori=2

---------------------------------------------------------------------
gauss_4dfp talsrcimg 1.1
---------------------------------------------------------------------

freesurfer gauss_4dfp.c
Reading: talsrcimg.4dfp.img
Writing: talsrcimg_g11.4dfp.img
image dimensions 256 256 256 padded to 288 288 288
processing volume 1freesurfer ifh2hdr.c
Fri Mar 13 05:37:28 2026
Writing: talsrcimg_g11.4dfp.hdr

Writing: talsrcimg_g11.4dfp.ifh
including: talsrcimg.4dfp.img.rec in talsrcimg_g11.4dfp.img.rec

---------------------------------------------------------------------
imgreg_4dfp /opt/freesurfer/average/711-2C_as_mni_average_305 none talsrcimg_g11 none talsrcimg_to_711-2C_as_mni_average_305_t4 4355
---------------------------------------------------------------------

freesurfer imgreg_4dfp.c
/opt/freesurfer/average/711-2C_as_mni_average_305.4dfp.img
       256       256       256         1
  1.000000  1.000000  1.000000
orientation T byte_order littleendian
Reading image: /opt/freesurfer/average/711-2C_as_mni_average_305.4dfp.img
dimensions:      256       256       256
mmppix:       1.0000   -1.0000   -1.0000
center:     128.0000 -129.0000 -129.0000
talsrcimg_g11.4dfp.img
       256       256       256         1
  1.000000  1.000000  1.000000
orientation T byte_order littleendian
Reading image: talsrcimg_g11.4dfp.img
dimensions:      256       256       256
mmppix:       1.0000   -1.0000   -1.0000
center:     128.0000 -129.0000 -129.0000
t4_read: open error in t4_sub.f l:  41 t4_file(1:l)talsrcimg_to_711-2C_as_mni_average_305_t4 
t4_read: transform initialized to I4
rotation matrix determinant  1.000000
image alignment mode   4355 decimal     1103 hex
   -7.5000  -45.0000  -45.0000 5247.3486   15.3992
    0.0000  -45.0000  -45.0000 5489.0884   15.4454
    7.5000  -45.0000  -45.0000 5235.0361   15.4428
   -7.5000  -37.5000  -45.0000 5798.4565   14.9849
    0.0000  -37.5000  -45.0000 6051.5347   15.0281
    7.5000  -37.5000  -45.0000 5784.1265   15.0285
   -7.5000  -30.0000  -45.0000 6607.7261   14.7284
    0.0000  -30.0000  -45.0000 6889.9409   14.7689
    7.5000  -30.0000  -45.0000 6580.1304   14.7722
   -7.5000  -22.5000  -45.0000 7458.1128   14.6052
    0.0000  -22.5000  -45.0000 7779.1260   14.6425
    7.5000  -22.5000  -45.0000 7410.1514   14.6442
   -7.5000  -15.0000  -45.0000 8322.0859   14.6238
    0.0000  -15.0000  -45.0000 8674.1406   14.6595
    7.5000  -15.0000  -45.0000 8246.1641   14.6578
   -7.5000   -7.5000  -45.0000 9232.5195   14.6206
    0.0000   -7.5000  -45.0000 9640.9902   14.6577
    7.5000   -7.5000  -45.0000 9142.4492   14.6532
   -7.5000    0.0000  -45.000010056.2480   14.5945
    0.0000    0.0000  -45.000010506.5156   14.6346
    7.5000    0.0000  -45.0000 9958.8848   14.6304
   -7.5000    7.5000  -45.000010080.1211   14.5691
    0.0000    7.5000  -45.000010525.6719   14.6102
    7.5000    7.5000  -45.0000 9966.4443   14.6104
   -7.5000   15.0000  -45.0000 9957.5850   14.5680
    0.0000   15.0000  -45.000010385.2637   14.6077
    7.5000   15.0000  -45.0000 9833.7275   14.6108
   -7.5000   22.5000  -45.0000 9764.9893   14.5946
    0.0000   22.5000  -45.000010164.2812   14.6318
    7.5000   22.5000  -45.0000 9626.2139   14.6335
   -7.5000   30.0000  -45.0000 9489.8467   14.4289
    0.0000   30.0000  -45.0000 9868.1650   14.4641
    7.5000   30.0000  -45.0000 9343.0557   14.4625
   -7.5000   37.5000  -45.0000 9602.6299   14.4257
    0.0000   37.5000  -45.0000 9994.2793   14.4624
    7.5000   37.5000  -45.0000 9481.4619   14.4579
   -7.5000   45.0000  -45.0000 9369.3057   14.0344
    0.0000   45.0000  -45.0000 9734.8584   14.0729
    7.5000   45.0000  -45.0000 9260.8672   14.0689
   -7.5000  -45.0000  -37.5000 5675.8403   15.2871
    0.0000  -45.0000  -37.5000 5925.8994   15.3343
    7.5000  -45.0000  -37.5000 5661.2954   15.3270
   -7.5000  -37.5000  -37.5000 6257.0083   14.8790
    0.0000  -37.5000  -37.5000 6519.1904   14.9209
    7.5000  -37.5000  -37.5000 6240.7500   14.9160
   -7.5000  -30.0000  -37.5000 7133.1768   14.6221
    0.0000  -30.0000  -37.5000 7435.7197   14.6609
    7.5000  -30.0000  -37.5000 7100.8135   14.6613
   -7.5000  -22.5000  -37.5000 8053.8208   14.4985
    0.0000  -22.5000  -37.5000 8392.1904   14.5367
    7.5000  -22.5000  -37.5000 7999.8647   14.5380
   -7.5000  -15.0000  -37.5000 8993.3066   14.5189
    0.0000  -15.0000  -37.5000 9369.5186   14.5579
    7.5000  -15.0000  -37.5000 8921.9062   14.5559
   -7.5000   -7.5000  -37.5000 9970.5215   14.5195
    0.0000   -7.5000  -37.500010386.6680   14.5601
    7.5000   -7.5000  -37.5000 9888.1855   14.5533
   -7.5000    0.0000  -37.500010822.7627   14.4962
    0.0000    0.0000  -37.500011302.0332   14.5377
    7.5000    0.0000  -37.500010754.8584   14.5291
   -7.5000    7.5000  -37.500010837.8184   14.4696
    0.0000    7.5000  -37.500011323.9004   14.5094
    7.5000    7.5000  -37.500010754.8574   14.5046
   -7.5000   15.0000  -37.500010704.2812   14.4641
    0.0000   15.0000  -37.500011176.8799   14.5022
    7.5000   15.0000  -37.500010582.7256   14.5025
   -7.5000   22.5000  -37.500010452.0020   14.4880
    0.0000   22.5000  -37.500010893.8945   14.5262
    7.5000   22.5000  -37.500010326.8076   14.5275
   -7.5000   30.0000  -37.500010166.5557   14.3254
    0.0000   30.0000  -37.500010587.5918   14.3639
    7.5000   30.0000  -37.500010032.4775   14.3619
   -7.5000   37.5000  -37.500010270.6807   14.3260
    0.0000   37.5000  -37.500010697.8369   14.3661
    7.5000   37.5000  -37.500010142.0723   14.3594
   -7.5000   45.0000  -37.5000 9976.3545   13.9398
    0.0000   45.0000  -37.500010370.7236   13.9797
    7.5000   45.0000  -37.5000 9840.8477   13.9715
   -7.5000  -45.0000  -30.0000 6218.4131   15.9505
    0.0000  -45.0000  -30.0000 6485.7129   15.9908
    7.5000  -45.0000  -30.0000 6207.4224   15.9789
   -7.5000  -37.5000  -30.0000 6864.3247   15.5302
    0.0000  -37.5000  -30.0000 7149.7861   15.5637
    7.5000  -37.5000  -30.0000 6840.9946   15.5505
   -7.5000  -30.0000  -30.0000 7839.7520   15.2579
    0.0000  -30.0000  -30.0000 8162.7939   15.2910
    7.5000  -30.0000  -30.0000 7802.7939   15.2847
   -7.5000  -22.5000  -30.0000 8836.8145   15.1217
    0.0000  -22.5000  -30.0000 9200.7734   15.1588
    7.5000  -22.5000  -30.0000 8786.5312   15.1580
   -7.5000  -15.0000  -30.0000 9882.0449   15.1398
    0.0000  -15.0000  -30.000010276.2861   15.1797
    7.5000  -15.0000  -30.0000 9803.7178   15.1786
   -7.5000   -7.5000  -30.000010918.8242   15.1450
    0.0000   -7.5000  -30.000011354.6338   15.1837
    7.5000   -7.5000  -30.000010831.3203   15.1767
   -7.5000    0.0000  -30.000011843.9844   15.1282
    0.0000    0.0000  -30.000012329.3027   15.1635
    7.5000    0.0000  -30.000011755.0684   15.1501
   -7.5000    7.5000  -30.000011830.5527   15.1031
    0.0000    7.5000  -30.000012339.8867   15.1348
    7.5000    7.5000  -30.000011730.1523   15.1221
   -7.5000   15.0000  -30.000011660.6592   15.0929
    0.0000   15.0000  -30.000012168.9922   15.1254
    7.5000   15.0000  -30.000011546.3643   15.1191
   -7.5000   22.5000  -30.000011347.0840   15.1093
    0.0000   22.5000  -30.000011853.2100   15.1463
    7.5000   22.5000  -30.000011231.6484   15.1454
   -7.5000   30.0000  -30.000011038.0264   14.9395
    0.0000   30.0000  -30.000011514.3369   14.9788
    7.5000   30.0000  -30.000010907.4795   14.9778
   -7.5000   37.5000  -30.000011122.6846   14.9446
    0.0000   37.5000  -30.000011583.6123   14.9828
    7.5000   37.5000  -30.000010970.5801   14.9759
   -7.5000   45.0000  -30.000010726.6533   14.5583
    0.0000   45.0000  -30.000011172.9082   14.5922
    7.5000   45.0000  -30.000010581.4932   14.5794
   -7.5000  -45.0000  -22.5000 6783.0967   16.5314
    0.0000  -45.0000  -22.5000 7079.3423   16.5619
    7.5000  -45.0000  -22.5000 6774.6685   16.5505
   -7.5000  -37.5000  -22.5000 7491.9512   16.1016
    0.0000  -37.5000  -22.5000 7803.2549   16.1259
    7.5000  -37.5000  -22.5000 7460.1411   16.1091
   -7.5000  -30.0000  -22.5000 8547.6221   15.8193
    0.0000  -30.0000  -22.5000 8890.5342   15.8465
    7.5000  -30.0000  -22.5000 8490.9385   15.8357
   -7.5000  -22.5000  -22.5000 9624.2178   15.6725
    0.0000  -22.5000  -22.500010003.6045   15.7057
    7.5000  -22.5000  -22.5000 9565.8193   15.7031
   -7.5000  -15.0000  -22.500010737.9951   15.6849
    0.0000  -15.0000  -22.500011173.5322   15.7210
    7.5000  -15.0000  -22.500010675.4912   15.7219
   -7.5000   -7.5000  -22.500011842.2236   15.6906
    0.0000   -7.5000  -22.500012324.8379   15.7230
    7.5000   -7.5000  -22.500011764.9229   15.7186
   -7.5000    0.0000  -22.500012832.2705   15.6790
    0.0000    0.0000  -22.500013352.2344   15.7048
    7.5000    0.0000  -22.500012749.3018   15.6915
   -7.5000    7.5000  -22.500012791.5381   15.6579
    0.0000    7.5000  -22.500013311.6768   15.6808
    7.5000    7.5000  -22.500012690.2881   15.6647
   -7.5000   15.0000  -22.500012600.0137   15.6478
    0.0000   15.0000  -22.500013139.5410   15.6745
    7.5000   15.0000  -22.500012515.9180   15.6639
   -7.5000   22.5000  -22.500012253.3379   15.6585
    0.0000   22.5000  -22.500012820.3232   15.6917
    7.5000   22.5000  -22.500012142.3604   15.6891
   -7.5000   30.0000  -22.500011899.7100   15.4798
    0.0000   30.0000  -22.500012440.0234   15.5154
    7.5000   30.0000  -22.500011777.3174   15.5162
   -7.5000   37.5000  -22.500011948.3457   15.4853
    0.0000   37.5000  -22.500012485.1709   15.5173
    7.5000   37.5000  -22.500011815.9482   15.5130
   -7.5000   45.0000  -22.500011488.2705   15.0996
    0.0000   45.0000  -22.500011942.0898   15.1245
    7.5000   45.0000  -22.500011314.3467   15.1117
   -7.5000  -45.0000  -15.0000 7324.9604   16.9369
    0.0000  -45.0000  -15.0000 7649.1514   16.9654
    7.5000  -45.0000  -15.0000 7307.0522   16.9582
   -7.5000  -37.5000  -15.0000 8110.0664   16.4970
    0.0000  -37.5000  -15.0000 8451.1465   16.5218
    7.5000  -37.5000  -15.0000 8066.0884   16.5091
   -7.5000  -30.0000  -15.0000 9240.8604   16.2119
    0.0000  -30.0000  -15.0000 9617.4570   16.2401
    7.5000  -30.0000  -15.0000 9189.3799   16.2311
   -7.5000  -22.5000  -15.000010393.0889   16.0628
    0.0000  -22.5000  -15.000010810.7041   16.0944
    7.5000  -22.5000  -15.000010339.8281   16.0917
   -7.5000  -15.0000  -15.000011605.8906   16.0726
    0.0000  -15.0000  -15.000012071.4824   16.1046
    7.5000  -15.0000  -15.000011533.4893   16.1057
   -7.5000   -7.5000  -15.000012757.7822   16.0742
    0.0000   -7.5000  -15.000013286.2422   16.1025
    7.5000   -7.5000  -15.000012703.0732   16.1003
   -7.5000    0.0000  -15.000013788.4727   16.0607
    0.0000    0.0000  -15.000014334.8096   16.0843
    7.5000    0.0000  -15.000013736.3555   16.0748
   -7.5000    7.5000  -15.000013724.2480   16.0415
    0.0000    7.5000  -15.000014246.7676   16.0649
    7.5000    7.5000  -15.000013660.0303   16.0527
   -7.5000   15.0000  -15.000013526.7607   16.0359
    0.0000   15.0000  -15.000014127.6279   16.0635
    7.5000   15.0000  -15.000013460.4746   16.0547
   -7.5000   22.5000  -15.000013151.1162   16.0477
    0.0000   22.5000  -15.000013780.9775   16.0792
    7.5000   22.5000  -15.000013063.3184   16.0765
   -7.5000   30.0000  -15.000012732.5039   15.8646
    0.0000   30.0000  -15.000013350.3877   15.8962
    7.5000   30.0000  -15.000012656.9961   15.8973
   -7.5000   37.5000  -15.000012783.5312   15.8662
    0.0000   37.5000  -15.000013387.7637   15.8941
    7.5000   37.5000  -15.000012692.3789   15.8919
   -7.5000   45.0000  -15.000012251.2041   15.4766
    0.0000   45.0000  -15.000012766.8770   15.4993
    7.5000   45.0000  -15.000012086.3301   15.4901
   -7.5000  -45.0000   -7.5000 7920.5376   17.1071
    0.0000  -45.0000   -7.5000 8240.4600   17.1453
    7.5000  -45.0000   -7.5000 7892.8057   17.1420
   -7.5000  -37.5000   -7.5000 8780.7832   16.6566
    0.0000  -37.5000   -7.5000 9127.7764   16.6929
    7.5000  -37.5000   -7.5000 8734.4277   16.6888
   -7.5000  -30.0000   -7.500010011.2324   16.3729
    0.0000  -30.0000   -7.500010397.6748   16.4098
    7.5000  -30.0000   -7.5000 9942.2324   16.4080
   -7.5000  -22.5000   -7.500011236.0830   16.2304
    0.0000  -22.5000   -7.500011655.9971   16.2656
    7.5000  -22.5000   -7.500011148.1787   16.2648
   -7.5000  -15.0000   -7.500012523.9922   16.2442
    0.0000  -15.0000   -7.500012997.7510   16.2772
    7.5000  -15.0000   -7.500012429.2070   16.2765
   -7.5000   -7.5000   -7.500013740.0859   16.2414
    0.0000   -7.5000   -7.500014283.2891   16.2733
    7.5000   -7.5000   -7.500013690.1143   16.2702
   -7.5000    0.0000   -7.500014831.2646   16.2194
    0.0000    0.0000   -7.500015397.1650   16.2516
    7.5000    0.0000   -7.500014804.3564   16.2462
   -7.5000    7.5000   -7.500014736.6982   16.1968
    0.0000    7.5000   -7.500015297.0312   16.2312
    7.5000    7.5000   -7.500014712.0225   16.2271
   -7.5000   15.0000   -7.500014484.2783   16.1954
    0.0000   15.0000   -7.500015164.5156   16.2316
    7.5000   15.0000   -7.500014410.4648   16.2298
   -7.5000   22.5000   -7.500014023.5098   16.2134
    0.0000   22.5000   -7.500014677.4023   16.2485
    7.5000   22.5000   -7.500013996.6172   16.2477
   -7.5000   30.0000   -7.500013548.5068   16.0336
    0.0000   30.0000   -7.500014198.6719   16.0662
    7.5000   30.0000   -7.500013548.6094   16.0655
   -7.5000   37.5000   -7.500013635.3994   16.0308
    0.0000   37.5000   -7.500014250.4600   16.0622
    7.5000   37.5000   -7.500013561.5244   16.0592
   -7.5000   45.0000   -7.500013046.1309   15.6325
    0.0000   45.0000   -7.500013595.8037   15.6635
    7.5000   45.0000   -7.500012898.9707   15.6583
   -7.5000  -45.0000    0.0000 8476.2383   17.1093
    0.0000  -45.0000    0.0000 8835.0303   17.1599
    7.5000  -45.0000    0.0000 8435.6641   17.1566
   -7.5000  -37.5000    0.0000 9404.6973   16.6525
    0.0000  -37.5000    0.0000 9806.4336   16.6997
    7.5000  -37.5000    0.0000 9357.4443   16.6998
   -7.5000  -30.0000    0.000010711.3369   16.3693
    0.0000  -30.0000    0.000011137.2314   16.4136
    7.5000  -30.0000    0.000010629.2812   16.4169
   -7.5000  -22.5000    0.000011997.1416   16.2330
    0.0000  -22.5000    0.000012455.3516   16.2738
    7.5000  -22.5000    0.000011909.2656   16.2754
   -7.5000  -15.0000    0.000013333.2676   16.2533
    0.0000  -15.0000    0.000013838.5410   16.2923
    7.5000  -15.0000    0.000013235.4502   16.2902
   -7.5000   -7.5000    0.000014603.0020   16.2498
    0.0000   -7.5000    0.000015125.8984   16.2904
    7.5000   -7.5000    0.000014541.5029   16.2851
   -7.5000    0.0000    0.000015769.0410   16.2213
    0.0000    0.0000    0.000016312.4883   16.2652
    7.5000    0.0000    0.000015726.8213   16.2602
   -7.5000    7.5000    0.000015680.3516   16.1935
    0.0000    7.5000    0.000016325.9072   16.2385
    7.5000    7.5000    0.000015645.5557   16.2383
   -7.5000   15.0000    0.000015354.6465   16.1923
    0.0000   15.0000    0.000016094.9492   16.2357
    7.5000   15.0000    0.000015330.7012   16.2388
   -7.5000   22.5000    0.000014761.7148   16.2160
    0.0000   22.5000    0.000015437.5205   16.2567
    7.5000   22.5000    0.000014836.4551   16.2583
   -7.5000   30.0000    0.000014291.8613   16.0430
    0.0000   30.0000    0.000014891.9971   16.0815
    7.5000   30.0000    0.000014327.1943   16.0794
   -7.5000   37.5000    0.000014374.8721   16.0395
    0.0000   37.5000    0.000014957.2871   16.0796
    7.5000   37.5000    0.000014338.5449   16.0743
   -7.5000   45.0000    0.000013697.1396   15.6355
    0.0000   45.0000    0.000014224.4961   15.6778
    7.5000   45.0000    0.000013611.2764   15.6729
   -7.5000  -45.0000    7.5000 8328.4141   17.1043
    0.0000  -45.0000    7.5000 8684.5908   17.1572
    7.5000  -45.0000    7.5000 8292.5527   17.1490
   -7.5000  -37.5000    7.5000 9262.0176   16.6478
    0.0000  -37.5000    7.5000 9664.5654   16.6946
    7.5000  -37.5000    7.5000 9206.3389   16.6892
   -7.5000  -30.0000    7.500010550.5732   16.3604
    0.0000  -30.0000    7.500010981.7256   16.4038
    7.5000  -30.0000    7.500010477.7188   16.4042
   -7.5000  -22.5000    7.500011831.5879   16.2221
    0.0000  -22.5000    7.500012312.6094   16.2649
    7.5000  -22.5000    7.500011757.3594   16.2664
   -7.5000  -15.0000    7.500013109.8506   16.2449
    0.0000  -15.0000    7.500013602.5957   16.2886
    7.5000  -15.0000    7.500013014.6172   16.2864
   -7.5000   -7.5000    7.500014309.8135   16.2456
    0.0000   -7.5000    7.500014819.7744   16.2911
    7.5000   -7.5000    7.500014230.6318   16.2835
   -7.5000    0.0000    7.500015487.1104   16.2195
    0.0000    0.0000    7.500016086.7119   16.2659
    7.5000    0.0000    7.500015424.6523   16.2563
   -7.5000    7.5000    7.500015462.8828   16.1898
    0.0000    7.5000    7.500016171.0605   16.2343
    7.5000    7.5000    7.500015454.3311   16.2290
   -7.5000   15.0000    7.500015116.3564   16.1837
    0.0000   15.0000    7.500015791.2998   16.2262
    7.5000   15.0000    7.500015189.5801   16.2266
   -7.5000   22.5000    7.500014442.8418   16.2052
    0.0000   22.5000    7.500015025.6143   16.2479
    7.5000   22.5000    7.500014596.1436   16.2494
   -7.5000   30.0000    7.500013962.7744   16.0347
    0.0000   30.0000    7.500014484.9189   16.0778
    7.5000   30.0000    7.500014074.6455   16.0756
   -7.5000   37.5000    7.500014049.1035   16.0354
    0.0000   37.5000    7.500014578.2617   16.0802
    7.5000   37.5000    7.500014084.3135   16.0727
   -7.5000   45.0000    7.500013331.4502   15.6338
    0.0000   45.0000    7.500013808.0430   15.6785
    7.5000   45.0000    7.500013306.0928   15.6692
   -7.5000  -45.0000   15.0000 8087.0571   17.1282
    0.0000  -45.0000   15.0000 8438.1836   17.1715
    7.5000  -45.0000   15.0000 8062.7075   17.1587
   -7.5000  -37.5000   15.0000 8986.9961   16.6768
    0.0000  -37.5000   15.0000 9383.2314   16.7129
    7.5000  -37.5000   15.0000 8937.5332   16.6987
   -7.5000  -30.0000   15.000010225.6816   16.3845
    0.0000  -30.0000   15.000010660.0498   16.4200
    7.5000  -30.0000   15.000010153.5264   16.4132
   -7.5000  -22.5000   15.000011465.2871   16.2383
    0.0000  -22.5000   15.000011937.5205   16.2780
    7.5000  -22.5000   15.000011369.5518   16.2772
   -7.5000  -15.0000   15.000012683.3916   16.2577
    0.0000  -15.0000   15.000013168.4482   16.3005
    7.5000  -15.0000   15.000012569.2295   16.2994
   -7.5000   -7.5000   15.000013841.8916   16.2632
    0.0000   -7.5000   15.000014360.8594   16.3048
    7.5000   -7.5000   15.000013741.1045   16.2973
   -7.5000    0.0000   15.000014924.1738   16.2452
    0.0000    0.0000   15.000015513.6768   16.2831
    7.5000    0.0000   15.000014855.0684   16.2688
   -7.5000    7.5000   15.000014894.6445   16.2182
    0.0000    7.5000   15.000015445.9941   16.2523
    7.5000    7.5000   15.000014861.4102   16.2386
   -7.5000   15.0000   15.000014588.5947   16.2073
    0.0000   15.0000   15.000015090.3896   16.2422
    7.5000   15.0000   15.000014690.3965   16.2354
   -7.5000   22.5000   15.000013989.4424   16.2213
    0.0000   22.5000   15.000014486.5361   16.2610
    7.5000   22.5000   15.000014242.7734   16.2601
   -7.5000   30.0000   15.000013532.1924   16.0473
    0.0000   30.0000   15.000014034.9268   16.0895
    7.5000   30.0000   15.000013736.8936   16.0884
   -7.5000   37.5000   15.000013625.4160   16.0527
    0.0000   37.5000   15.000014111.3447   16.0938
    7.5000   37.5000   15.000013691.2900   16.0864
   -7.5000   45.0000   15.000012913.1904   15.6585
    0.0000   45.0000   15.000013317.4932   15.6950
    7.5000   45.0000   15.000012837.8682   15.6812
   -7.5000  -45.0000   22.5000 7736.5903   17.1609
    0.0000  -45.0000   22.5000 8064.2485   17.1925
    7.5000  -45.0000   22.5000 7708.7583   17.1807
   -7.5000  -37.5000   22.5000 8606.1221   16.7147
    0.0000  -37.5000   22.5000 8973.3770   16.7400
    7.5000  -37.5000   22.5000 8550.7910   16.7225
   -7.5000  -30.0000   22.5000 9799.5293   16.4217
    0.0000  -30.0000   22.500010206.4229   16.4499
    7.5000  -30.0000   22.5000 9735.2227   16.4387
   -7.5000  -22.5000   22.500010981.1934   16.2693
    0.0000  -22.5000   22.500011443.5703   16.3038
    7.5000  -22.5000   22.500010912.2617   16.3011
   -7.5000  -15.0000   22.500012161.3760   16.2822
    0.0000  -15.0000   22.500012675.7588   16.3197
    7.5000  -15.0000   22.500012078.7803   16.3205
   -7.5000   -7.5000   22.500013299.3311   16.2880
    0.0000   -7.5000   22.500013860.5654   16.3217
    7.5000   -7.5000   22.500013223.9922   16.3171
   -7.5000    0.0000   22.500014295.0537   16.2760
    0.0000    0.0000   22.500014860.8740   16.3029
    7.5000    0.0000   22.500014220.6055   16.2890
   -7.5000    7.5000   22.500014204.1133   16.2541
    0.0000    7.5000   22.500014663.7646   16.2780
    7.5000    7.5000   22.500014104.1816   16.2612
   -7.5000   15.0000   22.500013993.4766   16.2437
    0.0000   15.0000   22.500014411.0635   16.2714
    7.5000   15.0000   22.500013897.6650   16.2603
   -7.5000   22.5000   22.500013633.4180   16.2523
    0.0000   22.5000   22.500014082.4043   16.2867
    7.5000   22.5000   22.500013574.2764   16.2840
   -7.5000   30.0000   22.500013185.0205   16.0715
    0.0000   30.0000   22.500013646.7295   16.1085
    7.5000   30.0000   22.500013138.8838   16.1093
   -7.5000   37.5000   22.500013172.8115   16.0772
    0.0000   37.5000   22.500013614.5059   16.1105
    7.5000   37.5000   22.500013084.9863   16.1059
   -7.5000   45.0000   22.500012330.5508   15.6882
    0.0000   45.0000   22.500012703.2461   15.7141
    7.5000   45.0000   22.500012210.6230   15.7007
   -7.5000  -45.0000   30.0000 7293.3320   17.1693
    0.0000  -45.0000   30.0000 7624.6943   17.1982
    7.5000  -45.0000   30.0000 7287.6753   17.1909
   -7.5000  -37.5000   30.0000 8100.3599   16.7234
    0.0000  -37.5000   30.0000 8451.6758   16.7485
    7.5000  -37.5000   30.0000 8076.8403   16.7357
   -7.5000  -30.0000   30.0000 9237.3574   16.4344
    0.0000  -30.0000   30.0000 9623.5977   16.4629
    7.5000  -30.0000   30.0000 9204.9336   16.4539
   -7.5000  -22.5000   30.000010376.4678   16.2833
    0.0000  -22.5000   30.000010816.6230   16.3153
    7.5000  -22.5000   30.000010321.1982   16.3125
   -7.5000  -15.0000   30.000011501.9141   16.2932
    0.0000  -15.0000   30.000012017.6963   16.3256
    7.5000  -15.0000   30.000011429.6680   16.3267
   -7.5000   -7.5000   30.000012589.4414   16.2948
    0.0000   -7.5000   30.000013159.3496   16.3235
    7.5000   -7.5000   30.000012496.0908   16.3213
   -7.5000    0.0000   30.000013564.5557   16.2812
    0.0000    0.0000   30.000014117.3291   16.3050
    7.5000    0.0000   30.000013411.1963   16.2954
   -7.5000    7.5000   30.000013462.9102   16.2617
    0.0000    7.5000   30.000013932.9346   16.2854
    7.5000    7.5000   30.000013273.7891   16.2730
   -7.5000   15.0000   30.000013219.1582   16.2559
    0.0000   15.0000   30.000013638.6113   16.2840
    7.5000   15.0000   30.000013021.5820   16.2751
   -7.5000   22.5000   30.000012912.3047   16.2662
    0.0000   22.5000   30.000013320.4727   16.2982
    7.5000   22.5000   30.000012726.8271   16.2954
   -7.5000   30.0000   30.000012485.9961   16.0823
    0.0000   30.0000   30.000012906.6875   16.1143
    7.5000   30.0000   30.000012365.7285   16.1155
   -7.5000   37.5000   30.000012453.7422   16.0840
    0.0000   37.5000   30.000012864.8984   16.1123
    7.5000   37.5000   30.000012337.9268   16.1100
   -7.5000   45.0000   30.000011612.0947   15.6932
    0.0000   45.0000   30.000011981.7715   15.7162
    7.5000   45.0000   30.000011529.2529   15.7069
   -7.5000  -45.0000   37.5000 7069.1719   17.1444
    0.0000  -45.0000   37.5000 7385.6675   17.1826
    7.5000  -45.0000   37.5000 7098.9004   17.1792
   -7.5000  -37.5000   37.5000 7837.2124   16.6928
    0.0000  -37.5000   37.5000 8178.2607   16.7291
    7.5000  -37.5000   37.5000 7843.1396   16.7249
   -7.5000  -30.0000   37.5000 8948.6455   16.4084
    0.0000  -30.0000   37.5000 9328.9258   16.4453
    7.5000  -30.0000   37.5000 8926.3789   16.4435
   -7.5000  -22.5000   37.500010065.5371   16.2656
    0.0000  -22.5000   37.500010505.2842   16.3008
    7.5000  -22.5000   37.500010011.5459   16.3000
   -7.5000  -15.0000   37.500011167.5801   16.2794
    0.0000  -15.0000   37.500011685.6650   16.3125
    7.5000  -15.0000   37.500011092.1309   16.3117
   -7.5000   -7.5000   37.500012210.7246   16.2766
    0.0000   -7.5000   37.500012776.7559   16.3085
    7.5000   -7.5000   37.500012105.6816   16.3054
   -7.5000    0.0000   37.500013121.5635   16.2546
    0.0000    0.0000   37.500013698.2070   16.2869
    7.5000    0.0000   37.500012991.1094   16.2814
   -7.5000    7.5000   37.500012983.4307   16.2319
    0.0000    7.5000   37.500013517.7744   16.2663
    7.5000    7.5000   37.500012846.3643   16.2622
   -7.5000   15.0000   37.500012732.6709   16.2305
    0.0000   15.0000   37.500013224.6543   16.2667
    7.5000   15.0000   37.500012608.2510   16.2648
   -7.5000   22.5000   37.500012417.1025   16.2486
    0.0000   22.5000   37.500012875.7559   16.2837
    7.5000   22.5000   37.500012282.4629   16.2829
   -7.5000   30.0000   37.500012043.9727   16.0688
    0.0000   30.0000   37.500012484.8926   16.1014
    7.5000   30.0000   37.500011945.4316   16.1006
   -7.5000   37.5000   37.500012056.6621   16.0659
    0.0000   37.5000   37.500012472.0312   16.0975
    7.5000   37.5000   37.500011965.1221   16.0944
   -7.5000   45.0000   37.500011271.7676   15.6675
    0.0000   45.0000   37.500011649.4600   15.6987
    7.5000   45.0000   37.500011183.7861   15.6934
   -7.5000  -45.0000   45.0000 6526.5674   17.1665
    0.0000  -45.0000   45.0000 6825.2002   17.2177
    7.5000  -45.0000   45.0000 6560.1802   17.2138
   -7.5000  -37.5000   45.0000 7238.7427   16.7035
    0.0000  -37.5000   45.0000 7554.5063   16.7514
    7.5000  -37.5000   45.0000 7244.8232   16.7509
   -7.5000  -30.0000   45.0000 8269.3555   16.4166
    0.0000  -30.0000   45.0000 8610.4590   16.4615
    7.5000  -30.0000   45.0000 8239.2695   16.4642
   -7.5000  -22.5000   45.0000 9300.0654   16.2786
    0.0000  -22.5000   45.0000 9684.9062   16.3198
    7.5000  -22.5000   45.0000 9260.3867   16.3208
   -7.5000  -15.0000   45.000010314.6270   16.2992
    0.0000  -15.0000   45.000010745.2646   16.3387
    7.5000  -15.0000   45.000010251.7725   16.3360
   -7.5000   -7.5000   45.000011245.7559   16.2958
    0.0000   -7.5000   45.000011729.7939   16.3369
    7.5000   -7.5000   45.000011176.5420   16.3310
   -7.5000    0.0000   45.000012094.7529   16.2670
    0.0000    0.0000   45.000012595.0312   16.3115
    7.5000    0.0000   45.000012009.3428   16.3059
   -7.5000    7.5000   45.000011947.4502   16.2388
    0.0000    7.5000   45.000012418.5488   16.2844
    7.5000    7.5000   45.000011868.7412   16.2836
   -7.5000   15.0000   45.000011720.0244   16.2374
    0.0000   15.0000   45.000012160.3115   16.2814
    7.5000   15.0000   45.000011634.6279   16.2839
   -7.5000   22.5000   45.000011416.1367   16.2614
    0.0000   22.5000   45.000011847.7852   16.3026
    7.5000   22.5000   45.000011320.5859   16.3036
   -7.5000   30.0000   45.000011093.3125   16.0869
    0.0000   30.0000   45.000011505.6738   16.1258
    7.5000   30.0000   45.000011021.0957   16.1232
   -7.5000   37.5000   45.000011112.8535   16.0835
    0.0000   37.5000   45.000011511.6758   16.1241
    7.5000   37.5000   45.000011055.4277   16.1182
   -7.5000   45.0000   45.000010408.7891   15.6866
    0.0000   45.0000   45.000010767.7646   15.7295
    7.5000   45.0000   45.000010327.2783   15.7241

---------------------------------------------------------------------
imgreg_4dfp /opt/freesurfer/average/711-2C_as_mni_average_305 /opt/freesurfer/average/711-2B_as_mni_average_305_mask talsrcimg_g11 none talsrcimg_to_711-2C_as_mni_average_305_t4 4355
---------------------------------------------------------------------

freesurfer imgreg_4dfp.c
/opt/freesurfer/average/711-2C_as_mni_average_305.4dfp.img
       256       256       256         1
  1.000000  1.000000  1.000000
orientation T byte_order littleendian
Reading image: /opt/freesurfer/average/711-2C_as_mni_average_305.4dfp.img
dimensions:      256       256       256
mmppix:       1.0000   -1.0000   -1.0000
center:     128.0000 -129.0000 -129.0000
/opt/freesurfer/average/711-2B_as_mni_average_305_mask.4dfp.img
       256       256       256         1
  1.000000  1.000000  1.000000
orientation T byte_order littleendian
Reading mask: /opt/freesurfer/average/711-2B_as_mni_average_305_mask.4dfp.img (2306576 pixels)
talsrcimg_g11.4dfp.img
       256       256       256         1
  1.000000  1.000000  1.000000
orientation T byte_order littleendian
Reading image: talsrcimg_g11.4dfp.img
dimensions:      256       256       256
mmppix:       1.0000   -1.0000   -1.0000
center:     128.0000 -129.0000 -129.0000
rotation matrix determinant  1.000000
image alignment mode   4355 decimal     1103 hex
   -7.5000  -37.5000  -45.0000 1666.9697   24.0893
    0.0000  -37.5000  -45.0000 1667.5646   24.2362
    7.5000  -37.5000  -45.0000 1648.3032   24.6663
   -7.5000  -30.0000  -45.0000 1787.6727   21.0629
    0.0000  -30.0000  -45.0000 1784.7506   21.1394
    7.5000  -30.0000  -45.0000 1768.0485   21.5158
   -7.5000  -22.5000  -45.0000 1900.6725   18.9385
    0.0000  -22.5000  -45.0000 1899.2225   18.9776
    7.5000  -22.5000  -45.0000 1878.9421   19.2556
   -7.5000  -15.0000  -45.0000 1989.5540   17.3875
    0.0000  -15.0000  -45.0000 1989.8145   17.4421
    7.5000  -15.0000  -45.0000 1964.9213   17.6411
   -7.5000   -7.5000  -45.0000 2075.2083   16.1922
    0.0000   -7.5000  -45.0000 2079.6526   16.2541
    7.5000   -7.5000  -45.0000 2049.4131   16.3888
   -7.5000    0.0000  -45.0000 2131.2393   15.3207
    0.0000    0.0000  -45.0000 2133.4075   15.3727
    7.5000    0.0000  -45.0000 2103.6172   15.5165
   -7.5000    7.5000  -45.0000 2164.8994   14.6463
    0.0000    7.5000  -45.0000 2162.5747   14.6780
    7.5000    7.5000  -45.0000 2134.6870   14.8672
   -7.5000   15.0000  -45.0000 2177.4419   14.1928
    0.0000   15.0000  -45.0000 2172.8030   14.1702
    7.5000   15.0000  -45.0000 2151.7529   14.4188
   -7.5000   22.5000  -45.0000 2178.6365   14.1140
    0.0000   22.5000  -45.0000 2176.2339   14.0774
    7.5000   22.5000  -45.0000 2148.3684   14.3492
   -7.5000   30.0000  -45.0000 2155.1511   14.3517
    0.0000   30.0000  -45.0000 2154.4229   14.3080
    7.5000   30.0000  -45.0000 2124.2808   14.6308
   -7.5000   37.5000  -45.0000 2129.3047   14.7801
    0.0000   37.5000  -45.0000 2131.4460   14.7249
    7.5000   37.5000  -45.0000 2099.8835   15.1120
   -7.5000   45.0000  -45.0000 2087.3601   15.4723
    0.0000   45.0000  -45.0000 2090.4460   15.4348
    7.5000   45.0000  -45.0000 2060.4885   15.8405
   -7.5000   52.5000  -45.0000 2012.3779   16.4445
    0.0000   52.5000  -45.0000 2015.3326   16.4037
    7.5000   52.5000  -45.0000 1983.6298   16.7996
   -7.5000  -37.5000  -37.5000 1752.3414   21.9829
    0.0000  -37.5000  -37.5000 1748.4241   22.1302
    7.5000  -37.5000  -37.5000 1730.4895   22.4354
   -7.5000  -30.0000  -37.5000 1877.7722   19.2444
    0.0000  -30.0000  -37.5000 1875.7743   19.2981
    7.5000  -30.0000  -37.5000 1856.0414   19.6050
   -7.5000  -22.5000  -37.5000 1997.0239   17.2759
    0.0000  -22.5000  -37.5000 1995.7070   17.3245
    7.5000  -22.5000  -37.5000 1973.1387   17.6147
   -7.5000  -15.0000  -37.5000 2088.3083   15.8562
    0.0000  -15.0000  -37.5000 2089.7192   15.8917
    7.5000  -15.0000  -37.5000 2063.6750   16.1472
   -7.5000   -7.5000  -37.5000 2180.2065   14.7619
    0.0000   -7.5000  -37.5000 2184.1296   14.7941
    7.5000   -7.5000  -37.5000 2157.4072   14.9867
   -7.5000    0.0000  -37.5000 2232.9507   13.9539
    0.0000    0.0000  -37.5000 2237.9036   13.9976
    7.5000    0.0000  -37.5000 2215.2612   14.1323
   -7.5000    7.5000  -37.5000 2271.4382   13.3515
    0.0000    7.5000  -37.5000 2274.1814   13.3662
    7.5000    7.5000  -37.5000 2250.7434   13.5359
   -7.5000   15.0000  -37.5000 2284.5283   12.9729
    0.0000   15.0000  -37.5000 2283.8923   12.9608
    7.5000   15.0000  -37.5000 2262.2737   13.1482
   -7.5000   22.5000  -37.5000 2282.4602   12.8966
    0.0000   22.5000  -37.5000 2282.1787   12.8672
    7.5000   22.5000  -37.5000 2258.3254   13.1028
   -7.5000   30.0000  -37.5000 2259.3516   13.1005
    0.0000   30.0000  -37.5000 2262.5642   13.0696
    7.5000   30.0000  -37.5000 2235.0754   13.3514
   -7.5000   37.5000  -37.5000 2234.2917   13.4815
    0.0000   37.5000  -37.5000 2237.4241   13.4299
    7.5000   37.5000  -37.5000 2211.2974   13.7498
   -7.5000   45.0000  -37.5000 2195.4456   14.0913
    0.0000   45.0000  -37.5000 2197.6726   14.0513
    7.5000   45.0000  -37.5000 2167.8726   14.3974
   -7.5000   52.5000  -37.5000 2112.3411   15.0006
    0.0000   52.5000  -37.5000 2115.8408   14.9379
    7.5000   52.5000  -37.5000 2083.8853   15.3176
   -7.5000  -37.5000  -30.0000 1860.2291   20.8417
    0.0000  -37.5000  -30.0000 1860.1826   20.9052
    7.5000  -37.5000  -30.0000 1841.2775   21.2646
   -7.5000  -30.0000  -30.0000 1996.8225   18.3011
    0.0000  -30.0000  -30.0000 1999.3910   18.2865
    7.5000  -30.0000  -30.0000 1978.1787   18.6200
   -7.5000  -22.5000  -30.0000 2119.5981   16.4659
    0.0000  -22.5000  -30.0000 2120.3650   16.4337
    7.5000  -22.5000  -30.0000 2099.4053   16.7314
   -7.5000  -15.0000  -30.0000 2224.9773   15.0694
    0.0000  -15.0000  -30.0000 2225.1384   15.0559
    7.5000  -15.0000  -30.0000 2200.7305   15.3311
   -7.5000   -7.5000  -30.0000 2319.0127   13.9665
    0.0000   -7.5000  -30.0000 2323.2571   13.9456
    7.5000   -7.5000  -30.0000 2293.4243   14.1803
   -7.5000    0.0000  -30.0000 2376.6533   13.1670
    0.0000    0.0000  -30.0000 2379.5010   13.1739
    7.5000    0.0000  -30.0000 2353.8110   13.3422
   -7.5000    7.5000  -30.0000 2418.9932   12.6046
    0.0000    7.5000  -30.0000 2424.8918   12.6131
    7.5000    7.5000  -30.0000 2392.1255   12.7748
   -7.5000   15.0000  -30.0000 2437.5220   12.2640
    0.0000   15.0000  -30.0000 2439.9265   12.2634
    7.5000   15.0000  -30.0000 2412.5171   12.4325
   -7.5000   22.5000  -30.0000 2438.2014   12.1923
    0.0000   22.5000  -30.0000 2442.8567   12.1713
    7.5000   22.5000  -30.0000 2410.2515   12.3631
   -7.5000   30.0000  -30.0000 2419.1272   12.4037
    0.0000   30.0000  -30.0000 2422.7561   12.3792
    7.5000   30.0000  -30.0000 2391.4851   12.6052
   -7.5000   37.5000  -30.0000 2391.5762   12.7814
    0.0000   37.5000  -30.0000 2394.2498   12.7184
    7.5000   37.5000  -30.0000 2362.2253   12.9884
   -7.5000   45.0000  -30.0000 2343.4072   13.4076
    0.0000   45.0000  -30.0000 2346.8855   13.3387
    7.5000   45.0000  -30.0000 2314.8298   13.6222
   -7.5000   52.5000  -30.0000 2252.6543   14.2857
    0.0000   52.5000  -30.0000 2254.5911   14.2211
    7.5000   52.5000  -30.0000 2220.0671   14.5521
   -7.5000  -37.5000  -22.5000 1942.9841   19.7321
    0.0000  -37.5000  -22.5000 1946.5073   19.6684
    7.5000  -37.5000  -22.5000 1927.2170   20.0340
   -7.5000  -30.0000  -22.5000 2085.4409   17.3201
    0.0000  -30.0000  -22.5000 2090.8208   17.2112
    7.5000  -30.0000  -22.5000 2065.2185   17.5466
   -7.5000  -22.5000  -22.5000 2215.0845   15.5310
    0.0000  -22.5000  -22.5000 2217.2195   15.4029
    7.5000  -22.5000  -22.5000 2195.6289   15.7411
   -7.5000  -15.0000  -22.5000 2324.4709   14.1807
    0.0000  -15.0000  -22.5000 2328.4727   14.1280
    7.5000  -15.0000  -22.5000 2302.1433   14.4013
   -7.5000   -7.5000  -22.5000 2424.8320   13.1166
    0.0000   -7.5000  -22.5000 2427.2397   13.0854
    7.5000   -7.5000  -22.5000 2398.8501   13.3183
   -7.5000    0.0000  -22.5000 2489.8135   12.3213
    0.0000    0.0000  -22.5000 2493.7573   12.3101
    7.5000    0.0000  -22.5000 2464.8452   12.5115
   -7.5000    7.5000  -22.5000 2537.9060   11.7912
    0.0000    7.5000  -22.5000 2545.3262   11.7950
    7.5000    7.5000  -22.5000 2503.5400   11.9626
   -7.5000   15.0000  -22.5000 2565.1052   11.4863
    0.0000   15.0000  -22.5000 2572.5193   11.4788
    7.5000   15.0000  -22.5000 2535.1360   11.6506
   -7.5000   22.5000  -22.5000 2576.3164   11.4346
    0.0000   22.5000  -22.5000 2583.5046   11.4038
    7.5000   22.5000  -22.5000 2545.1707   11.5857
   -7.5000   30.0000  -22.5000 2563.1799   11.6475
    0.0000   30.0000  -22.5000 2572.3997   11.6302
    7.5000   30.0000  -22.5000 2531.1477   11.8081
   -7.5000   37.5000  -22.5000 2530.5264   12.0350
    0.0000   37.5000  -22.5000 2538.9124   11.9951
    7.5000   37.5000  -22.5000 2498.0449   12.1872
   -7.5000   45.0000  -22.5000 2475.2490   12.6719
    0.0000   45.0000  -22.5000 2479.6919   12.6079
    7.5000   45.0000  -22.5000 2441.3018   12.8235
   -7.5000   52.5000  -22.5000 2371.9753   13.5327
    0.0000   52.5000  -22.5000 2372.9612   13.4594
    7.5000   52.5000  -22.5000 2337.4446   13.7214
   -7.5000  -37.5000  -15.0000 2000.2504   18.6606
    0.0000  -37.5000  -15.0000 2005.9971   18.5417
    7.5000  -37.5000  -15.0000 1980.6664   18.9069
   -7.5000  -30.0000  -15.0000 2145.7546   16.3786
    0.0000  -30.0000  -15.0000 2151.6245   16.2287
    7.5000  -30.0000  -15.0000 2128.0867   16.6067
   -7.5000  -22.5000  -15.0000 2281.4041   14.6161
    0.0000  -22.5000  -15.0000 2286.5557   14.5242
    7.5000  -22.5000  -15.0000 2261.1396   14.8605
   -7.5000  -15.0000  -15.0000 2398.4331   13.3096
    0.0000  -15.0000  -15.0000 2402.8105   13.2487
    7.5000  -15.0000  -15.0000 2373.7207   13.5429
   -7.5000   -7.5000  -15.0000 2499.9250   12.2908
    0.0000   -7.5000  -15.0000 2508.5786   12.2422
    7.5000   -7.5000  -15.0000 2476.9136   12.4849
   -7.5000    0.0000  -15.0000 2571.8535   11.5062
    0.0000    0.0000  -15.0000 2578.4895   11.4753
    7.5000    0.0000  -15.0000 2547.2446   11.7083
   -7.5000    7.5000  -15.0000 2628.6584   10.9987
    0.0000    7.5000  -15.0000 2635.9170   10.9802
    7.5000    7.5000  -15.0000 2597.8633   11.1850
   -7.5000   15.0000  -15.0000 2670.3022   10.7478
    0.0000   15.0000  -15.0000 2683.2883   10.7308
    7.5000   15.0000  -15.0000 2638.9604   10.9130
   -7.5000   22.5000  -15.0000 2690.2039   10.6914
    0.0000   22.5000  -15.0000 2703.3643   10.6703
    7.5000   22.5000  -15.0000 2655.6106   10.8420
   -7.5000   30.0000  -15.0000 2682.6895   10.9064
    0.0000   30.0000  -15.0000 2699.6482   10.8932
    7.5000   30.0000  -15.0000 2646.5901   11.0481
   -7.5000   37.5000  -15.0000 2645.6855   11.2902
    0.0000   37.5000  -15.0000 2661.7908   11.2746
    7.5000   37.5000  -15.0000 2612.7273   11.4434
   -7.5000   45.0000  -15.0000 2581.1853   11.9633
    0.0000   45.0000  -15.0000 2591.7869   11.9200
    7.5000   45.0000  -15.0000 2544.7341   12.1120
   -7.5000   52.5000  -15.0000 2464.7253   12.8016
    0.0000   52.5000  -15.0000 2473.3813   12.7401
    7.5000   52.5000  -15.0000 2432.2600   12.9707
   -7.5000  -37.5000   -7.5000 2052.6555   17.7778
    0.0000  -37.5000   -7.5000 2059.2441   17.6184
    7.5000  -37.5000   -7.5000 2035.9161   17.9643
   -7.5000  -30.0000   -7.5000 2204.0857   15.5841
    0.0000  -30.0000   -7.5000 2211.5938   15.4090
    7.5000  -30.0000   -7.5000 2184.5920   15.7885
   -7.5000  -22.5000   -7.5000 2337.5015   13.8613
    0.0000  -22.5000   -7.5000 2342.3940   13.7331
    7.5000  -22.5000   -7.5000 2313.6707   14.1071
   -7.5000  -15.0000   -7.5000 2461.2429   12.5651
    0.0000  -15.0000   -7.5000 2465.2605   12.4754
    7.5000  -15.0000   -7.5000 2433.9680   12.7876
   -7.5000   -7.5000   -7.5000 2563.8452   11.5581
    0.0000   -7.5000   -7.5000 2572.9863   11.4755
    7.5000   -7.5000   -7.5000 2541.9678   11.7616
   -7.5000    0.0000   -7.5000 2646.8667   10.7859
    0.0000    0.0000   -7.5000 2656.8882   10.7321
    7.5000    0.0000   -7.5000 2625.0996   11.0038
   -7.5000    7.5000   -7.5000 2716.5784   10.2816
    0.0000    7.5000   -7.5000 2726.4851   10.2487
    7.5000    7.5000   -7.5000 2687.6863   10.4984
   -7.5000   15.0000   -7.5000 2768.3794   10.0374
    0.0000   15.0000   -7.5000 2784.1111   10.0243
    7.5000   15.0000   -7.5000 2733.0718   10.2210
   -7.5000   22.5000   -7.5000 2793.1116    9.9907
    0.0000   22.5000   -7.5000 2810.0735    9.9916
    7.5000   22.5000   -7.5000 2756.1650   10.1415
   -7.5000   30.0000   -7.5000 2783.0464   10.1894
    0.0000   30.0000   -7.5000 2805.6858   10.1912
    7.5000   30.0000   -7.5000 2748.6538   10.3514
   -7.5000   37.5000   -7.5000 2745.3340   10.6038
    0.0000   37.5000   -7.5000 2761.6768   10.5692
    7.5000   37.5000   -7.5000 2706.8145   10.7632
   -7.5000   45.0000   -7.5000 2670.9128   11.2700
    0.0000   45.0000   -7.5000 2682.3096   11.2193
    7.5000   45.0000   -7.5000 2634.4275   11.4290
   -7.5000   52.5000   -7.5000 2540.7119   12.1240
    0.0000   52.5000   -7.5000 2549.3523   12.0589
    7.5000   52.5000   -7.5000 2506.8904   12.2844
   -7.5000  -37.5000    0.0000 2095.7952   17.1489
    0.0000  -37.5000    0.0000 2111.6406   17.0131
    7.5000  -37.5000    0.0000 2081.9895   17.3720
   -7.5000  -30.0000    0.0000 2246.6748   14.9739
    0.0000  -30.0000    0.0000 2261.4502   14.8399
    7.5000  -30.0000    0.0000 2228.4585   15.2090
   -7.5000  -22.5000    0.0000 2379.3308   13.2978
    0.0000  -22.5000    0.0000 2391.2302   13.1738
    7.5000  -22.5000    0.0000 2358.0383   13.5211
   -7.5000  -15.0000    0.0000 2506.2488   12.0025
    0.0000  -15.0000    0.0000 2518.1575   11.8935
    7.5000  -15.0000    0.0000 2480.3743   12.2088
   -7.5000   -7.5000    0.0000 2614.3674   10.9962
    0.0000   -7.5000    0.0000 2624.3982   10.9060
    7.5000   -7.5000    0.0000 2590.3362   11.2043
   -7.5000    0.0000    0.0000 2708.7417   10.2485
    0.0000    0.0000    0.0000 2720.1309   10.1805
    7.5000    0.0000    0.0000 2684.4722   10.4693
   -7.5000    7.5000    0.0000 2792.8997    9.7407
    0.0000    7.5000    0.0000 2805.1094    9.6938
    7.5000    7.5000    0.0000 2759.3716    9.9653
   -7.5000   15.0000    0.0000 2858.4631    9.4819
    0.0000   15.0000    0.0000 2881.1609    9.4667
    7.5000   15.0000    0.0000 2812.9114    9.6957
   -7.5000   22.5000    0.0000 2884.6235    9.4204
    0.0000   22.5000    0.0000 2907.6016    9.4197
    7.5000   22.5000    0.0000 2843.1597    9.6259
   -7.5000   30.0000    0.0000 2873.0747    9.6231
    0.0000   30.0000    0.0000 2891.4954    9.5867
    7.5000   30.0000    0.0000 2836.1912    9.8141
   -7.5000   37.5000    0.0000 2823.2761   10.0657
    0.0000   37.5000    0.0000 2839.6436   10.0062
    7.5000   37.5000    0.0000 2786.5261   10.2346
   -7.5000   45.0000    0.0000 2731.4580   10.7599
    0.0000   45.0000    0.0000 2746.3647   10.6972
    7.5000   45.0000    0.0000 2700.9739   10.9184
   -7.5000   52.5000    0.0000 2592.6523   11.6104
    0.0000   52.5000    0.0000 2603.8704   11.5522
    7.5000   52.5000    0.0000 2561.7905   11.7964
   -7.5000  -37.5000    7.5000 2124.5571   16.7510
    0.0000  -37.5000    7.5000 2143.9585   16.6461
    7.5000  -37.5000    7.5000 2111.9473   16.9735
   -7.5000  -30.0000    7.5000 2275.2820   14.5987
    0.0000  -30.0000    7.5000 2294.5208   14.4841
    7.5000  -30.0000    7.5000 2257.3337   14.8299
   -7.5000  -22.5000    7.5000 2412.1567   12.9430
    0.0000  -22.5000    7.5000 2429.8220   12.8411
    7.5000  -22.5000    7.5000 2391.4263   13.1944
   -7.5000  -15.0000    7.5000 2536.3394   11.6568
    0.0000  -15.0000    7.5000 2547.5010   11.5727
    7.5000  -15.0000    7.5000 2512.1692   11.8847
   -7.5000   -7.5000    7.5000 2648.6973   10.6342
    0.0000   -7.5000    7.5000 2660.5544   10.5477
    7.5000   -7.5000    7.5000 2624.3005   10.8467
   -7.5000    0.0000    7.5000 2751.1462    9.8872
    0.0000    0.0000    7.5000 2764.8057    9.8081
    7.5000    0.0000    7.5000 2727.0559   10.0996
   -7.5000    7.5000    7.5000 2845.8582    9.3983
    0.0000    7.5000    7.5000 2865.2749    9.3605
    7.5000    7.5000    7.5000 2817.5974    9.6316
   -7.5000   15.0000    7.5000 2926.5234    9.1313
    0.0000   15.0000    7.5000 2963.2424    9.1328
    7.5000   15.0000    7.5000 2880.9141    9.4069
   -7.5000   22.5000    7.5000 2959.5732    9.0109
    0.0000   22.5000    7.5000 2983.9929    8.9703
    7.5000   22.5000    7.5000 2910.0667    9.3348
   -7.5000   30.0000    7.5000 2937.7136    9.2556
    0.0000   30.0000    7.5000 2957.1450    9.1732
    7.5000   30.0000    7.5000 2900.2461    9.4806
   -7.5000   37.5000    7.5000 2877.3579    9.7306
    0.0000   37.5000    7.5000 2895.6021    9.6763
    7.5000   37.5000    7.5000 2843.4783    9.9326
   -7.5000   45.0000    7.5000 2772.0603   10.4313
    0.0000   45.0000    7.5000 2790.4402   10.3889
    7.5000   45.0000    7.5000 2742.5754   10.6443
   -7.5000   52.5000    7.5000 2625.8965   11.2951
    0.0000   52.5000    7.5000 2636.6782   11.2562
    7.5000   52.5000    7.5000 2594.1455   11.5054
   -7.5000  -37.5000   15.0000 2129.9578   16.5945
    0.0000  -37.5000   15.0000 2153.8591   16.4655
    7.5000  -37.5000   15.0000 2121.8643   16.7646
   -7.5000  -30.0000   15.0000 2281.9404   14.4498
    0.0000  -30.0000   15.0000 2309.2864   14.3075
    7.5000  -30.0000   15.0000 2272.1272   14.6397
   -7.5000  -22.5000   15.0000 2422.0679   12.8196
    0.0000  -22.5000   15.0000 2446.5195   12.7017
    7.5000  -22.5000   15.0000 2405.8857   13.0112
   -7.5000  -15.0000   15.0000 2546.0508   11.5421
    0.0000  -15.0000   15.0000 2564.6924   11.4404
    7.5000  -15.0000   15.0000 2522.5610   11.7203
   -7.5000   -7.5000   15.0000 2665.0210   10.5171
    0.0000   -7.5000   15.0000 2680.7290   10.4083
    7.5000   -7.5000   15.0000 2636.8032   10.7088
   -7.5000    0.0000   15.0000 2773.8467    9.7267
    0.0000    0.0000   15.0000 2791.7883    9.6363
    7.5000    0.0000   15.0000 2746.2505    9.9503
   -7.5000    7.5000   15.0000 2866.2156    9.2358
    0.0000    7.5000   15.0000 2891.3184    9.1621
    7.5000    7.5000   15.0000 2841.6973    9.4712
   -7.5000   15.0000   15.0000 2950.8691    9.0000
    0.0000   15.0000   15.0000 2989.8132    8.9105
    7.5000   15.0000   15.0000 2915.4482    9.2756
   -7.5000   22.5000   15.0000 2984.1270    8.9285
    0.0000   22.5000   15.0000 3015.6458    8.8309
    7.5000   22.5000   15.0000 2942.6008    9.2660
   -7.5000   30.0000   15.0000 2968.9382    9.1514
    0.0000   30.0000   15.0000 2990.2935    9.0972
    7.5000   30.0000   15.0000 2930.8374    9.4418
   -7.5000   37.5000   15.0000 2895.5188    9.6560
    0.0000   37.5000   15.0000 2918.3491    9.6043
    7.5000   37.5000   15.0000 2863.0715    9.8619
   -7.5000   45.0000   15.0000 2784.2468   10.3581
    0.0000   45.0000   15.0000 2802.1785   10.2961
    7.5000   45.0000   15.0000 2752.5029   10.5324
   -7.5000   52.5000   15.0000 2627.8503   11.1894
    0.0000   52.5000   15.0000 2640.4299   11.1161
    7.5000   52.5000   15.0000 2598.1855   11.3645
   -7.5000  -37.5000   22.5000 2117.2256   16.7821
    0.0000  -37.5000   22.5000 2138.1401   16.5779
    7.5000  -37.5000   22.5000 2111.9902   16.8238
   -7.5000  -30.0000   22.5000 2277.5161   14.5904
    0.0000  -30.0000   22.5000 2301.4844   14.4375
    7.5000  -30.0000   22.5000 2270.2380   14.7085
   -7.5000  -22.5000   22.5000 2420.7878   12.9378
    0.0000  -22.5000   22.5000 2448.1699   12.8148
    7.5000  -22.5000   22.5000 2410.0168   13.0851
   -7.5000  -15.0000   22.5000 2546.4968   11.6484
    0.0000  -15.0000   22.5000 2574.8345   11.5342
    7.5000  -15.0000   22.5000 2533.0322   11.8064
   -7.5000   -7.5000   22.5000 2668.1414   10.6404
    0.0000   -7.5000   22.5000 2697.5713   10.5216
    7.5000   -7.5000   22.5000 2652.0837   10.7959
   -7.5000    0.0000   22.5000 2768.2793    9.8664
    0.0000    0.0000   22.5000 2796.3181    9.7571
    7.5000    0.0000   22.5000 2752.8958   10.0305
   -7.5000    7.5000   22.5000 2854.1636    9.3720
    0.0000    7.5000   22.5000 2877.3472    9.2519
    7.5000    7.5000   22.5000 2839.1348    9.5440
   -7.5000   15.0000   22.5000 2927.9761    9.1235
    0.0000   15.0000   22.5000 2959.2112    8.9732
    7.5000   15.0000   22.5000 2902.6692    9.3170
   -7.5000   22.5000   22.5000 2962.1177    9.1513
    0.0000   22.5000   22.5000 2992.3708    9.0539
    7.5000   22.5000   22.5000 2925.6594    9.3446
   -7.5000   30.0000   22.5000 2941.7573    9.3954
    0.0000   30.0000   22.5000 2966.1465    9.3293
    7.5000   30.0000   22.5000 2905.8857    9.5839
   -7.5000   37.5000   22.5000 2871.2444    9.8216
    0.0000   37.5000   22.5000 2891.6799    9.7825
    7.5000   37.5000   22.5000 2839.7356    9.9903
   -7.5000   45.0000   22.5000 2757.2192   10.4457
    0.0000   45.0000   22.5000 2774.3425   10.4014
    7.5000   45.0000   22.5000 2730.2534   10.6292
   -7.5000   52.5000   22.5000 2605.9380   11.2156
    0.0000   52.5000   22.5000 2624.0093   11.1690
    7.5000   52.5000   22.5000 2581.4971   11.3997
   -7.5000  -37.5000   30.0000 2093.6831   17.0977
    0.0000  -37.5000   30.0000 2114.1431   16.9149
    7.5000  -37.5000   30.0000 2094.6780   17.1444
   -7.5000  -30.0000   30.0000 2259.8311   14.9102
    0.0000  -30.0000   30.0000 2281.8076   14.7391
    7.5000  -30.0000   30.0000 2259.5037   15.0034
   -7.5000  -22.5000   30.0000 2407.0083   13.2431
    0.0000  -22.5000   30.0000 2432.7278   13.1241
    7.5000  -22.5000   30.0000 2403.6858   13.3689
   -7.5000  -15.0000   30.0000 2533.2458   11.9637
    0.0000  -15.0000   30.0000 2564.2930   11.8634
    7.5000  -15.0000   30.0000 2527.0012   12.0884
   -7.5000   -7.5000   30.0000 2646.7822   10.9832
    0.0000   -7.5000   30.0000 2680.2412   10.8999
    7.5000   -7.5000   30.0000 2640.4238   11.0971
   -7.5000    0.0000   30.0000 2739.0552   10.2362
    0.0000    0.0000   30.0000 2770.0051   10.1568
    7.5000    0.0000   30.0000 2730.2068   10.3398
   -7.5000    7.5000   30.0000 2817.2629    9.7188
    0.0000    7.5000   30.0000 2844.1833    9.5927
    7.5000    7.5000   30.0000 2805.2319    9.8185
   -7.5000   15.0000   30.0000 2873.3174    9.4310
    0.0000   15.0000   30.0000 2898.3167    9.3427
    7.5000   15.0000   30.0000 2850.8052    9.5813
   -7.5000   22.5000   30.0000 2893.9646    9.4499
    0.0000   22.5000   30.0000 2920.4673    9.3906
    7.5000   22.5000   30.0000 2868.6692    9.6134
   -7.5000   30.0000   30.0000 2866.1987    9.7052
    0.0000   30.0000   30.0000 2891.5276    9.6349
    7.5000   30.0000   30.0000 2844.4241    9.8528
   -7.5000   37.5000   30.0000 2801.1873   10.1246
    0.0000   37.5000   30.0000 2823.0374   10.0691
    7.5000   37.5000   30.0000 2776.7354   10.2820
   -7.5000   45.0000   30.0000 2699.0176   10.7616
    0.0000   45.0000   30.0000 2716.4607   10.7087
    7.5000   45.0000   30.0000 2678.8889   10.9406
   -7.5000   52.5000   30.0000 2555.3247   11.4882
    0.0000   52.5000   30.0000 2572.9753   11.4309
    7.5000   52.5000   30.0000 2537.9861   11.6698
   -7.5000  -37.5000   37.5000 2066.1902   17.6647
    0.0000  -37.5000   37.5000 2085.5005   17.4304
    7.5000  -37.5000   37.5000 2068.6895   17.7164
   -7.5000  -30.0000   37.5000 2231.0513   15.4317
    0.0000  -30.0000   37.5000 2251.7788   15.2689
    7.5000  -30.0000   37.5000 2231.0991   15.5263
   -7.5000  -22.5000   37.5000 2378.0535   13.7619
    0.0000  -22.5000   37.5000 2400.4321   13.6537
    7.5000  -22.5000   37.5000 2373.5601   13.8513
   -7.5000  -15.0000   37.5000 2503.2942   12.4731
    0.0000  -15.0000   37.5000 2531.3955   12.4052
    7.5000  -15.0000   37.5000 2496.1606   12.5665
   -7.5000   -7.5000   37.5000 2609.1697   11.4735
    0.0000   -7.5000   37.5000 2642.1599   11.4200
    7.5000   -7.5000   37.5000 2603.4348   11.5565
   -7.5000    0.0000   37.5000 2692.8740   10.7083
    0.0000    0.0000   37.5000 2727.4265   10.6350
    7.5000    0.0000   37.5000 2689.1582   10.7966
   -7.5000    7.5000   37.5000 2759.5752   10.1602
    0.0000    7.5000   37.5000 2792.7659   10.0762
    7.5000    7.5000   37.5000 2753.1494   10.2789
   -7.5000   15.0000   37.5000 2801.1738    9.8691
    0.0000   15.0000   37.5000 2829.0049    9.8278
    7.5000   15.0000   37.5000 2787.8215   10.0248
   -7.5000   22.5000   37.5000 2806.1692    9.8854
    0.0000   22.5000   37.5000 2833.3013    9.8165
    7.5000   22.5000   37.5000 2788.7661   10.0429
   -7.5000   30.0000   37.5000 2776.3550   10.1066
    0.0000   30.0000   37.5000 2801.7175   10.0428
    7.5000   30.0000   37.5000 2763.7388   10.2425
   -7.5000   37.5000   37.5000 2714.9829   10.5515
    0.0000   37.5000   37.5000 2736.9248   10.4827
    7.5000   37.5000   37.5000 2702.2317   10.7041
   -7.5000   45.0000   37.5000 2623.9526   11.1709
    0.0000   45.0000   37.5000 2644.3618   11.1183
    7.5000   45.0000   37.5000 2609.9636   11.3426
   -7.5000   52.5000   37.5000 2490.8533   11.9189
    0.0000   52.5000   37.5000 2511.9729   11.8538
    7.5000   52.5000   37.5000 2478.7058   12.0747
   -7.5000  -37.5000   45.0000 2037.0109   18.4120
    0.0000  -37.5000   45.0000 2055.1201   18.2172
    7.5000  -37.5000   45.0000 2037.6014   18.4623
   -7.5000  -30.0000   45.0000 2191.9338   16.1835
    0.0000  -30.0000   45.0000 2212.6938   16.0362
    7.5000  -30.0000   45.0000 2193.0444   16.2388
   -7.5000  -22.5000   45.0000 2335.2871   14.4742
    0.0000  -22.5000   45.0000 2359.6182   14.3582
    7.5000  -22.5000   45.0000 2333.0532   14.5317
   -7.5000  -15.0000   45.0000 2454.7454   13.1363
    0.0000  -15.0000   45.0000 2480.3723   13.0603
    7.5000  -15.0000   45.0000 2450.7932   13.2106
   -7.5000   -7.5000   45.0000 2551.3828   12.1105
    0.0000   -7.5000   45.0000 2582.4385   12.0367
    7.5000   -7.5000   45.0000 2548.5322   12.1754
   -7.5000    0.0000   45.0000 2633.5833   11.3194
    0.0000    0.0000   45.0000 2663.6052   11.2366
    7.5000    0.0000   45.0000 2630.7471   11.4025
   -7.5000    7.5000   45.0000 2689.0845   10.7622
    0.0000    7.5000   45.0000 2714.6777   10.6935
    7.5000    7.5000   45.0000 2683.5208   10.8881
   -7.5000   15.0000   45.0000 2719.0276   10.4736
    0.0000   15.0000   45.0000 2739.1260   10.4283
    7.5000   15.0000   45.0000 2709.3550   10.6107
   -7.5000   22.5000   45.0000 2715.5259   10.4639
    0.0000   22.5000   45.0000 2740.5144   10.3711
    7.5000   22.5000   45.0000 2700.9587   10.6047
   -7.5000   30.0000   45.0000 2680.7400   10.6636
    0.0000   30.0000   45.0000 2704.8010   10.5889
    7.5000   30.0000   45.0000 2671.6809   10.7979
   -7.5000   37.5000   45.0000 2622.7734   11.1019
    0.0000   37.5000   45.0000 2642.3967   11.0365
    7.5000   37.5000   45.0000 2612.8647   11.2648
   -7.5000   45.0000   45.0000 2540.5388   11.7106
    0.0000   45.0000   45.0000 2559.8616   11.6605
    7.5000   45.0000   45.0000 2526.6731   11.8936
   -7.5000   52.5000   45.0000 2416.6255   12.4583
    0.0000   52.5000   45.0000 2435.1584   12.3844
    7.5000   52.5000   45.0000 2402.2949   12.6131

---------------------------------------------------------------------
imgreg_4dfp /opt/freesurfer/average/711-2C_as_mni_average_305 /opt/freesurfer/average/711-2B_as_mni_average_305_mask talsrcimg_g11 none talsrcimg_to_711-2C_as_mni_average_305_t4 1283
---------------------------------------------------------------------

freesurfer imgreg_4dfp.c
/opt/freesurfer/average/711-2C_as_mni_average_305.4dfp.img
       256       256       256         1
  1.000000  1.000000  1.000000
orientation T byte_order littleendian
Reading image: /opt/freesurfer/average/711-2C_as_mni_average_305.4dfp.img
dimensions:      256       256       256
mmppix:       1.0000   -1.0000   -1.0000
center:     128.0000 -129.0000 -129.0000
/opt/freesurfer/average/711-2B_as_mni_average_305_mask.4dfp.img
       256       256       256         1
  1.000000  1.000000  1.000000
orientation T byte_order littleendian
Reading mask: /opt/freesurfer/average/711-2B_as_mni_average_305_mask.4dfp.img (2306576 pixels)
talsrcimg_g11.4dfp.img
       256       256       256         1
  1.000000  1.000000  1.000000
orientation T byte_order littleendian
Reading image: talsrcimg_g11.4dfp.img
dimensions:      256       256       256
mmppix:       1.0000   -1.0000   -1.0000
center:     128.0000 -129.0000 -129.0000
rotation matrix determinant  1.000000
fimgreg.f
image alignment mode   1283 decimal      503 hex
parameters
    0.0000   22.5000   15.0000    0.0000    0.0000    0.0000
eta,q 0.94740  8.82858
niter,ni,del,rscale     5    3   12.0000    1.2000
parameter  4  3.396265 -> -0.500000 qaram    1.1500
parameters
   -0.7671   22.1597   14.6962    3.4500    0.2305    0.9756
eta,q 0.94831  8.83389
  0.0630  0.0591  0.0629  0.0622  0.0559  0.0564
  0.0613  0.0582  0.0601  0.0604  0.0545  0.0551
  0.0601  0.0585  0.0586  0.0600  0.0532  0.0540
  0.0575  0.0582  0.0585  0.0582  0.0524  0.0523
  0.0571  0.0569  0.0597  0.0547  0.0525  0.0514
  0.0621  0.0571  0.0613  0.0518  0.0534  0.0526
  0.0709  0.0612  0.0630  0.0517  0.0560  0.0553
niter,ni,del,rscale     5    3   12.0000    1.2000
parameter  4 -0.527777 -> -0.500000 qaram    1.3225
parameters
   -0.8169   21.3295   15.9585    7.4175    0.1942    0.5317
eta,q 0.95012  8.75300
  0.0577  0.0582  0.0598  0.0609  0.0535  0.0531
  0.0548  0.0549  0.0564  0.0602  0.0522  0.0513
  0.0533  0.0524  0.0536  0.0567  0.0508  0.0501
  0.0517  0.0517  0.0516  0.0513  0.0499  0.0499
  0.0502  0.0547  0.0515  0.0491  0.0502  0.0506
  0.0529  0.0584  0.0530  0.0504  0.0516  0.0520
  0.0605  0.0618  0.0552  0.0532  0.0542  0.0541
niter,ni,del,rscale     5    3   12.0000    1.2000
parameters
   -0.8466   20.3687   16.0885    7.2614    0.3497    0.5836
eta,q 0.95149  8.72262
  0.0564  0.0577  0.0560  0.0595  0.0526  0.0534
  0.0535  0.0519  0.0533  0.0549  0.0509  0.0512
  0.0514  0.0484  0.0504  0.0495  0.0493  0.0492
  0.0499  0.0499  0.0487  0.0486  0.0485  0.0485
  0.0485  0.0536  0.0494  0.0517  0.0489  0.0490
  0.0511  0.0577  0.0524  0.0557  0.0502  0.0507
  0.0592  0.0620  0.0560  0.0594  0.0526  0.0535
niter,ni,del,rscale     4    3   12.0000    1.2000
parameters
   -0.9303   20.3347   16.0938    7.2362    0.3271    0.6095
eta,q 0.95147  8.72221
  0.0552  0.0603  0.0557  0.0597  0.0524  0.0535
  0.0523  0.0550  0.0530  0.0552  0.0506  0.0512
  0.0502  0.0495  0.0501  0.0497  0.0492  0.0492
  0.0485  0.0486  0.0486  0.0486  0.0485  0.0485
  0.0470  0.0516  0.0495  0.0515  0.0490  0.0491
  0.0499  0.0555  0.0526  0.0555  0.0503  0.0508
  0.0586  0.0598  0.0562  0.0591  0.0527  0.0536
niter,ni,del,rscale     3    3   12.0000    1.2000
parameters
   -0.9188   20.3376   16.0890    7.2267    0.3301    0.6103
eta,q 0.95148  8.72240
  0.0553  0.0604  0.0557  0.0597  0.0524  0.0534
  0.0524  0.0552  0.0530  0.0553  0.0507  0.0512
  0.0502  0.0496  0.0501  0.0498  0.0492  0.0492
  0.0485  0.0485  0.0485  0.0485  0.0485  0.0485
  0.0470  0.0515  0.0495  0.0515  0.0490  0.0491
  0.0496  0.0554  0.0526  0.0554  0.0503  0.0508
  0.0581  0.0596  0.0562  0.0591  0.0527  0.0537
registration optimization eta report
parameter search radius
    6.0000    6.0000    6.0000    7.9350    6.0000    6.0000
100000*second partial in parameter space
       24.       31.       20.       16.       11.       14.
  0.0553  0.0604  0.0557  0.0597  0.0524  0.0534
  0.0524  0.0552  0.0530  0.0553  0.0507  0.0512
  0.0502  0.0496  0.0501  0.0498  0.0492  0.0492
  0.0485  0.0485  0.0485  0.0485  0.0485  0.0485
  0.0470  0.0515  0.0495  0.0515  0.0490  0.0491
  0.0496  0.0554  0.0526  0.0554  0.0503  0.0508
  0.0581  0.0596  0.0562  0.0591  0.0527  0.0537
   -0.9188   20.3376   16.0890    7.2267    0.3301    0.6103
eta,q 0.95148  8.72240

---------------------------------------------------------------------
imgreg_4dfp /opt/freesurfer/average/711-2C_as_mni_average_305 /opt/freesurfer/average/711-2B_as_mni_average_305_mask talsrcimg_g11 none talsrcimg_to_711-2C_as_mni_average_305_t4 3335
---------------------------------------------------------------------

freesurfer imgreg_4dfp.c
/opt/freesurfer/average/711-2C_as_mni_average_305.4dfp.img
       256       256       256         1
  1.000000  1.000000  1.000000
orientation T byte_order littleendian
Reading image: /opt/freesurfer/average/711-2C_as_mni_average_305.4dfp.img
dimensions:      256       256       256
mmppix:       1.0000   -1.0000   -1.0000
center:     128.0000 -129.0000 -129.0000
/opt/freesurfer/average/711-2B_as_mni_average_305_mask.4dfp.img
       256       256       256         1
  1.000000  1.000000  1.000000
orientation T byte_order littleendian
Reading mask: /opt/freesurfer/average/711-2B_as_mni_average_305_mask.4dfp.img (2306576 pixels)
talsrcimg_g11.4dfp.img
       256       256       256         1
  1.000000  1.000000  1.000000
orientation T byte_order littleendian
Reading image: talsrcimg_g11.4dfp.img
dimensions:      256       256       256
mmppix:       1.0000   -1.0000   -1.0000
center:     128.0000 -129.0000 -129.0000
fimgreg.f
image alignment mode   3335 decimal      D07 hex
parameters
   -0.9188   20.3376   16.0890   -0.0073   -0.8008   -0.7960
   -1.1292   -0.4376    1.0652  -12.5850    0.5762   12.5794
eta,q 0.95385  8.71841
niter,ni,del,rscale     5    3    5.0000    1.2000
parameter  4  5.343420 ->  0.500000 qaram    1.1500
parameter  5  2.944990 ->  0.500000 qaram    1.1500
parameter  6  1.307386 ->  0.500000 qaram    1.1500
parameter 12  1.493407 ->  0.500000 qaram    1.1500
parameters
   -1.3204   19.9127   16.0737   -4.1473   -4.9408   -4.9360
   -3.4142    2.3735    1.4726  -14.5329    1.7257    8.4394
eta,q 0.97251  8.31849
  0.0476  0.0470  0.0472  0.0350  0.0322  0.0294  0.0315  0.0373  0.0313  0.0312  0.0307  0.0270
  0.0467  0.0463  0.0465  0.0385  0.0341  0.0302  0.0306  0.0344  0.0304  0.0298  0.0300  0.0273
  0.0461  0.0460  0.0461  0.0420  0.0367  0.0319  0.0303  0.0319  0.0298  0.0292  0.0295  0.0281
  0.0462  0.0461  0.0460  0.0460  0.0395  0.0348  0.0306  0.0303  0.0296  0.0296  0.0292  0.0292
  0.0467  0.0464  0.0462  0.0508  0.0425  0.0385  0.0314  0.0296  0.0297  0.0308  0.0292  0.0305
  0.0477  0.0470  0.0466  0.0552  0.0460  0.0426  0.0326  0.0299  0.0302  0.0323  0.0295  0.0320
  0.0489  0.0477  0.0472  0.0597  0.0497  0.0471  0.0342  0.0313  0.0309  0.0345  0.0300  0.0336
niter,ni,del,rscale     7    3    5.0000    1.2000
parameter  4  1.616172 ->  0.500000 qaram    1.3225
parameter  5  0.685889 ->  0.500000 qaram    1.3225
parameters
   -1.1426   20.2762   16.0514   -8.9083   -9.7018   -7.1142
   -1.3126    2.5086    2.2768  -13.8378    2.1277    6.8777
eta,q 0.98122  8.13824
  0.0306  0.0310  0.0294  0.0194  0.0198  0.0220  0.0243  0.0250  0.0217  0.0234  0.0208  0.0203
  0.0289  0.0293  0.0283  0.0205  0.0192  0.0205  0.0222  0.0220  0.0203  0.0212  0.0198  0.0194
  0.0279  0.0281  0.0277  0.0234  0.0195  0.0194  0.0204  0.0198  0.0194  0.0196  0.0191  0.0189
  0.0275  0.0275  0.0274  0.0274  0.0211  0.0191  0.0193  0.0189  0.0189  0.0189  0.0188  0.0188
  0.0277  0.0276  0.0277  0.0318  0.0240  0.0207  0.0189  0.0196  0.0190  0.0190  0.0190  0.0194
  0.0284  0.0282  0.0284  0.0371  0.0279  0.0246  0.0194  0.0217  0.0196  0.0201  0.0195  0.0205
  0.0297  0.0293  0.0295  0.0425  0.0315  0.0296  0.0208  0.0246  0.0207  0.0221  0.0204  0.0221
niter,ni,del,rscale     7    3    5.0000    1.2000
parameters
   -1.0549   20.6163   16.0368  -11.9581   -9.4479   -6.6419
   -1.6015    2.5205    2.6527  -13.4970    1.5867    6.6480
eta,q 0.98215  8.11496
  0.0234  0.0224  0.0205  0.0218  0.0237  0.0225  0.0210  0.0235  0.0204  0.0220  0.0193  0.0200
  0.0211  0.0206  0.0195  0.0196  0.0213  0.0208  0.0193  0.0206  0.0191  0.0199  0.0184  0.0189
  0.0195  0.0194  0.0189  0.0181  0.0192  0.0193  0.0182  0.0186  0.0182  0.0185  0.0180  0.0181
  0.0188  0.0188  0.0187  0.0187  0.0181  0.0181  0.0179  0.0179  0.0179  0.0179  0.0179  0.0178
  0.0191  0.0188  0.0189  0.0218  0.0183  0.0175  0.0184  0.0186  0.0180  0.0181  0.0181  0.0181
  0.0205  0.0195  0.0195  0.0261  0.0201  0.0188  0.0196  0.0205  0.0187  0.0193  0.0188  0.0189
  0.0229  0.0208  0.0206  0.0314  0.0238  0.0228  0.0215  0.0235  0.0199  0.0214  0.0197  0.0203
niter,ni,del,rscale     6    3    5.0000    1.2000
parameters
   -1.0041   20.6810   16.0968  -12.6163   -9.3137   -6.5212
   -1.6688    2.5852    2.8599  -13.4531    1.2982    6.5667
eta,q 0.98207  8.10833
  0.0223  0.0208  0.0198  0.0236  0.0236  0.0223  0.0211  0.0235  0.0203  0.0218  0.0194  0.0201
  0.0199  0.0192  0.0188  0.0214  0.0212  0.0206  0.0194  0.0206  0.0190  0.0198  0.0185  0.0190
  0.0184  0.0182  0.0181  0.0192  0.0191  0.0192  0.0183  0.0186  0.0182  0.0184  0.0181  0.0183
  0.0179  0.0178  0.0178  0.0178  0.0180  0.0180  0.0179  0.0179  0.0179  0.0179  0.0179  0.0179
  0.0183  0.0181  0.0180  0.0186  0.0182  0.0175  0.0183  0.0186  0.0181  0.0183  0.0182  0.0181
  0.0197  0.0190  0.0186  0.0220  0.0202  0.0192  0.0195  0.0204  0.0188  0.0196  0.0187  0.0190
  0.0219  0.0205  0.0196  0.0263  0.0240  0.0233  0.0213  0.0234  0.0201  0.0218  0.0196  0.0203
niter,ni,del,rscale     5    3    5.0000    1.2000
parameters
   -0.9815   20.6849   16.1153  -12.7660   -9.2827   -6.4848
   -1.7015    2.6219    2.9479  -13.4430    1.2070    6.5475
eta,q 0.98205  8.10678
  0.0222  0.0207  0.0198  0.0240  0.0235  0.0222  0.0212  0.0235  0.0202  0.0218  0.0195  0.0202
  0.0199  0.0192  0.0188  0.0218  0.0211  0.0206  0.0194  0.0206  0.0190  0.0198  0.0186  0.0191
  0.0184  0.0183  0.0182  0.0196  0.0190  0.0191  0.0183  0.0186  0.0182  0.0184  0.0181  0.0183
  0.0179  0.0179  0.0179  0.0179  0.0180  0.0180  0.0180  0.0179  0.0180  0.0179  0.0180  0.0179
  0.0184  0.0182  0.0181  0.0182  0.0183  0.0175  0.0183  0.0186  0.0182  0.0183  0.0182  0.0182
  0.0198  0.0192  0.0187  0.0212  0.0203  0.0193  0.0195  0.0205  0.0189  0.0197  0.0187  0.0190
  0.0220  0.0207  0.0198  0.0255  0.0241  0.0235  0.0212  0.0234  0.0202  0.0219  0.0195  0.0203
niter,ni,del,rscale     4    3    5.0000    1.2000
parameters
   -0.9730   20.6846   16.1204  -12.7998   -9.2777   -6.4750
   -1.7184    2.6356    2.9805  -13.4396    1.1813    6.5455
eta,q 0.98204  8.10645
  0.0221  0.0208  0.0198  0.0241  0.0235  0.0222  0.0212  0.0235  0.0202  0.0218  0.0195  0.0202
  0.0198  0.0192  0.0188  0.0219  0.0211  0.0206  0.0195  0.0205  0.0190  0.0198  0.0187  0.0191
  0.0184  0.0183  0.0182  0.0197  0.0190  0.0191  0.0183  0.0186  0.0182  0.0185  0.0181  0.0183
  0.0180  0.0179  0.0179  0.0179  0.0180  0.0180  0.0180  0.0180  0.0180  0.0180  0.0180  0.0180
  0.0184  0.0182  0.0181  0.0182  0.0183  0.0176  0.0183  0.0186  0.0182  0.0183  0.0182  0.0182
  0.0198  0.0192  0.0188  0.0210  0.0203  0.0194  0.0195  0.0205  0.0189  0.0197  0.0187  0.0190
  0.0221  0.0208  0.0198  0.0253  0.0242  0.0235  0.0212  0.0234  0.0202  0.0219  0.0195  0.0203
registration optimization eta report
parameter search radius
    2.4000    2.4000    2.4000    9.5220    9.5220    8.2800
    7.2000    7.2000    7.2000    7.2000    7.2000    8.2800
100000*second partial in parameter space
       72.       49.       32.        7.        6.        7.
        6.       11.        4.        7.        3.        3.
  0.0221  0.0208  0.0198  0.0241  0.0235  0.0222  0.0212  0.0235  0.0202  0.0218  0.0195  0.0202
  0.0198  0.0192  0.0188  0.0219  0.0211  0.0206  0.0195  0.0205  0.0190  0.0198  0.0187  0.0191
  0.0184  0.0183  0.0182  0.0197  0.0190  0.0191  0.0183  0.0186  0.0182  0.0185  0.0181  0.0183
  0.0180  0.0179  0.0179  0.0179  0.0180  0.0180  0.0180  0.0180  0.0180  0.0180  0.0180  0.0180
  0.0184  0.0182  0.0181  0.0182  0.0183  0.0176  0.0183  0.0186  0.0182  0.0183  0.0182  0.0182
  0.0198  0.0192  0.0188  0.0210  0.0203  0.0194  0.0195  0.0205  0.0189  0.0197  0.0187  0.0190
  0.0221  0.0208  0.0198  0.0253  0.0242  0.0235  0.0212  0.0234  0.0202  0.0219  0.0195  0.0203
   -0.9730   20.6846   16.1204  -12.7998   -9.2777   -6.4750
   -1.7184    2.6356    2.9805  -13.4396    1.1813    6.5455
eta,q 0.98204  8.10645

---------------------------------------------------------------------
imgreg_4dfp /opt/freesurfer/average/711-2C_as_mni_average_305 /opt/freesurfer/average/711-2B_as_mni_average_305_mask talsrcimg_g11 none talsrcimg_to_711-2C_as_mni_average_305_t4 2311
---------------------------------------------------------------------

freesurfer imgreg_4dfp.c
/opt/freesurfer/average/711-2C_as_mni_average_305.4dfp.img
       256       256       256         1
  1.000000  1.000000  1.000000
orientation T byte_order littleendian
Reading image: /opt/freesurfer/average/711-2C_as_mni_average_305.4dfp.img
dimensions:      256       256       256
mmppix:       1.0000   -1.0000   -1.0000
center:     128.0000 -129.0000 -129.0000
/opt/freesurfer/average/711-2B_as_mni_average_305_mask.4dfp.img
       256       256       256         1
  1.000000  1.000000  1.000000
orientation T byte_order littleendian
Reading mask: /opt/freesurfer/average/711-2B_as_mni_average_305_mask.4dfp.img (2306576 pixels)
talsrcimg_g11.4dfp.img
       256       256       256         1
  1.000000  1.000000  1.000000
orientation T byte_order littleendian
Reading image: talsrcimg_g11.4dfp.img
dimensions:      256       256       256
mmppix:       1.0000   -1.0000   -1.0000
center:     128.0000 -129.0000 -129.0000
fimgreg.f
image alignment mode   2311 decimal      907 hex
parameters
   -0.9730   20.6846   16.1204  -12.7998   -9.2777   -6.4750
   -1.7184    2.6356    2.9805  -13.4396    1.1813    6.5455
eta,q 0.98204  8.10645
niter,ni,del,rscale     5    3    5.0000    0.8000
parameters
   -0.9747   20.6921   16.1375  -11.7367   -8.8044   -5.3372
   -1.7905    2.7941    2.8483  -13.4373    1.4493    6.1188
eta,q 0.98255  8.16570
  0.0198  0.0192  0.0188  0.0208  0.0196  0.0199  0.0191  0.0207  0.0185  0.0194  0.0185  0.0182
  0.0188  0.0185  0.0183  0.0197  0.0187  0.0191  0.0182  0.0190  0.0179  0.0183  0.0179  0.0178
  0.0182  0.0181  0.0181  0.0187  0.0181  0.0183  0.0176  0.0179  0.0176  0.0177  0.0176  0.0175
  0.0180  0.0180  0.0180  0.0180  0.0177  0.0177  0.0175  0.0175  0.0175  0.0175  0.0175  0.0175
  0.0182  0.0181  0.0180  0.0177  0.0178  0.0174  0.0177  0.0177  0.0176  0.0177  0.0175  0.0176
  0.0188  0.0185  0.0183  0.0181  0.0182  0.0176  0.0183  0.0187  0.0180  0.0183  0.0178  0.0180
  0.0198  0.0192  0.0188  0.0193  0.0191  0.0188  0.0192  0.0203  0.0186  0.0194  0.0182  0.0186
niter,ni,del,rscale     4    3    5.0000    0.7000
parameters
   -1.0304   20.7393   16.0908  -11.8562   -8.8403   -5.2149
   -1.7710    2.7436    2.8060  -13.3172    1.4739    6.0183
eta,q 0.98257  8.16581
  0.0189  0.0185  0.0181  0.0193  0.0187  0.0190  0.0187  0.0197  0.0182  0.0190  0.0181  0.0181
  0.0181  0.0180  0.0177  0.0184  0.0181  0.0184  0.0180  0.0185  0.0178  0.0181  0.0177  0.0177
  0.0176  0.0176  0.0175  0.0177  0.0176  0.0178  0.0176  0.0177  0.0175  0.0176  0.0175  0.0175
  0.0175  0.0174  0.0174  0.0174  0.0175  0.0175  0.0174  0.0174  0.0174  0.0174  0.0174  0.0174
  0.0177  0.0175  0.0175  0.0177  0.0176  0.0174  0.0176  0.0177  0.0175  0.0176  0.0175  0.0175
  0.0183  0.0178  0.0178  0.0184  0.0180  0.0179  0.0180  0.0185  0.0178  0.0180  0.0177  0.0178
  0.0192  0.0184  0.0182  0.0197  0.0188  0.0192  0.0187  0.0198  0.0183  0.0188  0.0181  0.0182
niter,ni,del,rscale     3    3    5.0000    0.6000
parameters
   -1.0415   20.7619   16.0889  -11.7990   -8.8203   -5.0404
   -1.7667    2.7548    2.7934  -13.2896    1.4917    5.9352
eta,q 0.98260  8.17072
  0.0186  0.0182  0.0180  0.0190  0.0184  0.0187  0.0184  0.0192  0.0180  0.0185  0.0179  0.0179
  0.0179  0.0178  0.0177  0.0182  0.0179  0.0181  0.0178  0.0182  0.0177  0.0179  0.0176  0.0176
  0.0176  0.0175  0.0175  0.0177  0.0176  0.0177  0.0175  0.0176  0.0175  0.0175  0.0175  0.0175
  0.0174  0.0174  0.0174  0.0174  0.0174  0.0174  0.0174  0.0174  0.0174  0.0174  0.0174  0.0174
  0.0176  0.0175  0.0175  0.0175  0.0175  0.0174  0.0175  0.0176  0.0175  0.0175  0.0175  0.0175
  0.0180  0.0177  0.0177  0.0181  0.0178  0.0177  0.0178  0.0182  0.0177  0.0179  0.0176  0.0177
  0.0186  0.0182  0.0180  0.0190  0.0184  0.0187  0.0183  0.0192  0.0180  0.0185  0.0179  0.0180
niter,ni,del,rscale     2    3    5.0000    0.5000
parameters
   -1.0501   20.7717   16.0859  -11.7633   -8.8126   -4.8687
   -1.7635    2.7671    2.7956  -13.2744    1.5071    5.8720
eta,q 0.98263  8.17486
  0.0182  0.0179  0.0178  0.0185  0.0181  0.0183  0.0180  0.0187  0.0178  0.0181  0.0177  0.0177
  0.0178  0.0176  0.0176  0.0179  0.0177  0.0179  0.0177  0.0180  0.0176  0.0177  0.0175  0.0175
  0.0175  0.0175  0.0174  0.0176  0.0175  0.0176  0.0174  0.0175  0.0174  0.0175  0.0174  0.0174
  0.0174  0.0174  0.0174  0.0174  0.0174  0.0174  0.0174  0.0174  0.0174  0.0174  0.0174  0.0174
  0.0175  0.0175  0.0175  0.0175  0.0175  0.0174  0.0175  0.0175  0.0174  0.0174  0.0174  0.0174
  0.0178  0.0176  0.0176  0.0179  0.0177  0.0176  0.0177  0.0179  0.0176  0.0177  0.0175  0.0176
  0.0182  0.0179  0.0178  0.0185  0.0181  0.0183  0.0180  0.0186  0.0178  0.0181  0.0177  0.0178
niter,ni,del,rscale     1    3    5.0000    0.4000
parameters
   -1.0542   20.7817   16.0894  -11.7496   -8.8139   -4.7004
   -1.7694    2.7838    2.7776  -13.2667    1.5210    5.8130
eta,q 0.98264  8.17826
  0.0179  0.0177  0.0176  0.0181  0.0178  0.0180  0.0178  0.0182  0.0176  0.0179  0.0176  0.0176
  0.0176  0.0175  0.0175  0.0177  0.0176  0.0177  0.0175  0.0178  0.0175  0.0176  0.0175  0.0175
  0.0174  0.0174  0.0174  0.0175  0.0174  0.0175  0.0174  0.0175  0.0174  0.0174  0.0174  0.0174
  0.0174  0.0174  0.0174  0.0174  0.0174  0.0174  0.0174  0.0174  0.0174  0.0174  0.0174  0.0174
  0.0174  0.0174  0.0174  0.0174  0.0174  0.0174  0.0174  0.0174  0.0174  0.0174  0.0174  0.0174
  0.0176  0.0175  0.0175  0.0177  0.0176  0.0175  0.0175  0.0177  0.0175  0.0176  0.0175  0.0175
  0.0179  0.0177  0.0176  0.0181  0.0178  0.0179  0.0178  0.0182  0.0176  0.0179  0.0176  0.0176
registration optimization eta report
parameter search radius
    0.8000    0.8000    0.8000    2.4000    2.4000    2.4000
    2.4000    2.4000    2.4000    2.4000    2.4000    2.4000
100000*second partial in parameter space
       83.       52.       41.       13.        8.       10.
        7.       15.        5.        9.        4.        4.
  0.0179  0.0177  0.0176  0.0181  0.0178  0.0180  0.0178  0.0182  0.0176  0.0179  0.0176  0.0176
  0.0176  0.0175  0.0175  0.0177  0.0176  0.0177  0.0175  0.0178  0.0175  0.0176  0.0175  0.0175
  0.0174  0.0174  0.0174  0.0175  0.0174  0.0175  0.0174  0.0175  0.0174  0.0174  0.0174  0.0174
  0.0174  0.0174  0.0174  0.0174  0.0174  0.0174  0.0174  0.0174  0.0174  0.0174  0.0174  0.0174
  0.0174  0.0174  0.0174  0.0174  0.0174  0.0174  0.0174  0.0174  0.0174  0.0174  0.0174  0.0174
  0.0176  0.0175  0.0175  0.0177  0.0176  0.0175  0.0175  0.0177  0.0175  0.0176  0.0175  0.0175
  0.0179  0.0177  0.0176  0.0181  0.0178  0.0179  0.0178  0.0182  0.0176  0.0179  0.0176  0.0176
   -1.0542   20.7817   16.0894  -11.7496   -8.8139   -4.7004
   -1.7694    2.7838    2.7776  -13.2667    1.5210    5.8130
eta,q 0.98264  8.17826

---------------------------------------------------------------------
imgreg_4dfp /opt/freesurfer/average/711-2C_as_mni_average_305 /opt/freesurfer/average/711-2B_as_mni_average_305_mask talsrcimg_g11 none talsrcimg_to_711-2C_as_mni_average_305_t4 2311
---------------------------------------------------------------------

freesurfer imgreg_4dfp.c
/opt/freesurfer/average/711-2C_as_mni_average_305.4dfp.img
       256       256       256         1
  1.000000  1.000000  1.000000
orientation T byte_order littleendian
Reading image: /opt/freesurfer/average/711-2C_as_mni_average_305.4dfp.img
dimensions:      256       256       256
mmppix:       1.0000   -1.0000   -1.0000
center:     128.0000 -129.0000 -129.0000
/opt/freesurfer/average/711-2B_as_mni_average_305_mask.4dfp.img
       256       256       256         1
  1.000000  1.000000  1.000000
orientation T byte_order littleendian
Reading mask: /opt/freesurfer/average/711-2B_as_mni_average_305_mask.4dfp.img (2306576 pixels)
talsrcimg_g11.4dfp.img
       256       256       256         1
  1.000000  1.000000  1.000000
orientation T byte_order littleendian
Reading image: talsrcimg_g11.4dfp.img
dimensions:      256       256       256
mmppix:       1.0000   -1.0000   -1.0000
center:     128.0000 -129.0000 -129.0000
fimgreg.f
image alignment mode   2311 decimal      907 hex
parameters
   -1.0542   20.7817   16.0894  -11.7496   -8.8139   -4.7004
   -1.7694    2.7838    2.7776  -13.2667    1.5210    5.8130
eta,q 0.98264  8.17826
niter,ni,del,rscale     5    3    5.0000    0.8000
parameters
   -1.0496   20.7595   16.1076  -12.0154   -8.9685   -5.2523
   -1.7525    2.6979    2.8217  -13.2383    1.4425    6.0170
eta,q 0.98255  8.15998
  0.0195  0.0186  0.0184  0.0197  0.0190  0.0191  0.0191  0.0203  0.0186  0.0194  0.0183  0.0184
  0.0183  0.0179  0.0178  0.0185  0.0181  0.0183  0.0182  0.0188  0.0180  0.0183  0.0178  0.0179
  0.0176  0.0175  0.0175  0.0177  0.0176  0.0177  0.0176  0.0178  0.0176  0.0177  0.0175  0.0176
  0.0174  0.0174  0.0174  0.0174  0.0174  0.0174  0.0175  0.0175  0.0175  0.0175  0.0175  0.0175
  0.0176  0.0175  0.0175  0.0177  0.0176  0.0176  0.0176  0.0179  0.0176  0.0177  0.0176  0.0175
  0.0183  0.0180  0.0178  0.0187  0.0182  0.0187  0.0182  0.0189  0.0179  0.0183  0.0179  0.0178
  0.0195  0.0187  0.0184  0.0205  0.0193  0.0207  0.0191  0.0206  0.0185  0.0194  0.0184  0.0183
niter,ni,del,rscale     4    3    5.0000    0.7000
parameters
   -1.0367   20.7520   16.0980  -11.8507   -8.8654   -5.2150
   -1.7647    2.7314    2.8152  -13.2859    1.4737    6.0017
eta,q 0.98257  8.16538
  0.0191  0.0184  0.0182  0.0195  0.0188  0.0190  0.0187  0.0198  0.0183  0.0189  0.0181  0.0181
  0.0182  0.0179  0.0178  0.0186  0.0181  0.0183  0.0180  0.0185  0.0178  0.0181  0.0177  0.0178
  0.0176  0.0176  0.0175  0.0178  0.0176  0.0178  0.0176  0.0177  0.0175  0.0176  0.0175  0.0175
  0.0175  0.0175  0.0175  0.0175  0.0174  0.0174  0.0174  0.0174  0.0174  0.0174  0.0174  0.0174
  0.0176  0.0176  0.0175  0.0176  0.0175  0.0174  0.0176  0.0177  0.0175  0.0176  0.0175  0.0175
  0.0182  0.0179  0.0178  0.0182  0.0179  0.0180  0.0180  0.0185  0.0178  0.0181  0.0177  0.0177
  0.0190  0.0185  0.0182  0.0194  0.0187  0.0193  0.0187  0.0198  0.0183  0.0190  0.0181  0.0182
niter,ni,del,rscale     3    3    5.0000    0.6000
parameters
   -1.0421   20.7611   16.0894  -11.7971   -8.8227   -5.0412
   -1.7691    2.7530    2.8010  -13.2842    1.4936    5.9281
eta,q 0.98260  8.17068
  0.0186  0.0182  0.0180  0.0190  0.0184  0.0187  0.0183  0.0192  0.0180  0.0185  0.0179  0.0179
  0.0179  0.0178  0.0177  0.0182  0.0179  0.0181  0.0178  0.0182  0.0177  0.0179  0.0176  0.0176
  0.0176  0.0175  0.0175  0.0177  0.0176  0.0177  0.0175  0.0176  0.0175  0.0175  0.0175  0.0175
  0.0174  0.0174  0.0174  0.0174  0.0174  0.0174  0.0174  0.0174  0.0174  0.0174  0.0174  0.0174
  0.0176  0.0175  0.0175  0.0175  0.0175  0.0174  0.0175  0.0176  0.0175  0.0175  0.0175  0.0175
  0.0180  0.0177  0.0177  0.0181  0.0178  0.0177  0.0178  0.0182  0.0177  0.0179  0.0176  0.0177
  0.0186  0.0182  0.0180  0.0190  0.0184  0.0187  0.0183  0.0192  0.0180  0.0185  0.0179  0.0180
niter,ni,del,rscale     2    3    5.0000    0.5000
parameters
   -1.0502   20.7710   16.0829  -11.7637   -8.8097   -4.8689
   -1.7676    2.7663    2.7942  -13.2750    1.5157    5.8727
eta,q 0.98262  8.17491
  0.0182  0.0179  0.0178  0.0185  0.0181  0.0183  0.0180  0.0187  0.0178  0.0181  0.0177  0.0177
  0.0178  0.0176  0.0176  0.0179  0.0177  0.0179  0.0177  0.0180  0.0176  0.0177  0.0175  0.0175
  0.0175  0.0175  0.0174  0.0176  0.0175  0.0176  0.0174  0.0175  0.0174  0.0175  0.0174  0.0174
  0.0174  0.0174  0.0174  0.0174  0.0174  0.0174  0.0174  0.0174  0.0174  0.0174  0.0174  0.0174
  0.0175  0.0175  0.0174  0.0175  0.0175  0.0174  0.0175  0.0175  0.0174  0.0175  0.0174  0.0174
  0.0178  0.0176  0.0176  0.0179  0.0177  0.0176  0.0177  0.0179  0.0176  0.0177  0.0175  0.0176
  0.0182  0.0179  0.0178  0.0185  0.0181  0.0183  0.0180  0.0187  0.0178  0.0181  0.0177  0.0178
niter,ni,del,rscale     1    3    5.0000    0.4000
parameters
   -1.0551   20.7820   16.0905  -11.7515   -8.8102   -4.6955
   -1.7696    2.7785    2.7768  -13.2667    1.5201    5.8045
eta,q 0.98264  8.17839
  0.0179  0.0177  0.0176  0.0181  0.0178  0.0180  0.0178  0.0182  0.0176  0.0179  0.0176  0.0176
  0.0176  0.0175  0.0175  0.0177  0.0176  0.0177  0.0175  0.0178  0.0175  0.0176  0.0175  0.0175
  0.0174  0.0174  0.0174  0.0175  0.0174  0.0175  0.0174  0.0175  0.0174  0.0174  0.0174  0.0174
  0.0174  0.0174  0.0174  0.0174  0.0174  0.0174  0.0174  0.0174  0.0174  0.0174  0.0174  0.0174
  0.0174  0.0174  0.0174  0.0174  0.0174  0.0174  0.0174  0.0174  0.0174  0.0174  0.0174  0.0174
  0.0176  0.0175  0.0175  0.0177  0.0176  0.0175  0.0175  0.0177  0.0175  0.0176  0.0175  0.0175
  0.0179  0.0177  0.0176  0.0181  0.0178  0.0179  0.0178  0.0182  0.0176  0.0179  0.0176  0.0176
registration optimization eta report
parameter search radius
    0.8000    0.8000    0.8000    2.4000    2.4000    2.4000
    2.4000    2.4000    2.4000    2.4000    2.4000    2.4000
100000*second partial in parameter space
       83.       52.       41.       13.        8.       10.
        7.       15.        5.        9.        4.        4.
  0.0179  0.0177  0.0176  0.0181  0.0178  0.0180  0.0178  0.0182  0.0176  0.0179  0.0176  0.0176
  0.0176  0.0175  0.0175  0.0177  0.0176  0.0177  0.0175  0.0178  0.0175  0.0176  0.0175  0.0175
  0.0174  0.0174  0.0174  0.0175  0.0174  0.0175  0.0174  0.0175  0.0174  0.0174  0.0174  0.0174
  0.0174  0.0174  0.0174  0.0174  0.0174  0.0174  0.0174  0.0174  0.0174  0.0174  0.0174  0.0174
  0.0174  0.0174  0.0174  0.0174  0.0174  0.0174  0.0174  0.0174  0.0174  0.0174  0.0174  0.0174
  0.0176  0.0175  0.0175  0.0177  0.0176  0.0175  0.0175  0.0177  0.0175  0.0176  0.0175  0.0175
  0.0179  0.0177  0.0176  0.0181  0.0178  0.0179  0.0178  0.0182  0.0176  0.0179  0.0176  0.0176
   -1.0551   20.7820   16.0905  -11.7515   -8.8102   -4.6955
   -1.7696    2.7785    2.7768  -13.2667    1.5201    5.8045
eta,q 0.98264  8.17839

---------------------------------------------------------------------
compute_vox2vox talsrcimg talsrcimg_to_711-2C_as_mni_average_305_t4 /opt/freesurfer/average/711-2C_as_mni_average_305
---------------------------------------------------------------------

freesurfer compute_vox2vox.c
Reading: talsrcimg.4dfp.ifh
Reading: talsrcimg_to_711-2C_as_mni_average_305_t4
Reading: /opt/freesurfer/average/711-2C_as_mni_average_305.4dfp.ifh
Writing: talsrcimg_to_711-2C_as_mni_average_305_t4_vox2vox.txt

start time Fri Mar 13 05:37:26 CET 2026
end		time Fri Mar 13 05:38:50 CET 2026

mpr2mni305 success

avi2talxfm orig_nu.mgz /opt/freesurfer/average/mni305.cor.mgz talsrcimg_to_711-2C_as_mni_average_305_t4_vox2vox.txt transforms/talairach.auto.xfm
avi2talxfm done
mv -f /out/sourcedata/freesurfer/sub-v2s4x29619_ses-1/mri/talsrcimg_to_711-2C_as_mni_average_305_t4_vox2vox.txt /out/sourcedata/freesurfer/sub-v2s4x29619_ses-1/mri/transforms/talsrcimg_to_711-2C_as_mni_average_305_t4_vox2vox.txt
lta_convert --src orig_nu.mgz --trg /opt/freesurfer/average/mni305.cor.mgz --inxfm transforms/talairach.auto.xfm --outlta transforms/talairach.auto.xfm.lta --subject fsaverage
7.3.2

--src: orig_nu.mgz src image (geometry).
--trg: /opt/freesurfer/average/mni305.cor.mgz trg image (geometry).
--inmni: transforms/talairach.auto.xfm input MNI/XFM transform.
--outlta: transforms/talairach.auto.xfm.lta output LTA.
--s: fsaverage subject name
 LTA read, type : 1
 1.13292  -0.02971   0.02388  -0.19470;
-0.01583   1.04047  -0.06654  -5.47223;
-0.03680   0.15228   1.08621  -19.88137;
 0.00000   0.00000   0.00000   1.00000;
setting subject to fsaverage
Writing  LTA to file transforms/talairach.auto.xfm.lta...
lta_convert successful.
 
 
Started at Fri Mar 13 05:37:26 CET 2026
Ended   at Fri Mar 13 05:38:50 CET 2026
talairach_avi done
