status file for recon-all
Fri Mar 13 03:49:05 CET 2026
#@# MotionCor Fri Mar 13 03:49:07 CET 2026
#@# Talairach Fri Mar 13 03:49:14 CET 2026
#@# Talairach Failure Detection Fri Mar 13 03:53:39 CET 2026
#@# Nu Intensity Correction Fri Mar 13 03:53:39 CET 2026
#@# Intensity Normalization Fri Mar 13 03:56:51 CET 2026
recon-all -s sub-v2s4x29590_ses-1 finished without error at Fri Mar 13 03:58:21 CET 2026



#New# invocation of recon-all 



status file for recon-all
Fri Mar 13 04:05:13 CET 2026
#@# EM Registration Fri Mar 13 04:05:13 CET 2026
recon-all -s sub-v2s4x29590_ses-1 finished without error at Fri Mar 13 04:07:46 CET 2026



#New# invocation of recon-all 



status file for recon-all
Fri Mar 13 04:07:49 CET 2026
#@# CA Normalize Fri Mar 13 04:07:49 CET 2026
#@# CA Reg Fri Mar 13 04:09:07 CET 2026
#@# SubCort Seg Fri Mar 13 04:47:32 CET 2026
#@# CC Seg Fri Mar 13 05:24:05 CET 2026
#@# Merge ASeg Fri Mar 13 05:25:03 CET 2026
#@# Intensity Normalization2 Fri Mar 13 05:25:03 CET 2026
#@# Mask BFS Fri Mar 13 05:27:20 CET 2026
#@# WM Segmentation Fri Mar 13 05:27:21 CET 2026
#@# Fill Fri Mar 13 05:29:23 CET 2026
recon-all -s sub-v2s4x29590_ses-1 finished without error at Fri Mar 13 05:30:28 CET 2026



#New# invocation of recon-all 



status file for recon-all
Fri Mar 13 06:08:10 CET 2026
#@# white curv lh Fri Mar 13 06:08:10 CET 2026
#@# white area lh Fri Mar 13 06:08:10 CET 2026
#@# pial curv lh Fri Mar 13 06:08:10 CET 2026
#@# pial area lh Fri Mar 13 06:08:10 CET 2026
#@# thickness lh Fri Mar 13 06:08:10 CET 2026
#@# area and vertex vol lh Fri Mar 13 06:08:10 CET 2026
#@# white curv rh Fri Mar 13 06:08:10 CET 2026
#@# white area rh Fri Mar 13 06:08:10 CET 2026
#@# pial curv rh Fri Mar 13 06:08:10 CET 2026
#@# pial area rh Fri Mar 13 06:08:10 CET 2026
#@# thickness rh Fri Mar 13 06:08:10 CET 2026
#@# area and vertex vol rh Fri Mar 13 06:08:10 CET 2026
#@# Cortical ribbon mask Fri Mar 13 06:08:10 CET 2026
recon-all -s sub-v2s4x29590_ses-1 finished without error at Fri Mar 13 06:12:04 CET 2026



#New# invocation of recon-all 



status file for recon-all
Fri Mar 13 06:18:09 CET 2026
#@# white curv lh Fri Mar 13 06:18:09 CET 2026
#@# white area lh Fri Mar 13 06:18:09 CET 2026
#@# pial curv lh Fri Mar 13 06:18:09 CET 2026
#@# pial area lh Fri Mar 13 06:18:09 CET 2026
#@# thickness lh Fri Mar 13 06:18:09 CET 2026
#@# area and vertex vol lh Fri Mar 13 06:18:09 CET 2026
#@# white curv rh Fri Mar 13 06:18:09 CET 2026
#@# white area rh Fri Mar 13 06:18:09 CET 2026
#@# pial curv rh Fri Mar 13 06:18:09 CET 2026
#@# pial area rh Fri Mar 13 06:18:09 CET 2026
#@# thickness rh Fri Mar 13 06:18:09 CET 2026
#@# area and vertex vol rh Fri Mar 13 06:18:09 CET 2026
#@# Curvature Stats lh Fri Mar 13 06:18:09 CET 2026
#@# Curvature Stats rh Fri Mar 13 06:18:12 CET 2026
#@# Relabel Hypointensities Fri Mar 13 06:18:14 CET 2026
#@# APas-to-ASeg Fri Mar 13 06:18:29 CET 2026
#@# AParc-to-ASeg aparc Fri Mar 13 06:18:35 CET 2026
#@# AParc-to-ASeg aparc.a2009s Fri Mar 13 06:19:02 CET 2026
#@# AParc-to-ASeg aparc.DKTatlas Fri Mar 13 06:19:27 CET 2026
#@# WMParc Fri Mar 13 06:19:53 CET 2026
#@# ASeg Stats Fri Mar 13 06:23:40 CET 2026
recon-all -s sub-v2s4x29590_ses-1 finished without error at Fri Mar 13 06:24:13 CET 2026
