status file for recon-all
Fri Mar 13 05:30:31 CET 2026
#@# Tessellate lh Fri Mar 13 05:30:31 CET 2026
#@# Smooth1 lh Fri Mar 13 05:30:35 CET 2026
#@# Inflation1 lh Fri Mar 13 05:30:37 CET 2026
#@# QSphere lh Fri Mar 13 05:30:47 CET 2026
#@# Fix Topology lh Fri Mar 13 05:31:52 CET 2026
#@# Smooth2 lh Fri Mar 13 05:37:00 CET 2026
#@# Inflation2 lh Fri Mar 13 05:37:02 CET 2026
#@# Curv .H and .K lh Fri Mar 13 05:37:13 CET 2026
#@# Sphere lh Fri Mar 13 05:37:58 CET 2026
#@# Surf Reg lh Fri Mar 13 05:39:47 CET 2026
#@# Jacobian white lh Fri Mar 13 05:42:42 CET 2026
#@# AvgCurv lh Fri Mar 13 05:42:43 CET 2026
#@# Cortical Parc lh Fri Mar 13 05:42:43 CET 2026
#@# white curv lh Fri Mar 13 05:48:16 CET 2026
#@# white area lh Fri Mar 13 05:48:18 CET 2026
#@# pial curv lh Fri Mar 13 05:48:18 CET 2026
#@# pial area lh Fri Mar 13 05:48:20 CET 2026
#@# thickness lh Fri Mar 13 05:48:21 CET 2026
#@# area and vertex vol lh Fri Mar 13 05:48:49 CET 2026
#@# Curvature Stats lh Fri Mar 13 05:48:50 CET 2026
#@# Cortical Parc 2 lh Fri Mar 13 05:48:53 CET 2026
#@# Cortical Parc 3 lh Fri Mar 13 05:49:05 CET 2026
#@# WM/GM Contrast lh Fri Mar 13 05:49:15 CET 2026
recon-all -s sub-v2s4x29590_ses-1 finished without error at Fri Mar 13 05:49:17 CET 2026



#New# invocation of recon-all 



status file for recon-all
Fri Mar 13 06:12:08 CET 2026
#@# white curv lh Fri Mar 13 06:12:08 CET 2026
#@# white area lh Fri Mar 13 06:12:08 CET 2026
#@# pial curv lh Fri Mar 13 06:12:08 CET 2026
#@# pial area lh Fri Mar 13 06:12:08 CET 2026
#@# thickness lh Fri Mar 13 06:12:08 CET 2026
#@# area and vertex vol lh Fri Mar 13 06:12:08 CET 2026
#@# Parcellation Stats lh Fri Mar 13 06:12:08 CET 2026
#@# Parcellation Stats 2 lh Fri Mar 13 06:12:25 CET 2026
#@# Parcellation Stats 3 lh Fri Mar 13 06:12:34 CET 2026
#@# BA_exvivo Labels lh Fri Mar 13 06:12:42 CET 2026
recon-all -s sub-v2s4x29590_ses-1 finished without error at Fri Mar 13 06:15:05 CET 2026
