status file for recon-all
Fri Mar 13 07:26:41 CET 2026
#@# Tessellate rh Fri Mar 13 07:26:41 CET 2026
#@# Smooth1 rh Fri Mar 13 07:26:45 CET 2026
#@# Inflation1 rh Fri Mar 13 07:26:48 CET 2026
#@# QSphere rh Fri Mar 13 07:27:02 CET 2026
#@# Fix Topology rh Fri Mar 13 07:28:07 CET 2026
#@# Smooth2 rh Fri Mar 13 07:34:36 CET 2026
#@# Inflation2 rh Fri Mar 13 07:34:39 CET 2026
#@# Curv .H and .K rh Fri Mar 13 07:34:54 CET 2026
#@# Sphere rh Fri Mar 13 07:35:45 CET 2026
#@# Surf Reg rh Fri Mar 13 07:38:07 CET 2026
#@# Jacobian white rh Fri Mar 13 07:42:35 CET 2026
#@# AvgCurv rh Fri Mar 13 07:42:36 CET 2026
#@# Cortical Parc rh Fri Mar 13 07:42:37 CET 2026
#@# white curv rh Fri Mar 13 07:49:02 CET 2026
#@# white area rh Fri Mar 13 07:49:04 CET 2026
#@# pial curv rh Fri Mar 13 07:49:05 CET 2026
#@# pial area rh Fri Mar 13 07:49:07 CET 2026
#@# thickness rh Fri Mar 13 07:49:08 CET 2026
#@# area and vertex vol rh Fri Mar 13 07:49:41 CET 2026
#@# Curvature Stats rh Fri Mar 13 07:49:43 CET 2026
#@# Cortical Parc 2 rh Fri Mar 13 07:49:45 CET 2026
#@# Cortical Parc 3 rh Fri Mar 13 07:49:59 CET 2026
#@# WM/GM Contrast rh Fri Mar 13 07:50:09 CET 2026
recon-all -s sub-v2s4x29611_ses-1 finished without error at Fri Mar 13 07:50:12 CET 2026



#New# invocation of recon-all 



status file for recon-all
Fri Mar 13 08:01:12 CET 2026
#@# white curv rh Fri Mar 13 08:01:12 CET 2026
#@# white area rh Fri Mar 13 08:01:12 CET 2026
#@# pial curv rh Fri Mar 13 08:01:12 CET 2026
#@# pial area rh Fri Mar 13 08:01:12 CET 2026
#@# thickness rh Fri Mar 13 08:01:12 CET 2026
#@# area and vertex vol rh Fri Mar 13 08:01:12 CET 2026
#@# Parcellation Stats rh Fri Mar 13 08:01:12 CET 2026
#@# Parcellation Stats 2 rh Fri Mar 13 08:01:34 CET 2026
#@# Parcellation Stats 3 rh Fri Mar 13 08:01:44 CET 2026
#@# BA_exvivo Labels rh Fri Mar 13 08:01:54 CET 2026
recon-all -s sub-v2s4x29611_ses-1 finished without error at Fri Mar 13 08:04:40 CET 2026
