status file for recon-all
Fri Mar 13 05:11:56 CET 2026
#@# MotionCor Fri Mar 13 05:11:58 CET 2026
#@# Talairach Fri Mar 13 05:12:06 CET 2026
#@# Talairach Failure Detection Fri Mar 13 05:16:30 CET 2026
#@# Nu Intensity Correction Fri Mar 13 05:16:31 CET 2026
#@# Intensity Normalization Fri Mar 13 05:19:48 CET 2026
recon-all -s sub-v2s4x29611_ses-1 finished without error at Fri Mar 13 05:21:28 CET 2026



#New# invocation of recon-all 



status file for recon-all
Fri Mar 13 05:28:43 CET 2026
#@# EM Registration Fri Mar 13 05:28:43 CET 2026
recon-all -s sub-v2s4x29611_ses-1 finished without error at Fri Mar 13 05:31:06 CET 2026



#New# invocation of recon-all 



status file for recon-all
Fri Mar 13 05:31:09 CET 2026
#@# CA Normalize Fri Mar 13 05:31:09 CET 2026
#@# CA Reg Fri Mar 13 05:32:30 CET 2026
#@# SubCort Seg Fri Mar 13 06:19:14 CET 2026
#@# CC Seg Fri Mar 13 06:58:19 CET 2026
#@# Merge ASeg Fri Mar 13 06:58:59 CET 2026
#@# Intensity Normalization2 Fri Mar 13 06:58:59 CET 2026
#@# Mask BFS Fri Mar 13 07:01:19 CET 2026
#@# WM Segmentation Fri Mar 13 07:01:20 CET 2026
#@# Fill Fri Mar 13 07:03:28 CET 2026
recon-all -s sub-v2s4x29611_ses-1 finished without error at Fri Mar 13 07:04:30 CET 2026



#New# invocation of recon-all 



status file for recon-all
Fri Mar 13 07:50:17 CET 2026
#@# white curv lh Fri Mar 13 07:50:17 CET 2026
#@# white area lh Fri Mar 13 07:50:17 CET 2026
#@# pial curv lh Fri Mar 13 07:50:17 CET 2026
#@# pial area lh Fri Mar 13 07:50:17 CET 2026
#@# thickness lh Fri Mar 13 07:50:17 CET 2026
#@# area and vertex vol lh Fri Mar 13 07:50:17 CET 2026
#@# white curv rh Fri Mar 13 07:50:17 CET 2026
#@# white area rh Fri Mar 13 07:50:17 CET 2026
#@# pial curv rh Fri Mar 13 07:50:17 CET 2026
#@# pial area rh Fri Mar 13 07:50:17 CET 2026
#@# thickness rh Fri Mar 13 07:50:17 CET 2026
#@# area and vertex vol rh Fri Mar 13 07:50:17 CET 2026
#@# Cortical ribbon mask Fri Mar 13 07:50:17 CET 2026
recon-all -s sub-v2s4x29611_ses-1 finished without error at Fri Mar 13 07:57:38 CET 2026



#New# invocation of recon-all 



status file for recon-all
Fri Mar 13 08:04:44 CET 2026
#@# white curv lh Fri Mar 13 08:04:44 CET 2026
#@# white area lh Fri Mar 13 08:04:44 CET 2026
#@# pial curv lh Fri Mar 13 08:04:44 CET 2026
#@# pial area lh Fri Mar 13 08:04:44 CET 2026
#@# thickness lh Fri Mar 13 08:04:44 CET 2026
#@# area and vertex vol lh Fri Mar 13 08:04:44 CET 2026
#@# white curv rh Fri Mar 13 08:04:44 CET 2026
#@# white area rh Fri Mar 13 08:04:44 CET 2026
#@# pial curv rh Fri Mar 13 08:04:44 CET 2026
#@# pial area rh Fri Mar 13 08:04:44 CET 2026
#@# thickness rh Fri Mar 13 08:04:44 CET 2026
#@# area and vertex vol rh Fri Mar 13 08:04:44 CET 2026
#@# Curvature Stats lh Fri Mar 13 08:04:44 CET 2026
#@# Curvature Stats rh Fri Mar 13 08:04:47 CET 2026
#@# Relabel Hypointensities Fri Mar 13 08:04:50 CET 2026
#@# APas-to-ASeg Fri Mar 13 08:05:05 CET 2026
#@# AParc-to-ASeg aparc Fri Mar 13 08:05:14 CET 2026
#@# AParc-to-ASeg aparc.a2009s Fri Mar 13 08:05:58 CET 2026
#@# AParc-to-ASeg aparc.DKTatlas Fri Mar 13 08:06:48 CET 2026
#@# WMParc Fri Mar 13 08:07:35 CET 2026
#@# ASeg Stats Fri Mar 13 08:11:56 CET 2026
recon-all -s sub-v2s4x29611_ses-1 finished without error at Fri Mar 13 08:12:35 CET 2026
