status file for recon-all
Fri Mar 13 07:39:31 CET 2026
#@# Tessellate rh Fri Mar 13 07:39:31 CET 2026
#@# Smooth1 rh Fri Mar 13 07:39:33 CET 2026
#@# Inflation1 rh Fri Mar 13 07:39:35 CET 2026
#@# QSphere rh Fri Mar 13 07:39:46 CET 2026
#@# Fix Topology rh Fri Mar 13 07:40:34 CET 2026
#@# Smooth2 rh Fri Mar 13 07:44:17 CET 2026
#@# Inflation2 rh Fri Mar 13 07:44:19 CET 2026
#@# Curv .H and .K rh Fri Mar 13 07:44:32 CET 2026
#@# Sphere rh Fri Mar 13 07:45:08 CET 2026
#@# Surf Reg rh Fri Mar 13 07:46:37 CET 2026
#@# Jacobian white rh Fri Mar 13 07:49:27 CET 2026
#@# AvgCurv rh Fri Mar 13 07:49:28 CET 2026
#@# Cortical Parc rh Fri Mar 13 07:49:29 CET 2026
#@# white curv rh Fri Mar 13 07:54:20 CET 2026
#@# white area rh Fri Mar 13 07:54:21 CET 2026
#@# pial curv rh Fri Mar 13 07:54:21 CET 2026
#@# pial area rh Fri Mar 13 07:54:23 CET 2026
#@# thickness rh Fri Mar 13 07:54:23 CET 2026
#@# area and vertex vol rh Fri Mar 13 07:54:42 CET 2026
#@# Curvature Stats rh Fri Mar 13 07:54:43 CET 2026
#@# Cortical Parc 2 rh Fri Mar 13 07:54:45 CET 2026
#@# Cortical Parc 3 rh Fri Mar 13 07:54:54 CET 2026
#@# WM/GM Contrast rh Fri Mar 13 07:55:01 CET 2026
recon-all -s sub-v2s4x29631_ses-1 finished without error at Fri Mar 13 07:55:04 CET 2026



#New# invocation of recon-all 



status file for recon-all
Fri Mar 13 07:59:52 CET 2026
#@# white curv rh Fri Mar 13 07:59:52 CET 2026
#@# white area rh Fri Mar 13 07:59:52 CET 2026
#@# pial curv rh Fri Mar 13 07:59:52 CET 2026
#@# pial area rh Fri Mar 13 07:59:52 CET 2026
#@# thickness rh Fri Mar 13 07:59:52 CET 2026
#@# area and vertex vol rh Fri Mar 13 07:59:52 CET 2026
#@# Parcellation Stats rh Fri Mar 13 07:59:52 CET 2026
#@# Parcellation Stats 2 rh Fri Mar 13 08:00:06 CET 2026
#@# Parcellation Stats 3 rh Fri Mar 13 08:00:14 CET 2026
#@# BA_exvivo Labels rh Fri Mar 13 08:00:21 CET 2026
recon-all -s sub-v2s4x29631_ses-1 finished without error at Fri Mar 13 08:02:19 CET 2026
