status file for recon-all
Fri Mar 13 07:22:59 CET 2026
#@# Tessellate lh Fri Mar 13 07:22:59 CET 2026
#@# Smooth1 lh Fri Mar 13 07:23:01 CET 2026
#@# Inflation1 lh Fri Mar 13 07:23:04 CET 2026
#@# QSphere lh Fri Mar 13 07:23:17 CET 2026
#@# Fix Topology lh Fri Mar 13 07:24:17 CET 2026
#@# Smooth2 lh Fri Mar 13 07:28:17 CET 2026
#@# Inflation2 lh Fri Mar 13 07:28:20 CET 2026
#@# Curv .H and .K lh Fri Mar 13 07:28:33 CET 2026
#@# Sphere lh Fri Mar 13 07:29:09 CET 2026
#@# Surf Reg lh Fri Mar 13 07:30:40 CET 2026
#@# Jacobian white lh Fri Mar 13 07:33:27 CET 2026
#@# AvgCurv lh Fri Mar 13 07:33:28 CET 2026
#@# Cortical Parc lh Fri Mar 13 07:33:29 CET 2026
#@# white curv lh Fri Mar 13 07:38:44 CET 2026
#@# white area lh Fri Mar 13 07:38:45 CET 2026
#@# pial curv lh Fri Mar 13 07:38:46 CET 2026
#@# pial area lh Fri Mar 13 07:38:47 CET 2026
#@# thickness lh Fri Mar 13 07:38:48 CET 2026
#@# area and vertex vol lh Fri Mar 13 07:39:07 CET 2026
#@# Curvature Stats lh Fri Mar 13 07:39:08 CET 2026
#@# Cortical Parc 2 lh Fri Mar 13 07:39:09 CET 2026
#@# Cortical Parc 3 lh Fri Mar 13 07:39:19 CET 2026
#@# WM/GM Contrast lh Fri Mar 13 07:39:26 CET 2026
recon-all -s sub-v2s4x29631_ses-1 finished without error at Fri Mar 13 07:39:29 CET 2026



#New# invocation of recon-all 



status file for recon-all
Fri Mar 13 07:57:26 CET 2026
#@# white curv lh Fri Mar 13 07:57:26 CET 2026
#@# white area lh Fri Mar 13 07:57:26 CET 2026
#@# pial curv lh Fri Mar 13 07:57:26 CET 2026
#@# pial area lh Fri Mar 13 07:57:26 CET 2026
#@# thickness lh Fri Mar 13 07:57:26 CET 2026
#@# area and vertex vol lh Fri Mar 13 07:57:26 CET 2026
#@# Parcellation Stats lh Fri Mar 13 07:57:26 CET 2026
#@# Parcellation Stats 2 lh Fri Mar 13 07:57:40 CET 2026
#@# Parcellation Stats 3 lh Fri Mar 13 07:57:47 CET 2026
#@# BA_exvivo Labels lh Fri Mar 13 07:57:54 CET 2026
recon-all -s sub-v2s4x29631_ses-1 finished without error at Fri Mar 13 07:59:49 CET 2026
