/out/sourcedata/freesurfer/sub-v2s4x29598_ses-1/mri
/opt/freesurfer/bin/talairach_avi
--i orig_nu.mgz --xfm transforms/talairach.auto.xfm
talairach_avi 7.3.2
Linux dna086 5.14.0-427.37.1.el9_4.x86_64 #1 SMP PREEMPT_DYNAMIC Fri Sep 13 12:41:50 EDT 2024 x86_64 x86_64 x86_64 GNU/Linux
Fri Mar 13 04:19:53 CET 2026
mri_convert orig_nu.mgz talsrcimg.img 
reading from orig_nu.mgz...
TR=0.00, TE=0.00, TI=0.00, flip angle=0.00
i_ras = (-1, 0, -3.72529e-09)
j_ras = (0, 0, -1)
k_ras = (0, 1, 0)
writing to talsrcimg.img...
Analyze Output Matrix
-1.00000   0.00000   0.00000   132.93275;
 0.00000   0.00000   1.00000  -136.35120;
-0.00000  -1.00000   0.00000   141.91830;
 0.00000   0.00000   0.00000   1.00000;
--------------------
INFO: set hdr.hist.orient to -1
mpr2mni305 talsrcimg
Fri Mar 13 04:19:53 CET 2026
/opt/freesurfer/bin/mpr2mni305 talsrcimg
mpr2mni305 7.3.2
target=711-2C_as_mni_average_305

---------------------------------------------------------------------
analyzeto4dfp talsrcimg -O0 -y
---------------------------------------------------------------------

freesurfer ifh2hdr.c
Fri Mar 13 04:19:53 2026
Writing: talsrcimg.4dfp.hdr
freesurfer analyzeto4dfp.c
Reading: talsrcimg.hdr
header size 348 bytes
hdr.dime.datatype	offset=70	value=2
hdr.dime.bitpix		offset=72	value=8
hdr.hist.orient		offset=252	value=-1
dimensionality     4
dimensions       256       256       256         1
Reading: talsrcimg.img
Writing: talsrcimg.4dfp.img
Writing: talsrcimg.4dfp.ifh
ifh2hdr talsrcimg -r0to255
ori=2

---------------------------------------------------------------------
gauss_4dfp talsrcimg 1.1
---------------------------------------------------------------------

freesurfer gauss_4dfp.c
Reading: talsrcimg.4dfp.img
Writing: talsrcimg_g11.4dfp.img
image dimensions 256 256 256 padded to 288 288 288
processing volume 1freesurfer ifh2hdr.c
Fri Mar 13 04:19:55 2026
Writing: talsrcimg_g11.4dfp.hdr

Writing: talsrcimg_g11.4dfp.ifh
including: talsrcimg.4dfp.img.rec in talsrcimg_g11.4dfp.img.rec

---------------------------------------------------------------------
imgreg_4dfp /opt/freesurfer/average/711-2C_as_mni_average_305 none talsrcimg_g11 none talsrcimg_to_711-2C_as_mni_average_305_t4 4355
---------------------------------------------------------------------

freesurfer imgreg_4dfp.c
/opt/freesurfer/average/711-2C_as_mni_average_305.4dfp.img
       256       256       256         1
  1.000000  1.000000  1.000000
orientation T byte_order littleendian
Reading image: /opt/freesurfer/average/711-2C_as_mni_average_305.4dfp.img
dimensions:      256       256       256
mmppix:       1.0000   -1.0000   -1.0000
center:     128.0000 -129.0000 -129.0000
talsrcimg_g11.4dfp.img
       256       256       256         1
  1.000000  1.000000  1.000000
orientation T byte_order littleendian
Reading image: talsrcimg_g11.4dfp.img
dimensions:      256       256       256
mmppix:       1.0000   -1.0000   -1.0000
center:     128.0000 -129.0000 -129.0000
t4_read: open error in t4_sub.f l:  41 t4_file(1:l)talsrcimg_to_711-2C_as_mni_average_305_t4 
t4_read: transform initialized to I4
rotation matrix determinant  1.000000
image alignment mode   4355 decimal     1103 hex
   -7.5000  -45.0000  -45.0000 6377.1426   15.1784
    0.0000  -45.0000  -45.0000 6581.4702   15.1593
    7.5000  -45.0000  -45.0000 6298.6240   15.1541
   -7.5000  -37.5000  -45.0000 6875.6646   15.0592
    0.0000  -37.5000  -45.0000 7113.0747   15.0488
    7.5000  -37.5000  -45.0000 6791.9844   15.0485
   -7.5000  -30.0000  -45.0000 7666.1484   15.0635
    0.0000  -30.0000  -45.0000 7942.1997   15.0612
    7.5000  -30.0000  -45.0000 7575.3853   15.0665
   -7.5000  -22.5000  -45.0000 8513.3711   15.0672
    0.0000  -22.5000  -45.0000 8837.6211   15.0641
    7.5000  -22.5000  -45.0000 8395.2764   15.0696
   -7.5000  -15.0000  -45.0000 9292.6211   15.0662
    0.0000  -15.0000  -45.0000 9632.1377   15.0538
    7.5000  -15.0000  -45.0000 9139.5635   15.0538
   -7.5000   -7.5000  -45.0000 9933.6846   15.0580
    0.0000   -7.5000  -45.000010301.2842   15.0383
    7.5000   -7.5000  -45.0000 9765.3662   15.0331
   -7.5000    0.0000  -45.000010532.9180   15.0528
    0.0000    0.0000  -45.000010934.7324   15.0342
    7.5000    0.0000  -45.000010359.8721   15.0290
   -7.5000    7.5000  -45.000010407.2168   15.0572
    0.0000    7.5000  -45.000010811.5762   15.0468
    7.5000    7.5000  -45.000010260.4053   15.0464
   -7.5000   15.0000  -45.000010151.0273   15.0635
    0.0000   15.0000  -45.000010537.7090   15.0612
    7.5000   15.0000  -45.000010027.8994   15.0665
   -7.5000   22.5000  -45.0000 9774.5010   15.0651
    0.0000   22.5000  -45.000010142.4990   15.0621
    7.5000   22.5000  -45.0000 9656.2793   15.0675
   -7.5000   30.0000  -45.0000 9412.2227   14.8654
    0.0000   30.0000  -45.0000 9736.7637   14.8532
    7.5000   30.0000  -45.0000 9251.2070   14.8532
   -7.5000   37.5000  -45.0000 9145.9980   14.8573
    0.0000   37.5000  -45.0000 9451.8604   14.8379
    7.5000   37.5000  -45.0000 8981.1494   14.8328
   -7.5000   45.0000  -45.0000 8405.1973   14.4751
    0.0000   45.0000  -45.0000 8681.9131   14.4572
    7.5000   45.0000  -45.0000 8255.7793   14.4522
   -7.5000  -45.0000  -37.5000 6811.0923   15.0355
    0.0000  -45.0000  -37.5000 7045.5693   15.0170
    7.5000  -45.0000  -37.5000 6727.5371   15.0193
   -7.5000  -37.5000  -37.5000 7344.0581   14.9254
    0.0000  -37.5000  -37.5000 7628.5869   14.9183
    7.5000  -37.5000  -37.5000 7256.3706   14.9245
   -7.5000  -30.0000  -37.5000 8197.4902   14.9336
    0.0000  -30.0000  -37.5000 8532.5752   14.9352
    7.5000  -30.0000  -37.5000 8096.4023   14.9431
   -7.5000  -22.5000  -37.5000 9098.4814   14.9327
    0.0000  -22.5000  -37.5000 9461.7510   14.9301
    7.5000  -22.5000  -37.5000 8973.6172   14.9353
   -7.5000  -15.0000  -37.5000 9926.3945   14.9238
    0.0000  -15.0000  -37.500010308.8613   14.9096
    7.5000  -15.0000  -37.5000 9788.1621   14.9098
   -7.5000   -7.5000  -37.500010607.1455   14.9135
    0.0000   -7.5000  -37.500011031.4053   14.8924
    7.5000   -7.5000  -37.500010471.4277   14.8915
   -7.5000    0.0000  -37.500011222.9023   14.9122
    0.0000    0.0000  -37.500011683.6201   14.8941
    7.5000    0.0000  -37.500011075.4961   14.8964
   -7.5000    7.5000  -37.500011072.3516   14.9234
    0.0000    7.5000  -37.500011536.3809   14.9163
    7.5000    7.5000  -37.500010928.4619   14.9225
   -7.5000   15.0000  -37.500010802.3574   14.9336
    0.0000   15.0000  -37.500011241.1221   14.9352
    7.5000   15.0000  -37.500010661.5186   14.9431
   -7.5000   22.5000  -37.500010372.8730   14.9306
    0.0000   22.5000  -37.500010759.0000   14.9280
    7.5000   22.5000  -37.500010228.5791   14.9332
   -7.5000   30.0000  -37.5000 9946.7783   14.7249
    0.0000   30.0000  -37.500010317.6885   14.7109
    7.5000   30.0000  -37.5000 9779.5059   14.7111
   -7.5000   37.5000  -37.5000 9709.4082   14.7148
    0.0000   37.5000  -37.500010094.9121   14.6940
    7.5000   37.5000  -37.5000 9556.5088   14.6931
   -7.5000   45.0000  -37.5000 8904.4375   14.3399
    0.0000   45.0000  -37.5000 9235.7344   14.3224
    7.5000   45.0000  -37.5000 8749.7627   14.3247
   -7.5000  -45.0000  -30.0000 7384.7168   15.6812
    0.0000  -45.0000  -30.0000 7664.0098   15.6608
    7.5000  -45.0000  -30.0000 7295.1802   15.6668
   -7.5000  -37.5000  -30.0000 7981.8345   15.5671
    0.0000  -37.5000  -30.0000 8320.6348   15.5586
    7.5000  -37.5000  -30.0000 7898.3711   15.5672
   -7.5000  -30.0000  -30.0000 8935.2139   15.5719
    0.0000  -30.0000  -30.0000 9322.6230   15.5724
    7.5000  -30.0000  -30.0000 8836.7852   15.5785
   -7.5000  -22.5000  -30.0000 9915.3857   15.5647
    0.0000  -22.5000  -30.000010332.5840   15.5606
    7.5000  -22.5000  -30.0000 9780.8594   15.5612
   -7.5000  -15.0000  -30.000010824.3154   15.5524
    0.0000  -15.0000  -30.000011266.4912   15.5369
    7.5000  -15.0000  -30.000010679.6992   15.5338
   -7.5000   -7.5000  -30.000011544.2529   15.5470
    0.0000   -7.5000  -30.000012018.9004   15.5246
    7.5000   -7.5000  -30.000011387.6494   15.5243
   -7.5000    0.0000  -30.000012199.3818   15.5523
    0.0000    0.0000  -30.000012739.6953   15.5323
    7.5000    0.0000  -30.000012054.0605   15.5383
   -7.5000    7.5000  -30.000012025.8008   15.5650
    0.0000    7.5000  -30.000012535.7188   15.5565
    7.5000    7.5000  -30.000011848.6377   15.5651
   -7.5000   15.0000  -30.000011680.5850   15.5719
    0.0000   15.0000  -30.000012161.9678   15.5724
    7.5000   15.0000  -30.000011525.3545   15.5785
   -7.5000   22.5000  -30.000011205.7217   15.5610
    0.0000   22.5000  -30.000011646.5459   15.5569
    7.5000   22.5000  -30.000011052.5361   15.5574
   -7.5000   30.0000  -30.000010728.0918   15.3466
    0.0000   30.0000  -30.000011136.6719   15.3314
    7.5000   30.0000  -30.000010528.8623   15.3283
   -7.5000   37.5000  -30.000010487.2490   15.3413
    0.0000   37.5000  -30.000010905.8623   15.3191
    7.5000   37.5000  -30.000010300.9336   15.3189
   -7.5000   45.0000  -30.0000 9597.8701   14.9663
    0.0000   45.0000  -30.0000 9961.3066   14.9471
    7.5000   45.0000  -30.0000 9426.4219   14.9529
   -7.5000  -45.0000  -22.5000 7991.6318   16.2471
    0.0000  -45.0000  -22.5000 8328.9639   16.2248
    7.5000  -45.0000  -22.5000 7904.0845   16.2274
   -7.5000  -37.5000  -22.5000 8666.9502   16.1201
    0.0000  -37.5000  -22.5000 9039.6191   16.1070
    7.5000  -37.5000  -22.5000 8582.7715   16.1122
   -7.5000  -30.0000  -22.5000 9707.2275   16.1182
    0.0000  -30.0000  -22.500010123.9102   16.1133
    7.5000  -30.0000  -22.5000 9619.9131   16.1147
   -7.5000  -22.5000  -22.500010760.0049   16.1129
    0.0000  -22.5000  -22.500011210.5039   16.1065
    7.5000  -22.5000  -22.500010645.6836   16.1016
   -7.5000  -15.0000  -22.500011733.3047   16.1076
    0.0000  -15.0000  -22.500012234.3467   16.0933
    7.5000  -15.0000  -22.500011589.7783   16.0849
   -7.5000   -7.5000  -22.500012502.7080   16.1082
    0.0000   -7.5000  -22.500013061.1396   16.0865
    7.5000   -7.5000  -22.500012363.5684   16.0821
   -7.5000    0.0000  -22.500013216.1133   16.1131
    0.0000    0.0000  -22.500013821.1006   16.0914
    7.5000    0.0000  -22.500013063.8955   16.0940
   -7.5000    7.5000  -22.500012991.8086   16.1179
    0.0000    7.5000  -22.500013579.5713   16.1048
    7.5000    7.5000  -22.500012794.7627   16.1100
   -7.5000   15.0000  -22.500012601.7109   16.1182
    0.0000   15.0000  -22.500013173.6504   16.1133
    7.5000   15.0000  -22.500012421.7588   16.1147
   -7.5000   22.5000  -22.500012070.4570   16.1079
    0.0000   22.5000  -22.500012603.4932   16.1015
    7.5000   22.5000  -22.500011907.2227   16.0967
   -7.5000   30.0000  -22.500011497.5029   15.8970
    0.0000   30.0000  -22.500011979.4043   15.8828
    7.5000   30.0000  -22.500011290.6377   15.8745
   -7.5000   37.5000  -22.500011268.3662   15.8975
    0.0000   37.5000  -22.500011760.4541   15.8761
    7.5000   37.5000  -22.500011065.1953   15.8717
   -7.5000   45.0000  -22.500010295.2627   15.5177
    0.0000   45.0000  -22.500010722.9443   15.4968
    7.5000   45.0000  -22.500010108.6523   15.4993
   -7.5000  -45.0000  -15.0000 8661.0342   16.6455
    0.0000  -45.0000  -15.0000 9018.4141   16.6233
    7.5000  -45.0000  -15.0000 8575.7158   16.6187
   -7.5000  -37.5000  -15.0000 9394.7900   16.5049
    0.0000  -37.5000  -15.0000 9795.5820   16.4885
    7.5000  -37.5000  -15.0000 9314.8135   16.4884
   -7.5000  -30.0000  -15.000010496.0234   16.4989
    0.0000  -30.0000  -15.000010947.8174   16.4901
    7.5000  -30.0000  -15.000010418.7881   16.4896
   -7.5000  -22.5000  -15.000011590.4766   16.5017
    0.0000  -22.5000  -15.000012098.8232   16.4953
    7.5000  -22.5000  -15.000011529.7305   16.4902
   -7.5000  -15.0000  -15.000012625.5156   16.5076
    0.0000  -15.0000  -15.000013192.6025   16.4962
    7.5000  -15.0000  -15.000012536.0244   16.4861
   -7.5000   -7.5000  -15.000013474.1855   16.5104
    0.0000   -7.5000  -15.000014064.4541   16.4913
    7.5000   -7.5000  -15.000013359.4600   16.4816
   -7.5000    0.0000  -15.000014218.0947   16.5082
    0.0000    0.0000  -15.000014862.2256   16.4867
    7.5000    0.0000  -15.000014071.2598   16.4821
   -7.5000    7.5000  -15.000013921.4580   16.5027
    0.0000    7.5000  -15.000014593.5918   16.4863
    7.5000    7.5000  -15.000013743.1445   16.4862
   -7.5000   15.0000  -15.000013511.4746   16.4989
    0.0000   15.0000  -15.000014183.5928   16.4901
    7.5000   15.0000  -15.000013337.5576   16.4896
   -7.5000   22.5000  -15.000012944.4658   16.4958
    0.0000   22.5000  -15.000013591.5488   16.4895
    7.5000   22.5000  -15.000012797.0498   16.4844
   -7.5000   30.0000  -15.000012220.7969   16.2939
    0.0000   30.0000  -15.000012797.3057   16.2827
    7.5000   30.0000  -15.000012037.7637   16.2727
   -7.5000   37.5000  -15.000011986.8594   16.2967
    0.0000   37.5000  -15.000012534.1699   16.2778
    7.5000   37.5000  -15.000011776.4795   16.2683
   -7.5000   45.0000  -15.000010959.8457   15.9078
    0.0000   45.0000  -15.000011446.7617   15.8871
    7.5000   45.0000  -15.000010795.5986   15.8827
   -7.5000  -45.0000   -7.5000 9355.0820   16.8225
    0.0000  -45.0000   -7.5000 9736.0654   16.8013
    7.5000  -45.0000   -7.5000 9259.8652   16.7920
   -7.5000  -37.5000   -7.500010126.6816   16.6809
    0.0000  -37.5000   -7.500010541.2979   16.6655
    7.5000  -37.5000   -7.500010029.5107   16.6620
   -7.5000  -30.0000   -7.500011292.0186   16.6772
    0.0000  -30.0000   -7.500011771.3594   16.6699
    7.5000  -30.0000   -7.500011222.4482   16.6712
   -7.5000  -22.5000   -7.500012452.2812   16.6836
    0.0000  -22.5000   -7.500012994.6230   16.6792
    7.5000  -22.5000   -7.500012392.4336   16.6794
   -7.5000  -15.0000   -7.500013541.1279   16.6916
    0.0000  -15.0000   -7.500014130.4980   16.6810
    7.5000  -15.0000   -7.500013450.1328   16.6750
   -7.5000   -7.5000   -7.500014459.9473   16.6906
    0.0000   -7.5000   -7.500015068.1475   16.6719
    7.5000   -7.5000   -7.500014351.7051   16.6614
   -7.5000    0.0000   -7.500015227.4912   16.6841
    0.0000    0.0000   -7.500015882.9658   16.6635
    7.5000    0.0000   -7.500015090.6484   16.6543
   -7.5000    7.5000   -7.500014832.0615   16.6786
    0.0000    7.5000   -7.500015541.5898   16.6632
    7.5000    7.5000   -7.500014719.3232   16.6597
   -7.5000   15.0000   -7.500014425.4082   16.6772
    0.0000   15.0000   -7.500015157.7441   16.6699
    7.5000   15.0000   -7.500014313.6631   16.6712
   -7.5000   22.5000   -7.500013834.9492   16.6759
    0.0000   22.5000   -7.500014565.6758   16.6715
    7.5000   22.5000   -7.500013733.3633   16.6717
   -7.5000   30.0000   -7.500013030.3623   16.4751
    0.0000   30.0000   -7.500013666.3135   16.4647
    7.5000   30.0000   -7.500012872.4014   16.4588
   -7.5000   37.5000   -7.500012729.7363   16.4741
    0.0000   37.5000   -7.500013340.9258   16.4557
    7.5000   37.5000   -7.500012562.8730   16.4454
   -7.5000   45.0000   -7.500011613.6895   16.0803
    0.0000   45.0000   -7.500012176.2051   16.0605
    7.5000   45.0000   -7.500011486.7480   16.0516
   -7.5000  -45.0000    0.0000 9979.4189   16.8307
    0.0000  -45.0000    0.000010376.7979   16.8100
    7.5000  -45.0000    0.0000 9873.4150   16.8042
   -7.5000  -37.5000    0.000010786.7988   16.6990
    0.0000  -37.5000    0.000011225.1777   16.6877
    7.5000  -37.5000    0.000010711.1123   16.6874
   -7.5000  -30.0000    0.000012030.3779   16.7036
    0.0000  -30.0000    0.000012533.3506   16.7013
    7.5000  -30.0000    0.000011968.6543   16.7070
   -7.5000  -22.5000    0.000013249.0107   16.7084
    0.0000  -22.5000    0.000013806.9834   16.7053
    7.5000  -22.5000    0.000013188.6406   16.7107
   -7.5000  -15.0000    0.000014359.3174   16.7081
    0.0000  -15.0000    0.000014942.7256   16.6948
    7.5000  -15.0000    0.000014272.5537   16.6940
   -7.5000   -7.5000    0.000015330.5137   16.6991
    0.0000   -7.5000    0.000015917.1816   16.6778
    7.5000   -7.5000    0.000015218.2354   16.6717
   -7.5000    0.0000    0.000016114.3223   16.6927
    0.0000    0.0000    0.000016782.2207   16.6725
    7.5000    0.0000    0.000016003.6318   16.6667
   -7.5000    7.5000    0.000015666.2090   16.6968
    0.0000    7.5000    0.000016385.7168   16.6855
    7.5000    7.5000    0.000015617.3604   16.6852
   -7.5000   15.0000    0.000015255.6328   16.7036
    0.0000   15.0000    0.000016016.1875   16.7013
    7.5000   15.0000    0.000015211.6611   16.7070
   -7.5000   22.5000    0.000014632.5547   16.7007
    0.0000   22.5000    0.000015376.7715   16.6976
    7.5000   22.5000    0.000014593.6729   16.7030
   -7.5000   30.0000    0.000013719.7930   16.4918
    0.0000   30.0000    0.000014414.2412   16.4787
    7.5000   30.0000    0.000013622.1553   16.4780
   -7.5000   37.5000    0.000013370.8848   16.4830
    0.0000   37.5000    0.000014048.6318   16.4620
    7.5000   37.5000    0.000013238.1387   16.4559
   -7.5000   45.0000    0.000012189.6729   16.0898
    0.0000   45.0000    0.000012830.8125   16.0704
    7.5000   45.0000    0.000012101.3926   16.0648
   -7.5000  -45.0000    7.5000 9829.4004   16.8216
    0.0000  -45.0000    7.500010214.8809   16.8008
    7.5000  -45.0000    7.5000 9738.4268   16.8034
   -7.5000  -37.5000    7.500010629.3828   16.6985
    0.0000  -37.5000    7.500011071.7100   16.6905
    7.5000  -37.5000    7.500010556.4873   16.6975
   -7.5000  -30.0000    7.500011851.0039   16.7078
    0.0000  -30.0000    7.500012358.0596   16.7095
    7.5000  -30.0000    7.500011787.3262   16.7184
   -7.5000  -22.5000    7.500013021.3096   16.7067
    0.0000  -22.5000    7.500013567.9971   16.7038
    7.5000  -22.5000    7.500012941.0352   16.7096
   -7.5000  -15.0000    7.500014108.1973   16.6967
    0.0000  -15.0000    7.500014642.7471   16.6807
    7.5000  -15.0000    7.500013964.0195   16.6810
   -7.5000   -7.5000    7.500015166.0811   16.6851
    0.0000   -7.5000    7.500015815.7949   16.6615
    7.5000   -7.5000    7.500015036.8516   16.6605
   -7.5000    0.0000    7.500015965.9863   16.6836
    0.0000    0.0000    7.500016765.1777   16.6633
    7.5000    0.0000    7.500015971.1523   16.6659
   -7.5000    7.5000    7.500015431.5537   16.6963
    0.0000    7.5000    7.500016198.0605   16.6883
    7.5000    7.5000    7.500015558.0332   16.6952
   -7.5000   15.0000    7.500015006.8252   16.7078
    0.0000   15.0000    7.500015759.0723   16.7095
    7.5000   15.0000    7.500015112.4160   16.7184
   -7.5000   22.5000    7.500014367.6533   16.6990
    0.0000   22.5000    7.500015109.4102   16.6961
    7.5000   22.5000    7.500014442.0156   16.7019
   -7.5000   30.0000    7.500013432.8545   16.4806
    0.0000   30.0000    7.500014156.5918   16.4649
    7.5000   30.0000    7.500013458.9521   16.4651
   -7.5000   37.5000    7.500013072.5332   16.4692
    0.0000   37.5000    7.500013753.6660   16.4458
    7.5000   37.5000    7.500012976.1475   16.4449
   -7.5000   45.0000    7.500011976.2412   16.0811
    0.0000   45.0000    7.500012570.1455   16.0615
    7.5000   45.0000    7.500011844.5889   16.0640
   -7.5000  -45.0000   15.0000 9570.3311   16.8391
    0.0000  -45.0000   15.0000 9973.2158   16.8171
    7.5000  -45.0000   15.0000 9478.2217   16.8236
   -7.5000  -37.5000   15.000010358.5254   16.7165
    0.0000  -37.5000   15.000010800.7842   16.7074
    7.5000  -37.5000   15.000010264.4346   16.7167
   -7.5000  -30.0000   15.000011520.5762   16.7217
    0.0000  -30.0000   15.000012002.1973   16.7222
    7.5000  -30.0000   15.000011431.3506   16.7288
   -7.5000  -22.5000   15.000012599.0537   16.7139
    0.0000  -22.5000   15.000013084.4736   16.7095
    7.5000  -22.5000   15.000012515.5586   16.7101
   -7.5000  -15.0000   15.000013641.1260   16.7008
    0.0000  -15.0000   15.000014089.8916   16.6841
    7.5000  -15.0000   15.000013496.8594   16.6808
   -7.5000   -7.5000   15.000014703.9814   16.6949
    0.0000   -7.5000   15.000015353.5010   16.6708
    7.5000   -7.5000   15.000014510.0020   16.6706
   -7.5000    0.0000   15.000015480.8682   16.7006
    0.0000    0.0000   15.000016158.8350   16.6791
    7.5000    0.0000   15.000015458.8838   16.6856
   -7.5000    7.5000   15.000014868.6162   16.7142
    0.0000    7.5000   15.000015512.8057   16.7051
    7.5000    7.5000   15.000015080.2998   16.7144
   -7.5000   15.0000   15.000014456.4873   16.7217
    0.0000   15.0000   15.000015121.3486   16.7222
    7.5000   15.0000   15.000014639.1553   16.7288
   -7.5000   22.5000   15.000013925.2656   16.7062
    0.0000   22.5000   15.000014591.1162   16.7018
    7.5000   22.5000   15.000013993.2637   16.7024
   -7.5000   30.0000   15.000013060.2637   16.4846
    0.0000   30.0000   15.000013649.2344   16.4682
    7.5000   30.0000   15.000013031.8770   16.4649
   -7.5000   37.5000   15.000012685.5674   16.4789
    0.0000   37.5000   15.000013168.7803   16.4551
    7.5000   37.5000   15.000012508.7480   16.4548
   -7.5000   45.0000   15.000011607.9033   16.0974
    0.0000   45.0000   15.000012042.3135   16.0768
    7.5000   45.0000   15.000011416.4326   16.0830
   -7.5000  -45.0000   22.5000 9212.5654   16.8658
    0.0000  -45.0000   22.5000 9615.9131   16.8427
    7.5000  -45.0000   22.5000 9124.3252   16.8454
   -7.5000  -37.5000   22.5000 9940.0576   16.7339
    0.0000  -37.5000   22.500010404.6357   16.7203
    7.5000  -37.5000   22.5000 9857.6660   16.7257
   -7.5000  -30.0000   22.500011022.3467   16.7320
    0.0000  -30.0000   22.500011519.9375   16.7269
    7.5000  -30.0000   22.500010945.7617   16.7284
   -7.5000  -22.5000   22.500012054.4951   16.7264
    0.0000  -22.5000   22.500012529.1152   16.7198
    7.5000  -22.5000   22.500011985.7207   16.7148
   -7.5000  -15.0000   22.500013032.7061   16.7210
    0.0000  -15.0000   22.500013500.9912   16.7061
    7.5000  -15.0000   22.500012975.5039   16.6974
   -7.5000   -7.5000   22.500014025.6650   16.7216
    0.0000   -7.5000   22.500014515.9248   16.6991
    7.5000   -7.5000   22.500013909.2900   16.6945
   -7.5000    0.0000   22.500014946.5420   16.7266
    0.0000    0.0000   22.500015302.6094   16.7042
    7.5000    0.0000   22.500014722.3740   16.7068
   -7.5000    7.5000   22.500014666.4570   16.7316
    0.0000    7.5000   22.500014983.7793   16.7180
    7.5000    7.5000   22.500014486.2627   16.7234
   -7.5000   15.0000   22.500014278.6367   16.7320
    0.0000   15.0000   22.500014725.7793   16.7269
    7.5000   15.0000   22.500014155.1387   16.7284
   -7.5000   22.5000   22.500013652.2314   16.7187
    0.0000   22.5000   22.500014156.8711   16.7121
    7.5000   22.5000   22.500013512.3457   16.7071
   -7.5000   30.0000   22.500012634.2988   16.5046
    0.0000   30.0000   22.500013110.6816   16.4899
    7.5000   30.0000   22.500012500.3457   16.4813
   -7.5000   37.5000   22.500012129.1934   16.5052
    0.0000   37.5000   22.500012562.4395   16.4830
    7.5000   37.5000   22.500011933.3398   16.4784
   -7.5000   45.0000   22.500011095.7852   16.1226
    0.0000   45.0000   22.500011505.5342   16.1009
    7.5000   45.0000   22.500010915.5977   16.1035
   -7.5000  -45.0000   30.0000 8678.6416   16.8740
    0.0000  -45.0000   30.0000 9090.7734   16.8515
    7.5000  -45.0000   30.0000 8628.3711   16.8468
   -7.5000  -37.5000   30.0000 9374.5215   16.7314
    0.0000  -37.5000   30.0000 9797.3174   16.7148
    7.5000  -37.5000   30.0000 9320.9453   16.7147
   -7.5000  -30.0000   30.000010414.1973   16.7254
    0.0000  -30.0000   30.000010840.6846   16.7164
    7.5000  -30.0000   30.000010354.3047   16.7160
   -7.5000  -22.5000   30.000011444.9941   16.7281
    0.0000  -22.5000   30.000011867.3770   16.7217
    7.5000  -22.5000   30.000011365.5430   16.7165
   -7.5000  -15.0000   30.000012433.0137   16.7341
    0.0000  -15.0000   30.000012890.5908   16.7226
    7.5000  -15.0000   30.000012364.9795   16.7124
   -7.5000   -7.5000   30.000013361.9111   16.7370
    0.0000   -7.5000   30.000013811.7002   16.7176
    7.5000   -7.5000   30.000013242.3447   16.7078
   -7.5000    0.0000   30.000014169.7715   16.7348
    0.0000    0.0000   30.000014525.2607   16.7130
    7.5000    0.0000   30.000013944.3213   16.7083
   -7.5000    7.5000   30.000013953.3828   16.7292
    0.0000    7.5000   30.000014286.5000   16.7126
    7.5000    7.5000   30.000013697.5391   16.7124
   -7.5000   15.0000   30.000013645.9424   16.7254
    0.0000   15.0000   30.000014032.0156   16.7164
    7.5000   15.0000   30.000013401.0273   16.7160
   -7.5000   22.5000   30.000013059.0039   16.7204
    0.0000   22.5000   30.000013459.0918   16.7140
    7.5000   22.5000   30.000012835.3643   16.7088
   -7.5000   30.0000   30.000012074.6152   16.5176
    0.0000   30.0000   30.000012446.5039   16.5061
    7.5000   30.0000   30.000011891.0801   16.4961
   -7.5000   37.5000   30.000011517.4473   16.5204
    0.0000   37.5000   30.000011860.0264   16.5012
    7.5000   37.5000   30.000011305.6514   16.4915
   -7.5000   45.0000   30.000010539.5586   16.1304
    0.0000   45.0000   30.000010881.4932   16.1094
    7.5000   45.0000   30.000010349.0205   16.1049
   -7.5000  -45.0000   37.5000 8421.7422   16.8587
    0.0000  -45.0000   37.5000 8798.9766   16.8373
    7.5000  -45.0000   37.5000 8399.3359   16.8280
   -7.5000  -37.5000   37.5000 9108.7842   16.7167
    0.0000  -37.5000   37.5000 9509.4463   16.7012
    7.5000  -37.5000   37.5000 9074.7129   16.6977
   -7.5000  -30.0000   37.500010148.9746   16.7130
    0.0000  -30.0000   37.500010594.7070   16.7057
    7.5000  -30.0000   37.500010093.8828   16.7070
   -7.5000  -22.5000   37.500011168.5908   16.7195
    0.0000  -22.5000   37.500011663.3154   16.7150
    7.5000  -22.5000   37.500011083.5107   16.7152
   -7.5000  -15.0000   37.500012174.3848   16.7274
    0.0000  -15.0000   37.500012684.1045   16.7168
    7.5000  -15.0000   37.500012083.2617   16.7108
   -7.5000   -7.5000   37.500013021.5654   16.7264
    0.0000   -7.5000   37.500013490.1113   16.7077
    7.5000   -7.5000   37.500012888.5312   16.6972
   -7.5000    0.0000   37.500013695.2500   16.7199
    0.0000    0.0000   37.500014160.3213   16.6992
    7.5000    0.0000   37.500013536.9121   16.6900
   -7.5000    7.5000   37.500013414.6787   16.7144
    0.0000    7.5000   37.500013866.8447   16.6990
    7.5000    7.5000   37.500013235.9502   16.6955
   -7.5000   15.0000   37.500013061.6602   16.7130
    0.0000   15.0000   37.500013534.9346   16.7057
    7.5000   15.0000   37.500012882.3125   16.7070
   -7.5000   22.5000   37.500012580.3867   16.7118
    0.0000   22.5000   37.500013040.8379   16.7073
    7.5000   22.5000   37.500012411.1211   16.7075
   -7.5000   30.0000   37.500011749.3018   16.5109
    0.0000   30.0000   37.500012161.6055   16.5005
    7.5000   30.0000   37.500011578.0449   16.4945
   -7.5000   37.5000   37.500011237.0908   16.5100
    0.0000   37.5000   37.500011625.1270   16.4915
    7.5000   37.5000   37.500011038.9658   16.4811
   -7.5000   45.0000   37.500010281.1641   16.1161
    0.0000   45.0000   37.500010644.5381   16.0961
    7.5000   45.0000   37.500010104.5898   16.0872
   -7.5000  -45.0000   45.0000 7770.8003   16.8456
    0.0000  -45.0000   45.0000 8105.2368   16.8247
    7.5000  -45.0000   45.0000 7741.1899   16.8189
   -7.5000  -37.5000   45.0000 8426.5254   16.7131
    0.0000  -37.5000   45.0000 8792.2559   16.7017
    7.5000  -37.5000   45.0000 8386.1875   16.7014
   -7.5000  -30.0000   45.0000 9379.6211   16.7183
    0.0000  -30.0000   45.0000 9820.5469   16.7160
    7.5000  -30.0000   45.0000 9336.3877   16.7218
   -7.5000  -22.5000   45.000010318.0508   16.7235
    0.0000  -22.5000   45.000010803.9463   16.7204
    7.5000  -22.5000   45.000010255.7568   16.7260
   -7.5000  -15.0000   45.000011210.6514   16.7228
    0.0000  -15.0000   45.000011707.0645   16.7095
    7.5000  -15.0000   45.000011120.9023   16.7090
   -7.5000   -7.5000   45.000011953.8672   16.7131
    0.0000   -7.5000   45.000012425.0088   16.6917
    7.5000   -7.5000   45.000011842.8477   16.6857
   -7.5000    0.0000   45.000012559.8320   16.7064
    0.0000    0.0000   45.000013036.0029   16.6860
    7.5000    0.0000   45.000012446.3955   16.6803
   -7.5000    7.5000   45.000012273.3223   16.7108
    0.0000    7.5000   45.000012724.0166   16.6994
    7.5000    7.5000   45.000012158.6543   16.6992
   -7.5000   15.0000   45.000011905.8604   16.7183
    0.0000   15.0000   45.000012350.2275   16.7160
    7.5000   15.0000   45.000011817.6875   16.7218
   -7.5000   22.5000   45.000011523.0908   16.7157
    0.0000   22.5000   45.000011938.6406   16.7126
    7.5000   22.5000   45.000011429.9287   16.7183
   -7.5000   30.0000   45.000010847.0312   16.5049
    0.0000   30.0000   45.000011246.4863   16.4918
    7.5000   30.0000   45.000010736.0430   16.4913
   -7.5000   37.5000   45.000010379.2500   16.4954
    0.0000   37.5000   45.000010740.9033   16.4743
    7.5000   37.5000   45.000010248.7285   16.4684
   -7.5000   45.0000   45.0000 9485.4219   16.1103
    0.0000   45.0000   45.0000 9827.3789   16.0907
    7.5000   45.0000   45.0000 9347.7393   16.0852

---------------------------------------------------------------------
imgreg_4dfp /opt/freesurfer/average/711-2C_as_mni_average_305 /opt/freesurfer/average/711-2B_as_mni_average_305_mask talsrcimg_g11 none talsrcimg_to_711-2C_as_mni_average_305_t4 4355
---------------------------------------------------------------------

freesurfer imgreg_4dfp.c
/opt/freesurfer/average/711-2C_as_mni_average_305.4dfp.img
       256       256       256         1
  1.000000  1.000000  1.000000
orientation T byte_order littleendian
Reading image: /opt/freesurfer/average/711-2C_as_mni_average_305.4dfp.img
dimensions:      256       256       256
mmppix:       1.0000   -1.0000   -1.0000
center:     128.0000 -129.0000 -129.0000
/opt/freesurfer/average/711-2B_as_mni_average_305_mask.4dfp.img
       256       256       256         1
  1.000000  1.000000  1.000000
orientation T byte_order littleendian
Reading mask: /opt/freesurfer/average/711-2B_as_mni_average_305_mask.4dfp.img (2306576 pixels)
talsrcimg_g11.4dfp.img
       256       256       256         1
  1.000000  1.000000  1.000000
orientation T byte_order littleendian
Reading image: talsrcimg_g11.4dfp.img
dimensions:      256       256       256
mmppix:       1.0000   -1.0000   -1.0000
center:     128.0000 -129.0000 -129.0000
rotation matrix determinant  1.000000
image alignment mode   4355 decimal     1103 hex
   -7.5000  -45.0000  -45.0000 1802.2260   21.4537
    0.0000  -45.0000  -45.0000 1797.3856   21.5022
    7.5000  -45.0000  -45.0000 1780.8906   21.9320
   -7.5000  -37.5000  -45.0000 1903.1017   19.2190
    0.0000  -37.5000  -45.0000 1899.9988   19.3023
    7.5000  -37.5000  -45.0000 1881.0841   19.6374
   -7.5000  -30.0000  -45.0000 1992.1187   17.5230
    0.0000  -30.0000  -45.0000 1986.6622   17.6057
    7.5000  -30.0000  -45.0000 1970.4730   17.8769
   -7.5000  -22.5000  -45.0000 2072.7610   16.3363
    0.0000  -22.5000  -45.0000 2069.7627   16.4206
    7.5000  -22.5000  -45.0000 2045.6921   16.6508
   -7.5000  -15.0000  -45.0000 2119.7888   15.4611
    0.0000  -15.0000  -45.0000 2113.6348   15.5153
    7.5000  -15.0000  -45.0000 2091.5518   15.7301
   -7.5000   -7.5000  -45.0000 2140.4939   14.8514
    0.0000   -7.5000  -45.0000 2138.8652   14.8731
    7.5000   -7.5000  -45.0000 2116.6843   15.1137
   -7.5000    0.0000  -45.0000 2156.3516   14.5275
    0.0000    0.0000  -45.0000 2155.1516   14.5163
    7.5000    0.0000  -45.0000 2131.6624   14.8185
   -7.5000    7.5000  -45.0000 2148.5540   14.6326
    0.0000    7.5000  -45.0000 2145.7537   14.6118
    7.5000    7.5000  -45.0000 2121.7095   14.9240
   -7.5000   15.0000  -45.0000 2130.8208   14.8724
    0.0000   15.0000  -45.0000 2125.6509   14.8869
    7.5000   15.0000  -45.0000 2103.7524   15.2412
   -7.5000   22.5000  -45.0000 2100.5020   15.4829
    0.0000   22.5000  -45.0000 2102.4763   15.4730
    7.5000   22.5000  -45.0000 2072.5867   15.8574
   -7.5000   30.0000  -45.0000 2056.0581   16.3327
    0.0000   30.0000  -45.0000 2053.5820   16.3203
    7.5000   30.0000  -45.0000 2028.1732   16.7520
   -7.5000   37.5000  -45.0000 1998.2225   17.4771
    0.0000   37.5000  -45.0000 1989.3539   17.4839
    7.5000   37.5000  -45.0000 1962.4178   17.9283
   -7.5000   45.0000  -45.0000 1914.5490   19.0305
    0.0000   45.0000  -45.0000 1907.4954   19.0510
    7.5000   45.0000  -45.0000 1881.0850   19.5688
   -7.5000  -45.0000  -37.5000 1878.8069   19.7362
    0.0000  -45.0000  -37.5000 1878.9999   19.7796
    7.5000  -45.0000  -37.5000 1859.6698   20.1550
   -7.5000  -37.5000  -37.5000 1988.1495   17.6740
    0.0000  -37.5000  -37.5000 1989.1816   17.7590
    7.5000  -37.5000  -37.5000 1966.1135   18.0644
   -7.5000  -30.0000  -37.5000 2085.1130   16.0876
    0.0000  -30.0000  -37.5000 2086.8328   16.2195
    7.5000  -30.0000  -37.5000 2061.0645   16.4473
   -7.5000  -22.5000  -37.5000 2171.0383   14.9835
    0.0000  -22.5000  -37.5000 2166.4932   15.1075
    7.5000  -22.5000  -37.5000 2145.0149   15.2769
   -7.5000  -15.0000  -37.5000 2220.5090   14.1554
    0.0000  -15.0000  -37.5000 2213.7463   14.2355
    7.5000  -15.0000  -37.5000 2194.9639   14.3998
   -7.5000   -7.5000  -37.5000 2243.9971   13.5958
    0.0000   -7.5000  -37.5000 2245.0198   13.6118
    7.5000   -7.5000  -37.5000 2223.1387   13.8285
   -7.5000    0.0000  -37.5000 2256.2632   13.3020
    0.0000    0.0000  -37.5000 2258.3279   13.3180
    7.5000    0.0000  -37.5000 2234.1167   13.6197
   -7.5000    7.5000  -37.5000 2252.2942   13.4019
    0.0000    7.5000  -37.5000 2255.0532   13.3709
    7.5000    7.5000  -37.5000 2226.2903   13.6690
   -7.5000   15.0000  -37.5000 2240.0752   13.5536
    0.0000   15.0000  -37.5000 2242.3586   13.5525
    7.5000   15.0000  -37.5000 2213.2175   13.8583
   -7.5000   22.5000  -37.5000 2210.7136   14.0643
    0.0000   22.5000  -37.5000 2210.2048   14.0434
    7.5000   22.5000  -37.5000 2178.7673   14.3725
   -7.5000   30.0000  -37.5000 2161.8936   14.8202
    0.0000   30.0000  -37.5000 2162.5947   14.8179
    7.5000   30.0000  -37.5000 2131.8845   15.1687
   -7.5000   37.5000  -37.5000 2095.6018   15.9394
    0.0000   37.5000  -37.5000 2096.2898   15.9371
    7.5000   37.5000  -37.5000 2065.9885   16.3057
   -7.5000   45.0000  -37.5000 2009.0472   17.3778
    0.0000   45.0000  -37.5000 2011.2236   17.3741
    7.5000   45.0000  -37.5000 1984.0005   17.8481
   -7.5000  -45.0000  -30.0000 1982.4391   18.8941
    0.0000  -45.0000  -30.0000 1985.3542   18.9789
    7.5000  -45.0000  -30.0000 1961.1819   19.2984
   -7.5000  -37.5000  -30.0000 2101.7446   16.9182
    0.0000  -37.5000  -30.0000 2105.5081   17.0218
    7.5000  -37.5000  -30.0000 2080.2251   17.2577
   -7.5000  -30.0000  -30.0000 2213.4526   15.4012
    0.0000  -30.0000  -30.0000 2217.5271   15.4942
    7.5000  -30.0000  -30.0000 2189.5032   15.6813
   -7.5000  -22.5000  -30.0000 2307.4595   14.2252
    0.0000  -22.5000  -30.0000 2309.5581   14.3297
    7.5000  -22.5000  -30.0000 2282.4082   14.4776
   -7.5000  -15.0000  -30.0000 2367.6519   13.4060
    0.0000  -15.0000  -30.0000 2369.0559   13.4850
    7.5000  -15.0000  -30.0000 2340.3362   13.6306
   -7.5000   -7.5000  -30.0000 2394.1824   12.8836
    0.0000   -7.5000  -30.0000 2391.3091   12.9319
    7.5000   -7.5000  -30.0000 2361.5703   13.1108
   -7.5000    0.0000  -30.0000 2404.6377   12.6454
    0.0000    0.0000  -30.0000 2405.6389   12.6507
    7.5000    0.0000  -30.0000 2374.2036   12.8927
   -7.5000    7.5000  -30.0000 2406.3628   12.6468
    0.0000    7.5000  -30.0000 2407.3875   12.6252
    7.5000    7.5000  -30.0000 2372.4487   12.8770
   -7.5000   15.0000  -30.0000 2386.7034   12.8116
    0.0000   15.0000  -30.0000 2389.2339   12.7991
    7.5000   15.0000  -30.0000 2356.7263   13.0472
   -7.5000   22.5000  -30.0000 2357.3894   13.2779
    0.0000   22.5000  -30.0000 2359.9387   13.2474
    7.5000   22.5000  -30.0000 2326.4121   13.5692
   -7.5000   30.0000  -30.0000 2309.4429   14.0557
    0.0000   30.0000  -30.0000 2310.1409   14.0097
    7.5000   30.0000  -30.0000 2276.1492   14.3361
   -7.5000   37.5000  -30.0000 2233.9988   15.1533
    0.0000   37.5000  -30.0000 2236.4839   15.0975
    7.5000   37.5000  -30.0000 2202.1165   15.4426
   -7.5000   45.0000  -30.0000 2138.4111   16.5753
    0.0000   45.0000  -30.0000 2139.5039   16.5525
    7.5000   45.0000  -30.0000 2109.4167   16.9240
   -7.5000  -45.0000  -22.5000 2062.6667   18.0042
    0.0000  -45.0000  -22.5000 2067.1252   18.0973
    7.5000  -45.0000  -22.5000 2045.2938   18.3354
   -7.5000  -37.5000  -22.5000 2195.8386   16.1101
    0.0000  -37.5000  -22.5000 2200.8367   16.2046
    7.5000  -37.5000  -22.5000 2173.9075   16.4113
   -7.5000  -30.0000  -22.5000 2314.2427   14.6197
    0.0000  -30.0000  -22.5000 2318.3701   14.6950
    7.5000  -30.0000  -22.5000 2291.5503   14.8636
   -7.5000  -22.5000  -22.5000 2415.6775   13.4204
    0.0000  -22.5000  -22.5000 2416.8694   13.4781
    7.5000  -22.5000  -22.5000 2391.4653   13.6306
   -7.5000  -15.0000  -22.5000 2486.0969   12.5777
    0.0000  -15.0000  -22.5000 2486.8245   12.6442
    7.5000  -15.0000  -22.5000 2455.6682   12.8009
   -7.5000   -7.5000  -22.5000 2521.3513   12.0967
    0.0000   -7.5000  -22.5000 2521.7004   12.1511
    7.5000   -7.5000  -22.5000 2484.8843   12.3000
   -7.5000    0.0000  -22.5000 2536.4221   11.8691
    0.0000    0.0000  -22.5000 2540.0754   11.9008
    7.5000    0.0000  -22.5000 2503.1628   12.0869
   -7.5000    7.5000  -22.5000 2543.4519   11.8437
    0.0000    7.5000  -22.5000 2545.0886   11.8430
    7.5000    7.5000  -22.5000 2506.5225   12.0508
   -7.5000   15.0000  -22.5000 2526.2021   12.0290
    0.0000   15.0000  -22.5000 2528.0771   12.0246
    7.5000   15.0000  -22.5000 2493.4453   12.2364
   -7.5000   22.5000  -22.5000 2489.1357   12.5066
    0.0000   22.5000  -22.5000 2492.9456   12.4652
    7.5000   22.5000  -22.5000 2457.1873   12.7172
   -7.5000   30.0000  -22.5000 2434.6846   13.2472
    0.0000   30.0000  -22.5000 2437.7295   13.2181
    7.5000   30.0000  -22.5000 2397.8591   13.4700
   -7.5000   37.5000  -22.5000 2353.4075   14.3026
    0.0000   37.5000  -22.5000 2358.0549   14.2808
    7.5000   37.5000  -22.5000 2319.4849   14.5571
   -7.5000   45.0000  -22.5000 2245.3396   15.6066
    0.0000   45.0000  -22.5000 2251.8030   15.5893
    7.5000   45.0000  -22.5000 2215.9487   15.9025
   -7.5000  -45.0000  -15.0000 2126.6919   17.1661
    0.0000  -45.0000  -15.0000 2129.9475   17.2326
    7.5000  -45.0000  -15.0000 2106.0417   17.4857
   -7.5000  -37.5000  -15.0000 2266.5562   15.3046
    0.0000  -37.5000  -15.0000 2270.5872   15.3664
    7.5000  -37.5000  -15.0000 2241.7830   15.5839
   -7.5000  -30.0000  -15.0000 2387.5522   13.8122
    0.0000  -30.0000  -15.0000 2391.2180   13.8469
    7.5000  -30.0000  -15.0000 2362.7268   14.0699
   -7.5000  -22.5000  -15.0000 2489.9780   12.6753
    0.0000  -22.5000  -15.0000 2498.1841   12.6923
    7.5000  -22.5000  -15.0000 2471.6318   12.8800
   -7.5000  -15.0000  -15.0000 2569.8755   11.8512
    0.0000  -15.0000  -15.0000 2576.1233   11.8851
    7.5000  -15.0000  -15.0000 2547.2275   12.0267
   -7.5000   -7.5000  -15.0000 2618.1262   11.3300
    0.0000   -7.5000  -15.0000 2621.3987   11.3715
    7.5000   -7.5000  -15.0000 2586.1863   11.5328
   -7.5000    0.0000  -15.0000 2645.8621   11.0923
    0.0000    0.0000  -15.0000 2645.9653   11.1345
    7.5000    0.0000  -15.0000 2608.3062   11.2845
   -7.5000    7.5000  -15.0000 2660.5310   11.0391
    0.0000    7.5000  -15.0000 2662.7744   11.0683
    7.5000    7.5000  -15.0000 2622.1794   11.2358
   -7.5000   15.0000  -15.0000 2641.3540   11.2572
    0.0000   15.0000  -15.0000 2645.7468   11.2897
    7.5000   15.0000  -15.0000 2603.9939   11.4635
   -7.5000   22.5000  -15.0000 2602.1843   11.7640
    0.0000   22.5000  -15.0000 2609.5078   11.7432
    7.5000   22.5000  -15.0000 2566.6521   11.9511
   -7.5000   30.0000  -15.0000 2538.8220   12.4891
    0.0000   30.0000  -15.0000 2545.0493   12.4672
    7.5000   30.0000  -15.0000 2501.8728   12.6932
   -7.5000   37.5000  -15.0000 2446.6892   13.4634
    0.0000   37.5000  -15.0000 2452.2131   13.4330
    7.5000   37.5000  -15.0000 2411.7273   13.6966
   -7.5000   45.0000  -15.0000 2330.8875   14.7092
    0.0000   45.0000  -15.0000 2336.7571   14.6832
    7.5000   45.0000  -15.0000 2306.5339   14.9913
   -7.5000  -45.0000   -7.5000 2171.7871   16.3654
    0.0000  -45.0000   -7.5000 2177.3354   16.3652
    7.5000  -45.0000   -7.5000 2148.4636   16.7148
   -7.5000  -37.5000   -7.5000 2312.4109   14.5768
    0.0000  -37.5000   -7.5000 2316.9229   14.5612
    7.5000  -37.5000   -7.5000 2285.4290   14.8497
   -7.5000  -30.0000   -7.5000 2437.0193   13.1308
    0.0000  -30.0000   -7.5000 2442.8462   13.1161
    7.5000  -30.0000   -7.5000 2413.2556   13.3763
   -7.5000  -22.5000   -7.5000 2547.5493   11.9833
    0.0000  -22.5000   -7.5000 2556.6545   12.0041
    7.5000  -22.5000   -7.5000 2525.2507   12.2203
   -7.5000  -15.0000   -7.5000 2637.7905   11.1652
    0.0000  -15.0000   -7.5000 2648.3315   11.1902
    7.5000  -15.0000   -7.5000 2613.2009   11.3766
   -7.5000   -7.5000   -7.5000 2701.9854   10.6400
    0.0000   -7.5000   -7.5000 2709.8188   10.6675
    7.5000   -7.5000   -7.5000 2669.6785   10.8658
   -7.5000    0.0000   -7.5000 2738.9368   10.3571
    0.0000    0.0000   -7.5000 2740.0359   10.4004
    7.5000    0.0000   -7.5000 2700.2854   10.5695
   -7.5000    7.5000   -7.5000 2759.9849   10.2736
    0.0000    7.5000   -7.5000 2765.3223   10.3207
    7.5000    7.5000   -7.5000 2723.7153   10.4688
   -7.5000   15.0000   -7.5000 2742.6755   10.5836
    0.0000   15.0000   -7.5000 2754.5486   10.6213
    7.5000   15.0000   -7.5000 2706.3572   10.7569
   -7.5000   22.5000   -7.5000 2702.2292   11.0783
    0.0000   22.5000   -7.5000 2714.4277   11.0942
    7.5000   22.5000   -7.5000 2666.3167   11.2593
   -7.5000   30.0000   -7.5000 2626.9429   11.7861
    0.0000   30.0000   -7.5000 2635.9214   11.7630
    7.5000   30.0000   -7.5000 2594.9246   11.9945
   -7.5000   37.5000   -7.5000 2529.4663   12.6691
    0.0000   37.5000   -7.5000 2532.7361   12.6505
    7.5000   37.5000   -7.5000 2500.3057   12.9007
   -7.5000   45.0000   -7.5000 2398.6013   13.8924
    0.0000   45.0000   -7.5000 2403.7217   13.8671
    7.5000   45.0000   -7.5000 2373.5613   14.1733
   -7.5000  -45.0000    0.0000 2197.3044   15.8206
    0.0000  -45.0000    0.0000 2199.5667   15.8124
    7.5000  -45.0000    0.0000 2175.5059   16.1544
   -7.5000  -37.5000    0.0000 2333.6780   14.0213
    0.0000  -37.5000    0.0000 2343.2090   14.0111
    7.5000  -37.5000    0.0000 2316.5298   14.3315
   -7.5000  -30.0000    0.0000 2464.5583   12.6326
    0.0000  -30.0000    0.0000 2474.6794   12.5935
    7.5000  -30.0000    0.0000 2448.1653   12.9127
   -7.5000  -22.5000    0.0000 2589.2048   11.5158
    0.0000  -22.5000    0.0000 2598.7039   11.4861
    7.5000  -22.5000    0.0000 2567.7585   11.7754
   -7.5000  -15.0000    0.0000 2690.1763   10.6658
    0.0000  -15.0000    0.0000 2700.4136   10.6659
    7.5000  -15.0000    0.0000 2663.1648   10.9070
   -7.5000   -7.5000    0.0000 2769.2224   10.1223
    0.0000   -7.5000    0.0000 2779.4917   10.1124
    7.5000   -7.5000    0.0000 2735.9575   10.3624
   -7.5000    0.0000    0.0000 2821.1582    9.8090
    0.0000    0.0000    0.0000 2828.8174    9.8334
    7.5000    0.0000    0.0000 2774.7634   10.0585
   -7.5000    7.5000    0.0000 2848.5469    9.6922
    0.0000    7.5000    0.0000 2862.9351    9.7257
    7.5000    7.5000    0.0000 2806.4683    9.9468
   -7.5000   15.0000    0.0000 2831.0789   10.0437
    0.0000   15.0000    0.0000 2849.1350   10.0684
    7.5000   15.0000    0.0000 2797.4797   10.2513
   -7.5000   22.5000    0.0000 2785.5669   10.5178
    0.0000   22.5000    0.0000 2797.0234   10.5432
    7.5000   22.5000    0.0000 2754.7534   10.7401
   -7.5000   30.0000    0.0000 2695.7778   11.1820
    0.0000   30.0000    0.0000 2705.9526   11.1606
    7.5000   30.0000    0.0000 2669.0334   11.4084
   -7.5000   37.5000    0.0000 2584.2405   12.0883
    0.0000   37.5000    0.0000 2592.7927   12.0670
    7.5000   37.5000    0.0000 2557.2329   12.3492
   -7.5000   45.0000    0.0000 2447.4702   13.2948
    0.0000   45.0000    0.0000 2456.1125   13.2887
    7.5000   45.0000    0.0000 2420.4053   13.5940
   -7.5000  -45.0000    7.5000 2209.9590   15.5657
    0.0000  -45.0000    7.5000 2213.1250   15.5172
    7.5000  -45.0000    7.5000 2190.7869   15.8937
   -7.5000  -37.5000    7.5000 2348.5950   13.7502
    0.0000  -37.5000    7.5000 2356.9236   13.7150
    7.5000  -37.5000    7.5000 2330.8315   14.0896
   -7.5000  -30.0000    7.5000 2479.8958   12.3362
    0.0000  -30.0000    7.5000 2490.7388   12.2777
    7.5000  -30.0000    7.5000 2463.6018   12.6206
   -7.5000  -22.5000    7.5000 2607.6550   11.1972
    0.0000  -22.5000    7.5000 2618.6760   11.1465
    7.5000  -22.5000    7.5000 2587.5959   11.4560
   -7.5000  -15.0000    7.5000 2715.1509   10.3445
    0.0000  -15.0000    7.5000 2728.2288   10.2980
    7.5000  -15.0000    7.5000 2691.6770   10.5632
   -7.5000   -7.5000    7.5000 2813.1255    9.7906
    0.0000   -7.5000    7.5000 2827.8098    9.7480
    7.5000   -7.5000    7.5000 2783.5054   10.0020
   -7.5000    0.0000    7.5000 2887.4739    9.4593
    0.0000    0.0000    7.5000 2906.2339    9.4745
    7.5000    0.0000    7.5000 2842.0596    9.6980
   -7.5000    7.5000    7.5000 2925.8032    9.2898
    0.0000    7.5000    7.5000 2949.4399    9.3329
    7.5000    7.5000    7.5000 2879.5422    9.6443
   -7.5000   15.0000    7.5000 2904.3196    9.6272
    0.0000   15.0000    7.5000 2929.9609    9.6559
    7.5000   15.0000    7.5000 2864.1570    9.9532
   -7.5000   22.5000    7.5000 2838.1472   10.1429
    0.0000   22.5000    7.5000 2857.2639   10.1545
    7.5000   22.5000    7.5000 2805.6338   10.4209
   -7.5000   30.0000    7.5000 2742.9185   10.8029
    0.0000   30.0000    7.5000 2757.7498   10.8048
    7.5000   30.0000    7.5000 2713.1780   11.0549
   -7.5000   37.5000    7.5000 2624.1604   11.6892
    0.0000   37.5000    7.5000 2632.8018   11.7152
    7.5000   37.5000    7.5000 2595.3235   11.9628
   -7.5000   45.0000    7.5000 2482.4241   12.8651
    0.0000   45.0000    7.5000 2485.9138   12.9135
    7.5000   45.0000    7.5000 2455.1724   13.1850
   -7.5000  -45.0000   15.0000 2210.0454   15.4908
    0.0000  -45.0000   15.0000 2224.9878   15.4036
    7.5000  -45.0000   15.0000 2199.9299   15.7535
   -7.5000  -37.5000   15.0000 2345.5708   13.6875
    0.0000  -37.5000   15.0000 2362.5889   13.5794
    7.5000  -37.5000   15.0000 2334.5012   13.9284
   -7.5000  -30.0000   15.0000 2475.0205   12.2426
    0.0000  -30.0000   15.0000 2488.3242   12.1140
    7.5000  -30.0000   15.0000 2460.0793   12.4676
   -7.5000  -22.5000   15.0000 2601.3875   11.0767
    0.0000  -22.5000   15.0000 2616.1011   10.9538
    7.5000  -22.5000   15.0000 2582.5811   11.2977
   -7.5000  -15.0000   15.0000 2718.9790   10.1926
    0.0000  -15.0000   15.0000 2732.3164   10.0575
    7.5000  -15.0000   15.0000 2694.0803   10.3956
   -7.5000   -7.5000   15.0000 2822.0034    9.6347
    0.0000   -7.5000   15.0000 2841.3628    9.4959
    7.5000   -7.5000   15.0000 2796.5508    9.8122
   -7.5000    0.0000   15.0000 2905.0977    9.2990
    0.0000    0.0000   15.0000 2937.8926    9.2434
    7.5000    0.0000   15.0000 2877.9504    9.4873
   -7.5000    7.5000   15.0000 2958.5325    9.0777
    0.0000    7.5000   15.0000 2994.0027    9.0551
    7.5000    7.5000   15.0000 2919.6506    9.4596
   -7.5000   15.0000   15.0000 2936.6909    9.3892
    0.0000   15.0000   15.0000 2971.5549    9.3374
    7.5000   15.0000   15.0000 2898.6467    9.7419
   -7.5000   22.5000   15.0000 2856.2791    9.9586
    0.0000   22.5000   15.0000 2884.6292    9.9328
    7.5000   22.5000   15.0000 2824.9136   10.1989
   -7.5000   30.0000   15.0000 2757.8328   10.6134
    0.0000   30.0000   15.0000 2770.2886   10.5897
    7.5000   30.0000   15.0000 2729.7988   10.8182
   -7.5000   37.5000   15.0000 2634.7808   11.5142
    0.0000   37.5000   15.0000 2639.8025   11.4687
    7.5000   37.5000   15.0000 2607.9983   11.7338
   -7.5000   45.0000   15.0000 2489.8857   12.7070
    0.0000   45.0000   15.0000 2492.8975   12.6725
    7.5000   45.0000   15.0000 2462.7156   12.9800
   -7.5000  -45.0000   22.5000 2207.9482   15.6045
    0.0000  -45.0000   22.5000 2226.4934   15.5127
    7.5000  -45.0000   22.5000 2201.1006   15.7765
   -7.5000  -37.5000   22.5000 2339.2183   13.7510
    0.0000  -37.5000   22.5000 2363.2153   13.6420
    7.5000  -37.5000   22.5000 2329.4829   13.9336
   -7.5000  -30.0000   22.5000 2463.1921   12.2589
    0.0000  -30.0000   22.5000 2485.3518   12.1436
    7.5000  -30.0000   22.5000 2450.3828   12.4560
   -7.5000  -22.5000   22.5000 2583.5266   11.1065
    0.0000  -22.5000   22.5000 2604.1958   10.9559
    7.5000  -22.5000   22.5000 2570.1008   11.3006
   -7.5000  -15.0000   22.5000 2700.2632   10.2409
    0.0000  -15.0000   22.5000 2720.7434   10.0463
    7.5000  -15.0000   22.5000 2685.8784   10.4350
   -7.5000   -7.5000   22.5000 2808.2363    9.6959
    0.0000   -7.5000   22.5000 2826.9709    9.5016
    7.5000   -7.5000   22.5000 2796.6646    9.8811
   -7.5000    0.0000   22.5000 2893.0349    9.4117
    0.0000    0.0000   22.5000 2924.1665    9.2257
    7.5000    0.0000   22.5000 2874.4702    9.5780
   -7.5000    7.5000   22.5000 2958.0701    9.3871
    0.0000    7.5000   22.5000 2980.4478    9.1572
    7.5000    7.5000   22.5000 2925.5620    9.5531
   -7.5000   15.0000   22.5000 2938.9041    9.5841
    0.0000   15.0000   22.5000 2972.6440    9.4465
    7.5000   15.0000   22.5000 2907.5796    9.7828
   -7.5000   22.5000   22.5000 2858.0613    9.9891
    0.0000   22.5000   22.5000 2890.2004    9.9203
    7.5000   22.5000   22.5000 2832.8369   10.1963
   -7.5000   30.0000   22.5000 2743.9167   10.6152
    0.0000   30.0000   22.5000 2763.3958   10.5661
    7.5000   30.0000   22.5000 2726.4468   10.8117
   -7.5000   37.5000   22.5000 2621.2451   11.4985
    0.0000   37.5000   22.5000 2629.1021   11.4666
    7.5000   37.5000   22.5000 2601.2070   11.7011
   -7.5000   45.0000   22.5000 2481.8860   12.6571
    0.0000   45.0000   22.5000 2486.9905   12.6517
    7.5000   45.0000   22.5000 2461.4319   12.9110
   -7.5000  -45.0000   30.0000 2187.5603   15.8788
    0.0000  -45.0000   30.0000 2214.3232   15.7575
    7.5000  -45.0000   30.0000 2185.3064   16.0343
   -7.5000  -37.5000   30.0000 2321.0161   13.9682
    0.0000  -37.5000   30.0000 2350.1614   13.8349
    7.5000  -37.5000   30.0000 2319.5864   14.1491
   -7.5000  -30.0000   30.0000 2435.5266   12.5280
    0.0000  -30.0000   30.0000 2461.6943   12.3641
    7.5000  -30.0000   30.0000 2436.6523   12.7064
   -7.5000  -22.5000   30.0000 2551.6519   11.4325
    0.0000  -22.5000   30.0000 2573.1040   11.2297
    7.5000  -22.5000   30.0000 2548.0820   11.5944
   -7.5000  -15.0000   30.0000 2670.7358   10.6147
    0.0000  -15.0000   30.0000 2690.2920   10.4272
    7.5000  -15.0000   30.0000 2663.2476   10.7756
   -7.5000   -7.5000   30.0000 2773.9739   10.0675
    0.0000   -7.5000   30.0000 2790.0393    9.9126
    7.5000   -7.5000   30.0000 2767.1792   10.2268
   -7.5000    0.0000   30.0000 2851.8735    9.7461
    0.0000    0.0000   30.0000 2876.9358    9.5242
    7.5000    0.0000   30.0000 2841.5564    9.8866
   -7.5000    7.5000   30.0000 2902.0349    9.6771
    0.0000    7.5000   30.0000 2922.2974    9.5231
    7.5000    7.5000   30.0000 2884.3206    9.8147
   -7.5000   15.0000   30.0000 2880.7249    9.8708
    0.0000   15.0000   30.0000 2913.0371    9.7574
    7.5000   15.0000   30.0000 2869.4492    9.9993
   -7.5000   22.5000   30.0000 2811.2234   10.2803
    0.0000   22.5000   30.0000 2841.7468   10.1885
    7.5000   22.5000   30.0000 2798.7056   10.4190
   -7.5000   30.0000   30.0000 2703.8186   10.9315
    0.0000   30.0000   30.0000 2718.1428   10.8542
    7.5000   30.0000   30.0000 2689.2390   11.0873
   -7.5000   37.5000   30.0000 2584.2288   11.7679
    0.0000   37.5000   30.0000 2591.0383   11.7014
    7.5000   37.5000   30.0000 2566.0918   11.9494
   -7.5000   45.0000   30.0000 2449.3936   12.8830
    0.0000   45.0000   30.0000 2459.8516   12.8568
    7.5000   45.0000   30.0000 2433.7153   13.1087
   -7.5000  -45.0000   37.5000 2150.6282   16.3873
    0.0000  -45.0000   37.5000 2176.7834   16.1712
    7.5000  -45.0000   37.5000 2159.7251   16.4874
   -7.5000  -37.5000   37.5000 2288.1182   14.4927
    0.0000  -37.5000   37.5000 2315.8777   14.3096
    7.5000  -37.5000   37.5000 2294.6199   14.6117
   -7.5000  -30.0000   37.5000 2405.0518   13.0789
    0.0000  -30.0000   37.5000 2433.3572   12.9139
    7.5000  -30.0000   37.5000 2407.4861   13.2192
   -7.5000  -22.5000   37.5000 2515.3857   12.0244
    0.0000  -22.5000   37.5000 2544.3391   11.8585
    7.5000  -22.5000   37.5000 2512.1548   12.1442
   -7.5000  -15.0000   37.5000 2628.6521   11.1951
    0.0000  -15.0000   37.5000 2652.6882   11.0579
    7.5000  -15.0000   37.5000 2622.2029   11.3157
   -7.5000   -7.5000   37.5000 2722.6836   10.5864
    0.0000   -7.5000   37.5000 2740.7986   10.4006
    7.5000   -7.5000   37.5000 2716.8904   10.6924
   -7.5000    0.0000   37.5000 2784.0205   10.2300
    0.0000    0.0000   37.5000 2807.8459   10.0220
    7.5000    0.0000   37.5000 2776.8748   10.3308
   -7.5000    7.5000   37.5000 2820.4021   10.1459
    0.0000    7.5000   37.5000 2835.0977   10.0439
    7.5000    7.5000   37.5000 2807.8618   10.2784
   -7.5000   15.0000   37.5000 2798.2615   10.2943
    0.0000   15.0000   37.5000 2822.4629   10.2318
    7.5000   15.0000   37.5000 2788.9587   10.4136
   -7.5000   22.5000   37.5000 2737.6309   10.7166
    0.0000   22.5000   37.5000 2764.9731   10.6557
    7.5000   22.5000   37.5000 2728.8577   10.8587
   -7.5000   30.0000   37.5000 2638.7075   11.3778
    0.0000   30.0000   37.5000 2657.3064   11.3168
    7.5000   30.0000   37.5000 2625.7180   11.5105
   -7.5000   37.5000   37.5000 2525.1929   12.2575
    0.0000   37.5000   37.5000 2542.6194   12.1795
    7.5000   37.5000   37.5000 2514.4988   12.3779
   -7.5000   45.0000   37.5000 2400.9624   13.3310
    0.0000   45.0000   37.5000 2416.2405   13.2926
    7.5000   45.0000   37.5000 2393.0125   13.5048
   -7.5000  -45.0000   45.0000 2098.7837   17.2579
    0.0000  -45.0000   45.0000 2117.2034   17.0357
    7.5000  -45.0000   45.0000 2106.6580   17.2937
   -7.5000  -37.5000   45.0000 2241.8538   15.3460
    0.0000  -37.5000   45.0000 2264.0244   15.1714
    7.5000  -37.5000   45.0000 2243.5850   15.4195
   -7.5000  -30.0000   45.0000 2355.4231   13.9036
    0.0000  -30.0000   45.0000 2386.3916   13.7774
    7.5000  -30.0000   45.0000 2357.4961   14.0008
   -7.5000  -22.5000   45.0000 2463.3511   12.7406
    0.0000  -22.5000   45.0000 2495.4182   12.6639
    7.5000  -22.5000   45.0000 2462.1436   12.8651
   -7.5000  -15.0000   45.0000 2567.2803   11.8388
    0.0000  -15.0000   45.0000 2596.1011   11.7485
    7.5000  -15.0000   45.0000 2563.6375   11.9563
   -7.5000   -7.5000   45.0000 2647.4241   11.2030
    0.0000   -7.5000   45.0000 2675.8059   11.0326
    7.5000   -7.5000   45.0000 2644.4719   11.2752
   -7.5000    0.0000   45.0000 2698.2935   10.8612
    0.0000    0.0000   45.0000 2720.0190   10.7161
    7.5000    0.0000   45.0000 2692.5479   10.9529
   -7.5000    7.5000   45.0000 2716.5122   10.7785
    0.0000    7.5000   45.0000 2731.5923   10.6853
    7.5000    7.5000   45.0000 2707.4382   10.9043
   -7.5000   15.0000   45.0000 2689.2175   10.8951
    0.0000   15.0000   45.0000 2713.1746   10.8061
    7.5000   15.0000   45.0000 2691.2410   11.0215
   -7.5000   22.5000   45.0000 2639.0645   11.3271
    0.0000   22.5000   45.0000 2661.2390   11.2320
    7.5000   22.5000   45.0000 2636.3293   11.4629
   -7.5000   30.0000   45.0000 2555.2961   11.9679
    0.0000   30.0000   45.0000 2576.7498   11.9013
    7.5000   30.0000   45.0000 2545.6831   12.0922
   -7.5000   37.5000   45.0000 2458.6975   12.8176
    0.0000   37.5000   45.0000 2475.9153   12.7324
    7.5000   37.5000   45.0000 2452.1147   12.9340
   -7.5000   45.0000   45.0000 2338.2512   13.9354
    0.0000   45.0000   45.0000 2354.2659   13.8798
    7.5000   45.0000   45.0000 2330.7520   14.0482

---------------------------------------------------------------------
imgreg_4dfp /opt/freesurfer/average/711-2C_as_mni_average_305 /opt/freesurfer/average/711-2B_as_mni_average_305_mask talsrcimg_g11 none talsrcimg_to_711-2C_as_mni_average_305_t4 1283
---------------------------------------------------------------------

freesurfer imgreg_4dfp.c
/opt/freesurfer/average/711-2C_as_mni_average_305.4dfp.img
       256       256       256         1
  1.000000  1.000000  1.000000
orientation T byte_order littleendian
Reading image: /opt/freesurfer/average/711-2C_as_mni_average_305.4dfp.img
dimensions:      256       256       256
mmppix:       1.0000   -1.0000   -1.0000
center:     128.0000 -129.0000 -129.0000
/opt/freesurfer/average/711-2B_as_mni_average_305_mask.4dfp.img
       256       256       256         1
  1.000000  1.000000  1.000000
orientation T byte_order littleendian
Reading mask: /opt/freesurfer/average/711-2B_as_mni_average_305_mask.4dfp.img (2306576 pixels)
talsrcimg_g11.4dfp.img
       256       256       256         1
  1.000000  1.000000  1.000000
orientation T byte_order littleendian
Reading image: talsrcimg_g11.4dfp.img
dimensions:      256       256       256
mmppix:       1.0000   -1.0000   -1.0000
center:     128.0000 -129.0000 -129.0000
rotation matrix determinant  1.000000
fimgreg.f
image alignment mode   1283 decimal      503 hex
parameters
    0.0000    7.5000   15.0000    0.0000    0.0000    0.0000
eta,q 0.93900  9.07822
niter,ni,del,rscale     5    3   12.0000    1.2000
parameters
   -1.0576    7.2624   15.5991   -2.3163   -0.8412    0.9033
eta,q 0.94350  8.90756
  0.0684  0.0678  0.0681  0.0596  0.0609  0.0629
  0.0626  0.0622  0.0641  0.0567  0.0586  0.0604
  0.0590  0.0595  0.0603  0.0576  0.0568  0.0582
  0.0596  0.0585  0.0586  0.0583  0.0574  0.0567
  0.0638  0.0608  0.0599  0.0597  0.0583  0.0565
  0.0693  0.0647  0.0619  0.0619  0.0604  0.0579
  0.0755  0.0680  0.0650  0.0646  0.0638  0.0605
niter,ni,del,rscale     4    3   12.0000    1.2000
parameters
   -1.1488    8.0904   15.7496   -3.3759   -0.8395    0.7979
eta,q 0.94414  8.92632
  0.0693  0.0706  0.0646  0.0602  0.0625  0.0615
  0.0631  0.0635  0.0619  0.0573  0.0592  0.0588
  0.0586  0.0583  0.0580  0.0552  0.0565  0.0566
  0.0565  0.0565  0.0569  0.0570  0.0559  0.0559
  0.0595  0.0584  0.0582  0.0586  0.0573  0.0566
  0.0644  0.0614  0.0605  0.0602  0.0592  0.0589
  0.0693  0.0633  0.0644  0.0620  0.0622  0.0620
niter,ni,del,rscale     3    3   12.0000    1.2000
parameters
   -1.1610    8.8115   15.7607   -4.4588   -0.7778    0.8386
eta,q 0.94448  8.95792
  0.0690  0.0687  0.0640  0.0599  0.0632  0.0613
  0.0632  0.0630  0.0612  0.0575  0.0593  0.0586
  0.0584  0.0571  0.0573  0.0550  0.0562  0.0563
  0.0559  0.0559  0.0567  0.0567  0.0555  0.0555
  0.0585  0.0587  0.0583  0.0585  0.0572  0.0562
  0.0635  0.0609  0.0605  0.0602  0.0593  0.0583
  0.0689  0.0627  0.0641  0.0621  0.0624  0.0613
niter,ni,del,rscale     2    3   12.0000    1.2000
parameters
   -1.1778    9.4502   15.7057   -5.3583   -0.6271    0.8780
eta,q 0.94492  8.97493
  0.0688  0.0677  0.0636  0.0602  0.0633  0.0611
  0.0630  0.0625  0.0606  0.0578  0.0594  0.0584
  0.0581  0.0566  0.0564  0.0548  0.0559  0.0561
  0.0555  0.0555  0.0563  0.0562  0.0550  0.0551
  0.0581  0.0583  0.0583  0.0586  0.0567  0.0560
  0.0631  0.0602  0.0604  0.0601  0.0588  0.0582
  0.0689  0.0627  0.0635  0.0621  0.0622  0.0609
niter,ni,del,rscale     1    3   12.0000    1.2000
parameters
   -1.2023    9.9098   15.5905   -5.9397   -0.4630    0.8707
eta,q 0.94531  8.98005
  0.0685  0.0668  0.0632  0.0608  0.0629  0.0610
  0.0623  0.0619  0.0598  0.0583  0.0589  0.0582
  0.0575  0.0569  0.0555  0.0550  0.0554  0.0557
  0.0551  0.0551  0.0555  0.0554  0.0546  0.0547
  0.0576  0.0577  0.0579  0.0584  0.0561  0.0559
  0.0626  0.0602  0.0601  0.0601  0.0583  0.0583
  0.0686  0.0633  0.0631  0.0619  0.0618  0.0610
registration optimization eta report
parameter search radius
    6.0000    6.0000    6.0000    6.0000    6.0000    6.0000
100000*second partial in parameter space
       36.       26.       21.       15.       21.       17.
  0.0685  0.0668  0.0632  0.0608  0.0629  0.0610
  0.0623  0.0619  0.0598  0.0583  0.0589  0.0582
  0.0575  0.0569  0.0555  0.0550  0.0554  0.0557
  0.0551  0.0551  0.0555  0.0554  0.0546  0.0547
  0.0576  0.0577  0.0579  0.0584  0.0561  0.0559
  0.0626  0.0602  0.0601  0.0601  0.0583  0.0583
  0.0686  0.0633  0.0631  0.0619  0.0618  0.0610
   -1.2023    9.9098   15.5905   -5.9397   -0.4630    0.8707
eta,q 0.94531  8.98005

---------------------------------------------------------------------
imgreg_4dfp /opt/freesurfer/average/711-2C_as_mni_average_305 /opt/freesurfer/average/711-2B_as_mni_average_305_mask talsrcimg_g11 none talsrcimg_to_711-2C_as_mni_average_305_t4 3335
---------------------------------------------------------------------

freesurfer imgreg_4dfp.c
/opt/freesurfer/average/711-2C_as_mni_average_305.4dfp.img
       256       256       256         1
  1.000000  1.000000  1.000000
orientation T byte_order littleendian
Reading image: /opt/freesurfer/average/711-2C_as_mni_average_305.4dfp.img
dimensions:      256       256       256
mmppix:       1.0000   -1.0000   -1.0000
center:     128.0000 -129.0000 -129.0000
/opt/freesurfer/average/711-2B_as_mni_average_305_mask.4dfp.img
       256       256       256         1
  1.000000  1.000000  1.000000
orientation T byte_order littleendian
Reading mask: /opt/freesurfer/average/711-2B_as_mni_average_305_mask.4dfp.img (2306576 pixels)
talsrcimg_g11.4dfp.img
       256       256       256         1
  1.000000  1.000000  1.000000
orientation T byte_order littleendian
Reading image: talsrcimg_g11.4dfp.img
dimensions:      256       256       256
mmppix:       1.0000   -1.0000   -1.0000
center:     128.0000 -129.0000 -129.0000
fimgreg.f
image alignment mode   3335 decimal      D07 hex
parameters
   -1.2023    9.9098   15.5905   -0.0148   -0.5496   -0.5401
   -1.5950    0.6463    1.5196   10.3591   -0.8080  -10.3478
eta,q 0.94406  9.02913
niter,ni,del,rscale     5    3    5.0000    1.2000
parameter  4  2.628507 ->  0.500000 qaram    1.1500
parameter  5  5.541645 ->  0.500000 qaram    1.1500
parameter  6  2.197762 ->  0.500000 qaram    1.1500
parameter 10  0.764915 ->  0.500000 qaram    1.1500
parameter 11 -0.635540 -> -0.500000 qaram    1.1500
parameters
   -1.0281   10.5317   15.4143   -4.1548   -4.6896   -4.6801
   -4.2798    3.6615    1.2525    6.2191    3.3320  -13.1825
eta,q 0.96909  8.82681
  0.0580  0.0588  0.0573  0.0464  0.0381  0.0331  0.0371  0.0437  0.0366  0.0328  0.0358  0.0318
  0.0569  0.0574  0.0566  0.0483  0.0413  0.0353  0.0360  0.0403  0.0355  0.0320  0.0342  0.0311
  0.0563  0.0564  0.0561  0.0515  0.0452  0.0386  0.0357  0.0376  0.0349  0.0326  0.0330  0.0309
  0.0559  0.0559  0.0559  0.0559  0.0490  0.0423  0.0362  0.0357  0.0347  0.0347  0.0320  0.0313
  0.0560  0.0560  0.0562  0.0602  0.0531  0.0475  0.0375  0.0347  0.0349  0.0372  0.0314  0.0322
  0.0565  0.0563  0.0569  0.0647  0.0577  0.0529  0.0394  0.0350  0.0357  0.0400  0.0313  0.0336
  0.0575  0.0567  0.0577  0.0696  0.0621  0.0578  0.0415  0.0366  0.0370  0.0439  0.0316  0.0354
niter,ni,del,rscale     7    3    5.0000    1.2000
parameter  4  0.642992 ->  0.500000 qaram    1.3225
parameter  5  0.823887 ->  0.500000 qaram    1.3225
parameters
   -1.0503   11.2178   15.6660   -8.9158   -9.4506   -7.6655
   -2.4853    2.5894    1.2155    7.0098    1.6187  -14.6419
eta,q 0.97596  8.65952
  0.0353  0.0357  0.0339  0.0293  0.0256  0.0263  0.0296  0.0280  0.0269  0.0305  0.0253  0.0252
  0.0329  0.0335  0.0321  0.0284  0.0249  0.0254  0.0274  0.0257  0.0255  0.0277  0.0245  0.0244
  0.0314  0.0319  0.0310  0.0286  0.0257  0.0247  0.0257  0.0245  0.0246  0.0255  0.0241  0.0240
  0.0309  0.0309  0.0307  0.0307  0.0283  0.0249  0.0248  0.0246  0.0244  0.0244  0.0243  0.0241
  0.0315  0.0307  0.0309  0.0351  0.0324  0.0266  0.0246  0.0258  0.0247  0.0245  0.0248  0.0246
  0.0330  0.0312  0.0316  0.0406  0.0369  0.0319  0.0252  0.0278  0.0256  0.0258  0.0256  0.0254
  0.0354  0.0322  0.0326  0.0460  0.0414  0.0397  0.0265  0.0305  0.0270  0.0289  0.0266  0.0264
niter,ni,del,rscale     7    3    5.0000    1.2000
parameters
   -0.9314   12.0159   15.5613   -9.0520  -10.9557   -8.6500
   -2.6407    2.6400    1.1834    7.8960    1.4085  -16.1862
eta,q 0.97611  8.59173
  0.0280  0.0291  0.0255  0.0289  0.0283  0.0268  0.0270  0.0287  0.0264  0.0293  0.0254  0.0248
  0.0260  0.0269  0.0245  0.0270  0.0263  0.0258  0.0253  0.0262  0.0251  0.0267  0.0245  0.0241
  0.0246  0.0252  0.0238  0.0252  0.0245  0.0247  0.0243  0.0246  0.0243  0.0251  0.0241  0.0239
  0.0240  0.0240  0.0236  0.0236  0.0236  0.0239  0.0241  0.0241  0.0241  0.0241  0.0240  0.0240
  0.0243  0.0236  0.0239  0.0233  0.0251  0.0240  0.0245  0.0248  0.0244  0.0241  0.0242  0.0243
  0.0254  0.0239  0.0247  0.0258  0.0287  0.0258  0.0256  0.0263  0.0252  0.0253  0.0247  0.0249
  0.0273  0.0252  0.0259  0.0310  0.0335  0.0305  0.0272  0.0284  0.0264  0.0277  0.0254  0.0259
niter,ni,del,rscale     6    3    5.0000    1.2000
parameters
   -0.8938   12.2134   15.5065   -8.5391  -11.3115   -8.5764
   -2.7908    2.7608    1.0386    8.4407    1.6590  -16.5110
eta,q 0.97636  8.60947
  0.0274  0.0273  0.0254  0.0292  0.0292  0.0271  0.0268  0.0287  0.0260  0.0287  0.0254  0.0250
  0.0255  0.0256  0.0246  0.0273  0.0269  0.0259  0.0250  0.0260  0.0247  0.0261  0.0244  0.0241
  0.0243  0.0244  0.0241  0.0256  0.0250  0.0248  0.0240  0.0243  0.0239  0.0245  0.0238  0.0237
  0.0239  0.0239  0.0239  0.0239  0.0236  0.0237  0.0237  0.0237  0.0237  0.0237  0.0236  0.0237
  0.0242  0.0240  0.0240  0.0232  0.0239  0.0234  0.0242  0.0243  0.0240  0.0239  0.0238  0.0239
  0.0254  0.0249  0.0246  0.0250  0.0267  0.0246  0.0253  0.0260  0.0249  0.0252  0.0244  0.0244
  0.0272  0.0264  0.0257  0.0297  0.0312  0.0282  0.0270  0.0282  0.0261  0.0277  0.0251  0.0252
niter,ni,del,rscale     5    3    5.0000    1.2000
parameters
   -0.9251   12.2752   15.4370   -8.3765  -11.3514   -8.4852
   -2.7171    2.7718    0.9835    8.6155    1.7812  -16.5864
eta,q 0.97646  8.61994
  0.0272  0.0267  0.0252  0.0289  0.0294  0.0270  0.0270  0.0285  0.0259  0.0283  0.0253  0.0251
  0.0252  0.0251  0.0244  0.0271  0.0272  0.0259  0.0251  0.0258  0.0246  0.0258  0.0243  0.0241
  0.0240  0.0241  0.0238  0.0254  0.0251  0.0247  0.0239  0.0241  0.0238  0.0242  0.0237  0.0236
  0.0236  0.0236  0.0236  0.0236  0.0236  0.0236  0.0235  0.0236  0.0236  0.0236  0.0235  0.0235
  0.0241  0.0239  0.0238  0.0232  0.0236  0.0232  0.0240  0.0243  0.0239  0.0239  0.0237  0.0238
  0.0254  0.0248  0.0245  0.0254  0.0262  0.0244  0.0251  0.0260  0.0247  0.0254  0.0243  0.0243
  0.0273  0.0265  0.0255  0.0302  0.0307  0.0282  0.0267  0.0283  0.0259  0.0281  0.0251  0.0250
niter,ni,del,rscale     4    3    5.0000    1.2000
parameters
   -0.9444   12.2830   15.4070   -8.3389  -11.3676   -8.4737
   -2.6839    2.7583    0.9673    8.6606    1.8280  -16.6230
eta,q 0.97647  8.62181
  0.0272  0.0265  0.0252  0.0288  0.0295  0.0270  0.0269  0.0284  0.0259  0.0282  0.0252  0.0251
  0.0252  0.0249  0.0244  0.0271  0.0272  0.0259  0.0250  0.0258  0.0246  0.0257  0.0243  0.0241
  0.0239  0.0239  0.0238  0.0253  0.0251  0.0247  0.0239  0.0241  0.0238  0.0242  0.0237  0.0236
  0.0235  0.0235  0.0235  0.0235  0.0235  0.0235  0.0235  0.0235  0.0235  0.0235  0.0235  0.0235
  0.0240  0.0238  0.0237  0.0232  0.0236  0.0232  0.0240  0.0243  0.0238  0.0240  0.0237  0.0237
  0.0253  0.0249  0.0243  0.0255  0.0262  0.0245  0.0251  0.0260  0.0247  0.0255  0.0243  0.0242
  0.0273  0.0265  0.0254  0.0304  0.0307  0.0284  0.0268  0.0283  0.0259  0.0282  0.0252  0.0250
niter,ni,del,rscale     3    3    5.0000    1.2000
parameters
   -0.9505   12.2861   15.3989   -8.3307  -11.3747   -8.4678
   -2.6784    2.7510    0.9636    8.6783    1.8452  -16.6371
eta,q 0.97648  8.62234
  0.0272  0.0265  0.0252  0.0288  0.0295  0.0270  0.0269  0.0285  0.0259  0.0282  0.0252  0.0251
  0.0252  0.0249  0.0244  0.0270  0.0272  0.0259  0.0250  0.0258  0.0246  0.0257  0.0243  0.0241
  0.0239  0.0239  0.0238  0.0253  0.0251  0.0247  0.0238  0.0241  0.0238  0.0242  0.0237  0.0236
  0.0235  0.0235  0.0235  0.0235  0.0235  0.0235  0.0235  0.0235  0.0235  0.0235  0.0235  0.0235
  0.0240  0.0238  0.0237  0.0232  0.0235  0.0232  0.0240  0.0242  0.0238  0.0240  0.0237  0.0237
  0.0252  0.0249  0.0243  0.0256  0.0261  0.0244  0.0251  0.0259  0.0246  0.0255  0.0243  0.0242
  0.0272  0.0265  0.0253  0.0305  0.0307  0.0284  0.0268  0.0283  0.0259  0.0283  0.0252  0.0250
registration optimization eta report
parameter search radius
    2.4000    2.4000    2.4000    9.5220    9.5220    8.2800
    7.2000    7.2000    7.2000    8.2800    8.2800    7.2000
100000*second partial in parameter space
       64.       52.       31.        7.        7.        6.
        6.        9.        5.        7.        2.        3.
  0.0272  0.0265  0.0252  0.0288  0.0295  0.0270  0.0269  0.0285  0.0259  0.0282  0.0252  0.0251
  0.0252  0.0249  0.0244  0.0270  0.0272  0.0259  0.0250  0.0258  0.0246  0.0257  0.0243  0.0241
  0.0239  0.0239  0.0238  0.0253  0.0251  0.0247  0.0238  0.0241  0.0238  0.0242  0.0237  0.0236
  0.0235  0.0235  0.0235  0.0235  0.0235  0.0235  0.0235  0.0235  0.0235  0.0235  0.0235  0.0235
  0.0240  0.0238  0.0237  0.0232  0.0235  0.0232  0.0240  0.0242  0.0238  0.0240  0.0237  0.0237
  0.0252  0.0249  0.0243  0.0256  0.0261  0.0244  0.0251  0.0259  0.0246  0.0255  0.0243  0.0242
  0.0272  0.0265  0.0253  0.0305  0.0307  0.0284  0.0268  0.0283  0.0259  0.0283  0.0252  0.0250
   -0.9505   12.2861   15.3989   -8.3307  -11.3747   -8.4678
   -2.6784    2.7510    0.9636    8.6783    1.8452  -16.6371
eta,q 0.97648  8.62234

---------------------------------------------------------------------
imgreg_4dfp /opt/freesurfer/average/711-2C_as_mni_average_305 /opt/freesurfer/average/711-2B_as_mni_average_305_mask talsrcimg_g11 none talsrcimg_to_711-2C_as_mni_average_305_t4 2311
---------------------------------------------------------------------

freesurfer imgreg_4dfp.c
/opt/freesurfer/average/711-2C_as_mni_average_305.4dfp.img
       256       256       256         1
  1.000000  1.000000  1.000000
orientation T byte_order littleendian
Reading image: /opt/freesurfer/average/711-2C_as_mni_average_305.4dfp.img
dimensions:      256       256       256
mmppix:       1.0000   -1.0000   -1.0000
center:     128.0000 -129.0000 -129.0000
/opt/freesurfer/average/711-2B_as_mni_average_305_mask.4dfp.img
       256       256       256         1
  1.000000  1.000000  1.000000
orientation T byte_order littleendian
Reading mask: /opt/freesurfer/average/711-2B_as_mni_average_305_mask.4dfp.img (2306576 pixels)
talsrcimg_g11.4dfp.img
       256       256       256         1
  1.000000  1.000000  1.000000
orientation T byte_order littleendian
Reading image: talsrcimg_g11.4dfp.img
dimensions:      256       256       256
mmppix:       1.0000   -1.0000   -1.0000
center:     128.0000 -129.0000 -129.0000
fimgreg.f
image alignment mode   2311 decimal      907 hex
parameters
   -0.9505   12.2861   15.3989   -8.3307  -11.3747   -8.4678
   -2.6784    2.7510    0.9636    8.6783    1.8452  -16.6371
eta,q 0.97648  8.62234
niter,ni,del,rscale     5    3    5.0000    0.8000
parameters
   -0.9569   12.3101   15.4568   -6.2637  -10.7959   -7.5257
   -2.9466    3.0336    0.7969    9.2451    2.1909  -16.2861
eta,q 0.97728  8.72490
  0.0252  0.0249  0.0244  0.0262  0.0255  0.0249  0.0246  0.0259  0.0241  0.0253  0.0237  0.0238
  0.0243  0.0242  0.0239  0.0253  0.0245  0.0242  0.0236  0.0243  0.0233  0.0241  0.0232  0.0232
  0.0237  0.0237  0.0236  0.0244  0.0236  0.0235  0.0229  0.0232  0.0229  0.0232  0.0229  0.0229
  0.0235  0.0235  0.0235  0.0235  0.0230  0.0229  0.0228  0.0228  0.0228  0.0228  0.0227  0.0227
  0.0237  0.0236  0.0236  0.0231  0.0229  0.0228  0.0231  0.0230  0.0230  0.0228  0.0228  0.0228
  0.0243  0.0241  0.0238  0.0232  0.0235  0.0231  0.0239  0.0238  0.0235  0.0234  0.0230  0.0231
  0.0252  0.0249  0.0243  0.0239  0.0248  0.0240  0.0250  0.0253  0.0243  0.0244  0.0234  0.0235
niter,ni,del,rscale     4    3    5.0000    0.7000
parameters
   -1.1010   12.3075   15.3937   -6.6646  -10.6877   -7.1351
   -2.7852    2.9068    0.7523    9.1859    2.2398  -16.3543
eta,q 0.97735  8.73036
  0.0240  0.0239  0.0234  0.0244  0.0246  0.0244  0.0243  0.0248  0.0237  0.0243  0.0233  0.0234
  0.0232  0.0233  0.0230  0.0235  0.0237  0.0237  0.0234  0.0236  0.0231  0.0234  0.0229  0.0230
  0.0228  0.0228  0.0228  0.0229  0.0231  0.0231  0.0229  0.0229  0.0228  0.0228  0.0227  0.0227
  0.0227  0.0227  0.0227  0.0227  0.0227  0.0227  0.0227  0.0227  0.0226  0.0226  0.0227  0.0227
  0.0230  0.0228  0.0228  0.0230  0.0228  0.0227  0.0228  0.0230  0.0228  0.0229  0.0227  0.0228
  0.0237  0.0232  0.0231  0.0239  0.0234  0.0231  0.0233  0.0238  0.0232  0.0235  0.0229  0.0230
  0.0246  0.0239  0.0236  0.0254  0.0246  0.0240  0.0241  0.0251  0.0237  0.0244  0.0233  0.0234
niter,ni,del,rscale     3    3    5.0000    0.6000
parameters
   -1.1330   12.2881   15.3282   -6.7026  -10.6789   -7.0352
   -2.7948    2.8912    0.7534    9.2182    2.3108  -16.4615
eta,q 0.97736  8.73257
  0.0238  0.0235  0.0232  0.0241  0.0240  0.0239  0.0238  0.0244  0.0234  0.0240  0.0231  0.0232
  0.0231  0.0230  0.0229  0.0234  0.0234  0.0233  0.0232  0.0234  0.0230  0.0232  0.0229  0.0229
  0.0227  0.0227  0.0227  0.0229  0.0229  0.0229  0.0228  0.0228  0.0227  0.0228  0.0227  0.0227
  0.0226  0.0226  0.0226  0.0226  0.0226  0.0226  0.0226  0.0226  0.0226  0.0226  0.0226  0.0226
  0.0228  0.0227  0.0227  0.0228  0.0227  0.0227  0.0228  0.0228  0.0227  0.0228  0.0227  0.0227
  0.0232  0.0231  0.0230  0.0233  0.0232  0.0231  0.0232  0.0234  0.0230  0.0232  0.0228  0.0229
  0.0239  0.0236  0.0233  0.0243  0.0241  0.0239  0.0238  0.0244  0.0234  0.0239  0.0231  0.0232
niter,ni,del,rscale     2    3    5.0000    0.5000
parameters
   -1.1448   12.2926   15.2988   -6.6456  -10.6446   -6.9393
   -2.7991    2.8937    0.7569    9.2645    2.3806  -16.5264
eta,q 0.97737  8.73698
  0.0234  0.0233  0.0230  0.0237  0.0237  0.0235  0.0234  0.0239  0.0232  0.0236  0.0230  0.0230
  0.0230  0.0229  0.0228  0.0232  0.0232  0.0231  0.0230  0.0232  0.0229  0.0231  0.0228  0.0228
  0.0227  0.0227  0.0227  0.0228  0.0228  0.0228  0.0227  0.0228  0.0227  0.0227  0.0227  0.0227
  0.0226  0.0226  0.0226  0.0226  0.0226  0.0226  0.0226  0.0226  0.0226  0.0226  0.0226  0.0226
  0.0227  0.0227  0.0227  0.0227  0.0227  0.0227  0.0227  0.0228  0.0227  0.0227  0.0227  0.0227
  0.0230  0.0229  0.0229  0.0231  0.0230  0.0229  0.0230  0.0232  0.0229  0.0230  0.0228  0.0228
  0.0235  0.0233  0.0231  0.0237  0.0237  0.0235  0.0235  0.0238  0.0232  0.0235  0.0229  0.0230
niter,ni,del,rscale     1    3    5.0000    0.4000
parameters
   -1.1547   12.2960   15.2692   -6.6108  -10.6142   -6.8525
   -2.7968    2.8956    0.7527    9.2890    2.4435  -16.5808
eta,q 0.97737  8.74029
  0.0231  0.0230  0.0229  0.0233  0.0233  0.0232  0.0232  0.0234  0.0230  0.0233  0.0228  0.0229
  0.0229  0.0228  0.0227  0.0230  0.0230  0.0229  0.0229  0.0230  0.0228  0.0229  0.0227  0.0227
  0.0227  0.0227  0.0227  0.0227  0.0227  0.0227  0.0227  0.0227  0.0227  0.0227  0.0227  0.0226
  0.0226  0.0226  0.0226  0.0226  0.0226  0.0226  0.0226  0.0226  0.0226  0.0226  0.0226  0.0226
  0.0227  0.0227  0.0227  0.0227  0.0227  0.0227  0.0227  0.0227  0.0227  0.0227  0.0226  0.0227
  0.0229  0.0228  0.0228  0.0229  0.0229  0.0228  0.0229  0.0230  0.0228  0.0229  0.0227  0.0228
  0.0232  0.0230  0.0229  0.0233  0.0233  0.0232  0.0232  0.0234  0.0230  0.0232  0.0228  0.0229
registration optimization eta report
parameter search radius
    0.8000    0.8000    0.8000    2.4000    2.4000    2.4000
    2.4000    2.4000    2.4000    2.4000    2.4000    2.4000
100000*second partial in parameter space
       81.       65.       42.       12.       12.       10.
        9.       14.        6.       11.        4.        5.
  0.0231  0.0230  0.0229  0.0233  0.0233  0.0232  0.0232  0.0234  0.0230  0.0233  0.0228  0.0229
  0.0229  0.0228  0.0227  0.0230  0.0230  0.0229  0.0229  0.0230  0.0228  0.0229  0.0227  0.0227
  0.0227  0.0227  0.0227  0.0227  0.0227  0.0227  0.0227  0.0227  0.0227  0.0227  0.0227  0.0226
  0.0226  0.0226  0.0226  0.0226  0.0226  0.0226  0.0226  0.0226  0.0226  0.0226  0.0226  0.0226
  0.0227  0.0227  0.0227  0.0227  0.0227  0.0227  0.0227  0.0227  0.0227  0.0227  0.0226  0.0227
  0.0229  0.0228  0.0228  0.0229  0.0229  0.0228  0.0229  0.0230  0.0228  0.0229  0.0227  0.0228
  0.0232  0.0230  0.0229  0.0233  0.0233  0.0232  0.0232  0.0234  0.0230  0.0232  0.0228  0.0229
   -1.1547   12.2960   15.2692   -6.6108  -10.6142   -6.8525
   -2.7968    2.8956    0.7527    9.2890    2.4435  -16.5808
eta,q 0.97737  8.74029

---------------------------------------------------------------------
imgreg_4dfp /opt/freesurfer/average/711-2C_as_mni_average_305 /opt/freesurfer/average/711-2B_as_mni_average_305_mask talsrcimg_g11 none talsrcimg_to_711-2C_as_mni_average_305_t4 2311
---------------------------------------------------------------------

freesurfer imgreg_4dfp.c
/opt/freesurfer/average/711-2C_as_mni_average_305.4dfp.img
       256       256       256         1
  1.000000  1.000000  1.000000
orientation T byte_order littleendian
Reading image: /opt/freesurfer/average/711-2C_as_mni_average_305.4dfp.img
dimensions:      256       256       256
mmppix:       1.0000   -1.0000   -1.0000
center:     128.0000 -129.0000 -129.0000
/opt/freesurfer/average/711-2B_as_mni_average_305_mask.4dfp.img
       256       256       256         1
  1.000000  1.000000  1.000000
orientation T byte_order littleendian
Reading mask: /opt/freesurfer/average/711-2B_as_mni_average_305_mask.4dfp.img (2306576 pixels)
talsrcimg_g11.4dfp.img
       256       256       256         1
  1.000000  1.000000  1.000000
orientation T byte_order littleendian
Reading image: talsrcimg_g11.4dfp.img
dimensions:      256       256       256
mmppix:       1.0000   -1.0000   -1.0000
center:     128.0000 -129.0000 -129.0000
fimgreg.f
image alignment mode   2311 decimal      907 hex
parameters
   -1.1547   12.2960   15.2692   -6.6108  -10.6142   -6.8525
   -2.7968    2.8956    0.7527    9.2890    2.4435  -16.5808
eta,q 0.97737  8.74029
niter,ni,del,rscale     5    3    5.0000    0.8000
parameters
   -1.1491   12.2614   15.2659   -7.0042  -10.8606   -7.1864
   -2.7654    2.8254    0.7813    9.2551    2.3065  -16.5458
eta,q 0.97730  8.71936
  0.0247  0.0242  0.0237  0.0247  0.0248  0.0244  0.0247  0.0256  0.0241  0.0248  0.0234  0.0237
  0.0236  0.0233  0.0231  0.0237  0.0238  0.0237  0.0236  0.0240  0.0233  0.0237  0.0230  0.0231
  0.0229  0.0228  0.0227  0.0229  0.0230  0.0230  0.0229  0.0230  0.0228  0.0229  0.0228  0.0228
  0.0226  0.0226  0.0226  0.0226  0.0227  0.0227  0.0227  0.0227  0.0227  0.0227  0.0227  0.0227
  0.0229  0.0228  0.0228  0.0229  0.0229  0.0228  0.0229  0.0231  0.0229  0.0230  0.0228  0.0228
  0.0236  0.0234  0.0231  0.0240  0.0239  0.0237  0.0236  0.0241  0.0233  0.0237  0.0231  0.0231
  0.0247  0.0244  0.0237  0.0259  0.0255  0.0255  0.0246  0.0257  0.0240  0.0249  0.0235  0.0236
niter,ni,del,rscale     4    3    5.0000    0.7000
parameters
   -1.1244   12.3005   15.2993   -6.7815  -10.7541   -7.1614
   -2.8152    2.8719    0.7748    9.2835    2.3105  -16.5180
eta,q 0.97734  8.72728
  0.0243  0.0240  0.0235  0.0247  0.0245  0.0242  0.0242  0.0250  0.0237  0.0244  0.0233  0.0234
  0.0234  0.0233  0.0231  0.0238  0.0237  0.0235  0.0233  0.0237  0.0231  0.0234  0.0229  0.0230
  0.0229  0.0229  0.0228  0.0231  0.0230  0.0230  0.0228  0.0229  0.0228  0.0229  0.0227  0.0227
  0.0227  0.0227  0.0227  0.0227  0.0227  0.0227  0.0226  0.0227  0.0227  0.0227  0.0227  0.0227
  0.0229  0.0228  0.0228  0.0227  0.0227  0.0227  0.0228  0.0229  0.0228  0.0229  0.0227  0.0228
  0.0234  0.0232  0.0230  0.0233  0.0234  0.0232  0.0234  0.0237  0.0231  0.0234  0.0229  0.0230
  0.0242  0.0238  0.0235  0.0245  0.0245  0.0244  0.0242  0.0249  0.0237  0.0243  0.0233  0.0234
niter,ni,del,rscale     3    3    5.0000    0.6000
parameters
   -1.1335   12.3029   15.3048   -6.6849  -10.6901   -7.0437
   -2.8092    2.8828    0.7611    9.2896    2.3527  -16.5178
eta,q 0.97736  8.73328
  0.0238  0.0236  0.0233  0.0242  0.0241  0.0239  0.0238  0.0244  0.0234  0.0239  0.0231  0.0232
  0.0232  0.0231  0.0229  0.0235  0.0234  0.0233  0.0232  0.0234  0.0230  0.0232  0.0229  0.0229
  0.0228  0.0228  0.0227  0.0229  0.0229  0.0229  0.0228  0.0228  0.0227  0.0228  0.0227  0.0227
  0.0227  0.0227  0.0227  0.0227  0.0226  0.0226  0.0226  0.0226  0.0226  0.0226  0.0226  0.0226
  0.0228  0.0227  0.0227  0.0227  0.0227  0.0227  0.0228  0.0228  0.0227  0.0228  0.0227  0.0227
  0.0232  0.0230  0.0229  0.0232  0.0232  0.0231  0.0232  0.0234  0.0230  0.0232  0.0229  0.0229
  0.0238  0.0236  0.0232  0.0241  0.0241  0.0239  0.0238  0.0243  0.0234  0.0239  0.0231  0.0232
niter,ni,del,rscale     2    3    5.0000    0.5000
parameters
   -1.1461   12.3016   15.2886   -6.6346  -10.6532   -6.9392
   -2.8017    2.8912    0.7507    9.2987    2.3999  -16.5475
eta,q 0.97737  8.73741
  0.0234  0.0233  0.0230  0.0237  0.0236  0.0235  0.0235  0.0239  0.0232  0.0236  0.0230  0.0230
  0.0230  0.0229  0.0228  0.0232  0.0232  0.0231  0.0230  0.0232  0.0229  0.0230  0.0228  0.0228
  0.0227  0.0227  0.0227  0.0228  0.0228  0.0228  0.0227  0.0228  0.0227  0.0227  0.0227  0.0227
  0.0226  0.0226  0.0226  0.0226  0.0226  0.0226  0.0226  0.0226  0.0226  0.0226  0.0226  0.0226
  0.0227  0.0227  0.0227  0.0227  0.0227  0.0227  0.0227  0.0228  0.0227  0.0227  0.0227  0.0227
  0.0230  0.0229  0.0228  0.0231  0.0230  0.0229  0.0230  0.0232  0.0229  0.0231  0.0228  0.0228
  0.0235  0.0233  0.0231  0.0237  0.0237  0.0235  0.0234  0.0238  0.0232  0.0235  0.0230  0.0230
niter,ni,del,rscale     1    3    5.0000    0.4000
parameters
   -1.1570   12.2975   15.2669   -6.6069  -10.6145   -6.8462
   -2.7924    2.8901    0.7406    9.3005    2.4498  -16.5946
eta,q 0.97738  8.74059
  0.0231  0.0230  0.0229  0.0233  0.0233  0.0232  0.0232  0.0234  0.0230  0.0232  0.0228  0.0229
  0.0228  0.0228  0.0227  0.0230  0.0230  0.0229  0.0229  0.0230  0.0228  0.0229  0.0227  0.0227
  0.0227  0.0227  0.0227  0.0227  0.0227  0.0227  0.0227  0.0227  0.0227  0.0227  0.0227  0.0226
  0.0226  0.0226  0.0226  0.0226  0.0226  0.0226  0.0226  0.0226  0.0226  0.0226  0.0226  0.0226
  0.0227  0.0227  0.0227  0.0227  0.0227  0.0227  0.0227  0.0227  0.0227  0.0227  0.0226  0.0227
  0.0229  0.0228  0.0228  0.0229  0.0229  0.0228  0.0229  0.0230  0.0228  0.0229  0.0227  0.0228
  0.0232  0.0231  0.0229  0.0233  0.0233  0.0232  0.0232  0.0234  0.0230  0.0232  0.0228  0.0229
registration optimization eta report
parameter search radius
    0.8000    0.8000    0.8000    2.4000    2.4000    2.4000
    2.4000    2.4000    2.4000    2.4000    2.4000    2.4000
100000*second partial in parameter space
       82.       65.       42.       12.       12.       10.
        9.       14.        6.       11.        4.        4.
  0.0231  0.0230  0.0229  0.0233  0.0233  0.0232  0.0232  0.0234  0.0230  0.0232  0.0228  0.0229
  0.0228  0.0228  0.0227  0.0230  0.0230  0.0229  0.0229  0.0230  0.0228  0.0229  0.0227  0.0227
  0.0227  0.0227  0.0227  0.0227  0.0227  0.0227  0.0227  0.0227  0.0227  0.0227  0.0227  0.0226
  0.0226  0.0226  0.0226  0.0226  0.0226  0.0226  0.0226  0.0226  0.0226  0.0226  0.0226  0.0226
  0.0227  0.0227  0.0227  0.0227  0.0227  0.0227  0.0227  0.0227  0.0227  0.0227  0.0226  0.0227
  0.0229  0.0228  0.0228  0.0229  0.0229  0.0228  0.0229  0.0230  0.0228  0.0229  0.0227  0.0228
  0.0232  0.0231  0.0229  0.0233  0.0233  0.0232  0.0232  0.0234  0.0230  0.0232  0.0228  0.0229
   -1.1570   12.2975   15.2669   -6.6069  -10.6145   -6.8462
   -2.7924    2.8901    0.7406    9.3005    2.4498  -16.5946
eta,q 0.97738  8.74059

---------------------------------------------------------------------
compute_vox2vox talsrcimg talsrcimg_to_711-2C_as_mni_average_305_t4 /opt/freesurfer/average/711-2C_as_mni_average_305
---------------------------------------------------------------------

freesurfer compute_vox2vox.c
Reading: talsrcimg.4dfp.ifh
Reading: talsrcimg_to_711-2C_as_mni_average_305_t4
Reading: /opt/freesurfer/average/711-2C_as_mni_average_305.4dfp.ifh
Writing: talsrcimg_to_711-2C_as_mni_average_305_t4_vox2vox.txt

start time Fri Mar 13 04:19:53 CET 2026
end		time Fri Mar 13 04:20:07 CET 2026

mpr2mni305 success

avi2talxfm orig_nu.mgz /opt/freesurfer/average/mni305.cor.mgz talsrcimg_to_711-2C_as_mni_average_305_t4_vox2vox.txt transforms/talairach.auto.xfm
avi2talxfm done
mv -f /out/sourcedata/freesurfer/sub-v2s4x29598_ses-1/mri/talsrcimg_to_711-2C_as_mni_average_305_t4_vox2vox.txt /out/sourcedata/freesurfer/sub-v2s4x29598_ses-1/mri/transforms/talsrcimg_to_711-2C_as_mni_average_305_t4_vox2vox.txt
lta_convert --src orig_nu.mgz --trg /opt/freesurfer/average/mni305.cor.mgz --inxfm transforms/talairach.auto.xfm --outlta transforms/talairach.auto.xfm.lta --subject fsaverage
7.3.2

--src: orig_nu.mgz src image (geometry).
--trg: /opt/freesurfer/average/mni305.cor.mgz trg image (geometry).
--inmni: transforms/talairach.auto.xfm input MNI/XFM transform.
--outlta: transforms/talairach.auto.xfm.lta output LTA.
--s: fsaverage subject name
 LTA read, type : 1
 1.07147  -0.03592   0.02680  -3.40167;
-0.02922   1.05494   0.19494  -13.13001;
-0.00584  -0.10947   1.09824  -26.91989;
 0.00000   0.00000   0.00000   1.00000;
setting subject to fsaverage
Writing  LTA to file transforms/talairach.auto.xfm.lta...
lta_convert successful.
 
 
Started at Fri Mar 13 04:19:53 CET 2026
Ended   at Fri Mar 13 04:20:07 CET 2026
talairach_avi done
