status file for recon-all
Fri Mar 13 04:52:28 CET 2026
#@# MotionCor Fri Mar 13 04:52:29 CET 2026
#@# Talairach Fri Mar 13 04:52:34 CET 2026
#@# Talairach Failure Detection Fri Mar 13 04:55:24 CET 2026
#@# Nu Intensity Correction Fri Mar 13 04:55:24 CET 2026
#@# Intensity Normalization Fri Mar 13 04:58:08 CET 2026
recon-all -s sub-v2s4x29609_ses-1 finished without error at Fri Mar 13 04:59:06 CET 2026



#New# invocation of recon-all 



status file for recon-all
Fri Mar 13 05:05:01 CET 2026
#@# EM Registration Fri Mar 13 05:05:01 CET 2026
recon-all -s sub-v2s4x29609_ses-1 finished without error at Fri Mar 13 05:06:08 CET 2026



#New# invocation of recon-all 



status file for recon-all
Fri Mar 13 05:06:11 CET 2026
#@# CA Normalize Fri Mar 13 05:06:11 CET 2026
#@# CA Reg Fri Mar 13 05:07:04 CET 2026
#@# SubCort Seg Fri Mar 13 05:40:47 CET 2026
#@# CC Seg Fri Mar 13 06:09:07 CET 2026
#@# Merge ASeg Fri Mar 13 06:09:28 CET 2026
#@# Intensity Normalization2 Fri Mar 13 06:09:28 CET 2026
#@# Mask BFS Fri Mar 13 06:10:55 CET 2026
#@# WM Segmentation Fri Mar 13 06:10:55 CET 2026
#@# Fill Fri Mar 13 06:12:45 CET 2026
recon-all -s sub-v2s4x29609_ses-1 finished without error at Fri Mar 13 06:13:25 CET 2026



#New# invocation of recon-all 



status file for recon-all
Fri Mar 13 07:03:31 CET 2026
#@# white curv lh Fri Mar 13 07:03:31 CET 2026
#@# white area lh Fri Mar 13 07:03:31 CET 2026
#@# pial curv lh Fri Mar 13 07:03:31 CET 2026
#@# pial area lh Fri Mar 13 07:03:31 CET 2026
#@# thickness lh Fri Mar 13 07:03:31 CET 2026
#@# area and vertex vol lh Fri Mar 13 07:03:31 CET 2026
#@# white curv rh Fri Mar 13 07:03:31 CET 2026
#@# white area rh Fri Mar 13 07:03:31 CET 2026
#@# pial curv rh Fri Mar 13 07:03:31 CET 2026
#@# pial area rh Fri Mar 13 07:03:31 CET 2026
#@# thickness rh Fri Mar 13 07:03:31 CET 2026
#@# area and vertex vol rh Fri Mar 13 07:03:31 CET 2026
#@# Cortical ribbon mask Fri Mar 13 07:03:31 CET 2026
recon-all -s sub-v2s4x29609_ses-1 finished without error at Fri Mar 13 07:08:53 CET 2026



#New# invocation of recon-all 



status file for recon-all
Fri Mar 13 07:14:36 CET 2026
#@# white curv lh Fri Mar 13 07:14:36 CET 2026
#@# white area lh Fri Mar 13 07:14:37 CET 2026
#@# pial curv lh Fri Mar 13 07:14:37 CET 2026
#@# pial area lh Fri Mar 13 07:14:37 CET 2026
#@# thickness lh Fri Mar 13 07:14:37 CET 2026
#@# area and vertex vol lh Fri Mar 13 07:14:37 CET 2026
#@# white curv rh Fri Mar 13 07:14:37 CET 2026
#@# white area rh Fri Mar 13 07:14:37 CET 2026
#@# pial curv rh Fri Mar 13 07:14:37 CET 2026
#@# pial area rh Fri Mar 13 07:14:37 CET 2026
#@# thickness rh Fri Mar 13 07:14:37 CET 2026
#@# area and vertex vol rh Fri Mar 13 07:14:37 CET 2026
#@# Curvature Stats lh Fri Mar 13 07:14:37 CET 2026
#@# Curvature Stats rh Fri Mar 13 07:14:39 CET 2026
#@# Relabel Hypointensities Fri Mar 13 07:14:41 CET 2026
#@# APas-to-ASeg Fri Mar 13 07:14:52 CET 2026
#@# AParc-to-ASeg aparc Fri Mar 13 07:14:58 CET 2026
#@# AParc-to-ASeg aparc.a2009s Fri Mar 13 07:15:27 CET 2026
#@# AParc-to-ASeg aparc.DKTatlas Fri Mar 13 07:15:56 CET 2026
#@# WMParc Fri Mar 13 07:16:24 CET 2026
#@# ASeg Stats Fri Mar 13 07:18:12 CET 2026
recon-all -s sub-v2s4x29609_ses-1 finished without error at Fri Mar 13 07:18:27 CET 2026
