/out/sourcedata/freesurfer/sub-v2s4x29607_ses-1/mri
/opt/freesurfer/bin/talairach_avi
--i orig_nu.mgz --xfm transforms/talairach.auto.xfm
talairach_avi 7.3.2
Linux dna050 5.14.0-427.37.1.el9_4.x86_64 #1 SMP PREEMPT_DYNAMIC Fri Sep 13 12:41:50 EDT 2024 x86_64 x86_64 x86_64 GNU/Linux
Fri Mar 13 04:41:42 CET 2026
mri_convert orig_nu.mgz talsrcimg.img 
reading from orig_nu.mgz...
TR=0.00, TE=0.00, TI=0.00, flip angle=0.00
i_ras = (-1, 1.47985e-12, 0)
j_ras = (0, 3.55932e-11, -1)
k_ras = (-5.15841e-12, 1, -7.65421e-12)
writing to talsrcimg.img...
Analyze Output Matrix
-1.00000   0.00000  -0.00000   130.76300;
 0.00000   0.00000   1.00000  -127.30701;
 0.00000  -1.00000  -0.00000   113.02553;
 0.00000   0.00000   0.00000   1.00000;
--------------------
INFO: set hdr.hist.orient to -1
mpr2mni305 talsrcimg
Fri Mar 13 04:41:43 CET 2026
/opt/freesurfer/bin/mpr2mni305 talsrcimg
mpr2mni305 7.3.2
target=711-2C_as_mni_average_305

---------------------------------------------------------------------
analyzeto4dfp talsrcimg -O0 -y
---------------------------------------------------------------------

freesurfer ifh2hdr.c
Fri Mar 13 04:41:43 2026
Writing: talsrcimg.4dfp.hdr
freesurfer analyzeto4dfp.c
Reading: talsrcimg.hdr
header size 348 bytes
hdr.dime.datatype	offset=70	value=2
hdr.dime.bitpix		offset=72	value=8
hdr.hist.orient		offset=252	value=-1
dimensionality     4
dimensions       256       256       256         1
Reading: talsrcimg.img
Writing: talsrcimg.4dfp.img
Writing: talsrcimg.4dfp.ifh
ifh2hdr talsrcimg -r0to255
ori=2

---------------------------------------------------------------------
gauss_4dfp talsrcimg 1.1
---------------------------------------------------------------------

freesurfer gauss_4dfp.c
Reading: talsrcimg.4dfp.img
Writing: talsrcimg_g11.4dfp.img
image dimensions 256 256 256 padded to 288 288 288
processing volume 1freesurfer ifh2hdr.c
Fri Mar 13 04:41:45 2026
Writing: talsrcimg_g11.4dfp.hdr

Writing: talsrcimg_g11.4dfp.ifh
including: talsrcimg.4dfp.img.rec in talsrcimg_g11.4dfp.img.rec

---------------------------------------------------------------------
imgreg_4dfp /opt/freesurfer/average/711-2C_as_mni_average_305 none talsrcimg_g11 none talsrcimg_to_711-2C_as_mni_average_305_t4 4355
---------------------------------------------------------------------

freesurfer imgreg_4dfp.c
/opt/freesurfer/average/711-2C_as_mni_average_305.4dfp.img
       256       256       256         1
  1.000000  1.000000  1.000000
orientation T byte_order littleendian
Reading image: /opt/freesurfer/average/711-2C_as_mni_average_305.4dfp.img
dimensions:      256       256       256
mmppix:       1.0000   -1.0000   -1.0000
center:     128.0000 -129.0000 -129.0000
talsrcimg_g11.4dfp.img
       256       256       256         1
  1.000000  1.000000  1.000000
orientation T byte_order littleendian
Reading image: talsrcimg_g11.4dfp.img
dimensions:      256       256       256
mmppix:       1.0000   -1.0000   -1.0000
center:     128.0000 -129.0000 -129.0000
t4_read: open error in t4_sub.f l:  41 t4_file(1:l)talsrcimg_to_711-2C_as_mni_average_305_t4 
t4_read: transform initialized to I4
rotation matrix determinant  1.000000
image alignment mode   4355 decimal     1103 hex
   -7.5000  -45.0000  -45.0000 5129.5146   12.5963
    0.0000  -45.0000  -45.0000 5305.7729   12.5878
    7.5000  -45.0000  -45.0000 5117.0703   12.6046
   -7.5000  -37.5000  -45.0000 5634.3696   12.0535
    0.0000  -37.5000  -45.0000 5824.9541   12.0464
    7.5000  -37.5000  -45.0000 5616.9360   12.0677
   -7.5000  -30.0000  -45.0000 6360.5181   11.6584
    0.0000  -30.0000  -45.0000 6586.9951   11.6572
    7.5000  -30.0000  -45.0000 6330.5674   11.6780
   -7.5000  -22.5000  -45.0000 7106.1860   11.3573
    0.0000  -22.5000  -45.0000 7386.1182   11.3596
    7.5000  -22.5000  -45.0000 7075.8320   11.3755
   -7.5000  -15.0000  -45.0000 7877.6978   11.1186
    0.0000  -15.0000  -45.0000 8216.5596   11.1191
    7.5000  -15.0000  -45.0000 7844.8062   11.1315
   -7.5000   -7.5000  -45.0000 8796.4834   11.0889
    0.0000   -7.5000  -45.0000 9206.7080   11.0845
    7.5000   -7.5000  -45.0000 8765.1641   11.0965
   -7.5000    0.0000  -45.0000 9730.6699   11.0911
    0.0000    0.0000  -45.000010172.4512   11.0832
    7.5000    0.0000  -45.0000 9700.4434   11.0980
   -7.5000    7.5000  -45.0000 9858.4824   11.0915
    0.0000    7.5000  -45.000010303.1357   11.0857
    7.5000    7.5000  -45.0000 9814.3672   11.1044
   -7.5000   15.0000  -45.0000 9849.6445   11.0905
    0.0000   15.0000  -45.000010307.2363   11.0898
    7.5000   15.0000  -45.0000 9821.2920   11.1088
   -7.5000   22.5000  -45.0000 9772.7793   11.0880
    0.0000   22.5000  -45.000010233.5312   11.0902
    7.5000   22.5000  -45.0000 9745.7314   11.1057
   -7.5000   30.0000  -45.0000 9716.4277   10.9406
    0.0000   30.0000  -45.000010172.4863   10.9413
    7.5000   30.0000  -45.0000 9688.4717   10.9535
   -7.5000   37.5000  -45.0000 9939.4287   10.9412
    0.0000   37.5000  -45.000010428.1328   10.9368
    7.5000   37.5000  -45.0000 9916.5781   10.9486
   -7.5000   45.0000  -45.0000 9649.5156   10.6654
    0.0000   45.0000  -45.000010127.3545   10.6579
    7.5000   45.0000  -45.0000 9598.2764   10.6721
   -7.5000  -45.0000  -37.5000 5466.6899   12.4536
    0.0000  -45.0000  -37.5000 5660.2300   12.4461
    7.5000  -45.0000  -37.5000 5454.2178   12.4663
   -7.5000  -37.5000  -37.5000 5979.4888   11.9176
    0.0000  -37.5000  -37.5000 6205.0010   11.9105
    7.5000  -37.5000  -37.5000 5971.6650   11.9337
   -7.5000  -30.0000  -37.5000 6740.9922   11.5334
    0.0000  -30.0000  -37.5000 7010.7388   11.5322
    7.5000  -30.0000  -37.5000 6720.0166   11.5529
   -7.5000  -22.5000  -37.5000 7556.5249   11.2464
    0.0000  -22.5000  -37.5000 7888.7988   11.2492
    7.5000  -22.5000  -37.5000 7538.8389   11.2640
   -7.5000  -15.0000  -37.5000 8402.8838   11.0160
    0.0000  -15.0000  -37.5000 8795.3721   11.0173
    7.5000  -15.0000  -37.5000 8384.7305   11.0291
   -7.5000   -7.5000  -37.5000 9407.6240   10.9838
    0.0000   -7.5000  -37.5000 9854.2031   10.9803
    7.5000   -7.5000  -37.5000 9389.4922   10.9936
   -7.5000    0.0000  -37.500010410.2354   10.9788
    0.0000    0.0000  -37.500010886.8506   10.9714
    7.5000    0.0000  -37.500010369.4326   10.9889
   -7.5000    7.5000  -37.500010573.3516   10.9755
    0.0000    7.5000  -37.500011054.1973   10.9697
    7.5000    7.5000  -37.500010491.8545   10.9903
   -7.5000   15.0000  -37.500010558.1396   10.9775
    0.0000   15.0000  -37.500011038.9668   10.9768
    7.5000   15.0000  -37.500010484.4375   10.9958
   -7.5000   22.5000  -37.500010456.1904   10.9819
    0.0000   22.5000  -37.500010917.8398   10.9846
    7.5000   22.5000  -37.500010397.0967   10.9990
   -7.5000   30.0000  -37.500010368.5430   10.8400
    0.0000   30.0000  -37.500010830.5322   10.8415
    7.5000   30.0000  -37.500010311.4873   10.8531
   -7.5000   37.5000  -37.500010580.9961   10.8375
    0.0000   37.5000  -37.500011091.0586   10.8340
    7.5000   37.5000  -37.500010542.9209   10.8471
   -7.5000   45.0000  -37.500010229.0947   10.5575
    0.0000   45.0000  -37.500010747.5830   10.5503
    7.5000   45.0000  -37.500010178.9639   10.5672
   -7.5000  -45.0000  -30.0000 5910.4165   12.9555
    0.0000  -45.0000  -30.0000 6133.5283   12.9484
    7.5000  -45.0000  -30.0000 5898.9434   12.9754
   -7.5000  -37.5000  -30.0000 6450.8354   12.3959
    0.0000  -37.5000  -30.0000 6723.6699   12.3872
    7.5000  -37.5000  -30.0000 6451.1230   12.4150
   -7.5000  -30.0000  -30.0000 7271.3950   11.9944
    0.0000  -30.0000  -30.0000 7597.5527   11.9925
    7.5000  -30.0000  -30.0000 7264.8857   12.0163
   -7.5000  -22.5000  -30.0000 8185.5444   11.6999
    0.0000  -22.5000  -30.0000 8557.4971   11.7045
    7.5000  -22.5000  -30.0000 8153.1797   11.7230
   -7.5000  -15.0000  -30.0000 9133.6865   11.4639
    0.0000  -15.0000  -30.0000 9548.0303   11.4678
    7.5000  -15.0000  -30.0000 9086.0732   11.4840
   -7.5000   -7.5000  -30.000010236.2588   11.4306
    0.0000   -7.5000  -30.000010687.5635   11.4290
    7.5000   -7.5000  -30.000010189.1914   11.4478
   -7.5000    0.0000  -30.000011327.2295   11.4229
    0.0000    0.0000  -30.000011831.7354   11.4153
    7.5000    0.0000  -30.000011273.1562   11.4380
   -7.5000    7.5000  -30.000011535.5381   11.4165
    0.0000    7.5000  -30.000012038.7939   11.4094
    7.5000    7.5000  -30.000011454.3389   11.4336
   -7.5000   15.0000  -30.000011515.2881   11.4178
    0.0000   15.0000  -30.000012039.1807   11.4168
    7.5000   15.0000  -30.000011442.2031   11.4385
   -7.5000   22.5000  -30.000011415.4023   11.4239
    0.0000   22.5000  -30.000011902.7188   11.4281
    7.5000   22.5000  -30.000011336.6436   11.4459
   -7.5000   30.0000  -30.000011254.3750   11.2819
    0.0000   30.0000  -30.000011753.7656   11.2859
    7.5000   30.0000  -30.000011178.0391   11.3019
   -7.5000   37.5000  -30.000011468.4541   11.2794
    0.0000   37.5000  -30.000012016.6963   11.2778
    7.5000   37.5000  -30.000011401.2324   11.2963
   -7.5000   45.0000  -30.000011044.2480   10.9925
    0.0000   45.0000  -30.000011577.2119   10.9852
    7.5000   45.0000  -30.000010958.0752   11.0071
   -7.5000  -45.0000  -22.5000 6328.2886   13.4041
    0.0000  -45.0000  -22.5000 6579.1211   13.3950
    7.5000  -45.0000  -22.5000 6306.7065   13.4239
   -7.5000  -37.5000  -22.5000 6900.0605   12.8268
    0.0000  -37.5000  -22.5000 7197.0586   12.8153
    7.5000  -37.5000  -22.5000 6884.6162   12.8443
   -7.5000  -30.0000  -22.5000 7805.2544   12.4052
    0.0000  -30.0000  -22.5000 8171.9829   12.4023
    7.5000  -30.0000  -22.5000 7776.9038   12.4290
   -7.5000  -22.5000  -22.5000 8812.6562   12.0963
    0.0000  -22.5000  -22.5000 9232.4805   12.1022
    7.5000  -22.5000  -22.5000 8768.7334   12.1257
   -7.5000  -15.0000  -22.5000 9860.6533   11.8526
    0.0000  -15.0000  -22.500010326.9219   11.8584
    7.5000  -15.0000  -22.5000 9802.6338   11.8798
   -7.5000   -7.5000  -22.500011068.0137   11.8225
    0.0000   -7.5000  -22.500011552.2217   11.8213
    7.5000   -7.5000  -22.500010979.3115   11.8434
   -7.5000    0.0000  -22.500012251.2158   11.8192
    0.0000    0.0000  -22.500012784.6084   11.8099
    7.5000    0.0000  -22.500012146.8633   11.8337
   -7.5000    7.5000  -22.500012497.7275   11.8127
    0.0000    7.5000  -22.500013028.7295   11.8032
    7.5000    7.5000  -22.500012386.2051   11.8282
   -7.5000   15.0000  -22.500012466.4238   11.8093
    0.0000   15.0000  -22.500013015.9248   11.8074
    7.5000   15.0000  -22.500012363.1025   11.8317
   -7.5000   22.5000  -22.500012367.7705   11.8105
    0.0000   22.5000  -22.500012890.9980   11.8159
    7.5000   22.5000  -22.500012246.5820   11.8382
   -7.5000   30.0000  -22.500012160.1641   11.6662
    0.0000   30.0000  -22.500012724.5254   11.6721
    7.5000   30.0000  -22.500012050.7764   11.6931
   -7.5000   37.5000  -22.500012369.1465   11.6679
    0.0000   37.5000  -22.500012980.3262   11.6666
    7.5000   37.5000  -22.500012269.2549   11.6885
   -7.5000   45.0000  -22.500011859.6396   11.3824
    0.0000   45.0000  -22.500012411.2100   11.3735
    7.5000   45.0000  -22.500011741.2197   11.3964
   -7.5000  -45.0000  -15.0000 6765.4282   13.7366
    0.0000  -45.0000  -15.0000 7028.4233   13.7248
    7.5000  -45.0000  -15.0000 6717.8364   13.7491
   -7.5000  -37.5000  -15.0000 7394.6270   13.1489
    0.0000  -37.5000  -15.0000 7716.0381   13.1361
    7.5000  -37.5000  -15.0000 7352.2539   13.1623
   -7.5000  -30.0000  -15.0000 8378.8809   12.7128
    0.0000  -30.0000  -15.0000 8781.3779   12.7096
    7.5000  -30.0000  -15.0000 8332.3896   12.7365
   -7.5000  -22.5000  -15.0000 9473.2910   12.3882
    0.0000  -22.5000  -15.0000 9933.5537   12.3940
    7.5000  -22.5000  -15.0000 9420.3525   12.4190
   -7.5000  -15.0000  -15.000010604.2002   12.1358
    0.0000  -15.0000  -15.000011118.5889   12.1411
    7.5000  -15.0000  -15.000010537.4580   12.1631
   -7.5000   -7.5000  -15.000011900.1484   12.1091
    0.0000   -7.5000  -15.000012436.6484   12.1065
    7.5000   -7.5000  -15.000011802.0928   12.1267
   -7.5000    0.0000  -15.000013168.5283   12.1130
    0.0000    0.0000  -15.000013766.2148   12.1020
    7.5000    0.0000  -15.000013053.5596   12.1219
   -7.5000    7.5000  -15.000013438.2598   12.1091
    0.0000    7.5000  -15.000014041.0400   12.0986
    7.5000    7.5000  -15.000013326.9287   12.1209
   -7.5000   15.0000  -15.000013420.0449   12.1016
    0.0000   15.0000  -15.000014026.0811   12.0993
    7.5000   15.0000  -15.000013291.0596   12.1236
   -7.5000   22.5000  -15.000013305.8477   12.0953
    0.0000   22.5000  -15.000013923.1006   12.1006
    7.5000   22.5000  -15.000013161.9590   12.1242
   -7.5000   30.0000  -15.000013067.5508   11.9466
    0.0000   30.0000  -15.000013737.2275   11.9519
    7.5000   30.0000  -15.000012950.3896   11.9736
   -7.5000   37.5000  -15.000013275.6748   11.9524
    0.0000   37.5000  -15.000013949.7217   11.9498
    7.5000   37.5000  -15.000013147.3604   11.9697
   -7.5000   45.0000  -15.000012675.1719   11.6725
    0.0000   45.0000  -15.000013291.5586   11.6619
    7.5000   45.0000  -15.000012533.7197   11.6810
   -7.5000  -45.0000   -7.5000 7221.0815   13.9036
    0.0000  -45.0000   -7.5000 7532.8594   13.8917
    7.5000  -45.0000   -7.5000 7173.7334   13.9105
   -7.5000  -37.5000   -7.5000 7922.7686   13.3111
    0.0000  -37.5000   -7.5000 8289.6924   13.3002
    7.5000  -37.5000   -7.5000 7868.7373   13.3232
   -7.5000  -30.0000   -7.5000 8994.2910   12.8732
    0.0000  -30.0000   -7.5000 9433.0449   12.8705
    7.5000  -30.0000   -7.5000 8940.6875   12.8949
   -7.5000  -22.5000   -7.500010152.7949   12.5421
    0.0000  -22.5000   -7.500010653.7910   12.5456
    7.5000  -22.5000   -7.500010094.8916   12.5669
   -7.5000  -15.0000   -7.500011357.3975   12.2831
    0.0000  -15.0000   -7.500011883.3740   12.2854
    7.5000  -15.0000   -7.500011275.9756   12.3029
   -7.5000   -7.5000   -7.500012713.0264   12.2547
    0.0000   -7.5000   -7.500013298.3506   12.2501
    7.5000   -7.5000   -7.500012616.5645   12.2655
   -7.5000    0.0000   -7.500014079.0508   12.2602
    0.0000    0.0000   -7.500014730.5547   12.2496
    7.5000    0.0000   -7.500013967.9131   12.2655
   -7.5000    7.5000   -7.500014410.9678   12.2591
    0.0000    7.5000   -7.500015089.6543   12.2501
    7.5000    7.5000   -7.500014312.5234   12.2699
   -7.5000   15.0000   -7.500014458.0420   12.2533
    0.0000   15.0000   -7.500015154.2988   12.2513
    7.5000   15.0000   -7.500014295.9531   12.2733
   -7.5000   22.5000   -7.500014348.6221   12.2441
    0.0000   22.5000   -7.500015072.2617   12.2474
    7.5000   22.5000   -7.500014180.7744   12.2677
   -7.5000   30.0000   -7.500014043.4297   12.0912
    0.0000   30.0000   -7.500014797.9033   12.0936
    7.5000   30.0000   -7.500013914.3184   12.1109
   -7.5000   37.5000   -7.500014238.4893   12.0958
    0.0000   37.5000   -7.500014937.9844   12.0912
    7.5000   37.5000   -7.500014094.4141   12.1065
   -7.5000   45.0000   -7.500013545.9570   11.8165
    0.0000   45.0000   -7.500014233.1631   11.8063
    7.5000   45.0000   -7.500013436.5254   11.8216
   -7.5000  -45.0000    0.0000 7624.5669   13.9286
    0.0000  -45.0000    0.0000 7986.7739   13.9185
    7.5000  -45.0000    0.0000 7592.8804   13.9361
   -7.5000  -37.5000    0.0000 8375.7461   13.3340
    0.0000  -37.5000    0.0000 8793.3613   13.3255
    7.5000  -37.5000    0.0000 8330.5732   13.3483
   -7.5000  -30.0000    0.0000 9527.8584   12.9023
    0.0000  -30.0000    0.000010010.4092   12.9003
    7.5000  -30.0000    0.0000 9497.8350   12.9228
   -7.5000  -22.5000    0.000010759.9482   12.5744
    0.0000  -22.5000    0.000011299.9316   12.5764
    7.5000  -22.5000    0.000010719.0791   12.5936
   -7.5000  -15.0000    0.000012008.3936   12.3140
    0.0000  -15.0000    0.000012577.8955   12.3141
    7.5000  -15.0000    0.000011930.6201   12.3272
   -7.5000   -7.5000    0.000013404.7041   12.2809
    0.0000   -7.5000    0.000014048.7871   12.2754
    7.5000   -7.5000    0.000013326.3574   12.2881
   -7.5000    0.0000    0.000014844.7031   12.2816
    0.0000    0.0000    0.000015556.7266   12.2723
    7.5000    0.0000    0.000014757.9102   12.2880
   -7.5000    7.5000    0.000015246.4092   12.2810
    0.0000    7.5000    0.000015991.4238   12.2740
    7.5000    7.5000    0.000015137.4268   12.2941
   -7.5000   15.0000    0.000015505.4502   12.2804
    0.0000   15.0000    0.000016281.7383   12.2790
    7.5000   15.0000    0.000015314.4102   12.2995
   -7.5000   22.5000    0.000015412.2998   12.2753
    0.0000   22.5000    0.000016305.6787   12.2773
    7.5000   22.5000    0.000015260.1865   12.2940
   -7.5000   30.0000    0.000014948.3525   12.1220
    0.0000   30.0000    0.000015766.3223   12.1222
    7.5000   30.0000    0.000014851.4893   12.1353
   -7.5000   37.5000    0.000015065.0430   12.1219
    0.0000   37.5000    0.000015786.6357   12.1165
    7.5000   37.5000    0.000014978.0791   12.1290
   -7.5000   45.0000    0.000014395.4951   11.8381
    0.0000   45.0000    0.000015094.9932   11.8291
    7.5000   45.0000    0.000014307.2490   11.8442
   -7.5000  -45.0000    7.5000 7420.5527   13.9196
    0.0000  -45.0000    7.5000 7784.6079   13.9112
    7.5000  -45.0000    7.5000 7384.9653   13.9337
   -7.5000  -37.5000    7.5000 8182.7114   13.3213
    0.0000  -37.5000    7.5000 8617.2051   13.3134
    7.5000  -37.5000    7.5000 8152.6851   13.3393
   -7.5000  -30.0000    7.5000 9341.8740   12.8926
    0.0000  -30.0000    7.5000 9842.5479   12.8912
    7.5000  -30.0000    7.5000 9318.6924   12.9144
   -7.5000  -22.5000    7.500010554.1826   12.5721
    0.0000  -22.5000    7.500011088.7070   12.5753
    7.5000  -22.5000    7.500010506.2236   12.5918
   -7.5000  -15.0000    7.500011744.5840   12.3147
    0.0000  -15.0000    7.500012321.8008   12.3162
    7.5000  -15.0000    7.500011671.3115   12.3293
   -7.5000   -7.5000    7.500013086.3779   12.2786
    0.0000   -7.5000    7.500013737.6250   12.2747
    7.5000   -7.5000    7.500013010.3828   12.2894
   -7.5000    0.0000    7.500014425.7324   12.2729
    0.0000    0.0000    7.500015134.4053   12.2646
    7.5000    0.0000    7.500014344.8760   12.2841
   -7.5000    7.5000    7.500014849.5410   12.2694
    0.0000    7.5000    7.500015563.9189   12.2629
    7.5000    7.5000    7.500014741.9492   12.2858
   -7.5000   15.0000    7.500015310.2969   12.2718
    0.0000   15.0000    7.500016251.3398   12.2710
    7.5000   15.0000    7.500015167.3525   12.2922
   -7.5000   22.5000    7.500015426.5029   12.2728
    0.0000   22.5000    7.500016596.1406   12.2758
    7.5000   22.5000    7.500015331.6328   12.2919
   -7.5000   30.0000    7.500014889.7568   12.1227
    0.0000   30.0000    7.500015821.0977   12.1244
    7.5000   30.0000    7.500014858.1318   12.1374
   -7.5000   37.5000    7.500014922.8145   12.1197
    0.0000   37.5000    7.500015698.7168   12.1158
    7.5000   37.5000    7.500014891.4258   12.1304
   -7.5000   45.0000    7.500014267.8398   11.8297
    0.0000   45.0000    7.500015023.4980   11.8217
    7.5000   45.0000    7.500014194.8867   11.8405
   -7.5000  -45.0000   15.0000 7101.8169   13.9120
    0.0000  -45.0000   15.0000 7429.5171   13.9044
    7.5000  -45.0000   15.0000 7052.3608   13.9335
   -7.5000  -37.5000   15.0000 7881.0889   13.3111
    0.0000  -37.5000   15.0000 8304.2070   13.3018
    7.5000  -37.5000   15.0000 7830.9663   13.3316
   -7.5000  -30.0000   15.0000 9023.8828   12.8800
    0.0000  -30.0000   15.0000 9544.6426   12.8779
    7.5000  -30.0000   15.0000 8984.2773   12.9035
   -7.5000  -22.5000   15.000010195.8896   12.5638
    0.0000  -22.5000   15.000010770.4014   12.5687
    7.5000  -22.5000   15.000010159.8125   12.5885
   -7.5000  -15.0000   15.000011336.3887   12.3103
    0.0000  -15.0000   15.000011939.0059   12.3145
    7.5000  -15.0000   15.000011316.3926   12.3319
   -7.5000   -7.5000   15.000012629.7598   12.2746
    0.0000   -7.5000   15.000013292.3799   12.2729
    7.5000   -7.5000   15.000012622.3994   12.2930
   -7.5000    0.0000   15.000013886.6006   12.2662
    0.0000    0.0000   15.000014608.4746   12.2581
    7.5000    0.0000   15.000013914.5547   12.2825
   -7.5000    7.5000   15.000014255.3379   12.2594
    0.0000    7.5000   15.000015039.3047   12.2518
    7.5000    7.5000   15.000014293.6387   12.2778
   -7.5000   15.0000   15.000014714.5801   12.2608
    0.0000   15.0000   15.000015818.0684   12.2597
    7.5000   15.0000   15.000014724.2686   12.2830
   -7.5000   22.5000   15.000015017.4531   12.2647
    0.0000   22.5000   15.000016246.3438   12.2692
    7.5000   22.5000   15.000014872.4141   12.2882
   -7.5000   30.0000   15.000014702.4336   12.1184
    0.0000   30.0000   15.000015718.7891   12.1227
    7.5000   30.0000   15.000014445.3174   12.1399
   -7.5000   37.5000   15.000014755.9062   12.1158
    0.0000   37.5000   15.000015715.8184   12.1140
    7.5000   37.5000   15.000014489.1445   12.1340
   -7.5000   45.0000   15.000014009.6748   11.8232
    0.0000   45.0000   15.000014907.8193   11.8154
    7.5000   45.0000   15.000013737.7871   11.8389
   -7.5000  -45.0000   22.5000 6755.6528   13.9145
    0.0000  -45.0000   22.5000 7081.5229   13.9051
    7.5000  -45.0000   22.5000 6705.7446   13.9351
   -7.5000  -37.5000   22.5000 7505.5547   13.3153
    0.0000  -37.5000   22.5000 7911.8667   13.3033
    7.5000  -37.5000   22.5000 7472.1343   13.3334
   -7.5000  -30.0000   22.5000 8622.6318   12.8776
    0.0000  -30.0000   22.5000 9105.3018   12.8745
    7.5000  -30.0000   22.5000 8605.1055   12.9023
   -7.5000  -22.5000   22.5000 9762.9189   12.5569
    0.0000  -22.5000   22.500010283.5156   12.5630
    7.5000  -22.5000   22.5000 9755.4541   12.5875
   -7.5000  -15.0000   22.500010870.0254   12.3040
    0.0000  -15.0000   22.500011427.8252   12.3100
    7.5000  -15.0000   22.500010856.6670   12.3321
   -7.5000   -7.5000   22.500012104.2344   12.2727
    0.0000   -7.5000   22.500012747.9883   12.2714
    7.5000   -7.5000   22.500012086.5469   12.2944
   -7.5000    0.0000   22.500013328.5332   12.2692
    0.0000    0.0000   22.500014067.2725   12.2596
    7.5000    0.0000   22.500013299.4814   12.2843
   -7.5000    7.5000   22.500013652.5674   12.2625
    0.0000    7.5000   22.500014481.1367   12.2527
    7.5000    7.5000   22.500013618.9150   12.2786
   -7.5000   15.0000   22.500013902.6436   12.2590
    0.0000   15.0000   22.500014901.0498   12.2570
    7.5000   15.0000   22.500013838.8281   12.2823
   -7.5000   22.5000   22.500014027.1006   12.2584
    0.0000   22.5000   22.500015001.1631   12.2640
    7.5000   22.5000   22.500013834.3574   12.2871
   -7.5000   30.0000   22.500013809.6934   12.1122
    0.0000   30.0000   22.500014699.9629   12.1182
    7.5000   30.0000   22.500013530.0176   12.1401
   -7.5000   37.5000   22.500014014.7041   12.1139
    0.0000   37.5000   22.500014993.2471   12.1126
    7.5000   37.5000   22.500013756.2021   12.1353
   -7.5000   45.0000   22.500013345.7803   11.8261
    0.0000   45.0000   22.500014290.3125   11.8169
    7.5000   45.0000   22.500013130.7754   11.8407
   -7.5000  -45.0000   30.0000 6290.6558   13.9267
    0.0000  -45.0000   30.0000 6602.6885   13.9148
    7.5000  -45.0000   30.0000 6260.5400   13.9394
   -7.5000  -37.5000   30.0000 7007.5933   13.3309
    0.0000  -37.5000   30.0000 7382.2017   13.3179
    7.5000  -37.5000   30.0000 6982.8330   13.3444
   -7.5000  -30.0000   30.0000 8069.8955   12.8886
    0.0000  -30.0000   30.0000 8528.8398   12.8854
    7.5000  -30.0000   30.0000 8056.1650   12.9127
   -7.5000  -22.5000   30.0000 9170.8359   12.5595
    0.0000  -22.5000   30.0000 9693.7246   12.5654
    7.5000  -22.5000   30.0000 9150.6279   12.5908
   -7.5000  -15.0000   30.000010210.9121   12.3036
    0.0000  -15.0000   30.000010783.3301   12.3090
    7.5000  -15.0000   30.000010169.4131   12.3312
   -7.5000   -7.5000   30.000011374.5742   12.2765
    0.0000   -7.5000   30.000012008.8711   12.2739
    7.5000   -7.5000   30.000011318.0391   12.2943
   -7.5000    0.0000   30.000012526.1318   12.2805
    0.0000    0.0000   30.000013183.2158   12.2693
    7.5000    0.0000   30.000012448.6631   12.2895
   -7.5000    7.5000   30.000012763.4033   12.2766
    0.0000    7.5000   30.000013456.9131   12.2659
    7.5000    7.5000   30.000012698.3223   12.2885
   -7.5000   15.0000   30.000012882.9375   12.2689
    0.0000   15.0000   30.000013624.1289   12.2666
    7.5000   15.0000   30.000012825.4727   12.2912
   -7.5000   22.5000   30.000012868.9004   12.2612
    0.0000   22.5000   30.000013524.6104   12.2665
    7.5000   22.5000   30.000012766.0332   12.2905
   -7.5000   30.0000   30.000012654.9541   12.1117
    0.0000   30.0000   30.000013266.7520   12.1171
    7.5000   30.0000   30.000012540.0498   12.1391
   -7.5000   37.5000   30.000012896.3984   12.1176
    0.0000   37.5000   30.000013577.7520   12.1150
    7.5000   37.5000   30.000012827.6982   12.1352
   -7.5000   45.0000   30.000012380.4053   11.8370
    0.0000   45.0000   30.000013053.9326   11.8262
    7.5000   45.0000   30.000012322.3604   11.8457
   -7.5000  -45.0000   37.5000 6049.6162   14.0674
    0.0000  -45.0000   37.5000 6369.9399   14.0547
    7.5000  -45.0000   37.5000 6022.0249   14.0738
   -7.5000  -37.5000   37.5000 6733.3247   13.4627
    0.0000  -37.5000   37.5000 7134.5664   13.4509
    7.5000  -37.5000   37.5000 6711.2925   13.4742
   -7.5000  -30.0000   37.5000 7756.0410   13.0164
    0.0000  -30.0000   37.5000 8233.6641   13.0131
    7.5000  -30.0000   37.5000 7752.8423   13.0378
   -7.5000  -22.5000   37.5000 8825.9639   12.6790
    0.0000  -22.5000   37.5000 9334.7744   12.6822
    7.5000  -22.5000   37.5000 8813.2451   12.7037
   -7.5000  -15.0000   37.5000 9836.2451   12.4148
    0.0000  -15.0000   37.500010353.1436   12.4168
    7.5000  -15.0000   37.5000 9806.0684   12.4345
   -7.5000   -7.5000   37.500010961.6143   12.3852
    0.0000   -7.5000   37.500011503.5889   12.3802
    7.5000   -7.5000   37.500010946.4736   12.3958
   -7.5000    0.0000   37.500012041.8730   12.3904
    0.0000    0.0000   37.500012605.7900   12.3791
    7.5000    0.0000   37.500012040.0850   12.3952
   -7.5000    7.5000   37.500012236.1279   12.3896
    0.0000    7.5000   37.500012834.9785   12.3798
    7.5000    7.5000   37.500012266.1113   12.3999
   -7.5000   15.0000   37.500012308.6826   12.3842
    0.0000   15.0000   37.500012904.6152   12.3817
    7.5000   15.0000   37.500012326.2656   12.4039
   -7.5000   22.5000   37.500012253.8955   12.3752
    0.0000   22.5000   37.500012778.2070   12.3783
    7.5000   22.5000   37.500012224.1396   12.3988
   -7.5000   30.0000   37.500012063.2139   12.2209
    0.0000   30.0000   37.500012568.6455   12.2230
    7.5000   30.0000   37.500012017.7549   12.2405
   -7.5000   37.5000   37.500012320.7461   12.2249
    0.0000   37.5000   37.500012869.0381   12.2200
    7.5000   37.5000   37.500012277.1230   12.2354
   -7.5000   45.0000   37.500011895.6953   11.9429
    0.0000   45.0000   37.500012417.1602   11.9320
    7.5000   45.0000   37.500011848.6465   11.9476
   -7.5000  -45.0000   45.0000 5572.3223   14.2846
    0.0000  -45.0000   45.0000 5885.1660   14.2742
    7.5000  -45.0000   45.0000 5563.8359   14.2937
   -7.5000  -37.5000   45.0000 6199.7490   13.6567
    0.0000  -37.5000   45.0000 6559.3633   13.6481
    7.5000  -37.5000   45.0000 6204.5967   13.6727
   -7.5000  -30.0000   45.0000 7140.5024   13.2022
    0.0000  -30.0000   45.0000 7540.0630   13.2006
    7.5000  -30.0000   45.0000 7157.8140   13.2246
   -7.5000  -22.5000   45.0000 8124.7900   12.8571
    0.0000  -22.5000   45.0000 8547.5439   12.8598
    7.5000  -22.5000   45.0000 8142.9863   12.8781
   -7.5000  -15.0000   45.0000 9040.9014   12.5826
    0.0000  -15.0000   45.0000 9481.7041   12.5832
    7.5000  -15.0000   45.0000 9081.2861   12.5974
   -7.5000   -7.5000   45.000010077.8770   12.5470
    0.0000   -7.5000   45.000010535.6377   12.5416
    7.5000   -7.5000   45.000010130.7100   12.5555
   -7.5000    0.0000   45.000011055.4785   12.5476
    0.0000    0.0000   45.000011536.3496   12.5381
    7.5000    0.0000   45.000011097.5957   12.5552
   -7.5000    7.5000   45.000011233.0332   12.5476
    0.0000    7.5000   45.000011755.4180   12.5405
    7.5000    7.5000   45.000011283.5957   12.5621
   -7.5000   15.0000   45.000011290.5703   12.5477
    0.0000   15.0000   45.000011817.4365   12.5467
    7.5000   15.0000   45.000011309.7305   12.5685
   -7.5000   22.5000   45.000011204.1006   12.5427
    0.0000   22.5000   45.000011684.3135   12.5453
    7.5000   22.5000   45.000011199.9648   12.5631
   -7.5000   30.0000   45.000011001.3594   12.3844
    0.0000   30.0000   45.000011455.3281   12.3851
    7.5000   30.0000   45.000010973.5938   12.3992
   -7.5000   37.5000   45.000011227.0400   12.3836
    0.0000   37.5000   45.000011695.9834   12.3782
    7.5000   37.5000   45.000011186.9404   12.3920
   -7.5000   45.0000   45.000010887.9102   12.0999
    0.0000   45.0000   45.000011345.1816   12.0908
    7.5000   45.0000   45.000010839.5322   12.1072

---------------------------------------------------------------------
imgreg_4dfp /opt/freesurfer/average/711-2C_as_mni_average_305 /opt/freesurfer/average/711-2B_as_mni_average_305_mask talsrcimg_g11 none talsrcimg_to_711-2C_as_mni_average_305_t4 4355
---------------------------------------------------------------------

freesurfer imgreg_4dfp.c
/opt/freesurfer/average/711-2C_as_mni_average_305.4dfp.img
       256       256       256         1
  1.000000  1.000000  1.000000
orientation T byte_order littleendian
Reading image: /opt/freesurfer/average/711-2C_as_mni_average_305.4dfp.img
dimensions:      256       256       256
mmppix:       1.0000   -1.0000   -1.0000
center:     128.0000 -129.0000 -129.0000
/opt/freesurfer/average/711-2B_as_mni_average_305_mask.4dfp.img
       256       256       256         1
  1.000000  1.000000  1.000000
orientation T byte_order littleendian
Reading mask: /opt/freesurfer/average/711-2B_as_mni_average_305_mask.4dfp.img (2306576 pixels)
talsrcimg_g11.4dfp.img
       256       256       256         1
  1.000000  1.000000  1.000000
orientation T byte_order littleendian
Reading image: talsrcimg_g11.4dfp.img
dimensions:      256       256       256
mmppix:       1.0000   -1.0000   -1.0000
center:     128.0000 -129.0000 -129.0000
rotation matrix determinant  1.000000
image alignment mode   4355 decimal     1103 hex
   -7.5000  -22.5000  -37.5000 2008.7196   16.0496
    0.0000  -22.5000  -37.5000 2014.7969   16.0856
    7.5000  -22.5000  -37.5000 2003.2245   16.0488
   -7.5000  -15.0000  -37.5000 2113.8164   14.3926
    0.0000  -15.0000  -37.5000 2125.3699   14.4469
    7.5000  -15.0000  -37.5000 2111.1055   14.3853
   -7.5000   -7.5000  -37.5000 2213.6816   13.0787
    0.0000   -7.5000  -37.5000 2226.6069   13.1447
    7.5000   -7.5000  -37.5000 2215.0315   13.0722
   -7.5000    0.0000  -37.5000 2294.0681   12.1093
    0.0000    0.0000  -37.5000 2306.5237   12.1591
    7.5000    0.0000  -37.5000 2289.0872   12.1345
   -7.5000    7.5000  -37.5000 2349.3899   11.4665
    0.0000    7.5000  -37.5000 2358.9502   11.4817
    7.5000    7.5000  -37.5000 2329.0034   11.5063
   -7.5000   15.0000  -37.5000 2374.7673   10.9843
    0.0000   15.0000  -37.5000 2386.7124   10.9754
    7.5000   15.0000  -37.5000 2357.0029   11.0387
   -7.5000   22.5000  -37.5000 2387.9407   10.6775
    0.0000   22.5000  -37.5000 2404.3281   10.6797
    7.5000   22.5000  -37.5000 2374.9175   10.7407
   -7.5000   30.0000  -37.5000 2393.5876   10.6469
    0.0000   30.0000  -37.5000 2407.5703   10.6154
    7.5000   30.0000  -37.5000 2384.7798   10.6906
   -7.5000   37.5000  -37.5000 2374.8503   10.7536
    0.0000   37.5000  -37.5000 2395.4690   10.7424
    7.5000   37.5000  -37.5000 2372.2659   10.8059
   -7.5000   45.0000  -37.5000 2353.2847   11.0906
    0.0000   45.0000  -37.5000 2370.2761   11.0632
    7.5000   45.0000  -37.5000 2353.7747   11.1331
   -7.5000   52.5000  -37.5000 2291.7615   11.4988
    0.0000   52.5000  -37.5000 2311.1362   11.4655
    7.5000   52.5000  -37.5000 2291.9189   11.5389
   -7.5000   60.0000  -37.5000 2174.9358   11.9120
    0.0000   60.0000  -37.5000 2195.1211   11.9069
    7.5000   60.0000  -37.5000 2175.2781   11.9396
   -7.5000   67.5000  -37.5000 2038.2164   12.2931
    0.0000   67.5000  -37.5000 2050.8660   12.2776
    7.5000   67.5000  -37.5000 2032.9877   12.3375
   -7.5000  -22.5000  -30.0000 2115.1362   15.4531
    0.0000  -22.5000  -30.0000 2127.2454   15.5239
    7.5000  -22.5000  -30.0000 2112.6458   15.4447
   -7.5000  -15.0000  -30.0000 2238.6726   13.9080
    0.0000  -15.0000  -30.0000 2253.3096   13.9389
    7.5000  -15.0000  -30.0000 2233.0139   13.8899
   -7.5000   -7.5000  -30.0000 2349.3118   12.6442
    0.0000   -7.5000  -30.0000 2359.0408   12.6701
    7.5000   -7.5000  -30.0000 2342.8286   12.6319
   -7.5000    0.0000  -30.0000 2433.5046   11.6675
    0.0000    0.0000  -30.0000 2448.6782   11.6662
    7.5000    0.0000  -30.0000 2424.4993   11.6676
   -7.5000    7.5000  -30.0000 2489.9419   10.9883
    0.0000    7.5000  -30.0000 2502.6064   10.9612
    7.5000    7.5000  -30.0000 2475.8274   10.9990
   -7.5000   15.0000  -30.0000 2524.9155   10.5253
    0.0000   15.0000  -30.0000 2537.6240   10.4728
    7.5000   15.0000  -30.0000 2514.0427   10.5444
   -7.5000   22.5000  -30.0000 2542.1824   10.2404
    0.0000   22.5000  -30.0000 2554.9319   10.1708
    7.5000   22.5000  -30.0000 2532.8730   10.2658
   -7.5000   30.0000  -30.0000 2542.3398   10.1505
    0.0000   30.0000  -30.0000 2552.4390   10.0911
    7.5000   30.0000  -30.0000 2533.4050   10.1864
   -7.5000   37.5000  -30.0000 2529.7375   10.2550
    0.0000   37.5000  -30.0000 2546.5349   10.1899
    7.5000   37.5000  -30.0000 2524.1775   10.2908
   -7.5000   45.0000  -30.0000 2506.7468   10.5533
    0.0000   45.0000  -30.0000 2516.9583   10.4582
    7.5000   45.0000  -30.0000 2503.9646   10.5791
   -7.5000   52.5000  -30.0000 2444.3105   10.9145
    0.0000   52.5000  -30.0000 2463.1313   10.8294
    7.5000   52.5000  -30.0000 2441.4475   10.9280
   -7.5000   60.0000  -30.0000 2327.4583   11.3029
    0.0000   60.0000  -30.0000 2346.9551   11.2522
    7.5000   60.0000  -30.0000 2323.9907   11.3228
   -7.5000   67.5000  -30.0000 2179.2288   11.6955
    0.0000   67.5000  -30.0000 2198.6108   11.6882
    7.5000   67.5000  -30.0000 2174.6025   11.7383
   -7.5000  -22.5000  -22.5000 2201.7012   14.8806
    0.0000  -22.5000  -22.5000 2213.2532   14.9065
    7.5000  -22.5000  -22.5000 2193.6484   14.8858
   -7.5000  -15.0000  -22.5000 2333.8682   13.3718
    0.0000  -15.0000  -22.5000 2347.7825   13.3813
    7.5000  -15.0000  -22.5000 2322.9011   13.3865
   -7.5000   -7.5000  -22.5000 2450.5557   12.1237
    0.0000   -7.5000  -22.5000 2460.0686   12.1126
    7.5000   -7.5000  -22.5000 2436.3186   12.1480
   -7.5000    0.0000  -22.5000 2538.6682   11.1851
    0.0000    0.0000  -22.5000 2552.5286   11.1444
    7.5000    0.0000  -22.5000 2524.6487   11.1877
   -7.5000    7.5000  -22.5000 2600.0964   10.4931
    0.0000    7.5000  -22.5000 2612.8765   10.4085
    7.5000    7.5000  -22.5000 2588.2693   10.4620
   -7.5000   15.0000  -22.5000 2640.2798    9.9962
    0.0000   15.0000  -22.5000 2646.3835    9.9034
    7.5000   15.0000  -22.5000 2631.4219    9.9789
   -7.5000   22.5000  -22.5000 2670.1675    9.7096
    0.0000   22.5000  -22.5000 2673.8755    9.6083
    7.5000   22.5000  -22.5000 2660.6162    9.7136
   -7.5000   30.0000  -22.5000 2662.9299    9.5899
    0.0000   30.0000  -22.5000 2668.5005    9.5298
    7.5000   30.0000  -22.5000 2653.6765    9.6135
   -7.5000   37.5000  -22.5000 2657.4353    9.6764
    0.0000   37.5000  -22.5000 2667.6477    9.6077
    7.5000   37.5000  -22.5000 2648.9973    9.7117
   -7.5000   45.0000  -22.5000 2633.6562    9.9506
    0.0000   45.0000  -22.5000 2644.9773    9.8521
    7.5000   45.0000  -22.5000 2627.2559    9.9652
   -7.5000   52.5000  -22.5000 2565.1750   10.2830
    0.0000   52.5000  -22.5000 2580.8586   10.1941
    7.5000   52.5000  -22.5000 2560.8799   10.3056
   -7.5000   60.0000  -22.5000 2446.9397   10.6759
    0.0000   60.0000  -22.5000 2465.6218   10.6088
    7.5000   60.0000  -22.5000 2443.1096   10.7226
   -7.5000   67.5000  -22.5000 2297.9839   11.0945
    0.0000   67.5000  -22.5000 2315.2300   11.0450
    7.5000   67.5000  -22.5000 2292.6042   11.1398
   -7.5000  -22.5000  -15.0000 2257.6274   14.3913
    0.0000  -22.5000  -15.0000 2269.3958   14.3818
    7.5000  -22.5000  -15.0000 2251.4028   14.3831
   -7.5000  -15.0000  -15.0000 2394.6057   12.8918
    0.0000  -15.0000  -15.0000 2409.0735   12.8672
    7.5000  -15.0000  -15.0000 2385.0886   12.8893
   -7.5000   -7.5000  -15.0000 2508.9907   11.6601
    0.0000   -7.5000  -15.0000 2521.5461   11.6222
    7.5000   -7.5000  -15.0000 2496.4014   11.6842
   -7.5000    0.0000  -15.0000 2602.7129   10.7111
    0.0000    0.0000  -15.0000 2614.8005   10.6396
    7.5000    0.0000  -15.0000 2589.0049   10.7312
   -7.5000    7.5000  -15.0000 2673.1748   10.0195
    0.0000    7.5000  -15.0000 2682.5051    9.9360
    7.5000    7.5000  -15.0000 2663.0610   10.0159
   -7.5000   15.0000  -15.0000 2716.8013    9.5052
    0.0000   15.0000  -15.0000 2719.0854    9.4126
    7.5000   15.0000  -15.0000 2708.7202    9.4930
   -7.5000   22.5000  -15.0000 2752.2073    9.1646
    0.0000   22.5000  -15.0000 2758.2280    9.0893
    7.5000   22.5000  -15.0000 2742.4880    9.1607
   -7.5000   30.0000  -15.0000 2750.5474    8.9997
    0.0000   30.0000  -15.0000 2766.1194    8.9677
    7.5000   30.0000  -15.0000 2743.5706    9.0521
   -7.5000   37.5000  -15.0000 2753.0623    9.1080
    0.0000   37.5000  -15.0000 2766.1423    9.0391
    7.5000   37.5000  -15.0000 2747.1077    9.1527
   -7.5000   45.0000  -15.0000 2729.4734    9.3769
    0.0000   45.0000  -15.0000 2741.9099    9.2594
    7.5000   45.0000  -15.0000 2725.4121    9.3947
   -7.5000   52.5000  -15.0000 2659.3674    9.7257
    0.0000   52.5000  -15.0000 2673.2830    9.5955
    7.5000   52.5000  -15.0000 2656.2947    9.7269
   -7.5000   60.0000  -15.0000 2537.2317   10.1292
    0.0000   60.0000  -15.0000 2546.5488   10.0231
    7.5000   60.0000  -15.0000 2531.2041   10.1486
   -7.5000   67.5000  -15.0000 2378.9307   10.5657
    0.0000   67.5000  -15.0000 2392.2563   10.4706
    7.5000   67.5000  -15.0000 2374.0718   10.5809
   -7.5000  -22.5000   -7.5000 2287.2041   13.9047
    0.0000  -22.5000   -7.5000 2302.2222   13.8655
    7.5000  -22.5000   -7.5000 2282.3721   13.9189
   -7.5000  -15.0000   -7.5000 2425.0083   12.4131
    0.0000  -15.0000   -7.5000 2435.5378   12.3533
    7.5000  -15.0000   -7.5000 2418.4456   12.4168
   -7.5000   -7.5000   -7.5000 2538.9478   11.2163
    0.0000   -7.5000   -7.5000 2548.4077   11.1479
    7.5000   -7.5000   -7.5000 2532.2791   11.2213
   -7.5000    0.0000   -7.5000 2640.4321   10.2820
    0.0000    0.0000   -7.5000 2652.8491   10.2017
    7.5000    0.0000   -7.5000 2633.4856   10.2833
   -7.5000    7.5000   -7.5000 2722.9634    9.5627
    0.0000    7.5000   -7.5000 2736.2683    9.4954
    7.5000    7.5000   -7.5000 2718.7708    9.5818
   -7.5000   15.0000   -7.5000 2776.3506    9.0599
    0.0000   15.0000   -7.5000 2787.8853    8.9971
    7.5000   15.0000   -7.5000 2768.6768    9.0651
   -7.5000   22.5000   -7.5000 2812.7219    8.6797
    0.0000   22.5000   -7.5000 2824.6001    8.6152
    7.5000   22.5000   -7.5000 2803.7493    8.6947
   -7.5000   30.0000   -7.5000 2821.3997    8.4662
    0.0000   30.0000   -7.5000 2839.8970    8.4145
    7.5000   30.0000   -7.5000 2817.8137    8.5383
   -7.5000   37.5000   -7.5000 2834.0681    8.5848
    0.0000   37.5000   -7.5000 2839.6704    8.4891
    7.5000   37.5000   -7.5000 2826.6809    8.6374
   -7.5000   45.0000   -7.5000 2805.3403    8.8600
    0.0000   45.0000   -7.5000 2818.1914    8.7177
    7.5000   45.0000   -7.5000 2806.2500    8.8606
   -7.5000   52.5000   -7.5000 2732.2112    9.2349
    0.0000   52.5000   -7.5000 2747.2979    9.0837
    7.5000   52.5000   -7.5000 2733.3994    9.2279
   -7.5000   60.0000   -7.5000 2607.0493    9.6531
    0.0000   60.0000   -7.5000 2618.3210    9.5210
    7.5000   60.0000   -7.5000 2603.9434    9.6631
   -7.5000   67.5000   -7.5000 2438.0732   10.1104
    0.0000   67.5000   -7.5000 2450.3513   10.0022
    7.5000   67.5000   -7.5000 2433.4976   10.1445
   -7.5000  -22.5000    0.0000 2296.5447   13.5294
    0.0000  -22.5000    0.0000 2313.4309   13.4882
    7.5000  -22.5000    0.0000 2300.0759   13.5600
   -7.5000  -15.0000    0.0000 2433.4690   12.0459
    0.0000  -15.0000    0.0000 2447.0791   11.9878
    7.5000  -15.0000    0.0000 2431.2749   12.0656
   -7.5000   -7.5000    0.0000 2546.8254   10.8844
    0.0000   -7.5000    0.0000 2564.7854   10.8011
    7.5000   -7.5000    0.0000 2547.2871   10.8887
   -7.5000    0.0000    0.0000 2655.1389    9.9646
    0.0000    0.0000    0.0000 2671.2629    9.8774
    7.5000    0.0000    0.0000 2656.8037    9.9644
   -7.5000    7.5000    0.0000 2747.9194    9.2559
    0.0000    7.5000    0.0000 2766.2749    9.1769
    7.5000    7.5000    0.0000 2753.6780    9.2582
   -7.5000   15.0000    0.0000 2819.3794    8.7528
    0.0000   15.0000    0.0000 2839.0574    8.6897
    7.5000   15.0000    0.0000 2821.0649    8.7433
   -7.5000   22.5000    0.0000 2861.9485    8.4100
    0.0000   22.5000    0.0000 2880.1956    8.3436
    7.5000   22.5000    0.0000 2858.1877    8.4158
   -7.5000   30.0000    0.0000 2871.8184    8.1084
    0.0000   30.0000    0.0000 2891.7451    8.0373
    7.5000   30.0000    0.0000 2872.8457    8.1928
   -7.5000   37.5000    0.0000 2882.7039    8.1829
    0.0000   37.5000    0.0000 2889.1960    8.0575
    7.5000   37.5000    0.0000 2879.9006    8.2558
   -7.5000   45.0000    0.0000 2859.6326    8.4655
    0.0000   45.0000    0.0000 2872.7434    8.3110
    7.5000   45.0000    0.0000 2863.5906    8.4952
   -7.5000   52.5000    0.0000 2791.5688    8.8567
    0.0000   52.5000    0.0000 2806.8918    8.6944
    7.5000   52.5000    0.0000 2795.8838    8.8846
   -7.5000   60.0000    0.0000 2652.8062    9.3160
    0.0000   60.0000    0.0000 2670.5996    9.1720
    7.5000   60.0000    0.0000 2657.5649    9.3645
   -7.5000   67.5000    0.0000 2475.7039    9.7943
    0.0000   67.5000    0.0000 2495.4673    9.6786
    7.5000   67.5000    0.0000 2478.3845    9.8660
   -7.5000  -22.5000    7.5000 2300.6631   13.3563
    0.0000  -22.5000    7.5000 2314.4219   13.2756
    7.5000  -22.5000    7.5000 2301.4727   13.3847
   -7.5000  -15.0000    7.5000 2430.7295   11.8692
    0.0000  -15.0000    7.5000 2440.8887   11.7677
    7.5000  -15.0000    7.5000 2429.1084   11.8851
   -7.5000   -7.5000    7.5000 2547.0098   10.7009
    0.0000   -7.5000    7.5000 2560.8381   10.6006
    7.5000   -7.5000    7.5000 2547.2451   10.6999
   -7.5000    0.0000    7.5000 2656.8416    9.7822
    0.0000    0.0000    7.5000 2672.5498    9.6659
    7.5000    0.0000    7.5000 2659.0544    9.7632
   -7.5000    7.5000    7.5000 2755.5325    9.0767
    0.0000    7.5000    7.5000 2772.1025    8.9814
    7.5000    7.5000    7.5000 2763.6440    9.0648
   -7.5000   15.0000    7.5000 2843.3574    8.6148
    0.0000   15.0000    7.5000 2865.7520    8.5473
    7.5000   15.0000    7.5000 2852.7520    8.6085
   -7.5000   22.5000    7.5000 2911.2578    8.3643
    0.0000   22.5000    7.5000 2939.3589    8.3401
    7.5000   22.5000    7.5000 2919.7710    8.3401
   -7.5000   30.0000    7.5000 2918.2732    8.0025
    0.0000   30.0000    7.5000 2951.0417    7.9758
    7.5000   30.0000    7.5000 2931.5083    8.0665
   -7.5000   37.5000    7.5000 2914.9731    7.9744
    0.0000   37.5000    7.5000 2929.5396    7.8713
    7.5000   37.5000    7.5000 2919.5371    8.0752
   -7.5000   45.0000    7.5000 2891.3354    8.2532
    0.0000   45.0000    7.5000 2911.0115    8.1134
    7.5000   45.0000    7.5000 2899.8770    8.3029
   -7.5000   52.5000    7.5000 2826.0745    8.6610
    0.0000   52.5000    7.5000 2847.2109    8.5051
    7.5000   52.5000    7.5000 2833.7041    8.6649
   -7.5000   60.0000    7.5000 2683.3567    9.1510
    0.0000   60.0000    7.5000 2705.1465    9.0166
    7.5000   60.0000    7.5000 2684.7378    9.1420
   -7.5000   67.5000    7.5000 2498.7656    9.6592
    0.0000   67.5000    7.5000 2517.3604    9.5445
    7.5000   67.5000    7.5000 2502.0771    9.6297
   -7.5000  -22.5000   15.0000 2283.9307   13.4032
    0.0000  -22.5000   15.0000 2304.7976   13.3419
    7.5000  -22.5000   15.0000 2287.2903   13.4464
   -7.5000  -15.0000   15.0000 2411.6157   11.8689
    0.0000  -15.0000   15.0000 2427.9495   11.7995
    7.5000  -15.0000   15.0000 2415.6025   11.9226
   -7.5000   -7.5000   15.0000 2528.0264   10.6879
    0.0000   -7.5000   15.0000 2543.3608   10.5861
    7.5000   -7.5000   15.0000 2533.5073   10.7321
   -7.5000    0.0000   15.0000 2640.2087    9.7626
    0.0000    0.0000   15.0000 2653.8398    9.6451
    7.5000    0.0000   15.0000 2652.2683    9.8009
   -7.5000    7.5000   15.0000 2747.7798    9.0553
    0.0000    7.5000   15.0000 2761.8821    8.9772
    7.5000    7.5000   15.0000 2766.5684    9.1020
   -7.5000   15.0000   15.0000 2849.0955    8.6369
    0.0000   15.0000   15.0000 2871.0166    8.5737
    7.5000   15.0000   15.0000 2866.4404    8.6551
   -7.5000   22.5000   15.0000 2933.0908    8.3924
    0.0000   22.5000   15.0000 2970.9360    8.4195
    7.5000   22.5000   15.0000 2943.3770    8.3679
   -7.5000   30.0000   15.0000 2959.5525    8.1289
    0.0000   30.0000   15.0000 3007.0664    8.1128
    7.5000   30.0000   15.0000 2959.0381    8.0843
   -7.5000   37.5000   15.0000 2937.3074    8.1059
    0.0000   37.5000   15.0000 2980.5063    7.9907
    7.5000   37.5000   15.0000 2941.3374    8.0866
   -7.5000   45.0000   15.0000 2900.9023    8.2716
    0.0000   45.0000   15.0000 2934.8689    8.1664
    7.5000   45.0000   15.0000 2906.2834    8.2568
   -7.5000   52.5000   15.0000 2824.0505    8.6216
    0.0000   52.5000   15.0000 2849.8330    8.5092
    7.5000   52.5000   15.0000 2831.4551    8.5977
   -7.5000   60.0000   15.0000 2683.0364    9.1071
    0.0000   60.0000   15.0000 2697.5952    9.0031
    7.5000   60.0000   15.0000 2684.9673    9.0892
   -7.5000   67.5000   15.0000 2498.2612    9.6187
    0.0000   67.5000   15.0000 2512.4656    9.5244
    7.5000   67.5000   15.0000 2501.3381    9.6065
   -7.5000  -22.5000   22.5000 2260.3228   13.6220
    0.0000  -22.5000   22.5000 2280.6484   13.5267
    7.5000  -22.5000   22.5000 2273.2671   13.7446
   -7.5000  -15.0000   22.5000 2387.1018   12.0829
    0.0000  -15.0000   22.5000 2402.5889   11.9490
    7.5000  -15.0000   22.5000 2401.6560   12.1775
   -7.5000   -7.5000   22.5000 2507.5188   10.9264
    0.0000   -7.5000   22.5000 2519.8879   10.7872
    7.5000   -7.5000   22.5000 2521.3687   10.9762
   -7.5000    0.0000   22.5000 2621.8794   10.0106
    0.0000    0.0000   22.5000 2636.0022    9.9019
    7.5000    0.0000   22.5000 2636.8203   10.0496
   -7.5000    7.5000   22.5000 2732.7363    9.3097
    0.0000    7.5000   22.5000 2749.3354    9.2387
    7.5000    7.5000   22.5000 2743.7964    9.3331
   -7.5000   15.0000   22.5000 2833.6531    8.8400
    0.0000   15.0000   22.5000 2859.0085    8.8056
    7.5000   15.0000   22.5000 2841.3030    8.8569
   -7.5000   22.5000   22.5000 2919.7136    8.4963
    0.0000   22.5000   22.5000 2955.3831    8.4888
    7.5000   22.5000   22.5000 2918.0247    8.4839
   -7.5000   30.0000   22.5000 2956.2537    8.2856
    0.0000   30.0000   22.5000 2989.9402    8.1866
    7.5000   30.0000   22.5000 2946.6321    8.2517
   -7.5000   37.5000   22.5000 2949.5259    8.3387
    0.0000   37.5000   22.5000 2988.8521    8.2527
    7.5000   37.5000   22.5000 2946.3660    8.3079
   -7.5000   45.0000   22.5000 2899.4529    8.5716
    0.0000   45.0000   22.5000 2933.7600    8.4864
    7.5000   45.0000   22.5000 2896.5986    8.5484
   -7.5000   52.5000   22.5000 2800.4810    8.9064
    0.0000   52.5000   22.5000 2827.2334    8.8184
    7.5000   52.5000   22.5000 2802.6887    8.8850
   -7.5000   60.0000   22.5000 2650.5950    9.3404
    0.0000   60.0000   22.5000 2668.7683    9.2513
    7.5000   60.0000   22.5000 2655.1104    9.3342
   -7.5000   67.5000   22.5000 2471.8062    9.7742
    0.0000   67.5000   22.5000 2486.3550    9.6936
    7.5000   67.5000   22.5000 2475.0886    9.7955
   -7.5000  -22.5000   30.0000 2236.4578   14.1267
    0.0000  -22.5000   30.0000 2249.5354   14.0407
    7.5000  -22.5000   30.0000 2244.1279   14.2622
   -7.5000  -15.0000   30.0000 2363.9561   12.5300
    0.0000  -15.0000   30.0000 2377.3042   12.4247
    7.5000  -15.0000   30.0000 2372.0500   12.6281
   -7.5000   -7.5000   30.0000 2482.3450   11.3215
    0.0000   -7.5000   30.0000 2500.4900   11.2077
    7.5000   -7.5000   30.0000 2492.7710   11.3720
   -7.5000    0.0000   30.0000 2593.1907   10.3783
    0.0000    0.0000   30.0000 2608.8552   10.2672
    7.5000    0.0000   30.0000 2601.5295   10.4060
   -7.5000    7.5000   30.0000 2703.8381    9.6674
    0.0000    7.5000   30.0000 2719.5747    9.5578
    7.5000    7.5000   30.0000 2713.1873    9.6794
   -7.5000   15.0000   30.0000 2802.6504    9.1428
    0.0000   15.0000   30.0000 2822.0615    9.0520
    7.5000   15.0000   30.0000 2810.8713    9.1563
   -7.5000   22.5000   30.0000 2885.7361    8.7519
    0.0000   22.5000   30.0000 2903.3416    8.5943
    7.5000   22.5000   30.0000 2884.9497    8.7481
   -7.5000   30.0000   30.0000 2919.8872    8.5322
    0.0000   30.0000   30.0000 2940.3740    8.3806
    7.5000   30.0000   30.0000 2916.8860    8.5527
   -7.5000   37.5000   30.0000 2913.7224    8.6331
    0.0000   37.5000   30.0000 2943.9641    8.4768
    7.5000   37.5000   30.0000 2918.2456    8.6409
   -7.5000   45.0000   30.0000 2862.8413    8.9106
    0.0000   45.0000   30.0000 2896.1697    8.7718
    7.5000   45.0000   30.0000 2868.4368    8.9135
   -7.5000   52.5000   30.0000 2757.8066    9.3076
    0.0000   52.5000   30.0000 2779.6716    9.1643
    7.5000   52.5000   30.0000 2765.0891    9.3062
   -7.5000   60.0000   30.0000 2600.4412    9.7321
    0.0000   60.0000   30.0000 2620.7634    9.6162
    7.5000   60.0000   30.0000 2609.4951    9.7390
   -7.5000   67.5000   30.0000 2424.2078   10.1161
    0.0000   67.5000   30.0000 2442.0059   10.0379
    7.5000   67.5000   30.0000 2427.8271   10.1286
   -7.5000  -22.5000   37.5000 2193.3203   14.7883
    0.0000  -22.5000   37.5000 2209.5364   14.6936
    7.5000  -22.5000   37.5000 2201.8191   14.9084
   -7.5000  -15.0000   37.5000 2331.5481   13.0878
    0.0000  -15.0000   37.5000 2346.6384   12.9369
    7.5000  -15.0000   37.5000 2338.1902   13.1604
   -7.5000   -7.5000   37.5000 2450.5486   11.8095
    0.0000   -7.5000   37.5000 2469.7119   11.6295
    7.5000   -7.5000   37.5000 2462.0994   11.8641
   -7.5000    0.0000   37.5000 2555.8997   10.8627
    0.0000    0.0000   37.5000 2573.0540   10.6439
    7.5000    0.0000   37.5000 2569.2078   10.8918
   -7.5000    7.5000   37.5000 2663.8845   10.1200
    0.0000    7.5000   37.5000 2680.8179    9.9130
    7.5000    7.5000   37.5000 2681.0093   10.1306
   -7.5000   15.0000   37.5000 2756.0432    9.5259
    0.0000   15.0000   37.5000 2770.2881    9.3410
    7.5000   15.0000   37.5000 2768.5896    9.5266
   -7.5000   22.5000   37.5000 2825.5447    9.1385
    0.0000   22.5000   37.5000 2841.3970    8.9345
    7.5000   22.5000   37.5000 2832.9331    9.1469
   -7.5000   30.0000   37.5000 2861.6968    8.9435
    0.0000   30.0000   37.5000 2873.7603    8.7797
    7.5000   30.0000   37.5000 2861.4341    8.9684
   -7.5000   37.5000   37.5000 2852.0742    9.0591
    0.0000   37.5000   37.5000 2871.4409    8.8960
    7.5000   37.5000   37.5000 2852.9258    9.0616
   -7.5000   45.0000   37.5000 2799.3433    9.3437
    0.0000   45.0000   37.5000 2826.1663    9.1942
    7.5000   45.0000   37.5000 2808.6577    9.3487
   -7.5000   52.5000   37.5000 2699.3657    9.7478
    0.0000   52.5000   37.5000 2719.1060    9.5867
    7.5000   52.5000   37.5000 2705.2217    9.7388
   -7.5000   60.0000   37.5000 2548.3530   10.1714
    0.0000   60.0000   37.5000 2566.7869   10.0293
    7.5000   60.0000   37.5000 2558.0081   10.1866
   -7.5000   67.5000   37.5000 2372.3782   10.5737
    0.0000   67.5000   37.5000 2389.7935   10.4660
    7.5000   67.5000   37.5000 2380.6475   10.5799
   -7.5000  -22.5000   45.0000 2146.2566   15.5453
    0.0000  -22.5000   45.0000 2160.0535   15.2859
    7.5000  -22.5000   45.0000 2156.5769   15.5974
   -7.5000  -15.0000   45.0000 2282.2917   13.7371
    0.0000  -15.0000   45.0000 2299.3108   13.4648
    7.5000  -15.0000   45.0000 2299.8838   13.8101
   -7.5000   -7.5000   45.0000 2403.7717   12.4344
    0.0000   -7.5000   45.0000 2419.7646   12.1241
    7.5000   -7.5000   45.0000 2422.5376   12.4720
   -7.5000    0.0000   45.0000 2505.3623   11.4330
    0.0000    0.0000   45.0000 2519.4290   11.1469
    7.5000    0.0000   45.0000 2520.7820   11.4383
   -7.5000    7.5000   45.0000 2605.1687   10.6410
    0.0000    7.5000   45.0000 2625.4800   10.3814
    7.5000    7.5000   45.0000 2621.7786   10.6366
   -7.5000   15.0000   45.0000 2687.4771   10.0485
    0.0000   15.0000   45.0000 2709.9243    9.8187
    7.5000   15.0000   45.0000 2702.3916   10.0272
   -7.5000   22.5000   45.0000 2747.7349    9.6716
    0.0000   22.5000   45.0000 2770.8386    9.4712
    7.5000   22.5000   45.0000 2757.2090    9.6703
   -7.5000   30.0000   45.0000 2769.9529    9.4920
    0.0000   30.0000   45.0000 2781.3901    9.3281
    7.5000   30.0000   45.0000 2774.7898    9.4992
   -7.5000   37.5000   45.0000 2759.5117    9.5967
    0.0000   37.5000   45.0000 2777.4983    9.4453
    7.5000   37.5000   45.0000 2765.9736    9.5928
   -7.5000   45.0000   45.0000 2711.4148    9.8854
    0.0000   45.0000   45.0000 2734.6711    9.7416
    7.5000   45.0000   45.0000 2722.9929    9.8798
   -7.5000   52.5000   45.0000 2617.1416   10.2736
    0.0000   52.5000   45.0000 2636.1079   10.1159
    7.5000   52.5000   45.0000 2622.9319   10.2829
   -7.5000   60.0000   45.0000 2476.0610   10.6465
    0.0000   60.0000   45.0000 2497.3726   10.5169
    7.5000   60.0000   45.0000 2480.9719   10.6942
   -7.5000   67.5000   45.0000 2307.7405   11.0705
    0.0000   67.5000   45.0000 2327.6382   10.9829
    7.5000   67.5000   45.0000 2315.0381   11.1089
   -7.5000  -22.5000   52.5000 2097.1826   16.3458
    0.0000  -22.5000   52.5000 2108.1348   16.0255
    7.5000  -22.5000   52.5000 2107.9292   16.4424
   -7.5000  -15.0000   52.5000 2234.6157   14.5037
    0.0000  -15.0000   52.5000 2252.6194   14.1576
    7.5000  -15.0000   52.5000 2250.9456   14.5510
   -7.5000   -7.5000   52.5000 2350.7095   13.1536
    0.0000   -7.5000   52.5000 2369.8594   12.8079
    7.5000   -7.5000   52.5000 2367.6282   13.1765
   -7.5000    0.0000   52.5000 2448.0891   12.1112
    0.0000    0.0000   52.5000 2464.5359   11.8008
    7.5000    0.0000   52.5000 2462.3962   12.1135
   -7.5000    7.5000   52.5000 2539.8464   11.2907
    0.0000    7.5000   52.5000 2558.1501   11.0233
    7.5000    7.5000   52.5000 2552.2039   11.2840
   -7.5000   15.0000   52.5000 2613.0364   10.6864
    0.0000   15.0000   52.5000 2639.0535   10.4672
    7.5000   15.0000   52.5000 2625.3887   10.6693
   -7.5000   22.5000   52.5000 2662.5498   10.3291
    0.0000   22.5000   52.5000 2684.7583   10.1454
    7.5000   22.5000   52.5000 2669.4512   10.3203
   -7.5000   30.0000   52.5000 2668.8914   10.1947
    0.0000   30.0000   52.5000 2683.8777   10.0253
    7.5000   30.0000   52.5000 2676.9297   10.1671
   -7.5000   37.5000   52.5000 2658.0579   10.2618
    0.0000   37.5000   52.5000 2679.7664   10.1121
    7.5000   37.5000   52.5000 2665.2046   10.2335
   -7.5000   45.0000   52.5000 2615.3789   10.5323
    0.0000   45.0000   52.5000 2640.6826   10.4061
    7.5000   45.0000   52.5000 2627.0999   10.5435
   -7.5000   52.5000   52.5000 2530.0752   10.9016
    0.0000   52.5000   52.5000 2558.9514   10.7538
    7.5000   52.5000   52.5000 2542.2373   10.9123
   -7.5000   60.0000   52.5000 2394.9199   11.2897
    0.0000   60.0000   52.5000 2416.6587   11.1610
    7.5000   60.0000   52.5000 2398.9946   11.2952
   -7.5000   67.5000   52.5000 2226.6877   11.7003
    0.0000   67.5000   52.5000 2246.8003   11.6130
    7.5000   67.5000   52.5000 2233.5527   11.6952

---------------------------------------------------------------------
imgreg_4dfp /opt/freesurfer/average/711-2C_as_mni_average_305 /opt/freesurfer/average/711-2B_as_mni_average_305_mask talsrcimg_g11 none talsrcimg_to_711-2C_as_mni_average_305_t4 1283
---------------------------------------------------------------------

freesurfer imgreg_4dfp.c
/opt/freesurfer/average/711-2C_as_mni_average_305.4dfp.img
       256       256       256         1
  1.000000  1.000000  1.000000
orientation T byte_order littleendian
Reading image: /opt/freesurfer/average/711-2C_as_mni_average_305.4dfp.img
dimensions:      256       256       256
mmppix:       1.0000   -1.0000   -1.0000
center:     128.0000 -129.0000 -129.0000
/opt/freesurfer/average/711-2B_as_mni_average_305_mask.4dfp.img
       256       256       256         1
  1.000000  1.000000  1.000000
orientation T byte_order littleendian
Reading mask: /opt/freesurfer/average/711-2B_as_mni_average_305_mask.4dfp.img (2306576 pixels)
talsrcimg_g11.4dfp.img
       256       256       256         1
  1.000000  1.000000  1.000000
orientation T byte_order littleendian
Reading image: talsrcimg_g11.4dfp.img
dimensions:      256       256       256
mmppix:       1.0000   -1.0000   -1.0000
center:     128.0000 -129.0000 -129.0000
rotation matrix determinant  1.000000
fimgreg.f
image alignment mode   1283 decimal      503 hex
parameters
    0.0000   30.0000   15.0000    0.0000    0.0000    0.0000
eta,q 0.94454  8.21332
niter,ni,del,rscale     5    3   12.0000    1.2000
parameters
   -0.2955   28.5632   16.0795   -1.7479   -1.7836   -2.1625
eta,q 0.95140  8.18372
  0.0656  0.0595  0.0659  0.0544  0.0535  0.0505
  0.0596  0.0530  0.0603  0.0509  0.0505  0.0492
  0.0555  0.0520  0.0555  0.0503  0.0492  0.0486
  0.0539  0.0535  0.0520  0.0513  0.0504  0.0492
  0.0564  0.0569  0.0516  0.0537  0.0529  0.0510
  0.0620  0.0615  0.0546  0.0568  0.0566  0.0532
  0.0674  0.0659  0.0593  0.0596  0.0621  0.0560
niter,ni,del,rscale     4    3   12.0000    1.2000
parameters
    0.1481   29.5212   15.9116   -2.8744   -1.9216   -2.1835
eta,q 0.95176  8.17965
  0.0666  0.0658  0.0602  0.0533  0.0564  0.0521
  0.0591  0.0556  0.0546  0.0498  0.0526  0.0499
  0.0533  0.0492  0.0501  0.0483  0.0494  0.0488
  0.0486  0.0482  0.0486  0.0486  0.0482  0.0482
  0.0496  0.0494  0.0512  0.0506  0.0496  0.0485
  0.0562  0.0518  0.0563  0.0539  0.0527  0.0500
  0.0627  0.0557  0.0607  0.0576  0.0574  0.0522
niter,ni,del,rscale     3    3   12.0000    1.2000
parameters
    0.2862   30.2340   15.7079   -3.7692   -2.0466   -2.2343
eta,q 0.95193  8.17220
  0.0654  0.0630  0.0601  0.0531  0.0563  0.0517
  0.0579  0.0533  0.0543  0.0498  0.0524  0.0497
  0.0518  0.0484  0.0497  0.0481  0.0492  0.0485
  0.0482  0.0482  0.0484  0.0483  0.0481  0.0481
  0.0509  0.0489  0.0512  0.0498  0.0494  0.0483
  0.0575  0.0515  0.0564  0.0528  0.0525  0.0497
  0.0637  0.0555  0.0606  0.0568  0.0573  0.0520
niter,ni,del,rscale     2    3   12.0000    1.2000
parameters
    0.3528   30.7754   15.5106   -4.4614   -2.1941   -2.3322
eta,q 0.95229  8.15987
  0.0650  0.0611  0.0599  0.0532  0.0561  0.0516
  0.0572  0.0524  0.0538  0.0497  0.0519  0.0493
  0.0511  0.0484  0.0493  0.0477  0.0488  0.0481
  0.0481  0.0481  0.0480  0.0480  0.0477  0.0477
  0.0513  0.0484  0.0510  0.0494  0.0492  0.0480
  0.0577  0.0515  0.0561  0.0520  0.0523  0.0496
  0.0636  0.0557  0.0601  0.0561  0.0570  0.0519
niter,ni,del,rscale     1    3   12.0000    1.2000
parameters
    0.4175   31.1706   15.3632   -4.9086   -2.3414   -2.3919
eta,q 0.95265  8.14820
  0.0648  0.0600  0.0596  0.0536  0.0559  0.0518
  0.0569  0.0523  0.0535  0.0499  0.0515  0.0492
  0.0505  0.0487  0.0489  0.0474  0.0484  0.0477
  0.0477  0.0477  0.0476  0.0475  0.0474  0.0473
  0.0510  0.0481  0.0505  0.0490  0.0489  0.0479
  0.0574  0.0518  0.0556  0.0514  0.0521  0.0494
  0.0633  0.0562  0.0595  0.0553  0.0567  0.0518
registration optimization eta report
parameter search radius
    6.0000    6.0000    6.0000    6.0000    6.0000    6.0000
100000*second partial in parameter space
       43.       30.       32.       19.       24.       12.
  0.0648  0.0600  0.0596  0.0536  0.0559  0.0518
  0.0569  0.0523  0.0535  0.0499  0.0515  0.0492
  0.0505  0.0487  0.0489  0.0474  0.0484  0.0477
  0.0477  0.0477  0.0476  0.0475  0.0474  0.0473
  0.0510  0.0481  0.0505  0.0490  0.0489  0.0479
  0.0574  0.0518  0.0556  0.0514  0.0521  0.0494
  0.0633  0.0562  0.0595  0.0553  0.0567  0.0518
    0.4175   31.1706   15.3632   -4.9086   -2.3414   -2.3919
eta,q 0.95265  8.14820

---------------------------------------------------------------------
imgreg_4dfp /opt/freesurfer/average/711-2C_as_mni_average_305 /opt/freesurfer/average/711-2B_as_mni_average_305_mask talsrcimg_g11 none talsrcimg_to_711-2C_as_mni_average_305_t4 3335
---------------------------------------------------------------------

freesurfer imgreg_4dfp.c
/opt/freesurfer/average/711-2C_as_mni_average_305.4dfp.img
       256       256       256         1
  1.000000  1.000000  1.000000
orientation T byte_order littleendian
Reading image: /opt/freesurfer/average/711-2C_as_mni_average_305.4dfp.img
dimensions:      256       256       256
mmppix:       1.0000   -1.0000   -1.0000
center:     128.0000 -129.0000 -129.0000
/opt/freesurfer/average/711-2B_as_mni_average_305_mask.4dfp.img
       256       256       256         1
  1.000000  1.000000  1.000000
orientation T byte_order littleendian
Reading mask: /opt/freesurfer/average/711-2B_as_mni_average_305_mask.4dfp.img (2306576 pixels)
talsrcimg_g11.4dfp.img
       256       256       256         1
  1.000000  1.000000  1.000000
orientation T byte_order littleendian
Reading image: talsrcimg_g11.4dfp.img
dimensions:      256       256       256
mmppix:       1.0000   -1.0000   -1.0000
center:     128.0000 -129.0000 -129.0000
fimgreg.f
image alignment mode   3335 decimal      D07 hex
parameters
    0.4175   31.1706   15.3632   -0.1705   -0.4390   -0.4499
    3.8088    4.4239   -4.1699    8.3793   -4.0854   -8.5495
eta,q 0.95134  8.26175
niter,ni,del,rscale     5    3    5.0000    1.2000
parameter  4  1.768968 ->  0.500000 qaram    1.1500
parameter  5  2.051625 ->  0.500000 qaram    1.1500
parameter  6  0.690578 ->  0.500000 qaram    1.1500
parameters
    0.6018   30.1207   15.0744   -4.3105   -4.5790   -4.5899
    2.8433    4.8277   -3.0834    5.2771   -2.1746   -9.8376
eta,q 0.97265  8.38307
  0.0528  0.0489  0.0496  0.0381  0.0287  0.0296  0.0314  0.0362  0.0318  0.0292  0.0303  0.0289
  0.0507  0.0483  0.0487  0.0396  0.0309  0.0288  0.0298  0.0323  0.0301  0.0279  0.0290  0.0279
  0.0493  0.0483  0.0483  0.0428  0.0347  0.0290  0.0288  0.0297  0.0291  0.0276  0.0281  0.0274
  0.0487  0.0486  0.0482  0.0482  0.0403  0.0317  0.0286  0.0286  0.0286  0.0285  0.0276  0.0274
  0.0489  0.0493  0.0486  0.0550  0.0474  0.0366  0.0294  0.0291  0.0286  0.0304  0.0274  0.0279
  0.0500  0.0502  0.0494  0.0619  0.0548  0.0423  0.0311  0.0312  0.0291  0.0331  0.0277  0.0290
  0.0517  0.0513  0.0505  0.0673  0.0603  0.0482  0.0335  0.0347  0.0303  0.0367  0.0284  0.0306
niter,ni,del,rscale     7    3    5.0000    1.2000
parameter  2 -0.532639 -> -0.500000 qaram    1.1500
parameter  5  0.561233 ->  0.500000 qaram    1.3225
parameters
    0.7459   31.5007   14.2076   -7.2562   -9.3400   -5.4740
    1.9438    4.4028   -3.1935    7.9856   -1.0345  -12.9120
eta,q 0.97595  8.20989
  0.0316  0.0345  0.0267  0.0277  0.0254  0.0273  0.0266  0.0278  0.0265  0.0296  0.0256  0.0245
  0.0294  0.0316  0.0261  0.0267  0.0246  0.0262  0.0255  0.0260  0.0256  0.0275  0.0250  0.0241
  0.0279  0.0292  0.0259  0.0259  0.0245  0.0255  0.0250  0.0252  0.0251  0.0259  0.0246  0.0241
  0.0273  0.0273  0.0262  0.0259  0.0259  0.0245  0.0249  0.0249  0.0249  0.0249  0.0243  0.0243
  0.0276  0.0263  0.0268  0.0281  0.0313  0.0238  0.0253  0.0253  0.0251  0.0243  0.0243  0.0248
  0.0288  0.0263  0.0279  0.0333  0.0398  0.0258  0.0263  0.0265  0.0256  0.0245  0.0245  0.0256
  0.0307  0.0273  0.0294  0.0408  0.0471  0.0316  0.0277  0.0288  0.0266  0.0256  0.0250  0.0268
niter,ni,del,rscale     7    3    5.0000    1.2000
parameter  2 -0.542173 -> -0.500000 qaram    1.3225
parameters
    0.9255   33.0877   14.7912   -6.4832  -11.6395   -4.9538
    1.7356    4.0864   -3.1744    9.0081   -2.1184  -14.9956
eta,q 0.97734  8.18844
  0.0270  0.0304  0.0247  0.0267  0.0273  0.0268  0.0250  0.0260  0.0246  0.0263  0.0235  0.0234
  0.0255  0.0276  0.0240  0.0254  0.0250  0.0252  0.0238  0.0240  0.0237  0.0246  0.0230  0.0228
  0.0245  0.0255  0.0234  0.0242  0.0233  0.0240  0.0231  0.0231  0.0230  0.0234  0.0228  0.0227
  0.0241  0.0240  0.0231  0.0230  0.0227  0.0230  0.0228  0.0228  0.0228  0.0228  0.0228  0.0228
  0.0242  0.0233  0.0230  0.0223  0.0241  0.0221  0.0231  0.0232  0.0230  0.0229  0.0230  0.0232
  0.0249  0.0231  0.0232  0.0232  0.0303  0.0230  0.0239  0.0244  0.0236  0.0234  0.0234  0.0240
  0.0263  0.0238  0.0237  0.0266  0.0402  0.0272  0.0253  0.0267  0.0246  0.0248  0.0240  0.0250
niter,ni,del,rscale     7    3    5.0000    1.2000
parameters
    0.9038   33.2266   14.5360   -6.2768  -12.2922   -5.0244
    1.7556    4.2951   -3.0251    9.8912   -2.3343  -15.7167
eta,q 0.97728  8.18663
  0.0252  0.0270  0.0237  0.0265  0.0283  0.0266  0.0250  0.0266  0.0245  0.0258  0.0237  0.0239
  0.0238  0.0247  0.0231  0.0251  0.0260  0.0250  0.0238  0.0242  0.0236  0.0243  0.0231  0.0232
  0.0230  0.0232  0.0227  0.0239  0.0238  0.0239  0.0230  0.0231  0.0230  0.0232  0.0228  0.0228
  0.0227  0.0227  0.0227  0.0227  0.0226  0.0227  0.0228  0.0228  0.0228  0.0228  0.0227  0.0227
  0.0229  0.0230  0.0229  0.0221  0.0224  0.0218  0.0230  0.0231  0.0229  0.0228  0.0229  0.0230
  0.0238  0.0242  0.0234  0.0235  0.0250  0.0235  0.0238  0.0240  0.0235  0.0233  0.0232  0.0235
  0.0254  0.0263  0.0243  0.0275  0.0331  0.0285  0.0250  0.0260  0.0244  0.0246  0.0238  0.0244
niter,ni,del,rscale     6    3    5.0000    1.2000
parameters
    0.9042   33.3608   14.3648   -6.2862  -12.3960   -5.1088
    1.7199    4.3247   -2.9204   10.2337   -2.4397  -16.1345
eta,q 0.97723  8.18776
  0.0254  0.0268  0.0239  0.0265  0.0287  0.0267  0.0250  0.0264  0.0245  0.0253  0.0238  0.0240
  0.0239  0.0246  0.0232  0.0252  0.0264  0.0251  0.0238  0.0241  0.0236  0.0240  0.0232  0.0233
  0.0231  0.0232  0.0228  0.0239  0.0242  0.0240  0.0231  0.0230  0.0230  0.0231  0.0229  0.0229
  0.0227  0.0227  0.0227  0.0227  0.0227  0.0228  0.0228  0.0228  0.0228  0.0228  0.0228  0.0228
  0.0230  0.0231  0.0229  0.0223  0.0223  0.0218  0.0230  0.0231  0.0229  0.0229  0.0229  0.0230
  0.0239  0.0243  0.0234  0.0238  0.0241  0.0236  0.0238  0.0242  0.0235  0.0235  0.0233  0.0235
  0.0254  0.0261  0.0243  0.0281  0.0313  0.0288  0.0250  0.0263  0.0244  0.0250  0.0238  0.0244
niter,ni,del,rscale     5    3    5.0000    1.2000
parameters
    0.9156   33.4384   14.2805   -6.3060  -12.4627   -5.1577
    1.6953    4.3501   -2.8742   10.4471   -2.5118  -16.3526
eta,q 0.97718  8.18738
  0.0254  0.0267  0.0240  0.0265  0.0287  0.0268  0.0250  0.0265  0.0245  0.0252  0.0238  0.0241
  0.0240  0.0245  0.0233  0.0252  0.0264  0.0252  0.0238  0.0241  0.0236  0.0239  0.0232  0.0234
  0.0231  0.0232  0.0229  0.0240  0.0242  0.0241  0.0231  0.0231  0.0231  0.0231  0.0229  0.0230
  0.0228  0.0228  0.0228  0.0228  0.0228  0.0228  0.0228  0.0228  0.0228  0.0228  0.0228  0.0228
  0.0230  0.0232  0.0230  0.0223  0.0224  0.0219  0.0231  0.0232  0.0230  0.0230  0.0230  0.0230
  0.0239  0.0244  0.0234  0.0238  0.0241  0.0236  0.0238  0.0242  0.0236  0.0236  0.0233  0.0235
  0.0254  0.0262  0.0242  0.0281  0.0312  0.0288  0.0251  0.0263  0.0245  0.0251  0.0238  0.0243
niter,ni,del,rscale     4    3    5.0000    1.2000
parameters
    0.9241   33.4855   14.2334   -6.3210  -12.5065   -5.1881
    1.6751    4.3705   -2.8462   10.5685   -2.5387  -16.4720
eta,q 0.97714  8.18667
  0.0254  0.0266  0.0241  0.0266  0.0287  0.0268  0.0250  0.0265  0.0245  0.0252  0.0239  0.0242
  0.0240  0.0245  0.0234  0.0253  0.0265  0.0253  0.0239  0.0241  0.0236  0.0239  0.0233  0.0235
  0.0232  0.0232  0.0230  0.0240  0.0243  0.0241  0.0231  0.0231  0.0231  0.0231  0.0229  0.0230
  0.0228  0.0228  0.0228  0.0228  0.0228  0.0229  0.0229  0.0229  0.0229  0.0229  0.0229  0.0229
  0.0231  0.0233  0.0230  0.0223  0.0224  0.0219  0.0231  0.0232  0.0230  0.0230  0.0230  0.0230
  0.0239  0.0244  0.0234  0.0239  0.0241  0.0236  0.0239  0.0243  0.0236  0.0236  0.0233  0.0235
  0.0255  0.0263  0.0242  0.0281  0.0312  0.0288  0.0251  0.0263  0.0245  0.0252  0.0238  0.0243
niter,ni,del,rscale     3    3    5.0000    1.2000
parameters
    0.9312   33.5146   14.2055   -6.3311  -12.5336   -5.2098
    1.6623    4.3816   -2.8211   10.6384   -2.5643  -16.5493
eta,q 0.97712  8.18602
  0.0254  0.0265  0.0242  0.0266  0.0288  0.0268  0.0250  0.0265  0.0245  0.0251  0.0239  0.0243
  0.0241  0.0245  0.0234  0.0253  0.0265  0.0253  0.0239  0.0242  0.0237  0.0239  0.0233  0.0235
  0.0232  0.0232  0.0230  0.0241  0.0243  0.0242  0.0231  0.0231  0.0231  0.0231  0.0230  0.0230
  0.0229  0.0229  0.0229  0.0229  0.0229  0.0229  0.0229  0.0229  0.0229  0.0229  0.0229  0.0229
  0.0231  0.0233  0.0230  0.0224  0.0224  0.0219  0.0231  0.0232  0.0230  0.0230  0.0230  0.0231
  0.0240  0.0245  0.0235  0.0239  0.0241  0.0236  0.0239  0.0243  0.0236  0.0237  0.0233  0.0235
  0.0255  0.0263  0.0242  0.0281  0.0311  0.0288  0.0251  0.0263  0.0245  0.0252  0.0239  0.0243
niter,ni,del,rscale     2    3    5.0000    1.2000
parameters
    0.9331   33.5327   14.1924   -6.3357  -12.5506   -5.2201
    1.6532    4.3862   -2.8085   10.6822   -2.5755  -16.5884
eta,q 0.97711  8.18570
  0.0254  0.0265  0.0242  0.0266  0.0288  0.0269  0.0250  0.0265  0.0245  0.0251  0.0239  0.0243
  0.0241  0.0245  0.0235  0.0253  0.0265  0.0253  0.0239  0.0242  0.0237  0.0239  0.0233  0.0235
  0.0232  0.0232  0.0230  0.0241  0.0244  0.0242  0.0232  0.0231  0.0231  0.0231  0.0230  0.0231
  0.0229  0.0229  0.0229  0.0229  0.0229  0.0229  0.0229  0.0229  0.0229  0.0229  0.0229  0.0229
  0.0231  0.0234  0.0230  0.0224  0.0225  0.0219  0.0231  0.0232  0.0231  0.0230  0.0230  0.0231
  0.0240  0.0245  0.0235  0.0239  0.0241  0.0236  0.0239  0.0243  0.0236  0.0237  0.0234  0.0235
  0.0255  0.0263  0.0243  0.0281  0.0311  0.0288  0.0251  0.0263  0.0245  0.0252  0.0239  0.0243
registration optimization eta report
parameter search radius
    2.4000    3.1740    2.4000    8.2800    9.5220    8.2800
    7.2000    7.2000    7.2000    7.2000    7.2000    7.2000
100000*second partial in parameter space
       45.       35.       23.        7.        8.        8.
        4.        7.        3.        4.        2.        3.
  0.0254  0.0265  0.0242  0.0266  0.0288  0.0269  0.0250  0.0265  0.0245  0.0251  0.0239  0.0243
  0.0241  0.0245  0.0235  0.0253  0.0265  0.0253  0.0239  0.0242  0.0237  0.0239  0.0233  0.0235
  0.0232  0.0232  0.0230  0.0241  0.0244  0.0242  0.0232  0.0231  0.0231  0.0231  0.0230  0.0231
  0.0229  0.0229  0.0229  0.0229  0.0229  0.0229  0.0229  0.0229  0.0229  0.0229  0.0229  0.0229
  0.0231  0.0234  0.0230  0.0224  0.0225  0.0219  0.0231  0.0232  0.0231  0.0230  0.0230  0.0231
  0.0240  0.0245  0.0235  0.0239  0.0241  0.0236  0.0239  0.0243  0.0236  0.0237  0.0234  0.0235
  0.0255  0.0263  0.0243  0.0281  0.0311  0.0288  0.0251  0.0263  0.0245  0.0252  0.0239  0.0243
    0.9331   33.5327   14.1924   -6.3357  -12.5506   -5.2201
    1.6532    4.3862   -2.8085   10.6822   -2.5755  -16.5884
eta,q 0.97711  8.18570

---------------------------------------------------------------------
imgreg_4dfp /opt/freesurfer/average/711-2C_as_mni_average_305 /opt/freesurfer/average/711-2B_as_mni_average_305_mask talsrcimg_g11 none talsrcimg_to_711-2C_as_mni_average_305_t4 2311
---------------------------------------------------------------------

freesurfer imgreg_4dfp.c
/opt/freesurfer/average/711-2C_as_mni_average_305.4dfp.img
       256       256       256         1
  1.000000  1.000000  1.000000
orientation T byte_order littleendian
Reading image: /opt/freesurfer/average/711-2C_as_mni_average_305.4dfp.img
dimensions:      256       256       256
mmppix:       1.0000   -1.0000   -1.0000
center:     128.0000 -129.0000 -129.0000
/opt/freesurfer/average/711-2B_as_mni_average_305_mask.4dfp.img
       256       256       256         1
  1.000000  1.000000  1.000000
orientation T byte_order littleendian
Reading mask: /opt/freesurfer/average/711-2B_as_mni_average_305_mask.4dfp.img (2306576 pixels)
talsrcimg_g11.4dfp.img
       256       256       256         1
  1.000000  1.000000  1.000000
orientation T byte_order littleendian
Reading image: talsrcimg_g11.4dfp.img
dimensions:      256       256       256
mmppix:       1.0000   -1.0000   -1.0000
center:     128.0000 -129.0000 -129.0000
fimgreg.f
image alignment mode   2311 decimal      907 hex
parameters
    0.9331   33.5327   14.1924   -6.3357  -12.5506   -5.2201
    1.6532    4.3862   -2.8085   10.6822   -2.5755  -16.5884
eta,q 0.97711  8.18571
niter,ni,del,rscale     5    3    5.0000    0.8000
parameters
    0.9747   33.4682   14.1968   -4.3552  -10.2638   -3.4806
    1.8079    4.6051   -2.8909    9.4813   -2.5642  -16.2093
eta,q 0.97878  8.33777
  0.0241  0.0238  0.0235  0.0250  0.0249  0.0244  0.0228  0.0248  0.0223  0.0222  0.0222  0.0223
  0.0235  0.0232  0.0231  0.0243  0.0238  0.0237  0.0220  0.0229  0.0217  0.0215  0.0216  0.0216
  0.0231  0.0230  0.0230  0.0236  0.0230  0.0229  0.0215  0.0217  0.0214  0.0212  0.0213  0.0213
  0.0229  0.0229  0.0229  0.0229  0.0224  0.0220  0.0213  0.0213  0.0213  0.0213  0.0212  0.0212
  0.0230  0.0230  0.0229  0.0224  0.0221  0.0213  0.0214  0.0216  0.0214  0.0217  0.0213  0.0213
  0.0233  0.0234  0.0231  0.0225  0.0220  0.0214  0.0218  0.0226  0.0218  0.0226  0.0216  0.0215
  0.0240  0.0239  0.0235  0.0233  0.0225  0.0228  0.0227  0.0242  0.0224  0.0240  0.0221  0.0219
niter,ni,del,rscale     4    3    5.0000    0.7000
parameters
    0.7906   33.2466   13.9545   -4.8924  -10.5228   -3.4742
    1.9576    4.4420   -2.8196    9.5257   -2.5036  -16.3375
eta,q 0.97878  8.32780
  0.0222  0.0218  0.0217  0.0227  0.0225  0.0233  0.0222  0.0233  0.0219  0.0224  0.0219  0.0218
  0.0216  0.0214  0.0213  0.0220  0.0219  0.0226  0.0217  0.0221  0.0216  0.0217  0.0215  0.0214
  0.0213  0.0212  0.0212  0.0214  0.0215  0.0219  0.0214  0.0214  0.0213  0.0213  0.0213  0.0213
  0.0212  0.0212  0.0212  0.0212  0.0212  0.0212  0.0212  0.0212  0.0212  0.0212  0.0212  0.0212
  0.0215  0.0214  0.0214  0.0214  0.0212  0.0211  0.0213  0.0216  0.0213  0.0213  0.0213  0.0213
  0.0221  0.0218  0.0217  0.0224  0.0218  0.0219  0.0216  0.0223  0.0215  0.0217  0.0215  0.0215
  0.0230  0.0225  0.0222  0.0243  0.0233  0.0240  0.0221  0.0236  0.0219  0.0224  0.0218  0.0218
niter,ni,del,rscale     3    3    5.0000    0.6000
parameters
    0.8284   33.2792   13.9645   -4.7724  -10.3753   -3.2692
    1.9723    4.4688   -2.8158    9.4462   -2.4619  -16.3650
eta,q 0.97887  8.33610
  0.0222  0.0219  0.0218  0.0227  0.0223  0.0230  0.0219  0.0229  0.0216  0.0220  0.0217  0.0216
  0.0217  0.0215  0.0215  0.0221  0.0218  0.0224  0.0215  0.0219  0.0214  0.0215  0.0213  0.0213
  0.0214  0.0213  0.0213  0.0216  0.0214  0.0217  0.0212  0.0213  0.0212  0.0212  0.0212  0.0212
  0.0212  0.0212  0.0212  0.0212  0.0212  0.0212  0.0211  0.0211  0.0211  0.0211  0.0211  0.0211
  0.0213  0.0213  0.0213  0.0212  0.0212  0.0211  0.0212  0.0213  0.0212  0.0212  0.0212  0.0212
  0.0216  0.0215  0.0215  0.0217  0.0215  0.0216  0.0214  0.0219  0.0214  0.0215  0.0214  0.0213
  0.0221  0.0218  0.0218  0.0227  0.0223  0.0230  0.0219  0.0228  0.0217  0.0221  0.0216  0.0216
niter,ni,del,rscale     2    3    5.0000    0.5000
parameters
    0.8181   33.2702   13.9642   -4.6765  -10.2558   -3.0701
    1.9622    4.4802   -2.8459    9.3450   -2.3958  -16.3717
eta,q 0.97894  8.34303
  0.0218  0.0216  0.0215  0.0222  0.0219  0.0225  0.0216  0.0224  0.0214  0.0217  0.0215  0.0214
  0.0214  0.0213  0.0213  0.0218  0.0216  0.0220  0.0213  0.0216  0.0212  0.0213  0.0212  0.0212
  0.0212  0.0212  0.0212  0.0214  0.0213  0.0215  0.0211  0.0212  0.0211  0.0211  0.0211  0.0211
  0.0211  0.0211  0.0211  0.0211  0.0211  0.0211  0.0211  0.0211  0.0211  0.0211  0.0211  0.0211
  0.0212  0.0212  0.0212  0.0212  0.0211  0.0210  0.0211  0.0212  0.0211  0.0211  0.0211  0.0211
  0.0214  0.0213  0.0213  0.0215  0.0213  0.0215  0.0213  0.0216  0.0212  0.0214  0.0212  0.0212
  0.0218  0.0216  0.0215  0.0223  0.0219  0.0225  0.0216  0.0223  0.0215  0.0218  0.0214  0.0214
niter,ni,del,rscale     1    3    5.0000    0.4000
parameters
    0.8074   33.2607   13.9803   -4.5970  -10.1485   -2.8951
    1.9533    4.4837   -2.8863    9.2570   -2.3334  -16.3714
eta,q 0.97898  8.34831
  0.0215  0.0214  0.0214  0.0218  0.0216  0.0221  0.0214  0.0219  0.0213  0.0214  0.0213  0.0213
  0.0213  0.0212  0.0212  0.0215  0.0214  0.0217  0.0212  0.0214  0.0211  0.0212  0.0211  0.0211
  0.0211  0.0211  0.0211  0.0212  0.0212  0.0213  0.0211  0.0211  0.0210  0.0211  0.0211  0.0210
  0.0211  0.0211  0.0211  0.0211  0.0211  0.0211  0.0210  0.0210  0.0210  0.0210  0.0210  0.0210
  0.0211  0.0211  0.0211  0.0211  0.0211  0.0210  0.0211  0.0211  0.0210  0.0211  0.0210  0.0210
  0.0213  0.0212  0.0212  0.0213  0.0212  0.0213  0.0212  0.0214  0.0211  0.0212  0.0211  0.0211
  0.0215  0.0214  0.0213  0.0218  0.0216  0.0220  0.0214  0.0219  0.0213  0.0215  0.0213  0.0212
registration optimization eta report
parameter search radius
    0.8000    0.8000    0.8000    2.4000    2.4000    2.4000
    2.4000    2.4000    2.4000    2.4000    2.4000    2.4000
100000*second partial in parameter space
       71.       47.       44.       13.        9.       17.
        6.       15.        4.        8.        4.        4.
  0.0215  0.0214  0.0214  0.0218  0.0216  0.0221  0.0214  0.0219  0.0213  0.0214  0.0213  0.0213
  0.0213  0.0212  0.0212  0.0215  0.0214  0.0217  0.0212  0.0214  0.0211  0.0212  0.0211  0.0211
  0.0211  0.0211  0.0211  0.0212  0.0212  0.0213  0.0211  0.0211  0.0210  0.0211  0.0211  0.0210
  0.0211  0.0211  0.0211  0.0211  0.0211  0.0211  0.0210  0.0210  0.0210  0.0210  0.0210  0.0210
  0.0211  0.0211  0.0211  0.0211  0.0211  0.0210  0.0211  0.0211  0.0210  0.0211  0.0210  0.0210
  0.0213  0.0212  0.0212  0.0213  0.0212  0.0213  0.0212  0.0214  0.0211  0.0212  0.0211  0.0211
  0.0215  0.0214  0.0213  0.0218  0.0216  0.0220  0.0214  0.0219  0.0213  0.0215  0.0213  0.0212
    0.8074   33.2607   13.9803   -4.5970  -10.1485   -2.8951
    1.9533    4.4837   -2.8863    9.2570   -2.3334  -16.3714
eta,q 0.97898  8.34831

---------------------------------------------------------------------
imgreg_4dfp /opt/freesurfer/average/711-2C_as_mni_average_305 /opt/freesurfer/average/711-2B_as_mni_average_305_mask talsrcimg_g11 none talsrcimg_to_711-2C_as_mni_average_305_t4 2311
---------------------------------------------------------------------

freesurfer imgreg_4dfp.c
/opt/freesurfer/average/711-2C_as_mni_average_305.4dfp.img
       256       256       256         1
  1.000000  1.000000  1.000000
orientation T byte_order littleendian
Reading image: /opt/freesurfer/average/711-2C_as_mni_average_305.4dfp.img
dimensions:      256       256       256
mmppix:       1.0000   -1.0000   -1.0000
center:     128.0000 -129.0000 -129.0000
/opt/freesurfer/average/711-2B_as_mni_average_305_mask.4dfp.img
       256       256       256         1
  1.000000  1.000000  1.000000
orientation T byte_order littleendian
Reading mask: /opt/freesurfer/average/711-2B_as_mni_average_305_mask.4dfp.img (2306576 pixels)
talsrcimg_g11.4dfp.img
       256       256       256         1
  1.000000  1.000000  1.000000
orientation T byte_order littleendian
Reading image: talsrcimg_g11.4dfp.img
dimensions:      256       256       256
mmppix:       1.0000   -1.0000   -1.0000
center:     128.0000 -129.0000 -129.0000
fimgreg.f
image alignment mode   2311 decimal      907 hex
parameters
    0.8074   33.2607   13.9803   -4.5970  -10.1485   -2.8951
    1.9533    4.4837   -2.8863    9.2570   -2.3334  -16.3714
eta,q 0.97898  8.34831
niter,ni,del,rscale     5    3    5.0000    0.8000
parameters
    0.7718   33.1984   14.0483   -5.2425  -10.7596   -3.5265
    1.9664    4.3358   -2.8538    9.6626   -2.4609  -16.2559
eta,q 0.97865  8.31320
  0.0228  0.0222  0.0223  0.0229  0.0227  0.0234  0.0225  0.0238  0.0222  0.0231  0.0221  0.0221
  0.0218  0.0215  0.0216  0.0221  0.0219  0.0226  0.0219  0.0224  0.0218  0.0221  0.0216  0.0217
  0.0212  0.0212  0.0212  0.0214  0.0214  0.0218  0.0215  0.0216  0.0215  0.0216  0.0214  0.0214
  0.0210  0.0210  0.0210  0.0210  0.0211  0.0212  0.0214  0.0214  0.0214  0.0214  0.0214  0.0214
  0.0212  0.0212  0.0211  0.0214  0.0213  0.0214  0.0215  0.0217  0.0214  0.0214  0.0215  0.0214
  0.0219  0.0216  0.0215  0.0227  0.0223  0.0230  0.0219  0.0226  0.0217  0.0218  0.0217  0.0216
  0.0230  0.0224  0.0221  0.0250  0.0245  0.0262  0.0226  0.0241  0.0222  0.0226  0.0221  0.0220
niter,ni,del,rscale     4    3    5.0000    0.7000
parameters
    0.8518   33.2638   14.0026   -4.9405  -10.4972   -3.4879
    2.0004    4.4372   -2.8261    9.5312   -2.5352  -16.2999
eta,q 0.97877  8.32609
  0.0227  0.0223  0.0220  0.0232  0.0228  0.0233  0.0222  0.0236  0.0219  0.0223  0.0219  0.0218
  0.0220  0.0218  0.0216  0.0225  0.0221  0.0226  0.0217  0.0222  0.0216  0.0217  0.0215  0.0215
  0.0216  0.0215  0.0214  0.0218  0.0216  0.0219  0.0214  0.0215  0.0213  0.0213  0.0213  0.0213
  0.0214  0.0213  0.0213  0.0213  0.0213  0.0212  0.0212  0.0212  0.0212  0.0212  0.0212  0.0212
  0.0214  0.0214  0.0214  0.0213  0.0212  0.0211  0.0213  0.0215  0.0213  0.0214  0.0213  0.0213
  0.0218  0.0217  0.0217  0.0218  0.0216  0.0219  0.0216  0.0222  0.0215  0.0218  0.0215  0.0215
  0.0224  0.0221  0.0221  0.0231  0.0227  0.0239  0.0222  0.0233  0.0219  0.0225  0.0219  0.0218
niter,ni,del,rscale     3    3    5.0000    0.6000
parameters
    0.8373   33.2718   13.9631   -4.7839  -10.3634   -3.2708
    1.9828    4.4830   -2.8137    9.4302   -2.4753  -16.3497
eta,q 0.97887  8.33601
  0.0221  0.0219  0.0217  0.0227  0.0223  0.0230  0.0218  0.0229  0.0217  0.0220  0.0217  0.0216
  0.0217  0.0215  0.0214  0.0221  0.0218  0.0224  0.0215  0.0219  0.0214  0.0215  0.0214  0.0213
  0.0213  0.0213  0.0213  0.0216  0.0214  0.0217  0.0212  0.0213  0.0212  0.0212  0.0212  0.0212
  0.0212  0.0212  0.0212  0.0212  0.0212  0.0212  0.0211  0.0211  0.0211  0.0211  0.0211  0.0211
  0.0213  0.0213  0.0213  0.0212  0.0212  0.0211  0.0212  0.0213  0.0212  0.0212  0.0212  0.0212
  0.0217  0.0215  0.0215  0.0217  0.0215  0.0216  0.0214  0.0219  0.0214  0.0215  0.0214  0.0213
  0.0222  0.0219  0.0218  0.0227  0.0223  0.0230  0.0219  0.0228  0.0217  0.0221  0.0216  0.0216
niter,ni,del,rscale     2    3    5.0000    0.5000
parameters
    0.8225   33.2671   13.9659   -4.6778  -10.2547   -3.0672
    1.9632    4.4870   -2.8407    9.3387   -2.3932  -16.3801
eta,q 0.97894  8.34297
  0.0218  0.0216  0.0215  0.0223  0.0219  0.0225  0.0216  0.0224  0.0214  0.0217  0.0215  0.0214
  0.0214  0.0213  0.0213  0.0218  0.0215  0.0220  0.0213  0.0216  0.0212  0.0213  0.0212  0.0212
  0.0212  0.0212  0.0212  0.0214  0.0213  0.0215  0.0211  0.0212  0.0211  0.0211  0.0211  0.0211
  0.0211  0.0211  0.0211  0.0211  0.0211  0.0211  0.0211  0.0211  0.0211  0.0211  0.0211  0.0211
  0.0212  0.0212  0.0212  0.0211  0.0211  0.0210  0.0211  0.0212  0.0211  0.0211  0.0211  0.0211
  0.0214  0.0213  0.0213  0.0215  0.0213  0.0215  0.0213  0.0216  0.0212  0.0214  0.0212  0.0212
  0.0218  0.0216  0.0215  0.0222  0.0219  0.0225  0.0216  0.0223  0.0215  0.0218  0.0214  0.0214
niter,ni,del,rscale     1    3    5.0000    0.4000
parameters
    0.8078   33.2592   13.9815   -4.6002  -10.1512   -2.8916
    1.9572    4.4840   -2.8794    9.2601   -2.3234  -16.3788
eta,q 0.97898  8.34823
  0.0215  0.0214  0.0214  0.0218  0.0216  0.0221  0.0214  0.0219  0.0213  0.0214  0.0213  0.0213
  0.0213  0.0212  0.0212  0.0215  0.0213  0.0217  0.0212  0.0214  0.0211  0.0212  0.0211  0.0211
  0.0211  0.0211  0.0211  0.0212  0.0212  0.0213  0.0211  0.0211  0.0210  0.0211  0.0211  0.0210
  0.0211  0.0211  0.0211  0.0211  0.0211  0.0211  0.0210  0.0210  0.0210  0.0210  0.0210  0.0210
  0.0211  0.0211  0.0211  0.0211  0.0211  0.0210  0.0211  0.0211  0.0210  0.0211  0.0210  0.0210
  0.0213  0.0212  0.0212  0.0213  0.0212  0.0213  0.0212  0.0214  0.0211  0.0212  0.0211  0.0211
  0.0215  0.0214  0.0213  0.0218  0.0216  0.0220  0.0214  0.0219  0.0213  0.0215  0.0213  0.0212
registration optimization eta report
parameter search radius
    0.8000    0.8000    0.8000    2.4000    2.4000    2.4000
    2.4000    2.4000    2.4000    2.4000    2.4000    2.4000
100000*second partial in parameter space
       71.       48.       44.       13.        9.       17.
        6.       15.        4.        8.        4.        4.
  0.0215  0.0214  0.0214  0.0218  0.0216  0.0221  0.0214  0.0219  0.0213  0.0214  0.0213  0.0213
  0.0213  0.0212  0.0212  0.0215  0.0213  0.0217  0.0212  0.0214  0.0211  0.0212  0.0211  0.0211
  0.0211  0.0211  0.0211  0.0212  0.0212  0.0213  0.0211  0.0211  0.0210  0.0211  0.0211  0.0210
  0.0211  0.0211  0.0211  0.0211  0.0211  0.0211  0.0210  0.0210  0.0210  0.0210  0.0210  0.0210
  0.0211  0.0211  0.0211  0.0211  0.0211  0.0210  0.0211  0.0211  0.0210  0.0211  0.0210  0.0210
  0.0213  0.0212  0.0212  0.0213  0.0212  0.0213  0.0212  0.0214  0.0211  0.0212  0.0211  0.0211
  0.0215  0.0214  0.0213  0.0218  0.0216  0.0220  0.0214  0.0219  0.0213  0.0215  0.0213  0.0212
    0.8078   33.2592   13.9815   -4.6002  -10.1512   -2.8916
    1.9572    4.4840   -2.8794    9.2601   -2.3234  -16.3788
eta,q 0.97898  8.34823

---------------------------------------------------------------------
compute_vox2vox talsrcimg talsrcimg_to_711-2C_as_mni_average_305_t4 /opt/freesurfer/average/711-2C_as_mni_average_305
---------------------------------------------------------------------

freesurfer compute_vox2vox.c
Reading: talsrcimg.4dfp.ifh
Reading: talsrcimg_to_711-2C_as_mni_average_305_t4
Reading: /opt/freesurfer/average/711-2C_as_mni_average_305.4dfp.ifh
Writing: talsrcimg_to_711-2C_as_mni_average_305_t4_vox2vox.txt

start time Fri Mar 13 04:41:43 CET 2026
end		time Fri Mar 13 04:43:11 CET 2026

mpr2mni305 success

avi2talxfm orig_nu.mgz /opt/freesurfer/average/mni305.cor.mgz talsrcimg_to_711-2C_as_mni_average_305_t4_vox2vox.txt transforms/talairach.auto.xfm
avi2talxfm done
mv -f /out/sourcedata/freesurfer/sub-v2s4x29607_ses-1/mri/talsrcimg_to_711-2C_as_mni_average_305_t4_vox2vox.txt /out/sourcedata/freesurfer/sub-v2s4x29607_ses-1/mri/transforms/talsrcimg_to_711-2C_as_mni_average_305_t4_vox2vox.txt
lta_convert --src orig_nu.mgz --trg /opt/freesurfer/average/mni305.cor.mgz --inxfm transforms/talairach.auto.xfm --outlta transforms/talairach.auto.xfm.lta --subject fsaverage
7.3.2

--src: orig_nu.mgz src image (geometry).
--trg: /opt/freesurfer/average/mni305.cor.mgz trg image (geometry).
--inmni: transforms/talairach.auto.xfm input MNI/XFM transform.
--outlta: transforms/talairach.auto.xfm.lta output LTA.
--s: fsaverage subject name
 LTA read, type : 1
 1.04618  -0.04535  -0.03105  -1.48732;
 0.03016   1.01087   0.18362  -19.08540;
 0.03042  -0.10564   1.09306  -17.42131;
 0.00000   0.00000   0.00000   1.00000;
setting subject to fsaverage
Writing  LTA to file transforms/talairach.auto.xfm.lta...
lta_convert successful.
 
 
Started at Fri Mar 13 04:41:42 CET 2026
Ended   at Fri Mar 13 04:43:11 CET 2026
talairach_avi done
