/out/sourcedata/freesurfer/sub-v2s4x29617_ses-1/mri
/opt/freesurfer/bin/talairach_avi
--i orig_nu.mgz --xfm transforms/talairach.auto.xfm
talairach_avi 7.3.2
Linux dna035 5.14.0-427.37.1.el9_4.x86_64 #1 SMP PREEMPT_DYNAMIC Fri Sep 13 12:41:50 EDT 2024 x86_64 x86_64 x86_64 GNU/Linux
Fri Mar 13 05:34:54 CET 2026
mri_convert orig_nu.mgz talsrcimg.img 
reading from orig_nu.mgz...
TR=0.00, TE=0.00, TI=0.00, flip angle=0.00
i_ras = (-1, 0, 0)
j_ras = (0, 0, -1)
k_ras = (0, 1, 0)
writing to talsrcimg.img...
Analyze Output Matrix
-1.00000   0.00000   0.00000   140.02399;
 0.00000   0.00000   1.00000  -128.99829;
 0.00000  -1.00000   0.00000   128.43695;
 0.00000   0.00000   0.00000   1.00000;
--------------------
INFO: set hdr.hist.orient to -1
mpr2mni305 talsrcimg
Fri Mar 13 05:34:54 CET 2026
/opt/freesurfer/bin/mpr2mni305 talsrcimg
mpr2mni305 7.3.2
target=711-2C_as_mni_average_305

---------------------------------------------------------------------
analyzeto4dfp talsrcimg -O0 -y
---------------------------------------------------------------------

freesurfer ifh2hdr.c
Fri Mar 13 05:34:54 2026
Writing: talsrcimg.4dfp.hdr
freesurfer analyzeto4dfp.c
Reading: talsrcimg.hdr
header size 348 bytes
hdr.dime.datatype	offset=70	value=2
hdr.dime.bitpix		offset=72	value=8
hdr.hist.orient		offset=252	value=-1
dimensionality     4
dimensions       256       256       256         1
Reading: talsrcimg.img
Writing: talsrcimg.4dfp.img
Writing: talsrcimg.4dfp.ifh
ifh2hdr talsrcimg -r0to255
ori=2

---------------------------------------------------------------------
gauss_4dfp talsrcimg 1.1
---------------------------------------------------------------------

freesurfer gauss_4dfp.c
Reading: talsrcimg.4dfp.img
Writing: talsrcimg_g11.4dfp.img
image dimensions 256 256 256 padded to 288 288 288
processing volume 1freesurfer ifh2hdr.c
Fri Mar 13 05:34:56 2026
Writing: talsrcimg_g11.4dfp.hdr

Writing: talsrcimg_g11.4dfp.ifh
including: talsrcimg.4dfp.img.rec in talsrcimg_g11.4dfp.img.rec

---------------------------------------------------------------------
imgreg_4dfp /opt/freesurfer/average/711-2C_as_mni_average_305 none talsrcimg_g11 none talsrcimg_to_711-2C_as_mni_average_305_t4 4355
---------------------------------------------------------------------

freesurfer imgreg_4dfp.c
/opt/freesurfer/average/711-2C_as_mni_average_305.4dfp.img
       256       256       256         1
  1.000000  1.000000  1.000000
orientation T byte_order littleendian
Reading image: /opt/freesurfer/average/711-2C_as_mni_average_305.4dfp.img
dimensions:      256       256       256
mmppix:       1.0000   -1.0000   -1.0000
center:     128.0000 -129.0000 -129.0000
talsrcimg_g11.4dfp.img
       256       256       256         1
  1.000000  1.000000  1.000000
orientation T byte_order littleendian
Reading image: talsrcimg_g11.4dfp.img
dimensions:      256       256       256
mmppix:       1.0000   -1.0000   -1.0000
center:     128.0000 -129.0000 -129.0000
t4_read: open error in t4_sub.f l:  41 t4_file(1:l)talsrcimg_to_711-2C_as_mni_average_305_t4 
t4_read: transform initialized to I4
rotation matrix determinant  1.000000
image alignment mode   4355 decimal     1103 hex
   -7.5000  -45.0000  -45.0000 4945.3945   13.0729
    0.0000  -45.0000  -45.0000 5137.5938   13.1027
    7.5000  -45.0000  -45.0000 4946.7339   13.0662
   -7.5000  -37.5000  -45.0000 5443.0249   12.7832
    0.0000  -37.5000  -45.0000 5637.1909   12.8101
    7.5000  -37.5000  -45.0000 5453.5864   12.7807
   -7.5000  -30.0000  -45.0000 6147.1348   12.6112
    0.0000  -30.0000  -45.0000 6354.4619   12.6366
    7.5000  -30.0000  -45.0000 6147.2979   12.6119
   -7.5000  -22.5000  -45.0000 6889.8340   12.5938
    0.0000  -22.5000  -45.0000 7141.6689   12.6192
    7.5000  -22.5000  -45.0000 6878.8877   12.5933
   -7.5000  -15.0000  -45.0000 7671.7974   12.5802
    0.0000  -15.0000  -45.0000 7956.0620   12.6060
    7.5000  -15.0000  -45.0000 7661.8413   12.5752
   -7.5000   -7.5000  -45.0000 8380.7090   12.5709
    0.0000   -7.5000  -45.0000 8706.8262   12.5974
    7.5000   -7.5000  -45.0000 8385.6855   12.5629
   -7.5000    0.0000  -45.0000 9040.5840   12.5739
    0.0000    0.0000  -45.0000 9403.0410   12.6008
    7.5000    0.0000  -45.0000 9035.1602   12.5674
   -7.5000    7.5000  -45.0000 9076.7031   12.5870
    0.0000    7.5000  -45.0000 9427.0479   12.6131
    7.5000    7.5000  -45.0000 9036.6875   12.5845
   -7.5000   15.0000  -45.0000 9009.8252   12.5973
    0.0000   15.0000  -45.0000 9356.7637   12.6226
    7.5000   15.0000  -45.0000 8947.6172   12.5980
   -7.5000   22.5000  -45.0000 8854.4492   12.5918
    0.0000   22.5000  -45.0000 9176.2588   12.6171
    7.5000   22.5000  -45.0000 8775.6318   12.5913
   -7.5000   30.0000  -45.0000 8610.3174   12.4125
    0.0000   30.0000  -45.0000 8952.6709   12.4380
    7.5000   30.0000  -45.0000 8542.9941   12.4076
   -7.5000   37.5000  -45.0000 8701.0986   12.4034
    0.0000   37.5000  -45.0000 9042.5039   12.4295
    7.5000   37.5000  -45.0000 8620.6143   12.3955
   -7.5000   45.0000  -45.0000 8267.7471   12.0913
    0.0000   45.0000  -45.0000 8584.1328   12.1171
    7.5000   45.0000  -45.0000 8162.1836   12.0850
   -7.5000  -45.0000  -37.5000 5400.4873   12.8981
    0.0000  -45.0000  -37.5000 5584.7876   12.9291
    7.5000  -45.0000  -37.5000 5419.0889   12.8978
   -7.5000  -37.5000  -37.5000 5930.2871   12.6268
    0.0000  -37.5000  -37.5000 6136.4927   12.6553
    7.5000  -37.5000  -37.5000 5943.1021   12.6296
   -7.5000  -30.0000  -37.5000 6687.8789   12.4646
    0.0000  -30.0000  -37.5000 6915.5435   12.4928
    7.5000  -30.0000  -37.5000 6690.6143   12.4699
   -7.5000  -22.5000  -37.5000 7452.4404   12.4407
    0.0000  -22.5000  -37.5000 7746.5220   12.4694
    7.5000  -22.5000  -37.5000 7463.8750   12.4454
   -7.5000  -15.0000  -37.5000 8259.9238   12.4169
    0.0000  -15.0000  -37.5000 8609.6133   12.4456
    7.5000  -15.0000  -37.5000 8270.1064   12.4180
   -7.5000   -7.5000  -37.5000 9031.4473   12.4031
    0.0000   -7.5000  -37.5000 9420.5225   12.4315
    7.5000   -7.5000  -37.5000 9058.7607   12.4015
   -7.5000    0.0000  -37.5000 9760.5371   12.4109
    0.0000    0.0000  -37.500010188.7666   12.4388
    7.5000    0.0000  -37.5000 9790.4697   12.4101
   -7.5000    7.5000  -37.5000 9775.4990   12.4352
    0.0000    7.5000  -37.500010188.5713   12.4628
    7.5000    7.5000  -37.5000 9760.4170   12.4378
   -7.5000   15.0000  -37.5000 9673.3193   12.4510
    0.0000   15.0000  -37.500010070.4521   12.4790
    7.5000   15.0000  -37.5000 9639.3916   12.4562
   -7.5000   22.5000  -37.5000 9475.1602   12.4387
    0.0000   22.5000  -37.5000 9864.1650   12.4674
    7.5000   22.5000  -37.5000 9428.0869   12.4434
   -7.5000   30.0000  -37.5000 9219.7363   12.2514
    0.0000   30.0000  -37.5000 9633.0996   12.2797
    7.5000   30.0000  -37.5000 9158.8701   12.2525
   -7.5000   37.5000  -37.5000 9335.8701   12.2378
    0.0000   37.5000  -37.5000 9740.7666   12.2658
    7.5000   37.5000  -37.5000 9243.5000   12.2363
   -7.5000   45.0000  -37.5000 8822.6514   11.9345
    0.0000   45.0000  -37.5000 9202.0703   11.9614
    7.5000   45.0000  -37.5000 8721.5781   11.9338
   -7.5000  -45.0000  -30.0000 5974.8066   13.4018
    0.0000  -45.0000  -30.0000 6189.6265   13.4365
    7.5000  -45.0000  -30.0000 5986.3306   13.4080
   -7.5000  -37.5000  -30.0000 6543.8345   13.1248
    0.0000  -37.5000  -30.0000 6798.4668   13.1562
    7.5000  -37.5000  -30.0000 6544.4121   13.1310
   -7.5000  -30.0000  -30.0000 7365.5972   12.9587
    0.0000  -30.0000  -30.0000 7665.1177   12.9898
    7.5000  -30.0000  -30.0000 7370.6543   12.9649
   -7.5000  -22.5000  -30.0000 8206.1650   12.9297
    0.0000  -22.5000  -30.0000 8570.8281   12.9621
    7.5000  -22.5000  -30.0000 8216.8984   12.9369
   -7.5000  -15.0000  -30.0000 9085.4326   12.9006
    0.0000  -15.0000  -30.0000 9496.8779   12.9337
    7.5000  -15.0000  -30.0000 9095.6318   12.9077
   -7.5000   -7.5000  -30.0000 9943.0264   12.8856
    0.0000   -7.5000  -30.000010380.1719   12.9184
    7.5000   -7.5000  -30.0000 9955.6016   12.8915
   -7.5000    0.0000  -30.000010747.2686   12.8957
    0.0000    0.0000  -30.000011239.7695   12.9273
    7.5000    0.0000  -30.000010744.1348   12.9014
   -7.5000    7.5000  -30.000010705.1494   12.9260
    0.0000    7.5000  -30.000011189.0957   12.9563
    7.5000    7.5000  -30.000010668.8848   12.9317
   -7.5000   15.0000  -30.000010559.3291   12.9446
    0.0000   15.0000  -30.000011010.7051   12.9756
    7.5000   15.0000  -30.000010520.7500   12.9507
   -7.5000   22.5000  -30.000010318.4668   12.9262
    0.0000   22.5000  -30.000010774.5850   12.9587
    7.5000   22.5000  -30.000010280.5820   12.9335
   -7.5000   30.0000  -30.000010054.6650   12.7299
    0.0000   30.0000  -30.000010522.4141   12.7626
    7.5000   30.0000  -30.0000 9993.8652   12.7369
   -7.5000   37.5000  -30.000010196.6836   12.7151
    0.0000   37.5000  -30.000010671.9326   12.7475
    7.5000   37.5000  -30.000010099.6787   12.7209
   -7.5000   45.0000  -30.0000 9598.5771   12.4099
    0.0000   45.0000  -30.000010042.7900   12.4402
    7.5000   45.0000  -30.0000 9485.0742   12.4154
   -7.5000  -45.0000  -22.5000 6594.3706   13.8516
    0.0000  -45.0000  -22.5000 6856.2017   13.8892
    7.5000  -45.0000  -22.5000 6590.4404   13.8600
   -7.5000  -37.5000  -22.5000 7205.0654   13.5576
    0.0000  -37.5000  -22.5000 7518.6948   13.5908
    7.5000  -37.5000  -22.5000 7197.8027   13.5638
   -7.5000  -30.0000  -22.5000 8101.0366   13.3817
    0.0000  -30.0000  -22.5000 8469.8447   13.4129
    7.5000  -30.0000  -22.5000 8101.2803   13.3858
   -7.5000  -22.5000  -22.5000 9050.7041   13.3551
    0.0000  -22.5000  -22.5000 9459.6123   13.3872
    7.5000  -22.5000  -22.5000 9047.2197   13.3605
   -7.5000  -15.0000  -22.500010002.5713   13.3326
    0.0000  -15.0000  -22.500010463.9492   13.3662
    7.5000  -15.0000  -22.5000 9996.8604   13.3398
   -7.5000   -7.5000  -22.500010942.1338   13.3219
    0.0000   -7.5000  -22.500011445.6191   13.3568
    7.5000   -7.5000  -22.500010915.2207   13.3301
   -7.5000    0.0000  -22.500011791.4912   13.3292
    0.0000    0.0000  -22.500012322.4316   13.3637
    7.5000    0.0000  -22.500011757.1416   13.3374
   -7.5000    7.5000  -22.500011722.7793   13.3523
    0.0000    7.5000  -22.500012259.3730   13.3844
    7.5000    7.5000  -22.500011656.2930   13.3581
   -7.5000   15.0000  -22.500011521.1426   13.3671
    0.0000   15.0000  -22.500012022.5918   13.3982
    7.5000   15.0000  -22.500011471.0537   13.3711
   -7.5000   22.5000  -22.500011236.4150   13.3506
    0.0000   22.5000  -22.500011753.1064   13.3827
    7.5000   22.5000  -22.500011203.1416   13.3560
   -7.5000   30.0000  -22.500010974.2139   13.1582
    0.0000   30.0000  -22.500011484.4316   13.1914
    7.5000   30.0000  -22.500010909.5918   13.1653
   -7.5000   37.5000  -22.500011124.5156   13.1477
    0.0000   37.5000  -22.500011653.1211   13.1821
    7.5000   37.5000  -22.500011010.8740   13.1557
   -7.5000   45.0000  -22.500010404.3086   12.8367
    0.0000   45.0000  -22.500010914.1172   12.8699
    7.5000   45.0000  -22.500010289.6484   12.8446
   -7.5000  -45.0000  -15.0000 7242.1807   14.1829
    0.0000  -45.0000  -15.0000 7560.1411   14.2185
    7.5000  -45.0000  -15.0000 7240.0596   14.1847
   -7.5000  -37.5000  -15.0000 7923.4644   13.8701
    0.0000  -37.5000  -15.0000 8284.7979   13.9010
    7.5000  -37.5000  -15.0000 7913.4697   13.8711
   -7.5000  -30.0000  -15.0000 8935.6045   13.6835
    0.0000  -30.0000  -15.0000 9350.1973   13.7113
    7.5000  -30.0000  -15.0000 8927.2471   13.6831
   -7.5000  -22.5000  -15.000010010.0811   13.6631
    0.0000  -22.5000  -15.000010448.7256   13.6911
    7.5000  -22.5000  -15.0000 9996.0713   13.6631
   -7.5000  -15.0000  -15.000011019.5215   13.6517
    0.0000  -15.0000  -15.000011516.8730   13.6815
    7.5000  -15.0000  -15.000011024.3018   13.6522
   -7.5000   -7.5000  -15.000012015.3623   13.6467
    0.0000   -7.5000  -15.000012576.5342   13.6788
    7.5000   -7.5000  -15.000011994.4062   13.6479
   -7.5000    0.0000  -15.000012917.5898   13.6494
    0.0000    0.0000  -15.000013461.9961   13.6820
    7.5000    0.0000  -15.000012859.2998   13.6515
   -7.5000    7.5000  -15.000012797.3369   13.6604
    0.0000    7.5000  -15.000013348.9570   13.6903
    7.5000    7.5000  -15.000012726.6406   13.6612
   -7.5000   15.0000  -15.000012568.4365   13.6686
    0.0000   15.0000  -15.000013085.4336   13.6963
    7.5000   15.0000  -15.000012507.1914   13.6682
   -7.5000   22.5000  -15.000012294.5918   13.6579
    0.0000   22.5000  -15.000012845.6807   13.6859
    7.5000   22.5000  -15.000012233.9893   13.6579
   -7.5000   30.0000  -15.000012005.8164   13.4750
    0.0000   30.0000  -15.000012565.7881   13.5044
    7.5000   30.0000  -15.000011943.2979   13.4755
   -7.5000   37.5000  -15.000012111.0127   13.4701
    0.0000   37.5000  -15.000012674.7744   13.5017
    7.5000   37.5000  -15.000012004.8857   13.4713
   -7.5000   45.0000  -15.000011246.4561   13.1530
    0.0000   45.0000  -15.000011799.3359   13.1844
    7.5000   45.0000  -15.000011163.2744   13.1550
   -7.5000  -45.0000   -7.5000 8030.9551   14.3603
    0.0000  -45.0000   -7.5000 8417.9590   14.3923
    7.5000  -45.0000   -7.5000 8018.3501   14.3534
   -7.5000  -37.5000   -7.5000 8786.2314   14.0399
    0.0000  -37.5000   -7.5000 9214.9492   14.0680
    7.5000  -37.5000   -7.5000 8766.9707   14.0357
   -7.5000  -30.0000   -7.5000 9910.1914   13.8491
    0.0000  -30.0000   -7.500010370.5127   13.8747
    7.5000  -30.0000   -7.5000 9888.0967   13.8467
   -7.5000  -22.5000   -7.500011127.2656   13.8324
    0.0000  -22.5000   -7.500011612.1523   13.8579
    7.5000  -22.5000   -7.500011108.5117   13.8295
   -7.5000  -15.0000   -7.500012242.4033   13.8246
    0.0000  -15.0000   -7.500012762.8955   13.8513
    7.5000  -15.0000   -7.500012238.7256   13.8188
   -7.5000   -7.5000   -7.500013289.2197   13.8199
    0.0000   -7.5000   -7.500013865.2295   13.8483
    7.5000   -7.5000   -7.500013261.0625   13.8123
   -7.5000    0.0000   -7.500014179.7227   13.8209
    0.0000    0.0000   -7.500014745.0918   13.8499
    7.5000    0.0000   -7.500014130.1670   13.8145
   -7.5000    7.5000   -7.500014007.4854   13.8277
    0.0000    7.5000   -7.500014552.1484   13.8550
    7.5000    7.5000   -7.500013965.5098   13.8236
   -7.5000   15.0000   -7.500013745.5000   13.8341
    0.0000   15.0000   -7.500014278.0049   13.8596
    7.5000   15.0000   -7.500013712.1152   13.8316
   -7.5000   22.5000   -7.500013524.5508   13.8257
    0.0000   22.5000   -7.500014077.9717   13.8512
    7.5000   22.5000   -7.500013477.9639   13.8227
   -7.5000   30.0000   -7.500013226.1484   13.6453
    0.0000   30.0000   -7.500013803.5508   13.6717
    7.5000   30.0000   -7.500013175.0605   13.6396
   -7.5000   37.5000   -7.500013219.0459   13.6407
    0.0000   37.5000   -7.500013821.3135   13.6687
    7.5000   37.5000   -7.500013131.6162   13.6332
   -7.5000   45.0000   -7.500012197.7588   13.3208
    0.0000   45.0000   -7.500012754.3154   13.3487
    7.5000   45.0000   -7.500012144.0967   13.3146
   -7.5000  -45.0000    0.0000 8814.7881   14.4006
    0.0000  -45.0000    0.0000 9237.6387   14.4325
    7.5000  -45.0000    0.0000 8768.0947   14.3928
   -7.5000  -37.5000    0.0000 9631.1992   14.0865
    0.0000  -37.5000    0.000010093.3779   14.1155
    7.5000  -37.5000    0.0000 9600.0928   14.0834
   -7.5000  -30.0000    0.000010850.0938   13.8996
    0.0000  -30.0000    0.000011351.0879   13.9272
    7.5000  -30.0000    0.000010826.7471   13.9004
   -7.5000  -22.5000    0.000012242.2178   13.8805
    0.0000  -22.5000    0.000012774.5391   13.9079
    7.5000  -22.5000    0.000012203.2900   13.8798
   -7.5000  -15.0000    0.000013505.2100   13.8656
    0.0000  -15.0000    0.000014092.6416   13.8933
    7.5000  -15.0000    0.000013472.1211   13.8598
   -7.5000   -7.5000    0.000014650.9385   13.8557
    0.0000   -7.5000    0.000015271.2686   13.8840
    7.5000   -7.5000    0.000014589.2080   13.8464
   -7.5000    0.0000    0.000015493.3643   13.8592
    0.0000    0.0000    0.000016122.1270   13.8879
    7.5000    0.0000    0.000015439.6973   13.8515
   -7.5000    7.5000    0.000015246.2383   13.8735
    0.0000    7.5000    0.000015808.7393   13.9016
    7.5000    7.5000    0.000015215.8213   13.8705
   -7.5000   15.0000    0.000015002.4912   13.8845
    0.0000   15.0000    0.000015541.9951   13.9119
    7.5000   15.0000    0.000014959.0908   13.8852
   -7.5000   22.5000    0.000014835.5088   13.8738
    0.0000   22.5000    0.000015428.7803   13.9011
    7.5000   22.5000    0.000014747.6914   13.8731
   -7.5000   30.0000    0.000014472.8408   13.6862
    0.0000   30.0000    0.000015101.5645   13.7135
    7.5000   30.0000    0.000014381.2422   13.6804
   -7.5000   37.5000    0.000014306.1221   13.6764
    0.0000   37.5000    0.000014937.6133   13.7043
    7.5000   37.5000    0.000014211.8389   13.6672
   -7.5000   45.0000    0.000013120.5117   13.3587
    0.0000   45.0000    0.000013693.2041   13.3863
    7.5000   45.0000    0.000013078.3389   13.3513
   -7.5000  -45.0000    7.5000 8702.7637   14.4007
    0.0000  -45.0000    7.5000 9140.3965   14.4349
    7.5000  -45.0000    7.5000 8693.8867   14.3995
   -7.5000  -37.5000    7.5000 9545.9316   14.0984
    0.0000  -37.5000    7.500010007.7773   14.1299
    7.5000  -37.5000    7.5000 9535.5059   14.1008
   -7.5000  -30.0000    7.500010817.6504   13.9177
    0.0000  -30.0000    7.500011294.3369   13.9488
    7.5000  -30.0000    7.500010791.1299   13.9229
   -7.5000  -22.5000    7.500012249.5117   13.8911
    0.0000  -22.5000    7.500012756.0205   13.9228
    7.5000  -22.5000    7.500012199.0273   13.8956
   -7.5000  -15.0000    7.500013609.2695   13.8646
    0.0000  -15.0000    7.500014163.5615   13.8964
    7.5000  -15.0000    7.500013542.3711   13.8652
   -7.5000   -7.5000    7.500014879.1035   13.8493
    0.0000   -7.5000    7.500015442.1133   13.8806
    7.5000   -7.5000    7.500014787.6709   13.8468
   -7.5000    0.0000    7.500015813.4170   13.8579
    0.0000    0.0000    7.500016390.0566   13.8887
    7.5000    0.0000    7.500015714.0107   13.8563
   -7.5000    7.5000    7.500015545.0361   13.8849
    0.0000    7.5000    7.500016073.1377   13.9155
    7.5000    7.5000    7.500015442.8398   13.8872
   -7.5000   15.0000    7.500015200.0508   13.9025
    0.0000   15.0000    7.500015841.8721   13.9335
    7.5000   15.0000    7.500015063.6787   13.9077
   -7.5000   22.5000    7.500014914.2422   13.8844
    0.0000   22.5000    7.500015615.2734   13.9161
    7.5000   22.5000    7.500014719.7705   13.8889
   -7.5000   30.0000    7.500014475.0479   13.6852
    0.0000   30.0000    7.500015153.2832   13.7165
    7.5000   30.0000    7.500014299.1162   13.6858
   -7.5000   37.5000    7.500014236.2402   13.6700
    0.0000   37.5000    7.500014864.7178   13.7010
    7.5000   37.5000    7.500014089.0537   13.6676
   -7.5000   45.0000    7.500013093.2754   13.3574
    0.0000   45.0000    7.500013655.0400   13.3871
    7.5000   45.0000    7.500013016.0654   13.3559
   -7.5000  -45.0000   15.0000 8539.4600   14.3909
    0.0000  -45.0000   15.0000 8926.4111   14.4282
    7.5000  -45.0000   15.0000 8541.0420   14.3976
   -7.5000  -37.5000   15.0000 9338.5127   14.0935
    0.0000  -37.5000   15.0000 9748.6865   14.1273
    7.5000  -37.5000   15.0000 9350.1738   14.1002
   -7.5000  -30.0000   15.000010550.7178   13.9151
    0.0000  -30.0000   15.000010997.8574   13.9486
    7.5000  -30.0000   15.000010561.3604   13.9218
   -7.5000  -22.5000   15.000011945.8369   13.8840
    0.0000  -22.5000   15.000012443.4131   13.9188
    7.5000  -22.5000   15.000011937.1484   13.8918
   -7.5000  -15.0000   15.000013279.7588   13.8528
    0.0000  -15.0000   15.000013821.0928   13.8884
    7.5000  -15.0000   15.000013248.0352   13.8604
   -7.5000   -7.5000   15.000014602.2500   13.8366
    0.0000   -7.5000   15.000015229.7363   13.8719
    7.5000   -7.5000   15.000014523.9023   13.8430
   -7.5000    0.0000   15.000015794.0293   13.8475
    0.0000    0.0000   15.000016446.8574   13.8814
    7.5000    0.0000   15.000015682.2168   13.8537
   -7.5000    7.5000   15.000015570.4297   13.8800
    0.0000    7.5000   15.000016187.7168   13.9126
    7.5000    7.5000   15.000015444.2666   13.8862
   -7.5000   15.0000   15.000014992.8779   13.9000
    0.0000   15.0000   15.000015667.0488   13.9333
    7.5000   15.0000   15.000014839.2383   13.9066
   -7.5000   22.5000   15.000014554.7939   13.8772
    0.0000   22.5000   15.000015203.0537   13.9121
    7.5000   22.5000   15.000014374.7666   13.8851
   -7.5000   30.0000   15.000014202.6904   13.6735
    0.0000   30.0000   15.000014839.0645   13.7086
    7.5000   30.0000   15.000014012.1982   13.6810
   -7.5000   37.5000   15.000014049.7109   13.6576
    0.0000   37.5000   15.000014666.9814   13.6924
    7.5000   37.5000   15.000013816.0771   13.6639
   -7.5000   45.0000   15.000012955.6133   13.3474
    0.0000   45.0000   15.000013560.4395   13.3801
    7.5000   45.0000   15.000012775.4707   13.3533
   -7.5000  -45.0000   22.5000 8312.9404   14.3791
    0.0000  -45.0000   22.5000 8696.1436   14.4181
    7.5000  -45.0000   22.5000 8292.0947   14.3878
   -7.5000  -37.5000   22.5000 9090.3008   14.0738
    0.0000  -37.5000   22.5000 9496.8877   14.1083
    7.5000  -37.5000   22.5000 9071.9375   14.0803
   -7.5000  -30.0000   22.500010228.8008   13.8912
    0.0000  -30.0000   22.500010675.0049   13.9236
    7.5000  -30.0000   22.500010234.2793   13.8955
   -7.5000  -22.5000   22.500011550.1484   13.8637
    0.0000  -22.5000   22.500012037.6016   13.8970
    7.5000  -22.5000   22.500011557.1055   13.8692
   -7.5000  -15.0000   22.500012777.6602   13.8403
    0.0000  -15.0000   22.500013308.6182   13.8752
    7.5000  -15.0000   22.500012779.0557   13.8478
   -7.5000   -7.5000   22.500014000.1162   13.8292
    0.0000   -7.5000   22.500014612.7402   13.8655
    7.5000   -7.5000   22.500013991.1465   13.8377
   -7.5000    0.0000   22.500015195.1113   13.8368
    0.0000    0.0000   22.500015949.6113   13.8725
    7.5000    0.0000   22.500015128.3359   13.8453
   -7.5000    7.5000   22.500015099.5439   13.8607
    0.0000    7.5000   22.500015892.4531   13.8941
    7.5000    7.5000   22.500014972.9443   13.8667
   -7.5000   15.0000   22.500014543.3594   13.8761
    0.0000   15.0000   22.500015216.9375   13.9084
    7.5000   15.0000   22.500014367.8281   13.8803
   -7.5000   22.5000   22.500014088.7236   13.8569
    0.0000   22.5000   22.500014621.0449   13.8902
    7.5000   22.5000   22.500013916.0225   13.8625
   -7.5000   30.0000   22.500013805.2607   13.6612
    0.0000   30.0000   22.500014338.7646   13.6956
    7.5000   30.0000   22.500013638.5703   13.6686
   -7.5000   37.5000   22.500013655.4932   13.6502
    0.0000   37.5000   22.500014217.8047   13.6860
    7.5000   37.5000   22.500013440.4238   13.6586
   -7.5000   45.0000   22.500012618.7607   13.3371
    0.0000   45.0000   22.500013196.4551   13.3715
    7.5000   45.0000   22.500012425.9600   13.3452
   -7.5000  -45.0000   30.0000 7952.0122   14.3776
    0.0000  -45.0000   30.0000 8322.5059   14.4137
    7.5000  -45.0000   30.0000 7933.7471   14.3794
   -7.5000  -37.5000   30.0000 8689.8975   14.0605
    0.0000  -37.5000   30.0000 9058.9609   14.0918
    7.5000  -37.5000   30.0000 8663.9697   14.0615
   -7.5000  -30.0000   30.0000 9748.9541   13.8713
    0.0000  -30.0000   30.000010156.2295   13.8995
    7.5000  -30.0000   30.0000 9740.9756   13.8708
   -7.5000  -22.5000   30.000010952.3096   13.8506
    0.0000  -22.5000   30.000011420.0303   13.8790
    7.5000  -22.5000   30.000010948.8086   13.8506
   -7.5000  -15.0000   30.000012130.0918   13.8390
    0.0000  -15.0000   30.000012643.6318   13.8692
    7.5000  -15.0000   30.000012113.3789   13.8395
   -7.5000   -7.5000   30.000013309.2764   13.8340
    0.0000   -7.5000   30.000013911.4932   13.8665
    7.5000   -7.5000   30.000013283.1934   13.8352
   -7.5000    0.0000   30.000014413.0820   13.8368
    0.0000    0.0000   30.000015235.8887   13.8698
    7.5000    0.0000   30.000014362.5010   13.8389
   -7.5000    7.5000   30.000014308.9619   13.8478
    0.0000    7.5000   30.000015212.7861   13.8782
    7.5000    7.5000   30.000014212.3262   13.8486
   -7.5000   15.0000   30.000013800.0693   13.8562
    0.0000   15.0000   30.000014505.5479   13.8843
    7.5000   15.0000   30.000013664.1494   13.8557
   -7.5000   22.5000   30.000013373.7441   13.8439
    0.0000   22.5000   30.000013964.6777   13.8722
    7.5000   22.5000   30.000013230.8047   13.8439
   -7.5000   30.0000   30.000013079.7676   13.6599
    0.0000   30.0000   30.000013699.8760   13.6897
    7.5000   30.0000   30.000012947.4697   13.6604
   -7.5000   37.5000   30.000012877.9834   13.6549
    0.0000   37.5000   30.000013495.4648   13.6870
    7.5000   37.5000   30.000012729.2959   13.6561
   -7.5000   45.0000   30.000011895.2861   13.3370
    0.0000   45.0000   30.000012472.5957   13.3689
    7.5000   45.0000   30.000011767.8193   13.3391
   -7.5000  -45.0000   37.5000 7834.8872   14.3906
    0.0000  -45.0000   37.5000 8199.8633   14.4227
    7.5000  -45.0000   37.5000 7808.9790   14.3837
   -7.5000  -37.5000   37.5000 8525.3047   14.0695
    0.0000  -37.5000   37.5000 8898.5283   14.0977
    7.5000  -37.5000   37.5000 8495.6553   14.0652
   -7.5000  -30.0000   37.5000 9550.8223   13.8783
    0.0000  -30.0000   37.5000 9965.0713   13.9039
    7.5000  -30.0000   37.5000 9531.1875   13.8759
   -7.5000  -22.5000   37.500010707.0811   13.8616
    0.0000  -22.5000   37.500011180.9531   13.8871
    7.5000  -22.5000   37.500010688.8174   13.8586
   -7.5000  -15.0000   37.500011863.3154   13.8537
    0.0000  -15.0000   37.500012387.5635   13.8805
    7.5000  -15.0000   37.500011830.5537   13.8479
   -7.5000   -7.5000   37.500012983.4443   13.8490
    0.0000   -7.5000   37.500013601.0928   13.8775
    7.5000   -7.5000   37.500012961.9121   13.8414
   -7.5000    0.0000   37.500014039.2510   13.8500
    0.0000    0.0000   37.500014857.1797   13.8791
    7.5000    0.0000   37.500014001.8955   13.8436
   -7.5000    7.5000   37.500013914.8418   13.8568
    0.0000    7.5000   37.500014814.2637   13.8842
    7.5000    7.5000   37.500013838.3867   13.8527
   -7.5000   15.0000   37.500013485.4707   13.8632
    0.0000   15.0000   37.500014174.3975   13.8888
    7.5000   15.0000   37.500013384.1104   13.8608
   -7.5000   22.5000   37.500013096.2275   13.8548
    0.0000   22.5000   37.500013698.3965   13.8803
    7.5000   22.5000   37.500012989.0840   13.8519
   -7.5000   30.0000   37.500012790.0459   13.6744
    0.0000   30.0000   37.500013390.4121   13.7009
    7.5000   30.0000   37.500012660.8066   13.6687
   -7.5000   37.5000   37.500012542.3477   13.6698
    0.0000   37.5000   37.500013121.9072   13.6979
    7.5000   37.5000   37.500012398.5762   13.6623
   -7.5000   45.0000   37.500011549.0547   13.3498
    0.0000   45.0000   37.500012071.8242   13.3779
    7.5000   45.0000   37.500011436.1104   13.3437
   -7.5000  -45.0000   45.0000 7382.9082   14.4464
    0.0000  -45.0000   45.0000 7733.2446   14.4788
    7.5000  -45.0000   45.0000 7367.5083   14.4383
   -7.5000  -37.5000   45.0000 8016.8613   14.1289
    0.0000  -37.5000   45.0000 8391.9307   14.1582
    7.5000  -37.5000   45.0000 8001.4727   14.1255
   -7.5000  -30.0000   45.0000 8974.9668   13.9401
    0.0000  -30.0000   45.0000 9380.4102   13.9679
    7.5000  -30.0000   45.0000 8967.4883   13.9405
   -7.5000  -22.5000   45.000010025.1016   13.9205
    0.0000  -22.5000   45.000010469.4551   13.9480
    7.5000  -22.5000   45.000010010.8223   13.9195
   -7.5000  -15.0000   45.000011083.6533   13.9048
    0.0000  -15.0000   45.000011573.5645   13.9327
    7.5000  -15.0000   45.000011066.1289   13.8987
   -7.5000   -7.5000   45.000012115.2305   13.8945
    0.0000   -7.5000   45.000012659.2588   13.9230
    7.5000   -7.5000   45.000012119.5303   13.8850
   -7.5000    0.0000   45.000013085.8320   13.8981
    0.0000    0.0000   45.000013800.6914   13.9272
    7.5000    0.0000   45.000013080.1777   13.8902
   -7.5000    7.5000   45.000012979.4844   13.9132
    0.0000    7.5000   45.000013752.3213   13.9417
    7.5000    7.5000   45.000012921.3965   13.9100
   -7.5000   15.0000   45.000012608.1475   13.9248
    0.0000   15.0000   45.000013249.0732   13.9524
    7.5000   15.0000   45.000012529.4473   13.9251
   -7.5000   22.5000   45.000012262.8623   13.9137
    0.0000   22.5000   45.000012835.2949   13.9412
    7.5000   22.5000   45.000012180.2578   13.9127
   -7.5000   30.0000   45.000011952.6709   13.7237
    0.0000   30.0000   45.000012524.5908   13.7512
    7.5000   30.0000   45.000011847.6016   13.7177
   -7.5000   37.5000   45.000011686.3516   13.7134
    0.0000   37.5000   45.000012220.6074   13.7416
    7.5000   37.5000   45.000011572.4004   13.7041
   -7.5000   45.0000   45.000010739.5986   13.4023
    0.0000   45.0000   45.000011199.1553   13.4303
    7.5000   45.0000   45.000010655.6904   13.3946

---------------------------------------------------------------------
imgreg_4dfp /opt/freesurfer/average/711-2C_as_mni_average_305 /opt/freesurfer/average/711-2B_as_mni_average_305_mask talsrcimg_g11 none talsrcimg_to_711-2C_as_mni_average_305_t4 4355
---------------------------------------------------------------------

freesurfer imgreg_4dfp.c
/opt/freesurfer/average/711-2C_as_mni_average_305.4dfp.img
       256       256       256         1
  1.000000  1.000000  1.000000
orientation T byte_order littleendian
Reading image: /opt/freesurfer/average/711-2C_as_mni_average_305.4dfp.img
dimensions:      256       256       256
mmppix:       1.0000   -1.0000   -1.0000
center:     128.0000 -129.0000 -129.0000
/opt/freesurfer/average/711-2B_as_mni_average_305_mask.4dfp.img
       256       256       256         1
  1.000000  1.000000  1.000000
orientation T byte_order littleendian
Reading mask: /opt/freesurfer/average/711-2B_as_mni_average_305_mask.4dfp.img (2306576 pixels)
talsrcimg_g11.4dfp.img
       256       256       256         1
  1.000000  1.000000  1.000000
orientation T byte_order littleendian
Reading image: talsrcimg_g11.4dfp.img
dimensions:      256       256       256
mmppix:       1.0000   -1.0000   -1.0000
center:     128.0000 -129.0000 -129.0000
rotation matrix determinant  1.000000
image alignment mode   4355 decimal     1103 hex
   -7.5000  -45.0000  -30.0000 1715.3357   23.5911
    0.0000  -45.0000  -30.0000 1708.6483   23.2513
    7.5000  -45.0000  -30.0000 1710.5040   23.9958
   -7.5000  -37.5000  -30.0000 1864.3932   20.5788
    0.0000  -37.5000  -30.0000 1856.8488   20.3251
    7.5000  -37.5000  -30.0000 1858.7728   20.8225
   -7.5000  -30.0000  -30.0000 1987.1035   18.2997
    0.0000  -30.0000  -30.0000 1979.2949   18.1328
    7.5000  -30.0000  -30.0000 1982.3143   18.4904
   -7.5000  -22.5000  -30.0000 2085.5178   16.5025
    0.0000  -22.5000  -30.0000 2091.3032   16.4162
    7.5000  -22.5000  -30.0000 2082.0063   16.6826
   -7.5000  -15.0000  -30.0000 2186.6560   15.2629
    0.0000  -15.0000  -30.0000 2193.6978   15.1964
    7.5000  -15.0000  -30.0000 2183.5623   15.4155
   -7.5000   -7.5000  -30.0000 2264.1226   14.4351
    0.0000   -7.5000  -30.0000 2266.1631   14.3493
    7.5000   -7.5000  -30.0000 2264.2676   14.5557
   -7.5000    0.0000  -30.0000 2326.4299   13.8245
    0.0000    0.0000  -30.0000 2334.5627   13.7449
    7.5000    0.0000  -30.0000 2323.8274   13.9485
   -7.5000    7.5000  -30.0000 2365.1416   13.4931
    0.0000    7.5000  -30.0000 2371.8799   13.3846
    7.5000    7.5000  -30.0000 2364.0662   13.5891
   -7.5000   15.0000  -30.0000 2376.0085   13.4166
    0.0000   15.0000  -30.0000 2388.0505   13.3415
    7.5000   15.0000  -30.0000 2376.8630   13.4886
   -7.5000   22.5000  -30.0000 2357.1233   13.5385
    0.0000   22.5000  -30.0000 2368.3740   13.4751
    7.5000   22.5000  -30.0000 2358.5466   13.6309
   -7.5000   30.0000  -30.0000 2324.0383   13.9620
    0.0000   30.0000  -30.0000 2336.8120   13.8863
    7.5000   30.0000  -30.0000 2317.1963   14.0089
   -7.5000   37.5000  -30.0000 2277.0354   14.6155
    0.0000   37.5000  -30.0000 2292.6782   14.5023
    7.5000   37.5000  -30.0000 2269.0066   14.6360
   -7.5000   45.0000  -30.0000 2212.4507   15.4190
    0.0000   45.0000  -30.0000 2219.2017   15.3388
    7.5000   45.0000  -30.0000 2205.3809   15.4524
   -7.5000  -45.0000  -22.5000 1811.1849   22.0367
    0.0000  -45.0000  -22.5000 1808.5171   21.8875
    7.5000  -45.0000  -22.5000 1806.2391   22.3169
   -7.5000  -37.5000  -22.5000 1962.6973   19.1666
    0.0000  -37.5000  -22.5000 1961.5756   19.1139
    7.5000  -37.5000  -22.5000 1957.6338   19.3411
   -7.5000  -30.0000  -22.5000 2090.7886   17.0338
    0.0000  -30.0000  -22.5000 2090.0137   17.0430
    7.5000  -30.0000  -22.5000 2087.7024   17.2043
   -7.5000  -22.5000  -22.5000 2203.4312   15.4616
    0.0000  -22.5000  -22.5000 2207.6697   15.4640
    7.5000  -22.5000  -22.5000 2196.5139   15.6095
   -7.5000  -15.0000  -22.5000 2310.2192   14.2159
    0.0000  -15.0000  -22.5000 2321.1873   14.2009
    7.5000  -15.0000  -22.5000 2302.9065   14.3485
   -7.5000   -7.5000  -22.5000 2397.3320   13.4214
    0.0000   -7.5000  -22.5000 2410.4697   13.3880
    7.5000   -7.5000  -22.5000 2387.6482   13.5354
   -7.5000    0.0000  -22.5000 2450.6575   12.8744
    0.0000    0.0000  -22.5000 2466.1521   12.8175
    7.5000    0.0000  -22.5000 2443.7195   12.9637
   -7.5000    7.5000  -22.5000 2490.5627   12.5554
    0.0000    7.5000  -22.5000 2503.6809   12.5122
    7.5000    7.5000  -22.5000 2482.8184   12.6335
   -7.5000   15.0000  -22.5000 2498.3093   12.5264
    0.0000   15.0000  -22.5000 2513.7190   12.4853
    7.5000   15.0000  -22.5000 2497.8655   12.5983
   -7.5000   22.5000  -22.5000 2473.6572   12.6872
    0.0000   22.5000  -22.5000 2489.3489   12.6739
    7.5000   22.5000  -22.5000 2477.6121   12.7798
   -7.5000   30.0000  -22.5000 2442.0066   13.0888
    0.0000   30.0000  -22.5000 2461.1929   13.0641
    7.5000   30.0000  -22.5000 2439.3518   13.1437
   -7.5000   37.5000  -22.5000 2406.6362   13.6189
    0.0000   37.5000  -22.5000 2423.8950   13.5775
    7.5000   37.5000  -22.5000 2399.7014   13.6483
   -7.5000   45.0000  -22.5000 2336.4216   14.2847
    0.0000   45.0000  -22.5000 2352.6526   14.2520
    7.5000   45.0000  -22.5000 2330.4270   14.2999
   -7.5000  -45.0000  -15.0000 1882.1785   20.5665
    0.0000  -45.0000  -15.0000 1881.4647   20.5607
    7.5000  -45.0000  -15.0000 1874.1447   20.8585
   -7.5000  -37.5000  -15.0000 2041.0813   17.8702
    0.0000  -37.5000  -15.0000 2046.6174   17.8680
    7.5000  -37.5000  -15.0000 2033.0623   18.0588
   -7.5000  -30.0000  -15.0000 2177.7986   15.9133
    0.0000  -30.0000  -15.0000 2180.9868   15.9174
    7.5000  -30.0000  -15.0000 2169.6948   16.0289
   -7.5000  -22.5000  -15.0000 2296.6138   14.4537
    0.0000  -22.5000  -15.0000 2302.3186   14.4621
    7.5000  -22.5000  -15.0000 2285.9978   14.5579
   -7.5000  -15.0000  -15.0000 2403.9529   13.2955
    0.0000  -15.0000  -15.0000 2419.5930   13.2930
    7.5000  -15.0000  -15.0000 2397.5776   13.4019
   -7.5000   -7.5000  -15.0000 2492.7625   12.4709
    0.0000   -7.5000  -15.0000 2515.8225   12.4215
    7.5000   -7.5000  -15.0000 2484.3135   12.5616
   -7.5000    0.0000  -15.0000 2551.6045   11.9521
    0.0000    0.0000  -15.0000 2567.1445   11.8908
    7.5000    0.0000  -15.0000 2539.5557   12.0263
   -7.5000    7.5000  -15.0000 2583.6367   11.6657
    0.0000    7.5000  -15.0000 2601.3887   11.6467
    7.5000    7.5000  -15.0000 2574.8247   11.7351
   -7.5000   15.0000  -15.0000 2595.1008   11.6685
    0.0000   15.0000  -15.0000 2609.4121   11.6211
    7.5000   15.0000  -15.0000 2591.2634   11.7217
   -7.5000   22.5000  -15.0000 2573.6621   11.8593
    0.0000   22.5000  -15.0000 2595.7898   11.8599
    7.5000   22.5000  -15.0000 2575.2231   11.9413
   -7.5000   30.0000  -15.0000 2547.2278   12.1960
    0.0000   30.0000  -15.0000 2573.4336   12.1959
    7.5000   30.0000  -15.0000 2545.5254   12.2655
   -7.5000   37.5000  -15.0000 2505.5044   12.5989
    0.0000   37.5000  -15.0000 2531.9221   12.6010
    7.5000   37.5000  -15.0000 2504.0498   12.6440
   -7.5000   45.0000  -15.0000 2438.7056   13.1814
    0.0000   45.0000  -15.0000 2461.0579   13.1941
    7.5000   45.0000  -15.0000 2435.8035   13.2209
   -7.5000  -45.0000   -7.5000 1943.3739   19.3297
    0.0000  -45.0000   -7.5000 1952.3845   19.2910
    7.5000  -45.0000   -7.5000 1933.6034   19.4500
   -7.5000  -37.5000   -7.5000 2111.6975   16.7949
    0.0000  -37.5000   -7.5000 2123.4382   16.7312
    7.5000  -37.5000   -7.5000 2098.0569   16.9003
   -7.5000  -30.0000   -7.5000 2253.0779   14.9139
    0.0000  -30.0000   -7.5000 2261.1245   14.8837
    7.5000  -30.0000   -7.5000 2241.6306   14.9902
   -7.5000  -22.5000   -7.5000 2373.1040   13.5457
    0.0000  -22.5000   -7.5000 2380.7515   13.5059
    7.5000  -22.5000   -7.5000 2365.7983   13.6115
   -7.5000  -15.0000   -7.5000 2482.7312   12.4655
    0.0000  -15.0000   -7.5000 2498.4927   12.4017
    7.5000  -15.0000   -7.5000 2477.6313   12.5325
   -7.5000   -7.5000   -7.5000 2579.0276   11.6333
    0.0000   -7.5000   -7.5000 2598.6245   11.5474
    7.5000   -7.5000   -7.5000 2570.6030   11.7078
   -7.5000    0.0000   -7.5000 2635.3318   11.0970
    0.0000    0.0000   -7.5000 2649.4175   10.9853
    7.5000    0.0000   -7.5000 2623.0989   11.1590
   -7.5000    7.5000   -7.5000 2663.8181   10.8309
    0.0000    7.5000   -7.5000 2681.3555   10.7769
    7.5000    7.5000   -7.5000 2654.3896   10.8995
   -7.5000   15.0000   -7.5000 2676.0959   10.8314
    0.0000   15.0000   -7.5000 2689.9458   10.7551
    7.5000   15.0000   -7.5000 2672.7307   10.8765
   -7.5000   22.5000   -7.5000 2665.4116   11.0345
    0.0000   22.5000   -7.5000 2686.3945   10.9895
    7.5000   22.5000   -7.5000 2663.6956   11.0916
   -7.5000   30.0000   -7.5000 2644.4753   11.3027
    0.0000   30.0000   -7.5000 2663.3364   11.2670
    7.5000   30.0000   -7.5000 2637.5376   11.3706
   -7.5000   37.5000   -7.5000 2601.4219   11.6596
    0.0000   37.5000   -7.5000 2625.2771   11.6336
    7.5000   37.5000   -7.5000 2596.0669   11.7075
   -7.5000   45.0000   -7.5000 2530.8625   12.2049
    0.0000   45.0000   -7.5000 2553.4390   12.1923
    7.5000   45.0000   -7.5000 2526.9060   12.2389
   -7.5000  -45.0000    0.0000 2003.7280   18.1682
    0.0000  -45.0000    0.0000 2012.6360   18.0580
    7.5000  -45.0000    0.0000 1988.6831   18.2600
   -7.5000  -37.5000    0.0000 2165.4568   15.8834
    0.0000  -37.5000    0.0000 2178.0393   15.7940
    7.5000  -37.5000    0.0000 2154.3215   15.9477
   -7.5000  -30.0000    0.0000 2304.9729   14.1249
    0.0000  -30.0000    0.0000 2319.2312   14.0287
    7.5000  -30.0000    0.0000 2298.4731   14.1661
   -7.5000  -22.5000    0.0000 2436.5786   12.8358
    0.0000  -22.5000    0.0000 2447.5979   12.7442
    7.5000  -22.5000    0.0000 2433.9014   12.8710
   -7.5000  -15.0000    0.0000 2544.6125   11.8178
    0.0000  -15.0000    0.0000 2558.7163   11.7127
    7.5000  -15.0000    0.0000 2545.0940   11.8503
   -7.5000   -7.5000    0.0000 2647.9685   11.0271
    0.0000   -7.5000    0.0000 2661.6287   10.8757
    7.5000   -7.5000    0.0000 2641.3975   11.0756
   -7.5000    0.0000    0.0000 2701.7253   10.4353
    0.0000    0.0000    0.0000 2713.6719   10.2706
    7.5000    0.0000    0.0000 2695.6367   10.4981
   -7.5000    7.5000    0.0000 2736.8989   10.1398
    0.0000    7.5000    0.0000 2750.5342   10.0206
    7.5000    7.5000    0.0000 2729.5647   10.1992
   -7.5000   15.0000    0.0000 2757.1208   10.1120
    0.0000   15.0000    0.0000 2765.4526   10.0092
    7.5000   15.0000    0.0000 2749.6072   10.1594
   -7.5000   22.5000    0.0000 2750.7104   10.2880
    0.0000   22.5000    0.0000 2771.3665   10.2001
    7.5000   22.5000    0.0000 2747.9424   10.3333
   -7.5000   30.0000    0.0000 2733.0857   10.5385
    0.0000   30.0000    0.0000 2746.4719   10.4411
    7.5000   30.0000    0.0000 2727.0688   10.5780
   -7.5000   37.5000    0.0000 2687.1536   10.8821
    0.0000   37.5000    0.0000 2706.0442   10.7939
    7.5000   37.5000    0.0000 2683.1274   10.8923
   -7.5000   45.0000    0.0000 2609.8750   11.4008
    0.0000   45.0000    0.0000 2629.7424   11.3176
    7.5000   45.0000    0.0000 2605.4736   11.4054
   -7.5000  -45.0000    7.5000 2038.6646   17.1699
    0.0000  -45.0000    7.5000 2046.7157   17.0640
    7.5000  -45.0000    7.5000 2039.8937   17.2804
   -7.5000  -37.5000    7.5000 2195.1606   15.0612
    0.0000  -37.5000    7.5000 2208.9226   14.9122
    7.5000  -37.5000    7.5000 2197.3398   15.1637
   -7.5000  -30.0000    7.5000 2339.9993   13.4433
    0.0000  -30.0000    7.5000 2355.7585   13.2856
    7.5000  -30.0000    7.5000 2338.5088   13.5144
   -7.5000  -22.5000    7.5000 2486.2585   12.2789
    0.0000  -22.5000    7.5000 2501.4417   12.1205
    7.5000  -22.5000    7.5000 2482.1726   12.3017
   -7.5000  -15.0000    7.5000 2603.6257   11.3802
    0.0000  -15.0000    7.5000 2615.8308   11.2037
    7.5000  -15.0000    7.5000 2601.3772   11.3834
   -7.5000   -7.5000    7.5000 2700.8921   10.6406
    0.0000   -7.5000    7.5000 2707.7356   10.4381
    7.5000   -7.5000    7.5000 2698.4004   10.6378
   -7.5000    0.0000    7.5000 2764.2002   10.0626
    0.0000    0.0000    7.5000 2771.8940    9.8387
    7.5000    0.0000    7.5000 2762.7371   10.0821
   -7.5000    7.5000    7.5000 2808.7773    9.6532
    0.0000    7.5000    7.5000 2815.1169    9.4419
    7.5000    7.5000    7.5000 2802.6050    9.7186
   -7.5000   15.0000    7.5000 2828.1174    9.5564
    0.0000   15.0000    7.5000 2831.1172    9.3903
    7.5000   15.0000    7.5000 2822.1958    9.5936
   -7.5000   22.5000    7.5000 2827.7209    9.7062
    0.0000   22.5000    7.5000 2841.4434    9.5641
    7.5000   22.5000    7.5000 2827.0562    9.7197
   -7.5000   30.0000    7.5000 2806.2231    9.9024
    0.0000   30.0000    7.5000 2819.9963    9.7749
    7.5000   30.0000    7.5000 2803.8821    9.9125
   -7.5000   37.5000    7.5000 2759.8396   10.2709
    0.0000   37.5000    7.5000 2773.2170   10.1326
    7.5000   37.5000    7.5000 2756.9570   10.2879
   -7.5000   45.0000    7.5000 2686.7097   10.8976
    0.0000   45.0000    7.5000 2696.1487   10.7460
    7.5000   45.0000    7.5000 2681.6819   10.9264
   -7.5000  -45.0000   15.0000 2083.1912   16.6987
    0.0000  -45.0000   15.0000 2083.3911   16.5006
    7.5000  -45.0000   15.0000 2085.1045   16.8076
   -7.5000  -37.5000   15.0000 2236.4399   14.6539
    0.0000  -37.5000   15.0000 2237.4529   14.4373
    7.5000  -37.5000   15.0000 2238.6299   14.7698
   -7.5000  -30.0000   15.0000 2374.8372   12.9920
    0.0000  -30.0000   15.0000 2383.1826   12.8199
    7.5000  -30.0000   15.0000 2376.9890   13.1136
   -7.5000  -22.5000   15.0000 2518.5310   11.7842
    0.0000  -22.5000   15.0000 2529.6824   11.6544
    7.5000  -22.5000   15.0000 2520.9180   11.8616
   -7.5000  -15.0000   15.0000 2635.2153   10.9439
    0.0000  -15.0000   15.0000 2643.0620   10.8100
    7.5000  -15.0000   15.0000 2632.4231   10.9898
   -7.5000   -7.5000   15.0000 2732.9175   10.2826
    0.0000   -7.5000   15.0000 2736.4446   10.1098
    7.5000   -7.5000   15.0000 2728.0042   10.3038
   -7.5000    0.0000   15.0000 2807.0474    9.7769
    0.0000    0.0000   15.0000 2811.0020    9.6067
    7.5000    0.0000   15.0000 2804.8101    9.7819
   -7.5000    7.5000   15.0000 2861.2244    9.4166
    0.0000    7.5000   15.0000 2864.5303    9.2076
    7.5000    7.5000   15.0000 2857.8938    9.4542
   -7.5000   15.0000   15.0000 2880.9956    9.1617
    0.0000   15.0000   15.0000 2880.0706    8.9869
    7.5000   15.0000   15.0000 2871.5198    9.2333
   -7.5000   22.5000   15.0000 2878.7542    9.2037
    0.0000   22.5000   15.0000 2886.4109    9.0584
    7.5000   22.5000   15.0000 2876.0667    9.2524
   -7.5000   30.0000   15.0000 2854.7454    9.4385
    0.0000   30.0000   15.0000 2861.6362    9.2847
    7.5000   30.0000   15.0000 2854.4155    9.4889
   -7.5000   37.5000   15.0000 2817.2222    9.9277
    0.0000   37.5000   15.0000 2827.5566    9.7634
    7.5000   37.5000   15.0000 2815.2112    9.9661
   -7.5000   45.0000   15.0000 2738.4709   10.6474
    0.0000   45.0000   15.0000 2757.7759   10.5181
    7.5000   45.0000   15.0000 2739.8787   10.6792
   -7.5000  -45.0000   22.5000 2123.9326   16.4747
    0.0000  -45.0000   22.5000 2127.4194   16.3467
    7.5000  -45.0000   22.5000 2120.9690   16.6279
   -7.5000  -37.5000   22.5000 2274.6482   14.5113
    0.0000  -37.5000   22.5000 2282.0410   14.3209
    7.5000  -37.5000   22.5000 2271.1724   14.5936
   -7.5000  -30.0000   22.5000 2406.8079   12.9049
    0.0000  -30.0000   22.5000 2417.8511   12.6894
    7.5000  -30.0000   22.5000 2406.4180   12.9744
   -7.5000  -22.5000   22.5000 2552.2192   11.6695
    0.0000  -22.5000   22.5000 2559.6694   11.5139
    7.5000  -22.5000   22.5000 2552.8838   11.7383
   -7.5000  -15.0000   22.5000 2658.8372   10.7664
    0.0000  -15.0000   22.5000 2662.9609   10.6379
    7.5000  -15.0000   22.5000 2657.2529   10.8337
   -7.5000   -7.5000   22.5000 2746.7788   10.0637
    0.0000   -7.5000   22.5000 2747.0581    9.9535
    7.5000   -7.5000   22.5000 2745.0125   10.1051
   -7.5000    0.0000   22.5000 2822.6252    9.5383
    0.0000    0.0000   22.5000 2825.7776    9.4408
    7.5000    0.0000   22.5000 2819.2534    9.5609
   -7.5000    7.5000   22.5000 2882.6851    9.2201
    0.0000    7.5000   22.5000 2890.2256    9.1309
    7.5000    7.5000   22.5000 2880.9502    9.2452
   -7.5000   15.0000   22.5000 2906.4712    8.9959
    0.0000   15.0000   22.5000 2916.0146    8.8960
    7.5000   15.0000   22.5000 2897.0203    9.0638
   -7.5000   22.5000   22.5000 2912.1626    8.9829
    0.0000   22.5000   22.5000 2914.5237    8.8527
    7.5000   22.5000   22.5000 2902.1392    9.0591
   -7.5000   30.0000   22.5000 2895.8062    9.2709
    0.0000   30.0000   22.5000 2901.6096    9.0711
    7.5000   30.0000   22.5000 2895.1038    9.3281
   -7.5000   37.5000   22.5000 2851.5854    9.7959
    0.0000   37.5000   22.5000 2870.6213    9.6011
    7.5000   37.5000   22.5000 2854.6814    9.8205
   -7.5000   45.0000   22.5000 2769.4705   10.5694
    0.0000   45.0000   22.5000 2790.8840   10.3979
    7.5000   45.0000   22.5000 2771.4792   10.5810
   -7.5000  -45.0000   30.0000 2144.5439   16.4671
    0.0000  -45.0000   30.0000 2151.0642   16.3395
    7.5000  -45.0000   30.0000 2139.9834   16.5592
   -7.5000  -37.5000   30.0000 2296.1667   14.4960
    0.0000  -37.5000   30.0000 2300.7136   14.3240
    7.5000  -37.5000   30.0000 2289.5737   14.5570
   -7.5000  -30.0000   30.0000 2422.4854   12.9162
    0.0000  -30.0000   30.0000 2426.5667   12.7331
    7.5000  -30.0000   30.0000 2419.5979   12.9926
   -7.5000  -22.5000   30.0000 2560.1848   11.6697
    0.0000  -22.5000   30.0000 2565.9807   11.5194
    7.5000  -22.5000   30.0000 2556.2683   11.7548
   -7.5000  -15.0000   30.0000 2665.8984   10.7764
    0.0000  -15.0000   30.0000 2672.2939   10.6382
    7.5000  -15.0000   30.0000 2662.4341   10.8343
   -7.5000   -7.5000   30.0000 2754.5964   10.0991
    0.0000   -7.5000   30.0000 2760.8623    9.9895
    7.5000   -7.5000   30.0000 2749.5942   10.1200
   -7.5000    0.0000   30.0000 2829.5718    9.5753
    0.0000    0.0000   30.0000 2843.7373    9.5255
    7.5000    0.0000   30.0000 2821.6711    9.5710
   -7.5000    7.5000   30.0000 2890.8933    9.2520
    0.0000    7.5000   30.0000 2910.1348    9.2534
    7.5000    7.5000   30.0000 2881.5376    9.2382
   -7.5000   15.0000   30.0000 2905.1384    8.9897
    0.0000   15.0000   30.0000 2933.3049    8.9664
    7.5000   15.0000   30.0000 2892.0100    9.0147
   -7.5000   22.5000   30.0000 2920.1267    9.0114
    0.0000   22.5000   30.0000 2932.3789    8.8810
    7.5000   22.5000   30.0000 2907.8235    9.0552
   -7.5000   30.0000   30.0000 2903.5649    9.3034
    0.0000   30.0000   30.0000 2929.4592    9.1883
    7.5000   30.0000   30.0000 2901.3704    9.3349
   -7.5000   37.5000   30.0000 2850.2778    9.8578
    0.0000   37.5000   30.0000 2878.3025    9.7535
    7.5000   37.5000   30.0000 2852.7202    9.8712
   -7.5000   45.0000   30.0000 2764.0530   10.6091
    0.0000   45.0000   30.0000 2784.4417   10.4864
    7.5000   45.0000   30.0000 2761.4263   10.6265
   -7.5000  -45.0000   37.5000 2152.8711   16.6411
    0.0000  -45.0000   37.5000 2164.2466   16.4899
    7.5000  -45.0000   37.5000 2148.8110   16.6688
   -7.5000  -37.5000   37.5000 2298.1694   14.6939
    0.0000  -37.5000   37.5000 2306.5610   14.5348
    7.5000  -37.5000   37.5000 2290.9651   14.7234
   -7.5000  -30.0000   37.5000 2420.3691   13.1072
    0.0000  -30.0000   37.5000 2427.9172   12.9577
    7.5000  -30.0000   37.5000 2413.2444   13.1574
   -7.5000  -22.5000   37.5000 2550.0515   11.8304
    0.0000  -22.5000   37.5000 2558.7153   11.7185
    7.5000  -22.5000   37.5000 2540.7832   11.9063
   -7.5000  -15.0000   37.5000 2656.6426   10.9083
    0.0000  -15.0000   37.5000 2667.0044   10.7936
    7.5000  -15.0000   37.5000 2646.4150   10.9853
   -7.5000   -7.5000   37.5000 2744.2007   10.2367
    0.0000   -7.5000   37.5000 2756.9670   10.1287
    7.5000   -7.5000   37.5000 2737.0747   10.2939
   -7.5000    0.0000   37.5000 2816.2751    9.7420
    0.0000    0.0000   37.5000 2837.4141    9.6928
    7.5000    0.0000   37.5000 2807.5906    9.7686
   -7.5000    7.5000   37.5000 2873.5073    9.3856
    0.0000    7.5000   37.5000 2905.5115    9.4109
    7.5000    7.5000   37.5000 2864.2698    9.3610
   -7.5000   15.0000   37.5000 2892.8926    9.1426
    0.0000   15.0000   37.5000 2925.7991    9.1158
    7.5000   15.0000   37.5000 2884.4722    9.1353
   -7.5000   22.5000   37.5000 2909.9773    9.1892
    0.0000   22.5000   37.5000 2936.8540    9.0935
    7.5000   22.5000   37.5000 2899.3206    9.1958
   -7.5000   30.0000   37.5000 2890.3386    9.5200
    0.0000   30.0000   37.5000 2920.5176    9.4344
    7.5000   30.0000   37.5000 2882.8743    9.5091
   -7.5000   37.5000   37.5000 2831.1929   10.0994
    0.0000   37.5000   37.5000 2861.4551   10.0145
    7.5000   37.5000   37.5000 2828.1013   10.0963
   -7.5000   45.0000   37.5000 2737.2356   10.8589
    0.0000   45.0000   37.5000 2758.7864   10.7268
    7.5000   45.0000   37.5000 2733.8325   10.8285
   -7.5000  -45.0000   45.0000 2144.4634   16.9661
    0.0000  -45.0000   45.0000 2157.5842   16.8274
    7.5000  -45.0000   45.0000 2138.2273   17.0267
   -7.5000  -37.5000   45.0000 2282.7266   15.0871
    0.0000  -37.5000   45.0000 2298.2812   14.9451
    7.5000  -37.5000   45.0000 2276.7534   15.1267
   -7.5000  -30.0000   45.0000 2403.0798   13.4796
    0.0000  -30.0000   45.0000 2415.1711   13.3595
    7.5000  -30.0000   45.0000 2396.4460   13.5530
   -7.5000  -22.5000   45.0000 2517.7148   12.1826
    0.0000  -22.5000   45.0000 2528.4963   12.0633
    7.5000  -22.5000   45.0000 2509.7822   12.2531
   -7.5000  -15.0000   45.0000 2623.5930   11.1882
    0.0000  -15.0000   45.0000 2631.7729   11.0664
    7.5000  -15.0000   45.0000 2616.0811   11.2386
   -7.5000   -7.5000   45.0000 2711.7009   10.4704
    0.0000   -7.5000   45.0000 2721.6699   10.3570
    7.5000   -7.5000   45.0000 2709.9509   10.5322
   -7.5000    0.0000   45.0000 2787.4263   10.0002
    0.0000    0.0000   45.0000 2798.3018    9.8901
    7.5000    0.0000   45.0000 2781.3506   10.0368
   -7.5000    7.5000   45.0000 2836.3325    9.6603
    0.0000    7.5000   45.0000 2858.6541    9.6142
    7.5000    7.5000   45.0000 2825.2180    9.6504
   -7.5000   15.0000   45.0000 2856.8384    9.4536
    0.0000   15.0000   45.0000 2883.5317    9.4013
    7.5000   15.0000   45.0000 2844.8433    9.4622
   -7.5000   22.5000   45.0000 2869.7747    9.5495
    0.0000   22.5000   45.0000 2894.2632    9.4691
    7.5000   22.5000   45.0000 2856.2820    9.5574
   -7.5000   30.0000   45.0000 2840.8489    9.9149
    0.0000   30.0000   45.0000 2867.6104    9.8387
    7.5000   30.0000   45.0000 2832.7698    9.9126
   -7.5000   37.5000   45.0000 2777.3630   10.4987
    0.0000   37.5000   45.0000 2801.5181   10.3917
    7.5000   37.5000   45.0000 2775.3928   10.4948
   -7.5000   45.0000   45.0000 2684.8567   11.2377
    0.0000   45.0000   45.0000 2697.8047   11.1067
    7.5000   45.0000   45.0000 2684.9858   11.2064
   -7.5000  -45.0000   52.5000 2118.8474   17.4141
    0.0000  -45.0000   52.5000 2131.9697   17.3716
    7.5000  -45.0000   52.5000 2112.1155   17.5045
   -7.5000  -37.5000   52.5000 2256.5781   15.5493
    0.0000  -37.5000   52.5000 2269.7805   15.4612
    7.5000  -37.5000   52.5000 2249.8945   15.6311
   -7.5000  -30.0000   52.5000 2377.0103   13.9662
    0.0000  -30.0000   52.5000 2386.8315   13.8703
    7.5000  -30.0000   52.5000 2368.9951   14.0754
   -7.5000  -22.5000   52.5000 2487.6299   12.6431
    0.0000  -22.5000   52.5000 2494.5845   12.5372
    7.5000  -22.5000   52.5000 2477.5586   12.7467
   -7.5000  -15.0000   52.5000 2584.9546   11.6071
    0.0000  -15.0000   52.5000 2587.1399   11.4872
    7.5000  -15.0000   52.5000 2574.5679   11.6652
   -7.5000   -7.5000   52.5000 2666.4331   10.8717
    0.0000   -7.5000   52.5000 2669.6543   10.7470
    7.5000   -7.5000   52.5000 2661.0193   10.9112
   -7.5000    0.0000   52.5000 2733.4172   10.3440
    0.0000    0.0000   52.5000 2739.5474   10.2318
    7.5000    0.0000   52.5000 2728.4033   10.3883
   -7.5000    7.5000   52.5000 2783.9902   10.0154
    0.0000    7.5000   52.5000 2793.6230    9.9116
    7.5000    7.5000   52.5000 2774.9944   10.0462
   -7.5000   15.0000   52.5000 2804.0603    9.8910
    0.0000   15.0000   52.5000 2818.7588    9.7949
    7.5000   15.0000   52.5000 2790.0791    9.9334
   -7.5000   22.5000   52.5000 2807.5454   10.0109
    0.0000   22.5000   52.5000 2825.3330    9.9018
    7.5000   22.5000   52.5000 2796.5955   10.0547
   -7.5000   30.0000   52.5000 2770.7129   10.4150
    0.0000   30.0000   52.5000 2792.7339   10.3056
    7.5000   30.0000   52.5000 2764.1272   10.4275
   -7.5000   37.5000   52.5000 2708.5437   10.9913
    0.0000   37.5000   52.5000 2728.0022   10.8342
    7.5000   37.5000   52.5000 2709.2236   10.9958
   -7.5000   45.0000   52.5000 2614.4961   11.6539
    0.0000   45.0000   52.5000 2630.5454   11.5015
    7.5000   45.0000   52.5000 2619.7234   11.6606
   -7.5000  -45.0000   60.0000 2067.3440   17.8626
    0.0000  -45.0000   60.0000 2079.8967   17.8477
    7.5000  -45.0000   60.0000 2055.6138   17.9961
   -7.5000  -37.5000   60.0000 2201.9529   16.0078
    0.0000  -37.5000   60.0000 2211.2236   15.9375
    7.5000  -37.5000   60.0000 2187.5393   16.1107
   -7.5000  -30.0000   60.0000 2313.5254   14.4649
    0.0000  -30.0000   60.0000 2319.2610   14.3729
    7.5000  -30.0000   60.0000 2299.6570   14.5491
   -7.5000  -22.5000   60.0000 2419.5603   13.1454
    0.0000  -22.5000   60.0000 2420.8821   13.0657
    7.5000  -22.5000   60.0000 2404.5925   13.2369
   -7.5000  -15.0000   60.0000 2503.2759   12.0824
    0.0000  -15.0000   60.0000 2505.1399   12.0059
    7.5000  -15.0000   60.0000 2491.6716   12.1812
   -7.5000   -7.5000   60.0000 2581.6472   11.3147
    0.0000   -7.5000   60.0000 2584.3079   11.2243
    7.5000   -7.5000   60.0000 2574.0867   11.4056
   -7.5000    0.0000   60.0000 2642.2197   10.7751
    0.0000    0.0000   60.0000 2640.0374   10.6659
    7.5000    0.0000   60.0000 2635.4431   10.8495
   -7.5000    7.5000   60.0000 2681.3726   10.4510
    0.0000    7.5000   60.0000 2689.5984   10.3329
    7.5000    7.5000   60.0000 2672.8110   10.5079
   -7.5000   15.0000   60.0000 2697.9231   10.3541
    0.0000   15.0000   60.0000 2712.9812   10.2556
    7.5000   15.0000   60.0000 2682.0903   10.4188
   -7.5000   22.5000   60.0000 2699.7705   10.4951
    0.0000   22.5000   60.0000 2713.9929   10.3795
    7.5000   22.5000   60.0000 2686.0200   10.5432
   -7.5000   30.0000   60.0000 2660.7400   10.9148
    0.0000   30.0000   60.0000 2676.2478   10.7718
    7.5000   30.0000   60.0000 2656.3462   10.9175
   -7.5000   37.5000   60.0000 2599.7307   11.4477
    0.0000   37.5000   60.0000 2613.4397   11.2786
    7.5000   37.5000   60.0000 2601.4983   11.4537
   -7.5000   45.0000   60.0000 2511.3215   12.1192
    0.0000   45.0000   60.0000 2528.7312   11.9396
    7.5000   45.0000   60.0000 2517.6938   12.1056

---------------------------------------------------------------------
imgreg_4dfp /opt/freesurfer/average/711-2C_as_mni_average_305 /opt/freesurfer/average/711-2B_as_mni_average_305_mask talsrcimg_g11 none talsrcimg_to_711-2C_as_mni_average_305_t4 1283
---------------------------------------------------------------------

freesurfer imgreg_4dfp.c
/opt/freesurfer/average/711-2C_as_mni_average_305.4dfp.img
       256       256       256         1
  1.000000  1.000000  1.000000
orientation T byte_order littleendian
Reading image: /opt/freesurfer/average/711-2C_as_mni_average_305.4dfp.img
dimensions:      256       256       256
mmppix:       1.0000   -1.0000   -1.0000
center:     128.0000 -129.0000 -129.0000
/opt/freesurfer/average/711-2B_as_mni_average_305_mask.4dfp.img
       256       256       256         1
  1.000000  1.000000  1.000000
orientation T byte_order littleendian
Reading mask: /opt/freesurfer/average/711-2B_as_mni_average_305_mask.4dfp.img (2306576 pixels)
talsrcimg_g11.4dfp.img
       256       256       256         1
  1.000000  1.000000  1.000000
orientation T byte_order littleendian
Reading image: talsrcimg_g11.4dfp.img
dimensions:      256       256       256
mmppix:       1.0000   -1.0000   -1.0000
center:     128.0000 -129.0000 -129.0000
rotation matrix determinant  1.000000
fimgreg.f
image alignment mode   1283 decimal      503 hex
parameters
    0.0000   22.5000   37.5000    0.0000    0.0000    0.0000
eta,q 0.92093  9.10298
niter,ni,del,rscale     5    3   12.0000    1.2000
parameter  3  1.356652 ->  0.500000 qaram    1.1500
parameters
   -0.6404   22.7657   34.0500   -0.0192   -0.7736    0.3868
eta,q 0.92682  8.84260
  0.0842  0.0807  0.0731  0.0773  0.0765  0.0778
  0.0810  0.0792  0.0727  0.0757  0.0754  0.0763
  0.0793  0.0782  0.0753  0.0741  0.0740  0.0744
  0.0784  0.0783  0.0784  0.0734  0.0734  0.0732
  0.0789  0.0780  0.0800  0.0737  0.0751  0.0736
  0.0827  0.0784  0.0829  0.0755  0.0770  0.0753
  0.0886  0.0806  0.0879  0.0777  0.0777  0.0771
niter,ni,del,rscale     5    3   12.0000    1.2000
parameters
   -0.4621   22.8587   32.9777   -0.6247   -1.2560    0.4679
eta,q 0.92718  8.82800
  0.0836  0.0773  0.0796  0.0763  0.0765  0.0770
  0.0799  0.0750  0.0754  0.0752  0.0751  0.0756
  0.0757  0.0736  0.0732  0.0738  0.0742  0.0737
  0.0732  0.0732  0.0732  0.0726  0.0727  0.0728
  0.0745  0.0735  0.0771  0.0737  0.0742  0.0735
  0.0779  0.0751  0.0798  0.0764  0.0765  0.0752
  0.0835  0.0769  0.0821  0.0782  0.0773  0.0771
niter,ni,del,rscale     4    3   12.0000    1.2000
parameters
   -0.2457   23.4969   32.9012   -0.8879   -1.3585    0.5240
eta,q 0.92741  8.83560
  0.0833  0.0775  0.0819  0.0767  0.0770  0.0769
  0.0797  0.0754  0.0771  0.0758  0.0751  0.0752
  0.0751  0.0739  0.0739  0.0742  0.0744  0.0734
  0.0728  0.0728  0.0725  0.0725  0.0725  0.0726
  0.0741  0.0725  0.0754  0.0733  0.0736  0.0733
  0.0773  0.0742  0.0790  0.0761  0.0760  0.0750
  0.0830  0.0761  0.0807  0.0781  0.0771  0.0769
niter,ni,del,rscale     3    3   12.0000    1.2000
parameters
   -0.1285   23.6689   32.8645   -1.0194   -1.4161    0.5328
eta,q 0.92737  8.83701
  0.0829  0.0769  0.0820  0.0768  0.0771  0.0769
  0.0792  0.0750  0.0772  0.0760  0.0752  0.0751
  0.0746  0.0739  0.0739  0.0744  0.0744  0.0734
  0.0726  0.0726  0.0725  0.0725  0.0726  0.0726
  0.0740  0.0727  0.0754  0.0732  0.0736  0.0733
  0.0774  0.0746  0.0789  0.0758  0.0760  0.0751
  0.0831  0.0768  0.0806  0.0779  0.0772  0.0769
niter,ni,del,rscale     2    3   12.0000    1.2000
parameters
   -0.0695   23.7583   32.8467   -1.0768   -1.4423    0.5334
eta,q 0.92735  8.83760
  0.0827  0.0768  0.0821  0.0769  0.0772  0.0768
  0.0790  0.0750  0.0772  0.0761  0.0752  0.0751
  0.0745  0.0739  0.0739  0.0745  0.0745  0.0734
  0.0726  0.0726  0.0726  0.0726  0.0726  0.0727
  0.0740  0.0728  0.0754  0.0731  0.0736  0.0733
  0.0775  0.0747  0.0789  0.0757  0.0759  0.0751
  0.0833  0.0770  0.0806  0.0779  0.0772  0.0769
niter,ni,del,rscale     1    3   12.0000    1.2000
parameters
   -0.0434   23.7971   32.8357   -1.1047   -1.4532    0.5328
eta,q 0.92734  8.83778
  0.0826  0.0767  0.0821  0.0769  0.0772  0.0768
  0.0789  0.0750  0.0773  0.0761  0.0752  0.0751
  0.0744  0.0740  0.0739  0.0746  0.0745  0.0734
  0.0727  0.0727  0.0726  0.0726  0.0727  0.0727
  0.0741  0.0729  0.0754  0.0731  0.0735  0.0733
  0.0775  0.0748  0.0789  0.0757  0.0759  0.0751
  0.0834  0.0771  0.0806  0.0778  0.0772  0.0769
registration optimization eta report
parameter search radius
    6.0000    6.0000    6.9000    6.0000    6.0000    6.0000
100000*second partial in parameter space
       28.       11.       17.       12.       11.       11.
  0.0826  0.0767  0.0821  0.0769  0.0772  0.0768
  0.0789  0.0750  0.0773  0.0761  0.0752  0.0751
  0.0744  0.0740  0.0739  0.0746  0.0745  0.0734
  0.0727  0.0727  0.0726  0.0726  0.0727  0.0727
  0.0741  0.0729  0.0754  0.0731  0.0735  0.0733
  0.0775  0.0748  0.0789  0.0757  0.0759  0.0751
  0.0834  0.0771  0.0806  0.0778  0.0772  0.0769
   -0.0434   23.7971   32.8357   -1.1047   -1.4532    0.5328
eta,q 0.92734  8.83778

---------------------------------------------------------------------
imgreg_4dfp /opt/freesurfer/average/711-2C_as_mni_average_305 /opt/freesurfer/average/711-2B_as_mni_average_305_mask talsrcimg_g11 none talsrcimg_to_711-2C_as_mni_average_305_t4 3335
---------------------------------------------------------------------

freesurfer imgreg_4dfp.c
/opt/freesurfer/average/711-2C_as_mni_average_305.4dfp.img
       256       256       256         1
  1.000000  1.000000  1.000000
orientation T byte_order littleendian
Reading image: /opt/freesurfer/average/711-2C_as_mni_average_305.4dfp.img
dimensions:      256       256       256
mmppix:       1.0000   -1.0000   -1.0000
center:     128.0000 -129.0000 -129.0000
/opt/freesurfer/average/711-2B_as_mni_average_305_mask.4dfp.img
       256       256       256         1
  1.000000  1.000000  1.000000
orientation T byte_order littleendian
Reading mask: /opt/freesurfer/average/711-2B_as_mni_average_305_mask.4dfp.img (2306576 pixels)
talsrcimg_g11.4dfp.img
       256       256       256         1
  1.000000  1.000000  1.000000
orientation T byte_order littleendian
Reading image: talsrcimg_g11.4dfp.img
dimensions:      256       256       256
mmppix:       1.0000   -1.0000   -1.0000
center:     128.0000 -129.0000 -129.0000
fimgreg.f
image alignment mode   3335 decimal      D07 hex
parameters
   -0.0434   23.7971   32.8357   -0.0365   -0.0234   -0.0507
   -0.9786    2.5175    0.9296    1.9514   -2.5360   -1.9273
eta,q 0.92325  8.97929
niter,ni,del,rscale     5    3    5.0000    1.2000
parameter  2 -2.171695 -> -0.500000 qaram    1.1500
parameter  4  2.237795 ->  0.500000 qaram    1.1500
parameter  5  2.624576 ->  0.500000 qaram    1.1500
parameter  6  3.131295 ->  0.500000 qaram    1.1500
parameter  9  0.723185 ->  0.500000 qaram    1.1500
parameter 10  0.642227 ->  0.500000 qaram    1.1500
parameter 12  4.519062 ->  0.500000 qaram    1.1500
parameters
   -0.3734   25.1771   32.6521   -4.1765   -4.1634   -4.1907
   -0.9886    0.5681   -3.2104   -2.1886   -5.3748   -6.0673
eta,q 0.93637  8.64129
  0.0777  0.0775  0.0769  0.0706  0.0676  0.0630  0.0662  0.0665  0.0652  0.0648  0.0647  0.0630
  0.0771  0.0772  0.0765  0.0719  0.0690  0.0650  0.0658  0.0656  0.0651  0.0646  0.0645  0.0635
  0.0768  0.0769  0.0763  0.0738  0.0705  0.0668  0.0656  0.0653  0.0652  0.0647  0.0645  0.0640
  0.0768  0.0767  0.0764  0.0763  0.0723  0.0694  0.0655  0.0655  0.0653  0.0651  0.0646  0.0645
  0.0770  0.0765  0.0765  0.0795  0.0743  0.0724  0.0655  0.0662  0.0656  0.0659  0.0647  0.0651
  0.0776  0.0763  0.0767  0.0827  0.0765  0.0752  0.0658  0.0673  0.0658  0.0670  0.0649  0.0657
  0.0783  0.0762  0.0770  0.0857  0.0791  0.0784  0.0662  0.0689  0.0662  0.0683  0.0652  0.0664
niter,ni,del,rscale     7    3    5.0000    1.2000
parameter  2  3.274809 ->  0.500000 qaram    1.3225
parameter  3  1.200047 ->  0.500000 qaram    1.1500
parameter  4  1.042685 ->  0.500000 qaram    1.3225
parameter  5 14.103926 ->  0.500000 qaram    1.3225
parameter  6  3.339960 ->  0.500000 qaram    1.3225
parameter  7 -0.542339 -> -0.500000 qaram    1.1500
parameter 10  0.669680 ->  0.500000 qaram    1.3225
parameter 12  1.368411 ->  0.500000 qaram    1.3225
parameters
   -1.4151   23.5901   31.2721   -8.9375   -8.9244   -8.9517
    3.1514   -0.8660   -1.3574   -6.9496   -2.7287  -10.8283
eta,q 0.95019  8.33878
  0.0638  0.0617  0.0616  0.0588  0.0530  0.0494  0.0545  0.0524  0.0533  0.0510  0.0520  0.0494
  0.0635  0.0622  0.0619  0.0595  0.0550  0.0514  0.0535  0.0518  0.0524  0.0509  0.0515  0.0497
  0.0634  0.0627  0.0621  0.0605  0.0574  0.0534  0.0526  0.0515  0.0518  0.0510  0.0511  0.0502
  0.0636  0.0634  0.0623  0.0619  0.0597  0.0557  0.0519  0.0516  0.0515  0.0514  0.0509  0.0509
  0.0641  0.0641  0.0627  0.0641  0.0622  0.0578  0.0516  0.0519  0.0514  0.0521  0.0509  0.0518
  0.0647  0.0649  0.0633  0.0672  0.0646  0.0606  0.0516  0.0526  0.0516  0.0529  0.0510  0.0530
  0.0657  0.0657  0.0641  0.0709  0.0670  0.0638  0.0519  0.0534  0.0522  0.0541  0.0511  0.0543
niter,ni,del,rscale     7    3    5.0000    1.2000
parameter  2  1.030109 ->  0.500000 qaram    1.5209
parameter  3  0.729198 ->  0.500000 qaram    1.3225
parameter  4  0.571706 ->  0.500000 qaram    1.5209
parameter  5  1.320928 ->  0.500000 qaram    1.5209
parameter  6  4.154875 ->  0.500000 qaram    1.5209
parameter 11 -0.630529 -> -0.500000 qaram    1.1500
parameters
   -1.8008   21.7650   29.6851  -14.4127  -14.3996  -14.4268
    2.0259   -0.3196    0.0246   -8.3960    1.4113  -13.1811
eta,q 0.95841  8.12451
  0.0504  0.0488  0.0487  0.0484  0.0454  0.0404  0.0431  0.0436  0.0430  0.0436  0.0430  0.0424
  0.0500  0.0489  0.0489  0.0485  0.0459  0.0416  0.0425  0.0428  0.0426  0.0425  0.0426  0.0419
  0.0498  0.0492  0.0490  0.0486  0.0470  0.0435  0.0421  0.0423  0.0422  0.0419  0.0422  0.0416
  0.0498  0.0498  0.0490  0.0490  0.0485  0.0462  0.0421  0.0420  0.0420  0.0420  0.0419  0.0417
  0.0500  0.0505  0.0491  0.0497  0.0504  0.0482  0.0424  0.0421  0.0420  0.0425  0.0417  0.0421
  0.0504  0.0514  0.0494  0.0510  0.0524  0.0506  0.0430  0.0425  0.0422  0.0435  0.0417  0.0428
  0.0509  0.0525  0.0498  0.0534  0.0553  0.0531  0.0438  0.0432  0.0425  0.0448  0.0418  0.0437
niter,ni,del,rscale     7    3    5.0000    1.2000
parameters
   -1.0489   22.2743   29.0292  -12.9808  -19.1210  -19.8776
    1.0828   -1.5428   -1.3878   -6.7316    0.6958  -13.3439
eta,q 0.95978  8.05599
  0.0431  0.0434  0.0424  0.0431  0.0418  0.0411  0.0413  0.0409  0.0406  0.0417  0.0405  0.0408
  0.0424  0.0424  0.0417  0.0424  0.0412  0.0406  0.0407  0.0405  0.0404  0.0410  0.0404  0.0405
  0.0419  0.0418  0.0415  0.0418  0.0409  0.0401  0.0403  0.0403  0.0403  0.0405  0.0403  0.0403
  0.0416  0.0415  0.0415  0.0414  0.0414  0.0409  0.0403  0.0403  0.0402  0.0402  0.0402  0.0402
  0.0415  0.0415  0.0418  0.0414  0.0426  0.0427  0.0406  0.0405  0.0403  0.0402  0.0403  0.0403
  0.0416  0.0419  0.0426  0.0417  0.0443  0.0456  0.0411  0.0409  0.0406  0.0404  0.0404  0.0405
  0.0419  0.0426  0.0436  0.0425  0.0463  0.0482  0.0418  0.0416  0.0409  0.0410  0.0406  0.0409
niter,ni,del,rscale     6    3    5.0000    1.2000
parameter  2 -0.920269 -> -0.500000 qaram    1.7490
parameter  3 -0.521673 -> -0.500000 qaram    1.5209
parameters
   -0.7863   24.3732   30.8542  -10.2607  -20.3497  -23.9853
    0.5914   -1.7742   -1.2170   -5.8811    0.0286   -9.5108
eta,q 0.96099  8.03288
  0.0410  0.0426  0.0417  0.0408  0.0408  0.0399  0.0402  0.0400  0.0396  0.0403  0.0394  0.0396
  0.0406  0.0417  0.0410  0.0401  0.0401  0.0396  0.0396  0.0395  0.0393  0.0396  0.0392  0.0393
  0.0403  0.0409  0.0402  0.0396  0.0393  0.0390  0.0391  0.0392  0.0391  0.0392  0.0391  0.0392
  0.0402  0.0402  0.0396  0.0392  0.0390  0.0390  0.0390  0.0390  0.0390  0.0390  0.0391  0.0391
  0.0403  0.0398  0.0392  0.0390  0.0396  0.0403  0.0393  0.0392  0.0391  0.0392  0.0391  0.0390
  0.0404  0.0395  0.0392  0.0391  0.0406  0.0427  0.0398  0.0395  0.0393  0.0394  0.0393  0.0390
  0.0407  0.0395  0.0396  0.0399  0.0420  0.0445  0.0405  0.0402  0.0395  0.0398  0.0396  0.0391
niter,ni,del,rscale     7    3    5.0000    1.2000
parameter  2 -0.538889 -> -0.500000 qaram    2.0114
parameters
   -0.5745   26.7868   31.8542  -11.4135  -22.5974  -27.3922
    0.1084   -1.3032    0.6530   -6.1652    1.0393   -5.9444
eta,q 0.96146  7.97264
  0.0397  0.0415  0.0406  0.0394  0.0400  0.0395  0.0397  0.0396  0.0391  0.0395  0.0389  0.0390
  0.0393  0.0406  0.0398  0.0389  0.0393  0.0392  0.0391  0.0392  0.0389  0.0390  0.0388  0.0388
  0.0391  0.0397  0.0391  0.0386  0.0386  0.0387  0.0387  0.0388  0.0387  0.0386  0.0386  0.0387
  0.0390  0.0390  0.0386  0.0384  0.0384  0.0384  0.0386  0.0386  0.0386  0.0386  0.0386  0.0386
  0.0390  0.0386  0.0384  0.0384  0.0392  0.0395  0.0389  0.0387  0.0386  0.0388  0.0386  0.0385
  0.0392  0.0386  0.0386  0.0389  0.0407  0.0412  0.0393  0.0390  0.0387  0.0391  0.0387  0.0385
  0.0395  0.0390  0.0393  0.0406  0.0423  0.0434  0.0399  0.0395  0.0388  0.0396  0.0388  0.0386
niter,ni,del,rscale     7    3    5.0000    1.2000
parameters
   -0.8250   28.4422   33.2236  -11.9069  -25.0286  -30.3065
   -0.2368   -1.1954    3.6135   -6.8073    0.4990   -1.5949
eta,q 0.96195  7.94168
  0.0390  0.0412  0.0401  0.0390  0.0397  0.0395  0.0393  0.0392  0.0387  0.0390  0.0384  0.0390
  0.0387  0.0402  0.0394  0.0385  0.0390  0.0391  0.0387  0.0387  0.0385  0.0386  0.0383  0.0387
  0.0386  0.0393  0.0387  0.0381  0.0382  0.0384  0.0383  0.0384  0.0384  0.0383  0.0382  0.0385
  0.0385  0.0385  0.0381  0.0378  0.0379  0.0380  0.0383  0.0383  0.0383  0.0382  0.0382  0.0382
  0.0386  0.0381  0.0379  0.0378  0.0388  0.0390  0.0384  0.0383  0.0382  0.0383  0.0382  0.0381
  0.0389  0.0383  0.0380  0.0382  0.0407  0.0410  0.0388  0.0386  0.0382  0.0387  0.0383  0.0381
  0.0392  0.0392  0.0386  0.0397  0.0429  0.0430  0.0394  0.0391  0.0383  0.0393  0.0384  0.0383
niter,ni,del,rscale     6    3    5.0000    1.2000
parameters
   -1.0094   29.2984   33.7150  -10.5833  -27.4181  -32.4613
   -1.2813   -1.2276    6.3671   -7.9742   -3.0092    2.0398
eta,q 0.96207  7.93069
  0.0386  0.0405  0.0394  0.0390  0.0395  0.0395  0.0390  0.0390  0.0386  0.0388  0.0381  0.0390
  0.0382  0.0395  0.0389  0.0386  0.0389  0.0391  0.0386  0.0386  0.0384  0.0384  0.0381  0.0387
  0.0381  0.0387  0.0383  0.0382  0.0381  0.0385  0.0382  0.0383  0.0383  0.0382  0.0381  0.0384
  0.0380  0.0380  0.0379  0.0378  0.0377  0.0379  0.0382  0.0382  0.0382  0.0381  0.0381  0.0381
  0.0381  0.0378  0.0378  0.0376  0.0384  0.0384  0.0384  0.0383  0.0381  0.0382  0.0381  0.0379
  0.0384  0.0383  0.0381  0.0377  0.0405  0.0402  0.0389  0.0386  0.0381  0.0386  0.0382  0.0380
  0.0388  0.0395  0.0390  0.0389  0.0434  0.0424  0.0396  0.0391  0.0383  0.0393  0.0384  0.0383
niter,ni,del,rscale     5    3    5.0000    1.2000
parameter 11  1.628626 ->  0.500000 qaram    1.3225
parameters
   -0.8122   29.8081   34.2064  -11.1287  -29.5433  -34.0739
   -2.3467   -0.8934    8.7260   -9.2391   -7.7702    4.0015
eta,q 0.96209  7.90303
  0.0387  0.0401  0.0392  0.0389  0.0396  0.0396  0.0390  0.0391  0.0387  0.0388  0.0380  0.0390
  0.0383  0.0392  0.0387  0.0385  0.0390  0.0391  0.0386  0.0386  0.0385  0.0384  0.0380  0.0386
  0.0380  0.0385  0.0382  0.0381  0.0382  0.0386  0.0383  0.0383  0.0383  0.0382  0.0381  0.0383
  0.0379  0.0379  0.0378  0.0377  0.0378  0.0380  0.0382  0.0382  0.0382  0.0381  0.0381  0.0380
  0.0379  0.0378  0.0377  0.0376  0.0383  0.0382  0.0384  0.0383  0.0381  0.0383  0.0381  0.0379
  0.0381  0.0384  0.0380  0.0379  0.0401  0.0396  0.0389  0.0385  0.0382  0.0386  0.0382  0.0380
  0.0385  0.0396  0.0388  0.0400  0.0433  0.0417  0.0396  0.0390  0.0384  0.0393  0.0382  0.0385
niter,ni,del,rscale     5    3    5.0000    1.2000
parameters
   -0.6068   30.1491   34.4795  -12.1533  -31.0775  -35.2182
   -3.0428   -0.6512   10.2812  -10.2590   -8.7316    6.1345
eta,q 0.96207  7.88033
  0.0387  0.0399  0.0390  0.0389  0.0398  0.0396  0.0390  0.0393  0.0387  0.0388  0.0384  0.0390
  0.0383  0.0391  0.0386  0.0384  0.0391  0.0390  0.0386  0.0386  0.0385  0.0384  0.0381  0.0387
  0.0380  0.0384  0.0381  0.0380  0.0384  0.0385  0.0383  0.0382  0.0383  0.0382  0.0380  0.0383
  0.0379  0.0379  0.0379  0.0378  0.0379  0.0380  0.0381  0.0381  0.0381  0.0381  0.0381  0.0380
  0.0379  0.0379  0.0378  0.0378  0.0382  0.0382  0.0383  0.0383  0.0381  0.0383  0.0382  0.0379
  0.0381  0.0385  0.0382  0.0383  0.0395  0.0393  0.0387  0.0386  0.0382  0.0386  0.0383  0.0380
  0.0385  0.0397  0.0389  0.0401  0.0424  0.0410  0.0394  0.0390  0.0384  0.0392  0.0383  0.0385
niter,ni,del,rscale     4    3    5.0000    1.2000
parameters
   -0.5706   30.4273   34.8693  -12.7036  -32.4692  -36.2440
   -3.2238   -0.4697   11.2509  -10.9807   -9.9516    7.3530
eta,q 0.96202  7.86379
  0.0387  0.0398  0.0391  0.0390  0.0398  0.0397  0.0391  0.0393  0.0386  0.0389  0.0384  0.0390
  0.0383  0.0391  0.0387  0.0385  0.0392  0.0390  0.0387  0.0386  0.0384  0.0385  0.0381  0.0386
  0.0380  0.0384  0.0382  0.0381  0.0384  0.0384  0.0383  0.0382  0.0383  0.0382  0.0380  0.0383
  0.0379  0.0379  0.0379  0.0378  0.0379  0.0380  0.0381  0.0381  0.0381  0.0381  0.0381  0.0380
  0.0380  0.0379  0.0379  0.0378  0.0381  0.0382  0.0382  0.0383  0.0381  0.0382  0.0383  0.0379
  0.0382  0.0385  0.0382  0.0382  0.0394  0.0393  0.0386  0.0386  0.0382  0.0386  0.0384  0.0381
  0.0386  0.0397  0.0389  0.0399  0.0422  0.0409  0.0393  0.0391  0.0385  0.0393  0.0384  0.0388
niter,ni,del,rscale     3    3    5.0000    1.2000
parameters
   -0.5073   30.6523   35.2185  -13.2298  -33.5149  -36.9954
   -3.2142   -0.2635   12.0638  -11.3932  -10.8134    8.2222
eta,q 0.96199  7.85209
  0.0387  0.0398  0.0392  0.0392  0.0398  0.0399  0.0391  0.0394  0.0386  0.0390  0.0385  0.0390
  0.0383  0.0390  0.0387  0.0386  0.0392  0.0391  0.0387  0.0387  0.0385  0.0385  0.0382  0.0387
  0.0381  0.0384  0.0383  0.0382  0.0385  0.0385  0.0383  0.0382  0.0383  0.0382  0.0380  0.0383
  0.0380  0.0380  0.0380  0.0379  0.0379  0.0381  0.0381  0.0381  0.0381  0.0381  0.0381  0.0381
  0.0380  0.0380  0.0379  0.0379  0.0380  0.0383  0.0382  0.0383  0.0381  0.0382  0.0383  0.0380
  0.0383  0.0386  0.0383  0.0383  0.0392  0.0393  0.0386  0.0387  0.0382  0.0386  0.0384  0.0382
  0.0387  0.0397  0.0389  0.0399  0.0418  0.0408  0.0392  0.0391  0.0385  0.0392  0.0385  0.0389
niter,ni,del,rscale     2    3    5.0000    1.2000
parameters
   -0.4654   30.7975   35.5002  -13.6092  -34.2660  -37.5959
   -3.1709   -0.0711   12.6313  -11.7026  -11.3943    8.8638
eta,q 0.96196  7.84370
  0.0388  0.0397  0.0392  0.0393  0.0399  0.0400  0.0391  0.0394  0.0386  0.0390  0.0386  0.0390
  0.0384  0.0390  0.0388  0.0387  0.0393  0.0392  0.0387  0.0387  0.0384  0.0385  0.0382  0.0387
  0.0381  0.0384  0.0383  0.0382  0.0386  0.0385  0.0383  0.0382  0.0383  0.0382  0.0380  0.0384
  0.0380  0.0380  0.0380  0.0380  0.0380  0.0381  0.0381  0.0381  0.0381  0.0381  0.0381  0.0381
  0.0381  0.0381  0.0380  0.0380  0.0380  0.0383  0.0382  0.0383  0.0381  0.0382  0.0383  0.0380
  0.0383  0.0386  0.0383  0.0384  0.0390  0.0393  0.0386  0.0387  0.0382  0.0386  0.0385  0.0382
  0.0387  0.0397  0.0391  0.0399  0.0414  0.0408  0.0392  0.0392  0.0386  0.0393  0.0386  0.0390
niter,ni,del,rscale     1    3    5.0000    1.2000
parameters
   -0.4447   30.9096   35.7255  -13.8669  -34.8070  -38.0593
   -3.1138    0.1021   12.9647  -11.9983  -11.7200    9.3436
eta,q 0.96194  7.83785
  0.0388  0.0397  0.0392  0.0394  0.0399  0.0401  0.0391  0.0394  0.0386  0.0391  0.0387  0.0390
  0.0384  0.0389  0.0388  0.0387  0.0393  0.0393  0.0387  0.0387  0.0384  0.0385  0.0383  0.0387
  0.0381  0.0384  0.0384  0.0383  0.0386  0.0386  0.0383  0.0382  0.0382  0.0382  0.0381  0.0384
  0.0380  0.0380  0.0380  0.0380  0.0380  0.0381  0.0381  0.0381  0.0381  0.0381  0.0381  0.0381
  0.0381  0.0381  0.0380  0.0380  0.0380  0.0383  0.0382  0.0383  0.0381  0.0382  0.0383  0.0380
  0.0384  0.0386  0.0384  0.0384  0.0389  0.0393  0.0386  0.0387  0.0383  0.0386  0.0385  0.0383
  0.0388  0.0397  0.0392  0.0399  0.0412  0.0408  0.0392  0.0392  0.0387  0.0393  0.0386  0.0391
registration optimization eta report
parameter search radius
    2.4000    4.8273    3.6501   10.9503   10.9503   10.9503
    8.2800    7.2000    8.2800    9.5220    9.5220    9.5220
100000*second partial in parameter space
       13.        7.        9.        1.        2.        2.
        2.        2.        1.        1.        1.        1.
  0.0388  0.0397  0.0392  0.0394  0.0399  0.0401  0.0391  0.0394  0.0386  0.0391  0.0387  0.0390
  0.0384  0.0389  0.0388  0.0387  0.0393  0.0393  0.0387  0.0387  0.0384  0.0385  0.0383  0.0387
  0.0381  0.0384  0.0384  0.0383  0.0386  0.0386  0.0383  0.0382  0.0382  0.0382  0.0381  0.0384
  0.0380  0.0380  0.0380  0.0380  0.0380  0.0381  0.0381  0.0381  0.0381  0.0381  0.0381  0.0381
  0.0381  0.0381  0.0380  0.0380  0.0380  0.0383  0.0382  0.0383  0.0381  0.0382  0.0383  0.0380
  0.0384  0.0386  0.0384  0.0384  0.0389  0.0393  0.0386  0.0387  0.0383  0.0386  0.0385  0.0383
  0.0388  0.0397  0.0392  0.0399  0.0412  0.0408  0.0392  0.0392  0.0387  0.0393  0.0386  0.0391
   -0.4447   30.9096   35.7255  -13.8669  -34.8070  -38.0593
   -3.1138    0.1021   12.9647  -11.9983  -11.7200    9.3436
eta,q 0.96194  7.83785

---------------------------------------------------------------------
imgreg_4dfp /opt/freesurfer/average/711-2C_as_mni_average_305 /opt/freesurfer/average/711-2B_as_mni_average_305_mask talsrcimg_g11 none talsrcimg_to_711-2C_as_mni_average_305_t4 2311
---------------------------------------------------------------------

freesurfer imgreg_4dfp.c
/opt/freesurfer/average/711-2C_as_mni_average_305.4dfp.img
       256       256       256         1
  1.000000  1.000000  1.000000
orientation T byte_order littleendian
Reading image: /opt/freesurfer/average/711-2C_as_mni_average_305.4dfp.img
dimensions:      256       256       256
mmppix:       1.0000   -1.0000   -1.0000
center:     128.0000 -129.0000 -129.0000
/opt/freesurfer/average/711-2B_as_mni_average_305_mask.4dfp.img
       256       256       256         1
  1.000000  1.000000  1.000000
orientation T byte_order littleendian
Reading mask: /opt/freesurfer/average/711-2B_as_mni_average_305_mask.4dfp.img (2306576 pixels)
talsrcimg_g11.4dfp.img
       256       256       256         1
  1.000000  1.000000  1.000000
orientation T byte_order littleendian
Reading image: talsrcimg_g11.4dfp.img
dimensions:      256       256       256
mmppix:       1.0000   -1.0000   -1.0000
center:     128.0000 -129.0000 -129.0000
fimgreg.f
image alignment mode   2311 decimal      907 hex
parameters
   -0.4447   30.9096   35.7255  -13.8669  -34.8070  -38.0593
   -3.1138    0.1021   12.9647  -11.9983  -11.7200    9.3436
eta,q 0.96194  7.83786
niter,ni,del,rscale     5    3    5.0000    0.8000
parameters
   -0.4525   31.5646   36.1771  -13.4384  -34.3152  -38.3428
   -3.2722    0.6105   11.8581  -12.3252  -11.8586    9.6209
eta,q 0.96206  7.85978
  0.0384  0.0384  0.0385  0.0383  0.0387  0.0386  0.0384  0.0387  0.0381  0.0382  0.0382  0.0383
  0.0382  0.0382  0.0383  0.0381  0.0384  0.0383  0.0382  0.0383  0.0380  0.0381  0.0380  0.0382
  0.0381  0.0381  0.0381  0.0380  0.0381  0.0380  0.0380  0.0381  0.0380  0.0380  0.0380  0.0380
  0.0381  0.0381  0.0380  0.0380  0.0380  0.0380  0.0380  0.0380  0.0380  0.0380  0.0379  0.0379
  0.0381  0.0380  0.0380  0.0380  0.0380  0.0381  0.0380  0.0380  0.0380  0.0380  0.0380  0.0380
  0.0382  0.0380  0.0380  0.0381  0.0381  0.0384  0.0382  0.0382  0.0381  0.0381  0.0381  0.0381
  0.0384  0.0381  0.0382  0.0382  0.0385  0.0388  0.0385  0.0384  0.0383  0.0383  0.0382  0.0383
niter,ni,del,rscale     4    3    5.0000    0.7000
parameters
   -0.3581   31.3641   36.2414  -12.5957  -33.7504  -38.5534
   -3.1267    0.8139   10.7076  -12.7362  -11.4755    9.9879
eta,q 0.96212  7.87271
  0.0383  0.0381  0.0382  0.0382  0.0385  0.0384  0.0383  0.0384  0.0380  0.0381  0.0381  0.0382
  0.0381  0.0380  0.0381  0.0381  0.0383  0.0382  0.0381  0.0381  0.0379  0.0380  0.0380  0.0381
  0.0380  0.0379  0.0380  0.0380  0.0381  0.0380  0.0380  0.0380  0.0379  0.0379  0.0379  0.0380
  0.0379  0.0379  0.0379  0.0379  0.0379  0.0379  0.0379  0.0379  0.0379  0.0379  0.0379  0.0379
  0.0380  0.0380  0.0380  0.0379  0.0379  0.0380  0.0379  0.0379  0.0379  0.0379  0.0379  0.0379
  0.0380  0.0380  0.0380  0.0380  0.0380  0.0382  0.0380  0.0381  0.0380  0.0380  0.0380  0.0380
  0.0382  0.0382  0.0382  0.0381  0.0383  0.0386  0.0382  0.0383  0.0382  0.0382  0.0380  0.0382
niter,ni,del,rscale     3    3    5.0000    0.6000
parameters
   -0.3621   31.1767   36.2734  -11.8470  -33.3540  -38.6691
   -2.9027    0.8756    9.5640  -13.3038  -10.8680   10.4502
eta,q 0.96217  7.88330
  0.0381  0.0380  0.0381  0.0381  0.0383  0.0383  0.0381  0.0382  0.0379  0.0380  0.0381  0.0381
  0.0380  0.0379  0.0380  0.0380  0.0381  0.0381  0.0380  0.0380  0.0379  0.0379  0.0379  0.0380
  0.0379  0.0379  0.0379  0.0379  0.0380  0.0379  0.0379  0.0379  0.0378  0.0378  0.0379  0.0379
  0.0379  0.0379  0.0379  0.0379  0.0379  0.0379  0.0379  0.0379  0.0379  0.0378  0.0378  0.0378
  0.0379  0.0379  0.0379  0.0379  0.0379  0.0379  0.0379  0.0379  0.0379  0.0379  0.0379  0.0378
  0.0380  0.0380  0.0380  0.0379  0.0380  0.0381  0.0379  0.0380  0.0380  0.0380  0.0379  0.0379
  0.0381  0.0381  0.0381  0.0380  0.0382  0.0383  0.0381  0.0382  0.0381  0.0381  0.0379  0.0380
niter,ni,del,rscale     2    3    5.0000    0.5000
parameters
   -0.3739   30.9850   36.3402  -11.1625  -33.1347  -38.7434
   -2.6640    0.9834    8.4907  -13.9131  -10.1660   10.9245
eta,q 0.96222  7.89289
  0.0380  0.0379  0.0380  0.0380  0.0382  0.0381  0.0380  0.0381  0.0378  0.0379  0.0380  0.0380
  0.0379  0.0379  0.0379  0.0379  0.0380  0.0380  0.0379  0.0379  0.0378  0.0378  0.0379  0.0379
  0.0378  0.0378  0.0379  0.0379  0.0379  0.0379  0.0378  0.0378  0.0378  0.0378  0.0378  0.0378
  0.0378  0.0378  0.0378  0.0378  0.0378  0.0378  0.0378  0.0378  0.0378  0.0378  0.0378  0.0378
  0.0379  0.0379  0.0378  0.0378  0.0378  0.0378  0.0378  0.0378  0.0378  0.0378  0.0378  0.0378
  0.0379  0.0379  0.0379  0.0378  0.0379  0.0380  0.0379  0.0379  0.0379  0.0379  0.0378  0.0378
  0.0380  0.0380  0.0380  0.0379  0.0381  0.0381  0.0380  0.0380  0.0380  0.0380  0.0378  0.0379
niter,ni,del,rscale     1    3    5.0000    0.4000
parameters
   -0.3927   30.8054   36.4581  -10.5696  -33.0247  -38.7726
   -2.3680    1.1016    7.6834  -14.4579   -9.2415   11.4227
eta,q 0.96228  7.90212
  0.0379  0.0378  0.0379  0.0379  0.0380  0.0380  0.0379  0.0379  0.0378  0.0378  0.0379  0.0379
  0.0378  0.0378  0.0378  0.0378  0.0379  0.0379  0.0378  0.0378  0.0378  0.0378  0.0378  0.0378
  0.0378  0.0378  0.0378  0.0378  0.0378  0.0378  0.0378  0.0378  0.0377  0.0377  0.0378  0.0378
  0.0378  0.0378  0.0378  0.0378  0.0378  0.0378  0.0377  0.0378  0.0378  0.0377  0.0377  0.0377
  0.0378  0.0378  0.0378  0.0378  0.0378  0.0378  0.0378  0.0378  0.0378  0.0378  0.0377  0.0377
  0.0378  0.0378  0.0378  0.0378  0.0378  0.0379  0.0378  0.0378  0.0378  0.0378  0.0377  0.0377
  0.0379  0.0379  0.0378  0.0378  0.0380  0.0380  0.0379  0.0379  0.0379  0.0379  0.0378  0.0378
registration optimization eta report
parameter search radius
    0.8000    0.8000    0.8000    2.4000    2.4000    2.4000
    2.4000    2.4000    2.4000    2.4000    2.4000    2.4000
100000*second partial in parameter space
       16.       10.       14.        2.        4.        4.
        2.        3.        1.        2.        2.        2.
  0.0379  0.0378  0.0379  0.0379  0.0380  0.0380  0.0379  0.0379  0.0378  0.0378  0.0379  0.0379
  0.0378  0.0378  0.0378  0.0378  0.0379  0.0379  0.0378  0.0378  0.0378  0.0378  0.0378  0.0378
  0.0378  0.0378  0.0378  0.0378  0.0378  0.0378  0.0378  0.0378  0.0377  0.0377  0.0378  0.0378
  0.0378  0.0378  0.0378  0.0378  0.0378  0.0378  0.0377  0.0378  0.0378  0.0377  0.0377  0.0377
  0.0378  0.0378  0.0378  0.0378  0.0378  0.0378  0.0378  0.0378  0.0378  0.0378  0.0377  0.0377
  0.0378  0.0378  0.0378  0.0378  0.0378  0.0379  0.0378  0.0378  0.0378  0.0378  0.0377  0.0377
  0.0379  0.0379  0.0378  0.0378  0.0380  0.0380  0.0379  0.0379  0.0379  0.0379  0.0378  0.0378
   -0.3927   30.8054   36.4581  -10.5696  -33.0247  -38.7726
   -2.3680    1.1016    7.6834  -14.4579   -9.2415   11.4227
eta,q 0.96228  7.90212

---------------------------------------------------------------------
imgreg_4dfp /opt/freesurfer/average/711-2C_as_mni_average_305 /opt/freesurfer/average/711-2B_as_mni_average_305_mask talsrcimg_g11 none talsrcimg_to_711-2C_as_mni_average_305_t4 2311
---------------------------------------------------------------------

freesurfer imgreg_4dfp.c
/opt/freesurfer/average/711-2C_as_mni_average_305.4dfp.img
       256       256       256         1
  1.000000  1.000000  1.000000
orientation T byte_order littleendian
Reading image: /opt/freesurfer/average/711-2C_as_mni_average_305.4dfp.img
dimensions:      256       256       256
mmppix:       1.0000   -1.0000   -1.0000
center:     128.0000 -129.0000 -129.0000
/opt/freesurfer/average/711-2B_as_mni_average_305_mask.4dfp.img
       256       256       256         1
  1.000000  1.000000  1.000000
orientation T byte_order littleendian
Reading mask: /opt/freesurfer/average/711-2B_as_mni_average_305_mask.4dfp.img (2306576 pixels)
talsrcimg_g11.4dfp.img
       256       256       256         1
  1.000000  1.000000  1.000000
orientation T byte_order littleendian
Reading image: talsrcimg_g11.4dfp.img
dimensions:      256       256       256
mmppix:       1.0000   -1.0000   -1.0000
center:     128.0000 -129.0000 -129.0000
fimgreg.f
image alignment mode   2311 decimal      907 hex
parameters
   -0.3927   30.8054   36.4581  -10.5696  -33.0247  -38.7726
   -2.3680    1.1016    7.6834  -14.4579   -9.2415   11.4227
eta,q 0.96228  7.90212
niter,ni,del,rscale     5    3    5.0000    0.8000
parameters
   -0.3566   30.5231   36.5780  -10.6236  -33.1170  -38.6595
   -2.0745    1.1258    7.1304  -15.1147   -8.0880   11.7173
eta,q 0.96230  7.90262
  0.0382  0.0379  0.0381  0.0381  0.0385  0.0384  0.0383  0.0383  0.0379  0.0380  0.0381  0.0382
  0.0379  0.0378  0.0379  0.0379  0.0381  0.0381  0.0380  0.0380  0.0378  0.0378  0.0379  0.0380
  0.0378  0.0377  0.0378  0.0378  0.0378  0.0378  0.0378  0.0378  0.0377  0.0377  0.0377  0.0378
  0.0377  0.0377  0.0377  0.0377  0.0377  0.0377  0.0377  0.0377  0.0377  0.0377  0.0377  0.0377
  0.0378  0.0378  0.0377  0.0377  0.0378  0.0378  0.0378  0.0378  0.0378  0.0378  0.0377  0.0377
  0.0379  0.0379  0.0378  0.0379  0.0381  0.0380  0.0379  0.0380  0.0379  0.0379  0.0378  0.0378
  0.0381  0.0381  0.0380  0.0382  0.0386  0.0384  0.0382  0.0382  0.0381  0.0382  0.0378  0.0381
niter,ni,del,rscale     4    3    5.0000    0.7000
parameters
   -0.5095   30.5219   36.8845  -10.2918  -33.3860  -38.6560
   -1.7313    1.1891    6.6304  -15.6495   -6.6969   12.0580
eta,q 0.96235  7.91010
  0.0379  0.0379  0.0380  0.0380  0.0382  0.0382  0.0382  0.0381  0.0378  0.0379  0.0380  0.0380
  0.0378  0.0378  0.0379  0.0379  0.0379  0.0380  0.0379  0.0379  0.0377  0.0377  0.0378  0.0379
  0.0377  0.0377  0.0378  0.0378  0.0377  0.0378  0.0377  0.0377  0.0377  0.0377  0.0377  0.0377
  0.0377  0.0377  0.0377  0.0377  0.0377  0.0377  0.0377  0.0377  0.0377  0.0377  0.0377  0.0376
  0.0378  0.0377  0.0377  0.0376  0.0377  0.0377  0.0377  0.0377  0.0377  0.0377  0.0376  0.0377
  0.0379  0.0378  0.0377  0.0377  0.0380  0.0379  0.0378  0.0379  0.0378  0.0378  0.0377  0.0377
  0.0380  0.0379  0.0379  0.0380  0.0385  0.0383  0.0380  0.0381  0.0380  0.0380  0.0377  0.0380
niter,ni,del,rscale     3    3    5.0000    0.6000
parameters
   -0.5999   30.4602   37.2863   -9.6587  -33.7752  -38.6910
   -1.4736    1.4305    6.2878  -16.1168   -5.1815   12.2781
eta,q 0.96244  7.91965
  0.0378  0.0378  0.0379  0.0379  0.0380  0.0380  0.0380  0.0380  0.0377  0.0377  0.0379  0.0379
  0.0377  0.0377  0.0378  0.0378  0.0378  0.0378  0.0378  0.0378  0.0376  0.0376  0.0377  0.0377
  0.0377  0.0377  0.0377  0.0377  0.0376  0.0377  0.0376  0.0376  0.0376  0.0376  0.0376  0.0376
  0.0376  0.0376  0.0376  0.0376  0.0376  0.0376  0.0376  0.0376  0.0376  0.0376  0.0376  0.0376
  0.0377  0.0377  0.0376  0.0376  0.0377  0.0376  0.0376  0.0376  0.0376  0.0376  0.0376  0.0376
  0.0378  0.0377  0.0376  0.0376  0.0379  0.0378  0.0377  0.0377  0.0377  0.0377  0.0376  0.0376
  0.0379  0.0378  0.0377  0.0378  0.0383  0.0381  0.0379  0.0379  0.0378  0.0379  0.0376  0.0378
niter,ni,del,rscale     2    3    5.0000    0.5000
parameters
   -0.6869   30.3680   37.6656   -8.9911  -34.1265  -38.6539
   -1.3502    1.5209    5.8220  -16.6659   -4.1038   12.1789
eta,q 0.96253  7.92685
  0.0377  0.0376  0.0378  0.0378  0.0378  0.0379  0.0378  0.0378  0.0376  0.0376  0.0378  0.0377
  0.0376  0.0376  0.0377  0.0377  0.0376  0.0377  0.0376  0.0376  0.0375  0.0375  0.0376  0.0376
  0.0376  0.0376  0.0376  0.0376  0.0375  0.0376  0.0375  0.0375  0.0375  0.0375  0.0375  0.0375
  0.0376  0.0376  0.0376  0.0375  0.0375  0.0375  0.0375  0.0375  0.0375  0.0375  0.0375  0.0375
  0.0376  0.0376  0.0375  0.0375  0.0376  0.0375  0.0375  0.0375  0.0375  0.0375  0.0375  0.0375
  0.0376  0.0376  0.0375  0.0375  0.0377  0.0377  0.0376  0.0376  0.0376  0.0376  0.0375  0.0376
  0.0377  0.0377  0.0376  0.0377  0.0380  0.0379  0.0377  0.0378  0.0377  0.0377  0.0375  0.0377
niter,ni,del,rscale     1    3    5.0000    0.4000
parameters
   -0.7523   30.2433   37.8907   -8.6282  -34.1435  -38.5093
   -1.3530    1.2882    5.2944  -17.1348   -3.3608   11.9583
eta,q 0.96258  7.93149
  0.0376  0.0375  0.0376  0.0377  0.0377  0.0378  0.0376  0.0376  0.0375  0.0375  0.0376  0.0375
  0.0375  0.0375  0.0376  0.0376  0.0376  0.0376  0.0375  0.0375  0.0375  0.0375  0.0375  0.0375
  0.0375  0.0375  0.0375  0.0375  0.0375  0.0375  0.0375  0.0375  0.0374  0.0374  0.0375  0.0374
  0.0375  0.0375  0.0375  0.0375  0.0374  0.0374  0.0374  0.0374  0.0374  0.0374  0.0374  0.0374
  0.0375  0.0375  0.0375  0.0374  0.0375  0.0375  0.0375  0.0375  0.0375  0.0375  0.0374  0.0374
  0.0375  0.0375  0.0375  0.0375  0.0375  0.0375  0.0375  0.0376  0.0375  0.0375  0.0374  0.0375
  0.0376  0.0376  0.0375  0.0376  0.0377  0.0377  0.0376  0.0377  0.0376  0.0376  0.0375  0.0376
registration optimization eta report
parameter search radius
    0.8000    0.8000    0.8000    2.4000    2.4000    2.4000
    2.4000    2.4000    2.4000    2.4000    2.4000    2.4000
100000*second partial in parameter space
       19.       12.       16.        3.        4.        5.
        3.        3.        2.        2.        2.        3.
  0.0376  0.0375  0.0376  0.0377  0.0377  0.0378  0.0376  0.0376  0.0375  0.0375  0.0376  0.0375
  0.0375  0.0375  0.0376  0.0376  0.0376  0.0376  0.0375  0.0375  0.0375  0.0375  0.0375  0.0375
  0.0375  0.0375  0.0375  0.0375  0.0375  0.0375  0.0375  0.0375  0.0374  0.0374  0.0375  0.0374
  0.0375  0.0375  0.0375  0.0375  0.0374  0.0374  0.0374  0.0374  0.0374  0.0374  0.0374  0.0374
  0.0375  0.0375  0.0375  0.0374  0.0375  0.0375  0.0375  0.0375  0.0375  0.0375  0.0374  0.0374
  0.0375  0.0375  0.0375  0.0375  0.0375  0.0375  0.0375  0.0376  0.0375  0.0375  0.0374  0.0375
  0.0376  0.0376  0.0375  0.0376  0.0377  0.0377  0.0376  0.0377  0.0376  0.0376  0.0375  0.0376
   -0.7523   30.2433   37.8907   -8.6282  -34.1435  -38.5093
   -1.3530    1.2882    5.2944  -17.1348   -3.3608   11.9583
eta,q 0.96258  7.93149

---------------------------------------------------------------------
compute_vox2vox talsrcimg talsrcimg_to_711-2C_as_mni_average_305_t4 /opt/freesurfer/average/711-2C_as_mni_average_305
---------------------------------------------------------------------

freesurfer compute_vox2vox.c
Reading: talsrcimg.4dfp.ifh
Reading: talsrcimg_to_711-2C_as_mni_average_305_t4
Reading: /opt/freesurfer/average/711-2C_as_mni_average_305.4dfp.ifh
Writing: talsrcimg_to_711-2C_as_mni_average_305_t4_vox2vox.txt

start time Fri Mar 13 05:34:54 CET 2026
end		time Fri Mar 13 05:36:21 CET 2026

mpr2mni305 success

avi2talxfm orig_nu.mgz /opt/freesurfer/average/mni305.cor.mgz talsrcimg_to_711-2C_as_mni_average_305_t4_vox2vox.txt transforms/talairach.auto.xfm
avi2talxfm done
mv -f /out/sourcedata/freesurfer/sub-v2s4x29617_ses-1/mri/talsrcimg_to_711-2C_as_mni_average_305_t4_vox2vox.txt /out/sourcedata/freesurfer/sub-v2s4x29617_ses-1/mri/transforms/talsrcimg_to_711-2C_as_mni_average_305_t4_vox2vox.txt
lta_convert --src orig_nu.mgz --trg /opt/freesurfer/average/mni305.cor.mgz --inxfm transforms/talairach.auto.xfm --outlta transforms/talairach.auto.xfm.lta --subject fsaverage
7.3.2

--src: orig_nu.mgz src image (geometry).
--trg: /opt/freesurfer/average/mni305.cor.mgz trg image (geometry).
--inmni: transforms/talairach.auto.xfm input MNI/XFM transform.
--outlta: transforms/talairach.auto.xfm.lta output LTA.
--s: fsaverage subject name
 LTA read, type : 1
 1.09238  -0.01583   0.02532  -11.38803;
 0.07309   1.54688  -0.27938  -50.52666;
-0.06880   0.40375   1.44373  -57.03851;
 0.00000   0.00000   0.00000   1.00000;
setting subject to fsaverage
Writing  LTA to file transforms/talairach.auto.xfm.lta...
lta_convert successful.
 
 
Started at Fri Mar 13 05:34:54 CET 2026
Ended   at Fri Mar 13 05:36:21 CET 2026
talairach_avi done
