/out/sourcedata/freesurfer/sub-v2s4x29603_ses-1/mri
/opt/freesurfer/bin/talairach_avi
--i orig_nu.mgz --xfm transforms/talairach.auto.xfm
talairach_avi 7.3.2
Linux dna065 5.14.0-427.37.1.el9_4.x86_64 #1 SMP PREEMPT_DYNAMIC Fri Sep 13 12:41:50 EDT 2024 x86_64 x86_64 x86_64 GNU/Linux
Fri Mar 13 04:32:28 CET 2026
mri_convert orig_nu.mgz talsrcimg.img 
reading from orig_nu.mgz...
TR=0.00, TE=0.00, TI=0.00, flip angle=0.00
i_ras = (-1, 0, 0)
j_ras = (0, 0, -1)
k_ras = (0, 1, 0)
writing to talsrcimg.img...
Analyze Output Matrix
-1.00000   0.00000   0.00000   132.63181;
 0.00000   0.00000   1.00000  -130.22168;
 0.00000  -1.00000   0.00000   132.51602;
 0.00000   0.00000   0.00000   1.00000;
--------------------
INFO: set hdr.hist.orient to -1
mpr2mni305 talsrcimg
Fri Mar 13 04:32:28 CET 2026
/opt/freesurfer/bin/mpr2mni305 talsrcimg
mpr2mni305 7.3.2
target=711-2C_as_mni_average_305

---------------------------------------------------------------------
analyzeto4dfp talsrcimg -O0 -y
---------------------------------------------------------------------

freesurfer ifh2hdr.c
Fri Mar 13 04:32:28 2026
Writing: talsrcimg.4dfp.hdr
freesurfer analyzeto4dfp.c
Reading: talsrcimg.hdr
header size 348 bytes
hdr.dime.datatype	offset=70	value=2
hdr.dime.bitpix		offset=72	value=8
hdr.hist.orient		offset=252	value=-1
dimensionality     4
dimensions       256       256       256         1
Reading: talsrcimg.img
Writing: talsrcimg.4dfp.img
Writing: talsrcimg.4dfp.ifh
ifh2hdr talsrcimg -r0to255
ori=2

---------------------------------------------------------------------
gauss_4dfp talsrcimg 1.1
---------------------------------------------------------------------

freesurfer gauss_4dfp.c
Reading: talsrcimg.4dfp.img
Writing: talsrcimg_g11.4dfp.img
image dimensions 256 256 256 padded to 288 288 288
processing volume 1freesurfer ifh2hdr.c
Fri Mar 13 04:32:30 2026
Writing: talsrcimg_g11.4dfp.hdr

Writing: talsrcimg_g11.4dfp.ifh
including: talsrcimg.4dfp.img.rec in talsrcimg_g11.4dfp.img.rec

---------------------------------------------------------------------
imgreg_4dfp /opt/freesurfer/average/711-2C_as_mni_average_305 none talsrcimg_g11 none talsrcimg_to_711-2C_as_mni_average_305_t4 4355
---------------------------------------------------------------------

freesurfer imgreg_4dfp.c
/opt/freesurfer/average/711-2C_as_mni_average_305.4dfp.img
       256       256       256         1
  1.000000  1.000000  1.000000
orientation T byte_order littleendian
Reading image: /opt/freesurfer/average/711-2C_as_mni_average_305.4dfp.img
dimensions:      256       256       256
mmppix:       1.0000   -1.0000   -1.0000
center:     128.0000 -129.0000 -129.0000
talsrcimg_g11.4dfp.img
       256       256       256         1
  1.000000  1.000000  1.000000
orientation T byte_order littleendian
Reading image: talsrcimg_g11.4dfp.img
dimensions:      256       256       256
mmppix:       1.0000   -1.0000   -1.0000
center:     128.0000 -129.0000 -129.0000
t4_read: open error in t4_sub.f l:  41 t4_file(1:l)talsrcimg_to_711-2C_as_mni_average_305_t4 
t4_read: transform initialized to I4
rotation matrix determinant  1.000000
image alignment mode   4355 decimal     1103 hex
   -7.5000  -45.0000  -45.0000 4937.6509   15.6013
    0.0000  -45.0000  -45.0000 5146.8169   15.6145
    7.5000  -45.0000  -45.0000 4965.5229   15.6389
   -7.5000  -37.5000  -45.0000 5512.7749   15.0886
    0.0000  -37.5000  -45.0000 5732.3281   15.0990
    7.5000  -37.5000  -45.0000 5543.3267   15.1206
   -7.5000  -30.0000  -45.0000 6300.0869   14.7543
    0.0000  -30.0000  -45.0000 6565.7798   14.7625
    7.5000  -30.0000  -45.0000 6339.8389   14.7807
   -7.5000  -22.5000  -45.0000 7115.1963   14.5362
    0.0000  -22.5000  -45.0000 7429.5869   14.5413
    7.5000  -22.5000  -45.0000 7149.6143   14.5599
   -7.5000  -15.0000  -45.0000 7977.2881   14.4983
    0.0000  -15.0000  -45.0000 8346.8838   14.5024
    7.5000  -15.0000  -45.0000 7998.4414   14.5249
   -7.5000   -7.5000  -45.0000 8854.5000   14.5041
    0.0000   -7.5000  -45.0000 9278.5186   14.5109
    7.5000   -7.5000  -45.0000 8882.4736   14.5360
   -7.5000    0.0000  -45.0000 9756.1816   14.4885
    0.0000    0.0000  -45.000010225.9883   14.4986
    7.5000    0.0000  -45.0000 9790.5400   14.5224
   -7.5000    7.5000  -45.0000 9861.0273   14.4674
    0.0000    7.5000  -45.000010333.9375   14.4778
    7.5000    7.5000  -45.0000 9902.1240   14.4982
   -7.5000   15.0000  -45.0000 9808.5352   14.4624
    0.0000   15.0000  -45.000010295.4492   14.4703
    7.5000   15.0000  -45.0000 9836.0420   14.4879
   -7.5000   22.5000  -45.0000 9650.0156   14.4753
    0.0000   22.5000  -45.000010142.2285   14.4803
    7.5000   22.5000  -45.0000 9686.6904   14.4988
   -7.5000   30.0000  -45.0000 9426.6348   14.3048
    0.0000   30.0000  -45.0000 9922.7617   14.3089
    7.5000   30.0000  -45.0000 9450.5820   14.3311
   -7.5000   37.5000  -45.0000 9563.9258   14.3108
    0.0000   37.5000  -45.000010042.7451   14.3175
    7.5000   37.5000  -45.0000 9577.3936   14.3423
   -7.5000   45.0000  -45.0000 9373.4980   13.9324
    0.0000   45.0000  -45.0000 9850.4873   13.9422
    7.5000   45.0000  -45.0000 9380.6963   13.9650
   -7.5000  -45.0000  -37.5000 5333.8784   15.4366
    0.0000  -45.0000  -37.5000 5547.1162   15.4489
    7.5000  -45.0000  -37.5000 5361.8906   15.4809
   -7.5000  -37.5000  -37.5000 5939.8071   14.9446
    0.0000  -37.5000  -37.5000 6172.7344   14.9568
    7.5000  -37.5000  -37.5000 5968.7334   14.9843
   -7.5000  -30.0000  -37.5000 6783.3916   14.6209
    0.0000  -30.0000  -37.5000 7071.6040   14.6328
    7.5000  -30.0000  -37.5000 6816.2212   14.6563
   -7.5000  -22.5000  -37.5000 7650.9326   14.4053
    0.0000  -22.5000  -37.5000 8006.7856   14.4125
    7.5000  -22.5000  -37.5000 7688.3662   14.4375
   -7.5000  -15.0000  -37.5000 8586.1367   14.3622
    0.0000  -15.0000  -37.5000 9005.0635   14.3656
    7.5000  -15.0000  -37.5000 8619.0859   14.3958
   -7.5000   -7.5000  -37.5000 9554.5068   14.3636
    0.0000   -7.5000  -37.500010039.3818   14.3683
    7.5000   -7.5000  -37.5000 9588.0996   14.4010
   -7.5000    0.0000  -37.500010508.9570   14.3491
    0.0000    0.0000  -37.500011053.6455   14.3582
    7.5000    0.0000  -37.500010540.3281   14.3885
   -7.5000    7.5000  -37.500010605.1475   14.3343
    0.0000    7.5000  -37.500011177.9473   14.3465
    7.5000    7.5000  -37.500010630.4375   14.3721
   -7.5000   15.0000  -37.500010545.2051   14.3343
    0.0000   15.0000  -37.500011123.6309   14.3458
    7.5000   15.0000  -37.500010556.5664   14.3683
   -7.5000   22.5000  -37.500010342.1494   14.3456
    0.0000   22.5000  -37.500010919.8027   14.3527
    7.5000   22.5000  -37.500010368.5996   14.3775
   -7.5000   30.0000  -37.500010077.8125   14.1706
    0.0000   30.0000  -37.500010635.5215   14.1739
    7.5000   30.0000  -37.500010090.8682   14.2037
   -7.5000   37.5000  -37.500010209.8330   14.1721
    0.0000   37.5000  -37.500010762.8252   14.1768
    7.5000   37.5000  -37.500010214.9551   14.2090
   -7.5000   45.0000  -37.500010020.7432   13.7984
    0.0000   45.0000  -37.500010559.2900   13.8072
    7.5000   45.0000  -37.500010009.5996   13.8363
   -7.5000  -45.0000  -30.0000 5809.1572   16.0125
    0.0000  -45.0000  -30.0000 6059.9629   16.0210
    7.5000  -45.0000  -30.0000 5863.4824   16.0534
   -7.5000  -37.5000  -30.0000 6459.3628   15.5045
    0.0000  -37.5000  -30.0000 6745.7686   15.5139
    7.5000  -37.5000  -30.0000 6515.7852   15.5430
   -7.5000  -30.0000  -30.0000 7390.1416   15.1744
    0.0000  -30.0000  -30.0000 7733.5713   15.1847
    7.5000  -30.0000  -30.0000 7448.9390   15.2087
   -7.5000  -22.5000  -30.0000 8347.9834   14.9594
    0.0000  -22.5000  -30.0000 8763.7686   14.9654
    7.5000  -22.5000  -30.0000 8396.6191   14.9890
   -7.5000  -15.0000  -30.0000 9386.9824   14.9153
    0.0000  -15.0000  -30.0000 9857.5146   14.9167
    7.5000  -15.0000  -30.0000 9417.1191   14.9451
   -7.5000   -7.5000  -30.000010464.7803   14.9104
    0.0000   -7.5000  -30.000010992.3740   14.9123
    7.5000   -7.5000  -30.000010487.7812   14.9441
   -7.5000    0.0000  -30.000011495.9854   14.8896
    0.0000    0.0000  -30.000012073.9238   14.8954
    7.5000    0.0000  -30.000011509.9902   14.9265
   -7.5000    7.5000  -30.000011569.7207   14.8735
    0.0000    7.5000  -30.000012173.7002   14.8832
    7.5000    7.5000  -30.000011588.5781   14.9103
   -7.5000   15.0000  -30.000011489.8008   14.8791
    0.0000   15.0000  -30.000012111.0098   14.8892
    7.5000   15.0000  -30.000011506.5645   14.9121
   -7.5000   22.5000  -30.000011258.6348   14.8961
    0.0000   22.5000  -30.000011890.3604   14.9020
    7.5000   22.5000  -30.000011295.2422   14.9254
   -7.5000   30.0000  -30.000010935.9277   14.7177
    0.0000   30.0000  -30.000011552.8281   14.7190
    7.5000   30.0000  -30.000010960.0898   14.7471
   -7.5000   37.5000  -30.000011033.5771   14.7131
    0.0000   37.5000  -30.000011654.3164   14.7150
    7.5000   37.5000  -30.000011038.1377   14.7464
   -7.5000   45.0000  -30.000010816.7217   14.3286
    0.0000   45.0000  -30.000011418.9521   14.3342
    7.5000   45.0000  -30.000010795.2188   14.3642
   -7.5000  -45.0000  -22.5000 6332.2124   16.5645
    0.0000  -45.0000  -22.5000 6607.4058   16.5691
    7.5000  -45.0000  -22.5000 6382.1133   16.5914
   -7.5000  -37.5000  -22.5000 7021.7114   16.0271
    0.0000  -37.5000  -22.5000 7343.2793   16.0303
    7.5000  -37.5000  -22.5000 7068.1299   16.0540
   -7.5000  -30.0000  -22.5000 8027.9951   15.6863
    0.0000  -30.0000  -22.5000 8428.7334   15.6901
    7.5000  -30.0000  -22.5000 8074.1133   15.7084
   -7.5000  -22.5000  -22.5000 9081.9336   15.4744
    0.0000  -22.5000  -22.5000 9545.5811   15.4765
    7.5000  -22.5000  -22.5000 9116.7842   15.4908
   -7.5000  -15.0000  -22.500010202.8242   15.4360
    0.0000  -15.0000  -22.500010713.0879   15.4362
    7.5000  -15.0000  -22.500010215.7334   15.4525
   -7.5000   -7.5000  -22.500011371.4287   15.4292
    0.0000   -7.5000  -22.500011944.9746   15.4300
    7.5000   -7.5000  -22.500011387.5381   15.4506
   -7.5000    0.0000  -22.500012476.8613   15.3996
    0.0000    0.0000  -22.500013095.1631   15.4023
    7.5000    0.0000  -22.500012486.6377   15.4255
   -7.5000    7.5000  -22.500012527.5938   15.3755
    0.0000    7.5000  -22.500013188.1504   15.3796
    7.5000    7.5000  -22.500012553.3555   15.4018
   -7.5000   15.0000  -22.500012441.1621   15.3818
    0.0000   15.0000  -22.500013098.2061   15.3859
    7.5000   15.0000  -22.500012458.2568   15.4036
   -7.5000   22.5000  -22.500012230.4453   15.4078
    0.0000   22.5000  -22.500012917.0762   15.4098
    7.5000   22.5000  -22.500012243.5820   15.4241
   -7.5000   30.0000  -22.500011836.6865   15.2338
    0.0000   30.0000  -22.500012515.7490   15.2341
    7.5000   30.0000  -22.500011853.9658   15.2501
   -7.5000   37.5000  -22.500011889.9883   15.2273
    0.0000   37.5000  -22.500012547.7139   15.2282
    7.5000   37.5000  -22.500011899.6729   15.2485
   -7.5000   45.0000  -22.500011605.6045   14.8306
    0.0000   45.0000  -22.500012269.7773   14.8332
    7.5000   45.0000  -22.500011594.7803   14.8555
   -7.5000  -45.0000  -15.0000 6822.7896   17.0001
    0.0000  -45.0000  -15.0000 7141.3135   17.0049
    7.5000  -45.0000  -15.0000 6877.9946   17.0173
   -7.5000  -37.5000  -15.0000 7561.0474   16.4366
    0.0000  -37.5000  -15.0000 7928.9604   16.4365
    7.5000  -37.5000  -15.0000 7622.2041   16.4527
   -7.5000  -30.0000  -15.0000 8666.4375   16.0822
    0.0000  -30.0000  -15.0000 9100.5947   16.0812
    7.5000  -30.0000  -15.0000 8723.7959   16.0924
   -7.5000  -22.5000  -15.0000 9837.4180   15.8667
    0.0000  -22.5000  -15.000010330.0156   15.8664
    7.5000  -22.5000  -15.0000 9867.8037   15.8721
   -7.5000  -15.0000  -15.000011061.0596   15.8331
    0.0000  -15.0000  -15.000011606.9102   15.8345
    7.5000  -15.0000  -15.000011069.2266   15.8405
   -7.5000   -7.5000  -15.000012294.9434   15.8301
    0.0000   -7.5000  -15.000012893.6602   15.8333
    7.5000   -7.5000  -15.000012298.6689   15.8441
   -7.5000    0.0000  -15.000013450.0645   15.7988
    0.0000    0.0000  -15.000014112.2793   15.8019
    7.5000    0.0000  -15.000013442.6953   15.8167
   -7.5000    7.5000  -15.000013500.2959   15.7680
    0.0000    7.5000  -15.000014207.2412   15.7690
    7.5000    7.5000  -15.000013519.2910   15.7845
   -7.5000   15.0000  -15.000013395.0244   15.7696
    0.0000   15.0000  -15.000014095.3350   15.7691
    7.5000   15.0000  -15.000013425.1973   15.7801
   -7.5000   22.5000  -15.000013170.8281   15.7975
    0.0000   22.5000  -15.000013932.5322   15.7971
    7.5000   22.5000  -15.000013176.6777   15.8028
   -7.5000   30.0000  -15.000012722.7129   15.6280
    0.0000   30.0000  -15.000013458.7061   15.6293
    7.5000   30.0000  -15.000012726.1289   15.6353
   -7.5000   37.5000  -15.000012780.0781   15.6252
    0.0000   37.5000  -15.000013508.7441   15.6284
    7.5000   37.5000  -15.000012770.1406   15.6390
   -7.5000   45.0000  -15.000012439.9746   15.2242
    0.0000   45.0000  -15.000013165.7666   15.2272
    7.5000   45.0000  -15.000012424.0039   15.2415
   -7.5000  -45.0000   -7.5000 7328.6504   17.2369
    0.0000  -45.0000   -7.5000 7660.0757   17.2465
    7.5000  -45.0000   -7.5000 7369.7764   17.2615
   -7.5000  -37.5000   -7.5000 8153.3711   16.6657
    0.0000  -37.5000   -7.5000 8556.9619   16.6697
    7.5000  -37.5000   -7.5000 8214.4766   16.6860
   -7.5000  -30.0000   -7.5000 9380.2236   16.3010
    0.0000  -30.0000   -7.5000 9845.0322   16.3026
    7.5000  -30.0000   -7.5000 9419.7891   16.3144
   -7.5000  -22.5000   -7.500010661.9561   16.0731
    0.0000  -22.5000   -7.500011179.2715   16.0743
    7.5000  -22.5000   -7.500010666.7607   16.0830
   -7.5000  -15.0000   -7.500011979.7480   16.0379
    0.0000  -15.0000   -7.500012534.2363   16.0408
    7.5000  -15.0000   -7.500011973.7305   16.0514
   -7.5000   -7.5000   -7.500013274.1016   16.0414
    0.0000   -7.5000   -7.500013880.5361   16.0474
    7.5000   -7.5000   -7.500013262.2236   16.0621
   -7.5000    0.0000   -7.500014491.2627   16.0167
    0.0000    0.0000   -7.500015182.5713   16.0238
    7.5000    0.0000   -7.500014483.4326   16.0404
   -7.5000    7.5000   -7.500014562.5732   15.9869
    0.0000    7.5000   -7.500015275.2285   15.9916
    7.5000    7.5000   -7.500014570.2344   16.0072
   -7.5000   15.0000   -7.500014435.4277   15.9827
    0.0000   15.0000   -7.500015191.0146   15.9845
    7.5000   15.0000   -7.500014445.5625   15.9961
   -7.5000   22.5000   -7.500014150.5479   16.0012
    0.0000   22.5000   -7.500014959.6895   16.0023
    7.5000   22.5000   -7.500014121.3584   16.0109
   -7.5000   30.0000   -7.500013662.4492   15.8297
    0.0000   30.0000   -7.500014389.3721   15.8325
    7.5000   30.0000   -7.500013635.8584   15.8429
   -7.5000   37.5000   -7.500013705.7178   15.8334
    0.0000   37.5000   -7.500014470.3320   15.8393
    7.5000   37.5000   -7.500013682.7539   15.8538
   -7.5000   45.0000   -7.500013352.6113   15.4371
    0.0000   45.0000   -7.500014090.6562   15.4439
    7.5000   45.0000   -7.500013307.7031   15.4599
   -7.5000  -45.0000    0.0000 7830.8379   17.2751
    0.0000  -45.0000    0.0000 8179.7686   17.2888
    7.5000  -45.0000    0.0000 7867.3643   17.3155
   -7.5000  -37.5000    0.0000 8741.3193   16.7134
    0.0000  -37.5000    0.0000 9154.7588   16.7243
    7.5000  -37.5000    0.0000 8780.9775   16.7480
   -7.5000  -30.0000    0.000010054.7070   16.3473
    0.0000  -30.0000    0.000010535.8164   16.3559
    7.5000  -30.0000    0.000010077.4326   16.3759
   -7.5000  -22.5000    0.000011412.5303   16.1082
    0.0000  -22.5000    0.000011936.7432   16.1135
    7.5000  -22.5000    0.000011410.0879   16.1338
   -7.5000  -15.0000    0.000012798.3926   16.0664
    0.0000  -15.0000    0.000013367.3496   16.0704
    7.5000  -15.0000    0.000012801.0625   16.0949
   -7.5000   -7.5000    0.000014136.8076   16.0724
    0.0000   -7.5000    0.000014767.8135   16.0792
    7.5000   -7.5000    0.000014131.7617   16.1065
   -7.5000    0.0000    0.000015387.0928   16.0550
    0.0000    0.0000    0.000016054.3955   16.0654
    7.5000    0.0000    0.000015380.7188   16.0915
   -7.5000    7.5000    0.000015539.8701   16.0320
    0.0000    7.5000    0.000016187.1738   16.0430
    7.5000    7.5000    0.000015549.5596   16.0653
   -7.5000   15.0000    0.000015445.5537   16.0270
    0.0000   15.0000    0.000016244.8486   16.0354
    7.5000   15.0000    0.000015433.7559   16.0547
   -7.5000   22.5000    0.000015093.2773   16.0362
    0.0000   22.5000    0.000015851.0303   16.0414
    7.5000   22.5000    0.000015034.1250   16.0615
   -7.5000   30.0000    0.000014499.5645   15.8582
    0.0000   30.0000    0.000015186.9316   15.8622
    7.5000   30.0000    0.000014474.9414   15.8863
   -7.5000   37.5000    0.000014550.2207   15.8644
    0.0000   37.5000    0.000015266.7031   15.8711
    7.5000   37.5000    0.000014520.2490   15.8981
   -7.5000   45.0000    0.000014158.5557   15.4751
    0.0000   45.0000    0.000014868.8262   15.4852
    7.5000   45.0000    0.000014088.1729   15.5103
   -7.5000  -45.0000    7.5000 7637.7681   17.2362
    0.0000  -45.0000    7.5000 7985.7681   17.2497
    7.5000  -45.0000    7.5000 7677.6309   17.2855
   -7.5000  -37.5000    7.5000 8611.2139   16.6881
    0.0000  -37.5000    7.5000 9022.2412   16.7016
    7.5000  -37.5000    7.5000 8636.3682   16.7322
   -7.5000  -30.0000    7.5000 9954.6299   16.3275
    0.0000  -30.0000    7.500010434.6436   16.3407
    7.5000  -30.0000    7.5000 9970.4189   16.3668
   -7.5000  -22.5000    7.500011276.2354   16.0874
    0.0000  -22.5000    7.500011793.9824   16.0953
    7.5000  -22.5000    7.500011303.1152   16.1231
   -7.5000  -15.0000    7.500012590.6768   16.0392
    0.0000  -15.0000    7.500013126.9023   16.0430
    7.5000  -15.0000    7.500012629.6982   16.0767
   -7.5000   -7.5000    7.500013840.5156   16.0406
    0.0000   -7.5000    7.500014434.2236   16.0458
    7.5000   -7.5000    7.500013883.2441   16.0822
   -7.5000    0.0000    7.500015025.7334   16.0244
    0.0000    0.0000    7.500015616.0596   16.0344
    7.5000    0.0000    7.500015100.7119   16.0682
   -7.5000    7.5000    7.500015288.0830   16.0080
    0.0000    7.5000    7.500015914.2744   16.0214
    7.5000    7.5000    7.500015342.8271   16.0499
   -7.5000   15.0000    7.500015385.3457   16.0082
    0.0000   15.0000    7.500016183.7090   16.0209
    7.5000   15.0000    7.500015333.2979   16.0460
   -7.5000   22.5000    7.500014998.0342   16.0156
    0.0000   22.5000    7.500015645.0820   16.0235
    7.5000   22.5000    7.500014885.1719   16.0511
   -7.5000   30.0000    7.500014334.2617   15.8314
    0.0000   30.0000    7.500014850.9004   15.8351
    7.5000   30.0000    7.500014253.6758   15.8683
   -7.5000   37.5000    7.500014366.1338   15.8330
    0.0000   37.5000    7.500014940.7803   15.8381
    7.5000   37.5000    7.500014281.8242   15.8741
   -7.5000   45.0000    7.500013938.2266   15.4457
    0.0000   45.0000    7.500014578.4053   15.4553
    7.5000   45.0000    7.500013835.6416   15.4879
   -7.5000  -45.0000   15.0000 7359.4238   17.1948
    0.0000  -45.0000   15.0000 7702.5732   17.2039
    7.5000  -45.0000   15.0000 7411.3369   17.2387
   -7.5000  -37.5000   15.0000 8286.5957   16.6493
    0.0000  -37.5000   15.0000 8696.3955   16.6594
    7.5000  -37.5000   15.0000 8338.0068   16.6906
   -7.5000  -30.0000   15.0000 9559.5244   16.2948
    0.0000  -30.0000   15.000010083.6826   16.3059
    7.5000  -30.0000   15.0000 9621.5361   16.3316
   -7.5000  -22.5000   15.000010855.4443   16.0639
    0.0000  -22.5000   15.000011431.4600   16.0703
    7.5000  -22.5000   15.000010924.9619   16.0957
   -7.5000  -15.0000   15.000012124.4590   16.0165
    0.0000  -15.0000   15.000012737.0010   16.0180
    7.5000  -15.0000   15.000012211.7822   16.0486
   -7.5000   -7.5000   15.000013328.1475   16.0113
    0.0000   -7.5000   15.000013957.8564   16.0134
    7.5000   -7.5000   15.000013444.7129   16.0476
   -7.5000    0.0000   15.000014501.8018   15.9889
    0.0000    0.0000   15.000015112.8184   15.9952
    7.5000    0.0000   15.000014624.6123   16.0286
   -7.5000    7.5000   15.000014757.2715   15.9717
    0.0000    7.5000   15.000015603.2500   15.9821
    7.5000    7.5000   15.000014883.9053   16.0112
   -7.5000   15.0000   15.000014882.6494   15.9776
    0.0000   15.0000   15.000015807.9268   15.9885
    7.5000   15.0000   15.000014950.0410   16.0132
   -7.5000   22.5000   15.000014651.4492   15.9924
    0.0000   22.5000   15.000015308.4482   15.9987
    7.5000   22.5000   15.000014594.9004   16.0239
   -7.5000   30.0000   15.000014108.4443   15.8090
    0.0000   30.0000   15.000014644.9082   15.8105
    7.5000   30.0000   15.000013980.2744   15.8406
   -7.5000   37.5000   15.000014131.4463   15.8041
    0.0000   37.5000   15.000014732.7324   15.8061
    7.5000   37.5000   15.000013970.6787   15.8399
   -7.5000   45.0000   15.000013617.4824   15.4115
    0.0000   45.0000   15.000014276.8730   15.4175
    7.5000   45.0000   15.000013483.4375   15.4497
   -7.5000  -45.0000   22.5000 7005.2451   17.1953
    0.0000  -45.0000   22.5000 7338.0288   17.2000
    7.5000  -45.0000   22.5000 7051.5186   17.2232
   -7.5000  -37.5000   22.5000 7903.8467   16.6374
    0.0000  -37.5000   22.5000 8319.0830   16.6408
    7.5000  -37.5000   22.5000 7964.2861   16.6653
   -7.5000  -30.0000   22.5000 9148.1699   16.2836
    0.0000  -30.0000   22.5000 9649.4336   16.2876
    7.5000  -30.0000   22.5000 9229.9219   16.3066
   -7.5000  -22.5000   22.500010380.1162   16.0637
    0.0000  -22.5000   22.500010925.3574   16.0658
    7.5000  -22.5000   22.500010471.7754   16.0807
   -7.5000  -15.0000   22.500011574.9150   16.0238
    0.0000  -15.0000   22.500012159.6221   16.0240
    7.5000  -15.0000   22.500011686.1436   16.0409
   -7.5000   -7.5000   22.500012745.8867   16.0167
    0.0000   -7.5000   22.500013380.2959   16.0176
    7.5000   -7.5000   22.500012870.9531   16.0390
   -7.5000    0.0000   22.500013892.7666   15.9860
    0.0000    0.0000   22.500014576.2598   15.9889
    7.5000    0.0000   22.500013983.9297   16.0129
   -7.5000    7.5000   22.500014041.1484   15.9610
    0.0000    7.5000   22.500014854.8320   15.9652
    7.5000    7.5000   22.500014136.9463   15.9883
   -7.5000   15.0000   22.500013968.7949   15.9676
    0.0000   15.0000   22.500014842.2021   15.9718
    7.5000   15.0000   22.500014051.2090   15.9902
   -7.5000   22.5000   22.500013821.7148   15.9921
    0.0000   22.5000   22.500014611.4326   15.9942
    7.5000   22.5000   22.500013826.7461   16.0090
   -7.5000   30.0000   22.500013463.2031   15.8162
    0.0000   30.0000   22.500014224.7275   15.8164
    7.5000   30.0000   22.500013428.0010   15.8330
   -7.5000   37.5000   22.500013475.7314   15.8094
    0.0000   37.5000   22.500014208.0713   15.8103
    7.5000   37.5000   22.500013426.1934   15.8314
   -7.5000   45.0000   22.500012949.1895   15.4087
    0.0000   45.0000   22.500013627.7129   15.4114
    7.5000   45.0000   22.500012914.2646   15.4346
   -7.5000  -45.0000   30.0000 6629.2920   17.2337
    0.0000  -45.0000   30.0000 6942.5317   17.2385
    7.5000  -45.0000   30.0000 6658.1982   17.2511
   -7.5000  -37.5000   30.0000 7432.2563   16.6624
    0.0000  -37.5000   30.0000 7840.3711   16.6624
    7.5000  -37.5000   30.0000 7482.7910   16.6788
   -7.5000  -30.0000   30.0000 8571.5820   16.3032
    0.0000  -30.0000   30.0000 9042.9873   16.3021
    7.5000  -30.0000   30.0000 8630.0312   16.3135
   -7.5000  -22.5000   30.0000 9731.0381   16.0847
    0.0000  -22.5000   30.000010253.9443   16.0843
    7.5000  -22.5000   30.0000 9785.3604   16.0901
   -7.5000  -15.0000   30.000010910.1064   16.0507
    0.0000  -15.0000   30.000011482.8242   16.0520
    7.5000  -15.0000   30.000010962.0986   16.0582
   -7.5000   -7.5000   30.000012076.9688   16.0476
    0.0000   -7.5000   30.000012686.7451   16.0509
    7.5000   -7.5000   30.000012120.2695   16.0618
   -7.5000    0.0000   30.000013175.5010   16.0159
    0.0000    0.0000   30.000013843.0400   16.0190
    7.5000    0.0000   30.000013201.6709   16.0341
   -7.5000    7.5000   30.000013256.4043   15.9846
    0.0000    7.5000   30.000013908.5605   15.9857
    7.5000    7.5000   30.000013321.2568   16.0014
   -7.5000   15.0000   30.000013110.9521   15.9863
    0.0000   15.0000   30.000013681.0703   15.9858
    7.5000   15.0000   30.000013179.5098   15.9969
   -7.5000   22.5000   30.000012868.8018   16.0128
    0.0000   22.5000   30.000013400.4180   16.0125
    7.5000   22.5000   30.000012887.9189   16.0182
   -7.5000   30.0000   30.000012540.2754   15.8427
    0.0000   30.0000   30.000013104.0713   15.8440
    7.5000   30.0000   30.000012566.3184   15.8501
   -7.5000   37.5000   30.000012602.7178   15.8400
    0.0000   37.5000   30.000013217.9756   15.8431
    7.5000   37.5000   30.000012646.4902   15.8539
   -7.5000   45.0000   30.000012133.2041   15.4374
    0.0000   45.0000   30.000012739.7568   15.4404
    7.5000   45.0000   30.000012176.4961   15.4550
   -7.5000  -45.0000   37.5000 6388.8447   17.3048
    0.0000  -45.0000   37.5000 6687.2397   17.3143
    7.5000  -45.0000   37.5000 6415.6846   17.3292
   -7.5000  -37.5000   37.5000 7164.1519   16.7303
    0.0000  -37.5000   37.5000 7537.5874   16.7342
    7.5000  -37.5000   37.5000 7198.8208   16.7504
   -7.5000  -30.0000   37.5000 8271.2715   16.3635
    0.0000  -30.0000   37.5000 8709.7295   16.3650
    7.5000  -30.0000   37.5000 8313.4395   16.3768
   -7.5000  -22.5000   37.5000 9406.8984   16.1344
    0.0000  -22.5000   37.5000 9907.2061   16.1354
    7.5000  -22.5000   37.5000 9437.5645   16.1440
   -7.5000  -15.0000   37.500010543.0342   16.0990
    0.0000  -15.0000   37.500011091.0273   16.1017
    7.5000  -15.0000   37.500010574.6748   16.1122
   -7.5000   -7.5000   37.500011667.7246   16.1025
    0.0000   -7.5000   37.500012258.6475   16.1083
    7.5000   -7.5000   37.500011694.3623   16.1230
   -7.5000    0.0000   37.500012689.5859   16.0776
    0.0000    0.0000   37.500013302.7373   16.0846
    7.5000    0.0000   37.500012752.6924   16.1011
   -7.5000    7.5000   37.500012712.6846   16.0477
    0.0000    7.5000   37.500013264.9805   16.0523
    7.5000    7.5000   37.500012811.1260   16.0677
   -7.5000   15.0000   37.500012568.3994   16.0434
    0.0000   15.0000   37.500013059.6914   16.0451
    7.5000   15.0000   37.500012664.7012   16.0566
   -7.5000   22.5000   37.500012318.9424   16.0621
    0.0000   22.5000   37.500012788.4150   16.0630
    7.5000   22.5000   37.500012382.6357   16.0716
   -7.5000   30.0000   37.500012038.9717   15.8904
    0.0000   30.0000   37.500012527.9805   15.8931
    7.5000   30.0000   37.500012074.2412   15.9034
   -7.5000   37.5000   37.500012137.6104   15.8941
    0.0000   37.5000   37.500012637.0205   15.8999
    7.5000   37.5000   37.500012168.9541   15.9143
   -7.5000   45.0000   37.500011732.2129   15.4969
    0.0000   45.0000   37.500012219.4111   15.5037
    7.5000   45.0000   37.500011744.7539   15.5196
   -7.5000  -45.0000   45.0000 5884.4009   17.4031
    0.0000  -45.0000   45.0000 6147.2935   17.4169
    7.5000  -45.0000   45.0000 5924.6763   17.4441
   -7.5000  -37.5000   45.0000 6608.0854   16.8294
    0.0000  -37.5000   45.0000 6926.8149   16.8403
    7.5000  -37.5000   45.0000 6646.7212   16.8645
   -7.5000  -30.0000   45.0000 7635.6973   16.4561
    0.0000  -30.0000   45.0000 8025.3320   16.4647
    7.5000  -30.0000   45.0000 7673.3022   16.4850
   -7.5000  -22.5000   45.0000 8654.0488   16.2126
    0.0000  -22.5000   45.0000 9114.4619   16.2178
    7.5000  -22.5000   45.0000 8687.1768   16.2385
   -7.5000  -15.0000   45.0000 9673.3643   16.1700
    0.0000  -15.0000   45.000010182.8154   16.1739
    7.5000  -15.0000   45.0000 9706.5684   16.1989
   -7.5000   -7.5000   45.000010691.9707   16.1758
    0.0000   -7.5000   45.000011234.0127   16.1826
    7.5000   -7.5000   45.000010740.4170   16.2106
   -7.5000    0.0000   45.000011615.3984   16.1578
    0.0000    0.0000   45.000012176.8301   16.1683
    7.5000    0.0000   45.000011693.2949   16.1948
   -7.5000    7.5000   45.000011636.4521   16.1344
    0.0000    7.5000   45.000012152.8301   16.1453
    7.5000    7.5000   45.000011713.3125   16.1680
   -7.5000   15.0000   45.000011517.8438   16.1295
    0.0000   15.0000   45.000011973.9355   16.1378
    7.5000   15.0000   45.000011588.2295   16.1574
   -7.5000   22.5000   45.000011255.8809   16.1392
    0.0000   22.5000   45.000011691.6553   16.1443
    7.5000   22.5000   45.000011314.1602   16.1648
   -7.5000   30.0000   45.000010993.2998   15.9591
    0.0000   30.0000   45.000011427.1533   15.9630
    7.5000   30.0000   45.000011028.4424   15.9876
   -7.5000   37.5000   45.000011100.6953   15.9651
    0.0000   37.5000   45.000011537.5684   15.9718
    7.5000   37.5000   45.000011138.5059   15.9994
   -7.5000   45.0000   45.000010753.4541   15.5813
    0.0000   45.0000   45.000011194.1201   15.5914
    7.5000   45.0000   45.000010770.2979   15.6170

---------------------------------------------------------------------
imgreg_4dfp /opt/freesurfer/average/711-2C_as_mni_average_305 /opt/freesurfer/average/711-2B_as_mni_average_305_mask talsrcimg_g11 none talsrcimg_to_711-2C_as_mni_average_305_t4 4355
---------------------------------------------------------------------

freesurfer imgreg_4dfp.c
/opt/freesurfer/average/711-2C_as_mni_average_305.4dfp.img
       256       256       256         1
  1.000000  1.000000  1.000000
orientation T byte_order littleendian
Reading image: /opt/freesurfer/average/711-2C_as_mni_average_305.4dfp.img
dimensions:      256       256       256
mmppix:       1.0000   -1.0000   -1.0000
center:     128.0000 -129.0000 -129.0000
/opt/freesurfer/average/711-2B_as_mni_average_305_mask.4dfp.img
       256       256       256         1
  1.000000  1.000000  1.000000
orientation T byte_order littleendian
Reading mask: /opt/freesurfer/average/711-2B_as_mni_average_305_mask.4dfp.img (2306576 pixels)
talsrcimg_g11.4dfp.img
       256       256       256         1
  1.000000  1.000000  1.000000
orientation T byte_order littleendian
Reading image: talsrcimg_g11.4dfp.img
dimensions:      256       256       256
mmppix:       1.0000   -1.0000   -1.0000
center:     128.0000 -129.0000 -129.0000
rotation matrix determinant  1.000000
image alignment mode   4355 decimal     1103 hex
   -7.5000  -30.0000  -45.0000 1733.7632   23.8820
    0.0000  -30.0000  -45.0000 1739.9529   23.7252
    7.5000  -30.0000  -45.0000 1722.3198   23.9565
   -7.5000  -22.5000  -45.0000 1847.1208   21.1054
    0.0000  -22.5000  -45.0000 1853.9312   20.9432
    7.5000  -22.5000  -45.0000 1836.5214   21.0753
   -7.5000  -15.0000  -45.0000 1943.8734   19.0198
    0.0000  -15.0000  -45.0000 1955.5548   18.9093
    7.5000  -15.0000  -45.0000 1932.6068   18.9766
   -7.5000   -7.5000  -45.0000 2030.7043   17.4020
    0.0000   -7.5000  -45.0000 2041.9379   17.3946
    7.5000   -7.5000  -45.0000 2020.8802   17.4087
   -7.5000    0.0000  -45.0000 2118.2483   16.1192
    0.0000    0.0000  -45.0000 2126.3003   16.1497
    7.5000    0.0000  -45.0000 2111.1160   16.1612
   -7.5000    7.5000  -45.0000 2167.7058   15.2542
    0.0000    7.5000  -45.0000 2173.7446   15.2776
    7.5000    7.5000  -45.0000 2161.1204   15.2752
   -7.5000   15.0000  -45.0000 2191.4099   14.7208
    0.0000   15.0000  -45.0000 2198.7942   14.6973
    7.5000   15.0000  -45.0000 2183.0869   14.7422
   -7.5000   22.5000  -45.0000 2198.1187   14.4559
    0.0000   22.5000  -45.0000 2207.4551   14.3746
    7.5000   22.5000  -45.0000 2194.5386   14.4552
   -7.5000   30.0000  -45.0000 2191.9802   14.4533
    0.0000   30.0000  -45.0000 2208.0391   14.3822
    7.5000   30.0000  -45.0000 2187.9026   14.4018
   -7.5000   37.5000  -45.0000 2171.4478   14.7512
    0.0000   37.5000  -45.0000 2184.9185   14.6391
    7.5000   37.5000  -45.0000 2164.0781   14.6982
   -7.5000   45.0000  -45.0000 2125.1265   15.3760
    0.0000   45.0000  -45.0000 2141.5869   15.2102
    7.5000   45.0000  -45.0000 2123.6401   15.2789
   -7.5000   52.5000  -45.0000 2059.9109   16.1901
    0.0000   52.5000  -45.0000 2073.9324   16.0030
    7.5000   52.5000  -45.0000 2057.1028   16.0705
   -7.5000   60.0000  -45.0000 1945.7046   17.2564
    0.0000   60.0000  -45.0000 1960.0189   17.0020
    7.5000   60.0000  -45.0000 1946.2888   17.1323
   -7.5000  -30.0000  -37.5000 1812.5560   21.7649
    0.0000  -30.0000  -37.5000 1812.9515   21.7051
    7.5000  -30.0000  -37.5000 1800.8170   21.8068
   -7.5000  -22.5000  -37.5000 1931.7444   19.1279
    0.0000  -22.5000  -37.5000 1936.2261   19.1292
    7.5000  -22.5000  -37.5000 1922.6523   19.1144
   -7.5000  -15.0000  -37.5000 2039.3258   17.2630
    0.0000  -15.0000  -37.5000 2048.7146   17.2647
    7.5000  -15.0000  -37.5000 2032.1731   17.2303
   -7.5000   -7.5000  -37.5000 2135.7817   15.8301
    0.0000   -7.5000  -37.5000 2145.5503   15.8355
    7.5000   -7.5000  -37.5000 2128.0408   15.8538
   -7.5000    0.0000  -37.5000 2225.0469   14.6995
    0.0000    0.0000  -37.5000 2235.6931   14.7431
    7.5000    0.0000  -37.5000 2219.0088   14.7466
   -7.5000    7.5000  -37.5000 2275.3933   13.9368
    0.0000    7.5000  -37.5000 2295.1797   13.9568
    7.5000    7.5000  -37.5000 2269.6160   13.9557
   -7.5000   15.0000  -37.5000 2300.6787   13.4348
    0.0000   15.0000  -37.5000 2321.7073   13.4469
    7.5000   15.0000  -37.5000 2292.1768   13.4779
   -7.5000   22.5000  -37.5000 2303.7097   13.2100
    0.0000   22.5000  -37.5000 2320.7456   13.1888
    7.5000   22.5000  -37.5000 2301.4309   13.2316
   -7.5000   30.0000  -37.5000 2290.7463   13.1890
    0.0000   30.0000  -37.5000 2310.0710   13.1551
    7.5000   30.0000  -37.5000 2288.7754   13.1549
   -7.5000   37.5000  -37.5000 2272.4819   13.3758
    0.0000   37.5000  -37.5000 2290.3455   13.3407
    7.5000   37.5000  -37.5000 2271.4675   13.3889
   -7.5000   45.0000  -37.5000 2238.6841   13.9349
    0.0000   45.0000  -37.5000 2257.4788   13.8608
    7.5000   45.0000  -37.5000 2237.5088   13.9271
   -7.5000   52.5000  -37.5000 2168.2185   14.7272
    0.0000   52.5000  -37.5000 2183.6528   14.6216
    7.5000   52.5000  -37.5000 2169.4133   14.6668
   -7.5000   60.0000  -37.5000 2047.1055   15.7019
    0.0000   60.0000  -37.5000 2062.1755   15.5537
    7.5000   60.0000  -37.5000 2048.5156   15.6284
   -7.5000  -30.0000  -30.0000 1912.3539   20.5712
    0.0000  -30.0000  -30.0000 1918.1169   20.5747
    7.5000  -30.0000  -30.0000 1911.8219   20.5540
   -7.5000  -22.5000  -30.0000 2041.9677   18.1472
    0.0000  -22.5000  -30.0000 2055.3274   18.1578
    7.5000  -22.5000  -30.0000 2039.7526   18.0987
   -7.5000  -15.0000  -30.0000 2161.1855   16.3986
    0.0000  -15.0000  -30.0000 2178.4775   16.3898
    7.5000  -15.0000  -30.0000 2160.1257   16.3197
   -7.5000   -7.5000  -30.0000 2267.4822   15.0095
    0.0000   -7.5000  -30.0000 2284.7302   15.0057
    7.5000   -7.5000  -30.0000 2264.1533   14.9929
   -7.5000    0.0000  -30.0000 2363.8037   13.9369
    0.0000    0.0000  -30.0000 2376.4980   13.9100
    7.5000    0.0000  -30.0000 2357.9248   13.9177
   -7.5000    7.5000  -30.0000 2419.7520   13.1863
    0.0000    7.5000  -30.0000 2437.4792   13.1570
    7.5000    7.5000  -30.0000 2415.7253   13.2026
   -7.5000   15.0000  -30.0000 2448.6230   12.7470
    0.0000   15.0000  -30.0000 2472.3306   12.7013
    7.5000   15.0000  -30.0000 2446.5405   12.7832
   -7.5000   22.5000  -30.0000 2454.8044   12.5274
    0.0000   22.5000  -30.0000 2477.0298   12.4994
    7.5000   22.5000  -30.0000 2457.0156   12.5489
   -7.5000   30.0000  -30.0000 2444.1848   12.5054
    0.0000   30.0000  -30.0000 2463.7192   12.4696
    7.5000   30.0000  -30.0000 2448.5156   12.5122
   -7.5000   37.5000  -30.0000 2424.2837   12.6907
    0.0000   37.5000  -30.0000 2446.2354   12.6349
    7.5000   37.5000  -30.0000 2426.5933   12.7007
   -7.5000   45.0000  -30.0000 2390.0278   13.1880
    0.0000   45.0000  -30.0000 2412.3823   13.1140
    7.5000   45.0000  -30.0000 2391.5972   13.1863
   -7.5000   52.5000  -30.0000 2312.4536   13.9247
    0.0000   52.5000  -30.0000 2329.5759   13.8675
    7.5000   52.5000  -30.0000 2313.7134   13.9074
   -7.5000   60.0000  -30.0000 2185.2119   14.8445
    0.0000   60.0000  -30.0000 2200.7373   14.7885
    7.5000   60.0000  -30.0000 2186.6135   14.8490
   -7.5000  -30.0000  -22.5000 1988.3934   19.5357
    0.0000  -30.0000  -22.5000 1998.6295   19.4030
    7.5000  -30.0000  -22.5000 1984.7526   19.4194
   -7.5000  -22.5000  -22.5000 2126.4202   17.2016
    0.0000  -22.5000  -22.5000 2145.3745   17.1234
    7.5000  -22.5000  -22.5000 2125.4341   17.0840
   -7.5000  -15.0000  -22.5000 2255.2847   15.4746
    0.0000  -15.0000  -22.5000 2276.2080   15.4233
    7.5000  -15.0000  -22.5000 2254.8098   15.3660
   -7.5000   -7.5000  -22.5000 2371.2366   14.1749
    0.0000   -7.5000  -22.5000 2393.5325   14.1653
    7.5000   -7.5000  -22.5000 2370.0383   14.1139
   -7.5000    0.0000  -22.5000 2466.9041   13.1480
    0.0000    0.0000  -22.5000 2486.0491   13.1098
    7.5000    0.0000  -22.5000 2466.9744   13.0902
   -7.5000    7.5000  -22.5000 2528.9229   12.3782
    0.0000    7.5000  -22.5000 2548.9868   12.3307
    7.5000    7.5000  -22.5000 2531.8943   12.3757
   -7.5000   15.0000  -22.5000 2570.9014   11.9739
    0.0000   15.0000  -22.5000 2593.6370   11.8886
    7.5000   15.0000  -22.5000 2572.9688   11.9873
   -7.5000   22.5000  -22.5000 2591.7192   11.7783
    0.0000   22.5000  -22.5000 2611.8977   11.7080
    7.5000   22.5000  -22.5000 2592.3679   11.8127
   -7.5000   30.0000  -22.5000 2587.1504   11.7516
    0.0000   30.0000  -22.5000 2604.1238   11.7046
    7.5000   30.0000  -22.5000 2590.5608   11.7755
   -7.5000   37.5000  -22.5000 2559.6191   11.9427
    0.0000   37.5000  -22.5000 2583.4443   11.8641
    7.5000   37.5000  -22.5000 2564.6621   11.9482
   -7.5000   45.0000  -22.5000 2519.0005   12.4269
    0.0000   45.0000  -22.5000 2545.3564   12.3637
    7.5000   45.0000  -22.5000 2522.5994   12.4396
   -7.5000   52.5000  -22.5000 2432.0774   13.1510
    0.0000   52.5000  -22.5000 2458.7065   13.0938
    7.5000   52.5000  -22.5000 2438.2212   13.1538
   -7.5000   60.0000  -22.5000 2295.8271   14.0036
    0.0000   60.0000  -22.5000 2321.6577   13.9347
    7.5000   60.0000  -22.5000 2301.6953   14.0111
   -7.5000  -30.0000  -15.0000 2035.9814   18.5769
    0.0000  -30.0000  -15.0000 2052.2114   18.3697
    7.5000  -30.0000  -15.0000 2038.1910   18.4727
   -7.5000  -22.5000  -15.0000 2187.3237   16.4030
    0.0000  -22.5000  -15.0000 2209.2244   16.1913
    7.5000  -22.5000  -15.0000 2191.6270   16.2619
   -7.5000  -15.0000  -15.0000 2320.8420   14.7153
    0.0000  -15.0000  -15.0000 2345.7642   14.5604
    7.5000  -15.0000  -15.0000 2324.5620   14.5936
   -7.5000   -7.5000  -15.0000 2437.4436   13.4028
    0.0000   -7.5000  -15.0000 2464.4956   13.3012
    7.5000   -7.5000  -15.0000 2443.1394   13.3139
   -7.5000    0.0000  -15.0000 2535.7332   12.3869
    0.0000    0.0000  -15.0000 2565.5146   12.3143
    7.5000    0.0000  -15.0000 2541.9558   12.3179
   -7.5000    7.5000  -15.0000 2605.1367   11.6449
    0.0000    7.5000  -15.0000 2632.8452   11.5820
    7.5000    7.5000  -15.0000 2615.9353   11.6146
   -7.5000   15.0000  -15.0000 2662.2378   11.2230
    0.0000   15.0000  -15.0000 2684.3264   11.1281
    7.5000   15.0000  -15.0000 2668.8298   11.2426
   -7.5000   22.5000  -15.0000 2696.3757   11.0328
    0.0000   22.5000  -15.0000 2716.9302   10.9703
    7.5000   22.5000  -15.0000 2695.7173   11.0794
   -7.5000   30.0000  -15.0000 2693.5120   10.9996
    0.0000   30.0000  -15.0000 2716.9910   10.9453
    7.5000   30.0000  -15.0000 2697.8657   11.0439
   -7.5000   37.5000  -15.0000 2674.7236   11.2062
    0.0000   37.5000  -15.0000 2701.0483   11.1085
    7.5000   37.5000  -15.0000 2678.4756   11.2255
   -7.5000   45.0000  -15.0000 2625.8567   11.7355
    0.0000   45.0000  -15.0000 2657.0044   11.6159
    7.5000   45.0000  -15.0000 2629.0286   11.7532
   -7.5000   52.5000  -15.0000 2527.9622   12.4680
    0.0000   52.5000  -15.0000 2554.1472   12.3547
    7.5000   52.5000  -15.0000 2532.9958   12.4451
   -7.5000   60.0000  -15.0000 2380.5581   13.2849
    0.0000   60.0000  -15.0000 2407.5083   13.1878
    7.5000   60.0000  -15.0000 2385.1394   13.2562
   -7.5000  -30.0000   -7.5000 2080.6833   17.8036
    0.0000  -30.0000   -7.5000 2098.0400   17.5332
    7.5000  -30.0000   -7.5000 2080.9512   17.7228
   -7.5000  -22.5000   -7.5000 2237.9526   15.6566
    0.0000  -22.5000   -7.5000 2258.0059   15.4156
    7.5000  -22.5000   -7.5000 2237.6816   15.5422
   -7.5000  -15.0000   -7.5000 2372.1472   14.0128
    0.0000  -15.0000   -7.5000 2391.3611   13.8161
    7.5000  -15.0000   -7.5000 2374.9395   13.9229
   -7.5000   -7.5000   -7.5000 2489.7993   12.7227
    0.0000   -7.5000   -7.5000 2511.8179   12.5491
    7.5000   -7.5000   -7.5000 2497.0598   12.6394
   -7.5000    0.0000   -7.5000 2594.8806   11.6933
    0.0000    0.0000   -7.5000 2625.9102   11.5482
    7.5000    0.0000   -7.5000 2604.4043   11.6374
   -7.5000    7.5000   -7.5000 2678.4978   10.9959
    0.0000    7.5000   -7.5000 2709.6938   10.8832
    7.5000    7.5000   -7.5000 2691.5674   10.9429
   -7.5000   15.0000   -7.5000 2740.2734   10.5793
    0.0000   15.0000   -7.5000 2770.9824   10.4596
    7.5000   15.0000   -7.5000 2749.6028   10.5523
   -7.5000   22.5000   -7.5000 2785.4519   10.3451
    0.0000   22.5000   -7.5000 2814.4438   10.2752
    7.5000   22.5000   -7.5000 2787.1804   10.3680
   -7.5000   30.0000   -7.5000 2792.0007   10.3140
    0.0000   30.0000   -7.5000 2813.4102   10.2222
    7.5000   30.0000   -7.5000 2795.0288   10.3536
   -7.5000   37.5000   -7.5000 2772.3865   10.5365
    0.0000   37.5000   -7.5000 2800.6917   10.4020
    7.5000   37.5000   -7.5000 2777.4626   10.5616
   -7.5000   45.0000   -7.5000 2719.5293   11.1023
    0.0000   45.0000   -7.5000 2746.2510   10.9526
    7.5000   45.0000   -7.5000 2720.3940   11.0963
   -7.5000   52.5000   -7.5000 2609.4373   11.8082
    0.0000   52.5000   -7.5000 2631.9690   11.6710
    7.5000   52.5000   -7.5000 2610.2063   11.7952
   -7.5000   60.0000   -7.5000 2446.7554   12.6458
    0.0000   60.0000   -7.5000 2466.4976   12.5032
    7.5000   60.0000   -7.5000 2448.7573   12.6061
   -7.5000  -30.0000    0.0000 2111.9834   17.2449
    0.0000  -30.0000    0.0000 2124.2673   16.9358
    7.5000  -30.0000    0.0000 2112.3691   17.1877
   -7.5000  -22.5000    0.0000 2270.5930   15.1103
    0.0000  -22.5000    0.0000 2286.6919   14.8181
    7.5000  -22.5000    0.0000 2268.9346   15.0518
   -7.5000  -15.0000    0.0000 2406.1616   13.5015
    0.0000  -15.0000    0.0000 2423.0579   13.2413
    7.5000  -15.0000    0.0000 2408.6890   13.4492
   -7.5000   -7.5000    0.0000 2523.3127   12.2202
    0.0000   -7.5000    0.0000 2544.7957   11.9748
    7.5000   -7.5000    0.0000 2530.0930   12.1555
   -7.5000    0.0000    0.0000 2634.1936   11.2111
    0.0000    0.0000    0.0000 2660.6077   11.0085
    7.5000    0.0000    0.0000 2645.0083   11.1523
   -7.5000    7.5000    0.0000 2735.6548   10.5130
    0.0000    7.5000    0.0000 2766.8030   10.3136
    7.5000    7.5000    0.0000 2748.8428   10.4559
   -7.5000   15.0000    0.0000 2814.1831   10.1023
    0.0000   15.0000    0.0000 2844.8738    9.9266
    7.5000   15.0000    0.0000 2821.8481   10.0485
   -7.5000   22.5000    0.0000 2860.6689    9.8720
    0.0000   22.5000    0.0000 2895.1289    9.7242
    7.5000   22.5000    0.0000 2863.6123    9.8481
   -7.5000   30.0000    0.0000 2872.0591    9.8192
    0.0000   30.0000    0.0000 2893.2368    9.6562
    7.5000   30.0000    0.0000 2874.4851    9.8217
   -7.5000   37.5000    0.0000 2850.8752   10.0473
    0.0000   37.5000    0.0000 2874.8730    9.8743
    7.5000   37.5000    0.0000 2854.8115   10.0467
   -7.5000   45.0000    0.0000 2787.3789   10.6205
    0.0000   45.0000    0.0000 2812.3362   10.4302
    7.5000   45.0000    0.0000 2788.2385   10.6009
   -7.5000   52.5000    0.0000 2666.3425   11.3553
    0.0000   52.5000    0.0000 2685.4167   11.1707
    7.5000   52.5000    0.0000 2664.1897   11.3423
   -7.5000   60.0000    0.0000 2493.6562   12.2181
    0.0000   60.0000    0.0000 2510.6165   12.0234
    7.5000   60.0000    0.0000 2489.6138   12.1943
   -7.5000  -30.0000    7.5000 2135.4084   17.0106
    0.0000  -30.0000    7.5000 2152.2014   16.6287
    7.5000  -30.0000    7.5000 2139.0569   16.9525
   -7.5000  -22.5000    7.5000 2294.1809   14.8562
    0.0000  -22.5000    7.5000 2307.1704   14.5208
    7.5000  -22.5000    7.5000 2296.4814   14.8233
   -7.5000  -15.0000    7.5000 2427.5938   13.2041
    0.0000  -15.0000    7.5000 2435.0864   12.9012
    7.5000  -15.0000    7.5000 2430.9700   13.1912
   -7.5000   -7.5000    7.5000 2543.8560   11.9140
    0.0000   -7.5000    7.5000 2557.8127   11.6348
    7.5000   -7.5000    7.5000 2550.4988   11.8831
   -7.5000    0.0000    7.5000 2655.3037   10.9137
    0.0000    0.0000    7.5000 2677.8589   10.6580
    7.5000    0.0000    7.5000 2670.8831   10.8813
   -7.5000    7.5000    7.5000 2771.6177   10.2101
    0.0000    7.5000    7.5000 2793.4331    9.9751
    7.5000    7.5000    7.5000 2783.8975   10.1810
   -7.5000   15.0000    7.5000 2865.9045    9.8484
    0.0000   15.0000    7.5000 2895.0200    9.6467
    7.5000   15.0000    7.5000 2875.0586    9.7915
   -7.5000   22.5000    7.5000 2925.0024    9.6170
    0.0000   22.5000    7.5000 2968.2234    9.4077
    7.5000   22.5000    7.5000 2928.0945    9.5603
   -7.5000   30.0000    7.5000 2932.7197    9.5054
    0.0000   30.0000    7.5000 2952.5391    9.2870
    7.5000   30.0000    7.5000 2933.1191    9.5293
   -7.5000   37.5000    7.5000 2909.5596    9.7960
    0.0000   37.5000    7.5000 2927.9402    9.5753
    7.5000   37.5000    7.5000 2911.4248    9.7695
   -7.5000   45.0000    7.5000 2836.1145   10.3560
    0.0000   45.0000    7.5000 2860.8567   10.1497
    7.5000   45.0000    7.5000 2836.9087   10.3320
   -7.5000   52.5000    7.5000 2703.8806   11.0904
    0.0000   52.5000    7.5000 2729.2532   10.8880
    7.5000   52.5000    7.5000 2706.5435   11.0636
   -7.5000   60.0000    7.5000 2518.6582   11.9370
    0.0000   60.0000    7.5000 2537.9170   11.7510
    7.5000   60.0000    7.5000 2524.0530   11.9036
   -7.5000  -30.0000   15.0000 2134.8145   16.8265
    0.0000  -30.0000   15.0000 2156.8381   16.5342
    7.5000  -30.0000   15.0000 2143.5317   16.7940
   -7.5000  -22.5000   15.0000 2293.7708   14.7242
    0.0000  -22.5000   15.0000 2312.7932   14.4609
    7.5000  -22.5000   15.0000 2300.9402   14.7190
   -7.5000  -15.0000   15.0000 2425.7842   13.1002
    0.0000  -15.0000   15.0000 2440.0591   12.8511
    7.5000  -15.0000   15.0000 2430.3406   13.1101
   -7.5000   -7.5000   15.0000 2547.5933   11.8229
    0.0000   -7.5000   15.0000 2563.4858   11.5602
    7.5000   -7.5000   15.0000 2553.9038   11.8117
   -7.5000    0.0000   15.0000 2667.9148   10.8027
    0.0000    0.0000   15.0000 2680.4309   10.5521
    7.5000    0.0000   15.0000 2678.7480   10.7941
   -7.5000    7.5000   15.0000 2786.9922   10.0794
    0.0000    7.5000   15.0000 2806.5835    9.8591
    7.5000    7.5000   15.0000 2800.1870   10.0877
   -7.5000   15.0000   15.0000 2879.6765    9.7379
    0.0000   15.0000   15.0000 2915.3862    9.6325
    7.5000   15.0000   15.0000 2890.6387    9.6969
   -7.5000   22.5000   15.0000 2944.7476    9.5662
    0.0000   22.5000   15.0000 3001.2986    9.4505
    7.5000   22.5000   15.0000 2942.6628    9.5362
   -7.5000   30.0000   15.0000 2957.2688    9.5357
    0.0000   30.0000   15.0000 3000.3062    9.3324
    7.5000   30.0000   15.0000 2953.2119    9.5590
   -7.5000   37.5000   15.0000 2930.5400    9.7738
    0.0000   37.5000   15.0000 2966.3242    9.6096
    7.5000   37.5000   15.0000 2929.5388    9.7425
   -7.5000   45.0000   15.0000 2845.9858   10.2615
    0.0000   45.0000   15.0000 2877.6421   10.1124
    7.5000   45.0000   15.0000 2851.3047   10.2125
   -7.5000   52.5000   15.0000 2708.7380   10.9746
    0.0000   52.5000   15.0000 2732.8850   10.8230
    7.5000   52.5000   15.0000 2715.2856   10.9247
   -7.5000   60.0000   15.0000 2516.5427   11.8295
    0.0000   60.0000   15.0000 2540.6487   11.6802
    7.5000   60.0000   15.0000 2525.4028   11.7705
   -7.5000  -30.0000   22.5000 2125.2681   17.0107
    0.0000  -30.0000   22.5000 2144.5679   16.7451
    7.5000  -30.0000   22.5000 2133.8596   17.0376
   -7.5000  -22.5000   22.5000 2286.3708   14.8551
    0.0000  -22.5000   22.5000 2308.8411   14.5730
    7.5000  -22.5000   22.5000 2296.0012   14.8937
   -7.5000  -15.0000   22.5000 2420.6340   13.1995
    0.0000  -15.0000   22.5000 2439.9565   12.9140
    7.5000  -15.0000   22.5000 2427.1455   13.2173
   -7.5000   -7.5000   22.5000 2548.0393   11.9065
    0.0000   -7.5000   22.5000 2567.9399   11.6342
    7.5000   -7.5000   22.5000 2554.2476   11.9214
   -7.5000    0.0000   22.5000 2669.7192   10.9390
    0.0000    0.0000   22.5000 2684.2898   10.6797
    7.5000    0.0000   22.5000 2675.5818   10.9339
   -7.5000    7.5000   22.5000 2780.8149   10.2523
    0.0000    7.5000   22.5000 2803.0679   10.0413
    7.5000    7.5000   22.5000 2787.2102   10.2232
   -7.5000   15.0000   22.5000 2862.7380    9.8408
    0.0000   15.0000   22.5000 2906.6218    9.7172
    7.5000   15.0000   22.5000 2868.5837    9.8101
   -7.5000   22.5000   22.5000 2927.6294    9.6776
    0.0000   22.5000   22.5000 2977.8042    9.5415
    7.5000   22.5000   22.5000 2918.9482    9.6806
   -7.5000   30.0000   22.5000 2933.0520    9.7666
    0.0000   30.0000   22.5000 2980.9619    9.6817
    7.5000   30.0000   22.5000 2925.3762    9.7718
   -7.5000   37.5000   22.5000 2899.8394    9.9822
    0.0000   37.5000   22.5000 2946.6797    9.8993
    7.5000   37.5000   22.5000 2898.4392    9.9737
   -7.5000   45.0000   22.5000 2819.5623   10.4368
    0.0000   45.0000   22.5000 2856.2598   10.3267
    7.5000   45.0000   22.5000 2819.9673   10.4301
   -7.5000   52.5000   22.5000 2682.2590   11.1207
    0.0000   52.5000   22.5000 2709.5562   10.9821
    7.5000   52.5000   22.5000 2690.6589   11.0847
   -7.5000   60.0000   22.5000 2499.7021   11.9089
    0.0000   60.0000   22.5000 2521.5322   11.7505
    7.5000   60.0000   22.5000 2509.2090   11.8544
   -7.5000  -30.0000   30.0000 2105.4551   17.2842
    0.0000  -30.0000   30.0000 2123.9666   17.0544
    7.5000  -30.0000   30.0000 2115.3708   17.3493
   -7.5000  -22.5000   30.0000 2271.6370   15.1257
    0.0000  -22.5000   30.0000 2290.3079   14.8823
    7.5000  -22.5000   30.0000 2273.7288   15.1648
   -7.5000  -15.0000   30.0000 2411.7388   13.5075
    0.0000  -15.0000   30.0000 2435.5586   13.2613
    7.5000  -15.0000   30.0000 2412.7656   13.5350
   -7.5000   -7.5000   30.0000 2541.9490   12.2703
    0.0000   -7.5000   30.0000 2568.9714   12.0146
    7.5000   -7.5000   30.0000 2541.6255   12.2829
   -7.5000    0.0000   30.0000 2655.5718   11.3689
    0.0000    0.0000   30.0000 2683.6697   11.0975
    7.5000    0.0000   30.0000 2656.3477   11.3388
   -7.5000    7.5000   30.0000 2756.6882   10.6651
    0.0000    7.5000   30.0000 2782.2148   10.4315
    7.5000    7.5000   30.0000 2761.6423   10.6331
   -7.5000   15.0000   30.0000 2830.1716   10.2016
    0.0000   15.0000   30.0000 2866.8838    9.9014
    7.5000   15.0000   30.0000 2838.3792   10.1741
   -7.5000   22.5000   30.0000 2878.4497    9.9895
    0.0000   22.5000   30.0000 2917.5076    9.7494
    7.5000   22.5000   30.0000 2879.0835    9.9752
   -7.5000   30.0000   30.0000 2879.3994   10.0933
    0.0000   30.0000   30.0000 2917.9526    9.9256
    7.5000   30.0000   30.0000 2878.7029   10.0788
   -7.5000   37.5000   30.0000 2842.7903   10.3305
    0.0000   37.5000   30.0000 2884.0564   10.2297
    7.5000   37.5000   30.0000 2845.5125   10.3294
   -7.5000   45.0000   30.0000 2763.7771   10.8136
    0.0000   45.0000   30.0000 2794.3933   10.7213
    7.5000   45.0000   30.0000 2766.8062   10.8208
   -7.5000   52.5000   30.0000 2632.3633   11.4523
    0.0000   52.5000   30.0000 2655.4233   11.3751
    7.5000   52.5000   30.0000 2635.7280   11.4612
   -7.5000   60.0000   30.0000 2463.2510   12.1455
    0.0000   60.0000   30.0000 2482.9072   12.0478
    7.5000   60.0000   30.0000 2467.0234   12.1306
   -7.5000  -30.0000   37.5000 2082.8850   17.9117
    0.0000  -30.0000   37.5000 2102.8718   17.6802
    7.5000  -30.0000   37.5000 2089.2649   17.9474
   -7.5000  -22.5000   37.5000 2250.8108   15.7328
    0.0000  -22.5000   37.5000 2277.3831   15.5409
    7.5000  -22.5000   37.5000 2251.6780   15.7866
   -7.5000  -15.0000   37.5000 2391.3523   14.0901
    0.0000  -15.0000   37.5000 2420.1912   13.8847
    7.5000  -15.0000   37.5000 2389.0198   14.1347
   -7.5000   -7.5000   37.5000 2518.3796   12.8384
    0.0000   -7.5000   37.5000 2547.5737   12.6086
    7.5000   -7.5000   37.5000 2517.2646   12.8718
   -7.5000    0.0000   37.5000 2622.3870   11.9075
    0.0000    0.0000   37.5000 2651.3276   11.6479
    7.5000    0.0000   37.5000 2624.0969   11.9188
   -7.5000    7.5000   37.5000 2714.4263   11.1611
    0.0000    7.5000   37.5000 2738.6746   10.8447
    7.5000    7.5000   37.5000 2723.4172   11.1569
   -7.5000   15.0000   37.5000 2784.1895   10.6612
    0.0000   15.0000   37.5000 2819.5413   10.3226
    7.5000   15.0000   37.5000 2794.3894   10.6539
   -7.5000   22.5000   37.5000 2819.7163   10.4636
    0.0000   22.5000   37.5000 2848.0881   10.2159
    7.5000   22.5000   37.5000 2823.7527   10.4634
   -7.5000   30.0000   37.5000 2804.6575   10.6049
    0.0000   30.0000   37.5000 2836.0674   10.3856
    7.5000   30.0000   37.5000 2808.2258   10.5853
   -7.5000   37.5000   37.5000 2765.4329   10.8483
    0.0000   37.5000   37.5000 2798.2087   10.6747
    7.5000   37.5000   37.5000 2772.4766   10.8290
   -7.5000   45.0000   37.5000 2693.3811   11.3382
    0.0000   45.0000   37.5000 2717.9465   11.1807
    7.5000   45.0000   37.5000 2695.6265   11.3179
   -7.5000   52.5000   37.5000 2569.7659   11.9870
    0.0000   52.5000   37.5000 2595.2063   11.8555
    7.5000   52.5000   37.5000 2575.2092   11.9628
   -7.5000   60.0000   37.5000 2406.8372   12.6657
    0.0000   60.0000   37.5000 2428.7805   12.5428
    7.5000   60.0000   37.5000 2413.6926   12.6272
   -7.5000  -30.0000   45.0000 2050.1958   18.6798
    0.0000  -30.0000   45.0000 2067.8276   18.5112
    7.5000  -30.0000   45.0000 2057.7876   18.7059
   -7.5000  -22.5000   45.0000 2215.4788   16.4646
    0.0000  -22.5000   45.0000 2242.8721   16.2908
    7.5000  -22.5000   45.0000 2216.5234   16.4932
   -7.5000  -15.0000   45.0000 2351.2185   14.8003
    0.0000  -15.0000   45.0000 2382.2444   14.6236
    7.5000  -15.0000   45.0000 2352.2131   14.8308
   -7.5000   -7.5000   45.0000 2473.0225   13.5281
    0.0000   -7.5000   45.0000 2503.6641   13.3334
    7.5000   -7.5000   45.0000 2475.3286   13.5555
   -7.5000    0.0000   45.0000 2568.4568   12.5411
    0.0000    0.0000   45.0000 2594.9863   12.3153
    7.5000    0.0000   45.0000 2573.0117   12.5803
   -7.5000    7.5000   45.0000 2650.2754   11.7720
    0.0000    7.5000   45.0000 2675.7888   11.4628
    7.5000    7.5000   45.0000 2656.6323   11.7773
   -7.5000   15.0000   45.0000 2714.7026   11.2693
    0.0000   15.0000   45.0000 2741.6367   10.9894
    7.5000   15.0000   45.0000 2718.8625   11.2806
   -7.5000   22.5000   45.0000 2740.1091   11.0966
    0.0000   22.5000   45.0000 2761.8496   10.8538
    7.5000   22.5000   45.0000 2739.7654   11.1117
   -7.5000   30.0000   45.0000 2719.4033   11.2292
    0.0000   30.0000   45.0000 2747.4890   11.0122
    7.5000   30.0000   45.0000 2720.0801   11.2281
   -7.5000   37.5000   45.0000 2675.3733   11.4713
    0.0000   37.5000   45.0000 2699.0413   11.2800
    7.5000   37.5000   45.0000 2682.5852   11.4662
   -7.5000   45.0000   45.0000 2607.1514   11.9769
    0.0000   45.0000   45.0000 2627.3972   11.8309
    7.5000   45.0000   45.0000 2607.2422   11.9678
   -7.5000   52.5000   45.0000 2496.7427   12.6066
    0.0000   52.5000   45.0000 2519.6316   12.4655
    7.5000   52.5000   45.0000 2499.3203   12.5735
   -7.5000   60.0000   45.0000 2336.9807   13.3060
    0.0000   60.0000   45.0000 2356.6899   13.1874
    7.5000   60.0000   45.0000 2344.7849   13.2632

---------------------------------------------------------------------
imgreg_4dfp /opt/freesurfer/average/711-2C_as_mni_average_305 /opt/freesurfer/average/711-2B_as_mni_average_305_mask talsrcimg_g11 none talsrcimg_to_711-2C_as_mni_average_305_t4 1283
---------------------------------------------------------------------

freesurfer imgreg_4dfp.c
/opt/freesurfer/average/711-2C_as_mni_average_305.4dfp.img
       256       256       256         1
  1.000000  1.000000  1.000000
orientation T byte_order littleendian
Reading image: /opt/freesurfer/average/711-2C_as_mni_average_305.4dfp.img
dimensions:      256       256       256
mmppix:       1.0000   -1.0000   -1.0000
center:     128.0000 -129.0000 -129.0000
/opt/freesurfer/average/711-2B_as_mni_average_305_mask.4dfp.img
       256       256       256         1
  1.000000  1.000000  1.000000
orientation T byte_order littleendian
Reading mask: /opt/freesurfer/average/711-2B_as_mni_average_305_mask.4dfp.img (2306576 pixels)
talsrcimg_g11.4dfp.img
       256       256       256         1
  1.000000  1.000000  1.000000
orientation T byte_order littleendian
Reading image: talsrcimg_g11.4dfp.img
dimensions:      256       256       256
mmppix:       1.0000   -1.0000   -1.0000
center:     128.0000 -129.0000 -129.0000
rotation matrix determinant  1.000000
fimgreg.f
image alignment mode   1283 decimal      503 hex
parameters
    0.0000   22.5000   15.0000    0.0000    0.0000    0.0000
eta,q 0.94192  9.45954
niter,ni,del,rscale     5    3   12.0000    1.2000
parameter  2 -0.563728 -> -0.500000 qaram    1.1500
parameter  4  5.656845 -> -0.500000 qaram    1.1500
parameters
   -0.0960   25.9500   16.3686    3.4500    0.6594   -1.3339
eta,q 0.95140  9.30938
  0.0734  0.0771  0.0701  0.0624  0.0583  0.0531
  0.0667  0.0676  0.0648  0.0623  0.0540  0.0506
  0.0608  0.0623  0.0608  0.0610  0.0503  0.0490
  0.0599  0.0597  0.0584  0.0574  0.0488  0.0486
  0.0623  0.0578  0.0578  0.0520  0.0493  0.0513
  0.0675  0.0581  0.0595  0.0483  0.0515  0.0552
  0.0736  0.0574  0.0630  0.0500  0.0550  0.0588
niter,ni,del,rscale     6    3   12.0000    1.2000
parameters
   -0.5562   26.2209   17.1446    5.6610    1.1352   -1.6702
eta,q 0.95182  9.30068
  0.0637  0.0638  0.0606  0.0615  0.0569  0.0548
  0.0538  0.0576  0.0550  0.0596  0.0522  0.0513
  0.0474  0.0512  0.0505  0.0539  0.0491  0.0487
  0.0486  0.0481  0.0481  0.0480  0.0482  0.0482
  0.0525  0.0515  0.0487  0.0483  0.0488  0.0496
  0.0593  0.0572  0.0510  0.0513  0.0508  0.0524
  0.0663  0.0607  0.0559  0.0531  0.0542  0.0563
niter,ni,del,rscale     5    3   12.0000    1.2000
parameters
   -0.8302   25.6540   17.3802    6.4289    1.3952   -1.7410
eta,q 0.95192  9.30960
  0.0640  0.0601  0.0577  0.0593  0.0565  0.0552
  0.0537  0.0536  0.0521  0.0543  0.0516  0.0518
  0.0469  0.0475  0.0481  0.0482  0.0487  0.0489
  0.0482  0.0478  0.0471  0.0472  0.0481  0.0481
  0.0512  0.0513  0.0482  0.0503  0.0490  0.0493
  0.0572  0.0576  0.0510  0.0523  0.0512  0.0519
  0.0651  0.0633  0.0560  0.0539  0.0547  0.0556
niter,ni,del,rscale     4    3   12.0000    1.2000
parameters
   -0.9427   25.3063   17.4562    6.7746    1.5147   -1.7602
eta,q 0.95189  9.30958
  0.0646  0.0602  0.0573  0.0578  0.0563  0.0552
  0.0543  0.0539  0.0519  0.0524  0.0515  0.0519
  0.0474  0.0481  0.0482  0.0473  0.0486  0.0490
  0.0481  0.0480  0.0476  0.0476  0.0481  0.0481
  0.0508  0.0504  0.0488  0.0508  0.0491  0.0493
  0.0564  0.0555  0.0517  0.0523  0.0515  0.0517
  0.0641  0.0626  0.0564  0.0541  0.0552  0.0554
niter,ni,del,rscale     3    3   12.0000    1.2000
parameters
   -1.0023   25.1430   17.4866    6.9098    1.5654   -1.7599
eta,q 0.95191  9.30977
  0.0650  0.0604  0.0572  0.0570  0.0562  0.0552
  0.0547  0.0542  0.0520  0.0516  0.0514  0.0519
  0.0477  0.0485  0.0483  0.0471  0.0486  0.0490
  0.0481  0.0481  0.0479  0.0479  0.0481  0.0481
  0.0507  0.0501  0.0491  0.0511  0.0492  0.0492
  0.0563  0.0544  0.0520  0.0524  0.0516  0.0517
  0.0639  0.0618  0.0567  0.0543  0.0554  0.0553
niter,ni,del,rscale     2    3   12.0000    1.2000
parameters
   -1.0261   25.0854   17.5003    6.9532    1.5836   -1.7562
eta,q 0.95192  9.31007
  0.0652  0.0607  0.0573  0.0567  0.0562  0.0552
  0.0549  0.0544  0.0520  0.0514  0.0514  0.0519
  0.0479  0.0487  0.0484  0.0470  0.0486  0.0490
  0.0481  0.0481  0.0480  0.0480  0.0481  0.0481
  0.0507  0.0501  0.0492  0.0512  0.0493  0.0492
  0.0563  0.0539  0.0521  0.0524  0.0517  0.0516
  0.0637  0.0613  0.0568  0.0544  0.0555  0.0553
registration optimization eta report
parameter search radius
    6.0000    6.9000    6.0000    6.9000    6.0000    6.0000
100000*second partial in parameter space
       47.       27.       25.       16.       22.       19.
  0.0652  0.0607  0.0573  0.0567  0.0562  0.0552
  0.0549  0.0544  0.0520  0.0514  0.0514  0.0519
  0.0479  0.0487  0.0484  0.0470  0.0486  0.0490
  0.0481  0.0481  0.0480  0.0480  0.0481  0.0481
  0.0507  0.0501  0.0492  0.0512  0.0493  0.0492
  0.0563  0.0539  0.0521  0.0524  0.0517  0.0516
  0.0637  0.0613  0.0568  0.0544  0.0555  0.0553
   -1.0261   25.0854   17.5003    6.9532    1.5836   -1.7562
eta,q 0.95192  9.31007

---------------------------------------------------------------------
imgreg_4dfp /opt/freesurfer/average/711-2C_as_mni_average_305 /opt/freesurfer/average/711-2B_as_mni_average_305_mask talsrcimg_g11 none talsrcimg_to_711-2C_as_mni_average_305_t4 3335
---------------------------------------------------------------------

freesurfer imgreg_4dfp.c
/opt/freesurfer/average/711-2C_as_mni_average_305.4dfp.img
       256       256       256         1
  1.000000  1.000000  1.000000
orientation T byte_order littleendian
Reading image: /opt/freesurfer/average/711-2C_as_mni_average_305.4dfp.img
dimensions:      256       256       256
mmppix:       1.0000   -1.0000   -1.0000
center:     128.0000 -129.0000 -129.0000
/opt/freesurfer/average/711-2B_as_mni_average_305_mask.4dfp.img
       256       256       256         1
  1.000000  1.000000  1.000000
orientation T byte_order littleendian
Reading mask: /opt/freesurfer/average/711-2B_as_mni_average_305_mask.4dfp.img (2306576 pixels)
talsrcimg_g11.4dfp.img
       256       256       256         1
  1.000000  1.000000  1.000000
orientation T byte_order littleendian
Reading image: talsrcimg_g11.4dfp.img
dimensions:      256       256       256
mmppix:       1.0000   -1.0000   -1.0000
center:     128.0000 -129.0000 -129.0000
fimgreg.f
image alignment mode   3335 decimal      D07 hex
parameters
   -1.0261   25.0854   17.5003   -0.0851   -0.7718   -0.7734
    2.7077   -3.1129   -3.0635  -12.0160    2.7635   12.1012
eta,q 0.95329  9.34149
niter,ni,del,rscale     5    3    5.0000    1.2000
parameter  4  1.471344 ->  0.500000 qaram    1.1500
parameter  5  4.417554 ->  0.500000 qaram    1.1500
parameter  6  0.539595 ->  0.500000 qaram    1.1500
parameter 12  1.405099 ->  0.500000 qaram    1.1500
parameters
   -0.7629   25.6757   17.5702   -4.2251   -4.9118   -4.9134
    2.1430   -2.1011   -1.5836  -12.3509    2.5740    7.9612
eta,q 0.96770  9.21933
  0.0504  0.0494  0.0492  0.0392  0.0309  0.0340  0.0361  0.0412  0.0370  0.0370  0.0346  0.0320
  0.0486  0.0482  0.0478  0.0396  0.0336  0.0337  0.0347  0.0374  0.0354  0.0350  0.0339  0.0322
  0.0473  0.0472  0.0469  0.0419  0.0366  0.0338  0.0339  0.0348  0.0343  0.0338  0.0336  0.0327
  0.0467  0.0467  0.0465  0.0465  0.0400  0.0345  0.0337  0.0337  0.0336  0.0335  0.0335  0.0335
  0.0468  0.0465  0.0468  0.0519  0.0437  0.0379  0.0342  0.0338  0.0335  0.0341  0.0336  0.0344
  0.0476  0.0469  0.0476  0.0570  0.0473  0.0438  0.0353  0.0352  0.0340  0.0356  0.0340  0.0355
  0.0492  0.0476  0.0489  0.0620  0.0514  0.0499  0.0369  0.0379  0.0351  0.0376  0.0348  0.0367
niter,ni,del,rscale     7    3    5.0000    1.2000
parameter  3  1.078988 ->  0.500000 qaram    1.1500
parameter  5  0.913381 ->  0.500000 qaram    1.3225
parameters
   -0.5653   24.7808   16.1902   -6.8318   -9.6728   -6.2091
    2.0764   -1.9169   -1.6909  -12.5313    2.3586    5.1980
eta,q 0.97236  9.01826
  0.0369  0.0329  0.0304  0.0333  0.0279  0.0285  0.0306  0.0315  0.0301  0.0305  0.0283  0.0282
  0.0346  0.0321  0.0306  0.0321  0.0276  0.0278  0.0291  0.0295  0.0288  0.0289  0.0281  0.0278
  0.0330  0.0319  0.0311  0.0311  0.0284  0.0278  0.0281  0.0284  0.0280  0.0281  0.0279  0.0276
  0.0323  0.0323  0.0319  0.0307  0.0310  0.0277  0.0278  0.0278  0.0278  0.0278  0.0278  0.0278
  0.0325  0.0332  0.0329  0.0329  0.0346  0.0268  0.0282  0.0279  0.0281  0.0280  0.0278  0.0282
  0.0337  0.0346  0.0342  0.0375  0.0382  0.0275  0.0292  0.0290  0.0290  0.0290  0.0280  0.0289
  0.0357  0.0364  0.0358  0.0424  0.0425  0.0320  0.0307  0.0314  0.0302  0.0309  0.0285  0.0300
niter,ni,del,rscale     7    3    5.0000    1.2000
parameters
   -0.6690   25.4904   15.3200   -6.5420  -11.7995   -6.8650
    2.4903   -2.1283   -1.2955  -12.4321    1.1152    4.2010
eta,q 0.97288  8.90202
  0.0303  0.0321  0.0278  0.0312  0.0305  0.0284  0.0301  0.0308  0.0294  0.0302  0.0277  0.0282
  0.0287  0.0301  0.0274  0.0300  0.0289  0.0274  0.0286  0.0288  0.0283  0.0281  0.0273  0.0275
  0.0278  0.0286  0.0272  0.0286  0.0275  0.0271  0.0276  0.0276  0.0275  0.0272  0.0272  0.0271
  0.0276  0.0276  0.0273  0.0272  0.0271  0.0272  0.0272  0.0272  0.0272  0.0272  0.0272  0.0272
  0.0281  0.0273  0.0278  0.0265  0.0286  0.0268  0.0274  0.0275  0.0274  0.0276  0.0273  0.0275
  0.0291  0.0277  0.0285  0.0281  0.0323  0.0272  0.0282  0.0290  0.0280  0.0284  0.0277  0.0280
  0.0306  0.0288  0.0295  0.0321  0.0365  0.0297  0.0295  0.0315  0.0290  0.0296  0.0283  0.0288
niter,ni,del,rscale     6    3    5.0000    1.2000
parameters
   -0.6581   25.8681   15.5239   -6.1802  -12.2891   -6.3816
    2.4220   -2.0791   -0.9280  -12.2071    1.0457    3.9397
eta,q 0.97302  8.91738
  0.0300  0.0306  0.0287  0.0306  0.0317  0.0288  0.0298  0.0312  0.0293  0.0303  0.0278  0.0284
  0.0283  0.0289  0.0278  0.0295  0.0298  0.0275  0.0283  0.0289  0.0281  0.0280  0.0274  0.0275
  0.0274  0.0278  0.0272  0.0284  0.0281  0.0270  0.0273  0.0275  0.0273  0.0270  0.0271  0.0270
  0.0271  0.0271  0.0270  0.0270  0.0269  0.0270  0.0270  0.0270  0.0270  0.0270  0.0270  0.0270
  0.0275  0.0271  0.0272  0.0262  0.0273  0.0267  0.0273  0.0273  0.0272  0.0275  0.0271  0.0272
  0.0284  0.0277  0.0276  0.0277  0.0299  0.0268  0.0283  0.0287  0.0278  0.0284  0.0274  0.0277
  0.0298  0.0290  0.0282  0.0314  0.0337  0.0287  0.0299  0.0312  0.0289  0.0294  0.0279  0.0285
niter,ni,del,rscale     5    3    5.0000    1.2000
parameters
   -0.6501   25.8768   15.6184   -6.0606  -12.3898   -6.4819
    2.3358   -2.0858   -0.8498  -12.2115    1.0920    4.0663
eta,q 0.97304  8.91424
  0.0300  0.0296  0.0285  0.0306  0.0320  0.0285  0.0297  0.0311  0.0291  0.0300  0.0278  0.0285
  0.0283  0.0282  0.0276  0.0296  0.0301  0.0274  0.0282  0.0288  0.0280  0.0279  0.0273  0.0276
  0.0273  0.0273  0.0271  0.0284  0.0283  0.0270  0.0273  0.0274  0.0272  0.0270  0.0271  0.0271
  0.0270  0.0270  0.0270  0.0270  0.0269  0.0270  0.0270  0.0270  0.0270  0.0270  0.0270  0.0270
  0.0273  0.0273  0.0271  0.0262  0.0270  0.0266  0.0273  0.0273  0.0272  0.0276  0.0270  0.0272
  0.0283  0.0282  0.0276  0.0281  0.0294  0.0269  0.0283  0.0287  0.0279  0.0284  0.0273  0.0276
  0.0299  0.0297  0.0283  0.0319  0.0332  0.0291  0.0299  0.0312  0.0290  0.0294  0.0278  0.0283
niter,ni,del,rscale     4    3    5.0000    1.2000
parameters
   -0.6456   25.8521   15.6597   -6.0313  -12.4206   -6.3771
    2.3048   -2.0886   -0.8627  -12.2579    1.1226    4.1338
eta,q 0.97305  8.91971
  0.0300  0.0295  0.0284  0.0305  0.0320  0.0286  0.0298  0.0311  0.0290  0.0299  0.0278  0.0285
  0.0282  0.0282  0.0276  0.0295  0.0301  0.0274  0.0283  0.0288  0.0279  0.0278  0.0273  0.0276
  0.0272  0.0273  0.0271  0.0283  0.0283  0.0270  0.0273  0.0274  0.0272  0.0270  0.0270  0.0270
  0.0270  0.0270  0.0270  0.0270  0.0269  0.0270  0.0270  0.0270  0.0270  0.0270  0.0269  0.0269
  0.0273  0.0273  0.0271  0.0263  0.0270  0.0266  0.0273  0.0273  0.0272  0.0276  0.0270  0.0271
  0.0283  0.0282  0.0276  0.0282  0.0293  0.0268  0.0283  0.0287  0.0279  0.0284  0.0273  0.0276
  0.0299  0.0297  0.0283  0.0320  0.0331  0.0289  0.0298  0.0312  0.0290  0.0295  0.0278  0.0283
niter,ni,del,rscale     3    3    5.0000    1.2000
parameters
   -0.6398   25.8392   15.6889   -6.0077  -12.4401   -6.4037
    2.3020   -2.0824   -0.8746  -12.2841    1.1436    4.1939
eta,q 0.97306  8.91895
  0.0300  0.0296  0.0284  0.0305  0.0320  0.0285  0.0298  0.0311  0.0290  0.0299  0.0278  0.0285
  0.0282  0.0282  0.0275  0.0295  0.0301  0.0274  0.0283  0.0288  0.0279  0.0279  0.0273  0.0276
  0.0272  0.0273  0.0271  0.0283  0.0283  0.0270  0.0273  0.0274  0.0272  0.0270  0.0270  0.0270
  0.0270  0.0270  0.0270  0.0269  0.0269  0.0269  0.0269  0.0269  0.0269  0.0269  0.0269  0.0269
  0.0273  0.0272  0.0271  0.0263  0.0270  0.0266  0.0273  0.0273  0.0272  0.0275  0.0270  0.0271
  0.0283  0.0282  0.0276  0.0282  0.0292  0.0268  0.0283  0.0287  0.0279  0.0284  0.0273  0.0276
  0.0299  0.0297  0.0283  0.0320  0.0331  0.0290  0.0298  0.0311  0.0290  0.0294  0.0278  0.0283
niter,ni,del,rscale     2    3    5.0000    1.2000
parameters
   -0.6373   25.8281   15.7045   -5.9993  -12.4550   -6.3721
    2.3021   -2.0848   -0.8852  -12.3074    1.1660    4.2327
eta,q 0.97306  8.92045
  0.0300  0.0296  0.0284  0.0305  0.0320  0.0285  0.0298  0.0311  0.0290  0.0299  0.0278  0.0284
  0.0282  0.0282  0.0275  0.0295  0.0301  0.0274  0.0283  0.0288  0.0279  0.0279  0.0273  0.0275
  0.0272  0.0273  0.0271  0.0283  0.0283  0.0270  0.0273  0.0274  0.0272  0.0270  0.0270  0.0270
  0.0269  0.0269  0.0269  0.0269  0.0269  0.0269  0.0269  0.0269  0.0269  0.0269  0.0269  0.0269
  0.0273  0.0272  0.0271  0.0263  0.0270  0.0266  0.0273  0.0273  0.0272  0.0275  0.0270  0.0271
  0.0283  0.0282  0.0276  0.0283  0.0292  0.0268  0.0283  0.0287  0.0279  0.0284  0.0273  0.0276
  0.0299  0.0297  0.0283  0.0320  0.0331  0.0290  0.0298  0.0312  0.0290  0.0294  0.0278  0.0283
registration optimization eta report
parameter search radius
    2.4000    2.4000    2.7600    8.2800    9.5220    8.2800
    7.2000    7.2000    7.2000    7.2000    7.2000    8.2800
100000*second partial in parameter space
       52.       46.       18.        6.        6.        3.
        5.        8.        4.        5.        2.        2.
  0.0300  0.0296  0.0284  0.0305  0.0320  0.0285  0.0298  0.0311  0.0290  0.0299  0.0278  0.0284
  0.0282  0.0282  0.0275  0.0295  0.0301  0.0274  0.0283  0.0288  0.0279  0.0279  0.0273  0.0275
  0.0272  0.0273  0.0271  0.0283  0.0283  0.0270  0.0273  0.0274  0.0272  0.0270  0.0270  0.0270
  0.0269  0.0269  0.0269  0.0269  0.0269  0.0269  0.0269  0.0269  0.0269  0.0269  0.0269  0.0269
  0.0273  0.0272  0.0271  0.0263  0.0270  0.0266  0.0273  0.0273  0.0272  0.0275  0.0270  0.0271
  0.0283  0.0282  0.0276  0.0283  0.0292  0.0268  0.0283  0.0287  0.0279  0.0284  0.0273  0.0276
  0.0299  0.0297  0.0283  0.0320  0.0331  0.0290  0.0298  0.0312  0.0290  0.0294  0.0278  0.0283
   -0.6373   25.8281   15.7045   -5.9993  -12.4550   -6.3721
    2.3021   -2.0848   -0.8852  -12.3074    1.1660    4.2327
eta,q 0.97306  8.92045

---------------------------------------------------------------------
imgreg_4dfp /opt/freesurfer/average/711-2C_as_mni_average_305 /opt/freesurfer/average/711-2B_as_mni_average_305_mask talsrcimg_g11 none talsrcimg_to_711-2C_as_mni_average_305_t4 2311
---------------------------------------------------------------------

freesurfer imgreg_4dfp.c
/opt/freesurfer/average/711-2C_as_mni_average_305.4dfp.img
       256       256       256         1
  1.000000  1.000000  1.000000
orientation T byte_order littleendian
Reading image: /opt/freesurfer/average/711-2C_as_mni_average_305.4dfp.img
dimensions:      256       256       256
mmppix:       1.0000   -1.0000   -1.0000
center:     128.0000 -129.0000 -129.0000
/opt/freesurfer/average/711-2B_as_mni_average_305_mask.4dfp.img
       256       256       256         1
  1.000000  1.000000  1.000000
orientation T byte_order littleendian
Reading mask: /opt/freesurfer/average/711-2B_as_mni_average_305_mask.4dfp.img (2306576 pixels)
talsrcimg_g11.4dfp.img
       256       256       256         1
  1.000000  1.000000  1.000000
orientation T byte_order littleendian
Reading image: talsrcimg_g11.4dfp.img
dimensions:      256       256       256
mmppix:       1.0000   -1.0000   -1.0000
center:     128.0000 -129.0000 -129.0000
fimgreg.f
image alignment mode   2311 decimal      907 hex
parameters
   -0.6373   25.8281   15.7045   -5.9993  -12.4550   -6.3721
    2.3021   -2.0848   -0.8852  -12.3074    1.1660    4.2327
eta,q 0.97306  8.92046
niter,ni,del,rscale     5    3    5.0000    0.8000
parameters
   -0.6668   25.8418   15.6228   -4.0773  -11.7732   -4.6077
    1.6923   -2.2139   -1.2761  -12.1259    1.1893    3.8294
eta,q 0.97400  9.06407
  0.0282  0.0282  0.0274  0.0292  0.0285  0.0266  0.0275  0.0290  0.0272  0.0278  0.0268  0.0265
  0.0275  0.0275  0.0271  0.0285  0.0276  0.0264  0.0266  0.0274  0.0265  0.0266  0.0264  0.0262
  0.0271  0.0271  0.0270  0.0278  0.0268  0.0263  0.0261  0.0263  0.0261  0.0261  0.0261  0.0260
  0.0269  0.0269  0.0269  0.0269  0.0263  0.0262  0.0261  0.0260  0.0260  0.0260  0.0260  0.0260
  0.0271  0.0271  0.0270  0.0263  0.0262  0.0261  0.0265  0.0265  0.0263  0.0263  0.0261  0.0261
  0.0276  0.0275  0.0272  0.0264  0.0267  0.0260  0.0273  0.0277  0.0268  0.0268  0.0264  0.0263
  0.0283  0.0282  0.0274  0.0275  0.0277  0.0263  0.0284  0.0293  0.0276  0.0273  0.0268  0.0266
niter,ni,del,rscale     4    3    5.0000    0.7000
parameters
   -0.5394   25.7344   15.9429   -4.4160  -11.4740   -4.0137
    1.7475   -2.1668   -1.4324  -12.1860    1.2627    4.1828
eta,q 0.97410  9.10031
  0.0279  0.0269  0.0267  0.0280  0.0278  0.0264  0.0274  0.0284  0.0269  0.0272  0.0266  0.0264
  0.0269  0.0264  0.0263  0.0271  0.0270  0.0263  0.0266  0.0271  0.0264  0.0263  0.0262  0.0261
  0.0263  0.0261  0.0261  0.0264  0.0264  0.0262  0.0261  0.0262  0.0260  0.0259  0.0260  0.0259
  0.0260  0.0260  0.0260  0.0260  0.0260  0.0260  0.0259  0.0259  0.0259  0.0259  0.0259  0.0259
  0.0261  0.0262  0.0260  0.0262  0.0261  0.0258  0.0261  0.0262  0.0261  0.0262  0.0260  0.0259
  0.0265  0.0266  0.0260  0.0274  0.0265  0.0258  0.0266  0.0270  0.0265  0.0265  0.0262  0.0261
  0.0273  0.0273  0.0262  0.0292  0.0275  0.0264  0.0273  0.0283  0.0271  0.0270  0.0265  0.0262
niter,ni,del,rscale     3    3    5.0000    0.6000
parameters
   -0.5339   25.6735   15.9418   -4.4371  -11.3766   -3.6072
    1.8045   -2.2062   -1.5090  -12.1738    1.2430    4.4868
eta,q 0.97418  9.12092
  0.0271  0.0266  0.0262  0.0277  0.0272  0.0263  0.0270  0.0277  0.0266  0.0268  0.0263  0.0262
  0.0264  0.0262  0.0260  0.0269  0.0266  0.0262  0.0263  0.0267  0.0262  0.0261  0.0260  0.0260
  0.0260  0.0260  0.0259  0.0263  0.0261  0.0261  0.0259  0.0260  0.0259  0.0258  0.0259  0.0259
  0.0259  0.0259  0.0259  0.0259  0.0259  0.0259  0.0258  0.0258  0.0258  0.0258  0.0258  0.0258
  0.0260  0.0260  0.0259  0.0260  0.0260  0.0257  0.0259  0.0261  0.0259  0.0260  0.0259  0.0258
  0.0264  0.0263  0.0260  0.0267  0.0264  0.0258  0.0263  0.0267  0.0262  0.0263  0.0260  0.0259
  0.0271  0.0268  0.0262  0.0280  0.0271  0.0264  0.0269  0.0277  0.0267  0.0266  0.0263  0.0261
niter,ni,del,rscale     2    3    5.0000    0.5000
parameters
   -0.5449   25.6225   15.9898   -4.3614  -11.3283   -3.1129
    1.8070   -2.2401   -1.5442  -12.0374    1.2263    4.8726
eta,q 0.97428  9.14588
  0.0266  0.0263  0.0261  0.0272  0.0267  0.0262  0.0265  0.0271  0.0263  0.0264  0.0261  0.0260
  0.0262  0.0260  0.0259  0.0266  0.0263  0.0261  0.0261  0.0263  0.0260  0.0260  0.0259  0.0259
  0.0259  0.0259  0.0259  0.0261  0.0259  0.0260  0.0258  0.0259  0.0258  0.0258  0.0258  0.0258
  0.0258  0.0258  0.0258  0.0258  0.0258  0.0258  0.0257  0.0257  0.0257  0.0257  0.0257  0.0257
  0.0259  0.0259  0.0258  0.0259  0.0259  0.0257  0.0258  0.0259  0.0258  0.0258  0.0258  0.0257
  0.0262  0.0261  0.0259  0.0263  0.0262  0.0258  0.0261  0.0264  0.0260  0.0260  0.0259  0.0258
  0.0267  0.0265  0.0260  0.0273  0.0267  0.0262  0.0265  0.0272  0.0263  0.0262  0.0261  0.0259
niter,ni,del,rscale     1    3    5.0000    0.4000
parameters
   -0.5521   25.5511   16.0713   -4.2898  -11.2400   -2.5729
    1.8235   -2.2450   -1.5345  -11.8112    1.2411    5.3541
eta,q 0.97438  9.17396
  0.0263  0.0260  0.0260  0.0267  0.0263  0.0262  0.0262  0.0266  0.0260  0.0261  0.0259  0.0258
  0.0260  0.0258  0.0258  0.0263  0.0260  0.0260  0.0259  0.0261  0.0258  0.0258  0.0257  0.0257
  0.0258  0.0257  0.0258  0.0259  0.0258  0.0259  0.0257  0.0257  0.0257  0.0257  0.0257  0.0257
  0.0257  0.0257  0.0257  0.0257  0.0257  0.0257  0.0256  0.0256  0.0256  0.0256  0.0256  0.0256
  0.0258  0.0258  0.0257  0.0258  0.0258  0.0256  0.0257  0.0257  0.0257  0.0257  0.0257  0.0256
  0.0260  0.0259  0.0258  0.0261  0.0259  0.0257  0.0259  0.0261  0.0258  0.0258  0.0257  0.0257
  0.0263  0.0262  0.0259  0.0267  0.0263  0.0260  0.0261  0.0266  0.0260  0.0259  0.0259  0.0257
registration optimization eta report
parameter search radius
    0.8000    0.8000    0.8000    2.4000    2.4000    2.4000
    2.4000    2.4000    2.4000    2.4000    2.4000    2.4000
100000*second partial in parameter space
       86.       58.       30.       17.       10.        6.
        9.       17.        7.        7.        5.        3.
  0.0263  0.0260  0.0260  0.0267  0.0263  0.0262  0.0262  0.0266  0.0260  0.0261  0.0259  0.0258
  0.0260  0.0258  0.0258  0.0263  0.0260  0.0260  0.0259  0.0261  0.0258  0.0258  0.0257  0.0257
  0.0258  0.0257  0.0258  0.0259  0.0258  0.0259  0.0257  0.0257  0.0257  0.0257  0.0257  0.0257
  0.0257  0.0257  0.0257  0.0257  0.0257  0.0257  0.0256  0.0256  0.0256  0.0256  0.0256  0.0256
  0.0258  0.0258  0.0257  0.0258  0.0258  0.0256  0.0257  0.0257  0.0257  0.0257  0.0257  0.0256
  0.0260  0.0259  0.0258  0.0261  0.0259  0.0257  0.0259  0.0261  0.0258  0.0258  0.0257  0.0257
  0.0263  0.0262  0.0259  0.0267  0.0263  0.0260  0.0261  0.0266  0.0260  0.0259  0.0259  0.0257
   -0.5521   25.5511   16.0713   -4.2898  -11.2400   -2.5729
    1.8235   -2.2450   -1.5345  -11.8112    1.2411    5.3541
eta,q 0.97438  9.17396

---------------------------------------------------------------------
imgreg_4dfp /opt/freesurfer/average/711-2C_as_mni_average_305 /opt/freesurfer/average/711-2B_as_mni_average_305_mask talsrcimg_g11 none talsrcimg_to_711-2C_as_mni_average_305_t4 2311
---------------------------------------------------------------------

freesurfer imgreg_4dfp.c
/opt/freesurfer/average/711-2C_as_mni_average_305.4dfp.img
       256       256       256         1
  1.000000  1.000000  1.000000
orientation T byte_order littleendian
Reading image: /opt/freesurfer/average/711-2C_as_mni_average_305.4dfp.img
dimensions:      256       256       256
mmppix:       1.0000   -1.0000   -1.0000
center:     128.0000 -129.0000 -129.0000
/opt/freesurfer/average/711-2B_as_mni_average_305_mask.4dfp.img
       256       256       256         1
  1.000000  1.000000  1.000000
orientation T byte_order littleendian
Reading mask: /opt/freesurfer/average/711-2B_as_mni_average_305_mask.4dfp.img (2306576 pixels)
talsrcimg_g11.4dfp.img
       256       256       256         1
  1.000000  1.000000  1.000000
orientation T byte_order littleendian
Reading image: talsrcimg_g11.4dfp.img
dimensions:      256       256       256
mmppix:       1.0000   -1.0000   -1.0000
center:     128.0000 -129.0000 -129.0000
fimgreg.f
image alignment mode   2311 decimal      907 hex
parameters
   -0.5521   25.5511   16.0713   -4.2898  -11.2400   -2.5729
    1.8235   -2.2450   -1.5345  -11.8112    1.2411    5.3541
eta,q 0.97438  9.17396
niter,ni,del,rscale     5    3    5.0000    0.8000
parameters
   -0.5661   25.4387   16.2425   -4.8147  -11.3896   -3.4529
    1.9908   -2.2081   -1.4461  -12.3184    1.1386    5.1176
eta,q 0.97410  9.13105
  0.0278  0.0269  0.0267  0.0281  0.0275  0.0265  0.0279  0.0290  0.0274  0.0270  0.0267  0.0264
  0.0266  0.0262  0.0261  0.0271  0.0267  0.0264  0.0269  0.0273  0.0266  0.0262  0.0262  0.0261
  0.0259  0.0257  0.0258  0.0261  0.0261  0.0262  0.0262  0.0263  0.0261  0.0259  0.0260  0.0259
  0.0256  0.0256  0.0256  0.0256  0.0257  0.0257  0.0260  0.0260  0.0260  0.0260  0.0259  0.0259
  0.0259  0.0258  0.0257  0.0261  0.0259  0.0257  0.0261  0.0263  0.0261  0.0263  0.0260  0.0260
  0.0267  0.0264  0.0259  0.0277  0.0266  0.0266  0.0267  0.0274  0.0266  0.0267  0.0263  0.0262
  0.0279  0.0273  0.0263  0.0301  0.0281  0.0287  0.0276  0.0288  0.0273  0.0274  0.0267  0.0264
niter,ni,del,rscale     4    3    5.0000    0.7000
parameters
   -0.5704   25.5654   16.0221   -4.6849  -11.4492   -3.6888
    1.8946   -2.2088   -1.4429  -12.3312    1.1506    4.6555
eta,q 0.97412  9.11413
  0.0274  0.0272  0.0262  0.0282  0.0274  0.0264  0.0273  0.0283  0.0270  0.0271  0.0265  0.0262
  0.0266  0.0265  0.0260  0.0273  0.0266  0.0263  0.0265  0.0270  0.0264  0.0263  0.0262  0.0260
  0.0261  0.0261  0.0259  0.0265  0.0261  0.0261  0.0260  0.0262  0.0260  0.0259  0.0260  0.0259
  0.0259  0.0259  0.0259  0.0259  0.0258  0.0258  0.0259  0.0259  0.0259  0.0259  0.0259  0.0259
  0.0261  0.0259  0.0260  0.0258  0.0260  0.0257  0.0261  0.0262  0.0260  0.0261  0.0260  0.0260
  0.0266  0.0262  0.0262  0.0267  0.0265  0.0261  0.0266  0.0270  0.0264  0.0264  0.0262  0.0261
  0.0274  0.0268  0.0265  0.0283  0.0276  0.0270  0.0274  0.0283  0.0270  0.0269  0.0265  0.0264
niter,ni,del,rscale     3    3    5.0000    0.6000
parameters
   -0.5631   25.6257   15.9862   -4.5009  -11.4223   -3.5191
    1.8189   -2.2223   -1.4827  -12.2511    1.1824    4.6192
eta,q 0.97420  9.12273
  0.0270  0.0268  0.0262  0.0277  0.0271  0.0263  0.0269  0.0277  0.0266  0.0268  0.0263  0.0261
  0.0264  0.0263  0.0260  0.0270  0.0265  0.0262  0.0263  0.0267  0.0262  0.0261  0.0260  0.0259
  0.0260  0.0260  0.0259  0.0263  0.0260  0.0261  0.0259  0.0260  0.0259  0.0258  0.0259  0.0258
  0.0259  0.0259  0.0259  0.0259  0.0258  0.0258  0.0258  0.0258  0.0258  0.0258  0.0258  0.0258
  0.0260  0.0259  0.0259  0.0258  0.0259  0.0257  0.0259  0.0261  0.0259  0.0259  0.0259  0.0258
  0.0264  0.0262  0.0261  0.0264  0.0264  0.0259  0.0263  0.0267  0.0262  0.0262  0.0260  0.0260
  0.0270  0.0266  0.0262  0.0277  0.0271  0.0265  0.0270  0.0277  0.0267  0.0266  0.0263  0.0261
niter,ni,del,rscale     2    3    5.0000    0.5000
parameters
   -0.5544   25.6129   16.0174   -4.3667  -11.3632   -3.1063
    1.7971   -2.2341   -1.5190  -12.0797    1.1950    4.9029
eta,q 0.97428  9.14503
  0.0266  0.0264  0.0261  0.0272  0.0267  0.0262  0.0265  0.0271  0.0263  0.0264  0.0261  0.0260
  0.0262  0.0261  0.0259  0.0266  0.0262  0.0261  0.0261  0.0263  0.0260  0.0260  0.0259  0.0258
  0.0259  0.0259  0.0258  0.0261  0.0259  0.0260  0.0258  0.0259  0.0258  0.0258  0.0258  0.0258
  0.0258  0.0258  0.0258  0.0258  0.0258  0.0258  0.0257  0.0257  0.0257  0.0257  0.0257  0.0257
  0.0259  0.0259  0.0258  0.0258  0.0259  0.0257  0.0258  0.0259  0.0258  0.0258  0.0258  0.0257
  0.0262  0.0261  0.0259  0.0263  0.0261  0.0258  0.0261  0.0264  0.0260  0.0260  0.0259  0.0258
  0.0266  0.0264  0.0260  0.0272  0.0267  0.0262  0.0265  0.0271  0.0263  0.0262  0.0261  0.0259
niter,ni,del,rscale     1    3    5.0000    0.4000
parameters
   -0.5522   25.5546   16.0826   -4.2862  -11.2702   -2.5847
    1.8132   -2.2445   -1.5343  -11.8470    1.2263    5.3373
eta,q 0.97437  9.17219
  0.0263  0.0260  0.0260  0.0267  0.0263  0.0262  0.0262  0.0266  0.0260  0.0261  0.0259  0.0258
  0.0260  0.0259  0.0258  0.0263  0.0260  0.0260  0.0259  0.0261  0.0258  0.0258  0.0257  0.0257
  0.0258  0.0257  0.0257  0.0259  0.0258  0.0259  0.0257  0.0257  0.0257  0.0257  0.0257  0.0257
  0.0257  0.0257  0.0257  0.0257  0.0257  0.0257  0.0256  0.0256  0.0256  0.0256  0.0256  0.0256
  0.0258  0.0258  0.0257  0.0257  0.0258  0.0256  0.0257  0.0257  0.0257  0.0257  0.0257  0.0256
  0.0260  0.0259  0.0258  0.0261  0.0259  0.0257  0.0259  0.0261  0.0258  0.0258  0.0257  0.0257
  0.0263  0.0262  0.0259  0.0267  0.0263  0.0260  0.0261  0.0266  0.0260  0.0259  0.0259  0.0257
registration optimization eta report
parameter search radius
    0.8000    0.8000    0.8000    2.4000    2.4000    2.4000
    2.4000    2.4000    2.4000    2.4000    2.4000    2.4000
100000*second partial in parameter space
       86.       58.       30.       17.       10.        6.
        9.       17.        7.        7.        5.        3.
  0.0263  0.0260  0.0260  0.0267  0.0263  0.0262  0.0262  0.0266  0.0260  0.0261  0.0259  0.0258
  0.0260  0.0259  0.0258  0.0263  0.0260  0.0260  0.0259  0.0261  0.0258  0.0258  0.0257  0.0257
  0.0258  0.0257  0.0257  0.0259  0.0258  0.0259  0.0257  0.0257  0.0257  0.0257  0.0257  0.0257
  0.0257  0.0257  0.0257  0.0257  0.0257  0.0257  0.0256  0.0256  0.0256  0.0256  0.0256  0.0256
  0.0258  0.0258  0.0257  0.0257  0.0258  0.0256  0.0257  0.0257  0.0257  0.0257  0.0257  0.0256
  0.0260  0.0259  0.0258  0.0261  0.0259  0.0257  0.0259  0.0261  0.0258  0.0258  0.0257  0.0257
  0.0263  0.0262  0.0259  0.0267  0.0263  0.0260  0.0261  0.0266  0.0260  0.0259  0.0259  0.0257
   -0.5522   25.5546   16.0826   -4.2862  -11.2702   -2.5847
    1.8132   -2.2445   -1.5343  -11.8470    1.2263    5.3373
eta,q 0.97437  9.17219

---------------------------------------------------------------------
compute_vox2vox talsrcimg talsrcimg_to_711-2C_as_mni_average_305_t4 /opt/freesurfer/average/711-2C_as_mni_average_305
---------------------------------------------------------------------

freesurfer compute_vox2vox.c
Reading: talsrcimg.4dfp.ifh
Reading: talsrcimg_to_711-2C_as_mni_average_305_t4
Reading: /opt/freesurfer/average/711-2C_as_mni_average_305.4dfp.ifh
Writing: talsrcimg_to_711-2C_as_mni_average_305_t4_vox2vox.txt

start time Fri Mar 13 04:32:28 CET 2026
end		time Fri Mar 13 04:32:42 CET 2026

mpr2mni305 success

avi2talxfm orig_nu.mgz /opt/freesurfer/average/mni305.cor.mgz talsrcimg_to_711-2C_as_mni_average_305_t4_vox2vox.txt transforms/talairach.auto.xfm
avi2talxfm done
mv -f /out/sourcedata/freesurfer/sub-v2s4x29603_ses-1/mri/talsrcimg_to_711-2C_as_mni_average_305_t4_vox2vox.txt /out/sourcedata/freesurfer/sub-v2s4x29603_ses-1/mri/transforms/talsrcimg_to_711-2C_as_mni_average_305_t4_vox2vox.txt
lta_convert --src orig_nu.mgz --trg /opt/freesurfer/average/mni305.cor.mgz --inxfm transforms/talairach.auto.xfm --outlta transforms/talairach.auto.xfm.lta --subject fsaverage
7.3.2

--src: orig_nu.mgz src image (geometry).
--trg: /opt/freesurfer/average/mni305.cor.mgz trg image (geometry).
--inmni: transforms/talairach.auto.xfm input MNI/XFM transform.
--outlta: transforms/talairach.auto.xfm.lta output LTA.
--s: fsaverage subject name
 LTA read, type : 1
 1.04415   0.02131  -0.02262  -2.85338;
-0.01403   1.01879  -0.06100  -13.30501;
 0.01618   0.13640   1.11848  -34.45535;
 0.00000   0.00000   0.00000   1.00000;
setting subject to fsaverage
Writing  LTA to file transforms/talairach.auto.xfm.lta...
lta_convert successful.
 
 
Started at Fri Mar 13 04:32:28 CET 2026
Ended   at Fri Mar 13 04:32:42 CET 2026
talairach_avi done
