status file for recon-all
Fri Mar 13 06:30:02 CET 2026
#@# Tessellate rh Fri Mar 13 06:30:02 CET 2026
#@# Smooth1 rh Fri Mar 13 06:30:06 CET 2026
#@# Inflation1 rh Fri Mar 13 06:30:09 CET 2026
#@# QSphere rh Fri Mar 13 06:30:22 CET 2026
#@# Fix Topology rh Fri Mar 13 06:31:34 CET 2026
#@# Smooth2 rh Fri Mar 13 06:37:58 CET 2026
#@# Inflation2 rh Fri Mar 13 06:38:01 CET 2026
#@# Curv .H and .K rh Fri Mar 13 06:38:14 CET 2026
#@# Sphere rh Fri Mar 13 06:39:02 CET 2026
#@# Surf Reg rh Fri Mar 13 06:41:45 CET 2026
#@# Jacobian white rh Fri Mar 13 06:45:20 CET 2026
#@# AvgCurv rh Fri Mar 13 06:45:21 CET 2026
#@# Cortical Parc rh Fri Mar 13 06:45:21 CET 2026
#@# white curv rh Fri Mar 13 06:51:48 CET 2026
#@# white area rh Fri Mar 13 06:51:50 CET 2026
#@# pial curv rh Fri Mar 13 06:51:51 CET 2026
#@# pial area rh Fri Mar 13 06:51:53 CET 2026
#@# thickness rh Fri Mar 13 06:51:54 CET 2026
#@# area and vertex vol rh Fri Mar 13 06:52:24 CET 2026
#@# Curvature Stats rh Fri Mar 13 06:52:26 CET 2026
#@# Cortical Parc 2 rh Fri Mar 13 06:52:28 CET 2026
#@# Cortical Parc 3 rh Fri Mar 13 06:52:42 CET 2026
#@# WM/GM Contrast rh Fri Mar 13 06:52:52 CET 2026
recon-all -s sub-v2s4x29597_ses-1 finished without error at Fri Mar 13 06:52:55 CET 2026



#New# invocation of recon-all 



status file for recon-all
Fri Mar 13 07:01:34 CET 2026
#@# white curv rh Fri Mar 13 07:01:34 CET 2026
#@# white area rh Fri Mar 13 07:01:34 CET 2026
#@# pial curv rh Fri Mar 13 07:01:34 CET 2026
#@# pial area rh Fri Mar 13 07:01:34 CET 2026
#@# thickness rh Fri Mar 13 07:01:34 CET 2026
#@# area and vertex vol rh Fri Mar 13 07:01:34 CET 2026
#@# Parcellation Stats rh Fri Mar 13 07:01:34 CET 2026
#@# Parcellation Stats 2 rh Fri Mar 13 07:01:54 CET 2026
#@# Parcellation Stats 3 rh Fri Mar 13 07:02:03 CET 2026
#@# BA_exvivo Labels rh Fri Mar 13 07:02:12 CET 2026
recon-all -s sub-v2s4x29597_ses-1 finished without error at Fri Mar 13 07:05:05 CET 2026
