status file for recon-all
Fri Mar 13 04:18:05 CET 2026
#@# MotionCor Fri Mar 13 04:18:07 CET 2026
#@# Talairach Fri Mar 13 04:18:15 CET 2026
#@# Talairach Failure Detection Fri Mar 13 04:22:44 CET 2026
#@# Nu Intensity Correction Fri Mar 13 04:22:44 CET 2026
#@# Intensity Normalization Fri Mar 13 04:26:01 CET 2026
recon-all -s sub-v2s4x29597_ses-1 finished without error at Fri Mar 13 04:27:45 CET 2026



#New# invocation of recon-all 



status file for recon-all
Fri Mar 13 04:34:27 CET 2026
#@# EM Registration Fri Mar 13 04:34:27 CET 2026
recon-all -s sub-v2s4x29597_ses-1 finished without error at Fri Mar 13 04:36:28 CET 2026



#New# invocation of recon-all 



status file for recon-all
Fri Mar 13 04:36:31 CET 2026
#@# CA Normalize Fri Mar 13 04:36:31 CET 2026
#@# CA Reg Fri Mar 13 04:37:53 CET 2026
#@# SubCort Seg Fri Mar 13 05:23:08 CET 2026
#@# CC Seg Fri Mar 13 06:01:41 CET 2026
#@# Merge ASeg Fri Mar 13 06:02:21 CET 2026
#@# Intensity Normalization2 Fri Mar 13 06:02:21 CET 2026
#@# Mask BFS Fri Mar 13 06:04:49 CET 2026
#@# WM Segmentation Fri Mar 13 06:04:50 CET 2026
#@# Fill Fri Mar 13 06:06:59 CET 2026
recon-all -s sub-v2s4x29597_ses-1 finished without error at Fri Mar 13 06:08:07 CET 2026



#New# invocation of recon-all 



status file for recon-all
Fri Mar 13 06:53:02 CET 2026
#@# white curv lh Fri Mar 13 06:53:02 CET 2026
#@# white area lh Fri Mar 13 06:53:02 CET 2026
#@# pial curv lh Fri Mar 13 06:53:02 CET 2026
#@# pial area lh Fri Mar 13 06:53:02 CET 2026
#@# thickness lh Fri Mar 13 06:53:02 CET 2026
#@# area and vertex vol lh Fri Mar 13 06:53:02 CET 2026
#@# white curv rh Fri Mar 13 06:53:02 CET 2026
#@# white area rh Fri Mar 13 06:53:02 CET 2026
#@# pial curv rh Fri Mar 13 06:53:02 CET 2026
#@# pial area rh Fri Mar 13 06:53:02 CET 2026
#@# thickness rh Fri Mar 13 06:53:02 CET 2026
#@# area and vertex vol rh Fri Mar 13 06:53:02 CET 2026
#@# Cortical ribbon mask Fri Mar 13 06:53:02 CET 2026
recon-all -s sub-v2s4x29597_ses-1 finished without error at Fri Mar 13 06:57:48 CET 2026



#New# invocation of recon-all 



status file for recon-all
Fri Mar 13 07:05:11 CET 2026
#@# white curv lh Fri Mar 13 07:05:11 CET 2026
#@# white area lh Fri Mar 13 07:05:11 CET 2026
#@# pial curv lh Fri Mar 13 07:05:11 CET 2026
#@# pial area lh Fri Mar 13 07:05:11 CET 2026
#@# thickness lh Fri Mar 13 07:05:11 CET 2026
#@# area and vertex vol lh Fri Mar 13 07:05:11 CET 2026
#@# white curv rh Fri Mar 13 07:05:11 CET 2026
#@# white area rh Fri Mar 13 07:05:11 CET 2026
#@# pial curv rh Fri Mar 13 07:05:11 CET 2026
#@# pial area rh Fri Mar 13 07:05:11 CET 2026
#@# thickness rh Fri Mar 13 07:05:11 CET 2026
#@# area and vertex vol rh Fri Mar 13 07:05:11 CET 2026
#@# Curvature Stats lh Fri Mar 13 07:05:11 CET 2026
#@# Curvature Stats rh Fri Mar 13 07:05:14 CET 2026
#@# Relabel Hypointensities Fri Mar 13 07:05:17 CET 2026
#@# APas-to-ASeg Fri Mar 13 07:05:33 CET 2026
#@# AParc-to-ASeg aparc Fri Mar 13 07:05:42 CET 2026
#@# AParc-to-ASeg aparc.a2009s Fri Mar 13 07:06:09 CET 2026
#@# AParc-to-ASeg aparc.DKTatlas Fri Mar 13 07:06:38 CET 2026
#@# WMParc Fri Mar 13 07:07:04 CET 2026
#@# ASeg Stats Fri Mar 13 07:10:54 CET 2026
recon-all -s sub-v2s4x29597_ses-1 finished without error at Fri Mar 13 07:11:35 CET 2026
