status file for recon-all
Fri Mar 13 05:48:32 CET 2026
#@# Tessellate lh Fri Mar 13 05:48:32 CET 2026
#@# Smooth1 lh Fri Mar 13 05:48:35 CET 2026
#@# Inflation1 lh Fri Mar 13 05:48:37 CET 2026
#@# QSphere lh Fri Mar 13 05:48:52 CET 2026
#@# Fix Topology lh Fri Mar 13 05:49:56 CET 2026
#@# Smooth2 lh Fri Mar 13 05:54:35 CET 2026
#@# Inflation2 lh Fri Mar 13 05:54:38 CET 2026
#@# Curv .H and .K lh Fri Mar 13 05:54:50 CET 2026
#@# Sphere lh Fri Mar 13 05:55:25 CET 2026
#@# Surf Reg lh Fri Mar 13 05:58:39 CET 2026
#@# Jacobian white lh Fri Mar 13 06:02:03 CET 2026
#@# AvgCurv lh Fri Mar 13 06:02:04 CET 2026
#@# Cortical Parc lh Fri Mar 13 06:02:04 CET 2026
#@# white curv lh Fri Mar 13 06:07:05 CET 2026
#@# white area lh Fri Mar 13 06:07:07 CET 2026
#@# pial curv lh Fri Mar 13 06:07:07 CET 2026
#@# pial area lh Fri Mar 13 06:07:09 CET 2026
#@# thickness lh Fri Mar 13 06:07:09 CET 2026
#@# area and vertex vol lh Fri Mar 13 06:07:27 CET 2026
#@# Curvature Stats lh Fri Mar 13 06:07:28 CET 2026
#@# Cortical Parc 2 lh Fri Mar 13 06:07:30 CET 2026
#@# Cortical Parc 3 lh Fri Mar 13 06:07:40 CET 2026
#@# WM/GM Contrast lh Fri Mar 13 06:07:48 CET 2026
recon-all -s sub-v2s4x29598_ses-1 finished without error at Fri Mar 13 06:07:50 CET 2026



#New# invocation of recon-all 



status file for recon-all
Fri Mar 13 06:30:32 CET 2026
#@# white curv lh Fri Mar 13 06:30:32 CET 2026
#@# white area lh Fri Mar 13 06:30:32 CET 2026
#@# pial curv lh Fri Mar 13 06:30:32 CET 2026
#@# pial area lh Fri Mar 13 06:30:32 CET 2026
#@# thickness lh Fri Mar 13 06:30:32 CET 2026
#@# area and vertex vol lh Fri Mar 13 06:30:32 CET 2026
#@# Parcellation Stats lh Fri Mar 13 06:30:32 CET 2026
#@# Parcellation Stats 2 lh Fri Mar 13 06:30:46 CET 2026
#@# Parcellation Stats 3 lh Fri Mar 13 06:30:53 CET 2026
#@# BA_exvivo Labels lh Fri Mar 13 06:31:00 CET 2026
recon-all -s sub-v2s4x29598_ses-1 finished without error at Fri Mar 13 06:33:00 CET 2026
