status file for recon-all
Fri Mar 13 08:01:42 CET 2026
#@# Tessellate rh Fri Mar 13 08:01:42 CET 2026
#@# Smooth1 rh Fri Mar 13 08:01:46 CET 2026
#@# Inflation1 rh Fri Mar 13 08:01:49 CET 2026
#@# QSphere rh Fri Mar 13 08:02:07 CET 2026
#@# Fix Topology rh Fri Mar 13 08:03:36 CET 2026
#@# Smooth2 rh Fri Mar 13 08:09:55 CET 2026
#@# Inflation2 rh Fri Mar 13 08:09:58 CET 2026
#@# Curv .H and .K rh Fri Mar 13 08:10:16 CET 2026
#@# Sphere rh Fri Mar 13 08:11:04 CET 2026
#@# Surf Reg rh Fri Mar 13 08:15:52 CET 2026
#@# Jacobian white rh Fri Mar 13 08:20:58 CET 2026
#@# AvgCurv rh Fri Mar 13 08:20:59 CET 2026
#@# Cortical Parc rh Fri Mar 13 08:21:00 CET 2026
#@# white curv rh Fri Mar 13 08:27:38 CET 2026
#@# white area rh Fri Mar 13 08:27:40 CET 2026
#@# pial curv rh Fri Mar 13 08:27:41 CET 2026
#@# pial area rh Fri Mar 13 08:27:43 CET 2026
#@# thickness rh Fri Mar 13 08:27:44 CET 2026
#@# area and vertex vol rh Fri Mar 13 08:28:17 CET 2026
#@# Curvature Stats rh Fri Mar 13 08:28:19 CET 2026
#@# Cortical Parc 2 rh Fri Mar 13 08:28:22 CET 2026
#@# Cortical Parc 3 rh Fri Mar 13 08:28:36 CET 2026
#@# WM/GM Contrast rh Fri Mar 13 08:28:48 CET 2026
recon-all -s sub-v2s4x29620_ses-1 finished without error at Fri Mar 13 08:28:51 CET 2026



#New# invocation of recon-all 



status file for recon-all
Fri Mar 13 08:37:08 CET 2026
#@# white curv rh Fri Mar 13 08:37:08 CET 2026
#@# white area rh Fri Mar 13 08:37:08 CET 2026
#@# pial curv rh Fri Mar 13 08:37:08 CET 2026
#@# pial area rh Fri Mar 13 08:37:08 CET 2026
#@# thickness rh Fri Mar 13 08:37:08 CET 2026
#@# area and vertex vol rh Fri Mar 13 08:37:08 CET 2026
#@# Parcellation Stats rh Fri Mar 13 08:37:08 CET 2026
#@# Parcellation Stats 2 rh Fri Mar 13 08:37:29 CET 2026
#@# Parcellation Stats 3 rh Fri Mar 13 08:37:40 CET 2026
#@# BA_exvivo Labels rh Fri Mar 13 08:37:50 CET 2026
recon-all -s sub-v2s4x29620_ses-1 finished without error at Fri Mar 13 08:40:42 CET 2026
