status file for recon-all
Fri Mar 13 05:35:35 CET 2026
#@# MotionCor Fri Mar 13 05:35:37 CET 2026
#@# Talairach Fri Mar 13 05:35:44 CET 2026
#@# Talairach Failure Detection Fri Mar 13 05:40:14 CET 2026
#@# Nu Intensity Correction Fri Mar 13 05:40:14 CET 2026
#@# Intensity Normalization Fri Mar 13 05:43:29 CET 2026
recon-all -s sub-v2s4x29620_ses-1 finished without error at Fri Mar 13 05:45:04 CET 2026



#New# invocation of recon-all 



status file for recon-all
Fri Mar 13 05:52:25 CET 2026
#@# EM Registration Fri Mar 13 05:52:25 CET 2026
recon-all -s sub-v2s4x29620_ses-1 finished without error at Fri Mar 13 05:55:16 CET 2026



#New# invocation of recon-all 



status file for recon-all
Fri Mar 13 05:55:18 CET 2026
#@# CA Normalize Fri Mar 13 05:55:18 CET 2026
#@# CA Reg Fri Mar 13 05:56:38 CET 2026
#@# SubCort Seg Fri Mar 13 06:49:55 CET 2026
#@# CC Seg Fri Mar 13 07:28:01 CET 2026
#@# Merge ASeg Fri Mar 13 07:28:34 CET 2026
#@# Intensity Normalization2 Fri Mar 13 07:28:34 CET 2026
#@# Mask BFS Fri Mar 13 07:30:45 CET 2026
#@# WM Segmentation Fri Mar 13 07:30:46 CET 2026
#@# Fill Fri Mar 13 07:32:53 CET 2026
recon-all -s sub-v2s4x29620_ses-1 finished without error at Fri Mar 13 07:33:56 CET 2026



#New# invocation of recon-all 



status file for recon-all
Fri Mar 13 08:29:00 CET 2026
#@# white curv lh Fri Mar 13 08:29:00 CET 2026
#@# white area lh Fri Mar 13 08:29:00 CET 2026
#@# pial curv lh Fri Mar 13 08:29:00 CET 2026
#@# pial area lh Fri Mar 13 08:29:00 CET 2026
#@# thickness lh Fri Mar 13 08:29:00 CET 2026
#@# area and vertex vol lh Fri Mar 13 08:29:00 CET 2026
#@# white curv rh Fri Mar 13 08:29:00 CET 2026
#@# white area rh Fri Mar 13 08:29:00 CET 2026
#@# pial curv rh Fri Mar 13 08:29:00 CET 2026
#@# pial area rh Fri Mar 13 08:29:00 CET 2026
#@# thickness rh Fri Mar 13 08:29:00 CET 2026
#@# area and vertex vol rh Fri Mar 13 08:29:00 CET 2026
#@# Cortical ribbon mask Fri Mar 13 08:29:00 CET 2026
recon-all -s sub-v2s4x29620_ses-1 finished without error at Fri Mar 13 08:33:20 CET 2026



#New# invocation of recon-all 



status file for recon-all
Fri Mar 13 08:40:46 CET 2026
#@# white curv lh Fri Mar 13 08:40:46 CET 2026
#@# white area lh Fri Mar 13 08:40:46 CET 2026
#@# pial curv lh Fri Mar 13 08:40:46 CET 2026
#@# pial area lh Fri Mar 13 08:40:46 CET 2026
#@# thickness lh Fri Mar 13 08:40:46 CET 2026
#@# area and vertex vol lh Fri Mar 13 08:40:46 CET 2026
#@# white curv rh Fri Mar 13 08:40:46 CET 2026
#@# white area rh Fri Mar 13 08:40:46 CET 2026
#@# pial curv rh Fri Mar 13 08:40:46 CET 2026
#@# pial area rh Fri Mar 13 08:40:46 CET 2026
#@# thickness rh Fri Mar 13 08:40:47 CET 2026
#@# area and vertex vol rh Fri Mar 13 08:40:47 CET 2026
#@# Curvature Stats lh Fri Mar 13 08:40:47 CET 2026
#@# Curvature Stats rh Fri Mar 13 08:40:49 CET 2026
#@# Relabel Hypointensities Fri Mar 13 08:40:52 CET 2026
#@# APas-to-ASeg Fri Mar 13 08:41:08 CET 2026
#@# AParc-to-ASeg aparc Fri Mar 13 08:41:17 CET 2026
#@# AParc-to-ASeg aparc.a2009s Fri Mar 13 08:42:06 CET 2026
#@# AParc-to-ASeg aparc.DKTatlas Fri Mar 13 08:42:56 CET 2026
#@# WMParc Fri Mar 13 08:43:44 CET 2026
#@# ASeg Stats Fri Mar 13 08:47:58 CET 2026
recon-all -s sub-v2s4x29620_ses-1 finished without error at Fri Mar 13 08:48:37 CET 2026
