status file for recon-all
Fri Mar 13 05:56:10 CET 2026
#@# MotionCor Fri Mar 13 05:56:11 CET 2026
#@# Talairach Fri Mar 13 05:56:17 CET 2026
#@# Talairach Failure Detection Fri Mar 13 05:59:07 CET 2026
#@# Nu Intensity Correction Fri Mar 13 05:59:07 CET 2026
#@# Intensity Normalization Fri Mar 13 06:01:53 CET 2026
recon-all -s sub-v2s4x29630_ses-1 finished without error at Fri Mar 13 06:03:03 CET 2026



#New# invocation of recon-all 



status file for recon-all
Fri Mar 13 06:08:44 CET 2026
#@# EM Registration Fri Mar 13 06:08:44 CET 2026
recon-all -s sub-v2s4x29630_ses-1 finished without error at Fri Mar 13 06:10:29 CET 2026



#New# invocation of recon-all 



status file for recon-all
Fri Mar 13 06:10:33 CET 2026
#@# CA Normalize Fri Mar 13 06:10:33 CET 2026
#@# CA Reg Fri Mar 13 06:11:28 CET 2026
#@# SubCort Seg Fri Mar 13 06:54:52 CET 2026
#@# CC Seg Fri Mar 13 07:20:38 CET 2026
#@# Merge ASeg Fri Mar 13 07:21:00 CET 2026
#@# Intensity Normalization2 Fri Mar 13 07:21:00 CET 2026
#@# Mask BFS Fri Mar 13 07:22:23 CET 2026
#@# WM Segmentation Fri Mar 13 07:22:23 CET 2026
#@# Fill Fri Mar 13 07:24:09 CET 2026
recon-all -s sub-v2s4x29630_ses-1 finished without error at Fri Mar 13 07:24:46 CET 2026



#New# invocation of recon-all 



status file for recon-all
Fri Mar 13 08:11:31 CET 2026
#@# white curv lh Fri Mar 13 08:11:31 CET 2026
#@# white area lh Fri Mar 13 08:11:31 CET 2026
#@# pial curv lh Fri Mar 13 08:11:31 CET 2026
#@# pial area lh Fri Mar 13 08:11:31 CET 2026
#@# thickness lh Fri Mar 13 08:11:31 CET 2026
#@# area and vertex vol lh Fri Mar 13 08:11:31 CET 2026
#@# white curv rh Fri Mar 13 08:11:31 CET 2026
#@# white area rh Fri Mar 13 08:11:31 CET 2026
#@# pial curv rh Fri Mar 13 08:11:31 CET 2026
#@# pial area rh Fri Mar 13 08:11:31 CET 2026
#@# thickness rh Fri Mar 13 08:11:31 CET 2026
#@# area and vertex vol rh Fri Mar 13 08:11:31 CET 2026
#@# Cortical ribbon mask Fri Mar 13 08:11:31 CET 2026
recon-all -s sub-v2s4x29630_ses-1 finished without error at Fri Mar 13 08:13:32 CET 2026



#New# invocation of recon-all 



status file for recon-all
Fri Mar 13 08:18:11 CET 2026
#@# white curv lh Fri Mar 13 08:18:11 CET 2026
#@# white area lh Fri Mar 13 08:18:11 CET 2026
#@# pial curv lh Fri Mar 13 08:18:11 CET 2026
#@# pial area lh Fri Mar 13 08:18:11 CET 2026
#@# thickness lh Fri Mar 13 08:18:11 CET 2026
#@# area and vertex vol lh Fri Mar 13 08:18:11 CET 2026
#@# white curv rh Fri Mar 13 08:18:11 CET 2026
#@# white area rh Fri Mar 13 08:18:11 CET 2026
#@# pial curv rh Fri Mar 13 08:18:11 CET 2026
#@# pial area rh Fri Mar 13 08:18:11 CET 2026
#@# thickness rh Fri Mar 13 08:18:11 CET 2026
#@# area and vertex vol rh Fri Mar 13 08:18:11 CET 2026
#@# Curvature Stats lh Fri Mar 13 08:18:11 CET 2026
#@# Curvature Stats rh Fri Mar 13 08:18:13 CET 2026
#@# Relabel Hypointensities Fri Mar 13 08:18:14 CET 2026
#@# APas-to-ASeg Fri Mar 13 08:18:24 CET 2026
#@# AParc-to-ASeg aparc Fri Mar 13 08:18:30 CET 2026
#@# AParc-to-ASeg aparc.a2009s Fri Mar 13 08:18:48 CET 2026
#@# AParc-to-ASeg aparc.DKTatlas Fri Mar 13 08:19:05 CET 2026
#@# WMParc Fri Mar 13 08:19:25 CET 2026
#@# ASeg Stats Fri Mar 13 08:21:11 CET 2026
recon-all -s sub-v2s4x29630_ses-1 finished without error at Fri Mar 13 08:21:29 CET 2026
