status file for recon-all
Fri Mar 13 05:49:22 CET 2026
#@# Tessellate lh Fri Mar 13 05:49:22 CET 2026
#@# Smooth1 lh Fri Mar 13 05:49:24 CET 2026
#@# Inflation1 lh Fri Mar 13 05:49:26 CET 2026
#@# QSphere lh Fri Mar 13 05:49:32 CET 2026
#@# Fix Topology lh Fri Mar 13 05:50:07 CET 2026
#@# Smooth2 lh Fri Mar 13 05:53:25 CET 2026
#@# Inflation2 lh Fri Mar 13 05:53:27 CET 2026
#@# Curv .H and .K lh Fri Mar 13 05:53:33 CET 2026
#@# Sphere lh Fri Mar 13 05:54:03 CET 2026
#@# Surf Reg lh Fri Mar 13 05:54:45 CET 2026
#@# Jacobian white lh Fri Mar 13 05:56:39 CET 2026
#@# AvgCurv lh Fri Mar 13 05:56:39 CET 2026
#@# Cortical Parc lh Fri Mar 13 05:56:40 CET 2026
#@# white curv lh Fri Mar 13 06:00:20 CET 2026
#@# white area lh Fri Mar 13 06:00:21 CET 2026
#@# pial curv lh Fri Mar 13 06:00:21 CET 2026
#@# pial area lh Fri Mar 13 06:00:22 CET 2026
#@# thickness lh Fri Mar 13 06:00:23 CET 2026
#@# area and vertex vol lh Fri Mar 13 06:00:37 CET 2026
#@# Curvature Stats lh Fri Mar 13 06:00:38 CET 2026
#@# Cortical Parc 2 lh Fri Mar 13 06:00:40 CET 2026
#@# Cortical Parc 3 lh Fri Mar 13 06:00:48 CET 2026
#@# WM/GM Contrast lh Fri Mar 13 06:00:54 CET 2026
recon-all -s sub-v2s4x29604_ses-1 finished without error at Fri Mar 13 06:00:56 CET 2026



#New# invocation of recon-all 



status file for recon-all
Fri Mar 13 06:15:36 CET 2026
#@# white curv lh Fri Mar 13 06:15:36 CET 2026
#@# white area lh Fri Mar 13 06:15:36 CET 2026
#@# pial curv lh Fri Mar 13 06:15:36 CET 2026
#@# pial area lh Fri Mar 13 06:15:36 CET 2026
#@# thickness lh Fri Mar 13 06:15:36 CET 2026
#@# area and vertex vol lh Fri Mar 13 06:15:36 CET 2026
#@# Parcellation Stats lh Fri Mar 13 06:15:36 CET 2026
#@# Parcellation Stats 2 lh Fri Mar 13 06:15:47 CET 2026
#@# Parcellation Stats 3 lh Fri Mar 13 06:15:52 CET 2026
#@# BA_exvivo Labels lh Fri Mar 13 06:15:57 CET 2026
recon-all -s sub-v2s4x29604_ses-1 finished without error at Fri Mar 13 06:17:31 CET 2026
