status file for recon-all
Fri Mar 13 04:32:54 CET 2026
#@# MotionCor Fri Mar 13 04:32:55 CET 2026
#@# Talairach Fri Mar 13 04:33:00 CET 2026
#@# Talairach Failure Detection Fri Mar 13 04:35:51 CET 2026
#@# Nu Intensity Correction Fri Mar 13 04:35:51 CET 2026
#@# Intensity Normalization Fri Mar 13 04:38:35 CET 2026
recon-all -s sub-v2s4x29604_ses-1 finished without error at Fri Mar 13 04:39:40 CET 2026



#New# invocation of recon-all 



status file for recon-all
Fri Mar 13 04:45:08 CET 2026
#@# EM Registration Fri Mar 13 04:45:08 CET 2026
recon-all -s sub-v2s4x29604_ses-1 finished without error at Fri Mar 13 04:46:42 CET 2026



#New# invocation of recon-all 



status file for recon-all
Fri Mar 13 04:46:45 CET 2026
#@# CA Normalize Fri Mar 13 04:46:45 CET 2026
#@# CA Reg Fri Mar 13 04:47:39 CET 2026
#@# SubCort Seg Fri Mar 13 05:19:39 CET 2026
#@# CC Seg Fri Mar 13 05:45:16 CET 2026
#@# Merge ASeg Fri Mar 13 05:45:34 CET 2026
#@# Intensity Normalization2 Fri Mar 13 05:45:34 CET 2026
#@# Mask BFS Fri Mar 13 05:47:05 CET 2026
#@# WM Segmentation Fri Mar 13 05:47:06 CET 2026
#@# Fill Fri Mar 13 05:48:39 CET 2026
recon-all -s sub-v2s4x29604_ses-1 finished without error at Fri Mar 13 05:49:18 CET 2026



#New# invocation of recon-all 



status file for recon-all
Fri Mar 13 06:12:52 CET 2026
#@# white curv lh Fri Mar 13 06:12:52 CET 2026
#@# white area lh Fri Mar 13 06:12:52 CET 2026
#@# pial curv lh Fri Mar 13 06:12:52 CET 2026
#@# pial area lh Fri Mar 13 06:12:52 CET 2026
#@# thickness lh Fri Mar 13 06:12:52 CET 2026
#@# area and vertex vol lh Fri Mar 13 06:12:52 CET 2026
#@# white curv rh Fri Mar 13 06:12:52 CET 2026
#@# white area rh Fri Mar 13 06:12:52 CET 2026
#@# pial curv rh Fri Mar 13 06:12:52 CET 2026
#@# pial area rh Fri Mar 13 06:12:52 CET 2026
#@# thickness rh Fri Mar 13 06:12:52 CET 2026
#@# area and vertex vol rh Fri Mar 13 06:12:52 CET 2026
#@# Cortical ribbon mask Fri Mar 13 06:12:52 CET 2026
recon-all -s sub-v2s4x29604_ses-1 finished without error at Fri Mar 13 06:15:32 CET 2026



#New# invocation of recon-all 



status file for recon-all
Fri Mar 13 06:19:30 CET 2026
#@# white curv lh Fri Mar 13 06:19:30 CET 2026
#@# white area lh Fri Mar 13 06:19:30 CET 2026
#@# pial curv lh Fri Mar 13 06:19:30 CET 2026
#@# pial area lh Fri Mar 13 06:19:30 CET 2026
#@# thickness lh Fri Mar 13 06:19:30 CET 2026
#@# area and vertex vol lh Fri Mar 13 06:19:30 CET 2026
#@# white curv rh Fri Mar 13 06:19:30 CET 2026
#@# white area rh Fri Mar 13 06:19:30 CET 2026
#@# pial curv rh Fri Mar 13 06:19:30 CET 2026
#@# pial area rh Fri Mar 13 06:19:30 CET 2026
#@# thickness rh Fri Mar 13 06:19:30 CET 2026
#@# area and vertex vol rh Fri Mar 13 06:19:30 CET 2026
#@# Curvature Stats lh Fri Mar 13 06:19:30 CET 2026
#@# Curvature Stats rh Fri Mar 13 06:19:32 CET 2026
#@# Relabel Hypointensities Fri Mar 13 06:19:33 CET 2026
#@# APas-to-ASeg Fri Mar 13 06:19:43 CET 2026
#@# AParc-to-ASeg aparc Fri Mar 13 06:19:47 CET 2026
#@# AParc-to-ASeg aparc.a2009s Fri Mar 13 06:20:01 CET 2026
#@# AParc-to-ASeg aparc.DKTatlas Fri Mar 13 06:20:14 CET 2026
#@# WMParc Fri Mar 13 06:20:29 CET 2026
#@# ASeg Stats Fri Mar 13 06:22:19 CET 2026
recon-all -s sub-v2s4x29604_ses-1 finished without error at Fri Mar 13 06:22:37 CET 2026
