status file for recon-all
Fri Mar 13 06:00:59 CET 2026
#@# Tessellate rh Fri Mar 13 06:00:59 CET 2026
#@# Smooth1 rh Fri Mar 13 06:01:02 CET 2026
#@# Inflation1 rh Fri Mar 13 06:01:03 CET 2026
#@# QSphere rh Fri Mar 13 06:01:09 CET 2026
#@# Fix Topology rh Fri Mar 13 06:01:43 CET 2026
#@# Smooth2 rh Fri Mar 13 06:05:18 CET 2026
#@# Inflation2 rh Fri Mar 13 06:05:20 CET 2026
#@# Curv .H and .K rh Fri Mar 13 06:05:26 CET 2026
#@# Sphere rh Fri Mar 13 06:05:56 CET 2026
#@# Surf Reg rh Fri Mar 13 06:06:41 CET 2026
#@# Jacobian white rh Fri Mar 13 06:08:25 CET 2026
#@# AvgCurv rh Fri Mar 13 06:08:25 CET 2026
#@# Cortical Parc rh Fri Mar 13 06:08:26 CET 2026
#@# white curv rh Fri Mar 13 06:12:12 CET 2026
#@# white area rh Fri Mar 13 06:12:13 CET 2026
#@# pial curv rh Fri Mar 13 06:12:13 CET 2026
#@# pial area rh Fri Mar 13 06:12:14 CET 2026
#@# thickness rh Fri Mar 13 06:12:15 CET 2026
#@# area and vertex vol rh Fri Mar 13 06:12:29 CET 2026
#@# Curvature Stats rh Fri Mar 13 06:12:30 CET 2026
#@# Cortical Parc 2 rh Fri Mar 13 06:12:31 CET 2026
#@# Cortical Parc 3 rh Fri Mar 13 06:12:40 CET 2026
#@# WM/GM Contrast rh Fri Mar 13 06:12:46 CET 2026
recon-all -s sub-v2s4x29604_ses-1 finished without error at Fri Mar 13 06:12:47 CET 2026



#New# invocation of recon-all 



status file for recon-all
Fri Mar 13 06:17:32 CET 2026
#@# white curv rh Fri Mar 13 06:17:32 CET 2026
#@# white area rh Fri Mar 13 06:17:32 CET 2026
#@# pial curv rh Fri Mar 13 06:17:32 CET 2026
#@# pial area rh Fri Mar 13 06:17:32 CET 2026
#@# thickness rh Fri Mar 13 06:17:32 CET 2026
#@# area and vertex vol rh Fri Mar 13 06:17:32 CET 2026
#@# Parcellation Stats rh Fri Mar 13 06:17:32 CET 2026
#@# Parcellation Stats 2 rh Fri Mar 13 06:17:43 CET 2026
#@# Parcellation Stats 3 rh Fri Mar 13 06:17:48 CET 2026
#@# BA_exvivo Labels rh Fri Mar 13 06:17:53 CET 2026
recon-all -s sub-v2s4x29604_ses-1 finished without error at Fri Mar 13 06:19:26 CET 2026
