/out/sourcedata/freesurfer/sub-v2s4x29635_ses-1/mri
/opt/freesurfer/bin/talairach_avi
--i orig_nu.mgz --xfm transforms/talairach.auto.xfm
talairach_avi 7.3.2
Linux dna066 5.14.0-427.37.1.el9_4.x86_64 #1 SMP PREEMPT_DYNAMIC Fri Sep 13 12:41:50 EDT 2024 x86_64 x86_64 x86_64 GNU/Linux
Fri Mar 13 06:26:08 CET 2026
mri_convert orig_nu.mgz talsrcimg.img 
reading from orig_nu.mgz...
TR=0.00, TE=0.00, TI=0.00, flip angle=0.00
i_ras = (-1, -7.40329e-10, 0)
j_ras = (-9.31323e-10, -5.82077e-11, -1)
k_ras = (7.3851e-10, 1, -5.82077e-11)
writing to talsrcimg.img...
Analyze Output Matrix
-1.00000  -0.00000   0.00000   127.55924;
-0.00000  -0.00000   1.00000  -112.91948;
 0.00000  -1.00000  -0.00000   136.14566;
 0.00000   0.00000   0.00000   1.00000;
--------------------
INFO: set hdr.hist.orient to -1
mpr2mni305 talsrcimg
Fri Mar 13 06:26:09 CET 2026
/opt/freesurfer/bin/mpr2mni305 talsrcimg
mpr2mni305 7.3.2
target=711-2C_as_mni_average_305

---------------------------------------------------------------------
analyzeto4dfp talsrcimg -O0 -y
---------------------------------------------------------------------

freesurfer ifh2hdr.c
Fri Mar 13 06:26:09 2026
Writing: talsrcimg.4dfp.hdr
freesurfer analyzeto4dfp.c
Reading: talsrcimg.hdr
header size 348 bytes
hdr.dime.datatype	offset=70	value=2
hdr.dime.bitpix		offset=72	value=8
hdr.hist.orient		offset=252	value=-1
dimensionality     4
dimensions       256       256       256         1
Reading: talsrcimg.img
Writing: talsrcimg.4dfp.img
Writing: talsrcimg.4dfp.ifh
ifh2hdr talsrcimg -r0to255
ori=2

---------------------------------------------------------------------
gauss_4dfp talsrcimg 1.1
---------------------------------------------------------------------

freesurfer gauss_4dfp.c
Reading: talsrcimg.4dfp.img
Writing: talsrcimg_g11.4dfp.img
image dimensions 256 256 256 padded to 288 288 288
processing volume 1freesurfer ifh2hdr.c
Fri Mar 13 06:26:10 2026
Writing: talsrcimg_g11.4dfp.hdr

Writing: talsrcimg_g11.4dfp.ifh
including: talsrcimg.4dfp.img.rec in talsrcimg_g11.4dfp.img.rec

---------------------------------------------------------------------
imgreg_4dfp /opt/freesurfer/average/711-2C_as_mni_average_305 none talsrcimg_g11 none talsrcimg_to_711-2C_as_mni_average_305_t4 4355
---------------------------------------------------------------------

freesurfer imgreg_4dfp.c
/opt/freesurfer/average/711-2C_as_mni_average_305.4dfp.img
       256       256       256         1
  1.000000  1.000000  1.000000
orientation T byte_order littleendian
Reading image: /opt/freesurfer/average/711-2C_as_mni_average_305.4dfp.img
dimensions:      256       256       256
mmppix:       1.0000   -1.0000   -1.0000
center:     128.0000 -129.0000 -129.0000
talsrcimg_g11.4dfp.img
       256       256       256         1
  1.000000  1.000000  1.000000
orientation T byte_order littleendian
Reading image: talsrcimg_g11.4dfp.img
dimensions:      256       256       256
mmppix:       1.0000   -1.0000   -1.0000
center:     128.0000 -129.0000 -129.0000
t4_read: open error in t4_sub.f l:  41 t4_file(1:l)talsrcimg_to_711-2C_as_mni_average_305_t4 
t4_read: transform initialized to I4
rotation matrix determinant  1.000000
image alignment mode   4355 decimal     1103 hex
   -7.5000  -45.0000  -45.0000 6881.3481   12.4531
    0.0000  -45.0000  -45.0000 7227.7295   12.4413
    7.5000  -45.0000  -45.0000 6925.5073   12.4242
   -7.5000  -37.5000  -45.0000 7466.8672   12.2627
    0.0000  -37.5000  -45.0000 7837.2783   12.2508
    7.5000  -37.5000  -45.0000 7495.3472   12.2315
   -7.5000  -30.0000  -45.0000 8361.9102   12.1489
    0.0000  -30.0000  -45.0000 8777.8096   12.1350
    7.5000  -30.0000  -45.0000 8385.7285   12.1118
   -7.5000  -22.5000  -45.0000 9322.8389   12.1503
    0.0000  -22.5000  -45.0000 9772.0684   12.1354
    7.5000  -22.5000  -45.0000 9345.4951   12.1100
   -7.5000  -15.0000  -45.000010273.8018   12.1566
    0.0000  -15.0000  -45.000010768.8643   12.1431
    7.5000  -15.0000  -45.000010268.7578   12.1189
   -7.5000   -7.5000  -45.000011113.1230   12.1556
    0.0000   -7.5000  -45.000011645.4609   12.1437
    7.5000   -7.5000  -45.000011071.7256   12.1245
   -7.5000    0.0000  -45.000011840.4590   12.1508
    0.0000    0.0000  -45.000012416.6611   12.1399
    7.5000    0.0000  -45.000011786.1885   12.1237
   -7.5000    7.5000  -45.000011701.0225   12.1469
    0.0000    7.5000  -45.000012254.3311   12.1353
    7.5000    7.5000  -45.000011629.3320   12.1165
   -7.5000   15.0000  -45.000011488.7363   12.1454
    0.0000   15.0000  -45.000011998.8428   12.1314
    7.5000   15.0000  -45.000011399.4043   12.1083
   -7.5000   22.5000  -45.000011165.3828   12.1486
    0.0000   22.5000  -45.000011679.3955   12.1337
    7.5000   22.5000  -45.000011086.8594   12.1083
   -7.5000   30.0000  -45.000010658.9336   11.9946
    0.0000   30.0000  -45.000011163.2939   11.9813
    7.5000   30.0000  -45.000010563.7646   11.9574
   -7.5000   37.5000  -45.000010538.6582   11.9936
    0.0000   37.5000  -45.000011058.7070   11.9819
    7.5000   37.5000  -45.000010441.0479   11.9629
   -7.5000   45.0000  -45.0000 9769.9375   11.6844
    0.0000   45.0000  -45.000010275.3408   11.6740
    7.5000   45.0000  -45.0000 9703.2197   11.6584
   -7.5000  -45.0000  -37.5000 7271.5771   12.4295
    0.0000  -45.0000  -37.5000 7618.5078   12.4148
    7.5000  -45.0000  -37.5000 7284.6807   12.3974
   -7.5000  -37.5000  -37.5000 7914.9131   12.2308
    0.0000  -37.5000  -37.5000 8292.9551   12.2180
    7.5000  -37.5000  -37.5000 7914.4927   12.1996
   -7.5000  -30.0000  -37.5000 8899.8984   12.1060
    0.0000  -30.0000  -37.5000 9334.2109   12.0951
    7.5000  -30.0000  -37.5000 8902.2051   12.0750
   -7.5000  -22.5000  -37.5000 9939.4990   12.1035
    0.0000  -22.5000  -37.500010402.9189   12.0935
    7.5000  -22.5000  -37.5000 9935.6963   12.0723
   -7.5000  -15.0000  -37.500010936.1201   12.1164
    0.0000  -15.0000  -37.500011454.3838   12.1062
    7.5000  -15.0000  -37.500010911.3662   12.0854
   -7.5000   -7.5000  -37.500011832.0420   12.1271
    0.0000   -7.5000  -37.500012386.3828   12.1150
    7.5000   -7.5000  -37.500011782.0762   12.0968
   -7.5000    0.0000  -37.500012596.5107   12.1275
    0.0000    0.0000  -37.500013181.3213   12.1140
    7.5000    0.0000  -37.500012523.3145   12.0975
   -7.5000    7.5000  -37.500012446.8730   12.1158
    0.0000    7.5000  -37.500013002.7295   12.1032
    7.5000    7.5000  -37.500012340.6045   12.0853
   -7.5000   15.0000  -37.500012186.5674   12.1025
    0.0000   15.0000  -37.500012711.7793   12.0916
    7.5000   15.0000  -37.500012070.0137   12.0715
   -7.5000   22.5000  -37.500011817.3447   12.1018
    0.0000   22.5000  -37.500012331.7598   12.0918
    7.5000   22.5000  -37.500011726.7090   12.0707
   -7.5000   30.0000  -37.500011239.2744   11.9550
    0.0000   30.0000  -37.500011752.3047   11.9449
    7.5000   30.0000  -37.500011149.3301   11.9244
   -7.5000   37.5000  -37.500011107.0684   11.9655
    0.0000   37.5000  -37.500011657.0596   11.9536
    7.5000   37.5000  -37.500011022.5635   11.9356
   -7.5000   45.0000  -37.500010330.1807   11.6621
    0.0000   45.0000  -37.500010856.8545   11.6490
    7.5000   45.0000  -37.500010271.3750   11.6332
   -7.5000  -45.0000  -30.0000 7798.6714   12.9764
    0.0000  -45.0000  -30.0000 8145.8770   12.9591
    7.5000  -45.0000  -30.0000 7790.9238   12.9352
   -7.5000  -37.5000  -30.0000 8518.6221   12.7646
    0.0000  -37.5000  -30.0000 8897.7773   12.7501
    7.5000  -37.5000  -30.0000 8498.0918   12.7244
   -7.5000  -30.0000  -30.0000 9597.2031   12.6309
    0.0000  -30.0000  -30.000010055.2197   12.6230
    7.5000  -30.0000  -30.0000 9599.0820   12.5980
   -7.5000  -22.5000  -30.000010708.4248   12.6285
    0.0000  -22.5000  -30.000011212.6133   12.6256
    7.5000  -22.5000  -30.000010698.0332   12.6030
   -7.5000  -15.0000  -30.000011759.1445   12.6448
    0.0000  -15.0000  -30.000012308.0127   12.6416
    7.5000  -15.0000  -30.000011729.7021   12.6207
   -7.5000   -7.5000  -30.000012744.8125   12.6595
    0.0000   -7.5000  -30.000013339.1123   12.6496
    7.5000   -7.5000  -30.000012701.8467   12.6288
   -7.5000    0.0000  -30.000013548.7891   12.6606
    0.0000    0.0000  -30.000014191.1924   12.6447
    7.5000    0.0000  -30.000013488.7109   12.6220
   -7.5000    7.5000  -30.000013369.6895   12.6446
    0.0000    7.5000  -30.000013986.0625   12.6304
    7.5000    7.5000  -30.000013279.6992   12.6052
   -7.5000   15.0000  -30.000013086.0225   12.6273
    0.0000   15.0000  -30.000013682.3984   12.6194
    7.5000   15.0000  -30.000012966.2197   12.5944
   -7.5000   22.5000  -30.000012698.7012   12.6255
    0.0000   22.5000  -30.000013266.1143   12.6226
    7.5000   22.5000  -30.000012600.7285   12.6000
   -7.5000   30.0000  -30.000012052.2471   12.4775
    0.0000   30.0000  -30.000012614.1494   12.4743
    7.5000   30.0000  -30.000011968.7207   12.4537
   -7.5000   37.5000  -30.000011866.2764   12.4920
    0.0000   37.5000  -30.000012451.6240   12.4822
    7.5000   37.5000  -30.000011811.8076   12.4617
   -7.5000   45.0000  -30.000011057.5332   12.1836
    0.0000   45.0000  -30.000011583.4268   12.1683
    7.5000   45.0000  -30.000010989.7500   12.1465
   -7.5000  -45.0000  -22.5000 8342.1807   13.4325
    0.0000  -45.0000  -22.5000 8723.8662   13.4167
    7.5000  -45.0000  -22.5000 8316.7021   13.3871
   -7.5000  -37.5000  -22.5000 9123.9854   13.2196
    0.0000  -37.5000  -22.5000 9551.2217   13.2053
    7.5000  -37.5000  -22.5000 9101.1182   13.1715
   -7.5000  -30.0000  -22.500010289.9580   13.0921
    0.0000  -30.0000  -22.500010780.7920   13.0850
    7.5000  -30.0000  -22.500010284.5684   13.0516
   -7.5000  -22.5000  -22.500011476.6777   13.0948
    0.0000  -22.5000  -22.500011999.2139   13.0951
    7.5000  -22.5000  -22.500011442.8984   13.0667
   -7.5000  -15.0000  -22.500012598.1289   13.1069
    0.0000  -15.0000  -22.500013180.7812   13.1084
    7.5000  -15.0000  -22.500012535.1475   13.0842
   -7.5000   -7.5000  -22.500013630.7002   13.1114
    0.0000   -7.5000  -22.500014288.0020   13.1050
    7.5000   -7.5000  -22.500013568.2002   13.0812
   -7.5000    0.0000  -22.500014486.0908   13.1064
    0.0000    0.0000  -22.500015213.5732   13.0920
    7.5000    0.0000  -22.500014418.4248   13.0639
   -7.5000    7.5000  -22.500014284.2461   13.0953
    0.0000    7.5000  -22.500014985.0010   13.0813
    7.5000    7.5000  -22.500014167.9990   13.0482
   -7.5000   15.0000  -22.500014000.3115   13.0882
    0.0000   15.0000  -22.500014672.1162   13.0811
    7.5000   15.0000  -22.500013844.9111   13.0478
   -7.5000   22.5000  -22.500013603.5352   13.0907
    0.0000   22.5000  -22.500014236.8125   13.0910
    7.5000   22.5000  -22.500013455.3301   13.0627
   -7.5000   30.0000  -22.500012888.9561   12.9355
    0.0000   30.0000  -22.500013491.4570   12.9369
    7.5000   30.0000  -22.500012766.2607   12.9131
   -7.5000   37.5000  -22.500012624.7031   12.9399
    0.0000   37.5000  -22.500013228.5801   12.9336
    7.5000   37.5000  -22.500012545.8906   12.9101
   -7.5000   45.0000  -22.500011724.8066   12.6221
    0.0000   45.0000  -22.500012279.3447   12.6082
    7.5000   45.0000  -22.500011685.2842   12.5812
   -7.5000  -45.0000  -15.0000 8857.9893   13.7426
    0.0000  -45.0000  -15.0000 9253.4482   13.7288
    7.5000  -45.0000  -15.0000 8842.6260   13.6986
   -7.5000  -37.5000  -15.0000 9678.8105   13.5355
    0.0000  -37.5000  -15.000010134.0234   13.5211
    7.5000  -37.5000  -15.0000 9665.3525   13.4849
   -7.5000  -30.0000  -15.000010920.4932   13.4186
    0.0000  -30.0000  -15.000011445.2285   13.4077
    7.5000  -30.0000  -15.000010897.0195   13.3698
   -7.5000  -22.5000  -15.000012187.1191   13.4256
    0.0000  -22.5000  -15.000012768.5654   13.4212
    7.5000  -22.5000  -15.000012141.4414   13.3875
   -7.5000  -15.0000  -15.000013400.3730   13.4300
    0.0000  -15.0000  -15.000014028.8643   13.4287
    7.5000  -15.0000  -15.000013311.0371   13.4007
   -7.5000   -7.5000  -15.000014530.0234   13.4210
    0.0000   -7.5000  -15.000015230.2305   13.4148
    7.5000   -7.5000  -15.000014405.7305   13.3895
   -7.5000    0.0000  -15.000015434.9688   13.4101
    0.0000    0.0000  -15.000016197.7559   13.3975
    7.5000    0.0000  -15.000015289.0117   13.3691
   -7.5000    7.5000  -15.000015180.6484   13.4081
    0.0000    7.5000  -15.000015918.6328   13.3939
    7.5000    7.5000  -15.000015017.3232   13.3586
   -7.5000   15.0000  -15.000014865.1367   13.4146
    0.0000   15.0000  -15.000015560.9570   13.4036
    7.5000   15.0000  -15.000014679.8711   13.3659
   -7.5000   22.5000  -15.000014466.4922   13.4208
    0.0000   22.5000  -15.000015129.3525   13.4164
    7.5000   22.5000  -15.000014270.5674   13.3828
   -7.5000   30.0000  -15.000013691.0264   13.2562
    0.0000   30.0000  -15.000014329.5117   13.2549
    7.5000   30.0000  -15.000013532.8281   13.2273
   -7.5000   37.5000  -15.000013375.8525   13.2473
    0.0000   37.5000  -15.000013977.5361   13.2412
    7.5000   37.5000  -15.000013244.2344   13.2162
   -7.5000   45.0000  -15.000012415.7598   12.9224
    0.0000   45.0000  -15.000012998.5615   12.9103
    7.5000   45.0000  -15.000012348.4141   12.8828
   -7.5000  -45.0000   -7.5000 9406.0410   13.8780
    0.0000  -45.0000   -7.5000 9832.3652   13.8654
    7.5000  -45.0000   -7.5000 9385.7305   13.8407
   -7.5000  -37.5000   -7.500010283.2754   13.6727
    0.0000  -37.5000   -7.500010744.7900   13.6585
    7.5000  -37.5000   -7.500010246.0107   13.6288
   -7.5000  -30.0000   -7.500011563.5918   13.5561
    0.0000  -30.0000   -7.500012097.2178   13.5407
    7.5000  -30.0000   -7.500011503.8652   13.5070
   -7.5000  -22.5000   -7.500012883.3613   13.5616
    0.0000  -22.5000   -7.500013501.7998   13.5487
    7.5000  -22.5000   -7.500012801.8447   13.5154
   -7.5000  -15.0000   -7.500014185.6338   13.5637
    0.0000  -15.0000   -7.500014880.9619   13.5540
    7.5000  -15.0000   -7.500014050.1182   13.5249
   -7.5000   -7.5000   -7.500015455.4570   13.5529
    0.0000   -7.5000   -7.500016202.3525   13.5431
    7.5000   -7.5000   -7.500015226.9189   13.5193
   -7.5000    0.0000   -7.500016477.4336   13.5427
    0.0000    0.0000   -7.500017264.9668   13.5311
    7.5000    0.0000   -7.500016204.6973   13.5078
   -7.5000    7.5000   -7.500016171.2119   13.5439
    0.0000    7.5000   -7.500016895.4883   13.5300
    7.5000    7.5000   -7.500015910.1367   13.5010
   -7.5000   15.0000   -7.500015803.9648   13.5521
    0.0000   15.0000   -7.500016441.4590   13.5367
    7.5000   15.0000   -7.500015546.5518   13.5030
   -7.5000   22.5000   -7.500015393.8525   13.5553
    0.0000   22.5000   -7.500016002.3740   13.5424
    7.5000   22.5000   -7.500015126.2930   13.5092
   -7.5000   30.0000   -7.500014571.4551   13.3878
    0.0000   30.0000   -7.500015178.0215   13.3782
    7.5000   30.0000   -7.500014327.8750   13.3495
   -7.5000   37.5000   -7.500014222.3467   13.3771
    0.0000   37.5000   -7.500014844.5312   13.3675
    7.5000   37.5000   -7.500013995.0029   13.3440
   -7.5000   45.0000   -7.500013189.1084   13.0526
    0.0000   45.0000   -7.500013824.6348   13.0415
    7.5000   45.0000   -7.500013027.8447   13.0190
   -7.5000  -45.0000    0.0000 9831.2959   13.8932
    0.0000  -45.0000    0.000010291.1807   13.8802
    7.5000  -45.0000    0.0000 9805.4766   13.8615
   -7.5000  -37.5000    0.000010746.2148   13.6815
    0.0000  -37.5000    0.000011253.8516   13.6683
    7.5000  -37.5000    0.000010706.6299   13.6471
   -7.5000  -30.0000    0.000012100.4033   13.5546
    0.0000  -30.0000    0.000012681.4785   13.5391
    7.5000  -30.0000    0.000012030.3438   13.5135
   -7.5000  -22.5000    0.000013472.4150   13.5558
    0.0000  -22.5000    0.000014134.6328   13.5394
    7.5000  -22.5000    0.000013356.5029   13.5114
   -7.5000  -15.0000    0.000014797.0928   13.5628
    0.0000  -15.0000    0.000015528.9170   13.5480
    7.5000  -15.0000    0.000014635.1455   13.5214
   -7.5000   -7.5000    0.000016142.2441   13.5620
    0.0000   -7.5000    0.000016940.1680   13.5489
    7.5000   -7.5000    0.000015871.2451   13.5279
   -7.5000    0.0000    0.000017447.9551   13.5570
    0.0000    0.0000    0.000018315.9863   13.5450
    7.5000    0.0000    0.000017025.5312   13.5273
   -7.5000    7.5000    0.000017399.5723   13.5526
    0.0000    7.5000    0.000018188.0762   13.5398
    7.5000    7.5000    0.000016940.0898   13.5191
   -7.5000   15.0000    0.000016958.1699   13.5507
    0.0000   15.0000    0.000017594.6758   13.5352
    7.5000   15.0000    0.000016551.4082   13.5096
   -7.5000   22.5000    0.000016437.2285   13.5495
    0.0000   22.5000    0.000017053.0234   13.5331
    7.5000   22.5000    0.000016005.9844   13.5051
   -7.5000   30.0000    0.000015479.6758   13.3873
    0.0000   30.0000    0.000016134.4229   13.3727
    7.5000   30.0000    0.000015051.2959   13.3464
   -7.5000   37.5000    0.000014989.5020   13.3865
    0.0000   37.5000    0.000015713.1699   13.3736
    7.5000   37.5000    0.000014620.2334   13.3528
   -7.5000   45.0000    0.000013817.8818   13.0673
    0.0000   45.0000    0.000014529.5576   13.0558
    7.5000   45.0000    0.000013540.7842   13.0387
   -7.5000  -45.0000    7.5000 9508.7559   13.9088
    0.0000  -45.0000    7.5000 9948.6533   13.8923
    7.5000  -45.0000    7.5000 9460.1357   13.8729
   -7.5000  -37.5000    7.500010411.5674   13.6865
    0.0000  -37.5000    7.500010876.8916   13.6721
    7.5000  -37.5000    7.500010344.2344   13.6515
   -7.5000  -30.0000    7.500011723.8584   13.5469
    0.0000  -30.0000    7.500012228.0039   13.5346
    7.5000  -30.0000    7.500011610.3223   13.5121
   -7.5000  -22.5000    7.500013045.9805   13.5440
    0.0000  -22.5000    7.500013610.9111   13.5328
    7.5000  -22.5000    7.500012884.7949   13.5092
   -7.5000  -15.0000    7.500014351.7852   13.5585
    0.0000  -15.0000    7.500014969.8486   13.5471
    7.5000  -15.0000    7.500014124.4561   13.5238
   -7.5000   -7.5000    7.500015647.2393   13.5704
    0.0000   -7.5000    7.500016393.4844   13.5569
    7.5000   -7.5000    7.500015326.5508   13.5365
   -7.5000    0.0000    7.500016940.1035   13.5709
    0.0000    0.0000    7.500017965.4688   13.5557
    7.5000    0.0000    7.500016510.0859   13.5373
   -7.5000    7.5000    7.500016974.6523   13.5578
    0.0000    7.5000    7.500018043.6406   13.5437
    7.5000    7.5000    7.500016490.0820   13.5236
   -7.5000   15.0000    7.500016561.1230   13.5430
    0.0000   15.0000    7.500017518.5586   13.5307
    7.5000   15.0000    7.500016085.9844   13.5082
   -7.5000   22.5000    7.500016052.6621   13.5378
    0.0000   22.5000    7.500016874.3320   13.5266
    7.5000   22.5000    7.500015515.7539   13.5029
   -7.5000   30.0000    7.500015094.5205   13.3830
    0.0000   30.0000    7.500015802.4990   13.3718
    7.5000   30.0000    7.500014578.3135   13.3488
   -7.5000   37.5000    7.500014490.4336   13.3948
    0.0000   37.5000    7.500015186.0654   13.3815
    7.5000   37.5000    7.500014086.3848   13.3613
   -7.5000   45.0000    7.500013311.7109   13.0808
    0.0000   45.0000    7.500013936.2129   13.0662
    7.5000   45.0000    7.500013012.7119   13.0484
   -7.5000  -45.0000   15.0000 9061.7998   13.9345
    0.0000  -45.0000   15.0000 9468.0986   13.9160
    7.5000  -45.0000   15.0000 8986.1855   13.8903
   -7.5000  -37.5000   15.0000 9936.8428   13.7071
    0.0000  -37.5000   15.000010374.5283   13.6915
    7.5000  -37.5000   15.0000 9839.9541   13.6639
   -7.5000  -30.0000   15.000011184.7305   13.5636
    0.0000  -30.0000   15.000011695.6631   13.5551
    7.5000  -30.0000   15.000011077.0078   13.5282
   -7.5000  -22.5000   15.000012480.7295   13.5609
    0.0000  -22.5000   15.000013052.7480   13.5578
    7.5000  -22.5000   15.000012325.2637   13.5336
   -7.5000  -15.0000   15.000013726.9717   13.5785
    0.0000  -15.0000   15.000014369.7910   13.5750
    7.5000  -15.0000   15.000013543.2852   13.5526
   -7.5000   -7.5000   15.000014914.5293   13.5943
    0.0000   -7.5000   15.000015667.4580   13.5836
    7.5000   -7.5000   15.000014689.8398   13.5613
   -7.5000    0.0000   15.000016017.4355   13.5954
    0.0000    0.0000   15.000016917.0312   13.5783
    7.5000    0.0000   15.000015743.9121   13.5540
   -7.5000    7.5000   15.000015885.9434   13.5783
    0.0000    7.5000   15.000016743.3027   13.5630
    7.5000    7.5000   15.000015610.4385   13.5360
   -7.5000   15.0000   15.000015549.9355   13.5596
    0.0000   15.0000   15.000016345.2568   13.5511
    7.5000   15.0000   15.000015229.2695   13.5243
   -7.5000   22.5000   15.000015214.4834   13.5547
    0.0000   22.5000   15.000015922.9238   13.5516
    7.5000   22.5000   15.000014773.2881   13.5273
   -7.5000   30.0000   15.000014358.1982   13.4027
    0.0000   30.0000   15.000014970.9805   13.3993
    7.5000   30.0000   15.000013922.3984   13.3772
   -7.5000   37.5000   15.000013787.8574   13.4183
    0.0000   37.5000   15.000014366.2061   13.4078
    7.5000   37.5000   15.000013419.2217   13.3858
   -7.5000   45.0000   15.000012676.2295   13.1044
    0.0000   45.0000   15.000013217.6162   13.0880
    7.5000   45.0000   15.000012372.9834   13.0645
   -7.5000  -45.0000   22.5000 8477.7627   13.9690
    0.0000  -45.0000   22.5000 8890.6006   13.9526
    7.5000  -45.0000   22.5000 8407.8701   13.9219
   -7.5000  -37.5000   22.5000 9341.1738   13.7471
    0.0000  -37.5000   22.5000 9801.7100   13.7323
    7.5000  -37.5000   22.5000 9249.6191   13.6973
   -7.5000  -30.0000   22.500010538.7969   13.6143
    0.0000  -30.0000   22.500011037.8916   13.6069
    7.5000  -30.0000   22.500010435.5645   13.5724
   -7.5000  -22.5000   22.500011718.6367   13.6171
    0.0000  -22.5000   22.500012260.4395   13.6174
    7.5000  -22.5000   22.500011603.4004   13.5881
   -7.5000  -15.0000   22.500012837.7109   13.6297
    0.0000  -15.0000   22.500013422.1123   13.6313
    7.5000  -15.0000   22.500012706.7939   13.6063
   -7.5000   -7.5000   22.500013914.2197   13.6344
    0.0000   -7.5000   22.500014571.9111   13.6278
    7.5000   -7.5000   22.500013744.5820   13.6032
   -7.5000    0.0000   22.500014921.1885   13.6293
    0.0000    0.0000   22.500015624.6982   13.6143
    7.5000    0.0000   22.500014719.5889   13.5852
   -7.5000    7.5000   22.500014748.2119   13.6177
    0.0000    7.5000   22.500015402.4600   13.6031
    7.5000    7.5000   22.500014570.6328   13.5688
   -7.5000   15.0000   22.500014420.6895   13.6102
    0.0000   15.0000   22.500015040.8604   13.6029
    7.5000   15.0000   22.500014221.4795   13.5684
   -7.5000   22.5000   22.500014103.0645   13.6108
    0.0000   22.5000   22.500014695.3701   13.6111
    7.5000   22.5000   22.500013842.4355   13.5818
   -7.5000   30.0000   22.500013396.7051   13.4533
    0.0000   30.0000   22.500013918.2822   13.4549
    7.5000   30.0000   22.500013106.9707   13.4303
   -7.5000   37.5000   22.500012907.1074   13.4580
    0.0000   37.5000   22.500013401.9688   13.4515
    7.5000   37.5000   22.500012624.1523   13.4271
   -7.5000   45.0000   22.500011901.7510   13.1370
    0.0000   45.0000   22.500012365.3271   13.1226
    7.5000   45.0000   22.500011650.9395   13.0946
   -7.5000  -45.0000   30.0000 7849.0522   14.1024
    0.0000  -45.0000   30.0000 8245.2207   14.0882
    7.5000  -45.0000   30.0000 7757.1167   14.0567
   -7.5000  -37.5000   30.0000 8654.0361   13.8880
    0.0000  -37.5000   30.0000 9074.2305   13.8730
    7.5000  -37.5000   30.0000 8568.8955   13.8352
   -7.5000  -30.0000   30.0000 9739.0947   13.7670
    0.0000  -30.0000   30.000010186.3730   13.7555
    7.5000  -30.0000   30.0000 9671.0479   13.7160
   -7.5000  -22.5000   30.000010823.0830   13.7739
    0.0000  -22.5000   30.000011316.2256   13.7693
    7.5000  -22.5000   30.000010760.2959   13.7342
   -7.5000  -15.0000   30.000011848.4404   13.7778
    0.0000  -15.0000   30.000012383.2129   13.7767
    7.5000  -15.0000   30.000011775.6660   13.7476
   -7.5000   -7.5000   30.000012849.4668   13.7682
    0.0000   -7.5000   30.000013409.6572   13.7620
    7.5000   -7.5000   30.000012749.0439   13.7357
   -7.5000    0.0000   30.000013768.2051   13.7571
    0.0000    0.0000   30.000014347.2979   13.7442
    7.5000    0.0000   30.000013622.3320   13.7145
   -7.5000    7.5000   30.000013574.4629   13.7557
    0.0000    7.5000   30.000014115.5117   13.7409
    7.5000    7.5000   30.000013418.4688   13.7040
   -7.5000   15.0000   30.000013265.6162   13.7628
    0.0000   15.0000   30.000013784.1309   13.7513
    7.5000   15.0000   30.000013114.8789   13.7118
   -7.5000   22.5000   30.000012953.3730   13.7675
    0.0000   22.5000   30.000013485.6982   13.7630
    7.5000   22.5000   30.000012800.3867   13.7278
   -7.5000   30.0000   30.000012363.9238   13.5995
    0.0000   30.0000   30.000012828.3281   13.5984
    7.5000   30.0000   30.000012157.6758   13.5697
   -7.5000   37.5000   30.000011943.5254   13.5900
    0.0000   37.5000   30.000012402.6719   13.5839
    7.5000   37.5000   30.000011729.5303   13.5580
   -7.5000   45.0000   30.000011011.3516   13.2603
    0.0000   45.0000   30.000011472.5576   13.2478
    7.5000   45.0000   30.000010817.8838   13.2192
   -7.5000  -45.0000   37.5000 7504.1543   14.3441
    0.0000  -45.0000   37.5000 7847.8394   14.3304
    7.5000  -45.0000   37.5000 7433.6440   14.3040
   -7.5000  -37.5000   37.5000 8254.0244   14.1266
    0.0000  -37.5000   37.5000 8637.4893   14.1110
    7.5000  -37.5000   37.5000 8211.3613   14.0793
   -7.5000  -30.0000   37.5000 9294.9932   14.0020
    0.0000  -30.0000   37.5000 9700.1016   13.9852
    7.5000  -30.0000   37.5000 9261.0879   13.9498
   -7.5000  -22.5000   37.500010347.1826   14.0063
    0.0000  -22.5000   37.500010802.8896   13.9922
    7.5000  -22.5000   37.500010304.5908   13.9579
   -7.5000  -15.0000   37.500011327.3184   14.0072
    0.0000  -15.0000   37.500011809.8086   13.9968
    7.5000  -15.0000   37.500011280.4004   13.9669
   -7.5000   -7.5000   37.500012272.5576   13.9962
    0.0000   -7.5000   37.500012787.0713   13.9858
    7.5000   -7.5000   37.500012210.6240   13.9608
   -7.5000    0.0000   37.500013133.4443   13.9869
    0.0000    0.0000   37.500013662.6162   13.9744
    7.5000    0.0000   37.500013033.0068   13.9495
   -7.5000    7.5000   37.500012932.5049   13.9894
    0.0000    7.5000   37.500013431.3799   13.9741
    7.5000    7.5000   37.500012816.7314   13.9432
   -7.5000   15.0000   37.500012617.5459   13.9978
    0.0000   15.0000   37.500013102.8525   13.9810
    7.5000   15.0000   37.500012508.5391   13.9455
   -7.5000   22.5000   37.500012323.1787   13.9998
    0.0000   22.5000   37.500012808.3066   13.9858
    7.5000   22.5000   37.500012195.9814   13.9514
   -7.5000   30.0000   37.500011794.1650   13.8259
    0.0000   30.0000   37.500012249.8389   13.8157
    7.5000   30.0000   37.500011641.6318   13.7861
   -7.5000   37.5000   37.500011433.7266   13.8151
    0.0000   37.5000   37.500011883.5674   13.8048
    7.5000   37.5000   37.500011264.0332   13.7801
   -7.5000   45.0000   37.500010552.2012   13.4818
    0.0000   45.0000   37.500010999.4980   13.4697
    7.5000   45.0000   37.500010395.3604   13.4457
   -7.5000  -45.0000   45.0000 6888.5815   14.6905
    0.0000  -45.0000   45.0000 7204.3916   14.6767
    7.5000  -45.0000   45.0000 6847.4922   14.6584
   -7.5000  -37.5000   45.0000 7556.7183   14.4522
    0.0000  -37.5000   45.0000 7915.1055   14.4372
    7.5000  -37.5000   45.0000 7555.0352   14.4147
   -7.5000  -30.0000   45.0000 8526.8887   14.3110
    0.0000  -30.0000   45.0000 8902.1641   14.2933
    7.5000  -30.0000   45.0000 8515.1338   14.2656
   -7.5000  -22.5000   45.0000 9503.8076   14.3141
    0.0000  -22.5000   45.0000 9916.7568   14.2962
    7.5000  -22.5000   45.0000 9472.2334   14.2667
   -7.5000  -15.0000   45.000010399.2832   14.3221
    0.0000  -15.0000   45.000010833.9756   14.3070
    7.5000  -15.0000   45.000010366.5225   14.2802
   -7.5000   -7.5000   45.000011234.6445   14.3196
    0.0000   -7.5000   45.000011709.5889   14.3066
    7.5000   -7.5000   45.000011209.8379   14.2865
   -7.5000    0.0000   45.000011994.2598   14.3126
    0.0000    0.0000   45.000012483.3164   14.3000
    7.5000    0.0000   45.000011930.4844   14.2827
   -7.5000    7.5000   45.000011798.8564   14.3075
    0.0000    7.5000   45.000012291.2793   14.2930
    7.5000    7.5000   45.000011745.1299   14.2710
   -7.5000   15.0000   45.000011511.9385   14.3066
    0.0000   15.0000   45.000011991.4346   14.2889
    7.5000   15.0000   45.000011468.6650   14.2612
   -7.5000   22.5000   45.000011216.8975   14.3074
    0.0000   22.5000   45.000011684.3477   14.2895
    7.5000   22.5000   45.000011152.2061   14.2600
   -7.5000   30.0000   45.000010774.6572   14.1355
    0.0000   30.0000   45.000011210.4990   14.1206
    7.5000   30.0000   45.000010668.8281   14.0942
   -7.5000   37.5000   45.000010496.8184   14.1331
    0.0000   37.5000   45.000010915.5254   14.1202
    7.5000   37.5000   45.000010341.7930   14.1004
   -7.5000   45.0000   45.0000 9679.7324   13.8019
    0.0000   45.0000   45.000010104.6807   13.7898
    7.5000   45.0000   45.0000 9547.0332   13.7731

---------------------------------------------------------------------
imgreg_4dfp /opt/freesurfer/average/711-2C_as_mni_average_305 /opt/freesurfer/average/711-2B_as_mni_average_305_mask talsrcimg_g11 none talsrcimg_to_711-2C_as_mni_average_305_t4 4355
---------------------------------------------------------------------

freesurfer imgreg_4dfp.c
/opt/freesurfer/average/711-2C_as_mni_average_305.4dfp.img
       256       256       256         1
  1.000000  1.000000  1.000000
orientation T byte_order littleendian
Reading image: /opt/freesurfer/average/711-2C_as_mni_average_305.4dfp.img
dimensions:      256       256       256
mmppix:       1.0000   -1.0000   -1.0000
center:     128.0000 -129.0000 -129.0000
/opt/freesurfer/average/711-2B_as_mni_average_305_mask.4dfp.img
       256       256       256         1
  1.000000  1.000000  1.000000
orientation T byte_order littleendian
Reading mask: /opt/freesurfer/average/711-2B_as_mni_average_305_mask.4dfp.img (2306576 pixels)
talsrcimg_g11.4dfp.img
       256       256       256         1
  1.000000  1.000000  1.000000
orientation T byte_order littleendian
Reading image: talsrcimg_g11.4dfp.img
dimensions:      256       256       256
mmppix:       1.0000   -1.0000   -1.0000
center:     128.0000 -129.0000 -129.0000
rotation matrix determinant  1.000000
image alignment mode   4355 decimal     1103 hex
   -7.5000  -45.0000  -45.0000 1941.5702   17.6544
    0.0000  -45.0000  -45.0000 1953.1917   17.7363
    7.5000  -45.0000  -45.0000 1945.1295   17.7220
   -7.5000  -37.5000  -45.0000 2060.9453   15.8062
    0.0000  -37.5000  -45.0000 2072.6719   15.8222
    7.5000  -37.5000  -45.0000 2061.8760   15.8109
   -7.5000  -30.0000  -45.0000 2164.3757   14.2235
    0.0000  -30.0000  -45.0000 2177.3193   14.2364
    7.5000  -30.0000  -45.0000 2167.9097   14.2203
   -7.5000  -22.5000  -45.0000 2267.7764   12.9645
    0.0000  -22.5000  -45.0000 2276.8386   12.9830
    7.5000  -22.5000  -45.0000 2269.0994   12.9843
   -7.5000  -15.0000  -45.0000 2344.0049   12.1049
    0.0000  -15.0000  -45.0000 2353.6819   12.1064
    7.5000  -15.0000  -45.0000 2338.7788   12.1267
   -7.5000   -7.5000  -45.0000 2387.5374   11.5427
    0.0000   -7.5000  -45.0000 2401.2969   11.5150
    7.5000   -7.5000  -45.0000 2379.6758   11.5643
   -7.5000    0.0000  -45.0000 2408.2834   11.2239
    0.0000    0.0000  -45.0000 2426.1387   11.1652
    7.5000    0.0000  -45.0000 2400.9231   11.2390
   -7.5000    7.5000  -45.0000 2415.3035   11.0638
    0.0000    7.5000  -45.0000 2434.5208   10.9947
    7.5000    7.5000  -45.0000 2413.2920   11.0601
   -7.5000   15.0000  -45.0000 2410.3506   11.1116
    0.0000   15.0000  -45.0000 2429.5479   11.0072
    7.5000   15.0000  -45.0000 2410.1418   11.0754
   -7.5000   22.5000  -45.0000 2394.0188   11.3399
    0.0000   22.5000  -45.0000 2415.6133   11.2669
    7.5000   22.5000  -45.0000 2394.9011   11.3139
   -7.5000   30.0000  -45.0000 2358.7483   11.8162
    0.0000   30.0000  -45.0000 2379.4768   11.7477
    7.5000   30.0000  -45.0000 2355.4915   11.8113
   -7.5000   37.5000  -45.0000 2306.1555   12.4850
    0.0000   37.5000  -45.0000 2324.1716   12.4235
    7.5000   37.5000  -45.0000 2300.2576   12.5076
   -7.5000   45.0000  -45.0000 2231.5259   13.3925
    0.0000   45.0000  -45.0000 2249.1619   13.3434
    7.5000   45.0000  -45.0000 2225.5974   13.4192
   -7.5000  -45.0000  -37.5000 1992.6329   16.7345
    0.0000  -45.0000  -37.5000 2001.4586   16.7170
    7.5000  -45.0000  -37.5000 1993.6545   16.6976
   -7.5000  -37.5000  -37.5000 2120.1956   14.9036
    0.0000  -37.5000  -37.5000 2132.5532   14.8857
    7.5000  -37.5000  -37.5000 2121.2874   14.8589
   -7.5000  -30.0000  -37.5000 2241.3459   13.3726
    0.0000  -30.0000  -37.5000 2254.9744   13.3760
    7.5000  -30.0000  -37.5000 2243.7856   13.3552
   -7.5000  -22.5000  -37.5000 2350.8118   12.1702
    0.0000  -22.5000  -37.5000 2364.1877   12.1638
    7.5000  -22.5000  -37.5000 2353.5833   12.1801
   -7.5000  -15.0000  -37.5000 2433.4111   11.2932
    0.0000  -15.0000  -37.5000 2448.7917   11.2645
    7.5000  -15.0000  -37.5000 2430.6531   11.3114
   -7.5000   -7.5000  -37.5000 2486.2905   10.7400
    0.0000   -7.5000  -37.5000 2499.7139   10.7024
    7.5000   -7.5000  -37.5000 2476.0671   10.7701
   -7.5000    0.0000  -37.5000 2509.3538   10.4258
    0.0000    0.0000  -37.5000 2521.0852   10.3536
    7.5000    0.0000  -37.5000 2502.3472   10.4472
   -7.5000    7.5000  -37.5000 2527.3545   10.2597
    0.0000    7.5000  -37.5000 2539.0710   10.1602
    7.5000    7.5000  -37.5000 2519.4995   10.2511
   -7.5000   15.0000  -37.5000 2519.5420   10.2986
    0.0000   15.0000  -37.5000 2532.2478   10.2003
    7.5000   15.0000  -37.5000 2515.3372   10.2929
   -7.5000   22.5000  -37.5000 2498.3979   10.4957
    0.0000   22.5000  -37.5000 2518.3154   10.4282
    7.5000   22.5000  -37.5000 2496.4785   10.5211
   -7.5000   30.0000  -37.5000 2460.1514   10.9333
    0.0000   30.0000  -37.5000 2481.1704   10.8529
    7.5000   30.0000  -37.5000 2458.0740   10.9550
   -7.5000   37.5000  -37.5000 2407.6331   11.5531
    0.0000   37.5000  -37.5000 2429.6841   11.4929
    7.5000   37.5000  -37.5000 2403.5894   11.5812
   -7.5000   45.0000  -37.5000 2329.1821   12.3887
    0.0000   45.0000  -37.5000 2350.4392   12.3516
    7.5000   45.0000  -37.5000 2324.8943   12.4591
   -7.5000  -45.0000  -30.0000 2076.6326   16.4347
    0.0000  -45.0000  -30.0000 2084.5466   16.4245
    7.5000  -45.0000  -30.0000 2078.8657   16.4488
   -7.5000  -37.5000  -30.0000 2218.2351   14.6090
    0.0000  -37.5000  -30.0000 2228.9741   14.5567
    7.5000  -37.5000  -30.0000 2220.8152   14.5697
   -7.5000  -30.0000  -30.0000 2348.4805   13.0979
    0.0000  -30.0000  -30.0000 2364.9929   13.0448
    7.5000  -30.0000  -30.0000 2352.4021   13.0753
   -7.5000  -22.5000  -30.0000 2462.6440   11.8743
    0.0000  -22.5000  -30.0000 2481.3943   11.8181
    7.5000  -22.5000  -30.0000 2467.0635   11.8736
   -7.5000  -15.0000  -30.0000 2548.2478   10.9697
    0.0000  -15.0000  -30.0000 2566.6072   10.9285
    7.5000  -15.0000  -30.0000 2549.5601   10.9966
   -7.5000   -7.5000  -30.0000 2614.5771   10.3873
    0.0000   -7.5000  -30.0000 2626.5635   10.3286
    7.5000   -7.5000  -30.0000 2610.3545   10.4093
   -7.5000    0.0000  -30.0000 2650.2402   10.0101
    0.0000    0.0000  -30.0000 2660.5103    9.9320
    7.5000    0.0000  -30.0000 2647.5229   10.0318
   -7.5000    7.5000  -30.0000 2677.4246    9.8225
    0.0000    7.5000  -30.0000 2684.4680    9.7268
    7.5000    7.5000  -30.0000 2670.8267    9.8311
   -7.5000   15.0000  -30.0000 2670.5969    9.8587
    0.0000   15.0000  -30.0000 2682.8364    9.7803
    7.5000   15.0000  -30.0000 2666.0732    9.8893
   -7.5000   22.5000  -30.0000 2650.8408   10.0754
    0.0000   22.5000  -30.0000 2670.4956   10.0012
    7.5000   22.5000  -30.0000 2649.2734   10.1169
   -7.5000   30.0000  -30.0000 2612.5474   10.5184
    0.0000   30.0000  -30.0000 2634.1650   10.4244
    7.5000   30.0000  -30.0000 2609.5715   10.5562
   -7.5000   37.5000  -30.0000 2554.6687   11.1327
    0.0000   37.5000  -30.0000 2579.4531   11.0602
    7.5000   37.5000  -30.0000 2550.9639   11.1818
   -7.5000   45.0000  -30.0000 2471.0769   11.9349
    0.0000   45.0000  -30.0000 2491.5032   11.8732
    7.5000   45.0000  -30.0000 2467.3047   11.9789
   -7.5000  -45.0000  -22.5000 2137.7507   16.0493
    0.0000  -45.0000  -22.5000 2150.8208   16.0199
    7.5000  -45.0000  -22.5000 2138.5442   16.0621
   -7.5000  -37.5000  -22.5000 2283.5730   14.2001
    0.0000  -37.5000  -22.5000 2297.9912   14.1489
    7.5000  -37.5000  -22.5000 2285.3228   14.1591
   -7.5000  -30.0000  -22.5000 2420.3875   12.7242
    0.0000  -30.0000  -22.5000 2439.3074   12.6499
    7.5000  -30.0000  -22.5000 2424.2319   12.6908
   -7.5000  -22.5000  -22.5000 2537.0532   11.5247
    0.0000  -22.5000  -22.5000 2553.3596   11.4476
    7.5000  -22.5000  -22.5000 2538.4031   11.5159
   -7.5000  -15.0000  -22.5000 2627.1248   10.6132
    0.0000  -15.0000  -22.5000 2645.0811   10.5163
    7.5000  -15.0000  -22.5000 2629.6902   10.6121
   -7.5000   -7.5000  -22.5000 2701.9695    9.9639
    0.0000   -7.5000  -22.5000 2719.3818    9.8817
    7.5000   -7.5000  -22.5000 2701.2664    9.9708
   -7.5000    0.0000  -22.5000 2753.2581    9.5194
    0.0000    0.0000  -22.5000 2768.8892    9.4389
    7.5000    0.0000  -22.5000 2751.6685    9.5294
   -7.5000    7.5000  -22.5000 2789.2761    9.2953
    0.0000    7.5000  -22.5000 2806.5581    9.2112
    7.5000    7.5000  -22.5000 2783.7410    9.3122
   -7.5000   15.0000  -22.5000 2793.5894    9.3530
    0.0000   15.0000  -22.5000 2809.9258    9.2792
    7.5000   15.0000  -22.5000 2785.6116    9.3872
   -7.5000   22.5000  -22.5000 2778.5945    9.6203
    0.0000   22.5000  -22.5000 2799.7505    9.5231
    7.5000   22.5000  -22.5000 2773.7705    9.6504
   -7.5000   30.0000  -22.5000 2741.2190   10.0498
    0.0000   30.0000  -22.5000 2761.7532    9.9464
    7.5000   30.0000  -22.5000 2734.1853   10.0783
   -7.5000   37.5000  -22.5000 2677.5112   10.6414
    0.0000   37.5000  -22.5000 2693.8228   10.5481
    7.5000   37.5000  -22.5000 2667.4553   10.6727
   -7.5000   45.0000  -22.5000 2582.4988   11.4105
    0.0000   45.0000  -22.5000 2599.1985   11.3355
    7.5000   45.0000  -22.5000 2574.2959   11.4408
   -7.5000  -45.0000  -15.0000 2165.8999   15.6845
    0.0000  -45.0000  -15.0000 2178.2803   15.5463
    7.5000  -45.0000  -15.0000 2167.8882   15.6282
   -7.5000  -37.5000  -15.0000 2312.5317   13.8129
    0.0000  -37.5000  -15.0000 2331.1680   13.7041
    7.5000  -37.5000  -15.0000 2317.8013   13.7510
   -7.5000  -30.0000  -15.0000 2450.0049   12.3496
    0.0000  -30.0000  -15.0000 2470.6755   12.2395
    7.5000  -30.0000  -15.0000 2455.5505   12.2730
   -7.5000  -22.5000  -15.0000 2564.7307   11.1702
    0.0000  -22.5000  -15.0000 2585.9907   11.0744
    7.5000  -22.5000  -15.0000 2572.8477   11.1170
   -7.5000  -15.0000  -15.0000 2665.9700   10.2634
    0.0000  -15.0000  -15.0000 2688.0730   10.1611
    7.5000  -15.0000  -15.0000 2674.4573   10.2191
   -7.5000   -7.5000  -15.0000 2753.9675    9.5595
    0.0000   -7.5000  -15.0000 2776.9192    9.4650
    7.5000   -7.5000  -15.0000 2757.7114    9.5392
   -7.5000    0.0000  -15.0000 2820.6550    9.0703
    0.0000    0.0000  -15.0000 2840.1946    8.9835
    7.5000    0.0000  -15.0000 2816.3926    9.0732
   -7.5000    7.5000  -15.0000 2865.0344    8.8195
    0.0000    7.5000  -15.0000 2887.0481    8.7232
    7.5000    7.5000  -15.0000 2856.8174    8.8385
   -7.5000   15.0000  -15.0000 2881.4312    8.8504
    0.0000   15.0000  -15.0000 2894.6104    8.7556
    7.5000   15.0000  -15.0000 2867.3989    8.8787
   -7.5000   22.5000  -15.0000 2871.9963    9.1671
    0.0000   22.5000  -15.0000 2889.9905    9.0435
    7.5000   22.5000  -15.0000 2858.7112    9.1753
   -7.5000   30.0000  -15.0000 2826.0627    9.6086
    0.0000   30.0000  -15.0000 2848.1221    9.4895
    7.5000   30.0000  -15.0000 2818.8896    9.6267
   -7.5000   37.5000  -15.0000 2760.3279   10.1598
    0.0000   37.5000  -15.0000 2775.2932   10.0608
    7.5000   37.5000  -15.0000 2746.5999   10.2285
   -7.5000   45.0000  -15.0000 2655.5388   10.9204
    0.0000   45.0000  -15.0000 2674.3779   10.8173
    7.5000   45.0000  -15.0000 2645.9407   10.9815
   -7.5000  -45.0000   -7.5000 2178.6060   15.4131
    0.0000  -45.0000   -7.5000 2198.5642   15.2421
    7.5000  -45.0000   -7.5000 2183.7859   15.3254
   -7.5000  -37.5000   -7.5000 2325.8169   13.5540
    0.0000  -37.5000   -7.5000 2344.8308   13.3548
    7.5000  -37.5000   -7.5000 2331.5706   13.4464
   -7.5000  -30.0000   -7.5000 2456.9287   12.0603
    0.0000  -30.0000   -7.5000 2474.9348   11.8852
    7.5000  -30.0000   -7.5000 2463.8176   11.9404
   -7.5000  -22.5000   -7.5000 2572.3713   10.8679
    0.0000  -22.5000   -7.5000 2592.9751   10.7352
    7.5000  -22.5000   -7.5000 2584.6782   10.7629
   -7.5000  -15.0000   -7.5000 2680.4961    9.9439
    0.0000  -15.0000   -7.5000 2703.0518    9.8188
    7.5000  -15.0000   -7.5000 2691.9707    9.8536
   -7.5000   -7.5000   -7.5000 2785.4514    9.2512
    0.0000   -7.5000   -7.5000 2809.1379    9.1275
    7.5000   -7.5000   -7.5000 2786.5652    9.1656
   -7.5000    0.0000   -7.5000 2863.3230    8.7395
    0.0000    0.0000   -7.5000 2887.0505    8.6156
    7.5000    0.0000   -7.5000 2861.9729    8.6870
   -7.5000    7.5000   -7.5000 2921.3171    8.4869
    0.0000    7.5000   -7.5000 2940.3088    8.3398
    7.5000    7.5000   -7.5000 2908.0698    8.4678
   -7.5000   15.0000   -7.5000 2952.2961    8.4722
    0.0000   15.0000   -7.5000 2963.5276    8.3148
    7.5000   15.0000   -7.5000 2926.7959    8.5046
   -7.5000   22.5000   -7.5000 2944.4026    8.8116
    0.0000   22.5000   -7.5000 2953.9531    8.6474
    7.5000   22.5000   -7.5000 2922.3391    8.8256
   -7.5000   30.0000   -7.5000 2890.7483    9.2267
    0.0000   30.0000   -7.5000 2909.5220    9.0683
    7.5000   30.0000   -7.5000 2876.6208    9.2617
   -7.5000   37.5000   -7.5000 2816.6331    9.7780
    0.0000   37.5000   -7.5000 2831.8093    9.6428
    7.5000   37.5000   -7.5000 2800.1602    9.8347
   -7.5000   45.0000   -7.5000 2704.3567   10.5692
    0.0000   45.0000   -7.5000 2720.8057   10.4520
    7.5000   45.0000   -7.5000 2688.9016   10.6245
   -7.5000  -45.0000    0.0000 2179.2546   15.3230
    0.0000  -45.0000    0.0000 2196.5249   15.1324
    7.5000  -45.0000    0.0000 2185.4189   15.2176
   -7.5000  -37.5000    0.0000 2321.0388   13.4314
    0.0000  -37.5000    0.0000 2337.2524   13.2562
    7.5000  -37.5000    0.0000 2329.3240   13.3279
   -7.5000  -30.0000    0.0000 2448.1082   11.9236
    0.0000  -30.0000    0.0000 2465.8743   11.7631
    7.5000  -30.0000    0.0000 2457.7805   11.8014
   -7.5000  -22.5000    0.0000 2565.0544   10.7174
    0.0000  -22.5000    0.0000 2586.2168   10.5768
    7.5000  -22.5000    0.0000 2575.6775   10.6001
   -7.5000  -15.0000    0.0000 2679.2046    9.7654
    0.0000  -15.0000    0.0000 2700.0928    9.6278
    7.5000  -15.0000    0.0000 2686.6694    9.6553
   -7.5000   -7.5000    0.0000 2790.4797    9.0634
    0.0000   -7.5000    0.0000 2809.2686    8.9339
    7.5000   -7.5000    0.0000 2791.4512    8.9682
   -7.5000    0.0000    0.0000 2882.9492    8.6307
    0.0000    0.0000    0.0000 2898.6265    8.4831
    7.5000    0.0000    0.0000 2880.9644    8.5388
   -7.5000    7.5000    0.0000 2956.5759    8.4458
    0.0000    7.5000    0.0000 2979.3647    8.2930
    7.5000    7.5000    0.0000 2948.1980    8.3735
   -7.5000   15.0000    0.0000 3004.3386    8.3681
    0.0000   15.0000    0.0000 3026.0732    8.2226
    7.5000   15.0000    0.0000 2979.9309    8.3785
   -7.5000   22.5000    0.0000 2997.1482    8.5973
    0.0000   22.5000    0.0000 3012.5334    8.4675
    7.5000   22.5000    0.0000 2963.6438    8.6278
   -7.5000   30.0000    0.0000 2931.1523    8.9837
    0.0000   30.0000    0.0000 2946.2205    8.8629
    7.5000   30.0000    0.0000 2905.5801    9.0163
   -7.5000   37.5000    0.0000 2846.0823    9.5474
    0.0000   37.5000    0.0000 2863.7319    9.4395
    7.5000   37.5000    0.0000 2828.7419    9.5824
   -7.5000   45.0000    0.0000 2725.5708   10.3557
    0.0000   45.0000    0.0000 2742.4170   10.2619
    7.5000   45.0000    0.0000 2711.4700   10.3840
   -7.5000  -45.0000    7.5000 2171.9038   15.4664
    0.0000  -45.0000    7.5000 2189.8965   15.2574
    7.5000  -45.0000    7.5000 2174.2542   15.3972
   -7.5000  -37.5000    7.5000 2312.9458   13.5009
    0.0000  -37.5000    7.5000 2331.0615   13.2980
    7.5000  -37.5000    7.5000 2315.9771   13.4366
   -7.5000  -30.0000    7.5000 2440.1423   11.9500
    0.0000  -30.0000    7.5000 2451.2820   11.7433
    7.5000  -30.0000    7.5000 2445.1106   11.8619
   -7.5000  -22.5000    7.5000 2552.8181   10.7589
    0.0000  -22.5000    7.5000 2562.6648   10.5500
    7.5000  -22.5000    7.5000 2556.7805   10.6545
   -7.5000  -15.0000    7.5000 2669.9075    9.8219
    0.0000  -15.0000    7.5000 2677.4438    9.6512
    7.5000  -15.0000    7.5000 2670.6350    9.7284
   -7.5000   -7.5000    7.5000 2784.6665    9.1233
    0.0000   -7.5000    7.5000 2792.2744    9.0078
    7.5000   -7.5000    7.5000 2779.0796    9.0656
   -7.5000    0.0000    7.5000 2883.6272    8.6985
    0.0000    0.0000    7.5000 2904.0903    8.6350
    7.5000    0.0000    7.5000 2875.4573    8.6629
   -7.5000    7.5000    7.5000 2969.3176    8.4854
    0.0000    7.5000    7.5000 3003.3137    8.4636
    7.5000    7.5000    7.5000 2953.3494    8.4478
   -7.5000   15.0000    7.5000 3022.6287    8.3950
    0.0000   15.0000    7.5000 3060.9880    8.3594
    7.5000   15.0000    7.5000 2991.4539    8.4146
   -7.5000   22.5000    7.5000 3014.9700    8.5861
    0.0000   22.5000    7.5000 3035.7021    8.5249
    7.5000   22.5000    7.5000 2973.6042    8.6342
   -7.5000   30.0000    7.5000 2946.3757    8.9550
    0.0000   30.0000    7.5000 2954.5105    8.8784
    7.5000   30.0000    7.5000 2911.4111    8.9972
   -7.5000   37.5000    7.5000 2848.7302    9.5265
    0.0000   37.5000    7.5000 2862.1626    9.4211
    7.5000   37.5000    7.5000 2828.8340    9.5473
   -7.5000   45.0000    7.5000 2726.9006   10.3376
    0.0000   45.0000    7.5000 2737.9565   10.2183
    7.5000   45.0000    7.5000 2712.7146   10.3512
   -7.5000  -45.0000   15.0000 2146.6111   15.7949
    0.0000  -45.0000   15.0000 2163.4709   15.5280
    7.5000  -45.0000   15.0000 2149.2537   15.7422
   -7.5000  -37.5000   15.0000 2296.3494   13.7870
    0.0000  -37.5000   15.0000 2307.0840   13.5240
    7.5000  -37.5000   15.0000 2294.5986   13.7213
   -7.5000  -30.0000   15.0000 2418.9133   12.2054
    0.0000  -30.0000   15.0000 2426.6313   12.0016
    7.5000  -30.0000   15.0000 2417.4121   12.1585
   -7.5000  -22.5000   15.0000 2533.0474   11.0010
    0.0000  -22.5000   15.0000 2536.4189   10.8278
    7.5000  -22.5000   15.0000 2531.6455   10.9623
   -7.5000  -15.0000   15.0000 2648.6650   10.0731
    0.0000  -15.0000   15.0000 2652.6287    9.9501
    7.5000  -15.0000   15.0000 2646.2083   10.0568
   -7.5000   -7.5000   15.0000 2762.0781    9.3523
    0.0000   -7.5000   15.0000 2770.5598    9.2769
    7.5000   -7.5000   15.0000 2754.3752    9.3672
   -7.5000    0.0000   15.0000 2861.1040    8.8822
    0.0000    0.0000   15.0000 2878.5188    8.8315
    7.5000    0.0000   15.0000 2851.7197    8.8995
   -7.5000    7.5000   15.0000 2944.9290    8.6028
    0.0000    7.5000   15.0000 2976.4766    8.5530
    7.5000    7.5000   15.0000 2929.9451    8.6384
   -7.5000   15.0000   15.0000 3001.1179    8.5109
    0.0000   15.0000   15.0000 3030.6445    8.4215
    7.5000   15.0000   15.0000 2971.0383    8.5806
   -7.5000   22.5000   15.0000 2992.9299    8.7457
    0.0000   22.5000   15.0000 3009.1619    8.6585
    7.5000   22.5000   15.0000 2952.0977    8.7915
   -7.5000   30.0000   15.0000 2921.1082    9.1654
    0.0000   30.0000   15.0000 2930.7375    9.0642
    7.5000   30.0000   15.0000 2887.3599    9.1901
   -7.5000   37.5000   15.0000 2819.1323    9.7477
    0.0000   37.5000   15.0000 2831.5181    9.6357
    7.5000   37.5000   15.0000 2801.5493    9.7623
   -7.5000   45.0000   15.0000 2698.4883   10.5213
    0.0000   45.0000   15.0000 2709.4377   10.3935
    7.5000   45.0000   15.0000 2685.8730   10.5173
   -7.5000  -45.0000   22.5000 2109.9463   16.3294
    0.0000  -45.0000   22.5000 2120.8918   16.0792
    7.5000  -45.0000   22.5000 2110.2122   16.3406
   -7.5000  -37.5000   22.5000 2268.8677   14.2650
    0.0000  -37.5000   22.5000 2278.1301   14.0543
    7.5000  -37.5000   22.5000 2263.4250   14.2679
   -7.5000  -30.0000   22.5000 2390.8184   12.6527
    0.0000  -30.0000   22.5000 2395.2107   12.4899
    7.5000  -30.0000   22.5000 2389.0825   12.6837
   -7.5000  -22.5000   22.5000 2505.4666   11.4135
    0.0000  -22.5000   22.5000 2508.5161   11.2644
    7.5000  -22.5000   22.5000 2501.1868   11.4501
   -7.5000  -15.0000   22.5000 2618.5242   10.4448
    0.0000  -15.0000   22.5000 2624.3071   10.3184
    7.5000  -15.0000   22.5000 2611.8840   10.4951
   -7.5000   -7.5000   22.5000 2728.1990    9.7110
    0.0000   -7.5000   22.5000 2735.5759    9.6049
    7.5000   -7.5000   22.5000 2716.5596    9.7567
   -7.5000    0.0000   22.5000 2824.4592    9.2298
    0.0000    0.0000   22.5000 2837.1763    9.1259
    7.5000    0.0000   22.5000 2810.7944    9.2608
   -7.5000    7.5000   22.5000 2900.9519    8.9238
    0.0000    7.5000   22.5000 2925.9517    8.8060
    7.5000    7.5000   22.5000 2884.4331    8.9787
   -7.5000   15.0000   22.5000 2944.3430    8.8236
    0.0000   15.0000   22.5000 2964.7947    8.7066
    7.5000   15.0000   22.5000 2920.9104    8.8824
   -7.5000   22.5000   22.5000 2926.1470    9.0670
    0.0000   22.5000   22.5000 2946.6985    8.9445
    7.5000   22.5000   22.5000 2902.2061    9.1028
   -7.5000   30.0000   22.5000 2864.7095    9.4986
    0.0000   30.0000   22.5000 2875.7974    9.3745
    7.5000   30.0000   22.5000 2838.2000    9.5293
   -7.5000   37.5000   22.5000 2766.3076   10.0823
    0.0000   37.5000   22.5000 2776.1914    9.9542
    7.5000   37.5000   22.5000 2752.8650   10.1021
   -7.5000   45.0000   22.5000 2649.1912   10.8484
    0.0000   45.0000   22.5000 2657.6052   10.7341
    7.5000   45.0000   22.5000 2638.1084   10.8501
   -7.5000  -45.0000   30.0000 2062.5476   17.0180
    0.0000  -45.0000   30.0000 2072.7500   16.8539
    7.5000  -45.0000   30.0000 2061.2419   17.0693
   -7.5000  -37.5000   30.0000 2221.5469   14.9083
    0.0000  -37.5000   30.0000 2231.6094   14.7210
    7.5000  -37.5000   30.0000 2220.1716   14.9450
   -7.5000  -30.0000   30.0000 2348.9180   13.2170
    0.0000  -30.0000   30.0000 2351.9968   13.0239
    7.5000  -30.0000   30.0000 2346.4958   13.2952
   -7.5000  -22.5000   30.0000 2468.1648   11.9051
    0.0000  -22.5000   30.0000 2471.4087   11.7399
    7.5000  -22.5000   30.0000 2461.6265   12.0177
   -7.5000  -15.0000   30.0000 2575.9309   10.9340
    0.0000  -15.0000   30.0000 2580.8271   10.7803
    7.5000  -15.0000   30.0000 2567.6724   11.0357
   -7.5000   -7.5000   30.0000 2684.8833   10.1933
    0.0000   -7.5000   30.0000 2686.3066   10.0399
    7.5000   -7.5000   30.0000 2668.7468   10.2686
   -7.5000    0.0000   30.0000 2775.1160    9.6954
    0.0000    0.0000   30.0000 2780.1196    9.5368
    7.5000    0.0000   30.0000 2753.4321    9.7474
   -7.5000    7.5000   30.0000 2837.5803    9.3682
    0.0000    7.5000   30.0000 2853.0361    9.2142
    7.5000    7.5000   30.0000 2813.4307    9.4165
   -7.5000   15.0000   30.0000 2863.5986    9.2751
    0.0000   15.0000   30.0000 2876.3445    9.1382
    7.5000   15.0000   30.0000 2849.0403    9.3108
   -7.5000   22.5000   30.0000 2834.6692    9.5312
    0.0000   22.5000   30.0000 2853.6448    9.4099
    7.5000   22.5000   30.0000 2824.7458    9.5447
   -7.5000   30.0000   30.0000 2785.2305    9.9419
    0.0000   30.0000   30.0000 2792.9324    9.8213
    7.5000   30.0000   30.0000 2763.6047    9.9695
   -7.5000   37.5000   30.0000 2691.7273   10.5258
    0.0000   37.5000   30.0000 2702.1023   10.3998
    7.5000   37.5000   30.0000 2682.4724   10.5597
   -7.5000   45.0000   30.0000 2584.8323   11.2638
    0.0000   45.0000   30.0000 2597.3430   11.1561
    7.5000   45.0000   30.0000 2576.8740   11.2941
   -7.5000  -45.0000   37.5000 2012.1284   17.9104
    0.0000  -45.0000   37.5000 2019.5985   17.6973
    7.5000  -45.0000   37.5000 2010.8500   17.9699
   -7.5000  -37.5000   37.5000 2172.6328   15.6355
    0.0000  -37.5000   37.5000 2179.0742   15.4072
    7.5000  -37.5000   37.5000 2172.2227   15.7279
   -7.5000  -30.0000   37.5000 2303.4304   13.8664
    0.0000  -30.0000   37.5000 2305.9067   13.6441
    7.5000  -30.0000   37.5000 2299.8831   13.9891
   -7.5000  -22.5000   37.5000 2423.1604   12.5270
    0.0000  -22.5000   37.5000 2427.9895   12.3140
    7.5000  -22.5000   37.5000 2413.5466   12.6642
   -7.5000  -15.0000   37.5000 2527.8970   11.5319
    0.0000  -15.0000   37.5000 2529.5527   11.3373
    7.5000  -15.0000   37.5000 2516.1858   11.6539
   -7.5000   -7.5000   37.5000 2626.9270   10.7882
    0.0000   -7.5000   37.5000 2634.1882   10.5961
    7.5000   -7.5000   37.5000 2611.8494   10.8874
   -7.5000    0.0000   37.5000 2705.7168   10.2734
    0.0000    0.0000   37.5000 2714.8462   10.0903
    7.5000    0.0000   37.5000 2685.7461   10.3424
   -7.5000    7.5000   37.5000 2761.8218    9.9413
    0.0000    7.5000   37.5000 2771.7412    9.7840
    7.5000    7.5000   37.5000 2736.2188    9.9949
   -7.5000   15.0000   37.5000 2771.5605    9.8680
    0.0000   15.0000   37.5000 2783.8635    9.7154
    7.5000   15.0000   37.5000 2759.7883    9.8993
   -7.5000   22.5000   37.5000 2743.9995   10.1062
    0.0000   22.5000   37.5000 2760.8430    9.9629
    7.5000   22.5000   37.5000 2736.0999   10.1178
   -7.5000   30.0000   37.5000 2692.8486   10.4940
    0.0000   30.0000   37.5000 2701.5823   10.3810
    7.5000   30.0000   37.5000 2676.5972   10.5361
   -7.5000   37.5000   37.5000 2611.2712   11.0640
    0.0000   37.5000   37.5000 2619.6040   10.9600
    7.5000   37.5000   37.5000 2598.5203   11.1305
   -7.5000   45.0000   37.5000 2510.0137   11.8160
    0.0000   45.0000   37.5000 2523.1846   11.7164
    7.5000   45.0000   37.5000 2501.9519   11.8721
   -7.5000  -45.0000   45.0000 1954.9480   19.0033
    0.0000  -45.0000   45.0000 1961.8165   18.7688
    7.5000  -45.0000   45.0000 1951.1373   19.1468
   -7.5000  -37.5000   45.0000 2118.2034   16.5230
    0.0000  -37.5000   45.0000 2123.2327   16.3215
    7.5000  -37.5000   45.0000 2114.4631   16.7104
   -7.5000  -30.0000   45.0000 2253.8855   14.6332
    0.0000  -30.0000   45.0000 2256.6072   14.4239
    7.5000  -30.0000   45.0000 2244.3479   14.8417
   -7.5000  -22.5000   45.0000 2369.9307   13.2762
    0.0000  -22.5000   45.0000 2374.4612   13.0504
    7.5000  -22.5000   45.0000 2356.3345   13.4442
   -7.5000  -15.0000   45.0000 2468.0044   12.2750
    0.0000  -15.0000   45.0000 2470.9297   12.0555
    7.5000  -15.0000   45.0000 2452.9624   12.3984
   -7.5000   -7.5000   45.0000 2554.8691   11.5090
    0.0000   -7.5000   45.0000 2563.2095   11.3187
    7.5000   -7.5000   45.0000 2541.2263   11.6278
   -7.5000    0.0000   45.0000 2623.9023   10.9704
    0.0000    0.0000   45.0000 2635.3962   10.7974
    7.5000    0.0000   45.0000 2605.0483   11.0775
   -7.5000    7.5000   45.0000 2666.9968   10.6502
    0.0000    7.5000   45.0000 2679.8167   10.5153
    7.5000    7.5000   45.0000 2651.0579   10.7273
   -7.5000   15.0000   45.0000 2667.6616   10.6085
    0.0000   15.0000   45.0000 2683.9565   10.4761
    7.5000   15.0000   45.0000 2661.2705   10.6507
   -7.5000   22.5000   45.0000 2642.8811   10.7915
    0.0000   22.5000   45.0000 2657.1770   10.6843
    7.5000   22.5000   45.0000 2635.8572   10.8331
   -7.5000   30.0000   45.0000 2597.5835   11.1787
    0.0000   30.0000   45.0000 2607.7273   11.0919
    7.5000   30.0000   45.0000 2582.9478   11.2527
   -7.5000   37.5000   45.0000 2529.0762   11.7472
    0.0000   37.5000   45.0000 2536.5081   11.6700
    7.5000   37.5000   45.0000 2506.2380   11.8343
   -7.5000   45.0000   45.0000 2426.3325   12.5157
    0.0000   45.0000   45.0000 2439.6379   12.4527
    7.5000   45.0000   45.0000 2412.8218   12.6001

---------------------------------------------------------------------
imgreg_4dfp /opt/freesurfer/average/711-2C_as_mni_average_305 /opt/freesurfer/average/711-2B_as_mni_average_305_mask talsrcimg_g11 none talsrcimg_to_711-2C_as_mni_average_305_t4 1283
---------------------------------------------------------------------

freesurfer imgreg_4dfp.c
/opt/freesurfer/average/711-2C_as_mni_average_305.4dfp.img
       256       256       256         1
  1.000000  1.000000  1.000000
orientation T byte_order littleendian
Reading image: /opt/freesurfer/average/711-2C_as_mni_average_305.4dfp.img
dimensions:      256       256       256
mmppix:       1.0000   -1.0000   -1.0000
center:     128.0000 -129.0000 -129.0000
/opt/freesurfer/average/711-2B_as_mni_average_305_mask.4dfp.img
       256       256       256         1
  1.000000  1.000000  1.000000
orientation T byte_order littleendian
Reading mask: /opt/freesurfer/average/711-2B_as_mni_average_305_mask.4dfp.img (2306576 pixels)
talsrcimg_g11.4dfp.img
       256       256       256         1
  1.000000  1.000000  1.000000
orientation T byte_order littleendian
Reading image: talsrcimg_g11.4dfp.img
dimensions:      256       256       256
mmppix:       1.0000   -1.0000   -1.0000
center:     128.0000 -129.0000 -129.0000
rotation matrix determinant  1.000000
fimgreg.f
image alignment mode   1283 decimal      503 hex
parameters
    0.0000   15.0000    7.5000    0.0000    0.0000    0.0000
eta,q 0.96173  8.41536
niter,ni,del,rscale     5    3   12.0000    1.2000
parameter  4  1.708303 ->  0.500000 qaram    1.1500
parameter  5 -0.584674 -> -0.500000 qaram    1.1500
parameters
   -1.1492   16.0175    6.4565   -3.4500    3.4500   -1.8194
eta,q 0.96731  8.29766
  0.0489  0.0511  0.0414  0.0354  0.0495  0.0355
  0.0433  0.0440  0.0392  0.0360  0.0437  0.0338
  0.0390  0.0395  0.0384  0.0369  0.0389  0.0327
  0.0386  0.0380  0.0383  0.0382  0.0363  0.0333
  0.0435  0.0389  0.0390  0.0400  0.0341  0.0353
  0.0513  0.0408  0.0414  0.0415  0.0332  0.0379
  0.0606  0.0436  0.0455  0.0436  0.0351  0.0409
niter,ni,del,rscale     6    3   12.0000    1.2000
parameter  4  0.538143 ->  0.500000 qaram    1.3225
parameters
   -2.6076   17.8332    6.3232   -7.4175    4.4080   -1.5224
eta,q 0.97334  8.29622
  0.0434  0.0477  0.0393  0.0300  0.0436  0.0356
  0.0357  0.0404  0.0342  0.0272  0.0371  0.0317
  0.0313  0.0346  0.0309  0.0275  0.0314  0.0283
  0.0327  0.0309  0.0296  0.0296  0.0272  0.0267
  0.0401  0.0296  0.0311  0.0332  0.0273  0.0275
  0.0489  0.0307  0.0351  0.0373  0.0314  0.0305
  0.0574  0.0356  0.0400  0.0411  0.0376  0.0342
niter,ni,del,rscale     6    3   12.0000    1.2000
parameters
   -2.9242   18.7564    5.9875   -6.8386    4.6365   -1.4037
eta,q 0.97391  8.31060
  0.0472  0.0476  0.0369  0.0409  0.0407  0.0346
  0.0363  0.0376  0.0310  0.0347  0.0347  0.0310
  0.0285  0.0295  0.0274  0.0276  0.0293  0.0279
  0.0267  0.0265  0.0263  0.0262  0.0262  0.0261
  0.0316  0.0269  0.0284  0.0272  0.0277  0.0272
  0.0408  0.0310  0.0331  0.0316  0.0328  0.0305
  0.0503  0.0375  0.0391  0.0372  0.0398  0.0342
niter,ni,del,rscale     5    3   12.0000    1.2000
parameters
   -2.9862   18.6902    5.9881   -6.7156    4.6886   -1.3721
eta,q 0.97393  8.30915
  0.0482  0.0414  0.0384  0.0401  0.0403  0.0344
  0.0376  0.0323  0.0319  0.0327  0.0343  0.0309
  0.0291  0.0276  0.0277  0.0269  0.0289  0.0278
  0.0261  0.0261  0.0261  0.0261  0.0261  0.0261
  0.0301  0.0284  0.0277  0.0279  0.0280  0.0273
  0.0389  0.0342  0.0323  0.0328  0.0334  0.0306
  0.0484  0.0409  0.0381  0.0384  0.0405  0.0344
niter,ni,del,rscale     4    3   12.0000    1.2000
parameters
   -3.0042   18.6516    5.9908   -6.6761    4.7013   -1.3636
eta,q 0.97393  8.30828
  0.0485  0.0415  0.0384  0.0399  0.0402  0.0344
  0.0378  0.0325  0.0319  0.0323  0.0342  0.0308
  0.0293  0.0277  0.0277  0.0268  0.0288  0.0277
  0.0261  0.0261  0.0261  0.0261  0.0261  0.0261
  0.0299  0.0283  0.0277  0.0281  0.0281  0.0274
  0.0386  0.0341  0.0323  0.0330  0.0335  0.0307
  0.0481  0.0408  0.0381  0.0387  0.0407  0.0345
registration optimization eta report
parameter search radius
    6.0000    6.0000    6.0000    7.9350    6.9000    6.0000
100000*second partial in parameter space
       60.       41.       33.       21.       29.       22.
  0.0485  0.0415  0.0384  0.0399  0.0402  0.0344
  0.0378  0.0325  0.0319  0.0323  0.0342  0.0308
  0.0293  0.0277  0.0277  0.0268  0.0288  0.0277
  0.0261  0.0261  0.0261  0.0261  0.0261  0.0261
  0.0299  0.0283  0.0277  0.0281  0.0281  0.0274
  0.0386  0.0341  0.0323  0.0330  0.0335  0.0307
  0.0481  0.0408  0.0381  0.0387  0.0407  0.0345
   -3.0042   18.6516    5.9908   -6.6761    4.7013   -1.3636
eta,q 0.97393  8.30828

---------------------------------------------------------------------
imgreg_4dfp /opt/freesurfer/average/711-2C_as_mni_average_305 /opt/freesurfer/average/711-2B_as_mni_average_305_mask talsrcimg_g11 none talsrcimg_to_711-2C_as_mni_average_305_t4 3335
---------------------------------------------------------------------

freesurfer imgreg_4dfp.c
/opt/freesurfer/average/711-2C_as_mni_average_305.4dfp.img
       256       256       256         1
  1.000000  1.000000  1.000000
orientation T byte_order littleendian
Reading image: /opt/freesurfer/average/711-2C_as_mni_average_305.4dfp.img
dimensions:      256       256       256
mmppix:       1.0000   -1.0000   -1.0000
center:     128.0000 -129.0000 -129.0000
/opt/freesurfer/average/711-2B_as_mni_average_305_mask.4dfp.img
       256       256       256         1
  1.000000  1.000000  1.000000
orientation T byte_order littleendian
Reading mask: /opt/freesurfer/average/711-2B_as_mni_average_305_mask.4dfp.img (2306576 pixels)
talsrcimg_g11.4dfp.img
       256       256       256         1
  1.000000  1.000000  1.000000
orientation T byte_order littleendian
Reading image: talsrcimg_g11.4dfp.img
dimensions:      256       256       256
mmppix:       1.0000   -1.0000   -1.0000
center:     128.0000 -129.0000 -129.0000
fimgreg.f
image alignment mode   3335 decimal      D07 hex
parameters
   -3.0042   18.6516    5.9908   -0.3647   -0.7289   -1.0122
    3.3161   -7.8617   -2.3716   11.8160    8.1962  -11.5864
eta,q 0.97354  8.42749
niter,ni,del,rscale     5    3    5.0000    1.2000
parameter  4  0.687599 ->  0.500000 qaram    1.1500
parameter  5  1.302645 ->  0.500000 qaram    1.1500
parameter 12  0.539508 ->  0.500000 qaram    1.1500
parameters
   -2.9322   19.1747    5.8034   -4.5047   -4.8689   -3.7130
    3.1183   -6.9084   -1.1186   10.0822    8.8566  -15.7264
eta,q 0.98027  8.23242
  0.0309  0.0298  0.0279  0.0248  0.0205  0.0218  0.0235  0.0268  0.0234  0.0225  0.0216  0.0202
  0.0286  0.0284  0.0269  0.0241  0.0209  0.0209  0.0220  0.0237  0.0221  0.0210  0.0209  0.0198
  0.0271  0.0272  0.0264  0.0245  0.0220  0.0206  0.0209  0.0216  0.0211  0.0203  0.0205  0.0198
  0.0265  0.0265  0.0263  0.0263  0.0240  0.0211  0.0206  0.0206  0.0205  0.0205  0.0203  0.0202
  0.0269  0.0263  0.0266  0.0296  0.0271  0.0221  0.0210  0.0208  0.0205  0.0215  0.0203  0.0210
  0.0282  0.0268  0.0273  0.0337  0.0300  0.0245  0.0222  0.0220  0.0210  0.0235  0.0206  0.0220
  0.0304  0.0279  0.0284  0.0379  0.0328  0.0283  0.0239  0.0242  0.0220  0.0263  0.0212  0.0232
niter,ni,del,rscale     7    3    5.0000    1.2000
parameters
   -2.8423   19.2920    5.9342   -5.0674   -7.5753   -3.1328
    3.0847   -6.9083   -1.0103   10.9424    9.4077  -15.8373
eta,q 0.98068  8.18927
  0.0240  0.0228  0.0219  0.0235  0.0214  0.0226  0.0224  0.0240  0.0216  0.0236  0.0207  0.0215
  0.0217  0.0212  0.0208  0.0223  0.0201  0.0212  0.0208  0.0215  0.0204  0.0216  0.0200  0.0203
  0.0203  0.0201  0.0200  0.0209  0.0195  0.0201  0.0198  0.0199  0.0197  0.0201  0.0195  0.0195
  0.0197  0.0197  0.0197  0.0197  0.0199  0.0195  0.0194  0.0194  0.0194  0.0194  0.0193  0.0193
  0.0201  0.0200  0.0199  0.0201  0.0213  0.0195  0.0197  0.0200  0.0196  0.0195  0.0194  0.0197
  0.0214  0.0208  0.0205  0.0222  0.0240  0.0203  0.0208  0.0215  0.0203  0.0205  0.0197  0.0204
  0.0233  0.0223  0.0215  0.0259  0.0275  0.0220  0.0225  0.0240  0.0215  0.0220  0.0203  0.0215
niter,ni,del,rscale     6    3    5.0000    1.2000
parameters
   -2.8400   19.3637    6.0114   -4.6663   -8.0676   -3.0892
    3.1074   -6.9621   -1.0162   11.0251    9.3984  -15.9376
eta,q 0.98079  8.18857
  0.0230  0.0222  0.0214  0.0235  0.0228  0.0223  0.0223  0.0239  0.0213  0.0227  0.0204  0.0214
  0.0210  0.0206  0.0203  0.0221  0.0210  0.0208  0.0207  0.0213  0.0202  0.0209  0.0198  0.0201
  0.0197  0.0197  0.0196  0.0208  0.0198  0.0198  0.0196  0.0197  0.0195  0.0197  0.0194  0.0194
  0.0193  0.0193  0.0193  0.0193  0.0192  0.0192  0.0192  0.0192  0.0192  0.0192  0.0192  0.0192
  0.0198  0.0196  0.0195  0.0191  0.0197  0.0195  0.0195  0.0198  0.0195  0.0196  0.0193  0.0196
  0.0210  0.0205  0.0201  0.0206  0.0213  0.0204  0.0206  0.0214  0.0202  0.0207  0.0197  0.0203
  0.0229  0.0218  0.0211  0.0238  0.0242  0.0225  0.0223  0.0240  0.0213  0.0226  0.0205  0.0214
niter,ni,del,rscale     5    3    5.0000    1.2000
parameters
   -2.8543   19.3531    6.0050   -4.5860   -8.1197   -3.0800
    3.1012   -6.9648   -1.0048   11.0432    9.4133  -15.9586
eta,q 0.98080  8.18977
  0.0230  0.0219  0.0211  0.0233  0.0231  0.0222  0.0222  0.0239  0.0213  0.0226  0.0204  0.0214
  0.0209  0.0204  0.0201  0.0220  0.0212  0.0208  0.0206  0.0214  0.0201  0.0208  0.0198  0.0201
  0.0196  0.0195  0.0194  0.0206  0.0199  0.0197  0.0196  0.0197  0.0194  0.0196  0.0193  0.0194
  0.0192  0.0192  0.0192  0.0192  0.0192  0.0192  0.0192  0.0192  0.0192  0.0192  0.0192  0.0192
  0.0197  0.0196  0.0194  0.0192  0.0195  0.0195  0.0195  0.0198  0.0194  0.0196  0.0193  0.0195
  0.0210  0.0205  0.0201  0.0209  0.0209  0.0204  0.0206  0.0213  0.0201  0.0207  0.0197  0.0203
  0.0230  0.0218  0.0212  0.0243  0.0236  0.0225  0.0223  0.0240  0.0213  0.0226  0.0204  0.0213
registration optimization eta report
parameter search radius
    2.4000    2.4000    2.4000    8.2800    8.2800    7.2000
    7.2000    7.2000    7.2000    7.2000    7.2000    8.2800
100000*second partial in parameter space
       65.       46.       33.        7.        6.        6.
        6.        9.        4.        7.        2.        3.
  0.0230  0.0219  0.0211  0.0233  0.0231  0.0222  0.0222  0.0239  0.0213  0.0226  0.0204  0.0214
  0.0209  0.0204  0.0201  0.0220  0.0212  0.0208  0.0206  0.0214  0.0201  0.0208  0.0198  0.0201
  0.0196  0.0195  0.0194  0.0206  0.0199  0.0197  0.0196  0.0197  0.0194  0.0196  0.0193  0.0194
  0.0192  0.0192  0.0192  0.0192  0.0192  0.0192  0.0192  0.0192  0.0192  0.0192  0.0192  0.0192
  0.0197  0.0196  0.0194  0.0192  0.0195  0.0195  0.0195  0.0198  0.0194  0.0196  0.0193  0.0195
  0.0210  0.0205  0.0201  0.0209  0.0209  0.0204  0.0206  0.0213  0.0201  0.0207  0.0197  0.0203
  0.0230  0.0218  0.0212  0.0243  0.0236  0.0225  0.0223  0.0240  0.0213  0.0226  0.0204  0.0213
   -2.8543   19.3531    6.0050   -4.5860   -8.1197   -3.0800
    3.1012   -6.9648   -1.0048   11.0432    9.4133  -15.9586
eta,q 0.98080  8.18977

---------------------------------------------------------------------
imgreg_4dfp /opt/freesurfer/average/711-2C_as_mni_average_305 /opt/freesurfer/average/711-2B_as_mni_average_305_mask talsrcimg_g11 none talsrcimg_to_711-2C_as_mni_average_305_t4 2311
---------------------------------------------------------------------

freesurfer imgreg_4dfp.c
/opt/freesurfer/average/711-2C_as_mni_average_305.4dfp.img
       256       256       256         1
  1.000000  1.000000  1.000000
orientation T byte_order littleendian
Reading image: /opt/freesurfer/average/711-2C_as_mni_average_305.4dfp.img
dimensions:      256       256       256
mmppix:       1.0000   -1.0000   -1.0000
center:     128.0000 -129.0000 -129.0000
/opt/freesurfer/average/711-2B_as_mni_average_305_mask.4dfp.img
       256       256       256         1
  1.000000  1.000000  1.000000
orientation T byte_order littleendian
Reading mask: /opt/freesurfer/average/711-2B_as_mni_average_305_mask.4dfp.img (2306576 pixels)
talsrcimg_g11.4dfp.img
       256       256       256         1
  1.000000  1.000000  1.000000
orientation T byte_order littleendian
Reading image: talsrcimg_g11.4dfp.img
dimensions:      256       256       256
mmppix:       1.0000   -1.0000   -1.0000
center:     128.0000 -129.0000 -129.0000
fimgreg.f
image alignment mode   2311 decimal      907 hex
parameters
   -2.8543   19.3531    6.0050   -4.5860   -8.1197   -3.0800
    3.1012   -6.9648   -1.0048   11.0432    9.4133  -15.9586
eta,q 0.98080  8.18977
niter,ni,del,rscale     5    3    5.0000    0.8000
parameters
   -2.8792   19.3235    6.0124   -3.4262   -7.8887   -2.8473
    3.0721   -6.8726   -1.0856   11.0634    9.4565  -16.1852
eta,q 0.98104  8.22584
  0.0209  0.0204  0.0201  0.0216  0.0206  0.0206  0.0205  0.0214  0.0200  0.0207  0.0196  0.0197
  0.0199  0.0197  0.0196  0.0208  0.0198  0.0198  0.0197  0.0201  0.0194  0.0197  0.0193  0.0193
  0.0194  0.0193  0.0193  0.0199  0.0193  0.0193  0.0191  0.0192  0.0191  0.0192  0.0190  0.0190
  0.0192  0.0192  0.0192  0.0192  0.0190  0.0190  0.0190  0.0190  0.0190  0.0190  0.0190  0.0190
  0.0194  0.0194  0.0193  0.0190  0.0191  0.0191  0.0191  0.0192  0.0191  0.0192  0.0190  0.0191
  0.0200  0.0198  0.0196  0.0193  0.0196  0.0196  0.0197  0.0199  0.0195  0.0197  0.0192  0.0194
  0.0210  0.0204  0.0201  0.0203  0.0204  0.0203  0.0205  0.0212  0.0200  0.0206  0.0196  0.0198
niter,ni,del,rscale     4    3    5.0000    0.7000
parameters
   -2.8833   19.2724    5.9320   -3.3970   -7.8547   -2.7818
    3.1093   -6.8727   -1.1175   11.0719    9.5183  -16.2702
eta,q 0.98105  8.22998
  0.0204  0.0199  0.0196  0.0207  0.0202  0.0201  0.0202  0.0207  0.0197  0.0203  0.0194  0.0196
  0.0196  0.0193  0.0192  0.0199  0.0196  0.0196  0.0195  0.0197  0.0193  0.0196  0.0192  0.0192
  0.0191  0.0190  0.0190  0.0192  0.0191  0.0191  0.0191  0.0191  0.0190  0.0191  0.0190  0.0190
  0.0190  0.0190  0.0190  0.0190  0.0190  0.0190  0.0189  0.0190  0.0189  0.0190  0.0189  0.0189
  0.0191  0.0191  0.0191  0.0191  0.0191  0.0191  0.0191  0.0192  0.0190  0.0191  0.0190  0.0190
  0.0196  0.0195  0.0193  0.0197  0.0195  0.0195  0.0195  0.0197  0.0193  0.0196  0.0192  0.0193
  0.0204  0.0200  0.0198  0.0208  0.0202  0.0201  0.0201  0.0207  0.0198  0.0203  0.0194  0.0196
niter,ni,del,rscale     3    3    5.0000    0.6000
parameters
   -2.8882   19.2694    5.9299   -3.3257   -7.8375   -2.7589
    3.1255   -6.8704   -1.1352   11.0681    9.5648  -16.2935
eta,q 0.98105  8.23223
  0.0200  0.0197  0.0195  0.0203  0.0199  0.0198  0.0198  0.0203  0.0195  0.0199  0.0193  0.0194
  0.0194  0.0193  0.0192  0.0197  0.0194  0.0194  0.0194  0.0195  0.0192  0.0194  0.0191  0.0192
  0.0191  0.0190  0.0190  0.0192  0.0191  0.0191  0.0191  0.0191  0.0190  0.0191  0.0190  0.0190
  0.0189  0.0190  0.0189  0.0189  0.0189  0.0189  0.0189  0.0189  0.0189  0.0189  0.0189  0.0189
  0.0191  0.0190  0.0190  0.0191  0.0190  0.0190  0.0190  0.0191  0.0190  0.0191  0.0190  0.0190
  0.0194  0.0193  0.0192  0.0195  0.0193  0.0194  0.0193  0.0195  0.0192  0.0194  0.0191  0.0192
  0.0200  0.0197  0.0195  0.0203  0.0199  0.0198  0.0198  0.0203  0.0195  0.0199  0.0193  0.0194
niter,ni,del,rscale     2    3    5.0000    0.5000
parameters
   -2.8929   19.2634    5.9258   -3.2730   -7.8081   -2.7517
    3.1329   -6.8715   -1.1573   11.0446    9.5856  -16.3157
eta,q 0.98105  8.23381
  0.0197  0.0195  0.0193  0.0199  0.0196  0.0196  0.0196  0.0199  0.0194  0.0196  0.0192  0.0193
  0.0193  0.0192  0.0191  0.0194  0.0193  0.0193  0.0192  0.0194  0.0191  0.0193  0.0191  0.0191
  0.0190  0.0190  0.0190  0.0191  0.0190  0.0190  0.0190  0.0190  0.0190  0.0190  0.0190  0.0190
  0.0190  0.0189  0.0189  0.0189  0.0189  0.0189  0.0189  0.0189  0.0189  0.0189  0.0189  0.0189
  0.0190  0.0190  0.0190  0.0190  0.0190  0.0190  0.0190  0.0190  0.0190  0.0190  0.0190  0.0190
  0.0193  0.0192  0.0191  0.0193  0.0192  0.0193  0.0192  0.0193  0.0191  0.0193  0.0190  0.0191
  0.0197  0.0195  0.0193  0.0199  0.0196  0.0196  0.0196  0.0199  0.0194  0.0197  0.0192  0.0193
niter,ni,del,rscale     1    3    5.0000    0.4000
parameters
   -2.8970   19.2555    5.9238   -3.2366   -7.7855   -2.7250
    3.1502   -6.8699   -1.1708   11.0243    9.6109  -16.3299
eta,q 0.98106  8.23546
  0.0194  0.0193  0.0192  0.0196  0.0194  0.0194  0.0193  0.0195  0.0192  0.0194  0.0191  0.0192
  0.0191  0.0191  0.0190  0.0192  0.0192  0.0192  0.0191  0.0192  0.0191  0.0191  0.0190  0.0190
  0.0190  0.0190  0.0190  0.0190  0.0190  0.0190  0.0190  0.0190  0.0190  0.0190  0.0190  0.0190
  0.0189  0.0189  0.0189  0.0189  0.0189  0.0189  0.0189  0.0189  0.0189  0.0189  0.0189  0.0189
  0.0190  0.0190  0.0190  0.0190  0.0190  0.0190  0.0190  0.0190  0.0190  0.0190  0.0190  0.0190
  0.0192  0.0191  0.0190  0.0192  0.0191  0.0191  0.0191  0.0192  0.0191  0.0192  0.0190  0.0190
  0.0194  0.0193  0.0192  0.0196  0.0194  0.0194  0.0193  0.0195  0.0192  0.0194  0.0191  0.0192
registration optimization eta report
parameter search radius
    0.8000    0.8000    0.8000    2.4000    2.4000    2.4000
    2.4000    2.4000    2.4000    2.4000    2.4000    2.4000
100000*second partial in parameter space
       73.       51.       37.       11.        8.        8.
        7.       10.        5.        8.        3.        4.
  0.0194  0.0193  0.0192  0.0196  0.0194  0.0194  0.0193  0.0195  0.0192  0.0194  0.0191  0.0192
  0.0191  0.0191  0.0190  0.0192  0.0192  0.0192  0.0191  0.0192  0.0191  0.0191  0.0190  0.0190
  0.0190  0.0190  0.0190  0.0190  0.0190  0.0190  0.0190  0.0190  0.0190  0.0190  0.0190  0.0190
  0.0189  0.0189  0.0189  0.0189  0.0189  0.0189  0.0189  0.0189  0.0189  0.0189  0.0189  0.0189
  0.0190  0.0190  0.0190  0.0190  0.0190  0.0190  0.0190  0.0190  0.0190  0.0190  0.0190  0.0190
  0.0192  0.0191  0.0190  0.0192  0.0191  0.0191  0.0191  0.0192  0.0191  0.0192  0.0190  0.0190
  0.0194  0.0193  0.0192  0.0196  0.0194  0.0194  0.0193  0.0195  0.0192  0.0194  0.0191  0.0192
   -2.8970   19.2555    5.9238   -3.2366   -7.7855   -2.7250
    3.1502   -6.8699   -1.1708   11.0243    9.6109  -16.3299
eta,q 0.98106  8.23546

---------------------------------------------------------------------
imgreg_4dfp /opt/freesurfer/average/711-2C_as_mni_average_305 /opt/freesurfer/average/711-2B_as_mni_average_305_mask talsrcimg_g11 none talsrcimg_to_711-2C_as_mni_average_305_t4 2311
---------------------------------------------------------------------

freesurfer imgreg_4dfp.c
/opt/freesurfer/average/711-2C_as_mni_average_305.4dfp.img
       256       256       256         1
  1.000000  1.000000  1.000000
orientation T byte_order littleendian
Reading image: /opt/freesurfer/average/711-2C_as_mni_average_305.4dfp.img
dimensions:      256       256       256
mmppix:       1.0000   -1.0000   -1.0000
center:     128.0000 -129.0000 -129.0000
/opt/freesurfer/average/711-2B_as_mni_average_305_mask.4dfp.img
       256       256       256         1
  1.000000  1.000000  1.000000
orientation T byte_order littleendian
Reading mask: /opt/freesurfer/average/711-2B_as_mni_average_305_mask.4dfp.img (2306576 pixels)
talsrcimg_g11.4dfp.img
       256       256       256         1
  1.000000  1.000000  1.000000
orientation T byte_order littleendian
Reading image: talsrcimg_g11.4dfp.img
dimensions:      256       256       256
mmppix:       1.0000   -1.0000   -1.0000
center:     128.0000 -129.0000 -129.0000
fimgreg.f
image alignment mode   2311 decimal      907 hex
parameters
   -2.8970   19.2555    5.9238   -3.2366   -7.7855   -2.7250
    3.1502   -6.8699   -1.1708   11.0243    9.6109  -16.3299
eta,q 0.98106  8.23546
niter,ni,del,rscale     5    3    5.0000    0.8000
parameters
   -2.8796   19.2634    5.9140   -3.5101   -7.9005   -2.7907
    3.1265   -6.8894   -1.1299   11.0988    9.5196  -16.2589
eta,q 0.98104  8.22722
  0.0209  0.0203  0.0199  0.0209  0.0204  0.0204  0.0205  0.0213  0.0200  0.0207  0.0195  0.0198
  0.0198  0.0195  0.0194  0.0200  0.0197  0.0197  0.0196  0.0200  0.0194  0.0198  0.0192  0.0193
  0.0191  0.0191  0.0190  0.0192  0.0192  0.0192  0.0191  0.0192  0.0191  0.0192  0.0190  0.0191
  0.0189  0.0189  0.0189  0.0189  0.0190  0.0190  0.0190  0.0190  0.0190  0.0190  0.0190  0.0190
  0.0192  0.0191  0.0190  0.0192  0.0191  0.0192  0.0191  0.0192  0.0191  0.0192  0.0190  0.0191
  0.0198  0.0195  0.0194  0.0201  0.0197  0.0197  0.0197  0.0200  0.0194  0.0197  0.0192  0.0193
  0.0207  0.0202  0.0199  0.0217  0.0206  0.0205  0.0205  0.0213  0.0200  0.0206  0.0196  0.0198
niter,ni,del,rscale     4    3    5.0000    0.7000
parameters
   -2.8850   19.2828    5.9317   -3.4069   -7.8685   -2.7787
    3.1225   -6.8761   -1.1184   11.0881    9.5419  -16.2817
eta,q 0.98105  8.22975
  0.0204  0.0200  0.0197  0.0207  0.0202  0.0201  0.0201  0.0208  0.0198  0.0203  0.0194  0.0196
  0.0196  0.0194  0.0193  0.0199  0.0196  0.0195  0.0195  0.0197  0.0193  0.0196  0.0192  0.0192
  0.0191  0.0191  0.0191  0.0193  0.0191  0.0191  0.0191  0.0191  0.0190  0.0191  0.0190  0.0190
  0.0190  0.0190  0.0190  0.0190  0.0190  0.0190  0.0190  0.0190  0.0190  0.0190  0.0190  0.0190
  0.0191  0.0191  0.0190  0.0191  0.0191  0.0191  0.0191  0.0191  0.0190  0.0191  0.0190  0.0190
  0.0196  0.0194  0.0193  0.0196  0.0195  0.0195  0.0195  0.0197  0.0193  0.0196  0.0192  0.0193
  0.0204  0.0199  0.0197  0.0207  0.0202  0.0201  0.0202  0.0207  0.0197  0.0203  0.0194  0.0196
niter,ni,del,rscale     3    3    5.0000    0.6000
parameters
   -2.8888   19.2715    5.9290   -3.3253   -7.8425   -2.7579
    3.1284   -6.8747   -1.1390   11.0672    9.5661  -16.2993
eta,q 0.98105  8.23215
  0.0200  0.0197  0.0195  0.0203  0.0199  0.0198  0.0198  0.0203  0.0195  0.0199  0.0193  0.0194
  0.0194  0.0193  0.0192  0.0197  0.0194  0.0194  0.0194  0.0195  0.0192  0.0194  0.0191  0.0192
  0.0191  0.0190  0.0190  0.0192  0.0191  0.0191  0.0191  0.0191  0.0190  0.0191  0.0190  0.0190
  0.0190  0.0190  0.0189  0.0190  0.0189  0.0189  0.0189  0.0189  0.0189  0.0189  0.0190  0.0189
  0.0191  0.0190  0.0190  0.0191  0.0190  0.0190  0.0190  0.0191  0.0190  0.0191  0.0190  0.0190
  0.0194  0.0193  0.0192  0.0195  0.0193  0.0194  0.0193  0.0195  0.0192  0.0194  0.0191  0.0192
  0.0200  0.0197  0.0195  0.0203  0.0199  0.0198  0.0198  0.0203  0.0195  0.0199  0.0193  0.0194
niter,ni,del,rscale     2    3    5.0000    0.5000
parameters
   -2.8933   19.2625    5.9270   -3.2738   -7.8108   -2.7477
    3.1351   -6.8735   -1.1568   11.0434    9.5961  -16.3161
eta,q 0.98106  8.23384
  0.0197  0.0195  0.0193  0.0199  0.0196  0.0196  0.0196  0.0199  0.0194  0.0196  0.0192  0.0193
  0.0193  0.0192  0.0191  0.0194  0.0193  0.0193  0.0192  0.0193  0.0191  0.0193  0.0191  0.0191
  0.0190  0.0190  0.0190  0.0191  0.0190  0.0190  0.0190  0.0190  0.0190  0.0190  0.0190  0.0190
  0.0190  0.0189  0.0189  0.0189  0.0189  0.0189  0.0189  0.0190  0.0189  0.0189  0.0189  0.0189
  0.0190  0.0190  0.0190  0.0190  0.0190  0.0190  0.0190  0.0190  0.0190  0.0190  0.0190  0.0190
  0.0193  0.0192  0.0191  0.0193  0.0192  0.0192  0.0192  0.0194  0.0191  0.0193  0.0190  0.0191
  0.0197  0.0195  0.0193  0.0199  0.0196  0.0196  0.0196  0.0199  0.0194  0.0197  0.0192  0.0193
niter,ni,del,rscale     1    3    5.0000    0.4000
parameters
   -2.8985   19.2578    5.9243   -3.2381   -7.7839   -2.7331
    3.1484   -6.8715   -1.1740   11.0282    9.6111  -16.3346
eta,q 0.98106  8.23530
  0.0194  0.0193  0.0192  0.0196  0.0194  0.0194  0.0193  0.0195  0.0192  0.0194  0.0191  0.0192
  0.0191  0.0191  0.0191  0.0192  0.0192  0.0192  0.0191  0.0192  0.0191  0.0191  0.0190  0.0190
  0.0190  0.0190  0.0190  0.0190  0.0190  0.0190  0.0190  0.0190  0.0190  0.0190  0.0190  0.0190
  0.0189  0.0189  0.0189  0.0189  0.0189  0.0189  0.0189  0.0189  0.0189  0.0189  0.0189  0.0189
  0.0190  0.0190  0.0190  0.0190  0.0190  0.0190  0.0190  0.0190  0.0190  0.0190  0.0190  0.0190
  0.0192  0.0191  0.0190  0.0192  0.0191  0.0191  0.0191  0.0192  0.0191  0.0192  0.0190  0.0190
  0.0194  0.0193  0.0192  0.0196  0.0194  0.0194  0.0193  0.0195  0.0192  0.0194  0.0191  0.0192
registration optimization eta report
parameter search radius
    0.8000    0.8000    0.8000    2.4000    2.4000    2.4000
    2.4000    2.4000    2.4000    2.4000    2.4000    2.4000
100000*second partial in parameter space
       73.       52.       37.       11.        8.        8.
        7.       10.        5.        8.        3.        4.
  0.0194  0.0193  0.0192  0.0196  0.0194  0.0194  0.0193  0.0195  0.0192  0.0194  0.0191  0.0192
  0.0191  0.0191  0.0191  0.0192  0.0192  0.0192  0.0191  0.0192  0.0191  0.0191  0.0190  0.0190
  0.0190  0.0190  0.0190  0.0190  0.0190  0.0190  0.0190  0.0190  0.0190  0.0190  0.0190  0.0190
  0.0189  0.0189  0.0189  0.0189  0.0189  0.0189  0.0189  0.0189  0.0189  0.0189  0.0189  0.0189
  0.0190  0.0190  0.0190  0.0190  0.0190  0.0190  0.0190  0.0190  0.0190  0.0190  0.0190  0.0190
  0.0192  0.0191  0.0190  0.0192  0.0191  0.0191  0.0191  0.0192  0.0191  0.0192  0.0190  0.0190
  0.0194  0.0193  0.0192  0.0196  0.0194  0.0194  0.0193  0.0195  0.0192  0.0194  0.0191  0.0192
   -2.8985   19.2578    5.9243   -3.2381   -7.7839   -2.7331
    3.1484   -6.8715   -1.1740   11.0282    9.6111  -16.3346
eta,q 0.98106  8.23530

---------------------------------------------------------------------
compute_vox2vox talsrcimg talsrcimg_to_711-2C_as_mni_average_305_t4 /opt/freesurfer/average/711-2C_as_mni_average_305
---------------------------------------------------------------------

freesurfer compute_vox2vox.c
Reading: talsrcimg.4dfp.ifh
Reading: talsrcimg_to_711-2C_as_mni_average_305_t4
Reading: /opt/freesurfer/average/711-2C_as_mni_average_305.4dfp.ifh
Writing: talsrcimg_to_711-2C_as_mni_average_305_t4_vox2vox.txt

start time Fri Mar 13 06:26:09 CET 2026
end		time Fri Mar 13 06:26:23 CET 2026

mpr2mni305 success

avi2talxfm orig_nu.mgz /opt/freesurfer/average/mni305.cor.mgz talsrcimg_to_711-2C_as_mni_average_305_t4_vox2vox.txt transforms/talairach.auto.xfm
avi2talxfm done
mv -f /out/sourcedata/freesurfer/sub-v2s4x29635_ses-1/mri/talsrcimg_to_711-2C_as_mni_average_305_t4_vox2vox.txt /out/sourcedata/freesurfer/sub-v2s4x29635_ses-1/mri/transforms/talsrcimg_to_711-2C_as_mni_average_305_t4_vox2vox.txt
lta_convert --src orig_nu.mgz --trg /opt/freesurfer/average/mni305.cor.mgz --inxfm transforms/talairach.auto.xfm --outlta transforms/talairach.auto.xfm.lta --subject fsaverage
7.3.2

--src: orig_nu.mgz src image (geometry).
--trg: /opt/freesurfer/average/mni305.cor.mgz trg image (geometry).
--inmni: transforms/talairach.auto.xfm input MNI/XFM transform.
--outlta: transforms/talairach.auto.xfm.lta output LTA.
--s: fsaverage subject name
 LTA read, type : 1
 1.02576   0.07493  -0.02175   3.45131;
-0.09721   1.00076   0.18059  -27.21069;
 0.02468  -0.11873   1.06254  -25.45369;
 0.00000   0.00000   0.00000   1.00000;
setting subject to fsaverage
Writing  LTA to file transforms/talairach.auto.xfm.lta...
lta_convert successful.
 
 
Started at Fri Mar 13 06:26:08 CET 2026
Ended   at Fri Mar 13 06:26:23 CET 2026
talairach_avi done
