/out/sourcedata/freesurfer/sub-v2s4x29587_ses-1/mri
/opt/freesurfer/bin/talairach_avi
--i orig_nu.mgz --xfm transforms/talairach.auto.xfm
talairach_avi 7.3.2
Linux dna061 5.14.0-427.37.1.el9_4.x86_64 #1 SMP PREEMPT_DYNAMIC Fri Sep 13 12:41:50 EDT 2024 x86_64 x86_64 x86_64 GNU/Linux
Fri Mar 13 03:50:51 CET 2026
mri_convert orig_nu.mgz talsrcimg.img 
reading from orig_nu.mgz...
TR=0.00, TE=0.00, TI=0.00, flip angle=0.00
i_ras = (-1, -1.26238e-09, 0)
j_ras = (0, -5.82077e-11, -1)
k_ras = (-6.07542e-10, 1, -5.82077e-11)
writing to talsrcimg.img...
Analyze Output Matrix
-1.00000   0.00000  -0.00000   133.11049;
-0.00000  -0.00000   1.00000  -135.13425;
 0.00000  -1.00000  -0.00000   135.85123;
 0.00000   0.00000   0.00000   1.00000;
--------------------
INFO: set hdr.hist.orient to -1
mpr2mni305 talsrcimg
Fri Mar 13 03:50:51 CET 2026
/opt/freesurfer/bin/mpr2mni305 talsrcimg
mpr2mni305 7.3.2
target=711-2C_as_mni_average_305

---------------------------------------------------------------------
analyzeto4dfp talsrcimg -O0 -y
---------------------------------------------------------------------

freesurfer ifh2hdr.c
Fri Mar 13 03:50:52 2026
Writing: talsrcimg.4dfp.hdr
freesurfer analyzeto4dfp.c
Reading: talsrcimg.hdr
header size 348 bytes
hdr.dime.datatype	offset=70	value=2
hdr.dime.bitpix		offset=72	value=8
hdr.hist.orient		offset=252	value=-1
dimensionality     4
dimensions       256       256       256         1
Reading: talsrcimg.img
Writing: talsrcimg.4dfp.img
Writing: talsrcimg.4dfp.ifh
ifh2hdr talsrcimg -r0to251
ori=2

---------------------------------------------------------------------
gauss_4dfp talsrcimg 1.1
---------------------------------------------------------------------

freesurfer gauss_4dfp.c
Reading: talsrcimg.4dfp.img
Writing: talsrcimg_g11.4dfp.img
image dimensions 256 256 256 padded to 288 288 288
processing volume 1freesurfer ifh2hdr.c
Fri Mar 13 03:50:53 2026
Writing: talsrcimg_g11.4dfp.hdr

Writing: talsrcimg_g11.4dfp.ifh
including: talsrcimg.4dfp.img.rec in talsrcimg_g11.4dfp.img.rec

---------------------------------------------------------------------
imgreg_4dfp /opt/freesurfer/average/711-2C_as_mni_average_305 none talsrcimg_g11 none talsrcimg_to_711-2C_as_mni_average_305_t4 4355
---------------------------------------------------------------------

freesurfer imgreg_4dfp.c
/opt/freesurfer/average/711-2C_as_mni_average_305.4dfp.img
       256       256       256         1
  1.000000  1.000000  1.000000
orientation T byte_order littleendian
Reading image: /opt/freesurfer/average/711-2C_as_mni_average_305.4dfp.img
dimensions:      256       256       256
mmppix:       1.0000   -1.0000   -1.0000
center:     128.0000 -129.0000 -129.0000
talsrcimg_g11.4dfp.img
       256       256       256         1
  1.000000  1.000000  1.000000
orientation T byte_order littleendian
Reading image: talsrcimg_g11.4dfp.img
dimensions:      256       256       256
mmppix:       1.0000   -1.0000   -1.0000
center:     128.0000 -129.0000 -129.0000
t4_read: open error in t4_sub.f l:  41 t4_file(1:l)talsrcimg_to_711-2C_as_mni_average_305_t4 
t4_read: transform initialized to I4
rotation matrix determinant  1.000000
image alignment mode   4355 decimal     1103 hex
   -7.5000  -45.0000  -45.0000 5727.5088   15.7994
    0.0000  -45.0000  -45.0000 5934.2153   15.7613
    7.5000  -45.0000  -45.0000 5692.9360   15.7750
   -7.5000  -37.5000  -45.0000 6283.3369   15.4755
    0.0000  -37.5000  -45.0000 6498.1025   15.4416
    7.5000  -37.5000  -45.0000 6250.7793   15.4573
   -7.5000  -30.0000  -45.0000 7154.1919   15.3256
    0.0000  -30.0000  -45.0000 7386.2183   15.2922
    7.5000  -30.0000  -45.0000 7096.7842   15.3056
   -7.5000  -22.5000  -45.0000 8022.9712   15.3247
    0.0000  -22.5000  -45.0000 8290.7646   15.2890
    7.5000  -22.5000  -45.0000 7933.7031   15.2991
   -7.5000  -15.0000  -45.0000 8907.8975   15.3499
    0.0000  -15.0000  -45.0000 9233.5547   15.3127
    7.5000  -15.0000  -45.0000 8822.1211   15.3216
   -7.5000   -7.5000  -45.0000 9759.3008   15.3732
    0.0000   -7.5000  -45.000010153.3945   15.3365
    7.5000   -7.5000  -45.0000 9681.9199   15.3475
   -7.5000    0.0000  -45.000010485.2607   15.3737
    0.0000    0.0000  -45.000010899.8262   15.3385
    7.5000    0.0000  -45.000010405.9746   15.3527
   -7.5000    7.5000  -45.000010400.5098   15.3478
    0.0000    7.5000  -45.000010833.4463   15.3145
    7.5000    7.5000  -45.000010316.5664   15.3300
   -7.5000   15.0000  -45.000010255.5566   15.3222
    0.0000   15.0000  -45.000010682.1504   15.2888
    7.5000   15.0000  -45.000010154.6650   15.3022
   -7.5000   22.5000  -45.0000 9995.1309   15.3225
    0.0000   22.5000  -45.000010416.8545   15.2869
    7.5000   22.5000  -45.0000 9864.0557   15.2970
   -7.5000   30.0000  -45.0000 9741.6689   15.1453
    0.0000   30.0000  -45.000010156.4551   15.1087
    7.5000   30.0000  -45.0000 9628.1592   15.1174
   -7.5000   37.5000  -45.0000 9853.4844   15.1684
    0.0000   37.5000  -45.000010278.8887   15.1321
    7.5000   37.5000  -45.0000 9763.6699   15.1430
   -7.5000   45.0000  -45.0000 9374.7578   14.7836
    0.0000   45.0000  -45.0000 9750.1924   14.7498
    7.5000   45.0000  -45.0000 9242.1191   14.7634
   -7.5000  -45.0000  -37.5000 6166.2739   15.6603
    0.0000  -45.0000  -37.5000 6385.4746   15.6190
    7.5000  -45.0000  -37.5000 6144.8916   15.6274
   -7.5000  -37.5000  -37.5000 6762.6460   15.3443
    0.0000  -37.5000  -37.5000 7006.2676   15.3069
    7.5000  -37.5000  -37.5000 6742.6807   15.3159
   -7.5000  -30.0000  -37.5000 7686.2842   15.1967
    0.0000  -30.0000  -37.5000 7974.3315   15.1613
    7.5000  -30.0000  -37.5000 7652.0723   15.1685
   -7.5000  -22.5000  -37.5000 8614.9199   15.1931
    0.0000  -22.5000  -37.5000 8956.4893   15.1583
    7.5000  -22.5000  -37.5000 8559.7598   15.1646
   -7.5000  -15.0000  -37.5000 9578.0859   15.2160
    0.0000  -15.0000  -37.5000 9977.2471   15.1805
    7.5000  -15.0000  -37.5000 9520.4141   15.1876
   -7.5000   -7.5000  -37.500010482.9297   15.2397
    0.0000   -7.5000  -37.500010934.4141   15.2024
    7.5000   -7.5000  -37.500010420.6709   15.2105
   -7.5000    0.0000  -37.500011264.1768   15.2423
    0.0000    0.0000  -37.500011738.1846   15.2042
    7.5000    0.0000  -37.500011198.7812   15.2133
   -7.5000    7.5000  -37.500011152.9883   15.2188
    0.0000    7.5000  -37.500011668.1406   15.1820
    7.5000    7.5000  -37.500011088.3447   15.1909
   -7.5000   15.0000  -37.500010955.1611   15.1934
    0.0000   15.0000  -37.500011462.5166   15.1580
    7.5000   15.0000  -37.500010863.7900   15.1652
   -7.5000   22.5000  -37.500010653.6807   15.1910
    0.0000   22.5000  -37.500011122.1982   15.1562
    7.5000   22.5000  -37.500010534.0293   15.1625
   -7.5000   30.0000  -37.500010384.0078   15.0132
    0.0000   30.0000  -37.500010846.3916   14.9782
    7.5000   30.0000  -37.500010259.0811   14.9852
   -7.5000   37.5000  -37.500010504.2324   15.0366
    0.0000   37.5000  -37.500010970.2754   14.9998
    7.5000   37.5000  -37.500010381.9336   15.0078
   -7.5000   45.0000  -37.5000 9963.0908   14.6573
    0.0000   45.0000  -37.500010379.5410   14.6206
    7.5000   45.0000  -37.5000 9795.0654   14.6294
   -7.5000  -45.0000  -30.0000 6753.2495   16.3230
    0.0000  -45.0000  -30.0000 6992.7119   16.2730
    7.5000  -45.0000  -30.0000 6706.2212   16.2813
   -7.5000  -37.5000  -30.0000 7399.5215   15.9917
    0.0000  -37.5000  -30.0000 7669.3350   15.9422
    7.5000  -37.5000  -30.0000 7353.5693   15.9481
   -7.5000  -30.0000  -30.0000 8387.6855   15.8391
    0.0000  -30.0000  -30.0000 8715.6016   15.7912
    7.5000  -30.0000  -30.0000 8333.3369   15.7949
   -7.5000  -22.5000  -30.0000 9425.9053   15.8393
    0.0000  -22.5000  -30.0000 9813.4844   15.7954
    7.5000  -22.5000  -30.0000 9350.0703   15.8015
   -7.5000  -15.0000  -30.000010467.1338   15.8664
    0.0000  -15.0000  -30.000010912.9053   15.8255
    7.5000  -15.0000  -30.000010389.3779   15.8355
   -7.5000   -7.5000  -30.000011459.3066   15.8894
    0.0000   -7.5000  -30.000011939.4150   15.8469
    7.5000   -7.5000  -30.000011365.4434   15.8579
   -7.5000    0.0000  -30.000012286.9551   15.8876
    0.0000    0.0000  -30.000012816.9219   15.8412
    7.5000    0.0000  -30.000012204.4531   15.8504
   -7.5000    7.5000  -30.000012174.5459   15.8608
    0.0000    7.5000  -30.000012725.8252   15.8121
    7.5000    7.5000  -30.000012082.2500   15.8179
   -7.5000   15.0000  -30.000011937.0566   15.8356
    0.0000   15.0000  -30.000012494.5186   15.7878
    7.5000   15.0000  -30.000011819.3369   15.7914
   -7.5000   22.5000  -30.000011564.2803   15.8355
    0.0000   22.5000  -30.000012095.6006   15.7916
    7.5000   22.5000  -30.000011444.0869   15.7977
   -7.5000   30.0000  -30.000011243.3281   15.6564
    0.0000   30.0000  -30.000011753.1211   15.6161
    7.5000   30.0000  -30.000011101.4277   15.6259
   -7.5000   37.5000  -30.000011348.0938   15.6791
    0.0000   37.5000  -30.000011865.2217   15.6372
    7.5000   37.5000  -30.000011210.4365   15.6480
   -7.5000   45.0000  -30.000010716.3662   15.2891
    0.0000   45.0000  -30.000011195.2861   15.2444
    7.5000   45.0000  -30.000010554.6328   15.2532
   -7.5000  -45.0000  -22.5000 7347.1489   16.9153
    0.0000  -45.0000  -22.5000 7604.3296   16.8615
    7.5000  -45.0000  -22.5000 7288.6636   16.8769
   -7.5000  -37.5000  -22.5000 8038.2114   16.5684
    0.0000  -37.5000  -22.5000 8344.9541   16.5115
    7.5000  -37.5000  -22.5000 7984.8027   16.5218
   -7.5000  -30.0000  -22.5000 9118.1348   16.4134
    0.0000  -30.0000  -22.5000 9497.3730   16.3553
    7.5000  -30.0000  -22.5000 9051.1904   16.3627
   -7.5000  -22.5000  -22.500010220.5889   16.4216
    0.0000  -22.5000  -22.500010668.9971   16.3681
    7.5000  -22.5000  -22.500010155.3086   16.3792
   -7.5000  -15.0000  -22.500011337.6348   16.4536
    0.0000  -15.0000  -22.500011852.8330   16.4065
    7.5000  -15.0000  -22.500011280.5645   16.4234
   -7.5000   -7.5000  -22.500012387.7500   16.4727
    0.0000   -7.5000  -22.500012930.0195   16.4271
    7.5000   -7.5000  -22.500012311.1387   16.4459
   -7.5000    0.0000  -22.500013278.7559   16.4634
    0.0000    0.0000  -22.500013879.7783   16.4133
    7.5000    0.0000  -22.500013199.6670   16.4292
   -7.5000    7.5000  -22.500013166.7002   16.4323
    0.0000    7.5000  -22.500013769.5459   16.3764
    7.5000    7.5000  -22.500013079.1611   16.3866
   -7.5000   15.0000  -22.500012912.7256   16.4098
    0.0000   15.0000  -22.500013536.2305   16.3518
    7.5000   15.0000  -22.500012775.4521   16.3592
   -7.5000   22.5000  -22.500012505.7129   16.4165
    0.0000   22.5000  -22.500013097.6436   16.3631
    7.5000   22.5000  -22.500012374.0684   16.3741
   -7.5000   30.0000  -22.500012117.7275   16.2384
    0.0000   30.0000  -22.500012671.5742   16.1919
    7.5000   30.0000  -22.500011969.0186   16.2085
   -7.5000   37.5000  -22.500012197.0518   16.2572
    0.0000   37.5000  -22.500012750.2266   16.2122
    7.5000   37.5000  -22.500012043.9648   16.2308
   -7.5000   45.0000  -22.500011462.4180   15.8551
    0.0000   45.0000  -22.500011977.9980   15.8068
    7.5000   45.0000  -22.500011282.5186   15.8221
   -7.5000  -45.0000  -15.0000 7911.6484   17.3489
    0.0000  -45.0000  -15.0000 8199.9180   17.2967
    7.5000  -45.0000  -15.0000 7856.7046   17.3199
   -7.5000  -37.5000  -15.0000 8672.3301   16.9894
    0.0000  -37.5000  -15.0000 9017.9199   16.9336
    7.5000  -37.5000  -15.0000 8622.4248   16.9523
   -7.5000  -30.0000  -15.0000 9862.6064   16.8312
    0.0000  -30.0000  -15.000010272.6553   16.7725
    7.5000  -30.0000  -15.0000 9788.0508   16.7870
   -7.5000  -22.5000  -15.000011042.1631   16.8446
    0.0000  -22.5000  -15.000011525.4336   16.7878
    7.5000  -22.5000  -15.000010985.6270   16.8035
   -7.5000  -15.0000  -15.000012222.0986   16.8804
    0.0000  -15.0000  -15.000012779.7822   16.8296
    7.5000  -15.0000  -15.000012175.5049   16.8497
   -7.5000   -7.5000  -15.000013332.6553   16.8980
    0.0000   -7.5000  -15.000013928.0293   16.8514
    7.5000   -7.5000  -15.000013288.8604   16.8753
   -7.5000    0.0000  -15.000014284.0293   16.8843
    0.0000    0.0000  -15.000014931.7588   16.8357
    7.5000    0.0000  -15.000014229.4189   16.8588
   -7.5000    7.5000  -15.000014134.1523   16.8496
    0.0000    7.5000  -15.000014794.7656   16.7948
    7.5000    7.5000  -15.000014074.4189   16.8132
   -7.5000   15.0000  -15.000013802.2334   16.8275
    0.0000   15.0000  -15.000014508.4941   16.7689
    7.5000   15.0000  -15.000013731.0049   16.7833
   -7.5000   22.5000  -15.000013402.2715   16.8386
    0.0000   22.5000  -15.000014060.0010   16.7818
    7.5000   22.5000  -15.000013310.0908   16.7975
   -7.5000   30.0000  -15.000012980.8740   16.6620
    0.0000   30.0000  -15.000013600.3604   16.6118
    7.5000   30.0000  -15.000012832.5156   16.6317
   -7.5000   37.5000  -15.000013041.6006   16.6793
    0.0000   37.5000  -15.000013640.7988   16.6333
    7.5000   37.5000  -15.000012866.9883   16.6569
   -7.5000   45.0000  -15.000012178.3613   16.2703
    0.0000   45.0000  -15.000012734.2979   16.2234
    7.5000   45.0000  -15.000011997.8633   16.2457
   -7.5000  -45.0000   -7.5000 8512.8037   17.5434
    0.0000  -45.0000   -7.5000 8843.1172   17.4972
    7.5000  -45.0000   -7.5000 8489.0449   17.5194
   -7.5000  -37.5000   -7.5000 9376.5264   17.1806
    0.0000  -37.5000   -7.5000 9761.4170   17.1350
    7.5000  -37.5000   -7.5000 9342.2344   17.1566
   -7.5000  -30.0000   -7.500010652.8271   17.0174
    0.0000  -30.0000   -7.500011117.0576   16.9699
    7.5000  -30.0000   -7.500010603.2451   16.9877
   -7.5000  -22.5000   -7.500011918.3359   17.0260
    0.0000  -22.5000   -7.500012447.4014   16.9768
    7.5000  -22.5000   -7.500011869.6074   16.9917
   -7.5000  -15.0000   -7.500013153.3701   17.0604
    0.0000  -15.0000   -7.500013770.6533   17.0128
    7.5000  -15.0000   -7.500013139.3848   17.0282
   -7.5000   -7.5000   -7.500014346.7324   17.0821
    0.0000   -7.5000   -7.500015008.4238   17.0380
    7.5000   -7.5000   -7.500014332.6289   17.0574
   -7.5000    0.0000   -7.500015363.8379   17.0734
    0.0000    0.0000   -7.500016061.5977   17.0305
    7.5000    0.0000   -7.500015343.7930   17.0527
   -7.5000    7.5000   -7.500015113.8252   17.0395
    0.0000    7.5000   -7.500015890.7021   16.9947
    7.5000    7.5000   -7.500015120.0088   17.0159
   -7.5000   15.0000   -7.500014686.6152   17.0136
    0.0000   15.0000   -7.500015453.8008   16.9662
    7.5000   15.0000   -7.500014686.0264   16.9840
   -7.5000   22.5000   -7.500014261.4150   17.0181
    0.0000   22.5000   -7.500014978.8477   16.9689
    7.5000   22.5000   -7.500014219.6416   16.9838
   -7.5000   30.0000   -7.500013841.0303   16.8391
    0.0000   30.0000   -7.500014503.0205   16.7922
    7.5000   30.0000   -7.500013731.2627   16.8074
   -7.5000   37.5000   -7.500013877.2871   16.8605
    0.0000   37.5000   -7.500014520.9346   16.8171
    7.5000   37.5000   -7.500013738.1299   16.8362
   -7.5000   45.0000   -7.500012902.9375   16.4556
    0.0000   45.0000   -7.500013533.5342   16.4142
    7.5000   45.0000   -7.500012765.1787   16.4356
   -7.5000  -45.0000    0.0000 9092.5605   17.5453
    0.0000  -45.0000    0.0000 9478.7080   17.5037
    7.5000  -45.0000    0.0000 9078.9873   17.5188
   -7.5000  -37.5000    0.0000 9996.5752   17.1882
    0.0000  -37.5000    0.000010449.0205   17.1512
    7.5000  -37.5000    0.0000 9991.0791   17.1687
   -7.5000  -30.0000    0.000011345.1426   17.0231
    0.0000  -30.0000    0.000011873.0635   16.9866
    7.5000  -30.0000    0.000011334.3857   17.0015
   -7.5000  -22.5000    0.000012671.2412   17.0222
    0.0000  -22.5000    0.000013270.6035   16.9832
    7.5000  -22.5000    0.000012663.6143   16.9943
   -7.5000  -15.0000    0.000013955.3721   17.0501
    0.0000  -15.0000    0.000014621.2529   17.0093
    7.5000  -15.0000    0.000013980.7168   17.0191
   -7.5000   -7.5000    0.000015216.5547   17.0757
    0.0000   -7.5000    0.000015904.3516   17.0354
    7.5000   -7.5000    0.000015253.4111   17.0475
   -7.5000    0.0000    0.000016353.1631   17.0760
    0.0000    0.0000    0.000017109.5312   17.0376
    7.5000    0.0000    0.000016381.3018   17.0532
   -7.5000    7.5000    0.000016017.2334   17.0475
    0.0000    7.5000    0.000016856.6719   17.0111
    7.5000    7.5000    0.000016067.9463   17.0283
   -7.5000   15.0000    0.000015496.7266   17.0193
    0.0000   15.0000    0.000016291.1367   16.9828
    7.5000   15.0000    0.000015587.8994   16.9978
   -7.5000   22.5000    0.000015040.1670   17.0144
    0.0000   22.5000    0.000015753.9834   16.9753
    7.5000   22.5000    0.000015080.6064   16.9865
   -7.5000   30.0000    0.000014596.6396   16.8294
    0.0000   30.0000    0.000015263.7979   16.7892
    7.5000   30.0000    0.000014584.0762   16.7988
   -7.5000   37.5000    0.000014585.7549   16.8547
    0.0000   37.5000    0.000015250.2773   16.8150
    7.5000   37.5000    0.000014540.7158   16.8269
   -7.5000   45.0000    0.000013503.6895   16.4593
    0.0000   45.0000    0.000014164.0996   16.4223
    7.5000   45.0000    0.000013472.3604   16.4373
   -7.5000  -45.0000    7.5000 8916.8389   17.5222
    0.0000  -45.0000    7.5000 9306.3379   17.4761
    7.5000  -45.0000    7.5000 8904.0195   17.4854
   -7.5000  -37.5000    7.5000 9828.9316   17.1686
    0.0000  -37.5000    7.500010297.5381   17.1268
    7.5000  -37.5000    7.5000 9822.7500   17.1369
   -7.5000  -30.0000    7.500011179.3281   17.0036
    0.0000  -30.0000    7.500011706.8848   16.9640
    7.5000  -30.0000    7.500011166.6094   16.9720
   -7.5000  -22.5000    7.500012467.3350   16.9995
    0.0000  -22.5000    7.500013047.0674   16.9606
    7.5000  -22.5000    7.500012480.3193   16.9677
   -7.5000  -15.0000    7.500013680.4941   17.0251
    0.0000  -15.0000    7.500014306.6211   16.9854
    7.5000  -15.0000    7.500013728.5752   16.9934
   -7.5000   -7.5000    7.500014920.1963   17.0517
    0.0000   -7.5000    7.500015582.5459   17.0100
    7.5000   -7.5000    7.500014994.9453   17.0190
   -7.5000    0.0000    7.500016123.0469   17.0545
    0.0000    0.0000    7.500016949.7734   17.0119
    7.5000    0.0000    7.500016212.3750   17.0221
   -7.5000    7.5000    7.500015765.3975   17.0283
    0.0000    7.5000    7.500016504.6270   16.9871
    7.5000    7.5000    7.500015891.6484   16.9971
   -7.5000   15.0000    7.500015217.4375   16.9998
    0.0000   15.0000    7.500015854.6738   16.9603
    7.5000   15.0000    7.500015393.9629   16.9683
   -7.5000   22.5000    7.500014770.9980   16.9917
    0.0000   22.5000    7.500015368.9854   16.9528
    7.5000   22.5000    7.500014917.4443   16.9599
   -7.5000   30.0000    7.500014318.5645   16.8048
    0.0000   30.0000    7.500014918.1885   16.7656
    7.5000   30.0000    7.500014427.1055   16.7735
   -7.5000   37.5000    7.500014312.3975   16.8310
    0.0000   37.5000    7.500014911.3799   16.7898
    7.5000   37.5000    7.500014332.8037   16.7988
   -7.5000   45.0000    7.500013226.0049   16.4386
    0.0000   45.0000    7.500013828.1914   16.3975
    7.5000   45.0000    7.500013230.5918   16.4074
   -7.5000  -45.0000   15.0000 8641.8916   17.5282
    0.0000  -45.0000   15.0000 9034.8594   17.4745
    7.5000  -45.0000   15.0000 8624.8203   17.4834
   -7.5000  -37.5000   15.0000 9532.7148   17.1725
    0.0000  -37.5000   15.0000 9989.5938   17.1194
    7.5000  -37.5000   15.0000 9501.0557   17.1256
   -7.5000  -30.0000   15.000010820.6787   17.0086
    0.0000  -30.0000   15.000011329.2197   16.9572
    7.5000  -30.0000   15.000010789.2324   16.9611
   -7.5000  -22.5000   15.000012057.5430   17.0088
    0.0000  -22.5000   15.000012601.3672   16.9617
    7.5000  -22.5000   15.000012040.0586   16.9683
   -7.5000  -15.0000   15.000013218.8164   17.0379
    0.0000  -15.0000   15.000013807.0439   16.9940
    7.5000  -15.0000   15.000013267.8545   17.0047
   -7.5000   -7.5000   15.000014359.0771   17.0626
    0.0000   -7.5000   15.000015008.0723   17.0169
    7.5000   -7.5000   15.000014467.3691   17.0287
   -7.5000    0.0000   15.000015468.4180   17.0607
    0.0000    0.0000   15.000016171.4473   17.0109
    7.5000    0.0000   15.000015526.2910   17.0207
   -7.5000    7.5000   15.000015218.4785   17.0319
    0.0000    7.5000   15.000015741.2148   16.9796
    7.5000    7.5000   15.000015295.5361   16.9858
   -7.5000   15.0000   15.000014778.4834   17.0048
    0.0000   15.0000   15.000015177.5850   16.9535
    7.5000   15.0000   15.000014887.4844   16.9574
   -7.5000   22.5000   15.000014397.4805   17.0010
    0.0000   22.5000   15.000014804.7324   16.9539
    7.5000   22.5000   15.000014478.5537   16.9604
   -7.5000   30.0000   15.000013974.7686   16.8174
    0.0000   30.0000   15.000014407.3076   16.7740
    7.5000   30.0000   15.000013983.5098   16.7846
   -7.5000   37.5000   15.000013934.3242   16.8418
    0.0000   37.5000   15.000014385.9580   16.7967
    7.5000   37.5000   15.000013847.2900   16.8084
   -7.5000   45.0000   15.000012836.6328   16.4445
    0.0000   45.0000   15.000013286.7002   16.3965
    7.5000   45.0000   15.000012732.4609   16.4060
   -7.5000  -45.0000   22.5000 8230.8691   17.5594
    0.0000  -45.0000   22.5000 8611.8906   17.5036
    7.5000  -45.0000   22.5000 8255.2715   17.5196
   -7.5000  -37.5000   22.5000 9080.2510   17.1993
    0.0000  -37.5000   22.5000 9515.6123   17.1402
    7.5000  -37.5000   22.5000 9080.5342   17.1510
   -7.5000  -30.0000   22.500010320.6885   17.0384
    0.0000  -30.0000   22.500010807.5928   16.9782
    7.5000  -30.0000   22.500010296.5674   16.9858
   -7.5000  -22.5000   22.500011512.3447   17.0469
    0.0000  -22.5000   22.500012053.5576   16.9914
    7.5000  -22.5000   22.500011496.5029   17.0029
   -7.5000  -15.0000   22.500012654.4873   17.0801
    0.0000  -15.0000   22.500013256.8662   17.0312
    7.5000  -15.0000   22.500012667.3672   17.0488
   -7.5000   -7.5000   22.500013734.9229   17.1000
    0.0000   -7.5000   22.500014383.2559   17.0526
    7.5000   -7.5000   22.500013759.9502   17.0721
   -7.5000    0.0000   22.500014755.3135   17.0903
    0.0000    0.0000   22.500015359.5938   17.0383
    7.5000    0.0000   22.500014685.3818   17.0548
   -7.5000    7.5000   22.500014637.4482   17.0581
    0.0000    7.5000   22.500015096.1064   17.0000
    7.5000    7.5000   22.500014471.1611   17.0106
   -7.5000   15.0000   22.500014362.2393   17.0346
    0.0000   15.0000   22.500014740.9883   16.9744
    7.5000   15.0000   22.500014139.7939   16.9821
   -7.5000   22.5000   22.500014016.6553   17.0390
    0.0000   22.5000   22.500014387.9238   16.9836
    7.5000   22.5000   22.500013790.6631   16.9951
   -7.5000   30.0000   22.500013505.2217   16.8591
    0.0000   30.0000   22.500013896.0049   16.8108
    7.5000   30.0000   22.500013299.1123   16.8281
   -7.5000   37.5000   22.500013346.1406   16.8787
    0.0000   37.5000   22.500013736.3584   16.8319
    7.5000   37.5000   22.500013136.6055   16.8512
   -7.5000   45.0000   22.500012200.1123   16.4731
    0.0000   45.0000   22.500012595.2393   16.4230
    7.5000   45.0000   22.500012060.0244   16.4389
   -7.5000  -45.0000   30.0000 7740.7891   17.5873
    0.0000  -45.0000   30.0000 8098.3472   17.5344
    7.5000  -45.0000   30.0000 7766.3335   17.5579
   -7.5000  -37.5000   30.0000 8524.7139   17.2229
    0.0000  -37.5000   30.0000 8935.9189   17.1663
    7.5000  -37.5000   30.0000 8554.7646   17.1852
   -7.5000  -30.0000   30.0000 9698.1064   17.0625
    0.0000  -30.0000   30.000010161.4717   17.0031
    7.5000  -30.0000   30.0000 9697.2178   17.0177
   -7.5000  -22.5000   30.000010847.5615   17.0761
    0.0000  -22.5000   30.000011363.3193   17.0185
    7.5000  -22.5000   30.000010810.6650   17.0344
   -7.5000  -15.0000   30.000011929.5859   17.1124
    0.0000  -15.0000   30.000012503.8164   17.0609
    7.5000  -15.0000   30.000011889.5566   17.0813
   -7.5000   -7.5000   30.000012950.3018   17.1303
    0.0000   -7.5000   30.000013569.0234   17.0830
    7.5000   -7.5000   30.000012919.0703   17.1072
   -7.5000    0.0000   30.000013888.1035   17.1164
    0.0000    0.0000   30.000014440.5879   17.0670
    7.5000    0.0000   30.000013787.1094   17.0905
   -7.5000    7.5000   30.000013730.5518   17.0812
    0.0000    7.5000   30.000014191.0439   17.0257
    7.5000    7.5000   30.000013587.3809   17.0443
   -7.5000   15.0000   30.000013417.1221   17.0588
    0.0000   15.0000   30.000013887.6006   16.9993
    7.5000   15.0000   30.000013285.9131   17.0139
   -7.5000   22.5000   30.000013073.8086   17.0682
    0.0000   22.5000   30.000013549.3057   17.0107
    7.5000   22.5000   30.000012950.1240   17.0265
   -7.5000   30.0000   30.000012645.8457   16.8910
    0.0000   30.0000   30.000013104.6094   16.8401
    7.5000   30.0000   30.000012514.0732   16.8602
   -7.5000   37.5000   30.000012487.9307   16.9086
    0.0000   37.5000   30.000012919.4541   16.8619
    7.5000   37.5000   30.000012334.5361   16.8858
   -7.5000   45.0000   30.000011437.6973   16.4982
    0.0000   45.0000   30.000011856.1201   16.4507
    7.5000   45.0000   30.000011318.0225   16.4733
   -7.5000  -45.0000   37.5000 7510.6348   17.5913
    0.0000  -45.0000   37.5000 7847.7036   17.5448
    7.5000  -45.0000   37.5000 7507.2090   17.5671
   -7.5000  -37.5000   37.5000 8278.9268   17.2272
    0.0000  -37.5000   37.5000 8664.9297   17.1814
    7.5000  -37.5000   37.5000 8266.1943   17.2031
   -7.5000  -30.0000   37.5000 9406.0898   17.0635
    0.0000  -30.0000   37.5000 9876.2383   17.0158
    7.5000  -30.0000   37.5000 9384.5020   17.0337
   -7.5000  -22.5000   37.500010492.8525   17.0721
    0.0000  -22.5000   37.500011023.5938   17.0227
    7.5000  -22.5000   37.500010449.7041   17.0376
   -7.5000  -15.0000   37.500011509.6973   17.1066
    0.0000  -15.0000   37.500012090.9980   17.0588
    7.5000  -15.0000   37.500011480.7441   17.0742
   -7.5000   -7.5000   37.500012472.9697   17.1283
    0.0000   -7.5000   37.500013070.8975   17.0841
    7.5000   -7.5000   37.500012454.7246   17.1035
   -7.5000    0.0000   37.500013333.0840   17.1197
    0.0000    0.0000   37.500013893.9834   17.0765
    7.5000    0.0000   37.500013289.0010   17.0988
   -7.5000    7.5000   37.500013168.1445   17.0856
    0.0000    7.5000   37.500013684.3193   17.0407
    7.5000    7.5000   37.500013125.3525   17.0619
   -7.5000   15.0000   37.500012873.9629   17.0597
    0.0000   15.0000   37.500013366.3604   17.0121
    7.5000   15.0000   37.500012836.5186   17.0299
   -7.5000   22.5000   37.500012527.5908   17.0642
    0.0000   22.5000   37.500013014.8955   17.0148
    7.5000   22.5000   37.500012504.2451   17.0297
   -7.5000   30.0000   37.500012156.4199   16.8852
    0.0000   30.0000   37.500012618.1562   16.8380
    7.5000   30.0000   37.500012123.7461   16.8533
   -7.5000   37.5000   37.500012006.6572   16.9067
    0.0000   37.5000   37.500012445.6465   16.8630
    7.5000   37.5000   37.500011926.1387   16.8822
   -7.5000   45.0000   37.500011037.0420   16.5014
    0.0000   45.0000   37.500011441.8486   16.4598
    7.5000   45.0000   37.500010956.1572   16.4813
   -7.5000  -45.0000   45.0000 6936.7256   17.6221
    0.0000  -45.0000   45.0000 7221.9800   17.5801
    7.5000  -45.0000   45.0000 6927.7559   17.5960
   -7.5000  -37.5000   45.0000 7643.4478   17.2592
    0.0000  -37.5000   45.0000 7995.6318   17.2220
    7.5000  -37.5000   45.0000 7635.6802   17.2403
   -7.5000  -30.0000   45.0000 8651.8291   17.0917
    0.0000  -30.0000   45.0000 9106.0918   17.0549
    7.5000  -30.0000   45.0000 8659.3125   17.0708
   -7.5000  -22.5000   45.0000 9652.4385   17.0913
    0.0000  -22.5000   45.000010152.0977   17.0519
    7.5000  -22.5000   45.0000 9646.9082   17.0640
   -7.5000  -15.0000   45.000010585.6934   17.1199
    0.0000  -15.0000   45.000011120.0498   17.0789
    7.5000  -15.0000   45.000010579.8066   17.0895
   -7.5000   -7.5000   45.000011445.9863   17.1458
    0.0000   -7.5000   45.000012019.4141   17.1052
    7.5000   -7.5000   45.000011449.3379   17.1181
   -7.5000    0.0000   45.000012209.6631   17.1457
    0.0000    0.0000   45.000012770.7578   17.1070
    7.5000    0.0000   45.000012197.7646   17.1233
   -7.5000    7.5000   45.000012048.1143   17.1164
    0.0000    7.5000   45.000012570.8232   17.0798
    7.5000    7.5000   45.000012027.8252   17.0977
   -7.5000   15.0000   45.000011778.0391   17.0879
    0.0000   15.0000   45.000012273.1318   17.0512
    7.5000   15.0000   45.000011768.7529   17.0670
   -7.5000   22.5000   45.000011474.1094   17.0833
    0.0000   22.5000   45.000011939.4443   17.0440
    7.5000   22.5000   45.000011463.0508   17.0561
   -7.5000   30.0000   45.000011165.3311   16.8968
    0.0000   30.0000   45.000011595.3848   16.8564
    7.5000   30.0000   45.000011119.8125   16.8668
   -7.5000   37.5000   45.000011021.5713   16.9224
    0.0000   37.5000   45.000011447.5312   16.8824
    7.5000   37.5000   45.000010951.7607   16.8951
   -7.5000   45.0000   45.000010142.4678   16.5339
    0.0000   45.0000   45.000010537.0645   16.4966
    7.5000   45.0000   45.000010082.0166   16.5124

---------------------------------------------------------------------
imgreg_4dfp /opt/freesurfer/average/711-2C_as_mni_average_305 /opt/freesurfer/average/711-2B_as_mni_average_305_mask talsrcimg_g11 none talsrcimg_to_711-2C_as_mni_average_305_t4 4355
---------------------------------------------------------------------

freesurfer imgreg_4dfp.c
/opt/freesurfer/average/711-2C_as_mni_average_305.4dfp.img
       256       256       256         1
  1.000000  1.000000  1.000000
orientation T byte_order littleendian
Reading image: /opt/freesurfer/average/711-2C_as_mni_average_305.4dfp.img
dimensions:      256       256       256
mmppix:       1.0000   -1.0000   -1.0000
center:     128.0000 -129.0000 -129.0000
/opt/freesurfer/average/711-2B_as_mni_average_305_mask.4dfp.img
       256       256       256         1
  1.000000  1.000000  1.000000
orientation T byte_order littleendian
Reading mask: /opt/freesurfer/average/711-2B_as_mni_average_305_mask.4dfp.img (2306576 pixels)
talsrcimg_g11.4dfp.img
       256       256       256         1
  1.000000  1.000000  1.000000
orientation T byte_order littleendian
Reading image: talsrcimg_g11.4dfp.img
dimensions:      256       256       256
mmppix:       1.0000   -1.0000   -1.0000
center:     128.0000 -129.0000 -129.0000
rotation matrix determinant  1.000000
image alignment mode   4355 decimal     1103 hex
   -7.5000  -45.0000  -45.0000 1669.4594   27.0226
    0.0000  -45.0000  -45.0000 1668.8665   26.8481
    7.5000  -45.0000  -45.0000 1649.4633   27.1954
   -7.5000  -37.5000  -45.0000 1793.1218   23.4787
    0.0000  -37.5000  -45.0000 1794.9319   23.3265
    7.5000  -37.5000  -45.0000 1775.5609   23.7257
   -7.5000  -30.0000  -45.0000 1915.7437   20.7918
    0.0000  -30.0000  -45.0000 1916.3129   20.6409
    7.5000  -30.0000  -45.0000 1898.6304   21.0366
   -7.5000  -22.5000  -45.0000 2014.5210   18.9044
    0.0000  -22.5000  -45.0000 2017.9418   18.7770
    7.5000  -22.5000  -45.0000 1992.5328   19.0319
   -7.5000  -15.0000  -45.0000 2099.2485   17.5445
    0.0000  -15.0000  -45.0000 2105.9751   17.4760
    7.5000  -15.0000  -45.0000 2078.8555   17.6536
   -7.5000   -7.5000  -45.0000 2162.7659   16.4832
    0.0000   -7.5000  -45.0000 2172.0063   16.4609
    7.5000   -7.5000  -45.0000 2146.0830   16.5953
   -7.5000    0.0000  -45.0000 2201.1155   15.6819
    0.0000    0.0000  -45.0000 2201.5999   15.6653
    7.5000    0.0000  -45.0000 2184.6765   15.7701
   -7.5000    7.5000  -45.0000 2219.6792   15.1729
    0.0000    7.5000  -45.0000 2223.5906   15.1337
    7.5000    7.5000  -45.0000 2208.7915   15.2553
   -7.5000   15.0000  -45.0000 2219.7415   15.0444
    0.0000   15.0000  -45.0000 2225.7646   15.0092
    7.5000   15.0000  -45.0000 2210.1799   15.1489
   -7.5000   22.5000  -45.0000 2202.4507   15.1857
    0.0000   22.5000  -45.0000 2210.4048   15.1653
    7.5000   22.5000  -45.0000 2188.4609   15.3478
   -7.5000   30.0000  -45.0000 2173.5898   15.6303
    0.0000   30.0000  -45.0000 2181.1621   15.5474
    7.5000   30.0000  -45.0000 2161.2529   15.7516
   -7.5000   37.5000  -45.0000 2132.0381   16.3564
    0.0000   37.5000  -45.0000 2140.4380   16.2689
    7.5000   37.5000  -45.0000 2125.4646   16.5011
   -7.5000   45.0000  -45.0000 2074.9709   17.4765
    0.0000   45.0000  -45.0000 2084.1040   17.4129
    7.5000   45.0000  -45.0000 2065.4626   17.6771
   -7.5000  -45.0000  -37.5000 1750.9745   24.7463
    0.0000  -45.0000  -37.5000 1754.2032   24.6175
    7.5000  -45.0000  -37.5000 1735.8545   25.0038
   -7.5000  -37.5000  -37.5000 1876.9800   21.5090
    0.0000  -37.5000  -37.5000 1882.8431   21.3823
    7.5000  -37.5000  -37.5000 1866.0502   21.7463
   -7.5000  -30.0000  -37.5000 2006.5409   19.0056
    0.0000  -30.0000  -37.5000 2011.5153   18.9546
    7.5000  -30.0000  -37.5000 1994.1835   19.2353
   -7.5000  -22.5000  -37.5000 2109.9062   17.2325
    0.0000  -22.5000  -37.5000 2115.9832   17.2077
    7.5000  -22.5000  -37.5000 2094.5383   17.4127
   -7.5000  -15.0000  -37.5000 2201.6357   15.9882
    0.0000  -15.0000  -37.5000 2210.8315   15.9716
    7.5000  -15.0000  -37.5000 2188.1567   16.1277
   -7.5000   -7.5000  -37.5000 2267.3264   15.0526
    0.0000   -7.5000  -37.5000 2274.2212   15.0433
    7.5000   -7.5000  -37.5000 2253.4111   15.1494
   -7.5000    0.0000  -37.5000 2309.6631   14.3036
    0.0000    0.0000  -37.5000 2311.9246   14.2880
    7.5000    0.0000  -37.5000 2294.7319   14.3649
   -7.5000    7.5000  -37.5000 2332.0962   13.8352
    0.0000    7.5000  -37.5000 2340.4690   13.8006
    7.5000    7.5000  -37.5000 2318.6809   13.8934
   -7.5000   15.0000  -37.5000 2332.1641   13.7090
    0.0000   15.0000  -37.5000 2341.9573   13.6860
    7.5000   15.0000  -37.5000 2321.3936   13.7943
   -7.5000   22.5000  -37.5000 2307.4487   13.8479
    0.0000   22.5000  -37.5000 2317.6294   13.8512
    7.5000   22.5000  -37.5000 2301.7073   13.9476
   -7.5000   30.0000  -37.5000 2282.4861   14.2209
    0.0000   30.0000  -37.5000 2293.2244   14.1914
    7.5000   30.0000  -37.5000 2275.7576   14.3192
   -7.5000   37.5000  -37.5000 2243.3162   14.8770
    0.0000   37.5000  -37.5000 2255.4451   14.8351
    7.5000   37.5000  -37.5000 2239.7517   14.9758
   -7.5000   45.0000  -37.5000 2181.8447   15.9338
    0.0000   45.0000  -37.5000 2194.0168   15.8622
    7.5000   45.0000  -37.5000 2175.7803   16.0842
   -7.5000  -45.0000  -30.0000 1848.4781   23.5649
    0.0000  -45.0000  -30.0000 1855.8507   23.4012
    7.5000  -45.0000  -30.0000 1843.5814   23.7840
   -7.5000  -37.5000  -30.0000 1986.0918   20.4414
    0.0000  -37.5000  -30.0000 1995.6472   20.3617
    7.5000  -37.5000  -30.0000 1978.6367   20.6383
   -7.5000  -30.0000  -30.0000 2120.7451   18.0809
    0.0000  -30.0000  -30.0000 2128.3923   18.0225
    7.5000  -30.0000  -30.0000 2107.4468   18.2877
   -7.5000  -22.5000  -30.0000 2240.0503   16.3539
    0.0000  -22.5000  -30.0000 2243.0427   16.3196
    7.5000  -22.5000  -30.0000 2219.9041   16.5093
   -7.5000  -15.0000  -30.0000 2338.9597   15.1097
    0.0000  -15.0000  -30.0000 2345.7515   15.0985
    7.5000  -15.0000  -30.0000 2321.0005   15.2436
   -7.5000   -7.5000  -30.0000 2412.3125   14.1978
    0.0000   -7.5000  -30.0000 2414.1309   14.2002
    7.5000   -7.5000  -30.0000 2391.3638   14.3235
   -7.5000    0.0000  -30.0000 2456.0840   13.4980
    0.0000    0.0000  -30.0000 2459.4873   13.4867
    7.5000    0.0000  -30.0000 2438.0295   13.6010
   -7.5000    7.5000  -30.0000 2484.5620   13.0594
    0.0000    7.5000  -30.0000 2494.3005   13.0158
    7.5000    7.5000  -30.0000 2468.0081   13.1410
   -7.5000   15.0000  -30.0000 2493.6160   12.9371
    0.0000   15.0000  -30.0000 2504.6191   12.8965
    7.5000   15.0000  -30.0000 2479.3074   13.0164
   -7.5000   22.5000  -30.0000 2470.7693   13.0725
    0.0000   22.5000  -30.0000 2481.9312   13.0602
    7.5000   22.5000  -30.0000 2462.8872   13.1896
   -7.5000   30.0000  -30.0000 2442.6980   13.4461
    0.0000   30.0000  -30.0000 2454.3875   13.4179
    7.5000   30.0000  -30.0000 2435.1836   13.5400
   -7.5000   37.5000  -30.0000 2398.6760   14.1017
    0.0000   37.5000  -30.0000 2410.9392   14.0609
    7.5000   37.5000  -30.0000 2390.6279   14.2022
   -7.5000   45.0000  -30.0000 2330.6724   15.1280
    0.0000   45.0000  -30.0000 2344.3552   15.0727
    7.5000   45.0000  -30.0000 2322.8665   15.2573
   -7.5000  -45.0000  -22.5000 1924.3137   22.2863
    0.0000  -45.0000  -22.5000 1930.9911   22.1398
    7.5000  -45.0000  -22.5000 1916.1344   22.5175
   -7.5000  -37.5000  -22.5000 2069.2195   19.3331
    0.0000  -37.5000  -22.5000 2074.1155   19.2415
    7.5000  -37.5000  -22.5000 2060.3562   19.5436
   -7.5000  -30.0000  -22.5000 2211.1770   17.0737
    0.0000  -30.0000  -22.5000 2217.0354   17.0406
    7.5000  -30.0000  -22.5000 2196.8831   17.3017
   -7.5000  -22.5000  -22.5000 2334.6509   15.4130
    0.0000  -22.5000  -22.5000 2339.9841   15.4085
    7.5000  -22.5000  -22.5000 2316.7959   15.6110
   -7.5000  -15.0000  -22.5000 2439.8062   14.2186
    0.0000  -15.0000  -22.5000 2449.1375   14.2192
    7.5000  -15.0000  -22.5000 2422.9585   14.3596
   -7.5000   -7.5000  -22.5000 2518.5840   13.3154
    0.0000   -7.5000  -22.5000 2522.7817   13.3120
    7.5000   -7.5000  -22.5000 2500.2224   13.4396
   -7.5000    0.0000  -22.5000 2567.9041   12.6331
    0.0000    0.0000  -22.5000 2572.6533   12.6513
    7.5000    0.0000  -22.5000 2550.3384   12.7482
   -7.5000    7.5000  -22.5000 2609.9097   12.2230
    0.0000    7.5000  -22.5000 2618.7229   12.1983
    7.5000    7.5000  -22.5000 2589.4182   12.3346
   -7.5000   15.0000  -22.5000 2630.3706   12.0919
    0.0000   15.0000  -22.5000 2641.4695   12.0549
    7.5000   15.0000  -22.5000 2609.3716   12.2133
   -7.5000   22.5000  -22.5000 2615.7349   12.2672
    0.0000   22.5000  -22.5000 2627.9348   12.2100
    7.5000   22.5000  -22.5000 2602.4343   12.3702
   -7.5000   30.0000  -22.5000 2584.1646   12.6503
    0.0000   30.0000  -22.5000 2597.5137   12.6013
    7.5000   30.0000  -22.5000 2572.1343   12.7308
   -7.5000   37.5000  -22.5000 2531.7388   13.3070
    0.0000   37.5000  -22.5000 2546.3459   13.2613
    7.5000   37.5000  -22.5000 2518.9578   13.3924
   -7.5000   45.0000  -22.5000 2450.3638   14.2727
    0.0000   45.0000  -22.5000 2466.6572   14.2317
    7.5000   45.0000  -22.5000 2438.3643   14.3748
   -7.5000  -45.0000  -15.0000 1972.9497   21.1403
    0.0000  -45.0000  -15.0000 1977.3262   20.9873
    7.5000  -45.0000  -15.0000 1961.7051   21.4462
   -7.5000  -37.5000  -15.0000 2122.4824   18.3168
    0.0000  -37.5000  -15.0000 2131.5249   18.2423
    7.5000  -37.5000  -15.0000 2114.8591   18.6194
   -7.5000  -30.0000  -15.0000 2275.3723   16.2027
    0.0000  -30.0000  -15.0000 2279.9185   16.1421
    7.5000  -30.0000  -15.0000 2257.4607   16.4708
   -7.5000  -22.5000  -15.0000 2402.6760   14.6010
    0.0000  -22.5000  -15.0000 2406.8472   14.5743
    7.5000  -22.5000  -15.0000 2382.4463   14.8354
   -7.5000  -15.0000  -15.0000 2510.3020   13.4131
    0.0000  -15.0000  -15.0000 2522.0879   13.3783
    7.5000  -15.0000  -15.0000 2493.5823   13.5808
   -7.5000   -7.5000  -15.0000 2592.4438   12.5285
    0.0000   -7.5000  -15.0000 2603.9438   12.5142
    7.5000   -7.5000  -15.0000 2580.3274   12.6699
   -7.5000    0.0000  -15.0000 2651.2683   11.8454
    0.0000    0.0000  -15.0000 2663.4880   11.8344
    7.5000    0.0000  -15.0000 2639.9841   11.9739
   -7.5000    7.5000  -15.0000 2701.0051   11.4349
    0.0000    7.5000  -15.0000 2712.6599   11.4104
    7.5000    7.5000  -15.0000 2686.2424   11.5952
   -7.5000   15.0000  -15.0000 2732.1248   11.3099
    0.0000   15.0000  -15.0000 2744.0908   11.2598
    7.5000   15.0000  -15.0000 2713.2332   11.4372
   -7.5000   22.5000  -15.0000 2732.3916   11.4868
    0.0000   22.5000  -15.0000 2743.6047   11.4348
    7.5000   22.5000  -15.0000 2714.8562   11.5743
   -7.5000   30.0000  -15.0000 2702.2722   11.8789
    0.0000   30.0000  -15.0000 2717.2983   11.8262
    7.5000   30.0000  -15.0000 2683.1550   11.9685
   -7.5000   37.5000  -15.0000 2639.0254   12.5693
    0.0000   37.5000  -15.0000 2655.5554   12.5054
    7.5000   37.5000  -15.0000 2625.9858   12.6723
   -7.5000   45.0000  -15.0000 2543.8438   13.5019
    0.0000   45.0000  -15.0000 2558.4709   13.4385
    7.5000   45.0000  -15.0000 2534.9805   13.5977
   -7.5000  -45.0000   -7.5000 2010.1599   20.1719
    0.0000  -45.0000   -7.5000 2017.1002   20.0920
    7.5000  -45.0000   -7.5000 2009.0034   20.5281
   -7.5000  -37.5000   -7.5000 2174.4260   17.5112
    0.0000  -37.5000   -7.5000 2181.9619   17.4672
    7.5000  -37.5000   -7.5000 2168.3787   17.8054
   -7.5000  -30.0000   -7.5000 2327.5317   15.4629
    0.0000  -30.0000   -7.5000 2335.7754   15.3972
    7.5000  -30.0000   -7.5000 2312.0105   15.7100
   -7.5000  -22.5000   -7.5000 2452.5039   13.9192
    0.0000  -22.5000   -7.5000 2461.8936   13.8318
    7.5000  -22.5000   -7.5000 2437.5815   14.1312
   -7.5000  -15.0000   -7.5000 2561.7727   12.7129
    0.0000  -15.0000   -7.5000 2576.8049   12.6505
    7.5000  -15.0000   -7.5000 2552.7505   12.8914
   -7.5000   -7.5000   -7.5000 2653.8623   11.8266
    0.0000   -7.5000   -7.5000 2671.5168   11.7670
    7.5000   -7.5000   -7.5000 2646.1765   11.9637
   -7.5000    0.0000   -7.5000 2724.6345   11.1478
    0.0000    0.0000   -7.5000 2744.9814   11.1086
    7.5000    0.0000   -7.5000 2717.9841   11.2881
   -7.5000    7.5000   -7.5000 2788.1462   10.7254
    0.0000    7.5000   -7.5000 2803.8992   10.6898
    7.5000    7.5000   -7.5000 2772.4346   10.8702
   -7.5000   15.0000   -7.5000 2823.6633   10.5911
    0.0000   15.0000   -7.5000 2840.8513   10.5445
    7.5000   15.0000   -7.5000 2804.5369   10.7084
   -7.5000   22.5000   -7.5000 2829.3062   10.7644
    0.0000   22.5000   -7.5000 2845.8926   10.7092
    7.5000   22.5000   -7.5000 2808.4592   10.8684
   -7.5000   30.0000   -7.5000 2797.8779   11.1658
    0.0000   30.0000   -7.5000 2815.0510   11.0837
    7.5000   30.0000   -7.5000 2782.5386   11.2544
   -7.5000   37.5000   -7.5000 2727.7500   11.8660
    0.0000   37.5000   -7.5000 2743.2922   11.7591
    7.5000   37.5000   -7.5000 2717.6804   11.9466
   -7.5000   45.0000   -7.5000 2622.3118   12.8103
    0.0000   45.0000   -7.5000 2636.0273   12.7195
    7.5000   45.0000   -7.5000 2612.8389   12.9034
   -7.5000  -45.0000    0.0000 2039.3031   19.5778
    0.0000  -45.0000    0.0000 2049.8813   19.4861
    7.5000  -45.0000    0.0000 2041.5774   19.9484
   -7.5000  -37.5000    0.0000 2206.9890   16.9353
    0.0000  -37.5000    0.0000 2218.0051   16.8888
    7.5000  -37.5000    0.0000 2201.2935   17.2525
   -7.5000  -30.0000    0.0000 2364.8965   14.9024
    0.0000  -30.0000    0.0000 2375.7610   14.8155
    7.5000  -30.0000    0.0000 2348.5049   15.1553
   -7.5000  -22.5000    0.0000 2490.7969   13.3687
    0.0000  -22.5000    0.0000 2501.8733   13.2644
    7.5000  -22.5000    0.0000 2476.1489   13.5813
   -7.5000  -15.0000    0.0000 2599.6582   12.1967
    0.0000  -15.0000    0.0000 2615.4285   12.0801
    7.5000  -15.0000    0.0000 2594.9788   12.3553
   -7.5000   -7.5000    0.0000 2697.3208   11.2931
    0.0000   -7.5000    0.0000 2716.3887   11.1834
    7.5000   -7.5000    0.0000 2692.8774   11.4381
   -7.5000    0.0000    0.0000 2784.5403   10.6358
    0.0000    0.0000    0.0000 2808.8240   10.5444
    7.5000    0.0000    0.0000 2777.1042   10.7660
   -7.5000    7.5000    0.0000 2858.8149   10.1939
    0.0000    7.5000    0.0000 2885.8643   10.1145
    7.5000    7.5000    0.0000 2849.0957   10.3240
   -7.5000   15.0000    0.0000 2905.0537   10.0131
    0.0000   15.0000    0.0000 2933.5815    9.9446
    7.5000   15.0000    0.0000 2890.1074   10.1393
   -7.5000   22.5000    0.0000 2910.2520   10.1961
    0.0000   22.5000    0.0000 2927.4912   10.1249
    7.5000   22.5000    0.0000 2892.3513   10.3266
   -7.5000   30.0000    0.0000 2875.7393   10.6297
    0.0000   30.0000    0.0000 2890.7207   10.5187
    7.5000   30.0000    0.0000 2864.3491   10.7305
   -7.5000   37.5000    0.0000 2792.7080   11.3412
    0.0000   37.5000    0.0000 2810.6543   11.2117
    7.5000   37.5000    0.0000 2785.4397   11.4142
   -7.5000   45.0000    0.0000 2676.8491   12.2987
    0.0000   45.0000    0.0000 2691.8506   12.1847
    7.5000   45.0000    0.0000 2665.6672   12.4022
   -7.5000  -45.0000    7.5000 2057.5952   19.1887
    0.0000  -45.0000    7.5000 2070.6921   19.0882
    7.5000  -45.0000    7.5000 2055.8633   19.5706
   -7.5000  -37.5000    7.5000 2227.6428   16.6020
    0.0000  -37.5000    7.5000 2246.3198   16.5140
    7.5000  -37.5000    7.5000 2220.9844   16.9169
   -7.5000  -30.0000    7.5000 2385.4507   14.6216
    0.0000  -30.0000    7.5000 2401.8052   14.4703
    7.5000  -30.0000    7.5000 2375.4421   14.8495
   -7.5000  -22.5000    7.5000 2514.4282   13.0648
    0.0000  -22.5000    7.5000 2526.1230   12.9078
    7.5000  -22.5000    7.5000 2505.5322   13.2667
   -7.5000  -15.0000    7.5000 2625.8066   11.8637
    0.0000  -15.0000    7.5000 2640.9385   11.6945
    7.5000  -15.0000    7.5000 2625.1736   12.0499
   -7.5000   -7.5000    7.5000 2726.3462   10.9446
    0.0000   -7.5000    7.5000 2746.7581   10.7783
    7.5000   -7.5000    7.5000 2728.2295   11.1139
   -7.5000    0.0000    7.5000 2826.2336   10.3040
    0.0000    0.0000    7.5000 2849.9502   10.1436
    7.5000    0.0000    7.5000 2825.9932   10.4375
   -7.5000    7.5000    7.5000 2913.5930    9.8404
    0.0000    7.5000    7.5000 2948.9504    9.7442
    7.5000    7.5000    7.5000 2907.1584    9.9981
   -7.5000   15.0000    7.5000 2962.3777    9.5803
    0.0000   15.0000    7.5000 3006.7422    9.4748
    7.5000   15.0000    7.5000 2951.2908    9.8052
   -7.5000   22.5000    7.5000 2968.0449    9.8362
    0.0000   22.5000    7.5000 2996.1787    9.7017
    7.5000   22.5000    7.5000 2954.1370   10.0435
   -7.5000   30.0000    7.5000 2920.2295   10.3169
    0.0000   30.0000    7.5000 2941.7065   10.1965
    7.5000   30.0000    7.5000 2912.7104   10.4663
   -7.5000   37.5000    7.5000 2832.4236   11.0282
    0.0000   37.5000    7.5000 2854.2063   10.9063
    7.5000   37.5000    7.5000 2825.9194   11.1414
   -7.5000   45.0000    7.5000 2710.2947   11.9825
    0.0000   45.0000    7.5000 2729.5024   11.8687
    7.5000   45.0000    7.5000 2704.9160   12.0981
   -7.5000  -45.0000   15.0000 2054.6274   19.1111
    0.0000  -45.0000   15.0000 2071.9871   18.9612
    7.5000  -45.0000   15.0000 2054.2883   19.4318
   -7.5000  -37.5000   15.0000 2228.5479   16.5134
    0.0000  -37.5000   15.0000 2250.8882   16.3464
    7.5000  -37.5000   15.0000 2224.2700   16.7311
   -7.5000  -30.0000   15.0000 2383.0210   14.5235
    0.0000  -30.0000   15.0000 2404.6724   14.3310
    7.5000  -30.0000   15.0000 2379.4460   14.6747
   -7.5000  -22.5000   15.0000 2509.9924   12.9836
    0.0000  -22.5000   15.0000 2528.6128   12.7826
    7.5000  -22.5000   15.0000 2507.1931   13.1226
   -7.5000  -15.0000   15.0000 2625.4114   11.7825
    0.0000  -15.0000   15.0000 2646.3931   11.5751
    7.5000  -15.0000   15.0000 2628.2190   11.9239
   -7.5000   -7.5000   15.0000 2731.0354   10.8510
    0.0000   -7.5000   15.0000 2750.6260   10.6201
    7.5000   -7.5000   15.0000 2739.0557   11.0099
   -7.5000    0.0000   15.0000 2833.1948   10.1948
    0.0000    0.0000   15.0000 2859.8350    9.9535
    7.5000    0.0000   15.0000 2845.3296   10.3240
   -7.5000    7.5000   15.0000 2918.4143    9.7221
    0.0000    7.5000   15.0000 2957.0591    9.5096
    7.5000    7.5000   15.0000 2927.9309    9.8386
   -7.5000   15.0000   15.0000 2977.3813    9.5506
    0.0000   15.0000   15.0000 3026.3459    9.2813
    7.5000   15.0000   15.0000 2970.4197    9.7036
   -7.5000   22.5000   15.0000 2988.3840    9.7693
    0.0000   22.5000   15.0000 3028.5042    9.5475
    7.5000   22.5000   15.0000 2976.9333    9.9612
   -7.5000   30.0000   15.0000 2933.2026   10.2698
    0.0000   30.0000   15.0000 2961.4277   10.1123
    7.5000   30.0000   15.0000 2927.3125   10.4105
   -7.5000   37.5000   15.0000 2836.4272   10.9715
    0.0000   37.5000   15.0000 2861.5696   10.8170
    7.5000   37.5000   15.0000 2833.9858   11.0418
   -7.5000   45.0000   15.0000 2711.9604   11.9025
    0.0000   45.0000   15.0000 2731.0066   11.7630
    7.5000   45.0000   15.0000 2712.5864   11.9806
   -7.5000  -45.0000   22.5000 2035.2904   19.2967
    0.0000  -45.0000   22.5000 2052.3801   19.1522
    7.5000  -45.0000   22.5000 2040.7207   19.5386
   -7.5000  -37.5000   22.5000 2212.9539   16.6721
    0.0000  -37.5000   22.5000 2232.0786   16.4974
    7.5000  -37.5000   22.5000 2209.8015   16.8317
   -7.5000  -30.0000   22.5000 2371.1594   14.6460
    0.0000  -30.0000   22.5000 2393.7197   14.4629
    7.5000  -30.0000   22.5000 2367.0691   14.7862
   -7.5000  -22.5000   22.5000 2498.1792   13.1253
    0.0000  -22.5000   22.5000 2523.2546   12.9010
    7.5000  -22.5000   22.5000 2499.7686   13.2057
   -7.5000  -15.0000   22.5000 2617.1008   11.9555
    0.0000  -15.0000   22.5000 2642.9167   11.7055
    7.5000  -15.0000   22.5000 2625.3303   12.0166
   -7.5000   -7.5000   22.5000 2725.1084   11.0557
    0.0000   -7.5000   22.5000 2750.6313   10.7947
    7.5000   -7.5000   22.5000 2737.2229   11.1191
   -7.5000    0.0000   22.5000 2824.3779   10.4048
    0.0000    0.0000   22.5000 2853.5549   10.1554
    7.5000    0.0000   22.5000 2836.1526   10.4423
   -7.5000    7.5000   22.5000 2906.3098    9.9682
    0.0000    7.5000   22.5000 2932.7356    9.6636
    7.5000    7.5000   22.5000 2912.4648   10.0093
   -7.5000   15.0000   22.5000 2955.9106    9.8335
    0.0000   15.0000   22.5000 2984.2112    9.5709
    7.5000   15.0000   22.5000 2950.5029    9.8802
   -7.5000   22.5000   22.5000 2956.8022   10.0341
    0.0000   22.5000   22.5000 2991.0234    9.8281
    7.5000   22.5000   22.5000 2949.5869   10.0953
   -7.5000   30.0000   22.5000 2897.1460   10.4654
    0.0000   30.0000   22.5000 2929.9854   10.3339
    7.5000   30.0000   22.5000 2893.9001   10.5637
   -7.5000   37.5000   22.5000 2808.7292   11.1126
    0.0000   37.5000   22.5000 2832.5437   10.9933
    7.5000   37.5000   22.5000 2807.3096   11.2139
   -7.5000   45.0000   22.5000 2684.7627   12.0109
    0.0000   45.0000   22.5000 2703.4529   11.8859
    7.5000   45.0000   22.5000 2688.6299   12.1003
   -7.5000  -45.0000   30.0000 2010.0397   19.7537
    0.0000  -45.0000   30.0000 2026.3867   19.5640
    7.5000  -45.0000   30.0000 2013.2507   19.9510
   -7.5000  -37.5000   30.0000 2184.6880   17.0513
    0.0000  -37.5000   30.0000 2204.1943   16.8635
    7.5000  -37.5000   30.0000 2189.7085   17.1588
   -7.5000  -30.0000   30.0000 2347.5410   15.0097
    0.0000  -30.0000   30.0000 2368.9556   14.8175
    7.5000  -30.0000   30.0000 2348.6746   15.0817
   -7.5000  -22.5000   30.0000 2478.0859   13.5076
    0.0000  -22.5000   30.0000 2504.5642   13.2958
    7.5000  -22.5000   30.0000 2478.3308   13.5271
   -7.5000  -15.0000   30.0000 2594.1531   12.3591
    0.0000  -15.0000   30.0000 2622.9658   12.1466
    7.5000  -15.0000   30.0000 2599.3237   12.3664
   -7.5000   -7.5000   30.0000 2696.3875   11.4849
    0.0000   -7.5000   30.0000 2727.2556   11.2806
    7.5000   -7.5000   30.0000 2704.3745   11.5074
   -7.5000    0.0000   30.0000 2788.1230   10.8440
    0.0000    0.0000   30.0000 2816.9316   10.5723
    7.5000    0.0000   30.0000 2797.3838   10.8280
   -7.5000    7.5000   30.0000 2861.3335   10.4043
    0.0000    7.5000   30.0000 2886.8660   10.0943
    7.5000    7.5000   30.0000 2864.7319   10.3887
   -7.5000   15.0000   30.0000 2893.4634   10.2495
    0.0000   15.0000   30.0000 2917.9329   10.0057
    7.5000   15.0000   30.0000 2895.0256   10.2711
   -7.5000   22.5000   30.0000 2881.6772   10.4296
    0.0000   22.5000   30.0000 2914.8342   10.2142
    7.5000   22.5000   30.0000 2886.9031   10.4658
   -7.5000   30.0000   30.0000 2827.1179   10.8364
    0.0000   30.0000   30.0000 2859.1543   10.7035
    7.5000   30.0000   30.0000 2832.7310   10.9161
   -7.5000   37.5000   30.0000 2742.6965   11.4922
    0.0000   37.5000   30.0000 2770.7900   11.3857
    7.5000   37.5000   30.0000 2749.9414   11.5621
   -7.5000   45.0000   30.0000 2629.5979   12.3569
    0.0000   45.0000   30.0000 2651.0649   12.2597
    7.5000   45.0000   30.0000 2634.9609   12.4394
   -7.5000  -45.0000   37.5000 1981.4178   20.5462
    0.0000  -45.0000   37.5000 1997.5746   20.2995
    7.5000  -45.0000   37.5000 1983.6869   20.6158
   -7.5000  -37.5000   37.5000 2156.5881   17.7520
    0.0000  -37.5000   37.5000 2171.6228   17.5267
    7.5000  -37.5000   37.5000 2156.7070   17.7559
   -7.5000  -30.0000   37.5000 2311.7346   15.6714
    0.0000  -30.0000   37.5000 2338.1221   15.4533
    7.5000  -30.0000   37.5000 2315.5439   15.6225
   -7.5000  -22.5000   37.5000 2442.4314   14.0911
    0.0000  -22.5000   37.5000 2472.6978   13.8948
    7.5000  -22.5000   37.5000 2446.4978   14.0455
   -7.5000  -15.0000   37.5000 2553.5515   12.9024
    0.0000  -15.0000   37.5000 2588.6147   12.7199
    7.5000  -15.0000   37.5000 2563.8835   12.8760
   -7.5000   -7.5000   37.5000 2652.2888   11.9997
    0.0000   -7.5000   37.5000 2684.3809   11.8012
    7.5000   -7.5000   37.5000 2664.7346   12.0000
   -7.5000    0.0000   37.5000 2731.8621   11.3663
    0.0000    0.0000   37.5000 2766.5061   11.1003
    7.5000    0.0000   37.5000 2746.1648   11.3368
   -7.5000    7.5000   37.5000 2797.0125   10.9115
    0.0000    7.5000   37.5000 2826.2295   10.6549
    7.5000    7.5000   37.5000 2807.1238   10.9170
   -7.5000   15.0000   37.5000 2818.6992   10.7875
    0.0000   15.0000   37.5000 2840.7271   10.5464
    7.5000   15.0000   37.5000 2826.8101   10.8076
   -7.5000   22.5000   37.5000 2792.2881   10.9624
    0.0000   22.5000   37.5000 2822.0483   10.7172
    7.5000   22.5000   37.5000 2809.0552   10.9904
   -7.5000   30.0000   37.5000 2742.2659   11.3607
    0.0000   30.0000   37.5000 2766.6941   11.1775
    7.5000   30.0000   37.5000 2757.9580   11.4230
   -7.5000   37.5000   37.5000 2662.9666   11.9871
    0.0000   37.5000   37.5000 2687.1436   11.8390
    7.5000   37.5000   37.5000 2672.0027   12.0504
   -7.5000   45.0000   37.5000 2557.8088   12.8468
    0.0000   45.0000   37.5000 2581.5430   12.7198
    7.5000   45.0000   37.5000 2568.0542   12.8881
   -7.5000  -45.0000   45.0000 1944.4028   21.4364
    0.0000  -45.0000   45.0000 1954.8702   21.1734
    7.5000  -45.0000   45.0000 1948.9855   21.4535
   -7.5000  -37.5000   45.0000 2116.3652   18.5867
    0.0000  -37.5000   45.0000 2129.0432   18.3713
    7.5000  -37.5000   45.0000 2114.9399   18.5661
   -7.5000  -30.0000   45.0000 2264.2793   16.3945
    0.0000  -30.0000   45.0000 2295.2280   16.2214
    7.5000  -30.0000   45.0000 2271.1924   16.3475
   -7.5000  -22.5000   45.0000 2394.6323   14.7607
    0.0000  -22.5000   45.0000 2429.4087   14.5999
    7.5000  -22.5000   45.0000 2405.7893   14.7180
   -7.5000  -15.0000   45.0000 2504.6025   13.5550
    0.0000  -15.0000   45.0000 2539.2627   13.3961
    7.5000  -15.0000   45.0000 2519.4165   13.5255
   -7.5000   -7.5000   45.0000 2591.1885   12.6517
    0.0000   -7.5000   45.0000 2628.5361   12.4739
    7.5000   -7.5000   45.0000 2610.5242   12.6374
   -7.5000    0.0000   45.0000 2661.1743   12.0202
    0.0000    0.0000   45.0000 2696.2468   11.8120
    7.5000    0.0000   45.0000 2680.3284   12.0105
   -7.5000    7.5000   45.0000 2707.9717   11.5834
    0.0000    7.5000   45.0000 2736.2148   11.3949
    7.5000    7.5000   45.0000 2724.2957   11.6016
   -7.5000   15.0000   45.0000 2725.7705   11.4467
    0.0000   15.0000   45.0000 2744.9692   11.2461
    7.5000   15.0000   45.0000 2738.3313   11.4674
   -7.5000   22.5000   45.0000 2702.3123   11.5978
    0.0000   22.5000   45.0000 2729.1064   11.3667
    7.5000   22.5000   45.0000 2722.9912   11.6065
   -7.5000   30.0000   45.0000 2653.3401   11.9958
    0.0000   30.0000   45.0000 2676.9719   11.7922
    7.5000   30.0000   45.0000 2665.2341   12.0250
   -7.5000   37.5000   45.0000 2573.1411   12.6339
    0.0000   37.5000   45.0000 2599.1599   12.4716
    7.5000   37.5000   45.0000 2583.5908   12.6643
   -7.5000   45.0000   45.0000 2475.5435   13.4694
    0.0000   45.0000   45.0000 2497.5481   13.3205
    7.5000   45.0000   45.0000 2486.0127   13.4938

---------------------------------------------------------------------
imgreg_4dfp /opt/freesurfer/average/711-2C_as_mni_average_305 /opt/freesurfer/average/711-2B_as_mni_average_305_mask talsrcimg_g11 none talsrcimg_to_711-2C_as_mni_average_305_t4 1283
---------------------------------------------------------------------

freesurfer imgreg_4dfp.c
/opt/freesurfer/average/711-2C_as_mni_average_305.4dfp.img
       256       256       256         1
  1.000000  1.000000  1.000000
orientation T byte_order littleendian
Reading image: /opt/freesurfer/average/711-2C_as_mni_average_305.4dfp.img
dimensions:      256       256       256
mmppix:       1.0000   -1.0000   -1.0000
center:     128.0000 -129.0000 -129.0000
/opt/freesurfer/average/711-2B_as_mni_average_305_mask.4dfp.img
       256       256       256         1
  1.000000  1.000000  1.000000
orientation T byte_order littleendian
Reading mask: /opt/freesurfer/average/711-2B_as_mni_average_305_mask.4dfp.img (2306576 pixels)
talsrcimg_g11.4dfp.img
       256       256       256         1
  1.000000  1.000000  1.000000
orientation T byte_order littleendian
Reading image: talsrcimg_g11.4dfp.img
dimensions:      256       256       256
mmppix:       1.0000   -1.0000   -1.0000
center:     128.0000 -129.0000 -129.0000
rotation matrix determinant  1.000000
fimgreg.f
image alignment mode   1283 decimal      503 hex
parameters
    0.0000   22.5000   15.0000    0.0000    0.0000    0.0000
eta,q 0.94986  9.59021
niter,ni,del,rscale     5    3   12.0000    1.2000
parameter  2  0.514798 ->  0.500000 qaram    1.1500
parameter  4 -0.795515 -> -0.500000 qaram    1.1500
parameter  6  0.980497 ->  0.500000 qaram    1.1500
parameters
    0.1690   19.0500   15.0122    3.4500   -1.1772   -3.4500
eta,q 0.95385  9.26784
  0.0629  0.0529  0.0565  0.0594  0.0510  0.0465
  0.0594  0.0509  0.0549  0.0572  0.0498  0.0461
  0.0558  0.0514  0.0518  0.0539  0.0486  0.0466
  0.0538  0.0535  0.0510  0.0510  0.0482  0.0482
  0.0538  0.0556  0.0533  0.0485  0.0492  0.0510
  0.0568  0.0593  0.0539  0.0484  0.0518  0.0535
  0.0637  0.0656  0.0566  0.0495  0.0553  0.0553
niter,ni,del,rscale     7    3   12.0000    1.2000
parameters
    0.1609   18.6807   15.3360    3.6800   -1.7007   -4.0787
eta,q 0.95394  9.25644
  0.0572  0.0560  0.0527  0.0548  0.0511  0.0512
  0.0533  0.0497  0.0508  0.0502  0.0486  0.0482
  0.0487  0.0459  0.0475  0.0464  0.0466  0.0463
  0.0462  0.0462  0.0460  0.0462  0.0463  0.0462
  0.0471  0.0477  0.0483  0.0475  0.0476  0.0474
  0.0519  0.0512  0.0494  0.0500  0.0498  0.0500
  0.0588  0.0582  0.0516  0.0530  0.0530  0.0530
niter,ni,del,rscale     6    3   12.0000    1.2000
parameters
    0.1162   18.6656   15.4323    3.7502   -1.8493   -4.1865
eta,q 0.95388  9.25785
  0.0568  0.0568  0.0522  0.0543  0.0517  0.0521
  0.0530  0.0504  0.0504  0.0496  0.0489  0.0490
  0.0485  0.0463  0.0471  0.0461  0.0467  0.0467
  0.0461  0.0461  0.0461  0.0461  0.0462  0.0461
  0.0471  0.0475  0.0483  0.0475  0.0473  0.0471
  0.0518  0.0503  0.0493  0.0501  0.0493  0.0493
  0.0586  0.0566  0.0519  0.0531  0.0521  0.0523
niter,ni,del,rscale     5    3   12.0000    1.2000
parameters
    0.0977   18.6652   15.4628    3.7625   -1.8865   -4.2058
eta,q 0.95385  9.25821
  0.0569  0.0568  0.0521  0.0541  0.0519  0.0522
  0.0530  0.0504  0.0503  0.0495  0.0490  0.0492
  0.0486  0.0464  0.0470  0.0460  0.0468  0.0468
  0.0461  0.0461  0.0461  0.0462  0.0462  0.0462
  0.0471  0.0475  0.0484  0.0476  0.0472  0.0470
  0.0517  0.0503  0.0494  0.0501  0.0491  0.0492
  0.0585  0.0565  0.0521  0.0531  0.0519  0.0522
registration optimization eta report
parameter search radius
    6.0000    6.9000    6.0000    6.9000    6.0000    6.9000
100000*second partial in parameter space
       31.       23.       15.       16.       15.       13.
  0.0569  0.0568  0.0521  0.0541  0.0519  0.0522
  0.0530  0.0504  0.0503  0.0495  0.0490  0.0492
  0.0486  0.0464  0.0470  0.0460  0.0468  0.0468
  0.0461  0.0461  0.0461  0.0462  0.0462  0.0462
  0.0471  0.0475  0.0484  0.0476  0.0472  0.0470
  0.0517  0.0503  0.0494  0.0501  0.0491  0.0492
  0.0585  0.0565  0.0521  0.0531  0.0519  0.0522
    0.0977   18.6652   15.4628    3.7625   -1.8865   -4.2058
eta,q 0.95385  9.25821

---------------------------------------------------------------------
imgreg_4dfp /opt/freesurfer/average/711-2C_as_mni_average_305 /opt/freesurfer/average/711-2B_as_mni_average_305_mask talsrcimg_g11 none talsrcimg_to_711-2C_as_mni_average_305_t4 3335
---------------------------------------------------------------------

freesurfer imgreg_4dfp.c
/opt/freesurfer/average/711-2C_as_mni_average_305.4dfp.img
       256       256       256         1
  1.000000  1.000000  1.000000
orientation T byte_order littleendian
Reading image: /opt/freesurfer/average/711-2C_as_mni_average_305.4dfp.img
dimensions:      256       256       256
mmppix:       1.0000   -1.0000   -1.0000
center:     128.0000 -129.0000 -129.0000
/opt/freesurfer/average/711-2B_as_mni_average_305_mask.4dfp.img
       256       256       256         1
  1.000000  1.000000  1.000000
orientation T byte_order littleendian
Reading mask: /opt/freesurfer/average/711-2B_as_mni_average_305_mask.4dfp.img (2306576 pixels)
talsrcimg_g11.4dfp.img
       256       256       256         1
  1.000000  1.000000  1.000000
orientation T byte_order littleendian
Reading image: talsrcimg_g11.4dfp.img
dimensions:      256       256       256
mmppix:       1.0000   -1.0000   -1.0000
center:     128.0000 -129.0000 -129.0000
fimgreg.f
image alignment mode   3335 decimal      D07 hex
parameters
    0.0977   18.6652   15.4628   -0.3233   -0.5001   -0.2696
    7.5335    2.7948   -7.3299   -6.7853   -3.2920    6.5585
eta,q 0.95523  9.39592
niter,ni,del,rscale     5    3    5.0000    1.2000
parameter  4  2.423748 ->  0.500000 qaram    1.1500
parameter  5  2.069001 ->  0.500000 qaram    1.1500
parameter  6  1.277662 ->  0.500000 qaram    1.1500
parameters
    0.6801   19.3970   15.3204   -4.4633   -4.6401   -4.4096
    6.7183    5.5451   -5.8410   -6.2210   -1.8021    5.4242
eta,q 0.97200  9.18457
  0.0475  0.0463  0.0454  0.0365  0.0324  0.0289  0.0315  0.0376  0.0313  0.0327  0.0318  0.0292
  0.0464  0.0457  0.0449  0.0381  0.0341  0.0294  0.0305  0.0348  0.0299  0.0307  0.0302  0.0285
  0.0454  0.0451  0.0446  0.0407  0.0361  0.0312  0.0299  0.0321  0.0289  0.0292  0.0289  0.0281
  0.0448  0.0446  0.0443  0.0444  0.0387  0.0346  0.0297  0.0297  0.0284  0.0283  0.0282  0.0280
  0.0446  0.0443  0.0444  0.0488  0.0419  0.0391  0.0302  0.0284  0.0283  0.0283  0.0281  0.0284
  0.0450  0.0445  0.0449  0.0529  0.0453  0.0441  0.0311  0.0290  0.0287  0.0296  0.0286  0.0291
  0.0459  0.0452  0.0459  0.0567  0.0491  0.0485  0.0326  0.0314  0.0296  0.0318  0.0298  0.0303
niter,ni,del,rscale     7    3    5.0000    1.2000
parameter  5  1.453771 ->  0.500000 qaram    1.3225
parameters
    0.3222   18.2995   14.8343   -8.3061   -9.4011   -6.6968
    6.0319    4.8618   -6.2876   -6.1470   -0.9007    3.7499
eta,q 0.97613  8.98725
  0.0308  0.0281  0.0289  0.0281  0.0223  0.0263  0.0256  0.0275  0.0257  0.0274  0.0252  0.0245
  0.0290  0.0275  0.0278  0.0269  0.0231  0.0253  0.0246  0.0253  0.0247  0.0256  0.0245  0.0241
  0.0280  0.0274  0.0273  0.0262  0.0246  0.0242  0.0241  0.0242  0.0241  0.0244  0.0241  0.0239
  0.0280  0.0279  0.0274  0.0272  0.0263  0.0234  0.0240  0.0240  0.0240  0.0239  0.0239  0.0239
  0.0289  0.0289  0.0281  0.0306  0.0291  0.0252  0.0243  0.0245  0.0243  0.0243  0.0240  0.0242
  0.0306  0.0302  0.0293  0.0351  0.0323  0.0296  0.0252  0.0263  0.0250  0.0254  0.0242  0.0247
  0.0330  0.0319  0.0308  0.0400  0.0353  0.0355  0.0264  0.0293  0.0261  0.0274  0.0247  0.0254
niter,ni,del,rscale     7    3    5.0000    1.2000
parameter  2  0.686651 ->  0.500000 qaram    1.1500
parameter  3  0.563635 ->  0.500000 qaram    1.1500
parameters
    0.1008   16.9195   13.4543   -7.9220  -14.0241   -7.2872
    6.0079    4.7618   -6.4459   -5.9120   -0.5825    3.8190
eta,q 0.97897  8.92795
  0.0259  0.0232  0.0227  0.0265  0.0229  0.0243  0.0235  0.0257  0.0231  0.0246  0.0223  0.0224
  0.0246  0.0229  0.0225  0.0251  0.0212  0.0232  0.0221  0.0232  0.0220  0.0229  0.0216  0.0217
  0.0240  0.0232  0.0226  0.0237  0.0208  0.0221  0.0213  0.0216  0.0213  0.0217  0.0212  0.0212
  0.0239  0.0238  0.0229  0.0225  0.0223  0.0208  0.0210  0.0210  0.0211  0.0210  0.0210  0.0210
  0.0243  0.0250  0.0236  0.0220  0.0250  0.0202  0.0213  0.0216  0.0213  0.0213  0.0211  0.0211
  0.0252  0.0265  0.0246  0.0236  0.0284  0.0227  0.0222  0.0233  0.0221  0.0224  0.0214  0.0216
  0.0268  0.0284  0.0260  0.0268  0.0317  0.0277  0.0235  0.0261  0.0233  0.0243  0.0221  0.0224
niter,ni,del,rscale     7    3    5.0000    1.2000
parameters
    0.1452   16.6371   13.9724   -6.6998  -14.5505   -7.2849
    5.9503    4.6876   -6.4663   -5.9958   -0.8116    4.6616
eta,q 0.97955  8.94684
  0.0239  0.0239  0.0233  0.0254  0.0254  0.0244  0.0230  0.0255  0.0227  0.0237  0.0218  0.0221
  0.0224  0.0221  0.0221  0.0238  0.0233  0.0231  0.0216  0.0229  0.0215  0.0221  0.0210  0.0213
  0.0214  0.0211  0.0213  0.0223  0.0214  0.0218  0.0208  0.0211  0.0207  0.0210  0.0206  0.0208
  0.0210  0.0210  0.0210  0.0209  0.0204  0.0205  0.0205  0.0205  0.0205  0.0205  0.0205  0.0205
  0.0213  0.0218  0.0210  0.0202  0.0214  0.0195  0.0208  0.0211  0.0207  0.0208  0.0207  0.0205
  0.0222  0.0232  0.0213  0.0213  0.0237  0.0215  0.0217  0.0230  0.0215  0.0220  0.0211  0.0209
  0.0238  0.0252  0.0220  0.0242  0.0271  0.0262  0.0231  0.0258  0.0227  0.0240  0.0219  0.0216
niter,ni,del,rscale     6    3    5.0000    1.2000
parameters
    0.1194   16.5700   14.1846   -6.6934  -14.7880   -7.3031
    5.9665    4.6949   -6.4573   -6.1188   -0.8503    5.1069
eta,q 0.97954  8.94141
  0.0236  0.0239  0.0226  0.0247  0.0256  0.0243  0.0231  0.0256  0.0227  0.0236  0.0218  0.0220
  0.0219  0.0220  0.0214  0.0231  0.0234  0.0230  0.0216  0.0229  0.0215  0.0221  0.0210  0.0212
  0.0208  0.0208  0.0207  0.0217  0.0215  0.0218  0.0208  0.0211  0.0207  0.0210  0.0206  0.0207
  0.0204  0.0204  0.0204  0.0204  0.0204  0.0205  0.0205  0.0205  0.0205  0.0205  0.0205  0.0205
  0.0208  0.0210  0.0205  0.0203  0.0212  0.0195  0.0207  0.0210  0.0207  0.0208  0.0206  0.0205
  0.0219  0.0223  0.0210  0.0223  0.0234  0.0216  0.0216  0.0228  0.0215  0.0220  0.0210  0.0210
  0.0238  0.0242  0.0220  0.0257  0.0266  0.0262  0.0230  0.0256  0.0227  0.0240  0.0218  0.0217
niter,ni,del,rscale     5    3    5.0000    1.2000
parameters
    0.1134   16.5140   14.2586   -6.6713  -14.9020   -7.3424
    5.9692    4.6946   -6.4539   -6.1890   -0.8527    5.3330
eta,q 0.97952  8.93848
  0.0236  0.0240  0.0224  0.0247  0.0257  0.0243  0.0231  0.0255  0.0227  0.0236  0.0218  0.0219
  0.0219  0.0220  0.0213  0.0232  0.0235  0.0230  0.0217  0.0229  0.0215  0.0221  0.0210  0.0212
  0.0209  0.0208  0.0207  0.0217  0.0216  0.0218  0.0208  0.0211  0.0207  0.0210  0.0206  0.0207
  0.0205  0.0205  0.0205  0.0204  0.0204  0.0205  0.0205  0.0205  0.0205  0.0205  0.0205  0.0205
  0.0208  0.0210  0.0206  0.0203  0.0211  0.0195  0.0208  0.0210  0.0208  0.0208  0.0206  0.0206
  0.0219  0.0223  0.0212  0.0223  0.0233  0.0216  0.0217  0.0228  0.0215  0.0220  0.0210  0.0210
  0.0237  0.0241  0.0222  0.0257  0.0264  0.0262  0.0231  0.0256  0.0227  0.0240  0.0218  0.0218
niter,ni,del,rscale     4    3    5.0000    1.2000
parameters
    0.1116   16.4890   14.2958   -6.6513  -14.9560   -7.3691
    5.9719    4.6878   -6.4521   -6.2195   -0.8417    5.4461
eta,q 0.97950  8.93706
  0.0236  0.0240  0.0224  0.0247  0.0257  0.0243  0.0231  0.0255  0.0227  0.0237  0.0218  0.0219
  0.0220  0.0221  0.0213  0.0232  0.0236  0.0230  0.0217  0.0229  0.0215  0.0222  0.0210  0.0212
  0.0209  0.0208  0.0207  0.0217  0.0217  0.0218  0.0208  0.0211  0.0208  0.0211  0.0206  0.0207
  0.0205  0.0205  0.0205  0.0205  0.0205  0.0205  0.0205  0.0205  0.0205  0.0205  0.0205  0.0205
  0.0208  0.0210  0.0206  0.0204  0.0211  0.0196  0.0208  0.0210  0.0208  0.0208  0.0206  0.0206
  0.0219  0.0223  0.0212  0.0223  0.0232  0.0216  0.0217  0.0228  0.0215  0.0220  0.0211  0.0211
  0.0237  0.0241  0.0223  0.0257  0.0263  0.0262  0.0231  0.0257  0.0227  0.0240  0.0218  0.0219
niter,ni,del,rscale     3    3    5.0000    1.2000
parameters
    0.1105   16.4767   14.3137   -6.6384  -14.9850   -7.3822
    5.9729    4.6853   -6.4541   -6.2371   -0.8434    5.5016
eta,q 0.97949  8.93642
  0.0236  0.0241  0.0223  0.0247  0.0257  0.0244  0.0231  0.0256  0.0227  0.0237  0.0218  0.0219
  0.0220  0.0221  0.0213  0.0232  0.0236  0.0231  0.0217  0.0229  0.0215  0.0222  0.0210  0.0212
  0.0209  0.0209  0.0207  0.0218  0.0217  0.0218  0.0208  0.0211  0.0208  0.0211  0.0206  0.0207
  0.0205  0.0205  0.0205  0.0205  0.0205  0.0205  0.0205  0.0205  0.0205  0.0205  0.0205  0.0205
  0.0208  0.0210  0.0207  0.0204  0.0211  0.0196  0.0208  0.0211  0.0208  0.0208  0.0206  0.0206
  0.0219  0.0223  0.0212  0.0223  0.0232  0.0216  0.0217  0.0228  0.0215  0.0220  0.0211  0.0211
  0.0237  0.0240  0.0223  0.0257  0.0263  0.0262  0.0231  0.0257  0.0227  0.0239  0.0218  0.0219
registration optimization eta report
parameter search radius
    2.4000    2.7600    2.7600    8.2800    9.5220    8.2800
    7.2000    7.2000    7.2000    7.2000    7.2000    7.2000
100000*second partial in parameter space
       55.       46.       24.        7.        6.        7.
        5.       10.        4.        6.        3.        3.
  0.0236  0.0241  0.0223  0.0247  0.0257  0.0244  0.0231  0.0256  0.0227  0.0237  0.0218  0.0219
  0.0220  0.0221  0.0213  0.0232  0.0236  0.0231  0.0217  0.0229  0.0215  0.0222  0.0210  0.0212
  0.0209  0.0209  0.0207  0.0218  0.0217  0.0218  0.0208  0.0211  0.0208  0.0211  0.0206  0.0207
  0.0205  0.0205  0.0205  0.0205  0.0205  0.0205  0.0205  0.0205  0.0205  0.0205  0.0205  0.0205
  0.0208  0.0210  0.0207  0.0204  0.0211  0.0196  0.0208  0.0211  0.0208  0.0208  0.0206  0.0206
  0.0219  0.0223  0.0212  0.0223  0.0232  0.0216  0.0217  0.0228  0.0215  0.0220  0.0211  0.0211
  0.0237  0.0240  0.0223  0.0257  0.0263  0.0262  0.0231  0.0257  0.0227  0.0239  0.0218  0.0219
    0.1105   16.4767   14.3137   -6.6384  -14.9850   -7.3822
    5.9729    4.6853   -6.4541   -6.2371   -0.8434    5.5016
eta,q 0.97949  8.93642

---------------------------------------------------------------------
imgreg_4dfp /opt/freesurfer/average/711-2C_as_mni_average_305 /opt/freesurfer/average/711-2B_as_mni_average_305_mask talsrcimg_g11 none talsrcimg_to_711-2C_as_mni_average_305_t4 2311
---------------------------------------------------------------------

freesurfer imgreg_4dfp.c
/opt/freesurfer/average/711-2C_as_mni_average_305.4dfp.img
       256       256       256         1
  1.000000  1.000000  1.000000
orientation T byte_order littleendian
Reading image: /opt/freesurfer/average/711-2C_as_mni_average_305.4dfp.img
dimensions:      256       256       256
mmppix:       1.0000   -1.0000   -1.0000
center:     128.0000 -129.0000 -129.0000
/opt/freesurfer/average/711-2B_as_mni_average_305_mask.4dfp.img
       256       256       256         1
  1.000000  1.000000  1.000000
orientation T byte_order littleendian
Reading mask: /opt/freesurfer/average/711-2B_as_mni_average_305_mask.4dfp.img (2306576 pixels)
talsrcimg_g11.4dfp.img
       256       256       256         1
  1.000000  1.000000  1.000000
orientation T byte_order littleendian
Reading image: talsrcimg_g11.4dfp.img
dimensions:      256       256       256
mmppix:       1.0000   -1.0000   -1.0000
center:     128.0000 -129.0000 -129.0000
fimgreg.f
image alignment mode   2311 decimal      907 hex
parameters
    0.1105   16.4767   14.3137   -6.6384  -14.9850   -7.3822
    5.9729    4.6853   -6.4541   -6.2371   -0.8434    5.5016
eta,q 0.97949  8.93642
niter,ni,del,rscale     5    3    5.0000    0.8000
parameters
    0.1334   16.4225   14.3556   -5.5497  -14.6778   -5.7450
    5.7779    4.6395   -6.2286   -6.2708   -1.0666    4.5932
eta,q 0.98046  8.99725
  0.0220  0.0217  0.0211  0.0228  0.0223  0.0225  0.0208  0.0229  0.0208  0.0214  0.0206  0.0201
  0.0212  0.0210  0.0208  0.0220  0.0214  0.0217  0.0201  0.0212  0.0202  0.0205  0.0200  0.0197
  0.0207  0.0206  0.0206  0.0212  0.0207  0.0210  0.0197  0.0199  0.0197  0.0198  0.0197  0.0196
  0.0205  0.0205  0.0205  0.0205  0.0202  0.0202  0.0196  0.0196  0.0196  0.0196  0.0196  0.0196
  0.0206  0.0207  0.0205  0.0202  0.0203  0.0196  0.0198  0.0201  0.0197  0.0198  0.0197  0.0198
  0.0211  0.0212  0.0207  0.0206  0.0209  0.0197  0.0203  0.0213  0.0200  0.0204  0.0201  0.0202
  0.0219  0.0219  0.0210  0.0216  0.0219  0.0210  0.0210  0.0230  0.0206  0.0215  0.0207  0.0207
niter,ni,del,rscale     4    3    5.0000    0.7000
parameters
    0.0931   16.5317   14.4483   -5.8887  -14.6182   -5.6291
    5.7171    4.6572   -6.2798   -6.0361   -1.1752    4.3653
eta,q 0.98050  8.99613
  0.0209  0.0208  0.0204  0.0212  0.0211  0.0216  0.0205  0.0222  0.0203  0.0211  0.0203  0.0201
  0.0201  0.0201  0.0200  0.0204  0.0204  0.0209  0.0199  0.0208  0.0199  0.0203  0.0198  0.0197
  0.0197  0.0197  0.0197  0.0198  0.0198  0.0202  0.0196  0.0198  0.0196  0.0198  0.0196  0.0196
  0.0195  0.0195  0.0195  0.0195  0.0196  0.0195  0.0195  0.0195  0.0195  0.0195  0.0195  0.0195
  0.0197  0.0196  0.0196  0.0198  0.0197  0.0194  0.0196  0.0198  0.0196  0.0196  0.0196  0.0196
  0.0202  0.0199  0.0198  0.0207  0.0202  0.0202  0.0200  0.0207  0.0199  0.0200  0.0199  0.0198
  0.0210  0.0204  0.0202  0.0220  0.0211  0.0219  0.0206  0.0221  0.0204  0.0208  0.0203  0.0202
niter,ni,del,rscale     3    3    5.0000    0.6000
parameters
    0.0981   16.5304   14.4225   -5.8596  -14.5865   -5.4129
    5.7160    4.6781   -6.2446   -5.9899   -1.2173    4.1682
eta,q 0.98056  9.00094
  0.0205  0.0203  0.0201  0.0209  0.0207  0.0212  0.0202  0.0215  0.0201  0.0206  0.0200  0.0199
  0.0200  0.0198  0.0197  0.0203  0.0201  0.0206  0.0198  0.0204  0.0197  0.0200  0.0197  0.0196
  0.0196  0.0196  0.0196  0.0198  0.0197  0.0200  0.0195  0.0197  0.0195  0.0196  0.0195  0.0195
  0.0195  0.0195  0.0195  0.0195  0.0195  0.0195  0.0194  0.0194  0.0194  0.0194  0.0194  0.0194
  0.0196  0.0196  0.0196  0.0196  0.0196  0.0194  0.0195  0.0197  0.0195  0.0195  0.0195  0.0195
  0.0200  0.0199  0.0198  0.0201  0.0200  0.0199  0.0198  0.0204  0.0197  0.0199  0.0197  0.0197
  0.0205  0.0203  0.0201  0.0211  0.0207  0.0212  0.0202  0.0215  0.0201  0.0206  0.0201  0.0200
niter,ni,del,rscale     2    3    5.0000    0.5000
parameters
    0.0990   16.5462   14.4303   -5.8316  -14.5588   -5.2051
    5.6805    4.6776   -6.2214   -5.9558   -1.2315    4.0065
eta,q 0.98061  9.00518
  0.0202  0.0200  0.0199  0.0205  0.0203  0.0208  0.0199  0.0209  0.0198  0.0202  0.0198  0.0197
  0.0198  0.0197  0.0196  0.0200  0.0199  0.0203  0.0196  0.0201  0.0196  0.0198  0.0196  0.0195
  0.0195  0.0195  0.0195  0.0196  0.0196  0.0198  0.0194  0.0196  0.0194  0.0195  0.0194  0.0194
  0.0194  0.0194  0.0194  0.0194  0.0194  0.0194  0.0194  0.0194  0.0194  0.0194  0.0194  0.0194
  0.0195  0.0195  0.0195  0.0195  0.0195  0.0194  0.0195  0.0196  0.0194  0.0195  0.0194  0.0194
  0.0198  0.0197  0.0196  0.0199  0.0198  0.0198  0.0196  0.0201  0.0196  0.0197  0.0196  0.0196
  0.0202  0.0200  0.0199  0.0206  0.0203  0.0207  0.0199  0.0209  0.0198  0.0202  0.0198  0.0198
niter,ni,del,rscale     1    3    5.0000    0.4000
parameters
    0.0950   16.5606   14.4345   -5.8145  -14.5329   -5.0341
    5.6557    4.6671   -6.2047   -5.9256   -1.2277    3.8499
eta,q 0.98064  9.00829
  0.0199  0.0198  0.0197  0.0201  0.0200  0.0204  0.0197  0.0204  0.0197  0.0199  0.0197  0.0196
  0.0196  0.0196  0.0195  0.0198  0.0197  0.0200  0.0195  0.0198  0.0195  0.0196  0.0195  0.0195
  0.0194  0.0194  0.0194  0.0195  0.0195  0.0196  0.0194  0.0195  0.0194  0.0194  0.0194  0.0194
  0.0194  0.0194  0.0194  0.0194  0.0194  0.0194  0.0194  0.0194  0.0194  0.0194  0.0194  0.0194
  0.0194  0.0194  0.0194  0.0194  0.0194  0.0194  0.0194  0.0195  0.0194  0.0194  0.0194  0.0194
  0.0196  0.0195  0.0195  0.0197  0.0196  0.0197  0.0195  0.0198  0.0195  0.0196  0.0195  0.0195
  0.0199  0.0197  0.0197  0.0202  0.0200  0.0203  0.0197  0.0204  0.0196  0.0199  0.0197  0.0196
registration optimization eta report
parameter search radius
    0.8000    0.8000    0.8000    2.4000    2.4000    2.4000
    2.4000    2.4000    2.4000    2.4000    2.4000    2.4000
100000*second partial in parameter space
       74.       56.       47.       13.       10.       16.
        6.       18.        5.        9.        5.        4.
  0.0199  0.0198  0.0197  0.0201  0.0200  0.0204  0.0197  0.0204  0.0197  0.0199  0.0197  0.0196
  0.0196  0.0196  0.0195  0.0198  0.0197  0.0200  0.0195  0.0198  0.0195  0.0196  0.0195  0.0195
  0.0194  0.0194  0.0194  0.0195  0.0195  0.0196  0.0194  0.0195  0.0194  0.0194  0.0194  0.0194
  0.0194  0.0194  0.0194  0.0194  0.0194  0.0194  0.0194  0.0194  0.0194  0.0194  0.0194  0.0194
  0.0194  0.0194  0.0194  0.0194  0.0194  0.0194  0.0194  0.0195  0.0194  0.0194  0.0194  0.0194
  0.0196  0.0195  0.0195  0.0197  0.0196  0.0197  0.0195  0.0198  0.0195  0.0196  0.0195  0.0195
  0.0199  0.0197  0.0197  0.0202  0.0200  0.0203  0.0197  0.0204  0.0196  0.0199  0.0197  0.0196
    0.0950   16.5606   14.4345   -5.8145  -14.5329   -5.0341
    5.6557    4.6671   -6.2047   -5.9256   -1.2277    3.8499
eta,q 0.98064  9.00829

---------------------------------------------------------------------
imgreg_4dfp /opt/freesurfer/average/711-2C_as_mni_average_305 /opt/freesurfer/average/711-2B_as_mni_average_305_mask talsrcimg_g11 none talsrcimg_to_711-2C_as_mni_average_305_t4 2311
---------------------------------------------------------------------

freesurfer imgreg_4dfp.c
/opt/freesurfer/average/711-2C_as_mni_average_305.4dfp.img
       256       256       256         1
  1.000000  1.000000  1.000000
orientation T byte_order littleendian
Reading image: /opt/freesurfer/average/711-2C_as_mni_average_305.4dfp.img
dimensions:      256       256       256
mmppix:       1.0000   -1.0000   -1.0000
center:     128.0000 -129.0000 -129.0000
/opt/freesurfer/average/711-2B_as_mni_average_305_mask.4dfp.img
       256       256       256         1
  1.000000  1.000000  1.000000
orientation T byte_order littleendian
Reading mask: /opt/freesurfer/average/711-2B_as_mni_average_305_mask.4dfp.img (2306576 pixels)
talsrcimg_g11.4dfp.img
       256       256       256         1
  1.000000  1.000000  1.000000
orientation T byte_order littleendian
Reading image: talsrcimg_g11.4dfp.img
dimensions:      256       256       256
mmppix:       1.0000   -1.0000   -1.0000
center:     128.0000 -129.0000 -129.0000
fimgreg.f
image alignment mode   2311 decimal      907 hex
parameters
    0.0950   16.5606   14.4345   -5.8145  -14.5329   -5.0341
    5.6557    4.6671   -6.2047   -5.9256   -1.2277    3.8499
eta,q 0.98064  9.00829
niter,ni,del,rscale     5    3    5.0000    0.8000
parameters
    0.0838   16.5952   14.4160   -6.2732  -14.6369   -5.5426
    5.7375    4.7060   -6.3063   -5.9056   -1.2434    4.1978
eta,q 0.98047  8.99218
  0.0212  0.0208  0.0205  0.0213  0.0213  0.0217  0.0209  0.0228  0.0206  0.0214  0.0205  0.0205
  0.0202  0.0200  0.0199  0.0205  0.0204  0.0209  0.0201  0.0211  0.0200  0.0205  0.0200  0.0200
  0.0196  0.0195  0.0195  0.0197  0.0197  0.0200  0.0197  0.0199  0.0196  0.0198  0.0196  0.0197
  0.0194  0.0194  0.0194  0.0194  0.0194  0.0194  0.0195  0.0195  0.0195  0.0195  0.0195  0.0195
  0.0196  0.0195  0.0195  0.0197  0.0196  0.0197  0.0197  0.0199  0.0197  0.0197  0.0197  0.0196
  0.0202  0.0200  0.0199  0.0209  0.0204  0.0212  0.0201  0.0210  0.0201  0.0204  0.0200  0.0198
  0.0213  0.0207  0.0206  0.0226  0.0215  0.0237  0.0208  0.0227  0.0207  0.0214  0.0205  0.0203
niter,ni,del,rscale     4    3    5.0000    0.7000
parameters
    0.1124   16.5325   14.3813   -6.0265  -14.6082   -5.5657
    5.7568    4.7221   -6.2492   -5.9557   -1.2361    4.2351
eta,q 0.98050  8.99580
  0.0209  0.0205  0.0203  0.0214  0.0210  0.0215  0.0205  0.0222  0.0204  0.0209  0.0203  0.0202
  0.0202  0.0199  0.0199  0.0207  0.0203  0.0208  0.0199  0.0207  0.0199  0.0202  0.0198  0.0198
  0.0197  0.0196  0.0196  0.0200  0.0197  0.0201  0.0196  0.0198  0.0196  0.0197  0.0196  0.0196
  0.0195  0.0195  0.0195  0.0195  0.0195  0.0195  0.0195  0.0195  0.0195  0.0195  0.0195  0.0195
  0.0196  0.0197  0.0196  0.0195  0.0196  0.0194  0.0196  0.0198  0.0196  0.0197  0.0196  0.0196
  0.0201  0.0201  0.0199  0.0201  0.0202  0.0203  0.0199  0.0207  0.0199  0.0202  0.0198  0.0198
  0.0208  0.0207  0.0204  0.0213  0.0211  0.0221  0.0205  0.0221  0.0203  0.0210  0.0203  0.0201
niter,ni,del,rscale     3    3    5.0000    0.6000
parameters
    0.1136   16.5403   14.4038   -5.8909  -14.5798   -5.4007
    5.7162    4.7055   -6.2294   -5.9639   -1.2361    4.1295
eta,q 0.98056  9.00102
  0.0205  0.0203  0.0201  0.0210  0.0207  0.0212  0.0202  0.0215  0.0201  0.0205  0.0201  0.0199
  0.0200  0.0199  0.0198  0.0203  0.0201  0.0206  0.0198  0.0204  0.0197  0.0200  0.0197  0.0196
  0.0196  0.0196  0.0196  0.0198  0.0197  0.0200  0.0195  0.0197  0.0195  0.0196  0.0195  0.0195
  0.0195  0.0195  0.0195  0.0195  0.0195  0.0195  0.0194  0.0194  0.0194  0.0194  0.0194  0.0194
  0.0196  0.0196  0.0195  0.0195  0.0196  0.0194  0.0195  0.0197  0.0195  0.0196  0.0195  0.0195
  0.0199  0.0199  0.0197  0.0200  0.0200  0.0200  0.0198  0.0204  0.0197  0.0199  0.0197  0.0197
  0.0205  0.0203  0.0201  0.0209  0.0207  0.0213  0.0202  0.0215  0.0201  0.0206  0.0200  0.0200
niter,ni,del,rscale     2    3    5.0000    0.5000
parameters
    0.1050   16.5494   14.4251   -5.8385  -14.5576   -5.2021
    5.6798    4.6866   -6.2151   -5.9446   -1.2401    3.9938
eta,q 0.98061  9.00518
  0.0201  0.0200  0.0199  0.0205  0.0203  0.0208  0.0199  0.0209  0.0198  0.0202  0.0198  0.0197
  0.0198  0.0197  0.0196  0.0200  0.0199  0.0203  0.0196  0.0201  0.0196  0.0198  0.0196  0.0195
  0.0195  0.0195  0.0195  0.0196  0.0196  0.0198  0.0194  0.0196  0.0194  0.0195  0.0194  0.0194
  0.0194  0.0194  0.0194  0.0194  0.0194  0.0194  0.0194  0.0194  0.0194  0.0194  0.0194  0.0194
  0.0195  0.0195  0.0195  0.0195  0.0195  0.0194  0.0195  0.0196  0.0194  0.0195  0.0194  0.0194
  0.0198  0.0197  0.0196  0.0199  0.0198  0.0198  0.0196  0.0201  0.0196  0.0197  0.0196  0.0196
  0.0202  0.0200  0.0199  0.0206  0.0203  0.0207  0.0199  0.0209  0.0198  0.0202  0.0198  0.0198
niter,ni,del,rscale     1    3    5.0000    0.4000
parameters
    0.0942   16.5598   14.4313   -5.8181  -14.5342   -5.0315
    5.6547    4.6686   -6.1994   -5.9249   -1.2308    3.8637
eta,q 0.98064  9.00831
  0.0198  0.0198  0.0197  0.0201  0.0200  0.0204  0.0197  0.0204  0.0197  0.0199  0.0197  0.0196
  0.0196  0.0196  0.0195  0.0198  0.0197  0.0200  0.0195  0.0198  0.0195  0.0196  0.0195  0.0195
  0.0194  0.0194  0.0194  0.0195  0.0195  0.0196  0.0194  0.0195  0.0194  0.0194  0.0194  0.0194
  0.0194  0.0194  0.0194  0.0194  0.0194  0.0194  0.0194  0.0194  0.0194  0.0194  0.0194  0.0194
  0.0194  0.0194  0.0194  0.0194  0.0194  0.0194  0.0194  0.0195  0.0194  0.0194  0.0194  0.0194
  0.0196  0.0195  0.0195  0.0197  0.0196  0.0197  0.0195  0.0198  0.0195  0.0196  0.0195  0.0195
  0.0199  0.0197  0.0197  0.0202  0.0200  0.0203  0.0197  0.0204  0.0196  0.0199  0.0197  0.0196
registration optimization eta report
parameter search radius
    0.8000    0.8000    0.8000    2.4000    2.4000    2.4000
    2.4000    2.4000    2.4000    2.4000    2.4000    2.4000
100000*second partial in parameter space
       74.       55.       46.       13.       10.       16.
        6.       18.        5.        9.        5.        4.
  0.0198  0.0198  0.0197  0.0201  0.0200  0.0204  0.0197  0.0204  0.0197  0.0199  0.0197  0.0196
  0.0196  0.0196  0.0195  0.0198  0.0197  0.0200  0.0195  0.0198  0.0195  0.0196  0.0195  0.0195
  0.0194  0.0194  0.0194  0.0195  0.0195  0.0196  0.0194  0.0195  0.0194  0.0194  0.0194  0.0194
  0.0194  0.0194  0.0194  0.0194  0.0194  0.0194  0.0194  0.0194  0.0194  0.0194  0.0194  0.0194
  0.0194  0.0194  0.0194  0.0194  0.0194  0.0194  0.0194  0.0195  0.0194  0.0194  0.0194  0.0194
  0.0196  0.0195  0.0195  0.0197  0.0196  0.0197  0.0195  0.0198  0.0195  0.0196  0.0195  0.0195
  0.0199  0.0197  0.0197  0.0202  0.0200  0.0203  0.0197  0.0204  0.0196  0.0199  0.0197  0.0196
    0.0942   16.5598   14.4313   -5.8181  -14.5342   -5.0315
    5.6547    4.6686   -6.1994   -5.9249   -1.2308    3.8637
eta,q 0.98064  9.00831

---------------------------------------------------------------------
compute_vox2vox talsrcimg talsrcimg_to_711-2C_as_mni_average_305_t4 /opt/freesurfer/average/711-2C_as_mni_average_305
---------------------------------------------------------------------

freesurfer compute_vox2vox.c
Reading: talsrcimg.4dfp.ifh
Reading: talsrcimg_to_711-2C_as_mni_average_305_t4
Reading: /opt/freesurfer/average/711-2C_as_mni_average_305.4dfp.ifh
Writing: talsrcimg_to_711-2C_as_mni_average_305_t4_vox2vox.txt

start time Fri Mar 13 03:50:51 CET 2026
end		time Fri Mar 13 03:52:21 CET 2026

mpr2mni305 success

avi2talxfm orig_nu.mgz /opt/freesurfer/average/mni305.cor.mgz talsrcimg_to_711-2C_as_mni_average_305_t4_vox2vox.txt transforms/talairach.auto.xfm
avi2talxfm done
mv -f /out/sourcedata/freesurfer/sub-v2s4x29587_ses-1/mri/talsrcimg_to_711-2C_as_mni_average_305_t4_vox2vox.txt /out/sourcedata/freesurfer/sub-v2s4x29587_ses-1/mri/transforms/talsrcimg_to_711-2C_as_mni_average_305_t4_vox2vox.txt
lta_convert --src orig_nu.mgz --trg /opt/freesurfer/average/mni305.cor.mgz --inxfm transforms/talairach.auto.xfm --outlta transforms/talairach.auto.xfm.lta --subject fsaverage
7.3.2

--src: orig_nu.mgz src image (geometry).
--trg: /opt/freesurfer/average/mni305.cor.mgz trg image (geometry).
--inmni: transforms/talairach.auto.xfm input MNI/XFM transform.
--outlta: transforms/talairach.auto.xfm.lta output LTA.
--s: fsaverage subject name
 LTA read, type : 1
 1.05661  -0.05615  -0.06737  -2.45577;
 0.01055   1.04946  -0.04814  -7.57524;
 0.07737   0.06868   1.16183  -28.02621;
 0.00000   0.00000   0.00000   1.00000;
setting subject to fsaverage
Writing  LTA to file transforms/talairach.auto.xfm.lta...
lta_convert successful.
 
 
Started at Fri Mar 13 03:50:51 CET 2026
Ended   at Fri Mar 13 03:52:21 CET 2026
talairach_avi done
