/out/sourcedata/freesurfer/sub-v2s4x29623_ses-1/mri
/opt/freesurfer/bin/talairach_avi
--i orig_nu.mgz --xfm transforms/talairach.auto.xfm
talairach_avi 7.3.2
Linux dna082 5.14.0-427.37.1.el9_4.x86_64 #1 SMP PREEMPT_DYNAMIC Fri Sep 13 12:41:50 EDT 2024 x86_64 x86_64 x86_64 GNU/Linux
Fri Mar 13 05:43:23 CET 2026
mri_convert orig_nu.mgz talsrcimg.img 
reading from orig_nu.mgz...
TR=0.00, TE=0.00, TI=0.00, flip angle=0.00
i_ras = (-1, -7.31416e-09, 0)
j_ras = (0, 0, -1)
k_ras = (7.31393e-09, 1, 0)
writing to talsrcimg.img...
Analyze Output Matrix
-1.00000   0.00000   0.00000   128.54739;
-0.00000   0.00000   1.00000  -132.64371;
 0.00000  -1.00000   0.00000   116.61749;
 0.00000   0.00000   0.00000   1.00000;
--------------------
INFO: set hdr.hist.orient to -1
mpr2mni305 talsrcimg
Fri Mar 13 05:43:23 CET 2026
/opt/freesurfer/bin/mpr2mni305 talsrcimg
mpr2mni305 7.3.2
target=711-2C_as_mni_average_305

---------------------------------------------------------------------
analyzeto4dfp talsrcimg -O0 -y
---------------------------------------------------------------------

freesurfer ifh2hdr.c
Fri Mar 13 05:43:23 2026
Writing: talsrcimg.4dfp.hdr
freesurfer analyzeto4dfp.c
Reading: talsrcimg.hdr
header size 348 bytes
hdr.dime.datatype	offset=70	value=2
hdr.dime.bitpix		offset=72	value=8
hdr.hist.orient		offset=252	value=-1
dimensionality     4
dimensions       256       256       256         1
Reading: talsrcimg.img
Writing: talsrcimg.4dfp.img
Writing: talsrcimg.4dfp.ifh
ifh2hdr talsrcimg -r0to242
ori=2

---------------------------------------------------------------------
gauss_4dfp talsrcimg 1.1
---------------------------------------------------------------------

freesurfer gauss_4dfp.c
Reading: talsrcimg.4dfp.img
Writing: talsrcimg_g11.4dfp.img
image dimensions 256 256 256 padded to 288 288 288
processing volume 1freesurfer ifh2hdr.c
Fri Mar 13 05:43:25 2026
Writing: talsrcimg_g11.4dfp.hdr

Writing: talsrcimg_g11.4dfp.ifh
including: talsrcimg.4dfp.img.rec in talsrcimg_g11.4dfp.img.rec

---------------------------------------------------------------------
imgreg_4dfp /opt/freesurfer/average/711-2C_as_mni_average_305 none talsrcimg_g11 none talsrcimg_to_711-2C_as_mni_average_305_t4 4355
---------------------------------------------------------------------

freesurfer imgreg_4dfp.c
/opt/freesurfer/average/711-2C_as_mni_average_305.4dfp.img
       256       256       256         1
  1.000000  1.000000  1.000000
orientation T byte_order littleendian
Reading image: /opt/freesurfer/average/711-2C_as_mni_average_305.4dfp.img
dimensions:      256       256       256
mmppix:       1.0000   -1.0000   -1.0000
center:     128.0000 -129.0000 -129.0000
talsrcimg_g11.4dfp.img
       256       256       256         1
  1.000000  1.000000  1.000000
orientation T byte_order littleendian
Reading image: talsrcimg_g11.4dfp.img
dimensions:      256       256       256
mmppix:       1.0000   -1.0000   -1.0000
center:     128.0000 -129.0000 -129.0000
t4_read: open error in t4_sub.f l:  41 t4_file(1:l)talsrcimg_to_711-2C_as_mni_average_305_t4 
t4_read: transform initialized to I4
rotation matrix determinant  1.000000
image alignment mode   4355 decimal     1103 hex
   -7.5000  -45.0000  -45.0000 6401.8027   17.1813
    0.0000  -45.0000  -45.0000 6613.4438   17.2234
    7.5000  -45.0000  -45.0000 6360.3438   17.1938
   -7.5000  -37.5000  -45.0000 6929.4717   17.2077
    0.0000  -37.5000  -45.0000 7200.7510   17.2496
    7.5000  -37.5000  -45.0000 6908.7554   17.2175
   -7.5000  -30.0000  -45.0000 7740.0376   17.1997
    0.0000  -30.0000  -45.0000 8056.7642   17.2345
    7.5000  -30.0000  -45.0000 7712.1499   17.2027
   -7.5000  -22.5000  -45.0000 8553.4785   17.1495
    0.0000  -22.5000  -45.0000 8909.7812   17.1773
    7.5000  -22.5000  -45.0000 8540.7725   17.1498
   -7.5000  -15.0000  -45.0000 9404.6826   17.1053
    0.0000  -15.0000  -45.0000 9783.9717   17.1326
    7.5000  -15.0000  -45.0000 9373.3066   17.1096
   -7.5000   -7.5000  -45.000010056.9814   17.1166
    0.0000   -7.5000  -45.000010488.7471   17.1512
    7.5000   -7.5000  -45.000010012.9707   17.1263
   -7.5000    0.0000  -45.000010629.8467   17.1689
    0.0000    0.0000  -45.000011081.4170   17.2110
    7.5000    0.0000  -45.000010569.4316   17.1814
   -7.5000    7.5000  -45.000010359.6074   17.2077
    0.0000    7.5000  -45.000010831.8467   17.2496
    7.5000    7.5000  -45.000010332.5273   17.2175
   -7.5000   15.0000  -45.000010098.9727   17.1997
    0.0000   15.0000  -45.000010546.5781   17.2345
    7.5000   15.0000  -45.000010079.6631   17.2027
   -7.5000   22.5000  -45.0000 9837.1328   17.1471
    0.0000   22.5000  -45.000010244.3623   17.1749
    7.5000   22.5000  -45.0000 9835.0186   17.1475
   -7.5000   30.0000  -45.0000 9604.5146   16.8773
    0.0000   30.0000  -45.0000 9988.6592   16.9043
    7.5000   30.0000  -45.0000 9599.2061   16.8816
   -7.5000   37.5000  -45.0000 9541.0557   16.8885
    0.0000   37.5000  -45.0000 9857.7549   16.9227
    7.5000   37.5000  -45.0000 9453.5713   16.8981
   -7.5000   45.0000  -45.0000 8635.7930   16.5100
    0.0000   45.0000  -45.0000 8909.5195   16.5504
    7.5000   45.0000  -45.0000 8534.5000   16.5220
   -7.5000  -45.0000  -37.5000 6875.0820   17.1342
    0.0000  -45.0000  -37.5000 7125.0898   17.1750
    7.5000  -45.0000  -37.5000 6846.5835   17.1470
   -7.5000  -37.5000  -37.5000 7472.6499   17.1584
    0.0000  -37.5000  -37.5000 7762.2998   17.2024
    7.5000  -37.5000  -37.5000 7438.8589   17.1716
   -7.5000  -30.0000  -37.5000 8326.3643   17.1555
    0.0000  -30.0000  -37.5000 8678.0811   17.1926
    7.5000  -30.0000  -37.5000 8296.4268   17.1586
   -7.5000  -22.5000  -37.5000 9200.9736   17.1128
    0.0000  -22.5000  -37.5000 9610.8115   17.1387
    7.5000  -22.5000  -37.5000 9170.1338   17.1057
   -7.5000  -15.0000  -37.500010087.6992   17.0715
    0.0000  -15.0000  -37.500010507.4707   17.0938
    7.5000  -15.0000  -37.500010008.1631   17.0649
   -7.5000   -7.5000  -37.500010783.2549   17.0778
    0.0000   -7.5000  -37.500011275.0850   17.1080
    7.5000   -7.5000  -37.500010696.5664   17.0810
   -7.5000    0.0000  -37.500011381.2510   17.1219
    0.0000    0.0000  -37.500011910.3643   17.1627
    7.5000    0.0000  -37.500011272.8994   17.1348
   -7.5000    7.5000  -37.500011099.5654   17.1584
    0.0000    7.5000  -37.500011632.3379   17.2024
    7.5000    7.5000  -37.500011016.2432   17.1716
   -7.5000   15.0000  -37.500010785.3281   17.1555
    0.0000   15.0000  -37.500011276.4658   17.1926
    7.5000   15.0000  -37.500010714.5498   17.1586
   -7.5000   22.5000  -37.500010493.2715   17.1104
    0.0000   22.5000  -37.500010945.8711   17.1364
    7.5000   22.5000  -37.500010429.8066   17.1034
   -7.5000   30.0000  -37.500010220.2627   16.8440
    0.0000   30.0000  -37.500010649.7197   16.8660
    7.5000   30.0000  -37.500010153.4395   16.8375
   -7.5000   37.5000  -37.500010103.9541   16.8502
    0.0000   37.5000  -37.500010494.7441   16.8800
    7.5000   37.5000  -37.5000 9980.6182   16.8533
   -7.5000   45.0000  -37.5000 9121.1279   16.4647
    0.0000   45.0000  -37.5000 9453.0771   16.5040
    7.5000   45.0000  -37.5000 9006.2588   16.4772
   -7.5000  -45.0000  -30.0000 7486.1943   17.8389
    0.0000  -45.0000  -30.0000 7783.4502   17.8843
    7.5000  -45.0000  -30.0000 7448.3555   17.8610
   -7.5000  -37.5000  -30.0000 8125.8174   17.8677
    0.0000  -37.5000  -30.0000 8474.3740   17.9192
    7.5000  -37.5000  -30.0000 8082.8472   17.8898
   -7.5000  -30.0000  -30.0000 9069.6953   17.8689
    0.0000  -30.0000  -30.0000 9469.0928   17.9149
    7.5000  -30.0000  -30.0000 9012.1221   17.8803
   -7.5000  -22.5000  -30.000010006.6191   17.8237
    0.0000  -22.5000  -30.000010449.5205   17.8564
    7.5000  -22.5000  -30.0000 9921.8418   17.8246
   -7.5000  -15.0000  -30.000010924.8115   17.7764
    0.0000  -15.0000  -30.000011399.3838   17.8030
    7.5000  -15.0000  -30.000010808.2842   17.7784
   -7.5000   -7.5000  -30.000011673.6445   17.7801
    0.0000   -7.5000  -30.000012245.6250   17.8137
    7.5000   -7.5000  -30.000011586.7344   17.7924
   -7.5000    0.0000  -30.000012301.7734   17.8262
    0.0000    0.0000  -30.000012945.3604   17.8715
    7.5000    0.0000  -30.000012195.4297   17.8482
   -7.5000    7.5000  -30.000012035.7920   17.8677
    0.0000    7.5000  -30.000012650.5889   17.9192
    7.5000    7.5000  -30.000011910.2373   17.8898
   -7.5000   15.0000  -30.000011641.0146   17.8689
    0.0000   15.0000  -30.000012212.1680   17.9149
    7.5000   15.0000  -30.000011526.1719   17.8803
   -7.5000   22.5000  -30.000011259.4795   17.8194
    0.0000   22.5000  -30.000011814.9004   17.8521
    7.5000   22.5000  -30.000011148.9873   17.8204
   -7.5000   30.0000  -30.000010946.8369   17.5412
    0.0000   30.0000  -30.000011441.8223   17.5674
    7.5000   30.0000  -30.000010844.8242   17.5432
   -7.5000   37.5000  -30.000010744.1025   17.5448
    0.0000   37.5000  -30.000011226.5713   17.5780
    7.5000   37.5000  -30.000010632.6133   17.5570
   -7.5000   45.0000  -30.0000 9693.7988   17.1546
    0.0000   45.0000  -30.000010082.7607   17.1983
    7.5000   45.0000  -30.0000 9565.5332   17.1758
   -7.5000  -45.0000  -22.5000 8098.8481   18.4592
    0.0000  -45.0000  -22.5000 8444.5117   18.5089
    7.5000  -45.0000  -22.5000 8048.2861   18.4887
   -7.5000  -37.5000  -22.5000 8771.6416   18.4962
    0.0000  -37.5000  -22.5000 9184.0859   18.5519
    7.5000  -37.5000  -22.5000 8728.8701   18.5223
   -7.5000  -30.0000  -22.5000 9789.3047   18.4968
    0.0000  -30.0000  -22.500010250.1650   18.5484
    7.5000  -30.0000  -22.5000 9740.1289   18.5164
   -7.5000  -22.5000  -22.500010769.9219   18.4405
    0.0000  -22.5000  -22.500011282.5303   18.4814
    7.5000  -22.5000  -22.500010697.4678   18.4583
   -7.5000  -15.0000  -22.500011728.6445   18.3823
    0.0000  -15.0000  -22.500012272.1123   18.4184
    7.5000  -15.0000  -22.500011634.6963   18.4058
   -7.5000   -7.5000  -22.500012560.7139   18.3882
    0.0000   -7.5000  -22.500013188.1279   18.4292
    7.5000   -7.5000  -22.500012472.1855   18.4169
   -7.5000    0.0000  -22.500013249.9795   18.4459
    0.0000    0.0000  -22.500013973.0010   18.4957
    7.5000    0.0000  -22.500013147.5225   18.4754
   -7.5000    7.5000  -22.500012976.8008   18.4962
    0.0000    7.5000  -22.500013677.6260   18.5519
    7.5000    7.5000  -22.500012848.8926   18.5223
   -7.5000   15.0000  -22.500012507.8350   18.4968
    0.0000   15.0000  -22.500013178.4717   18.5484
    7.5000   15.0000  -22.500012387.1250   18.5164
   -7.5000   22.5000  -22.500012043.9639   18.4348
    0.0000   22.5000  -22.500012665.5098   18.4757
    7.5000   22.5000  -22.500011920.8389   18.4526
   -7.5000   30.0000  -22.500011669.8682   18.1418
    0.0000   30.0000  -22.500012254.0625   18.1775
    7.5000   30.0000  -22.500011549.3447   18.1651
   -7.5000   37.5000  -22.500011423.9395   18.1477
    0.0000   37.5000  -22.500012010.8398   18.1881
    7.5000   37.5000  -22.500011292.3584   18.1760
   -7.5000   45.0000  -22.500010300.4844   17.7643
    0.0000   45.0000  -22.500010805.8223   17.8123
    7.5000   45.0000  -22.500010191.6895   17.7927
   -7.5000  -45.0000  -15.0000 8713.3086   18.9252
    0.0000  -45.0000  -15.0000 9095.8965   18.9772
    7.5000  -45.0000  -15.0000 8660.9971   18.9541
   -7.5000  -37.5000  -15.0000 9444.0059   18.9664
    0.0000  -37.5000  -15.0000 9901.0186   19.0216
    7.5000  -37.5000  -15.0000 9417.6826   18.9894
   -7.5000  -30.0000  -15.000010504.9355   18.9618
    0.0000  -30.0000  -15.000011020.8125   19.0135
    7.5000  -30.0000  -15.000010481.9238   18.9832
   -7.5000  -22.5000  -15.000011525.5781   18.8956
    0.0000  -22.5000  -15.000012086.8223   18.9404
    7.5000  -22.5000  -15.000011489.3516   18.9236
   -7.5000  -15.0000  -15.000012493.9443   18.8315
    0.0000  -15.0000  -15.000013127.3047   18.8745
    7.5000  -15.0000  -15.000012464.3652   18.8687
   -7.5000   -7.5000  -15.000013422.3867   18.8427
    0.0000   -7.5000  -15.000014132.2383   18.8894
    7.5000   -7.5000  -15.000013378.0576   18.8793
   -7.5000    0.0000  -15.000014149.1211   18.9115
    0.0000    0.0000  -15.000014923.5527   18.9636
    7.5000    0.0000  -15.000014087.9766   18.9404
   -7.5000    7.5000  -15.000013797.2324   18.9664
    0.0000    7.5000  -15.000014565.4482   19.0216
    7.5000    7.5000  -15.000013771.0264   18.9894
   -7.5000   15.0000  -15.000013293.4443   18.9618
    0.0000   15.0000  -15.000014044.9199   19.0135
    7.5000   15.0000  -15.000013236.6631   18.9832
   -7.5000   22.5000  -15.000012808.7119   18.8889
    0.0000   22.5000  -15.000013532.0264   18.9337
    7.5000   22.5000  -15.000012726.4336   18.9169
   -7.5000   30.0000  -15.000012392.6484   18.5878
    0.0000   30.0000  -15.000013082.2959   18.6302
    7.5000   30.0000  -15.000012303.8906   18.6245
   -7.5000   37.5000  -15.000012072.9375   18.5989
    0.0000   37.5000  -15.000012760.0957   18.6449
    7.5000   37.5000  -15.000011955.5723   18.6350
   -7.5000   45.0000  -15.000010932.3203   18.2237
    0.0000   45.0000  -15.000011565.0605   18.2739
    7.5000   45.0000  -15.000010861.3389   18.2515
   -7.5000  -45.0000   -7.5000 9349.2705   19.1627
    0.0000  -45.0000   -7.5000 9799.6465   19.2133
    7.5000  -45.0000   -7.5000 9346.0078   19.1842
   -7.5000  -37.5000   -7.500010121.7402   19.1990
    0.0000  -37.5000   -7.500010642.3086   19.2498
    7.5000  -37.5000   -7.500010150.0889   19.2148
   -7.5000  -30.0000   -7.500011225.2363   19.1895
    0.0000  -30.0000   -7.500011802.1270   19.2347
    7.5000  -30.0000   -7.500011268.7627   19.2028
   -7.5000  -22.5000   -7.500012303.6680   19.1245
    0.0000  -22.5000   -7.500012875.5693   19.1642
    7.5000  -22.5000   -7.500012345.2891   19.1434
   -7.5000  -15.0000   -7.500013345.3760   19.0662
    0.0000  -15.0000   -7.500014008.3867   19.1063
    7.5000  -15.0000   -7.500013381.0430   19.0936
   -7.5000   -7.5000   -7.500014357.4912   19.0810
    0.0000   -7.5000   -7.500015150.2139   19.1264
    7.5000   -7.5000   -7.500014383.5166   19.1085
   -7.5000    0.0000   -7.500015094.7480   19.1488
    0.0000    0.0000   -7.500015853.7705   19.1995
    7.5000    0.0000   -7.500015093.1533   19.1704
   -7.5000    7.5000   -7.500014603.0039   19.1990
    0.0000    7.5000   -7.500015391.2988   19.2498
    7.5000    7.5000   -7.500014660.1943   19.2148
   -7.5000   15.0000   -7.500014086.0938   19.1895
    0.0000   15.0000   -7.500014846.7520   19.2347
    7.5000   15.0000   -7.500014106.7861   19.2028
   -7.5000   22.5000   -7.500013627.5996   19.1157
    0.0000   22.5000   -7.500014383.0752   19.1553
    7.5000   22.5000   -7.500013621.8711   19.1346
   -7.5000   30.0000   -7.500013180.4512   18.8189
    0.0000   30.0000   -7.500013929.8242   18.8585
    7.5000   30.0000   -7.500013155.0303   18.8460
   -7.5000   37.5000   -7.500012772.1279   18.8335
    0.0000   37.5000   -7.500013511.7676   18.8784
    7.5000   37.5000   -7.500012712.6543   18.8607
   -7.5000   45.0000   -7.500011586.5176   18.4559
    0.0000   45.0000   -7.500012280.8350   18.5047
    7.5000   45.0000   -7.500011555.5723   18.4766
   -7.5000  -45.0000    0.0000 9854.5830   19.1961
    0.0000  -45.0000    0.000010340.2139   19.2428
    7.5000  -45.0000    0.0000 9887.9736   19.2097
   -7.5000  -37.5000    0.000010676.2051   19.2254
    0.0000  -37.5000    0.000011202.9375   19.2720
    7.5000  -37.5000    0.000010749.1299   19.2361
   -7.5000  -30.0000    0.000011870.6621   19.2166
    0.0000  -30.0000    0.000012418.1055   19.2553
    7.5000  -30.0000    0.000011958.1719   19.2197
   -7.5000  -22.5000    0.000013033.2754   19.1609
    0.0000  -22.5000    0.000013591.7451   19.1917
    7.5000  -22.5000    0.000013162.0479   19.1610
   -7.5000  -15.0000    0.000014240.5186   19.1116
    0.0000  -15.0000    0.000014965.5459   19.1420
    7.5000  -15.0000    0.000014366.1523   19.1161
   -7.5000   -7.5000    0.000015311.0654   19.1241
    0.0000   -7.5000    0.000016137.5625   19.1626
    7.5000   -7.5000    0.000015440.7979   19.1347
   -7.5000    0.0000    0.000015971.5898   19.1822
    0.0000    0.0000    0.000016672.9121   19.2290
    7.5000    0.0000    0.000016108.1279   19.1960
   -7.5000    7.5000    0.000015455.8115   19.2254
    0.0000    7.5000    0.000016140.7568   19.2720
    7.5000    7.5000    0.000015603.0117   19.2361
   -7.5000   15.0000    0.000014888.5264   19.2166
    0.0000   15.0000    0.000015633.4082   19.2553
    7.5000   15.0000    0.000015036.5488   19.2197
   -7.5000   22.5000    0.000014412.3242   19.1520
    0.0000   22.5000    0.000015167.7002   19.1828
    7.5000   22.5000    0.000014520.6709   19.1521
   -7.5000   30.0000    0.000013924.3486   18.8643
    0.0000   30.0000    0.000014669.3799   18.8942
    7.5000   30.0000    0.000013981.4688   18.8687
   -7.5000   37.5000    0.000013402.5801   18.8766
    0.0000   37.5000    0.000014130.4463   18.9146
    7.5000   37.5000    0.000013413.9512   18.8871
   -7.5000   45.0000    0.000012167.6709   18.4894
    0.0000   45.0000    0.000012850.6387   18.5345
    7.5000   45.0000    0.000012166.8682   18.5027
   -7.5000  -45.0000    7.5000 9614.4551   19.1736
    0.0000  -45.0000    7.500010056.5078   19.2193
    7.5000  -45.0000    7.5000 9674.8711   19.1880
   -7.5000  -37.5000    7.500010399.5469   19.2007
    0.0000  -37.5000    7.500010875.6348   19.2499
    7.5000  -37.5000    7.500010477.0654   19.2155
   -7.5000  -30.0000    7.500011535.8809   19.1975
    0.0000  -30.0000    7.500012029.7197   19.2390
    7.5000  -30.0000    7.500011636.8145   19.2009
   -7.5000  -22.5000    7.500012719.3633   19.1497
    0.0000  -22.5000    7.500013307.8789   19.1787
    7.5000  -22.5000    7.500012875.7607   19.1418
   -7.5000  -15.0000    7.500014058.8672   19.1035
    0.0000  -15.0000    7.500014814.4141   19.1284
    7.5000  -15.0000    7.500014197.4326   19.0961
   -7.5000   -7.5000    7.500015114.4316   19.1105
    0.0000   -7.5000    7.500015630.2305   19.1443
    7.5000   -7.5000    7.500015223.2637   19.1141
   -7.5000    0.0000    7.500015582.2656   19.1598
    0.0000    0.0000    7.500015827.6260   19.2056
    7.5000    0.0000    7.500015675.6689   19.1743
   -7.5000    7.5000    7.500015078.2480   19.2007
    0.0000    7.5000    7.500015392.1455   19.2499
    7.5000    7.5000    7.500015181.2412   19.2155
   -7.5000   15.0000    7.500014616.6279   19.1975
    0.0000   15.0000    7.500015095.9102   19.2390
    7.5000   15.0000    7.500014714.2666   19.2009
   -7.5000   22.5000    7.500014189.5664   19.1408
    0.0000   22.5000    7.500014738.9775   19.1699
    7.5000   22.5000    7.500014224.4229   19.1330
   -7.5000   30.0000    7.500013731.2969   18.8563
    0.0000   30.0000    7.500014304.2490   18.8809
    7.5000   30.0000    7.500013694.2041   18.8490
   -7.5000   37.5000    7.500013132.1523   18.8632
    0.0000   37.5000    7.500013743.4619   18.8966
    7.5000   37.5000    7.500013040.1943   18.8667
   -7.5000   45.0000    7.500011918.8174   18.4679
    0.0000   45.0000    7.500012496.9717   18.5120
    7.5000   45.0000    7.500011812.9248   18.4818
   -7.5000  -45.0000   15.0000 9233.1465   19.1561
    0.0000  -45.0000   15.0000 9671.5381   19.2048
    7.5000  -45.0000   15.0000 9278.8389   19.1797
   -7.5000  -37.5000   15.0000 9989.7188   19.1870
    0.0000  -37.5000   15.000010463.7080   19.2423
    7.5000  -37.5000   15.000010067.2314   19.2107
   -7.5000  -30.0000   15.000011076.5293   19.1883
    0.0000  -30.0000   15.000011582.5430   19.2376
    7.5000  -30.0000   15.000011184.1768   19.2005
   -7.5000  -22.5000   15.000012213.2354   19.1397
    0.0000  -22.5000   15.000012781.3428   19.1749
    7.5000  -22.5000   15.000012351.5615   19.1407
   -7.5000  -15.0000   15.000013481.0928   19.0889
    0.0000  -15.0000   15.000014078.6777   19.1175
    7.5000  -15.0000   15.000013553.2998   19.0911
   -7.5000   -7.5000   15.000014615.9912   19.0929
    0.0000   -7.5000   15.000014894.5381   19.1290
    7.5000   -7.5000   15.000014543.1162   19.1062
   -7.5000    0.0000   15.000015165.6875   19.1424
    0.0000    0.0000   15.000015186.7100   19.1911
    7.5000    0.0000   15.000015074.9541   19.1661
   -7.5000    7.5000   15.000014720.7402   19.1870
    0.0000    7.5000   15.000014835.9619   19.2423
    7.5000    7.5000   15.000014642.3730   19.2107
   -7.5000   15.0000   15.000014333.5449   19.1883
    0.0000   15.0000   15.000014601.5469   19.2376
    7.5000   15.0000   15.000014208.3232   19.2005
   -7.5000   22.5000   15.000013911.5146   19.1309
    0.0000   22.5000   15.000014319.0957   19.1660
    7.5000   22.5000   15.000013733.7236   19.1319
   -7.5000   30.0000   15.000013385.3516   18.8419
    0.0000   30.0000   15.000013867.9756   18.8701
    7.5000   30.0000   15.000013172.1445   18.8441
   -7.5000   37.5000   15.000012671.5469   18.8458
    0.0000   37.5000   15.000013211.1543   18.8814
    7.5000   37.5000   15.000012453.4443   18.8589
   -7.5000   45.0000   15.000011431.7139   18.4510
    0.0000   45.0000   15.000011971.4102   18.4980
    7.5000   45.0000   15.000011258.1621   18.4739
   -7.5000  -45.0000   22.5000 8796.4229   19.1621
    0.0000  -45.0000   22.5000 9203.0381   19.2137
    7.5000  -45.0000   22.5000 8823.7334   19.1927
   -7.5000  -37.5000   22.5000 9530.6318   19.2006
    0.0000  -37.5000   22.5000 9977.0703   19.2583
    7.5000  -37.5000   22.5000 9568.8701   19.2277
   -7.5000  -30.0000   22.500010576.4844   19.2011
    0.0000  -30.0000   22.500011087.2744   19.2547
    7.5000  -30.0000   22.500010629.1592   19.2215
   -7.5000  -22.5000   22.500011626.8711   19.1427
    0.0000  -22.5000   22.500012202.2920   19.1852
    7.5000  -22.5000   22.500011672.8291   19.1612
   -7.5000  -15.0000   22.500012714.5352   19.0823
    0.0000  -15.0000   22.500013321.8721   19.1197
    7.5000  -15.0000   22.500012679.6670   19.1067
   -7.5000   -7.5000   22.500013736.3643   19.0884
    0.0000   -7.5000   22.500014267.7168   19.1309
    7.5000   -7.5000   22.500013540.1680   19.1182
   -7.5000    0.0000   22.500014519.3672   19.1483
    0.0000    0.0000   22.500015029.6152   19.2000
    7.5000    0.0000   22.500014211.8496   19.1789
   -7.5000    7.5000   22.500014214.6885   19.2006
    0.0000    7.5000   22.500014740.8232   19.2583
    7.5000    7.5000   22.500013914.7188   19.2277
   -7.5000   15.0000   22.500013744.1504   19.2011
    0.0000   15.0000   22.500014209.4404   19.2547
    7.5000   15.0000   22.500013458.1953   19.2215
   -7.5000   22.5000   22.500013212.9346   19.1339
    0.0000   22.5000   22.500013665.9658   19.1763
    7.5000   22.5000   22.500012980.8770   19.1523
   -7.5000   30.0000   22.500012626.3281   18.8353
    0.0000   30.0000   22.500013095.7510   18.8723
    7.5000   30.0000   22.500012437.5391   18.8595
   -7.5000   37.5000   22.500011910.3330   18.8414
    0.0000   37.5000   22.500012383.2373   18.8833
    7.5000   37.5000   22.500011757.5566   18.8708
   -7.5000   45.0000   22.500010749.6699   18.4568
    0.0000   45.0000   22.500011182.8984   18.5066
    7.5000   45.0000   22.500010650.7705   18.4863
   -7.5000  -45.0000   30.0000 8175.1831   19.1855
    0.0000  -45.0000   30.0000 8574.9766   19.2383
    7.5000  -45.0000   30.0000 8182.1753   19.2148
   -7.5000  -37.5000   30.0000 8876.0801   19.2273
    0.0000  -37.5000   30.0000 9346.5020   19.2833
    7.5000  -37.5000   30.0000 8892.9971   19.2506
   -7.5000  -30.0000   30.0000 9881.4795   19.2226
    0.0000  -30.0000   30.000010433.7344   19.2750
    7.5000  -30.0000   30.0000 9897.9668   19.2443
   -7.5000  -22.5000   30.000010885.8691   19.1555
    0.0000  -22.5000   30.000011479.4307   19.2009
    7.5000  -22.5000   30.000010867.6865   19.1839
   -7.5000  -15.0000   30.000011858.8311   19.0906
    0.0000  -15.0000   30.000012428.9707   19.1341
    7.5000  -15.0000   30.000011781.4023   19.1282
   -7.5000   -7.5000   30.000012700.5791   19.1019
    0.0000   -7.5000   30.000013250.8281   19.1492
    7.5000   -7.5000   30.000012586.4854   19.1390
   -7.5000    0.0000   30.000013353.9033   19.1716
    0.0000    0.0000   30.000013914.1035   19.2244
    7.5000    0.0000   30.000013239.2158   19.2009
   -7.5000    7.5000   30.000013086.2295   19.2273
    0.0000    7.5000   30.000013615.6982   19.2833
    7.5000    7.5000   30.000012980.4111   19.2506
   -7.5000   15.0000   30.000012656.1123   19.2226
    0.0000   15.0000   30.000013152.6338   19.2750
    7.5000   15.0000   30.000012560.8955   19.2443
   -7.5000   22.5000   30.000012206.3057   19.1467
    0.0000   22.5000   30.000012705.5410   19.1920
    7.5000   22.5000   30.000012136.3135   19.1750
   -7.5000   30.0000   30.000011719.7529   18.8435
    0.0000   30.0000   30.000012220.1260   18.8865
    7.5000   30.0000   30.000011651.9404   18.8807
   -7.5000   37.5000   30.000011093.7275   18.8547
    0.0000   37.5000   30.000011564.8398   18.9014
    7.5000   37.5000   30.000011005.4141   18.8913
   -7.5000   45.0000   30.000010056.5547   18.4792
    0.0000   45.0000   30.000010475.9395   18.5301
    7.5000   45.0000   30.0000 9975.9482   18.5075
   -7.5000  -45.0000   37.5000 7778.8877   19.2325
    0.0000  -45.0000   37.5000 8150.6562   19.2832
    7.5000  -45.0000   37.5000 7836.3418   19.2541
   -7.5000  -37.5000   37.5000 8438.3379   19.2691
    0.0000  -37.5000   37.5000 8887.4795   19.3200
    7.5000  -37.5000   37.5000 8519.4863   19.2849
   -7.5000  -30.0000   37.5000 9413.0264   19.2599
    0.0000  -30.0000   37.5000 9910.0322   19.3052
    7.5000  -30.0000   37.5000 9485.6387   19.2733
   -7.5000  -22.5000   37.500010345.6445   19.1950
    0.0000  -22.5000   37.500010867.5039   19.2347
    7.5000  -22.5000   37.500010406.4746   19.2140
   -7.5000  -15.0000   37.500011198.3516   19.1363
    0.0000  -15.0000   37.500011720.9941   19.1764
    7.5000  -15.0000   37.500011235.6768   19.1639
   -7.5000   -7.5000   37.500011964.2930   19.1508
    0.0000   -7.5000   37.500012496.8965   19.1962
    7.5000   -7.5000   37.500012000.3643   19.1785
   -7.5000    0.0000   37.500012573.2520   19.2186
    0.0000    0.0000   37.500013107.2686   19.2693
    7.5000    0.0000   37.500012613.1592   19.2402
   -7.5000    7.5000   37.500012294.4014   19.2691
    0.0000    7.5000   37.500012829.5811   19.3200
    7.5000    7.5000   37.500012348.8711   19.2849
   -7.5000   15.0000   37.500011928.0244   19.2599
    0.0000   15.0000   37.500012430.5391   19.3052
    7.5000   15.0000   37.500011970.4316   19.2733
   -7.5000   22.5000   37.500011568.5898   19.1861
    0.0000   22.5000   37.500012051.7598   19.2258
    7.5000   22.5000   37.500011587.3027   19.2052
   -7.5000   30.0000   37.500011164.4902   18.8886
    0.0000   30.0000   37.500011660.1650   18.9283
    7.5000   30.0000   37.500011172.3760   18.9159
   -7.5000   37.5000   37.500010604.6270   18.9029
    0.0000   37.5000   37.500011052.9023   18.9478
    7.5000   37.5000   37.500010573.2402   18.9303
   -7.5000   45.0000   37.5000 9619.4648   18.5245
    0.0000   45.0000   37.500010046.2012   18.5734
    7.5000   45.0000   37.5000 9585.8281   18.5454
   -7.5000  -45.0000   45.0000 7102.5195   19.4399
    0.0000  -45.0000   45.0000 7407.0166   19.4877
    7.5000  -45.0000   45.0000 7180.8335   19.4533
   -7.5000  -37.5000   45.0000 7699.5830   19.4701
    0.0000  -37.5000   45.0000 8087.8047   19.5182
    7.5000  -37.5000   45.0000 7810.8198   19.4810
   -7.5000  -30.0000   45.0000 8569.6133   19.4613
    0.0000  -30.0000   45.0000 9015.7559   19.5015
    7.5000  -30.0000   45.0000 8688.3740   19.4647
   -7.5000  -22.5000   45.0000 9419.6914   19.4039
    0.0000  -22.5000   45.0000 9885.1055   19.4358
    7.5000  -22.5000   45.0000 9501.7734   19.4039
   -7.5000  -15.0000   45.000010185.3877   19.3532
    0.0000  -15.0000   45.000010666.7705   19.3842
    7.5000  -15.0000   45.000010242.9365   19.3572
   -7.5000   -7.5000   45.000010858.9619   19.3659
    0.0000   -7.5000   45.000011359.5146   19.4050
    7.5000   -7.5000   45.000010930.4141   19.3759
   -7.5000    0.0000   45.000011407.0195   19.4256
    0.0000    0.0000   45.000011897.4492   19.4734
    7.5000    0.0000   45.000011472.3789   19.4390
   -7.5000    7.5000   45.000011149.7627   19.4701
    0.0000    7.5000   45.000011618.6504   19.5182
    7.5000    7.5000   45.000011202.4502   19.4810
   -7.5000   15.0000   45.000010832.9326   19.4613
    0.0000   15.0000   45.000011282.8564   19.5015
    7.5000   15.0000   45.000010886.0449   19.4647
   -7.5000   22.5000   45.000010530.7754   19.3949
    0.0000   22.5000   45.000011001.7988   19.4268
    7.5000   22.5000   45.000010578.9092   19.3949
   -7.5000   30.0000   45.000010193.5977   19.1010
    0.0000   30.0000   45.000010628.3271   19.1316
    7.5000   30.0000   45.000010205.2617   19.1050
   -7.5000   37.5000   45.0000 9686.7744   19.1136
    0.0000   37.5000   45.000010082.4062   19.1522
    7.5000   37.5000   45.0000 9663.3857   19.1235
   -7.5000   45.0000   45.0000 8819.5244   18.7325
    0.0000   45.0000   45.0000 9178.0283   18.7786
    7.5000   45.0000   45.0000 8802.6592   18.7455

---------------------------------------------------------------------
imgreg_4dfp /opt/freesurfer/average/711-2C_as_mni_average_305 /opt/freesurfer/average/711-2B_as_mni_average_305_mask talsrcimg_g11 none talsrcimg_to_711-2C_as_mni_average_305_t4 4355
---------------------------------------------------------------------

freesurfer imgreg_4dfp.c
/opt/freesurfer/average/711-2C_as_mni_average_305.4dfp.img
       256       256       256         1
  1.000000  1.000000  1.000000
orientation T byte_order littleendian
Reading image: /opt/freesurfer/average/711-2C_as_mni_average_305.4dfp.img
dimensions:      256       256       256
mmppix:       1.0000   -1.0000   -1.0000
center:     128.0000 -129.0000 -129.0000
/opt/freesurfer/average/711-2B_as_mni_average_305_mask.4dfp.img
       256       256       256         1
  1.000000  1.000000  1.000000
orientation T byte_order littleendian
Reading mask: /opt/freesurfer/average/711-2B_as_mni_average_305_mask.4dfp.img (2306576 pixels)
talsrcimg_g11.4dfp.img
       256       256       256         1
  1.000000  1.000000  1.000000
orientation T byte_order littleendian
Reading image: talsrcimg_g11.4dfp.img
dimensions:      256       256       256
mmppix:       1.0000   -1.0000   -1.0000
center:     128.0000 -129.0000 -129.0000
rotation matrix determinant  1.000000
image alignment mode   4355 decimal     1103 hex
   -7.5000  -45.0000  -45.0000 1772.7971   24.1973
    0.0000  -45.0000  -45.0000 1767.0509   23.8556
    7.5000  -45.0000  -45.0000 1759.2001   24.1851
   -7.5000  -37.5000  -45.0000 1875.9264   21.7727
    0.0000  -37.5000  -45.0000 1882.2981   21.5360
    7.5000  -37.5000  -45.0000 1873.2603   21.7159
   -7.5000  -30.0000  -45.0000 1970.7806   19.8162
    0.0000  -30.0000  -45.0000 1978.0648   19.6622
    7.5000  -30.0000  -45.0000 1963.7229   19.7752
   -7.5000  -22.5000  -45.0000 2049.3892   18.2074
    0.0000  -22.5000  -45.0000 2054.8132   18.1667
    7.5000  -22.5000  -45.0000 2043.5524   18.2629
   -7.5000  -15.0000  -45.0000 2128.2810   17.0096
    0.0000  -15.0000  -45.0000 2129.8357   16.9906
    7.5000  -15.0000  -45.0000 2122.4185   17.1199
   -7.5000   -7.5000  -45.0000 2156.5132   16.3340
    0.0000   -7.5000  -45.0000 2158.3628   16.2578
    7.5000   -7.5000  -45.0000 2158.0166   16.3968
   -7.5000    0.0000  -45.0000 2169.3809   15.9853
    0.0000    0.0000  -45.0000 2175.6685   15.8298
    7.5000    0.0000  -45.0000 2168.1526   15.9873
   -7.5000    7.5000  -45.0000 2158.2981   15.8791
    0.0000    7.5000  -45.0000 2169.0186   15.7545
    7.5000    7.5000  -45.0000 2159.5383   15.9930
   -7.5000   15.0000  -45.0000 2145.6323   16.2428
    0.0000   15.0000  -45.0000 2154.2810   16.0704
    7.5000   15.0000  -45.0000 2139.4324   16.3639
   -7.5000   22.5000  -45.0000 2106.9250   16.9785
    0.0000   22.5000  -45.0000 2113.1543   16.7160
    7.5000   22.5000  -45.0000 2108.2700   17.0524
   -7.5000   30.0000  -45.0000 2056.5994   17.9776
    0.0000   30.0000  -45.0000 2065.4744   17.6215
    7.5000   30.0000  -45.0000 2057.9883   18.0226
   -7.5000   37.5000  -45.0000 1986.8269   19.4393
    0.0000   37.5000  -45.0000 1998.1837   19.0518
    7.5000   37.5000  -45.0000 1984.4983   19.5344
   -7.5000   45.0000  -45.0000 1890.5587   21.4088
    0.0000   45.0000  -45.0000 1906.2861   21.0349
    7.5000   45.0000  -45.0000 1894.4316   21.5132
   -7.5000  -45.0000  -37.5000 1855.6405   22.1999
    0.0000  -45.0000  -37.5000 1853.4148   22.0542
    7.5000  -45.0000  -37.5000 1842.8761   22.1751
   -7.5000  -37.5000  -37.5000 1971.1295   19.9523
    0.0000  -37.5000  -37.5000 1974.1296   19.8475
    7.5000  -37.5000  -37.5000 1962.9640   19.9061
   -7.5000  -30.0000  -37.5000 2065.6082   18.1651
    0.0000  -30.0000  -37.5000 2069.6121   18.1004
    7.5000  -30.0000  -37.5000 2056.8584   18.1331
   -7.5000  -22.5000  -37.5000 2149.4688   16.7137
    0.0000  -22.5000  -37.5000 2159.4639   16.7194
    7.5000  -22.5000  -37.5000 2141.4353   16.7584
   -7.5000  -15.0000  -37.5000 2226.0330   15.6196
    0.0000  -15.0000  -37.5000 2233.8296   15.6612
    7.5000  -15.0000  -37.5000 2213.0244   15.6707
   -7.5000   -7.5000  -37.5000 2258.9294   14.9675
    0.0000   -7.5000  -37.5000 2267.7197   14.9762
    7.5000   -7.5000  -37.5000 2250.5491   14.9907
   -7.5000    0.0000  -37.5000 2275.2385   14.6698
    0.0000    0.0000  -37.5000 2284.0645   14.5649
    7.5000    0.0000  -37.5000 2264.3696   14.6587
   -7.5000    7.5000  -37.5000 2266.1562   14.6036
    0.0000    7.5000  -37.5000 2280.0239   14.5562
    7.5000    7.5000  -37.5000 2260.7507   14.6789
   -7.5000   15.0000  -37.5000 2249.7227   14.9128
    0.0000   15.0000  -37.5000 2256.6174   14.8087
    7.5000   15.0000  -37.5000 2242.8169   14.9891
   -7.5000   22.5000  -37.5000 2215.7920   15.4912
    0.0000   22.5000  -37.5000 2222.4177   15.2946
    7.5000   22.5000  -37.5000 2215.8621   15.5202
   -7.5000   30.0000  -37.5000 2163.4954   16.4145
    0.0000   30.0000  -37.5000 2170.4949   16.1393
    7.5000   30.0000  -37.5000 2165.0691   16.4182
   -7.5000   37.5000  -37.5000 2089.8044   17.8403
    0.0000   37.5000  -37.5000 2097.4944   17.5232
    7.5000   37.5000  -37.5000 2087.1484   17.8952
   -7.5000   45.0000  -37.5000 1993.0682   19.7106
    0.0000   45.0000  -37.5000 2002.9698   19.3445
    7.5000   45.0000  -37.5000 1987.8806   19.7532
   -7.5000  -45.0000  -30.0000 1963.8241   21.2943
    0.0000  -45.0000  -30.0000 1964.5698   21.2519
    7.5000  -45.0000  -30.0000 1952.5693   21.3148
   -7.5000  -37.5000  -30.0000 2084.3354   19.0659
    0.0000  -37.5000  -30.0000 2090.2991   19.0518
    7.5000  -37.5000  -30.0000 2073.3264   19.0478
   -7.5000  -30.0000  -30.0000 2192.0835   17.2797
    0.0000  -30.0000  -30.0000 2199.1836   17.3325
    7.5000  -30.0000  -30.0000 2177.7273   17.2855
   -7.5000  -22.5000  -30.0000 2282.0298   15.8877
    0.0000  -22.5000  -30.0000 2290.3821   15.9379
    7.5000  -22.5000  -30.0000 2267.1360   15.9399
   -7.5000  -15.0000  -30.0000 2362.8770   14.8823
    0.0000  -15.0000  -30.0000 2374.8137   14.9521
    7.5000  -15.0000  -30.0000 2342.8770   14.9420
   -7.5000   -7.5000  -30.0000 2400.9519   14.2167
    0.0000   -7.5000  -30.0000 2417.9678   14.3028
    7.5000   -7.5000  -30.0000 2390.3784   14.2840
   -7.5000    0.0000  -30.0000 2419.7063   13.9589
    0.0000    0.0000  -30.0000 2436.2764   13.9218
    7.5000    0.0000  -30.0000 2413.3679   13.9891
   -7.5000    7.5000  -30.0000 2420.2161   13.9408
    0.0000    7.5000  -30.0000 2439.8013   13.9119
    7.5000    7.5000  -30.0000 2414.0945   13.9947
   -7.5000   15.0000  -30.0000 2398.6912   14.2224
    0.0000   15.0000  -30.0000 2407.1846   14.1787
    7.5000   15.0000  -30.0000 2392.3074   14.2679
   -7.5000   22.5000  -30.0000 2362.5645   14.7301
    0.0000   22.5000  -30.0000 2371.5049   14.6276
    7.5000   22.5000  -30.0000 2356.3652   14.7347
   -7.5000   30.0000  -30.0000 2307.7351   15.6621
    0.0000   30.0000  -30.0000 2313.3677   15.5125
    7.5000   30.0000  -30.0000 2304.0857   15.6916
   -7.5000   37.5000  -30.0000 2227.6455   17.0408
    0.0000   37.5000  -30.0000 2233.5955   16.8200
    7.5000   37.5000  -30.0000 2219.7136   17.0911
   -7.5000   45.0000  -30.0000 2121.0754   18.8445
    0.0000   45.0000  -30.0000 2125.1714   18.5794
    7.5000   45.0000  -30.0000 2112.3286   18.8799
   -7.5000  -45.0000  -22.5000 2043.8672   20.2813
    0.0000  -45.0000  -22.5000 2046.1372   20.2771
    7.5000  -45.0000  -22.5000 2033.4073   20.3513
   -7.5000  -37.5000  -22.5000 2170.9172   18.1025
    0.0000  -37.5000  -22.5000 2181.5266   18.1481
    7.5000  -37.5000  -22.5000 2161.5901   18.1610
   -7.5000  -30.0000  -22.5000 2287.7046   16.4046
    0.0000  -30.0000  -22.5000 2299.2214   16.4578
    7.5000  -30.0000  -22.5000 2277.6143   16.4680
   -7.5000  -22.5000  -22.5000 2382.5515   15.0062
    0.0000  -22.5000  -22.5000 2397.3708   15.0738
    7.5000  -22.5000  -22.5000 2372.0500   15.0816
   -7.5000  -15.0000  -22.5000 2471.4192   14.0129
    0.0000  -15.0000  -22.5000 2485.0081   14.0803
    7.5000  -15.0000  -22.5000 2457.5933   14.1085
   -7.5000   -7.5000  -22.5000 2520.0835   13.3957
    0.0000   -7.5000  -22.5000 2538.3069   13.4977
    7.5000   -7.5000  -22.5000 2511.5398   13.5267
   -7.5000    0.0000  -22.5000 2549.0947   13.1402
    0.0000    0.0000  -22.5000 2566.7942   13.1797
    7.5000    0.0000  -22.5000 2542.9065   13.2190
   -7.5000    7.5000  -22.5000 2558.0730   13.1749
    0.0000    7.5000  -22.5000 2578.7136   13.1831
    7.5000    7.5000  -22.5000 2550.3958   13.2175
   -7.5000   15.0000  -22.5000 2529.7944   13.4457
    0.0000   15.0000  -22.5000 2545.5750   13.4548
    7.5000   15.0000  -22.5000 2525.2124   13.4700
   -7.5000   22.5000  -22.5000 2486.2500   13.9000
    0.0000   22.5000  -22.5000 2502.1677   13.8857
    7.5000   22.5000  -22.5000 2479.5854   13.9364
   -7.5000   30.0000  -22.5000 2424.2627   14.8022
    0.0000   30.0000  -22.5000 2438.3477   14.7547
    7.5000   30.0000  -22.5000 2418.8301   14.8519
   -7.5000   37.5000  -22.5000 2337.4060   16.1473
    0.0000   37.5000  -22.5000 2357.0686   16.0315
    7.5000   37.5000  -22.5000 2334.5500   16.2019
   -7.5000   45.0000  -22.5000 2221.9409   17.9203
    0.0000   45.0000  -22.5000 2236.8835   17.7362
    7.5000   45.0000  -22.5000 2220.6863   18.0082
   -7.5000  -45.0000  -15.0000 2096.9099   19.3890
    0.0000  -45.0000  -15.0000 2102.7056   19.3636
    7.5000  -45.0000  -15.0000 2093.6230   19.5432
   -7.5000  -37.5000  -15.0000 2233.5110   17.2574
    0.0000  -37.5000  -15.0000 2243.1555   17.2455
    7.5000  -37.5000  -15.0000 2229.8574   17.3847
   -7.5000  -30.0000  -15.0000 2350.3721   15.5581
    0.0000  -30.0000  -15.0000 2361.7498   15.5854
    7.5000  -30.0000  -15.0000 2345.6335   15.6749
   -7.5000  -22.5000  -15.0000 2448.4211   14.2427
    0.0000  -22.5000  -15.0000 2467.8857   14.2836
    7.5000  -22.5000  -15.0000 2450.2446   14.3466
   -7.5000  -15.0000  -15.0000 2537.5754   13.2278
    0.0000  -15.0000  -15.0000 2561.0662   13.2629
    7.5000  -15.0000  -15.0000 2541.0962   13.3353
   -7.5000   -7.5000  -15.0000 2602.0454   12.6318
    0.0000   -7.5000  -15.0000 2627.3232   12.6787
    7.5000   -7.5000  -15.0000 2603.1106   12.7321
   -7.5000    0.0000  -15.0000 2635.6089   12.3421
    0.0000    0.0000  -15.0000 2664.0286   12.4135
    7.5000    0.0000  -15.0000 2639.9226   12.4494
   -7.5000    7.5000  -15.0000 2647.6763   12.3677
    0.0000    7.5000  -15.0000 2680.9683   12.4046
    7.5000    7.5000  -15.0000 2654.3921   12.4409
   -7.5000   15.0000  -15.0000 2625.4019   12.6251
    0.0000   15.0000  -15.0000 2654.4917   12.6518
    7.5000   15.0000  -15.0000 2631.5945   12.6716
   -7.5000   22.5000  -15.0000 2582.3596   13.0982
    0.0000   22.5000  -15.0000 2608.0366   13.1102
    7.5000   22.5000  -15.0000 2584.8604   13.1683
   -7.5000   30.0000  -15.0000 2509.5754   14.0182
    0.0000   30.0000  -15.0000 2537.1765   13.9903
    7.5000   30.0000  -15.0000 2518.5808   14.0790
   -7.5000   37.5000  -15.0000 2417.8425   15.3275
    0.0000   37.5000  -15.0000 2443.5996   15.2486
    7.5000   37.5000  -15.0000 2421.4150   15.3765
   -7.5000   45.0000  -15.0000 2297.5754   17.0244
    0.0000   45.0000  -15.0000 2322.8792   16.9317
    7.5000   45.0000  -15.0000 2300.1064   17.1156
   -7.5000  -45.0000   -7.5000 2133.5461   18.5749
    0.0000  -45.0000   -7.5000 2142.4919   18.5661
    7.5000  -45.0000   -7.5000 2138.8979   18.7790
   -7.5000  -37.5000   -7.5000 2272.5957   16.5022
    0.0000  -37.5000   -7.5000 2286.9255   16.4474
    7.5000  -37.5000   -7.5000 2281.7024   16.6833
   -7.5000  -30.0000   -7.5000 2390.9375   14.8639
    0.0000  -30.0000   -7.5000 2407.0942   14.8071
    7.5000  -30.0000   -7.5000 2397.8994   15.0208
   -7.5000  -22.5000   -7.5000 2491.2439   13.5736
    0.0000  -22.5000   -7.5000 2513.0742   13.5087
    7.5000  -22.5000   -7.5000 2508.2932   13.6983
   -7.5000  -15.0000   -7.5000 2590.3652   12.6013
    0.0000  -15.0000   -7.5000 2618.6094   12.5497
    7.5000  -15.0000   -7.5000 2608.8474   12.7027
   -7.5000   -7.5000   -7.5000 2666.6655   11.9467
    0.0000   -7.5000   -7.5000 2700.8259   11.9363
    7.5000   -7.5000   -7.5000 2682.1309   12.0436
   -7.5000    0.0000   -7.5000 2709.1677   11.6169
    0.0000    0.0000   -7.5000 2744.9419   11.6251
    7.5000    0.0000   -7.5000 2722.1008   11.7348
   -7.5000    7.5000   -7.5000 2720.8740   11.6258
    0.0000    7.5000   -7.5000 2761.5647   11.6127
    7.5000    7.5000   -7.5000 2736.3831   11.7119
   -7.5000   15.0000   -7.5000 2705.0271   11.8707
    0.0000   15.0000   -7.5000 2737.9888   11.8647
    7.5000   15.0000   -7.5000 2717.1868   11.9474
   -7.5000   22.5000   -7.5000 2665.9141   12.3719
    0.0000   22.5000   -7.5000 2693.0383   12.3470
    7.5000   22.5000   -7.5000 2677.0979   12.4406
   -7.5000   30.0000   -7.5000 2584.5381   13.3272
    0.0000   30.0000   -7.5000 2612.7380   13.2644
    7.5000   30.0000   -7.5000 2595.3682   13.3548
   -7.5000   37.5000   -7.5000 2480.4688   14.6139
    0.0000   37.5000   -7.5000 2503.1663   14.5371
    7.5000   37.5000   -7.5000 2484.5464   14.6508
   -7.5000   45.0000   -7.5000 2356.7666   16.2727
    0.0000   45.0000   -7.5000 2379.0339   16.1817
    7.5000   45.0000   -7.5000 2358.5190   16.3124
   -7.5000  -45.0000    0.0000 2146.5540   18.0309
    0.0000  -45.0000    0.0000 2157.1514   17.9584
    7.5000  -45.0000    0.0000 2155.8733   18.2915
   -7.5000  -37.5000    0.0000 2286.6877   16.0071
    0.0000  -37.5000    0.0000 2301.1543   15.9072
    7.5000  -37.5000    0.0000 2303.1882   16.2000
   -7.5000  -30.0000    0.0000 2416.4934   14.4202
    0.0000  -30.0000    0.0000 2431.0083   14.2765
    7.5000  -30.0000    0.0000 2428.8787   14.5561
   -7.5000  -22.5000    0.0000 2519.9971   13.1632
    0.0000  -22.5000    0.0000 2541.6599   13.0233
    7.5000  -22.5000    0.0000 2540.9487   13.2990
   -7.5000  -15.0000    0.0000 2626.9692   12.2344
    0.0000  -15.0000    0.0000 2649.5483   12.0773
    7.5000  -15.0000    0.0000 2652.0442   12.3494
   -7.5000   -7.5000    0.0000 2717.7656   11.5539
    0.0000   -7.5000    0.0000 2748.6099   11.4275
    7.5000   -7.5000    0.0000 2737.6592   11.6507
   -7.5000    0.0000    0.0000 2772.1016   11.0891
    0.0000    0.0000    0.0000 2803.7056   10.9789
    7.5000    0.0000    0.0000 2789.6814   11.2233
   -7.5000    7.5000    0.0000 2790.2134   11.0348
    0.0000    7.5000    0.0000 2815.8774   10.9397
    7.5000    7.5000    0.0000 2807.6968   11.1741
   -7.5000   15.0000    0.0000 2766.2214   11.3288
    0.0000   15.0000    0.0000 2795.6899   11.2389
    7.5000   15.0000    0.0000 2787.6182   11.4146
   -7.5000   22.5000    0.0000 2723.3879   11.8910
    0.0000   22.5000    0.0000 2750.6919   11.8224
    7.5000   22.5000    0.0000 2740.7163   11.9845
   -7.5000   30.0000    0.0000 2636.3416   12.8558
    0.0000   30.0000    0.0000 2660.6365   12.7601
    7.5000   30.0000    0.0000 2646.7563   12.9096
   -7.5000   37.5000    0.0000 2524.3823   14.1144
    0.0000   37.5000    0.0000 2542.3669   14.0277
    7.5000   37.5000    0.0000 2526.3850   14.1836
   -7.5000   45.0000    0.0000 2391.0696   15.7289
    0.0000   45.0000    0.0000 2410.7251   15.6317
    7.5000   45.0000    0.0000 2396.5806   15.7994
   -7.5000  -45.0000    7.5000 2150.9485   17.9013
    0.0000  -45.0000    7.5000 2164.0586   17.7000
    7.5000  -45.0000    7.5000 2170.8816   18.1841
   -7.5000  -37.5000    7.5000 2294.0703   15.8994
    0.0000  -37.5000    7.5000 2304.0222   15.6167
    7.5000  -37.5000    7.5000 2313.5786   16.0602
   -7.5000  -30.0000    7.5000 2423.4294   14.3035
    0.0000  -30.0000    7.5000 2431.9478   14.0301
    7.5000  -30.0000    7.5000 2441.2522   14.4305
   -7.5000  -22.5000    7.5000 2535.7490   13.0545
    0.0000  -22.5000    7.5000 2547.9355   12.7950
    7.5000  -22.5000    7.5000 2558.8118   13.1614
   -7.5000  -15.0000    7.5000 2646.3738   12.1609
    0.0000  -15.0000    7.5000 2659.6431   11.8956
    7.5000  -15.0000    7.5000 2670.2468   12.2211
   -7.5000   -7.5000    7.5000 2756.2485   11.4733
    0.0000   -7.5000    7.5000 2774.1501   11.1941
    7.5000   -7.5000    7.5000 2772.3296   11.5159
   -7.5000    0.0000    7.5000 2808.8459   10.8172
    0.0000    0.0000    7.5000 2818.2627   10.4421
    7.5000    0.0000    7.5000 2824.7073   10.9621
   -7.5000    7.5000    7.5000 2830.8811   10.7590
    0.0000    7.5000    7.5000 2839.4846   10.4185
    7.5000    7.5000    7.5000 2846.9041   10.8844
   -7.5000   15.0000    7.5000 2811.2253   11.1343
    0.0000   15.0000    7.5000 2831.8879   10.9153
    7.5000   15.0000    7.5000 2832.4272   11.2294
   -7.5000   22.5000    7.5000 2769.7742   11.7630
    0.0000   22.5000    7.5000 2787.1501   11.6127
    7.5000   22.5000    7.5000 2783.3889   11.8355
   -7.5000   30.0000    7.5000 2674.9917   12.7001
    0.0000   30.0000    7.5000 2689.8550   12.5596
    7.5000   30.0000    7.5000 2683.9578   12.7459
   -7.5000   37.5000    7.5000 2551.8767   13.9261
    0.0000   37.5000    7.5000 2569.3818   13.8080
    7.5000   37.5000    7.5000 2554.9312   13.9789
   -7.5000   45.0000    7.5000 2413.9456   15.5180
    0.0000   45.0000    7.5000 2432.6128   15.3589
    7.5000   45.0000    7.5000 2417.2075   15.5557
   -7.5000  -45.0000   15.0000 2142.2859   18.0762
    0.0000  -45.0000   15.0000 2154.8652   17.7994
    7.5000  -45.0000   15.0000 2162.3044   18.2278
   -7.5000  -37.5000   15.0000 2283.4287   16.0300
    0.0000  -37.5000   15.0000 2298.0527   15.7640
    7.5000  -37.5000   15.0000 2307.7283   16.1345
   -7.5000  -30.0000   15.0000 2410.6685   14.4211
    0.0000  -30.0000   15.0000 2425.9919   14.1248
    7.5000  -30.0000   15.0000 2434.6553   14.4974
   -7.5000  -22.5000   15.0000 2526.5833   13.1617
    0.0000  -22.5000   15.0000 2540.4150   12.8430
    7.5000  -22.5000   15.0000 2556.9636   13.2223
   -7.5000  -15.0000   15.0000 2644.3130   12.2476
    0.0000  -15.0000   15.0000 2648.2485   11.9334
    7.5000  -15.0000   15.0000 2667.2991   12.2607
   -7.5000   -7.5000   15.0000 2747.5098   11.5851
    0.0000   -7.5000   15.0000 2744.6448   11.1866
    7.5000   -7.5000   15.0000 2765.6267   11.5341
   -7.5000    0.0000   15.0000 2814.7639   11.0506
    0.0000    0.0000   15.0000 2797.8066   10.5365
    7.5000    0.0000   15.0000 2826.7771   11.0039
   -7.5000    7.5000   15.0000 2844.0850   10.9046
    0.0000    7.5000   15.0000 2843.7703   10.5481
    7.5000    7.5000   15.0000 2861.9441   10.9510
   -7.5000   15.0000   15.0000 2832.6877   11.2703
    0.0000   15.0000   15.0000 2844.0913   11.0457
    7.5000   15.0000   15.0000 2841.3057   11.3051
   -7.5000   22.5000   15.0000 2781.9485   11.9168
    0.0000   22.5000   15.0000 2798.3435   11.7680
    7.5000   22.5000   15.0000 2785.2432   11.9031
   -7.5000   30.0000   15.0000 2676.1702   12.7864
    0.0000   30.0000   15.0000 2698.6194   12.6822
    7.5000   30.0000   15.0000 2683.0095   12.7730
   -7.5000   37.5000   15.0000 2549.3860   13.9700
    0.0000   37.5000   15.0000 2579.8545   13.8864
    7.5000   37.5000   15.0000 2556.3140   13.9811
   -7.5000   45.0000   15.0000 2408.0027   15.4875
    0.0000   45.0000   15.0000 2439.6311   15.4257
    7.5000   45.0000   15.0000 2416.6987   15.5229
   -7.5000  -45.0000   22.5000 2128.3545   18.5154
    0.0000  -45.0000   22.5000 2143.3445   18.2594
    7.5000  -45.0000   22.5000 2151.9712   18.5945
   -7.5000  -37.5000   22.5000 2268.6287   16.3723
    0.0000  -37.5000   22.5000 2291.7192   16.0894
    7.5000  -37.5000   22.5000 2299.9951   16.4246
   -7.5000  -30.0000   22.5000 2394.8958   14.6965
    0.0000  -30.0000   22.5000 2419.4016   14.4117
    7.5000  -30.0000   22.5000 2428.5498   14.7300
   -7.5000  -22.5000   22.5000 2513.3174   13.4541
    0.0000  -22.5000   22.5000 2538.6355   13.2179
    7.5000  -22.5000   22.5000 2550.0845   13.4506
   -7.5000  -15.0000   22.5000 2629.9749   12.5810
    0.0000  -15.0000   22.5000 2654.2244   12.3495
    7.5000  -15.0000   22.5000 2651.8110   12.5077
   -7.5000   -7.5000   22.5000 2729.5496   11.9301
    0.0000   -7.5000   22.5000 2741.2217   11.5859
    7.5000   -7.5000   22.5000 2735.4221   11.8090
   -7.5000    0.0000   22.5000 2796.7556   11.5099
    0.0000    0.0000   22.5000 2812.4023   11.2564
    7.5000    0.0000   22.5000 2799.4648   11.3521
   -7.5000    7.5000   22.5000 2826.2449   11.4755
    0.0000    7.5000   22.5000 2857.3191   11.2910
    7.5000    7.5000   22.5000 2837.2239   11.3357
   -7.5000   15.0000   22.5000 2808.2971   11.6909
    0.0000   15.0000   22.5000 2833.3574   11.6022
    7.5000   15.0000   22.5000 2815.1536   11.6444
   -7.5000   22.5000   22.5000 2745.8193   12.1780
    0.0000   22.5000   22.5000 2769.6716   12.0997
    7.5000   22.5000   22.5000 2755.3579   12.1799
   -7.5000   30.0000   22.5000 2646.2058   13.0057
    0.0000   30.0000   22.5000 2671.9644   12.9212
    7.5000   30.0000   22.5000 2652.5796   13.0102
   -7.5000   37.5000   22.5000 2526.5981   14.1770
    0.0000   37.5000   22.5000 2557.4226   14.0650
    7.5000   37.5000   22.5000 2536.2646   14.1769
   -7.5000   45.0000   22.5000 2386.3394   15.6682
    0.0000   45.0000   22.5000 2412.4023   15.5438
    7.5000   45.0000   22.5000 2397.4788   15.6923
   -7.5000  -45.0000   30.0000 2102.7344   19.2410
    0.0000  -45.0000   30.0000 2126.9973   19.0327
    7.5000  -45.0000   30.0000 2123.9214   19.1856
   -7.5000  -37.5000   30.0000 2245.8176   17.0490
    0.0000  -37.5000   30.0000 2278.2676   16.8598
    7.5000  -37.5000   30.0000 2271.4312   16.9985
   -7.5000  -30.0000   30.0000 2372.8042   15.3521
    0.0000  -30.0000   30.0000 2408.8496   15.2212
    7.5000  -30.0000   30.0000 2396.7959   15.3269
   -7.5000  -22.5000   30.0000 2494.2131   14.1173
    0.0000  -22.5000   30.0000 2532.8513   13.9740
    7.5000  -22.5000   30.0000 2514.7261   14.0342
   -7.5000  -15.0000   30.0000 2606.3162   13.2174
    0.0000  -15.0000   30.0000 2634.7798   12.9539
    7.5000  -15.0000   30.0000 2619.5491   13.0846
   -7.5000   -7.5000   30.0000 2698.5908   12.4949
    0.0000   -7.5000   30.0000 2721.4089   12.2151
    7.5000   -7.5000   30.0000 2701.0706   12.3763
   -7.5000    0.0000   30.0000 2755.3145   12.0675
    0.0000    0.0000   30.0000 2774.1670   11.8415
    7.5000    0.0000   30.0000 2762.3276   11.9524
   -7.5000    7.5000   30.0000 2778.8064   12.0504
    0.0000    7.5000   30.0000 2807.0063   11.8403
    7.5000    7.5000   30.0000 2788.4626   11.8943
   -7.5000   15.0000   30.0000 2744.8757   12.2516
    0.0000   15.0000   30.0000 2775.6089   12.1065
    7.5000   15.0000   30.0000 2760.7976   12.1436
   -7.5000   22.5000   30.0000 2682.1599   12.7143
    0.0000   22.5000   30.0000 2717.4150   12.6596
    7.5000   22.5000   30.0000 2700.6687   12.6857
   -7.5000   30.0000   30.0000 2587.1353   13.5295
    0.0000   30.0000   30.0000 2621.8577   13.4812
    7.5000   30.0000   30.0000 2599.8853   13.5061
   -7.5000   37.5000   30.0000 2477.4426   14.6487
    0.0000   37.5000   30.0000 2508.9160   14.5760
    7.5000   37.5000   30.0000 2486.8989   14.6430
   -7.5000   45.0000   30.0000 2340.5342   16.1235
    0.0000   45.0000   30.0000 2366.7229   15.9872
    7.5000   45.0000   30.0000 2349.1577   16.0649
   -7.5000  -45.0000   37.5000 2073.3298   20.2358
    0.0000  -45.0000   37.5000 2099.5596   19.9935
    7.5000  -45.0000   37.5000 2095.7883   20.1566
   -7.5000  -37.5000   37.5000 2211.3948   17.9763
    0.0000  -37.5000   37.5000 2248.9590   17.8413
    7.5000  -37.5000   37.5000 2239.9746   17.9011
   -7.5000  -30.0000   37.5000 2338.5857   16.2267
    0.0000  -30.0000   37.5000 2378.5352   16.1304
    7.5000  -30.0000   37.5000 2365.6018   16.1363
   -7.5000  -22.5000   37.5000 2453.2876   14.9166
    0.0000  -22.5000   37.5000 2490.8872   14.7332
    7.5000  -22.5000   37.5000 2479.1125   14.7983
   -7.5000  -15.0000   37.5000 2551.9263   13.9252
    0.0000  -15.0000   37.5000 2584.3533   13.6769
    7.5000  -15.0000   37.5000 2571.2798   13.8339
   -7.5000   -7.5000   37.5000 2637.6506   13.1718
    0.0000   -7.5000   37.5000 2663.9119   12.9616
    7.5000   -7.5000   37.5000 2646.8179   13.1099
   -7.5000    0.0000   37.5000 2687.0574   12.7736
    0.0000    0.0000   37.5000 2704.3750   12.5446
    7.5000    0.0000   37.5000 2696.2263   12.6937
   -7.5000    7.5000   37.5000 2695.8479   12.7696
    0.0000    7.5000   37.5000 2726.4072   12.5382
    7.5000    7.5000   37.5000 2713.8062   12.6476
   -7.5000   15.0000   37.5000 2659.4648   12.9857
    0.0000   15.0000   37.5000 2691.1599   12.7925
    7.5000   15.0000   37.5000 2682.8884   12.8739
   -7.5000   22.5000   37.5000 2608.3489   13.4041
    0.0000   22.5000   37.5000 2641.4177   13.2736
    7.5000   22.5000   37.5000 2623.6924   13.3467
   -7.5000   30.0000   37.5000 2516.8411   14.2160
    0.0000   30.0000   37.5000 2559.2893   14.1736
    7.5000   30.0000   37.5000 2536.3113   14.1923
   -7.5000   37.5000   37.5000 2410.3088   15.3459
    0.0000   37.5000   37.5000 2444.4072   15.3142
    7.5000   37.5000   37.5000 2424.8843   15.3414
   -7.5000   45.0000   37.5000 2276.2297   16.7428
    0.0000   45.0000   37.5000 2308.0527   16.6803
    7.5000   45.0000   37.5000 2284.8730   16.7513
   -7.5000  -45.0000   45.0000 2027.9000   21.3592
    0.0000  -45.0000   45.0000 2052.8376   21.1206
    7.5000  -45.0000   45.0000 2054.7300   21.2274
   -7.5000  -37.5000   45.0000 2165.8953   18.9967
    0.0000  -37.5000   45.0000 2203.6921   18.8443
    7.5000  -37.5000   45.0000 2200.2590   18.8732
   -7.5000  -30.0000   45.0000 2285.6101   17.1928
    0.0000  -30.0000   45.0000 2329.5593   17.0613
    7.5000  -30.0000   45.0000 2326.7654   17.0728
   -7.5000  -22.5000   45.0000 2392.5640   15.8270
    0.0000  -22.5000   45.0000 2432.5149   15.6128
    7.5000  -22.5000   45.0000 2426.5981   15.6767
   -7.5000  -15.0000   45.0000 2487.4775   14.7871
    0.0000  -15.0000   45.0000 2520.4019   14.6125
    7.5000  -15.0000   45.0000 2508.0959   14.7305
   -7.5000   -7.5000   45.0000 2559.1895   14.0153
    0.0000   -7.5000   45.0000 2580.5981   13.8884
    7.5000   -7.5000   45.0000 2573.2646   14.0059
   -7.5000    0.0000   45.0000 2595.7253   13.6593
    0.0000    0.0000   45.0000 2608.1987   13.4661
    7.5000    0.0000   45.0000 2604.7600   13.5936
   -7.5000    7.5000   45.0000 2594.5728   13.6226
    0.0000    7.5000   45.0000 2618.7754   13.4375
    7.5000    7.5000   45.0000 2612.5381   13.5368
   -7.5000   15.0000   45.0000 2569.5283   13.8510
    0.0000   15.0000   45.0000 2599.9082   13.6682
    7.5000   15.0000   45.0000 2594.4316   13.7707
   -7.5000   22.5000   45.0000 2524.3113   14.2577
    0.0000   22.5000   45.0000 2562.0869   14.1046
    7.5000   22.5000   45.0000 2545.9626   14.1790
   -7.5000   30.0000   45.0000 2443.5083   15.0798
    0.0000   30.0000   45.0000 2474.0586   14.9758
    7.5000   30.0000   45.0000 2458.3779   15.0218
   -7.5000   37.5000   45.0000 2335.5798   16.2497
    0.0000   37.5000   45.0000 2368.7944   16.1648
    7.5000   37.5000   45.0000 2348.2112   16.1859
   -7.5000   45.0000   45.0000 2210.7776   17.6947
    0.0000   45.0000   45.0000 2235.5403   17.5901
    7.5000   45.0000   45.0000 2219.7673   17.6333

---------------------------------------------------------------------
imgreg_4dfp /opt/freesurfer/average/711-2C_as_mni_average_305 /opt/freesurfer/average/711-2B_as_mni_average_305_mask talsrcimg_g11 none talsrcimg_to_711-2C_as_mni_average_305_t4 1283
---------------------------------------------------------------------

freesurfer imgreg_4dfp.c
/opt/freesurfer/average/711-2C_as_mni_average_305.4dfp.img
       256       256       256         1
  1.000000  1.000000  1.000000
orientation T byte_order littleendian
Reading image: /opt/freesurfer/average/711-2C_as_mni_average_305.4dfp.img
dimensions:      256       256       256
mmppix:       1.0000   -1.0000   -1.0000
center:     128.0000 -129.0000 -129.0000
/opt/freesurfer/average/711-2B_as_mni_average_305_mask.4dfp.img
       256       256       256         1
  1.000000  1.000000  1.000000
orientation T byte_order littleendian
Reading mask: /opt/freesurfer/average/711-2B_as_mni_average_305_mask.4dfp.img (2306576 pixels)
talsrcimg_g11.4dfp.img
       256       256       256         1
  1.000000  1.000000  1.000000
orientation T byte_order littleendian
Reading image: talsrcimg_g11.4dfp.img
dimensions:      256       256       256
mmppix:       1.0000   -1.0000   -1.0000
center:     128.0000 -129.0000 -129.0000
rotation matrix determinant  1.000000
fimgreg.f
image alignment mode   1283 decimal      503 hex
parameters
    7.5000    7.5000   15.0000    0.0000    0.0000    0.0000
eta,q 0.89687 10.93229
niter,ni,del,rscale     5    3   12.0000    1.2000
parameter  3  0.853501 ->  0.500000 qaram    1.1500
parameter  4 -1.351260 -> -0.500000 qaram    1.1500
parameters
    6.4753    8.8265   11.5500    3.4500   -0.7641    1.2010
eta,q 0.90037 10.55472
  0.1098  0.1091  0.1031  0.1061  0.1030  0.1011
  0.1090  0.1031  0.1017  0.1032  0.1004  0.1007
  0.1045  0.1016  0.1022  0.1017  0.0994  0.1000
  0.1026  0.1031  0.1041  0.1010  0.0998  0.0997
  0.1043  0.1039  0.1073  0.1005  0.1014  0.0996
  0.1114  0.1032  0.1110  0.0995  0.1023  0.0995
  0.1222  0.1033  0.1118  0.0984  0.1038  0.1005
niter,ni,del,rscale     6    3   12.0000    1.2000
parameter  6  0.589774 ->  0.500000 qaram    1.1500
parameters
    5.9136    8.9995   12.2028    6.5880   -0.3969   -2.2490
eta,q 0.90284 10.54892
  0.1046  0.1016  0.1090  0.1036  0.1038  0.0970
  0.1039  0.1020  0.1058  0.1021  0.1015  0.0972
  0.1016  0.1014  0.1018  0.1010  0.0986  0.0971
  0.0996  0.1000  0.0999  0.0999  0.0974  0.0975
  0.0993  0.0985  0.1010  0.0980  0.0988  0.0981
  0.1030  0.0985  0.1029  0.0973  0.1009  0.0991
  0.1108  0.1043  0.1068  0.1005  0.1022  0.1009
niter,ni,del,rscale     6    3   12.0000    1.2000
parameter  6  0.594886 ->  0.500000 qaram    1.3225
parameters
    4.1265    8.9898   14.5767    6.5716   -0.3404   -6.2165
eta,q 0.90308 10.62940
  0.1004  0.1079  0.1054  0.1067  0.0987  0.0975
  0.0978  0.1043  0.1045  0.1034  0.0983  0.0971
  0.0971  0.0992  0.1007  0.0984  0.0981  0.0969
  0.0972  0.0971  0.0971  0.0975  0.0975  0.0975
  0.1004  0.0986  0.0974  0.0993  0.0969  0.0993
  0.1029  0.1033  0.0984  0.1028  0.0971  0.1011
  0.1061  0.1089  0.1002  0.1069  0.0998  0.1023
niter,ni,del,rscale     6    3   12.0000    1.2000
parameters
    4.1571    9.1075   14.9496    7.1860   -2.1136   -5.9876
eta,q 0.90344 10.63470
  0.1043  0.1084  0.1046  0.1084  0.0982  0.1039
  0.0997  0.1050  0.1004  0.1048  0.0965  0.0996
  0.0968  0.1003  0.0966  0.1000  0.0965  0.0972
  0.0969  0.0969  0.0968  0.0970  0.0970  0.0965
  0.0959  0.0981  0.0978  0.0984  0.0977  0.0974
  0.0990  0.1031  0.0995  0.1018  0.0990  0.0998
  0.1048  0.1091  0.1024  0.1057  0.1017  0.1025
niter,ni,del,rscale     5    3   12.0000    1.2000
parameters
    4.2060    9.0204   15.4815    6.9952   -2.2430   -5.9279
eta,q 0.90348 10.65101
  0.1025  0.1086  0.1031  0.1066  0.0998  0.1037
  0.1006  0.1040  0.1000  0.1023  0.0974  0.0996
  0.0971  0.0991  0.0968  0.0979  0.0961  0.0974
  0.0966  0.0965  0.0965  0.0966  0.0966  0.0965
  0.0953  0.0990  0.0965  0.0991  0.0974  0.0974
  0.0977  0.1044  0.0984  0.1030  0.0981  0.1000
  0.1046  0.1094  0.1014  0.1074  0.0993  0.1031
niter,ni,del,rscale     4    3   12.0000    1.2000
parameters
    4.2989    8.9467   15.5876    6.9618   -2.3779   -5.9468
eta,q 0.90354 10.65302
  0.1022  0.1088  0.1026  0.1069  0.0997  0.1035
  0.1005  0.1048  0.0990  0.1027  0.0973  0.0995
  0.0972  0.0998  0.0965  0.0983  0.0961  0.0973
  0.0965  0.0965  0.0965  0.0965  0.0965  0.0965
  0.0951  0.0988  0.0965  0.0987  0.0974  0.0973
  0.0974  0.1045  0.0992  0.1026  0.0981  0.1000
  0.1043  0.1102  0.1018  0.1071  0.0991  0.1032
niter,ni,del,rscale     3    3   12.0000    1.2000
parameters
    4.3700    8.9006   15.6206    6.9539   -2.4501   -5.9646
eta,q 0.90360 10.65346
  0.1022  0.1089  0.1025  0.1069  0.0997  0.1034
  0.1005  0.1050  0.0989  0.1028  0.0974  0.0995
  0.0973  0.1000  0.0965  0.0983  0.0960  0.0972
  0.0965  0.0964  0.0964  0.0964  0.0964  0.0964
  0.0951  0.0986  0.0965  0.0986  0.0973  0.0973
  0.0975  0.1044  0.0994  0.1025  0.0981  0.1000
  0.1044  0.1104  0.1019  0.1070  0.0990  0.1032
niter,ni,del,rscale     2    3   12.0000    1.2000
parameters
    4.4160    8.8699   15.6339    6.9565   -2.4945   -5.9781
eta,q 0.90363 10.65327
  0.1022  0.1089  0.1025  0.1068  0.0997  0.1034
  0.1005  0.1051  0.0989  0.1028  0.0974  0.0995
  0.0973  0.1001  0.0965  0.0983  0.0960  0.0972
  0.0964  0.0964  0.0964  0.0964  0.0964  0.0964
  0.0950  0.0984  0.0965  0.0985  0.0972  0.0972
  0.0976  0.1043  0.0995  0.1024  0.0981  0.0999
  0.1045  0.1104  0.1020  0.1070  0.0990  0.1032
registration optimization eta report
parameter search radius
    6.0000    6.0000    6.9000    6.9000    6.0000    7.9350
100000*second partial in parameter space
       21.       34.       13.       21.        8.       11.
  0.1022  0.1089  0.1025  0.1068  0.0997  0.1034
  0.1005  0.1051  0.0989  0.1028  0.0974  0.0995
  0.0973  0.1001  0.0965  0.0983  0.0960  0.0972
  0.0964  0.0964  0.0964  0.0964  0.0964  0.0964
  0.0950  0.0984  0.0965  0.0985  0.0972  0.0972
  0.0976  0.1043  0.0995  0.1024  0.0981  0.0999
  0.1045  0.1104  0.1020  0.1070  0.0990  0.1032
    4.4160    8.8699   15.6339    6.9565   -2.4945   -5.9781
eta,q 0.90363 10.65327

---------------------------------------------------------------------
imgreg_4dfp /opt/freesurfer/average/711-2C_as_mni_average_305 /opt/freesurfer/average/711-2B_as_mni_average_305_mask talsrcimg_g11 none talsrcimg_to_711-2C_as_mni_average_305_t4 3335
---------------------------------------------------------------------

freesurfer imgreg_4dfp.c
/opt/freesurfer/average/711-2C_as_mni_average_305.4dfp.img
       256       256       256         1
  1.000000  1.000000  1.000000
orientation T byte_order littleendian
Reading image: /opt/freesurfer/average/711-2C_as_mni_average_305.4dfp.img
dimensions:      256       256       256
mmppix:       1.0000   -1.0000   -1.0000
center:     128.0000 -129.0000 -129.0000
/opt/freesurfer/average/711-2B_as_mni_average_305_mask.4dfp.img
       256       256       256         1
  1.000000  1.000000  1.000000
orientation T byte_order littleendian
Reading mask: /opt/freesurfer/average/711-2B_as_mni_average_305_mask.4dfp.img (2306576 pixels)
talsrcimg_g11.4dfp.img
       256       256       256         1
  1.000000  1.000000  1.000000
orientation T byte_order littleendian
Reading image: talsrcimg_g11.4dfp.img
dimensions:      256       256       256
mmppix:       1.0000   -1.0000   -1.0000
center:     128.0000 -129.0000 -129.0000
fimgreg.f
image alignment mode   3335 decimal      D07 hex
parameters
    4.4160    8.8699   15.6339   -0.6381   -1.3309   -0.8302
   10.8624    3.0355  -10.4049  -12.4956   -4.3524   12.1000
eta,q 0.90190 10.69140
niter,ni,del,rscale     5    3    5.0000    1.2000
parameter  4  3.412333 ->  0.500000 qaram    1.1500
parameter  5  1.832973 ->  0.500000 qaram    1.1500
parameter  6 21.763052 ->  0.500000 qaram    1.1500
parameter  7 -0.895409 -> -0.500000 qaram    1.1500
parameter  8 -0.654035 -> -0.500000 qaram    1.1500
parameter  9 -1.375855 -> -0.500000 qaram    1.1500
parameter 10 -1.006040 -> -0.500000 qaram    1.1500
parameters
    5.4401    9.4604   15.7872   -4.7781   -5.4709   -4.9702
   15.0024    7.1755   -6.2649   -8.3556   -2.3790   10.0234
eta,q 0.92838 10.67603
  0.0998  0.0995  0.0985  0.0866  0.0835  0.0739  0.0823  0.0847  0.0798  0.0805  0.0761  0.0726
  0.0993  0.0987  0.0981  0.0899  0.0852  0.0775  0.0809  0.0824  0.0781  0.0781  0.0743  0.0719
  0.0987  0.0981  0.0978  0.0933  0.0876  0.0816  0.0796  0.0799  0.0766  0.0758  0.0729  0.0716
  0.0981  0.0978  0.0977  0.0977  0.0908  0.0858  0.0785  0.0775  0.0753  0.0737  0.0720  0.0718
  0.0978  0.0977  0.0978  0.1029  0.0944  0.0902  0.0778  0.0756  0.0743  0.0725  0.0718  0.0723
  0.0979  0.0979  0.0980  0.1080  0.0986  0.0936  0.0774  0.0754  0.0736  0.0719  0.0722  0.0733
  0.0984  0.0984  0.0983  0.1129  0.1033  0.0983  0.0776  0.0770  0.0732  0.0716  0.0733  0.0748
niter,ni,del,rscale     7    3    5.0000    1.2000
parameter  2  1.115014 ->  0.500000 qaram    1.1500
parameter  4  1.529132 ->  0.500000 qaram    1.3225
parameter  5  2.469578 ->  0.500000 qaram    1.3225
parameter  6  0.814205 ->  0.500000 qaram    1.3225
parameter  7  0.600064 ->  0.500000 qaram    1.3225
parameters
    4.5613    8.0804   15.3930   -9.5391  -10.2319   -9.7312
   10.2414    8.6718   -3.2118   -5.4120   -1.6988   10.1821
eta,q 0.94898 10.33314
  0.0726  0.0697  0.0714  0.0589  0.0527  0.0515  0.0525  0.0581  0.0560  0.0578  0.0524  0.0525
  0.0715  0.0698  0.0704  0.0610  0.0557  0.0526  0.0522  0.0552  0.0541  0.0551  0.0516  0.0517
  0.0712  0.0703  0.0699  0.0642  0.0585  0.0544  0.0523  0.0533  0.0527  0.0529  0.0512  0.0512
  0.0716  0.0712  0.0699  0.0698  0.0617  0.0565  0.0530  0.0522  0.0518  0.0514  0.0510  0.0510
  0.0729  0.0722  0.0705  0.0777  0.0655  0.0612  0.0542  0.0516  0.0515  0.0510  0.0511  0.0512
  0.0749  0.0734  0.0715  0.0859  0.0698  0.0696  0.0560  0.0524  0.0517  0.0513  0.0514  0.0516
  0.0774  0.0749  0.0728  0.0930  0.0752  0.0777  0.0584  0.0553  0.0525  0.0527  0.0519  0.0524
niter,ni,del,rscale     7    3    5.0000    1.2000
parameter  1  1.216984 ->  0.500000 qaram    1.1500
parameter  2  0.576410 ->  0.500000 qaram    1.3225
parameter  3  1.757135 ->  0.500000 qaram    1.1500
parameter  4  0.579924 ->  0.500000 qaram    1.5209
parameter  5  2.009401 ->  0.500000 qaram    1.5209
parameter  7  0.974966 ->  0.500000 qaram    1.5209
parameter  9  0.540431 ->  0.500000 qaram    1.3225
parameter 10  0.530012 ->  0.500000 qaram    1.3225
parameter 11  0.548257 ->  0.500000 qaram    1.1500
parameter 12  1.750720 ->  0.500000 qaram    1.1500
parameters
    3.1813    6.4934   14.0130  -15.0142  -15.7071  -13.3067
    4.7662    5.8799   -7.9728  -10.1730   -5.8388    6.0421
eta,q 0.96817 10.06412
  0.0482  0.0484  0.0452  0.0444  0.0369  0.0391  0.0363  0.0374  0.0359  0.0352  0.0341  0.0310
  0.0484  0.0479  0.0458  0.0441  0.0381  0.0383  0.0363  0.0362  0.0353  0.0343  0.0340  0.0316
  0.0494  0.0480  0.0467  0.0441  0.0409  0.0383  0.0370  0.0359  0.0353  0.0343  0.0340  0.0326
  0.0510  0.0486  0.0478  0.0460  0.0441  0.0387  0.0382  0.0364  0.0359  0.0352  0.0342  0.0340
  0.0531  0.0495  0.0492  0.0506  0.0480  0.0395  0.0400  0.0375  0.0370  0.0371  0.0347  0.0356
  0.0554  0.0506  0.0508  0.0585  0.0516  0.0425  0.0420  0.0389  0.0383  0.0396  0.0353  0.0374
  0.0580  0.0521  0.0526  0.0672  0.0563  0.0493  0.0445  0.0409  0.0399  0.0425  0.0362  0.0393
niter,ni,del,rscale     7    3    5.0000    1.2000
parameter  3  1.102636 ->  0.500000 qaram    1.3225
parameters
    1.8140    5.0234   12.4260  -16.2631  -19.5569   -8.9560
    6.1589    7.2143   -5.6497   -8.6555   -7.1863    2.9453
eta,q 0.97311 10.07452
  0.0318  0.0316  0.0283  0.0330  0.0324  0.0329  0.0333  0.0324  0.0317  0.0351  0.0277  0.0275
  0.0312  0.0302  0.0285  0.0311  0.0300  0.0313  0.0307  0.0298  0.0297  0.0308  0.0273  0.0270
  0.0312  0.0301  0.0291  0.0298  0.0288  0.0299  0.0289  0.0284  0.0284  0.0286  0.0271  0.0269
  0.0318  0.0311  0.0300  0.0287  0.0291  0.0288  0.0278  0.0277  0.0276  0.0273  0.0271  0.0271
  0.0333  0.0333  0.0312  0.0278  0.0327  0.0281  0.0278  0.0275  0.0274  0.0271  0.0273  0.0276
  0.0355  0.0365  0.0327  0.0312  0.0398  0.0274  0.0289  0.0281  0.0278  0.0284  0.0277  0.0287
  0.0385  0.0405  0.0345  0.0393  0.0472  0.0294  0.0313  0.0302  0.0290  0.0313  0.0283  0.0303
niter,ni,del,rscale     7    3    5.0000    1.2000
parameter  3  0.514783 ->  0.500000 qaram    1.5209
parameters
    1.3638    5.6497   10.6009  -15.3873  -20.2749  -11.1369
    6.1330    7.1609   -5.0527   -6.8855   -7.9630    0.4124
eta,q 0.97362  9.99371
  0.0287  0.0327  0.0266  0.0322  0.0331  0.0291  0.0312  0.0306  0.0297  0.0345  0.0270  0.0270
  0.0274  0.0298  0.0260  0.0298  0.0302  0.0277  0.0291  0.0283  0.0282  0.0301  0.0267  0.0265
  0.0269  0.0278  0.0261  0.0276  0.0273  0.0270  0.0274  0.0271  0.0272  0.0278  0.0265  0.0264
  0.0269  0.0268  0.0267  0.0260  0.0255  0.0257  0.0267  0.0267  0.0267  0.0267  0.0265  0.0265
  0.0275  0.0268  0.0276  0.0237  0.0253  0.0258  0.0271  0.0268  0.0269  0.0266  0.0266  0.0269
  0.0286  0.0276  0.0289  0.0250  0.0298  0.0314  0.0286  0.0279  0.0277  0.0276  0.0269  0.0276
  0.0304  0.0293  0.0310  0.0331  0.0383  0.0394  0.0317  0.0311  0.0291  0.0300  0.0272  0.0286
niter,ni,del,rscale     7    3    5.0000    1.2000
parameters
    1.2978    6.1734   10.3611  -15.4560  -20.0752  -11.6977
    5.7601    7.3189   -4.6853   -5.6920   -9.1339   -0.5317
eta,q 0.97366  9.98030
  0.0292  0.0320  0.0283  0.0318  0.0342  0.0299  0.0308  0.0304  0.0293  0.0335  0.0269  0.0275
  0.0276  0.0291  0.0269  0.0296  0.0313  0.0281  0.0287  0.0280  0.0278  0.0292  0.0266  0.0267
  0.0266  0.0273  0.0263  0.0277  0.0284  0.0270  0.0271  0.0268  0.0268  0.0271  0.0264  0.0264
  0.0264  0.0264  0.0263  0.0263  0.0263  0.0262  0.0264  0.0264  0.0264  0.0264  0.0264  0.0264
  0.0268  0.0265  0.0266  0.0246  0.0256  0.0250  0.0268  0.0266  0.0266  0.0266  0.0265  0.0266
  0.0278  0.0274  0.0274  0.0269  0.0287  0.0266  0.0286  0.0276  0.0275  0.0279  0.0268  0.0272
  0.0295  0.0291  0.0287  0.0350  0.0359  0.0339  0.0320  0.0302  0.0289  0.0302  0.0272  0.0281
niter,ni,del,rscale     6    3    5.0000    1.2000
parameters
    1.3603    6.4525   10.0583  -15.6396  -20.0884  -11.9052
    5.5437    7.5807   -4.2407   -4.9028   -9.8358   -1.1336
eta,q 0.97356  9.96423
  0.0295  0.0312  0.0282  0.0317  0.0340  0.0303  0.0309  0.0305  0.0292  0.0329  0.0271  0.0278
  0.0277  0.0285  0.0269  0.0295  0.0311  0.0284  0.0289  0.0280  0.0278  0.0289  0.0267  0.0269
  0.0267  0.0269  0.0264  0.0277  0.0284  0.0271  0.0272  0.0268  0.0269  0.0269  0.0265  0.0265
  0.0263  0.0263  0.0263  0.0263  0.0264  0.0264  0.0264  0.0265  0.0265  0.0264  0.0265  0.0265
  0.0266  0.0267  0.0267  0.0248  0.0258  0.0252  0.0268  0.0267  0.0267  0.0269  0.0266  0.0267
  0.0275  0.0278  0.0276  0.0271  0.0291  0.0264  0.0285  0.0277  0.0274  0.0283  0.0269  0.0273
  0.0292  0.0296  0.0288  0.0350  0.0363  0.0331  0.0319  0.0300  0.0288  0.0306  0.0273  0.0281
niter,ni,del,rscale     5    3    5.0000    1.2000
parameters
    1.3830    6.6749    9.8772  -15.7719  -20.2115  -12.0248
    5.3802    7.7210   -3.8847   -4.3041  -10.3267   -1.5503
eta,q 0.97341  9.94833
  0.0295  0.0310  0.0286  0.0317  0.0339  0.0306  0.0310  0.0305  0.0292  0.0326  0.0273  0.0280
  0.0278  0.0285  0.0272  0.0295  0.0311  0.0286  0.0290  0.0280  0.0279  0.0288  0.0268  0.0271
  0.0268  0.0269  0.0265  0.0278  0.0284  0.0273  0.0274  0.0268  0.0270  0.0270  0.0266  0.0267
  0.0264  0.0264  0.0265  0.0264  0.0265  0.0265  0.0266  0.0266  0.0266  0.0266  0.0266  0.0266
  0.0267  0.0268  0.0268  0.0249  0.0260  0.0254  0.0269  0.0269  0.0268  0.0270  0.0267  0.0268
  0.0277  0.0279  0.0276  0.0272  0.0293  0.0266  0.0286  0.0279  0.0275  0.0285  0.0270  0.0274
  0.0294  0.0297  0.0289  0.0348  0.0365  0.0330  0.0319  0.0301  0.0289  0.0308  0.0275  0.0282
niter,ni,del,rscale     4    3    5.0000    1.2000
parameters
    1.4070    6.8577    9.7499  -15.8691  -20.3595  -12.1336
    5.2313    7.8350   -3.6080   -3.8249  -10.7203   -1.8823
eta,q 0.97328  9.93290
  0.0297  0.0309  0.0289  0.0318  0.0338  0.0308  0.0311  0.0306  0.0292  0.0324  0.0275  0.0282
  0.0279  0.0285  0.0274  0.0296  0.0311  0.0288  0.0292  0.0281  0.0280  0.0288  0.0270  0.0272
  0.0269  0.0270  0.0267  0.0279  0.0285  0.0274  0.0275  0.0269  0.0271  0.0270  0.0268  0.0268
  0.0266  0.0266  0.0266  0.0266  0.0266  0.0267  0.0267  0.0267  0.0267  0.0267  0.0267  0.0267
  0.0269  0.0270  0.0270  0.0252  0.0261  0.0255  0.0270  0.0271  0.0269  0.0271  0.0269  0.0270
  0.0279  0.0281  0.0278  0.0273  0.0294  0.0268  0.0287  0.0281  0.0276  0.0286  0.0272  0.0275
  0.0295  0.0298  0.0290  0.0347  0.0365  0.0332  0.0320  0.0302  0.0291  0.0309  0.0276  0.0283
niter,ni,del,rscale     3    3    5.0000    1.2000
parameters
    1.4326    7.0160    9.6493  -15.9495  -20.5061  -12.2194
    5.1015    7.9403   -3.3596   -3.4042  -11.0428   -2.1499
eta,q 0.97316  9.91925
  0.0298  0.0309  0.0290  0.0319  0.0338  0.0309  0.0312  0.0307  0.0293  0.0323  0.0277  0.0283
  0.0281  0.0285  0.0275  0.0297  0.0312  0.0290  0.0293  0.0282  0.0280  0.0288  0.0271  0.0274
  0.0270  0.0271  0.0269  0.0280  0.0286  0.0276  0.0277  0.0270  0.0272  0.0271  0.0269  0.0269
  0.0267  0.0267  0.0267  0.0267  0.0267  0.0268  0.0268  0.0268  0.0268  0.0268  0.0268  0.0268
  0.0270  0.0271  0.0271  0.0253  0.0262  0.0257  0.0271  0.0273  0.0270  0.0273  0.0270  0.0271
  0.0280  0.0282  0.0279  0.0274  0.0294  0.0269  0.0288  0.0282  0.0277  0.0287  0.0273  0.0276
  0.0297  0.0299  0.0291  0.0347  0.0364  0.0332  0.0321  0.0303  0.0292  0.0310  0.0277  0.0284
niter,ni,del,rscale     2    3    5.0000    1.2000
parameters
    1.4585    7.1629    9.5585  -16.0218  -20.6557  -12.3028
    4.9827    8.0355   -3.1435   -3.0149  -11.3326   -2.4036
eta,q 0.97306  9.90588
  0.0299  0.0309  0.0292  0.0319  0.0338  0.0310  0.0313  0.0308  0.0293  0.0323  0.0278  0.0284
  0.0282  0.0286  0.0277  0.0298  0.0312  0.0291  0.0294  0.0283  0.0281  0.0289  0.0272  0.0275
  0.0272  0.0272  0.0270  0.0281  0.0287  0.0277  0.0278  0.0271  0.0273  0.0273  0.0270  0.0270
  0.0268  0.0268  0.0268  0.0268  0.0269  0.0269  0.0269  0.0269  0.0270  0.0269  0.0270  0.0269
  0.0271  0.0272  0.0272  0.0255  0.0263  0.0258  0.0272  0.0274  0.0271  0.0273  0.0271  0.0272
  0.0281  0.0283  0.0280  0.0275  0.0294  0.0271  0.0289  0.0284  0.0278  0.0288  0.0274  0.0277
  0.0298  0.0300  0.0292  0.0346  0.0364  0.0333  0.0321  0.0303  0.0293  0.0311  0.0278  0.0285
niter,ni,del,rscale     1    3    5.0000    1.2000
parameters
    1.4800    7.3028    9.4712  -16.0918  -20.8009  -12.3872
    4.8811    8.1163   -2.9379   -2.6369  -11.6090   -2.6252
eta,q 0.97296  9.89280
  0.0300  0.0309  0.0293  0.0320  0.0338  0.0312  0.0314  0.0308  0.0294  0.0323  0.0279  0.0285
  0.0283  0.0286  0.0278  0.0299  0.0312  0.0292  0.0295  0.0284  0.0282  0.0289  0.0273  0.0276
  0.0273  0.0273  0.0271  0.0282  0.0288  0.0278  0.0279  0.0272  0.0274  0.0274  0.0271  0.0271
  0.0269  0.0269  0.0269  0.0269  0.0270  0.0270  0.0270  0.0270  0.0271  0.0271  0.0271  0.0271
  0.0273  0.0273  0.0273  0.0257  0.0265  0.0260  0.0273  0.0275  0.0272  0.0274  0.0272  0.0273
  0.0282  0.0284  0.0281  0.0276  0.0295  0.0272  0.0290  0.0285  0.0279  0.0288  0.0275  0.0278
  0.0299  0.0301  0.0293  0.0346  0.0364  0.0334  0.0322  0.0304  0.0294  0.0311  0.0280  0.0286
registration optimization eta report
parameter search radius
    2.7600    3.1740    3.6501   10.9503   10.9503    9.5220
   10.9503    8.2800    9.5220    9.5220    8.2800    8.2800
100000*second partial in parameter space
       40.       35.       18.        6.        7.        6.
        4.        5.        3.        5.        1.        2.
  0.0300  0.0309  0.0293  0.0320  0.0338  0.0312  0.0314  0.0308  0.0294  0.0323  0.0279  0.0285
  0.0283  0.0286  0.0278  0.0299  0.0312  0.0292  0.0295  0.0284  0.0282  0.0289  0.0273  0.0276
  0.0273  0.0273  0.0271  0.0282  0.0288  0.0278  0.0279  0.0272  0.0274  0.0274  0.0271  0.0271
  0.0269  0.0269  0.0269  0.0269  0.0270  0.0270  0.0270  0.0270  0.0271  0.0271  0.0271  0.0271
  0.0273  0.0273  0.0273  0.0257  0.0265  0.0260  0.0273  0.0275  0.0272  0.0274  0.0272  0.0273
  0.0282  0.0284  0.0281  0.0276  0.0295  0.0272  0.0290  0.0285  0.0279  0.0288  0.0275  0.0278
  0.0299  0.0301  0.0293  0.0346  0.0364  0.0334  0.0322  0.0304  0.0294  0.0311  0.0280  0.0286
    1.4800    7.3028    9.4712  -16.0918  -20.8009  -12.3872
    4.8811    8.1163   -2.9379   -2.6369  -11.6090   -2.6252
eta,q 0.97296  9.89280

---------------------------------------------------------------------
imgreg_4dfp /opt/freesurfer/average/711-2C_as_mni_average_305 /opt/freesurfer/average/711-2B_as_mni_average_305_mask talsrcimg_g11 none talsrcimg_to_711-2C_as_mni_average_305_t4 2311
---------------------------------------------------------------------

freesurfer imgreg_4dfp.c
/opt/freesurfer/average/711-2C_as_mni_average_305.4dfp.img
       256       256       256         1
  1.000000  1.000000  1.000000
orientation T byte_order littleendian
Reading image: /opt/freesurfer/average/711-2C_as_mni_average_305.4dfp.img
dimensions:      256       256       256
mmppix:       1.0000   -1.0000   -1.0000
center:     128.0000 -129.0000 -129.0000
/opt/freesurfer/average/711-2B_as_mni_average_305_mask.4dfp.img
       256       256       256         1
  1.000000  1.000000  1.000000
orientation T byte_order littleendian
Reading mask: /opt/freesurfer/average/711-2B_as_mni_average_305_mask.4dfp.img (2306576 pixels)
talsrcimg_g11.4dfp.img
       256       256       256         1
  1.000000  1.000000  1.000000
orientation T byte_order littleendian
Reading image: talsrcimg_g11.4dfp.img
dimensions:      256       256       256
mmppix:       1.0000   -1.0000   -1.0000
center:     128.0000 -129.0000 -129.0000
fimgreg.f
image alignment mode   2311 decimal      907 hex
parameters
    1.4800    7.3028    9.4712  -16.0918  -20.8009  -12.3872
    4.8811    8.1163   -2.9379   -2.6369  -11.6090   -2.6252
eta,q 0.97296  9.89279
niter,ni,del,rscale     5    3    5.0000    0.8000
parameter  4 -2.412168 -> -0.500000 qaram    1.1500
parameter 11 -0.534263 -> -0.500000 qaram    1.1500
parameters
    1.5024    7.3563    9.2104  -13.3318  -18.6463  -10.6167
    3.9526    9.1011   -4.0247   -2.3552   -8.8490   -2.6857
eta,q 0.97536 10.22753
  0.0281  0.0280  0.0273  0.0288  0.0286  0.0271  0.0260  0.0284  0.0254  0.0271  0.0262  0.0254
  0.0275  0.0275  0.0271  0.0281  0.0275  0.0264  0.0254  0.0267  0.0250  0.0258  0.0255  0.0250
  0.0272  0.0272  0.0270  0.0276  0.0266  0.0259  0.0250  0.0256  0.0248  0.0251  0.0251  0.0247
  0.0270  0.0270  0.0270  0.0270  0.0260  0.0255  0.0250  0.0250  0.0248  0.0248  0.0248  0.0246
  0.0271  0.0271  0.0271  0.0264  0.0256  0.0251  0.0254  0.0249  0.0251  0.0250  0.0247  0.0248
  0.0275  0.0274  0.0273  0.0259  0.0255  0.0249  0.0261  0.0253  0.0256  0.0256  0.0246  0.0250
  0.0280  0.0278  0.0276  0.0258  0.0262  0.0259  0.0274  0.0264  0.0264  0.0265  0.0247  0.0254
niter,ni,del,rscale     6    3    5.0000    0.9000
parameters
    1.6392    7.0623    9.2000  -13.4611  -18.8787  -10.4565
    5.1220    8.5677   -4.8082   -2.9741   -7.6501   -2.2381
eta,q 0.97557 10.21104
  0.0269  0.0257  0.0255  0.0274  0.0270  0.0270  0.0269  0.0269  0.0253  0.0263  0.0259  0.0257
  0.0257  0.0250  0.0249  0.0267  0.0259  0.0263  0.0259  0.0256  0.0248  0.0251  0.0251  0.0250
  0.0250  0.0246  0.0246  0.0257  0.0251  0.0256  0.0251  0.0248  0.0246  0.0245  0.0246  0.0246
  0.0246  0.0246  0.0246  0.0246  0.0246  0.0247  0.0246  0.0245  0.0245  0.0245  0.0244  0.0244
  0.0248  0.0250  0.0247  0.0241  0.0247  0.0241  0.0245  0.0248  0.0247  0.0250  0.0244  0.0245
  0.0253  0.0256  0.0250  0.0256  0.0258  0.0249  0.0248  0.0261  0.0252  0.0260  0.0246  0.0248
  0.0263  0.0266  0.0254  0.0292  0.0280  0.0278  0.0256  0.0286  0.0260  0.0272  0.0250  0.0253
niter,ni,del,rscale     5    3    5.0000    0.8000
parameters
    1.4813    6.8358    9.3085  -12.9668  -18.5681  -10.0796
    5.4200    8.1200   -5.2247   -3.5211   -7.1612   -1.7245
eta,q 0.97617 10.25364
  0.0256  0.0253  0.0252  0.0270  0.0264  0.0262  0.0256  0.0263  0.0247  0.0256  0.0250  0.0250
  0.0249  0.0247  0.0247  0.0263  0.0254  0.0256  0.0247  0.0250  0.0242  0.0244  0.0243  0.0244
  0.0245  0.0244  0.0244  0.0254  0.0247  0.0249  0.0242  0.0242  0.0240  0.0239  0.0240  0.0240
  0.0244  0.0244  0.0244  0.0244  0.0241  0.0241  0.0239  0.0239  0.0239  0.0239  0.0238  0.0238
  0.0247  0.0247  0.0245  0.0238  0.0240  0.0235  0.0240  0.0242  0.0241  0.0244  0.0239  0.0239
  0.0253  0.0252  0.0247  0.0246  0.0247  0.0242  0.0244  0.0255  0.0245  0.0252  0.0241  0.0241
  0.0262  0.0259  0.0250  0.0272  0.0262  0.0264  0.0253  0.0278  0.0251  0.0263  0.0246  0.0245
niter,ni,del,rscale     4    3    5.0000    0.7000
parameters
    1.4188    6.6025    9.5225  -12.6206  -18.3738   -9.5913
    5.5509    7.8957   -5.3965   -4.0230   -6.8785   -1.2514
eta,q 0.97667 10.28748
  0.0251  0.0245  0.0247  0.0263  0.0255  0.0255  0.0247  0.0257  0.0242  0.0248  0.0243  0.0243
  0.0243  0.0240  0.0242  0.0256  0.0247  0.0250  0.0240  0.0245  0.0237  0.0238  0.0238  0.0238
  0.0239  0.0238  0.0239  0.0247  0.0240  0.0244  0.0236  0.0237  0.0235  0.0234  0.0235  0.0235
  0.0238  0.0238  0.0238  0.0238  0.0236  0.0236  0.0234  0.0234  0.0234  0.0234  0.0233  0.0233
  0.0240  0.0241  0.0238  0.0235  0.0236  0.0232  0.0235  0.0236  0.0235  0.0238  0.0234  0.0234
  0.0245  0.0245  0.0240  0.0243  0.0242  0.0237  0.0239  0.0246  0.0238  0.0246  0.0236  0.0236
  0.0253  0.0251  0.0242  0.0265  0.0254  0.0254  0.0246  0.0265  0.0243  0.0255  0.0241  0.0239
niter,ni,del,rscale     3    3    5.0000    0.6000
parameters
    1.4006    6.4095    9.7832  -12.3139  -18.2692   -9.1151
    5.5967    7.7542   -5.4891   -4.4400   -6.7405   -0.8451
eta,q 0.97706 10.31453
  0.0244  0.0239  0.0242  0.0256  0.0245  0.0250  0.0240  0.0249  0.0236  0.0241  0.0237  0.0237
  0.0238  0.0235  0.0237  0.0249  0.0239  0.0245  0.0235  0.0239  0.0233  0.0234  0.0233  0.0233
  0.0235  0.0233  0.0234  0.0240  0.0235  0.0239  0.0231  0.0232  0.0230  0.0230  0.0230  0.0230
  0.0233  0.0233  0.0233  0.0233  0.0232  0.0232  0.0230  0.0230  0.0230  0.0230  0.0229  0.0229
  0.0235  0.0235  0.0233  0.0231  0.0232  0.0229  0.0231  0.0232  0.0231  0.0233  0.0230  0.0230
  0.0239  0.0238  0.0234  0.0238  0.0236  0.0234  0.0234  0.0240  0.0233  0.0239  0.0232  0.0231
  0.0245  0.0244  0.0236  0.0256  0.0246  0.0247  0.0240  0.0255  0.0237  0.0247  0.0236  0.0234
niter,ni,del,rscale     2    3    5.0000    0.5000
parameters
    1.3931    6.2571   10.0461  -12.0720  -18.2145   -8.6774
    5.6140    7.6560   -5.5377   -4.7649   -6.6874   -0.5385
eta,q 0.97732 10.33493
  0.0238  0.0233  0.0236  0.0249  0.0238  0.0244  0.0234  0.0242  0.0232  0.0236  0.0232  0.0232
  0.0233  0.0231  0.0233  0.0242  0.0234  0.0240  0.0230  0.0234  0.0229  0.0230  0.0229  0.0229
  0.0230  0.0229  0.0230  0.0234  0.0230  0.0234  0.0228  0.0229  0.0228  0.0227  0.0227  0.0227
  0.0229  0.0229  0.0229  0.0229  0.0228  0.0228  0.0227  0.0227  0.0227  0.0227  0.0227  0.0227
  0.0230  0.0231  0.0229  0.0228  0.0229  0.0227  0.0228  0.0229  0.0228  0.0229  0.0227  0.0227
  0.0233  0.0233  0.0230  0.0234  0.0232  0.0231  0.0230  0.0235  0.0229  0.0234  0.0229  0.0228
  0.0238  0.0237  0.0231  0.0248  0.0239  0.0240  0.0234  0.0246  0.0232  0.0240  0.0232  0.0230
niter,ni,del,rscale     1    3    5.0000    0.4000
parameters
    1.3811    6.1369   10.2907  -11.8878  -18.1917   -8.3127
    5.6129    7.5713   -5.5806   -5.0177   -6.6838   -0.2905
eta,q 0.97749 10.34976
  0.0232  0.0229  0.0232  0.0241  0.0232  0.0239  0.0230  0.0236  0.0228  0.0231  0.0229  0.0229
  0.0229  0.0228  0.0229  0.0235  0.0229  0.0235  0.0227  0.0230  0.0227  0.0227  0.0227  0.0227
  0.0227  0.0227  0.0228  0.0230  0.0227  0.0230  0.0226  0.0227  0.0226  0.0225  0.0226  0.0226
  0.0227  0.0227  0.0227  0.0226  0.0226  0.0226  0.0225  0.0225  0.0225  0.0225  0.0225  0.0225
  0.0227  0.0228  0.0226  0.0226  0.0226  0.0225  0.0226  0.0227  0.0226  0.0227  0.0226  0.0225
  0.0229  0.0229  0.0227  0.0231  0.0228  0.0228  0.0227  0.0231  0.0227  0.0230  0.0227  0.0226
  0.0233  0.0232  0.0228  0.0240  0.0233  0.0235  0.0230  0.0238  0.0229  0.0234  0.0229  0.0227
registration optimization eta report
parameter search radius
    0.8000    0.8000    0.8000    2.7600    2.4000    2.4000
    2.4000    2.4000    2.4000    2.4000    2.7600    2.4000
100000*second partial in parameter space
       91.       60.       50.       19.       11.       19.
        8.       20.        6.       13.        5.        5.
  0.0232  0.0229  0.0232  0.0241  0.0232  0.0239  0.0230  0.0236  0.0228  0.0231  0.0229  0.0229
  0.0229  0.0228  0.0229  0.0235  0.0229  0.0235  0.0227  0.0230  0.0227  0.0227  0.0227  0.0227
  0.0227  0.0227  0.0228  0.0230  0.0227  0.0230  0.0226  0.0227  0.0226  0.0225  0.0226  0.0226
  0.0227  0.0227  0.0227  0.0226  0.0226  0.0226  0.0225  0.0225  0.0225  0.0225  0.0225  0.0225
  0.0227  0.0228  0.0226  0.0226  0.0226  0.0225  0.0226  0.0227  0.0226  0.0227  0.0226  0.0225
  0.0229  0.0229  0.0227  0.0231  0.0228  0.0228  0.0227  0.0231  0.0227  0.0230  0.0227  0.0226
  0.0233  0.0232  0.0228  0.0240  0.0233  0.0235  0.0230  0.0238  0.0229  0.0234  0.0229  0.0227
    1.3811    6.1369   10.2907  -11.8878  -18.1917   -8.3127
    5.6129    7.5713   -5.5806   -5.0177   -6.6838   -0.2905
eta,q 0.97749 10.34976

---------------------------------------------------------------------
imgreg_4dfp /opt/freesurfer/average/711-2C_as_mni_average_305 /opt/freesurfer/average/711-2B_as_mni_average_305_mask talsrcimg_g11 none talsrcimg_to_711-2C_as_mni_average_305_t4 2311
---------------------------------------------------------------------

freesurfer imgreg_4dfp.c
/opt/freesurfer/average/711-2C_as_mni_average_305.4dfp.img
       256       256       256         1
  1.000000  1.000000  1.000000
orientation T byte_order littleendian
Reading image: /opt/freesurfer/average/711-2C_as_mni_average_305.4dfp.img
dimensions:      256       256       256
mmppix:       1.0000   -1.0000   -1.0000
center:     128.0000 -129.0000 -129.0000
/opt/freesurfer/average/711-2B_as_mni_average_305_mask.4dfp.img
       256       256       256         1
  1.000000  1.000000  1.000000
orientation T byte_order littleendian
Reading mask: /opt/freesurfer/average/711-2B_as_mni_average_305_mask.4dfp.img (2306576 pixels)
talsrcimg_g11.4dfp.img
       256       256       256         1
  1.000000  1.000000  1.000000
orientation T byte_order littleendian
Reading image: talsrcimg_g11.4dfp.img
dimensions:      256       256       256
mmppix:       1.0000   -1.0000   -1.0000
center:     128.0000 -129.0000 -129.0000
fimgreg.f
image alignment mode   2311 decimal      907 hex
parameters
    1.3811    6.1369   10.2907  -11.8878  -18.1917   -8.3127
    5.6129    7.5713   -5.5806   -5.0177   -6.6838   -0.2905
eta,q 0.97749 10.34976
niter,ni,del,rscale     5    3    5.0000    0.8000
parameters
    1.3645    6.0517   10.5739  -12.4961  -18.6561   -8.8503
    5.7724    7.4352   -5.6246   -5.4813   -6.5367    0.0949
eta,q 0.97707 10.31001
  0.0248  0.0239  0.0243  0.0252  0.0246  0.0251  0.0246  0.0259  0.0241  0.0248  0.0237  0.0239
  0.0236  0.0231  0.0234  0.0242  0.0236  0.0245  0.0238  0.0244  0.0235  0.0236  0.0233  0.0233
  0.0228  0.0226  0.0228  0.0232  0.0230  0.0236  0.0232  0.0234  0.0231  0.0230  0.0230  0.0230
  0.0225  0.0225  0.0225  0.0225  0.0227  0.0227  0.0230  0.0229  0.0230  0.0230  0.0229  0.0229
  0.0228  0.0227  0.0225  0.0229  0.0229  0.0228  0.0231  0.0232  0.0231  0.0234  0.0230  0.0230
  0.0236  0.0233  0.0228  0.0248  0.0239  0.0244  0.0236  0.0243  0.0235  0.0242  0.0232  0.0232
  0.0250  0.0243  0.0233  0.0281  0.0261  0.0281  0.0245  0.0266  0.0241  0.0255  0.0236  0.0236
niter,ni,del,rscale     4    3    5.0000    0.7000
parameters
    1.3357    6.0475   10.3073  -12.2322  -18.4126   -8.9559
    5.7911    7.3978   -5.6126   -5.4957   -6.4614    0.0938
eta,q 0.97720 10.31865
  0.0244  0.0240  0.0234  0.0254  0.0247  0.0248  0.0241  0.0254  0.0238  0.0247  0.0234  0.0235
  0.0236  0.0234  0.0230  0.0246  0.0238  0.0243  0.0234  0.0241  0.0232  0.0236  0.0231  0.0231
  0.0231  0.0230  0.0229  0.0237  0.0232  0.0235  0.0230  0.0232  0.0229  0.0230  0.0229  0.0229
  0.0229  0.0229  0.0229  0.0229  0.0228  0.0227  0.0228  0.0228  0.0228  0.0228  0.0228  0.0228
  0.0231  0.0231  0.0231  0.0227  0.0227  0.0227  0.0229  0.0230  0.0229  0.0230  0.0228  0.0229
  0.0236  0.0234  0.0234  0.0235  0.0232  0.0237  0.0234  0.0239  0.0232  0.0237  0.0231  0.0231
  0.0245  0.0240  0.0239  0.0254  0.0245  0.0259  0.0241  0.0258  0.0238  0.0246  0.0234  0.0234
niter,ni,del,rscale     3    3    5.0000    0.6000
parameters
    1.3260    6.0297   10.2816  -12.0296  -18.2847   -8.7525
    5.7424    7.3859   -5.6027   -5.4480   -6.4761    0.0764
eta,q 0.97735 10.33255
  0.0240  0.0236  0.0234  0.0249  0.0241  0.0245  0.0236  0.0248  0.0234  0.0242  0.0232  0.0232
  0.0233  0.0231  0.0230  0.0242  0.0235  0.0240  0.0231  0.0237  0.0230  0.0233  0.0229  0.0229
  0.0229  0.0229  0.0228  0.0234  0.0230  0.0234  0.0228  0.0230  0.0227  0.0228  0.0227  0.0227
  0.0228  0.0228  0.0228  0.0228  0.0227  0.0227  0.0226  0.0226  0.0226  0.0226  0.0226  0.0226
  0.0229  0.0229  0.0229  0.0227  0.0227  0.0226  0.0227  0.0228  0.0227  0.0228  0.0227  0.0227
  0.0233  0.0232  0.0231  0.0234  0.0231  0.0232  0.0231  0.0236  0.0230  0.0233  0.0229  0.0229
  0.0240  0.0236  0.0234  0.0249  0.0241  0.0247  0.0237  0.0250  0.0234  0.0241  0.0232  0.0232
niter,ni,del,rscale     2    3    5.0000    0.5000
parameters
    1.3252    6.0095   10.3653  -11.8758  -18.2196   -8.4631
    5.6962    7.3864   -5.5888   -5.4253   -6.5269    0.0864
eta,q 0.97748 10.34550
  0.0235  0.0232  0.0232  0.0243  0.0236  0.0242  0.0232  0.0242  0.0231  0.0236  0.0229  0.0229
  0.0230  0.0229  0.0229  0.0237  0.0231  0.0237  0.0228  0.0233  0.0228  0.0230  0.0227  0.0227
  0.0227  0.0227  0.0227  0.0231  0.0228  0.0231  0.0226  0.0228  0.0226  0.0226  0.0226  0.0226
  0.0226  0.0226  0.0226  0.0226  0.0226  0.0226  0.0225  0.0225  0.0225  0.0225  0.0225  0.0225
  0.0227  0.0227  0.0227  0.0226  0.0226  0.0225  0.0226  0.0227  0.0226  0.0226  0.0226  0.0226
  0.0230  0.0229  0.0228  0.0232  0.0229  0.0230  0.0228  0.0232  0.0227  0.0230  0.0227  0.0227
  0.0235  0.0233  0.0230  0.0243  0.0236  0.0240  0.0233  0.0243  0.0231  0.0236  0.0229  0.0229
niter,ni,del,rscale     1    3    5.0000    0.4000
parameters
    1.3254    5.9813   10.4907  -11.7622  -18.1994   -8.1827
    5.6673    7.3833   -5.5983   -5.4363   -6.5865    0.1182
eta,q 0.97757 10.35569
  0.0231  0.0229  0.0229  0.0237  0.0231  0.0238  0.0229  0.0236  0.0228  0.0232  0.0227  0.0227
  0.0228  0.0227  0.0227  0.0232  0.0228  0.0233  0.0226  0.0230  0.0226  0.0227  0.0226  0.0226
  0.0226  0.0226  0.0226  0.0228  0.0226  0.0229  0.0225  0.0226  0.0225  0.0225  0.0225  0.0225
  0.0225  0.0225  0.0225  0.0225  0.0225  0.0225  0.0224  0.0224  0.0224  0.0224  0.0224  0.0224
  0.0226  0.0226  0.0225  0.0225  0.0225  0.0225  0.0225  0.0225  0.0225  0.0225  0.0225  0.0225
  0.0228  0.0227  0.0226  0.0229  0.0227  0.0228  0.0227  0.0229  0.0226  0.0228  0.0226  0.0225
  0.0231  0.0229  0.0227  0.0237  0.0231  0.0235  0.0229  0.0236  0.0228  0.0232  0.0227  0.0227
registration optimization eta report
parameter search radius
    0.8000    0.8000    0.8000    2.4000    2.4000    2.4000
    2.4000    2.4000    2.4000    2.4000    2.4000    2.4000
100000*second partial in parameter space
       93.       60.       49.       20.       11.       19.
        8.       20.        6.       13.        5.        5.
  0.0231  0.0229  0.0229  0.0237  0.0231  0.0238  0.0229  0.0236  0.0228  0.0232  0.0227  0.0227
  0.0228  0.0227  0.0227  0.0232  0.0228  0.0233  0.0226  0.0230  0.0226  0.0227  0.0226  0.0226
  0.0226  0.0226  0.0226  0.0228  0.0226  0.0229  0.0225  0.0226  0.0225  0.0225  0.0225  0.0225
  0.0225  0.0225  0.0225  0.0225  0.0225  0.0225  0.0224  0.0224  0.0224  0.0224  0.0224  0.0224
  0.0226  0.0226  0.0225  0.0225  0.0225  0.0225  0.0225  0.0225  0.0225  0.0225  0.0225  0.0225
  0.0228  0.0227  0.0226  0.0229  0.0227  0.0228  0.0227  0.0229  0.0226  0.0228  0.0226  0.0225
  0.0231  0.0229  0.0227  0.0237  0.0231  0.0235  0.0229  0.0236  0.0228  0.0232  0.0227  0.0227
    1.3254    5.9813   10.4907  -11.7622  -18.1994   -8.1827
    5.6673    7.3833   -5.5983   -5.4363   -6.5865    0.1182
eta,q 0.97757 10.35569

---------------------------------------------------------------------
compute_vox2vox talsrcimg talsrcimg_to_711-2C_as_mni_average_305_t4 /opt/freesurfer/average/711-2C_as_mni_average_305
---------------------------------------------------------------------

freesurfer compute_vox2vox.c
Reading: talsrcimg.4dfp.ifh
Reading: talsrcimg_to_711-2C_as_mni_average_305_t4
Reading: /opt/freesurfer/average/711-2C_as_mni_average_305.4dfp.ifh
Writing: talsrcimg_to_711-2C_as_mni_average_305_t4_vox2vox.txt

start time Fri Mar 13 05:43:23 CET 2026
end		time Fri Mar 13 05:43:38 CET 2026

mpr2mni305 success

avi2talxfm orig_nu.mgz /opt/freesurfer/average/mni305.cor.mgz talsrcimg_to_711-2C_as_mni_average_305_t4_vox2vox.txt transforms/talairach.auto.xfm
avi2talxfm done
mv -f /out/sourcedata/freesurfer/sub-v2s4x29623_ses-1/mri/talsrcimg_to_711-2C_as_mni_average_305_t4_vox2vox.txt /out/sourcedata/freesurfer/sub-v2s4x29623_ses-1/mri/transforms/talsrcimg_to_711-2C_as_mni_average_305_t4_vox2vox.txt
lta_convert --src orig_nu.mgz --trg /opt/freesurfer/average/mni305.cor.mgz --inxfm transforms/talairach.auto.xfm --outlta transforms/talairach.auto.xfm.lta --subject fsaverage
7.3.2

--src: orig_nu.mgz src image (geometry).
--trg: /opt/freesurfer/average/mni305.cor.mgz trg image (geometry).
--inmni: transforms/talairach.auto.xfm input MNI/XFM transform.
--outlta: transforms/talairach.auto.xfm.lta output LTA.
--s: fsaverage subject name
 LTA read, type : 1
 1.12131  -0.09476  -0.07755  -0.92101;
 0.08033   1.08224  -0.00713  -7.44357;
 0.08208   0.06544   1.21670   7.33418;
 0.00000   0.00000   0.00000   1.00000;
setting subject to fsaverage
Writing  LTA to file transforms/talairach.auto.xfm.lta...
lta_convert successful.
 
 
Started at Fri Mar 13 05:43:23 CET 2026
Ended   at Fri Mar 13 05:43:38 CET 2026
talairach_avi done
