/out/sourcedata/freesurfer/sub-v2s4x29590_ses-1/mri
/opt/freesurfer/bin/talairach_avi
--i orig_nu.mgz --xfm transforms/talairach.auto.xfm
talairach_avi 7.3.2
Linux dna059 5.14.0-427.37.1.el9_4.x86_64 #1 SMP PREEMPT_DYNAMIC Fri Sep 13 12:41:50 EDT 2024 x86_64 x86_64 x86_64 GNU/Linux
Fri Mar 13 03:52:08 CET 2026
mri_convert orig_nu.mgz talsrcimg.img 
reading from orig_nu.mgz...
TR=0.00, TE=0.00, TI=0.00, flip angle=0.00
i_ras = (-1, -5.24597e-09, 0)
j_ras = (-3.72529e-09, 0, -1)
k_ras = (-9.6552e-09, 1, 0)
writing to talsrcimg.img...
Analyze Output Matrix
-1.00000  -0.00000  -0.00000   124.64628;
-0.00000   0.00000   1.00000  -127.64396;
 0.00000  -1.00000   0.00000   153.36540;
 0.00000   0.00000   0.00000   1.00000;
--------------------
INFO: set hdr.hist.orient to -1
mpr2mni305 talsrcimg
Fri Mar 13 03:52:08 CET 2026
/opt/freesurfer/bin/mpr2mni305 talsrcimg
mpr2mni305 7.3.2
target=711-2C_as_mni_average_305

---------------------------------------------------------------------
analyzeto4dfp talsrcimg -O0 -y
---------------------------------------------------------------------

freesurfer ifh2hdr.c
Fri Mar 13 03:52:09 2026
Writing: talsrcimg.4dfp.hdr
freesurfer analyzeto4dfp.c
Reading: talsrcimg.hdr
header size 348 bytes
hdr.dime.datatype	offset=70	value=2
hdr.dime.bitpix		offset=72	value=8
hdr.hist.orient		offset=252	value=-1
dimensionality     4
dimensions       256       256       256         1
Reading: talsrcimg.img
Writing: talsrcimg.4dfp.img
Writing: talsrcimg.4dfp.ifh
ifh2hdr talsrcimg -r0to255
ori=2

---------------------------------------------------------------------
gauss_4dfp talsrcimg 1.1
---------------------------------------------------------------------

freesurfer gauss_4dfp.c
Reading: talsrcimg.4dfp.img
Writing: talsrcimg_g11.4dfp.img
image dimensions 256 256 256 padded to 288 288 288
processing volume 1freesurfer ifh2hdr.c
Fri Mar 13 03:52:10 2026
Writing: talsrcimg_g11.4dfp.hdr

Writing: talsrcimg_g11.4dfp.ifh
including: talsrcimg.4dfp.img.rec in talsrcimg_g11.4dfp.img.rec

---------------------------------------------------------------------
imgreg_4dfp /opt/freesurfer/average/711-2C_as_mni_average_305 none talsrcimg_g11 none talsrcimg_to_711-2C_as_mni_average_305_t4 4355
---------------------------------------------------------------------

freesurfer imgreg_4dfp.c
/opt/freesurfer/average/711-2C_as_mni_average_305.4dfp.img
       256       256       256         1
  1.000000  1.000000  1.000000
orientation T byte_order littleendian
Reading image: /opt/freesurfer/average/711-2C_as_mni_average_305.4dfp.img
dimensions:      256       256       256
mmppix:       1.0000   -1.0000   -1.0000
center:     128.0000 -129.0000 -129.0000
talsrcimg_g11.4dfp.img
       256       256       256         1
  1.000000  1.000000  1.000000
orientation T byte_order littleendian
Reading image: talsrcimg_g11.4dfp.img
dimensions:      256       256       256
mmppix:       1.0000   -1.0000   -1.0000
center:     128.0000 -129.0000 -129.0000
t4_read: open error in t4_sub.f l:  41 t4_file(1:l)talsrcimg_to_711-2C_as_mni_average_305_t4 
t4_read: transform initialized to I4
rotation matrix determinant  1.000000
image alignment mode   4355 decimal     1103 hex
   -7.5000  -45.0000  -45.0000 6202.2080   14.9564
    0.0000  -45.0000  -45.0000 6504.0830   14.9296
    7.5000  -45.0000  -45.0000 6295.8818   14.9466
   -7.5000  -37.5000  -45.0000 6771.8335   14.7433
    0.0000  -37.5000  -45.0000 7120.2715   14.7218
    7.5000  -37.5000  -45.0000 6894.1763   14.7374
   -7.5000  -30.0000  -45.0000 7604.6060   14.7092
    0.0000  -30.0000  -45.0000 8014.1484   14.6904
    7.5000  -30.0000  -45.0000 7759.0884   14.7053
   -7.5000  -22.5000  -45.0000 8484.3145   14.7389
    0.0000  -22.5000  -45.0000 8942.9189   14.7186
    7.5000  -22.5000  -45.0000 8651.8760   14.7344
   -7.5000  -15.0000  -45.0000 9266.5078   14.7913
    0.0000  -15.0000  -45.0000 9772.4033   14.7658
    7.5000  -15.0000  -45.0000 9431.1885   14.7832
   -7.5000   -7.5000  -45.0000 9970.9434   14.8156
    0.0000   -7.5000  -45.000010492.2900   14.7866
    7.5000   -7.5000  -45.000010122.5176   14.8045
   -7.5000    0.0000  -45.000010592.8584   14.7894
    0.0000    0.0000  -45.000011155.0625   14.7631
    7.5000    0.0000  -45.000010744.1602   14.7800
   -7.5000    7.5000  -45.000010457.8857   14.7355
    0.0000    7.5000  -45.000011010.7715   14.7139
    7.5000    7.5000  -45.000010613.2656   14.7295
   -7.5000   15.0000  -45.000010210.8623   14.7092
    0.0000   15.0000  -45.000010747.6807   14.6904
    7.5000   15.0000  -45.000010344.6875   14.7053
   -7.5000   22.5000  -45.0000 9977.0889   14.7368
    0.0000   22.5000  -45.000010497.3086   14.7166
    7.5000   22.5000  -45.000010082.0439   14.7324
   -7.5000   30.0000  -45.0000 9726.8721   14.5942
    0.0000   30.0000  -45.000010185.3213   14.5690
    7.5000   30.0000  -45.0000 9767.2500   14.5862
   -7.5000   37.5000  -45.0000 9556.1689   14.6181
    0.0000   37.5000  -45.0000 9996.2373   14.5896
    7.5000   37.5000  -45.0000 9585.5791   14.6072
   -7.5000   45.0000  -45.0000 8718.7354   14.2218
    0.0000   45.0000  -45.0000 9122.3086   14.1965
    7.5000   45.0000  -45.0000 8755.3555   14.2127
   -7.5000  -45.0000  -37.5000 6682.9829   14.7990
    0.0000  -45.0000  -37.5000 7009.8706   14.7725
    7.5000  -45.0000  -37.5000 6789.3955   14.7879
   -7.5000  -37.5000  -37.5000 7291.7329   14.5931
    0.0000  -37.5000  -37.5000 7673.6216   14.5693
    7.5000  -37.5000  -37.5000 7427.6836   14.5835
   -7.5000  -30.0000  -37.5000 8192.4453   14.5617
    0.0000  -30.0000  -37.5000 8650.6221   14.5400
    7.5000  -30.0000  -37.5000 8361.9229   14.5524
   -7.5000  -22.5000  -37.5000 9159.7236   14.5891
    0.0000  -22.5000  -37.5000 9669.9551   14.5675
    7.5000  -22.5000  -37.5000 9311.2227   14.5804
   -7.5000  -15.0000  -37.5000 9984.3066   14.6386
    0.0000  -15.0000  -37.500010542.9678   14.6141
    7.5000  -15.0000  -37.500010137.5977   14.6290
   -7.5000   -7.5000  -37.500010722.0264   14.6612
    0.0000   -7.5000  -37.500011324.8916   14.6343
    7.5000   -7.5000  -37.500010867.1328   14.6500
   -7.5000    0.0000  -37.500011365.6221   14.6355
    0.0000    0.0000  -37.500012016.5312   14.6093
    7.5000    0.0000  -37.500011530.2197   14.6246
   -7.5000    7.5000  -37.500011194.3369   14.5855
    0.0000    7.5000  -37.500011832.3008   14.5616
    7.5000    7.5000  -37.500011361.6289   14.5757
   -7.5000   15.0000  -37.500010936.4424   14.5617
    0.0000   15.0000  -37.500011541.3008   14.5400
    7.5000   15.0000  -37.500011064.9092   14.5524
   -7.5000   22.5000  -37.500010668.5947   14.5871
    0.0000   22.5000  -37.500011249.3584   14.5655
    7.5000   22.5000  -37.500010768.2822   14.5784
   -7.5000   30.0000  -37.500010368.0488   14.4435
    0.0000   30.0000  -37.500010900.0508   14.4193
    7.5000   30.0000  -37.500010411.6328   14.4341
   -7.5000   37.5000  -37.500010117.2158   14.4658
    0.0000   37.5000  -37.500010641.8711   14.4392
    7.5000   37.5000  -37.500010156.0566   14.4548
   -7.5000   45.0000  -37.5000 9244.5811   14.0738
    0.0000   45.0000  -37.5000 9688.4492   14.0486
    7.5000   45.0000  -37.5000 9282.0195   14.0633
   -7.5000  -45.0000  -30.0000 7322.5776   15.4078
    0.0000  -45.0000  -30.0000 7681.6553   15.3841
    7.5000  -45.0000  -30.0000 7433.9404   15.3879
   -7.5000  -37.5000  -30.0000 7998.7466   15.1943
    0.0000  -37.5000  -30.0000 8405.7969   15.1721
    7.5000  -37.5000  -30.0000 8113.2754   15.1766
   -7.5000  -30.0000  -30.0000 9001.8818   15.1576
    0.0000  -30.0000  -30.0000 9489.4688   15.1377
    7.5000  -30.0000  -30.0000 9139.2861   15.1434
   -7.5000  -22.5000  -30.000010023.8916   15.1808
    0.0000  -22.5000  -30.000010587.4717   15.1621
    7.5000  -22.5000  -30.000010169.5029   15.1693
   -7.5000  -15.0000  -30.000010910.4258   15.2311
    0.0000  -15.0000  -30.000011523.3291   15.2108
    7.5000  -15.0000  -30.000011073.0254   15.2190
   -7.5000   -7.5000  -30.000011701.7666   15.2589
    0.0000   -7.5000  -30.000012354.1299   15.2363
    7.5000   -7.5000  -30.000011849.8584   15.2425
   -7.5000    0.0000  -30.000012396.2168   15.2374
    0.0000    0.0000  -30.000013101.0117   15.2140
    7.5000    0.0000  -30.000012550.1777   15.2181
   -7.5000    7.5000  -30.000012203.7354   15.1863
    0.0000    7.5000  -30.000012884.8311   15.1641
    7.5000    7.5000  -30.000012361.6777   15.1686
   -7.5000   15.0000  -30.000011883.1357   15.1576
    0.0000   15.0000  -30.000012543.5166   15.1377
    7.5000   15.0000  -30.000012014.7344   15.1434
   -7.5000   22.5000  -30.000011539.1416   15.1772
    0.0000   22.5000  -30.000012180.8135   15.1584
    7.5000   22.5000  -30.000011655.2051   15.1657
   -7.5000   30.0000  -30.000011193.1436   15.0295
    0.0000   30.0000  -30.000011771.4316   15.0096
    7.5000   30.0000  -30.000011249.0645   15.0177
   -7.5000   37.5000  -30.000010891.2910   15.0570
    0.0000   37.5000  -30.000011429.3555   15.0347
    7.5000   37.5000  -30.000010914.2373   15.0409
   -7.5000   45.0000  -30.0000 9945.9551   14.6634
    0.0000   45.0000  -30.000010399.1816   14.6408
    7.5000   45.0000  -30.0000 9984.1787   14.6448
   -7.5000  -45.0000  -22.5000 7954.5415   15.9395
    0.0000  -45.0000  -22.5000 8347.1699   15.9196
    7.5000  -45.0000  -22.5000 8046.2554   15.9117
   -7.5000  -37.5000  -22.5000 8694.3281   15.7166
    0.0000  -37.5000  -22.5000 9136.3301   15.7000
    7.5000  -37.5000  -22.5000 8798.2822   15.6943
   -7.5000  -30.0000  -22.5000 9764.8799   15.6729
    0.0000  -30.0000  -22.500010280.4893   15.6594
    7.5000  -30.0000  -22.5000 9888.3711   15.6593
   -7.5000  -22.5000  -22.500010859.1777   15.6934
    0.0000  -22.5000  -22.500011451.6924   15.6805
    7.5000  -22.5000  -22.500010995.8516   15.6846
   -7.5000  -15.0000  -22.500011815.9492   15.7455
    0.0000  -15.0000  -22.500012465.1074   15.7302
    7.5000  -15.0000  -22.500011958.1475   15.7342
   -7.5000   -7.5000  -22.500012646.7227   15.7797
    0.0000   -7.5000  -22.500013350.8320   15.7607
    7.5000   -7.5000  -22.500012781.8916   15.7589
   -7.5000    0.0000  -22.500013418.7148   15.7630
    0.0000    0.0000  -22.500014176.6143   15.7434
    7.5000    0.0000  -22.500013553.5391   15.7360
   -7.5000    7.5000  -22.500013189.2500   15.7083
    0.0000    7.5000  -22.500013946.5322   15.6917
    7.5000    7.5000  -22.500013317.5645   15.6859
   -7.5000   15.0000  -22.500012821.4658   15.6729
    0.0000   15.0000  -22.500013553.6016   15.6594
    7.5000   15.0000  -22.500012923.3496   15.6593
   -7.5000   22.5000  -22.500012415.1445   15.6885
    0.0000   22.5000  -22.500013105.0693   15.6756
    7.5000   22.5000  -22.500012504.3096   15.6798
   -7.5000   30.0000  -22.500011972.6689   15.5396
    0.0000   30.0000  -22.500012618.5078   15.5245
    7.5000   30.0000  -22.500012036.6611   15.5284
   -7.5000   37.5000  -22.500011627.0176   15.5733
    0.0000   37.5000  -22.500012212.3330   15.5545
    7.5000   37.5000  -22.500011668.3418   15.5527
   -7.5000   45.0000  -22.500010642.1553   15.1806
    0.0000   45.0000  -22.500011116.1484   15.1616
    7.5000   45.0000  -22.500010669.5312   15.1545
   -7.5000  -45.0000  -15.0000 8591.8447   16.3236
    0.0000  -45.0000  -15.0000 9024.5771   16.3049
    7.5000  -45.0000  -15.0000 8695.6748   16.2976
   -7.5000  -37.5000  -15.0000 9391.3760   16.0927
    0.0000  -37.5000  -15.0000 9864.0420   16.0796
    7.5000  -37.5000  -15.0000 9497.0459   16.0738
   -7.5000  -30.0000  -15.000010543.4688   16.0468
    0.0000  -30.0000  -15.000011085.9990   16.0366
    7.5000  -30.0000  -15.000010661.7588   16.0371
   -7.5000  -22.5000  -15.000011680.8926   16.0703
    0.0000  -22.5000  -15.000012302.4580   16.0590
    7.5000  -22.5000  -15.000011798.0771   16.0644
   -7.5000  -15.0000  -15.000012705.0127   16.1257
    0.0000  -15.0000  -15.000013389.3447   16.1101
    7.5000  -15.0000  -15.000012823.9883   16.1157
   -7.5000   -7.5000  -15.000013591.0303   16.1608
    0.0000   -7.5000  -15.000014330.8018   16.1410
    7.5000   -7.5000  -15.000013709.5918   16.1407
   -7.5000    0.0000  -15.000014385.4209   16.1428
    0.0000    0.0000  -15.000015216.4512   16.1244
    7.5000    0.0000  -15.000014496.1338   16.1177
   -7.5000    7.5000  -15.000014117.2559   16.0842
    0.0000    7.5000  -15.000014971.2676   16.0711
    7.5000    7.5000  -15.000014171.4678   16.0652
   -7.5000   15.0000  -15.000013699.6787   16.0468
    0.0000   15.0000  -15.000014534.0518   16.0366
    7.5000   15.0000  -15.000013762.8438   16.0370
   -7.5000   22.5000  -15.000013254.2217   16.0646
    0.0000   22.5000  -15.000014066.8184   16.0533
    7.5000   22.5000  -15.000013320.7070   16.0587
   -7.5000   30.0000  -15.000012777.7100   15.9170
    0.0000   30.0000  -15.000013492.3975   15.9016
    7.5000   30.0000  -15.000012792.8965   15.9071
   -7.5000   37.5000  -15.000012344.9424   15.9517
    0.0000   37.5000  -15.000012993.2109   15.9321
    7.5000   37.5000  -15.000012344.1758   15.9318
   -7.5000   45.0000  -15.000011285.1934   15.5557
    0.0000   45.0000  -15.000011818.2383   15.5380
    7.5000   45.0000  -15.000011280.7305   15.5315
   -7.5000  -45.0000   -7.5000 9318.8359   16.5156
    0.0000  -45.0000   -7.5000 9779.9590   16.4915
    7.5000  -45.0000   -7.5000 9426.1562   16.4977
   -7.5000  -37.5000   -7.500010162.1543   16.2809
    0.0000  -37.5000   -7.500010662.1807   16.2636
    7.5000  -37.5000   -7.500010264.1953   16.2693
   -7.5000  -30.0000   -7.500011364.7832   16.2386
    0.0000  -30.0000   -7.500011931.7363   16.2242
    7.5000  -30.0000   -7.500011468.2822   16.2328
   -7.5000  -22.5000   -7.500012562.3164   16.2684
    0.0000  -22.5000   -7.500013203.1455   16.2517
    7.5000  -22.5000   -7.500012645.5781   16.2635
   -7.5000  -15.0000   -7.500013647.6152   16.3264
    0.0000  -15.0000   -7.500014362.8633   16.3038
    7.5000  -15.0000   -7.500013737.6133   16.3164
   -7.5000   -7.5000   -7.500014616.3867   16.3572
    0.0000   -7.5000   -7.500015387.9297   16.3306
    7.5000   -7.5000   -7.500014703.4248   16.3407
   -7.5000    0.0000   -7.500015430.7139   16.3330
    0.0000    0.0000   -7.500016344.3711   16.3094
    7.5000    0.0000   -7.500015513.5986   16.3157
   -7.5000    7.5000   -7.500015085.6807   16.2723
    0.0000    7.5000   -7.500015985.5195   16.2550
    7.5000    7.5000   -7.500015070.8291   16.2606
   -7.5000   15.0000   -7.500014631.1162   16.2386
    0.0000   15.0000   -7.500015514.2139   16.2242
    7.5000   15.0000   -7.500014625.7754   16.2328
   -7.5000   22.5000   -7.500014159.3760   16.2608
    0.0000   22.5000   -7.500015019.4473   16.2442
    7.5000   22.5000   -7.500014177.3906   16.2560
   -7.5000   30.0000   -7.500013587.0781   16.1147
    0.0000   30.0000   -7.500014364.2324   16.0924
    7.5000   30.0000   -7.500013568.6211   16.1048
   -7.5000   37.5000   -7.500013081.9170   16.1451
    0.0000   37.5000   -7.500013804.2168   16.1189
    7.5000   37.5000   -7.500013045.4727   16.1288
   -7.5000   45.0000   -7.500011950.6904   15.7419
    0.0000   45.0000   -7.500012551.3408   15.7192
    7.5000   45.0000   -7.500011898.0977   15.7253
   -7.5000  -45.0000    0.0000 9988.0625   16.5472
    0.0000  -45.0000    0.000010476.3721   16.5173
    7.5000  -45.0000    0.000010086.2559   16.5357
   -7.5000  -37.5000    0.000010876.7393   16.3140
    0.0000  -37.5000    0.000011382.5664   16.2899
    7.5000  -37.5000    0.000010962.0605   16.3067
   -7.5000  -30.0000    0.000012155.1387   16.2770
    0.0000  -30.0000    0.000012724.5449   16.2559
    7.5000  -30.0000    0.000012226.7080   16.2719
   -7.5000  -22.5000    0.000013379.7266   16.3099
    0.0000  -22.5000    0.000014018.7822   16.2873
    7.5000  -22.5000    0.000013457.8906   16.3044
   -7.5000  -15.0000    0.000014489.5088   16.3674
    0.0000  -15.0000    0.000015170.2383   16.3391
    7.5000  -15.0000    0.000014570.6465   16.3581
   -7.5000   -7.5000    0.000015576.3301   16.3936
    0.0000   -7.5000    0.000016324.9600   16.3615
    7.5000   -7.5000    0.000015638.2637   16.3809
   -7.5000    0.0000    0.000016446.0566   16.3646
    0.0000    0.0000    0.000017389.0254   16.3352
    7.5000    0.0000    0.000016448.0371   16.3534
   -7.5000    7.5000    0.000016093.2559   16.3054
    0.0000    7.5000    0.000016913.4395   16.2813
    7.5000    7.5000    0.000015940.1455   16.2980
   -7.5000   15.0000    0.000015549.0869   16.2770
    0.0000   15.0000    0.000016347.0225   16.2559
    7.5000   15.0000    0.000015459.4404   16.2719
   -7.5000   22.5000    0.000015017.6660   16.3024
    0.0000   22.5000    0.000015819.8086   16.2798
    7.5000   22.5000    0.000014982.6553   16.2969
   -7.5000   30.0000    0.000014322.5586   16.1556
    0.0000   30.0000    0.000015050.7549   16.1276
    7.5000   30.0000    0.000014241.3379   16.1464
   -7.5000   37.5000    0.000013758.3184   16.1814
    0.0000   37.5000    0.000014449.2373   16.1497
    7.5000   37.5000    0.000013647.9814   16.1689
   -7.5000   45.0000    0.000012598.4004   15.7736
    0.0000   45.0000    0.000013184.5576   15.7452
    7.5000   45.0000    0.000012475.8262   15.7628
   -7.5000  -45.0000    7.5000 9887.2070   16.5449
    0.0000  -45.0000    7.500010353.7119   16.5153
    7.5000  -45.0000    7.5000 9970.1055   16.5325
   -7.5000  -37.5000    7.500010764.9785   16.3148
    0.0000  -37.5000    7.500011261.3184   16.2882
    7.5000  -37.5000    7.500010844.0254   16.3041
   -7.5000  -30.0000    7.500012006.0234   16.2796
    0.0000  -30.0000    7.500012551.0830   16.2554
    7.5000  -30.0000    7.500012058.4551   16.2692
   -7.5000  -22.5000    7.500013153.8145   16.3102
    0.0000  -22.5000    7.500013746.5361   16.2861
    7.5000  -22.5000    7.500013226.6133   16.3005
   -7.5000  -15.0000    7.500014213.1357   16.3656
    0.0000  -15.0000    7.500014827.6650   16.3382
    7.5000  -15.0000    7.500014272.8008   16.3549
   -7.5000   -7.5000    7.500015371.3506   16.3909
    0.0000   -7.5000    7.500016128.4668   16.3608
    7.5000   -7.5000    7.500015408.7842   16.3785
   -7.5000    0.0000    7.500016374.7559   16.3622
    0.0000    0.0000    7.500017192.9492   16.3330
    7.5000    0.0000    7.500016258.1113   16.3501
   -7.5000    7.5000    7.500016006.1367   16.3063
    0.0000    7.5000    7.500016599.3770   16.2796
    7.5000    7.5000    7.500015672.6104   16.2954
   -7.5000   15.0000    7.500015430.1367   16.2796
    0.0000   15.0000    7.500016018.8896   16.2554
    7.5000   15.0000    7.500015197.6074   16.2692
   -7.5000   22.5000    7.500014852.3115   16.3027
    0.0000   22.5000    7.500015497.8975   16.2786
    7.5000   22.5000    7.500014719.4131   16.2930
   -7.5000   30.0000    7.500014081.1572   16.1538
    0.0000   30.0000    7.500014737.2646   16.1268
    7.5000   30.0000    7.500013958.5996   16.1433
   -7.5000   37.5000    7.500013480.7666   16.1788
    0.0000   37.5000    7.500014144.9434   16.1491
    7.5000   37.5000    7.500013324.4951   16.1665
   -7.5000   45.0000    7.500012347.0029   15.7713
    0.0000   45.0000    7.500012957.7656   15.7431
    7.5000   45.0000    7.500012215.7188   15.7596
   -7.5000  -45.0000   15.0000 9539.7939   16.5455
    0.0000  -45.0000   15.000010008.3516   16.5200
    7.5000  -45.0000   15.0000 9626.2432   16.5241
   -7.5000  -37.5000   15.000010406.5244   16.3162
    0.0000  -37.5000   15.000010882.0850   16.2924
    7.5000  -37.5000   15.000010474.6426   16.2972
   -7.5000  -30.0000   15.000011602.9072   16.2768
    0.0000  -30.0000   15.000012120.3252   16.2554
    7.5000  -30.0000   15.000011682.3447   16.2615
   -7.5000  -22.5000   15.000012715.4746   16.3017
    0.0000  -22.5000   15.000013230.5566   16.2816
    7.5000  -22.5000   15.000012779.6094   16.2894
   -7.5000  -15.0000   15.000013785.0752   16.3556
    0.0000  -15.0000   15.000014276.1406   16.3339
    7.5000  -15.0000   15.000013770.3320   16.3428
   -7.5000   -7.5000   15.000014876.9189   16.3856
    0.0000   -7.5000   15.000015561.6084   16.3613
    7.5000   -7.5000   15.000014923.4736   16.3680
   -7.5000    0.0000   15.000015762.2031   16.3625
    0.0000    0.0000   15.000016607.9102   16.3373
    7.5000    0.0000   15.000015882.9707   16.3417
   -7.5000    7.5000   15.000015475.3701   16.3076
    0.0000    7.5000   15.000016116.4941   16.2838
    7.5000    7.5000   15.000015371.5400   16.2885
   -7.5000   15.0000   15.000014985.4414   16.2768
    0.0000   15.0000   15.000015631.3623   16.2554
    7.5000   15.0000   15.000014865.0977   16.2615
   -7.5000   22.5000   15.000014429.8398   16.2942
    0.0000   22.5000   15.000015161.8652   16.2741
    7.5000   22.5000   15.000014398.8389   16.2819
   -7.5000   30.0000   15.000013595.6729   16.1440
    0.0000   30.0000   15.000014328.3291   16.1225
    7.5000   30.0000   15.000013612.3623   16.1313
   -7.5000   37.5000   15.000012965.1152   16.1735
    0.0000   37.5000   15.000013651.9316   16.1496
    7.5000   37.5000   15.000012922.9512   16.1562
   -7.5000   45.0000   15.000011862.3906   15.7716
    0.0000   45.0000   15.000012462.5889   15.7473
    7.5000   45.0000   15.000011822.4502   15.7515
   -7.5000  -45.0000   22.5000 9123.8770   16.5465
    0.0000  -45.0000   22.5000 9569.2207   16.5258
    7.5000  -45.0000   22.5000 9206.2021   16.5176
   -7.5000  -37.5000   22.5000 9943.8477   16.3151
    0.0000  -37.5000   22.500010407.5430   16.2979
    7.5000  -37.5000   22.500010024.7959   16.2919
   -7.5000  -30.0000   22.500011087.8633   16.2698
    0.0000  -30.0000   22.500011600.1553   16.2557
    7.5000  -30.0000   22.500011201.9404   16.2556
   -7.5000  -22.5000   22.500012182.9170   16.2910
    0.0000  -22.5000   22.500012710.2148   16.2776
    7.5000  -22.5000   22.500012297.0166   16.2819
   -7.5000  -15.0000   22.500013226.1904   16.3451
    0.0000  -15.0000   22.500013771.8242   16.3292
    7.5000  -15.0000   22.500013279.5586   16.3333
   -7.5000   -7.5000   22.500014084.1211   16.3806
    0.0000   -7.5000   22.500014810.3018   16.3609
    7.5000   -7.5000   22.500014286.1270   16.3590
   -7.5000    0.0000   22.500014852.1025   16.3633
    0.0000    0.0000   22.500015724.8867   16.3429
    7.5000    0.0000   22.500015266.9023   16.3352
   -7.5000    7.5000   22.500014571.9883   16.3065
    0.0000    7.5000   22.500015431.2109   16.2892
    7.5000    7.5000   22.500014953.8135   16.2833
   -7.5000   15.0000   22.500014194.9707   16.2698
    0.0000   15.0000   22.500015009.4629   16.2557
    7.5000   15.0000   22.500014467.3945   16.2556
   -7.5000   22.5000   22.500013699.9727   16.2835
    0.0000   22.5000   22.500014464.4062   16.2701
    7.5000   22.5000   22.500013894.5225   16.2744
   -7.5000   30.0000   22.500012918.4590   16.1336
    0.0000   30.0000   22.500013601.6787   16.1179
    7.5000   30.0000   22.500013024.7158   16.1220
   -7.5000   37.5000   22.500012281.8213   16.1686
    0.0000   37.5000   22.500012888.9355   16.1491
    7.5000   37.5000   22.500012299.4521   16.1472
   -7.5000   45.0000   22.500011271.7305   15.7723
    0.0000   45.0000   22.500011817.0195   15.7526
    7.5000   45.0000   22.500011232.8223   15.7453
   -7.5000  -45.0000   30.0000 8559.9941   16.5477
    0.0000  -45.0000   30.0000 8992.6924   16.5287
    7.5000  -45.0000   30.0000 8669.4336   16.5214
   -7.5000  -37.5000   30.0000 9328.6865   16.3136
    0.0000  -37.5000   30.0000 9802.7266   16.3004
    7.5000  -37.5000   30.0000 9444.1553   16.2944
   -7.5000  -30.0000   30.000010433.7725   16.2671
    0.0000  -30.0000   30.000010969.7451   16.2568
    7.5000  -30.0000   30.000010576.4111   16.2572
   -7.5000  -22.5000   30.000011504.2422   16.2909
    0.0000  -22.5000   30.000012075.1045   16.2795
    7.5000  -22.5000   30.000011635.8662   16.2850
   -7.5000  -15.0000   30.000012439.7891   16.3471
    0.0000  -15.0000   30.000013075.3135   16.3312
    7.5000  -15.0000   30.000012573.4873   16.3369
   -7.5000   -7.5000   30.000013243.5293   16.3827
    0.0000   -7.5000   30.000013963.9512   16.3626
    7.5000   -7.5000   30.000013474.2852   16.3623
   -7.5000    0.0000   30.000013993.2070   16.3645
    0.0000    0.0000   30.000014706.5332   16.3458
    7.5000    0.0000   30.000014249.4609   16.3390
   -7.5000    7.5000   30.000013713.0576   16.3050
    0.0000    7.5000   30.000014376.4102   16.2917
    7.5000    7.5000   30.000013893.7959   16.2857
   -7.5000   15.0000   30.000013335.9404   16.2671
    0.0000   15.0000   30.000013997.0684   16.2568
    7.5000   15.0000   30.000013503.0869   16.2572
   -7.5000   22.5000   30.000012897.2979   16.2834
    0.0000   22.5000   30.000013532.1240   16.2720
    7.5000   22.5000   30.000013057.8115   16.2775
   -7.5000   30.0000   30.000012152.6152   16.1355
    0.0000   30.0000   30.000012721.4443   16.1199
    7.5000   30.0000   30.000012269.2666   16.1255
   -7.5000   37.5000   30.000011568.0049   16.1707
    0.0000   37.5000   30.000012087.3857   16.1508
    7.5000   37.5000   30.000011624.9609   16.1505
   -7.5000   45.0000   30.000010611.9033   15.7735
    0.0000   45.0000   30.000011078.0361   15.7555
    7.5000   45.0000   30.000010632.9424   15.7489
   -7.5000  -45.0000   37.5000 8275.1885   16.5648
    0.0000  -45.0000   37.5000 8728.7275   16.5407
    7.5000  -45.0000   37.5000 8365.7969   16.5469
   -7.5000  -37.5000   37.5000 9031.0449   16.3292
    0.0000  -37.5000   37.5000 9526.7129   16.3118
    7.5000  -37.5000   37.5000 9127.5859   16.3176
   -7.5000  -30.0000   37.500010116.5723   16.2868
    0.0000  -30.0000   37.500010656.9814   16.2722
    7.5000  -30.0000   37.500010220.9209   16.2809
   -7.5000  -22.5000   37.500011153.5020   16.3166
    0.0000  -22.5000   37.500011726.8457   16.2999
    7.5000  -22.5000   37.500011234.6982   16.3117
   -7.5000  -15.0000   37.500012046.5889   16.3749
    0.0000  -15.0000   37.500012618.7070   16.3522
    7.5000  -15.0000   37.500012152.2393   16.3649
   -7.5000   -7.5000   37.500012823.9209   16.4058
    0.0000   -7.5000   37.500013383.4199   16.3791
    7.5000   -7.5000   37.500012987.6094   16.3893
   -7.5000    0.0000   37.500013565.8457   16.3815
    0.0000    0.0000   37.500014118.1582   16.3578
    7.5000    0.0000   37.500013732.5000   16.3642
   -7.5000    7.5000   37.500013298.2529   16.3206
    0.0000    7.5000   37.500013811.3057   16.3032
    7.5000    7.5000   37.500013414.8408   16.3089
   -7.5000   15.0000   37.500012943.3379   16.2867
    0.0000   15.0000   37.500013468.8701   16.2722
    7.5000   15.0000   37.500013054.5801   16.2809
   -7.5000   22.5000   37.500012540.7041   16.3091
    0.0000   22.5000   37.500013060.0244   16.2924
    7.5000   22.5000   37.500012645.4873   16.3042
   -7.5000   30.0000   37.500011791.7129   16.1629
    0.0000   30.0000   37.500012287.6758   16.1406
    7.5000   30.0000   37.500011889.2461   16.1531
   -7.5000   37.5000   37.500011254.9355   16.1935
    0.0000   37.5000   37.500011742.9795   16.1672
    7.5000   37.5000   37.500011299.4824   16.1772
   -7.5000   45.0000   37.500010305.3086   15.7899
    0.0000   45.0000   37.500010758.2139   15.7671
    7.5000   45.0000   37.500010341.4043   15.7732
   -7.5000  -45.0000   45.0000 7628.3481   16.5946
    0.0000  -45.0000   45.0000 8035.1396   16.5651
    7.5000  -45.0000   45.0000 7686.9873   16.5837
   -7.5000  -37.5000   45.0000 8342.2979   16.3583
    0.0000  -37.5000   45.0000 8778.5352   16.3346
    7.5000  -37.5000   45.0000 8390.4551   16.3517
   -7.5000  -30.0000   45.0000 9335.3584   16.3207
    0.0000  -30.0000   45.0000 9804.0801   16.3000
    7.5000  -30.0000   45.0000 9391.8750   16.3162
   -7.5000  -22.5000   45.000010256.3926   16.3540
    0.0000  -22.5000   45.000010772.8203   16.3317
    7.5000  -22.5000   45.000010329.3105   16.3491
   -7.5000  -15.0000   45.000011071.9932   16.4124
    0.0000  -15.0000   45.000011587.4209   16.3843
    7.5000  -15.0000   45.000011153.6240   16.4036
   -7.5000   -7.5000   45.000011784.3105   16.4391
    0.0000   -7.5000   45.000012299.6035   16.4073
    7.5000   -7.5000   45.000011891.2861   16.4270
   -7.5000    0.0000   45.000012440.9668   16.4097
    0.0000    0.0000   45.000012953.0381   16.3807
    7.5000    0.0000   45.000012571.6631   16.3992
   -7.5000    7.5000   45.000012188.0967   16.3496
    0.0000    7.5000   45.000012676.9473   16.3259
    7.5000    7.5000   45.000012296.8135   16.3429
   -7.5000   15.0000   45.000011880.3887   16.3207
    0.0000   15.0000   45.000012398.3447   16.3000
    7.5000   15.0000   45.000011979.8105   16.3162
   -7.5000   22.5000   45.000011539.9258   16.3465
    0.0000   22.5000   45.000012049.3984   16.3242
    7.5000   22.5000   45.000011642.4854   16.3415
   -7.5000   30.0000   45.000010876.1201   16.1986
    0.0000   30.0000   45.000011357.8320   16.1709
    7.5000   30.0000   45.000010941.2607   16.1899
   -7.5000   37.5000   45.000010387.9775   16.2249
    0.0000   37.5000   45.000010844.7451   16.1935
    7.5000   37.5000   45.000010442.2559   16.2130
   -7.5000   45.0000   45.0000 9535.4600   15.8242
    0.0000   45.0000   45.0000 9933.3623   15.7962
    7.5000   45.0000   45.0000 9569.9521   15.8141

---------------------------------------------------------------------
imgreg_4dfp /opt/freesurfer/average/711-2C_as_mni_average_305 /opt/freesurfer/average/711-2B_as_mni_average_305_mask talsrcimg_g11 none talsrcimg_to_711-2C_as_mni_average_305_t4 4355
---------------------------------------------------------------------

freesurfer imgreg_4dfp.c
/opt/freesurfer/average/711-2C_as_mni_average_305.4dfp.img
       256       256       256         1
  1.000000  1.000000  1.000000
orientation T byte_order littleendian
Reading image: /opt/freesurfer/average/711-2C_as_mni_average_305.4dfp.img
dimensions:      256       256       256
mmppix:       1.0000   -1.0000   -1.0000
center:     128.0000 -129.0000 -129.0000
/opt/freesurfer/average/711-2B_as_mni_average_305_mask.4dfp.img
       256       256       256         1
  1.000000  1.000000  1.000000
orientation T byte_order littleendian
Reading mask: /opt/freesurfer/average/711-2B_as_mni_average_305_mask.4dfp.img (2306576 pixels)
talsrcimg_g11.4dfp.img
       256       256       256         1
  1.000000  1.000000  1.000000
orientation T byte_order littleendian
Reading image: talsrcimg_g11.4dfp.img
dimensions:      256       256       256
mmppix:       1.0000   -1.0000   -1.0000
center:     128.0000 -129.0000 -129.0000
rotation matrix determinant  1.000000
image alignment mode   4355 decimal     1103 hex
   -7.5000  -45.0000  -45.0000 1736.3762   22.6738
    0.0000  -45.0000  -45.0000 1747.3613   22.4310
    7.5000  -45.0000  -45.0000 1748.7358   22.3466
   -7.5000  -37.5000  -45.0000 1859.4449   19.9594
    0.0000  -37.5000  -45.0000 1875.6450   19.7477
    7.5000  -37.5000  -45.0000 1880.8745   19.6760
   -7.5000  -30.0000  -45.0000 1955.4132   17.9908
    0.0000  -30.0000  -45.0000 1976.7870   17.8782
    7.5000  -30.0000  -45.0000 1983.0156   17.8321
   -7.5000  -22.5000  -45.0000 2042.4042   16.7526
    0.0000  -22.5000  -45.0000 2063.1821   16.6766
    7.5000  -22.5000  -45.0000 2068.8135   16.6854
   -7.5000  -15.0000  -45.0000 2098.1968   15.8406
    0.0000  -15.0000  -45.0000 2119.0959   15.7571
    7.5000  -15.0000  -45.0000 2122.8250   15.7591
   -7.5000   -7.5000  -45.0000 2135.5403   15.0499
    0.0000   -7.5000  -45.0000 2151.2500   14.9603
    7.5000   -7.5000  -45.0000 2154.5505   14.9662
   -7.5000    0.0000  -45.0000 2159.4524   14.5654
    0.0000    0.0000  -45.0000 2173.2993   14.3894
    7.5000    0.0000  -45.0000 2170.2273   14.4175
   -7.5000    7.5000  -45.0000 2157.2712   14.4825
    0.0000    7.5000  -45.0000 2176.7566   14.3250
    7.5000    7.5000  -45.0000 2173.1772   14.3004
   -7.5000   15.0000  -45.0000 2131.7739   14.6976
    0.0000   15.0000  -45.0000 2155.4395   14.5352
    7.5000   15.0000  -45.0000 2150.2083   14.5131
   -7.5000   22.5000  -45.0000 2101.6531   15.1499
    0.0000   22.5000  -45.0000 2127.2449   14.9564
    7.5000   22.5000  -45.0000 2126.6897   14.9289
   -7.5000   30.0000  -45.0000 2063.3577   15.8592
    0.0000   30.0000  -45.0000 2086.5964   15.6417
    7.5000   30.0000  -45.0000 2082.9177   15.6636
   -7.5000   37.5000  -45.0000 2007.3073   17.0460
    0.0000   37.5000  -45.0000 2034.2966   16.7830
    7.5000   37.5000  -45.0000 2032.4530   16.8001
   -7.5000   45.0000  -45.0000 1931.1860   18.6577
    0.0000   45.0000  -45.0000 1958.2170   18.3201
    7.5000   45.0000  -45.0000 1955.4231   18.4242
   -7.5000  -45.0000  -37.5000 1826.9849   20.6714
    0.0000  -45.0000  -37.5000 1834.6045   20.4459
    7.5000  -45.0000  -37.5000 1835.4336   20.3869
   -7.5000  -37.5000  -37.5000 1955.0249   18.1803
    0.0000  -37.5000  -37.5000 1971.5266   17.9737
    7.5000  -37.5000  -37.5000 1972.6949   17.9470
   -7.5000  -30.0000  -37.5000 2056.9180   16.3967
    0.0000  -30.0000  -37.5000 2082.6169   16.2470
    7.5000  -30.0000  -37.5000 2082.3198   16.2549
   -7.5000  -22.5000  -37.5000 2152.7046   15.2380
    0.0000  -22.5000  -37.5000 2176.6157   15.1436
    7.5000  -22.5000  -37.5000 2175.6167   15.1593
   -7.5000  -15.0000  -37.5000 2209.5647   14.4371
    0.0000  -15.0000  -37.5000 2232.3252   14.3442
    7.5000  -15.0000  -37.5000 2229.6169   14.3389
   -7.5000   -7.5000  -37.5000 2247.9990   13.7562
    0.0000   -7.5000  -37.5000 2271.9028   13.6255
    7.5000   -7.5000  -37.5000 2266.1770   13.6232
   -7.5000    0.0000  -37.5000 2269.7385   13.2727
    0.0000    0.0000  -37.5000 2291.0898   13.1501
    7.5000    0.0000  -37.5000 2283.3206   13.1509
   -7.5000    7.5000  -37.5000 2270.5771   13.2049
    0.0000    7.5000  -37.5000 2290.6792   13.0497
    7.5000    7.5000  -37.5000 2287.3335   13.0277
   -7.5000   15.0000  -37.5000 2245.4944   13.3760
    0.0000   15.0000  -37.5000 2268.2368   13.2112
    7.5000   15.0000  -37.5000 2261.3093   13.2185
   -7.5000   22.5000  -37.5000 2220.8171   13.7538
    0.0000   22.5000  -37.5000 2245.6633   13.5745
    7.5000   22.5000  -37.5000 2239.5796   13.5756
   -7.5000   30.0000  -37.5000 2180.6028   14.4147
    0.0000   30.0000  -37.5000 2205.5178   14.2060
    7.5000   30.0000  -37.5000 2196.6833   14.2243
   -7.5000   37.5000  -37.5000 2115.3655   15.4934
    0.0000   37.5000  -37.5000 2142.0183   15.2851
    7.5000   37.5000  -37.5000 2136.3945   15.2813
   -7.5000   45.0000  -37.5000 2035.5455   17.0025
    0.0000   45.0000  -37.5000 2058.5542   16.7494
    7.5000   45.0000  -37.5000 2051.4392   16.7895
   -7.5000  -45.0000  -30.0000 1938.7651   19.6383
    0.0000  -45.0000  -30.0000 1949.6083   19.3649
    7.5000  -45.0000  -30.0000 1950.5685   19.2905
   -7.5000  -37.5000  -30.0000 2077.6575   17.2517
    0.0000  -37.5000  -30.0000 2092.7607   17.0638
    7.5000  -37.5000  -30.0000 2092.2168   16.9813
   -7.5000  -30.0000  -30.0000 2193.8286   15.5402
    0.0000  -30.0000  -30.0000 2216.7678   15.4012
    7.5000  -30.0000  -30.0000 2213.0835   15.3762
   -7.5000  -22.5000  -30.0000 2292.7441   14.4158
    0.0000  -22.5000  -30.0000 2319.8379   14.3152
    7.5000  -22.5000  -30.0000 2313.1665   14.3056
   -7.5000  -15.0000  -30.0000 2353.3210   13.6223
    0.0000  -15.0000  -30.0000 2375.5652   13.5203
    7.5000  -15.0000  -30.0000 2372.7410   13.5078
   -7.5000   -7.5000  -30.0000 2393.3774   12.9861
    0.0000   -7.5000  -30.0000 2415.1218   12.8542
    7.5000   -7.5000  -30.0000 2413.1968   12.8711
   -7.5000    0.0000  -30.0000 2418.2437   12.5679
    0.0000    0.0000  -30.0000 2441.8149   12.4100
    7.5000    0.0000  -30.0000 2439.3430   12.4437
   -7.5000    7.5000  -30.0000 2431.6157   12.4598
    0.0000    7.5000  -30.0000 2448.7380   12.2925
    7.5000    7.5000  -30.0000 2447.1575   12.2944
   -7.5000   15.0000  -30.0000 2406.7771   12.6280
    0.0000   15.0000  -30.0000 2428.3799   12.4553
    7.5000   15.0000  -30.0000 2424.2488   12.4810
   -7.5000   22.5000  -30.0000 2379.4507   12.9826
    0.0000   22.5000  -30.0000 2405.7380   12.7973
    7.5000   22.5000  -30.0000 2400.8232   12.8243
   -7.5000   30.0000  -30.0000 2330.9702   13.6150
    0.0000   30.0000  -30.0000 2357.3713   13.4254
    7.5000   30.0000  -30.0000 2352.5720   13.4475
   -7.5000   37.5000  -30.0000 2264.0391   14.6626
    0.0000   37.5000  -30.0000 2287.0752   14.4611
    7.5000   37.5000  -30.0000 2279.3081   14.4972
   -7.5000   45.0000  -30.0000 2172.9099   16.0827
    0.0000   45.0000  -30.0000 2190.5442   15.8995
    7.5000   45.0000  -30.0000 2183.6819   15.9248
   -7.5000  -45.0000  -22.5000 2018.1307   18.5855
    0.0000  -45.0000  -22.5000 2032.5507   18.2884
    7.5000  -45.0000  -22.5000 2031.4236   18.2143
   -7.5000  -37.5000  -22.5000 2168.2480   16.3322
    0.0000  -37.5000  -22.5000 2186.7278   16.1030
    7.5000  -37.5000  -22.5000 2183.3921   16.0214
   -7.5000  -30.0000  -22.5000 2288.8870   14.6757
    0.0000  -30.0000  -22.5000 2316.0139   14.5295
    7.5000  -30.0000  -22.5000 2311.7971   14.4684
   -7.5000  -22.5000  -22.5000 2395.6868   13.5679
    0.0000  -22.5000  -22.5000 2422.5710   13.4605
    7.5000  -22.5000  -22.5000 2418.2524   13.4194
   -7.5000  -15.0000  -22.5000 2461.9744   12.7959
    0.0000  -15.0000  -22.5000 2486.5869   12.6531
    7.5000  -15.0000  -22.5000 2484.9529   12.6459
   -7.5000   -7.5000  -22.5000 2506.2632   12.1828
    0.0000   -7.5000  -22.5000 2531.1084   12.0479
    7.5000   -7.5000  -22.5000 2529.5215   12.0658
   -7.5000    0.0000  -22.5000 2547.5386   11.7874
    0.0000    0.0000  -22.5000 2569.3430   11.6404
    7.5000    0.0000  -22.5000 2564.0310   11.6681
   -7.5000    7.5000  -22.5000 2566.8181   11.6445
    0.0000    7.5000  -22.5000 2588.0095   11.5009
    7.5000    7.5000  -22.5000 2584.9636   11.5346
   -7.5000   15.0000  -22.5000 2548.2632   11.8026
    0.0000   15.0000  -22.5000 2575.4844   11.6611
    7.5000   15.0000  -22.5000 2570.4446   11.7377
   -7.5000   22.5000  -22.5000 2513.0820   12.1694
    0.0000   22.5000  -22.5000 2545.5396   12.0069
    7.5000   22.5000  -22.5000 2537.3000   12.0897
   -7.5000   30.0000  -22.5000 2456.2590   12.8219
    0.0000   30.0000  -22.5000 2489.7891   12.6461
    7.5000   30.0000  -22.5000 2483.6138   12.7109
   -7.5000   37.5000  -22.5000 2379.4375   13.7999
    0.0000   37.5000  -22.5000 2406.5098   13.6276
    7.5000   37.5000  -22.5000 2399.7634   13.6898
   -7.5000   45.0000  -22.5000 2279.5679   15.1730
    0.0000   45.0000  -22.5000 2298.5479   14.9730
    7.5000   45.0000  -22.5000 2293.4556   15.0416
   -7.5000  -45.0000  -15.0000 2076.4805   17.6826
    0.0000  -45.0000  -15.0000 2093.7371   17.3537
    7.5000  -45.0000  -15.0000 2095.4316   17.3679
   -7.5000  -37.5000  -15.0000 2229.2410   15.5573
    0.0000  -37.5000  -15.0000 2254.6870   15.2695
    7.5000  -37.5000  -15.0000 2255.7666   15.2424
   -7.5000  -30.0000  -15.0000 2355.5164   13.9416
    0.0000  -30.0000  -15.0000 2383.9053   13.7297
    7.5000  -30.0000  -15.0000 2385.0930   13.6627
   -7.5000  -22.5000  -15.0000 2463.9353   12.8098
    0.0000  -22.5000  -15.0000 2491.5293   12.6579
    7.5000  -22.5000  -15.0000 2494.9246   12.6027
   -7.5000  -15.0000  -15.0000 2541.5088   12.0052
    0.0000  -15.0000  -15.0000 2566.2173   11.9144
    7.5000  -15.0000  -15.0000 2569.4309   11.8729
   -7.5000   -7.5000  -15.0000 2599.1560   11.4193
    0.0000   -7.5000  -15.0000 2619.8093   11.2929
    7.5000   -7.5000  -15.0000 2622.6819   11.2994
   -7.5000    0.0000  -15.0000 2643.7622   11.0466
    0.0000    0.0000  -15.0000 2672.1399   10.9128
    7.5000    0.0000  -15.0000 2663.8093   10.9664
   -7.5000    7.5000  -15.0000 2672.3142   10.8850
    0.0000    7.5000  -15.0000 2699.6331   10.7688
    7.5000    7.5000  -15.0000 2689.2324   10.8348
   -7.5000   15.0000  -15.0000 2662.8977   11.0488
    0.0000   15.0000  -15.0000 2693.8745   10.9318
    7.5000   15.0000  -15.0000 2684.8936   11.0071
   -7.5000   22.5000  -15.0000 2626.9668   11.4254
    0.0000   22.5000  -15.0000 2662.0361   11.2786
    7.5000   22.5000  -15.0000 2651.3376   11.3623
   -7.5000   30.0000  -15.0000 2562.4495   12.1048
    0.0000   30.0000  -15.0000 2594.1978   11.9467
    7.5000   30.0000  -15.0000 2584.6079   12.0266
   -7.5000   37.5000  -15.0000 2469.8276   13.0437
    0.0000   37.5000  -15.0000 2492.8582   12.8840
    7.5000   37.5000  -15.0000 2488.5059   12.9519
   -7.5000   45.0000  -15.0000 2352.5518   14.3424
    0.0000   45.0000  -15.0000 2376.7942   14.1619
    7.5000   45.0000  -15.0000 2371.6309   14.2367
   -7.5000  -45.0000   -7.5000 2133.0410   16.9797
    0.0000  -45.0000   -7.5000 2150.0254   16.5623
    7.5000  -45.0000   -7.5000 2153.6484   16.6112
   -7.5000  -37.5000   -7.5000 2282.3750   14.8622
    0.0000  -37.5000   -7.5000 2305.6580   14.5227
    7.5000  -37.5000   -7.5000 2312.0845   14.5541
   -7.5000  -30.0000   -7.5000 2403.3381   13.2706
    0.0000  -30.0000   -7.5000 2431.8669   13.0321
    7.5000  -30.0000   -7.5000 2438.2920   13.0076
   -7.5000  -22.5000   -7.5000 2513.1331   12.1496
    0.0000  -22.5000   -7.5000 2543.0588   11.9476
    7.5000  -22.5000   -7.5000 2544.0083   11.9376
   -7.5000  -15.0000   -7.5000 2602.5732   11.3485
    0.0000  -15.0000   -7.5000 2634.8943   11.1733
    7.5000  -15.0000   -7.5000 2636.0815   11.1878
   -7.5000   -7.5000   -7.5000 2678.4263   10.7615
    0.0000   -7.5000   -7.5000 2708.6514   10.6275
    7.5000   -7.5000   -7.5000 2708.4014   10.6220
   -7.5000    0.0000   -7.5000 2731.1433   10.3889
    0.0000    0.0000   -7.5000 2767.9604   10.2781
    7.5000    0.0000   -7.5000 2759.1692   10.2840
   -7.5000    7.5000   -7.5000 2767.4768   10.2474
    0.0000    7.5000   -7.5000 2802.5417   10.1220
    7.5000    7.5000   -7.5000 2787.2444   10.1536
   -7.5000   15.0000   -7.5000 2758.7710   10.4032
    0.0000   15.0000   -7.5000 2794.1760   10.2653
    7.5000   15.0000   -7.5000 2783.7327   10.3087
   -7.5000   22.5000   -7.5000 2721.2458   10.7721
    0.0000   22.5000   -7.5000 2759.3311   10.6264
    7.5000   22.5000   -7.5000 2746.5264   10.6877
   -7.5000   30.0000   -7.5000 2647.9094   11.4368
    0.0000   30.0000   -7.5000 2680.4351   11.2860
    7.5000   30.0000   -7.5000 2668.7214   11.3740
   -7.5000   37.5000   -7.5000 2540.2483   12.3715
    0.0000   37.5000   -7.5000 2569.7371   12.2119
    7.5000   37.5000   -7.5000 2562.8535   12.2927
   -7.5000   45.0000   -7.5000 2411.7131   13.6420
    0.0000   45.0000   -7.5000 2438.9392   13.4712
    7.5000   45.0000   -7.5000 2431.7939   13.5589
   -7.5000  -45.0000    0.0000 2164.2695   16.4215
    0.0000  -45.0000    0.0000 2189.7893   15.9704
    7.5000  -45.0000    0.0000 2188.8445   16.0703
   -7.5000  -37.5000    0.0000 2314.2295   14.3718
    0.0000  -37.5000    0.0000 2337.5093   13.9634
    7.5000  -37.5000    0.0000 2341.4050   14.0643
   -7.5000  -30.0000    0.0000 2438.7791   12.8048
    0.0000  -30.0000    0.0000 2467.0034   12.4778
    7.5000  -30.0000    0.0000 2468.9131   12.5341
   -7.5000  -22.5000    0.0000 2553.6157   11.6623
    0.0000  -22.5000    0.0000 2586.4038   11.3937
    7.5000  -22.5000    0.0000 2582.8289   11.4607
   -7.5000  -15.0000    0.0000 2649.4346   10.8506
    0.0000  -15.0000    0.0000 2686.6550   10.6115
    7.5000  -15.0000    0.0000 2683.8733   10.6676
   -7.5000   -7.5000    0.0000 2745.4275   10.3003
    0.0000   -7.5000    0.0000 2780.1406   10.0643
    7.5000   -7.5000    0.0000 2770.2476   10.1025
   -7.5000    0.0000    0.0000 2813.4502    9.9199
    0.0000    0.0000    0.0000 2856.9224    9.7504
    7.5000    0.0000    0.0000 2845.0442    9.7435
   -7.5000    7.5000    0.0000 2857.8057    9.7844
    0.0000    7.5000    0.0000 2902.7805    9.5967
    7.5000    7.5000    0.0000 2882.2898    9.5912
   -7.5000   15.0000    0.0000 2849.3481    9.9202
    0.0000   15.0000    0.0000 2885.8403    9.7526
    7.5000   15.0000    0.0000 2872.0181    9.7728
   -7.5000   22.5000    0.0000 2798.3970   10.3070
    0.0000   22.5000    0.0000 2837.2495   10.1109
    7.5000   22.5000    0.0000 2823.5908   10.1819
   -7.5000   30.0000    0.0000 2710.9407   10.9796
    0.0000   30.0000    0.0000 2741.8420   10.7664
    7.5000   30.0000    0.0000 2730.9360   10.8523
   -7.5000   37.5000    0.0000 2597.8262   11.9429
    0.0000   37.5000    0.0000 2621.0947   11.7111
    7.5000   37.5000    0.0000 2613.7078   11.8006
   -7.5000   45.0000    0.0000 2461.5112   13.1894
    0.0000   45.0000    0.0000 2481.9900   12.9449
    7.5000   45.0000    0.0000 2475.2327   13.0316
   -7.5000  -45.0000    7.5000 2190.0750   16.1242
    0.0000  -45.0000    7.5000 2215.6787   15.6186
    7.5000  -45.0000    7.5000 2213.6543   15.7725
   -7.5000  -37.5000    7.5000 2341.1621   14.0479
    0.0000  -37.5000    7.5000 2360.7634   13.6363
    7.5000  -37.5000    7.5000 2364.8474   13.7445
   -7.5000  -30.0000    7.5000 2467.9836   12.4884
    0.0000  -30.0000    7.5000 2488.0405   12.1434
    7.5000  -30.0000    7.5000 2490.5291   12.2419
   -7.5000  -22.5000    7.5000 2582.8938   11.3568
    0.0000  -22.5000    7.5000 2609.4976   11.0502
    7.5000  -22.5000    7.5000 2611.4407   11.1318
   -7.5000  -15.0000    7.5000 2687.1841   10.5161
    0.0000  -15.0000    7.5000 2719.3953   10.2598
    7.5000  -15.0000    7.5000 2712.6863   10.3317
   -7.5000   -7.5000    7.5000 2793.6021    9.9579
    0.0000   -7.5000    7.5000 2825.1841    9.7345
    7.5000   -7.5000    7.5000 2812.1370    9.7898
   -7.5000    0.0000    7.5000 2878.7368    9.6237
    0.0000    0.0000    7.5000 2922.2024    9.4627
    7.5000    0.0000    7.5000 2906.2869    9.4540
   -7.5000    7.5000    7.5000 2934.5200    9.4713
    0.0000    7.5000    7.5000 2988.1265    9.2312
    7.5000    7.5000    7.5000 2956.1011    9.2343
   -7.5000   15.0000    7.5000 2916.1035    9.6248
    0.0000   15.0000    7.5000 2960.6541    9.4081
    7.5000   15.0000    7.5000 2942.8899    9.4365
   -7.5000   22.5000    7.5000 2857.5376   10.0312
    0.0000   22.5000    7.5000 2894.9573    9.8214
    7.5000   22.5000    7.5000 2881.4590    9.8712
   -7.5000   30.0000    7.5000 2753.7771   10.7014
    0.0000   30.0000    7.5000 2789.3774   10.4917
    7.5000   30.0000    7.5000 2778.7766   10.5414
   -7.5000   37.5000    7.5000 2629.4358   11.6252
    0.0000   37.5000    7.5000 2659.2021   11.4342
    7.5000   37.5000    7.5000 2648.1309   11.4636
   -7.5000   45.0000    7.5000 2490.0005   12.8077
    0.0000   45.0000    7.5000 2514.4009   12.6091
    7.5000   45.0000    7.5000 2502.5942   12.6493
   -7.5000  -45.0000   15.0000 2188.8564   15.9309
    0.0000  -45.0000   15.0000 2214.2722   15.5042
    7.5000  -45.0000   15.0000 2211.8586   15.6857
   -7.5000  -37.5000   15.0000 2343.4224   13.8716
    0.0000  -37.5000   15.0000 2364.8074   13.4766
    7.5000  -37.5000   15.0000 2366.9248   13.6608
   -7.5000  -30.0000   15.0000 2475.0325   12.3517
    0.0000  -30.0000   15.0000 2496.5383   11.9906
    7.5000  -30.0000   15.0000 2494.8865   12.1637
   -7.5000  -22.5000   15.0000 2600.3762   11.2175
    0.0000  -22.5000   15.0000 2620.4741   10.8858
    7.5000  -22.5000   15.0000 2616.5906   11.0606
   -7.5000  -15.0000   15.0000 2710.1729   10.3903
    0.0000  -15.0000   15.0000 2729.4968   10.0982
    7.5000  -15.0000   15.0000 2719.7402   10.2493
   -7.5000   -7.5000   15.0000 2816.9919    9.8314
    0.0000   -7.5000   15.0000 2837.9082    9.5700
    7.5000   -7.5000   15.0000 2827.3176    9.7068
   -7.5000    0.0000   15.0000 2909.6455    9.5088
    0.0000    0.0000   15.0000 2942.2539    9.3805
    7.5000    0.0000   15.0000 2918.3589    9.3924
   -7.5000    7.5000   15.0000 2967.4114    9.3560
    0.0000    7.5000   15.0000 3019.6875    9.2013
    7.5000    7.5000   15.0000 2973.6697    9.2678
   -7.5000   15.0000   15.0000 2945.5361    9.5315
    0.0000   15.0000   15.0000 2999.5740    9.3465
    7.5000   15.0000   15.0000 2962.3074    9.4204
   -7.5000   22.5000   15.0000 2875.5908    9.9372
    0.0000   22.5000   15.0000 2921.0112    9.8019
    7.5000   22.5000   15.0000 2896.1914    9.8370
   -7.5000   30.0000   15.0000 2764.6938   10.5672
    0.0000   30.0000   15.0000 2801.2563   10.4063
    7.5000   30.0000   15.0000 2787.6348   10.4568
   -7.5000   37.5000   15.0000 2636.8643   11.4620
    0.0000   37.5000   15.0000 2667.3181   11.2818
    7.5000   37.5000   15.0000 2655.3694   11.3322
   -7.5000   45.0000   15.0000 2492.3770   12.6299
    0.0000   45.0000   15.0000 2516.5864   12.4494
    7.5000   45.0000   15.0000 2508.5872   12.5070
   -7.5000  -45.0000   22.5000 2180.3835   16.0128
    0.0000  -45.0000   22.5000 2199.5837   15.6344
    7.5000  -45.0000   22.5000 2193.5857   15.8752
   -7.5000  -37.5000   22.5000 2342.6069   13.9439
    0.0000  -37.5000   22.5000 2361.2952   13.5839
    7.5000  -37.5000   22.5000 2353.4209   13.8073
   -7.5000  -30.0000   22.5000 2481.0374   12.4059
    0.0000  -30.0000   22.5000 2497.2952   12.0600
    7.5000  -30.0000   22.5000 2486.5122   12.2832
   -7.5000  -22.5000   22.5000 2605.7881   11.3054
    0.0000  -22.5000   22.5000 2620.8547   10.9742
    7.5000  -22.5000   22.5000 2609.4692   11.2014
   -7.5000  -15.0000   22.5000 2713.7759   10.5336
    0.0000  -15.0000   22.5000 2728.7803   10.2270
    7.5000  -15.0000   22.5000 2713.5269   10.4404
   -7.5000   -7.5000   22.5000 2810.6077    9.9945
    0.0000   -7.5000   22.5000 2832.2021    9.7474
    7.5000   -7.5000   22.5000 2814.1245    9.9196
   -7.5000    0.0000   22.5000 2889.1401    9.5624
    0.0000    0.0000   22.5000 2928.2305    9.4139
    7.5000    0.0000   22.5000 2899.3276    9.5643
   -7.5000    7.5000   22.5000 2935.6604    9.4394
    0.0000    7.5000   22.5000 2982.8118    9.3016
    7.5000    7.5000   22.5000 2938.0691    9.4892
   -7.5000   15.0000   22.5000 2919.2029    9.6356
    0.0000   15.0000   22.5000 2962.8044    9.5189
    7.5000   15.0000   22.5000 2925.0508    9.6624
   -7.5000   22.5000   22.5000 2853.8071   10.0419
    0.0000   22.5000   22.5000 2894.0356    9.8856
    7.5000   22.5000   22.5000 2868.7788   10.0204
   -7.5000   30.0000   22.5000 2748.3416   10.6492
    0.0000   30.0000   22.5000 2777.7886   10.4881
    7.5000   30.0000   22.5000 2764.9373   10.5698
   -7.5000   37.5000   22.5000 2618.6660   11.5147
    0.0000   37.5000   22.5000 2643.9863   11.3537
    7.5000   37.5000   22.5000 2635.9717   11.3986
   -7.5000   45.0000   22.5000 2482.0059   12.6273
    0.0000   45.0000   22.5000 2504.1726   12.4686
    7.5000   45.0000   22.5000 2491.7461   12.4953
   -7.5000  -45.0000   30.0000 2155.3323   16.2639
    0.0000  -45.0000   30.0000 2174.7700   15.9105
    7.5000  -45.0000   30.0000 2165.0056   16.1646
   -7.5000  -37.5000   30.0000 2321.6038   14.1755
    0.0000  -37.5000   30.0000 2342.3884   13.8720
    7.5000  -37.5000   30.0000 2326.2439   14.1190
   -7.5000  -30.0000   30.0000 2461.5984   12.6549
    0.0000  -30.0000   30.0000 2483.7056   12.3824
    7.5000  -30.0000   30.0000 2463.2424   12.6188
   -7.5000  -22.5000   30.0000 2589.4663   11.5814
    0.0000  -22.5000   30.0000 2607.8765   11.3201
    7.5000  -22.5000   30.0000 2585.0371   11.5646
   -7.5000  -15.0000   30.0000 2693.0928   10.8560
    0.0000  -15.0000   30.0000 2711.9209   10.6196
    7.5000  -15.0000   30.0000 2686.2454   10.8307
   -7.5000   -7.5000   30.0000 2781.7410   10.2905
    0.0000   -7.5000   30.0000 2801.1523   10.0983
    7.5000   -7.5000   30.0000 2777.5466   10.2836
   -7.5000    0.0000   30.0000 2850.5518    9.8915
    0.0000    0.0000   30.0000 2878.9048    9.6660
    7.5000    0.0000   30.0000 2848.9658    9.8998
   -7.5000    7.5000   30.0000 2884.3013    9.7485
    0.0000    7.5000   30.0000 2914.1301    9.5607
    7.5000    7.5000   30.0000 2874.8162    9.7506
   -7.5000   15.0000   30.0000 2861.8010    9.9140
    0.0000   15.0000   30.0000 2892.9995    9.7689
    7.5000   15.0000   30.0000 2859.8694    9.9017
   -7.5000   22.5000   30.0000 2799.5073   10.3083
    0.0000   22.5000   30.0000 2822.9631   10.1768
    7.5000   22.5000   30.0000 2803.4253   10.2824
   -7.5000   30.0000   30.0000 2701.8237   10.9293
    0.0000   30.0000   30.0000 2719.1638   10.7774
    7.5000   30.0000   30.0000 2707.5745   10.8990
   -7.5000   37.5000   30.0000 2580.2019   11.7681
    0.0000   37.5000   30.0000 2599.3040   11.6030
    7.5000   37.5000   30.0000 2588.0229   11.6945
   -7.5000   45.0000   30.0000 2447.1016   12.8235
    0.0000   45.0000   30.0000 2470.1858   12.6348
    7.5000   45.0000   30.0000 2452.6003   12.7117
   -7.5000  -45.0000   37.5000 2129.4697   16.8451
    0.0000  -45.0000   37.5000 2148.6926   16.5544
    7.5000  -45.0000   37.5000 2131.4041   16.7374
   -7.5000  -37.5000   37.5000 2293.8142   14.7223
    0.0000  -37.5000   37.5000 2315.0920   14.4713
    7.5000  -37.5000   37.5000 2288.3499   14.6866
   -7.5000  -30.0000   37.5000 2430.4202   13.1571
    0.0000  -30.0000   37.5000 2454.5186   12.9236
    7.5000  -30.0000   37.5000 2428.3125   13.1518
   -7.5000  -22.5000   37.5000 2559.2791   12.0927
    0.0000  -22.5000   37.5000 2577.8376   11.8453
    7.5000  -22.5000   37.5000 2546.7656   12.0647
   -7.5000  -15.0000   37.5000 2658.7717   11.3332
    0.0000  -15.0000   37.5000 2673.3237   11.0873
    7.5000  -15.0000   37.5000 2645.8433   11.3370
   -7.5000   -7.5000   37.5000 2735.4653   10.7609
    0.0000   -7.5000   37.5000 2751.1167   10.5011
    7.5000   -7.5000   37.5000 2728.2341   10.7731
   -7.5000    0.0000   37.5000 2793.7004   10.3788
    0.0000    0.0000   37.5000 2816.3276   10.1203
    7.5000    0.0000   37.5000 2784.9419   10.3831
   -7.5000    7.5000   37.5000 2817.1052   10.2413
    0.0000    7.5000   37.5000 2837.0950   10.0103
    7.5000    7.5000   37.5000 2804.1489   10.2242
   -7.5000   15.0000   37.5000 2785.9131   10.4098
    0.0000   15.0000   37.5000 2812.8179   10.2025
    7.5000   15.0000   37.5000 2782.6958   10.3668
   -7.5000   22.5000   37.5000 2723.9324   10.7905
    0.0000   22.5000   37.5000 2746.8108   10.6014
    7.5000   22.5000   37.5000 2727.0547   10.7413
   -7.5000   30.0000   37.5000 2635.0522   11.3881
    0.0000   30.0000   37.5000 2652.0198   11.1910
    7.5000   30.0000   37.5000 2636.3826   11.3133
   -7.5000   37.5000   37.5000 2528.1726   12.2147
    0.0000   37.5000   37.5000 2543.7097   12.0273
    7.5000   37.5000   37.5000 2527.2419   12.1296
   -7.5000   45.0000   37.5000 2396.6348   13.2599
    0.0000   45.0000   37.5000 2413.0532   13.0933
    7.5000   45.0000   37.5000 2403.7991   13.1616
   -7.5000  -45.0000   45.0000 2095.4636   17.6408
    0.0000  -45.0000   45.0000 2112.0894   17.3944
    7.5000  -45.0000   45.0000 2093.1033   17.5696
   -7.5000  -37.5000   45.0000 2257.5654   15.4597
    0.0000  -37.5000   45.0000 2277.4763   15.2528
    7.5000  -37.5000   45.0000 2247.7295   15.4422
   -7.5000  -30.0000   45.0000 2387.5618   13.8476
    0.0000  -30.0000   45.0000 2408.3162   13.6232
    7.5000  -30.0000   45.0000 2379.9695   13.8438
   -7.5000  -22.5000   45.0000 2508.4348   12.7414
    0.0000  -22.5000   45.0000 2528.7419   12.5133
    7.5000  -22.5000   45.0000 2496.3926   12.7503
   -7.5000  -15.0000   45.0000 2602.4150   11.9361
    0.0000  -15.0000   45.0000 2616.7043   11.7092
    7.5000  -15.0000   45.0000 2584.9353   11.9816
   -7.5000   -7.5000   45.0000 2670.4558   11.3842
    0.0000   -7.5000   45.0000 2683.3557   11.1300
    7.5000   -7.5000   45.0000 2655.1812   11.4072
   -7.5000    0.0000   45.0000 2711.5876   11.0099
    0.0000    0.0000   45.0000 2724.7358   10.7640
    7.5000    0.0000   45.0000 2701.5942   11.0339
   -7.5000    7.5000   45.0000 2727.7761   10.8405
    0.0000    7.5000   45.0000 2741.3196   10.6490
    7.5000    7.5000   45.0000 2711.4758   10.8535
   -7.5000   15.0000   45.0000 2698.6726   11.0056
    0.0000   15.0000   45.0000 2720.0886   10.8239
    7.5000   15.0000   45.0000 2687.7532   11.0037
   -7.5000   22.5000   45.0000 2637.1201   11.3952
    0.0000   22.5000   45.0000 2656.2363   11.2207
    7.5000   22.5000   45.0000 2631.8911   11.3854
   -7.5000   30.0000   45.0000 2553.8296   12.0121
    0.0000   30.0000   45.0000 2572.1594   11.8180
    7.5000   30.0000   45.0000 2545.6206   11.9635
   -7.5000   37.5000   45.0000 2453.4397   12.7909
    0.0000   37.5000   45.0000 2469.6230   12.6095
    7.5000   37.5000   45.0000 2451.5225   12.7301
   -7.5000   45.0000   45.0000 2328.7869   13.8719
    0.0000   45.0000   45.0000 2341.6042   13.6911
    7.5000   45.0000   45.0000 2331.1912   13.7917

---------------------------------------------------------------------
imgreg_4dfp /opt/freesurfer/average/711-2C_as_mni_average_305 /opt/freesurfer/average/711-2B_as_mni_average_305_mask talsrcimg_g11 none talsrcimg_to_711-2C_as_mni_average_305_t4 1283
---------------------------------------------------------------------

freesurfer imgreg_4dfp.c
/opt/freesurfer/average/711-2C_as_mni_average_305.4dfp.img
       256       256       256         1
  1.000000  1.000000  1.000000
orientation T byte_order littleendian
Reading image: /opt/freesurfer/average/711-2C_as_mni_average_305.4dfp.img
dimensions:      256       256       256
mmppix:       1.0000   -1.0000   -1.0000
center:     128.0000 -129.0000 -129.0000
/opt/freesurfer/average/711-2B_as_mni_average_305_mask.4dfp.img
       256       256       256         1
  1.000000  1.000000  1.000000
orientation T byte_order littleendian
Reading mask: /opt/freesurfer/average/711-2B_as_mni_average_305_mask.4dfp.img (2306576 pixels)
talsrcimg_g11.4dfp.img
       256       256       256         1
  1.000000  1.000000  1.000000
orientation T byte_order littleendian
Reading image: talsrcimg_g11.4dfp.img
dimensions:      256       256       256
mmppix:       1.0000   -1.0000   -1.0000
center:     128.0000 -129.0000 -129.0000
rotation matrix determinant  1.000000
fimgreg.f
image alignment mode   1283 decimal      503 hex
parameters
    0.0000    7.5000   15.0000    0.0000    0.0000    0.0000
eta,q 0.94703  9.23688
niter,ni,del,rscale     5    3   12.0000    1.2000
parameter  4 -1.382856 -> -0.500000 qaram    1.1500
parameter  5 -1.857184 -> -0.500000 qaram    1.1500
parameters
    0.6508    9.7168   15.1534    3.4500    3.4500   -0.0128
eta,q 0.95548  9.07664
  0.0701  0.0677  0.0635  0.0610  0.0647  0.0506
  0.0655  0.0628  0.0592  0.0605  0.0598  0.0469
  0.0614  0.0584  0.0561  0.0589  0.0548  0.0448
  0.0576  0.0565  0.0553  0.0551  0.0508  0.0445
  0.0571  0.0553  0.0555  0.0511  0.0471  0.0453
  0.0607  0.0555  0.0585  0.0511  0.0438  0.0473
  0.0674  0.0582  0.0629  0.0528  0.0428  0.0502
niter,ni,del,rscale     6    3   12.0000    1.2000
parameters
   -0.0078    9.0406   15.4679    4.0440    6.2640   -0.4350
eta,q 0.95949  9.05013
  0.0569  0.0553  0.0555  0.0552  0.0592  0.0478
  0.0499  0.0493  0.0504  0.0519  0.0532  0.0437
  0.0450  0.0436  0.0455  0.0465  0.0485  0.0410
  0.0445  0.0440  0.0433  0.0431  0.0434  0.0407
  0.0487  0.0478  0.0438  0.0454  0.0407  0.0426
  0.0544  0.0539  0.0480  0.0488  0.0422  0.0458
  0.0629  0.0604  0.0540  0.0525  0.0461  0.0493
niter,ni,del,rscale     5    3   12.0000    1.2000
parameters
   -0.7649    8.7172   15.6565    4.4150    6.5542   -0.3701
eta,q 0.96069  9.05326
  0.0561  0.0542  0.0538  0.0523  0.0533  0.0481
  0.0467  0.0475  0.0476  0.0483  0.0478  0.0437
  0.0402  0.0405  0.0421  0.0417  0.0422  0.0403
  0.0405  0.0394  0.0391  0.0390  0.0393  0.0393
  0.0468  0.0434  0.0409  0.0420  0.0409  0.0406
  0.0546  0.0497  0.0463  0.0461  0.0456  0.0436
  0.0632  0.0570  0.0524  0.0499  0.0519  0.0475
niter,ni,del,rscale     4    3   12.0000    1.2000
parameters
   -0.9475    8.5462   15.7217    4.6087    6.6780   -0.3277
eta,q 0.96088  9.05484
  0.0594  0.0544  0.0533  0.0516  0.0529  0.0479
  0.0491  0.0478  0.0470  0.0472  0.0473  0.0435
  0.0414  0.0406  0.0417  0.0408  0.0417  0.0402
  0.0393  0.0391  0.0390  0.0390  0.0391  0.0391
  0.0444  0.0427  0.0413  0.0421  0.0410  0.0405
  0.0519  0.0485  0.0468  0.0463  0.0460  0.0434
  0.0602  0.0560  0.0527  0.0498  0.0525  0.0474
niter,ni,del,rscale     3    3   12.0000    1.2000
parameters
   -1.0193    8.4638   15.7491    4.6962    6.7359   -0.3037
eta,q 0.96093  9.05526
  0.0601  0.0545  0.0531  0.0512  0.0527  0.0478
  0.0495  0.0480  0.0468  0.0467  0.0471  0.0434
  0.0417  0.0408  0.0417  0.0404  0.0416  0.0401
  0.0391  0.0391  0.0390  0.0390  0.0391  0.0391
  0.0440  0.0424  0.0414  0.0422  0.0411  0.0404
  0.0513  0.0479  0.0470  0.0464  0.0462  0.0434
  0.0596  0.0554  0.0528  0.0499  0.0528  0.0474
niter,ni,del,rscale     2    3   12.0000    1.2000
parameters
   -1.0510    8.4240   15.7603    4.7385    6.7633   -0.2920
eta,q 0.96094  9.05526
  0.0603  0.0546  0.0531  0.0510  0.0527  0.0477
  0.0497  0.0481  0.0468  0.0464  0.0470  0.0434
  0.0418  0.0409  0.0416  0.0402  0.0415  0.0401
  0.0391  0.0390  0.0390  0.0390  0.0391  0.0391
  0.0439  0.0423  0.0415  0.0423  0.0412  0.0404
  0.0511  0.0476  0.0470  0.0464  0.0463  0.0434
  0.0593  0.0551  0.0528  0.0499  0.0529  0.0474
registration optimization eta report
parameter search radius
    6.0000    6.0000    6.0000    6.9000    6.9000    6.0000
100000*second partial in parameter space
       55.       43.       37.       23.       28.       23.
  0.0603  0.0546  0.0531  0.0510  0.0527  0.0477
  0.0497  0.0481  0.0468  0.0464  0.0470  0.0434
  0.0418  0.0409  0.0416  0.0402  0.0415  0.0401
  0.0391  0.0390  0.0390  0.0390  0.0391  0.0391
  0.0439  0.0423  0.0415  0.0423  0.0412  0.0404
  0.0511  0.0476  0.0470  0.0464  0.0463  0.0434
  0.0593  0.0551  0.0528  0.0499  0.0529  0.0474
   -1.0510    8.4240   15.7603    4.7385    6.7633   -0.2920
eta,q 0.96094  9.05526

---------------------------------------------------------------------
imgreg_4dfp /opt/freesurfer/average/711-2C_as_mni_average_305 /opt/freesurfer/average/711-2B_as_mni_average_305_mask talsrcimg_g11 none talsrcimg_to_711-2C_as_mni_average_305_t4 3335
---------------------------------------------------------------------

freesurfer imgreg_4dfp.c
/opt/freesurfer/average/711-2C_as_mni_average_305.4dfp.img
       256       256       256         1
  1.000000  1.000000  1.000000
orientation T byte_order littleendian
Reading image: /opt/freesurfer/average/711-2C_as_mni_average_305.4dfp.img
dimensions:      256       256       256
mmppix:       1.0000   -1.0000   -1.0000
center:     128.0000 -129.0000 -129.0000
/opt/freesurfer/average/711-2B_as_mni_average_305_mask.4dfp.img
       256       256       256         1
  1.000000  1.000000  1.000000
orientation T byte_order littleendian
Reading mask: /opt/freesurfer/average/711-2B_as_mni_average_305_mask.4dfp.img (2306576 pixels)
talsrcimg_g11.4dfp.img
       256       256       256         1
  1.000000  1.000000  1.000000
orientation T byte_order littleendian
Reading image: talsrcimg_g11.4dfp.img
dimensions:      256       256       256
mmppix:       1.0000   -1.0000   -1.0000
center:     128.0000 -129.0000 -129.0000
fimgreg.f
image alignment mode   3335 decimal      D07 hex
parameters
   -1.0510    8.4240   15.7603   -0.6972   -0.3381   -1.0353
   -0.4650  -11.7785   -0.5060   -8.2008   11.7768    8.2033
eta,q 0.95876  9.15811
niter,ni,del,rscale     5    3    5.0000    1.2000
parameter  4  1.204433 ->  0.500000 qaram    1.1500
parameter  5  2.936097 ->  0.500000 qaram    1.1500
parameter  6  0.651559 ->  0.500000 qaram    1.1500
parameters
   -1.0371    8.4129   15.7309   -4.8372   -4.4781   -5.1753
   -1.1828  -10.7662    0.3950   -9.3466    8.5300    5.6624
eta,q 0.97181  8.94962
  0.0447  0.0431  0.0435  0.0358  0.0277  0.0294  0.0315  0.0357  0.0321  0.0315  0.0289  0.0288
  0.0428  0.0419  0.0422  0.0363  0.0300  0.0292  0.0300  0.0326  0.0305  0.0297  0.0285  0.0283
  0.0416  0.0413  0.0415  0.0380  0.0332  0.0292  0.0292  0.0303  0.0294  0.0288  0.0284  0.0282
  0.0412  0.0412  0.0412  0.0412  0.0366  0.0308  0.0291  0.0291  0.0289  0.0289  0.0287  0.0284
  0.0417  0.0415  0.0415  0.0456  0.0400  0.0348  0.0297  0.0291  0.0290  0.0300  0.0295  0.0289
  0.0428  0.0421  0.0423  0.0504  0.0442  0.0399  0.0309  0.0305  0.0297  0.0314  0.0310  0.0297
  0.0446  0.0430  0.0436  0.0551  0.0488  0.0449  0.0325  0.0330  0.0308  0.0334  0.0328  0.0308
niter,ni,del,rscale     7    3    5.0000    1.2000
parameter  3  0.897385 ->  0.500000 qaram    1.1500
parameter  5  0.760919 ->  0.500000 qaram    1.3225
parameters
   -0.9235    8.1092   14.3509   -6.7083   -9.2391   -6.8072
   -0.5301  -10.0771    1.3236   -8.6637    9.3572    7.2039
eta,q 0.97503  8.70741
  0.0321  0.0304  0.0270  0.0297  0.0256  0.0268  0.0281  0.0297  0.0278  0.0290  0.0264  0.0272
  0.0300  0.0291  0.0270  0.0287  0.0249  0.0259  0.0267  0.0274  0.0265  0.0272  0.0259  0.0263
  0.0287  0.0283  0.0274  0.0277  0.0254  0.0255  0.0258  0.0261  0.0256  0.0259  0.0254  0.0255
  0.0282  0.0282  0.0281  0.0270  0.0274  0.0249  0.0254  0.0253  0.0252  0.0252  0.0251  0.0251
  0.0284  0.0288  0.0292  0.0278  0.0307  0.0246  0.0255  0.0253  0.0253  0.0252  0.0251  0.0250
  0.0295  0.0301  0.0306  0.0312  0.0343  0.0271  0.0261  0.0262  0.0258  0.0261  0.0253  0.0253
  0.0315  0.0319  0.0322  0.0361  0.0382  0.0324  0.0273  0.0284  0.0267  0.0280  0.0261  0.0260
niter,ni,del,rscale     7    3    5.0000    1.2000
parameters
   -0.7492    7.7959   14.5337   -6.5239  -11.1019   -7.0553
   -0.7129  -10.1094    1.2584   -8.6836    9.4199    8.5042
eta,q 0.97526  8.63721
  0.0284  0.0273  0.0271  0.0277  0.0286  0.0276  0.0271  0.0289  0.0268  0.0282  0.0261  0.0269
  0.0267  0.0258  0.0259  0.0267  0.0266  0.0262  0.0260  0.0268  0.0257  0.0266  0.0255  0.0260
  0.0255  0.0250  0.0252  0.0257  0.0251  0.0252  0.0252  0.0254  0.0251  0.0254  0.0251  0.0253
  0.0250  0.0249  0.0249  0.0249  0.0248  0.0248  0.0248  0.0248  0.0248  0.0248  0.0248  0.0248
  0.0252  0.0256  0.0250  0.0245  0.0263  0.0244  0.0251  0.0251  0.0251  0.0252  0.0249  0.0248
  0.0260  0.0269  0.0256  0.0254  0.0297  0.0254  0.0260  0.0266  0.0258  0.0263  0.0253  0.0251
  0.0276  0.0288  0.0266  0.0285  0.0335  0.0291  0.0275  0.0292  0.0269  0.0284  0.0262  0.0259
niter,ni,del,rscale     6    3    5.0000    1.2000
parameters
   -0.7482    7.6673   14.8390   -6.3959  -11.6416   -6.9997
   -0.7519  -10.0845    1.2562   -8.8510    9.4348    8.9805
eta,q 0.97529  8.62360
  0.0278  0.0275  0.0272  0.0275  0.0296  0.0278  0.0272  0.0290  0.0268  0.0281  0.0260  0.0265
  0.0262  0.0259  0.0260  0.0265  0.0275  0.0264  0.0260  0.0268  0.0257  0.0264  0.0254  0.0257
  0.0251  0.0250  0.0251  0.0255  0.0256  0.0253  0.0251  0.0254  0.0250  0.0252  0.0250  0.0251
  0.0247  0.0247  0.0247  0.0247  0.0247  0.0247  0.0247  0.0247  0.0247  0.0247  0.0247  0.0247
  0.0251  0.0252  0.0248  0.0244  0.0252  0.0243  0.0250  0.0251  0.0249  0.0252  0.0248  0.0248
  0.0261  0.0264  0.0253  0.0253  0.0278  0.0252  0.0259  0.0265  0.0257  0.0265  0.0253  0.0253
  0.0278  0.0281  0.0264  0.0284  0.0316  0.0288  0.0274  0.0292  0.0268  0.0286  0.0262  0.0262
niter,ni,del,rscale     5    3    5.0000    1.2000
parameters
   -0.7597    7.5953   14.9433   -6.3802  -11.7968   -7.0078
   -0.7802  -10.0769    1.2593   -8.9458    9.4402    9.1795
eta,q 0.97529  8.61755
  0.0278  0.0276  0.0269  0.0275  0.0299  0.0278  0.0272  0.0290  0.0268  0.0282  0.0260  0.0264
  0.0261  0.0259  0.0258  0.0265  0.0278  0.0264  0.0260  0.0268  0.0257  0.0265  0.0254  0.0256
  0.0251  0.0250  0.0250  0.0255  0.0258  0.0253  0.0251  0.0253  0.0250  0.0252  0.0250  0.0250
  0.0247  0.0247  0.0247  0.0247  0.0247  0.0247  0.0247  0.0247  0.0247  0.0247  0.0247  0.0247
  0.0251  0.0251  0.0249  0.0244  0.0250  0.0243  0.0250  0.0251  0.0249  0.0252  0.0248  0.0248
  0.0261  0.0262  0.0255  0.0254  0.0273  0.0253  0.0259  0.0266  0.0257  0.0264  0.0253  0.0254
  0.0279  0.0279  0.0266  0.0285  0.0311  0.0290  0.0274  0.0292  0.0268  0.0286  0.0262  0.0263
niter,ni,del,rscale     4    3    5.0000    1.2000
parameters
   -0.7649    7.5667   14.9778   -6.3749  -11.8430   -7.0137
   -0.7990  -10.0760    1.2598   -8.9844    9.4466    9.2662
eta,q 0.97528  8.61578
  0.0278  0.0277  0.0268  0.0275  0.0300  0.0278  0.0272  0.0290  0.0268  0.0283  0.0260  0.0264
  0.0262  0.0260  0.0257  0.0265  0.0279  0.0265  0.0260  0.0268  0.0257  0.0265  0.0254  0.0256
  0.0251  0.0250  0.0250  0.0255  0.0259  0.0253  0.0251  0.0253  0.0250  0.0252  0.0250  0.0250
  0.0247  0.0247  0.0247  0.0247  0.0247  0.0247  0.0247  0.0247  0.0247  0.0247  0.0247  0.0247
  0.0251  0.0251  0.0249  0.0244  0.0250  0.0243  0.0250  0.0251  0.0249  0.0251  0.0248  0.0249
  0.0261  0.0262  0.0256  0.0255  0.0272  0.0253  0.0259  0.0266  0.0257  0.0264  0.0253  0.0254
  0.0279  0.0278  0.0268  0.0285  0.0310  0.0290  0.0274  0.0293  0.0268  0.0285  0.0262  0.0264
niter,ni,del,rscale     3    3    5.0000    1.2000
parameters
   -0.7683    7.5568   14.9913   -6.3801  -11.8570   -7.0221
   -0.8047  -10.0748    1.2554   -9.0032    9.4435    9.2925
eta,q 0.97528  8.61460
  0.0278  0.0277  0.0268  0.0275  0.0301  0.0278  0.0272  0.0290  0.0268  0.0283  0.0260  0.0263
  0.0262  0.0261  0.0257  0.0265  0.0279  0.0265  0.0260  0.0268  0.0257  0.0266  0.0254  0.0255
  0.0251  0.0251  0.0250  0.0255  0.0259  0.0253  0.0251  0.0254  0.0250  0.0252  0.0250  0.0250
  0.0247  0.0247  0.0247  0.0247  0.0247  0.0247  0.0247  0.0247  0.0247  0.0247  0.0247  0.0247
  0.0251  0.0251  0.0249  0.0244  0.0250  0.0243  0.0250  0.0251  0.0249  0.0251  0.0248  0.0249
  0.0261  0.0261  0.0257  0.0255  0.0272  0.0253  0.0259  0.0266  0.0257  0.0264  0.0253  0.0255
  0.0279  0.0278  0.0268  0.0286  0.0309  0.0290  0.0274  0.0293  0.0269  0.0285  0.0262  0.0264
registration optimization eta report
parameter search radius
    2.4000    2.4000    2.7600    8.2800    9.5220    8.2800
    7.2000    7.2000    7.2000    7.2000    7.2000    7.2000
100000*second partial in parameter space
       55.       53.       27.        5.        6.        6.
        5.        9.        4.        7.        3.        3.
  0.0278  0.0277  0.0268  0.0275  0.0301  0.0278  0.0272  0.0290  0.0268  0.0283  0.0260  0.0263
  0.0262  0.0261  0.0257  0.0265  0.0279  0.0265  0.0260  0.0268  0.0257  0.0266  0.0254  0.0255
  0.0251  0.0251  0.0250  0.0255  0.0259  0.0253  0.0251  0.0254  0.0250  0.0252  0.0250  0.0250
  0.0247  0.0247  0.0247  0.0247  0.0247  0.0247  0.0247  0.0247  0.0247  0.0247  0.0247  0.0247
  0.0251  0.0251  0.0249  0.0244  0.0250  0.0243  0.0250  0.0251  0.0249  0.0251  0.0248  0.0249
  0.0261  0.0261  0.0257  0.0255  0.0272  0.0253  0.0259  0.0266  0.0257  0.0264  0.0253  0.0255
  0.0279  0.0278  0.0268  0.0286  0.0309  0.0290  0.0274  0.0293  0.0269  0.0285  0.0262  0.0264
   -0.7683    7.5568   14.9913   -6.3801  -11.8570   -7.0221
   -0.8047  -10.0748    1.2554   -9.0032    9.4435    9.2925
eta,q 0.97528  8.61460

---------------------------------------------------------------------
imgreg_4dfp /opt/freesurfer/average/711-2C_as_mni_average_305 /opt/freesurfer/average/711-2B_as_mni_average_305_mask talsrcimg_g11 none talsrcimg_to_711-2C_as_mni_average_305_t4 2311
---------------------------------------------------------------------

freesurfer imgreg_4dfp.c
/opt/freesurfer/average/711-2C_as_mni_average_305.4dfp.img
       256       256       256         1
  1.000000  1.000000  1.000000
orientation T byte_order littleendian
Reading image: /opt/freesurfer/average/711-2C_as_mni_average_305.4dfp.img
dimensions:      256       256       256
mmppix:       1.0000   -1.0000   -1.0000
center:     128.0000 -129.0000 -129.0000
/opt/freesurfer/average/711-2B_as_mni_average_305_mask.4dfp.img
       256       256       256         1
  1.000000  1.000000  1.000000
orientation T byte_order littleendian
Reading mask: /opt/freesurfer/average/711-2B_as_mni_average_305_mask.4dfp.img (2306576 pixels)
talsrcimg_g11.4dfp.img
       256       256       256         1
  1.000000  1.000000  1.000000
orientation T byte_order littleendian
Reading image: talsrcimg_g11.4dfp.img
dimensions:      256       256       256
mmppix:       1.0000   -1.0000   -1.0000
center:     128.0000 -129.0000 -129.0000
fimgreg.f
image alignment mode   2311 decimal      907 hex
parameters
   -0.7683    7.5568   14.9913   -6.3801  -11.8570   -7.0221
   -0.8047  -10.0748    1.2554   -9.0032    9.4435    9.2925
eta,q 0.97528  8.61460
niter,ni,del,rscale     5    3    5.0000    0.8000
parameters
   -0.7556    7.5464   15.0056   -4.4788  -11.1237   -5.6616
   -0.9926  -10.3143    1.2656   -9.3008    8.8675    8.6953
eta,q 0.97579  8.77035
  0.0262  0.0261  0.0255  0.0262  0.0266  0.0259  0.0254  0.0265  0.0253  0.0257  0.0249  0.0249
  0.0254  0.0253  0.0251  0.0257  0.0256  0.0252  0.0248  0.0252  0.0247  0.0249  0.0245  0.0245
  0.0249  0.0249  0.0248  0.0252  0.0249  0.0247  0.0244  0.0244  0.0243  0.0244  0.0243  0.0243
  0.0247  0.0247  0.0247  0.0247  0.0244  0.0244  0.0242  0.0242  0.0242  0.0242  0.0242  0.0242
  0.0249  0.0249  0.0248  0.0245  0.0244  0.0242  0.0244  0.0246  0.0243  0.0245  0.0244  0.0244
  0.0254  0.0254  0.0250  0.0245  0.0248  0.0242  0.0249  0.0255  0.0247  0.0251  0.0248  0.0248
  0.0261  0.0261  0.0254  0.0250  0.0257  0.0249  0.0257  0.0270  0.0253  0.0262  0.0254  0.0254
niter,ni,del,rscale     4    3    5.0000    0.7000
parameters
   -0.7692    7.6762   14.9454   -4.7557  -10.9729   -5.2450
   -0.7530  -10.3696    1.4365   -9.2249    8.7563    8.2929
eta,q 0.97587  8.78511
  0.0254  0.0255  0.0247  0.0252  0.0257  0.0251  0.0252  0.0260  0.0250  0.0254  0.0248  0.0247
  0.0248  0.0248  0.0244  0.0248  0.0250  0.0247  0.0247  0.0250  0.0245  0.0247  0.0244  0.0244
  0.0243  0.0244  0.0242  0.0244  0.0244  0.0244  0.0243  0.0243  0.0243  0.0243  0.0242  0.0242
  0.0242  0.0242  0.0242  0.0242  0.0242  0.0242  0.0241  0.0241  0.0241  0.0241  0.0241  0.0241
  0.0243  0.0243  0.0243  0.0242  0.0243  0.0240  0.0242  0.0244  0.0242  0.0243  0.0242  0.0242
  0.0248  0.0246  0.0245  0.0248  0.0248  0.0241  0.0245  0.0250  0.0244  0.0247  0.0244  0.0245
  0.0255  0.0251  0.0248  0.0259  0.0256  0.0250  0.0250  0.0261  0.0249  0.0254  0.0249  0.0250
niter,ni,del,rscale     3    3    5.0000    0.6000
parameters
   -0.7157    7.7125   14.8829   -4.5779  -10.8935   -4.8896
   -0.6274  -10.4893    1.5815   -9.3199    8.4905    7.8817
eta,q 0.97597  8.80668
  0.0251  0.0250  0.0245  0.0251  0.0252  0.0247  0.0248  0.0254  0.0246  0.0249  0.0245  0.0244
  0.0246  0.0245  0.0243  0.0247  0.0246  0.0245  0.0244  0.0246  0.0243  0.0244  0.0242  0.0242
  0.0243  0.0242  0.0242  0.0244  0.0243  0.0243  0.0242  0.0242  0.0241  0.0241  0.0241  0.0241
  0.0241  0.0241  0.0241  0.0241  0.0241  0.0241  0.0240  0.0240  0.0240  0.0240  0.0240  0.0240
  0.0242  0.0242  0.0242  0.0241  0.0242  0.0239  0.0241  0.0243  0.0241  0.0241  0.0241  0.0241
  0.0245  0.0245  0.0244  0.0244  0.0245  0.0241  0.0243  0.0248  0.0243  0.0245  0.0243  0.0243
  0.0250  0.0249  0.0246  0.0251  0.0251  0.0248  0.0247  0.0256  0.0246  0.0250  0.0247  0.0247
niter,ni,del,rscale     2    3    5.0000    0.5000
parameters
   -0.6864    7.7764   14.7959   -4.3384  -10.7432   -4.4009
   -0.4631  -10.6329    1.7695   -9.5442    8.1288    7.1825
eta,q 0.97614  8.83411
  0.0247  0.0246  0.0243  0.0248  0.0248  0.0246  0.0245  0.0250  0.0243  0.0244  0.0242  0.0241
  0.0244  0.0243  0.0241  0.0245  0.0244  0.0244  0.0242  0.0243  0.0241  0.0241  0.0240  0.0239
  0.0241  0.0241  0.0240  0.0242  0.0241  0.0242  0.0240  0.0240  0.0240  0.0239  0.0239  0.0239
  0.0240  0.0240  0.0240  0.0240  0.0240  0.0240  0.0239  0.0239  0.0239  0.0239  0.0239  0.0239
  0.0241  0.0241  0.0241  0.0240  0.0240  0.0238  0.0239  0.0241  0.0239  0.0240  0.0240  0.0240
  0.0243  0.0242  0.0242  0.0242  0.0243  0.0239  0.0241  0.0245  0.0240  0.0242  0.0241  0.0241
  0.0247  0.0245  0.0244  0.0247  0.0247  0.0245  0.0244  0.0252  0.0242  0.0246  0.0244  0.0244
niter,ni,del,rscale     1    3    5.0000    0.4000
parameters
   -0.6648    7.8835   14.7044   -4.1307  -10.4925   -3.8896
   -0.2771  -10.7136    1.9349   -9.6889    7.8806    6.3165
eta,q 0.97631  8.85898
  0.0243  0.0243  0.0240  0.0245  0.0244  0.0244  0.0242  0.0246  0.0240  0.0241  0.0240  0.0238
  0.0241  0.0241  0.0239  0.0242  0.0241  0.0243  0.0239  0.0241  0.0239  0.0239  0.0238  0.0237
  0.0239  0.0239  0.0239  0.0240  0.0239  0.0240  0.0238  0.0238  0.0238  0.0238  0.0237  0.0237
  0.0239  0.0239  0.0239  0.0238  0.0238  0.0238  0.0237  0.0237  0.0237  0.0237  0.0237  0.0237
  0.0239  0.0239  0.0239  0.0238  0.0238  0.0237  0.0238  0.0239  0.0237  0.0238  0.0238  0.0238
  0.0240  0.0240  0.0240  0.0240  0.0240  0.0238  0.0239  0.0242  0.0238  0.0240  0.0239  0.0239
  0.0243  0.0241  0.0241  0.0243  0.0242  0.0242  0.0240  0.0247  0.0240  0.0242  0.0241  0.0241
registration optimization eta report
parameter search radius
    0.8000    0.8000    0.8000    2.4000    2.4000    2.4000
    2.4000    2.4000    2.4000    2.4000    2.4000    2.4000
100000*second partial in parameter space
       71.       55.       38.       10.        8.        9.
        6.       16.        5.        8.        5.        4.
  0.0243  0.0243  0.0240  0.0245  0.0244  0.0244  0.0242  0.0246  0.0240  0.0241  0.0240  0.0238
  0.0241  0.0241  0.0239  0.0242  0.0241  0.0243  0.0239  0.0241  0.0239  0.0239  0.0238  0.0237
  0.0239  0.0239  0.0239  0.0240  0.0239  0.0240  0.0238  0.0238  0.0238  0.0238  0.0237  0.0237
  0.0239  0.0239  0.0239  0.0238  0.0238  0.0238  0.0237  0.0237  0.0237  0.0237  0.0237  0.0237
  0.0239  0.0239  0.0239  0.0238  0.0238  0.0237  0.0238  0.0239  0.0237  0.0238  0.0238  0.0238
  0.0240  0.0240  0.0240  0.0240  0.0240  0.0238  0.0239  0.0242  0.0238  0.0240  0.0239  0.0239
  0.0243  0.0241  0.0241  0.0243  0.0242  0.0242  0.0240  0.0247  0.0240  0.0242  0.0241  0.0241
   -0.6648    7.8835   14.7044   -4.1307  -10.4925   -3.8896
   -0.2771  -10.7136    1.9349   -9.6889    7.8806    6.3165
eta,q 0.97631  8.85898

---------------------------------------------------------------------
imgreg_4dfp /opt/freesurfer/average/711-2C_as_mni_average_305 /opt/freesurfer/average/711-2B_as_mni_average_305_mask talsrcimg_g11 none talsrcimg_to_711-2C_as_mni_average_305_t4 2311
---------------------------------------------------------------------

freesurfer imgreg_4dfp.c
/opt/freesurfer/average/711-2C_as_mni_average_305.4dfp.img
       256       256       256         1
  1.000000  1.000000  1.000000
orientation T byte_order littleendian
Reading image: /opt/freesurfer/average/711-2C_as_mni_average_305.4dfp.img
dimensions:      256       256       256
mmppix:       1.0000   -1.0000   -1.0000
center:     128.0000 -129.0000 -129.0000
/opt/freesurfer/average/711-2B_as_mni_average_305_mask.4dfp.img
       256       256       256         1
  1.000000  1.000000  1.000000
orientation T byte_order littleendian
Reading mask: /opt/freesurfer/average/711-2B_as_mni_average_305_mask.4dfp.img (2306576 pixels)
talsrcimg_g11.4dfp.img
       256       256       256         1
  1.000000  1.000000  1.000000
orientation T byte_order littleendian
Reading image: talsrcimg_g11.4dfp.img
dimensions:      256       256       256
mmppix:       1.0000   -1.0000   -1.0000
center:     128.0000 -129.0000 -129.0000
fimgreg.f
image alignment mode   2311 decimal      907 hex
parameters
   -0.6648    7.8835   14.7044   -4.1307  -10.4925   -3.8896
   -0.2771  -10.7136    1.9349   -9.6889    7.8806    6.3165
eta,q 0.97631  8.85898
niter,ni,del,rscale     5    3    5.0000    0.8000
parameters
   -0.7018    7.9778   14.7524   -4.7383  -10.4475   -4.5921
   -0.3192  -10.4960    1.9563   -9.1742    8.0187    6.8193
eta,q 0.97604  8.82678
  0.0255  0.0253  0.0249  0.0253  0.0256  0.0251  0.0253  0.0270  0.0250  0.0258  0.0249  0.0250
  0.0245  0.0245  0.0242  0.0246  0.0247  0.0248  0.0246  0.0253  0.0244  0.0249  0.0244  0.0245
  0.0239  0.0239  0.0238  0.0240  0.0241  0.0243  0.0242  0.0243  0.0241  0.0243  0.0241  0.0241
  0.0237  0.0237  0.0237  0.0237  0.0238  0.0238  0.0240  0.0240  0.0240  0.0240  0.0240  0.0240
  0.0239  0.0238  0.0238  0.0239  0.0239  0.0238  0.0241  0.0243  0.0241  0.0241  0.0240  0.0240
  0.0246  0.0242  0.0242  0.0250  0.0245  0.0249  0.0246  0.0251  0.0244  0.0244  0.0243  0.0242
  0.0257  0.0250  0.0247  0.0269  0.0257  0.0273  0.0254  0.0264  0.0250  0.0252  0.0249  0.0246
niter,ni,del,rscale     4    3    5.0000    0.7000
parameters
   -0.6403    7.8913   14.6181   -4.6395  -10.5081   -4.8052
   -0.3269  -10.4503    1.9153   -9.2682    8.1061    6.9651
eta,q 0.97602  8.81863
  0.0253  0.0249  0.0245  0.0253  0.0253  0.0249  0.0250  0.0262  0.0247  0.0251  0.0247  0.0247
  0.0246  0.0243  0.0242  0.0248  0.0246  0.0246  0.0245  0.0249  0.0243  0.0245  0.0243  0.0243
  0.0242  0.0240  0.0240  0.0243  0.0241  0.0243  0.0241  0.0242  0.0241  0.0241  0.0241  0.0241
  0.0240  0.0240  0.0240  0.0239  0.0239  0.0239  0.0240  0.0240  0.0240  0.0240  0.0240  0.0240
  0.0240  0.0241  0.0241  0.0239  0.0241  0.0238  0.0241  0.0243  0.0241  0.0241  0.0240  0.0240
  0.0244  0.0245  0.0244  0.0244  0.0245  0.0243  0.0244  0.0249  0.0243  0.0245  0.0243  0.0242
  0.0252  0.0252  0.0247  0.0255  0.0254  0.0257  0.0250  0.0260  0.0248  0.0252  0.0247  0.0246
niter,ni,del,rscale     3    3    5.0000    0.6000
parameters
   -0.6137    7.8913   14.5845   -4.4238  -10.4639   -4.5713
   -0.3321  -10.5219    1.9210   -9.4275    8.0140    6.6889
eta,q 0.97612  8.83286
  0.0250  0.0248  0.0244  0.0251  0.0250  0.0247  0.0247  0.0255  0.0245  0.0247  0.0244  0.0243
  0.0245  0.0243  0.0242  0.0247  0.0245  0.0245  0.0242  0.0246  0.0242  0.0242  0.0241  0.0241
  0.0241  0.0241  0.0240  0.0243  0.0241  0.0243  0.0240  0.0240  0.0240  0.0239  0.0239  0.0239
  0.0240  0.0240  0.0240  0.0240  0.0239  0.0239  0.0239  0.0239  0.0239  0.0239  0.0239  0.0239
  0.0241  0.0241  0.0241  0.0239  0.0240  0.0238  0.0240  0.0241  0.0239  0.0240  0.0239  0.0240
  0.0244  0.0243  0.0242  0.0243  0.0244  0.0240  0.0242  0.0247  0.0241  0.0243  0.0242  0.0241
  0.0249  0.0248  0.0245  0.0251  0.0250  0.0249  0.0247  0.0256  0.0245  0.0248  0.0245  0.0244
niter,ni,del,rscale     2    3    5.0000    0.5000
parameters
   -0.6163    7.9425   14.5565   -4.2410  -10.3293   -4.1653
   -0.2710  -10.5987    1.9743   -9.5535    7.9001    6.1849
eta,q 0.97626  8.85230
  0.0246  0.0245  0.0242  0.0248  0.0247  0.0246  0.0243  0.0251  0.0242  0.0244  0.0242  0.0240
  0.0242  0.0242  0.0240  0.0244  0.0243  0.0244  0.0240  0.0243  0.0240  0.0240  0.0239  0.0238
  0.0240  0.0240  0.0239  0.0241  0.0240  0.0242  0.0238  0.0239  0.0238  0.0238  0.0238  0.0237
  0.0239  0.0239  0.0239  0.0239  0.0239  0.0239  0.0238  0.0238  0.0238  0.0238  0.0238  0.0238
  0.0240  0.0239  0.0239  0.0239  0.0239  0.0237  0.0238  0.0240  0.0238  0.0239  0.0238  0.0238
  0.0242  0.0241  0.0241  0.0241  0.0241  0.0239  0.0240  0.0244  0.0239  0.0241  0.0240  0.0240
  0.0246  0.0244  0.0243  0.0247  0.0246  0.0245  0.0243  0.0252  0.0242  0.0245  0.0243  0.0242
niter,ni,del,rscale     1    3    5.0000    0.4000
parameters
   -0.6295    8.0084   14.5694   -4.1339  -10.2009   -3.7784
   -0.2439  -10.6481    1.9922   -9.5707    7.8466    5.7838
eta,q 0.97634  8.86809
  0.0242  0.0242  0.0240  0.0244  0.0243  0.0245  0.0240  0.0246  0.0239  0.0241  0.0240  0.0238
  0.0240  0.0239  0.0239  0.0241  0.0240  0.0242  0.0238  0.0241  0.0238  0.0239  0.0238  0.0237
  0.0238  0.0238  0.0238  0.0239  0.0238  0.0240  0.0237  0.0238  0.0237  0.0237  0.0237  0.0237
  0.0237  0.0237  0.0237  0.0237  0.0237  0.0237  0.0237  0.0237  0.0237  0.0237  0.0237  0.0237
  0.0238  0.0238  0.0238  0.0238  0.0238  0.0236  0.0237  0.0238  0.0237  0.0237  0.0237  0.0237
  0.0240  0.0239  0.0239  0.0239  0.0239  0.0238  0.0238  0.0241  0.0238  0.0239  0.0238  0.0238
  0.0243  0.0240  0.0240  0.0244  0.0242  0.0242  0.0240  0.0247  0.0239  0.0241  0.0240  0.0240
registration optimization eta report
parameter search radius
    0.8000    0.8000    0.8000    2.4000    2.4000    2.4000
    2.4000    2.4000    2.4000    2.4000    2.4000    2.4000
100000*second partial in parameter space
       76.       57.       43.       11.        9.       11.
        7.       17.        5.        8.        6.        4.
  0.0242  0.0242  0.0240  0.0244  0.0243  0.0245  0.0240  0.0246  0.0239  0.0241  0.0240  0.0238
  0.0240  0.0239  0.0239  0.0241  0.0240  0.0242  0.0238  0.0241  0.0238  0.0239  0.0238  0.0237
  0.0238  0.0238  0.0238  0.0239  0.0238  0.0240  0.0237  0.0238  0.0237  0.0237  0.0237  0.0237
  0.0237  0.0237  0.0237  0.0237  0.0237  0.0237  0.0237  0.0237  0.0237  0.0237  0.0237  0.0237
  0.0238  0.0238  0.0238  0.0238  0.0238  0.0236  0.0237  0.0238  0.0237  0.0237  0.0237  0.0237
  0.0240  0.0239  0.0239  0.0239  0.0239  0.0238  0.0238  0.0241  0.0238  0.0239  0.0238  0.0238
  0.0243  0.0240  0.0240  0.0244  0.0242  0.0242  0.0240  0.0247  0.0239  0.0241  0.0240  0.0240
   -0.6295    8.0084   14.5694   -4.1339  -10.2009   -3.7784
   -0.2439  -10.6481    1.9922   -9.5707    7.8466    5.7838
eta,q 0.97634  8.86809

---------------------------------------------------------------------
compute_vox2vox talsrcimg talsrcimg_to_711-2C_as_mni_average_305_t4 /opt/freesurfer/average/711-2C_as_mni_average_305
---------------------------------------------------------------------

freesurfer compute_vox2vox.c
Reading: talsrcimg.4dfp.ifh
Reading: talsrcimg_to_711-2C_as_mni_average_305_t4
Reading: /opt/freesurfer/average/711-2C_as_mni_average_305.4dfp.ifh
Writing: talsrcimg_to_711-2C_as_mni_average_305_t4_vox2vox.txt

start time Fri Mar 13 03:52:08 CET 2026
end		time Fri Mar 13 03:53:36 CET 2026

mpr2mni305 success

avi2talxfm orig_nu.mgz /opt/freesurfer/average/mni305.cor.mgz talsrcimg_to_711-2C_as_mni_average_305_t4_vox2vox.txt transforms/talairach.auto.xfm
avi2talxfm done
mv -f /out/sourcedata/freesurfer/sub-v2s4x29590_ses-1/mri/talsrcimg_to_711-2C_as_mni_average_305_t4_vox2vox.txt /out/sourcedata/freesurfer/sub-v2s4x29590_ses-1/mri/transforms/talsrcimg_to_711-2C_as_mni_average_305_t4_vox2vox.txt
lta_convert --src orig_nu.mgz --trg /opt/freesurfer/average/mni305.cor.mgz --inxfm transforms/talairach.auto.xfm --outlta transforms/talairach.auto.xfm.lta --subject fsaverage
7.3.2

--src: orig_nu.mgz src image (geometry).
--trg: /opt/freesurfer/average/mni305.cor.mgz trg image (geometry).
--inmni: transforms/talairach.auto.xfm input MNI/XFM transform.
--outlta: transforms/talairach.auto.xfm.lta output LTA.
--s: fsaverage subject name
 LTA read, type : 1
 1.03389   0.11396  -0.00453   3.59789;
-0.08240   1.02357  -0.06615  -14.54636;
-0.03172   0.10656   1.10665  -37.57500;
 0.00000   0.00000   0.00000   1.00000;
setting subject to fsaverage
Writing  LTA to file transforms/talairach.auto.xfm.lta...
lta_convert successful.
 
 
Started at Fri Mar 13 03:52:08 CET 2026
Ended   at Fri Mar 13 03:53:37 CET 2026
talairach_avi done
