/out/sourcedata/freesurfer/sub-v2s4x29596_ses-1/mri
/opt/freesurfer/bin/talairach_avi
--i orig_nu.mgz --xfm transforms/talairach.auto.xfm
talairach_avi 7.3.2
Linux dna063 5.14.0-427.37.1.el9_4.x86_64 #1 SMP PREEMPT_DYNAMIC Fri Sep 13 12:41:50 EDT 2024 x86_64 x86_64 x86_64 GNU/Linux
Fri Mar 13 04:14:58 CET 2026
mri_convert orig_nu.mgz talsrcimg.img 
reading from orig_nu.mgz...
TR=0.00, TE=0.00, TI=0.00, flip angle=0.00
i_ras = (-1, 9.31323e-10, 0)
j_ras = (-7.45058e-09, 0, -1)
k_ras = (2.79397e-09, 1, 1.49012e-08)
writing to talsrcimg.img...
Analyze Output Matrix
-1.00000  -0.00000   0.00000   128.88217;
 0.00000   0.00000   1.00000  -135.87424;
 0.00000  -1.00000   0.00000   159.59872;
 0.00000   0.00000   0.00000   1.00000;
--------------------
INFO: set hdr.hist.orient to -1
mpr2mni305 talsrcimg
Fri Mar 13 04:14:58 CET 2026
/opt/freesurfer/bin/mpr2mni305 talsrcimg
mpr2mni305 7.3.2
target=711-2C_as_mni_average_305

---------------------------------------------------------------------
analyzeto4dfp talsrcimg -O0 -y
---------------------------------------------------------------------

freesurfer ifh2hdr.c
Fri Mar 13 04:14:58 2026
Writing: talsrcimg.4dfp.hdr
freesurfer analyzeto4dfp.c
Reading: talsrcimg.hdr
header size 348 bytes
hdr.dime.datatype	offset=70	value=2
hdr.dime.bitpix		offset=72	value=8
hdr.hist.orient		offset=252	value=-1
dimensionality     4
dimensions       256       256       256         1
Reading: talsrcimg.img
Writing: talsrcimg.4dfp.img
Writing: talsrcimg.4dfp.ifh
ifh2hdr talsrcimg -r0to255
ori=2

---------------------------------------------------------------------
gauss_4dfp talsrcimg 1.1
---------------------------------------------------------------------

freesurfer gauss_4dfp.c
Reading: talsrcimg.4dfp.img
Writing: talsrcimg_g11.4dfp.img
image dimensions 256 256 256 padded to 288 288 288
processing volume 1freesurfer ifh2hdr.c
Fri Mar 13 04:15:00 2026
Writing: talsrcimg_g11.4dfp.hdr

Writing: talsrcimg_g11.4dfp.ifh
including: talsrcimg.4dfp.img.rec in talsrcimg_g11.4dfp.img.rec

---------------------------------------------------------------------
imgreg_4dfp /opt/freesurfer/average/711-2C_as_mni_average_305 none talsrcimg_g11 none talsrcimg_to_711-2C_as_mni_average_305_t4 4355
---------------------------------------------------------------------

freesurfer imgreg_4dfp.c
/opt/freesurfer/average/711-2C_as_mni_average_305.4dfp.img
       256       256       256         1
  1.000000  1.000000  1.000000
orientation T byte_order littleendian
Reading image: /opt/freesurfer/average/711-2C_as_mni_average_305.4dfp.img
dimensions:      256       256       256
mmppix:       1.0000   -1.0000   -1.0000
center:     128.0000 -129.0000 -129.0000
talsrcimg_g11.4dfp.img
       256       256       256         1
  1.000000  1.000000  1.000000
orientation T byte_order littleendian
Reading image: talsrcimg_g11.4dfp.img
dimensions:      256       256       256
mmppix:       1.0000   -1.0000   -1.0000
center:     128.0000 -129.0000 -129.0000
t4_read: open error in t4_sub.f l:  41 t4_file(1:l)talsrcimg_to_711-2C_as_mni_average_305_t4 
t4_read: transform initialized to I4
rotation matrix determinant  1.000000
image alignment mode   4355 decimal     1103 hex
   -7.5000  -45.0000  -45.0000 6239.6753   16.5527
    0.0000  -45.0000  -45.0000 6506.9473   16.5959
    7.5000  -45.0000  -45.0000 6223.8164   16.5578
   -7.5000  -37.5000  -45.0000 6802.2349   16.4476
    0.0000  -37.5000  -45.0000 7082.5244   16.4945
    7.5000  -37.5000  -45.0000 6779.5410   16.4642
   -7.5000  -30.0000  -45.0000 7626.1973   16.4038
    0.0000  -30.0000  -45.0000 7944.7295   16.4569
    7.5000  -30.0000  -45.0000 7596.4561   16.4304
   -7.5000  -22.5000  -45.0000 8478.7812   16.4087
    0.0000  -22.5000  -45.0000 8823.7002   16.4634
    7.5000  -22.5000  -45.0000 8434.5869   16.4322
   -7.5000  -15.0000  -45.0000 9208.9902   16.4543
    0.0000  -15.0000  -45.0000 9574.7285   16.5051
    7.5000  -15.0000  -45.0000 9157.4111   16.4668
   -7.5000   -7.5000  -45.0000 9843.2900   16.4970
    0.0000   -7.5000  -45.000010252.7900   16.5423
    7.5000   -7.5000  -45.0000 9778.6738   16.5012
   -7.5000    0.0000  -45.000010446.3701   16.4946
    0.0000    0.0000  -45.000010849.3105   16.5375
    7.5000    0.0000  -45.000010369.6348   16.4998
   -7.5000    7.5000  -45.000010281.1074   16.4471
    0.0000    7.5000  -45.000010673.5215   16.4939
    7.5000    7.5000  -45.000010193.2891   16.4636
   -7.5000   15.0000  -45.000010027.6973   16.4038
    0.0000   15.0000  -45.000010416.1699   16.4569
    7.5000   15.0000  -45.0000 9918.9551   16.4304
   -7.5000   22.5000  -45.0000 9756.5977   16.4064
    0.0000   22.5000  -45.000010125.9004   16.4611
    7.5000   22.5000  -45.0000 9650.1924   16.4300
   -7.5000   30.0000  -45.0000 9396.3545   16.2350
    0.0000   30.0000  -45.0000 9732.3037   16.2851
    7.5000   30.0000  -45.0000 9295.8926   16.2474
   -7.5000   37.5000  -45.0000 9061.7588   16.2771
    0.0000   37.5000  -45.0000 9349.5664   16.3218
    7.5000   37.5000  -45.0000 8954.0605   16.2813
   -7.5000   45.0000  -45.0000 8263.6816   15.8615
    0.0000   45.0000  -45.0000 8508.4414   15.9028
    7.5000   45.0000  -45.0000 8155.7749   15.8665
   -7.5000  -45.0000  -37.5000 6760.5298   16.4896
    0.0000  -45.0000  -37.5000 7035.2051   16.5261
    7.5000  -45.0000  -37.5000 6738.2632   16.4941
   -7.5000  -37.5000  -37.5000 7357.9722   16.3907
    0.0000  -37.5000  -37.5000 7672.1802   16.4343
    7.5000  -37.5000  -37.5000 7330.4893   16.4082
   -7.5000  -30.0000  -37.5000 8258.7930   16.3453
    0.0000  -30.0000  -37.5000 8605.0225   16.3986
    7.5000  -30.0000  -37.5000 8214.9248   16.3775
   -7.5000  -22.5000  -37.5000 9173.0713   16.3437
    0.0000  -22.5000  -37.5000 9551.5322   16.3984
    7.5000  -22.5000  -37.5000 9123.9580   16.3765
   -7.5000  -15.0000  -37.5000 9948.9844   16.3847
    0.0000  -15.0000  -37.500010363.7344   16.4314
    7.5000  -15.0000  -37.5000 9901.1855   16.4038
   -7.5000   -7.5000  -37.500010624.2920   16.4282
    0.0000   -7.5000  -37.500011069.6875   16.4660
    7.5000   -7.5000  -37.500010574.0879   16.4336
   -7.5000    0.0000  -37.500011258.7402   16.4320
    0.0000    0.0000  -37.500011695.4629   16.4683
    7.5000    0.0000  -37.500011163.0469   16.4365
   -7.5000    7.5000  -37.500011028.6973   16.3901
    0.0000    7.5000  -37.500011459.4404   16.4337
    7.5000    7.5000  -37.500010940.4697   16.4076
   -7.5000   15.0000  -37.500010740.0498   16.3453
    0.0000   15.0000  -37.500011134.2207   16.3986
    7.5000   15.0000  -37.500010624.2949   16.3775
   -7.5000   22.5000  -37.500010442.4492   16.3415
    0.0000   22.5000  -37.500010820.8477   16.3961
    7.5000   22.5000  -37.500010328.3623   16.3743
   -7.5000   30.0000  -37.5000 9993.5527   16.1664
    0.0000   30.0000  -37.500010344.2891   16.2124
    7.5000   30.0000  -37.5000 9880.7100   16.1852
   -7.5000   37.5000  -37.5000 9642.7031   16.2093
    0.0000   37.5000  -37.5000 9941.7969   16.2466
    7.5000   37.5000  -37.5000 9515.7793   16.2146
   -7.5000   45.0000  -37.5000 8788.7012   15.8014
    0.0000   45.0000  -37.5000 9048.4717   15.8362
    7.5000   45.0000  -37.5000 8663.5850   15.8057
   -7.5000  -45.0000  -30.0000 7394.1338   17.1788
    0.0000  -45.0000  -30.0000 7702.7095   17.2032
    7.5000  -45.0000  -30.0000 7373.0049   17.1753
   -7.5000  -37.5000  -30.0000 8046.0278   17.0862
    0.0000  -37.5000  -30.0000 8382.3086   17.1144
    7.5000  -37.5000  -30.0000 8024.7148   17.0879
   -7.5000  -30.0000  -30.0000 9033.9512   17.0358
    0.0000  -30.0000  -30.0000 9406.6113   17.0709
    7.5000  -30.0000  -30.0000 8991.6182   17.0497
   -7.5000  -22.5000  -30.000010003.9023   17.0217
    0.0000  -22.5000  -30.000010404.6904   17.0582
    7.5000  -22.5000  -30.0000 9961.3164   17.0410
   -7.5000  -15.0000  -30.000010861.4414   17.0538
    0.0000  -15.0000  -30.000011271.0215   17.0844
    7.5000  -15.0000  -30.000010790.4395   17.0654
   -7.5000   -7.5000  -30.000011596.4336   17.1012
    0.0000   -7.5000  -30.000012061.0176   17.1264
    7.5000   -7.5000  -30.000011528.2139   17.1022
   -7.5000    0.0000  -30.000012257.8164   17.1189
    0.0000    0.0000  -30.000012744.9199   17.1431
    7.5000    0.0000  -30.000012147.7354   17.1154
   -7.5000    7.5000  -30.000011981.8574   17.0856
    0.0000    7.5000  -30.000012465.6670   17.1138
    7.5000    7.5000  -30.000011863.9023   17.0873
   -7.5000   15.0000  -30.000011621.5908   17.0358
    0.0000   15.0000  -30.000012060.9668   17.0709
    7.5000   15.0000  -30.000011507.6865   17.0497
   -7.5000   22.5000  -30.000011283.0566   17.0176
    0.0000   22.5000  -30.000011683.1445   17.0541
    7.5000   22.5000  -30.000011158.6270   17.0369
   -7.5000   30.0000  -30.000010785.7285   16.8281
    0.0000   30.0000  -30.000011144.9590   16.8583
    7.5000   30.0000  -30.000010639.9902   16.8396
   -7.5000   37.5000  -30.000010392.2500   16.8749
    0.0000   37.5000  -30.000010731.8721   16.8998
    7.5000   37.5000  -30.000010219.9512   16.8759
   -7.5000   45.0000  -30.0000 9459.8975   16.4739
    0.0000   45.0000  -30.0000 9754.8828   16.4972
    7.5000   45.0000  -30.0000 9299.1514   16.4706
   -7.5000  -45.0000  -22.5000 8069.0562   17.7820
    0.0000  -45.0000  -22.5000 8407.3643   17.8000
    7.5000  -45.0000  -22.5000 8055.6729   17.7702
   -7.5000  -37.5000  -22.5000 8735.1123   17.6900
    0.0000  -37.5000  -22.5000 9103.3262   17.7041
    7.5000  -37.5000  -22.5000 8729.5566   17.6729
   -7.5000  -30.0000  -22.5000 9781.0156   17.6343
    0.0000  -30.0000  -22.500010173.0918   17.6489
    7.5000  -30.0000  -22.5000 9763.7725   17.6216
   -7.5000  -22.5000  -22.500010827.7402   17.6123
    0.0000  -22.5000  -22.500011253.8760   17.6289
    7.5000  -22.5000  -22.500010794.6289   17.6065
   -7.5000  -15.0000  -22.500011766.2812   17.6401
    0.0000  -15.0000  -22.500012214.3477   17.6577
    7.5000  -15.0000  -22.500011700.0205   17.6366
   -7.5000   -7.5000  -22.500012550.4238   17.6926
    0.0000   -7.5000  -22.500013054.7539   17.7121
    7.5000   -7.5000  -22.500012470.9902   17.6877
   -7.5000    0.0000  -22.500013260.0352   17.7200
    0.0000    0.0000  -22.500013821.1318   17.7379
    7.5000    0.0000  -22.500013161.6094   17.7082
   -7.5000    7.5000  -22.500012935.2109   17.6894
    0.0000    7.5000  -22.500013493.4121   17.7035
    7.5000    7.5000  -22.500012833.9873   17.6722
   -7.5000   15.0000  -22.500012539.5596   17.6343
    0.0000   15.0000  -22.500013038.8838   17.6489
    7.5000   15.0000  -22.500012442.0938   17.6216
   -7.5000   22.5000  -22.500012136.2998   17.6069
    0.0000   22.5000  -22.500012636.1572   17.6235
    7.5000   22.5000  -22.500012043.9932   17.6011
   -7.5000   30.0000  -22.500011575.6201   17.4093
    0.0000   30.0000  -22.500012005.2402   17.4268
    7.5000   30.0000  -22.500011412.7217   17.4059
   -7.5000   37.5000  -22.500011137.9424   17.4612
    0.0000   37.5000  -22.500011533.0576   17.4804
    7.5000   37.5000  -22.500010950.3262   17.4563
   -7.5000   45.0000  -22.500010122.0684   17.0653
    0.0000   45.0000  -22.500010473.8379   17.0825
    7.5000   45.0000  -22.5000 9963.6338   17.0539
   -7.5000  -45.0000  -15.0000 8738.9023   18.2254
    0.0000  -45.0000  -15.0000 9100.8096   18.2498
    7.5000  -45.0000  -15.0000 8720.6670   18.2134
   -7.5000  -37.5000  -15.0000 9460.6924   18.1260
    0.0000  -37.5000  -15.0000 9846.2676   18.1418
    7.5000  -37.5000  -15.0000 9451.3955   18.1056
   -7.5000  -30.0000  -15.000010575.8848   18.0701
    0.0000  -30.0000  -15.000010997.2744   18.0819
    7.5000  -30.0000  -15.000010541.7861   18.0485
   -7.5000  -22.5000  -15.000011704.2725   18.0533
    0.0000  -22.5000  -15.000012146.5205   18.0672
    7.5000  -22.5000  -15.000011654.9033   18.0352
   -7.5000  -15.0000  -15.000012692.0723   18.0857
    0.0000  -15.0000  -15.000013173.1416   18.1061
    7.5000  -15.0000  -15.000012625.9590   18.0742
   -7.5000   -7.5000  -15.000013532.1230   18.1389
    0.0000   -7.5000  -15.000014041.1123   18.1655
    7.5000   -7.5000  -15.000013431.0635   18.1324
   -7.5000    0.0000  -15.000014253.9004   18.1617
    0.0000    0.0000  -15.000014829.7061   18.1860
    7.5000    0.0000  -15.000014143.3057   18.1499
   -7.5000    7.5000  -15.000013868.1230   18.1254
    0.0000    7.5000  -15.000014446.9082   18.1411
    7.5000    7.5000  -15.000013788.5508   18.1049
   -7.5000   15.0000  -15.000013417.7529   18.0701
    0.0000   15.0000  -15.000014007.4961   18.0819
    7.5000   15.0000  -15.000013366.8535   18.0485
   -7.5000   22.5000  -15.000012992.9961   18.0469
    0.0000   22.5000  -15.000013552.2139   18.0608
    7.5000   22.5000  -15.000012938.9707   18.0288
   -7.5000   30.0000  -15.000012350.2793   17.8517
    0.0000   30.0000  -15.000012814.3330   17.8717
    7.5000   30.0000  -15.000012181.5117   17.8403
   -7.5000   37.5000  -15.000011865.2070   17.9041
    0.0000   37.5000  -15.000012336.2207   17.9304
    7.5000   37.5000  -15.000011693.6348   17.8977
   -7.5000   45.0000  -15.000010797.0479   17.5012
    0.0000   45.0000  -15.000011233.7559   17.5246
    7.5000   45.0000  -15.000010653.6211   17.4898
   -7.5000  -45.0000   -7.5000 9489.1523   18.4429
    0.0000  -45.0000   -7.5000 9847.2490   18.4818
    7.5000  -45.0000   -7.5000 9432.5479   18.4392
   -7.5000  -37.5000   -7.500010261.5039   18.3323
    0.0000  -37.5000   -7.500010649.0352   18.3667
    7.5000  -37.5000   -7.500010221.9980   18.3294
   -7.5000  -30.0000   -7.500011460.2891   18.2815
    0.0000  -30.0000   -7.500011892.1162   18.3152
    7.5000  -30.0000   -7.500011397.2529   18.2807
   -7.5000  -22.5000   -7.500012655.4932   18.2793
    0.0000  -22.5000   -7.500013117.6367   18.3149
    7.5000  -22.5000   -7.500012578.2803   18.2767
   -7.5000  -15.0000   -7.500013699.7441   18.3227
    0.0000  -15.0000   -7.500014186.7979   18.3617
    7.5000  -15.0000   -7.500013584.7959   18.3191
   -7.5000   -7.5000   -7.500014546.0869   18.3716
    0.0000   -7.5000   -7.500015049.4482   18.4131
    7.5000   -7.5000   -7.500014421.3975   18.3692
   -7.5000    0.0000   -7.500015233.9551   18.3784
    0.0000    0.0000   -7.500015791.4062   18.4171
    7.5000    0.0000   -7.500015132.0723   18.3749
   -7.5000    7.5000   -7.500014743.8398   18.3317
    0.0000    7.5000   -7.500015342.9180   18.3660
    7.5000    7.5000   -7.500014739.3311   18.3287
   -7.5000   15.0000   -7.500014302.8174   18.2815
    0.0000   15.0000   -7.500014904.1406   18.3152
    7.5000   15.0000   -7.500014284.1494   18.2807
   -7.5000   22.5000   -7.500013861.2744   18.2708
    0.0000   22.5000   -7.500014430.9443   18.3064
    7.5000   22.5000   -7.500013803.9844   18.2683
   -7.5000   30.0000   -7.500013116.0205   18.0851
    0.0000   30.0000   -7.500013606.3604   18.1236
    7.5000   30.0000   -7.500012969.5869   18.0815
   -7.5000   37.5000   -7.500012591.3193   18.1333
    0.0000   37.5000   -7.500013073.7568   18.1743
    7.5000   37.5000   -7.500012407.9688   18.1310
   -7.5000   45.0000   -7.500011461.4658   17.7133
    0.0000   45.0000   -7.500011917.6924   17.7506
    7.5000   45.0000   -7.500011298.6465   17.7099
   -7.5000  -45.0000    0.000010152.2822   18.4686
    0.0000  -45.0000    0.000010556.5605   18.5162
    7.5000  -45.0000    0.000010090.2432   18.4735
   -7.5000  -37.5000    0.000010966.2061   18.3517
    0.0000  -37.5000    0.000011417.0977   18.4035
    7.5000  -37.5000    0.000010929.4492   18.3694
   -7.5000  -30.0000    0.000012254.0820   18.3030
    0.0000  -30.0000    0.000012717.1582   18.3618
    7.5000  -30.0000    0.000012151.2441   18.3320
   -7.5000  -22.5000    0.000013484.8135   18.3084
    0.0000  -22.5000    0.000013965.0850   18.3690
    7.5000  -22.5000    0.000013353.8320   18.3342
   -7.5000  -15.0000    0.000014591.0215   18.3591
    0.0000  -15.0000    0.000015060.8828   18.4154
    7.5000  -15.0000    0.000014427.1914   18.3726
   -7.5000   -7.5000    0.000015436.3945   18.4066
    0.0000   -7.5000    0.000015915.4893   18.4567
    7.5000   -7.5000    0.000015259.7305   18.4106
   -7.5000    0.0000    0.000016058.6172   18.4040
    0.0000    0.0000    0.000016574.5781   18.4513
    7.5000    0.0000    0.000015999.2881   18.4089
   -7.5000    7.5000    0.000015536.3506   18.3510
    0.0000    7.5000    0.000016089.7383   18.4028
    7.5000    7.5000    0.000015567.0742   18.3688
   -7.5000   15.0000    0.000015109.2178   18.3030
    0.0000   15.0000    0.000015659.1543   18.3618
    7.5000   15.0000    0.000015075.3135   18.3320
   -7.5000   22.5000    0.000014601.1855   18.3000
    0.0000   22.5000    0.000015130.1846   18.3605
    7.5000   22.5000    0.000014525.7734   18.3258
   -7.5000   30.0000    0.000013740.1172   18.1215
    0.0000   30.0000    0.000014188.4189   18.1770
    7.5000   30.0000    0.000013592.8174   18.1348
   -7.5000   37.5000    0.000013145.1006   18.1684
    0.0000   37.5000    0.000013599.0957   18.2178
    7.5000   37.5000    0.000012975.8643   18.1723
   -7.5000   45.0000    0.000011996.4648   17.7393
    0.0000   45.0000    0.000012433.5498   17.7849
    7.5000   45.0000    0.000011855.6885   17.7441
   -7.5000  -45.0000    7.5000 9960.2422   18.4520
    0.0000  -45.0000    7.500010375.9385   18.4929
    7.5000  -45.0000    7.5000 9926.2314   18.4570
   -7.5000  -37.5000    7.500010776.6748   18.3413
    0.0000  -37.5000    7.500011207.0869   18.3901
    7.5000  -37.5000    7.500010725.4062   18.3609
   -7.5000  -30.0000    7.500011999.3311   18.2905
    0.0000  -30.0000    7.500012460.3193   18.3502
    7.5000  -30.0000    7.500011886.8691   18.3265
   -7.5000  -22.5000    7.500013201.4658   18.2888
    0.0000  -22.5000    7.500013639.9561   18.3499
    7.5000  -22.5000    7.500013044.2031   18.3255
   -7.5000  -15.0000    7.500014288.7734   18.3346
    0.0000  -15.0000    7.500014745.5752   18.3868
    7.5000  -15.0000    7.500014089.1797   18.3560
   -7.5000   -7.5000    7.500015099.7646   18.3833
    0.0000   -7.5000    7.500015517.6084   18.4256
    7.5000   -7.5000    7.500014934.6074   18.3893
   -7.5000    0.0000    7.500015540.8740   18.3876
    0.0000    0.0000    7.500015998.0244   18.4281
    7.5000    0.0000    7.500015553.6494   18.3926
   -7.5000    7.5000    7.500015112.4199   18.3406
    0.0000    7.5000    7.500015612.0645   18.3895
    7.5000    7.5000    7.500015124.6523   18.3602
   -7.5000   15.0000    7.500014734.7373   18.2905
    0.0000   15.0000    7.500015213.3955   18.3502
    7.5000   15.0000    7.500014676.3457   18.3265
   -7.5000   22.5000    7.500014210.5410   18.2803
    0.0000   22.5000    7.500014643.7227   18.3414
    7.5000   22.5000    7.500014130.2285   18.3170
   -7.5000   30.0000    7.500013301.3574   18.0973
    0.0000   30.0000    7.500013656.7559   18.1488
    7.5000   30.0000    7.500013203.8408   18.1185
   -7.5000   37.5000    7.500012731.0166   18.1454
    0.0000   37.5000    7.500013071.0645   18.1872
    7.5000   37.5000    7.500012590.8926   18.1513
   -7.5000   45.0000    7.500011627.9316   17.7235
    0.0000   45.0000    7.500011993.4385   17.7626
    7.5000   45.0000    7.500011518.0117   17.7283
   -7.5000  -45.0000   15.0000 9693.3955   18.4472
    0.0000  -45.0000   15.000010112.5703   18.4734
    7.5000  -45.0000   15.0000 9667.4648   18.4435
   -7.5000  -37.5000   15.000010478.5527   18.3478
    0.0000  -37.5000   15.000010921.9414   18.3780
    7.5000  -37.5000   15.000010422.8340   18.3496
   -7.5000  -30.0000   15.000011618.4170   18.2937
    0.0000  -30.0000   15.000012085.3730   18.3313
    7.5000  -30.0000   15.000011522.7910   18.3086
   -7.5000  -22.5000   15.000012733.2930   18.2785
    0.0000  -22.5000   15.000013189.4131   18.3177
    7.5000  -22.5000   15.000012585.4023   18.2992
   -7.5000  -15.0000   15.000013739.9512   18.3130
    0.0000  -15.0000   15.000014185.8721   18.3458
    7.5000  -15.0000   15.000013556.6025   18.3255
   -7.5000   -7.5000   15.000014503.7773   18.3639
    0.0000   -7.5000   15.000014865.3223   18.3909
    7.5000   -7.5000   15.000014415.1816   18.3649
   -7.5000    0.0000   15.000014933.7090   18.3829
    0.0000    0.0000   15.000015319.3252   18.4089
    7.5000    0.0000   15.000014988.2500   18.3792
   -7.5000    7.5000   15.000014514.0967   18.3471
    0.0000    7.5000   15.000014923.3994   18.3774
    7.5000    7.5000   15.000014519.4307   18.3490
   -7.5000   15.0000   15.000014146.2207   18.2937
    0.0000   15.0000   15.000014551.5645   18.3313
    7.5000   15.0000   15.000014106.4707   18.3086
   -7.5000   22.5000   15.000013664.4951   18.2701
    0.0000   22.5000   15.000014022.1826   18.3093
    7.5000   22.5000   15.000013616.6914   18.2908
   -7.5000   30.0000   15.000012808.8857   18.0760
    0.0000   30.0000   15.000013089.3750   18.1084
    7.5000   30.0000   15.000012712.2422   18.0883
   -7.5000   37.5000   15.000012237.5098   18.1262
    0.0000   37.5000   15.000012517.2412   18.1529
    7.5000   37.5000   15.000012111.4775   18.1273
   -7.5000   45.0000   15.000011239.3115   17.7190
    0.0000   45.0000   15.000011518.5596   17.7440
    7.5000   45.0000   15.000011103.7139   17.7154
   -7.5000  -45.0000   22.5000 9258.3203   18.4592
    0.0000  -45.0000   22.5000 9671.0186   18.4778
    7.5000  -45.0000   22.5000 9253.6631   18.4469
   -7.5000  -37.5000   22.500010028.2979   18.3636
    0.0000  -37.5000   22.500010496.4746   18.3783
    7.5000  -37.5000   22.5000 9997.7715   18.3458
   -7.5000  -30.0000   22.500011131.2949   18.3058
    0.0000  -30.0000   22.500011619.6396   18.3209
    7.5000  -30.0000   22.500011070.1123   18.2927
   -7.5000  -22.5000   22.500012169.6230   18.2830
    0.0000  -22.5000   22.500012646.8848   18.3002
    7.5000  -22.5000   22.500012073.6084   18.2770
   -7.5000  -15.0000   22.500013075.6562   18.3118
    0.0000  -15.0000   22.500013543.6943   18.3301
    7.5000  -15.0000   22.500012967.4258   18.3082
   -7.5000   -7.5000   22.500013858.1826   18.3664
    0.0000   -7.5000   22.500014214.9873   18.3865
    7.5000   -7.5000   22.500013744.2793   18.3612
   -7.5000    0.0000   22.500014480.2051   18.3948
    0.0000    0.0000   22.500014815.1055   18.4134
    7.5000    0.0000   22.500014434.6729   18.3826
   -7.5000    7.5000   22.500014102.8008   18.3630
    0.0000    7.5000   22.500014390.7998   18.3776
    7.5000    7.5000   22.500014046.1172   18.3452
   -7.5000   15.0000   22.500013706.1289   18.3058
    0.0000   15.0000   22.500013988.2256   18.3209
    7.5000   15.0000   22.500013634.8105   18.2927
   -7.5000   22.5000   22.500013206.2930   18.2746
    0.0000   22.5000   22.500013528.3154   18.2918
    7.5000   22.5000   22.500013115.5098   18.2685
   -7.5000   30.0000   22.500012300.0312   18.0748
    0.0000   30.0000   22.500012600.6943   18.0929
    7.5000   30.0000   22.500012168.4688   18.0713
   -7.5000   37.5000   22.500011689.5459   18.1287
    0.0000   37.5000   22.500012000.8848   18.1486
    7.5000   37.5000   22.500011554.0518   18.1236
   -7.5000   45.0000   22.500010685.3770   17.7305
    0.0000   45.0000   22.500011005.0283   17.7484
    7.5000   45.0000   22.500010587.2012   17.7187
   -7.5000  -45.0000   30.0000 8773.6611   18.4755
    0.0000  -45.0000   30.0000 9157.1680   18.5002
    7.5000  -45.0000   30.0000 8769.1445   18.4634
   -7.5000  -37.5000   30.0000 9500.6777   18.3748
    0.0000  -37.5000   30.0000 9919.5596   18.3908
    7.5000  -37.5000   30.0000 9490.5176   18.3541
   -7.5000  -30.0000   30.000010523.9053   18.3181
    0.0000  -30.0000   30.000010982.4990   18.3301
    7.5000  -30.0000   30.000010490.0391   18.2962
   -7.5000  -22.5000   30.000011481.4268   18.3011
    0.0000  -22.5000   30.000011952.2773   18.3152
    7.5000  -22.5000   30.000011416.5098   18.2827
   -7.5000  -15.0000   30.000012346.9453   18.3339
    0.0000  -15.0000   30.000012819.7061   18.3545
    7.5000  -15.0000   30.000012260.8760   18.3222
   -7.5000   -7.5000   30.000013101.6582   18.3878
    0.0000   -7.5000   30.000013539.2227   18.4148
    7.5000   -7.5000   30.000012997.3701   18.3812
   -7.5000    0.0000   30.000013799.5508   18.4110
    0.0000    0.0000   30.000014239.0342   18.4356
    7.5000    0.0000   30.000013676.2266   18.3990
   -7.5000    7.5000   30.000013514.7109   18.3741
    0.0000    7.5000   30.000013919.4355   18.3901
    7.5000    7.5000   30.000013386.6191   18.3534
   -7.5000   15.0000   30.000013127.8760   18.3181
    0.0000   15.0000   30.000013508.6738   18.3301
    7.5000   15.0000   30.000012982.8135   18.2962
   -7.5000   22.5000   30.000012580.4551   18.2926
    0.0000   22.5000   30.000012956.3887   18.3067
    7.5000   22.5000   30.000012460.3818   18.2742
   -7.5000   30.0000   30.000011641.1846   18.0967
    0.0000   30.0000   30.000011990.2676   18.1170
    7.5000   30.0000   30.000011541.1104   18.0851
   -7.5000   37.5000   30.000011038.4922   18.1498
    0.0000   37.5000   30.000011378.1699   18.1765
    7.5000   37.5000   30.000010938.9297   18.1434
   -7.5000   45.0000   30.000010057.9102   17.7461
    0.0000   45.0000   30.000010381.6924   17.7698
    7.5000   45.0000   30.0000 9973.9307   17.7345
   -7.5000  -45.0000   37.5000 8553.9707   18.4804
    0.0000  -45.0000   37.5000 8917.2578   18.5194
    7.5000  -45.0000   37.5000 8543.9131   18.4768
   -7.5000  -37.5000   37.5000 9228.5625   18.3697
    0.0000  -37.5000   37.5000 9653.3779   18.4041
    7.5000  -37.5000   37.5000 9216.4316   18.3667
   -7.5000  -30.0000   37.500010230.8105   18.3187
    0.0000  -30.0000   37.500010688.9121   18.3525
    7.5000  -30.0000   37.500010197.6309   18.3180
   -7.5000  -22.5000   37.500011172.6221   18.3165
    0.0000  -22.5000   37.500011664.1699   18.3522
    7.5000  -22.5000   37.500011114.1006   18.3139
   -7.5000  -15.0000   37.500012042.1914   18.3600
    0.0000  -15.0000   37.500012552.3037   18.3991
    7.5000  -15.0000   37.500011957.0830   18.3564
   -7.5000   -7.5000   37.500012797.3047   18.4090
    0.0000   -7.5000   37.500013276.8291   18.4505
    7.5000   -7.5000   37.500012691.5020   18.4066
   -7.5000    0.0000   37.500013455.5156   18.4158
    0.0000    0.0000   37.500013927.8057   18.4546
    7.5000    0.0000   37.500013327.2520   18.4123
   -7.5000    7.5000   37.500013149.7334   18.3690
    0.0000    7.5000   37.500013600.6748   18.4035
    7.5000    7.5000   37.500013015.6836   18.3661
   -7.5000   15.0000   37.500012772.7520   18.3187
    0.0000   15.0000   37.500013204.2373   18.3525
    7.5000   15.0000   37.500012630.1123   18.3180
   -7.5000   22.5000   37.500012251.7061   18.3081
    0.0000   22.5000   37.500012664.0195   18.3437
    7.5000   22.5000   37.500012137.8701   18.3055
   -7.5000   30.0000   37.500011310.8545   18.1224
    0.0000   30.0000   37.500011700.0312   18.1610
    7.5000   30.0000   37.500011236.9033   18.1188
   -7.5000   37.5000   37.500010705.9648   18.1707
    0.0000   37.5000   37.500011060.4160   18.2118
    7.5000   37.5000   37.500010634.0684   18.1684
   -7.5000   45.0000   37.5000 9746.5986   17.7507
    0.0000   45.0000   37.500010074.5547   17.7881
    7.5000   45.0000   37.5000 9685.7773   17.7473
   -7.5000  -45.0000   45.0000 7917.0151   18.4475
    0.0000  -45.0000   45.0000 8273.3262   18.4951
    7.5000  -45.0000   45.0000 7916.6738   18.4525
   -7.5000  -37.5000   45.0000 8551.4814   18.3302
    0.0000  -37.5000   45.0000 8927.4727   18.3819
    7.5000  -37.5000   45.0000 8548.9434   18.3481
   -7.5000  -30.0000   45.0000 9482.0469   18.2814
    0.0000  -30.0000   45.0000 9884.7666   18.3403
    7.5000  -30.0000   45.0000 9451.1338   18.3106
   -7.5000  -22.5000   45.000010364.8906   18.2869
    0.0000  -22.5000   45.000010807.5430   18.3476
    7.5000  -22.5000   45.000010323.6172   18.3128
   -7.5000  -15.0000   45.000011151.7217   18.3378
    0.0000  -15.0000   45.000011613.5010   18.3941
    7.5000  -15.0000   45.000011094.6113   18.3514
   -7.5000   -7.5000   45.000011804.1143   18.3853
    0.0000   -7.5000   45.000012276.4199   18.4354
    7.5000   -7.5000   45.000011745.1670   18.3895
   -7.5000    0.0000   45.000012373.0127   18.3826
    0.0000    0.0000   45.000012859.8779   18.4299
    7.5000    0.0000   45.000012295.1914   18.3877
   -7.5000    7.5000   45.000012069.4629   18.3295
    0.0000    7.5000   45.000012559.7188   18.3813
    7.5000    7.5000   45.000011996.2148   18.3474
   -7.5000   15.0000   45.000011769.6777   18.2814
    0.0000   15.0000   45.000012216.3945   18.3403
    7.5000   15.0000   45.000011678.6025   18.3106
   -7.5000   22.5000   45.000011326.4766   18.2784
    0.0000   22.5000   45.000011732.7109   18.3391
    7.5000   22.5000   45.000011238.3047   18.3043
   -7.5000   30.0000   45.000010456.0508   18.0989
    0.0000   30.0000   45.000010816.2705   18.1545
    7.5000   30.0000   45.000010382.6104   18.1123
   -7.5000   37.5000   45.0000 9907.3408   18.1458
    0.0000   37.5000   45.000010239.8369   18.1952
    7.5000   37.5000   45.0000 9846.3213   18.1499
   -7.5000   45.0000   45.0000 9026.0186   17.7267
    0.0000   45.0000   45.0000 9323.3857   17.7723
    7.5000   45.0000   45.0000 8969.1533   17.7316

---------------------------------------------------------------------
imgreg_4dfp /opt/freesurfer/average/711-2C_as_mni_average_305 /opt/freesurfer/average/711-2B_as_mni_average_305_mask talsrcimg_g11 none talsrcimg_to_711-2C_as_mni_average_305_t4 4355
---------------------------------------------------------------------

freesurfer imgreg_4dfp.c
/opt/freesurfer/average/711-2C_as_mni_average_305.4dfp.img
       256       256       256         1
  1.000000  1.000000  1.000000
orientation T byte_order littleendian
Reading image: /opt/freesurfer/average/711-2C_as_mni_average_305.4dfp.img
dimensions:      256       256       256
mmppix:       1.0000   -1.0000   -1.0000
center:     128.0000 -129.0000 -129.0000
/opt/freesurfer/average/711-2B_as_mni_average_305_mask.4dfp.img
       256       256       256         1
  1.000000  1.000000  1.000000
orientation T byte_order littleendian
Reading mask: /opt/freesurfer/average/711-2B_as_mni_average_305_mask.4dfp.img (2306576 pixels)
talsrcimg_g11.4dfp.img
       256       256       256         1
  1.000000  1.000000  1.000000
orientation T byte_order littleendian
Reading image: talsrcimg_g11.4dfp.img
dimensions:      256       256       256
mmppix:       1.0000   -1.0000   -1.0000
center:     128.0000 -129.0000 -129.0000
rotation matrix determinant  1.000000
image alignment mode   4355 decimal     1103 hex
   -7.5000  -45.0000  -45.0000 1753.5411   23.2055
    0.0000  -45.0000  -45.0000 1757.3159   23.0995
    7.5000  -45.0000  -45.0000 1740.5314   23.4292
   -7.5000  -37.5000  -45.0000 1868.0233   20.7508
    0.0000  -37.5000  -45.0000 1870.8344   20.6639
    7.5000  -37.5000  -45.0000 1856.6567   20.8696
   -7.5000  -30.0000  -45.0000 1961.4501   19.0134
    0.0000  -30.0000  -45.0000 1965.1512   18.9589
    7.5000  -30.0000  -45.0000 1948.2311   19.1256
   -7.5000  -22.5000  -45.0000 2046.3419   17.8240
    0.0000  -22.5000  -45.0000 2052.5559   17.7523
    7.5000  -22.5000  -45.0000 2035.3744   17.8808
   -7.5000  -15.0000  -45.0000 2091.2329   17.0489
    0.0000  -15.0000  -45.0000 2098.0393   16.9466
    7.5000  -15.0000  -45.0000 2082.8584   17.0799
   -7.5000   -7.5000  -45.0000 2116.2285   16.4472
    0.0000   -7.5000  -45.0000 2125.3257   16.3502
    7.5000   -7.5000  -45.0000 2103.7646   16.5386
   -7.5000    0.0000  -45.0000 2123.9478   16.0222
    0.0000    0.0000  -45.0000 2135.1704   15.9093
    7.5000    0.0000  -45.0000 2111.7920   16.1388
   -7.5000    7.5000  -45.0000 2125.8669   15.9322
    0.0000    7.5000  -45.0000 2131.1658   15.8404
    7.5000    7.5000  -45.0000 2110.8149   16.1028
   -7.5000   15.0000  -45.0000 2110.0264   16.2535
    0.0000   15.0000  -45.0000 2116.5623   16.1379
    7.5000   15.0000  -45.0000 2088.4077   16.4392
   -7.5000   22.5000  -45.0000 2076.8298   16.8361
    0.0000   22.5000  -45.0000 2078.4749   16.7024
    7.5000   22.5000  -45.0000 2056.9565   17.0432
   -7.5000   30.0000  -45.0000 2030.7184   17.7318
    0.0000   30.0000  -45.0000 2034.0588   17.6116
    7.5000   30.0000  -45.0000 2013.5061   17.9584
   -7.5000   37.5000  -45.0000 1964.7961   18.9914
    0.0000   37.5000  -45.0000 1971.5140   18.8718
    7.5000   37.5000  -45.0000 1947.9138   19.2552
   -7.5000   45.0000  -45.0000 1881.0153   20.6298
    0.0000   45.0000  -45.0000 1884.4889   20.5683
    7.5000   45.0000  -45.0000 1864.1268   20.9575
   -7.5000  -45.0000  -37.5000 1847.1195   21.1521
    0.0000  -45.0000  -37.5000 1848.1654   21.0020
    7.5000  -45.0000  -37.5000 1834.0017   21.3293
   -7.5000  -37.5000  -37.5000 1965.6265   18.9781
    0.0000  -37.5000  -37.5000 1972.7483   18.8468
    7.5000  -37.5000  -37.5000 1952.1226   19.1013
   -7.5000  -30.0000  -37.5000 2062.8352   17.3668
    0.0000  -30.0000  -37.5000 2071.2866   17.2778
    7.5000  -30.0000  -37.5000 2048.4673   17.4785
   -7.5000  -22.5000  -37.5000 2151.6692   16.2354
    0.0000  -22.5000  -37.5000 2164.7117   16.1915
    7.5000  -22.5000  -37.5000 2141.3042   16.3362
   -7.5000  -15.0000  -37.5000 2197.9932   15.4820
    0.0000  -15.0000  -37.5000 2210.4534   15.4300
    7.5000  -15.0000  -37.5000 2188.7207   15.5599
   -7.5000   -7.5000  -37.5000 2223.3887   14.9727
    0.0000   -7.5000  -37.5000 2226.8821   14.8861
    7.5000   -7.5000  -37.5000 2211.6379   15.0459
   -7.5000    0.0000  -37.5000 2234.5747   14.6262
    0.0000    0.0000  -37.5000 2238.4243   14.4885
    7.5000    0.0000  -37.5000 2218.5063   14.7171
   -7.5000    7.5000  -37.5000 2229.2432   14.5704
    0.0000    7.5000  -37.5000 2234.0923   14.4911
    7.5000    7.5000  -37.5000 2214.7175   14.7376
   -7.5000   15.0000  -37.5000 2209.5535   14.8435
    0.0000   15.0000  -37.5000 2210.1172   14.7480
    7.5000   15.0000  -37.5000 2190.1575   15.0395
   -7.5000   22.5000  -37.5000 2180.2966   15.3448
    0.0000   22.5000  -37.5000 2182.6687   15.2341
    7.5000   22.5000  -37.5000 2156.9851   15.5604
   -7.5000   30.0000  -37.5000 2130.9077   16.1405
    0.0000   30.0000  -37.5000 2135.3950   16.0169
    7.5000   30.0000  -37.5000 2107.7908   16.3824
   -7.5000   37.5000  -37.5000 2065.7583   17.3187
    0.0000   37.5000  -37.5000 2071.9890   17.2278
    7.5000   37.5000  -37.5000 2042.5217   17.6154
   -7.5000   45.0000  -37.5000 1977.3126   18.9348
    0.0000   45.0000  -37.5000 1983.1084   18.8170
    7.5000   45.0000  -37.5000 1957.0931   19.2291
   -7.5000  -45.0000  -30.0000 1965.1450   20.1174
    0.0000  -45.0000  -30.0000 1969.9574   19.9411
    7.5000  -45.0000  -30.0000 1949.5764   20.2257
   -7.5000  -37.5000  -30.0000 2088.7671   18.0018
    0.0000  -37.5000  -30.0000 2094.8547   17.8407
    7.5000  -37.5000  -30.0000 2074.6577   18.1088
   -7.5000  -30.0000  -30.0000 2196.7566   16.4371
    0.0000  -30.0000  -30.0000 2207.2324   16.2959
    7.5000  -30.0000  -30.0000 2182.8115   16.5535
   -7.5000  -22.5000  -30.0000 2284.3564   15.3275
    0.0000  -22.5000  -30.0000 2296.7458   15.2288
    7.5000  -22.5000  -30.0000 2273.4702   15.4319
   -7.5000  -15.0000  -30.0000 2338.7864   14.5358
    0.0000  -15.0000  -30.0000 2349.0027   14.4900
    7.5000  -15.0000  -30.0000 2325.7690   14.6478
   -7.5000   -7.5000  -30.0000 2373.4050   14.0737
    0.0000   -7.5000  -30.0000 2375.6653   14.0095
    7.5000   -7.5000  -30.0000 2355.8320   14.1359
   -7.5000    0.0000  -30.0000 2385.8584   13.7716
    0.0000    0.0000  -30.0000 2390.8699   13.6568
    7.5000    0.0000  -30.0000 2366.1943   13.8679
   -7.5000    7.5000  -30.0000 2383.2029   13.7623
    0.0000    7.5000  -30.0000 2389.6904   13.6598
    7.5000    7.5000  -30.0000 2363.7556   13.8677
   -7.5000   15.0000  -30.0000 2362.9553   14.0117
    0.0000   15.0000  -30.0000 2364.3137   13.9100
    7.5000   15.0000  -30.0000 2342.6521   14.1470
   -7.5000   22.5000  -30.0000 2331.5461   14.4738
    0.0000   22.5000  -30.0000 2333.2212   14.3754
    7.5000   22.5000  -30.0000 2305.8079   14.6630
   -7.5000   30.0000  -30.0000 2279.3738   15.2697
    0.0000   30.0000  -30.0000 2281.9341   15.1544
    7.5000   30.0000  -30.0000 2254.1187   15.5082
   -7.5000   37.5000  -30.0000 2204.3247   16.4721
    0.0000   37.5000  -30.0000 2207.7446   16.3406
    7.5000   37.5000  -30.0000 2178.3765   16.7116
   -7.5000   45.0000  -30.0000 2103.8152   18.0533
    0.0000   45.0000  -30.0000 2110.8640   17.9015
    7.5000   45.0000  -30.0000 2077.1628   18.2733
   -7.5000  -45.0000  -22.5000 2061.2400   18.9963
    0.0000  -45.0000  -22.5000 2068.9241   18.7368
    7.5000  -45.0000  -22.5000 2046.2617   18.9895
   -7.5000  -37.5000  -22.5000 2184.4812   16.9487
    0.0000  -37.5000  -22.5000 2196.2385   16.7254
    7.5000  -37.5000  -22.5000 2175.7471   16.9867
   -7.5000  -30.0000  -22.5000 2297.8306   15.4160
    0.0000  -30.0000  -22.5000 2307.8938   15.2399
    7.5000  -30.0000  -22.5000 2288.6619   15.4853
   -7.5000  -22.5000  -22.5000 2394.9775   14.2900
    0.0000  -22.5000  -22.5000 2406.8003   14.1780
    7.5000  -22.5000  -22.5000 2384.5688   14.3846
   -7.5000  -15.0000  -22.5000 2457.2358   13.5358
    0.0000  -15.0000  -22.5000 2467.0012   13.4663
    7.5000  -15.0000  -22.5000 2439.4346   13.6312
   -7.5000   -7.5000  -22.5000 2491.3999   13.0896
    0.0000   -7.5000  -22.5000 2505.9258   13.0455
    7.5000   -7.5000  -22.5000 2471.8079   13.1740
   -7.5000    0.0000  -22.5000 2514.8914   12.8398
    0.0000    0.0000  -22.5000 2527.6978   12.7552
    7.5000    0.0000  -22.5000 2496.1711   12.9130
   -7.5000    7.5000  -22.5000 2519.8962   12.8292
    0.0000    7.5000  -22.5000 2536.5635   12.7525
    7.5000    7.5000  -22.5000 2501.9041   12.9166
   -7.5000   15.0000  -22.5000 2503.8684   13.0960
    0.0000   15.0000  -22.5000 2512.7144   13.0064
    7.5000   15.0000  -22.5000 2484.2388   13.1998
   -7.5000   22.5000  -22.5000 2469.9124   13.5745
    0.0000   22.5000  -22.5000 2479.8691   13.4819
    7.5000   22.5000  -22.5000 2447.6846   13.7178
   -7.5000   30.0000  -22.5000 2411.4402   14.3812
    0.0000   30.0000  -22.5000 2420.3433   14.2882
    7.5000   30.0000  -22.5000 2384.2290   14.5530
   -7.5000   37.5000  -22.5000 2324.7224   15.5097
    0.0000   37.5000  -22.5000 2330.7629   15.4005
    7.5000   37.5000  -22.5000 2294.4656   15.7127
   -7.5000   45.0000  -22.5000 2212.1450   17.0493
    0.0000   45.0000  -22.5000 2214.8250   16.9305
    7.5000   45.0000  -22.5000 2181.5720   17.2736
   -7.5000  -45.0000  -15.0000 2127.4412   17.9981
    0.0000  -45.0000  -15.0000 2134.7368   17.7018
    7.5000  -45.0000  -15.0000 2111.9275   17.9597
   -7.5000  -37.5000  -15.0000 2252.8079   16.0238
    0.0000  -37.5000  -15.0000 2263.7878   15.7529
    7.5000  -37.5000  -15.0000 2249.4255   15.9956
   -7.5000  -30.0000  -15.0000 2376.3667   14.4614
    0.0000  -30.0000  -15.0000 2386.1909   14.2742
    7.5000  -30.0000  -15.0000 2368.1523   14.5051
   -7.5000  -22.5000  -15.0000 2485.8228   13.3881
    0.0000  -22.5000  -15.0000 2494.6885   13.2530
    7.5000  -22.5000  -15.0000 2474.1663   13.4669
   -7.5000  -15.0000  -15.0000 2552.0183   12.6237
    0.0000  -15.0000  -15.0000 2562.4980   12.5347
    7.5000  -15.0000  -15.0000 2538.1970   12.7092
   -7.5000   -7.5000  -15.0000 2594.3699   12.1589
    0.0000   -7.5000  -15.0000 2610.7209   12.1107
    7.5000   -7.5000  -15.0000 2573.6914   12.2527
   -7.5000    0.0000  -15.0000 2623.5173   11.9305
    0.0000    0.0000  -15.0000 2638.5178   11.8771
    7.5000    0.0000  -15.0000 2604.1365   12.0193
   -7.5000    7.5000  -15.0000 2639.5291   11.9410
    0.0000    7.5000  -15.0000 2658.7988   11.8767
    7.5000    7.5000  -15.0000 2615.8123   12.0331
   -7.5000   15.0000  -15.0000 2624.2886   12.2163
    0.0000   15.0000  -15.0000 2643.2424   12.1464
    7.5000   15.0000  -15.0000 2603.8691   12.3183
   -7.5000   22.5000  -15.0000 2586.8594   12.7295
    0.0000   22.5000  -15.0000 2603.4529   12.6648
    7.5000   22.5000  -15.0000 2562.2744   12.8495
   -7.5000   30.0000  -15.0000 2517.6638   13.5405
    0.0000   30.0000  -15.0000 2527.9099   13.4610
    7.5000   30.0000  -15.0000 2487.3081   13.6852
   -7.5000   37.5000  -15.0000 2421.9844   14.6652
    0.0000   37.5000  -15.0000 2429.6047   14.5821
    7.5000   37.5000  -15.0000 2391.9248   14.8395
   -7.5000   45.0000  -15.0000 2300.4355   16.1517
    0.0000   45.0000  -15.0000 2304.4287   16.0392
    7.5000   45.0000  -15.0000 2269.4961   16.3170
   -7.5000  -45.0000   -7.5000 2184.7000   17.1329
    0.0000  -45.0000   -7.5000 2186.9031   16.8485
    7.5000  -45.0000   -7.5000 2165.5862   17.0795
   -7.5000  -37.5000   -7.5000 2313.8269   15.1934
    0.0000  -37.5000   -7.5000 2324.0312   14.9275
    7.5000  -37.5000   -7.5000 2306.1743   15.1841
   -7.5000  -30.0000   -7.5000 2441.4290   13.6818
    0.0000  -30.0000   -7.5000 2451.8115   13.4573
    7.5000  -30.0000   -7.5000 2431.0498   13.7324
   -7.5000  -22.5000   -7.5000 2557.3132   12.5921
    0.0000  -22.5000   -7.5000 2564.2024   12.4449
    7.5000  -22.5000   -7.5000 2545.5134   12.6712
   -7.5000  -15.0000   -7.5000 2638.0176   11.8503
    0.0000  -15.0000   -7.5000 2642.6885   11.7339
    7.5000  -15.0000   -7.5000 2619.5842   11.9224
   -7.5000   -7.5000   -7.5000 2686.1902   11.3469
    0.0000   -7.5000   -7.5000 2699.3044   11.2593
    7.5000   -7.5000   -7.5000 2665.5156   11.4473
   -7.5000    0.0000   -7.5000 2725.6584   11.1087
    0.0000    0.0000   -7.5000 2740.5776   11.0603
    7.5000    0.0000   -7.5000 2701.6433   11.2165
   -7.5000    7.5000   -7.5000 2745.6797   11.1479
    0.0000    7.5000   -7.5000 2763.6106   11.0781
    7.5000    7.5000   -7.5000 2719.9749   11.2542
   -7.5000   15.0000   -7.5000 2733.3462   11.4181
    0.0000   15.0000   -7.5000 2754.6079   11.3645
    7.5000   15.0000   -7.5000 2706.4839   11.5290
   -7.5000   22.5000   -7.5000 2692.5417   11.9735
    0.0000   22.5000   -7.5000 2709.5183   11.9359
    7.5000   22.5000   -7.5000 2659.9053   12.1012
   -7.5000   30.0000   -7.5000 2607.2683   12.8079
    0.0000   30.0000   -7.5000 2620.3347   12.7534
    7.5000   30.0000   -7.5000 2575.0232   12.9416
   -7.5000   37.5000   -7.5000 2496.8796   13.9182
    0.0000   37.5000   -7.5000 2504.0696   13.8580
    7.5000   37.5000   -7.5000 2462.2900   14.0781
   -7.5000   45.0000   -7.5000 2365.7876   15.3340
    0.0000   45.0000   -7.5000 2371.7136   15.2362
    7.5000   45.0000   -7.5000 2333.2253   15.4880
   -7.5000  -45.0000    0.0000 2223.3191   16.4726
    0.0000  -45.0000    0.0000 2231.5488   16.2126
    7.5000  -45.0000    0.0000 2209.1736   16.4260
   -7.5000  -37.5000    0.0000 2354.0881   14.5579
    0.0000  -37.5000    0.0000 2371.4731   14.3374
    7.5000  -37.5000    0.0000 2347.4956   14.5854
   -7.5000  -30.0000    0.0000 2487.9456   13.0921
    0.0000  -30.0000    0.0000 2499.3850   12.8937
    7.5000  -30.0000    0.0000 2473.8413   13.1647
   -7.5000  -22.5000    0.0000 2604.7034   12.0181
    0.0000  -22.5000    0.0000 2614.2036   11.8522
    7.5000  -22.5000    0.0000 2589.4812   12.1023
   -7.5000  -15.0000    0.0000 2697.7837   11.2421
    0.0000  -15.0000    0.0000 2705.8943   11.1068
    7.5000  -15.0000    0.0000 2675.5205   11.3440
   -7.5000   -7.5000    0.0000 2765.3794   10.7345
    0.0000   -7.5000    0.0000 2776.8508   10.6047
    7.5000   -7.5000    0.0000 2738.0251   10.8391
   -7.5000    0.0000    0.0000 2814.6448   10.4781
    0.0000    0.0000    0.0000 2834.4592   10.3944
    7.5000    0.0000    0.0000 2786.3750   10.5992
   -7.5000    7.5000    0.0000 2839.1394   10.5092
    0.0000    7.5000    0.0000 2862.3975   10.4336
    7.5000    7.5000    0.0000 2811.0225   10.6527
   -7.5000   15.0000    0.0000 2830.6833   10.8116
    0.0000   15.0000    0.0000 2851.9788   10.7712
    7.5000   15.0000    0.0000 2796.1660   10.9314
   -7.5000   22.5000    0.0000 2777.2979   11.4022
    0.0000   22.5000    0.0000 2794.7209   11.3731
    7.5000   22.5000    0.0000 2739.7263   11.5330
   -7.5000   30.0000    0.0000 2677.9731   12.2517
    0.0000   30.0000    0.0000 2689.5938   12.2024
    7.5000   30.0000    0.0000 2642.7231   12.3798
   -7.5000   37.5000    0.0000 2552.4985   13.3352
    0.0000   37.5000    0.0000 2563.6135   13.2926
    7.5000   37.5000    0.0000 2517.3679   13.4585
   -7.5000   45.0000    0.0000 2407.6096   14.7556
    0.0000   45.0000    0.0000 2416.8323   14.6989
    7.5000   45.0000    0.0000 2377.8472   14.8784
   -7.5000  -45.0000    7.5000 2244.1968   15.9967
    0.0000  -45.0000    7.5000 2264.4355   15.7689
    7.5000  -45.0000    7.5000 2241.8230   15.9886
   -7.5000  -37.5000    7.5000 2380.4995   14.1786
    0.0000  -37.5000    7.5000 2398.7974   13.9745
    7.5000  -37.5000    7.5000 2374.9521   14.1903
   -7.5000  -30.0000    7.5000 2516.2805   12.7168
    0.0000  -30.0000    7.5000 2528.1731   12.5543
    7.5000  -30.0000    7.5000 2496.1270   12.7818
   -7.5000  -22.5000    7.5000 2639.6394   11.6033
    0.0000  -22.5000    7.5000 2651.0183   11.4644
    7.5000  -22.5000    7.5000 2621.6162   11.7038
   -7.5000  -15.0000    7.5000 2741.1868   10.8118
    0.0000  -15.0000    7.5000 2752.4133   10.6613
    7.5000  -15.0000    7.5000 2719.9275   10.9235
   -7.5000   -7.5000    7.5000 2827.8992   10.3224
    0.0000   -7.5000    7.5000 2842.5288   10.1617
    7.5000   -7.5000    7.5000 2802.2114   10.4486
   -7.5000    0.0000    7.5000 2893.6104   10.0151
    0.0000    0.0000    7.5000 2919.3696    9.9078
    7.5000    0.0000    7.5000 2859.9539   10.1777
   -7.5000    7.5000    7.5000 2921.8218   10.0340
    0.0000    7.5000    7.5000 2950.2891    9.9582
    7.5000    7.5000    7.5000 2887.3162   10.2108
   -7.5000   15.0000    7.5000 2901.8206   10.4125
    0.0000   15.0000    7.5000 2928.8403   10.3620
    7.5000   15.0000    7.5000 2864.8145   10.5177
   -7.5000   22.5000    7.5000 2835.3848   11.0192
    0.0000   22.5000    7.5000 2851.1475   10.9840
    7.5000   22.5000    7.5000 2797.8223   11.1174
   -7.5000   30.0000    7.5000 2721.6360   11.8645
    0.0000   30.0000    7.5000 2734.4414   11.8069
    7.5000   30.0000    7.5000 2688.6992   11.9706
   -7.5000   37.5000    7.5000 2588.4109   12.9777
    0.0000   37.5000    7.5000 2598.0261   12.9177
    7.5000   37.5000    7.5000 2555.3501   13.0969
   -7.5000   45.0000    7.5000 2432.1257   14.3908
    0.0000   45.0000    7.5000 2442.8298   14.3174
    7.5000   45.0000    7.5000 2404.0283   14.5273
   -7.5000  -45.0000   15.0000 2259.0837   15.8320
    0.0000  -45.0000   15.0000 2285.8337   15.6058
    7.5000  -45.0000   15.0000 2261.4849   15.7989
   -7.5000  -37.5000   15.0000 2398.1897   13.9992
    0.0000  -37.5000   15.0000 2426.7825   13.7937
    7.5000  -37.5000   15.0000 2396.1265   13.9992
   -7.5000  -30.0000   15.0000 2524.1914   12.5532
    0.0000  -30.0000   15.0000 2548.2612   12.3878
    7.5000  -30.0000   15.0000 2514.3838   12.5938
   -7.5000  -22.5000   15.0000 2649.1262   11.4505
    0.0000  -22.5000   15.0000 2666.9939   11.2814
    7.5000  -22.5000   15.0000 2632.1980   11.5062
   -7.5000  -15.0000   15.0000 2758.3882   10.6299
    0.0000  -15.0000   15.0000 2773.1155   10.4492
    7.5000  -15.0000   15.0000 2740.1199   10.7182
   -7.5000   -7.5000   15.0000 2851.5466   10.0964
    0.0000   -7.5000   15.0000 2868.4128    9.9206
    7.5000   -7.5000   15.0000 2831.1609   10.1900
   -7.5000    0.0000   15.0000 2923.1060    9.7950
    0.0000    0.0000   15.0000 2952.2114    9.6108
    7.5000    0.0000   15.0000 2894.8789    9.9818
   -7.5000    7.5000   15.0000 2960.4277    9.7916
    0.0000    7.5000   15.0000 2986.0505    9.6476
    7.5000    7.5000   15.0000 2923.5342    9.9682
   -7.5000   15.0000   15.0000 2929.8499   10.2067
    0.0000   15.0000   15.0000 2952.3650   10.0828
    7.5000   15.0000   15.0000 2896.3704   10.2904
   -7.5000   22.5000   15.0000 2850.3948   10.8723
    0.0000   22.5000   15.0000 2865.9783   10.7680
    7.5000   22.5000   15.0000 2819.4551   10.9601
   -7.5000   30.0000   15.0000 2731.4343   11.7389
    0.0000   30.0000   15.0000 2745.5625   11.6313
    7.5000   30.0000   15.0000 2699.7495   11.8052
   -7.5000   37.5000   15.0000 2588.7070   12.8217
    0.0000   37.5000   15.0000 2603.5344   12.7055
    7.5000   37.5000   15.0000 2559.0020   12.9038
   -7.5000   45.0000   15.0000 2435.6099   14.1935
    0.0000   45.0000   15.0000 2445.3684   14.0662
    7.5000   45.0000   15.0000 2407.5266   14.2993
   -7.5000  -45.0000   22.5000 2259.8044   15.8015
    0.0000  -45.0000   22.5000 2284.7644   15.6225
    7.5000  -45.0000   22.5000 2267.3044   15.7664
   -7.5000  -37.5000   22.5000 2399.8848   14.0016
    0.0000  -37.5000   22.5000 2429.0544   13.8694
    7.5000  -37.5000   22.5000 2401.4236   14.0239
   -7.5000  -30.0000   22.5000 2524.9683   12.5922
    0.0000  -30.0000   22.5000 2553.4941   12.4711
    7.5000  -30.0000   22.5000 2522.2539   12.6396
   -7.5000  -22.5000   22.5000 2646.3391   11.5017
    0.0000  -22.5000   22.5000 2673.4822   11.3548
    7.5000  -22.5000   22.5000 2636.6199   11.5541
   -7.5000  -15.0000   22.5000 2756.7031   10.6861
    0.0000  -15.0000   22.5000 2781.0576   10.5077
    7.5000  -15.0000   22.5000 2737.9509   10.7474
   -7.5000   -7.5000   22.5000 2847.5352   10.1620
    0.0000   -7.5000   22.5000 2865.6462    9.9379
    7.5000   -7.5000   22.5000 2823.3838   10.2381
   -7.5000    0.0000   22.5000 2920.1758    9.9006
    0.0000    0.0000   22.5000 2937.6443    9.6887
    7.5000    0.0000   22.5000 2891.8469   10.0153
   -7.5000    7.5000   22.5000 2946.9893    9.9782
    0.0000    7.5000   22.5000 2962.6716    9.7447
    7.5000    7.5000   22.5000 2915.6055   10.0489
   -7.5000   15.0000   22.5000 2911.9001   10.3448
    0.0000   15.0000   22.5000 2928.0918   10.1515
    7.5000   15.0000   22.5000 2879.5396   10.3929
   -7.5000   22.5000   22.5000 2828.6921   10.9575
    0.0000   22.5000   22.5000 2850.0193   10.8100
    7.5000   22.5000   22.5000 2801.3950   11.0036
   -7.5000   30.0000   22.5000 2710.1809   11.7692
    0.0000   30.0000   22.5000 2730.1846   11.6351
    7.5000   30.0000   22.5000 2685.5486   11.8232
   -7.5000   37.5000   22.5000 2572.3896   12.7942
    0.0000   37.5000   22.5000 2588.6711   12.6922
    7.5000   37.5000   22.5000 2550.0254   12.8833
   -7.5000   45.0000   22.5000 2423.5339   14.0994
    0.0000   45.0000   22.5000 2436.4553   14.0144
    7.5000   45.0000   22.5000 2399.7483   14.2332
   -7.5000  -45.0000   30.0000 2246.3052   16.1374
    0.0000  -45.0000   30.0000 2274.1531   15.9167
    7.5000  -45.0000   30.0000 2253.1377   16.0777
   -7.5000  -37.5000   30.0000 2387.7280   14.3167
    0.0000  -37.5000   30.0000 2421.8865   14.1484
    7.5000  -37.5000   30.0000 2393.4673   14.3163
   -7.5000  -30.0000   30.0000 2511.0952   12.8598
    0.0000  -30.0000   30.0000 2545.4951   12.7042
    7.5000  -30.0000   30.0000 2513.3855   12.8958
   -7.5000  -22.5000   30.0000 2624.6880   11.7750
    0.0000  -22.5000   30.0000 2658.5007   11.6302
    7.5000  -22.5000   30.0000 2622.2971   11.8139
   -7.5000  -15.0000   30.0000 2729.0496   11.0028
    0.0000  -15.0000   30.0000 2753.8340   10.8438
    7.5000  -15.0000   30.0000 2712.5618   11.0373
   -7.5000   -7.5000   30.0000 2813.6387   10.4892
    0.0000   -7.5000   30.0000 2833.7737   10.3129
    7.5000   -7.5000   30.0000 2787.9270   10.5385
   -7.5000    0.0000   30.0000 2870.6111   10.2575
    0.0000    0.0000   30.0000 2882.3838   10.1067
    7.5000    0.0000   30.0000 2839.9067   10.3110
   -7.5000    7.5000   30.0000 2883.5886   10.3544
    0.0000    7.5000   30.0000 2900.7310   10.1809
    7.5000    7.5000   30.0000 2857.4983   10.3828
   -7.5000   15.0000   30.0000 2844.2595   10.6783
    0.0000   15.0000   30.0000 2859.7720   10.5041
    7.5000   15.0000   30.0000 2816.7935   10.7115
   -7.5000   22.5000   30.0000 2767.0093   11.2453
    0.0000   22.5000   30.0000 2781.9575   11.1119
    7.5000   22.5000   30.0000 2739.8247   11.2751
   -7.5000   30.0000   30.0000 2656.6152   12.0236
    0.0000   30.0000   30.0000 2672.3896   11.9085
    7.5000   30.0000   30.0000 2634.2466   12.1024
   -7.5000   37.5000   30.0000 2530.3015   13.0079
    0.0000   37.5000   30.0000 2546.2505   12.9045
    7.5000   37.5000   30.0000 2509.6162   13.1364
   -7.5000   45.0000   30.0000 2390.5840   14.2754
    0.0000   45.0000   30.0000 2402.5625   14.1437
    7.5000   45.0000   30.0000 2368.5759   14.4257
   -7.5000  -45.0000   37.5000 2223.8167   16.6444
    0.0000  -45.0000   37.5000 2250.3589   16.4135
    7.5000  -45.0000   37.5000 2227.1030   16.5763
   -7.5000  -37.5000   37.5000 2359.2864   14.7871
    0.0000  -37.5000   37.5000 2390.1394   14.6033
    7.5000  -37.5000   37.5000 2364.1169   14.7574
   -7.5000  -30.0000   37.5000 2480.8589   13.3506
    0.0000  -30.0000   37.5000 2509.8511   13.2019
    7.5000  -30.0000   37.5000 2482.4067   13.3532
   -7.5000  -22.5000   37.5000 2592.2930   12.2545
    0.0000  -22.5000   37.5000 2619.6409   12.1566
    7.5000  -22.5000   37.5000 2585.4172   12.3183
   -7.5000  -15.0000   37.5000 2686.8923   11.5232
    0.0000  -15.0000   37.5000 2707.5186   11.4340
    7.5000  -15.0000   37.5000 2669.4238   11.5834
   -7.5000   -7.5000   37.5000 2754.8140   11.0586
    0.0000   -7.5000   37.5000 2769.2832   10.9452
    7.5000   -7.5000   37.5000 2732.2471   11.0952
   -7.5000    0.0000   37.5000 2795.4805   10.8329
    0.0000    0.0000   37.5000 2802.2131   10.7052
    7.5000    0.0000   37.5000 2771.2368   10.8578
   -7.5000    7.5000   37.5000 2795.8882   10.8747
    0.0000    7.5000   37.5000 2811.4939   10.7448
    7.5000    7.5000   37.5000 2771.8469   10.8936
   -7.5000   15.0000   37.5000 2755.7395   11.1717
    0.0000   15.0000   37.5000 2765.4946   11.0447
    7.5000   15.0000   37.5000 2728.8503   11.2109
   -7.5000   22.5000   37.5000 2682.4910   11.7183
    0.0000   22.5000   37.5000 2692.2212   11.6008
    7.5000   22.5000   37.5000 2656.2402   11.7776
   -7.5000   30.0000   37.5000 2583.1187   12.4785
    0.0000   30.0000   37.5000 2597.8455   12.4026
    7.5000   30.0000   37.5000 2562.2834   12.5887
   -7.5000   37.5000   37.5000 2465.5569   13.4591
    0.0000   37.5000   37.5000 2477.1257   13.3614
    7.5000   37.5000   37.5000 2445.7427   13.5962
   -7.5000   45.0000   37.5000 2332.9346   14.6558
    0.0000   45.0000   37.5000 2346.1667   14.5470
    7.5000   45.0000   37.5000 2314.5383   14.8275
   -7.5000  -45.0000   45.0000 2185.9746   17.4032
    0.0000  -45.0000   45.0000 2208.7820   17.1881
    7.5000  -45.0000   45.0000 2183.7158   17.3206
   -7.5000  -37.5000   45.0000 2319.8818   15.4932
    0.0000  -37.5000   45.0000 2342.5366   15.3273
    7.5000  -37.5000   45.0000 2319.6199   15.4668
   -7.5000  -30.0000   45.0000 2440.1333   14.0218
    0.0000  -30.0000   45.0000 2460.1968   13.9099
    7.5000  -30.0000   45.0000 2434.2600   14.0648
   -7.5000  -22.5000   45.0000 2537.6453   12.9761
    0.0000  -22.5000   45.0000 2559.6338   12.9202
    7.5000  -22.5000   45.0000 2528.1990   13.0525
   -7.5000  -15.0000   45.0000 2619.8301   12.2395
    0.0000  -15.0000   45.0000 2636.9592   12.1756
    7.5000  -15.0000   45.0000 2603.9756   12.3183
   -7.5000   -7.5000   45.0000 2672.7568   11.7600
    0.0000   -7.5000   45.0000 2684.2100   11.6822
    7.5000   -7.5000   45.0000 2653.9563   11.8056
   -7.5000    0.0000   45.0000 2697.7603   11.5308
    0.0000    0.0000   45.0000 2703.4609   11.4155
    7.5000    0.0000   45.0000 2675.1641   11.5598
   -7.5000    7.5000   45.0000 2692.6150   11.5455
    0.0000    7.5000   45.0000 2704.6543   11.4324
    7.5000    7.5000   45.0000 2672.1833   11.5634
   -7.5000   15.0000   45.0000 2655.2388   11.8261
    0.0000   15.0000   45.0000 2667.7795   11.7031
    7.5000   15.0000   45.0000 2638.2239   11.8476
   -7.5000   22.5000   45.0000 2590.5720   12.3695
    0.0000   22.5000   45.0000 2598.3484   12.2640
    7.5000   22.5000   45.0000 2571.1614   12.4378
   -7.5000   30.0000   45.0000 2500.1353   13.0861
    0.0000   30.0000   45.0000 2508.2495   13.0184
    7.5000   30.0000   45.0000 2480.2119   13.2114
   -7.5000   37.5000   45.0000 2390.8491   14.0755
    0.0000   37.5000   45.0000 2400.6709   13.9889
    7.5000   37.5000   45.0000 2372.8254   14.2097
   -7.5000   45.0000   45.0000 2262.2976   15.3004
    0.0000   45.0000   45.0000 2274.5056   15.2059
    7.5000   45.0000   45.0000 2248.9739   15.4565

---------------------------------------------------------------------
imgreg_4dfp /opt/freesurfer/average/711-2C_as_mni_average_305 /opt/freesurfer/average/711-2B_as_mni_average_305_mask talsrcimg_g11 none talsrcimg_to_711-2C_as_mni_average_305_t4 1283
---------------------------------------------------------------------

freesurfer imgreg_4dfp.c
/opt/freesurfer/average/711-2C_as_mni_average_305.4dfp.img
       256       256       256         1
  1.000000  1.000000  1.000000
orientation T byte_order littleendian
Reading image: /opt/freesurfer/average/711-2C_as_mni_average_305.4dfp.img
dimensions:      256       256       256
mmppix:       1.0000   -1.0000   -1.0000
center:     128.0000 -129.0000 -129.0000
/opt/freesurfer/average/711-2B_as_mni_average_305_mask.4dfp.img
       256       256       256         1
  1.000000  1.000000  1.000000
orientation T byte_order littleendian
Reading mask: /opt/freesurfer/average/711-2B_as_mni_average_305_mask.4dfp.img (2306576 pixels)
talsrcimg_g11.4dfp.img
       256       256       256         1
  1.000000  1.000000  1.000000
orientation T byte_order littleendian
Reading image: talsrcimg_g11.4dfp.img
dimensions:      256       256       256
mmppix:       1.0000   -1.0000   -1.0000
center:     128.0000 -129.0000 -129.0000
rotation matrix determinant  1.000000
fimgreg.f
image alignment mode   1283 decimal      503 hex
parameters
    0.0000    7.5000   15.0000    0.0000    0.0000    0.0000
eta,q 0.93784  9.60203
niter,ni,del,rscale     5    3   12.0000    1.2000
parameter  4 -0.734813 -> -0.500000 qaram    1.1500
parameter  6 -0.739709 -> -0.500000 qaram    1.1500
parameters
   -1.0746    7.6317   14.5941    3.4500   -1.2666    3.4500
eta,q 0.93750  9.54269
  0.0693  0.0686  0.0691  0.0721  0.0661  0.0695
  0.0670  0.0673  0.0667  0.0707  0.0650  0.0673
  0.0659  0.0667  0.0654  0.0685  0.0641  0.0655
  0.0667  0.0662  0.0663  0.0656  0.0643  0.0639
  0.0660  0.0663  0.0666  0.0642  0.0654  0.0628
  0.0686  0.0670  0.0669  0.0644  0.0666  0.0625
  0.0756  0.0686  0.0701  0.0651  0.0682  0.0629
niter,ni,del,rscale     6    3   12.0000    1.2000
parameters
   -0.7006    6.7924   15.9039    3.5124    0.0160    4.2735
eta,q 0.93865  9.48194
  0.0706  0.0682  0.0643  0.0696  0.0650  0.0671
  0.0659  0.0631  0.0625  0.0657  0.0635  0.0649
  0.0629  0.0611  0.0615  0.0615  0.0624  0.0632
  0.0625  0.0625  0.0619  0.0619  0.0620  0.0617
  0.0623  0.0642  0.0616  0.0641  0.0615  0.0612
  0.0643  0.0672  0.0608  0.0660  0.0617  0.0629
  0.0689  0.0710  0.0627  0.0681  0.0634  0.0656
niter,ni,del,rscale     5    3   12.0000    1.2000
parameters
   -0.5602    6.5332   15.8350    3.2067    0.0906    4.3152
eta,q 0.93942  9.47829
  0.0680  0.0674  0.0627  0.0687  0.0633  0.0663
  0.0633  0.0637  0.0618  0.0648  0.0621  0.0641
  0.0615  0.0601  0.0614  0.0605  0.0615  0.0621
  0.0613  0.0612  0.0610  0.0610  0.0606  0.0606
  0.0595  0.0628  0.0601  0.0638  0.0602  0.0610
  0.0623  0.0645  0.0608  0.0664  0.0614  0.0637
  0.0682  0.0677  0.0640  0.0686  0.0640  0.0667
niter,ni,del,rscale     4    3   12.0000    1.2000
parameters
   -0.5623    6.6021   15.8481    3.1260    0.1136    4.3186
eta,q 0.93946  9.48241
  0.0672  0.0676  0.0628  0.0691  0.0633  0.0662
  0.0625  0.0647  0.0617  0.0653  0.0621  0.0640
  0.0611  0.0603  0.0611  0.0609  0.0615  0.0621
  0.0606  0.0606  0.0607  0.0606  0.0606  0.0605
  0.0589  0.0625  0.0599  0.0634  0.0602  0.0610
  0.0622  0.0641  0.0606  0.0660  0.0614  0.0637
  0.0682  0.0668  0.0639  0.0683  0.0641  0.0667
niter,ni,del,rscale     3    3   12.0000    1.2000
parameters
   -0.5551    6.6416   15.8359    3.0998    0.1275    4.3253
eta,q 0.93945  9.48431
  0.0673  0.0675  0.0628  0.0691  0.0633  0.0662
  0.0626  0.0646  0.0617  0.0655  0.0621  0.0640
  0.0611  0.0602  0.0610  0.0610  0.0615  0.0621
  0.0605  0.0605  0.0606  0.0606  0.0606  0.0606
  0.0588  0.0625  0.0598  0.0633  0.0602  0.0610
  0.0622  0.0641  0.0606  0.0659  0.0615  0.0637
  0.0682  0.0668  0.0640  0.0683  0.0641  0.0667
registration optimization eta report
parameter search radius
    6.0000    6.0000    6.0000    6.9000    6.0000    6.9000
100000*second partial in parameter space
       22.       18.        9.       16.        9.       12.
  0.0673  0.0675  0.0628  0.0691  0.0633  0.0662
  0.0626  0.0646  0.0617  0.0655  0.0621  0.0640
  0.0611  0.0602  0.0610  0.0610  0.0615  0.0621
  0.0605  0.0605  0.0606  0.0606  0.0606  0.0606
  0.0588  0.0625  0.0598  0.0633  0.0602  0.0610
  0.0622  0.0641  0.0606  0.0659  0.0615  0.0637
  0.0682  0.0668  0.0640  0.0683  0.0641  0.0667
   -0.5551    6.6416   15.8359    3.0998    0.1275    4.3253
eta,q 0.93945  9.48431

---------------------------------------------------------------------
imgreg_4dfp /opt/freesurfer/average/711-2C_as_mni_average_305 /opt/freesurfer/average/711-2B_as_mni_average_305_mask talsrcimg_g11 none talsrcimg_to_711-2C_as_mni_average_305_t4 3335
---------------------------------------------------------------------

freesurfer imgreg_4dfp.c
/opt/freesurfer/average/711-2C_as_mni_average_305.4dfp.img
       256       256       256         1
  1.000000  1.000000  1.000000
orientation T byte_order littleendian
Reading image: /opt/freesurfer/average/711-2C_as_mni_average_305.4dfp.img
dimensions:      256       256       256
mmppix:       1.0000   -1.0000   -1.0000
center:     128.0000 -129.0000 -129.0000
/opt/freesurfer/average/711-2B_as_mni_average_305_mask.4dfp.img
       256       256       256         1
  1.000000  1.000000  1.000000
orientation T byte_order littleendian
Reading mask: /opt/freesurfer/average/711-2B_as_mni_average_305_mask.4dfp.img (2306576 pixels)
talsrcimg_g11.4dfp.img
       256       256       256         1
  1.000000  1.000000  1.000000
orientation T byte_order littleendian
Reading image: talsrcimg_g11.4dfp.img
dimensions:      256       256       256
mmppix:       1.0000   -1.0000   -1.0000
center:     128.0000 -129.0000 -129.0000
fimgreg.f
image alignment mode   3335 decimal      D07 hex
parameters
   -0.5551    6.6416   15.8359   -0.2851   -0.4316   -0.1466
   -7.5429    0.1862    7.5419   -5.4088    0.2226    5.4074
eta,q 0.94128  9.54938
niter,ni,del,rscale     5    3    5.0000    1.2000
parameter  3  0.670859 ->  0.500000 qaram    1.1500
parameter  4  9.098592 ->  0.500000 qaram    1.1500
parameter  5  5.735495 ->  0.500000 qaram    1.1500
parameter  6  2.869169 ->  0.500000 qaram    1.1500
parameter  9  0.712965 ->  0.500000 qaram    1.1500
parameter 12  1.086093 ->  0.500000 qaram    1.1500
parameters
   -1.1373    7.1069   14.4559   -4.4251   -4.5716   -4.2866
   -7.3747   -0.1865    3.4019   -7.7371   -1.5677    1.2674
eta,q 0.96319  8.79498
  0.0595  0.0600  0.0585  0.0447  0.0418  0.0346  0.0401  0.0413  0.0379  0.0386  0.0382  0.0367
  0.0590  0.0592  0.0583  0.0490  0.0444  0.0374  0.0392  0.0396  0.0378  0.0379  0.0377  0.0367
  0.0587  0.0588  0.0583  0.0537  0.0474  0.0411  0.0386  0.0386  0.0379  0.0376  0.0375  0.0370
  0.0587  0.0587  0.0586  0.0583  0.0503  0.0452  0.0384  0.0384  0.0384  0.0378  0.0376  0.0375
  0.0591  0.0587  0.0591  0.0631  0.0529  0.0502  0.0386  0.0388  0.0392  0.0386  0.0379  0.0381
  0.0600  0.0588  0.0597  0.0682  0.0561  0.0553  0.0391  0.0401  0.0402  0.0397  0.0385  0.0388
  0.0611  0.0592  0.0603  0.0734  0.0601  0.0607  0.0399  0.0419  0.0413  0.0412  0.0393  0.0396
niter,ni,del,rscale     7    3    5.0000    1.2000
parameter  4  1.873835 ->  0.500000 qaram    1.3225
parameter  5  2.021872 ->  0.500000 qaram    1.3225
parameter  6  0.637941 ->  0.500000 qaram    1.3225
parameters
   -1.1422    6.8148   15.0821   -9.1861   -9.3326   -9.0476
   -4.9318    0.5948    5.2268   -6.8850    0.3785    1.7438
eta,q 0.97873  8.57383
  0.0390  0.0381  0.0400  0.0267  0.0228  0.0231  0.0275  0.0277  0.0261  0.0263  0.0241  0.0243
  0.0378  0.0373  0.0385  0.0283  0.0239  0.0224  0.0252  0.0250  0.0241  0.0241  0.0229  0.0228
  0.0370  0.0368  0.0373  0.0316  0.0264  0.0225  0.0235  0.0230  0.0226  0.0223  0.0220  0.0217
  0.0368  0.0368  0.0368  0.0366  0.0290  0.0245  0.0223  0.0218  0.0217  0.0215  0.0214  0.0213
  0.0370  0.0372  0.0367  0.0423  0.0321  0.0290  0.0218  0.0218  0.0215  0.0217  0.0213  0.0215
  0.0378  0.0379  0.0371  0.0480  0.0358  0.0344  0.0222  0.0233  0.0221  0.0227  0.0216  0.0223
  0.0391  0.0389  0.0380  0.0539  0.0394  0.0402  0.0234  0.0259  0.0235  0.0246  0.0223  0.0237
niter,ni,del,rscale     7    3    5.0000    1.2000
parameters
   -1.3924    6.4594   15.0498  -13.1393  -10.4615   -9.8564
   -5.3609    0.0664    6.4203   -7.4117    0.8462    2.3552
eta,q 0.97960  8.50099
  0.0243  0.0232  0.0236  0.0226  0.0258  0.0248  0.0233  0.0239  0.0240  0.0237  0.0216  0.0232
  0.0224  0.0219  0.0223  0.0213  0.0231  0.0232  0.0218  0.0220  0.0224  0.0217  0.0210  0.0217
  0.0214  0.0212  0.0214  0.0203  0.0208  0.0217  0.0208  0.0209  0.0212  0.0205  0.0206  0.0208
  0.0213  0.0212  0.0211  0.0211  0.0204  0.0202  0.0206  0.0206  0.0206  0.0205  0.0204  0.0204
  0.0220  0.0219  0.0215  0.0246  0.0223  0.0199  0.0211  0.0212  0.0206  0.0213  0.0205  0.0206
  0.0235  0.0231  0.0224  0.0300  0.0252  0.0231  0.0223  0.0227  0.0213  0.0226  0.0208  0.0213
  0.0258  0.0247  0.0237  0.0363  0.0289  0.0291  0.0240  0.0252  0.0226  0.0245  0.0214  0.0224
niter,ni,del,rscale     6    3    5.0000    1.2000
parameters
   -1.3134    6.4683   14.7342  -13.9521  -10.3459  -10.1205
   -5.8581    0.0463    6.6532   -7.5419    0.9388    2.3189
eta,q 0.97927  8.47817
  0.0234  0.0233  0.0219  0.0242  0.0273  0.0250  0.0233  0.0244  0.0235  0.0243  0.0217  0.0231
  0.0218  0.0217  0.0209  0.0229  0.0247  0.0234  0.0219  0.0224  0.0222  0.0222  0.0211  0.0218
  0.0208  0.0207  0.0204  0.0217  0.0220  0.0221  0.0210  0.0212  0.0212  0.0209  0.0208  0.0210
  0.0204  0.0204  0.0204  0.0204  0.0206  0.0207  0.0208  0.0207  0.0207  0.0207  0.0207  0.0207
  0.0206  0.0207  0.0208  0.0204  0.0217  0.0198  0.0213  0.0211  0.0210  0.0214  0.0208  0.0210
  0.0215  0.0217  0.0215  0.0229  0.0240  0.0221  0.0224  0.0224  0.0218  0.0226  0.0211  0.0218
  0.0231  0.0232  0.0227  0.0277  0.0274  0.0276  0.0241  0.0246  0.0234  0.0243  0.0216  0.0231
niter,ni,del,rscale     5    3    5.0000    1.2000
parameters
   -1.2845    6.4658   14.6715  -14.0689  -10.2465  -10.1875
   -5.9783    0.0571    6.6799   -7.5350    0.9651    2.2764
eta,q 0.97921  8.47506
  0.0234  0.0235  0.0224  0.0246  0.0274  0.0251  0.0236  0.0245  0.0235  0.0245  0.0217  0.0231
  0.0220  0.0220  0.0214  0.0233  0.0248  0.0235  0.0221  0.0225  0.0221  0.0224  0.0212  0.0218
  0.0211  0.0210  0.0209  0.0220  0.0221  0.0222  0.0211  0.0212  0.0212  0.0210  0.0209  0.0210
  0.0207  0.0207  0.0207  0.0207  0.0208  0.0208  0.0208  0.0208  0.0208  0.0208  0.0208  0.0208
  0.0209  0.0211  0.0210  0.0202  0.0218  0.0199  0.0212  0.0211  0.0211  0.0214  0.0209  0.0211
  0.0218  0.0221  0.0216  0.0221  0.0242  0.0218  0.0222  0.0224  0.0220  0.0225  0.0212  0.0219
  0.0233  0.0235  0.0225  0.0264  0.0275  0.0272  0.0238  0.0246  0.0236  0.0243  0.0217  0.0231
niter,ni,del,rscale     4    3    5.0000    1.2000
parameters
   -1.2795    6.4683   14.6535  -14.1016  -10.2124  -10.2016
   -5.9889    0.0556    6.6805   -7.5170    0.9724    2.2507
eta,q 0.97919  8.47429
  0.0234  0.0236  0.0225  0.0247  0.0274  0.0251  0.0237  0.0245  0.0235  0.0245  0.0217  0.0231
  0.0220  0.0221  0.0215  0.0233  0.0247  0.0236  0.0222  0.0225  0.0221  0.0224  0.0212  0.0219
  0.0211  0.0211  0.0210  0.0221  0.0221  0.0222  0.0212  0.0212  0.0212  0.0211  0.0209  0.0211
  0.0208  0.0208  0.0208  0.0208  0.0208  0.0208  0.0208  0.0208  0.0208  0.0208  0.0208  0.0208
  0.0210  0.0211  0.0210  0.0202  0.0219  0.0199  0.0212  0.0211  0.0211  0.0214  0.0209  0.0211
  0.0219  0.0221  0.0216  0.0220  0.0243  0.0218  0.0222  0.0224  0.0220  0.0226  0.0212  0.0219
  0.0234  0.0236  0.0225  0.0263  0.0276  0.0271  0.0237  0.0246  0.0236  0.0243  0.0217  0.0231
registration optimization eta report
parameter search radius
    2.4000    2.4000    2.7600    9.5220    9.5220    9.5220
    7.2000    7.2000    8.2800    7.2000    7.2000    8.2800
100000*second partial in parameter space
       45.       48.       23.        5.        7.        6.
        6.        7.        4.        7.        2.        3.
  0.0234  0.0236  0.0225  0.0247  0.0274  0.0251  0.0237  0.0245  0.0235  0.0245  0.0217  0.0231
  0.0220  0.0221  0.0215  0.0233  0.0247  0.0236  0.0222  0.0225  0.0221  0.0224  0.0212  0.0219
  0.0211  0.0211  0.0210  0.0221  0.0221  0.0222  0.0212  0.0212  0.0212  0.0211  0.0209  0.0211
  0.0208  0.0208  0.0208  0.0208  0.0208  0.0208  0.0208  0.0208  0.0208  0.0208  0.0208  0.0208
  0.0210  0.0211  0.0210  0.0202  0.0219  0.0199  0.0212  0.0211  0.0211  0.0214  0.0209  0.0211
  0.0219  0.0221  0.0216  0.0220  0.0243  0.0218  0.0222  0.0224  0.0220  0.0226  0.0212  0.0219
  0.0234  0.0236  0.0225  0.0263  0.0276  0.0271  0.0237  0.0246  0.0236  0.0243  0.0217  0.0231
   -1.2795    6.4683   14.6535  -14.1016  -10.2124  -10.2016
   -5.9889    0.0556    6.6805   -7.5170    0.9724    2.2507
eta,q 0.97919  8.47429

---------------------------------------------------------------------
imgreg_4dfp /opt/freesurfer/average/711-2C_as_mni_average_305 /opt/freesurfer/average/711-2B_as_mni_average_305_mask talsrcimg_g11 none talsrcimg_to_711-2C_as_mni_average_305_t4 2311
---------------------------------------------------------------------

freesurfer imgreg_4dfp.c
/opt/freesurfer/average/711-2C_as_mni_average_305.4dfp.img
       256       256       256         1
  1.000000  1.000000  1.000000
orientation T byte_order littleendian
Reading image: /opt/freesurfer/average/711-2C_as_mni_average_305.4dfp.img
dimensions:      256       256       256
mmppix:       1.0000   -1.0000   -1.0000
center:     128.0000 -129.0000 -129.0000
/opt/freesurfer/average/711-2B_as_mni_average_305_mask.4dfp.img
       256       256       256         1
  1.000000  1.000000  1.000000
orientation T byte_order littleendian
Reading mask: /opt/freesurfer/average/711-2B_as_mni_average_305_mask.4dfp.img (2306576 pixels)
talsrcimg_g11.4dfp.img
       256       256       256         1
  1.000000  1.000000  1.000000
orientation T byte_order littleendian
Reading image: talsrcimg_g11.4dfp.img
dimensions:      256       256       256
mmppix:       1.0000   -1.0000   -1.0000
center:     128.0000 -129.0000 -129.0000
fimgreg.f
image alignment mode   2311 decimal      907 hex
parameters
   -1.2795    6.4683   14.6535  -14.1016  -10.2124  -10.2016
   -5.9889    0.0556    6.6805   -7.5170    0.9724    2.2507
eta,q 0.97919  8.47429
niter,ni,del,rscale     5    3    5.0000    0.8000
parameter  4 -0.555985 -> -0.500000 qaram    1.1500
parameters
   -1.2447    6.4589   14.6124  -11.3416  -10.7181   -7.9714
   -6.0918    0.2112    6.4969   -7.6868    0.8146    1.9610
eta,q 0.98045  8.55836
  0.0220  0.0221  0.0214  0.0228  0.0223  0.0223  0.0212  0.0226  0.0207  0.0218  0.0204  0.0206
  0.0214  0.0214  0.0210  0.0221  0.0211  0.0216  0.0203  0.0211  0.0201  0.0205  0.0200  0.0200
  0.0210  0.0210  0.0209  0.0215  0.0203  0.0208  0.0198  0.0200  0.0197  0.0198  0.0196  0.0197
  0.0208  0.0208  0.0208  0.0208  0.0202  0.0202  0.0196  0.0196  0.0196  0.0196  0.0196  0.0196
  0.0209  0.0210  0.0209  0.0203  0.0208  0.0197  0.0198  0.0198  0.0197  0.0200  0.0197  0.0197
  0.0213  0.0214  0.0211  0.0203  0.0219  0.0196  0.0204  0.0208  0.0202  0.0208  0.0200  0.0202
  0.0219  0.0221  0.0214  0.0209  0.0232  0.0204  0.0214  0.0223  0.0209  0.0220  0.0206  0.0209
niter,ni,del,rscale     5    3    5.0000    0.8000
parameters
   -1.3825    6.4023   15.0405  -12.4094  -10.9736   -7.9300
   -5.9521    0.0834    6.6505   -7.6628    0.7023    2.1999
eta,q 0.98056  8.54631
  0.0210  0.0210  0.0211  0.0213  0.0220  0.0216  0.0212  0.0220  0.0207  0.0218  0.0203  0.0207
  0.0201  0.0201  0.0203  0.0204  0.0206  0.0208  0.0203  0.0206  0.0201  0.0205  0.0198  0.0201
  0.0196  0.0197  0.0198  0.0197  0.0197  0.0200  0.0197  0.0197  0.0196  0.0197  0.0195  0.0196
  0.0195  0.0195  0.0195  0.0195  0.0195  0.0195  0.0195  0.0195  0.0195  0.0195  0.0195  0.0195
  0.0199  0.0198  0.0195  0.0202  0.0200  0.0194  0.0196  0.0198  0.0196  0.0198  0.0196  0.0195
  0.0205  0.0203  0.0196  0.0217  0.0211  0.0202  0.0202  0.0208  0.0200  0.0205  0.0199  0.0199
  0.0216  0.0212  0.0200  0.0241  0.0224  0.0221  0.0210  0.0223  0.0206  0.0216  0.0203  0.0205
niter,ni,del,rscale     4    3    5.0000    0.7000
parameters
   -1.3627    6.4042   14.9575  -12.3563  -11.0594   -7.7823
   -5.9979    0.1436    6.7032   -7.7822    0.6592    2.2383
eta,q 0.98060  8.54779
  0.0207  0.0206  0.0201  0.0215  0.0216  0.0212  0.0207  0.0216  0.0204  0.0211  0.0201  0.0203
  0.0200  0.0200  0.0197  0.0207  0.0205  0.0205  0.0200  0.0205  0.0199  0.0201  0.0197  0.0198
  0.0196  0.0196  0.0195  0.0199  0.0197  0.0199  0.0195  0.0197  0.0195  0.0195  0.0195  0.0195
  0.0194  0.0194  0.0194  0.0194  0.0194  0.0194  0.0194  0.0194  0.0194  0.0194  0.0194  0.0194
  0.0196  0.0196  0.0196  0.0195  0.0198  0.0194  0.0196  0.0196  0.0195  0.0197  0.0195  0.0195
  0.0200  0.0200  0.0198  0.0203  0.0206  0.0199  0.0200  0.0204  0.0198  0.0203  0.0197  0.0198
  0.0207  0.0206  0.0203  0.0217  0.0217  0.0214  0.0207  0.0215  0.0203  0.0212  0.0201  0.0203
niter,ni,del,rscale     3    3    5.0000    0.6000
parameters
   -1.3567    6.3890   14.9700  -12.2196  -11.1538   -7.5867
   -6.0280    0.1742    6.7026   -7.8557    0.6240    2.2474
eta,q 0.98065  8.55124
  0.0203  0.0203  0.0200  0.0211  0.0210  0.0208  0.0203  0.0211  0.0201  0.0207  0.0199  0.0200
  0.0198  0.0198  0.0196  0.0204  0.0202  0.0202  0.0198  0.0202  0.0197  0.0199  0.0196  0.0197
  0.0195  0.0195  0.0195  0.0198  0.0196  0.0197  0.0195  0.0196  0.0194  0.0195  0.0194  0.0194
  0.0194  0.0194  0.0194  0.0194  0.0194  0.0194  0.0194  0.0193  0.0193  0.0193  0.0193  0.0193
  0.0195  0.0195  0.0195  0.0195  0.0196  0.0193  0.0195  0.0195  0.0194  0.0195  0.0194  0.0194
  0.0198  0.0198  0.0196  0.0200  0.0203  0.0197  0.0198  0.0201  0.0197  0.0200  0.0196  0.0197
  0.0203  0.0203  0.0199  0.0211  0.0212  0.0208  0.0203  0.0210  0.0201  0.0208  0.0199  0.0200
niter,ni,del,rscale     2    3    5.0000    0.5000
parameters
   -1.3614    6.3777   14.9910  -12.1170  -11.2445   -7.4043
   -6.0269    0.1883    6.6861   -7.9116    0.5928    2.2463
eta,q 0.98069  8.55400
  0.0200  0.0200  0.0198  0.0206  0.0205  0.0204  0.0200  0.0206  0.0198  0.0203  0.0197  0.0198
  0.0196  0.0196  0.0195  0.0201  0.0199  0.0200  0.0196  0.0199  0.0195  0.0197  0.0195  0.0195
  0.0194  0.0194  0.0194  0.0196  0.0195  0.0196  0.0194  0.0195  0.0194  0.0194  0.0194  0.0194
  0.0193  0.0193  0.0193  0.0193  0.0193  0.0193  0.0193  0.0193  0.0193  0.0193  0.0193  0.0193
  0.0194  0.0194  0.0194  0.0194  0.0195  0.0193  0.0194  0.0195  0.0194  0.0195  0.0194  0.0194
  0.0196  0.0196  0.0195  0.0198  0.0200  0.0196  0.0196  0.0199  0.0195  0.0198  0.0195  0.0195
  0.0200  0.0200  0.0197  0.0206  0.0207  0.0203  0.0200  0.0205  0.0198  0.0203  0.0197  0.0198
niter,ni,del,rscale     1    3    5.0000    0.4000
parameters
   -1.3716    6.3707   15.0078  -12.0419  -11.3186   -7.2477
   -6.0264    0.1916    6.6842   -7.9527    0.5672    2.2327
eta,q 0.98071  8.55607
  0.0197  0.0197  0.0196  0.0202  0.0201  0.0201  0.0198  0.0201  0.0196  0.0199  0.0195  0.0196
  0.0195  0.0195  0.0194  0.0198  0.0197  0.0197  0.0195  0.0197  0.0194  0.0196  0.0194  0.0194
  0.0194  0.0194  0.0193  0.0195  0.0194  0.0195  0.0193  0.0194  0.0193  0.0194  0.0193  0.0193
  0.0193  0.0193  0.0193  0.0193  0.0193  0.0193  0.0193  0.0193  0.0193  0.0193  0.0193  0.0193
  0.0194  0.0194  0.0193  0.0194  0.0194  0.0193  0.0193  0.0194  0.0193  0.0194  0.0193  0.0193
  0.0195  0.0195  0.0194  0.0197  0.0197  0.0195  0.0195  0.0197  0.0194  0.0196  0.0194  0.0194
  0.0198  0.0197  0.0196  0.0202  0.0202  0.0200  0.0197  0.0201  0.0196  0.0200  0.0196  0.0196
registration optimization eta report
parameter search radius
    0.8000    0.8000    0.8000    2.7600    2.4000    2.4000
    2.4000    2.4000    2.4000    2.4000    2.4000    2.4000
100000*second partial in parameter space
       68.       63.       41.       11.       15.       12.
        8.       14.        6.       11.        4.        5.
  0.0197  0.0197  0.0196  0.0202  0.0201  0.0201  0.0198  0.0201  0.0196  0.0199  0.0195  0.0196
  0.0195  0.0195  0.0194  0.0198  0.0197  0.0197  0.0195  0.0197  0.0194  0.0196  0.0194  0.0194
  0.0194  0.0194  0.0193  0.0195  0.0194  0.0195  0.0193  0.0194  0.0193  0.0194  0.0193  0.0193
  0.0193  0.0193  0.0193  0.0193  0.0193  0.0193  0.0193  0.0193  0.0193  0.0193  0.0193  0.0193
  0.0194  0.0194  0.0193  0.0194  0.0194  0.0193  0.0193  0.0194  0.0193  0.0194  0.0193  0.0193
  0.0195  0.0195  0.0194  0.0197  0.0197  0.0195  0.0195  0.0197  0.0194  0.0196  0.0194  0.0194
  0.0198  0.0197  0.0196  0.0202  0.0202  0.0200  0.0197  0.0201  0.0196  0.0200  0.0196  0.0196
   -1.3716    6.3707   15.0078  -12.0419  -11.3186   -7.2477
   -6.0264    0.1916    6.6842   -7.9527    0.5672    2.2327
eta,q 0.98071  8.55607

---------------------------------------------------------------------
imgreg_4dfp /opt/freesurfer/average/711-2C_as_mni_average_305 /opt/freesurfer/average/711-2B_as_mni_average_305_mask talsrcimg_g11 none talsrcimg_to_711-2C_as_mni_average_305_t4 2311
---------------------------------------------------------------------

freesurfer imgreg_4dfp.c
/opt/freesurfer/average/711-2C_as_mni_average_305.4dfp.img
       256       256       256         1
  1.000000  1.000000  1.000000
orientation T byte_order littleendian
Reading image: /opt/freesurfer/average/711-2C_as_mni_average_305.4dfp.img
dimensions:      256       256       256
mmppix:       1.0000   -1.0000   -1.0000
center:     128.0000 -129.0000 -129.0000
/opt/freesurfer/average/711-2B_as_mni_average_305_mask.4dfp.img
       256       256       256         1
  1.000000  1.000000  1.000000
orientation T byte_order littleendian
Reading mask: /opt/freesurfer/average/711-2B_as_mni_average_305_mask.4dfp.img (2306576 pixels)
talsrcimg_g11.4dfp.img
       256       256       256         1
  1.000000  1.000000  1.000000
orientation T byte_order littleendian
Reading image: talsrcimg_g11.4dfp.img
dimensions:      256       256       256
mmppix:       1.0000   -1.0000   -1.0000
center:     128.0000 -129.0000 -129.0000
fimgreg.f
image alignment mode   2311 decimal      907 hex
parameters
   -1.3716    6.3707   15.0078  -12.0419  -11.3186   -7.2477
   -6.0264    0.1916    6.6842   -7.9527    0.5672    2.2327
eta,q 0.98071  8.55607
niter,ni,del,rscale     5    3    5.0000    0.8000
parameters
   -1.3780    6.3812   15.0598  -12.3861  -11.2884   -7.8000
   -6.0313    0.1434    6.7523   -7.8022    0.6181    2.3242
eta,q 0.98060  8.54561
  0.0210  0.0209  0.0204  0.0212  0.0222  0.0212  0.0211  0.0220  0.0207  0.0218  0.0203  0.0206
  0.0201  0.0200  0.0198  0.0204  0.0208  0.0204  0.0202  0.0207  0.0200  0.0205  0.0198  0.0200
  0.0195  0.0195  0.0194  0.0197  0.0197  0.0197  0.0196  0.0197  0.0196  0.0197  0.0195  0.0196
  0.0193  0.0193  0.0193  0.0193  0.0193  0.0193  0.0194  0.0194  0.0194  0.0194  0.0194  0.0194
  0.0195  0.0195  0.0194  0.0196  0.0197  0.0195  0.0196  0.0198  0.0195  0.0197  0.0195  0.0195
  0.0201  0.0200  0.0197  0.0206  0.0207  0.0208  0.0202  0.0207  0.0199  0.0204  0.0198  0.0199
  0.0210  0.0208  0.0203  0.0221  0.0221  0.0232  0.0211  0.0222  0.0206  0.0215  0.0203  0.0205
niter,ni,del,rscale     4    3    5.0000    0.7000
parameters
   -1.3585    6.4020   14.9788  -12.1532  -11.1914   -7.8141
   -6.0662    0.1772    6.7381   -7.8414    0.6225    2.3089
eta,q 0.98062  8.54924
  0.0207  0.0206  0.0201  0.0212  0.0217  0.0211  0.0207  0.0216  0.0203  0.0212  0.0201  0.0203
  0.0200  0.0200  0.0197  0.0205  0.0206  0.0204  0.0200  0.0204  0.0198  0.0202  0.0197  0.0198
  0.0196  0.0195  0.0195  0.0198  0.0197  0.0198  0.0195  0.0197  0.0195  0.0195  0.0195  0.0195
  0.0194  0.0194  0.0194  0.0194  0.0194  0.0194  0.0194  0.0194  0.0194  0.0194  0.0194  0.0194
  0.0195  0.0195  0.0195  0.0194  0.0196  0.0194  0.0195  0.0196  0.0195  0.0196  0.0195  0.0195
  0.0199  0.0199  0.0198  0.0200  0.0204  0.0200  0.0200  0.0204  0.0198  0.0203  0.0197  0.0198
  0.0206  0.0205  0.0202  0.0210  0.0215  0.0216  0.0207  0.0215  0.0203  0.0212  0.0201  0.0203
niter,ni,del,rscale     3    3    5.0000    0.6000
parameters
   -1.3640    6.3879   14.9929  -12.0563  -11.2001   -7.6242
   -6.0601    0.1864    6.7080   -7.8858    0.6021    2.2872
eta,q 0.98066  8.55267
  0.0203  0.0202  0.0199  0.0207  0.0211  0.0208  0.0203  0.0210  0.0200  0.0207  0.0199  0.0200
  0.0198  0.0198  0.0196  0.0202  0.0202  0.0202  0.0198  0.0201  0.0197  0.0199  0.0196  0.0196
  0.0195  0.0195  0.0194  0.0197  0.0196  0.0197  0.0194  0.0196  0.0194  0.0195  0.0194  0.0194
  0.0194  0.0194  0.0194  0.0194  0.0194  0.0194  0.0193  0.0193  0.0193  0.0193  0.0193  0.0193
  0.0195  0.0195  0.0194  0.0194  0.0196  0.0193  0.0195  0.0195  0.0194  0.0195  0.0194  0.0194
  0.0198  0.0198  0.0196  0.0199  0.0202  0.0197  0.0198  0.0201  0.0197  0.0200  0.0196  0.0196
  0.0203  0.0203  0.0199  0.0207  0.0211  0.0208  0.0203  0.0210  0.0201  0.0207  0.0199  0.0200
niter,ni,del,rscale     2    3    5.0000    0.5000
parameters
   -1.3712    6.3760   15.0067  -12.0109  -11.2631   -7.4248
   -6.0400    0.1909    6.6885   -7.9315    0.5782    2.2702
eta,q 0.98069  8.55504
  0.0200  0.0199  0.0197  0.0203  0.0206  0.0204  0.0200  0.0206  0.0198  0.0203  0.0197  0.0198
  0.0196  0.0196  0.0195  0.0199  0.0199  0.0200  0.0196  0.0199  0.0195  0.0197  0.0195  0.0195
  0.0194  0.0194  0.0194  0.0195  0.0195  0.0196  0.0194  0.0195  0.0194  0.0194  0.0193  0.0194
  0.0193  0.0193  0.0193  0.0193  0.0193  0.0193  0.0193  0.0193  0.0193  0.0193  0.0193  0.0193
  0.0194  0.0194  0.0194  0.0194  0.0195  0.0193  0.0194  0.0195  0.0194  0.0194  0.0194  0.0194
  0.0196  0.0196  0.0195  0.0198  0.0200  0.0196  0.0196  0.0199  0.0195  0.0198  0.0195  0.0195
  0.0200  0.0200  0.0197  0.0204  0.0207  0.0203  0.0200  0.0206  0.0198  0.0203  0.0197  0.0198
niter,ni,del,rscale     1    3    5.0000    0.4000
parameters
   -1.3760    6.3662   15.0230  -11.9763  -11.3275   -7.2620
   -6.0335    0.1888    6.6703   -7.9647    0.5576    2.2582
eta,q 0.98070  8.55676
  0.0197  0.0197  0.0196  0.0200  0.0201  0.0200  0.0198  0.0201  0.0196  0.0199  0.0195  0.0196
  0.0195  0.0195  0.0194  0.0197  0.0197  0.0197  0.0195  0.0197  0.0194  0.0196  0.0194  0.0194
  0.0194  0.0193  0.0193  0.0194  0.0194  0.0195  0.0193  0.0194  0.0193  0.0194  0.0193  0.0193
  0.0193  0.0193  0.0193  0.0193  0.0193  0.0193  0.0193  0.0193  0.0193  0.0193  0.0193  0.0193
  0.0194  0.0194  0.0193  0.0194  0.0194  0.0193  0.0193  0.0194  0.0193  0.0194  0.0193  0.0193
  0.0195  0.0195  0.0194  0.0196  0.0197  0.0195  0.0195  0.0197  0.0194  0.0196  0.0194  0.0194
  0.0198  0.0197  0.0196  0.0200  0.0202  0.0200  0.0197  0.0201  0.0196  0.0200  0.0196  0.0196
registration optimization eta report
parameter search radius
    0.8000    0.8000    0.8000    2.4000    2.4000    2.4000
    2.4000    2.4000    2.4000    2.4000    2.4000    2.4000
100000*second partial in parameter space
       69.       63.       41.       12.       15.       12.
        8.       14.        6.       11.        4.        5.
  0.0197  0.0197  0.0196  0.0200  0.0201  0.0200  0.0198  0.0201  0.0196  0.0199  0.0195  0.0196
  0.0195  0.0195  0.0194  0.0197  0.0197  0.0197  0.0195  0.0197  0.0194  0.0196  0.0194  0.0194
  0.0194  0.0193  0.0193  0.0194  0.0194  0.0195  0.0193  0.0194  0.0193  0.0194  0.0193  0.0193
  0.0193  0.0193  0.0193  0.0193  0.0193  0.0193  0.0193  0.0193  0.0193  0.0193  0.0193  0.0193
  0.0194  0.0194  0.0193  0.0194  0.0194  0.0193  0.0193  0.0194  0.0193  0.0194  0.0193  0.0193
  0.0195  0.0195  0.0194  0.0196  0.0197  0.0195  0.0195  0.0197  0.0194  0.0196  0.0194  0.0194
  0.0198  0.0197  0.0196  0.0200  0.0202  0.0200  0.0197  0.0201  0.0196  0.0200  0.0196  0.0196
   -1.3760    6.3662   15.0230  -11.9763  -11.3275   -7.2620
   -6.0335    0.1888    6.6703   -7.9647    0.5576    2.2582
eta,q 0.98070  8.55676

---------------------------------------------------------------------
compute_vox2vox talsrcimg talsrcimg_to_711-2C_as_mni_average_305_t4 /opt/freesurfer/average/711-2C_as_mni_average_305
---------------------------------------------------------------------

freesurfer compute_vox2vox.c
Reading: talsrcimg.4dfp.ifh
Reading: talsrcimg_to_711-2C_as_mni_average_305_t4
Reading: /opt/freesurfer/average/711-2C_as_mni_average_305.4dfp.ifh
Writing: talsrcimg_to_711-2C_as_mni_average_305_t4_vox2vox.txt

start time Fri Mar 13 04:14:58 CET 2026
end		time Fri Mar 13 04:16:24 CET 2026

mpr2mni305 success

avi2talxfm orig_nu.mgz /opt/freesurfer/average/mni305.cor.mgz talsrcimg_to_711-2C_as_mni_average_305_t4_vox2vox.txt transforms/talairach.auto.xfm
avi2talxfm done
mv -f /out/sourcedata/freesurfer/sub-v2s4x29596_ses-1/mri/talsrcimg_to_711-2C_as_mni_average_305_t4_vox2vox.txt /out/sourcedata/freesurfer/sub-v2s4x29596_ses-1/mri/transforms/talsrcimg_to_711-2C_as_mni_average_305_t4_vox2vox.txt
lta_convert --src orig_nu.mgz --trg /opt/freesurfer/average/mni305.cor.mgz --inxfm transforms/talairach.auto.xfm --outlta transforms/talairach.auto.xfm.lta --subject fsaverage
7.3.2

--src: orig_nu.mgz src image (geometry).
--trg: /opt/freesurfer/average/mni305.cor.mgz trg image (geometry).
--inmni: transforms/talairach.auto.xfm input MNI/XFM transform.
--outlta: transforms/talairach.auto.xfm.lta output LTA.
--s: fsaverage subject name
 LTA read, type : 1
 1.13021   0.00429   0.07679  -1.18103;
-0.00471   1.07594  -0.02772  -7.67396;
-0.08544   0.09632   1.11948  -42.19759;
 0.00000   0.00000   0.00000   1.00000;
setting subject to fsaverage
Writing  LTA to file transforms/talairach.auto.xfm.lta...
lta_convert successful.
 
 
Started at Fri Mar 13 04:14:58 CET 2026
Ended   at Fri Mar 13 04:16:24 CET 2026
talairach_avi done
