status file for recon-all
Fri Mar 13 04:36:16 CET 2026
#@# MotionCor Fri Mar 13 04:36:18 CET 2026
#@# Talairach Fri Mar 13 04:36:26 CET 2026
#@# Talairach Failure Detection Fri Mar 13 04:40:52 CET 2026
#@# Nu Intensity Correction Fri Mar 13 04:40:52 CET 2026
#@# Intensity Normalization Fri Mar 13 04:44:07 CET 2026
recon-all -s sub-v2s4x29605_ses-1 finished without error at Fri Mar 13 04:45:43 CET 2026



#New# invocation of recon-all 



status file for recon-all
Fri Mar 13 04:52:50 CET 2026
#@# EM Registration Fri Mar 13 04:52:50 CET 2026
recon-all -s sub-v2s4x29605_ses-1 finished without error at Fri Mar 13 04:55:03 CET 2026



#New# invocation of recon-all 



status file for recon-all
Fri Mar 13 04:55:04 CET 2026
#@# CA Normalize Fri Mar 13 04:55:04 CET 2026
#@# CA Reg Fri Mar 13 04:56:25 CET 2026
#@# SubCort Seg Fri Mar 13 05:43:37 CET 2026
#@# CC Seg Fri Mar 13 06:21:24 CET 2026
#@# Merge ASeg Fri Mar 13 06:22:12 CET 2026
#@# Intensity Normalization2 Fri Mar 13 06:22:12 CET 2026
#@# Mask BFS Fri Mar 13 06:24:33 CET 2026
#@# WM Segmentation Fri Mar 13 06:24:34 CET 2026
#@# Fill Fri Mar 13 06:26:40 CET 2026
recon-all -s sub-v2s4x29605_ses-1 finished without error at Fri Mar 13 06:27:44 CET 2026



#New# invocation of recon-all 



status file for recon-all
Fri Mar 13 07:16:30 CET 2026
#@# white curv lh Fri Mar 13 07:16:30 CET 2026
#@# white area lh Fri Mar 13 07:16:30 CET 2026
#@# pial curv lh Fri Mar 13 07:16:30 CET 2026
#@# pial area lh Fri Mar 13 07:16:30 CET 2026
#@# thickness lh Fri Mar 13 07:16:30 CET 2026
#@# area and vertex vol lh Fri Mar 13 07:16:30 CET 2026
#@# white curv rh Fri Mar 13 07:16:30 CET 2026
#@# white area rh Fri Mar 13 07:16:30 CET 2026
#@# pial curv rh Fri Mar 13 07:16:30 CET 2026
#@# pial area rh Fri Mar 13 07:16:31 CET 2026
#@# thickness rh Fri Mar 13 07:16:31 CET 2026
#@# area and vertex vol rh Fri Mar 13 07:16:31 CET 2026
#@# Cortical ribbon mask Fri Mar 13 07:16:31 CET 2026
recon-all -s sub-v2s4x29605_ses-1 finished without error at Fri Mar 13 07:22:58 CET 2026



#New# invocation of recon-all 



status file for recon-all
Fri Mar 13 07:30:25 CET 2026
#@# white curv lh Fri Mar 13 07:30:25 CET 2026
#@# white area lh Fri Mar 13 07:30:25 CET 2026
#@# pial curv lh Fri Mar 13 07:30:25 CET 2026
#@# pial area lh Fri Mar 13 07:30:25 CET 2026
#@# thickness lh Fri Mar 13 07:30:25 CET 2026
#@# area and vertex vol lh Fri Mar 13 07:30:25 CET 2026
#@# white curv rh Fri Mar 13 07:30:25 CET 2026
#@# white area rh Fri Mar 13 07:30:25 CET 2026
#@# pial curv rh Fri Mar 13 07:30:25 CET 2026
#@# pial area rh Fri Mar 13 07:30:25 CET 2026
#@# thickness rh Fri Mar 13 07:30:25 CET 2026
#@# area and vertex vol rh Fri Mar 13 07:30:25 CET 2026
#@# Curvature Stats lh Fri Mar 13 07:30:25 CET 2026
#@# Curvature Stats rh Fri Mar 13 07:30:28 CET 2026
#@# Relabel Hypointensities Fri Mar 13 07:30:30 CET 2026
#@# APas-to-ASeg Fri Mar 13 07:30:46 CET 2026
#@# AParc-to-ASeg aparc Fri Mar 13 07:30:56 CET 2026
#@# AParc-to-ASeg aparc.a2009s Fri Mar 13 07:31:30 CET 2026
#@# AParc-to-ASeg aparc.DKTatlas Fri Mar 13 07:32:09 CET 2026
#@# WMParc Fri Mar 13 07:32:46 CET 2026
#@# ASeg Stats Fri Mar 13 07:36:51 CET 2026
recon-all -s sub-v2s4x29605_ses-1 finished without error at Fri Mar 13 07:37:35 CET 2026
